c[?7l[2J[0mSeaBIOS (version rel-1.16.0-0-gd239552ce722-prebuilt.qemu.org)


iPXE (http://ipxe.org) 00:03.0 CA00 PCI2.10 PnP PMM+7FF91000+7FEF1000 CA00
Press Ctrl-B to configure iPXE (PCI 00:03.0)...                                                                               


Booting from ROM...
c[?7l[2J[    0.000000] Linux version 5.16.0-d9b5941bb593+ (root@p-rplp02) (gcc (GCC) 8.5.0 20210514 (Red Hat 8.5.0-18), GNU ld version 2.36.1-2.el8) #1 SMP PREEMPT Tue Mar 21 02:45:12 CST 2023
[    0.000000] Command line: console=ttyS0 root=/dev/sda earlyprintk=serial net.ifnames=0
[    0.000000] KERNEL supported cpus:
[    0.000000]   Intel GenuineIntel
[    0.000000]   AMD AuthenticAMD
[    0.000000]   Hygon HygonGenuine
[    0.000000]   Centaur CentaurHauls
[    0.000000]   zhaoxin   Shanghai  
[    0.000000] x86/fpu: Supporting XSAVE feature 0x001: 'x87 floating point registers'
[    0.000000] x86/fpu: Supporting XSAVE feature 0x002: 'SSE registers'
[    0.000000] x86/fpu: Supporting XSAVE feature 0x004: 'AVX registers'
[    0.000000] x86/fpu: Supporting XSAVE feature 0x200: 'Protection Keys User registers'
[    0.000000] x86/fpu: xstate_offset[2]:  576, xstate_sizes[2]:  256
[    0.000000] x86/fpu: xstate_offset[9]:  832, xstate_sizes[9]:    8
[    0.000000] x86/fpu: Enabled xstate features 0x207, context size is 840 bytes, using 'compacted' format.
[    0.000000] signal: max sigframe size: 3632
[    0.000000] BIOS-provided physical RAM map:
[    0.000000] BIOS-e820: [mem 0x0000000000000000-0x000000000009fbff] usable
[    0.000000] BIOS-e820: [mem 0x000000000009fc00-0x000000000009ffff] reserved
[    0.000000] BIOS-e820: [mem 0x00000000000f0000-0x00000000000fffff] reserved
[    0.000000] BIOS-e820: [mem 0x0000000000100000-0x000000007ffdffff] usable
[    0.000000] BIOS-e820: [mem 0x000000007ffe0000-0x000000007fffffff] reserved
[    0.000000] BIOS-e820: [mem 0x00000000feffc000-0x00000000feffffff] reserved
[    0.000000] BIOS-e820: [mem 0x00000000fffc0000-0x00000000ffffffff] reserved
[    0.000000] printk: bootconsole [earlyser0] enabled
[    0.000000] NX (Execute Disable) protection: active
[    0.000000] SMBIOS 2.8 present.
[    0.000000] DMI: QEMU Standard PC (i440FX + PIIX, 1996), BIOS rel-1.16.0-0-gd239552ce722-prebuilt.qemu.org 04/01/2014
[    0.000000] Hypervisor detected: KVM
[    0.000000] kvm-clock: Using msrs 4b564d01 and 4b564d00
[    0.000000] kvm-clock: cpu 0, msr 5601001, primary cpu clock
[    0.000006] kvm-clock: using sched offset of 527628239 cycles
[    0.001118] clocksource: kvm-clock: mask: 0xffffffffffffffff max_cycles: 0x1cd42e4dffb, max_idle_ns: 881590591483 ns
[    0.004271] tsc: Detected 1881.600 MHz processor
[    0.010957] last_pfn = 0x7ffe0 max_arch_pfn = 0x400000000
[    0.012242] x86/PAT: Configuration [0-7]: WB  WC  UC- UC  WB  WP  UC- WT  
[    0.020872] found SMP MP-table at [mem 0x000f5ba0-0x000f5baf]
[    0.022430] Using GB pages for direct mapping
[    0.025028] ACPI: Early table checksum verification disabled
[    0.026238] ACPI: RSDP 0x00000000000F59C0 000014 (v00 BOCHS )
[    0.027378] ACPI: RSDT 0x000000007FFE1951 000034 (v01 BOCHS  BXPC     00000001 BXPC 00000001)
[    0.029064] ACPI: FACP 0x000000007FFE17FD 000074 (v01 BOCHS  BXPC     00000001 BXPC 00000001)
[    0.030724] ACPI: DSDT 0x000000007FFE0040 0017BD (v01 BOCHS  BXPC     00000001 BXPC 00000001)
[    0.032368] ACPI: FACS 0x000000007FFE0000 000040
[    0.033260] ACPI: APIC 0x000000007FFE1871 000080 (v01 BOCHS  BXPC     00000001 BXPC 00000001)
[    0.034912] ACPI: HPET 0x000000007FFE18F1 000038 (v01 BOCHS  BXPC     00000001 BXPC 00000001)
[    0.036560] ACPI: WAET 0x000000007FFE1929 000028 (v01 BOCHS  BXPC     00000001 BXPC 00000001)
[    0.038214] ACPI: Reserving FACP table memory at [mem 0x7ffe17fd-0x7ffe1870]
[    0.039501] ACPI: Reserving DSDT table memory at [mem 0x7ffe0040-0x7ffe17fc]
[    0.040556] ACPI: Reserving FACS table memory at [mem 0x7ffe0000-0x7ffe003f]
[    0.041613] ACPI: Reserving APIC table memory at [mem 0x7ffe1871-0x7ffe18f0]
[    0.042652] ACPI: Reserving HPET table memory at [mem 0x7ffe18f1-0x7ffe1928]
[    0.043693] ACPI: Reserving WAET table memory at [mem 0x7ffe1929-0x7ffe1950]
[    0.045191] ACPI: CEDT not present
[    0.046347] No NUMA configuration found
[    0.046928] Faking a node at [mem 0x0000000000000000-0x000000007ffdffff]
[    0.047986] NODE_DATA(0) allocated [mem 0x7ffb5000-0x7ffdffff]
[    0.052036] Zone ranges:
[    0.052456]   DMA      [mem 0x0000000000001000-0x0000000000ffffff]
[    0.053454]   DMA32    [mem 0x0000000001000000-0x000000007ffdffff]
[    0.054476]   Normal   empty
[    0.054968]   Device   empty
[    0.055464] Movable zone start for each node
[    0.056208] Early memory node ranges
[    0.056853]   node   0: [mem 0x0000000000001000-0x000000000009efff]
[    0.058048]   node   0: [mem 0x0000000000100000-0x000000007ffdffff]
[    0.059254] Initmem setup node 0 [mem 0x0000000000001000-0x000000007ffdffff]
[    0.061288] On node 0, zone DMA: 1 pages in unavailable ranges
[    0.061690] On node 0, zone DMA: 97 pages in unavailable ranges
[    0.112165] On node 0, zone DMA32: 32 pages in unavailable ranges
[    0.113647] ACPI: PM-Timer IO Port: 0x608
[    0.115247] ACPI: LAPIC_NMI (acpi_id[0xff] dfl dfl lint[0x1])
[    0.116247] IOAPIC[0]: apic_id 0, version 17, address 0xfec00000, GSI 0-23
[    0.117331] ACPI: INT_SRC_OVR (bus 0 bus_irq 0 global_irq 2 dfl dfl)
[    0.118288] ACPI: INT_SRC_OVR (bus 0 bus_irq 5 global_irq 5 high level)
[    0.119322] ACPI: INT_SRC_OVR (bus 0 bus_irq 9 global_irq 9 high level)
[    0.120372] ACPI: INT_SRC_OVR (bus 0 bus_irq 10 global_irq 10 high level)
[    0.121471] ACPI: INT_SRC_OVR (bus 0 bus_irq 11 global_irq 11 high level)
[    0.122634] ACPI: Using ACPI (MADT) for SMP configuration information
[    0.123755] ACPI: HPET id: 0x8086a201 base: 0xfed00000
[    0.124702] TSC deadline timer available
[    0.125436] smpboot: Allowing 2 CPUs, 0 hotplug CPUs
[    0.126582] kvm-guest: KVM setup pv remote TLB flush
[    0.127569] kvm-guest: setup PV sched yield
[    0.128536] PM: hibernation: Registered nosave memory: [mem 0x00000000-0x00000fff]
[    0.130000] PM: hibernation: Registered nosave memory: [mem 0x0009f000-0x0009ffff]
[    0.131463] PM: hibernation: Registered nosave memory: [mem 0x000a0000-0x000effff]
[    0.132919] PM: hibernation: Registered nosave memory: [mem 0x000f0000-0x000fffff]
[    0.134373] [mem 0x80000000-0xfeffbfff] available for PCI devices
[    0.135559] Booting paravirtualized kernel on KVM
[    0.136544] clocksource: refined-jiffies: mask: 0xffffffff max_cycles: 0xffffffff, max_idle_ns: 7645519600211568 ns
[    0.138601] setup_percpu: NR_CPUS:8192 nr_cpumask_bits:2 nr_cpu_ids:2 nr_node_ids:1
[    0.144288] percpu: Embedded 63 pages/cpu s221184 r8192 d28672 u1048576
[    0.145888] kvm-guest: setup async PF for cpu 0
[    0.146781] kvm-guest: stealtime: cpu 0, msr 7dc35080
[    0.147765] kvm-guest: PV spinlocks enabled
[    0.148573] PV qspinlock hash table entries: 256 (order: 0, 4096 bytes, linear)
[    0.150064] Fallback order for Node 0: 0 
[    0.150888] Built 1 zonelists, mobility grouping on.  Total pages: 515808
[    0.152200] Policy zone: DMA32
[    0.152814] Kernel command line: net.ifnames=0 console=ttyS0 root=/dev/sda earlyprintk=serial net.ifnames=0
[    0.159541] Dentry cache hash table entries: 262144 (order: 9, 2097152 bytes, linear)
[    0.161350] Inode-cache hash table entries: 131072 (order: 8, 1048576 bytes, linear)
[    0.163137] mem auto-init: stack:off, heap alloc:off, heap free:off
[    0.169739] Memory: 1985392K/2096632K available (32783K kernel code, 5319K rwdata, 7868K rodata, 3168K init, 22012K bss, 110984K reserved, 0K cma-reserved)
[    0.171894] random: get_random_u64 called from __kmem_cache_create+0x2f/0x4e0 with crng_init=0
[    0.172782] SLUB: HWalign=64, Order=0-3, MinObjects=0, CPUs=2, Nodes=1
[    0.175025] kmemleak: Kernel memory leak detector disabled
[    0.175922] ftrace: allocating 65777 entries in 257 pages
[    0.281059] ftrace: allocated 257 pages with 2 groups
[    0.285128] Dynamic Preempt: voluntary
[    0.285865] Running RCU self tests
[    0.286373] rcu: Preemptible hierarchical RCU implementation.
[    0.287203] rcu: 	RCU lockdep checking is enabled.
[    0.287890] rcu: 	RCU restricting CPUs from NR_CPUS=8192 to nr_cpu_ids=2.
[    0.288863] 	Trampoline variant of Tasks RCU enabled.
[    0.289588] 	Rude variant of Tasks RCU enabled.
[    0.290235] 	Tracing variant of Tasks RCU enabled.
[    0.290921] rcu: RCU calculated value of scheduler-enlistment delay is 25 jiffies.
[    0.292001] rcu: Adjusting geometry for rcu_fanout_leaf=16, nr_cpu_ids=2
[    0.315176] NR_IRQS: 524544, nr_irqs: 440, preallocated irqs: 16
[    0.332439] Console: colour VGA+ 80x25
[    0.333296] printk: console [ttyS0] enabled
[    0.333296] printk: console [ttyS0] enabled
[    0.334891] printk: bootconsole [earlyser0] disabled
[    0.334891] printk: bootconsole [earlyser0] disabled
[    0.336771] Lock dependency validator: Copyright (c) 2006 Red Hat, Inc., Ingo Molnar
[    0.338244] ... MAX_LOCKDEP_SUBCLASSES:  8
[    0.339031] ... MAX_LOCK_DEPTH:          48
[    0.339662] ... MAX_LOCKDEP_KEYS:        8192
[    0.340317] ... CLASSHASH_SIZE:          4096
[    0.340973] ... MAX_LOCKDEP_ENTRIES:     32768
[    0.341639] ... MAX_LOCKDEP_CHAINS:      65536
[    0.342305] ... CHAINHASH_SIZE:          32768
[    0.342983]  memory used by lock dependency info: 6365 kB
[    0.343791]  memory used for stack traces: 4224 kB
[    0.344507]  per task-struct memory footprint: 1920 bytes
[    0.345362] ACPI: Core revision 20211217
[    0.346266] clocksource: hpet: mask: 0xffffffff max_cycles: 0xffffffff, max_idle_ns: 19112604467 ns
[    0.347827] APIC: Switch to symmetric I/O mode setup
[    0.349004] x2apic enabled
[    0.349834] Switched APIC routing to physical x2apic.
[    0.350608] kvm-guest: setup PV IPIs
[    0.352971] ..TIMER: vector=0x30 apic1=0 pin1=2 apic2=-1 pin2=-1
[    0.353912] clocksource: tsc-early: mask: 0xffffffffffffffff max_cycles: 0x363e8c91135, max_idle_ns: 881590568389 ns
[    0.355496] Calibrating delay loop (skipped) preset value.. 3763.20 BogoMIPS (lpj=7526400)
[    0.359488] pid_max: default: 32768 minimum: 301
[    0.360252] LSM: Security Framework initializing
[    0.360970] Yama: becoming mindful.
[    0.361694] Mount-cache hash table entries: 4096 (order: 3, 32768 bytes, linear)
[    0.363523] Mountpoint-cache hash table entries: 4096 (order: 3, 32768 bytes, linear)
[    0.366243] CPU0: Thermal monitoring enabled (TM1)
[    0.367606] x86/cpu: User Mode Instruction Prevention (UMIP) activated
[    0.372667] Last level iTLB entries: 4KB 0, 2MB 0, 4MB 0
[    0.373716] Last level dTLB entries: 4KB 0, 2MB 0, 4MB 0, 1GB 0
[    0.374883] Spectre V1 : Mitigation: usercopy/swapgs barriers and __user pointer sanitization
[    0.375537] Spectre V2 : Mitigation: Enhanced IBRS
[    0.376382] Spectre V2 : Spectre v2 / SpectreRSB mitigation: Filling RSB on context switch
[    0.377584] Spectre V2 : mitigation: Enabling conditional Indirect Branch Prediction Barrier
[    0.379486] Speculative Store Bypass: Mitigation: Speculative Store Bypass disabled via prctl
[    0.429828] Freeing SMP alternatives memory: 56K
[    0.431937] smpboot: CPU0: Genuine Intel(R) 0000 (family: 0x6, model: 0xba, stepping: 0x2)
[    0.434304] cblist_init_generic: Setting adjustable number of callback queues.
[    0.435484] cblist_init_generic: Setting shift to 1 and lim to 1.
[    0.435583] cblist_init_generic: Setting shift to 1 and lim to 1.
[    0.436828] cblist_init_generic: Setting shift to 1 and lim to 1.
[    0.438036] Running RCU-tasks wait API self tests
[    0.539717] Performance Events: generic architected perfmon, full-width counters, Intel PMU driver.
[    0.541163] ... version:                2
[    0.541736] ... bit width:              48
[    0.542315] ... generic registers:      6
[    0.542869] ... value mask:             0000ffffffffffff
[    0.543491] ... max period:             00007fffffffffff
[    0.544245] ... fixed-purpose events:   3
[    0.544824] ... event mask:             000000070000003f
[    0.546067] rcu: Hierarchical SRCU implementation.
[    0.550221] Callback from call_rcu_tasks_trace() invoked.
[    0.551550] smp: Bringing up secondary CPUs ...
[    0.553100] x86: Booting SMP configuration:
[    0.553869] .... node  #0, CPUs:      #1
[    0.039067] kvm-clock: cpu 1, msr 5601041, secondary cpu clock
[    0.555764] kvm-guest: setup async PF for cpu 1
[    0.557030] kvm-guest: stealtime: cpu 1, msr 7dd35080
[    0.557814] smp: Brought up 1 node, 2 CPUs
[    0.557814] smpboot: Max logical packages: 1
[    0.557814] smpboot: Total of 2 processors activated (7526.40 BogoMIPS)
[    0.568238] devtmpfs: initialized
[    0.568525] x86/mm: Memory block size: 128MB
[    0.571961] clocksource: jiffies: mask: 0xffffffff max_cycles: 0xffffffff, max_idle_ns: 7645041785100000 ns
[    0.575518] futex hash table entries: 512 (order: 4, 65536 bytes, linear)
[    0.577371] pinctrl core: initialized pinctrl subsystem
[    0.579137] 
[    0.579436] *************************************************************
[    0.579493] **     NOTICE NOTICE NOTICE NOTICE NOTICE NOTICE NOTICE    **
[    0.580740] **                                                         **
[    0.582009] **  IOMMU DebugFS SUPPORT HAS BEEN ENABLED IN THIS KERNEL  **
[    0.583261] **                                                         **
[    0.583492] ** This means that this kernel is built to expose internal **
[    0.584737] ** IOMMU data structures, which may compromise security on **
[    0.585985] ** your system.                                            **
[    0.587234] **                                                         **
[    0.587491] ** If you see this message and you are not debugging the   **
[    0.588746] ** kernel, report this immediately to your vendor!         **
[    0.589995] **                                                         **
[    0.591251] **     NOTICE NOTICE NOTICE NOTICE NOTICE NOTICE NOTICE    **
[    0.591491] *************************************************************
[    0.592894] PM: RTC time: 00:56:37, date: 2023-03-21
[    0.595216] NET: Registered PF_NETLINK/PF_ROUTE protocol family
[    0.596166] DMA: preallocated 256 KiB GFP_KERNEL pool for atomic allocations
[    0.597518] DMA: preallocated 256 KiB GFP_KERNEL|GFP_DMA pool for atomic allocations
[    0.598961] DMA: preallocated 256 KiB GFP_KERNEL|GFP_DMA32 pool for atomic allocations
[    0.599576] audit: initializing netlink subsys (disabled)
[    0.600628] audit: type=2000 audit(1679360197.523:1): state=initialized audit_enabled=0 res=1
[    0.600705] thermal_sys: Registered thermal governor 'fair_share'
[    0.601275] thermal_sys: Registered thermal governor 'bang_bang'
[    0.602414] thermal_sys: Registered thermal governor 'step_wise'
[    0.603492] thermal_sys: Registered thermal governor 'user_space'
[    0.604671] cpuidle: using governor ladder
[    0.606591] cpuidle: using governor menu
[    0.607699] acpiphp: ACPI Hot Plug PCI Controller Driver version: 0.5
[    0.609438] PCI: Using configuration type 1 for base access
[    0.624226] kprobes: kprobe jump-optimization is enabled. All kprobes are optimized if possible.
[    0.627671] HugeTLB registered 1.00 GiB page size, pre-allocated 0 pages
[    0.627671] HugeTLB registered 2.00 MiB page size, pre-allocated 0 pages
[    0.636434] ACPI: Added _OSI(Module Device)
[    0.636843] ACPI: Added _OSI(Processor Device)
[    0.637638] ACPI: Added _OSI(3.0 _SCP Extensions)
[    0.639494] ACPI: Added _OSI(Processor Aggregator Device)
[    0.640476] ACPI: Added _OSI(Linux-Dell-Video)
[    0.641297] ACPI: Added _OSI(Linux-Lenovo-NV-HDMI-Audio)
[    0.642282] ACPI: Added _OSI(Linux-HPI-Hybrid-Graphics)
[    0.643553] Callback from call_rcu_tasks_rude() invoked.
[    0.648641] ACPI: 1 ACPI AML tables successfully acquired and loaded
[    0.653364] ACPI: Interpreter enabled
[    0.654178] ACPI: PM: (supports S0 S3 S4 S5)
[    0.654964] ACPI: Using IOAPIC for interrupt routing
[    0.655563] PCI: Using host bridge windows from ACPI; if necessary, use "pci=nocrs" and report a bug
[    0.657920] ACPI: Enabled 2 GPEs in block 00 to 0F
[    0.674762] ACPI: PCI Root Bridge [PCI0] (domain 0000 [bus 00-ff])
[    0.675518] acpi PNP0A03:00: _OSC: OS supports [ASPM ClockPM Segments MSI EDR HPX-Type3]
[    0.676996] acpi PNP0A03:00: _OSC: not requesting OS control; OS requires [ExtendedConfig ASPM ClockPM MSI]
[    0.678880] acpi PNP0A03:00: fail to add MMCONFIG information, can't access extended PCI configuration space under this bridge.
[    0.681524] acpiphp: Slot [3] registered
[    0.682346] acpiphp: Slot [4] registered
[    0.683143] acpiphp: Slot [5] registered
[    0.683564] acpiphp: Slot [6] registered
[    0.684380] acpiphp: Slot [7] registered
[    0.685193] acpiphp: Slot [8] registered
[    0.686001] acpiphp: Slot [9] registered
[    0.686804] acpiphp: Slot [10] registered
[    0.687576] acpiphp: Slot [11] registered
[    0.688409] acpiphp: Slot [12] registered
[    0.689226] acpiphp: Slot [13] registered
[    0.690075] acpiphp: Slot [14] registered
[    0.690898] acpiphp: Slot [15] registered
[    0.691574] acpiphp: Slot [16] registered
[    0.692415] acpiphp: Slot [17] registered
[    0.693237] acpiphp: Slot [18] registered
[    0.694077] acpiphp: Slot [19] registered
[    0.694898] acpiphp: Slot [20] registered
[    0.695571] acpiphp: Slot [21] registered
[    0.696389] acpiphp: Slot [22] registered
[    0.697201] acpiphp: Slot [23] registered
[    0.698056] acpiphp: Slot [24] registered
[    0.698883] acpiphp: Slot [25] registered
[    0.699605] acpiphp: Slot [26] registered
[    0.700447] acpiphp: Slot [27] registered
[    0.701290] acpiphp: Slot [28] registered
[    0.702103] acpiphp: Slot [29] registered
[    0.702922] acpiphp: Slot [30] registered
[    0.703564] acpiphp: Slot [31] registered
[    0.704367] PCI host bridge to bus 0000:00
[    0.705130] pci_bus 0000:00: root bus resource [io  0x0000-0x0cf7 window]
[    0.706381] pci_bus 0000:00: root bus resource [io  0x0d00-0xffff window]
[    0.707492] pci_bus 0000:00: root bus resource [mem 0x000a0000-0x000bffff window]
[    0.708906] pci_bus 0000:00: root bus resource [mem 0x80000000-0xfebfffff window]
[    0.710302] pci_bus 0000:00: root bus resource [mem 0x100000000-0x17fffffff window]
[    0.711497] pci_bus 0000:00: root bus resource [bus 00-ff]
[    0.712710] pci 0000:00:00.0: [8086:1237] type 00 class 0x060000
[    0.718352] pci 0000:00:01.0: [8086:7000] type 00 class 0x060100
[    0.720731] pci 0000:00:01.1: [8086:7010] type 00 class 0x010180
[    0.723451] pci 0000:00:01.1: reg 0x20: [io  0xc040-0xc04f]
[    0.724240] pci 0000:00:01.1: legacy IDE quirk: reg 0x10: [io  0x01f0-0x01f7]
[    0.725561] pci 0000:00:01.1: legacy IDE quirk: reg 0x14: [io  0x03f6]
[    0.726771] pci 0000:00:01.1: legacy IDE quirk: reg 0x18: [io  0x0170-0x0177]
[    0.727493] pci 0000:00:01.1: legacy IDE quirk: reg 0x1c: [io  0x0376]
[    0.729105] pci 0000:00:01.3: [8086:7113] type 00 class 0x068000
[    0.731295] pci 0000:00:01.3: quirk: [io  0x0600-0x063f] claimed by PIIX4 ACPI
[    0.731510] pci 0000:00:01.3: quirk: [io  0x0700-0x070f] claimed by PIIX4 SMB
[    0.734443] pci 0000:00:02.0: [1234:1111] type 00 class 0x030000
[    0.739131] pci 0000:00:02.0: reg 0x10: [mem 0xfd000000-0xfdffffff pref]
[    0.742039] pci 0000:00:02.0: reg 0x18: [mem 0xfebf0000-0xfebf0fff]
[    0.749836] pci 0000:00:02.0: reg 0x30: [mem 0xfebe0000-0xfebeffff pref]
[    0.757436] pci 0000:00:03.0: [8086:100e] type 00 class 0x020000
[    0.759261] pci 0000:00:03.0: reg 0x10: [mem 0xfebc0000-0xfebdffff]
[    0.760031] pci 0000:00:03.0: reg 0x14: [io  0xc000-0xc03f]
[    0.764305] pci 0000:00:03.0: reg 0x30: [mem 0xfeb80000-0xfebbffff pref]
[    0.804272] ACPI: PCI: Interrupt link LNKA configured for IRQ 10
[    0.805862] ACPI: PCI: Interrupt link LNKB configured for IRQ 10
[    0.807362] ACPI: PCI: Interrupt link LNKC configured for IRQ 11
[    0.807893] ACPI: PCI: Interrupt link LNKD configured for IRQ 11
[    0.809216] ACPI: PCI: Interrupt link LNKS configured for IRQ 9
[    0.812262] iommu: Default domain type: Translated 
[    0.812669] iommu: DMA domain TLB invalidation policy: lazy mode 
[    0.815812] pci 0000:00:02.0: vgaarb: setting as boot VGA device
[    0.816975] pci 0000:00:02.0: vgaarb: VGA device added: decodes=io+mem,owns=io+mem,locks=none
[    0.816975] pci 0000:00:02.0: vgaarb: bridge control possible
[    0.816975] vgaarb: loaded
[    0.820022] SCSI subsystem initialized
[    0.823884] ACPI: bus type USB registered
[    0.824780] usbcore: registered new interface driver usbfs
[    0.825864] usbcore: registered new interface driver hub
[    0.827542] usbcore: registered new device driver usb
[    0.828701] pps_core: LinuxPPS API ver. 1 registered
[    0.829616] pps_core: Software ver. 5.3.6 - Copyright 2005-2007 Rodolfo Giometti <giometti@linux.it>
[    0.831287] PTP clock support registered
[    0.831644] EDAC MC: Ver: 3.0.0
[    0.833268] NetLabel: Initializing
[    0.833971] NetLabel:  domain hash size = 128
[    0.834801] NetLabel:  protocols = UNLABELED CIPSOv4 CALIPSO
[    0.835595] NetLabel:  unlabeled traffic allowed by default
[    0.839645] PCI: Using ACPI for IRQ routing
[    0.840716] hpet0: at MMIO 0xfed00000, IRQs 2, 8, 0
[    0.841422] hpet0: 3 comparators, 64-bit 100.000000 MHz counter
[    0.847846] clocksource: Switched to clocksource kvm-clock
[    0.851666] Callback from call_rcu_tasks() invoked.
[    0.981790] VFS: Disk quotas dquot_6.6.0
[    0.982469] VFS: Dquot-cache hash table entries: 512 (order 0, 4096 bytes)
[    0.983857] pnp: PnP ACPI init
[    0.986122] pnp: PnP ACPI: found 6 devices
[    0.998019] clocksource: acpi_pm: mask: 0xffffff max_cycles: 0xffffff, max_idle_ns: 2085701024 ns
[    1.000161] NET: Registered PF_INET protocol family
[    1.001608] IP idents hash table entries: 32768 (order: 6, 262144 bytes, linear)
[    1.003988] tcp_listen_portaddr_hash hash table entries: 1024 (order: 4, 81920 bytes, linear)
[    1.005764] TCP established hash table entries: 16384 (order: 5, 131072 bytes, linear)
[    1.007638] TCP bind hash table entries: 16384 (order: 8, 1179648 bytes, linear)
[    1.011457] TCP: Hash tables configured (established 16384 bind 16384)
[    1.013169] UDP hash table entries: 1024 (order: 5, 163840 bytes, linear)
[    1.014785] UDP-Lite hash table entries: 1024 (order: 5, 163840 bytes, linear)
[    1.016695] NET: Registered PF_UNIX/PF_LOCAL protocol family
[    1.018986] RPC: Registered named UNIX socket transport module.
[    1.020175] RPC: Registered udp transport module.
[    1.021079] RPC: Registered tcp transport module.
[    1.021969] RPC: Registered tcp NFSv4.1 backchannel transport module.
[    1.023231] pci_bus 0000:00: resource 4 [io  0x0000-0x0cf7 window]
[    1.024423] pci_bus 0000:00: resource 5 [io  0x0d00-0xffff window]
[    1.025597] pci_bus 0000:00: resource 6 [mem 0x000a0000-0x000bffff window]
[    1.026890] pci_bus 0000:00: resource 7 [mem 0x80000000-0xfebfffff window]
[    1.028238] pci_bus 0000:00: resource 8 [mem 0x100000000-0x17fffffff window]
[    1.029922] pci 0000:00:01.0: PIIX3: Enabling Passive Release
[    1.031034] pci 0000:00:00.0: Limiting direct PCI/PCI transfers
[    1.032230] pci 0000:00:01.0: Activating ISA DMA hang workarounds
[    1.033644] pci 0000:00:02.0: Video device with shadowed ROM at [mem 0x000c0000-0x000dffff]
[    1.035358] PCI: CLS 0 bytes, default 64
[    1.036713] ACPI: bus type thunderbolt registered
[    1.038099] clocksource: tsc: mask: 0xffffffffffffffff max_cycles: 0x363e8c91135, max_idle_ns: 881590568389 ns
[    3.390208] Initialise system trusted keyrings
[    3.391215] Key type blacklist registered
[    3.392466] workingset: timestamp_bits=36 max_order=19 bucket_order=0
[    3.403671] zbud: loaded
[    3.406425] squashfs: version 4.0 (2009/01/31) Phillip Lougher
[    3.410217] NFS: Registering the id_resolver key type
[    3.411246] Key type id_resolver registered
[    3.412085] Key type id_legacy registered
[    3.413020] nfs4filelayout_init: NFSv4 File Layout Driver Registering...
[    3.414327] nfs4flexfilelayout_init: NFSv4 Flexfile Layout Driver Registering...
[    3.416189] fuse: init (API version 7.36)
[    3.417634] SGI XFS with ACLs, security attributes, realtime, quota, no debug enabled
[    3.421603] 9p: Installing v9fs 9p2000 file system support
[    3.429431] Key type asymmetric registered
[    3.430261] Asymmetric key parser 'x509' registered
[    3.434564] alg: self-tests for CTR-KDF (hmac(sha256)) passed
[    3.436213] Block layer SCSI generic (bsg) driver version 0.4 loaded (major 243)
[    3.438100] io scheduler mq-deadline registered
[    3.439065] io scheduler bfq registered
[    3.441476] shpchp: Standard Hot Plug PCI Controller Driver version: 0.4
[    3.443758] IPMI message handler: version 39.2
[    3.444854] ipmi device interface
[    3.447536] input: Power Button as /devices/LNXSYSTM:00/LNXPWRBN:00/input/input0
[    3.449317] ACPI: button: Power Button [PWRF]
[    3.451364] ERST DBG: ERST support is disabled.
[    3.453175] Serial: 8250/16550 driver, 32 ports, IRQ sharing enabled
[    3.455125] 00:04: ttyS0 at I/O 0x3f8 (irq = 4, base_baud = 115200) is a 16550A
[    3.471265] Linux agpgart interface v0.103
[    3.472823] ACPI: bus type drm_connector registered
[    3.487804] brd: module loaded
[    3.497998] loop: module loaded
[    3.505409] scsi host0: ata_piix
[    3.506820] scsi host1: ata_piix
[    3.507441] ata1: PATA max MWDMA2 cmd 0x1f0 ctl 0x3f6 bmdma 0xc040 irq 14
[    3.508201] ata2: PATA max MWDMA2 cmd 0x170 ctl 0x376 bmdma 0xc048 irq 15
[    3.510679] tun: Universal TUN/TAP device driver, 1.6
[    3.511656] e100: Intel(R) PRO/100 Network Driver
[    3.512262] e100: Copyright(c) 1999-2006 Intel Corporation
[    3.513004] e1000: Intel(R) PRO/1000 Network Driver
[    3.513627] e1000: Copyright (c) 1999-2006 Intel Corporation.
[    3.669345] ata2.00: ATAPI: QEMU DVD-ROM, 2.5+, max UDMA/100
[    3.670650] ata1.00: ATA-7: QEMU HARDDISK, 2.5+, max UDMA/100
[    3.671293] ata1.00: 16777216 sectors, multi 16: LBA48 
[    3.672141] ata1.00: Read log 0x00 page 0x00 failed, Emask 0x1
[    3.675285] scsi 0:0:0:0: Direct-Access     ATA      QEMU HARDDISK    2.5+ PQ: 0 ANSI: 5
[    3.677813] scsi 0:0:0:0: Attached scsi generic sg0 type 0
[    3.679637] scsi 1:0:0:0: CD-ROM            QEMU     QEMU DVD-ROM     2.5+ PQ: 0 ANSI: 5
[    3.682099] scsi 1:0:0:0: Attached scsi generic sg1 type 5
[    3.683557] sd 0:0:0:0: [sda] 16777216 512-byte logical blocks: (8.59 GB/8.00 GiB)
[    3.684467] sd 0:0:0:0: [sda] Write Protect is off
[    3.685231] sd 0:0:0:0: [sda] Write cache: enabled, read cache: enabled, doesn't support DPO or FUA
[    3.685244] ACPI: \_SB_.LNKC: Enabled at IRQ 11
[    3.719920] sd 0:0:0:0: [sda] Attached SCSI disk
[    4.053215] e1000 0000:00:03.0 eth0: (PCI:33MHz:32-bit) 52:54:00:12:34:56
[    4.053974] e1000 0000:00:03.0 eth0: Intel(R) PRO/1000 Network Connection
[    4.054780] e1000e: Intel(R) PRO/1000 Network Driver
[    4.055304] e1000e: Copyright(c) 1999 - 2015 Intel Corporation.
[    4.056052] igb: Intel(R) Gigabit Ethernet Network Driver
[    4.056661] igb: Copyright (c) 2007-2014 Intel Corporation.
[    4.057422] PPP generic driver version 2.4.2
[    4.058773] VFIO - User Level meta-driver version: 0.3
[    4.059549] ehci_hcd: USB 2.0 'Enhanced' Host Controller (EHCI) Driver
[    4.060360] ehci-pci: EHCI PCI platform driver
[    4.060972] ehci-platform: EHCI generic platform driver
[    4.061630] ohci_hcd: USB 1.1 'Open' Host Controller (OHCI) Driver
[    4.062396] ohci-pci: OHCI PCI platform driver
[    4.062978] ohci-platform: OHCI generic platform driver
[    4.063659] uhci_hcd: USB Universal Host Controller Interface driver
[    4.064983] usbcore: registered new interface driver uas
[    4.065621] usbcore: registered new interface driver usb-storage
[    4.066419] i8042: PNP: PS/2 Controller [PNP0303:KBD,PNP0f13:MOU] at 0x60,0x64 irq 1,12
[    4.068599] serio: i8042 KBD port at 0x60,0x64 irq 1
[    4.069184] serio: i8042 AUX port at 0x60,0x64 irq 12
[    4.070784] mousedev: PS/2 mouse device common for all mice
[    4.072712] input: AT Translated Set 2 keyboard as /devices/platform/i8042/serio0/input/input1
[    4.075219] rtc_cmos 00:05: RTC can wake from S4
[    4.076267] input: VirtualPS/2 VMware VMMouse as /devices/platform/i8042/serio1/input/input4
[    4.078433] input: VirtualPS/2 VMware VMMouse as /devices/platform/i8042/serio1/input/input3
[    4.081636] rtc_cmos 00:05: registered as rtc0
[    4.082481] rtc_cmos 00:05: setting system clock to 2023-03-21T00:56:40 UTC (1679360200)
[    4.083645] rtc_cmos 00:05: alarms up to one day, y3k, 242 bytes nvram, hpet irqs
[    4.084525] i2c_dev: i2c /dev entries driver
[    4.085506] device-mapper: core: CONFIG_IMA_DISABLE_HTABLE is disabled. Duplicate IMA measurements will not be recorded in the IMA log.
[    4.087031] device-mapper: uevent: version 1.0.3
[    4.088120] device-mapper: ioctl: 4.45.0-ioctl (2021-03-22) initialised: dm-devel@redhat.com
[    4.089140] intel_pstate: CPU model not supported
[    4.089845] sdhci: Secure Digital Host Controller Interface driver
[    4.090647] sdhci: Copyright(c) Pierre Ossman
[    4.091269] sdhci-pltfm: SDHCI platform and OF driver helper
[    4.092069] ledtrig-cpu: registered to indicate activity on CPUs
[    4.093102] drop_monitor: Initializing network drop monitor service
[    4.094813] NET: Registered PF_INET6 protocol family
[    4.099328] Segment Routing with IPv6
[    4.099866] In-situ OAM (IOAM) with IPv6
[    4.100349] NET: Registered PF_PACKET protocol family
[    4.101222] 9pnet: Installing 9P2000 support
[    4.101855] Key type dns_resolver registered
[    4.103357] IPI shorthand broadcast: enabled
[    4.104024] sched_clock: Marking stable (4068832704, 35067568)->(4125493125, -21592853)
[    4.105729] registered taskstats version 1
[    4.106416] Loading compiled-in X.509 certificates
[    4.107555] zswap: loaded using pool lzo/zbud
[    4.109630] Key type ._fscrypt registered
[    4.110075] Key type .fscrypt registered
[    4.110489] Key type fscrypt-provisioning registered
[    4.113001] Key type encrypted registered
[    4.113616] ima: No TPM chip found, activating TPM-bypass!
[    4.114301] ima: Allocated hash algorithm: sha1
[    4.114943] ima: No architecture policies found
[    4.115649] evm: Initialising EVM extended attributes:
[    4.116274] evm: security.selinux
[    4.116687] evm: security.SMACK64
[    4.117120] evm: security.SMACK64EXEC
[    4.117583] evm: security.SMACK64TRANSMUTE
[    4.118086] evm: security.SMACK64MMAP
[    4.118543] evm: security.apparmor
[    4.118966] evm: security.ima
[    4.119342] evm: security.capability
[    4.119817] evm: HMAC attrs: 0x1
[    4.127732] PM:   Magic number: 15:446:911
[    4.129272] RAS: Correctable Errors collector initialized.
[    4.131574] md: Waiting for all devices to be available before autodetect
[    4.132412] md: If you don't use raid, use raid=noautodetect
[    4.133139] md: Autodetecting RAID arrays.
[    4.133662] md: autorun ...
[    4.134021] md: ... autorun DONE.
[    4.148624] EXT4-fs (sda): mounted filesystem with ordered data mode. Quota mode: none.
[    4.149750] VFS: Mounted root (ext4 filesystem) readonly on device 8:0.
[    4.152750] devtmpfs: mounted
[    4.167673] Freeing unused decrypted memory: 2036K
[    4.172498] Freeing unused kernel image (initmem) memory: 3168K
[    4.173354] Write protecting the kernel read-only data: 43008k
[    4.179144] Freeing unused kernel image (text/rodata gap) memory: 2032K
[    4.180787] Freeing unused kernel image (rodata/data gap) memory: 324K
[    4.269836] x86/mm: Checked W+X mappings: passed, no W+X pages found.
[    4.270830] Run /sbin/init as init process
[    4.397031] random: fast init done
[    4.444403] systemd[1]: RTC configured in localtime, applying delta of 0 minutes to system time.
[    4.486186] systemd[1]: systemd 239 (239-49.el8) running in system mode. (+PAM +AUDIT +SELINUX +IMA -APPARMOR +SMACK +SYSVINIT +UTMP +LIBCRYPTSETUP +GCRYPT +GNUTLS +ACL +XZ +LZ4 +SECCOMP +BLKID +ELFUTILS +KMOD +IDN2 -IDN +PCRE2 default-hierarchy=legacy)
[    4.489175] systemd[1]: Detected virtualization kvm.
[    4.489813] systemd[1]: Detected architecture x86-64.

Welcome to [0;31mCentOS Stream 8[0m!

[    4.513258] systemd[1]: Set hostname to <test>.
[    4.677336] random: lvmconfig: uninitialized urandom read (4 bytes read)
[    4.865255] random: systemd: uninitialized urandom read (16 bytes read)
[    4.868812] systemd[1]: Created slice User and Session Slice.
[[0;32m  OK  [0m] Created slice User and Session Slice.
[    4.870724] random: systemd: uninitialized urandom read (16 bytes read)
[    4.871927] systemd[1]: Listening on Journal Socket (/dev/log).
[[0;32m  OK  [0m] Listening on Journal Socket (/dev/log).
[    4.873965] systemd[1]: Listening on LVM2 poll daemon socket.
[[0;32m  OK  [0m] Listening on LVM2 poll daemon socket.
[    4.876389] systemd[1]: Set up automount Arbitrary Executable File Formats File System Automount Point.
[[0;32m  OK  [0m] Set up automount Arbitrary Executabâ€¦rmats File System Automount Point.
[    4.880013] systemd[1]: Listening on RPCbind Server Activation Socket.
[[0;32m  OK  [0m] Listening on RPCbind Server Activation Socket.
[    4.881944] systemd[1]: Reached target RPC Port Mapper.
[[0;32m  OK  [0m] Reached target RPC Port Mapper.
[[0;32m  OK  [0m] Created slice system-getty.slice.
[[0;32m  OK  [0m] Reached target Swap.
[[0;32m  OK  [0m] Reached target Slices.
[[0;32m  OK  [0m] Listening on Process Core Dump Socket.
[[0;32m  OK  [0m] Listening on Device-mapper event daemon FIFOs.
[[0;32m  OK  [0m] Listening on initctl Compatibility Named Pipe.
[[0;32m  OK  [0m] Listening on udev Kernel Socket.
[[0;32m  OK  [0m] Started Forward Password Requests to Wall Directory Watch.
[[0;32m  OK  [0m] Listening on multipathd control socket.
[[0;32m  OK  [0m] Listening on Journal Socket.
         Mounting Kernel Debug File System...
         Starting Remount Root and Kernel File Systems...
         Starting Journal Service...
         Starting Monitoring of LVM2 mirrorsâ€¦ng dmeventd or progress polling...
         Mounting Huge Pages File System...
         Mounting POSIX Message Queue File System...
         Starting Load Kernel Modules...
[[0;32m  OK  [0m] Created slice system-sshd\x2dkeygen.slice.
[[0;32m  OK  [0m] Created slice system-serial\x2dgetty.slice.
         Starting Setup Virtual Console...
[[0;32m  OK  [0m] Listening on udev Control Socket.
         Starting udev Coldplug all Devices...
[[0;32m  OK  [0m] Mounted Kernel Debug File System.
[[0;32m  OK  [0m] Started Monitoring of LVM2 mirrors,â€¦sing dmeventd or progress polling.
[[0;32m  OK  [0m] Started Journal Service.
[[0;32m  OK  [0m] Mounted Huge Pages File System.
[[0;32m  OK  [0m] Mounted POSIX Message Queue File System.
[[0;1;31mFAILED[0m] Failed to start Load Kernel Modules.
See 'systemctl status systemd-modules-load.service' for details.
[    5.264733] EXT4-fs (sda): re-mounted. Quota mode: none.
[[0;32m  OK  [0m] Started Remount Root and Kernel File Systems.
         Starting Load/Save Random Seed...
         Starting Create Static Device Nodes in /dev...
         Mounting Kernel Configuration File System...
         Starting Apply Kernel Variables...
         Mounting FUSE Control File System...
         Starting Flush Journal to Persistent Storage...
[[0;32m  OK  [0m] Started Load/Save Random Seed.
[[0;32m  OK  [0m] Started Create Static Device Nodes in /dev.
[[0;32m  OK  [0m] Mounted Kernel Configuration File System.
[[0;32m  OK  [0m] Started Apply Kernel Variables.
[[0;32m  OK  [0m] Mounted FUSE Control File System.
         Starting udev Kernel Device Manager...
[[0;32m  OK  [0m] Started Flush Journal to Persistent Storage.
[[0;32m  OK  [0m] Started udev Kernel Device Manager.
[[0;32m  OK  [0m] Started udev Coldplug all Devices.
[[0;32m  OK  [0m] Started Setup Virtual Console.
         Starting udev Wait for Complete Device Initialization...
         Starting Show Plymouth Boot Screen...
[[0;32m  OK  [0m] Started Show Plymouth Boot Screen.
[[0;32m  OK  [0m] Reached target Paths.
[[0;32m  OK  [0m] Reached target Local Encrypted Volumes.
[[0;32m  OK  [0m] Started Forward Password Requests to Plymouth Directory Watch.
[[0;32m  OK  [0m] Found device /dev/ttyS0.
[[0;32m  OK  [0m] Listening on Load/Save RF Kill Switch Status /dev/rfkill Watch.
[[0;32m  OK  [0m] Started udev Wait for Complete Device Initialization.
[[0;32m  OK  [0m] Reached target Local File Systems (Pre).
[[0;32m  OK  [0m] Reached target Local File Systems.
         Starting Restore /run/initramfs on shutdown...
         Starting Tell Plymouth To Write Out Runtime Data...
         Starting Create Volatile Files and Directories...
[[0;32m  OK  [0m] Started Restore /run/initramfs on shutdown.
[[0;32m  OK  [0m] Started Tell Plymouth To Write Out Runtime Data.
[[0;32m  OK  [0m] Started Create Volatile Files and Directories.
         Starting Security Auditing Service...
         Mounting RPC Pipe File System...
         Starting RPC Bind...
[[0;32m  OK  [0m] Mounted RPC Pipe File System.
[[0;32m  OK  [0m] Reached target rpc_pipefs.target.
[[0;32m  OK  [0m] Started RPC Bind.
[[0;32m  OK  [0m] Started Security Auditing Service.
         Starting Update UTMP about System Boot/Shutdown...
[[0;32m  OK  [0m] Started Update UTMP about System Boot/Shutdown.
[[0;32m  OK  [0m] Reached target System Initialization.
[[0;32m  OK  [0m] Started dnf makecache --timer.
[[0;32m  OK  [0m] Listening on SSSD Kerberos Cache Manager responder socket.
[[0;32m  OK  [0m] Started Daily Cleanup of Temporary Directories.
[[0;32m  OK  [0m] Listening on D-Bus System Message Bus Socket.
[[0;32m  OK  [0m] Reached target Sockets.
[[0;32m  OK  [0m] Reached target Basic System.
         Starting Auto-connect to subsystemsâ€¦-NVME devices found during boot...
[[0;32m  OK  [0m] Started irqbalance daemon.
         Starting Self Monitoring and Reporting Technology (SMART) Daemon...
[[0;32m  OK  [0m] Started Machine Check Exception Logging Daemon.
         Starting Login Service...
[[0;32m  OK  [0m] Started D-Bus System Message Bus.
         Starting Network Manager...
         Starting Authorization Manager...
[[0;32m  OK  [0m] Started daily update of the root trust anchor for DNSSEC.
[[0;32m  OK  [0m] Reached target Timers.
         Starting NTP client/server...
[[0;32m  OK  [0m] Reached target sshd-keygen.target.
[[0;32m  OK  [0m] Started Self Monitoring and Reporting Technology (SMART) Daemon.
[[0;32m  OK  [0m] Started Auto-connect to subsystems â€¦FC-NVME devices found during boot.
         Starting update of the root trust aâ€¦or DNSSEC validation in unbound...
[[0;32m  OK  [0m] Started Login Service.
[[0;32m  OK  [0m] Started NTP client/server.
[[0;32m  OK  [0m] Started Network Manager.
[[0;32m  OK  [0m] Reached target Network.
         Starting Dynamic System Tuning Daemon...
         Starting GSSAPI Proxy Daemon...
         Starting OpenSSH server daemon...
         Starting Network Manager Wait Online...
         Starting Hostname Service...
[[0;32m  OK  [0m] Started Authorization Manager.
[[0;32m  OK  [0m] Started Hostname Service.
         Starting Network Manager Script Dispatcher Service...
[[0;32m  OK  [0m] Started Network Manager Script Dispatcher Service.
[    7.595697] e1000: eth0 NIC Link is Up 1000 Mbps Full Duplex, Flow Control: RX
[    7.597306] IPv6: ADDRCONF(NETDEV_CHANGE): eth0: link becomes ready
[[0;32m  OK  [0m] Started Dynamic System Tuning Daemon.
[    8.407896] random: crng init done
[    8.408461] random: 7 urandom warning(s) missed due to ratelimiting
[[0;32m  OK  [0m] Started OpenSSH server daemon.
[[0;32m  OK  [0m] Started GSSAPI Proxy Daemon.
[[0;32m  OK  [0m] Reached target NFS client services.
[[0;32m  OK  [0m] Reached target Remote File Systems (Pre).
[[0;32m  OK  [0m] Reached target Remote File Systems.
         Starting Permit User Sessions...
[[0;32m  OK  [0m] Started update of the root trust anâ€¦ for DNSSEC validation in unbound.
[[0;32m  OK  [0m] Started Permit User Sessions.
         Starting Hold until boot process finishes up...
         Starting Terminate Plymouth Boot Screen...
[[0;32m  OK  [0m] Started Command Scheduler.

CentOS Stream 8
Kernel 5.16.0-d9b5941bb593+ on an x86_64

test login: [   29.202237] loop6: detected capacity change from 0 to 32768
[   29.209171] loop7: detected capacity change from 0 to 32768
[   29.236089] XFS (loop6): Mounting V5 Filesystem
[   29.259045] XFS (loop7): Mounting V5 Filesystem
[   29.280329] loop0: detected capacity change from 0 to 32768
[   29.299086] loop4: detected capacity change from 0 to 32768
[   29.333367] XFS (loop6): Starting recovery (logdev: internal)
[   29.341009] loop1: detected capacity change from 0 to 32768
[   29.348620] loop2: detected capacity change from 0 to 32768
[   29.353246] XFS (loop6): Metadata corruption detected at xfs_btree_lookup_get_block+0x272/0x2f0, xfs_refcountbt block 0x28
[   29.354516] XFS (loop6): Unmount and run xfs_repair
[   29.355108] XFS (loop6): Failed to recover leftover CoW staging extents, err -117.
[   29.356106] XFS (loop6): Log I/O Error (0x2) detected at xlog_recover_finish+0xe7/0x160 (fs/xfs/xfs_log_recover.c:3520).  Shutting down filesystem.
[   29.357688] XFS (loop6): Please unmount the filesystem and rectify the problem(s)
[   29.358964] XFS (loop6): Ending recovery (logdev: internal)
[   29.359919] XFS (loop6): Error -5 reserving per-AG metadata reserve pool.
[   29.378581] loop5: detected capacity change from 0 to 32768
[   29.384798] loop3: detected capacity change from 0 to 32768
[   29.388066] XFS (loop7): Starting recovery (logdev: internal)
[   29.400006] XFS (loop7): Metadata corruption detected at xfs_btree_lookup_get_block+0x272/0x2f0, xfs_refcountbt block 0x28
[   29.401317] XFS (loop7): Unmount and run xfs_repair
[   29.401895] XFS (loop7): Failed to recover leftover CoW staging extents, err -117.
[   29.402763] XFS (loop7): Log I/O Error (0x2) detected at xlog_recover_finish+0xe7/0x160 (fs/xfs/xfs_log_recover.c:3520).  Shutting down filesystem.
[   29.404275] XFS (loop7): Please unmount the filesystem and rectify the problem(s)
[   29.412608] XFS (loop7): Ending recovery (logdev: internal)
[   29.413516] XFS (loop7): Error -5 reserving per-AG metadata reserve pool.
[   29.445959] XFS (loop0): Mounting V5 Filesystem
[   29.452766] XFS (loop5): Mounting V5 Filesystem
[   29.457938] XFS (loop2): Mounting V5 Filesystem
[   29.460057] XFS (loop1): Mounting V5 Filesystem
[   29.462481] XFS (loop4): Mounting V5 Filesystem
[   29.478610] XFS (loop3): Mounting V5 Filesystem
[   29.508151] XFS (loop3): Starting recovery (logdev: internal)
[   29.510646] XFS (loop3): Metadata corruption detected at xfs_btree_lookup_get_block+0x272/0x2f0, xfs_refcountbt block 0x28
[   29.512330] XFS (loop3): Unmount and run xfs_repair
[   29.513098] XFS (loop3): Failed to recover leftover CoW staging extents, err -117.
[   29.514220] XFS (loop3): Log I/O Error (0x2) detected at xlog_recover_finish+0xe7/0x160 (fs/xfs/xfs_log_recover.c:3520).  Shutting down filesystem.
[   29.516124] XFS (loop3): Please unmount the filesystem and rectify the problem(s)
[   29.517332] XFS (loop3): Ending recovery (logdev: internal)
[   29.518352] XFS (loop3): Error -5 reserving per-AG metadata reserve pool.
[   29.553888] XFS (loop5): Starting recovery (logdev: internal)
[   29.560918] XFS (loop5): Metadata corruption detected at xfs_btree_lookup_get_block+0x272/0x2f0, xfs_refcountbt block 0x28
[   29.562206] XFS (loop5): Unmount and run xfs_repair
[   29.562783] XFS (loop5): Failed to recover leftover CoW staging extents, err -117.
[   29.563690] XFS (loop5): Log I/O Error (0x2) detected at xlog_recover_finish+0xe7/0x160 (fs/xfs/xfs_log_recover.c:3520).  Shutting down filesystem.
[   29.565277] XFS (loop5): Please unmount the filesystem and rectify the problem(s)
[   29.576845] XFS (loop5): Ending recovery (logdev: internal)
[   29.582967] XFS (loop5): Error -5 reserving per-AG metadata reserve pool.
[   29.586065] XFS (loop1): Starting recovery (logdev: internal)
[   29.586780] XFS (loop2): Starting recovery (logdev: internal)
[   29.596538] XFS (loop4): Starting recovery (logdev: internal)
[   29.597352] XFS (loop2): Metadata corruption detected at xfs_btree_lookup_get_block+0x272/0x2f0, xfs_refcountbt block 0x28
[   29.598610] XFS (loop2): Unmount and run xfs_repair
[   29.599181] XFS (loop2): Failed to recover leftover CoW staging extents, err -117.
[   29.600072] XFS (loop2): Log I/O Error (0x2) detected at xlog_recover_finish+0xe7/0x160 (fs/xfs/xfs_log_recover.c:3520).  Shutting down filesystem.
[   29.601530] XFS (loop2): Please unmount the filesystem and rectify the problem(s)
[   29.602877] XFS (loop1): Metadata corruption detected at xfs_btree_lookup_get_block+0x272/0x2f0, xfs_refcountbt block 0x28
[   29.604166] XFS (loop1): Unmount and run xfs_repair
[   29.604739] XFS (loop1): Failed to recover leftover CoW staging extents, err -117.
[   29.605605] XFS (loop1): Log I/O Error (0x2) detected at xlog_recover_finish+0xe7/0x160 (fs/xfs/xfs_log_recover.c:3520).  Shutting down filesystem.
[   29.607071] XFS (loop1): Please unmount the filesystem and rectify the problem(s)
[   29.614501] XFS (loop4): Metadata corruption detected at xfs_btree_lookup_get_block+0x272/0x2f0, xfs_refcountbt block 0x28
[   29.616192] XFS (loop4): Unmount and run xfs_repair
[   29.616936] XFS (loop4): Failed to recover leftover CoW staging extents, err -117.
[   29.617796] XFS (loop4): Log I/O Error (0x2) detected at xlog_recover_finish+0xe7/0x160 (fs/xfs/xfs_log_recover.c:3520).  Shutting down filesystem.
[   29.619261] XFS (loop4): Please unmount the filesystem and rectify the problem(s)
[   29.620618] XFS (loop0): Starting recovery (logdev: internal)
[   29.622903] XFS (loop2): Ending recovery (logdev: internal)
[   29.623654] XFS (loop2): Error -5 reserving per-AG metadata reserve pool.
[   29.623931] XFS (loop0): Metadata corruption detected at xfs_btree_lookup_get_block+0x272/0x2f0, xfs_refcountbt block 0x28
[   29.625666] XFS (loop0): Unmount and run xfs_repair
[   29.626243] XFS (loop0): Failed to recover leftover CoW staging extents, err -117.
[   29.627104] XFS (loop0): Log I/O Error (0x2) detected at xlog_recover_finish+0xe7/0x160 (fs/xfs/xfs_log_recover.c:3520).  Shutting down filesystem.
[   29.628594] XFS (loop0): Please unmount the filesystem and rectify the problem(s)
[   29.628772] XFS (loop1): Ending recovery (logdev: internal)
[   29.631242] XFS (loop1): Error -5 reserving per-AG metadata reserve pool.
[   29.641300] loop6: detected capacity change from 0 to 32768
[   29.662714] XFS (loop4): Ending recovery (logdev: internal)
[   29.669262] XFS (loop0): Ending recovery (logdev: internal)
[   29.670771] XFS (loop4): Error -5 reserving per-AG metadata reserve pool.
[   29.672031] XFS (loop0): Error -5 reserving per-AG metadata reserve pool.
[   29.690068] XFS (loop6): Mounting V5 Filesystem
[   29.746751] XFS (loop6): Starting recovery (logdev: internal)
[   29.757946] XFS (loop6): Metadata corruption detected at xfs_btree_lookup_get_block+0x272/0x2f0, xfs_refcountbt block 0x28
[   29.759236] XFS (loop6): Unmount and run xfs_repair
[   29.759881] XFS (loop6): Failed to recover leftover CoW staging extents, err -117.
[   29.760745] XFS (loop6): Log I/O Error (0x2) detected at xlog_recover_finish+0xe7/0x160 (fs/xfs/xfs_log_recover.c:3520).  Shutting down filesystem.
[   29.762257] XFS (loop6): Please unmount the filesystem and rectify the problem(s)
[   29.779806] loop7: detected capacity change from 0 to 32768
[   29.781449] XFS (loop6): Ending recovery (logdev: internal)
[   29.782290] XFS (loop6): Error -5 reserving per-AG metadata reserve pool.
[   29.828190] XFS (loop7): Mounting V5 Filesystem
[   29.854199] XFS (loop7): Starting recovery (logdev: internal)
[   29.856383] XFS (loop7): Metadata corruption detected at xfs_btree_lookup_get_block+0x272/0x2f0, xfs_refcountbt block 0x28
[   29.857761] XFS (loop7): Unmount and run xfs_repair
[   29.858362] XFS (loop7): Failed to recover leftover CoW staging extents, err -117.
[   29.859257] XFS (loop7): Log I/O Error (0x2) detected at xlog_recover_finish+0xe7/0x160 (fs/xfs/xfs_log_recover.c:3520).  Shutting down filesystem.
[   29.860816] XFS (loop7): Please unmount the filesystem and rectify the problem(s)
[   29.864969] XFS (loop7): Ending recovery (logdev: internal)
[   29.866085] XFS (loop7): Error -5 reserving per-AG metadata reserve pool.
[   29.899380] loop2: detected capacity change from 0 to 32768
[   29.914155] XFS (loop2): Mounting V5 Filesystem
[   29.932789] XFS (loop2): Starting recovery (logdev: internal)
[   29.935213] XFS (loop2): Metadata corruption detected at xfs_btree_lookup_get_block+0x272/0x2f0, xfs_refcountbt block 0x28
[   29.936942] XFS (loop2): Unmount and run xfs_repair
[   29.937660] XFS (loop2): Failed to recover leftover CoW staging extents, err -117.
[   29.938731] XFS (loop2): Log I/O Error (0x2) detected at xlog_recover_finish+0xe7/0x160 (fs/xfs/xfs_log_recover.c:3520).  Shutting down filesystem.
[   29.940588] XFS (loop2): Please unmount the filesystem and rectify the problem(s)
[   29.983080] loop5: detected capacity change from 0 to 32768
[   29.984788] XFS (loop2): Ending recovery (logdev: internal)
[   29.985779] XFS (loop2): Error -5 reserving per-AG metadata reserve pool.
[   30.027739] XFS (loop5): Mounting V5 Filesystem
[   30.052376] XFS (loop5): Starting recovery (logdev: internal)
[   30.069335] XFS (loop5): Metadata corruption detected at xfs_btree_lookup_get_block+0x272/0x2f0, xfs_refcountbt block 0x28
[   30.070604] XFS (loop5): Unmount and run xfs_repair
[   30.071177] XFS (loop5): Failed to recover leftover CoW staging extents, err -117.
[   30.072067] XFS (loop5): Log I/O Error (0x2) detected at xlog_recover_finish+0xe7/0x160 (fs/xfs/xfs_log_recover.c:3520).  Shutting down filesystem.
[   30.073541] XFS (loop5): Please unmount the filesystem and rectify the problem(s)
[   30.074385] XFS (loop5): Ending recovery (logdev: internal)
[   30.075131] XFS (loop5): Error -5 reserving per-AG metadata reserve pool.
[   30.084836] loop1: detected capacity change from 0 to 32768
[   30.108683] XFS (loop1): Mounting V5 Filesystem
[   30.164219] XFS (loop1): Starting recovery (logdev: internal)
[   30.168727] loop7: detected capacity change from 0 to 32768
[   30.175160] XFS (loop1): Metadata corruption detected at xfs_btree_lookup_get_block+0x272/0x2f0, xfs_refcountbt block 0x28
[   30.176589] XFS (loop1): Unmount and run xfs_repair
[   30.177258] XFS (loop1): Failed to recover leftover CoW staging extents, err -117.
[   30.178246] XFS (loop1): Log I/O Error (0x2) detected at xlog_recover_finish+0xe7/0x160 (fs/xfs/xfs_log_recover.c:3520).  Shutting down filesystem.
[   30.180148] XFS (loop1): Please unmount the filesystem and rectify the problem(s)
[   30.181281] XFS (loop1): Ending recovery (logdev: internal)
[   30.182155] XFS (loop1): Error -5 reserving per-AG metadata reserve pool.
[   30.239300] XFS (loop7): Mounting V5 Filesystem
[   30.275818] XFS (loop7): Starting recovery (logdev: internal)
[   30.278282] XFS (loop7): Metadata corruption detected at xfs_btree_lookup_get_block+0x272/0x2f0, xfs_refcountbt block 0x28
[   30.279962] XFS (loop7): Unmount and run xfs_repair
[   30.280690] XFS (loop7): Failed to recover leftover CoW staging extents, err -117.
[   30.281785] XFS (loop7): Log I/O Error (0x2) detected at xlog_recover_finish+0xe7/0x160 (fs/xfs/xfs_log_recover.c:3520).  Shutting down filesystem.
[   30.283637] XFS (loop7): Please unmount the filesystem and rectify the problem(s)
[   30.310372] XFS (loop7): Ending recovery (logdev: internal)
[   30.311333] XFS (loop7): Error -5 reserving per-AG metadata reserve pool.
[   30.377431] loop3: detected capacity change from 0 to 32768
[   30.384755] loop6: detected capacity change from 0 to 32768
[   30.437642] loop0: detected capacity change from 0 to 32768
[   30.439864] XFS (loop3): Mounting V5 Filesystem
[   30.454559] loop4: detected capacity change from 0 to 32768
[   30.476227] loop5: detected capacity change from 0 to 32768
[   30.509745] XFS (loop0): Mounting V5 Filesystem
[   30.516113] XFS (loop3): Starting recovery (logdev: internal)
[   30.518263] XFS (loop3): Metadata corruption detected at xfs_btree_lookup_get_block+0x272/0x2f0, xfs_refcountbt block 0x28
[   30.519572] XFS (loop3): Unmount and run xfs_repair
[   30.520156] XFS (loop3): Failed to recover leftover CoW staging extents, err -117.
[   30.521021] XFS (loop3): Log I/O Error (0x2) detected at xlog_recover_finish+0xe7/0x160 (fs/xfs/xfs_log_recover.c:3520).  Shutting down filesystem.
[   30.522528] XFS (loop3): Please unmount the filesystem and rectify the problem(s)
[   30.524069] XFS (loop3): Ending recovery (logdev: internal)
[   30.524863] XFS (loop3): Error -5 reserving per-AG metadata reserve pool.
[   30.534503] XFS (loop6): Mounting V5 Filesystem
[   30.548488] XFS (loop4): Mounting V5 Filesystem
[   30.548904] loop1: detected capacity change from 0 to 32768
[   30.567262] XFS (loop0): Starting recovery (logdev: internal)
[   30.577010] XFS (loop0): Metadata corruption detected at xfs_btree_lookup_get_block+0x272/0x2f0, xfs_refcountbt block 0x28
[   30.578270] XFS (loop0): Unmount and run xfs_repair
[   30.578845] XFS (loop0): Failed to recover leftover CoW staging extents, err -117.
[   30.579752] XFS (loop0): Log I/O Error (0x2) detected at xlog_recover_finish+0xe7/0x160 (fs/xfs/xfs_log_recover.c:3520).  Shutting down filesystem.
[   30.581326] XFS (loop0): Please unmount the filesystem and rectify the problem(s)
[   30.586098] XFS (loop0): Ending recovery (logdev: internal)
[   30.587198] XFS (loop0): Error -5 reserving per-AG metadata reserve pool.
[   30.597954] XFS (loop5): Mounting V5 Filesystem
[   30.603886] XFS (loop4): Starting recovery (logdev: internal)
[   30.623125] XFS (loop4): Metadata corruption detected at xfs_btree_lookup_get_block+0x272/0x2f0, xfs_refcountbt block 0x28
[   30.624799] XFS (loop4): Unmount and run xfs_repair
[   30.625550] XFS (loop4): Failed to recover leftover CoW staging extents, err -117.
[   30.626644] XFS (loop4): Log I/O Error (0x2) detected at xlog_recover_finish+0xe7/0x160 (fs/xfs/xfs_log_recover.c:3520).  Shutting down filesystem.
[   30.628534] XFS (loop4): Please unmount the filesystem and rectify the problem(s)
[   30.629927] loop7: detected capacity change from 0 to 32768
[   30.631550] XFS (loop4): Ending recovery (logdev: internal)
[   30.632561] XFS (loop4): Error -5 reserving per-AG metadata reserve pool.
[   30.638192] XFS (loop6): Starting recovery (logdev: internal)
[   30.640451] XFS (loop6): Metadata corruption detected at xfs_btree_lookup_get_block+0x272/0x2f0, xfs_refcountbt block 0x28
[   30.641783] XFS (loop6): Unmount and run xfs_repair
[   30.642375] XFS (loop6): Failed to recover leftover CoW staging extents, err -117.
[   30.643251] XFS (loop6): Log I/O Error (0x2) detected at xlog_recover_finish+0xe7/0x160 (fs/xfs/xfs_log_recover.c:3520).  Shutting down filesystem.
[   30.644791] XFS (loop6): Please unmount the filesystem and rectify the problem(s)
[   30.646349] XFS (loop6): Ending recovery (logdev: internal)
[   30.647174] XFS (loop6): Error -5 reserving per-AG metadata reserve pool.
[   30.659174] XFS (loop1): Mounting V5 Filesystem
[   30.666967] loop2: detected capacity change from 0 to 32768
[   30.710510] XFS (loop7): Mounting V5 Filesystem
[   30.735316] XFS (loop5): Starting recovery (logdev: internal)
[   30.757469] XFS (loop5): Metadata corruption detected at xfs_btree_lookup_get_block+0x272/0x2f0, xfs_refcountbt block 0x28
[   30.759079] XFS (loop5): Unmount and run xfs_repair
[   30.759867] XFS (loop5): Failed to recover leftover CoW staging extents, err -117.
[   30.760954] XFS (loop5): Log I/O Error (0x2) detected at xlog_recover_finish+0xe7/0x160 (fs/xfs/xfs_log_recover.c:3520).  Shutting down filesystem.
[   30.762788] XFS (loop5): Please unmount the filesystem and rectify the problem(s)
[   30.763948] XFS (loop5): Ending recovery (logdev: internal)
[   30.764810] XFS (loop5): Error -5 reserving per-AG metadata reserve pool.
[   30.771238] XFS (loop2): Mounting V5 Filesystem
[   30.825621] XFS (loop1): Starting recovery (logdev: internal)
[   30.830757] XFS (loop7): Starting recovery (logdev: internal)
[   30.833145] XFS (loop1): Metadata corruption detected at xfs_btree_lookup_get_block+0x272/0x2f0, xfs_refcountbt block 0x28
[   30.834405] XFS (loop1): Unmount and run xfs_repair
[   30.834977] XFS (loop1): Failed to recover leftover CoW staging extents, err -117.
[   30.835876] XFS (loop1): Log I/O Error (0x2) detected at xlog_recover_finish+0xe7/0x160 (fs/xfs/xfs_log_recover.c:3520).  Shutting down filesystem.
[   30.837486] XFS (loop1): Please unmount the filesystem and rectify the problem(s)
[   30.838487] XFS (loop1): Ending recovery (logdev: internal)
[   30.839232] XFS (loop1): Error -5 reserving per-AG metadata reserve pool.
[   30.849158] XFS (loop2): Starting recovery (logdev: internal)
[   30.850193] XFS (loop7): Metadata corruption detected at xfs_btree_lookup_get_block+0x272/0x2f0, xfs_refcountbt block 0x28
[   30.851816] XFS (loop7): Unmount and run xfs_repair
[   30.852535] XFS (loop7): Failed to recover leftover CoW staging extents, err -117.
[   30.853603] XFS (loop7): Log I/O Error (0x2) detected at xlog_recover_finish+0xe7/0x160 (fs/xfs/xfs_log_recover.c:3520).  Shutting down filesystem.
[   30.855399] XFS (loop7): Please unmount the filesystem and rectify the problem(s)
[   30.873586] XFS (loop2): Metadata corruption detected at xfs_btree_lookup_get_block+0x272/0x2f0, xfs_refcountbt block 0x28
[   30.875296] XFS (loop2): Unmount and run xfs_repair
[   30.876169] XFS (loop2): Failed to recover leftover CoW staging extents, err -117.
[   30.877267] XFS (loop2): Log I/O Error (0x2) detected at xlog_recover_finish+0xe7/0x160 (fs/xfs/xfs_log_recover.c:3520).  Shutting down filesystem.
[   30.879093] XFS (loop2): Please unmount the filesystem and rectify the problem(s)
[   30.895277] XFS (loop7): Ending recovery (logdev: internal)
[   30.897404] XFS (loop2): Ending recovery (logdev: internal)
[   30.901613] XFS (loop7): Error -5 reserving per-AG metadata reserve pool.
[   30.903810] XFS (loop2): Error -5 reserving per-AG metadata reserve pool.
[   30.963376] loop6: detected capacity change from 0 to 32768
[   30.993445] loop4: detected capacity change from 0 to 32768
[   31.014956] loop3: detected capacity change from 0 to 32768
[   31.073347] loop5: detected capacity change from 0 to 32768
[   31.105618] XFS (loop6): Mounting V5 Filesystem
[   31.128353] XFS (loop4): Mounting V5 Filesystem
[   31.132342] loop0: detected capacity change from 0 to 32768
[   31.144754] XFS (loop3): Mounting V5 Filesystem
[   31.160411] XFS (loop6): Starting recovery (logdev: internal)
[   31.165024] XFS (loop6): Metadata corruption detected at xfs_btree_lookup_get_block+0x272/0x2f0, xfs_refcountbt block 0x28
[   31.166291] XFS (loop6): Unmount and run xfs_repair
[   31.166853] XFS (loop6): Failed to recover leftover CoW staging extents, err -117.
[   31.167753] XFS (loop6): Log I/O Error (0x2) detected at xlog_recover_finish+0xe7/0x160 (fs/xfs/xfs_log_recover.c:3520).  Shutting down filesystem.
[   31.169213] XFS (loop6): Please unmount the filesystem and rectify the problem(s)
[   31.178302] XFS (loop4): Starting recovery (logdev: internal)
[   31.185939] XFS (loop6): Ending recovery (logdev: internal)
[   31.186671] XFS (loop6): Error -5 reserving per-AG metadata reserve pool.
[   31.198686] XFS (loop0): Mounting V5 Filesystem
[   31.200356] XFS (loop4): Metadata corruption detected at xfs_btree_lookup_get_block+0x272/0x2f0, xfs_refcountbt block 0x28
[   31.201786] XFS (loop4): Unmount and run xfs_repair
[   31.202449] XFS (loop4): Failed to recover leftover CoW staging extents, err -117.
[   31.203478] XFS (loop4): Log I/O Error (0x2) detected at xlog_recover_finish+0xe7/0x160 (fs/xfs/xfs_log_recover.c:3520).  Shutting down filesystem.
[   31.205404] XFS (loop4): Please unmount the filesystem and rectify the problem(s)
[   31.207576] XFS (loop4): Ending recovery (logdev: internal)
[   31.208586] XFS (loop4): Error -5 reserving per-AG metadata reserve pool.
[   31.212193] loop7: detected capacity change from 0 to 32768
[   31.250181] XFS (loop0): Starting recovery (logdev: internal)
[   31.252515] XFS (loop0): Metadata corruption detected at xfs_btree_lookup_get_block+0x272/0x2f0, xfs_refcountbt block 0x28
[   31.253805] XFS (loop0): Unmount and run xfs_repair
[   31.254384] XFS (loop0): Failed to recover leftover CoW staging extents, err -117.
[   31.255253] XFS (loop0): Log I/O Error (0x2) detected at xlog_recover_finish+0xe7/0x160 (fs/xfs/xfs_log_recover.c:3520).  Shutting down filesystem.
[   31.256753] XFS (loop0): Please unmount the filesystem and rectify the problem(s)
[   31.259565] XFS (loop0): Ending recovery (logdev: internal)
[   31.260279] XFS (loop0): Error -5 reserving per-AG metadata reserve pool.
[   31.270107] XFS (loop3): Starting recovery (logdev: internal)
[   31.277691] XFS (loop5): Mounting V5 Filesystem
[   31.279245] XFS (loop7): Mounting V5 Filesystem
[   31.284093] XFS (loop3): Metadata corruption detected at xfs_btree_lookup_get_block+0x272/0x2f0, xfs_refcountbt block 0x28
[   31.285418] XFS (loop3): Unmount and run xfs_repair
[   31.286015] XFS (loop3): Failed to recover leftover CoW staging extents, err -117.
[   31.286902] XFS (loop3): Log I/O Error (0x2) detected at xlog_recover_finish+0xe7/0x160 (fs/xfs/xfs_log_recover.c:3520).  Shutting down filesystem.
[   31.288452] XFS (loop3): Please unmount the filesystem and rectify the problem(s)
[   31.289687] XFS (loop3): Ending recovery (logdev: internal)
[   31.290405] XFS (loop3): Error -5 reserving per-AG metadata reserve pool.
[   31.321683] XFS (loop5): Starting recovery (logdev: internal)
[   31.326270] XFS (loop5): Metadata corruption detected at xfs_btree_lookup_get_block+0x272/0x2f0, xfs_refcountbt block 0x28
[   31.327767] XFS (loop5): Unmount and run xfs_repair
[   31.328360] XFS (loop5): Failed to recover leftover CoW staging extents, err -117.
[   31.329241] XFS (loop5): Log I/O Error (0x2) detected at xlog_recover_finish+0xe7/0x160 (fs/xfs/xfs_log_recover.c:3520).  Shutting down filesystem.
[   31.330738] XFS (loop5): Please unmount the filesystem and rectify the problem(s)
[   31.333900] loop1: detected capacity change from 0 to 32768
[   31.348367] XFS (loop5): Ending recovery (logdev: internal)
[   31.349314] XFS (loop5): Error -5 reserving per-AG metadata reserve pool.
[   31.395562] XFS (loop7): Starting recovery (logdev: internal)
[   31.426069] XFS (loop7): Metadata corruption detected at xfs_btree_lookup_get_block+0x272/0x2f0, xfs_refcountbt block 0x28
[   31.427412] XFS (loop7): Unmount and run xfs_repair
[   31.428054] XFS (loop7): Failed to recover leftover CoW staging extents, err -117.
[   31.429004] XFS (loop7): Log I/O Error (0x2) detected at xlog_recover_finish+0xe7/0x160 (fs/xfs/xfs_log_recover.c:3520).  Shutting down filesystem.
[   31.430714] XFS (loop7): Please unmount the filesystem and rectify the problem(s)
[   31.433439] XFS (loop7): Ending recovery (logdev: internal)
[   31.434346] XFS (loop7): Error -5 reserving per-AG metadata reserve pool.
[   31.449415] loop2: detected capacity change from 0 to 32768
[   31.484355] XFS (loop1): Mounting V5 Filesystem
[   31.505834] XFS (loop1): Starting recovery (logdev: internal)
[   31.508429] XFS (loop1): Metadata corruption detected at xfs_btree_lookup_get_block+0x272/0x2f0, xfs_refcountbt block 0x28
[   31.510033] XFS (loop1): Unmount and run xfs_repair
[   31.510754] XFS (loop1): Failed to recover leftover CoW staging extents, err -117.
[   31.511886] XFS (loop1): Log I/O Error (0x2) detected at xlog_recover_finish+0xe7/0x160 (fs/xfs/xfs_log_recover.c:3520).  Shutting down filesystem.
[   31.513735] XFS (loop1): Please unmount the filesystem and rectify the problem(s)
[   31.517958] XFS (loop1): Ending recovery (logdev: internal)
[   31.518887] XFS (loop1): Error -5 reserving per-AG metadata reserve pool.
[   31.550818] XFS (loop2): Mounting V5 Filesystem
[   31.567069] loop4: detected capacity change from 0 to 32768
[   31.664469] XFS (loop2): Starting recovery (logdev: internal)
[   31.666518] XFS (loop2): Metadata corruption detected at xfs_btree_lookup_get_block+0x272/0x2f0, xfs_refcountbt block 0x28
[   31.667858] XFS (loop2): Unmount and run xfs_repair
[   31.668452] XFS (loop2): Failed to recover leftover CoW staging extents, err -117.
[   31.669346] XFS (loop2): Log I/O Error (0x2) detected at xlog_recover_finish+0xe7/0x160 (fs/xfs/xfs_log_recover.c:3520).  Shutting down filesystem.
[   31.670868] XFS (loop2): Please unmount the filesystem and rectify the problem(s)
[   31.672279] XFS (loop2): Ending recovery (logdev: internal)
[   31.673085] XFS (loop2): Error -5 reserving per-AG metadata reserve pool.
[   31.686177] loop0: detected capacity change from 0 to 32768
[   31.704002] XFS (loop4): Mounting V5 Filesystem
[   31.756563] XFS (loop4): Starting recovery (logdev: internal)
[   31.758670] XFS (loop4): Metadata corruption detected at xfs_btree_lookup_get_block+0x272/0x2f0, xfs_refcountbt block 0x28
[   31.760321] XFS (loop4): Unmount and run xfs_repair
[   31.761064] XFS (loop4): Failed to recover leftover CoW staging extents, err -117.
[   31.762150] XFS (loop4): Log I/O Error (0x2) detected at xlog_recover_finish+0xe7/0x160 (fs/xfs/xfs_log_recover.c:3520).  Shutting down filesystem.
[   31.763946] XFS (loop4): Please unmount the filesystem and rectify the problem(s)
[   31.796919] XFS (loop4): Ending recovery (logdev: internal)
[   31.797714] XFS (loop4): Error -5 reserving per-AG metadata reserve pool.
[   31.800174] XFS (loop0): Mounting V5 Filesystem
[   31.849296] XFS (loop0): Starting recovery (logdev: internal)
[   31.851434] XFS (loop0): Metadata corruption detected at xfs_btree_lookup_get_block+0x272/0x2f0, xfs_refcountbt block 0x28
[   31.852814] XFS (loop0): Unmount and run xfs_repair
[   31.853446] XFS (loop0): Failed to recover leftover CoW staging extents, err -117.
[   31.854389] XFS (loop0): Log I/O Error (0x2) detected at xlog_recover_finish+0xe7/0x160 (fs/xfs/xfs_log_recover.c:3520).  Shutting down filesystem.
[   31.856178] XFS (loop0): Please unmount the filesystem and rectify the problem(s)
[   31.881137] XFS (loop0): Ending recovery (logdev: internal)
[   31.881896] XFS (loop0): Error -5 reserving per-AG metadata reserve pool.
[   31.886730] loop2: detected capacity change from 0 to 32768
[   31.896613] loop5: detected capacity change from 0 to 32768
[   31.920095] loop3: detected capacity change from 0 to 32768
[   31.957840] loop1: detected capacity change from 0 to 32768
[   31.973132] loop6: detected capacity change from 0 to 32768
[   32.000282] XFS (loop2): Mounting V5 Filesystem
[   32.015999] XFS (loop1): Mounting V5 Filesystem
[   32.036123] XFS (loop5): Mounting V5 Filesystem
[   32.048480] XFS (loop3): Mounting V5 Filesystem
[   32.049396] XFS (loop6): Mounting V5 Filesystem
[   32.055711] XFS (loop1): Starting recovery (logdev: internal)
[   32.057742] loop7: detected capacity change from 0 to 32768
[   32.065296] XFS (loop1): Metadata corruption detected at xfs_btree_lookup_get_block+0x272/0x2f0, xfs_refcountbt block 0x28
[   32.066616] XFS (loop1): Unmount and run xfs_repair
[   32.067207] XFS (loop1): Failed to recover leftover CoW staging extents, err -117.
[   32.068129] XFS (loop1): Log I/O Error (0x2) detected at xlog_recover_finish+0xe7/0x160 (fs/xfs/xfs_log_recover.c:3520).  Shutting down filesystem.
[   32.069640] XFS (loop1): Please unmount the filesystem and rectify the problem(s)
[   32.071294] XFS (loop2): Starting recovery (logdev: internal)
[   32.073466] XFS (loop2): Metadata corruption detected at xfs_btree_lookup_get_block+0x272/0x2f0, xfs_refcountbt block 0x28
[   32.074766] XFS (loop2): Unmount and run xfs_repair
[   32.075356] XFS (loop2): Failed to recover leftover CoW staging extents, err -117.
[   32.076295] XFS (loop2): Log I/O Error (0x2) detected at xlog_recover_finish+0xe7/0x160 (fs/xfs/xfs_log_recover.c:3520).  Shutting down filesystem.
[   32.077814] XFS (loop2): Please unmount the filesystem and rectify the problem(s)
[   32.079238] XFS (loop1): Ending recovery (logdev: internal)
[   32.080198] XFS (loop1): Error -5 reserving per-AG metadata reserve pool.
[   32.091612] XFS (loop2): Ending recovery (logdev: internal)
[   32.092575] XFS (loop2): Error -5 reserving per-AG metadata reserve pool.
[   32.103941] XFS (loop5): Starting recovery (logdev: internal)
[   32.106759] XFS (loop5): Metadata corruption detected at xfs_btree_lookup_get_block+0x272/0x2f0, xfs_refcountbt block 0x28
[   32.108109] XFS (loop5): Unmount and run xfs_repair
[   32.108698] XFS (loop5): Failed to recover leftover CoW staging extents, err -117.
[   32.109585] XFS (loop5): Log I/O Error (0x2) detected at xlog_recover_finish+0xe7/0x160 (fs/xfs/xfs_log_recover.c:3520).  Shutting down filesystem.
[   32.111089] XFS (loop5): Please unmount the filesystem and rectify the problem(s)
[   32.132710] XFS (loop6): Starting recovery (logdev: internal)
[   32.136862] XFS (loop6): Metadata corruption detected at xfs_btree_lookup_get_block+0x272/0x2f0, xfs_refcountbt block 0x28
[   32.138551] XFS (loop6): Unmount and run xfs_repair
[   32.139279] XFS (loop6): Failed to recover leftover CoW staging extents, err -117.
[   32.140417] XFS (loop6): Log I/O Error (0x2) detected at xlog_recover_finish+0xe7/0x160 (fs/xfs/xfs_log_recover.c:3520).  Shutting down filesystem.
[   32.142267] XFS (loop6): Please unmount the filesystem and rectify the problem(s)
[   32.145704] XFS (loop3): Starting recovery (logdev: internal)
[   32.149485] XFS (loop7): Mounting V5 Filesystem
[   32.156132] XFS (loop3): Metadata corruption detected at xfs_btree_lookup_get_block+0x272/0x2f0, xfs_refcountbt block 0x28
[   32.157741] XFS (loop3): Unmount and run xfs_repair
[   32.158458] XFS (loop3): Failed to recover leftover CoW staging extents, err -117.
[   32.159576] XFS (loop3): Log I/O Error (0x2) detected at xlog_recover_finish+0xe7/0x160 (fs/xfs/xfs_log_recover.c:3520).  Shutting down filesystem.
[   32.161405] XFS (loop3): Please unmount the filesystem and rectify the problem(s)
[   32.162848] XFS (loop3): Ending recovery (logdev: internal)
[   32.165479] XFS (loop3): Error -5 reserving per-AG metadata reserve pool.
[   32.167110] XFS (loop6): Ending recovery (logdev: internal)
[   32.168031] XFS (loop6): Error -5 reserving per-AG metadata reserve pool.
[   32.176806] XFS (loop5): Ending recovery (logdev: internal)
[   32.177559] XFS (loop5): Error -5 reserving per-AG metadata reserve pool.
[   32.208553] XFS (loop7): Starting recovery (logdev: internal)
[   32.210781] loop0: detected capacity change from 0 to 32768
[   32.229085] XFS (loop7): Metadata corruption detected at xfs_btree_lookup_get_block+0x272/0x2f0, xfs_refcountbt block 0x28
[   32.230697] XFS (loop7): Unmount and run xfs_repair
[   32.231416] XFS (loop7): Failed to recover leftover CoW staging extents, err -117.
[   32.232544] XFS (loop7): Log I/O Error (0x2) detected at xlog_recover_finish+0xe7/0x160 (fs/xfs/xfs_log_recover.c:3520).  Shutting down filesystem.
[   32.234422] XFS (loop7): Please unmount the filesystem and rectify the problem(s)
[   32.252499] XFS (loop7): Ending recovery (logdev: internal)
[   32.253449] XFS (loop7): Error -5 reserving per-AG metadata reserve pool.
[   32.273611] XFS (loop0): Mounting V5 Filesystem
[   32.284855] loop4: detected capacity change from 0 to 32768
[   32.296060] XFS (loop0): Starting recovery (logdev: internal)
[   32.298383] XFS (loop0): Metadata corruption detected at xfs_btree_lookup_get_block+0x272/0x2f0, xfs_refcountbt block 0x28
[   32.300032] XFS (loop0): Unmount and run xfs_repair
[   32.300752] XFS (loop0): Failed to recover leftover CoW staging extents, err -117.
[   32.301833] XFS (loop0): Log I/O Error (0x2) detected at xlog_recover_finish+0xe7/0x160 (fs/xfs/xfs_log_recover.c:3520).  Shutting down filesystem.
[   32.303704] XFS (loop0): Please unmount the filesystem and rectify the problem(s)
[   32.304917] XFS (loop0): Ending recovery (logdev: internal)
[   32.306390] XFS (loop0): Error -5 reserving per-AG metadata reserve pool.
[   32.400057] XFS (loop4): Mounting V5 Filesystem
[   32.472520] XFS (loop4): Starting recovery (logdev: internal)
[   32.479566] loop3: detected capacity change from 0 to 32768
[   32.496344] XFS (loop4): Metadata corruption detected at xfs_btree_lookup_get_block+0x272/0x2f0, xfs_refcountbt block 0x28
[   32.497975] XFS (loop4): Unmount and run xfs_repair
[   32.498693] XFS (loop4): Failed to recover leftover CoW staging extents, err -117.
[   32.499827] XFS (loop4): Log I/O Error (0x2) detected at xlog_recover_finish+0xe7/0x160 (fs/xfs/xfs_log_recover.c:3520).  Shutting down filesystem.
[   32.501656] XFS (loop4): Please unmount the filesystem and rectify the problem(s)
[   32.503127] XFS (loop4): Ending recovery (logdev: internal)
[   32.504194] XFS (loop4): Error -5 reserving per-AG metadata reserve pool.
[   32.560008] XFS (loop3): Mounting V5 Filesystem
[   32.592478] XFS (loop3): Starting recovery (logdev: internal)
[   32.594748] XFS (loop3): Metadata corruption detected at xfs_btree_lookup_get_block+0x272/0x2f0, xfs_refcountbt block 0x28
[   32.596392] XFS (loop3): Unmount and run xfs_repair
[   32.597128] XFS (loop3): Failed to recover leftover CoW staging extents, err -117.
[   32.598200] XFS (loop3): Log I/O Error (0x2) detected at xlog_recover_finish+0xe7/0x160 (fs/xfs/xfs_log_recover.c:3520).  Shutting down filesystem.
[   32.600072] XFS (loop3): Please unmount the filesystem and rectify the problem(s)
[   32.625420] XFS (loop3): Ending recovery (logdev: internal)
[   32.626375] XFS (loop3): Error -5 reserving per-AG metadata reserve pool.
[   32.706848] loop0: detected capacity change from 0 to 32768
[   32.749905] loop7: detected capacity change from 0 to 32768
[   32.775073] XFS (loop7): Mounting V5 Filesystem
[   32.776226] loop1: detected capacity change from 0 to 32768
[   32.791365] loop6: detected capacity change from 0 to 32768
[   32.799389] loop2: detected capacity change from 0 to 32768
[   32.810014] XFS (loop0): Mounting V5 Filesystem
[   32.815192] loop4: detected capacity change from 0 to 32768
[   32.827882] XFS (loop1): Mounting V5 Filesystem
[   32.833072] XFS (loop6): Mounting V5 Filesystem
[   32.853940] loop5: detected capacity change from 0 to 32768
[   32.856133] XFS (loop6): Starting recovery (logdev: internal)
[   32.859695] XFS (loop6): Metadata corruption detected at xfs_btree_lookup_get_block+0x272/0x2f0, xfs_refcountbt block 0x28
[   32.861074] XFS (loop6): Unmount and run xfs_repair
[   32.861664] XFS (loop6): Failed to recover leftover CoW staging extents, err -117.
[   32.862538] XFS (loop6): Log I/O Error (0x2) detected at xlog_recover_finish+0xe7/0x160 (fs/xfs/xfs_log_recover.c:3520).  Shutting down filesystem.
[   32.864074] XFS (loop6): Please unmount the filesystem and rectify the problem(s)
[   32.868012] XFS (loop7): Starting recovery (logdev: internal)
[   32.881531] XFS (loop5): Mounting V5 Filesystem
[   32.882032] XFS (loop0): Starting recovery (logdev: internal)
[   32.885436] XFS (loop0): Metadata corruption detected at xfs_btree_lookup_get_block+0x272/0x2f0, xfs_refcountbt block 0x28
[   32.886745] XFS (loop0): Unmount and run xfs_repair
[   32.887325] XFS (loop0): Failed to recover leftover CoW staging extents, err -117.
[   32.888243] XFS (loop0): Log I/O Error (0x2) detected at xlog_recover_finish+0xe7/0x160 (fs/xfs/xfs_log_recover.c:3520).  Shutting down filesystem.
[   32.889733] XFS (loop0): Please unmount the filesystem and rectify the problem(s)
[   32.891163] XFS (loop4): Mounting V5 Filesystem
[   32.895849] XFS (loop7): Metadata corruption detected at xfs_btree_lookup_get_block+0x272/0x2f0, xfs_refcountbt block 0x28
[   32.897317] XFS (loop7): Unmount and run xfs_repair
[   32.898023] XFS (loop7): Failed to recover leftover CoW staging extents, err -117.
[   32.899100] XFS (loop7): Log I/O Error (0x2) detected at xlog_recover_finish+0xe7/0x160 (fs/xfs/xfs_log_recover.c:3520).  Shutting down filesystem.
[   32.900985] XFS (loop7): Please unmount the filesystem and rectify the problem(s)
[   32.904756] XFS (loop0): Ending recovery (logdev: internal)
[   32.905767] XFS (loop0): Error -5 reserving per-AG metadata reserve pool.
[   32.909213] XFS (loop2): Mounting V5 Filesystem
[   32.910078] XFS (loop6): Ending recovery (logdev: internal)
[   32.911075] XFS (loop6): Error -5 reserving per-AG metadata reserve pool.
[   32.914686] XFS (loop7): Ending recovery (logdev: internal)
[   32.915993] XFS (loop7): Error -5 reserving per-AG metadata reserve pool.
[   32.929082] XFS (loop2): Starting recovery (logdev: internal)
[   32.932489] XFS (loop2): Metadata corruption detected at xfs_btree_lookup_get_block+0x272/0x2f0, xfs_refcountbt block 0x28
[   32.934094] XFS (loop2): Unmount and run xfs_repair
[   32.934805] XFS (loop2): Failed to recover leftover CoW staging extents, err -117.
[   32.935915] XFS (loop2): Log I/O Error (0x2) detected at xlog_recover_finish+0xe7/0x160 (fs/xfs/xfs_log_recover.c:3520).  Shutting down filesystem.
[   32.937739] XFS (loop2): Please unmount the filesystem and rectify the problem(s)
[   32.972461] XFS (loop1): Starting recovery (logdev: internal)
[   32.975802] XFS (loop2): Ending recovery (logdev: internal)
[   32.976591] XFS (loop2): Error -5 reserving per-AG metadata reserve pool.
[   32.977384] XFS (loop4): Starting recovery (logdev: internal)
[   32.981433] XFS (loop4): Metadata corruption detected at xfs_btree_lookup_get_block+0x272/0x2f0, xfs_refcountbt block 0x28
[   32.983045] XFS (loop4): Unmount and run xfs_repair
[   32.983797] XFS (loop4): Failed to recover leftover CoW staging extents, err -117.
[   32.984789] loop3: detected capacity change from 0 to 32768
[   32.984866] XFS (loop4): Log I/O Error (0x2) detected at xlog_recover_finish+0xe7/0x160 (fs/xfs/xfs_log_recover.c:3520).  Shutting down filesystem.
[   32.986978] XFS (loop4): Please unmount the filesystem and rectify the problem(s)
[   32.990978] XFS (loop1): Metadata corruption detected at xfs_btree_lookup_get_block+0x272/0x2f0, xfs_refcountbt block 0x28
[   32.992322] XFS (loop1): Unmount and run xfs_repair
[   32.992904] XFS (loop1): Failed to recover leftover CoW staging extents, err -117.
[   32.993760] XFS (loop1): Log I/O Error (0x2) detected at xlog_recover_finish+0xe7/0x160 (fs/xfs/xfs_log_recover.c:3520).  Shutting down filesystem.
[   32.995212] XFS (loop1): Please unmount the filesystem and rectify the problem(s)
[   33.001810] XFS (loop5): Starting recovery (logdev: internal)
[   33.003343] XFS (loop1): Ending recovery (logdev: internal)
[   33.007774] XFS (loop1): Error -5 reserving per-AG metadata reserve pool.
[   33.016623] XFS (loop4): Ending recovery (logdev: internal)
[   33.017253] XFS (loop5): Metadata corruption detected at xfs_btree_lookup_get_block+0x272/0x2f0, xfs_refcountbt block 0x28
[   33.018776] XFS (loop4): Error -5 reserving per-AG metadata reserve pool.
[   33.019024] XFS (loop5): Unmount and run xfs_repair
[   33.020844] XFS (loop5): Failed to recover leftover CoW staging extents, err -117.
[   33.021921] XFS (loop5): Log I/O Error (0x2) detected at xlog_recover_finish+0xe7/0x160 (fs/xfs/xfs_log_recover.c:3520).  Shutting down filesystem.
[   33.023769] XFS (loop5): Please unmount the filesystem and rectify the problem(s)
[   33.064253] XFS (loop5): Ending recovery (logdev: internal)
[   33.065222] XFS (loop5): Error -5 reserving per-AG metadata reserve pool.
[   33.067073] XFS (loop3): Mounting V5 Filesystem
[   33.140601] XFS (loop3): Starting recovery (logdev: internal)
[   33.142843] XFS (loop3): Metadata corruption detected at xfs_btree_lookup_get_block+0x272/0x2f0, xfs_refcountbt block 0x28
[   33.144233] XFS (loop3): Unmount and run xfs_repair
[   33.144838] XFS (loop3): Failed to recover leftover CoW staging extents, err -117.
[   33.145905] XFS (loop3): Log I/O Error (0x2) detected at xlog_recover_finish+0xe7/0x160 (fs/xfs/xfs_log_recover.c:3520).  Shutting down filesystem.
[   33.147419] XFS (loop3): Please unmount the filesystem and rectify the problem(s)
[   33.180988] XFS (loop3): Ending recovery (logdev: internal)
[   33.181964] XFS (loop3): Error -5 reserving per-AG metadata reserve pool.
[   33.363071] loop2: detected capacity change from 0 to 32768
[   33.438824] XFS (loop2): Mounting V5 Filesystem
[   33.473308] loop3: detected capacity change from 0 to 32768
[   33.482151] loop1: detected capacity change from 0 to 32768
[   33.504914] loop4: detected capacity change from 0 to 32768
[   33.522768] loop7: detected capacity change from 0 to 32768
[   33.535632] XFS (loop2): Starting recovery (logdev: internal)
[   33.538494] XFS (loop2): Metadata corruption detected at xfs_btree_lookup_get_block+0x272/0x2f0, xfs_refcountbt block 0x28
[   33.540139] XFS (loop2): Unmount and run xfs_repair
[   33.540860] XFS (loop2): Failed to recover leftover CoW staging extents, err -117.
[   33.541958] XFS (loop2): Log I/O Error (0x2) detected at xlog_recover_finish+0xe7/0x160 (fs/xfs/xfs_log_recover.c:3520).  Shutting down filesystem.
[   33.543653] XFS (loop2): Please unmount the filesystem and rectify the problem(s)
[   33.557248] XFS (loop2): Ending recovery (logdev: internal)
[   33.558105] XFS (loop2): Error -5 reserving per-AG metadata reserve pool.
[   33.573107] loop5: detected capacity change from 0 to 32768
[   33.575970] XFS (loop1): Mounting V5 Filesystem
[   33.598445] XFS (loop4): Mounting V5 Filesystem
[   33.598452] XFS (loop3): Mounting V5 Filesystem
[   33.601171] loop6: detected capacity change from 0 to 32768
[   33.603468] XFS (loop7): Mounting V5 Filesystem
[   33.616122] XFS (loop1): Starting recovery (logdev: internal)
[   33.623341] XFS (loop1): Metadata corruption detected at xfs_btree_lookup_get_block+0x272/0x2f0, xfs_refcountbt block 0x28
[   33.624061] loop0: detected capacity change from 0 to 32768
[   33.624710] XFS (loop1): Unmount and run xfs_repair
[   33.625951] XFS (loop1): Failed to recover leftover CoW staging extents, err -117.
[   33.626833] XFS (loop1): Log I/O Error (0x2) detected at xlog_recover_finish+0xe7/0x160 (fs/xfs/xfs_log_recover.c:3520).  Shutting down filesystem.
[   33.628351] XFS (loop1): Please unmount the filesystem and rectify the problem(s)
[   33.660456] XFS (loop4): Starting recovery (logdev: internal)
[   33.679056] XFS (loop4): Metadata corruption detected at xfs_btree_lookup_get_block+0x272/0x2f0, xfs_refcountbt block 0x28
[   33.680726] XFS (loop4): Unmount and run xfs_repair
[   33.681480] XFS (loop4): Failed to recover leftover CoW staging extents, err -117.
[   33.682564] XFS (loop4): Log I/O Error (0x2) detected at xlog_recover_finish+0xe7/0x160 (fs/xfs/xfs_log_recover.c:3520).  Shutting down filesystem.
[   33.684460] XFS (loop4): Please unmount the filesystem and rectify the problem(s)
[   33.685659] XFS (loop1): Ending recovery (logdev: internal)
[   33.686562] XFS (loop1): Error -5 reserving per-AG metadata reserve pool.
[   33.689082] XFS (loop7): Starting recovery (logdev: internal)
[   33.691241] XFS (loop7): Metadata corruption detected at xfs_btree_lookup_get_block+0x272/0x2f0, xfs_refcountbt block 0x28
[   33.692582] XFS (loop7): Unmount and run xfs_repair
[   33.693179] XFS (loop7): Failed to recover leftover CoW staging extents, err -117.
[   33.694072] XFS (loop7): Log I/O Error (0x2) detected at xlog_recover_finish+0xe7/0x160 (fs/xfs/xfs_log_recover.c:3520).  Shutting down filesystem.
[   33.694408] XFS (loop4): Ending recovery (logdev: internal)
[   33.695712] XFS (loop7): Please unmount the filesystem and rectify the problem(s)
[   33.702145] XFS (loop4): Error -5 reserving per-AG metadata reserve pool.
[   33.723990] XFS (loop5): Mounting V5 Filesystem
[   33.725171] XFS (loop7): Ending recovery (logdev: internal)
[   33.726807] XFS (loop3): Starting recovery (logdev: internal)
[   33.747288] XFS (loop3): Metadata corruption detected at xfs_btree_lookup_get_block+0x272/0x2f0, xfs_refcountbt block 0x28
[   33.747475] XFS (loop6): Mounting V5 Filesystem
[   33.749496] XFS (loop3): Unmount and run xfs_repair
[   33.751010] XFS (loop3): Failed to recover leftover CoW staging extents, err -117.
[   33.751307] XFS (loop0): Mounting V5 Filesystem
[   33.752432] XFS (loop3): Log I/O Error (0x2) detected at xlog_recover_finish+0xe7/0x160 (fs/xfs/xfs_log_recover.c:3520).  Shutting down filesystem.
[   33.755189] XFS (loop3): Please unmount the filesystem and rectify the problem(s)
[   33.763951] XFS (loop7): Error -5 reserving per-AG metadata reserve pool.
[   33.771032] XFS (loop3): Ending recovery (logdev: internal)
[   33.771905] XFS (loop3): Error -5 reserving per-AG metadata reserve pool.
[   33.778337] XFS (loop5): Starting recovery (logdev: internal)
[   33.784579] XFS (loop5): Metadata corruption detected at xfs_btree_lookup_get_block+0x272/0x2f0, xfs_refcountbt block 0x28
[   33.786193] XFS (loop5): Unmount and run xfs_repair
[   33.786892] XFS (loop5): Failed to recover leftover CoW staging extents, err -117.
[   33.788038] XFS (loop5): Log I/O Error (0x2) detected at xlog_recover_finish+0xe7/0x160 (fs/xfs/xfs_log_recover.c:3520).  Shutting down filesystem.
[   33.789883] XFS (loop5): Please unmount the filesystem and rectify the problem(s)
[   33.793937] XFS (loop5): Ending recovery (logdev: internal)
[   33.794855] XFS (loop5): Error -5 reserving per-AG metadata reserve pool.
[   33.822808] XFS (loop0): Starting recovery (logdev: internal)
[   33.824734] XFS (loop6): Starting recovery (logdev: internal)
[   33.827247] XFS (loop6): Metadata corruption detected at xfs_btree_lookup_get_block+0x272/0x2f0, xfs_refcountbt block 0x28
[   33.828620] XFS (loop6): Unmount and run xfs_repair
[   33.829253] XFS (loop6): Failed to recover leftover CoW staging extents, err -117.
[   33.829791] XFS (loop0): Metadata corruption detected at xfs_btree_lookup_get_block+0x272/0x2f0, xfs_refcountbt block 0x28
[   33.830198] XFS (loop6): Log I/O Error (0x2) detected at xlog_recover_finish+0xe7/0x160 (fs/xfs/xfs_log_recover.c:3520).  Shutting down filesystem.
[   33.831663] XFS (loop0): Unmount and run xfs_repair
[   33.833461] XFS (loop6): Please unmount the filesystem and rectify the problem(s)
[   33.834157] XFS (loop0): Failed to recover leftover CoW staging extents, err -117.
[   33.835257] XFS (loop6): Ending recovery (logdev: internal)
[   33.836263] XFS (loop0): Log I/O Error (0x2) detected at xlog_recover_finish+0xe7/0x160 (fs/xfs/xfs_log_recover.c:3520).  Shutting down filesystem.
[   33.837196] XFS (loop6): Error -5 reserving per-AG metadata reserve pool.
[   33.838849] XFS (loop0): Please unmount the filesystem and rectify the problem(s)
[   33.861750] XFS (loop0): Ending recovery (logdev: internal)
[   33.862569] XFS (loop0): Error -5 reserving per-AG metadata reserve pool.
[   34.170576] loop2: detected capacity change from 0 to 32768
[   34.191615] loop1: detected capacity change from 0 to 32768
[   34.219010] loop5: detected capacity change from 0 to 32768
[   34.256247] loop4: detected capacity change from 0 to 32768
[   34.274619] XFS (loop2): Mounting V5 Filesystem
[   34.291693] loop7: detected capacity change from 0 to 32768
[   34.310492] loop3: detected capacity change from 0 to 32768
[   34.335865] loop6: detected capacity change from 0 to 32768
[   34.337955] XFS (loop1): Mounting V5 Filesystem
[   34.362727] loop0: detected capacity change from 0 to 32768
[   34.365071] XFS (loop5): Mounting V5 Filesystem
[   34.370136] XFS (loop2): Starting recovery (logdev: internal)
[   34.373116] XFS (loop2): Metadata corruption detected at xfs_btree_lookup_get_block+0x272/0x2f0, xfs_refcountbt block 0x28
[   34.374740] XFS (loop2): Unmount and run xfs_repair
[   34.375462] XFS (loop2): Failed to recover leftover CoW staging extents, err -117.
[   34.376595] XFS (loop2): Log I/O Error (0x2) detected at xlog_recover_finish+0xe7/0x160 (fs/xfs/xfs_log_recover.c:3520).  Shutting down filesystem.
[   34.378438] XFS (loop2): Please unmount the filesystem and rectify the problem(s)
[   34.390028] XFS (loop2): Ending recovery (logdev: internal)
[   34.391025] XFS (loop2): Error -5 reserving per-AG metadata reserve pool.
[   34.403269] XFS (loop4): Mounting V5 Filesystem
[   34.403359] XFS (loop3): Mounting V5 Filesystem
[   34.411793] XFS (loop7): Mounting V5 Filesystem
[   34.417860] XFS (loop6): Mounting V5 Filesystem
[   34.418693] XFS (loop0): Mounting V5 Filesystem
[   34.444649] XFS (loop1): Starting recovery (logdev: internal)
[   34.446199] XFS (loop3): Starting recovery (logdev: internal)
[   34.447214] XFS (loop5): Starting recovery (logdev: internal)
[   34.452071] XFS (loop5): Metadata corruption detected at xfs_btree_lookup_get_block+0x272/0x2f0, xfs_refcountbt block 0x28
[   34.452923] XFS (loop1): Metadata corruption detected at xfs_btree_lookup_get_block+0x272/0x2f0, xfs_refcountbt block 0x28
[   34.453365] XFS (loop5): Unmount and run xfs_repair
[   34.454601] XFS (loop1): Unmount and run xfs_repair
[   34.455158] XFS (loop5): Failed to recover leftover CoW staging extents, err -117.
[   34.455731] XFS (loop1): Failed to recover leftover CoW staging extents, err -117.
[   34.456575] XFS (loop5): Log I/O Error (0x2) detected at xlog_recover_finish+0xe7/0x160 (fs/xfs/xfs_log_recover.c:3520).  Shutting down filesystem.
[   34.457440] XFS (loop1): Log I/O Error (0x2) detected at xlog_recover_finish+0xe7/0x160 (fs/xfs/xfs_log_recover.c:3520).  Shutting down filesystem.
[   34.458960] XFS (loop5): Please unmount the filesystem and rectify the problem(s)
[   34.460594] XFS (loop1): Please unmount the filesystem and rectify the problem(s)
[   34.461984] XFS (loop3): Metadata corruption detected at xfs_btree_lookup_get_block+0x272/0x2f0, xfs_refcountbt block 0x28
[   34.464282] XFS (loop3): Unmount and run xfs_repair
[   34.465027] XFS (loop3): Failed to recover leftover CoW staging extents, err -117.
[   34.466112] XFS (loop3): Log I/O Error (0x2) detected at xlog_recover_finish+0xe7/0x160 (fs/xfs/xfs_log_recover.c:3520).  Shutting down filesystem.
[   34.466482] XFS (loop4): Starting recovery (logdev: internal)
[   34.468005] XFS (loop3): Please unmount the filesystem and rectify the problem(s)
[   34.473589] XFS (loop6): Starting recovery (logdev: internal)
[   34.473599] XFS (loop1): Ending recovery (logdev: internal)
[   34.474969] XFS (loop4): Metadata corruption detected at xfs_btree_lookup_get_block+0x272/0x2f0, xfs_refcountbt block 0x28
[   34.475134] XFS (loop1): Error -5 reserving per-AG metadata reserve pool.
[   34.476289] XFS (loop4): Unmount and run xfs_repair
[   34.477613] XFS (loop4): Failed to recover leftover CoW staging extents, err -117.
[   34.478475] XFS (loop4): Log I/O Error (0x2) detected at xlog_recover_finish+0xe7/0x160 (fs/xfs/xfs_log_recover.c:3520).  Shutting down filesystem.
[   34.479979] XFS (loop4): Please unmount the filesystem and rectify the problem(s)
[   34.480404] XFS (loop3): Ending recovery (logdev: internal)
[   34.481591] XFS (loop7): Starting recovery (logdev: internal)
[   34.481639] XFS (loop3): Error -5 reserving per-AG metadata reserve pool.
[   34.485000] XFS (loop7): Metadata corruption detected at xfs_btree_lookup_get_block+0x272/0x2f0, xfs_refcountbt block 0x28
[   34.485734] XFS (loop5): Ending recovery (logdev: internal)
[   34.486276] XFS (loop7): Unmount and run xfs_repair
[   34.487034] XFS (loop5): Error -5 reserving per-AG metadata reserve pool.
[   34.487512] XFS (loop7): Failed to recover leftover CoW staging extents, err -117.
[   34.489093] XFS (loop7): Log I/O Error (0x2) detected at xlog_recover_finish+0xe7/0x160 (fs/xfs/xfs_log_recover.c:3520).  Shutting down filesystem.
[   34.489870] XFS (loop4): Ending recovery (logdev: internal)
[   34.490559] XFS (loop7): Please unmount the filesystem and rectify the problem(s)
[   34.491312] XFS (loop4): Error -5 reserving per-AG metadata reserve pool.
[   34.493164] XFS (loop6): Metadata corruption detected at xfs_btree_lookup_get_block+0x272/0x2f0, xfs_refcountbt block 0x28
[   34.494430] XFS (loop6): Unmount and run xfs_repair
[   34.494581] XFS (loop7): Ending recovery (logdev: internal)
[   34.495013] XFS (loop6): Failed to recover leftover CoW staging extents, err -117.
[   34.495032] XFS (loop6): Log I/O Error (0x2) detected at xlog_recover_finish+0xe7/0x160 (fs/xfs/xfs_log_recover.c:3520).  Shutting down filesystem.
[   34.496561] XFS (loop7): Error -5 reserving per-AG metadata reserve pool.
[   34.497996] XFS (loop6): Please unmount the filesystem and rectify the problem(s)
[   34.499517] XFS (loop6): Ending recovery (logdev: internal)
[   34.501320] XFS (loop0): Starting recovery (logdev: internal)
[   34.502498] XFS (loop6): Error -5 reserving per-AG metadata reserve pool.
[   34.505347] XFS (loop0): Metadata corruption detected at xfs_btree_lookup_get_block+0x272/0x2f0, xfs_refcountbt block 0x28
[   34.506618] XFS (loop0): Unmount and run xfs_repair
[   34.507191] XFS (loop0): Failed to recover leftover CoW staging extents, err -117.
[   34.508097] XFS (loop0): Log I/O Error (0x2) detected at xlog_recover_finish+0xe7/0x160 (fs/xfs/xfs_log_recover.c:3520).  Shutting down filesystem.
[   34.509577] XFS (loop0): Please unmount the filesystem and rectify the problem(s)
[   34.510440] XFS (loop0): Ending recovery (logdev: internal)
[   34.511129] XFS (loop0): Error -5 reserving per-AG metadata reserve pool.
[   34.796028] loop6: detected capacity change from 0 to 32768
[   34.870243] XFS (loop6): Mounting V5 Filesystem
[   34.880262] loop7: detected capacity change from 0 to 32768
[   34.889615] loop2: detected capacity change from 0 to 32768
[   34.918545] loop5: detected capacity change from 0 to 32768
[   34.926302] XFS (loop6): Starting recovery (logdev: internal)
[   34.930103] XFS (loop6): Metadata corruption detected at xfs_btree_lookup_get_block+0x272/0x2f0, xfs_refcountbt block 0x28
[   34.931423] XFS (loop6): Unmount and run xfs_repair
[   34.932071] XFS (loop6): Failed to recover leftover CoW staging extents, err -117.
[   34.932993] XFS (loop6): Log I/O Error (0x2) detected at xlog_recover_finish+0xe7/0x160 (fs/xfs/xfs_log_recover.c:3520).  Shutting down filesystem.
[   34.934636] XFS (loop6): Please unmount the filesystem and rectify the problem(s)
[   34.966596] loop0: detected capacity change from 0 to 32768
[   34.968602] XFS (loop6): Ending recovery (logdev: internal)
[   34.969546] XFS (loop6): Error -5 reserving per-AG metadata reserve pool.
[   34.994429] loop1: detected capacity change from 0 to 32768
[   35.014088] XFS (loop2): Mounting V5 Filesystem
[   35.019110] loop4: detected capacity change from 0 to 32768
[   35.037777] XFS (loop0): Mounting V5 Filesystem
[   35.045496] XFS (loop5): Mounting V5 Filesystem
[   35.046343] XFS (loop7): Mounting V5 Filesystem
[   35.065411] loop3: detected capacity change from 0 to 32768
[   35.066798] XFS (loop1): Mounting V5 Filesystem
[   35.091168] XFS (loop5): Starting recovery (logdev: internal)
[   35.093029] XFS (loop0): Starting recovery (logdev: internal)
[   35.097818] XFS (loop5): Metadata corruption detected at xfs_btree_lookup_get_block+0x272/0x2f0, xfs_refcountbt block 0x28
[   35.099355] XFS (loop5): Unmount and run xfs_repair
[   35.100131] XFS (loop5): Failed to recover leftover CoW staging extents, err -117.
[   35.101218] XFS (loop5): Log I/O Error (0x2) detected at xlog_recover_finish+0xe7/0x160 (fs/xfs/xfs_log_recover.c:3520).  Shutting down filesystem.
[   35.103049] XFS (loop5): Please unmount the filesystem and rectify the problem(s)
[   35.104718] XFS (loop0): Metadata corruption detected at xfs_btree_lookup_get_block+0x272/0x2f0, xfs_refcountbt block 0x28
[   35.106344] XFS (loop0): Unmount and run xfs_repair
[   35.107068] XFS (loop0): Failed to recover leftover CoW staging extents, err -117.
[   35.108176] XFS (loop0): Log I/O Error (0x2) detected at xlog_recover_finish+0xe7/0x160 (fs/xfs/xfs_log_recover.c:3520).  Shutting down filesystem.
[   35.110017] XFS (loop0): Please unmount the filesystem and rectify the problem(s)
[   35.117936] XFS (loop5): Ending recovery (logdev: internal)
[   35.119201] XFS (loop5): Error -5 reserving per-AG metadata reserve pool.
[   35.122192] XFS (loop0): Ending recovery (logdev: internal)
[   35.123112] XFS (loop0): Error -5 reserving per-AG metadata reserve pool.
[   35.126068] XFS (loop4): Mounting V5 Filesystem
[   35.132685] XFS (loop7): Starting recovery (logdev: internal)
[   35.134607] XFS (loop7): Metadata corruption detected at xfs_btree_lookup_get_block+0x272/0x2f0, xfs_refcountbt block 0x28
[   35.135928] XFS (loop7): Unmount and run xfs_repair
[   35.136517] XFS (loop7): Failed to recover leftover CoW staging extents, err -117.
[   35.137400] XFS (loop7): Log I/O Error (0x2) detected at xlog_recover_finish+0xe7/0x160 (fs/xfs/xfs_log_recover.c:3520).  Shutting down filesystem.
[   35.138889] XFS (loop7): Please unmount the filesystem and rectify the problem(s)
[   35.139775] XFS (loop7): Ending recovery (logdev: internal)
[   35.140470] XFS (loop7): Error -5 reserving per-AG metadata reserve pool.
[   35.145890] XFS (loop2): Starting recovery (logdev: internal)
[   35.148279] XFS (loop2): Metadata corruption detected at xfs_btree_lookup_get_block+0x272/0x2f0, xfs_refcountbt block 0x28
[   35.149610] XFS (loop2): Unmount and run xfs_repair
[   35.150199] XFS (loop2): Failed to recover leftover CoW staging extents, err -117.
[   35.151066] XFS (loop2): Log I/O Error (0x2) detected at xlog_recover_finish+0xe7/0x160 (fs/xfs/xfs_log_recover.c:3520).  Shutting down filesystem.
[   35.152570] XFS (loop2): Please unmount the filesystem and rectify the problem(s)
[   35.165528] XFS (loop2): Ending recovery (logdev: internal)
[   35.170850] XFS (loop2): Error -5 reserving per-AG metadata reserve pool.
[   35.188824] XFS (loop3): Mounting V5 Filesystem
