c[?7l[2J[0mSeaBIOS (version rel-1.16.0-0-gd239552ce722-prebuilt.qemu.org)


iPXE (http://ipxe.org) 00:03.0 CA00 PCI2.10 PnP PMM+7FF91000+7FEF1000 CA00
Press Ctrl-B to configure iPXE (PCI 00:03.0)...                                                                               


Booting from ROM...
c[?7l[2J[    0.000000] Linux version 5.16.0-dabd40ecaf69+ (root@p-rplp02) (gcc (GCC) 8.5.0 20210514 (Red Hat 8.5.0-18), GNU ld version 2.36.1-2.el8) #1 SMP PREEMPT Tue Mar 21 04:11:12 CST 2023
[    0.000000] Command line: console=ttyS0 root=/dev/sda earlyprintk=serial net.ifnames=0
[    0.000000] KERNEL supported cpus:
[    0.000000]   Intel GenuineIntel
[    0.000000]   AMD AuthenticAMD
[    0.000000]   Hygon HygonGenuine
[    0.000000]   Centaur CentaurHauls
[    0.000000]   zhaoxin   Shanghai  
[    0.000000] x86/fpu: Supporting XSAVE feature 0x001: 'x87 floating point registers'
[    0.000000] x86/fpu: Supporting XSAVE feature 0x002: 'SSE registers'
[    0.000000] x86/fpu: Supporting XSAVE feature 0x004: 'AVX registers'
[    0.000000] x86/fpu: Supporting XSAVE feature 0x200: 'Protection Keys User registers'
[    0.000000] x86/fpu: xstate_offset[2]:  576, xstate_sizes[2]:  256
[    0.000000] x86/fpu: xstate_offset[9]:  832, xstate_sizes[9]:    8
[    0.000000] x86/fpu: Enabled xstate features 0x207, context size is 840 bytes, using 'compacted' format.
[    0.000000] signal: max sigframe size: 3632
[    0.000000] BIOS-provided physical RAM map:
[    0.000000] BIOS-e820: [mem 0x0000000000000000-0x000000000009fbff] usable
[    0.000000] BIOS-e820: [mem 0x000000000009fc00-0x000000000009ffff] reserved
[    0.000000] BIOS-e820: [mem 0x00000000000f0000-0x00000000000fffff] reserved
[    0.000000] BIOS-e820: [mem 0x0000000000100000-0x000000007ffdffff] usable
[    0.000000] BIOS-e820: [mem 0x000000007ffe0000-0x000000007fffffff] reserved
[    0.000000] BIOS-e820: [mem 0x00000000feffc000-0x00000000feffffff] reserved
[    0.000000] BIOS-e820: [mem 0x00000000fffc0000-0x00000000ffffffff] reserved
[    0.000000] printk: bootconsole [earlyser0] enabled
[    0.000000] NX (Execute Disable) protection: active
[    0.000000] SMBIOS 2.8 present.
[    0.000000] DMI: QEMU Standard PC (i440FX + PIIX, 1996), BIOS rel-1.16.0-0-gd239552ce722-prebuilt.qemu.org 04/01/2014
[    0.000000] Hypervisor detected: KVM
[    0.000000] kvm-clock: Using msrs 4b564d01 and 4b564d00
[    0.000000] kvm-clock: cpu 0, msr 5601001, primary cpu clock
[    0.000006] kvm-clock: using sched offset of 534421378 cycles
[    0.001055] clocksource: kvm-clock: mask: 0xffffffffffffffff max_cycles: 0x1cd42e4dffb, max_idle_ns: 881590591483 ns
[    0.004052] tsc: Detected 1881.600 MHz processor
[    0.010073] last_pfn = 0x7ffe0 max_arch_pfn = 0x400000000
[    0.011318] x86/PAT: Configuration [0-7]: WB  WC  UC- UC  WB  WP  UC- WT  
[    0.020521] found SMP MP-table at [mem 0x000f5ba0-0x000f5baf]
[    0.021979] Using GB pages for direct mapping
[    0.024500] ACPI: Early table checksum verification disabled
[    0.025651] ACPI: RSDP 0x00000000000F59C0 000014 (v00 BOCHS )
[    0.026743] ACPI: RSDT 0x000000007FFE1951 000034 (v01 BOCHS  BXPC     00000001 BXPC 00000001)
[    0.028353] ACPI: FACP 0x000000007FFE17FD 000074 (v01 BOCHS  BXPC     00000001 BXPC 00000001)
[    0.029925] ACPI: DSDT 0x000000007FFE0040 0017BD (v01 BOCHS  BXPC     00000001 BXPC 00000001)
[    0.031507] ACPI: FACS 0x000000007FFE0000 000040
[    0.032416] ACPI: APIC 0x000000007FFE1871 000080 (v01 BOCHS  BXPC     00000001 BXPC 00000001)
[    0.033976] ACPI: HPET 0x000000007FFE18F1 000038 (v01 BOCHS  BXPC     00000001 BXPC 00000001)
[    0.035565] ACPI: WAET 0x000000007FFE1929 000028 (v01 BOCHS  BXPC     00000001 BXPC 00000001)
[    0.037137] ACPI: Reserving FACP table memory at [mem 0x7ffe17fd-0x7ffe1870]
[    0.038423] ACPI: Reserving DSDT table memory at [mem 0x7ffe0040-0x7ffe17fc]
[    0.039696] ACPI: Reserving FACS table memory at [mem 0x7ffe0000-0x7ffe003f]
[    0.040971] ACPI: Reserving APIC table memory at [mem 0x7ffe1871-0x7ffe18f0]
[    0.042293] ACPI: Reserving HPET table memory at [mem 0x7ffe18f1-0x7ffe1928]
[    0.043601] ACPI: Reserving WAET table memory at [mem 0x7ffe1929-0x7ffe1950]
[    0.046019] No NUMA configuration found
[    0.046759] Faking a node at [mem 0x0000000000000000-0x000000007ffdffff]
[    0.048088] NODE_DATA(0) allocated [mem 0x7ffb5000-0x7ffdffff]
[    0.052578] Zone ranges:
[    0.053076]   DMA      [mem 0x0000000000001000-0x0000000000ffffff]
[    0.054256]   DMA32    [mem 0x0000000001000000-0x000000007ffdffff]
[    0.055422]   Normal   empty
[    0.055973]   Device   empty
[    0.056514] Movable zone start for each node
[    0.057327] Early memory node ranges
[    0.057997]   node   0: [mem 0x0000000000001000-0x000000000009efff]
[    0.059188]   node   0: [mem 0x0000000000100000-0x000000007ffdffff]
[    0.060356] Initmem setup node 0 [mem 0x0000000000001000-0x000000007ffdffff]
[    0.062194] On node 0, zone DMA: 1 pages in unavailable ranges
[    0.062577] On node 0, zone DMA: 97 pages in unavailable ranges
[    0.107924] On node 0, zone DMA32: 32 pages in unavailable ranges
[    0.109265] ACPI: PM-Timer IO Port: 0x608
[    0.110741] ACPI: LAPIC_NMI (acpi_id[0xff] dfl dfl lint[0x1])
[    0.111635] IOAPIC[0]: apic_id 0, version 17, address 0xfec00000, GSI 0-23
[    0.112626] ACPI: INT_SRC_OVR (bus 0 bus_irq 0 global_irq 2 dfl dfl)
[    0.113543] ACPI: INT_SRC_OVR (bus 0 bus_irq 5 global_irq 5 high level)
[    0.114516] ACPI: INT_SRC_OVR (bus 0 bus_irq 9 global_irq 9 high level)
[    0.115481] ACPI: INT_SRC_OVR (bus 0 bus_irq 10 global_irq 10 high level)
[    0.116474] ACPI: INT_SRC_OVR (bus 0 bus_irq 11 global_irq 11 high level)
[    0.117483] ACPI: Using ACPI (MADT) for SMP configuration information
[    0.118453] ACPI: HPET id: 0x8086a201 base: 0xfed00000
[    0.119259] TSC deadline timer available
[    0.119865] smpboot: Allowing 2 CPUs, 0 hotplug CPUs
[    0.120827] kvm-guest: KVM setup pv remote TLB flush
[    0.121607] kvm-guest: setup PV sched yield
[    0.122380] PM: hibernation: Registered nosave memory: [mem 0x00000000-0x00000fff]
[    0.123605] PM: hibernation: Registered nosave memory: [mem 0x0009f000-0x0009ffff]
[    0.124881] PM: hibernation: Registered nosave memory: [mem 0x000a0000-0x000effff]
[    0.126221] PM: hibernation: Registered nosave memory: [mem 0x000f0000-0x000fffff]
[    0.127691] [mem 0x80000000-0xfeffbfff] available for PCI devices
[    0.128830] Booting paravirtualized kernel on KVM
[    0.129793] clocksource: refined-jiffies: mask: 0xffffffff max_cycles: 0xffffffff, max_idle_ns: 7645519600211568 ns
[    0.131793] setup_percpu: NR_CPUS:8192 nr_cpumask_bits:2 nr_cpu_ids:2 nr_node_ids:1
[    0.137170] percpu: Embedded 63 pages/cpu s221184 r8192 d28672 u1048576
[    0.138703] kvm-guest: setup async PF for cpu 0
[    0.139562] kvm-guest: stealtime: cpu 0, msr 7dc35080
[    0.140519] kvm-guest: PV spinlocks enabled
[    0.141305] PV qspinlock hash table entries: 256 (order: 0, 4096 bytes, linear)
[    0.142759] Fallback order for Node 0: 0 
[    0.143548] Built 1 zonelists, mobility grouping on.  Total pages: 515808
[    0.144812] Policy zone: DMA32
[    0.145378] Kernel command line: net.ifnames=0 console=ttyS0 root=/dev/sda earlyprintk=serial net.ifnames=0
[    0.150661] Dentry cache hash table entries: 262144 (order: 9, 2097152 bytes, linear)
[    0.152851] Inode-cache hash table entries: 131072 (order: 8, 1048576 bytes, linear)
[    0.154147] mem auto-init: stack:off, heap alloc:off, heap free:off
[    0.158397] Memory: 1985392K/2096632K available (32785K kernel code, 5318K rwdata, 7856K rodata, 3168K init, 22012K bss, 110984K reserved, 0K cma-reserved)
[    0.160475] random: get_random_u64 called from __kmem_cache_create+0x2f/0x4e0 with crng_init=0
[    0.161247] SLUB: HWalign=64, Order=0-3, MinObjects=0, CPUs=2, Nodes=1
[    0.163340] kmemleak: Kernel memory leak detector disabled
[    0.164154] ftrace: allocating 65751 entries in 257 pages
[    0.270003] ftrace: allocated 257 pages with 2 groups
[    0.273957] Dynamic Preempt: voluntary
[    0.274750] Running RCU self tests
[    0.275263] rcu: Preemptible hierarchical RCU implementation.
[    0.276118] rcu: 	RCU lockdep checking is enabled.
[    0.276830] rcu: 	RCU restricting CPUs from NR_CPUS=8192 to nr_cpu_ids=2.
[    0.277858] 	Trampoline variant of Tasks RCU enabled.
[    0.278673] 	Rude variant of Tasks RCU enabled.
[    0.279407] 	Tracing variant of Tasks RCU enabled.
[    0.280177] rcu: RCU calculated value of scheduler-enlistment delay is 25 jiffies.
[    0.281467] rcu: Adjusting geometry for rcu_fanout_leaf=16, nr_cpu_ids=2
[    0.303496] NR_IRQS: 524544, nr_irqs: 440, preallocated irqs: 16
[    0.321532] Console: colour VGA+ 80x25
[    0.322384] printk: console [ttyS0] enabled
[    0.322384] printk: console [ttyS0] enabled
[    0.323959] printk: bootconsole [earlyser0] disabled
[    0.323959] printk: bootconsole [earlyser0] disabled
[    0.325815] Lock dependency validator: Copyright (c) 2006 Red Hat, Inc., Ingo Molnar
[    0.327276] ... MAX_LOCKDEP_SUBCLASSES:  8
[    0.328057] ... MAX_LOCK_DEPTH:          48
[    0.328850] ... MAX_LOCKDEP_KEYS:        8192
[    0.329680] ... CLASSHASH_SIZE:          4096
[    0.330514] ... MAX_LOCKDEP_ENTRIES:     32768
[    0.331357] ... MAX_LOCKDEP_CHAINS:      65536
[    0.332197] ... CHAINHASH_SIZE:          32768
[    0.333037]  memory used by lock dependency info: 6365 kB
[    0.334053]  memory used for stack traces: 4224 kB
[    0.334977]  per task-struct memory footprint: 1920 bytes
[    0.336076] ACPI: Core revision 20211217
[    0.337171] clocksource: hpet: mask: 0xffffffff max_cycles: 0xffffffff, max_idle_ns: 19112604467 ns
[    0.339124] APIC: Switch to symmetric I/O mode setup
[    0.340595] x2apic enabled
[    0.341624] Switched APIC routing to physical x2apic.
[    0.342614] kvm-guest: setup PV IPIs
[    0.345599] ..TIMER: vector=0x30 apic1=0 pin1=2 apic2=-1 pin2=-1
[    0.346813] clocksource: tsc-early: mask: 0xffffffffffffffff max_cycles: 0x363e8c91135, max_idle_ns: 881590568389 ns
[    0.348872] Calibrating delay loop (skipped) preset value.. 3763.20 BogoMIPS (lpj=7526400)
[    0.350457] pid_max: default: 32768 minimum: 301
[    0.352948] LSM: Security Framework initializing
[    0.353904] Yama: becoming mindful.
[    0.354742] Mount-cache hash table entries: 4096 (order: 3, 32768 bytes, linear)
[    0.356218] Mountpoint-cache hash table entries: 4096 (order: 3, 32768 bytes, linear)
[    0.358525] CPU0: Thermal monitoring enabled (TM1)
[    0.361160] x86/cpu: User Mode Instruction Prevention (UMIP) activated
[    0.365998] Last level iTLB entries: 4KB 0, 2MB 0, 4MB 0
[    0.367175] Last level dTLB entries: 4KB 0, 2MB 0, 4MB 0, 1GB 0
[    0.369073] Spectre V1 : Mitigation: usercopy/swapgs barriers and __user pointer sanitization
[    0.370690] Spectre V2 : Mitigation: Enhanced IBRS
[    0.371593] Spectre V2 : Spectre v2 / SpectreRSB mitigation: Filling RSB on context switch
[    0.372870] Spectre V2 : mitigation: Enabling conditional Indirect Branch Prediction Barrier
[    0.374421] Speculative Store Bypass: Mitigation: Speculative Store Bypass disabled via prctl
[    0.429206] Freeing SMP alternatives memory: 56K
[    0.431254] smpboot: CPU0: Genuine Intel(R) 0000 (family: 0x6, model: 0xba, stepping: 0x2)
[    0.432854] cblist_init_generic: Setting adjustable number of callback queues.
[    0.432854] cblist_init_generic: Setting shift to 1 and lim to 1.
[    0.432946] cblist_init_generic: Setting shift to 1 and lim to 1.
[    0.434170] cblist_init_generic: Setting shift to 1 and lim to 1.
[    0.435361] Running RCU-tasks wait API self tests
[    0.537075] Performance Events: generic architected perfmon, full-width counters, Intel PMU driver.
[    0.538455] ... version:                2
[    0.539019] ... bit width:              48
[    0.539594] ... generic registers:      6
[    0.540165] ... value mask:             0000ffffffffffff
[    0.540861] ... max period:             00007fffffffffff
[    0.541672] ... fixed-purpose events:   3
[    0.542251] ... event mask:             000000070000003f
[    0.543522] rcu: Hierarchical SRCU implementation.
[    0.546614] Callback from call_rcu_tasks_trace() invoked.
[    0.547809] smp: Bringing up secondary CPUs ...
[    0.549107] x86: Booting SMP configuration:
[    0.549660] .... node  #0, CPUs:      #1
[    0.035831] kvm-clock: cpu 1, msr 5601041, secondary cpu clock
[    0.551044] kvm-guest: setup async PF for cpu 1
[    0.551044] kvm-guest: stealtime: cpu 1, msr 7dd35080
[    0.552986] smp: Brought up 1 node, 2 CPUs
[    0.553540] smpboot: Max logical packages: 1
[    0.554089] smpboot: Total of 2 processors activated (7526.40 BogoMIPS)
[    0.563180] devtmpfs: initialized
[    0.563180] x86/mm: Memory block size: 128MB
[    0.568875] clocksource: jiffies: mask: 0xffffffff max_cycles: 0xffffffff, max_idle_ns: 7645041785100000 ns
[    0.570676] futex hash table entries: 512 (order: 4, 65536 bytes, linear)
[    0.572466] pinctrl core: initialized pinctrl subsystem
[    0.573575] 
[    0.573874] *************************************************************
[    0.575120] **     NOTICE NOTICE NOTICE NOTICE NOTICE NOTICE NOTICE    **
[    0.576331] **                                                         **
[    0.576867] **  IOMMU DebugFS SUPPORT HAS BEEN ENABLED IN THIS KERNEL  **
[    0.578084] **                                                         **
[    0.579317] ** This means that this kernel is built to expose internal **
[    0.580536] ** IOMMU data structures, which may compromise security on **
[    0.580861] ** your system.                                            **
[    0.582090] **                                                         **
[    0.583308] ** If you see this message and you are not debugging the   **
[    0.584516] ** kernel, report this immediately to your vendor!         **
[    0.584863] **                                                         **
[    0.586075] **     NOTICE NOTICE NOTICE NOTICE NOTICE NOTICE NOTICE    **
[    0.587282] *************************************************************
[    0.588675] PM: RTC time: 01:09:57, date: 2023-03-21
[    0.590233] NET: Registered PF_NETLINK/PF_ROUTE protocol family
[    0.591993] DMA: preallocated 256 KiB GFP_KERNEL pool for atomic allocations
[    0.592898] DMA: preallocated 256 KiB GFP_KERNEL|GFP_DMA pool for atomic allocations
[    0.594301] DMA: preallocated 256 KiB GFP_KERNEL|GFP_DMA32 pool for atomic allocations
[    0.595799] audit: initializing netlink subsys (disabled)
[    0.596940] audit: type=2000 audit(1679360997.924:1): state=initialized audit_enabled=0 res=1
[    0.598034] thermal_sys: Registered thermal governor 'fair_share'
[    0.598512] thermal_sys: Registered thermal governor 'bang_bang'
[    0.598512] thermal_sys: Registered thermal governor 'step_wise'
[    0.598512] thermal_sys: Registered thermal governor 'user_space'
[    0.598512] cpuidle: using governor ladder
[    0.599791] cpuidle: using governor menu
[    0.600723] acpiphp: ACPI Hot Plug PCI Controller Driver version: 0.5
[    0.601366] PCI: Using configuration type 1 for base access
[    0.616447] kprobes: kprobe jump-optimization is enabled. All kprobes are optimized if possible.
[    0.621002] HugeTLB registered 1.00 GiB page size, pre-allocated 0 pages
[    0.622216] HugeTLB registered 2.00 MiB page size, pre-allocated 0 pages
[    0.629339] ACPI: Added _OSI(Module Device)
[    0.629983] ACPI: Added _OSI(Processor Device)
[    0.630609] ACPI: Added _OSI(3.0 _SCP Extensions)
[    0.631281] ACPI: Added _OSI(Processor Aggregator Device)
[    0.632096] ACPI: Added _OSI(Linux-Dell-Video)
[    0.632873] ACPI: Added _OSI(Linux-Lenovo-NV-HDMI-Audio)
[    0.633638] ACPI: Added _OSI(Linux-HPI-Hybrid-Graphics)
[    0.639248] ACPI: 1 ACPI AML tables successfully acquired and loaded
[    0.640969] Callback from call_rcu_tasks_rude() invoked.
[    0.643600] ACPI: Interpreter enabled
[    0.644313] ACPI: PM: (supports S0 S3 S4 S5)
[    0.644864] ACPI: Using IOAPIC for interrupt routing
[    0.645779] PCI: Using host bridge windows from ACPI; if necessary, use "pci=nocrs" and report a bug
[    0.648137] ACPI: Enabled 2 GPEs in block 00 to 0F
[    0.664231] ACPI: PCI Root Bridge [PCI0] (domain 0000 [bus 00-ff])
[    0.664897] acpi PNP0A03:00: _OSC: OS supports [ASPM ClockPM Segments MSI EDR HPX-Type3]
[    0.666403] acpi PNP0A03:00: _OSC: not requesting OS control; OS requires [ExtendedConfig ASPM ClockPM MSI]
[    0.668272] acpi PNP0A03:00: fail to add MMCONFIG information, can't access extended PCI configuration space under this bridge.
[    0.670769] acpiphp: Slot [3] registered
[    0.671597] acpiphp: Slot [4] registered
[    0.672408] acpiphp: Slot [5] registered
[    0.672937] acpiphp: Slot [6] registered
[    0.673753] acpiphp: Slot [7] registered
[    0.674560] acpiphp: Slot [8] registered
[    0.675395] acpiphp: Slot [9] registered
[    0.676221] acpiphp: Slot [10] registered
[    0.676941] acpiphp: Slot [11] registered
[    0.677759] acpiphp: Slot [12] registered
[    0.678587] acpiphp: Slot [13] registered
[    0.679416] acpiphp: Slot [14] registered
[    0.680235] acpiphp: Slot [15] registered
[    0.680940] acpiphp: Slot [16] registered
[    0.681753] acpiphp: Slot [17] registered
[    0.682584] acpiphp: Slot [18] registered
[    0.683415] acpiphp: Slot [19] registered
[    0.684226] acpiphp: Slot [20] registered
[    0.684949] acpiphp: Slot [21] registered
[    0.685761] acpiphp: Slot [22] registered
[    0.686601] acpiphp: Slot [23] registered
[    0.687427] acpiphp: Slot [24] registered
[    0.688242] acpiphp: Slot [25] registered
[    0.688936] acpiphp: Slot [26] registered
[    0.689880] acpiphp: Slot [27] registered
[    0.690724] acpiphp: Slot [28] registered
[    0.691563] acpiphp: Slot [29] registered
[    0.692432] acpiphp: Slot [30] registered
[    0.692939] acpiphp: Slot [31] registered
[    0.693743] PCI host bridge to bus 0000:00
[    0.694510] pci_bus 0000:00: root bus resource [io  0x0000-0x0cf7 window]
[    0.695791] pci_bus 0000:00: root bus resource [io  0x0d00-0xffff window]
[    0.696865] pci_bus 0000:00: root bus resource [mem 0x000a0000-0x000bffff window]
[    0.698210] pci_bus 0000:00: root bus resource [mem 0x80000000-0xfebfffff window]
[    0.699641] pci_bus 0000:00: root bus resource [mem 0x100000000-0x17fffffff window]
[    0.700869] pci_bus 0000:00: root bus resource [bus 00-ff]
[    0.702051] pci 0000:00:00.0: [8086:1237] type 00 class 0x060000
[    0.707550] pci 0000:00:01.0: [8086:7000] type 00 class 0x060100
[    0.709812] pci 0000:00:01.1: [8086:7010] type 00 class 0x010180
[    0.712477] pci 0000:00:01.1: reg 0x20: [io  0xc040-0xc04f]
[    0.713633] pci 0000:00:01.1: legacy IDE quirk: reg 0x10: [io  0x01f0-0x01f7]
[    0.714954] pci 0000:00:01.1: legacy IDE quirk: reg 0x14: [io  0x03f6]
[    0.716152] pci 0000:00:01.1: legacy IDE quirk: reg 0x18: [io  0x0170-0x0177]
[    0.716873] pci 0000:00:01.1: legacy IDE quirk: reg 0x1c: [io  0x0376]
[    0.718522] pci 0000:00:01.3: [8086:7113] type 00 class 0x068000
[    0.720585] pci 0000:00:01.3: quirk: [io  0x0600-0x063f] claimed by PIIX4 ACPI
[    0.720879] pci 0000:00:01.3: quirk: [io  0x0700-0x070f] claimed by PIIX4 SMB
[    0.723774] pci 0000:00:02.0: [1234:1111] type 00 class 0x030000
[    0.727575] pci 0000:00:02.0: reg 0x10: [mem 0xfd000000-0xfdffffff pref]
[    0.730855] pci 0000:00:02.0: reg 0x18: [mem 0xfebf0000-0xfebf0fff]
[    0.736854] pci 0000:00:02.0: reg 0x30: [mem 0xfebe0000-0xfebeffff pref]
[    0.744357] pci 0000:00:03.0: [8086:100e] type 00 class 0x020000
[    0.745640] pci 0000:00:03.0: reg 0x10: [mem 0xfebc0000-0xfebdffff]
[    0.747347] pci 0000:00:03.0: reg 0x14: [io  0xc000-0xc03f]
[    0.750815] pci 0000:00:03.0: reg 0x30: [mem 0xfeb80000-0xfebbffff pref]
[    0.789455] ACPI: PCI: Interrupt link LNKA configured for IRQ 10
[    0.790837] ACPI: PCI: Interrupt link LNKB configured for IRQ 10
[    0.791993] ACPI: PCI: Interrupt link LNKC configured for IRQ 11
[    0.793126] ACPI: PCI: Interrupt link LNKD configured for IRQ 11
[    0.794397] ACPI: PCI: Interrupt link LNKS configured for IRQ 9
[    0.796913] iommu: Default domain type: Translated 
[    0.796913] iommu: DMA domain TLB invalidation policy: lazy mode 
[    0.797939] pci 0000:00:02.0: vgaarb: setting as boot VGA device
[    0.797939] pci 0000:00:02.0: vgaarb: VGA device added: decodes=io+mem,owns=io+mem,locks=none
[    0.799009] pci 0000:00:02.0: vgaarb: bridge control possible
[    0.800863] vgaarb: loaded
[    0.802869] SCSI subsystem initialized
[    0.805187] ACPI: bus type USB registered
[    0.806005] usbcore: registered new interface driver usbfs
[    0.807026] usbcore: registered new interface driver hub
[    0.808012] usbcore: registered new device driver usb
[    0.809032] pps_core: LinuxPPS API ver. 1 registered
[    0.809926] pps_core: Software ver. 5.3.6 - Copyright 2005-2007 Rodolfo Giometti <giometti@linux.it>
[    0.811544] PTP clock support registered
[    0.812341] EDAC MC: Ver: 3.0.0
[    0.814270] NetLabel: Initializing
[    0.814912] NetLabel:  domain hash size = 128
[    0.815702] NetLabel:  protocols = UNLABELED CIPSOv4 CALIPSO
[    0.816920] NetLabel:  unlabeled traffic allowed by default
[    0.818010] PCI: Using ACPI for IRQ routing
[    0.821010] hpet0: at MMIO 0xfed00000, IRQs 2, 8, 0
[    0.821958] hpet0: 3 comparators, 64-bit 100.000000 MHz counter
[    0.826187] clocksource: Switched to clocksource kvm-clock
[    0.853042] Callback from call_rcu_tasks() invoked.
[    0.953349] VFS: Disk quotas dquot_6.6.0
[    0.954227] VFS: Dquot-cache hash table entries: 512 (order 0, 4096 bytes)
[    0.955926] pnp: PnP ACPI init
[    0.958362] pnp: PnP ACPI: found 6 devices
[    0.970331] clocksource: acpi_pm: mask: 0xffffff max_cycles: 0xffffff, max_idle_ns: 2085701024 ns
[    0.972369] NET: Registered PF_INET protocol family
[    0.973808] IP idents hash table entries: 32768 (order: 6, 262144 bytes, linear)
[    0.976071] tcp_listen_portaddr_hash hash table entries: 1024 (order: 4, 81920 bytes, linear)
[    0.977735] TCP established hash table entries: 16384 (order: 5, 131072 bytes, linear)
[    0.979494] TCP bind hash table entries: 16384 (order: 8, 1179648 bytes, linear)
[    0.983618] TCP: Hash tables configured (established 16384 bind 16384)
[    0.985268] UDP hash table entries: 1024 (order: 5, 163840 bytes, linear)
[    0.986745] UDP-Lite hash table entries: 1024 (order: 5, 163840 bytes, linear)
[    0.988531] NET: Registered PF_UNIX/PF_LOCAL protocol family
[    0.990635] RPC: Registered named UNIX socket transport module.
[    0.991718] RPC: Registered udp transport module.
[    0.992590] RPC: Registered tcp transport module.
[    0.993466] RPC: Registered tcp NFSv4.1 backchannel transport module.
[    0.994667] pci_bus 0000:00: resource 4 [io  0x0000-0x0cf7 window]
[    0.995778] pci_bus 0000:00: resource 5 [io  0x0d00-0xffff window]
[    0.996953] pci_bus 0000:00: resource 6 [mem 0x000a0000-0x000bffff window]
[    0.998175] pci_bus 0000:00: resource 7 [mem 0x80000000-0xfebfffff window]
[    0.999399] pci_bus 0000:00: resource 8 [mem 0x100000000-0x17fffffff window]
[    1.001014] pci 0000:00:01.0: PIIX3: Enabling Passive Release
[    1.002069] pci 0000:00:00.0: Limiting direct PCI/PCI transfers
[    1.003149] pci 0000:00:01.0: Activating ISA DMA hang workarounds
[    1.004367] pci 0000:00:02.0: Video device with shadowed ROM at [mem 0x000c0000-0x000dffff]
[    1.005956] PCI: CLS 0 bytes, default 64
[    1.007176] ACPI: bus type thunderbolt registered
[    1.008403] clocksource: tsc: mask: 0xffffffffffffffff max_cycles: 0x363e8c91135, max_idle_ns: 881590568389 ns
[    3.373294] Initialise system trusted keyrings
[    3.374103] Key type blacklist registered
[    3.375065] workingset: timestamp_bits=36 max_order=19 bucket_order=0
[    3.388526] zbud: loaded
[    3.391131] squashfs: version 4.0 (2009/01/31) Phillip Lougher
[    3.394673] NFS: Registering the id_resolver key type
[    3.395681] Key type id_resolver registered
[    3.396493] Key type id_legacy registered
[    3.397428] nfs4filelayout_init: NFSv4 File Layout Driver Registering...
[    3.398729] nfs4flexfilelayout_init: NFSv4 Flexfile Layout Driver Registering...
[    3.400476] fuse: init (API version 7.35)
[    3.401902] SGI XFS with ACLs, security attributes, realtime, quota, no debug enabled
[    3.406022] 9p: Installing v9fs 9p2000 file system support
[    3.414276] Key type asymmetric registered
[    3.415107] Asymmetric key parser 'x509' registered
[    3.419010] alg: self-tests for CTR-KDF (hmac(sha256)) passed
[    3.420282] Block layer SCSI generic (bsg) driver version 0.4 loaded (major 243)
[    3.421764] io scheduler mq-deadline registered
[    3.422807] io scheduler bfq registered
[    3.425197] shpchp: Standard Hot Plug PCI Controller Driver version: 0.4
[    3.427066] IPMI message handler: version 39.2
[    3.427903] ipmi device interface
[    3.430439] input: Power Button as /devices/LNXSYSTM:00/LNXPWRBN:00/input/input0
[    3.432219] ACPI: button: Power Button [PWRF]
[    3.434410] ERST DBG: ERST support is disabled.
[    3.436053] Serial: 8250/16550 driver, 32 ports, IRQ sharing enabled
[    3.438146] 00:04: ttyS0 at I/O 0x3f8 (irq = 4, base_baud = 115200) is a 16550A
[    3.451481] Linux agpgart interface v0.103
[    3.453110] ACPI: bus type drm_connector registered
[    3.469283] brd: module loaded
[    3.479952] loop: module loaded
[    3.487375] scsi host0: ata_piix
[    3.489321] scsi host1: ata_piix
[    3.490192] ata1: PATA max MWDMA2 cmd 0x1f0 ctl 0x3f6 bmdma 0xc040 irq 14
[    3.491460] ata2: PATA max MWDMA2 cmd 0x170 ctl 0x376 bmdma 0xc048 irq 15
[    3.494471] tun: Universal TUN/TAP device driver, 1.6
[    3.495822] e100: Intel(R) PRO/100 Network Driver
[    3.496758] e100: Copyright(c) 1999-2006 Intel Corporation
[    3.497870] e1000: Intel(R) PRO/1000 Network Driver
[    3.498778] e1000: Copyright (c) 1999-2006 Intel Corporation.
[    3.654250] ata2.00: ATAPI: QEMU DVD-ROM, 2.5+, max UDMA/100
[    3.656591] ata1.00: ATA-7: QEMU HARDDISK, 2.5+, max UDMA/100
[    3.657699] ata1.00: 16777216 sectors, multi 16: LBA48 
[    3.659676] ata1.00: Read log 0x00 page 0x00 failed, Emask 0x1
[    3.662452] scsi 0:0:0:0: Direct-Access     ATA      QEMU HARDDISK    2.5+ PQ: 0 ANSI: 5
[    3.665064] scsi 0:0:0:0: Attached scsi generic sg0 type 0
[    3.666865] scsi 1:0:0:0: CD-ROM            QEMU     QEMU DVD-ROM     2.5+ PQ: 0 ANSI: 5
[    3.669667] scsi 1:0:0:0: Attached scsi generic sg1 type 5
[    3.671399] sd 0:0:0:0: [sda] 16777216 512-byte logical blocks: (8.59 GB/8.00 GiB)
[    3.672993] sd 0:0:0:0: [sda] Write Protect is off
[    3.673954] sd 0:0:0:0: [sda] Write cache: enabled, read cache: enabled, doesn't support DPO or FUA
[    3.677754] ACPI: \_SB_.LNKC: Enabled at IRQ 11
[    3.709093] sd 0:0:0:0: [sda] Attached SCSI disk
[    4.042672] e1000 0000:00:03.0 eth0: (PCI:33MHz:32-bit) 52:54:00:12:34:56
[    4.043688] e1000 0000:00:03.0 eth0: Intel(R) PRO/1000 Network Connection
[    4.044799] e1000e: Intel(R) PRO/1000 Network Driver
[    4.045556] e1000e: Copyright(c) 1999 - 2015 Intel Corporation.
[    4.046538] igb: Intel(R) Gigabit Ethernet Network Driver
[    4.047403] igb: Copyright (c) 2007-2014 Intel Corporation.
[    4.048432] PPP generic driver version 2.4.2
[    4.049999] VFIO - User Level meta-driver version: 0.3
[    4.051046] ehci_hcd: USB 2.0 'Enhanced' Host Controller (EHCI) Driver
[    4.052255] ehci-pci: EHCI PCI platform driver
[    4.053148] ehci-platform: EHCI generic platform driver
[    4.054123] ohci_hcd: USB 1.1 'Open' Host Controller (OHCI) Driver
[    4.055288] ohci-pci: OHCI PCI platform driver
[    4.056134] ohci-platform: OHCI generic platform driver
[    4.057115] uhci_hcd: USB Universal Host Controller Interface driver
[    4.058827] usbcore: registered new interface driver uas
[    4.059720] usbcore: registered new interface driver usb-storage
[    4.060819] i8042: PNP: PS/2 Controller [PNP0303:KBD,PNP0f13:MOU] at 0x60,0x64 irq 1,12
[    4.063474] serio: i8042 KBD port at 0x60,0x64 irq 1
[    4.064294] serio: i8042 AUX port at 0x60,0x64 irq 12
[    4.066578] mousedev: PS/2 mouse device common for all mice
[    4.068915] input: AT Translated Set 2 keyboard as /devices/platform/i8042/serio0/input/input1
[    4.069283] rtc_cmos 00:05: RTC can wake from S4
[    4.072819] input: VirtualPS/2 VMware VMMouse as /devices/platform/i8042/serio1/input/input4
[    4.073397] rtc_cmos 00:05: registered as rtc0
[    4.075215] rtc_cmos 00:05: setting system clock to 2023-03-21T01:10:00 UTC (1679361000)
[    4.077010] rtc_cmos 00:05: alarms up to one day, y3k, 242 bytes nvram, hpet irqs
[    4.077223] input: VirtualPS/2 VMware VMMouse as /devices/platform/i8042/serio1/input/input3
[    4.078396] i2c_dev: i2c /dev entries driver
[    4.080656] device-mapper: core: CONFIG_IMA_DISABLE_HTABLE is disabled. Duplicate IMA measurements will not be recorded in the IMA log.
[    4.083008] device-mapper: uevent: version 1.0.3
[    4.084497] device-mapper: ioctl: 4.45.0-ioctl (2021-03-22) initialised: dm-devel@redhat.com
[    4.086067] intel_pstate: CPU model not supported
[    4.087031] sdhci: Secure Digital Host Controller Interface driver
[    4.088242] sdhci: Copyright(c) Pierre Ossman
[    4.089159] sdhci-pltfm: SDHCI platform and OF driver helper
[    4.090286] ledtrig-cpu: registered to indicate activity on CPUs
[    4.091687] drop_monitor: Initializing network drop monitor service
[    4.093596] NET: Registered PF_INET6 protocol family
[    4.098360] Segment Routing with IPv6
[    4.099010] In-situ OAM (IOAM) with IPv6
[    4.099692] NET: Registered PF_PACKET protocol family
[    4.100918] 9pnet: Installing 9P2000 support
[    4.101810] Key type dns_resolver registered
[    4.103615] IPI shorthand broadcast: enabled
[    4.104480] sched_clock: Marking stable (4071530032, 31831211)->(4121605783, -18244540)
[    4.106686] registered taskstats version 1
[    4.107679] Loading compiled-in X.509 certificates
[    4.109070] zswap: loaded using pool lzo/zbud
[    4.111372] Key type ._fscrypt registered
[    4.112025] Key type .fscrypt registered
[    4.112628] Key type fscrypt-provisioning registered
[    4.115161] Key type encrypted registered
[    4.116015] ima: No TPM chip found, activating TPM-bypass!
[    4.117077] ima: Allocated hash algorithm: sha1
[    4.118009] ima: No architecture policies found
[    4.118905] evm: Initialising EVM extended attributes:
[    4.119837] evm: security.selinux
[    4.120456] evm: security.SMACK64
[    4.121088] evm: security.SMACK64EXEC
[    4.121760] evm: security.SMACK64TRANSMUTE
[    4.122515] evm: security.SMACK64MMAP
[    4.123184] evm: security.apparmor
[    4.123810] evm: security.ima
[    4.124368] evm: security.capability
[    4.125043] evm: HMAC attrs: 0x1
[    4.133326] PM:   Magic number: 15:278:155
[    4.134162] bdi 1:7: hash matches
[    4.135435] RAS: Correctable Errors collector initialized.
[    4.138082] md: Waiting for all devices to be available before autodetect
[    4.139116] md: If you don't use raid, use raid=noautodetect
[    4.140066] md: Autodetecting RAID arrays.
[    4.140833] md: autorun ...
[    4.141394] md: ... autorun DONE.
[    4.164314] EXT4-fs (sda): mounted filesystem with ordered data mode. Opts: (null). Quota mode: none.
[    4.165886] VFS: Mounted root (ext4 filesystem) readonly on device 8:0.
[    4.169318] devtmpfs: mounted
[    4.178736] Freeing unused decrypted memory: 2036K
[    4.183326] Freeing unused kernel image (initmem) memory: 3168K
[    4.184440] Write protecting the kernel read-only data: 43008k
[    4.189045] Freeing unused kernel image (text/rodata gap) memory: 2028K
[    4.190587] Freeing unused kernel image (rodata/data gap) memory: 336K
[    4.277997] x86/mm: Checked W+X mappings: passed, no W+X pages found.
[    4.279242] Run /sbin/init as init process
[    4.374646] random: fast init done
[    4.415973] systemd[1]: RTC configured in localtime, applying delta of 0 minutes to system time.
[    4.461941] systemd[1]: systemd 239 (239-49.el8) running in system mode. (+PAM +AUDIT +SELINUX +IMA -APPARMOR +SMACK +SYSVINIT +UTMP +LIBCRYPTSETUP +GCRYPT +GNUTLS +ACL +XZ +LZ4 +SECCOMP +BLKID +ELFUTILS +KMOD +IDN2 -IDN +PCRE2 default-hierarchy=legacy)
[    4.465379] systemd[1]: Detected virtualization kvm.
[    4.466116] systemd[1]: Detected architecture x86-64.

Welcome to [0;31mCentOS Stream 8[0m!

[    4.494971] systemd[1]: Set hostname to <test>.
[    4.672108] random: lvmconfig: uninitialized urandom read (4 bytes read)
[    4.878946] random: systemd: uninitialized urandom read (16 bytes read)
[    4.880564] systemd[1]: Listening on Device-mapper event daemon FIFOs.
[[0;32m  OK  [0m] Listening on Device-mapper event daemon FIFOs.
[    4.883219] random: systemd: uninitialized urandom read (16 bytes read)
[    4.884840] systemd[1]: Listening on LVM2 poll daemon socket.
[[0;32m  OK  [0m] Listening on LVM2 poll daemon socket.
[    4.894691] systemd[1]: Listening on Process Core Dump Socket.
[[0;32m  OK  [0m] Listening on Process Core Dump Socket.
[    4.897167] systemd[1]: Started Forward Password Requests to Wall Directory Watch.
[[0;32m  OK  [0m] Started Forward Password Requests to Wall Directory Watch.
[    4.903460] systemd[1]: Created slice system-serial\x2dgetty.slice.
[[0;32m  OK  [0m] Created slice system-serial\x2dgetty.slice.
[    4.906019] systemd[1]: Reached target Swap.
[[0;32m  OK  [0m] Reached target Swap.
[[0;32m  OK  [0m] Listening on Journal Socket (/dev/log).
[[0;32m  OK  [0m] Listening on udev Control Socket.
[[0;32m  OK  [0m] Created slice User and Session Slice.
[[0;32m  OK  [0m] Listening on udev Kernel Socket.
[[0;32m  OK  [0m] Listening on Journal Socket.
         Mounting POSIX Message Queue File System...
         Starting Setup Virtual Console...
         Starting Journal Service...
         Starting Load Kernel Modules...
         Starting Monitoring of LVM2 mirrorsâ€¦ng dmeventd or progress polling...
         Starting Remount Root and Kernel File Systems...
[[0;32m  OK  [0m] Reached target Slices.
         Starting udev Coldplug all Devices...
[[0;32m  OK  [0m] Set up automount Arbitrary Executabâ€¦rmats File System Automount Point.
[[0;32m  OK  [0m] Listening on RPCbind Server Activation Socket.
[[0;32m  OK  [0m] Reached target RPC Port Mapper.
         Mounting Huge Pages File System...
[[0;32m  OK  [0m] Listening on multipathd control socket.
[[0;32m  OK  [0m] Created slice system-getty.slice.
[[0;32m  OK  [0m] Listening on initctl Compatibility Named Pipe.
         Mounting Kernel Debug File System...
[[0;32m  OK  [0m] Created slice system-sshd\x2dkeygen.slice.
[    5.320937] EXT4-fs (sda): re-mounted. Opts: (null). Quota mode: none.
[[0;32m  OK  [0m] Started Journal Service.
[[0;32m  OK  [0m] Mounted POSIX Message Queue File System.
[[0;1;31mFAILED[0m] Failed to start Load Kernel Modules.
See 'systemctl status systemd-modules-load.service' for details.
[[0;32m  OK  [0m] Started Remount Root and Kernel File Systems.
[[0;32m  OK  [0m] Mounted Huge Pages File System.
[[0;32m  OK  [0m] Mounted Kernel Debug File System.
         Starting Create Static Device Nodes in /dev...
         Starting Load/Save Random Seed...
         Mounting FUSE Control File System...
         Mounting Kernel Configuration File System...
         Starting Apply Kernel Variables...
         Starting Flush Journal to Persistent Storage...
[[0;32m  OK  [0m] Started Setup Virtual Console.
[[0;32m  OK  [0m] Started udev Coldplug all Devices.
[[0;32m  OK  [0m] Started Create Static Device Nodes in /dev.
[[0;32m  OK  [0m] Started Load/Save Random Seed.
[[0;32m  OK  [0m] Mounted FUSE Control File System.
[[0;32m  OK  [0m] Mounted Kernel Configuration File System.
[[0;32m  OK  [0m] Started Apply Kernel Variables.
         Starting udev Kernel Device Manager...
         Starting udev Wait for Complete Device Initialization...
[[0;32m  OK  [0m] Started Flush Journal to Persistent Storage.
[[0;32m  OK  [0m] Started udev Kernel Device Manager.
         Starting Show Plymouth Boot Screen...
[[0;32m  OK  [0m] Started Show Plymouth Boot Screen.
[[0;32m  OK  [0m] Started Forward Password Requests to Plymouth Directory Watch.
[[0;32m  OK  [0m] Reached target Paths.
[[0;32m  OK  [0m] Reached target Local Encrypted Volumes.
[[0;32m  OK  [0m] Found device /dev/ttyS0.
[[0;32m  OK  [0m] Started Monitoring of LVM2 mirrors,â€¦sing dmeventd or progress polling.
[[0;32m  OK  [0m] Listening on Load/Save RF Kill Switch Status /dev/rfkill Watch.
[[0;32m  OK  [0m] Started udev Wait for Complete Device Initialization.
[[0;32m  OK  [0m] Reached target Local File Systems (Pre).
[[0;32m  OK  [0m] Reached target Local File Systems.
         Starting Restore /run/initramfs on shutdown...
         Starting Create Volatile Files and Directories...
         Starting Tell Plymouth To Write Out Runtime Data...
[[0;32m  OK  [0m] Started Restore /run/initramfs on shutdown.
[[0;32m  OK  [0m] Started Tell Plymouth To Write Out Runtime Data.
[[0;32m  OK  [0m] Started Create Volatile Files and Directories.
         Mounting RPC Pipe File System...
         Starting Security Auditing Service...
         Starting RPC Bind...
[[0;32m  OK  [0m] Mounted RPC Pipe File System.
[[0;32m  OK  [0m] Reached target rpc_pipefs.target.
[[0;32m  OK  [0m] Started RPC Bind.
[[0;32m  OK  [0m] Started Security Auditing Service.
         Starting Update UTMP about System Boot/Shutdown...
[[0;32m  OK  [0m] Started Update UTMP about System Boot/Shutdown.
[[0;32m  OK  [0m] Reached target System Initialization.
[[0;32m  OK  [0m] Started daily update of the root trust anchor for DNSSEC.
[[0;32m  OK  [0m] Started Daily Cleanup of Temporary Directories.
[[0;32m  OK  [0m] Listening on SSSD Kerberos Cache Manager responder socket.
[[0;32m  OK  [0m] Started dnf makecache --timer.
[[0;32m  OK  [0m] Reached target Timers.
[[0;32m  OK  [0m] Listening on D-Bus System Message Bus Socket.
[[0;32m  OK  [0m] Reached target Sockets.
[[0;32m  OK  [0m] Reached target Basic System.
[[0;32m  OK  [0m] Started irqbalance daemon.
         Starting Self Monitoring and Reporting Technology (SMART) Daemon...
[[0;32m  OK  [0m] Started Machine Check Exception Logging Daemon.
         Starting Auto-connect to subsystemsâ€¦-NVME devices found during boot...
[[0;32m  OK  [0m] Reached target sshd-keygen.target.
         Starting NTP client/server...
         Starting Login Service...
         Starting Authorization Manager...
[[0;32m  OK  [0m] Started D-Bus System Message Bus.
         Starting Network Manager...
[[0;32m  OK  [0m] Started Self Monitoring and Reporting Technology (SMART) Daemon.
[[0;32m  OK  [0m] Started Auto-connect to subsystems â€¦FC-NVME devices found during boot.
         Starting update of the root trust aâ€¦or DNSSEC validation in unbound...
[[0;32m  OK  [0m] Started Login Service.
[[0;32m  OK  [0m] Started NTP client/server.
[[0;32m  OK  [0m] Started Network Manager.
         Starting Network Manager Wait Online...
[[0;32m  OK  [0m] Reached target Network.
         Starting OpenSSH server daemon...
         Starting Dynamic System Tuning Daemon...
         Starting GSSAPI Proxy Daemon...
         Starting Hostname Service...
[[0;32m  OK  [0m] Started Authorization Manager.
[[0;32m  OK  [0m] Started Hostname Service.
         Starting Network Manager Script Dispatcher Service...
[[0;32m  OK  [0m] Started Network Manager Script Dispatcher Service.
[    7.769157] e1000: eth0 NIC Link is Up 1000 Mbps Full Duplex, Flow Control: RX
[    7.771137] IPv6: ADDRCONF(NETDEV_CHANGE): eth0: link becomes ready
[[0;32m  OK  [0m] Started Dynamic System Tuning Daemon.
[    8.637186] random: crng init done
[    8.637952] random: 7 urandom warning(s) missed due to ratelimiting
[[0;32m  OK  [0m] Started update of the root trust anâ€¦ for DNSSEC validation in unbound.
[[0;32m  OK  [0m] Started GSSAPI Proxy Daemon.
[[0;32m  OK  [0m] Reached target NFS client services.
[[0;32m  OK  [0m] Reached target Remote File Systems (Pre).
[[0;32m  OK  [0m] Reached target Remote File Systems.
         Starting Permit User Sessions...
[[0;32m  OK  [0m] Started OpenSSH server daemon.
[[0;32m  OK  [0m] Started Permit User Sessions.
         Starting Hold until boot process finishes up...
         Starting Terminate Plymouth Boot Screen...
[[0;32m  OK  [0m] Started Command Scheduler.

CentOS Stream 8
Kernel 5.16.0-dabd40ecaf69+ on an x86_64

test login: [   28.813297] loop3: detected capacity change from 0 to 32768
[   28.823745] loop1: detected capacity change from 0 to 32768
[   28.845992] loop0: detected capacity change from 0 to 32768
[   28.849808] loop2: detected capacity change from 0 to 32768
[   28.864268] loop4: detected capacity change from 0 to 32768
[   28.890881] loop6: detected capacity change from 0 to 32768
[   28.893224] XFS (loop3): Mounting V5 Filesystem
[   28.899748] loop7: detected capacity change from 0 to 32768
[   28.934729] loop5: detected capacity change from 0 to 32768
[   28.941173] XFS (loop0): Mounting V5 Filesystem
[   28.942864] XFS (loop2): Mounting V5 Filesystem
[   28.951379] XFS (loop1): Mounting V5 Filesystem
[   28.961660] XFS (loop4): Mounting V5 Filesystem
[   29.005026] XFS (loop3): Starting recovery (logdev: internal)
[   29.012006] XFS (loop3): Ending recovery (logdev: internal)
[   29.013341] XFS (loop3): Metadata CRC error detected at xfs_agf_read_verify+0x102/0x130, xfs_agf block 0x1 
[   29.015429] XFS (loop3): Unmount and run xfs_repair
[   29.016495] XFS (loop3): First 128 bytes of corrupted metadata buffer:
[   29.017933] 00000000: 58 41 47 46 00 00 00 01 00 00 00 00 00 00 10 00  XAGF............
[   29.019636] 00000010: 00 00 00 01 00 00 00 02 00 00 00 00 00 00 00 01  ................
[   29.021378] 00000020: 00 00 00 01 00 00 00 00 00 00 00 01 00 00 00 04  ................
[   29.023086] 00000030: 00 00 00 04 00 00 0a 58 00 00 0a 50 00 00 00 00  .......X...P....
[   29.024812] 00000040: 9f 1c ad 42 11 bd 4e 12 8f 0b f0 78 76 b8 1d 9a  ...B..N....xv...
[   29.026551] 00000050: 00 00 00 00 00 00 00 01 00 00 00 05 00 00 00 08  ................
[   29.028262] 00000060: 00 00 00 00 00 00 00 00 00 00 00 00 00 00 00 00  ................
[   29.029995] 00000070: 00 00 00 00 00 00 00 00 00 00 00 00 00 00 00 00  ................
[   29.031781] XFS (loop3): metadata I/O error in "xfs_read_agf+0xcb/0x280" at daddr 0x1 len 1 error 74
[   29.034115] XFS (loop3): Error -117 recovering leftover CoW allocations.
[   29.036214] XFS (loop3): Corruption of in-memory data (0x8) detected at xfs_mountfs+0xb5e/0xc90 (fs/xfs/xfs_mount.c:944).  Shutting down filesystem.
[   29.038621] XFS (loop3): Please unmount the filesystem and rectify the problem(s)
[   29.039129] XFS (loop2): Starting recovery (logdev: internal)
[   29.044198] XFS (loop0): Starting recovery (logdev: internal)
[   29.048142] XFS (loop6): Mounting V5 Filesystem
[   29.051440] XFS (loop7): Mounting V5 Filesystem
[   29.052015] XFS (loop0): Ending recovery (logdev: internal)
[   29.053879] XFS (loop2): Ending recovery (logdev: internal)
[   29.055359] XFS (loop0): Metadata CRC error detected at xfs_agf_read_verify+0x102/0x130, xfs_agf block 0x1 
[   29.057602] XFS (loop0): Unmount and run xfs_repair
[   29.058659] XFS (loop0): First 128 bytes of corrupted metadata buffer:
[   29.059490] XFS (loop2): Metadata CRC error detected at xfs_agf_read_verify+0x102/0x130, xfs_agf block 0x1 
[   29.060068] 00000000: 58 41 47 46 00 00 00 01 00 00 00 00 00 00 10 00  XAGF............
[   29.062241] XFS (loop2): Unmount and run xfs_repair
[   29.063940] 00000010: 00 00 00 01 00 00 00 02 00 00 00 00 00 00 00 01  ................
[   29.065000] XFS (loop2): First 128 bytes of corrupted metadata buffer:
[   29.066671] 00000020: 00 00 00 01 00 00 00 00 00 00 00 01 00 00 00 04  ................
[   29.068045] 00000000: 58 41 47 46 00 00 00 01 00 00 00 00 00 00 10 00  XAGF............
[   29.069736] 00000030: 00 00 00 04 00 00 0a 58 00 00 0a 50 00 00 00 00  .......X...P....
[   29.071409] 00000010: 00 00 00 01 00 00 00 02 00 00 00 00 00 00 00 01  ................
[   29.073094] 00000040: 9f 1c ad 42 11 bd 4e 12 8f 0b f0 78 76 b8 1d 9a  ...B..N....xv...
[   29.074759] 00000020: 00 00 00 01 00 00 00 00 00 00 00 01 00 00 00 04  ................
[   29.076431] 00000050: 00 00 00 00 00 00 00 01 00 00 00 05 00 00 00 08  ................
[   29.078120] 00000030: 00 00 00 04 00 00 0a 58 00 00 0a 50 00 00 00 00  .......X...P....
[   29.079787] 00000060: 00 00 00 00 00 00 00 00 00 00 00 00 00 00 00 00  ................
[   29.081509] 00000040: 9f 1c ad 42 11 bd 4e 12 8f 0b f0 78 76 b8 1d 9a  ...B..N....xv...
[   29.083176] 00000070: 00 00 00 00 00 00 00 00 00 00 00 00 00 00 00 00  ................
[   29.084880] 00000050: 00 00 00 00 00 00 00 01 00 00 00 05 00 00 00 08  ................
[   29.088127] XFS (loop0): metadata I/O error in "xfs_read_agf+0xcb/0x280" at daddr 0x1 len 1 error 74
[   29.088254] 00000060: 00 00 00 00 00 00 00 00 00 00 00 00 00 00 00 00  ................
[   29.090273] XFS (loop0): Error -117 recovering leftover CoW allocations.
[   29.091959] 00000070: 00 00 00 00 00 00 00 00 00 00 00 00 00 00 00 00  ................
[   29.093510] XFS (loop0): Corruption of in-memory data (0x8) detected at xfs_mountfs+0xb5e/0xc90 (fs/xfs/xfs_mount.c:944).  Shutting down filesystem.
[   29.097906] XFS (loop0): Please unmount the filesystem and rectify the problem(s)
[   29.101943] XFS (loop2): metadata I/O error in "xfs_read_agf+0xcb/0x280" at daddr 0x1 len 1 error 74
[   29.104473] XFS (loop2): Error -117 recovering leftover CoW allocations.
[   29.107343] XFS (loop2): Corruption of in-memory data (0x8) detected at xfs_mountfs+0xb5e/0xc90 (fs/xfs/xfs_mount.c:944).  Shutting down filesystem.
[   29.110765] XFS (loop2): Please unmount the filesystem and rectify the problem(s)
[   29.117834] XFS (loop5): Mounting V5 Filesystem
[   29.139434] XFS (loop1): Starting recovery (logdev: internal)
[   29.144120] XFS (loop5): Starting recovery (logdev: internal)
[   29.146978] XFS (loop5): Ending recovery (logdev: internal)
[   29.148446] XFS (loop5): Metadata CRC error detected at xfs_agf_read_verify+0x102/0x130, xfs_agf block 0x1 
[   29.150661] XFS (loop5): Unmount and run xfs_repair
[   29.151718] XFS (loop5): First 128 bytes of corrupted metadata buffer:
[   29.152237] XFS (loop7): Starting recovery (logdev: internal)
[   29.153136] 00000000: 58 41 47 46 00 00 00 01 00 00 00 00 00 00 10 00  XAGF............
[   29.153153] 00000010: 00 00 00 01 00 00 00 02 00 00 00 00 00 00 00 01  ................
[   29.157780] 00000020: 00 00 00 01 00 00 00 00 00 00 00 01 00 00 00 04  ................
[   29.158840] XFS (loop6): Starting recovery (logdev: internal)
[   29.159464] 00000030: 00 00 00 04 00 00 0a 58 00 00 0a 50 00 00 00 00  .......X...P....
[   29.162401] 00000040: 9f 1c ad 42 11 bd 4e 12 8f 0b f0 78 76 b8 1d 9a  ...B..N....xv...
[   29.164083] 00000050: 00 00 00 00 00 00 00 01 00 00 00 05 00 00 00 08  ................
[   29.165471] XFS (loop1): Ending recovery (logdev: internal)
[   29.165778] 00000060: 00 00 00 00 00 00 00 00 00 00 00 00 00 00 00 00  ................
[   29.167689] XFS (loop7): Ending recovery (logdev: internal)
[   29.168645] 00000070: 00 00 00 00 00 00 00 00 00 00 00 00 00 00 00 00  ................
[   29.168768] XFS (loop5): metadata I/O error in "xfs_read_agf+0xcb/0x280" at daddr 0x1 len 1 error 74
[   29.171444] XFS (loop4): Starting recovery (logdev: internal)
[   29.171593] XFS (loop5): Error -117 recovering leftover CoW allocations.
[   29.176185] XFS (loop1): Metadata CRC error detected at xfs_agf_read_verify+0x102/0x130, xfs_agf block 0x1 
[   29.176344] XFS (loop5): Corruption of in-memory data (0x8) detected at xfs_mountfs+0xb5e/0xc90 (fs/xfs/xfs_mount.c:944).  Shutting down filesystem.
[   29.178357] XFS (loop1): Unmount and run xfs_repair
[   29.181102] XFS (loop5): Please unmount the filesystem and rectify the problem(s)
[   29.182141] XFS (loop1): First 128 bytes of corrupted metadata buffer:
[   29.185092] 00000000: 58 41 47 46 00 00 00 01 00 00 00 00 00 00 10 00  XAGF............
[   29.185513] XFS (loop7): Metadata CRC error detected at xfs_agf_read_verify+0x102/0x130, xfs_agf block 0x1 
[   29.186763] 00000010: 00 00 00 01 00 00 00 02 00 00 00 00 00 00 00 01  ................
[   29.188920] XFS (loop7): Unmount and run xfs_repair
[   29.190554] 00000020: 00 00 00 01 00 00 00 00 00 00 00 01 00 00 00 04  ................
[   29.191580] XFS (loop7): First 128 bytes of corrupted metadata buffer:
[   29.193267] 00000030: 00 00 00 04 00 00 0a 58 00 00 0a 50 00 00 00 00  .......X...P....
[   29.194624] 00000000: 58 41 47 46 00 00 00 01 00 00 00 00 00 00 10 00  XAGF............
[   29.196291] 00000040: 9f 1c ad 42 11 bd 4e 12 8f 0b f0 78 76 b8 1d 9a  ...B..N....xv...
[   29.197959] 00000010: 00 00 00 01 00 00 00 02 00 00 00 00 00 00 00 01  ................
[   29.199605] 00000050: 00 00 00 00 00 00 00 01 00 00 00 05 00 00 00 08  ................
[   29.201256] 00000020: 00 00 00 01 00 00 00 00 00 00 00 01 00 00 00 04  ................
[   29.202903] 00000060: 00 00 00 00 00 00 00 00 00 00 00 00 00 00 00 00  ................
[   29.204542] 00000030: 00 00 00 04 00 00 0a 58 00 00 0a 50 00 00 00 00  .......X...P....
[   29.206204] 00000070: 00 00 00 00 00 00 00 00 00 00 00 00 00 00 00 00  ................
[   29.207832] 00000040: 9f 1c ad 42 11 bd 4e 12 8f 0b f0 78 76 b8 1d 9a  ...B..N....xv...
[   29.209596] XFS (loop1): metadata I/O error in "xfs_read_agf+0xcb/0x280" at daddr 0x1 len 1 error 74
[   29.211143] 00000050: 00 00 00 00 00 00 00 01 00 00 00 05 00 00 00 08  ................
[   29.213066] XFS (loop1): Error -117 recovering leftover CoW allocations.
[   29.214684] 00000060: 00 00 00 00 00 00 00 00 00 00 00 00 00 00 00 00  ................
[   29.216089] XFS (loop1): Corruption of in-memory data (0x8) detected at xfs_mountfs+0xb5e/0xc90 (fs/xfs/xfs_mount.c:944).  Shutting down filesystem.
[   29.217731] 00000070: 00 00 00 00 00 00 00 00 00 00 00 00 00 00 00 00  ................
[   29.220441] XFS (loop1): Please unmount the filesystem and rectify the problem(s)
[   29.226516] XFS (loop7): metadata I/O error in "xfs_read_agf+0xcb/0x280" at daddr 0x1 len 1 error 74
[   29.227678] XFS (loop4): Ending recovery (logdev: internal)
[   29.228525] XFS (loop7): Error -117 recovering leftover CoW allocations.
[   29.230141] XFS (loop6): Ending recovery (logdev: internal)
[   29.232451] XFS (loop6): Metadata CRC error detected at xfs_agf_read_verify+0x102/0x130, xfs_agf block 0x1 
[   29.232486] XFS (loop7): Corruption of in-memory data (0x8) detected at xfs_mountfs+0xb5e/0xc90 (fs/xfs/xfs_mount.c:944).  Shutting down filesystem.
[   29.234612] XFS (loop6): Unmount and run xfs_repair
[   29.237398] XFS (loop7): Please unmount the filesystem and rectify the problem(s)
[   29.238422] XFS (loop6): First 128 bytes of corrupted metadata buffer:
[   29.241399] 00000000: 58 41 47 46 00 00 00 01 00 00 00 00 00 00 10 00  XAGF............
[   29.243106] 00000010: 00 00 00 01 00 00 00 02 00 00 00 00 00 00 00 01  ................
[   29.244664] XFS (loop4): Metadata CRC error detected at xfs_agf_read_verify+0x102/0x130, xfs_agf block 0x1 
[   29.244810] 00000020: 00 00 00 01 00 00 00 00 00 00 00 01 00 00 00 04  ................
[   29.246964] XFS (loop4): Unmount and run xfs_repair
[   29.248570] 00000030: 00 00 00 04 00 00 0a 58 00 00 0a 50 00 00 00 00  .......X...P....
[   29.249605] XFS (loop4): First 128 bytes of corrupted metadata buffer:
[   29.251247] 00000040: 9f 1c ad 42 11 bd 4e 12 8f 0b f0 78 76 b8 1d 9a  ...B..N....xv...
[   29.252604] 00000000: 58 41 47 46 00 00 00 01 00 00 00 00 00 00 10 00  XAGF............
[   29.254271] 00000050: 00 00 00 00 00 00 00 01 00 00 00 05 00 00 00 08  ................
[   29.255916] 00000010: 00 00 00 01 00 00 00 02 00 00 00 00 00 00 00 01  ................
[   29.257577] 00000060: 00 00 00 00 00 00 00 00 00 00 00 00 00 00 00 00  ................
[   29.259210] 00000020: 00 00 00 01 00 00 00 00 00 00 00 01 00 00 00 04  ................
[   29.260888] 00000070: 00 00 00 00 00 00 00 00 00 00 00 00 00 00 00 00  ................
[   29.262533] 00000030: 00 00 00 04 00 00 0a 58 00 00 0a 50 00 00 00 00  .......X...P....
[   29.265883] 00000040: 9f 1c ad 42 11 bd 4e 12 8f 0b f0 78 76 b8 1d 9a  ...B..N....xv...
[   29.266462] XFS (loop6): metadata I/O error in "xfs_read_agf+0xcb/0x280" at daddr 0x1 len 1 error 74
[   29.267531] 00000050: 00 00 00 00 00 00 00 01 00 00 00 05 00 00 00 08  ................
[   29.267541] 00000060: 00 00 00 00 00 00 00 00 00 00 00 00 00 00 00 00  ................
[   29.267550] 00000070: 00 00 00 00 00 00 00 00 00 00 00 00 00 00 00 00  ................
[   29.267576] XFS (loop4): metadata I/O error in "xfs_read_agf+0xcb/0x280" at daddr 0x1 len 1 error 74
[   29.269537] XFS (loop6): Error -117 recovering leftover CoW allocations.
[   29.270029] XFS (loop6): Corruption of in-memory data (0x8) detected at xfs_mountfs+0xb5e/0xc90 (fs/xfs/xfs_mount.c:944).  Shutting down filesystem.
[   29.271228] XFS (loop4): Error -117 recovering leftover CoW allocations.
[   29.271253] XFS (loop4): Corruption of in-memory data (0x8) detected at xfs_mountfs+0xb5e/0xc90 (fs/xfs/xfs_mount.c:944).  Shutting down filesystem.
[   29.272953] XFS (loop6): Please unmount the filesystem and rectify the problem(s)
[   29.274597] XFS (loop4): Please unmount the filesystem and rectify the problem(s)
[   29.723748] loop3: detected capacity change from 0 to 32768
[   29.746318] loop0: detected capacity change from 0 to 32768
[   29.755614] loop2: detected capacity change from 0 to 32768
[   29.772559] loop4: detected capacity change from 0 to 32768
[   29.780808] loop5: detected capacity change from 0 to 32768
[   29.799425] loop1: detected capacity change from 0 to 32768
[   29.811116] loop7: detected capacity change from 0 to 32768
[   29.815488] loop6: detected capacity change from 0 to 32768
[   29.818047] XFS (loop3): Mounting V5 Filesystem
[   29.851583] XFS (loop0): Mounting V5 Filesystem
[   29.858923] XFS (loop4): Mounting V5 Filesystem
[   29.881227] XFS (loop3): Starting recovery (logdev: internal)
[   29.884817] XFS (loop1): Mounting V5 Filesystem
[   29.888682] XFS (loop2): Mounting V5 Filesystem
[   29.888754] XFS (loop5): Mounting V5 Filesystem
[   29.891930] XFS (loop7): Mounting V5 Filesystem
[   29.902236] XFS (loop0): Starting recovery (logdev: internal)
[   29.905103] XFS (loop3): Ending recovery (logdev: internal)
[   29.906821] XFS (loop3): Metadata CRC error detected at xfs_agf_read_verify+0x102/0x130, xfs_agf block 0x1 
[   29.909059] XFS (loop3): Unmount and run xfs_repair
[   29.910118] XFS (loop3): First 128 bytes of corrupted metadata buffer:
[   29.911525] 00000000: 58 41 47 46 00 00 00 01 00 00 00 00 00 00 10 00  XAGF............
[   29.913266] 00000010: 00 00 00 01 00 00 00 02 00 00 00 00 00 00 00 01  ................
[   29.914974] 00000020: 00 00 00 01 00 00 00 00 00 00 00 01 00 00 00 04  ................
[   29.916691] 00000030: 00 00 00 04 00 00 0a 58 00 00 0a 50 00 00 00 00  .......X...P....
[   29.918421] 00000040: 9f 1c ad 42 11 bd 4e 12 8f 0b f0 78 76 b8 1d 9a  ...B..N....xv...
[   29.920146] 00000050: 00 00 00 00 00 00 00 01 00 00 00 05 00 00 00 08  ................
[   29.921905] 00000060: 00 00 00 00 00 00 00 00 00 00 00 00 00 00 00 00  ................
[   29.923664] 00000070: 00 00 00 00 00 00 00 00 00 00 00 00 00 00 00 00  ................
[   29.938547] XFS (loop3): metadata I/O error in "xfs_read_agf+0xcb/0x280" at daddr 0x1 len 1 error 74
[   29.940643] XFS (loop3): Error -117 recovering leftover CoW allocations.
[   29.949534] XFS (loop3): Corruption of in-memory data (0x8) detected at xfs_mountfs+0xb5e/0xc90 (fs/xfs/xfs_mount.c:944).  Shutting down filesystem.
[   29.952518] XFS (loop3): Please unmount the filesystem and rectify the problem(s)
[   29.959355] XFS (loop6): Mounting V5 Filesystem
[   29.961493] XFS (loop0): Ending recovery (logdev: internal)
[   29.962659] XFS (loop0): Metadata CRC error detected at xfs_agf_read_verify+0x102/0x130, xfs_agf block 0x1 
[   29.964482] XFS (loop0): Unmount and run xfs_repair
[   29.965401] XFS (loop0): First 128 bytes of corrupted metadata buffer:
[   29.966567] 00000000: 58 41 47 46 00 00 00 01 00 00 00 00 00 00 10 00  XAGF............
[   29.968005] 00000010: 00 00 00 01 00 00 00 02 00 00 00 00 00 00 00 01  ................
[   29.969465] 00000020: 00 00 00 01 00 00 00 00 00 00 00 01 00 00 00 04  ................
[   29.970894] 00000030: 00 00 00 04 00 00 0a 58 00 00 0a 50 00 00 00 00  .......X...P....
[   29.972373] 00000040: 9f 1c ad 42 11 bd 4e 12 8f 0b f0 78 76 b8 1d 9a  ...B..N....xv...
[   29.973947] 00000050: 00 00 00 00 00 00 00 01 00 00 00 05 00 00 00 08  ................
[   29.975641] 00000060: 00 00 00 00 00 00 00 00 00 00 00 00 00 00 00 00  ................
[   29.977384] 00000070: 00 00 00 00 00 00 00 00 00 00 00 00 00 00 00 00  ................
[   29.979126] XFS (loop0): metadata I/O error in "xfs_read_agf+0xcb/0x280" at daddr 0x1 len 1 error 74
[   29.981479] XFS (loop0): Error -117 recovering leftover CoW allocations.
[   29.983131] XFS (loop0): Corruption of in-memory data (0x8) detected at xfs_mountfs+0xb5e/0xc90 (fs/xfs/xfs_mount.c:944).  Shutting down filesystem.
[   29.986101] XFS (loop0): Please unmount the filesystem and rectify the problem(s)
[   29.997750] XFS (loop2): Starting recovery (logdev: internal)
[   30.000211] XFS (loop2): Ending recovery (logdev: internal)
[   30.003085] XFS (loop2): Metadata CRC error detected at xfs_agf_read_verify+0x102/0x130, xfs_agf block 0x1 
[   30.004910] XFS (loop2): Unmount and run xfs_repair
[   30.005763] XFS (loop2): First 128 bytes of corrupted metadata buffer:
[   30.006891] 00000000: 58 41 47 46 00 00 00 01 00 00 00 00 00 00 10 00  XAGF............
[   30.007536] XFS (loop6): Starting recovery (logdev: internal)
[   30.008269] 00000010: 00 00 00 01 00 00 00 02 00 00 00 00 00 00 00 01  ................
[   30.008284] 00000020: 00 00 00 01 00 00 00 00 00 00 00 01 00 00 00 04  ................
[   30.012258] 00000030: 00 00 00 04 00 00 0a 58 00 00 0a 50 00 00 00 00  .......X...P....
[   30.013926] 00000040: 9f 1c ad 42 11 bd 4e 12 8f 0b f0 78 76 b8 1d 9a  ...B..N....xv...
[   30.015632] 00000050: 00 00 00 00 00 00 00 01 00 00 00 05 00 00 00 08  ................
[   30.015788] XFS (loop7): Starting recovery (logdev: internal)
[   30.017370] 00000060: 00 00 00 00 00 00 00 00 00 00 00 00 00 00 00 00  ................
[   30.017381] 00000070: 00 00 00 00 00 00 00 00 00 00 00 00 00 00 00 00  ................
[   30.018389] XFS (loop2): metadata I/O error in "xfs_read_agf+0xcb/0x280" at daddr 0x1 len 1 error 74
[   30.018697] XFS (loop4): Starting recovery (logdev: internal)
[   30.019965] XFS (loop2): Error -117 recovering leftover CoW allocations.
[   30.019991] XFS (loop2): Corruption of in-memory data (0x8) detected at xfs_mountfs+0xb5e/0xc90 (fs/xfs/xfs_mount.c:944).  Shutting down filesystem.
[   30.026020] XFS (loop5): Starting recovery (logdev: internal)
[   30.027285] XFS (loop2): Please unmount the filesystem and rectify the problem(s)
[   30.029608] XFS (loop1): Starting recovery (logdev: internal)
[   30.032506] XFS (loop4): Ending recovery (logdev: internal)
[   30.033418] XFS (loop6): Ending recovery (logdev: internal)
[   30.034825] XFS (loop4): Metadata CRC error detected at xfs_agf_read_verify+0x102/0x130, xfs_agf block 0x1 
[   30.035977] XFS (loop6): Metadata CRC error detected at xfs_agf_read_verify+0x102/0x130, xfs_agf block 0x1 
[   30.036926] XFS (loop4): Unmount and run xfs_repair
[   30.036940] XFS (loop4): First 128 bytes of corrupted metadata buffer:
[   30.036951] 00000000: 58 41 47 46 00 00 00 01 00 00 00 00 00 00 10 00  XAGF............
[   30.036968] 00000010: 00 00 00 01 00 00 00 02 00 00 00 00 00 00 00 01  ................
[   30.036977] 00000020: 00 00 00 01 00 00 00 00 00 00 00 01 00 00 00 04  ................
[   30.036986] 00000030: 00 00 00 04 00 00 0a 58 00 00 0a 50 00 00 00 00  .......X...P....
[   30.036995] 00000040: 9f 1c ad 42 11 bd 4e 12 8f 0b f0 78 76 b8 1d 9a  ...B..N....xv...
[   30.037004] 00000050: 00 00 00 00 00 00 00 01 00 00 00 05 00 00 00 08  ................
[   30.037013] 00000060: 00 00 00 00 00 00 00 00 00 00 00 00 00 00 00 00  ................
[   30.037022] 00000070: 00 00 00 00 00 00 00 00 00 00 00 00 00 00 00 00  ................
[   30.037880] XFS (loop4): metadata I/O error in "xfs_read_agf+0xcb/0x280" at daddr 0x1 len 1 error 74
[   30.039138] XFS (loop6): Unmount and run xfs_repair
[   30.040208] XFS (loop4): Error -117 recovering leftover CoW allocations.
[   30.041616] XFS (loop6): First 128 bytes of corrupted metadata buffer:
[   30.041629] 00000000: 58 41 47 46 00 00 00 01 00 00 00 00 00 00 10 00  XAGF............
[   30.043938] XFS (loop1): Ending recovery (logdev: internal)
[   30.045037] 00000010: 00 00 00 01 00 00 00 02 00 00 00 00 00 00 00 01  ................
[   30.045048] 00000020: 00 00 00 01 00 00 00 00 00 00 00 01 00 00 00 04  ................
[   30.045058] 00000030: 00 00 00 04 00 00 0a 58 00 00 0a 50 00 00 00 00  .......X...P....
[   30.045067] 00000040: 9f 1c ad 42 11 bd 4e 12 8f 0b f0 78 76 b8 1d 9a  ...B..N....xv...
[   30.049607] XFS (loop7): Ending recovery (logdev: internal)
[   30.050166] 00000050: 00 00 00 00 00 00 00 01 00 00 00 05 00 00 00 08  ................
[   30.050177] 00000060: 00 00 00 00 00 00 00 00 00 00 00 00 00 00 00 00  ................
[   30.050187] 00000070: 00 00 00 00 00 00 00 00 00 00 00 00 00 00 00 00  ................
[   30.053250] XFS (loop4): Corruption of in-memory data (0x8) detected at xfs_mountfs+0xb5e/0xc90 (fs/xfs/xfs_mount.c:944).  Shutting down filesystem.
[   30.053680] XFS (loop6): metadata I/O error in "xfs_read_agf+0xcb/0x280" at daddr 0x1 len 1 error 74
[   30.055379] XFS (loop4): Please unmount the filesystem and rectify the problem(s)
[   30.057313] XFS (loop6): Error -117 recovering leftover CoW allocations.
[   30.058771] XFS (loop1): Metadata CRC error detected at xfs_agf_read_verify+0x102/0x130, xfs_agf block 0x1 
[   30.059774] XFS (loop6): Corruption of in-memory data (0x8) detected at xfs_mountfs+0xb5e/0xc90 (fs/xfs/xfs_mount.c:944).  Shutting down filesystem.
[   30.061289] XFS (loop1): Unmount and run xfs_repair
[   30.062935] XFS (loop6): Please unmount the filesystem and rectify the problem(s)
[   30.064126] XFS (loop1): First 128 bytes of corrupted metadata buffer:
[   30.070623] XFS (loop5): Ending recovery (logdev: internal)
[   30.070927] 00000000: 58 41 47 46 00 00 00 01 00 00 00 00 00 00 10 00  XAGF............
[   30.072374] XFS (loop5): Metadata CRC error detected at xfs_agf_read_verify+0x102/0x130, xfs_agf block 0x1 
[   30.073881] 00000010: 00 00 00 01 00 00 00 02 00 00 00 00 00 00 00 01  ................
[   30.073892] 00000020: 00 00 00 01 00 00 00 00 00 00 00 01 00 00 00 04  ................
[   30.073901] 00000030: 00 00 00 04 00 00 0a 58 00 00 0a 50 00 00 00 00  .......X...P....
[   30.073911] 00000040: 9f 1c ad 42 11 bd 4e 12 8f 0b f0 78 76 b8 1d 9a  ...B..N....xv...
[   30.075622] XFS (loop5): Unmount and run xfs_repair
[   30.077342] 00000050: 00 00 00 00 00 00 00 01 00 00 00 05 00 00 00 08  ................
[   30.080129] XFS (loop5): First 128 bytes of corrupted metadata buffer:
[   30.082083] 00000060: 00 00 00 00 00 00 00 00 00 00 00 00 00 00 00 00  ................
[   30.083661] 00000000: 58 41 47 46 00 00 00 01 00 00 00 00 00 00 10 00  XAGF............
[   30.085100] 00000070: 00 00 00 00 00 00 00 00 00 00 00 00 00 00 00 00  ................
[   30.085587] XFS (loop1): metadata I/O error in "xfs_read_agf+0xcb/0x280" at daddr 0x1 len 1 error 74
[   30.087160] 00000010: 00 00 00 01 00 00 00 02 00 00 00 00 00 00 00 01  ................
[   30.087171] 00000020: 00 00 00 01 00 00 00 00 00 00 00 01 00 00 00 04  ................
[   30.087181] 00000030: 00 00 00 04 00 00 0a 58 00 00 0a 50 00 00 00 00  .......X...P....
[   30.090024] XFS (loop1): Error -117 recovering leftover CoW allocations.
[   30.091441] XFS (loop1): Corruption of in-memory data (0x8) detected at xfs_mountfs+0xb5e/0xc90 (fs/xfs/xfs_mount.c:944).  Shutting down filesystem.
[   30.092672] 00000040: 9f 1c ad 42 11 bd 4e 12 8f 0b f0 78 76 b8 1d 9a  ...B..N....xv...
[   30.092683] 00000050: 00 00 00 00 00 00 00 01 00 00 00 05 00 00 00 08  ................
[   30.092692] 00000060: 00 00 00 00 00 00 00 00 00 00 00 00 00 00 00 00  ................
[   30.092701] 00000070: 00 00 00 00 00 00 00 00 00 00 00 00 00 00 00 00  ................
[   30.094136] XFS (loop1): Please unmount the filesystem and rectify the problem(s)
[   30.096105] XFS (loop5): metadata I/O error in "xfs_read_agf+0xcb/0x280" at daddr 0x1 len 1 error 74
[   30.098575] XFS (loop7): Metadata CRC error detected at xfs_agf_read_verify+0x102/0x130, xfs_agf block 0x1 
[   30.099140] XFS (loop5): Error -117 recovering leftover CoW allocations.
[   30.100886] XFS (loop7): Unmount and run xfs_repair
[   30.103031] XFS (loop5): Corruption of in-memory data (0x8) detected at xfs_mountfs+0xb5e/0xc90 (fs/xfs/xfs_mount.c:944).  Shutting down filesystem.
[   30.104240] XFS (loop7): First 128 bytes of corrupted metadata buffer:
[   30.104251] 00000000: 58 41 47 46 00 00 00 01 00 00 00 00 00 00 10 00  XAGF............
[   30.104261] 00000010: 00 00 00 01 00 00 00 02 00 00 00 00 00 00 00 01  ................
[   30.104270] 00000020: 00 00 00 01 00 00 00 00 00 00 00 01 00 00 00 04  ................
[   30.106034] XFS (loop5): Please unmount the filesystem and rectify the problem(s)
[   30.107051] 00000030: 00 00 00 04 00 00 0a 58 00 00 0a 50 00 00 00 00  .......X...P....
[   30.153543] 00000040: 9f 1c ad 42 11 bd 4e 12 8f 0b f0 78 76 b8 1d 9a  ...B..N....xv...
[   30.155209] 00000050: 00 00 00 00 00 00 00 01 00 00 00 05 00 00 00 08  ................
[   30.156920] 00000060: 00 00 00 00 00 00 00 00 00 00 00 00 00 00 00 00  ................
[   30.158582] 00000070: 00 00 00 00 00 00 00 00 00 00 00 00 00 00 00 00  ................
[   30.160264] XFS (loop7): metadata I/O error in "xfs_read_agf+0xcb/0x280" at daddr 0x1 len 1 error 74
[   30.162249] XFS (loop7): Error -117 recovering leftover CoW allocations.
[   30.163677] XFS (loop7): Corruption of in-memory data (0x8) detected at xfs_mountfs+0xb5e/0xc90 (fs/xfs/xfs_mount.c:944).  Shutting down filesystem.
[   30.166466] XFS (loop7): Please unmount the filesystem and rectify the problem(s)
[   30.530717] loop0: detected capacity change from 0 to 32768
[   30.568258] loop3: detected capacity change from 0 to 32768
[   30.600102] XFS (loop0): Mounting V5 Filesystem
[   30.601445] loop2: detected capacity change from 0 to 32768
[   30.643031] loop4: detected capacity change from 0 to 32768
[   30.664774] loop7: detected capacity change from 0 to 32768
[   30.684921] XFS (loop0): Starting recovery (logdev: internal)
[   30.691950] XFS (loop0): Ending recovery (logdev: internal)
[   30.692506] loop1: detected capacity change from 0 to 32768
[   30.695017] XFS (loop0): Metadata CRC error detected at xfs_agf_read_verify+0x102/0x130, xfs_agf block 0x1 
[   30.696988] XFS (loop0): Unmount and run xfs_repair
[   30.697992] XFS (loop0): First 128 bytes of corrupted metadata buffer:
[   30.699388] 00000000: 58 41 47 46 00 00 00 01 00 00 00 00 00 00 10 00  XAGF............
[   30.701127] 00000010: 00 00 00 01 00 00 00 02 00 00 00 00 00 00 00 01  ................
[   30.702856] 00000020: 00 00 00 01 00 00 00 00 00 00 00 01 00 00 00 04  ................
[   30.704570] 00000030: 00 00 00 04 00 00 0a 58 00 00 0a 50 00 00 00 00  .......X...P....
[   30.706297] 00000040: 9f 1c ad 42 11 bd 4e 12 8f 0b f0 78 76 b8 1d 9a  ...B..N....xv...
[   30.707997] 00000050: 00 00 00 00 00 00 00 01 00 00 00 05 00 00 00 08  ................
[   30.709717] 00000060: 00 00 00 00 00 00 00 00 00 00 00 00 00 00 00 00  ................
[   30.711415] 00000070: 00 00 00 00 00 00 00 00 00 00 00 00 00 00 00 00  ................
[   30.713271] XFS (loop0): metadata I/O error in "xfs_read_agf+0xcb/0x280" at daddr 0x1 len 1 error 74
[   30.714349] XFS (loop3): Mounting V5 Filesystem
[   30.715349] XFS (loop0): Error -117 recovering leftover CoW allocations.
[   30.715506] XFS (loop0): Corruption of in-memory data (0x8) detected at xfs_mountfs+0xb5e/0xc90 (fs/xfs/xfs_mount.c:944).  Shutting down filesystem.
[   30.717368] XFS (loop2): Mounting V5 Filesystem
[   30.717884] XFS (loop0): Please unmount the filesystem and rectify the problem(s)
[   30.728931] loop5: detected capacity change from 0 to 32768
[   30.735498] loop6: detected capacity change from 0 to 32768
[   30.770579] XFS (loop4): Mounting V5 Filesystem
[   30.784010] XFS (loop7): Mounting V5 Filesystem
[   30.801569] XFS (loop2): Starting recovery (logdev: internal)
[   30.803887] XFS (loop2): Ending recovery (logdev: internal)
[   30.805282] XFS (loop2): Metadata CRC error detected at xfs_agf_read_verify+0x102/0x130, xfs_agf block 0x1 
[   30.807037] XFS (loop2): Unmount and run xfs_repair
[   30.807891] XFS (loop2): First 128 bytes of corrupted metadata buffer:
[   30.809044] 00000000: 58 41 47 46 00 00 00 01 00 00 00 00 00 00 10 00  XAGF............
[   30.810414] 00000010: 00 00 00 01 00 00 00 02 00 00 00 00 00 00 00 01  ................
[   30.811807] 00000020: 00 00 00 01 00 00 00 00 00 00 00 01 00 00 00 04  ................
[   30.813326] 00000030: 00 00 00 04 00 00 0a 58 00 00 0a 50 00 00 00 00  .......X...P....
[   30.814854] 00000040: 9f 1c ad 42 11 bd 4e 12 8f 0b f0 78 76 b8 1d 9a  ...B..N....xv...
[   30.816497] 00000050: 00 00 00 00 00 00 00 01 00 00 00 05 00 00 00 08  ................
[   30.818213] 00000060: 00 00 00 00 00 00 00 00 00 00 00 00 00 00 00 00  ................
[   30.819932] 00000070: 00 00 00 00 00 00 00 00 00 00 00 00 00 00 00 00  ................
[   30.822334] XFS (loop2): metadata I/O error in "xfs_read_agf+0xcb/0x280" at daddr 0x1 len 1 error 74
[   30.823959] XFS (loop2): Error -117 recovering leftover CoW allocations.
[   30.829532] XFS (loop3): Starting recovery (logdev: internal)
[   30.831883] XFS (loop3): Ending recovery (logdev: internal)
[   30.833079] XFS (loop3): Metadata CRC error detected at xfs_agf_read_verify+0x102/0x130, xfs_agf block 0x1 
[   30.834849] XFS (loop3): Unmount and run xfs_repair
[   30.835741] XFS (loop3): First 128 bytes of corrupted metadata buffer:
[   30.837045] 00000000: 58 41 47 46 00 00 00 01 00 00 00 00 00 00 10 00  XAGF............
[   30.838671] 00000010: 00 00 00 01 00 00 00 02 00 00 00 00 00 00 00 01  ................
[   30.840394] 00000020: 00 00 00 01 00 00 00 00 00 00 00 01 00 00 00 04  ................
[   30.842140] 00000030: 00 00 00 04 00 00 0a 58 00 00 0a 50 00 00 00 00  .......X...P....
[   30.843431] XFS (loop7): Starting recovery (logdev: internal)
[   30.843833] 00000040: 9f 1c ad 42 11 bd 4e 12 8f 0b f0 78 76 b8 1d 9a  ...B..N....xv...
[   30.845916] XFS (loop4): Starting recovery (logdev: internal)
[   30.846812] 00000050: 00 00 00 00 00 00 00 01 00 00 00 05 00 00 00 08  ................
[   30.849752] XFS (loop4): Ending recovery (logdev: internal)
[   30.850025] XFS (loop4): Metadata CRC error detected at xfs_agf_read_verify+0x102/0x130, xfs_agf block 0x1 
[   30.850937] 00000060: 00 00 00 00 00 00 00 00 00 00 00 00 00 00 00 00  ................
[   30.853090] XFS (loop4): Unmount and run xfs_repair
[   30.854766] 00000070: 00 00 00 00 00 00 00 00 00 00 00 00 00 00 00 00  ................
[   30.855807] XFS (loop4): First 128 bytes of corrupted metadata buffer:
[   30.857779] XFS (loop5): Mounting V5 Filesystem
[   30.858893] 00000000: 58 41 47 46 00 00 00 01 00 00 00 00 00 00 10 00  XAGF............
[   30.858905] 00000010: 00 00 00 01 00 00 00 02 00 00 00 00 00 00 00 01  ................
[   30.858915] 00000020: 00 00 00 01 00 00 00 00 00 00 00 01 00 00 00 04  ................
[   30.860029] XFS (loop6): Mounting V5 Filesystem
[   30.861617] 00000030: 00 00 00 04 00 00 0a 58 00 00 0a 50 00 00 00 00  .......X...P....
[   30.864365] XFS (loop3): metadata I/O error in "xfs_read_agf+0xcb/0x280" at daddr 0x1 len 1 error 74
[   30.865043] 00000040: 9f 1c ad 42 11 bd 4e 12 8f 0b f0 78 76 b8 1d 9a  ...B..N....xv...
[   30.866026] XFS (loop3): Error -117 recovering leftover CoW allocations.
[   30.867691] 00000050: 00 00 00 00 00 00 00 01 00 00 00 05 00 00 00 08  ................
[   30.869998] XFS (loop3): Corruption of in-memory data (0x8) detected at xfs_mountfs+0xb5e/0xc90 (fs/xfs/xfs_mount.c:944).  Shutting down filesystem.
[   30.871321] 00000060: 00 00 00 00 00 00 00 00 00 00 00 00 00 00 00 00  ................
[   30.871332] 00000070: 00 00 00 00 00 00 00 00 00 00 00 00 00 00 00 00  ................
[   30.872939] XFS (loop4): metadata I/O error in "xfs_read_agf+0xcb/0x280" at daddr 0x1 len 1 error 74
[   30.874498] XFS (loop3): Please unmount the filesystem and rectify the problem(s)
[   30.877315] XFS (loop4): Error -117 recovering leftover CoW allocations.
[   30.879972] XFS (loop1): Mounting V5 Filesystem
[   30.881800] XFS (loop2): Corruption of in-memory data (0x8) detected at xfs_mountfs+0xb5e/0xc90 (fs/xfs/xfs_mount.c:944).  Shutting down filesystem.
[   30.884650] XFS (loop4): Corruption of in-memory data (0x8) detected at xfs_mountfs+0xb5e/0xc90 (fs/xfs/xfs_mount.c:944).  Shutting down filesystem.
[   30.885705] XFS (loop2): Please unmount the filesystem and rectify the problem(s)
[   30.887030] XFS (loop7): Ending recovery (logdev: internal)
[   30.889538] XFS (loop4): Please unmount the filesystem and rectify the problem(s)
[   30.892479] XFS (loop7): Metadata CRC error detected at xfs_agf_read_verify+0x102/0x130, xfs_agf block 0x1 
[   30.898826] XFS (loop7): Unmount and run xfs_repair
[   30.899884] XFS (loop7): First 128 bytes of corrupted metadata buffer:
[   30.901327] 00000000: 58 41 47 46 00 00 00 01 00 00 00 00 00 00 10 00  XAGF............
[   30.903058] 00000010: 00 00 00 01 00 00 00 02 00 00 00 00 00 00 00 01  ................
[   30.904769] 00000020: 00 00 00 01 00 00 00 00 00 00 00 01 00 00 00 04  ................
[   30.904943] XFS (loop6): Starting recovery (logdev: internal)
[   30.906478] 00000030: 00 00 00 04 00 00 0a 58 00 00 0a 50 00 00 00 00  .......X...P....
[   30.906489] 00000040: 9f 1c ad 42 11 bd 4e 12 8f 0b f0 78 76 b8 1d 9a  ...B..N....xv...
[   30.909304] XFS (loop6): Ending recovery (logdev: internal)
[   30.909463] 00000050: 00 00 00 00 00 00 00 01 00 00 00 05 00 00 00 08  ................
[   30.911389] XFS (loop6): Metadata CRC error detected at xfs_agf_read_verify+0x102/0x130, xfs_agf block 0x1 
[   30.912356] 00000060: 00 00 00 00 00 00 00 00 00 00 00 00 00 00 00 00  ................
[   30.912367] 00000070: 00 00 00 00 00 00 00 00 00 00 00 00 00 00 00 00  ................
[   30.913476] XFS (loop7): metadata I/O error in "xfs_read_agf+0xcb/0x280" at daddr 0x1 len 1 error 74
[   30.914141] XFS (loop6): Unmount and run xfs_repair
[   30.916172] XFS (loop7): Error -117 recovering leftover CoW allocations.
[   30.917882] XFS (loop6): First 128 bytes of corrupted metadata buffer:
[   30.919553] XFS (loop7): Corruption of in-memory data (0x8) detected at xfs_mountfs+0xb5e/0xc90 (fs/xfs/xfs_mount.c:944).  Shutting down filesystem.
[   30.921452] 00000000: 58 41 47 46 00 00 00 01 00 00 00 00 00 00 10 00  XAGF............
[   30.922489] XFS (loop7): Please unmount the filesystem and rectify the problem(s)
[   30.923889] 00000010: 00 00 00 01 00 00 00 02 00 00 00 00 00 00 00 01  ................
[   30.933062] 00000020: 00 00 00 01 00 00 00 00 00 00 00 01 00 00 00 04  ................
[   30.934726] 00000030: 00 00 00 04 00 00 0a 58 00 00 0a 50 00 00 00 00  .......X...P....
[   30.936462] 00000040: 9f 1c ad 42 11 bd 4e 12 8f 0b f0 78 76 b8 1d 9a  ...B..N....xv...
[   30.938170] 00000050: 00 00 00 00 00 00 00 01 00 00 00 05 00 00 00 08  ................
[   30.939185] XFS (loop5): Starting recovery (logdev: internal)
[   30.939833] 00000060: 00 00 00 00 00 00 00 00 00 00 00 00 00 00 00 00  ................
[   30.942770] 00000070: 00 00 00 00 00 00 00 00 00 00 00 00 00 00 00 00  ................
[   30.942825] XFS (loop5): Ending recovery (logdev: internal)
[   30.947202] XFS (loop6): metadata I/O error in "xfs_read_agf+0xcb/0x280" at daddr 0x1 len 1 error 74
[   30.949258] XFS (loop6): Error -117 recovering leftover CoW allocations.
[   30.950841] XFS (loop6): Corruption of in-memory data (0x8) detected at xfs_mountfs+0xb5e/0xc90 (fs/xfs/xfs_mount.c:944).  Shutting down filesystem.
[   30.953745] XFS (loop6): Please unmount the filesystem and rectify the problem(s)
[   30.955563] XFS (loop5): Metadata CRC error detected at xfs_agf_read_verify+0x102/0x130, xfs_agf block 0x1 
[   30.955906] XFS (loop1): Starting recovery (logdev: internal)
[   30.957759] XFS (loop5): Unmount and run xfs_repair
[   30.957774] XFS (loop5): First 128 bytes of corrupted metadata buffer:
[   30.957785] 00000000: 58 41 47 46 00 00 00 01 00 00 00 00 00 00 10 00  XAGF............
[   30.957795] 00000010: 00 00 00 01 00 00 00 02 00 00 00 00 00 00 00 01  ................
[   30.957805] 00000020: 00 00 00 01 00 00 00 00 00 00 00 01 00 00 00 04  ................
[   30.966501] 00000030: 00 00 00 04 00 00 0a 58 00 00 0a 50 00 00 00 00  .......X...P....
[   30.967502] XFS (loop1): Ending recovery (logdev: internal)
[   30.968216] 00000040: 9f 1c ad 42 11 bd 4e 12 8f 0b f0 78 76 b8 1d 9a  ...B..N....xv...
[   30.968227] 00000050: 00 00 00 00 00 00 00 01 00 00 00 05 00 00 00 08  ................
[   30.968236] 00000060: 00 00 00 00 00 00 00 00 00 00 00 00 00 00 00 00  ................
[   30.968245] 00000070: 00 00 00 00 00 00 00 00 00 00 00 00 00 00 00 00  ................
[   30.970154] XFS (loop1): Metadata CRC error detected at xfs_agf_read_verify+0x102/0x130, xfs_agf block 0x1 
[   30.972287] XFS (loop5): metadata I/O error in "xfs_read_agf+0xcb/0x280" at daddr 0x1 len 1 error 74
[   30.973011] XFS (loop1): Unmount and run xfs_repair
[   30.974685] XFS (loop5): Error -117 recovering leftover CoW allocations.
[   30.976327] XFS (loop1): First 128 bytes of corrupted metadata buffer:
[   30.979193] XFS (loop5): Corruption of in-memory data (0x8) detected at xfs_mountfs+0xb5e/0xc90 (fs/xfs/xfs_mount.c:944).  Shutting down filesystem.
[   30.980248] 00000000: 58 41 47 46 00 00 00 01 00 00 00 00 00 00 10 00  XAGF............
[   30.980258] 00000010: 00 00 00 01 00 00 00 02 00 00 00 00 00 00 00 01  ................
[   30.981332] XFS (loop5): Please unmount the filesystem and rectify the problem(s)
[   30.982703] 00000020: 00 00 00 01 00 00 00 00 00 00 00 01 00 00 00 04  ................
[   30.993347] 00000030: 00 00 00 04 00 00 0a 58 00 00 0a 50 00 00 00 00  .......X...P....
[   30.995013] 00000040: 9f 1c ad 42 11 bd 4e 12 8f 0b f0 78 76 b8 1d 9a  ...B..N....xv...
[   30.996685] 00000050: 00 00 00 00 00 00 00 01 00 00 00 05 00 00 00 08  ................
[   30.998372] 00000060: 00 00 00 00 00 00 00 00 00 00 00 00 00 00 00 00  ................
[   31.000042] 00000070: 00 00 00 00 00 00 00 00 00 00 00 00 00 00 00 00  ................
[   31.006481] XFS (loop1): metadata I/O error in "xfs_read_agf+0xcb/0x280" at daddr 0x1 len 1 error 74
[   31.008516] XFS (loop1): Error -117 recovering leftover CoW allocations.
[   31.010413] XFS (loop1): Corruption of in-memory data (0x8) detected at xfs_mountfs+0xb5e/0xc90 (fs/xfs/xfs_mount.c:944).  Shutting down filesystem.
[   31.013268] XFS (loop1): Please unmount the filesystem and rectify the problem(s)
[   31.101261] loop0: detected capacity change from 0 to 32768
[   31.104437] XFS (loop0): Mounting V5 Filesystem
[   31.162884] XFS (loop0): Starting recovery (logdev: internal)
[   31.172745] XFS (loop0): Ending recovery (logdev: internal)
[   31.209144] XFS (loop0): Metadata CRC error detected at xfs_agf_read_verify+0x102/0x130, xfs_agf block 0x1 
[   31.211330] XFS (loop0): Unmount and run xfs_repair
[   31.212379] XFS (loop0): First 128 bytes of corrupted metadata buffer:
[   31.213799] 00000000: 58 41 47 46 00 00 00 01 00 00 00 00 00 00 10 00  XAGF............
[   31.215468] 00000010: 00 00 00 01 00 00 00 02 00 00 00 00 00 00 00 01  ................
[   31.217167] 00000020: 00 00 00 01 00 00 00 00 00 00 00 01 00 00 00 04  ................
[   31.218837] 00000030: 00 00 00 04 00 00 0a 58 00 00 0a 50 00 00 00 00  .......X...P....
[   31.220505] 00000040: 9f 1c ad 42 11 bd 4e 12 8f 0b f0 78 76 b8 1d 9a  ...B..N....xv...
[   31.222205] 00000050: 00 00 00 00 00 00 00 01 00 00 00 05 00 00 00 08  ................
[   31.223894] 00000060: 00 00 00 00 00 00 00 00 00 00 00 00 00 00 00 00  ................
[   31.225592] 00000070: 00 00 00 00 00 00 00 00 00 00 00 00 00 00 00 00  ................
[   31.228244] XFS (loop0): metadata I/O error in "xfs_read_agf+0xcb/0x280" at daddr 0x1 len 1 error 74
[   31.230283] XFS (loop0): Error -117 recovering leftover CoW allocations.
[   31.247499] XFS (loop0): Corruption of in-memory data (0x8) detected at xfs_mountfs+0xb5e/0xc90 (fs/xfs/xfs_mount.c:944).  Shutting down filesystem.
[   31.249842] XFS (loop0): Please unmount the filesystem and rectify the problem(s)
[   31.258481] loop3: detected capacity change from 0 to 32768
[   31.371086] XFS (loop3): Mounting V5 Filesystem
[   31.383807] loop1: detected capacity change from 0 to 32768
[   31.413169] XFS (loop3): Starting recovery (logdev: internal)
[   31.416001] XFS (loop3): Ending recovery (logdev: internal)
[   31.429381] XFS (loop3): Metadata CRC error detected at xfs_agf_read_verify+0x102/0x130, xfs_agf block 0x1 
[   31.431590] XFS (loop3): Unmount and run xfs_repair
[   31.432642] XFS (loop3): First 128 bytes of corrupted metadata buffer:
[   31.434091] 00000000: 58 41 47 46 00 00 00 01 00 00 00 00 00 00 10 00  XAGF............
[   31.435775] 00000010: 00 00 00 01 00 00 00 02 00 00 00 00 00 00 00 01  ................
[   31.437491] 00000020: 00 00 00 01 00 00 00 00 00 00 00 01 00 00 00 04  ................
[   31.439179] 00000030: 00 00 00 04 00 00 0a 58 00 00 0a 50 00 00 00 00  .......X...P....
[   31.440886] 00000040: 9f 1c ad 42 11 bd 4e 12 8f 0b f0 78 76 b8 1d 9a  ...B..N....xv...
[   31.442570] 00000050: 00 00 00 00 00 00 00 01 00 00 00 05 00 00 00 08  ................
[   31.444252] 00000060: 00 00 00 00 00 00 00 00 00 00 00 00 00 00 00 00  ................
[   31.445953] 00000070: 00 00 00 00 00 00 00 00 00 00 00 00 00 00 00 00  ................
[   31.453915] loop2: detected capacity change from 0 to 32768
[   31.456140] XFS (loop3): metadata I/O error in "xfs_read_agf+0xcb/0x280" at daddr 0x1 len 1 error 74
[   31.458198] XFS (loop3): Error -117 recovering leftover CoW allocations.
[   31.460529] XFS (loop3): Corruption of in-memory data (0x8) detected at xfs_mountfs+0xb5e/0xc90 (fs/xfs/xfs_mount.c:944).  Shutting down filesystem.
[   31.463400] XFS (loop3): Please unmount the filesystem and rectify the problem(s)
[   31.526064] XFS (loop2): Mounting V5 Filesystem
[   31.561409] XFS (loop1): Mounting V5 Filesystem
[   31.571937] loop6: detected capacity change from 0 to 32768
[   31.574144] XFS (loop2): Starting recovery (logdev: internal)
[   31.576394] XFS (loop2): Ending recovery (logdev: internal)
[   31.577920] XFS (loop2): Metadata CRC error detected at xfs_agf_read_verify+0x102/0x130, xfs_agf block 0x1 
[   31.579939] XFS (loop2): Unmount and run xfs_repair
[   31.581036] XFS (loop2): First 128 bytes of corrupted metadata buffer:
[   31.582424] 00000000: 58 41 47 46 00 00 00 01 00 00 00 00 00 00 10 00  XAGF............
[   31.584117] 00000010: 00 00 00 01 00 00 00 02 00 00 00 00 00 00 00 01  ................
[   31.585824] 00000020: 00 00 00 01 00 00 00 00 00 00 00 01 00 00 00 04  ................
[   31.587520] 00000030: 00 00 00 04 00 00 0a 58 00 00 0a 50 00 00 00 00  .......X...P....
[   31.589253] 00000040: 9f 1c ad 42 11 bd 4e 12 8f 0b f0 78 76 b8 1d 9a  ...B..N....xv...
[   31.590951] 00000050: 00 00 00 00 00 00 00 01 00 00 00 05 00 00 00 08  ................
[   31.592655] 00000060: 00 00 00 00 00 00 00 00 00 00 00 00 00 00 00 00  ................
[   31.594373] 00000070: 00 00 00 00 00 00 00 00 00 00 00 00 00 00 00 00  ................
[   31.597272] XFS (loop2): metadata I/O error in "xfs_read_agf+0xcb/0x280" at daddr 0x1 len 1 error 74
[   31.599270] XFS (loop2): Error -117 recovering leftover CoW allocations.
[   31.601202] XFS (loop2): Corruption of in-memory data (0x8) detected at xfs_mountfs+0xb5e/0xc90 (fs/xfs/xfs_mount.c:944).  Shutting down filesystem.
[   31.604040] XFS (loop2): Please unmount the filesystem and rectify the problem(s)
[   31.636274] XFS (loop1): Starting recovery (logdev: internal)
[   31.638914] XFS (loop1): Ending recovery (logdev: internal)
[   31.640268] XFS (loop1): Metadata CRC error detected at xfs_agf_read_verify+0x102/0x130, xfs_agf block 0x1 
[   31.642453] XFS (loop1): Unmount and run xfs_repair
[   31.643496] XFS (loop1): First 128 bytes of corrupted metadata buffer:
[   31.644928] 00000000: 58 41 47 46 00 00 00 01 00 00 00 00 00 00 10 00  XAGF............
[   31.646626] 00000010: 00 00 00 01 00 00 00 02 00 00 00 00 00 00 00 01  ................
[   31.648340] 00000020: 00 00 00 01 00 00 00 00 00 00 00 01 00 00 00 04  ................
[   31.650057] 00000030: 00 00 00 04 00 00 0a 58 00 00 0a 50 00 00 00 00  .......X...P....
[   31.651756] 00000040: 9f 1c ad 42 11 bd 4e 12 8f 0b f0 78 76 b8 1d 9a  ...B..N....xv...
[   31.653476] 00000050: 00 00 00 00 00 00 00 01 00 00 00 05 00 00 00 08  ................
[   31.655152] 00000060: 00 00 00 00 00 00 00 00 00 00 00 00 00 00 00 00  ................
[   31.656841] 00000070: 00 00 00 00 00 00 00 00 00 00 00 00 00 00 00 00  ................
[   31.661604] XFS (loop1): metadata I/O error in "xfs_read_agf+0xcb/0x280" at daddr 0x1 len 1 error 74
[   31.663670] XFS (loop1): Error -117 recovering leftover CoW allocations.
[   31.675199] XFS (loop1): Corruption of in-memory data (0x8) detected at xfs_mountfs+0xb5e/0xc90 (fs/xfs/xfs_mount.c:944).  Shutting down filesystem.
[   31.677565] XFS (loop1): Please unmount the filesystem and rectify the problem(s)
[   31.701501] XFS (loop6): Mounting V5 Filesystem
[   31.722809] loop3: detected capacity change from 0 to 32768
[   31.761268] XFS (loop6): Starting recovery (logdev: internal)
[   31.766371] XFS (loop6): Ending recovery (logdev: internal)
[   31.767569] XFS (loop6): Metadata CRC error detected at xfs_agf_read_verify+0x102/0x130, xfs_agf block 0x1 
[   31.769367] XFS (loop6): Unmount and run xfs_repair
[   31.770224] XFS (loop6): First 128 bytes of corrupted metadata buffer:
[   31.771374] 00000000: 58 41 47 46 00 00 00 01 00 00 00 00 00 00 10 00  XAGF............
[   31.772846] 00000010: 00 00 00 01 00 00 00 02 00 00 00 00 00 00 00 01  ................
[   31.774424] 00000020: 00 00 00 01 00 00 00 00 00 00 00 01 00 00 00 04  ................
[   31.776105] 00000030: 00 00 00 04 00 00 0a 58 00 00 0a 50 00 00 00 00  .......X...P....
[   31.777820] 00000040: 9f 1c ad 42 11 bd 4e 12 8f 0b f0 78 76 b8 1d 9a  ...B..N....xv...
[   31.779513] 00000050: 00 00 00 00 00 00 00 01 00 00 00 05 00 00 00 08  ................
[   31.781237] 00000060: 00 00 00 00 00 00 00 00 00 00 00 00 00 00 00 00  ................
[   31.782939] 00000070: 00 00 00 00 00 00 00 00 00 00 00 00 00 00 00 00  ................
[   31.791133] XFS (loop6): metadata I/O error in "xfs_read_agf+0xcb/0x280" at daddr 0x1 len 1 error 74
[   31.793260] XFS (loop6): Error -117 recovering leftover CoW allocations.
[   31.799195] loop4: detected capacity change from 0 to 32768
[   31.824199] XFS (loop6): Corruption of in-memory data (0x8) detected at xfs_mountfs+0xb5e/0xc90 (fs/xfs/xfs_mount.c:944).  Shutting down filesystem.
[   31.826601] XFS (loop6): Please unmount the filesystem and rectify the problem(s)
[   31.841973] loop0: detected capacity change from 0 to 32768
[   31.851409] loop5: detected capacity change from 0 to 32768
[   31.867092] loop7: detected capacity change from 0 to 32768
[   31.895593] XFS (loop3): Mounting V5 Filesystem
[   31.912287] XFS (loop4): Mounting V5 Filesystem
[   31.914631] XFS (loop5): Mounting V5 Filesystem
[   31.914872] loop2: detected capacity change from 0 to 32768
[   31.919247] XFS (loop0): Mounting V5 Filesystem
[   31.933524] XFS (loop7): Mounting V5 Filesystem
[   31.962345] XFS (loop3): Starting recovery (logdev: internal)
[   31.979116] XFS (loop3): Ending recovery (logdev: internal)
[   31.981694] XFS (loop3): Metadata CRC error detected at xfs_agf_read_verify+0x102/0x130, xfs_agf block 0x1 
[   31.983510] XFS (loop3): Unmount and run xfs_repair
[   31.984404] XFS (loop3): First 128 bytes of corrupted metadata buffer:
[   31.985598] 00000000: 58 41 47 46 00 00 00 01 00 00 00 00 00 00 10 00  XAGF............
[   31.987024] 00000010: 00 00 00 01 00 00 00 02 00 00 00 00 00 00 00 01  ................
[   31.988449] 00000020: 00 00 00 01 00 00 00 00 00 00 00 01 00 00 00 04  ................
[   31.989887] 00000030: 00 00 00 04 00 00 0a 58 00 00 0a 50 00 00 00 00  .......X...P....
[   31.991300] 00000040: 9f 1c ad 42 11 bd 4e 12 8f 0b f0 78 76 b8 1d 9a  ...B..N....xv...
[   31.992720] 00000050: 00 00 00 00 00 00 00 01 00 00 00 05 00 00 00 08  ................
[   31.994158] 00000060: 00 00 00 00 00 00 00 00 00 00 00 00 00 00 00 00  ................
[   31.995601] 00000070: 00 00 00 00 00 00 00 00 00 00 00 00 00 00 00 00  ................
[   31.998108] XFS (loop3): metadata I/O error in "xfs_read_agf+0xcb/0x280" at daddr 0x1 len 1 error 74
[   32.000180] XFS (loop3): Error -117 recovering leftover CoW allocations.
[   32.013280] XFS (loop3): Corruption of in-memory data (0x8) detected at xfs_mountfs+0xb5e/0xc90 (fs/xfs/xfs_mount.c:944).  Shutting down filesystem.
[   32.016253] XFS (loop3): Please unmount the filesystem and rectify the problem(s)
[   32.055480] loop1: detected capacity change from 0 to 32768
[   32.055788] XFS (loop5): Starting recovery (logdev: internal)
[   32.057195] XFS (loop0): Starting recovery (logdev: internal)
[   32.058188] XFS (loop4): Starting recovery (logdev: internal)
[   32.059957] XFS (loop0): Ending recovery (logdev: internal)
[   32.061163] XFS (loop0): Metadata CRC error detected at xfs_agf_read_verify+0x102/0x130, xfs_agf block 0x1 
[   32.062980] XFS (loop0): Unmount and run xfs_repair
[   32.063914] XFS (loop0): First 128 bytes of corrupted metadata buffer:
[   32.065193] 00000000: 58 41 47 46 00 00 00 01 00 00 00 00 00 00 10 00  XAGF............
[   32.066818] 00000010: 00 00 00 01 00 00 00 02 00 00 00 00 00 00 00 01  ................
[   32.068543] 00000020: 00 00 00 01 00 00 00 00 00 00 00 01 00 00 00 04  ................
[   32.070295] 00000030: 00 00 00 04 00 00 0a 58 00 00 0a 50 00 00 00 00  .......X...P....
[   32.072037] 00000040: 9f 1c ad 42 11 bd 4e 12 8f 0b f0 78 76 b8 1d 9a  ...B..N....xv...
[   32.073804] 00000050: 00 00 00 00 00 00 00 01 00 00 00 05 00 00 00 08  ................
[   32.075516] 00000060: 00 00 00 00 00 00 00 00 00 00 00 00 00 00 00 00  ................
[   32.077289] 00000070: 00 00 00 00 00 00 00 00 00 00 00 00 00 00 00 00  ................
[   32.079431] XFS (loop0): metadata I/O error in "xfs_read_agf+0xcb/0x280" at daddr 0x1 len 1 error 74
[   32.081545] XFS (loop0): Error -117 recovering leftover CoW allocations.
[   32.083419] XFS (loop0): Corruption of in-memory data (0x8) detected at xfs_mountfs+0xb5e/0xc90 (fs/xfs/xfs_mount.c:944).  Shutting down filesystem.
[   32.086394] XFS (loop0): Please unmount the filesystem and rectify the problem(s)
[   32.097825] XFS (loop1): Mounting V5 Filesystem
[   32.129944] XFS (loop7): Starting recovery (logdev: internal)
[   32.134749] XFS (loop2): Mounting V5 Filesystem
[   32.136518] XFS (loop4): Ending recovery (logdev: internal)
[   32.138227] XFS (loop5): Ending recovery (logdev: internal)
[   32.140763] XFS (loop4): Metadata CRC error detected at xfs_agf_read_verify+0x102/0x130, xfs_agf block 0x1 
[   32.142979] XFS (loop4): Unmount and run xfs_repair
[   32.144040] XFS (loop4): First 128 bytes of corrupted metadata buffer:
[   32.145451] 00000000: 58 41 47 46 00 00 00 01 00 00 00 00 00 00 10 00  XAGF............
[   32.147156] 00000010: 00 00 00 01 00 00 00 02 00 00 00 00 00 00 00 01  ................
[   32.148875] 00000020: 00 00 00 01 00 00 00 00 00 00 00 01 00 00 00 04  ................
[   32.150567] 00000030: 00 00 00 04 00 00 0a 58 00 00 0a 50 00 00 00 00  .......X...P....
[   32.152264] 00000040: 9f 1c ad 42 11 bd 4e 12 8f 0b f0 78 76 b8 1d 9a  ...B..N....xv...
[   32.153983] 00000050: 00 00 00 00 00 00 00 01 00 00 00 05 00 00 00 08  ................
[   32.155672] 00000060: 00 00 00 00 00 00 00 00 00 00 00 00 00 00 00 00  ................
[   32.157222] 00000070: 00 00 00 00 00 00 00 00 00 00 00 00 00 00 00 00  ................
[   32.158805] XFS (loop4): metadata I/O error in "xfs_read_agf+0xcb/0x280" at daddr 0x1 len 1 error 74
[   32.160420] XFS (loop4): Error -117 recovering leftover CoW allocations.
[   32.160607] XFS (loop7): Ending recovery (logdev: internal)
[   32.162803] XFS (loop7): Metadata CRC error detected at xfs_agf_read_verify+0x102/0x130, xfs_agf block 0x1 
[   32.164547] XFS (loop7): Unmount and run xfs_repair
[   32.165439] XFS (loop7): First 128 bytes of corrupted metadata buffer:
[   32.165790] XFS (loop1): Starting recovery (logdev: internal)
[   32.166559] 00000000: 58 41 47 46 00 00 00 01 00 00 00 00 00 00 10 00  XAGF............
[   32.166573] 00000010: 00 00 00 01 00 00 00 02 00 00 00 00 00 00 00 01  ................
[   32.166582] 00000020: 00 00 00 01 00 00 00 00 00 00 00 01 00 00 00 04  ................
[   32.168297] XFS (loop4): Corruption of in-memory data (0x8) detected at xfs_mountfs+0xb5e/0xc90 (fs/xfs/xfs_mount.c:944).  Shutting down filesystem.
[   32.168981] 00000030: 00 00 00 04 00 00 0a 58 00 00 0a 50 00 00 00 00  .......X...P....
[   32.168991] 00000040: 9f 1c ad 42 11 bd 4e 12 8f 0b f0 78 76 b8 1d 9a  ...B..N....xv...
[   32.170377] XFS (loop4): Please unmount the filesystem and rectify the problem(s)
[   32.171778] 00000050: 00 00 00 00 00 00 00 01 00 00 00 05 00 00 00 08  ................
[   32.181035] 00000060: 00 00 00 00 00 00 00 00 00 00 00 00 00 00 00 00  ................
[   32.182731] 00000070: 00 00 00 00 00 00 00 00 00 00 00 00 00 00 00 00  ................
[   32.184603] XFS (loop7): metadata I/O error in "xfs_read_agf+0xcb/0x280" at daddr 0x1 len 1 error 74
[   32.186624] XFS (loop7): Error -117 recovering leftover CoW allocations.
[   32.188604] XFS (loop5): Metadata CRC error detected at xfs_agf_read_verify+0x102/0x130, xfs_agf block 0x1 
[   32.189388] XFS (loop7): Corruption of in-memory data (0x8) detected at xfs_mountfs+0xb5e/0xc90 (fs/xfs/xfs_mount.c:944).  Shutting down filesystem.
[   32.191446] XFS (loop5): Unmount and run xfs_repair
[   32.191458] XFS (loop5): First 128 bytes of corrupted metadata buffer:
[   32.194259] XFS (loop7): Please unmount the filesystem and rectify the problem(s)
[   32.195315] 00000000: 58 41 47 46 00 00 00 01 00 00 00 00 00 00 10 00  XAGF............
[   32.200040] 00000010: 00 00 00 01 00 00 00 02 00 00 00 00 00 00 00 01  ................
[   32.201761] 00000020: 00 00 00 01 00 00 00 00 00 00 00 01 00 00 00 04  ................
[   32.203461] 00000030: 00 00 00 04 00 00 0a 58 00 00 0a 50 00 00 00 00  .......X...P....
[   32.205172] 00000040: 9f 1c ad 42 11 bd 4e 12 8f 0b f0 78 76 b8 1d 9a  ...B..N....xv...
[   32.206867] 00000050: 00 00 00 00 00 00 00 01 00 00 00 05 00 00 00 08  ................
[   32.208564] 00000060: 00 00 00 00 00 00 00 00 00 00 00 00 00 00 00 00  ................
[   32.210324] 00000070: 00 00 00 00 00 00 00 00 00 00 00 00 00 00 00 00  ................
[   32.212164] XFS (loop5): metadata I/O error in "xfs_read_agf+0xcb/0x280" at daddr 0x1 len 1 error 74
[   32.214176] XFS (loop5): Error -117 recovering leftover CoW allocations.
[   32.217244] XFS (loop5): Corruption of in-memory data (0x8) detected at xfs_mountfs+0xb5e/0xc90 (fs/xfs/xfs_mount.c:944).  Shutting down filesystem.
[   32.219532] XFS (loop5): Please unmount the filesystem and rectify the problem(s)
[   32.223780] XFS (loop1): Ending recovery (logdev: internal)
[   32.223918] XFS (loop2): Starting recovery (logdev: internal)
[   32.226212] XFS (loop1): Metadata CRC error detected at xfs_agf_read_verify+0x102/0x130, xfs_agf block 0x1 
[   32.227968] XFS (loop1): Unmount and run xfs_repair
[   32.228809] XFS (loop1): First 128 bytes of corrupted metadata buffer:
[   32.229970] 00000000: 58 41 47 46 00 00 00 01 00 00 00 00 00 00 10 00  XAGF............
[   32.231373] 00000010: 00 00 00 01 00 00 00 02 00 00 00 00 00 00 00 01  ................
[   32.232849] 00000020: 00 00 00 01 00 00 00 00 00 00 00 01 00 00 00 04  ................
[   32.234455] 00000030: 00 00 00 04 00 00 0a 58 00 00 0a 50 00 00 00 00  .......X...P....
[   32.236094] 00000040: 9f 1c ad 42 11 bd 4e 12 8f 0b f0 78 76 b8 1d 9a  ...B..N....xv...
[   32.237491] 00000050: 00 00 00 00 00 00 00 01 00 00 00 05 00 00 00 08  ................
[   32.238861] 00000060: 00 00 00 00 00 00 00 00 00 00 00 00 00 00 00 00  ................
[   32.240232] 00000070: 00 00 00 00 00 00 00 00 00 00 00 00 00 00 00 00  ................
[   32.241782] XFS (loop1): metadata I/O error in "xfs_read_agf+0xcb/0x280" at daddr 0x1 len 1 error 74
[   32.243380] XFS (loop1): Error -117 recovering leftover CoW allocations.
[   32.244580] XFS (loop1): Corruption of in-memory data (0x8) detected at xfs_mountfs+0xb5e/0xc90 (fs/xfs/xfs_mount.c:944).  Shutting down filesystem.
[   32.246874] XFS (loop1): Please unmount the filesystem and rectify the problem(s)
[   32.255049] XFS (loop2): Ending recovery (logdev: internal)
[   32.256560] XFS (loop2): Metadata CRC error detected at xfs_agf_read_verify+0x102/0x130, xfs_agf block 0x1 
[   32.258743] XFS (loop2): Unmount and run xfs_repair
[   32.259792] XFS (loop2): First 128 bytes of corrupted metadata buffer:
[   32.261215] 00000000: 58 41 47 46 00 00 00 01 00 00 00 00 00 00 10 00  XAGF............
[   32.262913] 00000010: 00 00 00 01 00 00 00 02 00 00 00 00 00 00 00 01  ................
[   32.264613] 00000020: 00 00 00 01 00 00 00 00 00 00 00 01 00 00 00 04  ................
[   32.266330] 00000030: 00 00 00 04 00 00 0a 58 00 00 0a 50 00 00 00 00  .......X...P....
[   32.268012] 00000040: 9f 1c ad 42 11 bd 4e 12 8f 0b f0 78 76 b8 1d 9a  ...B..N....xv...
