c[?7l[2J[0mSeaBIOS (version rel-1.16.0-0-gd239552ce722-prebuilt.qemu.org)


iPXE (http://ipxe.org) 00:03.0 CA00 PCI2.10 PnP PMM+7FF91000+7FEF1000 CA00
Press Ctrl-B to configure iPXE (PCI 00:03.0)...                                                                               


Booting from ROM...
c[?7l[2J[    0.000000] Linux version 6.3.0-rc3-e8d018dd0257+ (root@p-rplp02) (gcc (GCC) 8.5.0 20210514 (Red Hat 8.5.0-18), GNU ld version 2.36.1-2.el8) #1 SMP PREEMPT_DYNAMIC Mon Mar 20 13:04:40 CST 2023
[    0.000000] Command line: console=ttyS0 root=/dev/sda earlyprintk=serial net.ifnames=0
[    0.000000] KERNEL supported cpus:
[    0.000000]   Intel GenuineIntel
[    0.000000]   AMD AuthenticAMD
[    0.000000]   Hygon HygonGenuine
[    0.000000]   Centaur CentaurHauls
[    0.000000]   zhaoxin   Shanghai  
[    0.000000] x86/fpu: Supporting XSAVE feature 0x001: 'x87 floating point registers'
[    0.000000] x86/fpu: Supporting XSAVE feature 0x002: 'SSE registers'
[    0.000000] x86/fpu: Supporting XSAVE feature 0x004: 'AVX registers'
[    0.000000] x86/fpu: Supporting XSAVE feature 0x200: 'Protection Keys User registers'
[    0.000000] x86/fpu: xstate_offset[2]:  576, xstate_sizes[2]:  256
[    0.000000] x86/fpu: xstate_offset[9]:  832, xstate_sizes[9]:    8
[    0.000000] x86/fpu: Enabled xstate features 0x207, context size is 840 bytes, using 'compacted' format.
[    0.000000] signal: max sigframe size: 3632
[    0.000000] BIOS-provided physical RAM map:
[    0.000000] BIOS-e820: [mem 0x0000000000000000-0x000000000009fbff] usable
[    0.000000] BIOS-e820: [mem 0x000000000009fc00-0x000000000009ffff] reserved
[    0.000000] BIOS-e820: [mem 0x00000000000f0000-0x00000000000fffff] reserved
[    0.000000] BIOS-e820: [mem 0x0000000000100000-0x000000007ffdffff] usable
[    0.000000] BIOS-e820: [mem 0x000000007ffe0000-0x000000007fffffff] reserved
[    0.000000] BIOS-e820: [mem 0x00000000feffc000-0x00000000feffffff] reserved
[    0.000000] BIOS-e820: [mem 0x00000000fffc0000-0x00000000ffffffff] reserved
[    0.000000] printk: bootconsole [earlyser0] enabled
[    0.000000] NX (Execute Disable) protection: active
[    0.000000] SMBIOS 2.8 present.
[    0.000000] DMI: QEMU Standard PC (i440FX + PIIX, 1996), BIOS rel-1.16.0-0-gd239552ce722-prebuilt.qemu.org 04/01/2014
[    0.000000] Hypervisor detected: KVM
[    0.000000] kvm-clock: Using msrs 4b564d01 and 4b564d00
[    0.000007] kvm-clock: using sched offset of 618278874 cycles
[    0.001083] clocksource: kvm-clock: mask: 0xffffffffffffffff max_cycles: 0x1cd42e4dffb, max_idle_ns: 881590591483 ns
[    0.004000] tsc: Detected 1881.600 MHz processor
[    0.004000] last_pfn = 0x7ffe0 max_arch_pfn = 0x400000000
[    0.004000] x86/PAT: Configuration [0-7]: WB  WC  UC- UC  WB  WP  UC- WT  
[    0.004000] found SMP MP-table at [mem 0x000f5ba0-0x000f5baf]
[    0.004000] Using GB pages for direct mapping
[    0.004000] ACPI: Early table checksum verification disabled
[    0.004000] ACPI: RSDP 0x00000000000F59C0 000014 (v00 BOCHS )
[    0.004000] ACPI: RSDT 0x000000007FFE1951 000034 (v01 BOCHS  BXPC     00000001 BXPC 00000001)
[    0.004000] ACPI: FACP 0x000000007FFE17FD 000074 (v01 BOCHS  BXPC     00000001 BXPC 00000001)
[    0.004000] ACPI: DSDT 0x000000007FFE0040 0017BD (v01 BOCHS  BXPC     00000001 BXPC 00000001)
[    0.004000] ACPI: FACS 0x000000007FFE0000 000040
[    0.004000] ACPI: APIC 0x000000007FFE1871 000080 (v01 BOCHS  BXPC     00000001 BXPC 00000001)
[    0.004000] ACPI: HPET 0x000000007FFE18F1 000038 (v01 BOCHS  BXPC     00000001 BXPC 00000001)
[    0.004000] ACPI: WAET 0x000000007FFE1929 000028 (v01 BOCHS  BXPC     00000001 BXPC 00000001)
[    0.004000] ACPI: Reserving FACP table memory at [mem 0x7ffe17fd-0x7ffe1870]
[    0.004000] ACPI: Reserving DSDT table memory at [mem 0x7ffe0040-0x7ffe17fc]
[    0.004000] ACPI: Reserving FACS table memory at [mem 0x7ffe0000-0x7ffe003f]
[    0.004000] ACPI: Reserving APIC table memory at [mem 0x7ffe1871-0x7ffe18f0]
[    0.004000] ACPI: Reserving HPET table memory at [mem 0x7ffe18f1-0x7ffe1928]
[    0.004000] ACPI: Reserving WAET table memory at [mem 0x7ffe1929-0x7ffe1950]
[    0.004000] No NUMA configuration found
[    0.004000] Faking a node at [mem 0x0000000000000000-0x000000007ffdffff]
[    0.004000] NODE_DATA(0) allocated [mem 0x7ffb5000-0x7ffdffff]
[    0.004000] Zone ranges:
[    0.004000]   DMA      [mem 0x0000000000001000-0x0000000000ffffff]
[    0.004000]   DMA32    [mem 0x0000000001000000-0x000000007ffdffff]
[    0.004000]   Normal   empty
[    0.004000]   Device   empty
[    0.004000] Movable zone start for each node
[    0.004000] Early memory node ranges
[    0.004000]   node   0: [mem 0x0000000000001000-0x000000000009efff]
[    0.004000]   node   0: [mem 0x0000000000100000-0x000000007ffdffff]
[    0.004000] Initmem setup node 0 [mem 0x0000000000001000-0x000000007ffdffff]
[    0.004000] On node 0, zone DMA: 1 pages in unavailable ranges
[    0.004000] On node 0, zone DMA: 97 pages in unavailable ranges
[    0.004000] On node 0, zone DMA32: 32 pages in unavailable ranges
[    0.004000] ACPI: PM-Timer IO Port: 0x608
[    0.004000] ACPI: LAPIC_NMI (acpi_id[0xff] dfl dfl lint[0x1])
[    0.004000] IOAPIC[0]: apic_id 0, version 17, address 0xfec00000, GSI 0-23
[    0.004000] ACPI: INT_SRC_OVR (bus 0 bus_irq 0 global_irq 2 dfl dfl)
[    0.004000] ACPI: INT_SRC_OVR (bus 0 bus_irq 5 global_irq 5 high level)
[    0.004000] ACPI: INT_SRC_OVR (bus 0 bus_irq 9 global_irq 9 high level)
[    0.004000] ACPI: INT_SRC_OVR (bus 0 bus_irq 10 global_irq 10 high level)
[    0.004000] ACPI: INT_SRC_OVR (bus 0 bus_irq 11 global_irq 11 high level)
[    0.004000] ACPI: Using ACPI (MADT) for SMP configuration information
[    0.004000] ACPI: HPET id: 0x8086a201 base: 0xfed00000
[    0.004000] TSC deadline timer available
[    0.004000] smpboot: Allowing 2 CPUs, 0 hotplug CPUs
[    0.004000] kvm-guest: KVM setup pv remote TLB flush
[    0.004000] kvm-guest: setup PV sched yield
[    0.004000] PM: hibernation: Registered nosave memory: [mem 0x00000000-0x00000fff]
[    0.004000] PM: hibernation: Registered nosave memory: [mem 0x0009f000-0x0009ffff]
[    0.004000] PM: hibernation: Registered nosave memory: [mem 0x000a0000-0x000effff]
[    0.004000] PM: hibernation: Registered nosave memory: [mem 0x000f0000-0x000fffff]
[    0.004000] [mem 0x80000000-0xfeffbfff] available for PCI devices
[    0.004000] Booting paravirtualized kernel on KVM
[    0.004000] clocksource: refined-jiffies: mask: 0xffffffff max_cycles: 0xffffffff, max_idle_ns: 7645519600211568 ns
[    0.004000] setup_percpu: NR_CPUS:8192 nr_cpumask_bits:2 nr_cpu_ids:2 nr_node_ids:1
[    0.004000] percpu: Embedded 65 pages/cpu s229376 r8192 d28672 u1048576
[    0.004000] kvm-guest: PV spinlocks enabled
[    0.004000] PV qspinlock hash table entries: 256 (order: 0, 4096 bytes, linear)
[    0.004000] Fallback order for Node 0: 0 
[    0.004000] Built 1 zonelists, mobility grouping on.  Total pages: 515808
[    0.004000] Policy zone: DMA32
[    0.004000] Kernel command line: net.ifnames=0 console=ttyS0 root=/dev/sda earlyprintk=serial net.ifnames=0
[    0.004000] random: crng init done
[    0.004000] Dentry cache hash table entries: 262144 (order: 9, 2097152 bytes, linear)
[    0.004000] Inode-cache hash table entries: 131072 (order: 8, 1048576 bytes, linear)
[    0.004000] mem auto-init: stack:off, heap alloc:off, heap free:off
[    0.004000] Memory: 1966936K/2096632K available (34816K kernel code, 4577K rwdata, 9800K rodata, 10384K init, 31872K bss, 129440K reserved, 0K cma-reserved)
[    0.004000] SLUB: HWalign=64, Order=0-3, MinObjects=0, CPUs=2, Nodes=1
[    0.004000] kmemleak: Kernel memory leak detector disabled
[    0.004000] ftrace: allocating 68738 entries in 269 pages
[    0.004000] ftrace: allocated 269 pages with 4 groups
[    0.004000] Dynamic Preempt: voluntary
[    0.004000] Running RCU self tests
[    0.004000] Running RCU synchronous self tests
[    0.004000] rcu: Preemptible hierarchical RCU implementation.
[    0.004000] rcu: 	RCU lockdep checking is enabled.
[    0.004000] rcu: 	RCU restricting CPUs from NR_CPUS=8192 to nr_cpu_ids=2.
[    0.004000] 	Trampoline variant of Tasks RCU enabled.
[    0.004000] 	Rude variant of Tasks RCU enabled.
[    0.004000] 	Tracing variant of Tasks RCU enabled.
[    0.004000] rcu: RCU calculated value of scheduler-enlistment delay is 25 jiffies.
[    0.004000] rcu: Adjusting geometry for rcu_fanout_leaf=16, nr_cpu_ids=2
[    0.004000] Running RCU synchronous self tests
[    0.004000] NR_IRQS: 524544, nr_irqs: 440, preallocated irqs: 16
[    0.004000] rcu: srcu_init: Setting srcu_struct sizes based on contention.
[    0.004000] Console: colour VGA+ 80x25
[    0.004000] printk: console [ttyS0] enabled
[    0.004000] printk: console [ttyS0] enabled
[    0.004000] printk: bootconsole [earlyser0] disabled
[    0.004000] printk: bootconsole [earlyser0] disabled
[    0.004000] Lock dependency validator: Copyright (c) 2006 Red Hat, Inc., Ingo Molnar
[    0.004000] ... MAX_LOCKDEP_SUBCLASSES:  8
[    0.004000] ... MAX_LOCK_DEPTH:          48
[    0.004000] ... MAX_LOCKDEP_KEYS:        8192
[    0.004000] ... CLASSHASH_SIZE:          4096
[    0.004000] ... MAX_LOCKDEP_ENTRIES:     32768
[    0.004000] ... MAX_LOCKDEP_CHAINS:      65536
[    0.004000] ... CHAINHASH_SIZE:          32768
[    0.004000]  memory used by lock dependency info: 6365 kB
[    0.004000]  memory used for stack traces: 4224 kB
[    0.004000]  per task-struct memory footprint: 1920 bytes
[    0.004000] ACPI: Core revision 20221020
[    0.004000] clocksource: hpet: mask: 0xffffffff max_cycles: 0xffffffff, max_idle_ns: 19112604467 ns
[    0.004000] APIC: Switch to symmetric I/O mode setup
[    0.004000] x2apic enabled
[    0.004000] Switched APIC routing to physical x2apic.
[    0.004000] kvm-guest: setup PV IPIs
[    0.004000] ..TIMER: vector=0x30 apic1=0 pin1=2 apic2=-1 pin2=-1
[    0.004000] clocksource: tsc-early: mask: 0xffffffffffffffff max_cycles: 0x363e8c91135, max_idle_ns: 881590568389 ns
[    0.314043] Calibrating delay loop (skipped) preset value.. 3763.20 BogoMIPS (lpj=7526400)
[    0.315636] pid_max: default: 32768 minimum: 301
[    0.318133] LSM: initializing lsm=capability,yama,integrity
[    0.319233] Yama: becoming mindful.
[    0.320264] Mount-cache hash table entries: 4096 (order: 3, 32768 bytes, linear)
[    0.322070] Mountpoint-cache hash table entries: 4096 (order: 3, 32768 bytes, linear)
[    0.326305] CPU0: Thermal monitoring enabled (TM1)
[    0.329687] x86/cpu: User Mode Instruction Prevention (UMIP) activated
[    0.331746] Last level iTLB entries: 4KB 0, 2MB 0, 4MB 0
[    0.334107] Last level dTLB entries: 4KB 0, 2MB 0, 4MB 0, 1GB 0
[    0.335393] Spectre V1 : Mitigation: usercopy/swapgs barriers and __user pointer sanitization
[    0.338030] Spectre V2 : WARNING: Unprivileged eBPF is enabled with eIBRS on, data leaks possible via Spectre v2 BHB attacks!
[    0.340187] Spectre V2 : Mitigation: Enhanced / Automatic IBRS
[    0.341291] Spectre V2 : Spectre v2 / SpectreRSB mitigation: Filling RSB on context switch
[    0.342019] Spectre V2 : Spectre v2 / PBRSB-eIBRS: Retire a single CALL on VMEXIT
[    0.343439] Spectre V2 : mitigation: Enabling conditional Indirect Branch Prediction Barrier
[    0.346018] Speculative Store Bypass: Mitigation: Speculative Store Bypass disabled via prctl
[    0.347619] MMIO Stale Data: Unknown: No mitigations
[    0.483798] Freeing SMP alternatives memory: 56K
[    0.484599] Running RCU synchronous self tests
[    0.485252] Running RCU synchronous self tests
[    0.486653] smpboot: CPU0: Genuine Intel(R) 0000 (family: 0x6, model: 0xba, stepping: 0x2)
[    0.488512] cblist_init_generic: Setting adjustable number of callback queues.
[    0.489591] cblist_init_generic: Setting shift to 1 and lim to 1.
[    0.490013] cblist_init_generic: Setting shift to 1 and lim to 1.
[    0.490097] cblist_init_generic: Setting shift to 1 and lim to 1.
[    0.491057] Running RCU-tasks wait API self tests
[    0.594238] Performance Events: Alderlake Hybrid events, full-width counters, Intel PMU driver.
[    0.596191] core: cpu_core PMU driver: 
[    0.596738] ... version:                2
[    0.597306] ... bit width:              48
[    0.597878] ... generic registers:      6
[    0.598023] ... value mask:             0000ffffffffffff
[    0.598755] ... max period:             00007fffffffffff
[    0.599489] ... fixed-purpose events:   3
[    0.600047] ... event mask:             0001000f0000003f
[    0.601140] rcu: Hierarchical SRCU implementation.
[    0.601819] rcu: 	Max phase no-delay instances is 1000.
[    0.602108] Callback from call_rcu_tasks_trace() invoked.
[    0.604950] unchecked MSR access error: WRMSR to 0x38f (tried to write 0x0001000f0000003f) at rIP: 0xffffffff810dcc2c (native_write_msr+0xc/0x30)
[    0.606013] Call Trace:
[    0.606013]  <TASK>
[    0.606013]  __intel_pmu_enable_all.constprop.49+0xb5/0x140
[    0.606013]  intel_pmu_enable_all+0x1e/0x30
[    0.606013]  x86_pmu_enable+0x46d/0x5a0
[    0.606013]  ? write_comp_data+0x2f/0x90
[    0.606013]  perf_pmu_enable+0x53/0x70
[    0.606013]  ctx_resched+0x14d/0x1e0
[    0.606013]  __perf_install_in_context+0x2f7/0x470
[    0.606013]  ? __pfx_remote_function+0x10/0x10
[    0.606013]  ? __pfx_remote_function+0x10/0x10
[    0.606013]  remote_function+0x80/0xa0
[    0.606013]  ? __pfx_remote_function+0x10/0x10
[    0.606013]  generic_exec_single+0x124/0x190
[    0.606013]  smp_call_function_single+0x11c/0x240
[    0.606013]  ? __pfx_remote_function+0x10/0x10
[    0.606013]  ? __sanitizer_cov_trace_pc+0x25/0x60
[    0.606013]  ? write_comp_data+0x2f/0x90
[    0.606013]  perf_install_in_context+0x2d8/0x300
[    0.606013]  ? __pfx___perf_install_in_context+0x10/0x10
[    0.606013]  perf_event_create_kernel_counter+0x284/0x2b0
[    0.606013]  ? __pfx_watchdog_overflow_callback+0x10/0x10
[    0.606013]  hardlockup_detector_event_create+0x46/0xd0
[    0.606013]  hardlockup_detector_perf_init+0x18/0x80
[    0.606013]  watchdog_nmi_probe+0x17/0x20
[    0.606013]  lockup_detector_init+0x40/0xb0
[    0.606013]  kernel_init_freeable+0x37e/0x760
[    0.606013]  ? __pfx_kernel_init+0x10/0x10
[    0.606013]  kernel_init+0x24/0x1e0
[    0.606013]  ? __pfx_kernel_init+0x10/0x10
[    0.606013]  ret_from_fork+0x29/0x50
[    0.606013]  </TASK>
[    0.606459] smp: Bringing up secondary CPUs ...
[    0.608178] x86: Booting SMP configuration:
[    0.609011] .... node  #0, CPUs:      #1
[    0.610343] smp: Brought up 1 node, 2 CPUs
[    0.611752] smpboot: Max logical packages: 1
[    0.612557] smpboot: Total of 2 processors activated (7526.40 BogoMIPS)
[    0.626181] devtmpfs: initialized
[    0.627232] x86/mm: Memory block size: 128MB
[    0.630499] Running RCU synchronous self tests
[    0.631396] Running RCU synchronous self tests
[    0.632289] clocksource: jiffies: mask: 0xffffffff max_cycles: 0xffffffff, max_idle_ns: 7645041785100000 ns
[    0.634037] futex hash table entries: 512 (order: 4, 65536 bytes, linear)
[    0.635815] pinctrl core: initialized pinctrl subsystem
[    0.637489] 
[    0.637804] *************************************************************
[    0.638024] **     NOTICE NOTICE NOTICE NOTICE NOTICE NOTICE NOTICE    **
[    0.639297] **                                                         **
[    0.640579] **  IOMMU DebugFS SUPPORT HAS BEEN ENABLED IN THIS KERNEL  **
[    0.641847] **                                                         **
[    0.642021] ** This means that this kernel is built to expose internal **
[    0.643301] ** IOMMU data structures, which may compromise security on **
[    0.644574] ** your system.                                            **
[    0.645843] **                                                         **
[    0.646022] ** If you see this message and you are not debugging the   **
[    0.647281] ** kernel, report this immediately to your vendor!         **
[    0.648540] **                                                         **
[    0.649808] **     NOTICE NOTICE NOTICE NOTICE NOTICE NOTICE NOTICE    **
[    0.650022] *************************************************************
[    0.651443] PM: RTC time: 00:25:25, date: 2023-03-21
[    0.658460] NET: Registered PF_NETLINK/PF_ROUTE protocol family
[    0.660278] DMA: preallocated 256 KiB GFP_KERNEL pool for atomic allocations
[    0.661642] DMA: preallocated 256 KiB GFP_KERNEL|GFP_DMA pool for atomic allocations
[    0.662055] DMA: preallocated 256 KiB GFP_KERNEL|GFP_DMA32 pool for atomic allocations
[    0.663608] audit: initializing netlink subsys (disabled)
[    0.664667] audit: type=2000 audit(1679358326.135:1): state=initialized audit_enabled=0 res=1
[    0.664667] thermal_sys: Registered thermal governor 'fair_share'
[    0.664667] thermal_sys: Registered thermal governor 'bang_bang'
[    0.666031] thermal_sys: Registered thermal governor 'step_wise'
[    0.667131] thermal_sys: Registered thermal governor 'user_space'
[    0.668327] cpuidle: using governor ladder
[    0.670821] cpuidle: using governor menu
[    0.672080] acpiphp: ACPI Hot Plug PCI Controller Driver version: 0.5
[    0.673791] PCI: Using configuration type 1 for base access
[    0.674993] kprobes: kprobe jump-optimization is enabled. All kprobes are optimized if possible.
[    0.917387] HugeTLB: registered 1.00 GiB page size, pre-allocated 0 pages
[    0.918032] HugeTLB: 16380 KiB vmemmap can be freed for a 1.00 GiB page
[    0.919442] HugeTLB: registered 2.00 MiB page size, pre-allocated 0 pages
[    0.920867] HugeTLB: 28 KiB vmemmap can be freed for a 2.00 MiB page
[    0.928803] ACPI: Added _OSI(Module Device)
[    0.929762] ACPI: Added _OSI(Processor Device)
[    0.930029] ACPI: Added _OSI(3.0 _SCP Extensions)
[    0.931037] ACPI: Added _OSI(Processor Aggregator Device)
[    0.937521] ACPI: 1 ACPI AML tables successfully acquired and loaded
[    3.318032] Callback from call_rcu_tasks_rude() invoked.
[    3.320801] ACPI: Interpreter enabled
[    3.321540] ACPI: PM: (supports S0 S3 S4 S5)
[    3.322030] ACPI: Using IOAPIC for interrupt routing
[    3.322878] PCI: Using host bridge windows from ACPI; if necessary, use "pci=nocrs" and report a bug
[    3.324267] PCI: Using E820 reservations for host bridge windows
[    3.326188] ACPI: Enabled 2 GPEs in block 00 to 0F
[    3.350809] ACPI: PCI Root Bridge [PCI0] (domain 0000 [bus 00-ff])
[    3.352058] acpi PNP0A03:00: _OSC: OS supports [ASPM ClockPM Segments MSI EDR HPX-Type3]
[    3.353589] acpi PNP0A03:00: _OSC: not requesting OS control; OS requires [ExtendedConfig ASPM ClockPM MSI]
[    3.354110] acpi PNP0A03:00: fail to add MMCONFIG information, can't access extended configuration space under this bridge
[    3.358575] acpiphp: Slot [3] registered
[    3.359419] acpiphp: Slot [4] registered
[    3.360260] acpiphp: Slot [5] registered
[    3.361081] acpiphp: Slot [6] registered
[    3.361904] acpiphp: Slot [7] registered
[    3.362101] acpiphp: Slot [8] registered
[    3.362926] acpiphp: Slot [9] registered
[    3.363753] acpiphp: Slot [10] registered
[    3.364609] acpiphp: Slot [11] registered
[    3.365452] acpiphp: Slot [12] registered
[    3.366097] acpiphp: Slot [13] registered
[    3.367004] acpiphp: Slot [14] registered
[    3.367891] acpiphp: Slot [15] registered
[    3.368795] acpiphp: Slot [16] registered
[    3.369748] acpiphp: Slot [17] registered
[    3.370100] acpiphp: Slot [18] registered
[    3.370999] acpiphp: Slot [19] registered
[    3.371882] acpiphp: Slot [20] registered
[    3.372773] acpiphp: Slot [21] registered
[    3.373666] acpiphp: Slot [22] registered
[    3.374118] acpiphp: Slot [23] registered
[    3.375006] acpiphp: Slot [24] registered
[    3.375894] acpiphp: Slot [25] registered
[    3.376790] acpiphp: Slot [26] registered
[    3.377677] acpiphp: Slot [27] registered
[    3.378142] acpiphp: Slot [28] registered
[    3.379059] acpiphp: Slot [29] registered
[    3.380037] acpiphp: Slot [30] registered
[    3.380955] acpiphp: Slot [31] registered
[    3.381828] PCI host bridge to bus 0000:00
[    3.382029] pci_bus 0000:00: root bus resource [io  0x0000-0x0cf7 window]
[    3.383432] pci_bus 0000:00: root bus resource [io  0x0d00-0xffff window]
[    3.384825] pci_bus 0000:00: root bus resource [mem 0x000a0000-0x000bffff window]
[    3.386026] pci_bus 0000:00: root bus resource [mem 0x80000000-0xfebfffff window]
[    3.387563] pci_bus 0000:00: root bus resource [mem 0x100000000-0x17fffffff window]
[    3.389099] pci_bus 0000:00: root bus resource [bus 00-ff]
[    3.390220] pci 0000:00:00.0: [8086:1237] type 00 class 0x060000
[    3.394884] pci 0000:00:01.0: [8086:7000] type 00 class 0x060100
[    3.397325] pci 0000:00:01.1: [8086:7010] type 00 class 0x010180
[    3.399921] pci 0000:00:01.1: reg 0x20: [io  0xc040-0xc04f]
[    3.401862] pci 0000:00:01.1: legacy IDE quirk: reg 0x10: [io  0x01f0-0x01f7]
[    3.402030] pci 0000:00:01.1: legacy IDE quirk: reg 0x14: [io  0x03f6]
[    3.403349] pci 0000:00:01.1: legacy IDE quirk: reg 0x18: [io  0x0170-0x0177]
[    3.404713] pci 0000:00:01.1: legacy IDE quirk: reg 0x1c: [io  0x0376]
[    3.406065] Callback from call_rcu_tasks() invoked.
[    3.406545] pci 0000:00:01.3: [8086:7113] type 00 class 0x068000
[    3.409650] pci 0000:00:01.3: quirk: [io  0x0600-0x063f] claimed by PIIX4 ACPI
[    3.410042] pci 0000:00:01.3: quirk: [io  0x0700-0x070f] claimed by PIIX4 SMB
[    3.411896] pci 0000:00:02.0: [1234:1111] type 00 class 0x030000
[    3.414606] pci 0000:00:02.0: reg 0x10: [mem 0xfd000000-0xfdffffff pref]
[    3.418540] pci 0000:00:02.0: reg 0x18: [mem 0xfebf0000-0xfebf0fff]
[    3.425325] pci 0000:00:02.0: reg 0x30: [mem 0xfebe0000-0xfebeffff pref]
[    3.426712] pci 0000:00:02.0: Video device with shadowed ROM at [mem 0x000c0000-0x000dffff]
[    3.433268] pci 0000:00:03.0: [8086:100e] type 00 class 0x020000
[    3.434693] pci 0000:00:03.0: reg 0x10: [mem 0xfebc0000-0xfebdffff]
[    3.436497] pci 0000:00:03.0: reg 0x14: [io  0xc000-0xc03f]
[    3.440958] pci 0000:00:03.0: reg 0x30: [mem 0xfeb80000-0xfebbffff pref]
[    3.471302] ACPI: PCI: Interrupt link LNKA configured for IRQ 10
[    3.472607] ACPI: PCI: Interrupt link LNKB configured for IRQ 10
[    3.473810] ACPI: PCI: Interrupt link LNKC configured for IRQ 11
[    3.474467] ACPI: PCI: Interrupt link LNKD configured for IRQ 11
[    3.475520] ACPI: PCI: Interrupt link LNKS configured for IRQ 9
[    3.478503] iommu: Default domain type: Translated 
[    3.478829] iommu: DMA domain TLB invalidation policy: lazy mode 
[    3.479767] SCSI subsystem initialized
[    3.482298] ACPI: bus type USB registered
[    3.483040] usbcore: registered new interface driver usbfs
[    3.483926] usbcore: registered new interface driver hub
[    3.484783] usbcore: registered new device driver usb
[    3.486185] pps_core: LinuxPPS API ver. 1 registered
[    3.487064] pps_core: Software ver. 5.3.6 - Copyright 2005-2007 Rodolfo Giometti <giometti@linux.it>
[    3.488757] PTP clock support registered
[    3.489637] EDAC MC: Ver: 3.0.0
[    3.492063] NetLabel: Initializing
[    3.492780] NetLabel:  domain hash size = 128
[    3.493625] NetLabel:  protocols = UNLABELED CIPSOv4 CALIPSO
[    3.494141] NetLabel:  unlabeled traffic allowed by default
[    3.498400] PCI: Using ACPI for IRQ routing
[    3.499441] pci 0000:00:02.0: vgaarb: setting as boot VGA device
[    3.499441] pci 0000:00:02.0: vgaarb: bridge control possible
[    3.500358] pci 0000:00:02.0: vgaarb: VGA device added: decodes=io+mem,owns=io+mem,locks=none
[    3.502038] vgaarb: loaded
[    3.506079] hpet0: at MMIO 0xfed00000, IRQs 2, 8, 0
[    3.507081] hpet0: 3 comparators, 64-bit 100.000000 MHz counter
[    3.511538] clocksource: Switched to clocksource kvm-clock
[    3.513006] VFS: Disk quotas dquot_6.6.0
[    3.513832] VFS: Dquot-cache hash table entries: 512 (order 0, 4096 bytes)
[    3.515659] pnp: PnP ACPI init
[    3.519210] pnp: PnP ACPI: found 6 devices
[    3.530837] clocksource: acpi_pm: mask: 0xffffff max_cycles: 0xffffff, max_idle_ns: 2085701024 ns
[    3.532988] NET: Registered PF_INET protocol family
[    3.534593] IP idents hash table entries: 32768 (order: 6, 262144 bytes, linear)
[    3.537554] tcp_listen_portaddr_hash hash table entries: 1024 (order: 4, 73728 bytes, linear)
[    3.539381] Table-perturb hash table entries: 65536 (order: 6, 262144 bytes, linear)
[    3.540890] TCP established hash table entries: 16384 (order: 5, 131072 bytes, linear)
[    3.542903] TCP bind hash table entries: 16384 (order: 9, 2359296 bytes, linear)
[    3.547414] TCP: Hash tables configured (established 16384 bind 16384)
[    3.548801] UDP hash table entries: 1024 (order: 5, 163840 bytes, linear)
[    3.550048] UDP-Lite hash table entries: 1024 (order: 5, 163840 bytes, linear)
[    3.551567] NET: Registered PF_UNIX/PF_LOCAL protocol family
[    3.553068] RPC: Registered named UNIX socket transport module.
[    3.554000] RPC: Registered udp transport module.
[    3.554758] RPC: Registered tcp transport module.
[    3.555491] RPC: Registered tcp NFSv4.1 backchannel transport module.
[    3.556573] pci_bus 0000:00: resource 4 [io  0x0000-0x0cf7 window]
[    3.557644] pci_bus 0000:00: resource 5 [io  0x0d00-0xffff window]
[    3.558742] pci_bus 0000:00: resource 6 [mem 0x000a0000-0x000bffff window]
[    3.559994] pci_bus 0000:00: resource 7 [mem 0x80000000-0xfebfffff window]
[    3.561319] pci_bus 0000:00: resource 8 [mem 0x100000000-0x17fffffff window]
[    3.563041] pci 0000:00:01.0: PIIX3: Enabling Passive Release
[    3.564192] pci 0000:00:00.0: Limiting direct PCI/PCI transfers
[    3.565517] PCI: CLS 0 bytes, default 64
[    3.566871] ACPI: bus type thunderbolt registered
[    3.568255] clocksource: tsc: mask: 0xffffffffffffffff max_cycles: 0x363e8c91135, max_idle_ns: 881590568389 ns
[    3.646766] Initialise system trusted keyrings
[    3.647624] Key type blacklist registered
[    3.648778] workingset: timestamp_bits=36 max_order=19 bucket_order=0
[    3.649876] zbud: loaded
[    3.651061] squashfs: version 4.0 (2009/01/31) Phillip Lougher
[    3.652824] NFS: Registering the id_resolver key type
[    3.653617] Key type id_resolver registered
[    3.654281] Key type id_legacy registered
[    3.654956] nfs4filelayout_init: NFSv4 File Layout Driver Registering...
[    3.656009] nfs4flexfilelayout_init: NFSv4 Flexfile Layout Driver Registering...
[    3.657319] fuse: init (API version 7.38)
[    3.658175] SGI XFS with ACLs, security attributes, realtime, quota, no debug enabled
[    3.660324] 9p: Installing v9fs 9p2000 file system support
[    3.668680] Key type asymmetric registered
[    3.669537] Asymmetric key parser 'x509' registered
[    3.670648] Block layer SCSI generic (bsg) driver version 0.4 loaded (major 243)
[    3.672429] io scheduler mq-deadline registered
[    3.673372] io scheduler bfq registered
[    3.674796] shpchp: Standard Hot Plug PCI Controller Driver version: 0.4
[    3.676609] IPMI message handler: version 39.2
[    3.677566] ipmi device interface
[    3.680108] input: Power Button as /devices/LNXSYSTM:00/LNXPWRBN:00/input/input0
[    3.681814] ACPI: button: Power Button [PWRF]
[    3.684022] ERST DBG: ERST support is disabled.
[    3.685770] Serial: 8250/16550 driver, 32 ports, IRQ sharing enabled
[    3.688245] 00:04: ttyS0 at I/O 0x3f8 (irq = 4, base_baud = 115200) is a 16550A
[    3.697977] Linux agpgart interface v0.103
[    3.699877] ACPI: bus type drm_connector registered
[    3.714410] brd: module loaded
[    3.723687] loop: module loaded
[    3.729532] scsi host0: ata_piix
[    3.731136] scsi host1: ata_piix
[    3.731803] ata1: PATA max MWDMA2 cmd 0x1f0 ctl 0x3f6 bmdma 0xc040 irq 14
[    3.732810] ata2: PATA max MWDMA2 cmd 0x170 ctl 0x376 bmdma 0xc048 irq 15
[    3.735284] tun: Universal TUN/TAP device driver, 1.6
[    3.736226] e100: Intel(R) PRO/100 Network Driver
[    3.736972] e100: Copyright(c) 1999-2006 Intel Corporation
[    3.737868] e1000: Intel(R) PRO/1000 Network Driver
[    3.738746] e1000: Copyright (c) 1999-2006 Intel Corporation.
[    3.893251] ACPI: \_SB_.LNKC: Enabled at IRQ 11
[    3.894504] ata2: found unknown device (class 0)
[    3.895697] ata1: found unknown device (class 0)
[    3.897332] ata2.00: ATAPI: QEMU DVD-ROM, 2.5+, max UDMA/100
[    3.898407] ata1.00: ATA-7: QEMU HARDDISK, 2.5+, max UDMA/100
[    3.899268] ata1.00: 16777216 sectors, multi 16: LBA48 
[    3.901675] scsi 0:0:0:0: Direct-Access     ATA      QEMU HARDDISK    2.5+ PQ: 0 ANSI: 5
[    3.904365] sd 0:0:0:0: Attached scsi generic sg0 type 0
[    3.904956] sd 0:0:0:0: [sda] 16777216 512-byte logical blocks: (8.59 GB/8.00 GiB)
[    3.906568] sd 0:0:0:0: [sda] Write Protect is off
[    3.906571] scsi 1:0:0:0: CD-ROM            QEMU     QEMU DVD-ROM     2.5+ PQ: 0 ANSI: 5
[    3.908525] sd 0:0:0:0: [sda] Write cache: enabled, read cache: enabled, doesn't support DPO or FUA
[    3.910077] sd 0:0:0:0: [sda] Preferred minimum I/O size 512 bytes
[    3.923451] scsi 1:0:0:0: Attached scsi generic sg1 type 5
[    3.926365] sd 0:0:0:0: [sda] Attached SCSI disk
[    4.251743] e1000 0000:00:03.0 eth0: (PCI:33MHz:32-bit) 52:54:00:12:34:56
[    4.252767] e1000 0000:00:03.0 eth0: Intel(R) PRO/1000 Network Connection
[    4.253803] e1000e: Intel(R) PRO/1000 Network Driver
[    4.254590] e1000e: Copyright(c) 1999 - 2015 Intel Corporation.
[    4.255498] igb: Intel(R) Gigabit Ethernet Network Driver
[    4.256266] igb: Copyright (c) 2007-2014 Intel Corporation.
[    4.257154] PPP generic driver version 2.4.2
[    4.258705] VFIO - User Level meta-driver version: 0.3
[    4.260205] usbcore: registered new interface driver uas
[    4.261123] usbcore: registered new interface driver usb-storage
[    4.262325] i8042: PNP: PS/2 Controller [PNP0303:KBD,PNP0f13:MOU] at 0x60,0x64 irq 1,12
[    4.264884] serio: i8042 KBD port at 0x60,0x64 irq 1
[    4.265844] serio: i8042 AUX port at 0x60,0x64 irq 12
[    4.267689] mousedev: PS/2 mouse device common for all mice
[    4.270005] rtc_cmos 00:05: RTC can wake from S4
[    4.270240] input: AT Translated Set 2 keyboard as /devices/platform/i8042/serio0/input/input1
[    4.272671] rtc_cmos 00:05: registered as rtc0
[    4.273902] rtc_cmos 00:05: setting system clock to 2023-03-21T00:25:28 UTC (1679358328)
[    4.274134] input: VirtualPS/2 VMware VMMouse as /devices/platform/i8042/serio1/input/input4
[    4.277330] rtc_cmos 00:05: alarms up to one day, y3k, 242 bytes nvram, hpet irqs
[    4.277802] input: VirtualPS/2 VMware VMMouse as /devices/platform/i8042/serio1/input/input3
[    4.278820] i2c_dev: i2c /dev entries driver
[    4.281359] device-mapper: core: CONFIG_IMA_DISABLE_HTABLE is disabled. Duplicate IMA measurements will not be recorded in the IMA log.
[    4.283670] device-mapper: uevent: version 1.0.3
[    4.284934] device-mapper: ioctl: 4.47.0-ioctl (2022-07-28) initialised: dm-devel@redhat.com
[    4.286572] intel_pstate: CPU model not supported
[    4.287610] sdhci: Secure Digital Host Controller Interface driver
[    4.288771] sdhci: Copyright(c) Pierre Ossman
[    4.289684] sdhci-pltfm: SDHCI platform and OF driver helper
[    4.290989] ledtrig-cpu: registered to indicate activity on CPUs
[    4.292608] drop_monitor: Initializing network drop monitor service
[    4.294144] NET: Registered PF_INET6 protocol family
[    4.300360] Segment Routing with IPv6
[    4.301140] In-situ OAM (IOAM) with IPv6
[    4.301989] NET: Registered PF_PACKET protocol family
[    4.303446] 9pnet: Installing 9P2000 support
[    4.304399] Key type dns_resolver registered
[    4.306296] IPI shorthand broadcast: enabled
[    4.319643] sched_clock: Marking stable (4016004372, 302013956)->(4426548370, -108530042)
[    4.322183] registered taskstats version 1
[    4.323447] Loading compiled-in X.509 certificates
[    4.325402] zswap: loaded using pool lzo/zbud
[    4.340358] Key type .fscrypt registered
[    4.341145] Key type fscrypt-provisioning registered
[    4.343438] Key type encrypted registered
[    4.344310] ima: No TPM chip found, activating TPM-bypass!
[    4.345358] ima: Allocated hash algorithm: sha1
[    4.346317] ima: No architecture policies found
[    4.347282] evm: Initialising EVM extended attributes:
[    4.348230] evm: security.selinux
[    4.348864] evm: security.SMACK64
[    4.349487] evm: security.SMACK64EXEC
[    4.350205] evm: security.SMACK64TRANSMUTE
[    4.351015] evm: security.SMACK64MMAP
[    4.351708] evm: security.apparmor
[    4.352343] evm: security.ima
[    4.352912] evm: security.capability
[    4.353578] evm: HMAC attrs: 0x1
[    4.355794] PM:   Magic number: 15:928:405
[    4.357254] RAS: Correctable Errors collector initialized.
[    4.359471] md: Waiting for all devices to be available before autodetect
[    4.360291] md: If you don't use raid, use raid=noautodetect
[    4.361002] md: Autodetecting RAID arrays.
[    4.361512] md: autorun ...
[    4.361864] md: ... autorun DONE.
[    4.376012] EXT4-fs (sda): mounted filesystem 23a53bb9-f815-47a5-b74c-5e08f7731193 with ordered data mode. Quota mode: none.
[    4.377276] VFS: Mounted root (ext4 filesystem) readonly on device 8:0.
[    4.380691] devtmpfs: mounted
[    4.391210] Freeing unused decrypted memory: 2036K
[    4.403402] Freeing unused kernel image (initmem) memory: 10384K
[    4.404045] Write protecting the kernel read-only data: 45056k
[    4.406050] Freeing unused kernel image (rodata/data gap) memory: 440K
[    4.496498] x86/mm: Checked W+X mappings: passed, no W+X pages found.
[    4.497199] Run /sbin/init as init process
[    4.649674] systemd[1]: RTC configured in localtime, applying delta of 0 minutes to system time.
[    4.694423] systemd[1]: systemd 239 (239-49.el8) running in system mode. (+PAM +AUDIT +SELINUX +IMA -APPARMOR +SMACK +SYSVINIT +UTMP +LIBCRYPTSETUP +GCRYPT +GNUTLS +ACL +XZ +LZ4 +SECCOMP +BLKID +ELFUTILS +KMOD +IDN2 -IDN +PCRE2 default-hierarchy=legacy)
[    4.697489] systemd[1]: Detected virtualization kvm.
[    4.698169] systemd[1]: Detected architecture x86-64.

Welcome to [0;31mCentOS Stream 8[0m!

[    4.756683] systemd[1]: Set hostname to <test>.
[    5.165265] systemd[1]: Listening on udev Kernel Socket.
[[0;32m  OK  [0m] Listening on udev Kernel Socket.
[    5.167359] systemd[1]: Listening on multipathd control socket.
[[0;32m  OK  [0m] Listening on multipathd control socket.
[    5.175935] systemd[1]: Listening on Process Core Dump Socket.
[[0;32m  OK  [0m] Listening on Process Core Dump Socket.
[    5.177844] systemd[1]: Started Forward Password Requests to Wall Directory Watch.
[[0;32m  OK  [0m] Started Forward Password Requests to Wall Directory Watch.
[    5.179922] systemd[1]: Reached target Swap.
[[0;32m  OK  [0m] Reached target Swap.
[    5.181358] systemd[1]: Listening on Device-mapper event daemon FIFOs.
[[0;32m  OK  [0m] Listening on Device-mapper event daemon FIFOs.
[[0;32m  OK  [0m] Listening on initctl Compatibility Named Pipe.
[[0;32m  OK  [0m] Listening on LVM2 poll daemon socket.
[[0;32m  OK  [0m] Created slice system-getty.slice.
[[0;32m  OK  [0m] Listening on Journal Socket.
         Mounting Huge Pages File System...
         Starting Setup Virtual Console...
         Starting Monitoring of LVM2 mirrorsâ€¦ng dmeventd or progress polling...
         Mounting Kernel Debug File System...
         Mounting POSIX Message Queue File System...
         Starting Load Kernel Modules...
[[0;32m  OK  [0m] Created slice system-serial\x2dgetty.slice.
         Starting Remount Root and Kernel File Systems...
[[0;32m  OK  [0m] Listening on Journal Socket (/dev/log).
         Starting Journal Service...
[[0;32m  OK  [0m] Listening on RPCbind Server Activation Socket.
[[0;32m  OK  [0m] Reached target RPC Port Mapper.
[[0;32m  OK  [0m] Created slice User and Session Slice.
[[0;32m  OK  [0m] Reached target Slices.
[[0;32m  OK  [0m] Set up automount Arbitrary Executabâ€¦rmats File System Automount Point.
[    5.470132] EXT4-fs (sda): re-mounted 23a53bb9-f815-47a5-b74c-5e08f7731193. Quota mode: none.
[[0;32m  OK  [0m] Created slice system-sshd\x2dkeygen.slice.
[[0;32m  OK  [0m] Listening on udev Control Socket.
         Starting udev Coldplug all Devices...
[[0;32m  OK  [0m] Started Journal Service.
[[0;32m  OK  [0m] Mounted Huge Pages File System.
[[0;32m  OK  [0m] Started Monitoring of LVM2 mirrors,â€¦sing dmeventd or progress polling.
[[0;32m  OK  [0m] Mounted Kernel Debug File System.
[[0;32m  OK  [0m] Mounted POSIX Message Queue File System.
[[0;1;31mFAILED[0m] Failed to start Load Kernel Modules.
See 'systemctl status systemd-modules-load.service' for details.
[[0;32m  OK  [0m] Started Remount Root and Kernel File Systems.
         Starting Load/Save Random Seed...
         Starting Create Static Device Nodes in /dev...
         Mounting FUSE Control File System...
         Mounting Kernel Configuration File System...
         Starting Apply Kernel Variables...
         Starting Flush Journal to Persistent Storage...
[[0;32m  OK  [0m] Started Setup Virtual Console.
[[0;32m  OK  [0m] Started Load/Save Random Seed.
[[0;32m  OK  [0m] Started Create Static Device Nodes in /dev.
[[0;32m  OK  [0m] Mounted FUSE Control File System.
[[0;32m  OK  [0m] Mounted Kernel Configuration File System.
[[0;32m  OK  [0m] Started Apply Kernel Variables.
         Starting udev Kernel Device Manager...
[[0;32m  OK  [0m] Started Flush Journal to Persistent Storage.
[[0;32m  OK  [0m] Started udev Kernel Device Manager.
[[0;32m  OK  [0m] Started udev Coldplug all Devices.
         Starting Show Plymouth Boot Screen...
         Starting udev Wait for Complete Device Initialization...
[[0;32m  OK  [0m] Started Show Plymouth Boot Screen.
[[0;32m  OK  [0m] Reached target Local Encrypted Volumes.
[[0;32m  OK  [0m] Reached target Paths.
[[0;32m  OK  [0m] Started Forward Password Requests to Plymouth Directory Watch.
[[0;32m  OK  [0m] Found device /dev/ttyS0.
[[0;32m  OK  [0m] Listening on Load/Save RF Kill Switch Status /dev/rfkill Watch.
[[0;32m  OK  [0m] Started udev Wait for Complete Device Initialization.
[[0;32m  OK  [0m] Reached target Local File Systems (Pre).
[[0;32m  OK  [0m] Reached target Local File Systems.
         Starting Tell Plymouth To Write Out Runtime Data...
         Starting Create Volatile Files and Directories...
         Starting Restore /run/initramfs on shutdown...
[[0;32m  OK  [0m] Started Tell Plymouth To Write Out Runtime Data.
[[0;32m  OK  [0m] Started Restore /run/initramfs on shutdown.
[[0;32m  OK  [0m] Started Create Volatile Files and Directories.
         Mounting RPC Pipe File System...
         Starting RPC Bind...
         Starting Security Auditing Service...
[[0;32m  OK  [0m] Mounted RPC Pipe File System.
[[0;32m  OK  [0m] Reached target rpc_pipefs.target.
[[0;32m  OK  [0m] Started RPC Bind.
[[0;32m  OK  [0m] Started Security Auditing Service.
         Starting Update UTMP about System Boot/Shutdown...
[[0;32m  OK  [0m] Started Update UTMP about System Boot/Shutdown.
[[0;32m  OK  [0m] Reached target System Initialization.
[[0;32m  OK  [0m] Listening on SSSD Kerberos Cache Manager responder socket.
[[0;32m  OK  [0m] Started dnf makecache --timer.
[[0;32m  OK  [0m] Listening on D-Bus System Message Bus Socket.
[[0;32m  OK  [0m] Reached target Sockets.
[[0;32m  OK  [0m] Reached target Basic System.
         Starting NTP client/server...
[[0;32m  OK  [0m] Started Machine Check Exception Logging Daemon.
[[0;32m  OK  [0m] Started D-Bus System Message Bus.
         Starting Auto-connect to subsystemsâ€¦-NVME devices found during boot...
         Starting Authorization Manager...
[[0;32m  OK  [0m] Started daily update of the root trust anchor for DNSSEC.
         Starting Network Manager...
[[0;32m  OK  [0m] Started Daily Cleanup of Temporary Directories.
[[0;32m  OK  [0m] Reached target Timers.
[[0;32m  OK  [0m] Started irqbalance daemon.
         Starting Self Monitoring and Reporting Technology (SMART) Daemon...
[[0;32m  OK  [0m] Reached target sshd-keygen.target.
         Starting Login Service...
[[0;32m  OK  [0m] Started Auto-connect to subsystems â€¦FC-NVME devices found during boot.
         Starting update of the root trust aâ€¦or DNSSEC validation in unbound...
[[0;32m  OK  [0m] Started Self Monitoring and Reporting Technology (SMART) Daemon.
[[0;32m  OK  [0m] Started NTP client/server.
[[0;32m  OK  [0m] Started Login Service.
[[0;32m  OK  [0m] Started Network Manager.
[[0;32m  OK  [0m] Reached target Network.
         Starting Dynamic System Tuning Daemon...
         Starting GSSAPI Proxy Daemon...
         Starting OpenSSH server daemon...
         Starting Network Manager Wait Online...
[[0;32m  OK  [0m] Started update of the root trust anâ€¦ for DNSSEC validation in unbound.
         Starting Hostname Service...
[[0;32m  OK  [0m] Started Authorization Manager.
[[0;32m  OK  [0m] Started OpenSSH server daemon.
[[0;32m  OK  [0m] Started GSSAPI Proxy Daemon.
[[0;32m  OK  [0m] Reached target NFS client services.
[[0;32m  OK  [0m] Reached target Remote File Systems (Pre).
[[0;32m  OK  [0m] Reached target Remote File Systems.
         Starting Permit User Sessions...
[[0;32m  OK  [0m] Started Permit User Sessions.
         Starting Hold until boot process finishes up...
[[0;32m  OK  [0m] Started Command Scheduler.
         Starting Terminate Plymouth Boot Screen...
[    8.250159] e1000: eth0 NIC Link is Up 1000 Mbps Full Duplex, Flow Control: RX
[    8.251628] IPv6: ADDRCONF(NETDEV_CHANGE): eth0: link becomes ready
[    8.648104] Spectre V2 : WARNING: Unprivileged eBPF is enabled with eIBRS on, data leaks possible via Spectre v2 BHB attacks!
[    8.649850] Spectre V2 : WARNING: Unprivileged eBPF is enabled with eIBRS on, data leaks possible via Spectre v2 BHB attacks!

CentOS Stream 8
Kernel 6.3.0-rc3-e8d018dd0257+ on an x86_64

test login: [   24.487420] memfd_create() without MFD_EXEC nor MFD_NOEXEC_SEAL, pid=337 'systemd'
[   28.842389] loop0: detected capacity change from 0 to 32768
[   28.887730] loop6: detected capacity change from 0 to 32768
[   28.893454] XFS (loop0): Mounting V5 Filesystem 9f1cad42-11bd-4e12-8f0b-f07876b81d9a
[   28.898257] loop3: detected capacity change from 0 to 32768
[   28.933864] loop5: detected capacity change from 0 to 32768
[   28.939286] loop4: detected capacity change from 0 to 32768
[   28.945612] loop2: detected capacity change from 0 to 32768
[   28.950376] loop7: detected capacity change from 0 to 32768
[   28.953116] XFS (loop3): Mounting V5 Filesystem 9f1cad42-11bd-4e12-8f0b-f07876b81d9a
[   28.955440] XFS (loop6): Mounting V5 Filesystem 9f1cad42-11bd-4e12-8f0b-f07876b81d9a
[   28.956843] XFS (loop7): Mounting V5 Filesystem 9f1cad42-11bd-4e12-8f0b-f07876b81d9a
[   28.964551] loop1: detected capacity change from 0 to 32768
[   28.965849] XFS (loop4): Mounting V5 Filesystem 9f1cad42-11bd-4e12-8f0b-f07876b81d9a
[   28.967296] XFS (loop5): Mounting V5 Filesystem 9f1cad42-11bd-4e12-8f0b-f07876b81d9a
[   28.967668] XFS (loop0): Starting recovery (logdev: internal)
[   28.969903] XFS (loop2): Mounting V5 Filesystem 9f1cad42-11bd-4e12-8f0b-f07876b81d9a
[   28.972778] XFS (loop0): Metadata corruption detected at xfs_btree_lookup_get_block+0x27a/0x300, xfs_refcountbt block 0x28
[   28.974083] XFS (loop0): Unmount and run xfs_repair
[   28.974686] XFS (loop0): Failed to recover leftover CoW staging extents, err -117.
[   28.974706] XFS (loop1): Mounting V5 Filesystem 9f1cad42-11bd-4e12-8f0b-f07876b81d9a
[   28.975562] XFS (loop0): Filesystem has been shut down due to log error (0x2).
[   28.977497] XFS (loop0): Please unmount the filesystem and rectify the problem(s).
[   28.979272] XFS (loop0): Ending recovery (logdev: internal)
[   28.980204] XFS (loop0): Error -5 reserving per-AG metadata reserve pool.
[   29.011347] XFS (loop1): Starting recovery (logdev: internal)
[   29.012689] XFS (loop3): Starting recovery (logdev: internal)
[   29.014582] XFS (loop3): Metadata corruption detected at xfs_btree_lookup_get_block+0x27a/0x300, xfs_refcountbt block 0x28
[   29.015758] XFS (loop3): Unmount and run xfs_repair
[   29.016290] XFS (loop3): Failed to recover leftover CoW staging extents, err -117.
[   29.017087] XFS (loop3): Filesystem has been shut down due to log error (0x2).
[   29.017845] XFS (loop3): Please unmount the filesystem and rectify the problem(s).
[   29.018590] XFS (loop6): Starting recovery (logdev: internal)
[   29.018741] XFS (loop3): Ending recovery (logdev: internal)
[   29.019887] XFS (loop4): Starting recovery (logdev: internal)
[   29.020016] XFS (loop3): Error -5 reserving per-AG metadata reserve pool.
[   29.022919] BUG: kernel NULL pointer dereference, address: 000000000000022b
[   29.023777] #PF: supervisor read access in kernel mode
[   29.024413] #PF: error_code(0x0000) - not-present page
[   29.025081] PGD 12947067 P4D 12947067 PUD 12976067 PMD 0 
[   29.025825] Oops: 0000 [#1] PREEMPT SMP NOPTI
[   29.026465] CPU: 0 PID: 544 Comm: repro Not tainted 6.3.0-rc3-e8d018dd0257+ #1
[   29.026826] XFS (loop5): Starting recovery (logdev: internal)
[   29.027468] Hardware name: QEMU Standard PC (i440FX + PIIX, 1996), BIOS rel-1.16.0-0-gd239552ce722-prebuilt.qemu.org 04/01/2014
[   29.029009] XFS (loop5): Metadata corruption detected at xfs_btree_lookup_get_block+0x27a/0x300, xfs_refcountbt block 0x28
[   29.029843] RIP: 0010:xfs_btree_lookup_get_block+0xc4/0x300
[   29.031365] XFS (loop5): Unmount and run xfs_repair
[   29.032089] Code: ff ff 31 ff 41 89 c7 89 c6 e8 48 3d 8a ff 45 85 ff 0f 85 1d 01 00 00 e8 5a 3b 8a ff 4c 8b 75 c0 4d 85 f6 74 37 e8 4c 3b 8a ff <49> 8b 96 28 02 00 00 48 8b 4d c8 48 8b 12 48 89 cf 48 89 4d b0 48
[   29.032779] XFS (loop5): Failed to recover leftover CoW staging extents, err -117.
[   29.035256] RSP: 0018:ffffc9000108b910 EFLAGS: 00010246
[   29.035267] RAX: 0000000000000000 RBX: ffff888013f10000 RCX: ffffffff81a32768
[   29.036298] XFS (loop5): Filesystem has been shut down due to log error (0x2).
[   29.037030] RDX: 0000000000000000 RSI: ffff888013eba340 RDI: 0000000000000002
[   29.037994] XFS (loop5): Please unmount the filesystem and rectify the problem(s).
[   29.038973] RBP: ffffc9000108b968 R08: ffffc9000108bb88 R09: ffff888013f10000
[   29.038982] R10: 0000000000000000 R11: 0000000000000001 R12: 0000000000000007
[   29.038989] R13: ffffc9000108b9a8 R14: 0000000000000003 R15: 0000000000000000
[   29.038997] FS:  00007f44ba73a740(0000) GS:ffff88807dc00000(0000) knlGS:0000000000000000
[   29.041082] XFS (loop7): Starting recovery (logdev: internal)
[   29.041985] CS:  0010 DS: 0000 ES: 0000 CR0: 0000000080050033
[   29.043907] XFS (loop7): Metadata corruption detected at xfs_btree_lookup_get_block+0x27a/0x300, xfs_refcountbt block 0x28
[   29.043955] CR2: 000000000000022b CR3: 000000000e56e003 CR4: 0000000000770ef0
[   29.045085] XFS (loop7): Unmount and run xfs_repair
[   29.045870] PKRU: 55555554
[   29.046689] XFS (loop7): Failed to recover leftover CoW staging extents, err -117.
[   29.048110] Call Trace:
[   29.049079] XFS (loop7): Filesystem has been shut down due to log error (0x2).
[   29.049753]  <TASK>
[   29.050160] XFS (loop7): Please unmount the filesystem and rectify the problem(s).
[   29.051195]  xfs_btree_lookup+0xfe/0x800
[   29.053556] XFS (loop1): Metadata corruption detected at xfs_btree_lookup_get_block+0x27a/0x300, xfs_refcountbt block 0x28
[   29.053882]  ? __this_cpu_preempt_check+0x20/0x30
[   29.054487] XFS (loop1): Unmount and run xfs_repair
[   29.055921]  ? __pfx_xfs_refcount_recover_extent+0x10/0x10
[   29.056575] XFS (loop1): Failed to recover leftover CoW staging extents, err -117.
[   29.057249]  ? __pfx_xfs_refcount_recover_extent+0x10/0x10
[   29.057993] XFS (loop1): Filesystem has been shut down due to log error (0x2).
[   29.059020]  xfs_btree_simple_query_range+0x54/0x280
[   29.059038]  ? write_comp_data+0x2f/0x90
[   29.059784] XFS (loop1): Please unmount the filesystem and rectify the problem(s).
[   29.060778]  ? __pfx_xfs_refcount_recover_extent+0x10/0x10
[   29.062080] XFS (loop4): Metadata corruption detected at xfs_btree_lookup_get_block+0x27a/0x300, xfs_refcountbt block 0x28
[   29.063021]  xfs_btree_query_range+0x18a/0x1a0
[   29.063773] XFS (loop4): Unmount and run xfs_repair
[   29.065266]  ? xfs_refcountbt_init_common+0x3b/0x90
[   29.065891] XFS (loop4): Failed to recover leftover CoW staging extents, err -117.
[   29.066560]  xfs_refcount_recover_cow_leftovers+0x18c/0x4a0
[   29.066583]  ? xfs_perag_grab+0x143/0x340
[   29.067266] XFS (loop4): Filesystem has been shut down due to log error (0x2).
[   29.068299]  xfs_reflink_recover_cow+0x79/0xf0
[   29.069063] XFS (loop4): Please unmount the filesystem and rectify the problem(s).
[   29.069623]  xlog_recover_finish+0x136/0x420
[   29.071179] XFS (loop7): Ending recovery (logdev: internal)
[   29.071227]  ? queue_delayed_work_on+0x9f/0xf0
[   29.072328] XFS (loop7): Error -5 reserving per-AG metadata reserve pool.
[   29.072876]  xfs_log_mount_finish+0x187/0x1d0
[   29.073692] XFS (loop1): Ending recovery (logdev: internal)
[   29.074252]  xfs_mountfs+0x76e/0xce0
[   29.074271]  xfs_fs_fill_super+0x7aa/0xdc0
[   29.075574] XFS (loop1): Error -5 reserving per-AG metadata reserve pool.
[   29.075809]  get_tree_bdev+0x24b/0x350
[   29.076634] XFS (loop5): Ending recovery (logdev: internal)
[   29.077084]  ? __pfx_xfs_fs_fill_super+0x10/0x10
[   29.077676] XFS (loop5): Error -5 reserving per-AG metadata reserve pool.
[   29.078560]  xfs_fs_get_tree+0x25/0x30
[   29.078581]  vfs_get_tree+0x3b/0x140
[   29.079464] XFS (loop4): Ending recovery (logdev: internal)
[   29.079871]  path_mount+0x769/0x10f0
[   29.080533] XFS (loop4): Error -5 reserving per-AG metadata reserve pool.
[   29.081442]  ? write_comp_data+0x2f/0x90
[   29.085330]  do_mount+0xaf/0xd0
[   29.085811] XFS (loop2): Starting recovery (logdev: internal)
[   29.085825]  __x64_sys_mount+0x14b/0x160
[   29.087213]  do_syscall_64+0x3b/0x90
[   29.087534] XFS (loop2): Metadata corruption detected at xfs_btree_lookup_get_block+0x27a/0x300, xfs_refcountbt block 0x28
[   29.087758]  entry_SYSCALL_64_after_hwframe+0x72/0xdc
[   29.089249] XFS (loop2): Unmount and run xfs_repair
[   29.089936] RIP: 0033:0x7f44ba8673ae
[   29.090639] XFS (loop2): Failed to recover leftover CoW staging extents, err -117.
[   29.091112] Code: 48 8b 0d f5 8a 0c 00 f7 d8 64 89 01 48 83 c8 ff c3 66 2e 0f 1f 84 00 00 00 00 00 90 f3 0f 1e fa 49 89 ca b8 a5 00 00 00 0f 05 <48> 3d 01 f0 ff ff 73 01 c3 48 8b 0d c2 8a 0c 00 f7 d8 64 89 01 48
[   29.092123] XFS (loop2): Filesystem has been shut down due to log error (0x2).
[   29.094617] RSP: 002b:00007fffeaff1b78 EFLAGS: 00000206 ORIG_RAX: 00000000000000a5
[   29.094632] RAX: ffffffffffffffda RBX: 0000000000000000 RCX: 00007f44ba8673ae
[   29.094640] RDX: 0000000020009580 RSI: 00000000200095c0 RDI: 00007fffeaff1cb0
[   29.095630] XFS (loop2): Please unmount the filesystem and rectify the problem(s).
[   29.096664] RBP: 00007fffeaff1d40 R08: 00007fffeaff1bb0 R09: 0000000000000000
[   29.099193] XFS (loop2): Ending recovery (logdev: internal)
[   29.099660] R10: 0000000000000800 R11: 0000000000000206 R12: 0000000000401260
[   29.100702] XFS (loop2): Error -5 reserving per-AG metadata reserve pool.
[   29.101426] R13: 00007fffeaff1e80 R14: 0000000000000000 R15: 0000000000000000
[   29.104290]  </TASK>
[   29.104623] Modules linked in:
[   29.105081] CR2: 000000000000022b
[   29.105560] ---[ end trace 0000000000000000 ]---
[   29.106207] RIP: 0010:xfs_btree_lookup_get_block+0xc4/0x300
[   29.106985] Code: ff ff 31 ff 41 89 c7 89 c6 e8 48 3d 8a ff 45 85 ff 0f 85 1d 01 00 00 e8 5a 3b 8a ff 4c 8b 75 c0 4d 85 f6 74 37 e8 4c 3b 8a ff <49> 8b 96 28 02 00 00 48 8b 4d c8 48 8b 12 48 89 cf 48 89 4d b0 48
[   29.109472] RSP: 0018:ffffc9000108b910 EFLAGS: 00010246
[   29.110190] RAX: 0000000000000000 RBX: ffff888013f10000 RCX: ffffffff81a32768
[   29.111153] RDX: 0000000000000000 RSI: ffff888013eba340 RDI: 0000000000000002
[   29.112114] RBP: ffffc9000108b968 R08: ffffc9000108bb88 R09: ffff888013f10000
[   29.113072] R10: 0000000000000000 R11: 0000000000000001 R12: 0000000000000007
[   29.114030] R13: ffffc9000108b9a8 R14: 0000000000000003 R15: 0000000000000000
[   29.114989] FS:  00007f44ba73a740(0000) GS:ffff88807dc00000(0000) knlGS:0000000000000000
[   29.116069] CS:  0010 DS: 0000 ES: 0000 CR0: 0000000080050033
[   29.116860] CR2: 000000000000022b CR3: 000000000e56e003 CR4: 0000000000770ef0
[   29.117831] PKRU: 55555554
[   29.118220] note: repro[544] exited with irqs disabled
[   29.452491] loop0: detected capacity change from 0 to 32768
[   29.494323] XFS (loop0): Mounting V5 Filesystem 9f1cad42-11bd-4e12-8f0b-f07876b81d9a
[   29.504028] loop7: detected capacity change from 0 to 32768
[   29.506203] loop2: detected capacity change from 0 to 32768
[   29.508003] loop4: detected capacity change from 0 to 32768
[   29.516368] loop1: detected capacity change from 0 to 32768
[   29.519521] XFS (loop0): Starting recovery (logdev: internal)
[   29.521160] XFS (loop0): Metadata corruption detected at xfs_btree_lookup_get_block+0x27a/0x300, xfs_refcountbt block 0x28
[   29.522745] loop3: detected capacity change from 0 to 32768
[   29.523539] XFS (loop0): Unmount and run xfs_repair
[   29.523584] loop5: detected capacity change from 0 to 32768
[   29.524234] XFS (loop0): Failed to recover leftover CoW staging extents, err -117.
[   29.524245] XFS (loop0): Filesystem has been shut down due to log error (0x2).
[   29.526559] XFS (loop0): Please unmount the filesystem and rectify the problem(s).
[   29.528021] XFS (loop0): Ending recovery (logdev: internal)
[   29.528672] XFS (loop0): Error -5 reserving per-AG metadata reserve pool.
[   29.529681] XFS (loop2): Mounting V5 Filesystem 9f1cad42-11bd-4e12-8f0b-f07876b81d9a
[   29.531046] XFS (loop7): Mounting V5 Filesystem 9f1cad42-11bd-4e12-8f0b-f07876b81d9a
[   29.532360] XFS (loop4): Mounting V5 Filesystem 9f1cad42-11bd-4e12-8f0b-f07876b81d9a
[   29.533827] XFS (loop1): Mounting V5 Filesystem 9f1cad42-11bd-4e12-8f0b-f07876b81d9a
[   29.538952] XFS (loop3): Mounting V5 Filesystem 9f1cad42-11bd-4e12-8f0b-f07876b81d9a
[   29.540172] XFS (loop2): Starting recovery (logdev: internal)
[   29.541613] XFS (loop2): Metadata corruption detected at xfs_btree_lookup_get_block+0x27a/0x300, xfs_refcountbt block 0x28
[   29.543192] XFS (loop2): Unmount and run xfs_repair
[   29.543886] XFS (loop2): Failed to recover leftover CoW staging extents, err -117.
[   29.544933] XFS (loop2): Filesystem has been shut down due to log error (0x2).
[   29.545925] XFS (loop2): Please unmount the filesystem and rectify the problem(s).
[   29.552738] XFS (loop7): Starting recovery (logdev: internal)
[   29.554577] XFS (loop7): Metadata corruption detected at xfs_btree_lookup_get_block+0x27a/0x300, xfs_refcountbt block 0x28
[   29.556122] XFS (loop7): Unmount and run xfs_repair
[   29.556829] XFS (loop7): Failed to recover leftover CoW staging extents, err -117.
[   29.557864] XFS (loop7): Filesystem has been shut down due to log error (0x2).
[   29.558885] XFS (loop7): Please unmount the filesystem and rectify the problem(s).
[   29.560411] XFS (loop5): Mounting V5 Filesystem 9f1cad42-11bd-4e12-8f0b-f07876b81d9a
[   29.567069] XFS (loop4): Starting recovery (logdev: internal)
[   29.568401] XFS (loop4): Metadata corruption detected at xfs_btree_lookup_get_block+0x27a/0x300, xfs_refcountbt block 0x28
[   29.569603] XFS (loop4): Unmount and run xfs_repair
[   29.570173] XFS (loop4): Failed to recover leftover CoW staging extents, err -117.
[   29.570989] XFS (loop4): Filesystem has been shut down due to log error (0x2).
[   29.571772] XFS (loop4): Please unmount the filesystem and rectify the problem(s).
[   29.572964] XFS (loop4): Ending recovery (logdev: internal)
[   29.573607] XFS (loop4): Error -5 reserving per-AG metadata reserve pool.
[   29.574540] XFS (loop2): Ending recovery (logdev: internal)
[   29.575176] XFS (loop2): Error -5 reserving per-AG metadata reserve pool.
[   29.575984] XFS (loop7): Ending recovery (logdev: internal)
[   29.576623] XFS (loop7): Error -5 reserving per-AG metadata reserve pool.
[   29.587608] XFS (loop5): Starting recovery (logdev: internal)
[   29.590859] XFS (loop1): Starting recovery (logdev: internal)
[   29.591761] XFS (loop3): Starting recovery (logdev: internal)
[   29.591827] BUG: kernel NULL pointer dereference, address: 0000000000000000
[   29.593028] XFS (loop3): Metadata corruption detected at xfs_btree_lookup_get_block+0x27a/0x300, xfs_refcountbt block 0x28
[   29.593248] #PF: supervisor read access in kernel mode
[   29.594433] XFS (loop3): Unmount and run xfs_repair
[   29.594966] #PF: error_code(0x0000) - not-present page
[   29.595501] XFS (loop3): Failed to recover leftover CoW staging extents, err -117.
[   29.596059] PGD 13f28067 P4D 13f28067 
[   29.596866] XFS (loop3): Filesystem has been shut down due to log error (0x2).
[   29.597291] PUD 13fb2067 PMD 0 
[   29.598069] XFS (loop3): Please unmount the filesystem and rectify the problem(s).
[   29.598458] Oops: 0000 [#2] PREEMPT SMP NOPTI
[   29.599745] CPU: 0 PID: 632 Comm: repro Tainted: G      D            6.3.0-rc3-e8d018dd0257+ #1
[   29.599942] XFS (loop3): Ending recovery (logdev: internal)
[   29.600698] Hardware name: QEMU Standard PC (i440FX + PIIX, 1996), BIOS rel-1.16.0-0-gd239552ce722-prebuilt.qemu.org 04/01/2014
[   29.601330] XFS (loop3): Error -5 reserving per-AG metadata reserve pool.
[   29.602565] RIP: 0010:xfs_btree_lookup_get_block+0xcf/0x300
[   29.602585] Code: 3d 8a ff 45 85 ff 0f 85 1d 01 00 00 e8 5a 3b 8a ff 4c 8b 75 c0 4d 85 f6 74 37 e8 4c 3b 8a ff 49 8b 96 28 02 00 00 48 8b 4d c8 <48> 8b 12 48 89 cf 48 89 4d b0 48 89 d6 48 89 55 a8 e8 4b 3c 8a ff
[   29.606362] RSP: 0018:ffffc900012e3910 EFLAGS: 00010246
[   29.607115] RAX: 0000000000000000 RBX: ffff888013f10258 RCX: 0000000000000028
[   29.608108] RDX: 0000000000000000 RSI: ffff888013ec4680 RDI: 0000000000000002
[   29.609124] RBP: ffffc900012e3968 R08: ffffc900012e3b88 R09: ffff888013f10258
[   29.610128] R10: ffffc900012e3c28 R11: 0000000000000000 R12: 0000000000000007
[   29.611120] R13: ffffc900012e39a8 R14: ffff888013fa59a8 R15: 0000000000000000
[   29.612112] FS:  00007f44ba73a740(0000) GS:ffff88807dc00000(0000) knlGS:0000000000000000
[   29.613241] CS:  0010 DS: 0000 ES: 0000 CR0: 0000000080050033
[   29.614057] CR2: 0000000000000000 CR3: 000000000afb4002 CR4: 0000000000770ef0
[   29.615076] PKRU: 55555554
[   29.615482] Call Trace:
[   29.615852]  <TASK>
[   29.616174]  ? write_comp_data+0x2f/0x90
[   29.616789]  xfs_btree_lookup+0xfe/0x800
[   29.617375]  ? __sanitizer_cov_trace_pc+0x25/0x60
[   29.618078]  ? __pfx_xfs_refcount_recover_extent+0x10/0x10
[   29.618874]  ? __pfx_xfs_refcount_recover_extent+0x10/0x10
[   29.619665]  xfs_btree_simple_query_range+0x54/0x280
[   29.620413]  ? write_comp_data+0x2f/0x90
[   29.620989] XFS (loop1): Metadata corruption detected at xfs_btree_lookup_get_block+0x27a/0x300, xfs_refcountbt block 0x28
[   29.621013]  ? __pfx_xfs_refcount_recover_extent+0x10/0x10
[   29.622590] XFS (loop1): Unmount and run xfs_repair
[   29.623319]  xfs_btree_query_range+0x18a/0x1a0
[   29.624002] XFS (loop1): Failed to recover leftover CoW staging extents, err -117.
[   29.624632]  ? xfs_refcountbt_init_common+0x3b/0x90
[   29.625657] XFS (loop1): Filesystem has been shut down due to log error (0x2).
[   29.626342]  xfs_refcount_recover_cow_leftovers+0x18c/0x4a0
[   29.627337] XFS (loop1): Please unmount the filesystem and rectify the problem(s).
[   29.628114]  xfs_reflink_recover_cow+0x79/0xf0
[   29.629777]  xlog_recover_finish+0x136/0x420
[   29.630497] XFS (loop1): Ending recovery (logdev: internal)
[   29.630503]  ? queue_delayed_work_on+0x9f/0xf0
[   29.631319] XFS (loop1): Error -5 reserving per-AG metadata reserve pool.
[   29.631910]  xfs_log_mount_finish+0x187/0x1d0
[   29.633476]  xfs_mountfs+0x76e/0xce0
[   29.634003]  xfs_fs_fill_super+0x7aa/0xdc0
[   29.634605]  get_tree_bdev+0x24b/0x350
[   29.635148]  ? __pfx_xfs_fs_fill_super+0x10/0x10
[   29.635821]  xfs_fs_get_tree+0x25/0x30
[   29.636372]  vfs_get_tree+0x3b/0x140
[   29.636910]  path_mount+0x769/0x10f0
[   29.637435]  ? write_comp_data+0x2f/0x90
[   29.638012]  do_mount+0xaf/0xd0
[   29.638479]  __x64_sys_mount+0x14b/0x160
[   29.639044]  do_syscall_64+0x3b/0x90
[   29.639572]  entry_SYSCALL_64_after_hwframe+0x72/0xdc
[   29.640291] RIP: 0033:0x7f44ba8673ae
[   29.640835] Code: 48 8b 0d f5 8a 0c 00 f7 d8 64 89 01 48 83 c8 ff c3 66 2e 0f 1f 84 00 00 00 00 00 90 f3 0f 1e fa 49 89 ca b8 a5 00 00 00 0f 05 <48> 3d 01 f0 ff ff 73 01 c3 48 8b 0d c2 8a 0c 00 f7 d8 64 89 01 48
[   29.643375] RSP: 002b:00007fffeaff1b78 EFLAGS: 00000206 ORIG_RAX: 00000000000000a5
[   29.644428] RAX: ffffffffffffffda RBX: 0000000000000000 RCX: 00007f44ba8673ae
[   29.645424] RDX: 0000000020009580 RSI: 00000000200095c0 RDI: 00007fffeaff1cb0
[   29.646417] RBP: 00007fffeaff1d40 R08: 00007fffeaff1bb0 R09: 0000000000000000
[   29.647414] R10: 0000000000000800 R11: 0000000000000206 R12: 0000000000401260
[   29.648405] R13: 00007fffeaff1e80 R14: 0000000000000000 R15: 0000000000000000
[   29.649424]  </TASK>
[   29.649754] Modules linked in:
[   29.650207] CR2: 0000000000000000
[   29.650686] ---[ end trace 0000000000000000 ]---
[   29.651348] RIP: 0010:xfs_btree_lookup_get_block+0xc4/0x300
[   29.652129] Code: ff ff 31 ff 41 89 c7 89 c6 e8 48 3d 8a ff 45 85 ff 0f 85 1d 01 00 00 e8 5a 3b 8a ff 4c 8b 75 c0 4d 85 f6 74 37 e8 4c 3b 8a ff <49> 8b 96 28 02 00 00 48 8b 4d c8 48 8b 12 48 89 cf 48 89 4d b0 48
[   29.654637] RSP: 0018:ffffc9000108b910 EFLAGS: 00010246
[   29.655361] RAX: 0000000000000000 RBX: ffff888013f10000 RCX: ffffffff81a32768
[   29.656330] RDX: 0000000000000000 RSI: ffff888013eba340 RDI: 0000000000000002
[   29.657316] RBP: ffffc9000108b968 R08: ffffc9000108bb88 R09: ffff888013f10000
[   29.658300] R10: 0000000000000000 R11: 0000000000000001 R12: 0000000000000007
[   29.659353] R13: ffffc9000108b9a8 R14: 0000000000000003 R15: 0000000000000000
[   29.660333] FS:  00007f44ba73a740(0000) GS:ffff88807dc00000(0000) knlGS:0000000000000000
[   29.661451] CS:  0010 DS: 0000 ES: 0000 CR0: 0000000080050033
[   29.662250] CR2: 0000000000000000 CR3: 000000000afb4002 CR4: 0000000000770ef0
[   29.663285] PKRU: 55555554
[   29.663677] note: repro[632] exited with irqs disabled
[   29.937657] loop0: detected capacity change from 0 to 32768
[   29.971012] loop3: detected capacity change from 0 to 32768
[   29.996041] XFS (loop0): Mounting V5 Filesystem 9f1cad42-11bd-4e12-8f0b-f07876b81d9a
[   30.016756] XFS (loop0): Starting recovery (logdev: internal)
[   30.018343] XFS (loop0): Metadata corruption detected at xfs_btree_lookup_get_block+0x27a/0x300, xfs_refcountbt block 0x28
[   30.019584] XFS (loop0): Unmount and run xfs_repair
[   30.020125] XFS (loop0): Failed to recover leftover CoW staging extents, err -117.
[   30.020960] XFS (loop0): Filesystem has been shut down due to log error (0x2).
[   30.021771] XFS (loop0): Please unmount the filesystem and rectify the problem(s).
[   30.023104] XFS (loop0): Ending recovery (logdev: internal)
[   30.023895] XFS (loop0): Error -5 reserving per-AG metadata reserve pool.
[   30.030776] loop4: detected capacity change from 0 to 32768
[   30.031860] XFS (loop3): Mounting V5 Filesystem 9f1cad42-11bd-4e12-8f0b-f07876b81d9a
[   30.062821] XFS (loop3): Starting recovery (logdev: internal)
[   30.064147] XFS (loop3): Metadata corruption detected at xfs_btree_lookup_get_block+0x27a/0x300, xfs_refcountbt block 0x28
[   30.065349] XFS (loop3): Unmount and run xfs_repair
[   30.065894] XFS (loop3): Failed to recover leftover CoW staging extents, err -117.
[   30.066736] XFS (loop3): Filesystem has been shut down due to log error (0x2).
[   30.067516] XFS (loop3): Please unmount the filesystem and rectify the problem(s).
[   30.072784] XFS (loop3): Ending recovery (logdev: internal)
[   30.073466] XFS (loop3): Error -5 reserving per-AG metadata reserve pool.
[   30.092423] XFS (loop4): Mounting V5 Filesystem 9f1cad42-11bd-4e12-8f0b-f07876b81d9a
[   30.095121] loop7: detected capacity change from 0 to 32768
[   30.109815] loop2: detected capacity change from 0 to 32768
[   30.114750] loop1: detected capacity change from 0 to 32768
[   30.121812] XFS (loop4): Starting recovery (logdev: internal)
[   30.123281] XFS (loop4): Metadata corruption detected at xfs_btree_lookup_get_block+0x27a/0x300, xfs_refcountbt block 0x28
[   30.124520] XFS (loop4): Unmount and run xfs_repair
[   30.125088] XFS (loop4): Failed to recover leftover CoW staging extents, err -117.
[   30.125925] XFS (loop4): Filesystem has been shut down due to log error (0x2).
[   30.126751] XFS (loop4): Please unmount the filesystem and rectify the problem(s).
[   30.129966] XFS (loop4): Ending recovery (logdev: internal)
[   30.131986] XFS (loop4): Error -5 reserving per-AG metadata reserve pool.
[   30.133258] XFS (loop7): Mounting V5 Filesystem 9f1cad42-11bd-4e12-8f0b-f07876b81d9a
[   30.149649] XFS (loop7): Starting recovery (logdev: internal)
[   30.151236] XFS (loop7): Metadata corruption detected at xfs_btree_lookup_get_block+0x27a/0x300, xfs_refcountbt block 0x28
[   30.152501] XFS (loop7): Unmount and run xfs_repair
[   30.153075] XFS (loop7): Failed to recover leftover CoW staging extents, err -117.
[   30.153915] XFS (loop7): Filesystem has been shut down due to log error (0x2).
[   30.154763] XFS (loop7): Please unmount the filesystem and rectify the problem(s).
[   30.156288] XFS (loop2): Mounting V5 Filesystem 9f1cad42-11bd-4e12-8f0b-f07876b81d9a
[   30.168264] XFS (loop7): Ending recovery (logdev: internal)
[   30.169014] XFS (loop7): Error -5 reserving per-AG metadata reserve pool.
[   30.208118] XFS (loop2): Starting recovery (logdev: internal)
[   30.210272] XFS (loop2): Metadata corruption detected at xfs_btree_lookup_get_block+0x27a/0x300, xfs_refcountbt block 0x28
[   30.213305] XFS (loop2): Unmount and run xfs_repair
[   30.215840] XFS (loop2): Failed to recover leftover CoW staging extents, err -117.
[   30.218090] XFS (loop2): Filesystem has been shut down due to log error (0x2).
[   30.218923] XFS (loop2): Please unmount the filesystem and rectify the problem(s).
[   30.221192] XFS (loop1): Mounting V5 Filesystem 9f1cad42-11bd-4e12-8f0b-f07876b81d9a
[   30.228991] XFS (loop2): Ending recovery (logdev: internal)
[   30.229890] XFS (loop2): Error -5 reserving per-AG metadata reserve pool.
[   30.267050] XFS (loop1): Starting recovery (logdev: internal)
[   30.270231] XFS (loop1): Metadata corruption detected at xfs_btree_lookup_get_block+0x27a/0x300, xfs_refcountbt block 0x28
[   30.271536] XFS (loop1): Unmount and run xfs_repair
[   30.272080] XFS (loop1): Failed to recover leftover CoW staging extents, err -117.
[   30.272904] XFS (loop1): Filesystem has been shut down due to log error (0x2).
[   30.273672] XFS (loop1): Please unmount the filesystem and rectify the problem(s).
[   30.282154] XFS (loop1): Ending recovery (logdev: internal)
[   30.282879] XFS (loop1): Error -5 reserving per-AG metadata reserve pool.
[   30.387252] loop0: detected capacity change from 0 to 32768
[   30.429088] XFS (loop0): Mounting V5 Filesystem 9f1cad42-11bd-4e12-8f0b-f07876b81d9a
[   30.463383] XFS (loop0): Starting recovery (logdev: internal)
[   30.465246] XFS (loop0): Metadata corruption detected at xfs_btree_lookup_get_block+0x27a/0x300, xfs_refcountbt block 0x28
[   30.466814] XFS (loop0): Unmount and run xfs_repair
[   30.467500] XFS (loop0): Failed to recover leftover CoW staging extents, err -117.
[   30.468537] XFS (loop0): Filesystem has been shut down due to log error (0x2).
[   30.469550] XFS (loop0): Please unmount the filesystem and rectify the problem(s).
[   30.483308] loop2: detected capacity change from 0 to 32768
[   30.489422] XFS (loop0): Ending recovery (logdev: internal)
[   30.490282] XFS (loop0): Error -5 reserving per-AG metadata reserve pool.
[   30.496223] XFS (loop2): Mounting V5 Filesystem 9f1cad42-11bd-4e12-8f0b-f07876b81d9a
[   30.504555] loop3: detected capacity change from 0 to 32768
[   30.509128] XFS (loop2): Starting recovery (logdev: internal)
[   30.510959] XFS (loop2): Metadata corruption detected at xfs_btree_lookup_get_block+0x27a/0x300, xfs_refcountbt block 0x28
[   30.512562] XFS (loop2): Unmount and run xfs_repair
[   30.513283] XFS (loop2): Failed to recover leftover CoW staging extents, err -117.
[   30.514413] XFS (loop2): Filesystem has been shut down due to log error (0x2).
[   30.515404] XFS (loop2): Please unmount the filesystem and rectify the problem(s).
[   30.523481] XFS (loop2): Ending recovery (logdev: internal)
[   30.524372] XFS (loop2): Error -5 reserving per-AG metadata reserve pool.
[   30.525578] XFS (loop3): Mounting V5 Filesystem 9f1cad42-11bd-4e12-8f0b-f07876b81d9a
[   30.549189] loop4: detected capacity change from 0 to 32768
[   30.558152] XFS (loop3): Starting recovery (logdev: internal)
[   30.559648] XFS (loop3): Metadata corruption detected at xfs_btree_lookup_get_block+0x27a/0x300, xfs_refcountbt block 0x28
[   30.561085] XFS (loop3): Unmount and run xfs_repair
[   30.561745] XFS (loop3): Failed to recover leftover CoW staging extents, err -117.
[   30.562808] XFS (loop3): Filesystem has been shut down due to log error (0x2).
[   30.563805] XFS (loop3): Please unmount the filesystem and rectify the problem(s).
[   30.567040] XFS (loop3): Ending recovery (logdev: internal)
[   30.568998] XFS (loop3): Error -5 reserving per-AG metadata reserve pool.
[   30.583011] XFS (loop4): Mounting V5 Filesystem 9f1cad42-11bd-4e12-8f0b-f07876b81d9a
[   30.610393] XFS (loop4): Starting recovery (logdev: internal)
[   30.611802] XFS (loop4): Metadata corruption detected at xfs_btree_lookup_get_block+0x27a/0x300, xfs_refcountbt block 0x28
[   30.613087] XFS (loop4): Unmount and run xfs_repair
[   30.613647] XFS (loop4): Failed to recover leftover CoW staging extents, err -117.
[   30.614526] XFS (loop4): Filesystem has been shut down due to log error (0x2).
[   30.615335] XFS (loop4): Please unmount the filesystem and rectify the problem(s).
[   30.622391] XFS (loop4): Ending recovery (logdev: internal)
[   30.625638] XFS (loop4): Error -5 reserving per-AG metadata reserve pool.
[   30.654216] loop7: detected capacity change from 0 to 32768
[   30.656431] loop1: detected capacity change from 0 to 32768
[   30.688513] XFS (loop1): Mounting V5 Filesystem 9f1cad42-11bd-4e12-8f0b-f07876b81d9a
[   30.693298] XFS (loop7): Mounting V5 Filesystem 9f1cad42-11bd-4e12-8f0b-f07876b81d9a
[   30.715483] XFS (loop1): Starting recovery (logdev: internal)
[   30.717128] XFS (loop1): Metadata corruption detected at xfs_btree_lookup_get_block+0x27a/0x300, xfs_refcountbt block 0x28
[   30.718396] XFS (loop1): Unmount and run xfs_repair
[   30.718954] XFS (loop1): Failed to recover leftover CoW staging extents, err -117.
[   30.719793] XFS (loop1): Filesystem has been shut down due to log error (0x2).
[   30.720600] XFS (loop1): Please unmount the filesystem and rectify the problem(s).
[   30.721797] XFS (loop1): Ending recovery (logdev: internal)
[   30.722563] XFS (loop1): Error -5 reserving per-AG metadata reserve pool.
[   30.741350] XFS (loop7): Starting recovery (logdev: internal)
[   30.743119] XFS (loop7): Metadata corruption detected at xfs_btree_lookup_get_block+0x27a/0x300, xfs_refcountbt block 0x28
[   30.744698] XFS (loop7): Unmount and run xfs_repair
[   30.745393] XFS (loop7): Failed to recover leftover CoW staging extents, err -117.
[   30.746470] XFS (loop7): Filesystem has been shut down due to log error (0x2).
[   30.747467] XFS (loop7): Please unmount the filesystem and rectify the problem(s).
[   30.747537] loop2: detected capacity change from 0 to 32768
[   30.750683] XFS (loop7): Ending recovery (logdev: internal)
[   30.754152] XFS (loop7): Error -5 reserving per-AG metadata reserve pool.
[   30.805292] XFS (loop2): Mounting V5 Filesystem 9f1cad42-11bd-4e12-8f0b-f07876b81d9a
[   30.824774] XFS (loop2): Starting recovery (logdev: internal)
[   30.826319] XFS (loop2): Metadata corruption detected at xfs_btree_lookup_get_block+0x27a/0x300, xfs_refcountbt block 0x28
[   30.827579] XFS (loop2): Unmount and run xfs_repair
[   30.828138] XFS (loop2): Failed to recover leftover CoW staging extents, err -117.
[   30.828988] XFS (loop2): Filesystem has been shut down due to log error (0x2).
[   30.829799] XFS (loop2): Please unmount the filesystem and rectify the problem(s).
[   30.839325] XFS (loop2): Ending recovery (logdev: internal)
[   30.841133] XFS (loop2): Error -5 reserving per-AG metadata reserve pool.
[   30.892159] loop3: detected capacity change from 0 to 32768
[   30.949467] XFS (loop3): Mounting V5 Filesystem 9f1cad42-11bd-4e12-8f0b-f07876b81d9a
[   30.963171] loop4: detected capacity change from 0 to 32768
[   30.968486] loop0: detected capacity change from 0 to 32768
[   30.980404] XFS (loop3): Starting recovery (logdev: internal)
[   30.982298] XFS (loop3): Metadata corruption detected at xfs_btree_lookup_get_block+0x27a/0x300, xfs_refcountbt block 0x28
[   30.983860] XFS (loop3): Unmount and run xfs_repair
[   30.984551] XFS (loop3): Failed to recover leftover CoW staging extents, err -117.
[   30.985605] XFS (loop3): Filesystem has been shut down due to log error (0x2).
[   30.986632] XFS (loop3): Please unmount the filesystem and rectify the problem(s).
[   30.994482] XFS (loop3): Ending recovery (logdev: internal)
[   30.995373] XFS (loop3): Error -5 reserving per-AG metadata reserve pool.
[   31.020422] XFS (loop4): Mounting V5 Filesystem 9f1cad42-11bd-4e12-8f0b-f07876b81d9a
[   31.036861] XFS (loop0): Mounting V5 Filesystem 9f1cad42-11bd-4e12-8f0b-f07876b81d9a
[   31.050720] XFS (loop4): Starting recovery (logdev: internal)
[   31.052365] XFS (loop4): Metadata corruption detected at xfs_btree_lookup_get_block+0x27a/0x300, xfs_refcountbt block 0x28
[   31.053937] XFS (loop4): Unmount and run xfs_repair
[   31.054671] XFS (loop4): Failed to recover leftover CoW staging extents, err -117.
[   31.055707] XFS (loop4): Filesystem has been shut down due to log error (0x2).
[   31.056700] XFS (loop4): Please unmount the filesystem and rectify the problem(s).
[   31.058822] XFS (loop4): Ending recovery (logdev: internal)
[   31.062144] XFS (loop4): Error -5 reserving per-AG metadata reserve pool.
[   31.074617] XFS (loop0): Starting recovery (logdev: internal)
[   31.076035] XFS (loop0): Metadata corruption detected at xfs_btree_lookup_get_block+0x27a/0x300, xfs_refcountbt block 0x28
[   31.077288] XFS (loop0): Unmount and run xfs_repair
[   31.077847] XFS (loop0): Failed to recover leftover CoW staging extents, err -117.
[   31.078733] XFS (loop0): Filesystem has been shut down due to log error (0x2).
[   31.079575] XFS (loop0): Please unmount the filesystem and rectify the problem(s).
[   31.083628] XFS (loop0): Ending recovery (logdev: internal)
[   31.084348] XFS (loop0): Error -5 reserving per-AG metadata reserve pool.
[   31.095699] loop2: detected capacity change from 0 to 32768
[   31.130692] XFS (loop2): Mounting V5 Filesystem 9f1cad42-11bd-4e12-8f0b-f07876b81d9a
[   31.153884] loop1: detected capacity change from 0 to 32768
[   31.157005] loop7: detected capacity change from 0 to 32768
[   31.178636] XFS (loop2): Starting recovery (logdev: internal)
[   31.180338] XFS (loop2): Metadata corruption detected at xfs_btree_lookup_get_block+0x27a/0x300, xfs_refcountbt block 0x28
[   31.181953] XFS (loop2): Unmount and run xfs_repair
[   31.182695] XFS (loop2): Failed to recover leftover CoW staging extents, err -117.
[   31.183747] XFS (loop2): Filesystem has been shut down due to log error (0x2).
[   31.184749] XFS (loop2): Please unmount the filesystem and rectify the problem(s).
[   31.189953] XFS (loop2): Ending recovery (logdev: internal)
[   31.193056] XFS (loop2): Error -5 reserving per-AG metadata reserve pool.
[   31.196736] XFS (loop1): Mounting V5 Filesystem 9f1cad42-11bd-4e12-8f0b-f07876b81d9a
[   31.204840] XFS (loop7): Mounting V5 Filesystem 9f1cad42-11bd-4e12-8f0b-f07876b81d9a
[   31.242602] XFS (loop1): Starting recovery (logdev: internal)
[   31.244027] XFS (loop1): Metadata corruption detected at xfs_btree_lookup_get_block+0x27a/0x300, xfs_refcountbt block 0x28
[   31.245307] XFS (loop1): Unmount and run xfs_repair
[   31.245870] XFS (loop1): Failed to recover leftover CoW staging extents, err -117.
[   31.246736] XFS (loop1): Filesystem has been shut down due to log error (0x2).
[   31.247539] XFS (loop1): Please unmount the filesystem and rectify the problem(s).
[   31.252826] XFS (loop1): Ending recovery (logdev: internal)
[   31.253547] XFS (loop1): Error -5 reserving per-AG metadata reserve pool.
[   31.262919] XFS (loop7): Starting recovery (logdev: internal)
[   31.264330] XFS (loop7): Metadata corruption detected at xfs_btree_lookup_get_block+0x27a/0x300, xfs_refcountbt block 0x28
[   31.265601] XFS (loop7): Unmount and run xfs_repair
[   31.266182] XFS (loop7): Failed to recover leftover CoW staging extents, err -117.
[   31.267022] XFS (loop7): Filesystem has been shut down due to log error (0x2).
[   31.267840] XFS (loop7): Please unmount the filesystem and rectify the problem(s).
[   31.269114] XFS (loop7): Ending recovery (logdev: internal)
[   31.269797] XFS (loop7): Error -5 reserving per-AG metadata reserve pool.
[   31.318227] loop0: detected capacity change from 0 to 32768
[   31.334799] XFS (loop0): Mounting V5 Filesystem 9f1cad42-11bd-4e12-8f0b-f07876b81d9a
[   31.348014] XFS (loop0): Starting recovery (logdev: internal)
[   31.349685] XFS (loop0): Metadata corruption detected at xfs_btree_lookup_get_block+0x27a/0x300, xfs_refcountbt block 0x28
[   31.351309] XFS (loop0): Unmount and run xfs_repair
[   31.352016] XFS (loop0): Failed to recover leftover CoW staging extents, err -117.
[   31.353075] XFS (loop0): Filesystem has been shut down due to log error (0x2).
[   31.354112] XFS (loop0): Please unmount the filesystem and rectify the problem(s).
[   31.366358] XFS (loop0): Ending recovery (logdev: internal)
[   31.367406] XFS (loop0): Error -5 reserving per-AG metadata reserve pool.
[   31.376910] loop3: detected capacity change from 0 to 32768
[   31.437159] XFS (loop3): Mounting V5 Filesystem 9f1cad42-11bd-4e12-8f0b-f07876b81d9a
[   31.487320] XFS (loop3): Starting recovery (logdev: internal)
[   31.488848] XFS (loop3): Metadata corruption detected at xfs_btree_lookup_get_block+0x27a/0x300, xfs_refcountbt block 0x28
[   31.490319] XFS (loop3): Unmount and run xfs_repair
[   31.491012] XFS (loop3): Failed to recover leftover CoW staging extents, err -117.
[   31.492058] XFS (loop3): Filesystem has been shut down due to log error (0x2).
[   31.493081] XFS (loop3): Please unmount the filesystem and rectify the problem(s).
[   31.540423] XFS (loop3): Ending recovery (logdev: internal)
[   31.541171] XFS (loop3): Error -5 reserving per-AG metadata reserve pool.
[   31.542766] loop1: detected capacity change from 0 to 32768
[   31.560300] loop4: detected capacity change from 0 to 32768
[   31.561793] XFS (loop1): Mounting V5 Filesystem 9f1cad42-11bd-4e12-8f0b-f07876b81d9a
[   31.578842] XFS (loop1): Starting recovery (logdev: internal)
[   31.585363] XFS (loop1): Metadata corruption detected at xfs_btree_lookup_get_block+0x27a/0x300, xfs_refcountbt block 0x28
[   31.586967] XFS (loop1): Unmount and run xfs_repair
[   31.587659] XFS (loop1): Failed to recover leftover CoW staging extents, err -117.
[   31.588709] XFS (loop1): Filesystem has been shut down due to log error (0x2).
[   31.589716] XFS (loop1): Please unmount the filesystem and rectify the problem(s).
[   31.591218] XFS (loop1): Ending recovery (logdev: internal)
[   31.592038] XFS (loop1): Error -5 reserving per-AG metadata reserve pool.
[   31.601608] XFS (loop4): Mounting V5 Filesystem 9f1cad42-11bd-4e12-8f0b-f07876b81d9a
[   31.631873] XFS (loop4): Starting recovery (logdev: internal)
[   31.633602] XFS (loop4): Metadata corruption detected at xfs_btree_lookup_get_block+0x27a/0x300, xfs_refcountbt block 0x28
[   31.635208] XFS (loop4): Unmount and run xfs_repair
[   31.635923] XFS (loop4): Failed to recover leftover CoW staging extents, err -117.
[   31.637005] XFS (loop4): Filesystem has been shut down due to log error (0x2).
[   31.638010] XFS (loop4): Please unmount the filesystem and rectify the problem(s).
[   31.639158] XFS (loop4): Ending recovery (logdev: internal)
[   31.639970] XFS (loop4): Error -5 reserving per-AG metadata reserve pool.
[   31.653414] loop2: detected capacity change from 0 to 32768
[   31.656937] loop0: detected capacity change from 0 to 32768
[   31.679213] loop7: detected capacity change from 0 to 32768
[   31.689018] XFS (loop2): Mounting V5 Filesystem 9f1cad42-11bd-4e12-8f0b-f07876b81d9a
[   31.693268] XFS (loop7): Mounting V5 Filesystem 9f1cad42-11bd-4e12-8f0b-f07876b81d9a
[   31.693268] XFS (loop0): Mounting V5 Filesystem 9f1cad42-11bd-4e12-8f0b-f07876b81d9a
[   31.705082] XFS (loop2): Starting recovery (logdev: internal)
[   31.706729] XFS (loop2): Metadata corruption detected at xfs_btree_lookup_get_block+0x27a/0x300, xfs_refcountbt block 0x28
[   31.708325] XFS (loop2): Unmount and run xfs_repair
[   31.709055] XFS (loop2): Failed to recover leftover CoW staging extents, err -117.
[   31.710139] XFS (loop2): Filesystem has been shut down due to log error (0x2).
[   31.711213] XFS (loop2): Please unmount the filesystem and rectify the problem(s).
[   31.713395] XFS (loop2): Ending recovery (logdev: internal)
[   31.714346] XFS (loop2): Error -5 reserving per-AG metadata reserve pool.
[   31.723277] XFS (loop0): Starting recovery (logdev: internal)
[   31.725342] XFS (loop0): Metadata corruption detected at xfs_btree_lookup_get_block+0x27a/0x300, xfs_refcountbt block 0x28
[   31.726685] XFS (loop0): Unmount and run xfs_repair
[   31.727263] XFS (loop0): Failed to recover leftover CoW staging extents, err -117.
[   31.728125] XFS (loop0): Filesystem has been shut down due to log error (0x2).
[   31.728975] XFS (loop0): Please unmount the filesystem and rectify the problem(s).
[   31.729949] XFS (loop0): Ending recovery (logdev: internal)
[   31.730653] XFS (loop0): Error -5 reserving per-AG metadata reserve pool.
[   31.763101] XFS (loop7): Starting recovery (logdev: internal)
[   31.764925] XFS (loop7): Metadata corruption detected at xfs_btree_lookup_get_block+0x27a/0x300, xfs_refcountbt block 0x28
[   31.766568] XFS (loop7): Unmount and run xfs_repair
[   31.767282] XFS (loop7): Failed to recover leftover CoW staging extents, err -117.
[   31.768347] XFS (loop7): Filesystem has been shut down due to log error (0x2).
[   31.769390] XFS (loop7): Please unmount the filesystem and rectify the problem(s).
[   31.781599] XFS (loop7): Ending recovery (logdev: internal)
[   31.784549] XFS (loop7): Error -5 reserving per-AG metadata reserve pool.
[   31.832692] loop3: detected capacity change from 0 to 32768
[   31.904125] XFS (loop3): Mounting V5 Filesystem 9f1cad42-11bd-4e12-8f0b-f07876b81d9a
[   31.950317] XFS (loop3): Starting recovery (logdev: internal)
[   31.953112] XFS (loop3): Metadata corruption detected at xfs_btree_lookup_get_block+0x27a/0x300, xfs_refcountbt block 0x28
[   31.954392] XFS (loop3): Unmount and run xfs_repair
[   31.954944] XFS (loop3): Failed to recover leftover CoW staging extents, err -117.
[   31.955772] XFS (loop3): Filesystem has been shut down due to log error (0x2).
[   31.956560] XFS (loop3): Please unmount the filesystem and rectify the problem(s).
[   31.957924] XFS (loop3): Ending recovery (logdev: internal)
[   31.958769] XFS (loop3): Error -5 reserving per-AG metadata reserve pool.
[   32.000313] loop1: detected capacity change from 0 to 32768
[   32.010983] loop4: detected capacity change from 0 to 32768
[   32.043722] XFS (loop1): Mounting V5 Filesystem 9f1cad42-11bd-4e12-8f0b-f07876b81d9a
[   32.048774] XFS (loop4): Mounting V5 Filesystem 9f1cad42-11bd-4e12-8f0b-f07876b81d9a
[   32.068008] XFS (loop1): Starting recovery (logdev: internal)
[   32.069401] XFS (loop1): Metadata corruption detected at xfs_btree_lookup_get_block+0x27a/0x300, xfs_refcountbt block 0x28
[   32.070641] XFS (loop1): Unmount and run xfs_repair
[   32.071185] XFS (loop1): Failed to recover leftover CoW staging extents, err -117.
[   32.071994] XFS (loop1): Filesystem has been shut down due to log error (0x2).
[   32.072805] XFS (loop1): Please unmount the filesystem and rectify the problem(s).
[   32.073691] XFS (loop1): Ending recovery (logdev: internal)
[   32.074504] XFS (loop1): Error -5 reserving per-AG metadata reserve pool.
[   32.085902] XFS (loop4): Starting recovery (logdev: internal)
[   32.087301] XFS (loop4): Metadata corruption detected at xfs_btree_lookup_get_block+0x27a/0x300, xfs_refcountbt block 0x28
[   32.088516] XFS (loop4): Unmount and run xfs_repair
[   32.089072] XFS (loop4): Failed to recover leftover CoW staging extents, err -117.
[   32.089889] XFS (loop4): Filesystem has been shut down due to log error (0x2).
[   32.090707] XFS (loop4): Please unmount the filesystem and rectify the problem(s).
[   32.092626] XFS (loop4): Ending recovery (logdev: internal)
[   32.093296] XFS (loop4): Error -5 reserving per-AG metadata reserve pool.
[   32.098822] loop0: detected capacity change from 0 to 32768
[   32.138330] XFS (loop0): Mounting V5 Filesystem 9f1cad42-11bd-4e12-8f0b-f07876b81d9a
[   32.152263] loop2: detected capacity change from 0 to 32768
[   32.164856] XFS (loop0): Starting recovery (logdev: internal)
[   32.166292] XFS (loop0): Metadata corruption detected at xfs_btree_lookup_get_block+0x27a/0x300, xfs_refcountbt block 0x28
[   32.167526] XFS (loop0): Unmount and run xfs_repair
[   32.168077] XFS (loop0): Failed to recover leftover CoW staging extents, err -117.
[   32.168925] XFS (loop0): Filesystem has been shut down due to log error (0x2).
[   32.169711] XFS (loop0): Please unmount the filesystem and rectify the problem(s).
[   32.173769] XFS (loop0): Ending recovery (logdev: internal)
[   32.175542] XFS (loop0): Error -5 reserving per-AG metadata reserve pool.
[   32.192805] loop7: detected capacity change from 0 to 32768
[   32.198591] XFS (loop2): Mounting V5 Filesystem 9f1cad42-11bd-4e12-8f0b-f07876b81d9a
[   32.238421] XFS (loop7): Mounting V5 Filesystem 9f1cad42-11bd-4e12-8f0b-f07876b81d9a
[   32.248936] XFS (loop2): Starting recovery (logdev: internal)
[   32.251450] XFS (loop2): Metadata corruption detected at xfs_btree_lookup_get_block+0x27a/0x300, xfs_refcountbt block 0x28
[   32.252800] XFS (loop2): Unmount and run xfs_repair
[   32.253412] XFS (loop2): Failed to recover leftover CoW staging extents, err -117.
[   32.254404] XFS (loop2): Filesystem has been shut down due to log error (0x2).
[   32.255361] XFS (loop2): Please unmount the filesystem and rectify the problem(s).
[   32.256818] XFS (loop2): Ending recovery (logdev: internal)
[   32.257671] XFS (loop2): Error -5 reserving per-AG metadata reserve pool.
[   32.289539] XFS (loop7): Starting recovery (logdev: internal)
[   32.291701] XFS (loop7): Metadata corruption detected at xfs_btree_lookup_get_block+0x27a/0x300, xfs_refcountbt block 0x28
[   32.293306] XFS (loop7): Unmount and run xfs_repair
[   32.293871] XFS (loop7): Failed to recover leftover CoW staging extents, err -117.
[   32.294759] XFS (loop7): Filesystem has been shut down due to log error (0x2).
[   32.295562] XFS (loop7): Please unmount the filesystem and rectify the problem(s).
[   32.316113] XFS (loop7): Ending recovery (logdev: internal)
[   32.316852] XFS (loop7): Error -5 reserving per-AG metadata reserve pool.
[   32.318105] loop3: detected capacity change from 0 to 32768
[   32.366293] XFS (loop3): Mounting V5 Filesystem 9f1cad42-11bd-4e12-8f0b-f07876b81d9a
[   32.396956] loop1: detected capacity change from 0 to 32768
[   32.405670] XFS (loop3): Starting recovery (logdev: internal)
[   32.413321] XFS (loop3): Metadata corruption detected at xfs_btree_lookup_get_block+0x27a/0x300, xfs_refcountbt block 0x28
[   32.414933] XFS (loop3): Unmount and run xfs_repair
[   32.415637] XFS (loop3): Failed to recover leftover CoW staging extents, err -117.
[   32.416711] XFS (loop3): Filesystem has been shut down due to log error (0x2).
[   32.417708] XFS (loop3): Please unmount the filesystem and rectify the problem(s).
[   32.433170] XFS (loop3): Ending recovery (logdev: internal)
[   32.435620] XFS (loop1): Mounting V5 Filesystem 9f1cad42-11bd-4e12-8f0b-f07876b81d9a
[   32.436282] XFS (loop3): Error -5 reserving per-AG metadata reserve pool.
[   32.479872] XFS (loop1): Starting recovery (logdev: internal)
[   32.481309] XFS (loop1): Metadata corruption detected at xfs_btree_lookup_get_block+0x27a/0x300, xfs_refcountbt block 0x28
[   32.482582] XFS (loop1): Unmount and run xfs_repair
[   32.483136] XFS (loop1): Failed to recover leftover CoW staging extents, err -117.
[   32.483957] XFS (loop1): Filesystem has been shut down due to log error (0x2).
[   32.484743] XFS (loop1): Please unmount the filesystem and rectify the problem(s).
[   32.485698] XFS (loop1): Ending recovery (logdev: internal)
[   32.486391] XFS (loop1): Error -5 reserving per-AG metadata reserve pool.
[   32.511592] loop4: detected capacity change from 0 to 32768
[   32.517428] loop0: detected capacity change from 0 to 32768
[   32.540719] XFS (loop4): Mounting V5 Filesystem 9f1cad42-11bd-4e12-8f0b-f07876b81d9a
[   32.547333] XFS (loop0): Mounting V5 Filesystem 9f1cad42-11bd-4e12-8f0b-f07876b81d9a
[   32.564205] XFS (loop4): Starting recovery (logdev: internal)
[   32.565618] XFS (loop4): Metadata corruption detected at xfs_btree_lookup_get_block+0x27a/0x300, xfs_refcountbt block 0x28
[   32.566924] XFS (loop4): Unmount and run xfs_repair
[   32.567512] XFS (loop4): Failed to recover leftover CoW staging extents, err -117.
[   32.568412] XFS (loop4): Filesystem has been shut down due to log error (0x2).
[   32.569324] XFS (loop4): Please unmount the filesystem and rectify the problem(s).
[   32.582783] XFS (loop0): Starting recovery (logdev: internal)
[   32.584975] XFS (loop0): Metadata corruption detected at xfs_btree_lookup_get_block+0x27a/0x300, xfs_refcountbt block 0x28
[   32.586244] XFS (loop0): Unmount and run xfs_repair
[   32.586800] XFS (loop0): Failed to recover leftover CoW staging extents, err -117.
[   32.587637] XFS (loop0): Filesystem has been shut down due to log error (0x2).
[   32.588444] XFS (loop0): Please unmount the filesystem and rectify the problem(s).
[   32.590090] XFS (loop0): Ending recovery (logdev: internal)
[   32.592179] XFS (loop0): Error -5 reserving per-AG metadata reserve pool.
[   32.597782] XFS (loop4): Ending recovery (logdev: internal)
[   32.598513] XFS (loop4): Error -5 reserving per-AG metadata reserve pool.
[   32.671768] loop2: detected capacity change from 0 to 32768
[   32.689029] loop7: detected capacity change from 0 to 32768
[   32.710256] XFS (loop2): Mounting V5 Filesystem 9f1cad42-11bd-4e12-8f0b-f07876b81d9a
[   32.751986] XFS (loop7): Mounting V5 Filesystem 9f1cad42-11bd-4e12-8f0b-f07876b81d9a
[   32.780110] XFS (loop2): Starting recovery (logdev: internal)
[   32.781888] XFS (loop2): Metadata corruption detected at xfs_btree_lookup_get_block+0x27a/0x300, xfs_refcountbt block 0x28
[   32.783508] XFS (loop2): Unmount and run xfs_repair
[   32.784213] XFS (loop2): Failed to recover leftover CoW staging extents, err -117.
[   32.785283] XFS (loop2): Filesystem has been shut down due to log error (0x2).
[   32.786325] XFS (loop2): Please unmount the filesystem and rectify the problem(s).
[   32.803453] XFS (loop7): Starting recovery (logdev: internal)
[   32.808078] loop3: detected capacity change from 0 to 32768
[   32.809022] XFS (loop2): Ending recovery (logdev: internal)
[   32.812423] XFS (loop7): Metadata corruption detected at xfs_btree_lookup_get_block+0x27a/0x300, xfs_refcountbt block 0x28
[   32.814075] XFS (loop7): Unmount and run xfs_repair
[   32.814727] XFS (loop7): Failed to recover leftover CoW staging extents, err -117.
[   32.815593] XFS (loop7): Filesystem has been shut down due to log error (0x2).
[   32.816424] XFS (loop7): Please unmount the filesystem and rectify the problem(s).
[   32.817986] XFS (loop7): Ending recovery (logdev: internal)
[   32.818427] XFS (loop2): Error -5 reserving per-AG metadata reserve pool.
[   32.819158] XFS (loop7): Error -5 reserving per-AG metadata reserve pool.
[   32.841192] loop1: detected capacity change from 0 to 32768
[   32.852097] XFS (loop3): Mounting V5 Filesystem 9f1cad42-11bd-4e12-8f0b-f07876b81d9a
[   32.853494] XFS (loop1): Mounting V5 Filesystem 9f1cad42-11bd-4e12-8f0b-f07876b81d9a
[   32.881936] XFS (loop3): Starting recovery (logdev: internal)
[   32.883873] XFS (loop3): Metadata corruption detected at xfs_btree_lookup_get_block+0x27a/0x300, xfs_refcountbt block 0x28
[   32.885458] XFS (loop3): Unmount and run xfs_repair
[   32.886180] XFS (loop3): Failed to recover leftover CoW staging extents, err -117.
[   32.887221] XFS (loop3): Filesystem has been shut down due to log error (0x2).
[   32.888226] XFS (loop3): Please unmount the filesystem and rectify the problem(s).
[   32.890540] XFS (loop3): Ending recovery (logdev: internal)
[   32.896945] XFS (loop1): Starting recovery (logdev: internal)
[   32.897884] XFS (loop3): Error -5 reserving per-AG metadata reserve pool.
[   32.901624] XFS (loop1): Metadata corruption detected at xfs_btree_lookup_get_block+0x27a/0x300, xfs_refcountbt block 0x28
[   32.902910] XFS (loop1): Unmount and run xfs_repair
[   32.903463] XFS (loop1): Failed to recover leftover CoW staging extents, err -117.
[   32.904292] XFS (loop1): Filesystem has been shut down due to log error (0x2).
[   32.905108] XFS (loop1): Please unmount the filesystem and rectify the problem(s).
[   32.906053] XFS (loop1): Ending recovery (logdev: internal)
[   32.906701] XFS (loop1): Error -5 reserving per-AG metadata reserve pool.
[   32.935864] loop0: detected capacity change from 0 to 32768
[   32.995671] XFS (loop0): Mounting V5 Filesystem 9f1cad42-11bd-4e12-8f0b-f07876b81d9a
[   33.016093] loop4: detected capacity change from 0 to 32768
[   33.026727] XFS (loop0): Starting recovery (logdev: internal)
[   33.028136] XFS (loop0): Metadata corruption detected at xfs_btree_lookup_get_block+0x27a/0x300, xfs_refcountbt block 0x28
[   33.029432] XFS (loop0): Unmount and run xfs_repair
[   33.030002] XFS (loop0): Failed to recover leftover CoW staging extents, err -117.
[   33.030904] XFS (loop0): Filesystem has been shut down due to log error (0x2).
[   33.031739] XFS (loop0): Please unmount the filesystem and rectify the problem(s).
[   33.033468] XFS (loop0): Ending recovery (logdev: internal)
[   33.035293] XFS (loop0): Error -5 reserving per-AG metadata reserve pool.
[   33.077044] XFS (loop4): Mounting V5 Filesystem 9f1cad42-11bd-4e12-8f0b-f07876b81d9a
[   33.111875] XFS (loop4): Starting recovery (logdev: internal)
[   33.113376] XFS (loop4): Metadata corruption detected at xfs_btree_lookup_get_block+0x27a/0x300, xfs_refcountbt block 0x28
[   33.114680] XFS (loop4): Unmount and run xfs_repair
[   33.115254] XFS (loop4): Failed to recover leftover CoW staging extents, err -117.
[   33.116112] XFS (loop4): Filesystem has been shut down due to log error (0x2).
[   33.116942] XFS (loop4): Please unmount the filesystem and rectify the problem(s).
[   33.118386] XFS (loop4): Ending recovery (logdev: internal)
[   33.119110] XFS (loop4): Error -5 reserving per-AG metadata reserve pool.
[   33.159743] loop1: detected capacity change from 0 to 32768
[   33.160894] loop7: detected capacity change from 0 to 32768
[   33.203011] XFS (loop7): Mounting V5 Filesystem 9f1cad42-11bd-4e12-8f0b-f07876b81d9a
[   33.222673] XFS (loop1): Mounting V5 Filesystem 9f1cad42-11bd-4e12-8f0b-f07876b81d9a
[   33.235016] XFS (loop7): Starting recovery (logdev: internal)
[   33.247194] XFS (loop1): Starting recovery (logdev: internal)
[   33.248956] XFS (loop7): Metadata corruption detected at xfs_btree_lookup_get_block+0x27a/0x300, xfs_refcountbt block 0x28
[   33.250247] XFS (loop7): Unmount and run xfs_repair
[   33.250811] XFS (loop7): Failed to recover leftover CoW staging extents, err -117.
[   33.251652] XFS (loop7): Filesystem has been shut down due to log error (0x2).
[   33.252460] XFS (loop7): Please unmount the filesystem and rectify the problem(s).
[   33.253753] XFS (loop7): Ending recovery (logdev: internal)
[   33.261292] XFS (loop1): Metadata corruption detected at xfs_btree_lookup_get_block+0x27a/0x300, xfs_refcountbt block 0x28
[   33.262852] XFS (loop1): Unmount and run xfs_repair
[   33.263549] BUG: unable to handle page fault for address: 0000000008100261
[   33.264498] #PF: supervisor read access in kernel mode
[   33.265248] #PF: error_code(0x0000) - not-present page
[   33.265970] PGD 13cd9067 P4D 13cd9067 PUD 13fdf067 PMD 0 
[   33.266751] Oops: 0000 [#3] PREEMPT SMP NOPTI
[   33.267381] CPU: 0 PID: 1198 Comm: repro Tainted: G      D            6.3.0-rc3-e8d018dd0257+ #1
[   33.268616] Hardware name: QEMU Standard PC (i440FX + PIIX, 1996), BIOS rel-1.16.0-0-gd239552ce722-prebuilt.qemu.org 04/01/2014
[   33.270187] RIP: 0010:xfs_trans_brelse+0x2b/0x210
[   33.270866] Code: 0f 1f 00 0f 1f 44 00 00 55 48 89 e5 41 55 49 89 f5 41 54 53 48 89 fb e8 13 30 7d ff 48 85 db 0f 84 bc 01 00 00 e8 05 30 7d ff <4d> 8b a5 f0 01 00 00 0f 1f 44 00 00 e8 f4 2f 7d ff 65 8b 05 e9 15
[   33.273405] RSP: 0018:ffffc90001cebb00 EFLAGS: 00010246
[   33.274145] RAX: 0000000000000000 RBX: ffff888013f45000 RCX: ffffffff81a2fbf1
[   33.275148] RDX: 0000000000000000 RSI: ffff88801e8f0000 RDI: 0000000000000002
[   33.276133] RBP: ffffc90001cebb18 R08: 0000000000000000 R09: 0000000000000000
[   33.277152] R10: 0000000000001926 R11: 0000000000000000 R12: ffff888013f104b0
[   33.278145] R13: 0000000008100071 R14: 0000000008100071 R15: ffff88801ea84000
[   33.279222] FS:  00007f44ba73a740(0000) GS:ffff88807dc00000(0000) knlGS:0000000000000000
[   33.280335] CS:  0010 DS: 0000 ES: 0000 CR0: 0000000080050033
[   33.281165] CR2: 0000000008100261 CR3: 000000001e9ac001 CR4: 0000000000770ef0
[   33.282172] PKRU: 55555554
[   33.282572] Call Trace:
[   33.282950]  <TASK>
[   33.283273]  xfs_btree_del_cursor+0x49/0x120
[   33.283915]  xfs_refcount_recover_cow_leftovers+0x19f/0x4a0
[   33.284728]  xfs_reflink_recover_cow+0x79/0xf0
