c[?7l[2J[0mSeaBIOS (version rel-1.14.0-0-g155821a1990b-prebuilt.qemu.org)


iPXE (http://ipxe.org) 00:03.0 CA00 PCI2.10 PnP PMM+7FF8F030+7FEEF030 CA00
Press Ctrl-B to configure iPXE (PCI 00:03.0)...                                                                               


Booting from ROM..c[?7l[2J[    0.000000] Linux version 6.1.0-rc6-40eb28dc17f8+ (root@p-mtlp02) (gcc (GCC) 8.5.0 20210514 (Red Hat 8.5.0-18), GNU ld version 2.36.1-2.el8) #1 SMP PREEMPT_DYNAMIC Wed Feb  8 05:57:47 CST 2023
[    0.000000] Command line: console=ttyS0 root=/dev/sda earlyprintk=serial net.ifnames=0
[    0.000000] KERNEL supported cpus:
[    0.000000]   Intel GenuineIntel
[    0.000000]   AMD AuthenticAMD
[    0.000000]   Hygon HygonGenuine
[    0.000000]   Centaur CentaurHauls
[    0.000000]   zhaoxin   Shanghai  
[    0.000000] x86/split lock detection: #DB: warning on user-space bus_locks
[    0.000000] x86/fpu: Supporting XSAVE feature 0x001: 'x87 floating point registers'
[    0.000000] x86/fpu: Supporting XSAVE feature 0x002: 'SSE registers'
[    0.000000] x86/fpu: Supporting XSAVE feature 0x004: 'AVX registers'
[    0.000000] x86/fpu: Supporting XSAVE feature 0x200: 'Protection Keys User registers'
[    0.000000] x86/fpu: xstate_offset[2]:  576, xstate_sizes[2]:  256
[    0.000000] x86/fpu: xstate_offset[9]:  832, xstate_sizes[9]:    8
[    0.000000] x86/fpu: Enabled xstate features 0x207, context size is 840 bytes, using 'compacted' format.
[    0.000000] signal: max sigframe size: 3632
[    0.000000] BIOS-provided physical RAM map:
[    0.000000] BIOS-e820: [mem 0x0000000000000000-0x000000000009fbff] usable
[    0.000000] BIOS-e820: [mem 0x000000000009fc00-0x000000000009ffff] reserved
[    0.000000] BIOS-e820: [mem 0x00000000000f0000-0x00000000000fffff] reserved
[    0.000000] BIOS-e820: [mem 0x0000000000100000-0x000000007ffdffff] usable
[    0.000000] BIOS-e820: [mem 0x000000007ffe0000-0x000000007fffffff] reserved
[    0.000000] BIOS-e820: [mem 0x00000000feffc000-0x00000000feffffff] reserved
[    0.000000] BIOS-e820: [mem 0x00000000fffc0000-0x00000000ffffffff] reserved
[    0.000000] printk: bootconsole [earlyser0] enabled
[    0.000000] NX (Execute Disable) protection: active
[    0.000000] SMBIOS 2.8 present.
[    0.000000] DMI: QEMU Standard PC (i440FX + PIIX, 1996), BIOS rel-1.14.0-0-g155821a1990b-prebuilt.qemu.org 04/01/2014
[    0.000000] Hypervisor detected: KVM
[    0.000000] kvm-clock: Using msrs 4b564d01 and 4b564d00
[    0.000009] kvm-clock: using sched offset of 680869928 cycles
[    0.000861] clocksource: kvm-clock: mask: 0xffffffffffffffff max_cycles: 0x1cd42e4dffb, max_idle_ns: 881590591483 ns
[    0.003484] tsc: Detected 1190.400 MHz processor
[    0.012849] last_pfn = 0x7ffe0 max_arch_pfn = 0x400000000
[    0.013799] x86/PAT: Configuration [0-7]: WB  WC  UC- UC  WB  WP  UC- WT  
[    0.021607] found SMP MP-table at [mem 0x000f5a90-0x000f5a9f]
[    0.022704] Using GB pages for direct mapping
[    0.025553] ACPI: Early table checksum verification disabled
[    0.026547] ACPI: RSDP 0x00000000000F5870 000014 (v00 BOCHS )
[    0.027500] ACPI: RSDT 0x000000007FFE1959 000034 (v01 BOCHS  BXPC     00000001 BXPC 00000001)
[    0.028905] ACPI: FACP 0x000000007FFE1805 000074 (v01 BOCHS  BXPC     00000001 BXPC 00000001)
[    0.029711] ACPI: DSDT 0x000000007FFE0040 0017C5 (v01 BOCHS  BXPC     00000001 BXPC 00000001)
[    0.030490] ACPI: FACS 0x000000007FFE0000 000040
[    0.030921] ACPI: APIC 0x000000007FFE1879 000080 (v01 BOCHS  BXPC     00000001 BXPC 00000001)
[    0.031700] ACPI: HPET 0x000000007FFE18F9 000038 (v01 BOCHS  BXPC     00000001 BXPC 00000001)
[    0.032528] ACPI: WAET 0x000000007FFE1931 000028 (v01 BOCHS  BXPC     00000001 BXPC 00000001)
[    0.033322] ACPI: Reserving FACP table memory at [mem 0x7ffe1805-0x7ffe1878]
[    0.033966] ACPI: Reserving DSDT table memory at [mem 0x7ffe0040-0x7ffe1804]
[    0.034600] ACPI: Reserving FACS table memory at [mem 0x7ffe0000-0x7ffe003f]
[    0.035233] ACPI: Reserving APIC table memory at [mem 0x7ffe1879-0x7ffe18f8]
[    0.035866] ACPI: Reserving HPET table memory at [mem 0x7ffe18f9-0x7ffe1930]
[    0.036513] ACPI: Reserving WAET table memory at [mem 0x7ffe1931-0x7ffe1958]
[    0.038229] No NUMA configuration found
[    0.038583] Faking a node at [mem 0x0000000000000000-0x000000007ffdffff]
[    0.039287] NODE_DATA(0) allocated [mem 0x7ffb5000-0x7ffdffff]
[    0.073312] Zone ranges:
[    0.073609]   DMA      [mem 0x0000000000001000-0x0000000000ffffff]
[    0.074159]   DMA32    [mem 0x0000000001000000-0x000000007ffdffff]
[    0.074725]   Normal   empty
[    0.074995]   Device   empty
[    0.075261] Movable zone start for each node
[    0.075649] Early memory node ranges
[    0.075970]   node   0: [mem 0x0000000000001000-0x000000000009efff]
[    0.076546]   node   0: [mem 0x0000000000100000-0x000000007ffdffff]
[    0.077116] Initmem setup node 0 [mem 0x0000000000001000-0x000000007ffdffff]
[    0.077766] On node 0, zone DMA: 1 pages in unavailable ranges
[    0.077868] On node 0, zone DMA: 97 pages in unavailable ranges
[    0.090143] On node 0, zone DMA32: 32 pages in unavailable ranges
[    0.724567] kasan: KernelAddressSanitizer initialized
[    0.725921] ACPI: PM-Timer IO Port: 0x608
[    0.726340] ACPI: LAPIC_NMI (acpi_id[0xff] dfl dfl lint[0x1])
[    0.726953] IOAPIC[0]: apic_id 0, version 17, address 0xfec00000, GSI 0-23
[    0.727610] ACPI: INT_SRC_OVR (bus 0 bus_irq 0 global_irq 2 dfl dfl)
[    0.728192] ACPI: INT_SRC_OVR (bus 0 bus_irq 5 global_irq 5 high level)
[    0.728786] ACPI: INT_SRC_OVR (bus 0 bus_irq 9 global_irq 9 high level)
[    0.729394] ACPI: INT_SRC_OVR (bus 0 bus_irq 10 global_irq 10 high level)
[    0.730005] ACPI: INT_SRC_OVR (bus 0 bus_irq 11 global_irq 11 high level)
[    0.730634] ACPI: Using ACPI (MADT) for SMP configuration information
[    0.731210] ACPI: HPET id: 0x8086a201 base: 0xfed00000
[    0.731695] TSC deadline timer available
[    0.732049] smpboot: Allowing 2 CPUs, 0 hotplug CPUs
[    0.732600] kvm-guest: KVM setup pv remote TLB flush
[    0.733048] kvm-guest: setup PV sched yield
[    0.733529] PM: hibernation: Registered nosave memory: [mem 0x00000000-0x00000fff]
[    0.734204] PM: hibernation: Registered nosave memory: [mem 0x0009f000-0x0009ffff]
[    0.734866] PM: hibernation: Registered nosave memory: [mem 0x000a0000-0x000effff]
[    0.735530] PM: hibernation: Registered nosave memory: [mem 0x000f0000-0x000fffff]
[    0.736265] [mem 0x80000000-0xfeffbfff] available for PCI devices
[    0.736807] Booting paravirtualized kernel on KVM
[    0.737257] clocksource: refined-jiffies: mask: 0xffffffff max_cycles: 0xffffffff, max_idle_ns: 7645519600211568 ns
[    0.738205] setup_percpu: NR_CPUS:8192 nr_cpumask_bits:2 nr_cpu_ids:2 nr_node_ids:1
[    0.740811] percpu: Embedded 80 pages/cpu s290816 r8192 d28672 u1048576
[    0.741718] kvm-guest: PV spinlocks enabled
[    0.742109] PV qspinlock hash table entries: 256 (order: 0, 4096 bytes, linear)
[    0.742811] Fallback order for Node 0: 0 
[    0.743205] Built 1 zonelists, mobility grouping on.  Total pages: 515808
[    0.743812] Policy zone: DMA32
[    0.744093] Kernel command line: net.ifnames=0 console=ttyS0 root=/dev/sda earlyprintk=serial net.ifnames=0
[    0.745546] random: crng init done
[    0.750871] Dentry cache hash table entries: 262144 (order: 9, 2097152 bytes, linear)
[    0.752599] Inode-cache hash table entries: 131072 (order: 8, 1048576 bytes, linear)
[    0.753471] mem auto-init: stack:off, heap alloc:off, heap free:off
[    0.762198] stackdepot hash table entries: 1048576 (order: 11, 8388608 bytes, linear)
[    0.798576] Memory: 1354928K/2096632K available (67601K kernel code, 13983K rwdata, 14020K rodata, 4572K init, 24200K bss, 741448K reserved, 0K cma-reserved)
[    0.801276] SLUB: HWalign=64, Order=0-3, MinObjects=0, CPUs=2, Nodes=1
[    0.801850] kmemleak: Kernel memory leak detector disabled
[    0.802412] ftrace: allocating 67483 entries in 264 pages
[    0.846580] ftrace: allocated 264 pages with 2 groups
[    0.853387] Dynamic Preempt: voluntary
[    0.854135] Running RCU self tests
[    0.854436] rcu: Preemptible hierarchical RCU implementation.
[    0.854923] rcu: 	RCU lockdep checking is enabled.
[    0.855331] rcu: 	RCU restricting CPUs from NR_CPUS=8192 to nr_cpu_ids=2.
[    0.855913] 	Trampoline variant of Tasks RCU enabled.
[    0.856346] 	Rude variant of Tasks RCU enabled.
[    0.856732] 	Tracing variant of Tasks RCU enabled.
[    0.857139] rcu: RCU calculated value of scheduler-enlistment delay is 25 jiffies.
[    0.857778] rcu: Adjusting geometry for rcu_fanout_leaf=16, nr_cpu_ids=2
[    0.903399] NR_IRQS: 524544, nr_irqs: 440, preallocated irqs: 16
[    0.904469] rcu: srcu_init: Setting srcu_struct sizes based on contention.
[    0.913156] Console: colour VGA+ 80x25
[    0.913574] printk: console [ttyS0] enabled
[    0.913574] printk: console [ttyS0] enabled
[    0.914317] printk: bootconsole [earlyser0] disabled
[    0.914317] printk: bootconsole [earlyser0] disabled
[    0.915183] Lock dependency validator: Copyright (c) 2006 Red Hat, Inc., Ingo Molnar
[    0.915865] ... MAX_LOCKDEP_SUBCLASSES:  8
[    0.916236] ... MAX_LOCK_DEPTH:          48
[    0.916612] ... MAX_LOCKDEP_KEYS:        8192
[    0.917002] ... CLASSHASH_SIZE:          4096
[    0.917392] ... MAX_LOCKDEP_ENTRIES:     32768
[    0.917793] ... MAX_LOCKDEP_CHAINS:      65536
[    0.918191] ... CHAINHASH_SIZE:          32768
[    0.918587]  memory used by lock dependency info: 6365 kB
[    0.919068]  memory used for stack traces: 4224 kB
[    0.919496]  per task-struct memory footprint: 1920 bytes
[    0.920074] ACPI: Core revision 20220331
[    0.920914] clocksource: hpet: mask: 0xffffffff max_cycles: 0xffffffff, max_idle_ns: 19112604467 ns
[    0.921913] APIC: Switch to symmetric I/O mode setup
[    0.922567] x2apic enabled
[    0.923024] Switched APIC routing to physical x2apic.
[    0.923476] kvm-guest: setup PV IPIs
[    0.924975] ..TIMER: vector=0x30 apic1=0 pin1=2 apic2=-1 pin2=-1
[    0.925544] clocksource: tsc-early: mask: 0xffffffffffffffff max_cycles: 0x1128af0325d, max_idle_ns: 440795261011 ns
[    0.926649] Calibrating delay loop (skipped) preset value.. 2380.80 BogoMIPS (lpj=4761600)
[    0.927395] pid_max: default: 32768 minimum: 301
[    0.928031] LSM: Security Framework initializing
[    0.928549] Yama: becoming mindful.
[    0.929261] Mount-cache hash table entries: 4096 (order: 3, 32768 bytes, linear)
[    0.930651] Mountpoint-cache hash table entries: 4096 (order: 3, 32768 bytes, linear)
[    0.933665] CPU0: Thermal monitoring enabled (TM1)
[    0.934668] x86/cpu: User Mode Instruction Prevention (UMIP) activated
[    0.935795] Last level iTLB entries: 4KB 0, 2MB 0, 4MB 0
[    0.936346] Last level dTLB entries: 4KB 0, 2MB 0, 4MB 0, 1GB 0
[    0.936931] Spectre V1 : Mitigation: usercopy/swapgs barriers and __user pointer sanitization
[    0.937690] Spectre V2 : WARNING: Unprivileged eBPF is enabled with eIBRS on, data leaks possible via Spectre v2 BHB attacks!
[    0.938641] Spectre V2 : Mitigation: Enhanced IBRS
[    0.939063] Spectre V2 : Spectre v2 / SpectreRSB mitigation: Filling RSB on context switch
[    0.939769] Spectre V2 : Spectre v2 / PBRSB-eIBRS: Retire a single CALL on VMEXIT
[    0.940405] Spectre V2 : mitigation: Enabling conditional Indirect Branch Prediction Barrier
[    0.941131] Speculative Store Bypass: Mitigation: Speculative Store Bypass disabled via prctl
[    0.942626] MMIO Stale Data: Unknown: No mitigations
[    1.104358] Freeing SMP alternatives memory: 52K
[    1.105702] smpboot: CPU0: Genuine Intel(R) 0000 (family: 0x6, model: 0xaa, stepping: 0x1)
[    1.106620] cblist_init_generic: Setting adjustable number of callback queues.
[    1.106620] cblist_init_generic: Setting shift to 1 and lim to 1.
[    1.106620] cblist_init_generic: Setting shift to 1 and lim to 1.
[    1.106732] cblist_init_generic: Setting shift to 1 and lim to 1.
[    1.107373] Running RCU-tasks wait API self tests
[    1.210850] Performance Events: generic architected perfmon, full-width counters, Intel PMU driver.
[    1.211737] ... version:                2
[    1.212086] ... bit width:              48
[    1.212443] ... generic registers:      8
[    1.212793] ... value mask:             0000ffffffffffff
[    1.213250] ... max period:             00007fffffffffff
[    1.213747] ... fixed-purpose events:   3
[    1.214107] ... event mask:             00000007000000ff
[    1.215331] rcu: Hierarchical SRCU implementation.
[    1.215753] rcu: 	Max phase no-delay instances is 1000.
[    1.221077] smp: Bringing up secondary CPUs ...
[    1.222342] x86: Booting SMP configuration:
[    1.222644] .... node  #0, CPUs:      #1
[    0.017582] smpboot: CPU 1 Converting physical 0 to logical die 1
[    1.226938] smp: Brought up 1 node, 2 CPUs
[    1.227355] smpboot: Max logical packages: 2
[    1.227732] smpboot: Total of 2 processors activated (4761.60 BogoMIPS)
[    1.234659] Callback from call_rcu_tasks_trace() invoked.
[    1.235351] devtmpfs: initialized
[    1.236068] x86/mm: Memory block size: 128MB
[    1.248699] clocksource: jiffies: mask: 0xffffffff max_cycles: 0xffffffff, max_idle_ns: 7645041785100000 ns
[    1.250650] futex hash table entries: 512 (order: 4, 65536 bytes, linear)
[    1.251794] pinctrl core: initialized pinctrl subsystem
[    1.253606] 
[    1.253750] *************************************************************
[    1.254324] **     NOTICE NOTICE NOTICE NOTICE NOTICE NOTICE NOTICE    **
[    1.254627] **                                                         **
[    1.255209] **  IOMMU DebugFS SUPPORT HAS BEEN ENABLED IN THIS KERNEL  **
[    1.255781] **                                                         **
[    1.256355] ** This means that this kernel is built to expose internal **
[    1.256925] ** IOMMU data structures, which may compromise security on **
[    1.257498] ** your system.                                            **
[    1.258069] **                                                         **
[    1.258626] ** If you see this message and you are not debugging the   **
[    1.259257] ** kernel, report this immediately to your vendor!         **
[    1.259832] **                                                         **
[    1.260404] **     NOTICE NOTICE NOTICE NOTICE NOTICE NOTICE NOTICE    **
[    1.260975] *************************************************************
[    1.261621] PM: RTC time: 21:58:33, date: 2023-02-07
[    1.267953] NET: Registered PF_NETLINK/PF_ROUTE protocol family
[    1.269730] DMA: preallocated 256 KiB GFP_KERNEL pool for atomic allocations
[    1.270387] DMA: preallocated 256 KiB GFP_KERNEL|GFP_DMA pool for atomic allocations
[    1.270671] DMA: preallocated 256 KiB GFP_KERNEL|GFP_DMA32 pool for atomic allocations
[    1.271466] audit: initializing netlink subsys (disabled)
[    1.272075] audit: type=2000 audit(1675807114.401:1): state=initialized audit_enabled=0 res=1
[    1.275605] thermal_sys: Registered thermal governor 'fair_share'
[    1.275616] thermal_sys: Registered thermal governor 'bang_bang'
[    1.276159] thermal_sys: Registered thermal governor 'step_wise'
[    1.276681] thermal_sys: Registered thermal governor 'user_space'
[    1.277298] cpuidle: using governor ladder
[    1.278209] cpuidle: using governor menu
[    1.279060] acpiphp: ACPI Hot Plug PCI Controller Driver version: 0.5
[    1.280337] PCI: Using configuration type 1 for base access
[    1.315262] Callback from call_rcu_tasks_rude() invoked.
[    1.317437] kprobes: kprobe jump-optimization is enabled. All kprobes are optimized if possible.
[    1.585215] Callback from call_rcu_tasks() invoked.
[    1.688073] HugeTLB: registered 1.00 GiB page size, pre-allocated 0 pages
[    1.688712] HugeTLB: 16380 KiB vmemmap can be freed for a 1.00 GiB page
[    1.689283] HugeTLB: registered 2.00 MiB page size, pre-allocated 0 pages
[    1.689868] HugeTLB: 28 KiB vmemmap can be freed for a 2.00 MiB page
[    1.696684] ACPI: Added _OSI(Module Device)
[    1.697091] ACPI: Added _OSI(Processor Device)
[    1.697476] ACPI: Added _OSI(3.0 _SCP Extensions)
[    1.697913] ACPI: Added _OSI(Processor Aggregator Device)
[    1.714500] ACPI: 1 ACPI AML tables successfully acquired and loaded
[    1.722745] ACPI: Interpreter enabled
[    1.723275] ACPI: PM: (supports S0 S3 S4 S5)
[    1.723625] ACPI: Using IOAPIC for interrupt routing
[    1.724181] PCI: Using host bridge windows from ACPI; if necessary, use "pci=nocrs" and report a bug
[    1.724946] PCI: Using E820 reservations for host bridge windows
[    1.726899] ACPI: Enabled 2 GPEs in block 00 to 0F
[    1.766281] ACPI: PCI Root Bridge [PCI0] (domain 0000 [bus 00-ff])
[    1.766661] acpi PNP0A03:00: _OSC: OS supports [ASPM ClockPM Segments MSI EDR HPX-Type3]
[    1.767347] acpi PNP0A03:00: _OSC: not requesting OS control; OS requires [ExtendedConfig ASPM ClockPM MSI]
[    1.768646] acpi PNP0A03:00: fail to add MMCONFIG information, can't access extended PCI configuration space under this bridge.
[    1.775217] acpiphp: Slot [3] registered
[    1.775741] acpiphp: Slot [4] registered
[    1.776231] acpiphp: Slot [5] registered
[    1.776730] acpiphp: Slot [6] registered
[    1.777239] acpiphp: Slot [7] registered
[    1.777761] acpiphp: Slot [8] registered
[    1.778281] acpiphp: Slot [9] registered
[    1.778774] acpiphp: Slot [10] registered
[    1.779279] acpiphp: Slot [11] registered
[    1.779798] acpiphp: Slot [12] registered
[    1.780317] acpiphp: Slot [13] registered
[    1.780809] acpiphp: Slot [14] registered
[    1.781304] acpiphp: Slot [15] registered
[    1.781827] acpiphp: Slot [16] registered
[    1.782321] acpiphp: Slot [17] registered
[    1.782771] acpiphp: Slot [18] registered
[    1.783272] acpiphp: Slot [19] registered
[    1.783786] acpiphp: Slot [20] registered
[    1.784278] acpiphp: Slot [21] registered
[    1.784775] acpiphp: Slot [22] registered
[    1.785283] acpiphp: Slot [23] registered
[    1.785811] acpiphp: Slot [24] registered
[    1.786303] acpiphp: Slot [25] registered
[    1.786779] acpiphp: Slot [26] registered
[    1.787271] acpiphp: Slot [27] registered
[    1.787806] acpiphp: Slot [28] registered
[    1.788302] acpiphp: Slot [29] registered
[    1.788805] acpiphp: Slot [30] registered
[    1.789299] acpiphp: Slot [31] registered
[    1.789724] PCI host bridge to bus 0000:00
[    1.790088] pci_bus 0000:00: root bus resource [io  0x0000-0x0cf7 window]
[    1.790631] pci_bus 0000:00: root bus resource [io  0x0d00-0xffff window]
[    1.791213] pci_bus 0000:00: root bus resource [mem 0x000a0000-0x000bffff window]
[    1.791869] pci_bus 0000:00: root bus resource [mem 0x80000000-0xfebfffff window]
[    1.792649] pci_bus 0000:00: root bus resource [mem 0x100000000-0x17fffffff window]
[    1.793321] pci_bus 0000:00: root bus resource [bus 00-ff]
[    1.794063] pci 0000:00:00.0: [8086:1237] type 00 class 0x060000
[    1.804476] pci 0000:00:01.0: [8086:7000] type 00 class 0x060100
[    1.806430] pci 0000:00:01.1: [8086:7010] type 00 class 0x010180
[    1.808008] pci 0000:00:01.1: reg 0x20: [io  0xc040-0xc04f]
[    1.809095] pci 0000:00:01.1: legacy IDE quirk: reg 0x10: [io  0x01f0-0x01f7]
[    1.809705] pci 0000:00:01.1: legacy IDE quirk: reg 0x14: [io  0x03f6]
[    1.810264] pci 0000:00:01.1: legacy IDE quirk: reg 0x18: [io  0x0170-0x0177]
[    1.810631] pci 0000:00:01.1: legacy IDE quirk: reg 0x1c: [io  0x0376]
[    1.811713] pci 0000:00:01.3: [8086:7113] type 00 class 0x068000
[    1.812671] pci 0000:00:01.3: quirk: [io  0x0600-0x063f] claimed by PIIX4 ACPI
[    1.813299] pci 0000:00:01.3: quirk: [io  0x0700-0x070f] claimed by PIIX4 SMB
[    1.814367] pci 0000:00:02.0: [1234:1111] type 00 class 0x030000
[    1.818572] pci 0000:00:02.0: reg 0x10: [mem 0xfd000000-0xfdffffff pref]
[    1.820276] pci 0000:00:02.0: reg 0x18: [mem 0xfebf0000-0xfebf0fff]
[    1.823932] pci 0000:00:02.0: reg 0x30: [mem 0xfebe0000-0xfebeffff pref]
[    1.824907] pci 0000:00:02.0: Video device with shadowed ROM at [mem 0x000c0000-0x000dffff]
[    1.836800] pci 0000:00:03.0: [8086:100e] type 00 class 0x020000
[    1.838349] pci 0000:00:03.0: reg 0x10: [mem 0xfebc0000-0xfebdffff]
[    1.839172] pci 0000:00:03.0: reg 0x14: [io  0xc000-0xc03f]
[    1.842433] pci 0000:00:03.0: reg 0x30: [mem 0xfeb80000-0xfebbffff pref]
[    1.865154] ACPI: PCI: Interrupt link LNKA configured for IRQ 10
[    1.866834] ACPI: PCI: Interrupt link LNKB configured for IRQ 10
[    1.868370] ACPI: PCI: Interrupt link LNKC configured for IRQ 11
[    1.869901] ACPI: PCI: Interrupt link LNKD configured for IRQ 11
[    1.870861] ACPI: PCI: Interrupt link LNKS configured for IRQ 9
[    1.874834] iommu: Default domain type: Translated 
[    1.875290] iommu: DMA domain TLB invalidation policy: lazy mode 
[    1.878803] SCSI subsystem initialized
[    1.879866] ACPI: bus type USB registered
[    1.880425] usbcore: registered new interface driver usbfs
[    1.881054] usbcore: registered new interface driver hub
[    1.881595] usbcore: registered new device driver usb
[    1.882332] pps_core: LinuxPPS API ver. 1 registered
[    1.882633] pps_core: Software ver. 5.3.6 - Copyright 2005-2007 Rodolfo Giometti <giometti@linux.it>
[    1.883484] PTP clock support registered
[    1.884181] EDAC MC: Ver: 3.0.0
[    1.888212] NetLabel: Initializing
[    1.888549] NetLabel:  domain hash size = 128
[    1.888931] NetLabel:  protocols = UNLABELED CIPSOv4 CALIPSO
[    1.889623] NetLabel:  unlabeled traffic allowed by default
[    1.923160] PCI: Using ACPI for IRQ routing
[    1.924044] pci 0000:00:02.0: vgaarb: setting as boot VGA device
[    1.924592] pci 0000:00:02.0: vgaarb: bridge control possible
[    1.925089] pci 0000:00:02.0: vgaarb: VGA device added: decodes=io+mem,owns=io+mem,locks=none
[    1.925827] vgaarb: loaded
[    1.926879] hpet0: at MMIO 0xfed00000, IRQs 2, 8, 0
[    1.927334] hpet0: 3 comparators, 64-bit 100.000000 MHz counter
[    4.505974] clocksource: Switched to clocksource kvm-clock
[    4.788520] VFS: Disk quotas dquot_6.6.0
[    4.789031] VFS: Dquot-cache hash table entries: 512 (order 0, 4096 bytes)
[    4.790305] pnp: PnP ACPI init
[    4.794936] pnp: PnP ACPI: found 6 devices
[    4.813666] clocksource: acpi_pm: mask: 0xffffff max_cycles: 0xffffff, max_idle_ns: 2085701024 ns
[    4.815099] NET: Registered PF_INET protocol family
[    4.815869] IP idents hash table entries: 32768 (order: 6, 262144 bytes, linear)
[    4.818152] tcp_listen_portaddr_hash hash table entries: 1024 (order: 4, 73728 bytes, linear)
[    4.818994] Table-perturb hash table entries: 65536 (order: 6, 262144 bytes, linear)
[    4.819789] TCP established hash table entries: 16384 (order: 5, 131072 bytes, linear)
[    4.821179] TCP bind hash table entries: 16384 (order: 9, 2359296 bytes, linear)
[    4.824648] TCP: Hash tables configured (established 16384 bind 16384)
[    4.825504] UDP hash table entries: 1024 (order: 5, 163840 bytes, linear)
[    4.826256] UDP-Lite hash table entries: 1024 (order: 5, 163840 bytes, linear)
[    4.827345] NET: Registered PF_UNIX/PF_LOCAL protocol family
[    4.829586] RPC: Registered named UNIX socket transport module.
[    4.830196] RPC: Registered udp transport module.
[    4.830600] RPC: Registered tcp transport module.
[    4.831028] RPC: Registered tcp NFSv4.1 backchannel transport module.
[    4.831622] pci_bus 0000:00: resource 4 [io  0x0000-0x0cf7 window]
[    4.832158] pci_bus 0000:00: resource 5 [io  0x0d00-0xffff window]
[    4.832693] pci_bus 0000:00: resource 6 [mem 0x000a0000-0x000bffff window]
[    4.833284] pci_bus 0000:00: resource 7 [mem 0x80000000-0xfebfffff window]
[    4.833873] pci_bus 0000:00: resource 8 [mem 0x100000000-0x17fffffff window]
[    4.834927] pci 0000:00:01.0: PIIX3: Enabling Passive Release
[    4.835436] pci 0000:00:00.0: Limiting direct PCI/PCI transfers
[    4.836072] PCI: CLS 0 bytes, default 64
[    4.836522] ACPI: bus type thunderbolt registered
[    4.837467] clocksource: tsc: mask: 0xffffffffffffffff max_cycles: 0x1128af0325d, max_idle_ns: 440795261011 ns
[    4.846354] Initialise system trusted keyrings
[    4.846991] Key type blacklist registered
[    4.847997] workingset: timestamp_bits=36 max_order=19 bucket_order=0
[    4.872380] zbud: loaded
[    4.878660] squashfs: version 4.0 (2009/01/31) Phillip Lougher
[    4.884089] NFS: Registering the id_resolver key type
[    4.884576] Key type id_resolver registered
[    4.884939] Key type id_legacy registered
[    4.885522] nfs4filelayout_init: NFSv4 File Layout Driver Registering...
[    4.886137] nfs4flexfilelayout_init: NFSv4 Flexfile Layout Driver Registering...
[    4.887050] fuse: init (API version 7.37)
[    4.888027] SGI XFS with ACLs, security attributes, realtime, quota, no debug enabled
[    4.896049] 9p: Installing v9fs 9p2000 file system support
[    4.905309] Key type asymmetric registered
[    4.905673] Asymmetric key parser 'x509' registered
[    4.909838] alg: self-tests for CTR-KDF (hmac(sha256)) passed
[    4.910484] Block layer SCSI generic (bsg) driver version 0.4 loaded (major 243)
[    4.911664] io scheduler mq-deadline registered
[    4.912466] io scheduler bfq registered
[    4.915649] shpchp: Standard Hot Plug PCI Controller Driver version: 0.4
[    4.917114] IPMI message handler: version 39.2
[    4.917596] ipmi device interface
[    4.920622] input: Power Button as /devices/LNXSYSTM:00/LNXPWRBN:00/input/input0
[    4.921724] ACPI: button: Power Button [PWRF]
[    4.924084] ERST DBG: ERST support is disabled.
[    4.926214] Serial: 8250/16550 driver, 32 ports, IRQ sharing enabled
[    4.927608] 00:04: ttyS0 at I/O 0x3f8 (irq = 4, base_baud = 115200) is a 16550A
[    4.946698] Linux agpgart interface v0.103
[    4.948901] ACPI: bus type drm_connector registered
[    4.973120] brd: module loaded
[    4.987144] loop: module loaded
[    4.999682] scsi host0: ata_piix
[    5.029654] scsi host1: ata_piix
[    5.030402] ata1: PATA max MWDMA2 cmd 0x1f0 ctl 0x3f6 bmdma 0xc040 irq 14
[    5.031012] ata2: PATA max MWDMA2 cmd 0x170 ctl 0x376 bmdma 0xc048 irq 15
[    5.034685] tun: Universal TUN/TAP device driver, 1.6
[    5.035512] e100: Intel(R) PRO/100 Network Driver
[    5.035920] e100: Copyright(c) 1999-2006 Intel Corporation
[    5.036490] e1000: Intel(R) PRO/1000 Network Driver
[    5.036949] e1000: Copyright (c) 1999-2006 Intel Corporation.
[    5.190809] ata2: found unknown device (class 0)
[    5.191622] ata1: found unknown device (class 0)
[    5.192602] ata1.00: ATA-7: QEMU HARDDISK, 2.5+, max UDMA/100
[    5.193102] ata1.00: 16777216 sectors, multi 16: LBA48 
[    5.193978] ata2.00: ATAPI: QEMU DVD-ROM, 2.5+, max UDMA/100
[    5.196088] scsi 0:0:0:0: Direct-Access     ATA      QEMU HARDDISK    2.5+ PQ: 0 ANSI: 5
[    5.198599] scsi 0:0:0:0: Attached scsi generic sg0 type 0
[    5.200014] scsi 1:0:0:0: CD-ROM            QEMU     QEMU DVD-ROM     2.5+ PQ: 0 ANSI: 5
[    5.200298] sd 0:0:0:0: [sda] 16777216 512-byte logical blocks: (8.59 GB/8.00 GiB)
[    5.201508] sd 0:0:0:0: [sda] Write Protect is off
[    5.202057] sd 0:0:0:0: [sda] Write cache: enabled, read cache: enabled, doesn't support DPO or FUA
[    5.202949] sd 0:0:0:0: [sda] Preferred minimum I/O size 512 bytes
[    5.225541] sd 0:0:0:0: [sda] Attached SCSI disk
[    5.236422] scsi 1:0:0:0: Attached scsi generic sg1 type 5
[    5.806567] ACPI: \_SB_.LNKC: Enabled at IRQ 11
[    6.139574] e1000 0000:00:03.0 eth0: (PCI:33MHz:32-bit) 52:54:00:12:34:56
[    6.140271] e1000 0000:00:03.0 eth0: Intel(R) PRO/1000 Network Connection
[    6.141110] e1000e: Intel(R) PRO/1000 Network Driver
[    6.141537] e1000e: Copyright(c) 1999 - 2015 Intel Corporation.
[    6.142183] igb: Intel(R) Gigabit Ethernet Network Driver
[    6.142665] igb: Copyright (c) 2007-2014 Intel Corporation.
[    6.143403] PPP generic driver version 2.4.2
[    6.145189] VFIO - User Level meta-driver version: 0.3
[    6.147079] usbcore: registered new interface driver uas
[    6.147653] usbcore: registered new interface driver usb-storage
[    6.148476] i8042: PNP: PS/2 Controller [PNP0303:KBD,PNP0f13:MOU] at 0x60,0x64 irq 1,12
[    6.150365] serio: i8042 KBD port at 0x60,0x64 irq 1
[    6.150891] serio: i8042 AUX port at 0x60,0x64 irq 12
[    6.153090] mousedev: PS/2 mouse device common for all mice
[    6.155136] input: AT Translated Set 2 keyboard as /devices/platform/i8042/serio0/input/input1
[    6.157658] input: VirtualPS/2 VMware VMMouse as /devices/platform/i8042/serio1/input/input4
[    6.159164] rtc_cmos 00:05: RTC can wake from S4
[    6.160843] input: VirtualPS/2 VMware VMMouse as /devices/platform/i8042/serio1/input/input3
[    6.162462] rtc_cmos 00:05: registered as rtc0
[    6.162965] rtc_cmos 00:05: setting system clock to 2023-02-07T21:58:38 UTC (1675807118)
[    6.163966] rtc_cmos 00:05: alarms up to one day, y3k, 242 bytes nvram, hpet irqs
[    6.164728] i2c_dev: i2c /dev entries driver
[    6.165492] device-mapper: core: CONFIG_IMA_DISABLE_HTABLE is disabled. Duplicate IMA measurements will not be recorded in the IMA log.
[    6.166879] device-mapper: uevent: version 1.0.3
[    6.168198] device-mapper: ioctl: 4.47.0-ioctl (2022-07-28) initialised: dm-devel@redhat.com
[    6.168945] intel_pstate: CPU model not supported
[    6.169610] sdhci: Secure Digital Host Controller Interface driver
[    6.170142] sdhci: Copyright(c) Pierre Ossman
[    6.170695] sdhci-pltfm: SDHCI platform and OF driver helper
[    6.171280] ledtrig-cpu: registered to indicate activity on CPUs
[    6.172521] drop_monitor: Initializing network drop monitor service
[    6.174491] NET: Registered PF_INET6 protocol family
[    6.179940] Segment Routing with IPv6
[    6.180336] In-situ OAM (IOAM) with IPv6
[    6.180768] NET: Registered PF_PACKET protocol family
[    6.181747] 9pnet: Installing 9P2000 support
[    6.182245] Key type dns_resolver registered
[    6.184607] IPI shorthand broadcast: enabled
[    6.185118] sched_clock: Marking stable (6170632346, 13582690)->(6250263444, -66048408)
[    6.187350] registered taskstats version 1
[    6.188207] Loading compiled-in X.509 certificates
[    6.189533] zswap: loaded using pool lzo/zbud
[    6.192364] Key type .fscrypt registered
[    6.192722] Key type fscrypt-provisioning registered
[    6.195355] Key type encrypted registered
[    6.195801] ima: No TPM chip found, activating TPM-bypass!
[    6.196291] ima: Allocated hash algorithm: sha1
[    6.196773] ima: No architecture policies found
[    6.197308] evm: Initialising EVM extended attributes:
[    6.197745] evm: security.selinux
[    6.198034] evm: security.SMACK64
[    6.198330] evm: security.SMACK64EXEC
[    6.198675] evm: security.SMACK64TRANSMUTE
[    6.199034] evm: security.SMACK64MMAP
[    6.199355] evm: security.apparmor
[    6.199654] evm: security.ima
[    6.199917] evm: security.capability
[    6.200228] evm: HMAC attrs: 0x1
[    6.208793] PM:   Magic number: 11:172:1005
[    6.210082] RAS: Correctable Errors collector initialized.
[    6.212271] md: Waiting for all devices to be available before autodetect
[    6.212655] md: If you don't use raid, use raid=noautodetect
[    6.212977] md: Autodetecting RAID arrays.
[    6.213221] md: autorun ...
[    6.213391] md: ... autorun DONE.
[    6.234139] EXT4-fs (sda): mounted filesystem with ordered data mode. Quota mode: none.
[    6.234836] VFS: Mounted root (ext4 filesystem) readonly on device 8:0.
[    6.240157] devtmpfs: mounted
[    6.259838] Freeing unused decrypted memory: 2036K
[    6.262982] Freeing unused kernel image (initmem) memory: 4572K
[    6.263378] Write protecting the kernel read-only data: 83968k
[    6.267185] Freeing unused kernel image (text/rodata gap) memory: 2028K
[    6.267981] Freeing unused kernel image (rodata/data gap) memory: 316K
[    6.381757] x86/mm: Checked W+X mappings: passed, no W+X pages found.
[    6.382197] Run /sbin/init as init process
[    6.588767] systemd[1]: RTC configured in localtime, applying delta of 0 minutes to system time.
[    6.648986] systemd[1]: systemd 239 (239-49.el8) running in system mode. (+PAM +AUDIT +SELINUX +IMA -APPARMOR +SMACK +SYSVINIT +UTMP +LIBCRYPTSETUP +GCRYPT +GNUTLS +ACL +XZ +LZ4 +SECCOMP +BLKID +ELFUTILS +KMOD +IDN2 -IDN +PCRE2 default-hierarchy=legacy)
[    6.650728] systemd[1]: Detected virtualization kvm.
[    6.651038] systemd[1]: Detected architecture x86-64.

Welcome to [0;31mCentOS Stream 8[0m!

[    6.715392] systemd[1]: Set hostname to <test>.
[    7.344860] systemd[1]: Listening on Process Core Dump Socket.
[[0;32m  OK  [0m] Listening on Process Core Dump Socket.
[    7.347281] systemd[1]: Listening on udev Control Socket.
[[0;32m  OK  [0m] Listening on udev Control Socket.
[    7.348593] systemd[1]: Listening on initctl Compatibility Named Pipe.
[[0;32m  OK  [0m] Listening on initctl Compatibility Named Pipe.
[    7.350060] systemd[1]: Listening on udev Kernel Socket.
[[0;32m  OK  [0m] Listening on udev Kernel Socket.
[    7.357462] systemd[1]: Created slice system-getty.slice.
[[0;32m  OK  [0m] Created slice system-getty.slice.
[    7.360141] systemd[1]: Created slice User and Session Slice.
[[0;32m  OK  [0m] Created slice User and Session Slice.
[[0;32m  OK  [0m] Listening on Journal Socket.
         Starting Remount Root and Kernel File Systems...
         Mounting POSIX Message Queue File System...
         Mounting Kernel Debug File System...
[[0;32m  OK  [0m] Listening on LVM2 poll daemon socket.
[[0;32m  OK  [0m] Listening on RPCbind Server Activation Socket.
[[0;32m  OK  [0m] Reached target RPC Port Mapper.
         Starting Setup Virtual Console...
[[0;32m  OK  [0m] Created slice system-sshd\x2dkeygen.slice.
[[0;32m  OK  [0m] Set up automount Arbitrary Executabâ€¦rmats File System Automount Point.
[[0;32m  OK  [0m] Reached target Swap.
[[0;32m  OK  [0m] Created slice system-serial\x2dgetty.slice.
         Mounting Huge Pages File System...
         Starting udev Coldplug all Devices...
[[0;32m  OK  [0m] Reached target Slices.
[[0;32m  OK  [0m] Started Forward Password Requests to Wall Directory Watch.
[[0;32m  OK  [0m] Listening on Device-mapper event daemon FIFOs.
         Starting Monitoring of LVM2 mirrorsâ€¦ng dmeventd or progress polling...
[[0;32m  OK  [0m] Listening on multipathd control socket.
[[0;32m  OK  [0m] Listening on Journal Socket (/dev/log).
         Starting Journal Service...
         Starting Load Kernel Modules...
[[0;32m  OK  [0m] Mounted POSIX Message Queue File System.
[[0;32m  OK  [0m] Mounted Kernel Debug File System.
[[0;32m  OK  [0m] Mounted Huge Pages File System.
[[0;1;31mFAILED[0m] Failed to start Load Kernel Modules.
See 'systemctl status systemd-modules-load.service' for details.
         Mounting FUSE Control File System...
         Mounting Kernel Configuration File System...
[    7.952128] EXT4-fs (sda): re-mounted. Quota mode: none.
         Starting Apply Kernel Variables...
[[0;32m  OK  [0m] Started Remount Root and Kernel File Systems.
[[0;32m  OK  [0m] Started Journal Service.
[[0;32m  OK  [0m] Mounted FUSE Control File System.
[[0;32m  OK  [0m] Mounted Kernel Configuration File System.
         Starting Load/Save Random Seed...
         Starting Create Static Device Nodes in /dev...
         Starting Flush Journal to Persistent Storage...
[[0;32m  OK  [0m] Started Setup Virtual Console.
[[0;32m  OK  [0m] Started Apply Kernel Variables.
[[0;32m  OK  [0m] Started Load/Save Random Seed.
[[0;32m  OK  [0m] Started Create Static Device Nodes in /dev.
         Starting udev Kernel Device Manager...
[[0;32m  OK  [0m] Started Flush Journal to Persistent Storage.
[[0;32m  OK  [0m] Started udev Kernel Device Manager.
[[0;32m  OK  [0m] Started udev Coldplug all Devices.
         Starting Show Plymouth Boot Screen...
         Starting udev Wait for Complete Device Initialization...
[[0;32m  OK  [0m] Started Show Plymouth Boot Screen.
[[0;32m  OK  [0m] Started Forward Password Requests to Plymouth Directory Watch.
[[0;32m  OK  [0m] Reached target Local Encrypted Volumes.
[[0;32m  OK  [0m] Reached target Paths.
[[0;32m  OK  [0m] Started Monitoring of LVM2 mirrors,â€¦sing dmeventd or progress polling.
[[0;32m  OK  [0m] Found device /dev/ttyS0.
[[0;32m  OK  [0m] Started udev Wait for Complete Device Initialization.
[[0;32m  OK  [0m] Listening on Load/Save RF Kill Switch Status /dev/rfkill Watch.
[[0;32m  OK  [0m] Reached target Local File Systems (Pre).
[[0;32m  OK  [0m] Reached target Local File Systems.
         Starting Tell Plymouth To Write Out Runtime Data...
         Starting Restore /run/initramfs on shutdown...
         Starting Create Volatile Files and Directories...
[[0;32m  OK  [0m] Started Tell Plymouth To Write Out Runtime Data.
[[0;32m  OK  [0m] Started Restore /run/initramfs on shutdown.
[[0;32m  OK  [0m] Started Create Volatile Files and Directories.
         Mounting RPC Pipe File System...
         Starting RPC Bind...
         Starting Security Auditing Service...
[[0;32m  OK  [0m] Mounted RPC Pipe File System.
[[0;32m  OK  [0m] Reached target rpc_pipefs.target.
[[0;32m  OK  [0m] Started RPC Bind.
[[0;32m  OK  [0m] Started Security Auditing Service.
         Starting Update UTMP about System Boot/Shutdown...
[[0;32m  OK  [0m] Started Update UTMP about System Boot/Shutdown.
[[0;32m  OK  [0m] Reached target System Initialization.
[[0;32m  OK  [0m] Listening on SSSD Kerberos Cache Manager responder socket.
[[0;32m  OK  [0m] Started daily update of the root trust anchor for DNSSEC.
[[0;32m  OK  [0m] Started Daily Cleanup of Temporary Directories.
[[0;32m  OK  [0m] Started dnf makecache --timer.
[[0;32m  OK  [0m] Reached target Timers.
[[0;32m  OK  [0m] Listening on D-Bus System Message Bus Socket.
[[0;32m  OK  [0m] Reached target Sockets.
[[0;32m  OK  [0m] Reached target Basic System.
[[0;32m  OK  [0m] Started D-Bus System Message Bus.
         Starting Network Manager...
         Starting Self Monitoring and Reporting Technology (SMART) Daemon...
[[0;32m  OK  [0m] Started Machine Check Exception Logging Daemon.
         Starting NTP client/server...
[[0;32m  OK  [0m] Started irqbalance daemon.
[[0;32m  OK  [0m] Reached target sshd-keygen.target.
         Starting Login Service...
         Starting Authorization Manager...
         Starting Auto-connect to subsystemsâ€¦-NVME devices found during boot...
[[0;32m  OK  [0m] Started Self Monitoring and Reporting Technology (SMART) Daemon.
[[0;32m  OK  [0m] Started Auto-connect to subsystems â€¦FC-NVME devices found during boot.
         Starting update of the root trust aâ€¦or DNSSEC validation in unbound...
[[0;32m  OK  [0m] Started Network Manager.
[[0;32m  OK  [0m] Reached target Network.
         Starting Dynamic System Tuning Daemon...
         Starting OpenSSH server daemon...
         Starting GSSAPI Proxy Daemon...
         Starting Network Manager Wait Online...
[[0;32m  OK  [0m] Started NTP client/server.
[[0;32m  OK  [0m] Started Login Service.
         Starting Hostname Service...
[[0;32m  OK  [0m] Started OpenSSH server daemon.
[[0;32m  OK  [0m] Started GSSAPI Proxy Daemon.
[[0;32m  OK  [0m] Reached target NFS client services.
[[0;32m  OK  [0m] Reached target Remote File Systems (Pre).
[[0;32m  OK  [0m] Reached target Remote File Systems.
         Starting Permit User Sessions...
[[0;32m  OK  [0m] Started update of the root trust anâ€¦ for DNSSEC validation in unbound.
[[0;32m  OK  [0m] Started Authorization Manager.
[[0;32m  OK  [0m] Started Permit User Sessions.
         Starting Terminate Plymouth Boot Screen...
[[0;32m  OK  [0m] Started Command Scheduler.
         Starting Hold until boot process finishes up...
[[0;32m  OK  [0m] Started Terminate Plymouth Boot Screen.
[[0;32m  OK  [0m] Started Hold until boot process finishes up.
[   12.438967] e1000: eth0 NIC Link is Up 1000 Mbps Full Duplex, Flow Control: RX
[   12.439960] IPv6: ADDRCONF(NETDEV_CHANGE): eth0: link becomes ready
[   12.749139] Spectre V2 : WARNING: Unprivileged eBPF is enabled with eIBRS on, data leaks possible via Spectre v2 BHB attacks!
[   12.749871] Spectre V2 : WARNING: Unprivileged eBPF is enabled with eIBRS on, data leaks possible via Spectre v2 BHB attacks!

CentOS Stream 8
Kernel 6.1.0-rc6-40eb28dc17f8+ on an x86_64

test login: [   29.807607] Huh VM_FAULT_OOM leaked out to the #PF handler. Retrying PF
[   29.811444] Huh VM_FAULT_OOM leaked out to the #PF handler. Retrying PF
[   29.814996] Huh VM_FAULT_OOM leaked out to the #PF handler. Retrying PF
[   29.819616] Huh VM_FAULT_OOM leaked out to the #PF handler. Retrying PF
[   29.823666] Huh VM_FAULT_OOM leaked out to the #PF handler. Retrying PF
[   29.828044] Huh VM_FAULT_OOM leaked out to the #PF handler. Retrying PF
[   29.832429] Huh VM_FAULT_OOM leaked out to the #PF handler. Retrying PF
[   29.836898] Huh VM_FAULT_OOM leaked out to the #PF handler. Retrying PF
[   29.841197] Huh VM_FAULT_OOM leaked out to the #PF handler. Retrying PF
[   29.845486] Huh VM_FAULT_OOM leaked out to the #PF handler. Retrying PF
[   34.812496] pagefault_out_of_memory: 1386 callbacks suppressed
[   34.812508] Huh VM_FAULT_OOM leaked out to the #PF handler. Retrying PF
[   34.817129] Huh VM_FAULT_OOM leaked out to the #PF handler. Retrying PF
[   34.821317] Huh VM_FAULT_OOM leaked out to the #PF handler. Retrying PF
[   34.825564] Huh VM_FAULT_OOM leaked out to the #PF handler. Retrying PF
[   34.829656] Huh VM_FAULT_OOM leaked out to the #PF handler. Retrying PF
[   34.833882] Huh VM_FAULT_OOM leaked out to the #PF handler. Retrying PF
[   34.838501] Huh VM_FAULT_OOM leaked out to the #PF handler. Retrying PF
[   34.842565] Huh VM_FAULT_OOM leaked out to the #PF handler. Retrying PF
[   34.846923] Huh VM_FAULT_OOM leaked out to the #PF handler. Retrying PF
[   34.851398] Huh VM_FAULT_OOM leaked out to the #PF handler. Retrying PF
[   39.815345] pagefault_out_of_memory: 1194 callbacks suppressed
[   39.815357] Huh VM_FAULT_OOM leaked out to the #PF handler. Retrying PF
[   39.819534] Huh VM_FAULT_OOM leaked out to the #PF handler. Retrying PF
[   39.824343] Huh VM_FAULT_OOM leaked out to the #PF handler. Retrying PF
[   39.829032] Huh VM_FAULT_OOM leaked out to the #PF handler. Retrying PF
[   39.833669] Huh VM_FAULT_OOM leaked out to the #PF handler. Retrying PF
[   39.837635] Huh VM_FAULT_OOM leaked out to the #PF handler. Retrying PF
[   39.841615] Huh VM_FAULT_OOM leaked out to the #PF handler. Retrying PF
[   39.845782] Huh VM_FAULT_OOM leaked out to the #PF handler. Retrying PF
[   39.849926] Huh VM_FAULT_OOM leaked out to the #PF handler. Retrying PF
[   39.853840] Huh VM_FAULT_OOM leaked out to the #PF handler. Retrying PF
[   44.820722] pagefault_out_of_memory: 1155 callbacks suppressed
[   44.820735] Huh VM_FAULT_OOM leaked out to the #PF handler. Retrying PF
[   44.825553] Huh VM_FAULT_OOM leaked out to the #PF handler. Retrying PF
[   44.829587] Huh VM_FAULT_OOM leaked out to the #PF handler. Retrying PF
[   44.833849] Huh VM_FAULT_OOM leaked out to the #PF handler. Retrying PF
[   44.838164] Huh VM_FAULT_OOM leaked out to the #PF handler. Retrying PF
[   44.842691] Huh VM_FAULT_OOM leaked out to the #PF handler. Retrying PF
[   44.846982] Huh VM_FAULT_OOM leaked out to the #PF handler. Retrying PF
[   44.851135] Huh VM_FAULT_OOM leaked out to the #PF handler. Retrying PF
[   44.855457] Huh VM_FAULT_OOM leaked out to the #PF handler. Retrying PF
[   44.859948] Huh VM_FAULT_OOM leaked out to the #PF handler. Retrying PF
[   49.823232] pagefault_out_of_memory: 1332 callbacks suppressed
[   49.823244] Huh VM_FAULT_OOM leaked out to the #PF handler. Retrying PF
[   49.827663] Huh VM_FAULT_OOM leaked out to the #PF handler. Retrying PF
[   49.832070] Huh VM_FAULT_OOM leaked out to the #PF handler. Retrying PF
[   49.836497] Huh VM_FAULT_OOM leaked out to the #PF handler. Retrying PF
[   49.841106] Huh VM_FAULT_OOM leaked out to the #PF handler. Retrying PF
[   49.845415] Huh VM_FAULT_OOM leaked out to the #PF handler. Retrying PF
[   49.849563] Huh VM_FAULT_OOM leaked out to the #PF handler. Retrying PF
[   49.853593] Huh VM_FAULT_OOM leaked out to the #PF handler. Retrying PF
[   49.857639] Huh VM_FAULT_OOM leaked out to the #PF handler. Retrying PF
[   49.861801] Huh VM_FAULT_OOM leaked out to the #PF handler. Retrying PF
[   54.830044] pagefault_out_of_memory: 1210 callbacks suppressed
[   54.830057] Huh VM_FAULT_OOM leaked out to the #PF handler. Retrying PF
[   54.835587] Huh VM_FAULT_OOM leaked out to the #PF handler. Retrying PF
[   54.839940] Huh VM_FAULT_OOM leaked out to the #PF handler. Retrying PF
[   54.844448] Huh VM_FAULT_OOM leaked out to the #PF handler. Retrying PF
[   54.848934] Huh VM_FAULT_OOM leaked out to the #PF handler. Retrying PF
[   54.853445] Huh VM_FAULT_OOM leaked out to the #PF handler. Retrying PF
[   54.857816] Huh VM_FAULT_OOM leaked out to the #PF handler. Retrying PF
[   54.862357] Huh VM_FAULT_OOM leaked out to the #PF handler. Retrying PF
[   54.866826] Huh VM_FAULT_OOM leaked out to the #PF handler. Retrying PF
[   54.871008] Huh VM_FAULT_OOM leaked out to the #PF handler. Retrying PF
[   59.831297] pagefault_out_of_memory: 1157 callbacks suppressed
[   59.831309] Huh VM_FAULT_OOM leaked out to the #PF handler. Retrying PF
[   59.835602] Huh VM_FAULT_OOM leaked out to the #PF handler. Retrying PF
[   59.840041] Huh VM_FAULT_OOM leaked out to the #PF handler. Retrying PF
[   59.844610] Huh VM_FAULT_OOM leaked out to the #PF handler. Retrying PF
[   59.849095] Huh VM_FAULT_OOM leaked out to the #PF handler. Retrying PF
[   59.853488] Huh VM_FAULT_OOM leaked out to the #PF handler. Retrying PF
[   59.857927] Huh VM_FAULT_OOM leaked out to the #PF handler. Retrying PF
[   59.862275] Huh VM_FAULT_OOM leaked out to the #PF handler. Retrying PF
[   59.866529] Huh VM_FAULT_OOM leaked out to the #PF handler. Retrying PF
[   59.871062] Huh VM_FAULT_OOM leaked out to the #PF handler. Retrying PF
[   64.836408] pagefault_out_of_memory: 1317 callbacks suppressed
[   64.836421] Huh VM_FAULT_OOM leaked out to the #PF handler. Retrying PF
[   64.841340] Huh VM_FAULT_OOM leaked out to the #PF handler. Retrying PF
[   64.845240] Huh VM_FAULT_OOM leaked out to the #PF handler. Retrying PF
[   64.849385] Huh VM_FAULT_OOM leaked out to the #PF handler. Retrying PF
[   64.853257] Huh VM_FAULT_OOM leaked out to the #PF handler. Retrying PF
[   64.857167] Huh VM_FAULT_OOM leaked out to the #PF handler. Retrying PF
[   64.861711] Huh VM_FAULT_OOM leaked out to the #PF handler. Retrying PF
[   64.865651] Huh VM_FAULT_OOM leaked out to the #PF handler. Retrying PF
[   64.869447] Huh VM_FAULT_OOM leaked out to the #PF handler. Retrying PF
[   64.873174] Huh VM_FAULT_OOM leaked out to the #PF handler. Retrying PF
[   69.839752] pagefault_out_of_memory: 1246 callbacks suppressed
[   69.839763] Huh VM_FAULT_OOM leaked out to the #PF handler. Retrying PF
[   69.843438] Huh VM_FAULT_OOM leaked out to the #PF handler. Retrying PF
[   69.847512] Huh VM_FAULT_OOM leaked out to the #PF handler. Retrying PF
[   69.851349] Huh VM_FAULT_OOM leaked out to the #PF handler. Retrying PF
[   69.855503] Huh VM_FAULT_OOM leaked out to the #PF handler. Retrying PF
[   69.859337] Huh VM_FAULT_OOM leaked out to the #PF handler. Retrying PF
[   69.863234] Huh VM_FAULT_OOM leaked out to the #PF handler. Retrying PF
[   69.867258] Huh VM_FAULT_OOM leaked out to the #PF handler. Retrying PF
[   69.871381] Huh VM_FAULT_OOM leaked out to the #PF handler. Retrying PF
[   69.875341] Huh VM_FAULT_OOM leaked out to the #PF handler. Retrying PF
[   74.845644] pagefault_out_of_memory: 1365 callbacks suppressed
[   74.845657] Huh VM_FAULT_OOM leaked out to the #PF handler. Retrying PF
[   74.851020] Huh VM_FAULT_OOM leaked out to the #PF handler. Retrying PF
[   74.855545] Huh VM_FAULT_OOM leaked out to the #PF handler. Retrying PF
[   74.859934] Huh VM_FAULT_OOM leaked out to the #PF handler. Retrying PF
[   74.863888] Huh VM_FAULT_OOM leaked out to the #PF handler. Retrying PF
[   74.867848] Huh VM_FAULT_OOM leaked out to the #PF handler. Retrying PF
[   74.872327] Huh VM_FAULT_OOM leaked out to the #PF handler. Retrying PF
[   74.876815] Huh VM_FAULT_OOM leaked out to the #PF handler. Retrying PF
[   74.881492] Huh VM_FAULT_OOM leaked out to the #PF handler. Retrying PF
[   74.885689] Huh VM_FAULT_OOM leaked out to the #PF handler. Retrying PF
[   79.848230] pagefault_out_of_memory: 1173 callbacks suppressed
[   79.848242] Huh VM_FAULT_OOM leaked out to the #PF handler. Retrying PF
[   79.852500] Huh VM_FAULT_OOM leaked out to the #PF handler. Retrying PF
[   79.857367] Huh VM_FAULT_OOM leaked out to the #PF handler. Retrying PF
[   79.861493] Huh VM_FAULT_OOM leaked out to the #PF handler. Retrying PF
[   79.865417] Huh VM_FAULT_OOM leaked out to the #PF handler. Retrying PF
[   79.869420] Huh VM_FAULT_OOM leaked out to the #PF handler. Retrying PF
[   79.873574] Huh VM_FAULT_OOM leaked out to the #PF handler. Retrying PF
[   79.877710] Huh VM_FAULT_OOM leaked out to the #PF handler. Retrying PF
[   79.881905] Huh VM_FAULT_OOM leaked out to the #PF handler. Retrying PF
[   79.886023] Huh VM_FAULT_OOM leaked out to the #PF handler. Retrying PF
[   84.851614] pagefault_out_of_memory: 1152 callbacks suppressed
[   84.851636] Huh VM_FAULT_OOM leaked out to the #PF handler. Retrying PF
[   84.856649] Huh VM_FAULT_OOM leaked out to the #PF handler. Retrying PF
[   84.861249] Huh VM_FAULT_OOM leaked out to the #PF handler. Retrying PF
[   84.865597] Huh VM_FAULT_OOM leaked out to the #PF handler. Retrying PF
[   84.869979] Huh VM_FAULT_OOM leaked out to the #PF handler. Retrying PF
[   84.874447] Huh VM_FAULT_OOM leaked out to the #PF handler. Retrying PF
[   84.878831] Huh VM_FAULT_OOM leaked out to the #PF handler. Retrying PF
[   84.883035] Huh VM_FAULT_OOM leaked out to the #PF handler. Retrying PF
[   84.887696] Huh VM_FAULT_OOM leaked out to the #PF handler. Retrying PF
[   84.891867] Huh VM_FAULT_OOM leaked out to the #PF handler. Retrying PF
[   89.858941] pagefault_out_of_memory: 1175 callbacks suppressed
[   89.858953] Huh VM_FAULT_OOM leaked out to the #PF handler. Retrying PF
[   89.863844] Huh VM_FAULT_OOM leaked out to the #PF handler. Retrying PF
[   89.867752] Huh VM_FAULT_OOM leaked out to the #PF handler. Retrying PF
[   89.872023] Huh VM_FAULT_OOM leaked out to the #PF handler. Retrying PF
[   89.875824] Huh VM_FAULT_OOM leaked out to the #PF handler. Retrying PF
[   89.879853] Huh VM_FAULT_OOM leaked out to the #PF handler. Retrying PF
[   89.883740] Huh VM_FAULT_OOM leaked out to the #PF handler. Retrying PF
[   89.887720] Huh VM_FAULT_OOM leaked out to the #PF handler. Retrying PF
[   89.891597] Huh VM_FAULT_OOM leaked out to the #PF handler. Retrying PF
[   89.895731] Huh VM_FAULT_OOM leaked out to the #PF handler. Retrying PF
[   94.863767] pagefault_out_of_memory: 1224 callbacks suppressed
[   94.863780] Huh VM_FAULT_OOM leaked out to the #PF handler. Retrying PF
[   94.868069] Huh VM_FAULT_OOM leaked out to the #PF handler. Retrying PF
[   94.872340] Huh VM_FAULT_OOM leaked out to the #PF handler. Retrying PF
[   94.875751] Huh VM_FAULT_OOM leaked out to the #PF handler. Retrying PF
[   94.880071] Huh VM_FAULT_OOM leaked out to the #PF handler. Retrying PF
[   94.883597] Huh VM_FAULT_OOM leaked out to the #PF handler. Retrying PF
[   94.887974] Huh VM_FAULT_OOM leaked out to the #PF handler. Retrying PF
[   94.892451] Huh VM_FAULT_OOM leaked out to the #PF handler. Retrying PF
[   94.896337] Huh VM_FAULT_OOM leaked out to the #PF handler. Retrying PF
[   94.900829] Huh VM_FAULT_OOM leaked out to the #PF handler. Retrying PF
[   99.867416] pagefault_out_of_memory: 1310 callbacks suppressed
[   99.867428] Huh VM_FAULT_OOM leaked out to the #PF handler. Retrying PF
[   99.872821] Huh VM_FAULT_OOM leaked out to the #PF handler. Retrying PF
[   99.877331] Huh VM_FAULT_OOM leaked out to the #PF handler. Retrying PF
[   99.881688] Huh VM_FAULT_OOM leaked out to the #PF handler. Retrying PF
[   99.885908] Huh VM_FAULT_OOM leaked out to the #PF handler. Retrying PF
[   99.890101] Huh VM_FAULT_OOM leaked out to the #PF handler. Retrying PF
[   99.894806] Huh VM_FAULT_OOM leaked out to the #PF handler. Retrying PF
[   99.899124] Huh VM_FAULT_OOM leaked out to the #PF handler. Retrying PF
[   99.903648] Huh VM_FAULT_OOM leaked out to the #PF handler. Retrying PF
[   99.907987] Huh VM_FAULT_OOM leaked out to the #PF handler. Retrying PF
[  104.873368] pagefault_out_of_memory: 1166 callbacks suppressed
[  104.873382] Huh VM_FAULT_OOM leaked out to the #PF handler. Retrying PF
[  104.879491] Huh VM_FAULT_OOM leaked out to the #PF handler. Retrying PF
[  104.883197] Huh VM_FAULT_OOM leaked out to the #PF handler. Retrying PF
[  104.887794] Huh VM_FAULT_OOM leaked out to the #PF handler. Retrying PF
[  104.892222] Huh VM_FAULT_OOM leaked out to the #PF handler. Retrying PF
[  104.896753] Huh VM_FAULT_OOM leaked out to the #PF handler. Retrying PF
[  104.901112] Huh VM_FAULT_OOM leaked out to the #PF handler. Retrying PF
[  104.905539] Huh VM_FAULT_OOM leaked out to the #PF handler. Retrying PF
[  104.909719] Huh VM_FAULT_OOM leaked out to the #PF handler. Retrying PF
[  104.914061] Huh VM_FAULT_OOM leaked out to the #PF handler. Retrying PF
[  109.874727] pagefault_out_of_memory: 1240 callbacks suppressed
[  109.874740] Huh VM_FAULT_OOM leaked out to the #PF handler. Retrying PF
[  109.879193] Huh VM_FAULT_OOM leaked out to the #PF handler. Retrying PF
[  109.883526] Huh VM_FAULT_OOM leaked out to the #PF handler. Retrying PF
[  109.887805] Huh VM_FAULT_OOM leaked out to the #PF handler. Retrying PF
[  109.892138] Huh VM_FAULT_OOM leaked out to the #PF handler. Retrying PF
[  109.896735] Huh VM_FAULT_OOM leaked out to the #PF handler. Retrying PF
[  109.901185] Huh VM_FAULT_OOM leaked out to the #PF handler. Retrying PF
[  109.905547] Huh VM_FAULT_OOM leaked out to the #PF handler. Retrying PF
[  109.910018] Huh VM_FAULT_OOM leaked out to the #PF handler. Retrying PF
[  109.914405] Huh VM_FAULT_OOM leaked out to the #PF handler. Retrying PF
[  114.879508] pagefault_out_of_memory: 1325 callbacks suppressed
[  114.879521] Huh VM_FAULT_OOM leaked out to the #PF handler. Retrying PF
[  114.883931] Huh VM_FAULT_OOM leaked out to the #PF handler. Retrying PF
[  114.889268] Huh VM_FAULT_OOM leaked out to the #PF handler. Retrying PF
[  114.893642] Huh VM_FAULT_OOM leaked out to the #PF handler. Retrying PF
[  114.897859] Huh VM_FAULT_OOM leaked out to the #PF handler. Retrying PF
[  114.902278] Huh VM_FAULT_OOM leaked out to the #PF handler. Retrying PF
[  114.906571] Huh VM_FAULT_OOM leaked out to the #PF handler. Retrying PF
[  114.911281] Huh VM_FAULT_OOM leaked out to the #PF handler. Retrying PF
[  114.915547] Huh VM_FAULT_OOM leaked out to the #PF handler. Retrying PF
[  114.920024] Huh VM_FAULT_OOM leaked out to the #PF handler. Retrying PF
[  119.883834] pagefault_out_of_memory: 1166 callbacks suppressed
[  119.883847] Huh VM_FAULT_OOM leaked out to the #PF handler. Retrying PF
[  119.888446] Huh VM_FAULT_OOM leaked out to the #PF handler. Retrying PF
[  119.892523] Huh VM_FAULT_OOM leaked out to the #PF handler. Retrying PF
[  119.897012] Huh VM_FAULT_OOM leaked out to the #PF handler. Retrying PF
[  119.901417] Huh VM_FAULT_OOM leaked out to the #PF handler. Retrying PF
[  119.905763] Huh VM_FAULT_OOM leaked out to the #PF handler. Retrying PF
[  119.910122] Huh VM_FAULT_OOM leaked out to the #PF handler. Retrying PF
[  119.914696] Huh VM_FAULT_OOM leaked out to the #PF handler. Retrying PF
[  119.919108] Huh VM_FAULT_OOM leaked out to the #PF handler. Retrying PF
[  119.923600] Huh VM_FAULT_OOM leaked out to the #PF handler. Retrying PF
[  124.888272] pagefault_out_of_memory: 1164 callbacks suppressed
[  124.888299] Huh VM_FAULT_OOM leaked out to the #PF handler. Retrying PF
[  124.893424] Huh VM_FAULT_OOM leaked out to the #PF handler. Retrying PF
[  124.897745] Huh VM_FAULT_OOM leaked out to the #PF handler. Retrying PF
[  124.902061] Huh VM_FAULT_OOM leaked out to the #PF handler. Retrying PF
[  124.906826] Huh VM_FAULT_OOM leaked out to the #PF handler. Retrying PF
[  124.911285] Huh VM_FAULT_OOM leaked out to the #PF handler. Retrying PF
[  124.915708] Huh VM_FAULT_OOM leaked out to the #PF handler. Retrying PF
[  124.920080] Huh VM_FAULT_OOM leaked out to the #PF handler. Retrying PF
[  124.924288] Huh VM_FAULT_OOM leaked out to the #PF handler. Retrying PF
[  124.928985] Huh VM_FAULT_OOM leaked out to the #PF handler. Retrying PF
[  129.892171] pagefault_out_of_memory: 1313 callbacks suppressed
[  129.892182] Huh VM_FAULT_OOM leaked out to the #PF handler. Retrying PF
[  129.896739] Huh VM_FAULT_OOM leaked out to the #PF handler. Retrying PF
[  129.901059] Huh VM_FAULT_OOM leaked out to the #PF handler. Retrying PF
[  129.905306] Huh VM_FAULT_OOM leaked out to the #PF handler. Retrying PF
[  129.909747] Huh VM_FAULT_OOM leaked out to the #PF handler. Retrying PF
[  129.913987] Huh VM_FAULT_OOM leaked out to the #PF handler. Retrying PF
[  129.918339] Huh VM_FAULT_OOM leaked out to the #PF handler. Retrying PF
[  129.922505] Huh VM_FAULT_OOM leaked out to the #PF handler. Retrying PF
[  129.926771] Huh VM_FAULT_OOM leaked out to the #PF handler. Retrying PF
[  129.931015] Huh VM_FAULT_OOM leaked out to the #PF handler. Retrying PF
[  134.896698] pagefault_out_of_memory: 1189 callbacks suppressed
[  134.896711] Huh VM_FAULT_OOM leaked out to the #PF handler. Retrying PF
[  134.901223] Huh VM_FAULT_OOM leaked out to the #PF handler. Retrying PF
[  134.905603] Huh VM_FAULT_OOM leaked out to the #PF handler. Retrying PF
[  134.910051] Huh VM_FAULT_OOM leaked out to the #PF handler. Retrying PF
[  134.914465] Huh VM_FAULT_OOM leaked out to the #PF handler. Retrying PF
[  134.918899] Huh VM_FAULT_OOM leaked out to the #PF handler. Retrying PF
[  134.923343] Huh VM_FAULT_OOM leaked out to the #PF handler. Retrying PF
[  134.927705] Huh VM_FAULT_OOM leaked out to the #PF handler. Retrying PF
[  134.932051] Huh VM_FAULT_OOM leaked out to the #PF handler. Retrying PF
[  134.936325] Huh VM_FAULT_OOM leaked out to the #PF handler. Retrying PF
[  139.902997] pagefault_out_of_memory: 1173 callbacks suppressed
[  139.903010] Huh VM_FAULT_OOM leaked out to the #PF handler. Retrying PF
[  139.907400] Huh VM_FAULT_OOM leaked out to the #PF handler. Retrying PF
[  139.911899] Huh VM_FAULT_OOM leaked out to the #PF handler. Retrying PF
[  139.916285] Huh VM_FAULT_OOM leaked out to the #PF handler. Retrying PF
[  139.920993] Huh VM_FAULT_OOM leaked out to the #PF handler. Retrying PF
[  139.925637] Huh VM_FAULT_OOM leaked out to the #PF handler. Retrying PF
[  139.929899] Huh VM_FAULT_OOM leaked out to the #PF handler. Retrying PF
[  139.934288] Huh VM_FAULT_OOM leaked out to the #PF handler. Retrying PF
[  139.938784] Huh VM_FAULT_OOM leaked out to the #PF handler. Retrying PF
[  139.943377] Huh VM_FAULT_OOM leaked out to the #PF handler. Retrying PF
[  144.908889] pagefault_out_of_memory: 1177 callbacks suppressed
[  144.908900] Huh VM_FAULT_OOM leaked out to the #PF handler. Retrying PF
[  144.912827] Huh VM_FAULT_OOM leaked out to the #PF handler. Retrying PF
[  144.916898] Huh VM_FAULT_OOM leaked out to the #PF handler. Retrying PF
[  144.920003] Huh VM_FAULT_OOM leaked out to the #PF handler. Retrying PF
[  144.923087] Huh VM_FAULT_OOM leaked out to the #PF handler. Retrying PF
[  144.926229] Huh VM_FAULT_OOM leaked out to the #PF handler. Retrying PF
[  144.931260] Huh VM_FAULT_OOM leaked out to the #PF handler. Retrying PF
[  144.935561] Huh VM_FAULT_OOM leaked out to the #PF handler. Retrying PF
[  144.940953] Huh VM_FAULT_OOM leaked out to the #PF handler. Retrying PF
[  144.944995] Huh VM_FAULT_OOM leaked out to the #PF handler. Retrying PF
[  149.914732] pagefault_out_of_memory: 1341 callbacks suppressed
[  149.914745] Huh VM_FAULT_OOM leaked out to the #PF handler. Retrying PF
[  149.919144] Huh VM_FAULT_OOM leaked out to the #PF handler. Retrying PF
[  149.923265] Huh VM_FAULT_OOM leaked out to the #PF handler. Retrying PF
[  149.927914] Huh VM_FAULT_OOM leaked out to the #PF handler. Retrying PF
[  149.932133] Huh VM_FAULT_OOM leaked out to the #PF handler. Retrying PF
[  149.936741] Huh VM_FAULT_OOM leaked out to the #PF handler. Retrying PF
[  149.941048] Huh VM_FAULT_OOM leaked out to the #PF handler. Retrying PF
[  149.945281] Huh VM_FAULT_OOM leaked out to the #PF handler. Retrying PF
[  149.949641] Huh VM_FAULT_OOM leaked out to the #PF handler. Retrying PF
[  149.953818] Huh VM_FAULT_OOM leaked out to the #PF handler. Retrying PF
[  154.922230] pagefault_out_of_memory: 1155 callbacks suppressed
[  154.922243] Huh VM_FAULT_OOM leaked out to the #PF handler. Retrying PF
[  154.927117] Huh VM_FAULT_OOM leaked out to the #PF handler. Retrying PF
[  154.931507] Huh VM_FAULT_OOM leaked out to the #PF handler. Retrying PF
[  154.936000] Huh VM_FAULT_OOM leaked out to the #PF handler. Retrying PF
[  154.940904] Huh VM_FAULT_OOM leaked out to the #PF handler. Retrying PF
[  154.944956] Huh VM_FAULT_OOM leaked out to the #PF handler. Retrying PF
[  154.949299] Huh VM_FAULT_OOM leaked out to the #PF handler. Retrying PF
[  154.953639] Huh VM_FAULT_OOM leaked out to the #PF handler. Retrying PF
[  154.958038] Huh VM_FAULT_OOM leaked out to the #PF handler. Retrying PF
[  154.962580] Huh VM_FAULT_OOM leaked out to the #PF handler. Retrying PF
[  159.922785] pagefault_out_of_memory: 1210 callbacks suppressed
[  159.922797] Huh VM_FAULT_OOM leaked out to the #PF handler. Retrying PF
[  159.927276] Huh VM_FAULT_OOM leaked out to the #PF handler. Retrying PF
[  159.931656] Huh VM_FAULT_OOM leaked out to the #PF handler. Retrying PF
[  159.935764] Huh VM_FAULT_OOM leaked out to the #PF handler. Retrying PF
[  159.940370] Huh VM_FAULT_OOM leaked out to the #PF handler. Retrying PF
[  159.944209] Huh VM_FAULT_OOM leaked out to the #PF handler. Retrying PF
[  159.948913] Huh VM_FAULT_OOM leaked out to the #PF handler. Retrying PF
[  159.953178] Huh VM_FAULT_OOM leaked out to the #PF handler. Retrying PF
[  159.957429] Huh VM_FAULT_OOM leaked out to the #PF handler. Retrying PF
[  159.961663] Huh VM_FAULT_OOM leaked out to the #PF handler. Retrying PF
[  164.928199] pagefault_out_of_memory: 1323 callbacks suppressed
[  164.928212] Huh VM_FAULT_OOM leaked out to the #PF handler. Retrying PF
[  164.932710] Huh VM_FAULT_OOM leaked out to the #PF handler. Retrying PF
[  164.937867] Huh VM_FAULT_OOM leaked out to the #PF handler. Retrying PF
[  164.942090] Huh VM_FAULT_OOM leaked out to the #PF handler. Retrying PF
[  164.946695] Huh VM_FAULT_OOM leaked out to the #PF handler. Retrying PF
[  164.951025] Huh VM_FAULT_OOM leaked out to the #PF handler. Retrying PF
[  164.955229] Huh VM_FAULT_OOM leaked out to the #PF handler. Retrying PF
[  164.959665] Huh VM_FAULT_OOM leaked out to the #PF handler. Retrying PF
[  164.963934] Huh VM_FAULT_OOM leaked out to the #PF handler. Retrying PF
[  164.968439] Huh VM_FAULT_OOM leaked out to the #PF handler. Retrying PF
[  169.931804] pagefault_out_of_memory: 1170 callbacks suppressed
[  169.931826] Huh VM_FAULT_OOM leaked out to the #PF handler. Retrying PF
[  169.937201] Huh VM_FAULT_OOM leaked out to the #PF handler. Retrying PF
[  169.942926] Huh VM_FAULT_OOM leaked out to the #PF handler. Retrying PF
[  169.947068] Huh VM_FAULT_OOM leaked out to the #PF handler. Retrying PF
[  169.951323] Huh VM_FAULT_OOM leaked out to the #PF handler. Retrying PF
[  169.955709] Huh VM_FAULT_OOM leaked out to the #PF handler. Retrying PF
[  169.960262] Huh VM_FAULT_OOM leaked out to the #PF handler. Retrying PF
[  169.964800] Huh VM_FAULT_OOM leaked out to the #PF handler. Retrying PF
[  169.969180] Huh VM_FAULT_OOM leaked out to the #PF handler. Retrying PF
[  169.973285] Huh VM_FAULT_OOM leaked out to the #PF handler. Retrying PF
[  174.938111] pagefault_out_of_memory: 1095 callbacks suppressed
[  174.938143] Huh VM_FAULT_OOM leaked out to the #PF handler. Retrying PF
[  174.943754] Huh VM_FAULT_OOM leaked out to the #PF handler. Retrying PF
[  174.949423] Huh VM_FAULT_OOM leaked out to the #PF handler. Retrying PF
[  174.955441] Huh VM_FAULT_OOM leaked out to the #PF handler. Retrying PF
[  174.960969] Huh VM_FAULT_OOM leaked out to the #PF handler. Retrying PF
[  174.965362] Huh VM_FAULT_OOM leaked out to the #PF handler. Retrying PF
[  174.969958] Huh VM_FAULT_OOM leaked out to the #PF handler. Retrying PF
[  174.974536] Huh VM_FAULT_OOM leaked out to the #PF handler. Retrying PF
[  174.979117] Huh VM_FAULT_OOM leaked out to the #PF handler. Retrying PF
[  174.983648] Huh VM_FAULT_OOM leaked out to the #PF handler. Retrying PF
