c[?7l[2J[0mSeaBIOS (version rel-1.14.0-0-g155821a1990b-prebuilt.qemu.org)


iPXE (http://ipxe.org) 00:03.0 CA00 PCI2.10 PnP PMM+7FF8F030+7FEEF030 CA00
Press Ctrl-B to configure iPXE (PCI 00:03.0)...                                                                               


Booting from ROM...
c[?7l[2J[    0.000000] Linux version 6.0.0-70442fc54e68+ (root@p-mtlp02) (gcc (GCC) 8.5.0 20210514 (Red Hat 8.5.0-18), GNU ld version 2.36.1-2.el8) #1 SMP PREEMPT_DYNAMIC Tue Feb  7 23:23:26 CST 2023
[    0.000000] Command line: console=ttyS0 root=/dev/sda earlyprintk=serial net.ifnames=0
[    0.000000] KERNEL supported cpus:
[    0.000000]   Intel GenuineIntel
[    0.000000]   AMD AuthenticAMD
[    0.000000]   Hygon HygonGenuine
[    0.000000]   Centaur CentaurHauls
[    0.000000]   zhaoxin   Shanghai  
[    0.000000] x86/split lock detection: #DB: warning on user-space bus_locks
[    0.000000] x86/fpu: Supporting XSAVE feature 0x001: 'x87 floating point registers'
[    0.000000] x86/fpu: Supporting XSAVE feature 0x002: 'SSE registers'
[    0.000000] x86/fpu: Supporting XSAVE feature 0x004: 'AVX registers'
[    0.000000] x86/fpu: Supporting XSAVE feature 0x200: 'Protection Keys User registers'
[    0.000000] x86/fpu: xstate_offset[2]:  576, xstate_sizes[2]:  256
[    0.000000] x86/fpu: xstate_offset[9]:  832, xstate_sizes[9]:    8
[    0.000000] x86/fpu: Enabled xstate features 0x207, context size is 840 bytes, using 'compacted' format.
[    0.000000] signal: max sigframe size: 3632
[    0.000000] BIOS-provided physical RAM map:
[    0.000000] BIOS-e820: [mem 0x0000000000000000-0x000000000009fbff] usable
[    0.000000] BIOS-e820: [mem 0x000000000009fc00-0x000000000009ffff] reserved
[    0.000000] BIOS-e820: [mem 0x00000000000f0000-0x00000000000fffff] reserved
[    0.000000] BIOS-e820: [mem 0x0000000000100000-0x000000007ffdffff] usable
[    0.000000] BIOS-e820: [mem 0x000000007ffe0000-0x000000007fffffff] reserved
[    0.000000] BIOS-e820: [mem 0x00000000feffc000-0x00000000feffffff] reserved
[    0.000000] BIOS-e820: [mem 0x00000000fffc0000-0x00000000ffffffff] reserved
[    0.000000] printk: bootconsole [earlyser0] enabled
[    0.000000] NX (Execute Disable) protection: active
[    0.000000] SMBIOS 2.8 present.
[    0.000000] DMI: QEMU Standard PC (i440FX + PIIX, 1996), BIOS rel-1.14.0-0-g155821a1990b-prebuilt.qemu.org 04/01/2014
[    0.000000] Hypervisor detected: KVM
[    0.000000] kvm-clock: Using msrs 4b564d01 and 4b564d00
[    0.000009] kvm-clock: using sched offset of 779175298 cycles
[    0.000590] clocksource: kvm-clock: mask: 0xffffffffffffffff max_cycles: 0x1cd42e4dffb, max_idle_ns: 881590591483 ns
[    0.002300] tsc: Detected 1190.400 MHz processor
[    0.011548] last_pfn = 0x7ffe0 max_arch_pfn = 0x400000000
[    0.012217] x86/PAT: Configuration [0-7]: WB  WC  UC- UC  WB  WP  UC- WT  
[    0.024852] found SMP MP-table at [mem 0x000f5a90-0x000f5a9f]
[    0.025639] Using GB pages for direct mapping
[    0.028248] ACPI: Early table checksum verification disabled
[    0.028887] ACPI: RSDP 0x00000000000F5870 000014 (v00 BOCHS )
[    0.029482] ACPI: RSDT 0x000000007FFE1959 000034 (v01 BOCHS  BXPC     00000001 BXPC 00000001)
[    0.030374] ACPI: FACP 0x000000007FFE1805 000074 (v01 BOCHS  BXPC     00000001 BXPC 00000001)
[    0.031266] ACPI: DSDT 0x000000007FFE0040 0017C5 (v01 BOCHS  BXPC     00000001 BXPC 00000001)
[    0.032131] ACPI: FACS 0x000000007FFE0000 000040
[    0.032595] ACPI: APIC 0x000000007FFE1879 000080 (v01 BOCHS  BXPC     00000001 BXPC 00000001)
[    0.033468] ACPI: HPET 0x000000007FFE18F9 000038 (v01 BOCHS  BXPC     00000001 BXPC 00000001)
[    0.034367] ACPI: WAET 0x000000007FFE1931 000028 (v01 BOCHS  BXPC     00000001 BXPC 00000001)
[    0.035254] ACPI: Reserving FACP table memory at [mem 0x7ffe1805-0x7ffe1878]
[    0.035977] ACPI: Reserving DSDT table memory at [mem 0x7ffe0040-0x7ffe1804]
[    0.036689] ACPI: Reserving FACS table memory at [mem 0x7ffe0000-0x7ffe003f]
[    0.037419] ACPI: Reserving APIC table memory at [mem 0x7ffe1879-0x7ffe18f8]
[    0.038133] ACPI: Reserving HPET table memory at [mem 0x7ffe18f9-0x7ffe1930]
[    0.038865] ACPI: Reserving WAET table memory at [mem 0x7ffe1931-0x7ffe1958]
[    0.040854] No NUMA configuration found
[    0.041258] Faking a node at [mem 0x0000000000000000-0x000000007ffdffff]
[    0.042052] NODE_DATA(0) allocated [mem 0x7ffb5000-0x7ffdffff]
[    0.094556] Zone ranges:
[    0.094883]   DMA      [mem 0x0000000000001000-0x0000000000ffffff]
[    0.095491]   DMA32    [mem 0x0000000001000000-0x000000007ffdffff]
[    0.096109]   Normal   empty
[    0.096387]   Device   empty
[    0.096664] Movable zone start for each node
[    0.097092] Early memory node ranges
[    0.097435]   node   0: [mem 0x0000000000001000-0x000000000009efff]
[    0.098033]   node   0: [mem 0x0000000000100000-0x000000007ffdffff]
[    0.098673] Initmem setup node 0 [mem 0x0000000000001000-0x000000007ffdffff]
[    0.099390] On node 0, zone DMA: 1 pages in unavailable ranges
[    0.099502] On node 0, zone DMA: 97 pages in unavailable ranges
[    0.113519] On node 0, zone DMA32: 32 pages in unavailable ranges
[    0.853001] kasan: KernelAddressSanitizer initialized
[    0.855891] ACPI: PM-Timer IO Port: 0x608
[    0.856792] ACPI: LAPIC_NMI (acpi_id[0xff] dfl dfl lint[0x1])
[    0.858146] IOAPIC[0]: apic_id 0, version 17, address 0xfec00000, GSI 0-23
[    0.859606] ACPI: INT_SRC_OVR (bus 0 bus_irq 0 global_irq 2 dfl dfl)
[    0.860876] ACPI: INT_SRC_OVR (bus 0 bus_irq 5 global_irq 5 high level)
[    0.862212] ACPI: INT_SRC_OVR (bus 0 bus_irq 9 global_irq 9 high level)
[    0.863541] ACPI: INT_SRC_OVR (bus 0 bus_irq 10 global_irq 10 high level)
[    0.864895] ACPI: INT_SRC_OVR (bus 0 bus_irq 11 global_irq 11 high level)
[    0.866302] ACPI: Using ACPI (MADT) for SMP configuration information
[    0.867577] ACPI: HPET id: 0x8086a201 base: 0xfed00000
[    0.868619] TSC deadline timer available
[    0.869385] smpboot: Allowing 2 CPUs, 0 hotplug CPUs
[    0.870633] kvm-guest: KVM setup pv remote TLB flush
[    0.871597] kvm-guest: setup PV sched yield
[    0.872660] PM: hibernation: Registered nosave memory: [mem 0x00000000-0x00000fff]
[    0.874163] PM: hibernation: Registered nosave memory: [mem 0x0009f000-0x0009ffff]
[    0.875649] PM: hibernation: Registered nosave memory: [mem 0x000a0000-0x000effff]
[    0.877123] PM: hibernation: Registered nosave memory: [mem 0x000f0000-0x000fffff]
[    0.878634] [mem 0x80000000-0xfeffbfff] available for PCI devices
[    0.879843] Booting paravirtualized kernel on KVM
[    0.880866] clocksource: refined-jiffies: mask: 0xffffffff max_cycles: 0xffffffff, max_idle_ns: 7645519600211568 ns
[    0.882994] setup_percpu: NR_CPUS:8192 nr_cpumask_bits:2 nr_cpu_ids:2 nr_node_ids:1
[    0.889244] percpu: Embedded 80 pages/cpu s290816 r8192 d28672 u1048576
[    0.891086] kvm-guest: PV spinlocks enabled
[    0.891958] PV qspinlock hash table entries: 256 (order: 0, 4096 bytes, linear)
[    0.893527] Fallback order for Node 0: 0 
[    0.894417] Built 1 zonelists, mobility grouping on.  Total pages: 515808
[    0.895788] Policy zone: DMA32
[    0.896419] Kernel command line: net.ifnames=0 console=ttyS0 root=/dev/sda earlyprintk=serial net.ifnames=0
[    0.899868] random: crng init done
[    0.903589] Dentry cache hash table entries: 262144 (order: 9, 2097152 bytes, linear)
[    0.906929] Inode-cache hash table entries: 131072 (order: 8, 1048576 bytes, linear)
[    0.908863] mem auto-init: stack:off, heap alloc:off, heap free:off
[    0.922884] stackdepot hash table entries: 1048576 (order: 11, 8388608 bytes, linear)
[    0.962365] Memory: 1354928K/2096632K available (67601K kernel code, 13930K rwdata, 13976K rodata, 4568K init, 24260K bss, 741448K reserved, 0K cma-reserved)
[    0.965102] SLUB: HWalign=64, Order=0-3, MinObjects=0, CPUs=2, Nodes=1
[    0.965724] kmemleak: Kernel memory leak detector disabled
[    0.966333] ftrace: allocating 67360 entries in 264 pages
[    1.019290] ftrace: allocated 264 pages with 2 groups
[    1.026975] Dynamic Preempt: voluntary
[    1.027762] Running RCU self tests
[    1.028106] rcu: Preemptible hierarchical RCU implementation.
[    1.028639] rcu: 	RCU lockdep checking is enabled.
[    1.029085] rcu: 	RCU restricting CPUs from NR_CPUS=8192 to nr_cpu_ids=2.
[    1.029717] 	Trampoline variant of Tasks RCU enabled.
[    1.030189] 	Rude variant of Tasks RCU enabled.
[    1.030604] 	Tracing variant of Tasks RCU enabled.
[    1.031049] rcu: RCU calculated value of scheduler-enlistment delay is 25 jiffies.
[    1.031792] rcu: Adjusting geometry for rcu_fanout_leaf=16, nr_cpu_ids=2
[    1.077520] NR_IRQS: 524544, nr_irqs: 440, preallocated irqs: 16
[    1.078770] rcu: srcu_init: Setting srcu_struct sizes based on contention.
[    1.088184] Console: colour VGA+ 80x25
[    1.088684] printk: console [ttyS0] enabled
[    1.088684] printk: console [ttyS0] enabled
[    1.089610] printk: bootconsole [earlyser0] disabled
[    1.089610] printk: bootconsole [earlyser0] disabled
[    1.090710] Lock dependency validator: Copyright (c) 2006 Red Hat, Inc., Ingo Molnar
[    1.091560] ... MAX_LOCKDEP_SUBCLASSES:  8
[    1.092020] ... MAX_LOCK_DEPTH:          48
[    1.092489] ... MAX_LOCKDEP_KEYS:        8192
[    1.092976] ... CLASSHASH_SIZE:          4096
[    1.093461] ... MAX_LOCKDEP_ENTRIES:     32768
[    1.093960] ... MAX_LOCKDEP_CHAINS:      65536
[    1.094816] ... CHAINHASH_SIZE:          32768
[    1.095741]  memory used by lock dependency info: 6365 kB
[    1.096851]  memory used for stack traces: 4224 kB
[    1.097842]  per task-struct memory footprint: 1920 bytes
[    1.099155] ACPI: Core revision 20220331
[    1.100939] clocksource: hpet: mask: 0xffffffff max_cycles: 0xffffffff, max_idle_ns: 19112604467 ns
[    1.103240] APIC: Switch to symmetric I/O mode setup
[    1.104726] x2apic enabled
[    1.105742] Switched APIC routing to physical x2apic.
[    1.106777] kvm-guest: setup PV IPIs
[    1.109858] ..TIMER: vector=0x30 apic1=0 pin1=2 apic2=-1 pin2=-1
[    1.111129] clocksource: tsc-early: mask: 0xffffffffffffffff max_cycles: 0x1128af0325d, max_idle_ns: 440795261011 ns
[    1.113228] Calibrating delay loop (skipped) preset value.. 2380.80 BogoMIPS (lpj=4761600)
[    1.114858] pid_max: default: 32768 minimum: 301
[    1.117620] LSM: Security Framework initializing
[    1.118623] Yama: becoming mindful.
[    1.120066] Mount-cache hash table entries: 4096 (order: 3, 32768 bytes, linear)
[    1.121213] Mountpoint-cache hash table entries: 4096 (order: 3, 32768 bytes, linear)
[    1.127917] CPU0: Thermal monitoring enabled (TM1)
[    1.129397] x86/cpu: User Mode Instruction Prevention (UMIP) activated
[    1.133525] Last level iTLB entries: 4KB 0, 2MB 0, 4MB 0
[    1.134751] Last level dTLB entries: 4KB 0, 2MB 0, 4MB 0, 1GB 0
[    1.136150] Spectre V1 : Mitigation: usercopy/swapgs barriers and __user pointer sanitization
[    1.137215] Spectre V2 : WARNING: Unprivileged eBPF is enabled with eIBRS on, data leaks possible via Spectre v2 BHB attacks!
[    1.139408] Spectre V2 : Mitigation: Enhanced IBRS
[    1.141200] Spectre V2 : Spectre v2 / SpectreRSB mitigation: Filling RSB on context switch
[    1.142776] Spectre V2 : Spectre v2 / PBRSB-eIBRS: Retire a single CALL on VMEXIT
[    1.144257] Spectre V2 : mitigation: Enabling conditional Indirect Branch Prediction Barrier
[    1.145201] Speculative Store Bypass: Mitigation: Speculative Store Bypass disabled via prctl
[    1.146824] MMIO Stale Data: Unknown: No mitigations
[    1.330518] Freeing SMP alternatives memory: 52K
[    1.331763] smpboot: CPU0: Genuine Intel(R) 0000 (family: 0x6, model: 0xaa, stepping: 0x1)
[    1.333183] cblist_init_generic: Setting adjustable number of callback queues.
[    1.333183] cblist_init_generic: Setting shift to 1 and lim to 1.
[    1.333183] cblist_init_generic: Setting shift to 1 and lim to 1.
[    1.333298] cblist_init_generic: Setting shift to 1 and lim to 1.
[    1.333967] Running RCU-tasks wait API self tests
[    1.437540] Performance Events: generic architected perfmon, full-width counters, Intel PMU driver.
[    1.439479] ... version:                2
[    1.440262] ... bit width:              48
[    1.441061] ... generic registers:      8
[    1.441209] ... value mask:             0000ffffffffffff
[    1.442256] ... max period:             00007fffffffffff
[    1.443308] ... fixed-purpose events:   3
[    1.444109] ... event mask:             00000007000000ff
[    1.446574] rcu: Hierarchical SRCU implementation.
[    1.447552] rcu: 	Max phase no-delay instances is 1000.
[    1.449396] Callback from call_rcu_tasks_trace() invoked.
[    1.460203] smp: Bringing up secondary CPUs ...
[    1.463213] x86: Booting SMP configuration:
[    1.464227] .... node  #0, CPUs:      #1
[    0.029664] smpboot: CPU 1 Converting physical 0 to logical die 1
[    1.469649] smp: Brought up 1 node, 2 CPUs
[    1.470359] smpboot: Max logical packages: 2
[    1.471210] smpboot: Total of 2 processors activated (4761.60 BogoMIPS)
[    1.482917] devtmpfs: initialized
[    1.486470] x86/mm: Memory block size: 128MB
[    1.513440] clocksource: jiffies: mask: 0xffffffff max_cycles: 0xffffffff, max_idle_ns: 7645041785100000 ns
[    1.515429] futex hash table entries: 512 (order: 4, 65536 bytes, linear)
[    1.517868] pinctrl core: initialized pinctrl subsystem
[    1.521773] 
[    1.522121] *************************************************************
[    1.523444] **     NOTICE NOTICE NOTICE NOTICE NOTICE NOTICE NOTICE    **
[    1.524767] **                                                         **
[    1.525197] **  IOMMU DebugFS SUPPORT HAS BEEN ENABLED IN THIS KERNEL  **
[    1.526516] **                                                         **
[    1.527834] ** This means that this kernel is built to expose internal **
[    1.529167] ** IOMMU data structures, which may compromise security on **
[    1.529196] ** your system.                                            **
[    1.530514] **                                                         **
[    1.531822] ** If you see this message and you are not debugging the   **
[    1.533129] ** kernel, report this immediately to your vendor!         **
[    1.533197] **                                                         **
[    1.534526] **     NOTICE NOTICE NOTICE NOTICE NOTICE NOTICE NOTICE    **
[    1.535838] *************************************************************
[    1.537354] PM: RTC time: 15:24:25, date: 2023-02-07
[    1.541829] Callback from call_rcu_tasks_rude() invoked.
[    1.549853] NET: Registered PF_NETLINK/PF_ROUTE protocol family
[    1.553390] DMA: preallocated 256 KiB GFP_KERNEL pool for atomic allocations
[    1.554918] DMA: preallocated 256 KiB GFP_KERNEL|GFP_DMA pool for atomic allocations
[    1.556516] DMA: preallocated 256 KiB GFP_KERNEL|GFP_DMA32 pool for atomic allocations
[    1.557434] audit: initializing netlink subsys (disabled)
[    1.558821] audit: type=2000 audit(1675783465.710:1): state=initialized audit_enabled=0 res=1
[    1.562768] thermal_sys: Registered thermal governor 'fair_share'
[    1.562785] thermal_sys: Registered thermal governor 'bang_bang'
[    1.564005] thermal_sys: Registered thermal governor 'step_wise'
[    1.565201] thermal_sys: Registered thermal governor 'user_space'
[    1.566613] cpuidle: using governor ladder
[    1.568718] cpuidle: using governor menu
[    1.569948] acpiphp: ACPI Hot Plug PCI Controller Driver version: 0.5
[    1.572658] PCI: Using configuration type 1 for base access
[    1.641643] kprobes: kprobe jump-optimization is enabled. All kprobes are optimized if possible.
[    1.645360] Callback from call_rcu_tasks() invoked.
[    2.045456] HugeTLB: registered 1.00 GiB page size, pre-allocated 0 pages
[    2.046395] HugeTLB: 16380 KiB vmemmap can be freed for a 1.00 GiB page
[    2.047215] HugeTLB: registered 2.00 MiB page size, pre-allocated 0 pages
[    2.048044] HugeTLB: 28 KiB vmemmap can be freed for a 2.00 MiB page
[    2.056918] ACPI: Added _OSI(Module Device)
[    2.057202] ACPI: Added _OSI(Processor Device)
[    2.057628] ACPI: Added _OSI(3.0 _SCP Extensions)
[    2.058071] ACPI: Added _OSI(Processor Aggregator Device)
[    2.075841] ACPI: 1 ACPI AML tables successfully acquired and loaded
[    2.085900] ACPI: Interpreter enabled
[    2.086522] ACPI: PM: (supports S0 S3 S4 S5)
[    2.086945] ACPI: Using IOAPIC for interrupt routing
[    2.087594] PCI: Using host bridge windows from ACPI; if necessary, use "pci=nocrs" and report a bug
[    2.088448] PCI: Using E820 reservations for host bridge windows
[    2.090590] ACPI: Enabled 2 GPEs in block 00 to 0F
[    2.135452] ACPI: PCI Root Bridge [PCI0] (domain 0000 [bus 00-ff])
[    2.136145] acpi PNP0A03:00: _OSC: OS supports [ASPM ClockPM Segments MSI EDR HPX-Type3]
[    2.136974] acpi PNP0A03:00: _OSC: not requesting OS control; OS requires [ExtendedConfig ASPM ClockPM MSI]
[    2.137432] acpi PNP0A03:00: fail to add MMCONFIG information, can't access extended PCI configuration space under this bridge.
[    2.144910] acpiphp: Slot [3] registered
[    2.145389] acpiphp: Slot [4] registered
[    2.146022] acpiphp: Slot [5] registered
[    2.146645] acpiphp: Slot [6] registered
[    2.147253] acpiphp: Slot [7] registered
[    2.147884] acpiphp: Slot [8] registered
[    2.148544] acpiphp: Slot [9] registered
[    2.149169] acpiphp: Slot [10] registered
[    2.149402] acpiphp: Slot [11] registered
[    2.150078] acpiphp: Slot [12] registered
[    2.150735] acpiphp: Slot [13] registered
[    2.151356] acpiphp: Slot [14] registered
[    2.151979] acpiphp: Slot [15] registered
[    2.152635] acpiphp: Slot [16] registered
[    2.153290] acpiphp: Slot [17] registered
[    2.154063] acpiphp: Slot [18] registered
[    2.154685] acpiphp: Slot [19] registered
[    2.155351] acpiphp: Slot [20] registered
[    2.155965] acpiphp: Slot [21] registered
[    2.156585] acpiphp: Slot [22] registered
[    2.157259] acpiphp: Slot [23] registered
[    2.157925] acpiphp: Slot [24] registered
[    2.158549] acpiphp: Slot [25] registered
[    2.159208] acpiphp: Slot [26] registered
[    2.159860] acpiphp: Slot [27] registered
[    2.160554] acpiphp: Slot [28] registered
[    2.161193] acpiphp: Slot [29] registered
[    2.161841] acpiphp: Slot [30] registered
[    2.162549] acpiphp: Slot [31] registered
[    2.163099] PCI host bridge to bus 0000:00
[    2.163616] pci_bus 0000:00: root bus resource [io  0x0000-0x0cf7 window]
[    2.164396] pci_bus 0000:00: root bus resource [io  0x0d00-0xffff window]
[    2.165171] pci_bus 0000:00: root bus resource [mem 0x000a0000-0x000bffff window]
[    2.165197] pci_bus 0000:00: root bus resource [mem 0x80000000-0xfebfffff window]
[    2.166064] pci_bus 0000:00: root bus resource [mem 0x100000000-0x17fffffff window]
[    2.166953] pci_bus 0000:00: root bus resource [bus 00-ff]
[    2.167921] pci 0000:00:00.0: [8086:1237] type 00 class 0x060000
[    2.180211] pci 0000:00:01.0: [8086:7000] type 00 class 0x060100
[    2.182626] pci 0000:00:01.1: [8086:7010] type 00 class 0x010180
[    2.185157] pci 0000:00:01.1: reg 0x20: [io  0xc040-0xc04f]
[    2.185963] pci 0000:00:01.1: legacy IDE quirk: reg 0x10: [io  0x01f0-0x01f7]
[    2.186866] pci 0000:00:01.1: legacy IDE quirk: reg 0x14: [io  0x03f6]
[    2.187649] pci 0000:00:01.1: legacy IDE quirk: reg 0x18: [io  0x0170-0x0177]
[    2.188476] pci 0000:00:01.1: legacy IDE quirk: reg 0x1c: [io  0x0376]
[    2.189853] pci 0000:00:01.3: [8086:7113] type 00 class 0x068000
[    2.190966] pci 0000:00:01.3: quirk: [io  0x0600-0x063f] claimed by PIIX4 ACPI
[    2.191814] pci 0000:00:01.3: quirk: [io  0x0700-0x070f] claimed by PIIX4 SMB
[    2.193309] pci 0000:00:02.0: [1234:1111] type 00 class 0x030000
[    2.197912] pci 0000:00:02.0: reg 0x10: [mem 0xfd000000-0xfdffffff pref]
[    2.201958] pci 0000:00:02.0: reg 0x18: [mem 0xfebf0000-0xfebf0fff]
[    2.210881] pci 0000:00:02.0: reg 0x30: [mem 0xfebe0000-0xfebeffff pref]
[    2.212180] pci 0000:00:02.0: Video device with shadowed ROM at [mem 0x000c0000-0x000dffff]
[    2.224222] pci 0000:00:03.0: [8086:100e] type 00 class 0x020000
[    2.225486] pci 0000:00:03.0: reg 0x10: [mem 0xfebc0000-0xfebdffff]
[    2.226679] pci 0000:00:03.0: reg 0x14: [io  0xc000-0xc03f]
[    2.230046] pci 0000:00:03.0: reg 0x30: [mem 0xfeb80000-0xfebbffff pref]
[    2.279107] ACPI: PCI: Interrupt link LNKA configured for IRQ 10
[    2.282662] ACPI: PCI: Interrupt link LNKB configured for IRQ 10
[    2.285851] ACPI: PCI: Interrupt link LNKC configured for IRQ 11
[    2.289183] ACPI: PCI: Interrupt link LNKD configured for IRQ 11
[    2.291300] ACPI: PCI: Interrupt link LNKS configured for IRQ 9
[    2.299998] iommu: Default domain type: Translated 
[    2.301025] iommu: DMA domain TLB invalidation policy: lazy mode 
[    2.308068] SCSI subsystem initialized
[    2.310540] ACPI: bus type USB registered
[    2.311976] usbcore: registered new interface driver usbfs
[    2.313470] usbcore: registered new interface driver hub
[    2.314778] usbcore: registered new device driver usb
[    2.316512] pps_core: LinuxPPS API ver. 1 registered
[    2.317205] pps_core: Software ver. 5.3.6 - Copyright 2005-2007 Rodolfo Giometti <giometti@linux.it>
[    2.319285] PTP clock support registered
[    2.320955] EDAC MC: Ver: 3.0.0
[    2.329040] NetLabel: Initializing
[    2.329217] NetLabel:  domain hash size = 128
[    2.330094] NetLabel:  protocols = UNLABELED CIPSOv4 CALIPSO
[    2.331605] NetLabel:  unlabeled traffic allowed by default
[    2.366285] PCI: Using ACPI for IRQ routing
[    2.368241] pci 0000:00:02.0: vgaarb: setting as boot VGA device
[    2.369183] pci 0000:00:02.0: vgaarb: bridge control possible
[    2.369183] pci 0000:00:02.0: vgaarb: VGA device added: decodes=io+mem,owns=io+mem,locks=none
[    2.369205] vgaarb: loaded
[    2.372099] hpet0: at MMIO 0xfed00000, IRQs 2, 8, 0
[    2.373175] hpet0: 3 comparators, 64-bit 100.000000 MHz counter
[    5.559112] clocksource: Switched to clocksource kvm-clock
[    5.562263] VFS: Disk quotas dquot_6.6.0
[    5.563382] VFS: Dquot-cache hash table entries: 512 (order 0, 4096 bytes)
[    5.566442] pnp: PnP ACPI init
[    5.575519] pnp: PnP ACPI: found 6 devices
[    5.614890] clocksource: acpi_pm: mask: 0xffffff max_cycles: 0xffffff, max_idle_ns: 2085701024 ns
[    5.617795] NET: Registered PF_INET protocol family
[    5.619798] IP idents hash table entries: 32768 (order: 6, 262144 bytes, linear)
[    5.633948] tcp_listen_portaddr_hash hash table entries: 1024 (order: 4, 73728 bytes, linear)
[    5.635701] Table-perturb hash table entries: 65536 (order: 6, 262144 bytes, linear)
[    5.637272] TCP established hash table entries: 16384 (order: 5, 131072 bytes, linear)
[    5.639907] TCP bind hash table entries: 16384 (order: 9, 2359296 bytes, linear)
[    5.646611] TCP: Hash tables configured (established 16384 bind 16384)
[    5.662449] UDP hash table entries: 1024 (order: 5, 163840 bytes, linear)
[    5.664072] UDP-Lite hash table entries: 1024 (order: 5, 163840 bytes, linear)
[    5.666348] NET: Registered PF_UNIX/PF_LOCAL protocol family
[    5.678957] RPC: Registered named UNIX socket transport module.
[    5.680146] RPC: Registered udp transport module.
[    5.681011] RPC: Registered tcp transport module.
[    5.681949] RPC: Registered tcp NFSv4.1 backchannel transport module.
[    5.683194] pci_bus 0000:00: resource 4 [io  0x0000-0x0cf7 window]
[    5.684330] pci_bus 0000:00: resource 5 [io  0x0d00-0xffff window]
[    5.685539] pci_bus 0000:00: resource 6 [mem 0x000a0000-0x000bffff window]
[    5.686773] pci_bus 0000:00: resource 7 [mem 0x80000000-0xfebfffff window]
[    5.688014] pci_bus 0000:00: resource 8 [mem 0x100000000-0x17fffffff window]
[    5.702025] pci 0000:00:01.0: PIIX3: Enabling Passive Release
[    5.703129] pci 0000:00:00.0: Limiting direct PCI/PCI transfers
[    5.704396] PCI: CLS 0 bytes, default 64
[    5.709500] ACPI: bus type thunderbolt registered
[    5.711373] clocksource: tsc: mask: 0xffffffffffffffff max_cycles: 0x1128af0325d, max_idle_ns: 440795261011 ns
[    5.941027] Initialise system trusted keyrings
[    5.942490] Key type blacklist registered
[    5.944117] workingset: timestamp_bits=36 max_order=19 bucket_order=0
[    5.987925] zbud: loaded
[    5.999492] squashfs: version 4.0 (2009/01/31) Phillip Lougher
[    6.008793] NFS: Registering the id_resolver key type
[    6.009930] Key type id_resolver registered
[    6.010803] Key type id_legacy registered
[    6.012048] nfs4filelayout_init: NFSv4 File Layout Driver Registering...
[    6.013569] nfs4flexfilelayout_init: NFSv4 Flexfile Layout Driver Registering...
[    6.015703] fuse: init (API version 7.36)
[    6.017806] SGI XFS with ACLs, security attributes, realtime, quota, no debug enabled
[    6.030815] 9p: Installing v9fs 9p2000 file system support
[    6.045615] Key type asymmetric registered
[    6.046541] Asymmetric key parser 'x509' registered
[    6.053077] alg: self-tests for CTR-KDF (hmac(sha256)) passed
[    6.054526] Block layer SCSI generic (bsg) driver version 0.4 loaded (major 243)
[    6.056550] io scheduler mq-deadline registered
[    6.058483] io scheduler bfq registered
[    6.064867] shpchp: Standard Hot Plug PCI Controller Driver version: 0.4
[    6.068201] IPMI message handler: version 39.2
[    6.069426] ipmi device interface
[    6.074668] input: Power Button as /devices/LNXSYSTM:00/LNXPWRBN:00/input/input0
[    6.077270] ACPI: button: Power Button [PWRF]
[    6.081782] ERST DBG: ERST support is disabled.
[    6.085504] Serial: 8250/16550 driver, 32 ports, IRQ sharing enabled
[    6.088161] 00:04: ttyS0 at I/O 0x3f8 (irq = 4, base_baud = 115200) is a 16550A
[    6.111849] Linux agpgart interface v0.103
[    6.113860] ACPI: bus type drm_connector registered
[    6.139912] brd: module loaded
[    6.155845] loop: module loaded
[    6.182096] scsi host0: ata_piix
[    6.183859] scsi host1: ata_piix
[    6.184604] ata1: PATA max MWDMA2 cmd 0x1f0 ctl 0x3f6 bmdma 0xc040 irq 14
[    6.185352] ata2: PATA max MWDMA2 cmd 0x170 ctl 0x376 bmdma 0xc048 irq 15
[    6.188686] tun: Universal TUN/TAP device driver, 1.6
[    6.189651] e100: Intel(R) PRO/100 Network Driver
[    6.190149] e100: Copyright(c) 1999-2006 Intel Corporation
[    6.190805] e1000: Intel(R) PRO/1000 Network Driver
[    6.191317] e1000: Copyright (c) 1999-2006 Intel Corporation.
[    6.345597] ata2: found unknown device (class 0)
[    6.347547] ata1: found unknown device (class 0)
[    6.349921] ata1.00: ATA-7: QEMU HARDDISK, 2.5+, max UDMA/100
[    6.351097] ata1.00: 16777216 sectors, multi 16: LBA48 
[    6.352590] ata2.00: ATAPI: QEMU DVD-ROM, 2.5+, max UDMA/100
[    6.356911] scsi 0:0:0:0: Direct-Access     ATA      QEMU HARDDISK    2.5+ PQ: 0 ANSI: 5
[    6.362764] sd 0:0:0:0: [sda] 16777216 512-byte logical blocks: (8.59 GB/8.00 GiB)
[    6.364460] sd 0:0:0:0: [sda] Write Protect is off
[    6.365677] sd 0:0:0:0: [sda] Write cache: enabled, read cache: enabled, doesn't support DPO or FUA
[    6.368721] sd 0:0:0:0: Attached scsi generic sg0 type 0
[    6.370278] sd 0:0:0:0: [sda] Preferred minimum I/O size 512 bytes
[    6.373049] scsi 1:0:0:0: CD-ROM            QEMU     QEMU DVD-ROM     2.5+ PQ: 0 ANSI: 5
[    6.393030] sd 0:0:0:0: [sda] Attached SCSI disk
[    6.403107] scsi 1:0:0:0: Attached scsi generic sg1 type 5
[    7.014952] ACPI: \_SB_.LNKC: Enabled at IRQ 11
[    7.345608] e1000 0000:00:03.0 eth0: (PCI:33MHz:32-bit) 52:54:00:12:34:56
[    7.346403] e1000 0000:00:03.0 eth0: Intel(R) PRO/1000 Network Connection
[    7.347318] e1000e: Intel(R) PRO/1000 Network Driver
[    7.347826] e1000e: Copyright(c) 1999 - 2015 Intel Corporation.
[    7.348570] igb: Intel(R) Gigabit Ethernet Network Driver
[    7.349113] igb: Copyright (c) 2007-2014 Intel Corporation.
[    7.349973] PPP generic driver version 2.4.2
[    7.351253] VFIO - User Level meta-driver version: 0.3
[    7.352990] usbcore: registered new interface driver uas
[    7.353694] usbcore: registered new interface driver usb-storage
[    7.354639] i8042: PNP: PS/2 Controller [PNP0303:KBD,PNP0f13:MOU] at 0x60,0x64 irq 1,12
[    7.356423] serio: i8042 KBD port at 0x60,0x64 irq 1
[    7.356997] serio: i8042 AUX port at 0x60,0x64 irq 12
[    7.358728] mousedev: PS/2 mouse device common for all mice
[    7.361083] input: AT Translated Set 2 keyboard as /devices/platform/i8042/serio0/input/input1
[    7.364082] input: VirtualPS/2 VMware VMMouse as /devices/platform/i8042/serio1/input/input4
[    7.366040] input: VirtualPS/2 VMware VMMouse as /devices/platform/i8042/serio1/input/input3
[    7.367246] rtc_cmos 00:05: RTC can wake from S4
[    7.369797] rtc_cmos 00:05: registered as rtc0
[    7.370372] rtc_cmos 00:05: setting system clock to 2023-02-07T15:24:31 UTC (1675783471)
[    7.371482] rtc_cmos 00:05: alarms up to one day, y3k, 242 bytes nvram, hpet irqs
[    7.372353] i2c_dev: i2c /dev entries driver
[    7.373163] device-mapper: core: CONFIG_IMA_DISABLE_HTABLE is disabled. Duplicate IMA measurements will not be recorded in the IMA log.
[    7.374693] device-mapper: uevent: version 1.0.3
[    7.375979] device-mapper: ioctl: 4.47.0-ioctl (2022-07-28) initialised: dm-devel@redhat.com
[    7.376868] intel_pstate: CPU model not supported
[    7.377661] sdhci: Secure Digital Host Controller Interface driver
[    7.378298] sdhci: Copyright(c) Pierre Ossman
[    7.378931] sdhci-pltfm: SDHCI platform and OF driver helper
[    7.379736] ledtrig-cpu: registered to indicate activity on CPUs
[    7.381251] drop_monitor: Initializing network drop monitor service
[    7.383550] NET: Registered PF_INET6 protocol family
[    7.388836] Segment Routing with IPv6
[    7.389354] In-situ OAM (IOAM) with IPv6
[    7.389875] NET: Registered PF_PACKET protocol family
[    7.390950] 9pnet: Installing 9P2000 support
[    7.391536] Key type dns_resolver registered
[    7.393812] IPI shorthand broadcast: enabled
[    7.394399] sched_clock: Marking stable (7367584091, 25664093)->(7474243225, -80995041)
[    7.397348] registered taskstats version 1
[    7.398222] Loading compiled-in X.509 certificates
[    7.399855] zswap: loaded using pool lzo/zbud
[    7.402849] Key type .fscrypt registered
[    7.403285] Key type fscrypt-provisioning registered
[    7.406299] Key type encrypted registered
[    7.406818] ima: No TPM chip found, activating TPM-bypass!
[    7.407408] ima: Allocated hash algorithm: sha1
[    7.407969] ima: No architecture policies found
[    7.408606] evm: Initialising EVM extended attributes:
[    7.409140] evm: security.selinux
[    7.409536] evm: security.SMACK64
[    7.409888] evm: security.SMACK64EXEC
[    7.410273] evm: security.SMACK64TRANSMUTE
[    7.410699] evm: security.SMACK64MMAP
[    7.411067] evm: security.apparmor
[    7.411391] evm: security.ima
[    7.411670] evm: security.capability
[    7.411995] evm: HMAC attrs: 0x1
[    7.421911] PM:   Magic number: 11:465:436
[    7.423255] RAS: Correctable Errors collector initialized.
[    7.425691] md: Waiting for all devices to be available before autodetect
[    7.426108] md: If you don't use raid, use raid=noautodetect
[    7.426459] md: Autodetecting RAID arrays.
[    7.426724] md: autorun ...
[    7.426906] md: ... autorun DONE.
[    7.438194] EXT4-fs (sda): mounted filesystem with ordered data mode. Quota mode: none.
[    7.438836] VFS: Mounted root (ext4 filesystem) readonly on device 8:0.
[    7.442384] devtmpfs: mounted
[    7.462338] Freeing unused decrypted memory: 2036K
[    7.465702] Freeing unused kernel image (initmem) memory: 4568K
[    7.466137] Write protecting the kernel read-only data: 83968k
[    7.470983] Freeing unused kernel image (text/rodata gap) memory: 2028K
[    7.472086] Freeing unused kernel image (rodata/data gap) memory: 360K
[    7.596811] x86/mm: Checked W+X mappings: passed, no W+X pages found.
[    7.597411] Run /sbin/init as init process
[    7.745616] systemd[1]: RTC configured in localtime, applying delta of 0 minutes to system time.
[    7.812604] systemd[1]: systemd 239 (239-49.el8) running in system mode. (+PAM +AUDIT +SELINUX +IMA -APPARMOR +SMACK +SYSVINIT +UTMP +LIBCRYPTSETUP +GCRYPT +GNUTLS +ACL +XZ +LZ4 +SECCOMP +BLKID +ELFUTILS +KMOD +IDN2 -IDN +PCRE2 default-hierarchy=legacy)
[    7.814601] systemd[1]: Detected virtualization kvm.
[    7.814956] systemd[1]: Detected architecture x86-64.

Welcome to [0;31mCentOS Stream 8[0m!

[    7.881671] systemd[1]: Set hostname to <test>.
[    8.664155] systemd[1]: Listening on udev Control Socket.
[[0;32m  OK  [0m] Listening on udev Control Socket.
[    8.667879] systemd[1]: Listening on Journal Socket.
[[0;32m  OK  [0m] Listening on Journal Socket.
[    8.701919] systemd[1]: Mounting Huge Pages File System...
         Mounting Huge Pages File System...
[    8.704560] systemd[1]: Listening on Device-mapper event daemon FIFOs.
[[0;32m  OK  [0m] Listening on Device-mapper event daemon FIFOs.
[    8.707363] systemd[1]: Started Forward Password Requests to Wall Directory Watch.
[[0;32m  OK  [0m] Started Forward Password Requests to Wall Directory Watch.
[    8.710680] systemd[1]: Listening on multipathd control socket.
[[0;32m  OK  [0m] Listening on multipathd control socket.
         Starting Setup Virtual Console...
         Starting Load Kernel Modules...
[[0;32m  OK  [0m] Listening on udev Kernel Socket.
         Starting udev Coldplug all Devices...
[[0;32m  OK  [0m] Listening on Process Core Dump Socket.
[[0;32m  OK  [0m] Listening on initctl Compatibility Named Pipe.
[[0;32m  OK  [0m] Listening on LVM2 poll daemon socket.
         Starting Monitoring of LVM2 mirrorsâ€¦ng dmeventd or progress polling...
[[0;32m  OK  [0m] Created slice User and Session Slice.
[[0;32m  OK  [0m] Reached target Slices.
[[0;32m  OK  [0m] Listening on RPCbind Server Activation Socket.
         Mounting POSIX Message Queue File System...
[[0;32m  OK  [0m] Listening on Journal Socket (/dev/log).
         Starting Journal Service...
[[0;32m  OK  [0m] Created slice system-serial\x2dgetty.slice.
[[0;32m  OK  [0m] Created slice system-getty.slice.
[[0;32m  OK  [0m] Reached target Swap.
[[0;32m  OK  [0m] Set up automount Arbitrary Executabâ€¦rmats File System Automount Point.
         Starting Remount Root and Kernel File Systems...
[[0;32m  OK  [0m] Created slice system-sshd\x2dkeygen.slice.
[[0;32m  OK  [0m] Reached target RPC Port Mapper.
         Mounting Kernel Debug File System...
[[0;32m  OK  [0m] Started Journal Service.
[[0;32m  OK  [0m] Mounted Huge Pages File System.
[[0;32m  OK  [0m] Started Setup Virtual Console.
[[0;1;31mFAILED[0m] Failed to start Load Kernel Modules.
See 'systemctl status systemd-modules-load.service' for details.
[[0;32m  OK  [0m] Mounted POSIX Message Queue File System.
[[0;32m  OK  [0m] Mounted Kernel Debug File System.
         Mounting Kernel Configuration File System...
         Starting Apply Kernel Variables...
         Mounting FUSE Control File System...
[[0;32m  OK  [0m] Mounted Kernel Configuration File System.
[[0;32m  OK  [0m] Started Apply Kernel Variables.
[[0;32m  OK  [0m] Mounted FUSE Control File System.
[    9.893330] EXT4-fs (sda): re-mounted. Quota mode: none.
[[0;32m  OK  [0m] Started Remount Root and Kernel File Systems.
         Starting Flush Journal to Persistent Storage...
         Starting Load/Save Random Seed...
         Starting Create Static Device Nodes in /dev...
[[0;32m  OK  [0m] Started Flush Journal to Persistent Storage.
[[0;32m  OK  [0m] Started Load/Save Random Seed.
[[0;32m  OK  [0m] Started Create Static Device Nodes in /dev.
         Starting udev Kernel Device Manager...
[[0;32m  OK  [0m] Started udev Coldplug all Devices.
         Starting udev Wait for Complete Device Initialization...
[[0;32m  OK  [0m] Started udev Kernel Device Manager.
         Starting Show Plymouth Boot Screen...
[[0;32m  OK  [0m] Started Show Plymouth Boot Screen.
[[0;32m  OK  [0m] Reached target Local Encrypted Volumes.
[[0;32m  OK  [0m] Reached target Paths.
[[0;32m  OK  [0m] Started Forward Password Requests to Plymouth Directory Watch.
[[0;32m  OK  [0m] Started Monitoring of LVM2 mirrors,â€¦sing dmeventd or progress polling.
[[0;32m  OK  [0m] Found device /dev/ttyS0.
[[0;32m  OK  [0m] Started udev Wait for Complete Device Initialization.
[[0;32m  OK  [0m] Listening on Load/Save RF Kill Switch Status /dev/rfkill Watch.
[[0;32m  OK  [0m] Reached target Local File Systems (Pre).
[[0;32m  OK  [0m] Reached target Local File Systems.
         Starting Tell Plymouth To Write Out Runtime Data...
         Starting Create Volatile Files and Directories...
         Starting Restore /run/initramfs on shutdown...
[[0;32m  OK  [0m] Started Tell Plymouth To Write Out Runtime Data.
[[0;32m  OK  [0m] Started Restore /run/initramfs on shutdown.
[[0;32m  OK  [0m] Started Create Volatile Files and Directories.
         Starting RPC Bind...
         Mounting RPC Pipe File System...
         Starting Security Auditing Service...
[[0;32m  OK  [0m] Started RPC Bind.
[[0;32m  OK  [0m] Mounted RPC Pipe File System.
[[0;32m  OK  [0m] Reached target rpc_pipefs.target.
[[0;32m  OK  [0m] Started Security Auditing Service.
         Starting Update UTMP about System Boot/Shutdown...
[[0;32m  OK  [0m] Started Update UTMP about System Boot/Shutdown.
[[0;32m  OK  [0m] Reached target System Initialization.
[[0;32m  OK  [0m] Started Daily Cleanup of Temporary Directories.
[[0;32m  OK  [0m] Listening on D-Bus System Message Bus Socket.
[[0;32m  OK  [0m] Listening on SSSD Kerberos Cache Manager responder socket.
[[0;32m  OK  [0m] Reached target Sockets.
[[0;32m  OK  [0m] Reached target Basic System.
         Starting Self Monitoring and Reporting Technology (SMART) Daemon...
         Starting Authorization Manager...
[[0;32m  OK  [0m] Started D-Bus System Message Bus.
         Starting Auto-connect to subsystemsâ€¦-NVME devices found during boot...
         Starting Network Manager...
[[0;32m  OK  [0m] Started Machine Check Exception Logging Daemon.
[[0;32m  OK  [0m] Started irqbalance daemon.
         Starting NTP client/server...
[[0;32m  OK  [0m] Started daily update of the root trust anchor for DNSSEC.
[[0;32m  OK  [0m] Reached target sshd-keygen.target.
[[0;32m  OK  [0m] Started dnf makecache --timer.
[[0;32m  OK  [0m] Reached target Timers.
         Starting Login Service...
[[0;32m  OK  [0m] Started Self Monitoring and Reporting Technology (SMART) Daemon.
[[0;32m  OK  [0m] Started Auto-connect to subsystems â€¦FC-NVME devices found during boot.
         Starting update of the root trust aâ€¦or DNSSEC validation in unbound...
[[0;32m  OK  [0m] Started Network Manager.
[[0;32m  OK  [0m] Reached target Network.
         Starting GSSAPI Proxy Daemon...
         Starting OpenSSH server daemon...
         Starting Dynamic System Tuning Daemon...
         Starting Network Manager Wait Online...
[[0;32m  OK  [0m] Started NTP client/server.
[[0;32m  OK  [0m] Started GSSAPI Proxy Daemon.
[[0;32m  OK  [0m] Started OpenSSH server daemon.
[[0;32m  OK  [0m] Started Login Service.
[[0;32m  OK  [0m] Started Authorization Manager.
[[0;32m  OK  [0m] Reached target NFS client services.
[[0;32m  OK  [0m] Reached target Remote File Systems (Pre).
[[0;32m  OK  [0m] Reached target Remote File Systems.
         Starting Permit User Sessions...
         Starting Hostname Service...
[[0;32m  OK  [0m] Started update of the root trust anâ€¦ for DNSSEC validation in unbound.
[[0;32m  OK  [0m] Started Permit User Sessions.
[[0;32m  OK  [0m] Started Command Scheduler.
         Starting Hold until boot process finishes up...
         Starting Terminate Plymouth Boot Screen...
[   14.589787] e1000: eth0 NIC Link is Up 1000 Mbps Full Duplex, Flow Control: RX
[   14.591947] IPv6: ADDRCONF(NETDEV_CHANGE): eth0: link becomes ready
[   15.215359] Spectre V2 : WARNING: Unprivileged eBPF is enabled with eIBRS on, data leaks possible via Spectre v2 BHB attacks!
[   15.216298] Spectre V2 : WARNING: Unprivileged eBPF is enabled with eIBRS on, data leaks possible via Spectre v2 BHB attacks!

CentOS Stream 8
Kernel 6.0.0-70442fc54e68+ on an x86_64

test login: [   31.056530] Huh VM_FAULT_OOM leaked out to the #PF handler. Retrying PF
[   31.063397] Huh VM_FAULT_OOM leaked out to the #PF handler. Retrying PF
[   31.070247] Huh VM_FAULT_OOM leaked out to the #PF handler. Retrying PF
[   31.075042] Huh VM_FAULT_OOM leaked out to the #PF handler. Retrying PF
[   31.080777] Huh VM_FAULT_OOM leaked out to the #PF handler. Retrying PF
[   31.086249] Huh VM_FAULT_OOM leaked out to the #PF handler. Retrying PF
[   31.091043] Huh VM_FAULT_OOM leaked out to the #PF handler. Retrying PF
[   31.097684] Huh VM_FAULT_OOM leaked out to the #PF handler. Retrying PF
[   31.105086] Huh VM_FAULT_OOM leaked out to the #PF handler. Retrying PF
[   31.111915] Huh VM_FAULT_OOM leaked out to the #PF handler. Retrying PF
[   36.060258] pagefault_out_of_memory: 972 callbacks suppressed
[   36.060280] Huh VM_FAULT_OOM leaked out to the #PF handler. Retrying PF
[   36.065469] Huh VM_FAULT_OOM leaked out to the #PF handler. Retrying PF
[   36.070052] Huh VM_FAULT_OOM leaked out to the #PF handler. Retrying PF
[   36.074874] Huh VM_FAULT_OOM leaked out to the #PF handler. Retrying PF
[   36.078765] Huh VM_FAULT_OOM leaked out to the #PF handler. Retrying PF
[   36.083834] Huh VM_FAULT_OOM leaked out to the #PF handler. Retrying PF
[   36.090198] Huh VM_FAULT_OOM leaked out to the #PF handler. Retrying PF
[   36.096312] Huh VM_FAULT_OOM leaked out to the #PF handler. Retrying PF
[   36.102350] Huh VM_FAULT_OOM leaked out to the #PF handler. Retrying PF
[   36.108224] Huh VM_FAULT_OOM leaked out to the #PF handler. Retrying PF
[   41.061884] pagefault_out_of_memory: 929 callbacks suppressed
[   41.061906] Huh VM_FAULT_OOM leaked out to the #PF handler. Retrying PF
[   41.069973] Huh VM_FAULT_OOM leaked out to the #PF handler. Retrying PF
[   41.076112] Huh VM_FAULT_OOM leaked out to the #PF handler. Retrying PF
[   41.081695] Huh VM_FAULT_OOM leaked out to the #PF handler. Retrying PF
[   41.088979] Huh VM_FAULT_OOM leaked out to the #PF handler. Retrying PF
[   41.097409] Huh VM_FAULT_OOM leaked out to the #PF handler. Retrying PF
[   41.104023] Huh VM_FAULT_OOM leaked out to the #PF handler. Retrying PF
[   41.110729] Huh VM_FAULT_OOM leaked out to the #PF handler. Retrying PF
[   41.116098] Huh VM_FAULT_OOM leaked out to the #PF handler. Retrying PF
[   41.120876] Huh VM_FAULT_OOM leaked out to the #PF handler. Retrying PF
[   46.067448] pagefault_out_of_memory: 964 callbacks suppressed
[   46.067462] Huh VM_FAULT_OOM leaked out to the #PF handler. Retrying PF
[   46.072827] Huh VM_FAULT_OOM leaked out to the #PF handler. Retrying PF
[   46.077348] Huh VM_FAULT_OOM leaked out to the #PF handler. Retrying PF
[   46.084011] Huh VM_FAULT_OOM leaked out to the #PF handler. Retrying PF
[   46.090458] Huh VM_FAULT_OOM leaked out to the #PF handler. Retrying PF
[   46.097089] Huh VM_FAULT_OOM leaked out to the #PF handler. Retrying PF
[   46.101870] Huh VM_FAULT_OOM leaked out to the #PF handler. Retrying PF
[   46.106667] Huh VM_FAULT_OOM leaked out to the #PF handler. Retrying PF
[   46.111820] Huh VM_FAULT_OOM leaked out to the #PF handler. Retrying PF
[   46.116755] Huh VM_FAULT_OOM leaked out to the #PF handler. Retrying PF
[   51.072480] pagefault_out_of_memory: 981 callbacks suppressed
[   51.072525] Huh VM_FAULT_OOM leaked out to the #PF handler. Retrying PF
[   51.079164] Huh VM_FAULT_OOM leaked out to the #PF handler. Retrying PF
[   51.084989] Huh VM_FAULT_OOM leaked out to the #PF handler. Retrying PF
[   51.090639] Huh VM_FAULT_OOM leaked out to the #PF handler. Retrying PF
[   51.096603] Huh VM_FAULT_OOM leaked out to the #PF handler. Retrying PF
[   51.102211] Huh VM_FAULT_OOM leaked out to the #PF handler. Retrying PF
[   51.109002] Huh VM_FAULT_OOM leaked out to the #PF handler. Retrying PF
[   51.115839] Huh VM_FAULT_OOM leaked out to the #PF handler. Retrying PF
[   51.122616] Huh VM_FAULT_OOM leaked out to the #PF handler. Retrying PF
[   51.129788] Huh VM_FAULT_OOM leaked out to the #PF handler. Retrying PF
[   56.073792] pagefault_out_of_memory: 960 callbacks suppressed
[   56.073814] Huh VM_FAULT_OOM leaked out to the #PF handler. Retrying PF
[   56.082351] Huh VM_FAULT_OOM leaked out to the #PF handler. Retrying PF
[   56.089701] Huh VM_FAULT_OOM leaked out to the #PF handler. Retrying PF
[   56.096016] Huh VM_FAULT_OOM leaked out to the #PF handler. Retrying PF
[   56.103228] Huh VM_FAULT_OOM leaked out to the #PF handler. Retrying PF
[   56.109895] Huh VM_FAULT_OOM leaked out to the #PF handler. Retrying PF
[   56.116561] Huh VM_FAULT_OOM leaked out to the #PF handler. Retrying PF
[   56.124207] Huh VM_FAULT_OOM leaked out to the #PF handler. Retrying PF
[   56.131365] Huh VM_FAULT_OOM leaked out to the #PF handler. Retrying PF
[   56.139040] Huh VM_FAULT_OOM leaked out to the #PF handler. Retrying PF
[   61.080605] pagefault_out_of_memory: 940 callbacks suppressed
[   61.080626] Huh VM_FAULT_OOM leaked out to the #PF handler. Retrying PF
[   61.087745] Huh VM_FAULT_OOM leaked out to the #PF handler. Retrying PF
[   61.095729] Huh VM_FAULT_OOM leaked out to the #PF handler. Retrying PF
[   61.103035] Huh VM_FAULT_OOM leaked out to the #PF handler. Retrying PF
[   61.109906] Huh VM_FAULT_OOM leaked out to the #PF handler. Retrying PF
[   61.116602] Huh VM_FAULT_OOM leaked out to the #PF handler. Retrying PF
[   61.122571] Huh VM_FAULT_OOM leaked out to the #PF handler. Retrying PF
[   61.127002] Huh VM_FAULT_OOM leaked out to the #PF handler. Retrying PF
[   61.132387] Huh VM_FAULT_OOM leaked out to the #PF handler. Retrying PF
[   61.136943] Huh VM_FAULT_OOM leaked out to the #PF handler. Retrying PF
[   66.084966] pagefault_out_of_memory: 981 callbacks suppressed
[   66.084980] Huh VM_FAULT_OOM leaked out to the #PF handler. Retrying PF
[   66.091689] Huh VM_FAULT_OOM leaked out to the #PF handler. Retrying PF
[   66.096343] Huh VM_FAULT_OOM leaked out to the #PF handler. Retrying PF
[   66.100869] Huh VM_FAULT_OOM leaked out to the #PF handler. Retrying PF
[   66.105598] Huh VM_FAULT_OOM leaked out to the #PF handler. Retrying PF
[   66.109843] Huh VM_FAULT_OOM leaked out to the #PF handler. Retrying PF
[   66.114097] Huh VM_FAULT_OOM leaked out to the #PF handler. Retrying PF
[   66.119435] Huh VM_FAULT_OOM leaked out to the #PF handler. Retrying PF
[   66.124510] Huh VM_FAULT_OOM leaked out to the #PF handler. Retrying PF
[   66.130643] Huh VM_FAULT_OOM leaked out to the #PF handler. Retrying PF
[   71.086442] pagefault_out_of_memory: 972 callbacks suppressed
[   71.086457] Huh VM_FAULT_OOM leaked out to the #PF handler. Retrying PF
[   71.092310] Huh VM_FAULT_OOM leaked out to the #PF handler. Retrying PF
[   71.097654] Huh VM_FAULT_OOM leaked out to the #PF handler. Retrying PF
[   71.104040] Huh VM_FAULT_OOM leaked out to the #PF handler. Retrying PF
[   71.109987] Huh VM_FAULT_OOM leaked out to the #PF handler. Retrying PF
[   71.116280] Huh VM_FAULT_OOM leaked out to the #PF handler. Retrying PF
[   71.121830] Huh VM_FAULT_OOM leaked out to the #PF handler. Retrying PF
[   71.127208] Huh VM_FAULT_OOM leaked out to the #PF handler. Retrying PF
[   71.132947] Huh VM_FAULT_OOM leaked out to the #PF handler. Retrying PF
[   71.138991] Huh VM_FAULT_OOM leaked out to the #PF handler. Retrying PF
[   76.092470] pagefault_out_of_memory: 964 callbacks suppressed
[   76.092490] Huh VM_FAULT_OOM leaked out to the #PF handler. Retrying PF
[   76.099735] Huh VM_FAULT_OOM leaked out to the #PF handler. Retrying PF
[   76.105158] Huh VM_FAULT_OOM leaked out to the #PF handler. Retrying PF
[   76.111991] Huh VM_FAULT_OOM leaked out to the #PF handler. Retrying PF
[   76.119066] Huh VM_FAULT_OOM leaked out to the #PF handler. Retrying PF
[   76.125845] Huh VM_FAULT_OOM leaked out to the #PF handler. Retrying PF
[   76.132723] Huh VM_FAULT_OOM leaked out to the #PF handler. Retrying PF
[   76.138231] Huh VM_FAULT_OOM leaked out to the #PF handler. Retrying PF
[   76.143644] Huh VM_FAULT_OOM leaked out to the #PF handler. Retrying PF
[   76.150206] Huh VM_FAULT_OOM leaked out to the #PF handler. Retrying PF
[   81.094771] pagefault_out_of_memory: 962 callbacks suppressed
[   81.094785] Huh VM_FAULT_OOM leaked out to the #PF handler. Retrying PF
[   81.100879] Huh VM_FAULT_OOM leaked out to the #PF handler. Retrying PF
[   81.107568] Huh VM_FAULT_OOM leaked out to the #PF handler. Retrying PF
[   81.114080] Huh VM_FAULT_OOM leaked out to the #PF handler. Retrying PF
[   81.120798] Huh VM_FAULT_OOM leaked out to the #PF handler. Retrying PF
[   81.127656] Huh VM_FAULT_OOM leaked out to the #PF handler. Retrying PF
[   81.133873] Huh VM_FAULT_OOM leaked out to the #PF handler. Retrying PF
[   81.141241] Huh VM_FAULT_OOM leaked out to the #PF handler. Retrying PF
[   81.148082] Huh VM_FAULT_OOM leaked out to the #PF handler. Retrying PF
[   81.154926] Huh VM_FAULT_OOM leaked out to the #PF handler. Retrying PF
[   86.102665] pagefault_out_of_memory: 958 callbacks suppressed
[   86.102710] Huh VM_FAULT_OOM leaked out to the #PF handler. Retrying PF
[   86.110177] Huh VM_FAULT_OOM leaked out to the #PF handler. Retrying PF
[   86.117379] Huh VM_FAULT_OOM leaked out to the #PF handler. Retrying PF
[   86.124496] Huh VM_FAULT_OOM leaked out to the #PF handler. Retrying PF
[   86.132331] Huh VM_FAULT_OOM leaked out to the #PF handler. Retrying PF
[   86.139894] Huh VM_FAULT_OOM leaked out to the #PF handler. Retrying PF
[   86.147261] Huh VM_FAULT_OOM leaked out to the #PF handler. Retrying PF
[   86.153754] Huh VM_FAULT_OOM leaked out to the #PF handler. Retrying PF
[   86.161398] Huh VM_FAULT_OOM leaked out to the #PF handler. Retrying PF
[   86.168944] Huh VM_FAULT_OOM leaked out to the #PF handler. Retrying PF
[   91.111073] pagefault_out_of_memory: 835 callbacks suppressed
[   91.111094] Huh VM_FAULT_OOM leaked out to the #PF handler. Retrying PF
[   91.119273] Huh VM_FAULT_OOM leaked out to the #PF handler. Retrying PF
[   91.126058] Huh VM_FAULT_OOM leaked out to the #PF handler. Retrying PF
[   91.133694] Huh VM_FAULT_OOM leaked out to the #PF handler. Retrying PF
[   91.140879] Huh VM_FAULT_OOM leaked out to the #PF handler. Retrying PF
[   91.148608] Huh VM_FAULT_OOM leaked out to the #PF handler. Retrying PF
[   91.155685] Huh VM_FAULT_OOM leaked out to the #PF handler. Retrying PF
[   91.162004] Huh VM_FAULT_OOM leaked out to the #PF handler. Retrying PF
[   91.168965] Huh VM_FAULT_OOM leaked out to the #PF handler. Retrying PF
[   91.176047] Huh VM_FAULT_OOM leaked out to the #PF handler. Retrying PF
[   96.115564] pagefault_out_of_memory: 856 callbacks suppressed
[   96.115586] Huh VM_FAULT_OOM leaked out to the #PF handler. Retrying PF
[   96.124484] Huh VM_FAULT_OOM leaked out to the #PF handler. Retrying PF
[   96.131249] Huh VM_FAULT_OOM leaked out to the #PF handler. Retrying PF
[   96.138102] Huh VM_FAULT_OOM leaked out to the #PF handler. Retrying PF
[   96.145066] Huh VM_FAULT_OOM leaked out to the #PF handler. Retrying PF
[   96.151642] Huh VM_FAULT_OOM leaked out to the #PF handler. Retrying PF
[   96.158245] Huh VM_FAULT_OOM leaked out to the #PF handler. Retrying PF
[   96.165475] Huh VM_FAULT_OOM leaked out to the #PF handler. Retrying PF
[   96.174550] Huh VM_FAULT_OOM leaked out to the #PF handler. Retrying PF
[   96.181450] Huh VM_FAULT_OOM leaked out to the #PF handler. Retrying PF
[  101.122399] pagefault_out_of_memory: 941 callbacks suppressed
[  101.122420] Huh VM_FAULT_OOM leaked out to the #PF handler. Retrying PF
[  101.128559] Huh VM_FAULT_OOM leaked out to the #PF handler. Retrying PF
[  101.133052] Huh VM_FAULT_OOM leaked out to the #PF handler. Retrying PF
[  101.137834] Huh VM_FAULT_OOM leaked out to the #PF handler. Retrying PF
[  101.143320] Huh VM_FAULT_OOM leaked out to the #PF handler. Retrying PF
[  101.148367] Huh VM_FAULT_OOM leaked out to the #PF handler. Retrying PF
[  101.153054] Huh VM_FAULT_OOM leaked out to the #PF handler. Retrying PF
[  101.157418] Huh VM_FAULT_OOM leaked out to the #PF handler. Retrying PF
[  101.162158] Huh VM_FAULT_OOM leaked out to the #PF handler. Retrying PF
[  101.167977] Huh VM_FAULT_OOM leaked out to the #PF handler. Retrying PF
[  106.128849] pagefault_out_of_memory: 919 callbacks suppressed
[  106.128862] Huh VM_FAULT_OOM leaked out to the #PF handler. Retrying PF
[  106.133539] Huh VM_FAULT_OOM leaked out to the #PF handler. Retrying PF
[  106.137834] Huh VM_FAULT_OOM leaked out to the #PF handler. Retrying PF
[  106.143119] Huh VM_FAULT_OOM leaked out to the #PF handler. Retrying PF
[  106.147013] Huh VM_FAULT_OOM leaked out to the #PF handler. Retrying PF
[  106.151220] Huh VM_FAULT_OOM leaked out to the #PF handler. Retrying PF
[  106.155763] Huh VM_FAULT_OOM leaked out to the #PF handler. Retrying PF
[  106.160122] Huh VM_FAULT_OOM leaked out to the #PF handler. Retrying PF
[  106.164117] Huh VM_FAULT_OOM leaked out to the #PF handler. Retrying PF
[  106.170856] Huh VM_FAULT_OOM leaked out to the #PF handler. Retrying PF
[  111.130510] pagefault_out_of_memory: 933 callbacks suppressed
[  111.130526] Huh VM_FAULT_OOM leaked out to the #PF handler. Retrying PF
[  111.136169] Huh VM_FAULT_OOM leaked out to the #PF handler. Retrying PF
[  111.141508] Huh VM_FAULT_OOM leaked out to the #PF handler. Retrying PF
[  111.147696] Huh VM_FAULT_OOM leaked out to the #PF handler. Retrying PF
[  111.154434] Huh VM_FAULT_OOM leaked out to the #PF handler. Retrying PF
[  111.161608] Huh VM_FAULT_OOM leaked out to the #PF handler. Retrying PF
[  111.168237] Huh VM_FAULT_OOM leaked out to the #PF handler. Retrying PF
[  111.174986] Huh VM_FAULT_OOM leaked out to the #PF handler. Retrying PF
[  111.181694] Huh VM_FAULT_OOM leaked out to the #PF handler. Retrying PF
[  111.188418] Huh VM_FAULT_OOM leaked out to the #PF handler. Retrying PF
[  116.136273] pagefault_out_of_memory: 938 callbacks suppressed
[  116.136296] Huh VM_FAULT_OOM leaked out to the #PF handler. Retrying PF
[  116.144287] Huh VM_FAULT_OOM leaked out to the #PF handler. Retrying PF
[  116.151767] Huh VM_FAULT_OOM leaked out to the #PF handler. Retrying PF
[  116.160030] Huh VM_FAULT_OOM leaked out to the #PF handler. Retrying PF
[  116.167174] Huh VM_FAULT_OOM leaked out to the #PF handler. Retrying PF
[  116.174047] Huh VM_FAULT_OOM leaked out to the #PF handler. Retrying PF
[  116.181048] Huh VM_FAULT_OOM leaked out to the #PF handler. Retrying PF
[  116.187801] Huh VM_FAULT_OOM leaked out to the #PF handler. Retrying PF
[  116.195407] Huh VM_FAULT_OOM leaked out to the #PF handler. Retrying PF
[  116.202082] Huh VM_FAULT_OOM leaked out to the #PF handler. Retrying PF
[  121.139689] pagefault_out_of_memory: 895 callbacks suppressed
[  121.139710] Huh VM_FAULT_OOM leaked out to the #PF handler. Retrying PF
[  121.147854] Huh VM_FAULT_OOM leaked out to the #PF handler. Retrying PF
[  121.155257] Huh VM_FAULT_OOM leaked out to the #PF handler. Retrying PF
[  121.163351] Huh VM_FAULT_OOM leaked out to the #PF handler. Retrying PF
[  121.170750] Huh VM_FAULT_OOM leaked out to the #PF handler. Retrying PF
[  121.178876] Huh VM_FAULT_OOM leaked out to the #PF handler. Retrying PF
[  121.185817] Huh VM_FAULT_OOM leaked out to the #PF handler. Retrying PF
[  121.191867] Huh VM_FAULT_OOM leaked out to the #PF handler. Retrying PF
[  121.199044] Huh VM_FAULT_OOM leaked out to the #PF handler. Retrying PF
[  121.205921] Huh VM_FAULT_OOM leaked out to the #PF handler. Retrying PF
[  126.144276] pagefault_out_of_memory: 932 callbacks suppressed
[  126.144298] Huh VM_FAULT_OOM leaked out to the #PF handler. Retrying PF
[  126.151906] Huh VM_FAULT_OOM leaked out to the #PF handler. Retrying PF
[  126.158449] Huh VM_FAULT_OOM leaked out to the #PF handler. Retrying PF
[  126.164747] Huh VM_FAULT_OOM leaked out to the #PF handler. Retrying PF
[  126.171168] Huh VM_FAULT_OOM leaked out to the #PF handler. Retrying PF
[  126.177449] Huh VM_FAULT_OOM leaked out to the #PF handler. Retrying PF
[  126.183070] Huh VM_FAULT_OOM leaked out to the #PF handler. Retrying PF
[  126.188767] Huh VM_FAULT_OOM leaked out to the #PF handler. Retrying PF
[  126.193496] Huh VM_FAULT_OOM leaked out to the #PF handler. Retrying PF
[  126.198494] Huh VM_FAULT_OOM leaked out to the #PF handler. Retrying PF
[  131.148140] pagefault_out_of_memory: 914 callbacks suppressed
[  131.148162] Huh VM_FAULT_OOM leaked out to the #PF handler. Retrying PF
[  131.156889] Huh VM_FAULT_OOM leaked out to the #PF handler. Retrying PF
[  131.165135] Huh VM_FAULT_OOM leaked out to the #PF handler. Retrying PF
[  131.173319] Huh VM_FAULT_OOM leaked out to the #PF handler. Retrying PF
[  131.181300] Huh VM_FAULT_OOM leaked out to the #PF handler. Retrying PF
[  131.188785] Huh VM_FAULT_OOM leaked out to the #PF handler. Retrying PF
[  131.196843] Huh VM_FAULT_OOM leaked out to the #PF handler. Retrying PF
[  131.204556] Huh VM_FAULT_OOM leaked out to the #PF handler. Retrying PF
[  131.212957] Huh VM_FAULT_OOM leaked out to the #PF handler. Retrying PF
[  131.219783] Huh VM_FAULT_OOM leaked out to the #PF handler. Retrying PF
[  136.151396] pagefault_out_of_memory: 915 callbacks suppressed
[  136.151443] Huh VM_FAULT_OOM leaked out to the #PF handler. Retrying PF
[  136.159328] Huh VM_FAULT_OOM leaked out to the #PF handler. Retrying PF
[  136.166183] Huh VM_FAULT_OOM leaked out to the #PF handler. Retrying PF
[  136.172978] Huh VM_FAULT_OOM leaked out to the #PF handler. Retrying PF
[  136.180314] Huh VM_FAULT_OOM leaked out to the #PF handler. Retrying PF
[  136.187620] Huh VM_FAULT_OOM leaked out to the #PF handler. Retrying PF
[  136.194370] Huh VM_FAULT_OOM leaked out to the #PF handler. Retrying PF
[  136.201018] Huh VM_FAULT_OOM leaked out to the #PF handler. Retrying PF
[  136.208545] Huh VM_FAULT_OOM leaked out to the #PF handler. Retrying PF
[  136.216168] Huh VM_FAULT_OOM leaked out to the #PF handler. Retrying PF
[  141.155473] pagefault_out_of_memory: 992 callbacks suppressed
[  141.155493] Huh VM_FAULT_OOM leaked out to the #PF handler. Retrying PF
[  141.162886] Huh VM_FAULT_OOM leaked out to the #PF handler. Retrying PF
[  141.169468] Huh VM_FAULT_OOM leaked out to the #PF handler. Retrying PF
[  141.176177] Huh VM_FAULT_OOM leaked out to the #PF handler. Retrying PF
[  141.182748] Huh VM_FAULT_OOM leaked out to the #PF handler. Retrying PF
[  141.189289] Huh VM_FAULT_OOM leaked out to the #PF handler. Retrying PF
[  141.195977] Huh VM_FAULT_OOM leaked out to the #PF handler. Retrying PF
[  141.203336] Huh VM_FAULT_OOM leaked out to the #PF handler. Retrying PF
[  141.210252] Huh VM_FAULT_OOM leaked out to the #PF handler. Retrying PF
[  141.217638] Huh VM_FAULT_OOM leaked out to the #PF handler. Retrying PF
[  146.158122] pagefault_out_of_memory: 968 callbacks suppressed
[  146.158143] Huh VM_FAULT_OOM leaked out to the #PF handler. Retrying PF
[  146.167031] Huh VM_FAULT_OOM leaked out to the #PF handler. Retrying PF
[  146.173879] Huh VM_FAULT_OOM leaked out to the #PF handler. Retrying PF
[  146.181795] Huh VM_FAULT_OOM leaked out to the #PF handler. Retrying PF
[  146.188547] Huh VM_FAULT_OOM leaked out to the #PF handler. Retrying PF
[  146.195841] Huh VM_FAULT_OOM leaked out to the #PF handler. Retrying PF
[  146.203768] Huh VM_FAULT_OOM leaked out to the #PF handler. Retrying PF
[  146.211242] Huh VM_FAULT_OOM leaked out to the #PF handler. Retrying PF
[  146.217418] Huh VM_FAULT_OOM leaked out to the #PF handler. Retrying PF
[  146.224083] Huh VM_FAULT_OOM leaked out to the #PF handler. Retrying PF
[  151.162524] pagefault_out_of_memory: 903 callbacks suppressed
[  151.162538] Huh VM_FAULT_OOM leaked out to the #PF handler. Retrying PF
[  151.168796] Huh VM_FAULT_OOM leaked out to the #PF handler. Retrying PF
[  151.173161] Huh VM_FAULT_OOM leaked out to the #PF handler. Retrying PF
[  151.177515] Huh VM_FAULT_OOM leaked out to the #PF handler. Retrying PF
[  151.181862] Huh VM_FAULT_OOM leaked out to the #PF handler. Retrying PF
[  151.187479] Huh VM_FAULT_OOM leaked out to the #PF handler. Retrying PF
[  151.193466] Huh VM_FAULT_OOM leaked out to the #PF handler. Retrying PF
[  151.199724] Huh VM_FAULT_OOM leaked out to the #PF handler. Retrying PF
[  151.207084] Huh VM_FAULT_OOM leaked out to the #PF handler. Retrying PF
[  151.214859] Huh VM_FAULT_OOM leaked out to the #PF handler. Retrying PF
[  156.168135] pagefault_out_of_memory: 968 callbacks suppressed
[  156.168151] Huh VM_FAULT_OOM leaked out to the #PF handler. Retrying PF
[  156.173441] Huh VM_FAULT_OOM leaked out to the #PF handler. Retrying PF
[  156.177894] Huh VM_FAULT_OOM leaked out to the #PF handler. Retrying PF
[  156.182586] Huh VM_FAULT_OOM leaked out to the #PF handler. Retrying PF
[  156.186876] Huh VM_FAULT_OOM leaked out to the #PF handler. Retrying PF
[  156.191176] Huh VM_FAULT_OOM leaked out to the #PF handler. Retrying PF
[  156.195665] Huh VM_FAULT_OOM leaked out to the #PF handler. Retrying PF
[  156.199746] Huh VM_FAULT_OOM leaked out to the #PF handler. Retrying PF
[  156.204126] Huh VM_FAULT_OOM leaked out to the #PF handler. Retrying PF
[  156.208378] Huh VM_FAULT_OOM leaked out to the #PF handler. Retrying PF
[  161.171454] pagefault_out_of_memory: 898 callbacks suppressed
[  161.171478] Huh VM_FAULT_OOM leaked out to the #PF handler. Retrying PF
[  161.179096] Huh VM_FAULT_OOM leaked out to the #PF handler. Retrying PF
[  161.186359] Huh VM_FAULT_OOM leaked out to the #PF handler. Retrying PF
[  161.193115] Huh VM_FAULT_OOM leaked out to the #PF handler. Retrying PF
[  161.198744] Huh VM_FAULT_OOM leaked out to the #PF handler. Retrying PF
[  161.204670] Huh VM_FAULT_OOM leaked out to the #PF handler. Retrying PF
[  161.209917] Huh VM_FAULT_OOM leaked out to the #PF handler. Retrying PF
[  161.215589] Huh VM_FAULT_OOM leaked out to the #PF handler. Retrying PF
[  161.220503] Huh VM_FAULT_OOM leaked out to the #PF handler. Retrying PF
[  161.226269] Huh VM_FAULT_OOM leaked out to the #PF handler. Retrying PF
[  166.177466] pagefault_out_of_memory: 898 callbacks suppressed
[  166.177490] Huh VM_FAULT_OOM leaked out to the #PF handler. Retrying PF
[  166.184792] Huh VM_FAULT_OOM leaked out to the #PF handler. Retrying PF
[  166.193382] Huh VM_FAULT_OOM leaked out to the #PF handler. Retrying PF
[  166.201596] Huh VM_FAULT_OOM leaked out to the #PF handler. Retrying PF
[  166.208645] Huh VM_FAULT_OOM leaked out to the #PF handler. Retrying PF
[  166.216116] Huh VM_FAULT_OOM leaked out to the #PF handler. Retrying PF
[  166.223396] Huh VM_FAULT_OOM leaked out to the #PF handler. Retrying PF
[  166.230308] Huh VM_FAULT_OOM leaked out to the #PF handler. Retrying PF
[  166.237433] Huh VM_FAULT_OOM leaked out to the #PF handler. Retrying PF
[  166.244581] Huh VM_FAULT_OOM leaked out to the #PF handler. Retrying PF
[  171.186724] pagefault_out_of_memory: 950 callbacks suppressed
[  171.186745] Huh VM_FAULT_OOM leaked out to the #PF handler. Retrying PF
[  171.195068] Huh VM_FAULT_OOM leaked out to the #PF handler. Retrying PF
[  171.201655] Huh VM_FAULT_OOM leaked out to the #PF handler. Retrying PF
[  171.208439] Huh VM_FAULT_OOM leaked out to the #PF handler. Retrying PF
[  171.215229] Huh VM_FAULT_OOM leaked out to the #PF handler. Retrying PF
[  171.221934] Huh VM_FAULT_OOM leaked out to the #PF handler. Retrying PF
[  171.228521] Huh VM_FAULT_OOM leaked out to the #PF handler. Retrying PF
[  171.235660] Huh VM_FAULT_OOM leaked out to the #PF handler. Retrying PF
[  171.242921] Huh VM_FAULT_OOM leaked out to the #PF handler. Retrying PF
[  171.251477] Huh VM_FAULT_OOM leaked out to the #PF handler. Retrying PF
[  176.191779] pagefault_out_of_memory: 939 callbacks suppressed
[  176.191799] Huh VM_FAULT_OOM leaked out to the #PF handler. Retrying PF
[  176.198253] Huh VM_FAULT_OOM leaked out to the #PF handler. Retrying PF
[  176.203549] Huh VM_FAULT_OOM leaked out to the #PF handler. Retrying PF
[  176.208739] Huh VM_FAULT_OOM leaked out to the #PF handler. Retrying PF
[  176.215315] Huh VM_FAULT_OOM leaked out to the #PF handler. Retrying PF
[  176.221567] Huh VM_FAULT_OOM leaked out to the #PF handler. Retrying PF
[  176.228464] Huh VM_FAULT_OOM leaked out to the #PF handler. Retrying PF
[  176.235193] Huh VM_FAULT_OOM leaked out to the #PF handler. Retrying PF
[  176.242639] Huh VM_FAULT_OOM leaked out to the #PF handler. Retrying PF
[  176.248896] Huh VM_FAULT_OOM leaked out to the #PF handler. Retrying PF
