c[?7l[2J[0mSeaBIOS (version rel-1.14.0-0-g155821a1990b-prebuilt.qemu.org)


iPXE (http://ipxe.org) 00:03.0 CA00 PCI2.10 PnP PMM+7FF8F030+7FEEF030 CA00
Press Ctrl-B to configure iPXE (PCI 00:03.0)...                                                                               


Booting from ROM...
c[?7l[2J[    0.000000] Linux version 5.19.0-c2e75634cbe3+ (root@p-mtlp02) (gcc (GCC) 8.5.0 20210514 (Red Hat 8.5.0-18), GNU ld version 2.36.1-2.el8) #1 SMP PREEMPT_DYNAMIC Tue Feb 7 09:42:37 CST 2023
[    0.000000] Command line: console=ttyS0 root=/dev/sda earlyprintk=serial net.ifnames=0
[    0.000000] KERNEL supported cpus:
[    0.000000]   Intel GenuineIntel
[    0.000000]   AMD AuthenticAMD
[    0.000000]   Hygon HygonGenuine
[    0.000000]   Centaur CentaurHauls
[    0.000000]   zhaoxin   Shanghai  
[    0.000000] x86/split lock detection: #DB: warning on user-space bus_locks
[    0.000000] x86/fpu: Supporting XSAVE feature 0x001: 'x87 floating point registers'
[    0.000000] x86/fpu: Supporting XSAVE feature 0x002: 'SSE registers'
[    0.000000] x86/fpu: Supporting XSAVE feature 0x004: 'AVX registers'
[    0.000000] x86/fpu: Supporting XSAVE feature 0x200: 'Protection Keys User registers'
[    0.000000] x86/fpu: xstate_offset[2]:  576, xstate_sizes[2]:  256
[    0.000000] x86/fpu: xstate_offset[9]:  832, xstate_sizes[9]:    8
[    0.000000] x86/fpu: Enabled xstate features 0x207, context size is 840 bytes, using 'compacted' format.
[    0.000000] signal: max sigframe size: 3632
[    0.000000] BIOS-provided physical RAM map:
[    0.000000] BIOS-e820: [mem 0x0000000000000000-0x000000000009fbff] usable
[    0.000000] BIOS-e820: [mem 0x000000000009fc00-0x000000000009ffff] reserved
[    0.000000] BIOS-e820: [mem 0x00000000000f0000-0x00000000000fffff] reserved
[    0.000000] BIOS-e820: [mem 0x0000000000100000-0x000000007ffdffff] usable
[    0.000000] BIOS-e820: [mem 0x000000007ffe0000-0x000000007fffffff] reserved
[    0.000000] BIOS-e820: [mem 0x00000000feffc000-0x00000000feffffff] reserved
[    0.000000] BIOS-e820: [mem 0x00000000fffc0000-0x00000000ffffffff] reserved
[    0.000000] printk: bootconsole [earlyser0] enabled
[    0.000000] NX (Execute Disable) protection: active
[    0.000000] SMBIOS 2.8 present.
[    0.000000] DMI: QEMU Standard PC (i440FX + PIIX, 1996), BIOS rel-1.14.0-0-g155821a1990b-prebuilt.qemu.org 04/01/2014
[    0.000000] Hypervisor detected: KVM
[    0.000000] kvm-clock: Using msrs 4b564d01 and 4b564d00
[    0.000012] kvm-clock: using sched offset of 945848278 cycles
[    0.001132] clocksource: kvm-clock: mask: 0xffffffffffffffff max_cycles: 0x1cd42e4dffb, max_idle_ns: 881590591483 ns
[    0.004584] tsc: Detected 1190.400 MHz processor
[    0.018415] last_pfn = 0x7ffe0 max_arch_pfn = 0x400000000
[    0.019705] x86/PAT: Configuration [0-7]: WB  WC  UC- UC  WB  WP  UC- WT  
[    0.032360] found SMP MP-table at [mem 0x000f5a90-0x000f5a9f]
[    0.033874] Using GB pages for direct mapping
[    0.037615] ACPI: Early table checksum verification disabled
[    0.038900] ACPI: RSDP 0x00000000000F5870 000014 (v00 BOCHS )
[    0.040107] ACPI: RSDT 0x000000007FFE1959 000034 (v01 BOCHS  BXPC     00000001 BXPC 00000001)
[    0.041860] ACPI: FACP 0x000000007FFE1805 000074 (v01 BOCHS  BXPC     00000001 BXPC 00000001)
[    0.043602] ACPI: DSDT 0x000000007FFE0040 0017C5 (v01 BOCHS  BXPC     00000001 BXPC 00000001)
[    0.045339] ACPI: FACS 0x000000007FFE0000 000040
[    0.046310] ACPI: APIC 0x000000007FFE1879 000080 (v01 BOCHS  BXPC     00000001 BXPC 00000001)
[    0.048068] ACPI: HPET 0x000000007FFE18F9 000038 (v01 BOCHS  BXPC     00000001 BXPC 00000001)
[    0.049889] ACPI: WAET 0x000000007FFE1931 000028 (v01 BOCHS  BXPC     00000001 BXPC 00000001)
[    0.051692] ACPI: Reserving FACP table memory at [mem 0x7ffe1805-0x7ffe1878]
[    0.053164] ACPI: Reserving DSDT table memory at [mem 0x7ffe0040-0x7ffe1804]
[    0.054640] ACPI: Reserving FACS table memory at [mem 0x7ffe0000-0x7ffe003f]
[    0.056171] ACPI: Reserving APIC table memory at [mem 0x7ffe1879-0x7ffe18f8]
[    0.057648] ACPI: Reserving HPET table memory at [mem 0x7ffe18f9-0x7ffe1930]
[    0.059125] ACPI: Reserving WAET table memory at [mem 0x7ffe1931-0x7ffe1958]
[    0.062325] No NUMA configuration found
[    0.062799] Faking a node at [mem 0x0000000000000000-0x000000007ffdffff]
[    0.063680] NODE_DATA(0) allocated [mem 0x7ffb5000-0x7ffdffff]
[    0.104329] Zone ranges:
[    0.104634]   DMA      [mem 0x0000000000001000-0x0000000000ffffff]
[    0.105209]   DMA32    [mem 0x0000000001000000-0x000000007ffdffff]
[    0.105865]   Normal   empty
[    0.106155]   Device   empty
[    0.106439] Movable zone start for each node
[    0.106846] Early memory node ranges
[    0.107176]   node   0: [mem 0x0000000000001000-0x000000000009efff]
[    0.107750]   node   0: [mem 0x0000000000100000-0x000000007ffdffff]
[    0.108331] Initmem setup node 0 [mem 0x0000000000001000-0x000000007ffdffff]
[    0.108991] On node 0, zone DMA: 1 pages in unavailable ranges
[    0.109101] On node 0, zone DMA: 97 pages in unavailable ranges
[    0.122727] On node 0, zone DMA32: 32 pages in unavailable ranges
[    0.833419] kasan: KernelAddressSanitizer initialized
[    0.835146] ACPI: PM-Timer IO Port: 0x608
[    0.835685] ACPI: LAPIC_NMI (acpi_id[0xff] dfl dfl lint[0x1])
[    0.836395] IOAPIC[0]: apic_id 0, version 17, address 0xfec00000, GSI 0-23
[    0.837114] ACPI: INT_SRC_OVR (bus 0 bus_irq 0 global_irq 2 dfl dfl)
[    0.837819] ACPI: INT_SRC_OVR (bus 0 bus_irq 5 global_irq 5 high level)
[    0.838583] ACPI: INT_SRC_OVR (bus 0 bus_irq 9 global_irq 9 high level)
[    0.839352] ACPI: INT_SRC_OVR (bus 0 bus_irq 10 global_irq 10 high level)
[    0.840137] ACPI: INT_SRC_OVR (bus 0 bus_irq 11 global_irq 11 high level)
[    0.840947] ACPI: Using ACPI (MADT) for SMP configuration information
[    0.841702] ACPI: HPET id: 0x8086a201 base: 0xfed00000
[    0.842339] TSC deadline timer available
[    0.842811] smpboot: Allowing 2 CPUs, 0 hotplug CPUs
[    0.843531] kvm-guest: KVM setup pv remote TLB flush
[    0.844118] kvm-guest: setup PV sched yield
[    0.844738] PM: hibernation: Registered nosave memory: [mem 0x00000000-0x00000fff]
[    0.845629] PM: hibernation: Registered nosave memory: [mem 0x0009f000-0x0009ffff]
[    0.846531] PM: hibernation: Registered nosave memory: [mem 0x000a0000-0x000effff]
[    0.847393] PM: hibernation: Registered nosave memory: [mem 0x000f0000-0x000fffff]
[    0.848273] [mem 0x80000000-0xfeffbfff] available for PCI devices
[    0.848982] Booting paravirtualized kernel on KVM
[    0.849561] clocksource: refined-jiffies: mask: 0xffffffff max_cycles: 0xffffffff, max_idle_ns: 7645519600211568 ns
[    0.850787] setup_percpu: NR_CPUS:8192 nr_cpumask_bits:2 nr_cpu_ids:2 nr_node_ids:1
[    0.853784] percpu: Embedded 80 pages/cpu s290816 r8192 d28672 u1048576
[    0.854812] kvm-guest: PV spinlocks enabled
[    0.855315] PV qspinlock hash table entries: 256 (order: 0, 4096 bytes, linear)
[    0.856183] Fallback order for Node 0: 0 
[    0.856611] Built 1 zonelists, mobility grouping on.  Total pages: 515808
[    0.857286] Policy zone: DMA32
[    0.857604] Kernel command line: net.ifnames=0 console=ttyS0 root=/dev/sda earlyprintk=serial net.ifnames=0
[    0.861432] Dentry cache hash table entries: 262144 (order: 9, 2097152 bytes, linear)
[    0.863629] Inode-cache hash table entries: 131072 (order: 8, 1048576 bytes, linear)
[    0.864645] mem auto-init: stack:off, heap alloc:off, heap free:off
[    0.865232] Stack Depot early init allocating hash table with memblock_alloc, 8388608 bytes
[    0.914418] Memory: 1357232K/2096632K available (67601K kernel code, 13493K rwdata, 14028K rodata, 4532K init, 22688K bss, 739144K reserved, 0K cma-reserved)
[    0.917840] SLUB: HWalign=64, Order=0-3, MinObjects=0, CPUs=2, Nodes=1
[    0.918509] kmemleak: Kernel memory leak detector disabled
[    0.919132] ftrace: allocating 66768 entries in 261 pages
[    0.959249] ftrace: allocated 261 pages with 3 groups
[    0.966349] Dynamic Preempt: voluntary
[    0.967196] Running RCU self tests
[    0.967548] rcu: Preemptible hierarchical RCU implementation.
[    0.968109] rcu: 	RCU lockdep checking is enabled.
[    0.968571] rcu: 	RCU restricting CPUs from NR_CPUS=8192 to nr_cpu_ids=2.
[    0.969265] 	Trampoline variant of Tasks RCU enabled.
[    0.969765] 	Rude variant of Tasks RCU enabled.
[    0.970209] 	Tracing variant of Tasks RCU enabled.
[    0.970733] rcu: RCU calculated value of scheduler-enlistment delay is 25 jiffies.
[    0.971526] rcu: Adjusting geometry for rcu_fanout_leaf=16, nr_cpu_ids=2
[    1.021567] NR_IRQS: 524544, nr_irqs: 440, preallocated irqs: 16
[    1.022877] rcu: srcu_init: Setting srcu_struct sizes based on contention.
[    1.023776] random: crng init done
[    1.033037] Console: colour VGA+ 80x25
[    1.033551] printk: console [ttyS0] enabled
[    1.033551] printk: console [ttyS0] enabled
[    1.034475] printk: bootconsole [earlyser0] disabled
[    1.034475] printk: bootconsole [earlyser0] disabled
[    1.035428] Lock dependency validator: Copyright (c) 2006 Red Hat, Inc., Ingo Molnar
[    1.036181] ... MAX_LOCKDEP_SUBCLASSES:  8
[    1.036585] ... MAX_LOCK_DEPTH:          48
[    1.037000] ... MAX_LOCKDEP_KEYS:        8192
[    1.037431] ... CLASSHASH_SIZE:          4096
[    1.037871] ... MAX_LOCKDEP_ENTRIES:     32768
[    1.038311] ... MAX_LOCKDEP_CHAINS:      65536
[    1.038748] ... CHAINHASH_SIZE:          32768
[    1.039186]  memory used by lock dependency info: 6365 kB
[    1.039717]  memory used for stack traces: 4224 kB
[    1.040192]  per task-struct memory footprint: 1920 bytes
[    1.040846] ACPI: Core revision 20220331
[    1.041765] clocksource: hpet: mask: 0xffffffff max_cycles: 0xffffffff, max_idle_ns: 19112604467 ns
[    1.042865] APIC: Switch to symmetric I/O mode setup
[    1.043587] x2apic enabled
[    1.044087] Switched APIC routing to physical x2apic.
[    1.044589] kvm-guest: setup PV IPIs
[    1.046247] ..TIMER: vector=0x30 apic1=0 pin1=2 apic2=-1 pin2=-1
[    1.046963] clocksource: tsc-early: mask: 0xffffffffffffffff max_cycles: 0x1128af0325d, max_idle_ns: 440795261011 ns
[    1.048072] Calibrating delay loop (skipped) preset value.. 2380.80 BogoMIPS (lpj=4761600)
[    1.048901] pid_max: default: 32768 minimum: 301
[    1.049641] LSM: Security Framework initializing
[    1.050150] Yama: becoming mindful.
[    1.052188] Mount-cache hash table entries: 4096 (order: 3, 32768 bytes, linear)
[    1.052954] Mountpoint-cache hash table entries: 4096 (order: 3, 32768 bytes, linear)
[    1.056073] CPU0: Thermal monitoring enabled (TM1)
[    1.060119] x86/cpu: User Mode Instruction Prevention (UMIP) activated
[    1.061846] Last level iTLB entries: 4KB 0, 2MB 0, 4MB 0
[    1.062585] Last level dTLB entries: 4KB 0, 2MB 0, 4MB 0, 1GB 0
[    1.064169] Spectre V1 : Mitigation: usercopy/swapgs barriers and __user pointer sanitization
[    1.065210] Spectre V2 : WARNING: Unprivileged eBPF is enabled with eIBRS on, data leaks possible via Spectre v2 BHB attacks!
[    1.066566] Spectre V2 : Mitigation: Enhanced IBRS
[    1.067148] Spectre V2 : Spectre v2 / SpectreRSB mitigation: Filling RSB on context switch
[    1.068068] Spectre V2 : mitigation: Enabling conditional Indirect Branch Prediction Barrier
[    1.068905] Speculative Store Bypass: Mitigation: Speculative Store Bypass disabled via prctl
[    1.247615] Freeing SMP alternatives memory: 52K
[    1.248789] smpboot: CPU0: Genuine Intel(R) 0000 (family: 0x6, model: 0xaa, stepping: 0x1)
[    1.250563] cblist_init_generic: Setting adjustable number of callback queues.
[    1.251280] cblist_init_generic: Setting shift to 1 and lim to 1.
[    1.251948] cblist_init_generic: Setting shift to 1 and lim to 1.
[    1.252038] cblist_init_generic: Setting shift to 1 and lim to 1.
[    1.252135] Running RCU-tasks wait API self tests
[    1.356344] Performance Events: generic architected perfmon, full-width counters, Intel PMU driver.
[    1.357619] ... version:                2
[    1.358117] ... bit width:              48
[    1.358604] ... generic registers:      8
[    1.359086] ... value mask:             0000ffffffffffff
[    1.359737] ... max period:             00007fffffffffff
[    1.360055] ... fixed-purpose events:   3
[    1.360537] ... event mask:             00000007000000ff
[    1.362143] rcu: Hierarchical SRCU implementation.
[    1.362737] rcu: 	Max phase no-delay instances is 1000.
[    1.368109] Callback from call_rcu_tasks_trace() invoked.
[    1.371284] smp: Bringing up secondary CPUs ...
[    1.372576] x86: Booting SMP configuration:
[    1.373016] .... node  #0, CPUs:      #1
[    0.024372] smpboot: CPU 1 Converting physical 0 to logical die 1
[    1.376374] smp: Brought up 1 node, 2 CPUs
[    1.376858] smpboot: Max logical packages: 2
[    1.377266] smpboot: Total of 2 processors activated (4761.60 BogoMIPS)
[    1.388123] devtmpfs: initialized
[    1.389211] x86/mm: Memory block size: 128MB
[    1.401695] clocksource: jiffies: mask: 0xffffffff max_cycles: 0xffffffff, max_idle_ns: 7645041785100000 ns
[    1.404098] futex hash table entries: 512 (order: 4, 65536 bytes, linear)
[    1.405601] pinctrl core: initialized pinctrl subsystem
[    1.408210] 
[    1.408387] *************************************************************
[    1.409084] **     NOTICE NOTICE NOTICE NOTICE NOTICE NOTICE NOTICE    **
[    1.409748] **                                                         **
[    1.410400] **  IOMMU DebugFS SUPPORT HAS BEEN ENABLED IN THIS KERNEL  **
[    1.411102] **                                                         **
[    1.411760] ** This means that this kernel is built to expose internal **
[    1.412050] ** IOMMU data structures, which may compromise security on **
[    1.412725] ** your system.                                            **
[    1.413362] **                                                         **
[    1.414031] ** If you see this message and you are not debugging the   **
[    1.414675] ** kernel, report this immediately to your vendor!         **
[    1.415408] **                                                         **
[    1.416047] **     NOTICE NOTICE NOTICE NOTICE NOTICE NOTICE NOTICE    **
[    1.416684] *************************************************************
[    1.417456] PM: RTC time: 14:30:57, date: 2023-02-07
[    1.422686] NET: Registered PF_NETLINK/PF_ROUTE protocol family
[    1.424789] DMA: preallocated 256 KiB GFP_KERNEL pool for atomic allocations
[    1.425546] DMA: preallocated 256 KiB GFP_KERNEL|GFP_DMA pool for atomic allocations
[    1.426365] DMA: preallocated 256 KiB GFP_KERNEL|GFP_DMA32 pool for atomic allocations
[    1.427289] audit: initializing netlink subsys (disabled)
[    1.428146] audit: type=2000 audit(1675780258.282:1): state=initialized audit_enabled=0 res=1
[    1.430483] thermal_sys: Registered thermal governor 'fair_share'
[    1.430495] thermal_sys: Registered thermal governor 'bang_bang'
[    1.431205] thermal_sys: Registered thermal governor 'step_wise'
[    1.431845] thermal_sys: Registered thermal governor 'user_space'
[    1.432271] cpuidle: using governor ladder
[    1.433451] cpuidle: using governor menu
[    1.434428] HugeTLB: can optimize 4095 vmemmap pages for hugepages-1048576kB
[    1.435334] acpiphp: ACPI Hot Plug PCI Controller Driver version: 0.5
[    1.438456] PCI: Using configuration type 1 for base access
[    1.460719] Callback from call_rcu_tasks_rude() invoked.
[    1.486735] kprobes: kprobe jump-optimization is enabled. All kprobes are optimized if possible.
[    1.663940] Callback from call_rcu_tasks() invoked.
[    1.669219] HugeTLB: can optimize 7 vmemmap pages for hugepages-2048kB
[    1.670206] HugeTLB registered 1.00 GiB page size, pre-allocated 0 pages
[    1.671035] HugeTLB registered 2.00 MiB page size, pre-allocated 0 pages
[    1.681790] ACPI: Added _OSI(Module Device)
[    1.682378] ACPI: Added _OSI(Processor Device)
[    1.682950] ACPI: Added _OSI(3.0 _SCP Extensions)
[    1.683551] ACPI: Added _OSI(Processor Aggregator Device)
[    1.684075] ACPI: Added _OSI(Linux-Dell-Video)
[    1.684654] ACPI: Added _OSI(Linux-Lenovo-NV-HDMI-Audio)
[    1.685341] ACPI: Added _OSI(Linux-HPI-Hybrid-Graphics)
[    1.713972] ACPI: 1 ACPI AML tables successfully acquired and loaded
[    1.724162] ACPI: Interpreter enabled
[    1.724855] ACPI: PM: (supports S0 S3 S4 S5)
[    1.725369] ACPI: Using IOAPIC for interrupt routing
[    1.726108] PCI: Using host bridge windows from ACPI; if necessary, use "pci=nocrs" and report a bug
[    1.727146] PCI: Using E820 reservations for host bridge windows
[    1.729897] ACPI: Enabled 2 GPEs in block 00 to 0F
[    1.780484] ACPI: PCI Root Bridge [PCI0] (domain 0000 [bus 00-ff])
[    1.781191] acpi PNP0A03:00: _OSC: OS supports [ASPM ClockPM Segments MSI EDR HPX-Type3]
[    1.782049] acpi PNP0A03:00: _OSC: not requesting OS control; OS requires [ExtendedConfig ASPM ClockPM MSI]
[    1.783219] acpi PNP0A03:00: fail to add MMCONFIG information, can't access extended PCI configuration space under this bridge.
[    1.790768] acpiphp: Slot [3] registered
[    1.791410] acpiphp: Slot [4] registered
[    1.792068] acpiphp: Slot [5] registered
[    1.792839] acpiphp: Slot [6] registered
[    1.793603] acpiphp: Slot [7] registered
[    1.794274] acpiphp: Slot [8] registered
[    1.794961] acpiphp: Slot [9] registered
[    1.795635] acpiphp: Slot [10] registered
[    1.796251] acpiphp: Slot [11] registered
[    1.796952] acpiphp: Slot [12] registered
[    1.797602] acpiphp: Slot [13] registered
[    1.798284] acpiphp: Slot [14] registered
[    1.798939] acpiphp: Slot [15] registered
[    1.799574] acpiphp: Slot [16] registered
[    1.800156] acpiphp: Slot [17] registered
[    1.800866] acpiphp: Slot [18] registered
[    1.801536] acpiphp: Slot [19] registered
[    1.802116] acpiphp: Slot [20] registered
[    1.802685] acpiphp: Slot [21] registered
[    1.803298] acpiphp: Slot [22] registered
[    1.803893] acpiphp: Slot [23] registered
[    1.804257] acpiphp: Slot [24] registered
[    1.804900] acpiphp: Slot [25] registered
[    1.805564] acpiphp: Slot [26] registered
[    1.806147] acpiphp: Slot [27] registered
[    1.806734] acpiphp: Slot [28] registered
[    1.807326] acpiphp: Slot [29] registered
[    1.807976] acpiphp: Slot [30] registered
[    1.808282] acpiphp: Slot [31] registered
[    1.808805] PCI host bridge to bus 0000:00
[    1.809314] pci_bus 0000:00: root bus resource [io  0x0000-0x0cf7 window]
[    1.810115] pci_bus 0000:00: root bus resource [io  0x0d00-0xffff window]
[    1.810925] pci_bus 0000:00: root bus resource [mem 0x000a0000-0x000bffff window]
[    1.811855] pci_bus 0000:00: root bus resource [mem 0x80000000-0xfebfffff window]
[    1.812055] pci_bus 0000:00: root bus resource [mem 0x100000000-0x17fffffff window]
[    1.812941] pci_bus 0000:00: root bus resource [bus 00-ff]
[    1.813824] pci 0000:00:00.0: [8086:1237] type 00 class 0x060000
[    1.826790] pci 0000:00:01.0: [8086:7000] type 00 class 0x060100
[    1.829129] pci 0000:00:01.1: [8086:7010] type 00 class 0x010180
[    1.831572] pci 0000:00:01.1: reg 0x20: [io  0xc040-0xc04f]
[    1.832988] pci 0000:00:01.1: legacy IDE quirk: reg 0x10: [io  0x01f0-0x01f7]
[    1.833828] pci 0000:00:01.1: legacy IDE quirk: reg 0x14: [io  0x03f6]
[    1.834588] pci 0000:00:01.1: legacy IDE quirk: reg 0x18: [io  0x0170-0x0177]
[    1.835641] pci 0000:00:01.1: legacy IDE quirk: reg 0x1c: [io  0x0376]
[    1.836948] pci 0000:00:01.3: [8086:7113] type 00 class 0x068000
[    1.838136] pci 0000:00:01.3: quirk: [io  0x0600-0x063f] claimed by PIIX4 ACPI
[    1.838932] pci 0000:00:01.3: quirk: [io  0x0700-0x070f] claimed by PIIX4 SMB
[    1.840842] pci 0000:00:02.0: [1234:1111] type 00 class 0x030000
[    1.844089] pci 0000:00:02.0: reg 0x10: [mem 0xfd000000-0xfdffffff pref]
[    1.846562] pci 0000:00:02.0: reg 0x18: [mem 0xfebf0000-0xfebf0fff]
[    1.851064] pci 0000:00:02.0: reg 0x30: [mem 0xfebe0000-0xfebeffff pref]
[    1.852266] pci 0000:00:02.0: Video device with shadowed ROM at [mem 0x000c0000-0x000dffff]
[    1.865707] pci 0000:00:03.0: [8086:100e] type 00 class 0x020000
[    1.867136] pci 0000:00:03.0: reg 0x10: [mem 0xfebc0000-0xfebdffff]
[    1.868290] pci 0000:00:03.0: reg 0x14: [io  0xc000-0xc03f]
[    1.871784] pci 0000:00:03.0: reg 0x30: [mem 0xfeb80000-0xfebbffff pref]
[    1.898664] ACPI: PCI: Interrupt link LNKA configured for IRQ 10
[    1.900766] ACPI: PCI: Interrupt link LNKB configured for IRQ 10
[    1.902726] ACPI: PCI: Interrupt link LNKC configured for IRQ 11
[    1.904601] ACPI: PCI: Interrupt link LNKD configured for IRQ 11
[    1.905927] ACPI: PCI: Interrupt link LNKS configured for IRQ 9
[    1.911709] iommu: Default domain type: Translated 
[    1.912048] iommu: DMA domain TLB invalidation policy: lazy mode 
[    1.916256] SCSI subsystem initialized
[    1.917623] ACPI: bus type USB registered
[    1.918435] usbcore: registered new interface driver usbfs
[    1.919194] usbcore: registered new interface driver hub
[    1.919900] usbcore: registered new device driver usb
[    1.920435] pps_core: LinuxPPS API ver. 1 registered
[    1.921022] pps_core: Software ver. 5.3.6 - Copyright 2005-2007 Rodolfo Giometti <giometti@linux.it>
[    1.922121] PTP clock support registered
[    1.923011] EDAC MC: Ver: 3.0.0
[    1.927250] NetLabel: Initializing
[    1.927702] NetLabel:  domain hash size = 128
[    1.928058] NetLabel:  protocols = UNLABELED CIPSOv4 CALIPSO
[    1.928946] NetLabel:  unlabeled traffic allowed by default
[    1.968906] PCI: Using ACPI for IRQ routing
[    1.970251] pci 0000:00:02.0: vgaarb: setting as boot VGA device
[    1.971014] pci 0000:00:02.0: vgaarb: bridge control possible
[    1.971715] pci 0000:00:02.0: vgaarb: VGA device added: decodes=io+mem,owns=io+mem,locks=none
[    1.972058] vgaarb: loaded
[    1.974213] hpet0: at MMIO 0xfed00000, IRQs 2, 8, 0
[    1.974856] hpet0: 3 comparators, 64-bit 100.000000 MHz counter
[    6.105960] clocksource: Switched to clocksource kvm-clock
[    6.576413] VFS: Disk quotas dquot_6.6.0
[    6.577142] VFS: Dquot-cache hash table entries: 512 (order 0, 4096 bytes)
[    6.580347] pnp: PnP ACPI init
[    6.589947] pnp: PnP ACPI: found 6 devices
[    6.625946] clocksource: acpi_pm: mask: 0xffffff max_cycles: 0xffffff, max_idle_ns: 2085701024 ns
[    6.628838] NET: Registered PF_INET protocol family
[    6.630689] IP idents hash table entries: 32768 (order: 6, 262144 bytes, linear)
[    6.636211] tcp_listen_portaddr_hash hash table entries: 1024 (order: 4, 73728 bytes, linear)
[    6.638151] Table-perturb hash table entries: 65536 (order: 6, 262144 bytes, linear)
[    6.639463] TCP established hash table entries: 16384 (order: 5, 131072 bytes, linear)
[    6.640710] TCP bind hash table entries: 16384 (order: 8, 1179648 bytes, linear)
[    6.648095] TCP: Hash tables configured (established 16384 bind 16384)
[    6.649143] UDP hash table entries: 1024 (order: 5, 163840 bytes, linear)
[    6.650437] UDP-Lite hash table entries: 1024 (order: 5, 163840 bytes, linear)
[    6.651645] NET: Registered PF_UNIX/PF_LOCAL protocol family
[    6.653563] RPC: Registered named UNIX socket transport module.
[    6.654140] RPC: Registered udp transport module.
[    6.654576] RPC: Registered tcp transport module.
[    6.655011] RPC: Registered tcp NFSv4.1 backchannel transport module.
[    6.655642] pci_bus 0000:00: resource 4 [io  0x0000-0x0cf7 window]
[    6.656304] pci_bus 0000:00: resource 5 [io  0x0d00-0xffff window]
[    6.656895] pci_bus 0000:00: resource 6 [mem 0x000a0000-0x000bffff window]
[    6.657535] pci_bus 0000:00: resource 7 [mem 0x80000000-0xfebfffff window]
[    6.658181] pci_bus 0000:00: resource 8 [mem 0x100000000-0x17fffffff window]
[    6.659430] pci 0000:00:01.0: PIIX3: Enabling Passive Release
[    6.659982] pci 0000:00:00.0: Limiting direct PCI/PCI transfers
[    6.660608] pci 0000:00:01.0: Activating ISA DMA hang workarounds
[    6.661386] PCI: CLS 0 bytes, default 64
[    6.661951] ACPI: bus type thunderbolt registered
[    6.663069] clocksource: tsc: mask: 0xffffffffffffffff max_cycles: 0x1128af0325d, max_idle_ns: 440795261011 ns
[    6.671418] Initialise system trusted keyrings
[    6.672195] Key type blacklist registered
[    6.672970] workingset: timestamp_bits=36 max_order=19 bucket_order=0
[    6.698819] zbud: loaded
[    6.705402] squashfs: version 4.0 (2009/01/31) Phillip Lougher
[    6.710905] NFS: Registering the id_resolver key type
[    6.711498] Key type id_resolver registered
[    6.711941] Key type id_legacy registered
[    6.712648] nfs4filelayout_init: NFSv4 File Layout Driver Registering...
[    6.713463] nfs4flexfilelayout_init: NFSv4 Flexfile Layout Driver Registering...
[    6.715214] fuse: init (API version 7.36)
[    6.716373] SGI XFS with ACLs, security attributes, realtime, quota, no debug enabled
[    6.723711] 9p: Installing v9fs 9p2000 file system support
[    6.733257] Key type asymmetric registered
[    6.733779] Asymmetric key parser 'x509' registered
[    6.737411] alg: self-tests for CTR-KDF (hmac(sha256)) passed
[    6.738123] Block layer SCSI generic (bsg) driver version 0.4 loaded (major 243)
[    6.739202] io scheduler mq-deadline registered
[    6.740274] io scheduler bfq registered
[    6.744739] shpchp: Standard Hot Plug PCI Controller Driver version: 0.4
[    6.746426] IPMI message handler: version 39.2
[    6.746982] ipmi device interface
[    6.750188] input: Power Button as /devices/LNXSYSTM:00/LNXPWRBN:00/input/input0
[    6.751497] ACPI: button: Power Button [PWRF]
[    6.753863] ERST DBG: ERST support is disabled.
[    6.755775] Serial: 8250/16550 driver, 32 ports, IRQ sharing enabled
[    6.757259] 00:04: ttyS0 at I/O 0x3f8 (irq = 4, base_baud = 115200) is a 16550A
[    6.778256] Linux agpgart interface v0.103
[    6.785486] ACPI: bus type drm_connector registered
[    6.810252] brd: module loaded
[    6.831948] loop: module loaded
[    6.845888] scsi host0: ata_piix
[    6.847478] scsi host1: ata_piix
[    6.848216] ata1: PATA max MWDMA2 cmd 0x1f0 ctl 0x3f6 bmdma 0xc040 irq 14
[    6.848878] ata2: PATA max MWDMA2 cmd 0x170 ctl 0x376 bmdma 0xc048 irq 15
[    6.851839] tun: Universal TUN/TAP device driver, 1.6
[    6.852760] e100: Intel(R) PRO/100 Network Driver
[    6.853250] e100: Copyright(c) 1999-2006 Intel Corporation
[    6.853896] e1000: Intel(R) PRO/1000 Network Driver
[    6.854381] e1000: Copyright (c) 1999-2006 Intel Corporation.
[    7.008530] ata1: found unknown device (class 0)
[    7.009949] ata1.00: ATA-7: QEMU HARDDISK, 2.5+, max UDMA/100
[    7.010644] ata1.00: 16777216 sectors, multi 16: LBA48 
[    7.011653] ata2: found unknown device (class 0)
[    7.013036] ata2.00: ATAPI: QEMU DVD-ROM, 2.5+, max UDMA/100
[    7.015216] scsi 0:0:0:0: Direct-Access     ATA      QEMU HARDDISK    2.5+ PQ: 0 ANSI: 5
[    7.019942] scsi 0:0:0:0: Attached scsi generic sg0 type 0
[    7.023539] sd 0:0:0:0: [sda] 16777216 512-byte logical blocks: (8.59 GB/8.00 GiB)
[    7.025725] sd 0:0:0:0: [sda] Write Protect is off
[    7.026681] scsi 1:0:0:0: CD-ROM            QEMU     QEMU DVD-ROM     2.5+ PQ: 0 ANSI: 5
[    7.028847] sd 0:0:0:0: [sda] Write cache: enabled, read cache: enabled, doesn't support DPO or FUA
[    7.031157] sd 0:0:0:0: [sda] Preferred minimum I/O size 512 bytes
[    7.059801] sd 0:0:0:0: [sda] Attached SCSI disk
[    7.065859] scsi 1:0:0:0: Attached scsi generic sg1 type 5
[    8.199044] ACPI: \_SB_.LNKC: Enabled at IRQ 11
[    8.549379] e1000 0000:00:03.0 eth0: (PCI:33MHz:32-bit) 52:54:00:12:34:56
[    8.550210] e1000 0000:00:03.0 eth0: Intel(R) PRO/1000 Network Connection
[    8.551167] e1000e: Intel(R) PRO/1000 Network Driver
[    8.551678] e1000e: Copyright(c) 1999 - 2015 Intel Corporation.
[    8.552491] igb: Intel(R) Gigabit Ethernet Network Driver
[    8.553054] igb: Copyright (c) 2007-2014 Intel Corporation.
[    8.553848] PPP generic driver version 2.4.2
[    8.555179] VFIO - User Level meta-driver version: 0.3
[    8.555853] ehci_hcd: USB 2.0 'Enhanced' Host Controller (EHCI) Driver
[    8.556630] ehci-pci: EHCI PCI platform driver
[    8.557195] ehci-platform: EHCI generic platform driver
[    8.557841] ohci_hcd: USB 1.1 'Open' Host Controller (OHCI) Driver
[    8.558505] ohci-pci: OHCI PCI platform driver
[    8.559046] ohci-platform: OHCI generic platform driver
[    8.559648] uhci_hcd: USB Universal Host Controller Interface driver
[    8.561485] usbcore: registered new interface driver uas
[    8.562392] usbcore: registered new interface driver usb-storage
[    8.563261] i8042: PNP: PS/2 Controller [PNP0303:KBD,PNP0f13:MOU] at 0x60,0x64 irq 1,12
[    8.565497] serio: i8042 KBD port at 0x60,0x64 irq 1
[    8.566050] serio: i8042 AUX port at 0x60,0x64 irq 12
[    8.567880] mousedev: PS/2 mouse device common for all mice
[    8.569941] input: AT Translated Set 2 keyboard as /devices/platform/i8042/serio0/input/input1
[    8.572491] rtc_cmos 00:05: RTC can wake from S4
[    8.573530] input: VirtualPS/2 VMware VMMouse as /devices/platform/i8042/serio1/input/input4
[    8.576658] input: VirtualPS/2 VMware VMMouse as /devices/platform/i8042/serio1/input/input3
[    8.578579] rtc_cmos 00:05: registered as rtc0
[    8.579105] rtc_cmos 00:05: setting system clock to 2023-02-07T14:31:04 UTC (1675780264)
[    8.580229] rtc_cmos 00:05: alarms up to one day, y3k, 242 bytes nvram, hpet irqs
[    8.581056] i2c_dev: i2c /dev entries driver
[    8.582064] device-mapper: core: CONFIG_IMA_DISABLE_HTABLE is disabled. Duplicate IMA measurements will not be recorded in the IMA log.
[    8.583462] device-mapper: uevent: version 1.0.3
[    8.584757] device-mapper: ioctl: 4.47.0-ioctl (2022-07-28) initialised: dm-devel@redhat.com
[    8.585579] intel_pstate: CPU model not supported
[    8.586309] sdhci: Secure Digital Host Controller Interface driver
[    8.586893] sdhci: Copyright(c) Pierre Ossman
[    8.587497] sdhci-pltfm: SDHCI platform and OF driver helper
[    8.588481] ledtrig-cpu: registered to indicate activity on CPUs
[    8.589977] drop_monitor: Initializing network drop monitor service
[    8.592034] NET: Registered PF_INET6 protocol family
[    8.597150] Segment Routing with IPv6
[    8.597562] In-situ OAM (IOAM) with IPv6
[    8.597991] NET: Registered PF_PACKET protocol family
[    8.598944] 9pnet: Installing 9P2000 support
[    8.599491] Key type dns_resolver registered
[    8.601693] IPI shorthand broadcast: enabled
[    8.602239] sched_clock: Marking stable (8580444935, 20372220)->(8709694126, -108876971)
[    8.605102] registered taskstats version 1
[    8.605836] Loading compiled-in X.509 certificates
[    8.607343] zswap: loaded using pool lzo/zbud
[    8.610306] Key type ._fscrypt registered
[    8.610702] Key type .fscrypt registered
[    8.611059] Key type fscrypt-provisioning registered
[    8.613861] Key type encrypted registered
[    8.614350] ima: No TPM chip found, activating TPM-bypass!
[    8.614871] ima: Allocated hash algorithm: sha1
[    8.615360] ima: No architecture policies found
[    8.615947] evm: Initialising EVM extended attributes:
[    8.616483] evm: security.selinux
[    8.616870] evm: security.SMACK64
[    8.617168] evm: security.SMACK64EXEC
[    8.617503] evm: security.SMACK64TRANSMUTE
[    8.617875] evm: security.SMACK64MMAP
[    8.618210] evm: security.apparmor
[    8.618524] evm: security.ima
[    8.618801] evm: security.capability
[    8.619129] evm: HMAC attrs: 0x1
[    8.628742] PM:   Magic number: 11:462:535
[    8.629300] bdi 1:13: hash matches
[    8.629693] tty ttyS15: hash matches
[    8.630915] RAS: Correctable Errors collector initialized.
[    8.633628] md: Waiting for all devices to be available before autodetect
[    8.634061] md: If you don't use raid, use raid=noautodetect
[    8.634425] md: Autodetecting RAID arrays.
[    8.634710] md: autorun ...
[    8.634904] md: ... autorun DONE.
[    8.644161] EXT4-fs (sda): mounted filesystem with ordered data mode. Quota mode: none.
[    8.644838] VFS: Mounted root (ext4 filesystem) readonly on device 8:0.
[    8.652874] devtmpfs: mounted
[    8.673473] Freeing unused decrypted memory: 2036K
[    8.677588] Freeing unused kernel image (initmem) memory: 4532K
[    8.678062] Write protecting the kernel read-only data: 83968k
[    8.682201] Freeing unused kernel image (text/rodata gap) memory: 2028K
[    8.683157] Freeing unused kernel image (rodata/data gap) memory: 308K
[    8.806366] x86/mm: Checked W+X mappings: passed, no W+X pages found.
[    8.806944] Run /sbin/init as init process
[    8.997226] systemd[1]: RTC configured in localtime, applying delta of 0 minutes to system time.
[    9.091529] systemd[1]: systemd 239 (239-49.el8) running in system mode. (+PAM +AUDIT +SELINUX +IMA -APPARMOR +SMACK +SYSVINIT +UTMP +LIBCRYPTSETUP +GCRYPT +GNUTLS +ACL +XZ +LZ4 +SECCOMP +BLKID +ELFUTILS +KMOD +IDN2 -IDN +PCRE2 default-hierarchy=legacy)
[    9.094246] systemd[1]: Detected virtualization kvm.
[    9.094718] systemd[1]: Detected architecture x86-64.

Welcome to [0;31mCentOS Stream 8[0m!

[    9.139324] systemd[1]: Set hostname to <test>.
[    9.881628] systemd[1]: Listening on initctl Compatibility Named Pipe.
[[0;32m  OK  [0m] Listening on initctl Compatibility Named Pipe.
[    9.885254] systemd[1]: Started Forward Password Requests to Wall Directory Watch.
[[0;32m  OK  [0m] Started Forward Password Requests to Wall Directory Watch.
[    9.889685] systemd[1]: Listening on Journal Socket.
[[0;32m  OK  [0m] Listening on Journal Socket.
[    9.940890] systemd[1]: Mounting Huge Pages File System...
         Mounting Huge Pages File System...
[    9.954874] systemd[1]: Mounting Kernel Debug File System...
         Mounting Kernel Debug File System...
[    9.958987] systemd[1]: Listening on udev Control Socket.
[[0;32m  OK  [0m] Listening on udev Control Socket.
[[0;32m  OK  [0m] Created slice User and Session Slice.
[[0;32m  OK  [0m] Reached target Slices.
[[0;32m  OK  [0m] Listening on LVM2 poll daemon socket.
[[0;32m  OK  [0m] Reached target Swap.
[[0;32m  OK  [0m] Listening on multipathd control socket.
[[0;32m  OK  [0m] Listening on Process Core Dump Socket.
         Starting Setup Virtual Console...
         Mounting POSIX Message Queue File System...
[[0;32m  OK  [0m] Listening on Device-mapper event daemon FIFOs.
[[0;32m  OK  [0m] Created slice system-serial\x2dgetty.slice.
         Starting Remount Root and Kernel File Systems...
         Starting Load Kernel Modules...
[[0;32m  OK  [0m] Listening on Journal Socket (/dev/log).
[[0;32m  OK  [0m] Set up automount Arbitrary Executabâ€¦rmats File System Automount Point.
[[0;32m  OK  [0m] Listening on RPCbind Server Activation Socket.
[[0;32m  OK  [0m] Reached target RPC Port Mapper.
[[0;32m  OK  [0m] Created slice system-getty.slice.
[[0;32m  OK  [0m] Listening on udev Kernel Socket.
         Starting udev Coldplug all Devices...
[[0;32m  OK  [0m] Created slice system-sshd\x2dkeygen.slice.
         Starting Monitoring of LVM2 mirrorsâ€¦ng dmeventd or progress polling...
         Starting Journal Service...
[[0;32m  OK  [0m] Mounted Huge Pages File System.
[[0;32m  OK  [0m] Mounted Kernel Debug File System.
[[0;32m  OK  [0m] Mounted POSIX Message Queue File System.
[[0;1;31mFAILED[0m] Failed to start Load Kernel Modules.
See 'systemctl status systemd-modules-load.service' for details.
         Starting Apply Kernel Variables...
         Mounting Kernel Configuration File System...
         Mounting FUSE Control File System...
[[0;32m  OK  [0m] Mounted Kernel Configuration File System.
[[0;32m  OK  [0m] Started Apply Kernel Variables.
[[0;32m  OK  [0m] Mounted FUSE Control File System.
[   10.852372] EXT4-fs (sda): re-mounted. Quota mode: none.
[[0;32m  OK  [0m] Started Remount Root and Kernel File Systems.
         Starting Create Static Device Nodes in /dev...
         Starting Load/Save Random Seed...
[[0;32m  OK  [0m] Started Journal Service.
         Starting Flush Journal to Persistent Storage...
[[0;32m  OK  [0m] Started Load/Save Random Seed.
[[0;32m  OK  [0m] Started Create Static Device Nodes in /dev.
         Starting udev Kernel Device Manager...
[[0;32m  OK  [0m] Started Setup Virtual Console.
[[0;32m  OK  [0m] Started Flush Journal to Persistent Storage.
[[0;32m  OK  [0m] Started udev Kernel Device Manager.
[[0;32m  OK  [0m] Started udev Coldplug all Devices.
         Starting Show Plymouth Boot Screen...
         Starting udev Wait for Complete Device Initialization...
[[0;32m  OK  [0m] Started Show Plymouth Boot Screen.
[[0;32m  OK  [0m] Reached target Paths.
[[0;32m  OK  [0m] Reached target Local Encrypted Volumes.
[[0;32m  OK  [0m] Started Forward Password Requests to Plymouth Directory Watch.
[[0;32m  OK  [0m] Started Monitoring of LVM2 mirrors,â€¦sing dmeventd or progress polling.
[[0;32m  OK  [0m] Found device /dev/ttyS0.
[[0;32m  OK  [0m] Started udev Wait for Complete Device Initialization.
[[0;32m  OK  [0m] Listening on Load/Save RF Kill Switch Status /dev/rfkill Watch.
[[0;32m  OK  [0m] Reached target Local File Systems (Pre).
[[0;32m  OK  [0m] Reached target Local File Systems.
         Starting Restore /run/initramfs on shutdown...
         Starting Create Volatile Files and Directories...
         Starting Tell Plymouth To Write Out Runtime Data...
[[0;32m  OK  [0m] Started Restore /run/initramfs on shutdown.
[[0;32m  OK  [0m] Started Create Volatile Files and Directories.
[[0;32m  OK  [0m] Started Tell Plymouth To Write Out Runtime Data.
         Starting RPC Bind...
         Mounting RPC Pipe File System...
         Starting Security Auditing Service...
[[0;32m  OK  [0m] Mounted RPC Pipe File System.
[[0;32m  OK  [0m] Reached target rpc_pipefs.target.
[[0;32m  OK  [0m] Started RPC Bind.
[[0;32m  OK  [0m] Started Security Auditing Service.
         Starting Update UTMP about System Boot/Shutdown...
[[0;32m  OK  [0m] Started Update UTMP about System Boot/Shutdown.
[[0;32m  OK  [0m] Reached target System Initialization.
[[0;32m  OK  [0m] Started dnf makecache --timer.
[[0;32m  OK  [0m] Started daily update of the root trust anchor for DNSSEC.
[[0;32m  OK  [0m] Listening on D-Bus System Message Bus Socket.
[[0;32m  OK  [0m] Listening on SSSD Kerberos Cache Manager responder socket.
[[0;32m  OK  [0m] Reached target Sockets.
[[0;32m  OK  [0m] Reached target Basic System.
[[0;32m  OK  [0m] Started irqbalance daemon.
         Starting NTP client/server...
[[0;32m  OK  [0m] Started Machine Check Exception Logging Daemon.
         Starting Auto-connect to subsystemsâ€¦-NVME devices found during boot...
         Starting Authorization Manager...
[[0;32m  OK  [0m] Reached target sshd-keygen.target.
         Starting Login Service...
         Starting Self Monitoring and Reporting Technology (SMART) Daemon...
[[0;32m  OK  [0m] Started D-Bus System Message Bus.
         Starting Network Manager...
[[0;32m  OK  [0m] Started Daily Cleanup of Temporary Directories.
[[0;32m  OK  [0m] Reached target Timers.
[[0;32m  OK  [0m] Started Auto-connect to subsystems â€¦FC-NVME devices found during boot.
[[0;32m  OK  [0m] Started Self Monitoring and Reporting Technology (SMART) Daemon.
         Starting update of the root trust aâ€¦or DNSSEC validation in unbound...
[[0;32m  OK  [0m] Started Login Service.
[[0;32m  OK  [0m] Started Network Manager.
         Starting Network Manager Wait Online...
[[0;32m  OK  [0m] Reached target Network.
         Starting Dynamic System Tuning Daemon...
         Starting GSSAPI Proxy Daemon...
         Starting OpenSSH server daemon...
[[0;32m  OK  [0m] Started NTP client/server.
[[0;32m  OK  [0m] Started Authorization Manager.
         Starting Hostname Service...
[[0;32m  OK  [0m] Started update of the root trust anâ€¦ for DNSSEC validation in unbound.
[[0;32m  OK  [0m] Started OpenSSH server daemon.
[[0;32m  OK  [0m] Started GSSAPI Proxy Daemon.
[[0;32m  OK  [0m] Reached target NFS client services.
[[0;32m  OK  [0m] Reached target Remote File Systems (Pre).
[[0;32m  OK  [0m] Reached target Remote File Systems.
         Starting Permit User Sessions...
[[0;32m  OK  [0m] Started Permit User Sessions.
         Starting Terminate Plymouth Boot Screen...
[[0;32m  OK  [0m] Started Command Scheduler.
         Starting Hold until boot process finishes up...
[[0;32m  OK  [0m] Started Terminate Plymouth Boot Screen.
[[0;32m  OK  [0m] Started Hold until boot process finishes up.
[   15.773277] e1000: eth0 NIC Link is Up 1000 Mbps Full Duplex, Flow Control: RX
[   15.775429] IPv6: ADDRCONF(NETDEV_CHANGE): eth0: link becomes ready
[   16.300161] Spectre V2 : WARNING: Unprivileged eBPF is enabled with eIBRS on, data leaks possible via Spectre v2 BHB attacks!
[   16.301140] Spectre V2 : WARNING: Unprivileged eBPF is enabled with eIBRS on, data leaks possible via Spectre v2 BHB attacks!

CentOS Stream 8
Kernel 5.19.0-c2e75634cbe3+ on an x86_64

test login: [   30.357003] Huh VM_FAULT_OOM leaked out to the #PF handler. Retrying PF
[   30.361952] Huh VM_FAULT_OOM leaked out to the #PF handler. Retrying PF
[   30.367088] Huh VM_FAULT_OOM leaked out to the #PF handler. Retrying PF
[   30.371234] Huh VM_FAULT_OOM leaked out to the #PF handler. Retrying PF
[   30.376472] Huh VM_FAULT_OOM leaked out to the #PF handler. Retrying PF
[   30.382225] Huh VM_FAULT_OOM leaked out to the #PF handler. Retrying PF
[   30.386771] Huh VM_FAULT_OOM leaked out to the #PF handler. Retrying PF
[   30.392576] Huh VM_FAULT_OOM leaked out to the #PF handler. Retrying PF
[   30.399629] Huh VM_FAULT_OOM leaked out to the #PF handler. Retrying PF
[   30.407248] Huh VM_FAULT_OOM leaked out to the #PF handler. Retrying PF
[   35.365153] pagefault_out_of_memory: 972 callbacks suppressed
[   35.365174] Huh VM_FAULT_OOM leaked out to the #PF handler. Retrying PF
[   35.372583] Huh VM_FAULT_OOM leaked out to the #PF handler. Retrying PF
[   35.377586] Huh VM_FAULT_OOM leaked out to the #PF handler. Retrying PF
[   35.383325] Huh VM_FAULT_OOM leaked out to the #PF handler. Retrying PF
[   35.390331] Huh VM_FAULT_OOM leaked out to the #PF handler. Retrying PF
[   35.395860] Huh VM_FAULT_OOM leaked out to the #PF handler. Retrying PF
[   35.402158] Huh VM_FAULT_OOM leaked out to the #PF handler. Retrying PF
[   35.407620] Huh VM_FAULT_OOM leaked out to the #PF handler. Retrying PF
[   35.413131] Huh VM_FAULT_OOM leaked out to the #PF handler. Retrying PF
[   35.418824] Huh VM_FAULT_OOM leaked out to the #PF handler. Retrying PF
[   40.369698] pagefault_out_of_memory: 988 callbacks suppressed
[   40.369720] Huh VM_FAULT_OOM leaked out to the #PF handler. Retrying PF
[   40.378260] Huh VM_FAULT_OOM leaked out to the #PF handler. Retrying PF
[   40.385610] Huh VM_FAULT_OOM leaked out to the #PF handler. Retrying PF
[   40.391826] Huh VM_FAULT_OOM leaked out to the #PF handler. Retrying PF
[   40.398446] Huh VM_FAULT_OOM leaked out to the #PF handler. Retrying PF
[   40.406427] Huh VM_FAULT_OOM leaked out to the #PF handler. Retrying PF
[   40.413766] Huh VM_FAULT_OOM leaked out to the #PF handler. Retrying PF
[   40.420231] Huh VM_FAULT_OOM leaked out to the #PF handler. Retrying PF
[   40.425373] Huh VM_FAULT_OOM leaked out to the #PF handler. Retrying PF
[   40.430011] Huh VM_FAULT_OOM leaked out to the #PF handler. Retrying PF
[   45.375417] pagefault_out_of_memory: 980 callbacks suppressed
[   45.375440] Huh VM_FAULT_OOM leaked out to the #PF handler. Retrying PF
[   45.382759] Huh VM_FAULT_OOM leaked out to the #PF handler. Retrying PF
[   45.390070] Huh VM_FAULT_OOM leaked out to the #PF handler. Retrying PF
[   45.397462] Huh VM_FAULT_OOM leaked out to the #PF handler. Retrying PF
[   45.404431] Huh VM_FAULT_OOM leaked out to the #PF handler. Retrying PF
[   45.411324] Huh VM_FAULT_OOM leaked out to the #PF handler. Retrying PF
[   45.418679] Huh VM_FAULT_OOM leaked out to the #PF handler. Retrying PF
[   45.426444] Huh VM_FAULT_OOM leaked out to the #PF handler. Retrying PF
[   45.434826] Huh VM_FAULT_OOM leaked out to the #PF handler. Retrying PF
[   45.439825] Huh VM_FAULT_OOM leaked out to the #PF handler. Retrying PF
[   50.380555] pagefault_out_of_memory: 954 callbacks suppressed
[   50.380569] Huh VM_FAULT_OOM leaked out to the #PF handler. Retrying PF
[   50.385937] Huh VM_FAULT_OOM leaked out to the #PF handler. Retrying PF
[   50.390625] Huh VM_FAULT_OOM leaked out to the #PF handler. Retrying PF
[   50.396377] Huh VM_FAULT_OOM leaked out to the #PF handler. Retrying PF
[   50.401760] Huh VM_FAULT_OOM leaked out to the #PF handler. Retrying PF
[   50.406906] Huh VM_FAULT_OOM leaked out to the #PF handler. Retrying PF
[   50.412560] Huh VM_FAULT_OOM leaked out to the #PF handler. Retrying PF
[   50.416745] Huh VM_FAULT_OOM leaked out to the #PF handler. Retrying PF
[   50.421631] Huh VM_FAULT_OOM leaked out to the #PF handler. Retrying PF
[   50.426972] Huh VM_FAULT_OOM leaked out to the #PF handler. Retrying PF
[   55.385534] pagefault_out_of_memory: 1017 callbacks suppressed
[   55.385549] Huh VM_FAULT_OOM leaked out to the #PF handler. Retrying PF
[   55.391182] Huh VM_FAULT_OOM leaked out to the #PF handler. Retrying PF
[   55.397192] Huh VM_FAULT_OOM leaked out to the #PF handler. Retrying PF
[   55.401613] Huh VM_FAULT_OOM leaked out to the #PF handler. Retrying PF
[   55.407019] Huh VM_FAULT_OOM leaked out to the #PF handler. Retrying PF
[   55.413332] Huh VM_FAULT_OOM leaked out to the #PF handler. Retrying PF
[   55.419021] Huh VM_FAULT_OOM leaked out to the #PF handler. Retrying PF
[   55.425473] Huh VM_FAULT_OOM leaked out to the #PF handler. Retrying PF
[   55.431025] Huh VM_FAULT_OOM leaked out to the #PF handler. Retrying PF
[   55.436494] Huh VM_FAULT_OOM leaked out to the #PF handler. Retrying PF
[   60.390322] pagefault_out_of_memory: 988 callbacks suppressed
[   60.390344] Huh VM_FAULT_OOM leaked out to the #PF handler. Retrying PF
[   60.398340] Huh VM_FAULT_OOM leaked out to the #PF handler. Retrying PF
[   60.405195] Huh VM_FAULT_OOM leaked out to the #PF handler. Retrying PF
[   60.411889] Huh VM_FAULT_OOM leaked out to the #PF handler. Retrying PF
[   60.419050] Huh VM_FAULT_OOM leaked out to the #PF handler. Retrying PF
[   60.425833] Huh VM_FAULT_OOM leaked out to the #PF handler. Retrying PF
[   60.432439] Huh VM_FAULT_OOM leaked out to the #PF handler. Retrying PF
[   60.439288] Huh VM_FAULT_OOM leaked out to the #PF handler. Retrying PF
[   60.446392] Huh VM_FAULT_OOM leaked out to the #PF handler. Retrying PF
[   60.454184] Huh VM_FAULT_OOM leaked out to the #PF handler. Retrying PF
[   65.394532] pagefault_out_of_memory: 988 callbacks suppressed
[   65.394547] Huh VM_FAULT_OOM leaked out to the #PF handler. Retrying PF
[   65.400970] Huh VM_FAULT_OOM leaked out to the #PF handler. Retrying PF
[   65.406992] Huh VM_FAULT_OOM leaked out to the #PF handler. Retrying PF
[   65.412368] Huh VM_FAULT_OOM leaked out to the #PF handler. Retrying PF
[   65.419061] Huh VM_FAULT_OOM leaked out to the #PF handler. Retrying PF
[   65.425865] Huh VM_FAULT_OOM leaked out to the #PF handler. Retrying PF
[   65.432335] Huh VM_FAULT_OOM leaked out to the #PF handler. Retrying PF
[   65.439300] Huh VM_FAULT_OOM leaked out to the #PF handler. Retrying PF
[   65.447214] Huh VM_FAULT_OOM leaked out to the #PF handler. Retrying PF
[   65.454270] Huh VM_FAULT_OOM leaked out to the #PF handler. Retrying PF
[   70.400806] pagefault_out_of_memory: 962 callbacks suppressed
[   70.400821] Huh VM_FAULT_OOM leaked out to the #PF handler. Retrying PF
[   70.407122] Huh VM_FAULT_OOM leaked out to the #PF handler. Retrying PF
[   70.413464] Huh VM_FAULT_OOM leaked out to the #PF handler. Retrying PF
[   70.418698] Huh VM_FAULT_OOM leaked out to the #PF handler. Retrying PF
[   70.425328] Huh VM_FAULT_OOM leaked out to the #PF handler. Retrying PF
[   70.430871] Huh VM_FAULT_OOM leaked out to the #PF handler. Retrying PF
[   70.435804] Huh VM_FAULT_OOM leaked out to the #PF handler. Retrying PF
[   70.441559] Huh VM_FAULT_OOM leaked out to the #PF handler. Retrying PF
[   70.447373] Huh VM_FAULT_OOM leaked out to the #PF handler. Retrying PF
[   70.453473] Huh VM_FAULT_OOM leaked out to the #PF handler. Retrying PF
[   75.405071] pagefault_out_of_memory: 981 callbacks suppressed
[   75.405092] Huh VM_FAULT_OOM leaked out to the #PF handler. Retrying PF
[   75.411925] Huh VM_FAULT_OOM leaked out to the #PF handler. Retrying PF
[   75.417073] Huh VM_FAULT_OOM leaked out to the #PF handler. Retrying PF
[   75.422661] Huh VM_FAULT_OOM leaked out to the #PF handler. Retrying PF
[   75.427622] Huh VM_FAULT_OOM leaked out to the #PF handler. Retrying PF
[   75.433479] Huh VM_FAULT_OOM leaked out to the #PF handler. Retrying PF
[   75.439539] Huh VM_FAULT_OOM leaked out to the #PF handler. Retrying PF
[   75.446201] Huh VM_FAULT_OOM leaked out to the #PF handler. Retrying PF
[   75.451476] Huh VM_FAULT_OOM leaked out to the #PF handler. Retrying PF
[   75.456944] Huh VM_FAULT_OOM leaked out to the #PF handler. Retrying PF
[   80.411993] pagefault_out_of_memory: 844 callbacks suppressed
[   80.412020] Huh VM_FAULT_OOM leaked out to the #PF handler. Retrying PF
[   80.420869] Huh VM_FAULT_OOM leaked out to the #PF handler. Retrying PF
[   80.429106] Huh VM_FAULT_OOM leaked out to the #PF handler. Retrying PF
[   80.437086] Huh VM_FAULT_OOM leaked out to the #PF handler. Retrying PF
[   80.444985] Huh VM_FAULT_OOM leaked out to the #PF handler. Retrying PF
[   80.453053] Huh VM_FAULT_OOM leaked out to the #PF handler. Retrying PF
[   80.461076] Huh VM_FAULT_OOM leaked out to the #PF handler. Retrying PF
[   80.470056] Huh VM_FAULT_OOM leaked out to the #PF handler. Retrying PF
[   80.478096] Huh VM_FAULT_OOM leaked out to the #PF handler. Retrying PF
[   80.485179] Huh VM_FAULT_OOM leaked out to the #PF handler. Retrying PF
[   85.415966] pagefault_out_of_memory: 774 callbacks suppressed
[   85.415989] Huh VM_FAULT_OOM leaked out to the #PF handler. Retrying PF
[   85.424309] Huh VM_FAULT_OOM leaked out to the #PF handler. Retrying PF
[   85.430824] Huh VM_FAULT_OOM leaked out to the #PF handler. Retrying PF
[   85.438066] Huh VM_FAULT_OOM leaked out to the #PF handler. Retrying PF
[   85.444924] Huh VM_FAULT_OOM leaked out to the #PF handler. Retrying PF
[   85.452479] Huh VM_FAULT_OOM leaked out to the #PF handler. Retrying PF
[   85.459002] Huh VM_FAULT_OOM leaked out to the #PF handler. Retrying PF
[   85.466078] Huh VM_FAULT_OOM leaked out to the #PF handler. Retrying PF
[   85.472871] Huh VM_FAULT_OOM leaked out to the #PF handler. Retrying PF
[   85.480449] Huh VM_FAULT_OOM leaked out to the #PF handler. Retrying PF
[   90.416463] pagefault_out_of_memory: 778 callbacks suppressed
[   90.416486] Huh VM_FAULT_OOM leaked out to the #PF handler. Retrying PF
[   90.426073] Huh VM_FAULT_OOM leaked out to the #PF handler. Retrying PF
[   90.433088] Huh VM_FAULT_OOM leaked out to the #PF handler. Retrying PF
[   90.441285] Huh VM_FAULT_OOM leaked out to the #PF handler. Retrying PF
[   90.449270] Huh VM_FAULT_OOM leaked out to the #PF handler. Retrying PF
[   90.457122] Huh VM_FAULT_OOM leaked out to the #PF handler. Retrying PF
[   90.465148] Huh VM_FAULT_OOM leaked out to the #PF handler. Retrying PF
[   90.473266] Huh VM_FAULT_OOM leaked out to the #PF handler. Retrying PF
[   90.481243] Huh VM_FAULT_OOM leaked out to the #PF handler. Retrying PF
[   90.489158] Huh VM_FAULT_OOM leaked out to the #PF handler. Retrying PF
[   95.420361] pagefault_out_of_memory: 776 callbacks suppressed
[   95.420384] Huh VM_FAULT_OOM leaked out to the #PF handler. Retrying PF
[   95.429036] Huh VM_FAULT_OOM leaked out to the #PF handler. Retrying PF
[   95.437209] Huh VM_FAULT_OOM leaked out to the #PF handler. Retrying PF
[   95.444812] Huh VM_FAULT_OOM leaked out to the #PF handler. Retrying PF
[   95.452666] Huh VM_FAULT_OOM leaked out to the #PF handler. Retrying PF
[   95.460635] Huh VM_FAULT_OOM leaked out to the #PF handler. Retrying PF
[   95.467665] Huh VM_FAULT_OOM leaked out to the #PF handler. Retrying PF
[   95.474867] Huh VM_FAULT_OOM leaked out to the #PF handler. Retrying PF
[   95.482327] Huh VM_FAULT_OOM leaked out to the #PF handler. Retrying PF
[   95.489232] Huh VM_FAULT_OOM leaked out to the #PF handler. Retrying PF
[  100.424156] pagefault_out_of_memory: 767 callbacks suppressed
[  100.424178] Huh VM_FAULT_OOM leaked out to the #PF handler. Retrying PF
[  100.432278] Huh VM_FAULT_OOM leaked out to the #PF handler. Retrying PF
[  100.440380] Huh VM_FAULT_OOM leaked out to the #PF handler. Retrying PF
[  100.447547] Huh VM_FAULT_OOM leaked out to the #PF handler. Retrying PF
[  100.454974] Huh VM_FAULT_OOM leaked out to the #PF handler. Retrying PF
[  100.461252] Huh VM_FAULT_OOM leaked out to the #PF handler. Retrying PF
[  100.468783] Huh VM_FAULT_OOM leaked out to the #PF handler. Retrying PF
[  100.475932] Huh VM_FAULT_OOM leaked out to the #PF handler. Retrying PF
[  100.482850] Huh VM_FAULT_OOM leaked out to the #PF handler. Retrying PF
[  100.490116] Huh VM_FAULT_OOM leaked out to the #PF handler. Retrying PF
[  105.430347] pagefault_out_of_memory: 796 callbacks suppressed
[  105.430369] Huh VM_FAULT_OOM leaked out to the #PF handler. Retrying PF
[  105.438327] Huh VM_FAULT_OOM leaked out to the #PF handler. Retrying PF
[  105.446215] Huh VM_FAULT_OOM leaked out to the #PF handler. Retrying PF
[  105.454144] Huh VM_FAULT_OOM leaked out to the #PF handler. Retrying PF
[  105.462009] Huh VM_FAULT_OOM leaked out to the #PF handler. Retrying PF
[  105.469980] Huh VM_FAULT_OOM leaked out to the #PF handler. Retrying PF
[  105.477484] Huh VM_FAULT_OOM leaked out to the #PF handler. Retrying PF
[  105.484392] Huh VM_FAULT_OOM leaked out to the #PF handler. Retrying PF
[  105.491501] Huh VM_FAULT_OOM leaked out to the #PF handler. Retrying PF
[  105.498513] Huh VM_FAULT_OOM leaked out to the #PF handler. Retrying PF
[  110.435656] pagefault_out_of_memory: 779 callbacks suppressed
[  110.435678] Huh VM_FAULT_OOM leaked out to the #PF handler. Retrying PF
[  110.442921] Huh VM_FAULT_OOM leaked out to the #PF handler. Retrying PF
[  110.449933] Huh VM_FAULT_OOM leaked out to the #PF handler. Retrying PF
[  110.456939] Huh VM_FAULT_OOM leaked out to the #PF handler. Retrying PF
[  110.464188] Huh VM_FAULT_OOM leaked out to the #PF handler. Retrying PF
[  110.471045] Huh VM_FAULT_OOM leaked out to the #PF handler. Retrying PF
[  110.477725] Huh VM_FAULT_OOM leaked out to the #PF handler. Retrying PF
[  110.483885] Huh VM_FAULT_OOM leaked out to the #PF handler. Retrying PF
[  110.490077] Huh VM_FAULT_OOM leaked out to the #PF handler. Retrying PF
[  110.495342] Huh VM_FAULT_OOM leaked out to the #PF handler. Retrying PF
[  115.436218] pagefault_out_of_memory: 820 callbacks suppressed
[  115.436237] Huh VM_FAULT_OOM leaked out to the #PF handler. Retrying PF
[  115.443711] Huh VM_FAULT_OOM leaked out to the #PF handler. Retrying PF
[  115.451010] Huh VM_FAULT_OOM leaked out to the #PF handler. Retrying PF
[  115.458200] Huh VM_FAULT_OOM leaked out to the #PF handler. Retrying PF
[  115.463345] Huh VM_FAULT_OOM leaked out to the #PF handler. Retrying PF
[  115.468870] Huh VM_FAULT_OOM leaked out to the #PF handler. Retrying PF
[  115.473384] Huh VM_FAULT_OOM leaked out to the #PF handler. Retrying PF
[  115.477525] Huh VM_FAULT_OOM leaked out to the #PF handler. Retrying PF
[  115.482703] Huh VM_FAULT_OOM leaked out to the #PF handler. Retrying PF
[  115.488943] Huh VM_FAULT_OOM leaked out to the #PF handler. Retrying PF
[  120.444410] pagefault_out_of_memory: 802 callbacks suppressed
[  120.444432] Huh VM_FAULT_OOM leaked out to the #PF handler. Retrying PF
[  120.452432] Huh VM_FAULT_OOM leaked out to the #PF handler. Retrying PF
[  120.460313] Huh VM_FAULT_OOM leaked out to the #PF handler. Retrying PF
[  120.467997] Huh VM_FAULT_OOM leaked out to the #PF handler. Retrying PF
[  120.476218] Huh VM_FAULT_OOM leaked out to the #PF handler. Retrying PF
[  120.482700] Huh VM_FAULT_OOM leaked out to the #PF handler. Retrying PF
[  120.490061] Huh VM_FAULT_OOM leaked out to the #PF handler. Retrying PF
[  120.497024] Huh VM_FAULT_OOM leaked out to the #PF handler. Retrying PF
[  120.504439] Huh VM_FAULT_OOM leaked out to the #PF handler. Retrying PF
[  120.511841] Huh VM_FAULT_OOM leaked out to the #PF handler. Retrying PF
[  125.452431] pagefault_out_of_memory: 764 callbacks suppressed
[  125.452452] Huh VM_FAULT_OOM leaked out to the #PF handler. Retrying PF
[  125.461403] Huh VM_FAULT_OOM leaked out to the #PF handler. Retrying PF
[  125.468291] Huh VM_FAULT_OOM leaked out to the #PF handler. Retrying PF
[  125.475398] Huh VM_FAULT_OOM leaked out to the #PF handler. Retrying PF
[  125.482746] Huh VM_FAULT_OOM leaked out to the #PF handler. Retrying PF
[  125.489904] Huh VM_FAULT_OOM leaked out to the #PF handler. Retrying PF
[  125.496751] Huh VM_FAULT_OOM leaked out to the #PF handler. Retrying PF
[  125.503347] Huh VM_FAULT_OOM leaked out to the #PF handler. Retrying PF
[  125.510449] Huh VM_FAULT_OOM leaked out to the #PF handler. Retrying PF
[  125.518147] Huh VM_FAULT_OOM leaked out to the #PF handler. Retrying PF
[  130.461358] pagefault_out_of_memory: 786 callbacks suppressed
[  130.461380] Huh VM_FAULT_OOM leaked out to the #PF handler. Retrying PF
[  130.468326] Huh VM_FAULT_OOM leaked out to the #PF handler. Retrying PF
[  130.475611] Huh VM_FAULT_OOM leaked out to the #PF handler. Retrying PF
[  130.483258] Huh VM_FAULT_OOM leaked out to the #PF handler. Retrying PF
[  130.489917] Huh VM_FAULT_OOM leaked out to the #PF handler. Retrying PF
[  130.497349] Huh VM_FAULT_OOM leaked out to the #PF handler. Retrying PF
[  130.504399] Huh VM_FAULT_OOM leaked out to the #PF handler. Retrying PF
[  130.511729] Huh VM_FAULT_OOM leaked out to the #PF handler. Retrying PF
[  130.518990] Huh VM_FAULT_OOM leaked out to the #PF handler. Retrying PF
[  130.526151] Huh VM_FAULT_OOM leaked out to the #PF handler. Retrying PF
[  135.466898] pagefault_out_of_memory: 816 callbacks suppressed
[  135.466920] Huh VM_FAULT_OOM leaked out to the #PF handler. Retrying PF
[  135.474869] Huh VM_FAULT_OOM leaked out to the #PF handler. Retrying PF
[  135.482225] Huh VM_FAULT_OOM leaked out to the #PF handler. Retrying PF
[  135.488907] Huh VM_FAULT_OOM leaked out to the #PF handler. Retrying PF
[  135.495799] Huh VM_FAULT_OOM leaked out to the #PF handler. Retrying PF
[  135.502627] Huh VM_FAULT_OOM leaked out to the #PF handler. Retrying PF
[  135.510039] Huh VM_FAULT_OOM leaked out to the #PF handler. Retrying PF
[  135.516988] Huh VM_FAULT_OOM leaked out to the #PF handler. Retrying PF
[  135.523969] Huh VM_FAULT_OOM leaked out to the #PF handler. Retrying PF
[  135.531917] Huh VM_FAULT_OOM leaked out to the #PF handler. Retrying PF
[  140.469702] pagefault_out_of_memory: 842 callbacks suppressed
[  140.469717] Huh VM_FAULT_OOM leaked out to the #PF handler. Retrying PF
[  140.475038] Huh VM_FAULT_OOM leaked out to the #PF handler. Retrying PF
[  140.481029] Huh VM_FAULT_OOM leaked out to the #PF handler. Retrying PF
[  140.487390] Huh VM_FAULT_OOM leaked out to the #PF handler. Retrying PF
[  140.492905] Huh VM_FAULT_OOM leaked out to the #PF handler. Retrying PF
[  140.498774] Huh VM_FAULT_OOM leaked out to the #PF handler. Retrying PF
[  140.508641] Huh VM_FAULT_OOM leaked out to the #PF handler. Retrying PF
[  140.516257] Huh VM_FAULT_OOM leaked out to the #PF handler. Retrying PF
[  140.524434] Huh VM_FAULT_OOM leaked out to the #PF handler. Retrying PF
[  140.531370] Huh VM_FAULT_OOM leaked out to the #PF handler. Retrying PF
[  145.477549] pagefault_out_of_memory: 824 callbacks suppressed
[  145.477573] Huh VM_FAULT_OOM leaked out to the #PF handler. Retrying PF
[  145.484618] Huh VM_FAULT_OOM leaked out to the #PF handler. Retrying PF
[  145.492241] Huh VM_FAULT_OOM leaked out to the #PF handler. Retrying PF
[  145.500120] Huh VM_FAULT_OOM leaked out to the #PF handler. Retrying PF
[  145.506910] Huh VM_FAULT_OOM leaked out to the #PF handler. Retrying PF
[  145.513863] Huh VM_FAULT_OOM leaked out to the #PF handler. Retrying PF
[  145.521566] Huh VM_FAULT_OOM leaked out to the #PF handler. Retrying PF
[  145.529431] Huh VM_FAULT_OOM leaked out to the #PF handler. Retrying PF
[  145.536380] Huh VM_FAULT_OOM leaked out to the #PF handler. Retrying PF
[  145.543463] Huh VM_FAULT_OOM leaked out to the #PF handler. Retrying PF
[  150.481647] pagefault_out_of_memory: 910 callbacks suppressed
[  150.481670] Huh VM_FAULT_OOM leaked out to the #PF handler. Retrying PF
[  150.490700] Huh VM_FAULT_OOM leaked out to the #PF handler. Retrying PF
[  150.498644] Huh VM_FAULT_OOM leaked out to the #PF handler. Retrying PF
[  150.506493] Huh VM_FAULT_OOM leaked out to the #PF handler. Retrying PF
[  150.514282] Huh VM_FAULT_OOM leaked out to the #PF handler. Retrying PF
[  150.522199] Huh VM_FAULT_OOM leaked out to the #PF handler. Retrying PF
[  150.529185] Huh VM_FAULT_OOM leaked out to the #PF handler. Retrying PF
[  150.536173] Huh VM_FAULT_OOM leaked out to the #PF handler. Retrying PF
[  150.544372] Huh VM_FAULT_OOM leaked out to the #PF handler. Retrying PF
[  150.551864] Huh VM_FAULT_OOM leaked out to the #PF handler. Retrying PF
[  155.488818] pagefault_out_of_memory: 824 callbacks suppressed
[  155.488841] Huh VM_FAULT_OOM leaked out to the #PF handler. Retrying PF
[  155.497145] Huh VM_FAULT_OOM leaked out to the #PF handler. Retrying PF
[  155.504276] Huh VM_FAULT_OOM leaked out to the #PF handler. Retrying PF
[  155.511025] Huh VM_FAULT_OOM leaked out to the #PF handler. Retrying PF
[  155.517814] Huh VM_FAULT_OOM leaked out to the #PF handler. Retrying PF
[  155.524538] Huh VM_FAULT_OOM leaked out to the #PF handler. Retrying PF
[  155.531922] Huh VM_FAULT_OOM leaked out to the #PF handler. Retrying PF
[  155.538762] Huh VM_FAULT_OOM leaked out to the #PF handler. Retrying PF
[  155.545767] Huh VM_FAULT_OOM leaked out to the #PF handler. Retrying PF
[  155.553096] Huh VM_FAULT_OOM leaked out to the #PF handler. Retrying PF
[  160.495203] pagefault_out_of_memory: 817 callbacks suppressed
[  160.495227] Huh VM_FAULT_OOM leaked out to the #PF handler. Retrying PF
[  160.503112] Huh VM_FAULT_OOM leaked out to the #PF handler. Retrying PF
[  160.509786] Huh VM_FAULT_OOM leaked out to the #PF handler. Retrying PF
[  160.516980] Huh VM_FAULT_OOM leaked out to the #PF handler. Retrying PF
[  160.523953] Huh VM_FAULT_OOM leaked out to the #PF handler. Retrying PF
[  160.531396] Huh VM_FAULT_OOM leaked out to the #PF handler. Retrying PF
[  160.538195] Huh VM_FAULT_OOM leaked out to the #PF handler. Retrying PF
[  160.545267] Huh VM_FAULT_OOM leaked out to the #PF handler. Retrying PF
[  160.552176] Huh VM_FAULT_OOM leaked out to the #PF handler. Retrying PF
[  160.559193] Huh VM_FAULT_OOM leaked out to the #PF handler. Retrying PF
[  165.498463] pagefault_out_of_memory: 898 callbacks suppressed
[  165.498478] Huh VM_FAULT_OOM leaked out to the #PF handler. Retrying PF
[  165.504236] Huh VM_FAULT_OOM leaked out to the #PF handler. Retrying PF
[  165.511563] Huh VM_FAULT_OOM leaked out to the #PF handler. Retrying PF
[  165.517938] Huh VM_FAULT_OOM leaked out to the #PF handler. Retrying PF
[  165.524235] Huh VM_FAULT_OOM leaked out to the #PF handler. Retrying PF
[  165.530025] Huh VM_FAULT_OOM leaked out to the #PF handler. Retrying PF
[  165.536009] Huh VM_FAULT_OOM leaked out to the #PF handler. Retrying PF
[  165.542555] Huh VM_FAULT_OOM leaked out to the #PF handler. Retrying PF
[  165.548207] Huh VM_FAULT_OOM leaked out to the #PF handler. Retrying PF
[  165.554553] Huh VM_FAULT_OOM leaked out to the #PF handler. Retrying PF
[  170.501165] pagefault_out_of_memory: 927 callbacks suppressed
[  170.501181] Huh VM_FAULT_OOM leaked out to the #PF handler. Retrying PF
[  170.506855] Huh VM_FAULT_OOM leaked out to the #PF handler. Retrying PF
[  170.511920] Huh VM_FAULT_OOM leaked out to the #PF handler. Retrying PF
[  170.517549] Huh VM_FAULT_OOM leaked out to the #PF handler. Retrying PF
[  170.522656] Huh VM_FAULT_OOM leaked out to the #PF handler. Retrying PF
[  170.527830] Huh VM_FAULT_OOM leaked out to the #PF handler. Retrying PF
[  170.533606] Huh VM_FAULT_OOM leaked out to the #PF handler. Retrying PF
[  170.538923] Huh VM_FAULT_OOM leaked out to the #PF handler. Retrying PF
[  170.544874] Huh VM_FAULT_OOM leaked out to the #PF handler. Retrying PF
[  170.551902] Huh VM_FAULT_OOM leaked out to the #PF handler. Retrying PF
[  175.509281] pagefault_out_of_memory: 957 callbacks suppressed
[  175.509329] Huh VM_FAULT_OOM leaked out to the #PF handler. Retrying PF
[  175.517412] Huh VM_FAULT_OOM leaked out to the #PF handler. Retrying PF
[  175.523791] Huh VM_FAULT_OOM leaked out to the #PF handler. Retrying PF
[  175.530428] Huh VM_FAULT_OOM leaked out to the #PF handler. Retrying PF
[  175.536870] Huh VM_FAULT_OOM leaked out to the #PF handler. Retrying PF
[  175.543749] Huh VM_FAULT_OOM leaked out to the #PF handler. Retrying PF
[  175.550707] Huh VM_FAULT_OOM leaked out to the #PF handler. Retrying PF
[  175.557914] Huh VM_FAULT_OOM leaked out to the #PF handler. Retrying PF
[  175.565013] Huh VM_FAULT_OOM leaked out to the #PF handler. Retrying PF
[  175.572604] Huh VM_FAULT_OOM leaked out to the #PF handler. Retrying PF
