c[?7l[2J[0mSeaBIOS (version rel-1.14.0-0-g155821a1990b-prebuilt.qemu.org)


iPXE (http://ipxe.org) 00:03.0 CA00 PCI2.10 PnP PMM+7FF8F030+7FEEF030 CA00
Press Ctrl-B to configure iPXE (PCI 00:03.0)...                                                                               


Booting from ROM...
c[?7l[2J[    0.000000] Linux version 6.1.0-rc6-e8478b84d6ba+ (root@p-mtlp02) (gcc (GCC) 8.5.0 20210514 (Red Hat 8.5.0-18), GNU ld version 2.36.1-2.el8) #1 SMP PREEMPT_DYNAMIC Wed Feb  8 03:04:19 CST 2023
[    0.000000] Command line: console=ttyS0 root=/dev/sda earlyprintk=serial net.ifnames=0
[    0.000000] KERNEL supported cpus:
[    0.000000]   Intel GenuineIntel
[    0.000000]   AMD AuthenticAMD
[    0.000000]   Hygon HygonGenuine
[    0.000000]   Centaur CentaurHauls
[    0.000000]   zhaoxin   Shanghai  
[    0.000000] x86/split lock detection: #DB: warning on user-space bus_locks
[    0.000000] x86/fpu: Supporting XSAVE feature 0x001: 'x87 floating point registers'
[    0.000000] x86/fpu: Supporting XSAVE feature 0x002: 'SSE registers'
[    0.000000] x86/fpu: Supporting XSAVE feature 0x004: 'AVX registers'
[    0.000000] x86/fpu: Supporting XSAVE feature 0x200: 'Protection Keys User registers'
[    0.000000] x86/fpu: xstate_offset[2]:  576, xstate_sizes[2]:  256
[    0.000000] x86/fpu: xstate_offset[9]:  832, xstate_sizes[9]:    8
[    0.000000] x86/fpu: Enabled xstate features 0x207, context size is 840 bytes, using 'compacted' format.
[    0.000000] signal: max sigframe size: 3632
[    0.000000] BIOS-provided physical RAM map:
[    0.000000] BIOS-e820: [mem 0x0000000000000000-0x000000000009fbff] usable
[    0.000000] BIOS-e820: [mem 0x000000000009fc00-0x000000000009ffff] reserved
[    0.000000] BIOS-e820: [mem 0x00000000000f0000-0x00000000000fffff] reserved
[    0.000000] BIOS-e820: [mem 0x0000000000100000-0x000000007ffdffff] usable
[    0.000000] BIOS-e820: [mem 0x000000007ffe0000-0x000000007fffffff] reserved
[    0.000000] BIOS-e820: [mem 0x00000000feffc000-0x00000000feffffff] reserved
[    0.000000] BIOS-e820: [mem 0x00000000fffc0000-0x00000000ffffffff] reserved
[    0.000000] printk: bootconsole [earlyser0] enabled
[    0.000000] NX (Execute Disable) protection: active
[    0.000000] SMBIOS 2.8 present.
[    0.000000] DMI: QEMU Standard PC (i440FX + PIIX, 1996), BIOS rel-1.14.0-0-g155821a1990b-prebuilt.qemu.org 04/01/2014
[    0.000000] Hypervisor detected: KVM
[    0.000000] kvm-clock: Using msrs 4b564d01 and 4b564d00
[    0.000006] kvm-clock: using sched offset of 746073605 cycles
[    0.000483] clocksource: kvm-clock: mask: 0xffffffffffffffff max_cycles: 0x1cd42e4dffb, max_idle_ns: 881590591483 ns
[    0.001961] tsc: Detected 1190.400 MHz processor
[    0.010359] last_pfn = 0x7ffe0 max_arch_pfn = 0x400000000
[    0.010917] x86/PAT: Configuration [0-7]: WB  WC  UC- UC  WB  WP  UC- WT  
[    0.022165] found SMP MP-table at [mem 0x000f5a90-0x000f5a9f]
[    0.022880] Using GB pages for direct mapping
[    0.025066] ACPI: Early table checksum verification disabled
[    0.025618] ACPI: RSDP 0x00000000000F5870 000014 (v00 BOCHS )
[    0.026158] ACPI: RSDT 0x000000007FFE1959 000034 (v01 BOCHS  BXPC     00000001 BXPC 00000001)
[    0.026945] ACPI: FACP 0x000000007FFE1805 000074 (v01 BOCHS  BXPC     00000001 BXPC 00000001)
[    0.027731] ACPI: DSDT 0x000000007FFE0040 0017C5 (v01 BOCHS  BXPC     00000001 BXPC 00000001)
[    0.028509] ACPI: FACS 0x000000007FFE0000 000040
[    0.028946] ACPI: APIC 0x000000007FFE1879 000080 (v01 BOCHS  BXPC     00000001 BXPC 00000001)
[    0.029720] ACPI: HPET 0x000000007FFE18F9 000038 (v01 BOCHS  BXPC     00000001 BXPC 00000001)
[    0.030493] ACPI: WAET 0x000000007FFE1931 000028 (v01 BOCHS  BXPC     00000001 BXPC 00000001)
[    0.031264] ACPI: Reserving FACP table memory at [mem 0x7ffe1805-0x7ffe1878]
[    0.031893] ACPI: Reserving DSDT table memory at [mem 0x7ffe0040-0x7ffe1804]
[    0.032517] ACPI: Reserving FACS table memory at [mem 0x7ffe0000-0x7ffe003f]
[    0.033211] ACPI: Reserving APIC table memory at [mem 0x7ffe1879-0x7ffe18f8]
[    0.033835] ACPI: Reserving HPET table memory at [mem 0x7ffe18f9-0x7ffe1930]
[    0.034463] ACPI: Reserving WAET table memory at [mem 0x7ffe1931-0x7ffe1958]
[    0.036152] No NUMA configuration found
[    0.036501] Faking a node at [mem 0x0000000000000000-0x000000007ffdffff]
[    0.037243] NODE_DATA(0) allocated [mem 0x7ffb5000-0x7ffdffff]
[    0.095733] Zone ranges:
[    0.096009]   DMA      [mem 0x0000000000001000-0x0000000000ffffff]
[    0.096566]   DMA32    [mem 0x0000000001000000-0x000000007ffdffff]
[    0.097119]   Normal   empty
[    0.097381]   Device   empty
[    0.097642] Movable zone start for each node
[    0.098020] Early memory node ranges
[    0.098336]   node   0: [mem 0x0000000000001000-0x000000000009efff]
[    0.098894]   node   0: [mem 0x0000000000100000-0x000000007ffdffff]
[    0.099456] Initmem setup node 0 [mem 0x0000000000001000-0x000000007ffdffff]
[    0.100106] On node 0, zone DMA: 1 pages in unavailable ranges
[    0.100214] On node 0, zone DMA: 97 pages in unavailable ranges
[    0.112845] On node 0, zone DMA32: 32 pages in unavailable ranges
[    0.778397] kasan: KernelAddressSanitizer initialized
[    0.779677] ACPI: PM-Timer IO Port: 0x608
[    0.780085] ACPI: LAPIC_NMI (acpi_id[0xff] dfl dfl lint[0x1])
[    0.780705] IOAPIC[0]: apic_id 0, version 17, address 0xfec00000, GSI 0-23
[    0.781342] ACPI: INT_SRC_OVR (bus 0 bus_irq 0 global_irq 2 dfl dfl)
[    0.781898] ACPI: INT_SRC_OVR (bus 0 bus_irq 5 global_irq 5 high level)
[    0.782470] ACPI: INT_SRC_OVR (bus 0 bus_irq 9 global_irq 9 high level)
[    0.783050] ACPI: INT_SRC_OVR (bus 0 bus_irq 10 global_irq 10 high level)
[    0.783640] ACPI: INT_SRC_OVR (bus 0 bus_irq 11 global_irq 11 high level)
[    0.784248] ACPI: Using ACPI (MADT) for SMP configuration information
[    0.784806] ACPI: HPET id: 0x8086a201 base: 0xfed00000
[    0.785283] TSC deadline timer available
[    0.785631] smpboot: Allowing 2 CPUs, 0 hotplug CPUs
[    0.786213] kvm-guest: KVM setup pv remote TLB flush
[    0.786649] kvm-guest: setup PV sched yield
[    0.787131] PM: hibernation: Registered nosave memory: [mem 0x00000000-0x00000fff]
[    0.787793] PM: hibernation: Registered nosave memory: [mem 0x0009f000-0x0009ffff]
[    0.788441] PM: hibernation: Registered nosave memory: [mem 0x000a0000-0x000effff]
[    0.789100] PM: hibernation: Registered nosave memory: [mem 0x000f0000-0x000fffff]
[    0.789765] [mem 0x80000000-0xfeffbfff] available for PCI devices
[    0.790305] Booting paravirtualized kernel on KVM
[    0.790760] clocksource: refined-jiffies: mask: 0xffffffff max_cycles: 0xffffffff, max_idle_ns: 7645519600211568 ns
[    0.791707] setup_percpu: NR_CPUS:8192 nr_cpumask_bits:2 nr_cpu_ids:2 nr_node_ids:1
[    0.794434] percpu: Embedded 80 pages/cpu s290816 r8192 d28672 u1048576
[    0.795345] kvm-guest: PV spinlocks enabled
[    0.795727] PV qspinlock hash table entries: 256 (order: 0, 4096 bytes, linear)
[    0.796345] Fallback order for Node 0: 0 
[    0.796711] Built 1 zonelists, mobility grouping on.  Total pages: 515808
[    0.797306] Policy zone: DMA32
[    0.797581] Kernel command line: net.ifnames=0 console=ttyS0 root=/dev/sda earlyprintk=serial net.ifnames=0
[    0.799289] random: crng init done
[    0.801330] Dentry cache hash table entries: 262144 (order: 9, 2097152 bytes, linear)
[    0.803089] Inode-cache hash table entries: 131072 (order: 8, 1048576 bytes, linear)
[    0.803980] mem auto-init: stack:off, heap alloc:off, heap free:off
[    0.810981] stackdepot hash table entries: 1048576 (order: 11, 8388608 bytes, linear)
[    0.850740] Memory: 1354928K/2096632K available (67601K kernel code, 13983K rwdata, 14020K rodata, 4576K init, 24200K bss, 741448K reserved, 0K cma-reserved)
[    0.853373] SLUB: HWalign=64, Order=0-3, MinObjects=0, CPUs=2, Nodes=1
[    0.853940] kmemleak: Kernel memory leak detector disabled
[    0.854507] ftrace: allocating 67484 entries in 264 pages
[    0.902169] ftrace: allocated 264 pages with 2 groups
[    0.909402] Dynamic Preempt: voluntary
[    0.910171] Running RCU self tests
[    0.910483] rcu: Preemptible hierarchical RCU implementation.
[    0.910968] rcu: 	RCU lockdep checking is enabled.
[    0.911370] rcu: 	RCU restricting CPUs from NR_CPUS=8192 to nr_cpu_ids=2.
[    0.911947] 	Trampoline variant of Tasks RCU enabled.
[    0.912370] 	Rude variant of Tasks RCU enabled.
[    0.912758] 	Tracing variant of Tasks RCU enabled.
[    0.913162] rcu: RCU calculated value of scheduler-enlistment delay is 25 jiffies.
[    0.913797] rcu: Adjusting geometry for rcu_fanout_leaf=16, nr_cpu_ids=2
[    0.958617] NR_IRQS: 524544, nr_irqs: 440, preallocated irqs: 16
[    0.959691] rcu: srcu_init: Setting srcu_struct sizes based on contention.
[    0.968304] Console: colour VGA+ 80x25
[    0.968715] printk: console [ttyS0] enabled
[    0.968715] printk: console [ttyS0] enabled
[    0.969444] printk: bootconsole [earlyser0] disabled
[    0.969444] printk: bootconsole [earlyser0] disabled
[    0.970293] Lock dependency validator: Copyright (c) 2006 Red Hat, Inc., Ingo Molnar
[    0.970958] ... MAX_LOCKDEP_SUBCLASSES:  8
[    0.971318] ... MAX_LOCK_DEPTH:          48
[    0.971684] ... MAX_LOCKDEP_KEYS:        8192
[    0.972067] ... CLASSHASH_SIZE:          4096
[    0.972449] ... MAX_LOCKDEP_ENTRIES:     32768
[    0.972848] ... MAX_LOCKDEP_CHAINS:      65536
[    0.973238] ... CHAINHASH_SIZE:          32768
[    0.973628]  memory used by lock dependency info: 6365 kB
[    0.974102]  memory used for stack traces: 4224 kB
[    0.974525]  per task-struct memory footprint: 1920 bytes
[    0.975095] ACPI: Core revision 20220331
[    0.975947] clocksource: hpet: mask: 0xffffffff max_cycles: 0xffffffff, max_idle_ns: 19112604467 ns
[    0.976959] APIC: Switch to symmetric I/O mode setup
[    0.977715] x2apic enabled
[    0.978166] Switched APIC routing to physical x2apic.
[    0.978612] kvm-guest: setup PV IPIs
[    0.980107] ..TIMER: vector=0x30 apic1=0 pin1=2 apic2=-1 pin2=-1
[    0.980681] clocksource: tsc-early: mask: 0xffffffffffffffff max_cycles: 0x1128af0325d, max_idle_ns: 440795261011 ns
[    0.981944] Calibrating delay loop (skipped) preset value.. 2380.80 BogoMIPS (lpj=4761600)
[    0.982675] pid_max: default: 32768 minimum: 301
[    0.983311] LSM: Security Framework initializing
[    0.983758] Yama: becoming mindful.
[    0.984485] Mount-cache hash table entries: 4096 (order: 3, 32768 bytes, linear)
[    0.985946] Mountpoint-cache hash table entries: 4096 (order: 3, 32768 bytes, linear)
[    0.988965] CPU0: Thermal monitoring enabled (TM1)
[    0.990049] x86/cpu: User Mode Instruction Prevention (UMIP) activated
[    0.991468] Last level iTLB entries: 4KB 0, 2MB 0, 4MB 0
[    0.993956] Last level dTLB entries: 4KB 0, 2MB 0, 4MB 0, 1GB 0
[    0.994572] Spectre V1 : Mitigation: usercopy/swapgs barriers and __user pointer sanitization
[    0.995316] Spectre V2 : WARNING: Unprivileged eBPF is enabled with eIBRS on, data leaks possible via Spectre v2 BHB attacks!
[    0.996274] Spectre V2 : Mitigation: Enhanced IBRS
[    0.996677] Spectre V2 : Spectre v2 / SpectreRSB mitigation: Filling RSB on context switch
[    0.997366] Spectre V2 : Spectre v2 / PBRSB-eIBRS: Retire a single CALL on VMEXIT
[    0.997935] Spectre V2 : mitigation: Enabling conditional Indirect Branch Prediction Barrier
[    0.998638] Speculative Store Bypass: Mitigation: Speculative Store Bypass disabled via prctl
[    0.999347] MMIO Stale Data: Unknown: No mitigations
[    1.159617] Freeing SMP alternatives memory: 52K
[    1.160898] smpboot: CPU0: Genuine Intel(R) 0000 (family: 0x6, model: 0xaa, stepping: 0x1)
[    1.161915] cblist_init_generic: Setting adjustable number of callback queues.
[    1.161915] cblist_init_generic: Setting shift to 1 and lim to 1.
[    1.161915] cblist_init_generic: Setting shift to 1 and lim to 1.
[    1.162034] cblist_init_generic: Setting shift to 1 and lim to 1.
[    1.162678] Running RCU-tasks wait API self tests
[    1.266151] Performance Events: generic architected perfmon, full-width counters, Intel PMU driver.
[    1.267044] ... version:                2
[    1.267390] ... bit width:              48
[    1.267743] ... generic registers:      8
[    1.268091] ... value mask:             0000ffffffffffff
[    1.268542] ... max period:             00007fffffffffff
[    1.268996] ... fixed-purpose events:   3
[    1.269342] ... event mask:             00000007000000ff
[    1.270533] rcu: Hierarchical SRCU implementation.
[    1.270954] rcu: 	Max phase no-delay instances is 1000.
[    1.277052] smp: Bringing up secondary CPUs ...
[    1.278369] x86: Booting SMP configuration:
[    1.278755] .... node  #0, CPUs:      #1
[    0.017639] smpboot: CPU 1 Converting physical 0 to logical die 1
[    1.282308] smp: Brought up 1 node, 2 CPUs
[    1.282701] smpboot: Max logical packages: 2
[    1.283052] smpboot: Total of 2 processors activated (4761.60 BogoMIPS)
[    1.289948] Callback from call_rcu_tasks_trace() invoked.
[    1.294477] devtmpfs: initialized
[    1.298454] x86/mm: Memory block size: 128MB
[    1.310804] clocksource: jiffies: mask: 0xffffffff max_cycles: 0xffffffff, max_idle_ns: 7645041785100000 ns
[    1.311704] futex hash table entries: 512 (order: 4, 65536 bytes, linear)
[    1.312823] pinctrl core: initialized pinctrl subsystem
[    1.314972] 
[    1.315120] *************************************************************
[    1.315696] **     NOTICE NOTICE NOTICE NOTICE NOTICE NOTICE NOTICE    **
[    1.316271] **                                                         **
[    1.316849] **  IOMMU DebugFS SUPPORT HAS BEEN ENABLED IN THIS KERNEL  **
[    1.317423] **                                                         **
[    1.317921] ** This means that this kernel is built to expose internal **
[    1.318495] ** IOMMU data structures, which may compromise security on **
[    1.319075] ** your system.                                            **
[    1.319652] **                                                         **
[    1.320232] ** If you see this message and you are not debugging the   **
[    1.320812] ** kernel, report this immediately to your vendor!         **
[    1.321387] **                                                         **
[    1.321922] **     NOTICE NOTICE NOTICE NOTICE NOTICE NOTICE NOTICE    **
[    1.322499] *************************************************************
[    1.323156] PM: RTC time: 19:05:12, date: 2023-02-07
[    1.328111] NET: Registered PF_NETLINK/PF_ROUTE protocol family
[    1.329845] DMA: preallocated 256 KiB GFP_KERNEL pool for atomic allocations
[    1.329967] DMA: preallocated 256 KiB GFP_KERNEL|GFP_DMA pool for atomic allocations
[    1.330671] DMA: preallocated 256 KiB GFP_KERNEL|GFP_DMA32 pool for atomic allocations
[    1.331455] audit: initializing netlink subsys (disabled)
[    1.332056] audit: type=2000 audit(1675796712.120:1): state=initialized audit_enabled=0 res=1
[    1.334787] thermal_sys: Registered thermal governor 'fair_share'
[    1.334802] thermal_sys: Registered thermal governor 'bang_bang'
[    1.335377] thermal_sys: Registered thermal governor 'step_wise'
[    1.335890] thermal_sys: Registered thermal governor 'user_space'
[    1.336503] cpuidle: using governor ladder
[    1.337399] cpuidle: using governor menu
[    1.338267] acpiphp: ACPI Hot Plug PCI Controller Driver version: 0.5
[    1.339442] PCI: Using configuration type 1 for base access
[    1.370626] Callback from call_rcu_tasks_rude() invoked.
[    1.375752] kprobes: kprobe jump-optimization is enabled. All kprobes are optimized if possible.
[    1.628538] Callback from call_rcu_tasks() invoked.
[    1.662202] HugeTLB: registered 1.00 GiB page size, pre-allocated 0 pages
[    1.663372] HugeTLB: 16380 KiB vmemmap can be freed for a 1.00 GiB page
[    1.664458] HugeTLB: registered 2.00 MiB page size, pre-allocated 0 pages
[    1.665594] HugeTLB: 28 KiB vmemmap can be freed for a 2.00 MiB page
[    1.673861] ACPI: Added _OSI(Module Device)
[    1.673947] ACPI: Added _OSI(Processor Device)
[    1.674702] ACPI: Added _OSI(3.0 _SCP Extensions)
[    1.675473] ACPI: Added _OSI(Processor Aggregator Device)
[    1.698381] ACPI: 1 ACPI AML tables successfully acquired and loaded
[    1.710484] ACPI: Interpreter enabled
[    1.711358] ACPI: PM: (supports S0 S3 S4 S5)
[    1.712029] ACPI: Using IOAPIC for interrupt routing
[    1.713016] PCI: Using host bridge windows from ACPI; if necessary, use "pci=nocrs" and report a bug
[    1.713928] PCI: Using E820 reservations for host bridge windows
[    1.716912] ACPI: Enabled 2 GPEs in block 00 to 0F
[    1.774138] ACPI: PCI Root Bridge [PCI0] (domain 0000 [bus 00-ff])
[    1.775225] acpi PNP0A03:00: _OSC: OS supports [ASPM ClockPM Segments MSI EDR HPX-Type3]
[    1.776537] acpi PNP0A03:00: _OSC: not requesting OS control; OS requires [ExtendedConfig ASPM ClockPM MSI]
[    1.778240] acpi PNP0A03:00: fail to add MMCONFIG information, can't access extended PCI configuration space under this bridge.
[    1.787905] acpiphp: Slot [3] registered
[    1.788763] acpiphp: Slot [4] registered
[    1.789660] acpiphp: Slot [5] registered
[    1.790138] acpiphp: Slot [6] registered
[    1.791013] acpiphp: Slot [7] registered
[    1.791863] acpiphp: Slot [8] registered
[    1.792760] acpiphp: Slot [9] registered
[    1.793644] acpiphp: Slot [10] registered
[    1.794141] acpiphp: Slot [11] registered
[    1.795035] acpiphp: Slot [12] registered
[    1.796000] acpiphp: Slot [13] registered
[    1.796874] acpiphp: Slot [14] registered
[    1.797740] acpiphp: Slot [15] registered
[    1.798141] acpiphp: Slot [16] registered
[    1.799085] acpiphp: Slot [17] registered
[    1.799962] acpiphp: Slot [18] registered
[    1.800823] acpiphp: Slot [19] registered
[    1.801712] acpiphp: Slot [20] registered
[    1.802190] acpiphp: Slot [21] registered
[    1.803056] acpiphp: Slot [22] registered
[    1.803918] acpiphp: Slot [23] registered
[    1.804812] acpiphp: Slot [24] registered
[    1.805732] acpiphp: Slot [25] registered
[    1.806168] acpiphp: Slot [26] registered
[    1.807056] acpiphp: Slot [27] registered
[    1.807940] acpiphp: Slot [28] registered
[    1.808891] acpiphp: Slot [29] registered
[    1.809770] acpiphp: Slot [30] registered
[    1.810151] acpiphp: Slot [31] registered
[    1.810944] PCI host bridge to bus 0000:00
[    1.811621] pci_bus 0000:00: root bus resource [io  0x0000-0x0cf7 window]
[    1.812726] pci_bus 0000:00: root bus resource [io  0x0d00-0xffff window]
[    1.813831] pci_bus 0000:00: root bus resource [mem 0x000a0000-0x000bffff window]
[    1.813933] pci_bus 0000:00: root bus resource [mem 0x80000000-0xfebfffff window]
[    1.815142] pci_bus 0000:00: root bus resource [mem 0x100000000-0x17fffffff window]
[    1.816382] pci_bus 0000:00: root bus resource [bus 00-ff]
[    1.817612] pci 0000:00:00.0: [8086:1237] type 00 class 0x060000
[    1.832987] pci 0000:00:01.0: [8086:7000] type 00 class 0x060100
[    1.836247] pci 0000:00:01.1: [8086:7010] type 00 class 0x010180
[    1.839394] pci 0000:00:01.1: reg 0x20: [io  0xc040-0xc04f]
[    1.841262] pci 0000:00:01.1: legacy IDE quirk: reg 0x10: [io  0x01f0-0x01f7]
[    1.841930] pci 0000:00:01.1: legacy IDE quirk: reg 0x14: [io  0x03f6]
[    1.842979] pci 0000:00:01.1: legacy IDE quirk: reg 0x18: [io  0x0170-0x0177]
[    1.844121] pci 0000:00:01.1: legacy IDE quirk: reg 0x1c: [io  0x0376]
[    1.845964] pci 0000:00:01.3: [8086:7113] type 00 class 0x068000
[    1.848005] pci 0000:00:01.3: quirk: [io  0x0600-0x063f] claimed by PIIX4 ACPI
[    1.849201] pci 0000:00:01.3: quirk: [io  0x0700-0x070f] claimed by PIIX4 SMB
[    1.850755] pci 0000:00:02.0: [1234:1111] type 00 class 0x030000
[    1.854931] pci 0000:00:02.0: reg 0x10: [mem 0xfd000000-0xfdffffff pref]
[    1.861292] pci 0000:00:02.0: reg 0x18: [mem 0xfebf0000-0xfebf0fff]
[    1.869149] pci 0000:00:02.0: reg 0x30: [mem 0xfebe0000-0xfebeffff pref]
[    1.870596] pci 0000:00:02.0: Video device with shadowed ROM at [mem 0x000c0000-0x000dffff]
[    1.888385] pci 0000:00:03.0: [8086:100e] type 00 class 0x020000
[    1.890345] pci 0000:00:03.0: reg 0x10: [mem 0xfebc0000-0xfebdffff]
[    1.892345] pci 0000:00:03.0: reg 0x14: [io  0xc000-0xc03f]
[    1.895361] pci 0000:00:03.0: reg 0x30: [mem 0xfeb80000-0xfebbffff pref]
[    1.920375] ACPI: PCI: Interrupt link LNKA configured for IRQ 10
[    1.921982] ACPI: PCI: Interrupt link LNKB configured for IRQ 10
[    1.923516] ACPI: PCI: Interrupt link LNKC configured for IRQ 11
[    1.924988] ACPI: PCI: Interrupt link LNKD configured for IRQ 11
[    1.925936] ACPI: PCI: Interrupt link LNKS configured for IRQ 9
[    1.930159] iommu: Default domain type: Translated 
[    1.930606] iommu: DMA domain TLB invalidation policy: lazy mode 
[    1.934254] SCSI subsystem initialized
[    1.935393] ACPI: bus type USB registered
[    1.936037] usbcore: registered new interface driver usbfs
[    1.936609] usbcore: registered new interface driver hub
[    1.937157] usbcore: registered new device driver usb
[    1.937899] pps_core: LinuxPPS API ver. 1 registered
[    1.937928] pps_core: Software ver. 5.3.6 - Copyright 2005-2007 Rodolfo Giometti <giometti@linux.it>
[    1.938716] PTP clock support registered
[    1.939491] EDAC MC: Ver: 3.0.0
[    1.943667] NetLabel: Initializing
[    1.943985] NetLabel:  domain hash size = 128
[    1.944354] NetLabel:  protocols = UNLABELED CIPSOv4 CALIPSO
[    1.945021] NetLabel:  unlabeled traffic allowed by default
[    1.982923] PCI: Using ACPI for IRQ routing
[    1.984459] pci 0000:00:02.0: vgaarb: setting as boot VGA device
[    1.985444] pci 0000:00:02.0: vgaarb: bridge control possible
[    1.985915] pci 0000:00:02.0: vgaarb: VGA device added: decodes=io+mem,owns=io+mem,locks=none
[    1.985928] vgaarb: loaded
[    1.988216] hpet0: at MMIO 0xfed00000, IRQs 2, 8, 0
[    1.989050] hpet0: 3 comparators, 64-bit 100.000000 MHz counter
[    4.535493] clocksource: Switched to clocksource kvm-clock
[    4.537752] VFS: Disk quotas dquot_6.6.0
[    4.537752] VFS: Dquot-cache hash table entries: 512 (order 0, 4096 bytes)
[    4.538156] pnp: PnP ACPI init
[    4.542688] pnp: PnP ACPI: found 6 devices
[    4.564686] clocksource: acpi_pm: mask: 0xffffff max_cycles: 0xffffff, max_idle_ns: 2085701024 ns
[    4.566084] NET: Registered PF_INET protocol family
[    4.566871] IP idents hash table entries: 32768 (order: 6, 262144 bytes, linear)
[    4.569255] tcp_listen_portaddr_hash hash table entries: 1024 (order: 4, 73728 bytes, linear)
[    4.570081] Table-perturb hash table entries: 65536 (order: 6, 262144 bytes, linear)
[    4.570766] TCP established hash table entries: 16384 (order: 5, 131072 bytes, linear)
[    4.572156] TCP bind hash table entries: 16384 (order: 9, 2359296 bytes, linear)
[    4.575714] TCP: Hash tables configured (established 16384 bind 16384)
[    4.576583] UDP hash table entries: 1024 (order: 5, 163840 bytes, linear)
[    4.577336] UDP-Lite hash table entries: 1024 (order: 5, 163840 bytes, linear)
[    4.578568] NET: Registered PF_UNIX/PF_LOCAL protocol family
[    4.586896] RPC: Registered named UNIX socket transport module.
[    4.587426] RPC: Registered udp transport module.
[    4.587823] RPC: Registered tcp transport module.
[    4.588216] RPC: Registered tcp NFSv4.1 backchannel transport module.
[    4.588791] pci_bus 0000:00: resource 4 [io  0x0000-0x0cf7 window]
[    4.589331] pci_bus 0000:00: resource 5 [io  0x0d00-0xffff window]
[    4.589851] pci_bus 0000:00: resource 6 [mem 0x000a0000-0x000bffff window]
[    4.590446] pci_bus 0000:00: resource 7 [mem 0x80000000-0xfebfffff window]
[    4.591019] pci_bus 0000:00: resource 8 [mem 0x100000000-0x17fffffff window]
[    4.598380] pci 0000:00:01.0: PIIX3: Enabling Passive Release
[    4.598889] pci 0000:00:00.0: Limiting direct PCI/PCI transfers
[    4.599508] PCI: CLS 0 bytes, default 64
[    4.610024] ACPI: bus type thunderbolt registered
[    4.611015] clocksource: tsc: mask: 0xffffffffffffffff max_cycles: 0x1128af0325d, max_idle_ns: 440795261011 ns
[    4.829364] Initialise system trusted keyrings
[    4.829902] Key type blacklist registered
[    4.831107] workingset: timestamp_bits=36 max_order=19 bucket_order=0
[    4.855448] zbud: loaded
[    4.861686] squashfs: version 4.0 (2009/01/31) Phillip Lougher
[    4.867010] NFS: Registering the id_resolver key type
[    4.867483] Key type id_resolver registered
[    4.867838] Key type id_legacy registered
[    4.868382] nfs4filelayout_init: NFSv4 File Layout Driver Registering...
[    4.869044] nfs4flexfilelayout_init: NFSv4 Flexfile Layout Driver Registering...
[    4.869938] fuse: init (API version 7.37)
[    4.870882] SGI XFS with ACLs, security attributes, realtime, quota, no debug enabled
[    4.878379] 9p: Installing v9fs 9p2000 file system support
[    4.887697] Key type asymmetric registered
[    4.888057] Asymmetric key parser 'x509' registered
[    4.894771] alg: self-tests for CTR-KDF (hmac(sha256)) passed
[    4.895371] Block layer SCSI generic (bsg) driver version 0.4 loaded (major 243)
[    4.896537] io scheduler mq-deadline registered
[    4.897341] io scheduler bfq registered
[    4.901212] shpchp: Standard Hot Plug PCI Controller Driver version: 0.4
[    4.902710] IPMI message handler: version 39.2
[    4.903170] ipmi device interface
[    4.906195] input: Power Button as /devices/LNXSYSTM:00/LNXPWRBN:00/input/input0
[    4.907317] ACPI: button: Power Button [PWRF]
[    4.909648] ERST DBG: ERST support is disabled.
[    4.911748] Serial: 8250/16550 driver, 32 ports, IRQ sharing enabled
[    4.913005] 00:04: ttyS0 at I/O 0x3f8 (irq = 4, base_baud = 115200) is a 16550A
[    4.931692] Linux agpgart interface v0.103
[    4.933888] ACPI: bus type drm_connector registered
[    4.957419] brd: module loaded
[    4.971058] loop: module loaded
[    4.983412] scsi host0: ata_piix
[    4.985487] scsi host1: ata_piix
[    4.986177] ata1: PATA max MWDMA2 cmd 0x1f0 ctl 0x3f6 bmdma 0xc040 irq 14
[    4.986747] ata2: PATA max MWDMA2 cmd 0x170 ctl 0x376 bmdma 0xc048 irq 15
[    4.989581] tun: Universal TUN/TAP device driver, 1.6
[    4.990397] e100: Intel(R) PRO/100 Network Driver
[    4.990800] e100: Copyright(c) 1999-2006 Intel Corporation
[    4.991330] e1000: Intel(R) PRO/1000 Network Driver
[    4.991743] e1000: Copyright (c) 1999-2006 Intel Corporation.
[    5.146309] ata1: found unknown device (class 0)
[    5.147419] ata1.00: ATA-7: QEMU HARDDISK, 2.5+, max UDMA/100
[    5.147907] ata1.00: 16777216 sectors, multi 16: LBA48 
[    5.148650] ata2: found unknown device (class 0)
[    5.150227] scsi 0:0:0:0: Direct-Access     ATA      QEMU HARDDISK    2.5+ PQ: 0 ANSI: 5
[    5.152801] sd 0:0:0:0: [sda] 16777216 512-byte logical blocks: (8.59 GB/8.00 GiB)
[    5.153530] sd 0:0:0:0: [sda] Write Protect is off
[    5.154052] sd 0:0:0:0: [sda] Write cache: enabled, read cache: enabled, doesn't support DPO or FUA
[    5.155593] sd 0:0:0:0: Attached scsi generic sg0 type 0
[    5.156304] sd 0:0:0:0: [sda] Preferred minimum I/O size 512 bytes
[    5.157219] ata2.00: ATAPI: QEMU DVD-ROM, 2.5+, max UDMA/100
[    5.160798] scsi 1:0:0:0: CD-ROM            QEMU     QEMU DVD-ROM     2.5+ PQ: 0 ANSI: 5
[    5.177608] sd 0:0:0:0: [sda] Attached SCSI disk
[    5.187265] scsi 1:0:0:0: Attached scsi generic sg1 type 5
[    5.747865] ACPI: \_SB_.LNKC: Enabled at IRQ 11
[    6.078815] e1000 0000:00:03.0 eth0: (PCI:33MHz:32-bit) 52:54:00:12:34:56
[    6.079481] e1000 0000:00:03.0 eth0: Intel(R) PRO/1000 Network Connection
[    6.080251] e1000e: Intel(R) PRO/1000 Network Driver
[    6.080677] e1000e: Copyright(c) 1999 - 2015 Intel Corporation.
[    6.081314] igb: Intel(R) Gigabit Ethernet Network Driver
[    6.081771] igb: Copyright (c) 2007-2014 Intel Corporation.
[    6.082496] PPP generic driver version 2.4.2
[    6.083703] VFIO - User Level meta-driver version: 0.3
[    6.085588] usbcore: registered new interface driver uas
[    6.086212] usbcore: registered new interface driver usb-storage
[    6.087014] i8042: PNP: PS/2 Controller [PNP0303:KBD,PNP0f13:MOU] at 0x60,0x64 irq 1,12
[    6.088634] serio: i8042 KBD port at 0x60,0x64 irq 1
[    6.089196] serio: i8042 AUX port at 0x60,0x64 irq 12
[    6.090765] mousedev: PS/2 mouse device common for all mice
[    6.092465] rtc_cmos 00:05: RTC can wake from S4
[    6.093820] input: AT Translated Set 2 keyboard as /devices/platform/i8042/serio0/input/input1
[    6.096091] input: VirtualPS/2 VMware VMMouse as /devices/platform/i8042/serio1/input/input4
[    6.097754] input: VirtualPS/2 VMware VMMouse as /devices/platform/i8042/serio1/input/input3
[    6.100216] rtc_cmos 00:05: registered as rtc0
[    6.100682] rtc_cmos 00:05: setting system clock to 2023-02-07T19:05:16 UTC (1675796716)
[    6.101669] rtc_cmos 00:05: alarms up to one day, y3k, 242 bytes nvram, hpet irqs
[    6.102438] i2c_dev: i2c /dev entries driver
[    6.103405] device-mapper: core: CONFIG_IMA_DISABLE_HTABLE is disabled. Duplicate IMA measurements will not be recorded in the IMA log.
[    6.104632] device-mapper: uevent: version 1.0.3
[    6.105703] device-mapper: ioctl: 4.47.0-ioctl (2022-07-28) initialised: dm-devel@redhat.com
[    6.106441] intel_pstate: CPU model not supported
[    6.107067] sdhci: Secure Digital Host Controller Interface driver
[    6.107585] sdhci: Copyright(c) Pierre Ossman
[    6.108096] sdhci-pltfm: SDHCI platform and OF driver helper
[    6.108915] ledtrig-cpu: registered to indicate activity on CPUs
[    6.110266] drop_monitor: Initializing network drop monitor service
[    6.112227] NET: Registered PF_INET6 protocol family
[    6.118746] Segment Routing with IPv6
[    6.119156] In-situ OAM (IOAM) with IPv6
[    6.119617] NET: Registered PF_PACKET protocol family
[    6.120831] 9pnet: Installing 9P2000 support
[    6.121334] Key type dns_resolver registered
[    6.123419] IPI shorthand broadcast: enabled
[    6.123945] sched_clock: Marking stable (6109204952, 13639149)->(6218519472, -95675371)
[    6.126051] registered taskstats version 1
[    6.127029] Loading compiled-in X.509 certificates
[    6.128756] zswap: loaded using pool lzo/zbud
[    6.132096] Key type .fscrypt registered
[    6.132443] Key type fscrypt-provisioning registered
[    6.135806] Key type encrypted registered
[    6.136231] ima: No TPM chip found, activating TPM-bypass!
[    6.136717] ima: Allocated hash algorithm: sha1
[    6.137183] ima: No architecture policies found
[    6.137701] evm: Initialising EVM extended attributes:
[    6.138161] evm: security.selinux
[    6.138442] evm: security.SMACK64
[    6.138725] evm: security.SMACK64EXEC
[    6.139036] evm: security.SMACK64TRANSMUTE
[    6.139382] evm: security.SMACK64MMAP
[    6.139694] evm: security.apparmor
[    6.139981] evm: security.ima
[    6.140235] evm: security.capability
[    6.140537] evm: HMAC attrs: 0x1
[    6.150174] PM:   Magic number: 11:30:91
[    6.150693] memory_tiering memory_tier4: hash matches
[    6.151847] RAS: Correctable Errors collector initialized.
[    6.154071] md: Waiting for all devices to be available before autodetect
[    6.154452] md: If you don't use raid, use raid=noautodetect
[    6.154771] md: Autodetecting RAID arrays.
[    6.155014] md: autorun ...
[    6.155181] md: ... autorun DONE.
[    6.175760] EXT4-fs (sda): mounted filesystem with ordered data mode. Quota mode: none.
[    6.176350] VFS: Mounted root (ext4 filesystem) readonly on device 8:0.
[    6.181025] devtmpfs: mounted
[    6.201324] Freeing unused decrypted memory: 2036K
[    6.204037] Freeing unused kernel image (initmem) memory: 4576K
[    6.204425] Write protecting the kernel read-only data: 83968k
[    6.209262] Freeing unused kernel image (text/rodata gap) memory: 2028K
[    6.210299] Freeing unused kernel image (rodata/data gap) memory: 316K
[    6.319256] x86/mm: Checked W+X mappings: passed, no W+X pages found.
[    6.319703] Run /sbin/init as init process
[    6.506667] systemd[1]: RTC configured in localtime, applying delta of 0 minutes to system time.
[    6.589452] systemd[1]: systemd 239 (239-49.el8) running in system mode. (+PAM +AUDIT +SELINUX +IMA -APPARMOR +SMACK +SYSVINIT +UTMP +LIBCRYPTSETUP +GCRYPT +GNUTLS +ACL +XZ +LZ4 +SECCOMP +BLKID +ELFUTILS +KMOD +IDN2 -IDN +PCRE2 default-hierarchy=legacy)
[    6.591095] systemd[1]: Detected virtualization kvm.
[    6.591400] systemd[1]: Detected architecture x86-64.

Welcome to [0;31mCentOS Stream 8[0m!

[    6.650549] systemd[1]: Set hostname to <test>.
[    7.265337] systemd[1]: Listening on udev Control Socket.
[[0;32m  OK  [0m] Listening on udev Control Socket.
[    7.267243] systemd[1]: Listening on multipathd control socket.
[[0;32m  OK  [0m] Listening on multipathd control socket.
[    7.272618] systemd[1]: Set up automount Arbitrary Executable File Formats File System Automount Point.
[[0;32m  OK  [0m] Set up automount Arbitrary Executabâ€¦rmats File System Automount Point.
[    7.274634] systemd[1]: Listening on Device-mapper event daemon FIFOs.
[[0;32m  OK  [0m] Listening on Device-mapper event daemon FIFOs.
[    7.276485] systemd[1]: Listening on Journal Socket.
[[0;32m  OK  [0m] Listening on Journal Socket.
[    7.306582] systemd[1]: Mounting POSIX Message Queue File System...
         Mounting POSIX Message Queue File System...
[[0;32m  OK  [0m] Listening on initctl Compatibility Named Pipe.
         Starting Remount Root and Kernel File Systems...
[[0;32m  OK  [0m] Started Forward Password Requests to Wall Directory Watch.
         Starting Setup Virtual Console...
[[0;32m  OK  [0m] Listening on udev Kernel Socket.
[[0;32m  OK  [0m] Reached target Swap.
         Starting udev Coldplug all Devices...
[[0;32m  OK  [0m] Listening on RPCbind Server Activation Socket.
         Starting Load Kernel Modules...
         Mounting Huge Pages File System...
         Starting Monitoring of LVM2 mirrorsâ€¦ng dmeventd or progress polling...
[[0;32m  OK  [0m] Reached target RPC Port Mapper.
[[0;32m  OK  [0m] Listening on LVM2 poll daemon socket.
[[0;32m  OK  [0m] Listening on Journal Socket (/dev/log).
         Starting Journal Service...
[[0;32m  OK  [0m] Created slice system-sshd\x2dkeygen.slice.
         Mounting Kernel Debug File System...
[[0;32m  OK  [0m] Listening on Process Core Dump Socket.
[[0;32m  OK  [0m] Created slice system-getty.slice.
[[0;32m  OK  [0m] Created slice User and Session Slice.
[[0;32m  OK  [0m] Reached target Slices.
[[0;32m  OK  [0m] Created slice system-serial\x2dgetty.slice.
[    7.876202] EXT4-fs (sda): re-mounted. Quota mode: none.
[[0;32m  OK  [0m] Mounted POSIX Message Queue File System.
[[0;32m  OK  [0m] Started Remount Root and Kernel File Systems.
[[0;1;31mFAILED[0m] Failed to start Load Kernel Modules.
See 'systemctl status systemd-modules-load.service' for details.
[[0;32m  OK  [0m] Mounted Huge Pages File System.
[[0;32m  OK  [0m] Mounted Kernel Debug File System.
         Starting Apply Kernel Variables...
         Mounting Kernel Configuration File System...
         Mounting FUSE Control File System...
         Starting Load/Save Random Seed...
         Starting Create Static Device Nodes in /dev...
[[0;32m  OK  [0m] Started Journal Service.
[[0;32m  OK  [0m] Started Setup Virtual Console.
[[0;32m  OK  [0m] Started Apply Kernel Variables.
[[0;32m  OK  [0m] Mounted Kernel Configuration File System.
[[0;32m  OK  [0m] Mounted FUSE Control File System.
[[0;32m  OK  [0m] Started Load/Save Random Seed.
[[0;32m  OK  [0m] Started Create Static Device Nodes in /dev.
         Starting udev Kernel Device Manager...
         Starting Flush Journal to Persistent Storage...
[[0;32m  OK  [0m] Started Flush Journal to Persistent Storage.
[[0;32m  OK  [0m] Started udev Kernel Device Manager.
[[0;32m  OK  [0m] Started udev Coldplug all Devices.
         Starting udev Wait for Complete Device Initialization...
         Starting Show Plymouth Boot Screen...
[[0;32m  OK  [0m] Started Show Plymouth Boot Screen.
[[0;32m  OK  [0m] Started Forward Password Requests to Plymouth Directory Watch.
[[0;32m  OK  [0m] Reached target Local Encrypted Volumes.
[[0;32m  OK  [0m] Reached target Paths.
[[0;32m  OK  [0m] Found device /dev/ttyS0.
[[0;32m  OK  [0m] Started Monitoring of LVM2 mirrors,â€¦sing dmeventd or progress polling.
[[0;32m  OK  [0m] Started udev Wait for Complete Device Initialization.
[[0;32m  OK  [0m] Listening on Load/Save RF Kill Switch Status /dev/rfkill Watch.
[[0;32m  OK  [0m] Reached target Local File Systems (Pre).
[[0;32m  OK  [0m] Reached target Local File Systems.
         Starting Restore /run/initramfs on shutdown...
         Starting Tell Plymouth To Write Out Runtime Data...
         Starting Create Volatile Files and Directories...
[[0;32m  OK  [0m] Started Restore /run/initramfs on shutdown.
[[0;32m  OK  [0m] Started Tell Plymouth To Write Out Runtime Data.
[[0;32m  OK  [0m] Started Create Volatile Files and Directories.
         Starting RPC Bind...
         Mounting RPC Pipe File System...
         Starting Security Auditing Service...
[[0;32m  OK  [0m] Mounted RPC Pipe File System.
[[0;32m  OK  [0m] Started RPC Bind.
[[0;32m  OK  [0m] Reached target rpc_pipefs.target.
[[0;32m  OK  [0m] Started Security Auditing Service.
         Starting Update UTMP about System Boot/Shutdown...
[[0;32m  OK  [0m] Started Update UTMP about System Boot/Shutdown.
[[0;32m  OK  [0m] Reached target System Initialization.
[[0;32m  OK  [0m] Listening on D-Bus System Message Bus Socket.
[[0;32m  OK  [0m] Started Daily Cleanup of Temporary Directories.
[[0;32m  OK  [0m] Listening on SSSD Kerberos Cache Manager responder socket.
[[0;32m  OK  [0m] Reached target Sockets.
[[0;32m  OK  [0m] Started dnf makecache --timer.
[[0;32m  OK  [0m] Started daily update of the root trust anchor for DNSSEC.
[[0;32m  OK  [0m] Reached target Timers.
[[0;32m  OK  [0m] Reached target Basic System.
         Starting Authorization Manager...
         Starting Self Monitoring and Reporting Technology (SMART) Daemon...
         Starting Auto-connect to subsystemsâ€¦-NVME devices found during boot...
[[0;32m  OK  [0m] Started Machine Check Exception Logging Daemon.
         Starting Login Service...
[[0;32m  OK  [0m] Started irqbalance daemon.
         Starting NTP client/server...
[[0;32m  OK  [0m] Reached target sshd-keygen.target.
[[0;32m  OK  [0m] Started D-Bus System Message Bus.
         Starting Network Manager...
[[0;32m  OK  [0m] Started Self Monitoring and Reporting Technology (SMART) Daemon.
[[0;32m  OK  [0m] Started Auto-connect to subsystems â€¦FC-NVME devices found during boot.
         Starting update of the root trust aâ€¦or DNSSEC validation in unbound...
[[0;32m  OK  [0m] Started Login Service.
[[0;32m  OK  [0m] Started NTP client/server.
[[0;32m  OK  [0m] Started Network Manager.
         Starting Network Manager Wait Online...
[[0;32m  OK  [0m] Reached target Network.
         Starting Dynamic System Tuning Daemon...
         Starting GSSAPI Proxy Daemon...
         Starting OpenSSH server daemon...
[[0;32m  OK  [0m] Started update of the root trust anâ€¦ for DNSSEC validation in unbound.
[[0;32m  OK  [0m] Started Authorization Manager.
         Starting Hostname Service...
[[0;32m  OK  [0m] Started GSSAPI Proxy Daemon.
[[0;32m  OK  [0m] Started OpenSSH server daemon.
[[0;32m  OK  [0m] Reached target NFS client services.
[[0;32m  OK  [0m] Reached target Remote File Systems (Pre).
[[0;32m  OK  [0m] Reached target Remote File Systems.
         Starting Permit User Sessions...
[[0;32m  OK  [0m] Started Permit User Sessions.
[[0;32m  OK  [0m] Started Command Scheduler.
         Starting Hold until boot process finishes up...
         Starting Terminate Plymouth Boot Screen...
[   12.126319] e1000: eth0 NIC Link is Up 1000 Mbps Full Duplex, Flow Control: RX
[   12.127204] IPv6: ADDRCONF(NETDEV_CHANGE): eth0: link becomes ready
[   12.589361] Spectre V2 : WARNING: Unprivileged eBPF is enabled with eIBRS on, data leaks possible via Spectre v2 BHB attacks!
[   12.590111] Spectre V2 : WARNING: Unprivileged eBPF is enabled with eIBRS on, data leaks possible via Spectre v2 BHB attacks!

CentOS Stream 8
Kernel 6.1.0-rc6-e8478b84d6ba+ on an x86_64

test login: [   30.104902] Huh VM_FAULT_OOM leaked out to the #PF handler. Retrying PF
[   30.108975] Huh VM_FAULT_OOM leaked out to the #PF handler. Retrying PF
[   30.113821] Huh VM_FAULT_OOM leaked out to the #PF handler. Retrying PF
[   30.119342] Huh VM_FAULT_OOM leaked out to the #PF handler. Retrying PF
[   30.124965] Huh VM_FAULT_OOM leaked out to the #PF handler. Retrying PF
[   30.130277] Huh VM_FAULT_OOM leaked out to the #PF handler. Retrying PF
[   30.134920] Huh VM_FAULT_OOM leaked out to the #PF handler. Retrying PF
[   30.139191] Huh VM_FAULT_OOM leaked out to the #PF handler. Retrying PF
[   30.144640] Huh VM_FAULT_OOM leaked out to the #PF handler. Retrying PF
[   30.148723] Huh VM_FAULT_OOM leaked out to the #PF handler. Retrying PF
[   35.107454] pagefault_out_of_memory: 1002 callbacks suppressed
[   35.107468] Huh VM_FAULT_OOM leaked out to the #PF handler. Retrying PF
[   35.112961] Huh VM_FAULT_OOM leaked out to the #PF handler. Retrying PF
[   35.117506] Huh VM_FAULT_OOM leaked out to the #PF handler. Retrying PF
[   35.122416] Huh VM_FAULT_OOM leaked out to the #PF handler. Retrying PF
[   35.127051] Huh VM_FAULT_OOM leaked out to the #PF handler. Retrying PF
[   35.132003] Huh VM_FAULT_OOM leaked out to the #PF handler. Retrying PF
[   35.136727] Huh VM_FAULT_OOM leaked out to the #PF handler. Retrying PF
[   35.141446] Huh VM_FAULT_OOM leaked out to the #PF handler. Retrying PF
[   35.147010] Huh VM_FAULT_OOM leaked out to the #PF handler. Retrying PF
[   35.151460] Huh VM_FAULT_OOM leaked out to the #PF handler. Retrying PF
[   40.115288] pagefault_out_of_memory: 989 callbacks suppressed
[   40.115304] Huh VM_FAULT_OOM leaked out to the #PF handler. Retrying PF
[   40.122105] Huh VM_FAULT_OOM leaked out to the #PF handler. Retrying PF
[   40.127777] Huh VM_FAULT_OOM leaked out to the #PF handler. Retrying PF
[   40.133633] Huh VM_FAULT_OOM leaked out to the #PF handler. Retrying PF
[   40.139345] Huh VM_FAULT_OOM leaked out to the #PF handler. Retrying PF
[   40.145784] Huh VM_FAULT_OOM leaked out to the #PF handler. Retrying PF
[   40.151537] Huh VM_FAULT_OOM leaked out to the #PF handler. Retrying PF
[   40.157268] Huh VM_FAULT_OOM leaked out to the #PF handler. Retrying PF
[   40.162799] Huh VM_FAULT_OOM leaked out to the #PF handler. Retrying PF
[   40.168512] Huh VM_FAULT_OOM leaked out to the #PF handler. Retrying PF
[   45.122488] pagefault_out_of_memory: 1029 callbacks suppressed
[   45.122500] Huh VM_FAULT_OOM leaked out to the #PF handler. Retrying PF
[   45.127162] Huh VM_FAULT_OOM leaked out to the #PF handler. Retrying PF
[   45.131633] Huh VM_FAULT_OOM leaked out to the #PF handler. Retrying PF
[   45.136343] Huh VM_FAULT_OOM leaked out to the #PF handler. Retrying PF
[   45.140221] Huh VM_FAULT_OOM leaked out to the #PF handler. Retrying PF
[   45.144914] Huh VM_FAULT_OOM leaked out to the #PF handler. Retrying PF
[   45.149042] Huh VM_FAULT_OOM leaked out to the #PF handler. Retrying PF
[   45.153157] Huh VM_FAULT_OOM leaked out to the #PF handler. Retrying PF
[   45.158032] Huh VM_FAULT_OOM leaked out to the #PF handler. Retrying PF
[   45.162113] Huh VM_FAULT_OOM leaked out to the #PF handler. Retrying PF
[   50.127002] pagefault_out_of_memory: 1041 callbacks suppressed
[   50.127029] Huh VM_FAULT_OOM leaked out to the #PF handler. Retrying PF
[   50.133292] Huh VM_FAULT_OOM leaked out to the #PF handler. Retrying PF
[   50.138681] Huh VM_FAULT_OOM leaked out to the #PF handler. Retrying PF
[   50.142945] Huh VM_FAULT_OOM leaked out to the #PF handler. Retrying PF
[   50.148326] Huh VM_FAULT_OOM leaked out to the #PF handler. Retrying PF
[   50.153678] Huh VM_FAULT_OOM leaked out to the #PF handler. Retrying PF
[   50.159500] Huh VM_FAULT_OOM leaked out to the #PF handler. Retrying PF
[   50.165398] Huh VM_FAULT_OOM leaked out to the #PF handler. Retrying PF
[   50.171121] Huh VM_FAULT_OOM leaked out to the #PF handler. Retrying PF
[   50.176301] Huh VM_FAULT_OOM leaked out to the #PF handler. Retrying PF
[   55.135391] pagefault_out_of_memory: 1044 callbacks suppressed
[   55.135408] Huh VM_FAULT_OOM leaked out to the #PF handler. Retrying PF
[   55.142273] Huh VM_FAULT_OOM leaked out to the #PF handler. Retrying PF
[   55.147866] Huh VM_FAULT_OOM leaked out to the #PF handler. Retrying PF
[   55.153704] Huh VM_FAULT_OOM leaked out to the #PF handler. Retrying PF
[   55.159590] Huh VM_FAULT_OOM leaked out to the #PF handler. Retrying PF
[   55.165655] Huh VM_FAULT_OOM leaked out to the #PF handler. Retrying PF
[   55.171413] Huh VM_FAULT_OOM leaked out to the #PF handler. Retrying PF
[   55.177254] Huh VM_FAULT_OOM leaked out to the #PF handler. Retrying PF
[   55.183075] Huh VM_FAULT_OOM leaked out to the #PF handler. Retrying PF
[   55.189896] Huh VM_FAULT_OOM leaked out to the #PF handler. Retrying PF
[   60.140107] pagefault_out_of_memory: 960 callbacks suppressed
[   60.140120] Huh VM_FAULT_OOM leaked out to the #PF handler. Retrying PF
[   60.145679] Huh VM_FAULT_OOM leaked out to the #PF handler. Retrying PF
[   60.150073] Huh VM_FAULT_OOM leaked out to the #PF handler. Retrying PF
[   60.154423] Huh VM_FAULT_OOM leaked out to the #PF handler. Retrying PF
[   60.158414] Huh VM_FAULT_OOM leaked out to the #PF handler. Retrying PF
[   60.162387] Huh VM_FAULT_OOM leaked out to the #PF handler. Retrying PF
[   60.166555] Huh VM_FAULT_OOM leaked out to the #PF handler. Retrying PF
[   60.170484] Huh VM_FAULT_OOM leaked out to the #PF handler. Retrying PF
[   60.174791] Huh VM_FAULT_OOM leaked out to the #PF handler. Retrying PF
[   60.179399] Huh VM_FAULT_OOM leaked out to the #PF handler. Retrying PF
[   65.143779] pagefault_out_of_memory: 1044 callbacks suppressed
[   65.143811] Huh VM_FAULT_OOM leaked out to the #PF handler. Retrying PF
[   65.151329] Huh VM_FAULT_OOM leaked out to the #PF handler. Retrying PF
[   65.156864] Huh VM_FAULT_OOM leaked out to the #PF handler. Retrying PF
[   65.163313] Huh VM_FAULT_OOM leaked out to the #PF handler. Retrying PF
[   65.168934] Huh VM_FAULT_OOM leaked out to the #PF handler. Retrying PF
[   65.175987] Huh VM_FAULT_OOM leaked out to the #PF handler. Retrying PF
[   65.181364] Huh VM_FAULT_OOM leaked out to the #PF handler. Retrying PF
[   65.186940] Huh VM_FAULT_OOM leaked out to the #PF handler. Retrying PF
[   65.192749] Huh VM_FAULT_OOM leaked out to the #PF handler. Retrying PF
[   65.199237] Huh VM_FAULT_OOM leaked out to the #PF handler. Retrying PF
[   70.146430] pagefault_out_of_memory: 1128 callbacks suppressed
[   70.146446] Huh VM_FAULT_OOM leaked out to the #PF handler. Retrying PF
[   70.153351] Huh VM_FAULT_OOM leaked out to the #PF handler. Retrying PF
[   70.159123] Huh VM_FAULT_OOM leaked out to the #PF handler. Retrying PF
[   70.164933] Huh VM_FAULT_OOM leaked out to the #PF handler. Retrying PF
[   70.171000] Huh VM_FAULT_OOM leaked out to the #PF handler. Retrying PF
[   70.176468] Huh VM_FAULT_OOM leaked out to the #PF handler. Retrying PF
[   70.183326] Huh VM_FAULT_OOM leaked out to the #PF handler. Retrying PF
[   70.188937] Huh VM_FAULT_OOM leaked out to the #PF handler. Retrying PF
[   70.194833] Huh VM_FAULT_OOM leaked out to the #PF handler. Retrying PF
[   70.200518] Huh VM_FAULT_OOM leaked out to the #PF handler. Retrying PF
[   75.151651] pagefault_out_of_memory: 928 callbacks suppressed
[   75.151665] Huh VM_FAULT_OOM leaked out to the #PF handler. Retrying PF
[   75.157172] Huh VM_FAULT_OOM leaked out to the #PF handler. Retrying PF
[   75.161595] Huh VM_FAULT_OOM leaked out to the #PF handler. Retrying PF
[   75.166052] Huh VM_FAULT_OOM leaked out to the #PF handler. Retrying PF
[   75.170656] Huh VM_FAULT_OOM leaked out to the #PF handler. Retrying PF
[   75.175520] Huh VM_FAULT_OOM leaked out to the #PF handler. Retrying PF
[   75.180438] Huh VM_FAULT_OOM leaked out to the #PF handler. Retrying PF
[   75.185360] Huh VM_FAULT_OOM leaked out to the #PF handler. Retrying PF
[   75.189891] Huh VM_FAULT_OOM leaked out to the #PF handler. Retrying PF
[   75.194614] Huh VM_FAULT_OOM leaked out to the #PF handler. Retrying PF
[   80.157774] pagefault_out_of_memory: 1066 callbacks suppressed
[   80.157790] Huh VM_FAULT_OOM leaked out to the #PF handler. Retrying PF
[   80.164043] Huh VM_FAULT_OOM leaked out to the #PF handler. Retrying PF
[   80.170392] Huh VM_FAULT_OOM leaked out to the #PF handler. Retrying PF
[   80.175820] Huh VM_FAULT_OOM leaked out to the #PF handler. Retrying PF
[   80.181881] Huh VM_FAULT_OOM leaked out to the #PF handler. Retrying PF
[   80.187799] Huh VM_FAULT_OOM leaked out to the #PF handler. Retrying PF
[   80.193421] Huh VM_FAULT_OOM leaked out to the #PF handler. Retrying PF
[   80.199370] Huh VM_FAULT_OOM leaked out to the #PF handler. Retrying PF
[   80.205326] Huh VM_FAULT_OOM leaked out to the #PF handler. Retrying PF
[   80.210996] Huh VM_FAULT_OOM leaked out to the #PF handler. Retrying PF
[   85.158309] pagefault_out_of_memory: 1003 callbacks suppressed
[   85.158323] Huh VM_FAULT_OOM leaked out to the #PF handler. Retrying PF
[   85.164508] Huh VM_FAULT_OOM leaked out to the #PF handler. Retrying PF
[   85.170648] Huh VM_FAULT_OOM leaked out to the #PF handler. Retrying PF
[   85.175370] Huh VM_FAULT_OOM leaked out to the #PF handler. Retrying PF
[   85.179747] Huh VM_FAULT_OOM leaked out to the #PF handler. Retrying PF
[   85.185027] Huh VM_FAULT_OOM leaked out to the #PF handler. Retrying PF
[   85.189649] Huh VM_FAULT_OOM leaked out to the #PF handler. Retrying PF
[   85.194205] Huh VM_FAULT_OOM leaked out to the #PF handler. Retrying PF
[   85.198757] Huh VM_FAULT_OOM leaked out to the #PF handler. Retrying PF
[   85.203272] Huh VM_FAULT_OOM leaked out to the #PF handler. Retrying PF
[   90.164036] pagefault_out_of_memory: 976 callbacks suppressed
[   90.164052] Huh VM_FAULT_OOM leaked out to the #PF handler. Retrying PF
[   90.170304] Huh VM_FAULT_OOM leaked out to the #PF handler. Retrying PF
[   90.176106] Huh VM_FAULT_OOM leaked out to the #PF handler. Retrying PF
[   90.181654] Huh VM_FAULT_OOM leaked out to the #PF handler. Retrying PF
[   90.187513] Huh VM_FAULT_OOM leaked out to the #PF handler. Retrying PF
[   90.193877] Huh VM_FAULT_OOM leaked out to the #PF handler. Retrying PF
[   90.199639] Huh VM_FAULT_OOM leaked out to the #PF handler. Retrying PF
[   90.205375] Huh VM_FAULT_OOM leaked out to the #PF handler. Retrying PF
[   90.211070] Huh VM_FAULT_OOM leaked out to the #PF handler. Retrying PF
[   90.217125] Huh VM_FAULT_OOM leaked out to the #PF handler. Retrying PF
[   95.169323] pagefault_out_of_memory: 1069 callbacks suppressed
[   95.169338] Huh VM_FAULT_OOM leaked out to the #PF handler. Retrying PF
[   95.175987] Huh VM_FAULT_OOM leaked out to the #PF handler. Retrying PF
[   95.181674] Huh VM_FAULT_OOM leaked out to the #PF handler. Retrying PF
[   95.188574] Huh VM_FAULT_OOM leaked out to the #PF handler. Retrying PF
[   95.194908] Huh VM_FAULT_OOM leaked out to the #PF handler. Retrying PF
[   95.201192] Huh VM_FAULT_OOM leaked out to the #PF handler. Retrying PF
[   95.208484] Huh VM_FAULT_OOM leaked out to the #PF handler. Retrying PF
[   95.215003] Huh VM_FAULT_OOM leaked out to the #PF handler. Retrying PF
[   95.220363] Huh VM_FAULT_OOM leaked out to the #PF handler. Retrying PF
[   95.226768] Huh VM_FAULT_OOM leaked out to the #PF handler. Retrying PF
[  100.171080] pagefault_out_of_memory: 989 callbacks suppressed
[  100.171093] Huh VM_FAULT_OOM leaked out to the #PF handler. Retrying PF
[  100.176966] Huh VM_FAULT_OOM leaked out to the #PF handler. Retrying PF
[  100.182540] Huh VM_FAULT_OOM leaked out to the #PF handler. Retrying PF
[  100.186838] Huh VM_FAULT_OOM leaked out to the #PF handler. Retrying PF
[  100.191682] Huh VM_FAULT_OOM leaked out to the #PF handler. Retrying PF
[  100.196644] Huh VM_FAULT_OOM leaked out to the #PF handler. Retrying PF
[  100.201592] Huh VM_FAULT_OOM leaked out to the #PF handler. Retrying PF
[  100.206110] Huh VM_FAULT_OOM leaked out to the #PF handler. Retrying PF
[  100.210715] Huh VM_FAULT_OOM leaked out to the #PF handler. Retrying PF
[  100.215355] Huh VM_FAULT_OOM leaked out to the #PF handler. Retrying PF
[  105.175115] pagefault_out_of_memory: 979 callbacks suppressed
[  105.175129] Huh VM_FAULT_OOM leaked out to the #PF handler. Retrying PF
[  105.180068] Huh VM_FAULT_OOM leaked out to the #PF handler. Retrying PF
[  105.185280] Huh VM_FAULT_OOM leaked out to the #PF handler. Retrying PF
[  105.190864] Huh VM_FAULT_OOM leaked out to the #PF handler. Retrying PF
[  105.196526] Huh VM_FAULT_OOM leaked out to the #PF handler. Retrying PF
[  105.202029] Huh VM_FAULT_OOM leaked out to the #PF handler. Retrying PF
[  105.206508] Huh VM_FAULT_OOM leaked out to the #PF handler. Retrying PF
[  105.211018] Huh VM_FAULT_OOM leaked out to the #PF handler. Retrying PF
[  105.215537] Huh VM_FAULT_OOM leaked out to the #PF handler. Retrying PF
[  105.220410] Huh VM_FAULT_OOM leaked out to the #PF handler. Retrying PF
[  110.178484] pagefault_out_of_memory: 1141 callbacks suppressed
[  110.178498] Huh VM_FAULT_OOM leaked out to the #PF handler. Retrying PF
[  110.183829] Huh VM_FAULT_OOM leaked out to the #PF handler. Retrying PF
[  110.188265] Huh VM_FAULT_OOM leaked out to the #PF handler. Retrying PF
[  110.193102] Huh VM_FAULT_OOM leaked out to the #PF handler. Retrying PF
[  110.198329] Huh VM_FAULT_OOM leaked out to the #PF handler. Retrying PF
[  110.202591] Huh VM_FAULT_OOM leaked out to the #PF handler. Retrying PF
[  110.206808] Huh VM_FAULT_OOM leaked out to the #PF handler. Retrying PF
[  110.211225] Huh VM_FAULT_OOM leaked out to the #PF handler. Retrying PF
[  110.215473] Huh VM_FAULT_OOM leaked out to the #PF handler. Retrying PF
[  110.219929] Huh VM_FAULT_OOM leaked out to the #PF handler. Retrying PF
[  115.183604] pagefault_out_of_memory: 1080 callbacks suppressed
[  115.183617] Huh VM_FAULT_OOM leaked out to the #PF handler. Retrying PF
[  115.188689] Huh VM_FAULT_OOM leaked out to the #PF handler. Retrying PF
[  115.192639] Huh VM_FAULT_OOM leaked out to the #PF handler. Retrying PF
[  115.196612] Huh VM_FAULT_OOM leaked out to the #PF handler. Retrying PF
[  115.200576] Huh VM_FAULT_OOM leaked out to the #PF handler. Retrying PF
[  115.204580] Huh VM_FAULT_OOM leaked out to the #PF handler. Retrying PF
[  115.208625] Huh VM_FAULT_OOM leaked out to the #PF handler. Retrying PF
[  115.212948] Huh VM_FAULT_OOM leaked out to the #PF handler. Retrying PF
[  115.216769] Huh VM_FAULT_OOM leaked out to the #PF handler. Retrying PF
[  115.220762] Huh VM_FAULT_OOM leaked out to the #PF handler. Retrying PF
[  120.186746] pagefault_out_of_memory: 1085 callbacks suppressed
[  120.186777] Huh VM_FAULT_OOM leaked out to the #PF handler. Retrying PF
[  120.193137] Huh VM_FAULT_OOM leaked out to the #PF handler. Retrying PF
[  120.197614] Huh VM_FAULT_OOM leaked out to the #PF handler. Retrying PF
[  120.201598] Huh VM_FAULT_OOM leaked out to the #PF handler. Retrying PF
[  120.206429] Huh VM_FAULT_OOM leaked out to the #PF handler. Retrying PF
[  120.211133] Huh VM_FAULT_OOM leaked out to the #PF handler. Retrying PF
[  120.215328] Huh VM_FAULT_OOM leaked out to the #PF handler. Retrying PF
[  120.219306] Huh VM_FAULT_OOM leaked out to the #PF handler. Retrying PF
[  120.223498] Huh VM_FAULT_OOM leaked out to the #PF handler. Retrying PF
[  120.227418] Huh VM_FAULT_OOM leaked out to the #PF handler. Retrying PF
[  125.192953] pagefault_out_of_memory: 1148 callbacks suppressed
[  125.192977] Huh VM_FAULT_OOM leaked out to the #PF handler. Retrying PF
[  125.197121] Huh VM_FAULT_OOM leaked out to the #PF handler. Retrying PF
[  125.201608] Huh VM_FAULT_OOM leaked out to the #PF handler. Retrying PF
[  125.205956] Huh VM_FAULT_OOM leaked out to the #PF handler. Retrying PF
[  125.210333] Huh VM_FAULT_OOM leaked out to the #PF handler. Retrying PF
[  125.214712] Huh VM_FAULT_OOM leaked out to the #PF handler. Retrying PF
[  125.219464] Huh VM_FAULT_OOM leaked out to the #PF handler. Retrying PF
[  125.223523] Huh VM_FAULT_OOM leaked out to the #PF handler. Retrying PF
[  125.228388] Huh VM_FAULT_OOM leaked out to the #PF handler. Retrying PF
[  125.232903] Huh VM_FAULT_OOM leaked out to the #PF handler. Retrying PF
[  130.194533] pagefault_out_of_memory: 1117 callbacks suppressed
[  130.194545] Huh VM_FAULT_OOM leaked out to the #PF handler. Retrying PF
[  130.200714] Huh VM_FAULT_OOM leaked out to the #PF handler. Retrying PF
[  130.206735] Huh VM_FAULT_OOM leaked out to the #PF handler. Retrying PF
[  130.211255] Huh VM_FAULT_OOM leaked out to the #PF handler. Retrying PF
[  130.215531] Huh VM_FAULT_OOM leaked out to the #PF handler. Retrying PF
[  130.220516] Huh VM_FAULT_OOM leaked out to the #PF handler. Retrying PF
[  130.224931] Huh VM_FAULT_OOM leaked out to the #PF handler. Retrying PF
[  130.229595] Huh VM_FAULT_OOM leaked out to the #PF handler. Retrying PF
[  130.234293] Huh VM_FAULT_OOM leaked out to the #PF handler. Retrying PF
[  130.238979] Huh VM_FAULT_OOM leaked out to the #PF handler. Retrying PF
[  135.199388] pagefault_out_of_memory: 1108 callbacks suppressed
[  135.199402] Huh VM_FAULT_OOM leaked out to the #PF handler. Retrying PF
[  135.204733] Huh VM_FAULT_OOM leaked out to the #PF handler. Retrying PF
[  135.208744] Huh VM_FAULT_OOM leaked out to the #PF handler. Retrying PF
[  135.212771] Huh VM_FAULT_OOM leaked out to the #PF handler. Retrying PF
[  135.216807] Huh VM_FAULT_OOM leaked out to the #PF handler. Retrying PF
[  135.221225] Huh VM_FAULT_OOM leaked out to the #PF handler. Retrying PF
[  135.225400] Huh VM_FAULT_OOM leaked out to the #PF handler. Retrying PF
[  135.229390] Huh VM_FAULT_OOM leaked out to the #PF handler. Retrying PF
[  135.233588] Huh VM_FAULT_OOM leaked out to the #PF handler. Retrying PF
[  135.237756] Huh VM_FAULT_OOM leaked out to the #PF handler. Retrying PF
[  140.204633] pagefault_out_of_memory: 1103 callbacks suppressed
[  140.204645] Huh VM_FAULT_OOM leaked out to the #PF handler. Retrying PF
[  140.209883] Huh VM_FAULT_OOM leaked out to the #PF handler. Retrying PF
[  140.214160] Huh VM_FAULT_OOM leaked out to the #PF handler. Retrying PF
[  140.218252] Huh VM_FAULT_OOM leaked out to the #PF handler. Retrying PF
[  140.222551] Huh VM_FAULT_OOM leaked out to the #PF handler. Retrying PF
[  140.227100] Huh VM_FAULT_OOM leaked out to the #PF handler. Retrying PF
[  140.231433] Huh VM_FAULT_OOM leaked out to the #PF handler. Retrying PF
[  140.235233] Huh VM_FAULT_OOM leaked out to the #PF handler. Retrying PF
[  140.239434] Huh VM_FAULT_OOM leaked out to the #PF handler. Retrying PF
[  140.243239] Huh VM_FAULT_OOM leaked out to the #PF handler. Retrying PF
[  145.210084] pagefault_out_of_memory: 1125 callbacks suppressed
[  145.210098] Huh VM_FAULT_OOM leaked out to the #PF handler. Retrying PF
[  145.216360] Huh VM_FAULT_OOM leaked out to the #PF handler. Retrying PF
[  145.220667] Huh VM_FAULT_OOM leaked out to the #PF handler. Retrying PF
[  145.224959] Huh VM_FAULT_OOM leaked out to the #PF handler. Retrying PF
[  145.229102] Huh VM_FAULT_OOM leaked out to the #PF handler. Retrying PF
[  145.234703] Huh VM_FAULT_OOM leaked out to the #PF handler. Retrying PF
[  145.240127] Huh VM_FAULT_OOM leaked out to the #PF handler. Retrying PF
[  145.245589] Huh VM_FAULT_OOM leaked out to the #PF handler. Retrying PF
[  145.251516] Huh VM_FAULT_OOM leaked out to the #PF handler. Retrying PF
[  145.257572] Huh VM_FAULT_OOM leaked out to the #PF handler. Retrying PF
[  150.216940] pagefault_out_of_memory: 1193 callbacks suppressed
[  150.216953] Huh VM_FAULT_OOM leaked out to the #PF handler. Retrying PF
[  150.222522] Huh VM_FAULT_OOM leaked out to the #PF handler. Retrying PF
[  150.226387] Huh VM_FAULT_OOM leaked out to the #PF handler. Retrying PF
[  150.230491] Huh VM_FAULT_OOM leaked out to the #PF handler. Retrying PF
[  150.235880] Huh VM_FAULT_OOM leaked out to the #PF handler. Retrying PF
[  150.240669] Huh VM_FAULT_OOM leaked out to the #PF handler. Retrying PF
[  150.244801] Huh VM_FAULT_OOM leaked out to the #PF handler. Retrying PF
[  150.249166] Huh VM_FAULT_OOM leaked out to the #PF handler. Retrying PF
[  150.253554] Huh VM_FAULT_OOM leaked out to the #PF handler. Retrying PF
[  150.257606] Huh VM_FAULT_OOM leaked out to the #PF handler. Retrying PF
[  155.222836] pagefault_out_of_memory: 1233 callbacks suppressed
[  155.222848] Huh VM_FAULT_OOM leaked out to the #PF handler. Retrying PF
[  155.226952] Huh VM_FAULT_OOM leaked out to the #PF handler. Retrying PF
[  155.232245] Huh VM_FAULT_OOM leaked out to the #PF handler. Retrying PF
[  155.236553] Huh VM_FAULT_OOM leaked out to the #PF handler. Retrying PF
[  155.240634] Huh VM_FAULT_OOM leaked out to the #PF handler. Retrying PF
[  155.244743] Huh VM_FAULT_OOM leaked out to the #PF handler. Retrying PF
[  155.248865] Huh VM_FAULT_OOM leaked out to the #PF handler. Retrying PF
[  155.252843] Huh VM_FAULT_OOM leaked out to the #PF handler. Retrying PF
[  155.256913] Huh VM_FAULT_OOM leaked out to the #PF handler. Retrying PF
[  155.260772] Huh VM_FAULT_OOM leaked out to the #PF handler. Retrying PF
[  160.227802] pagefault_out_of_memory: 1206 callbacks suppressed
[  160.227815] Huh VM_FAULT_OOM leaked out to the #PF handler. Retrying PF
[  160.232520] Huh VM_FAULT_OOM leaked out to the #PF handler. Retrying PF
[  160.236338] Huh VM_FAULT_OOM leaked out to the #PF handler. Retrying PF
[  160.240474] Huh VM_FAULT_OOM leaked out to the #PF handler. Retrying PF
[  160.244719] Huh VM_FAULT_OOM leaked out to the #PF handler. Retrying PF
[  160.249155] Huh VM_FAULT_OOM leaked out to the #PF handler. Retrying PF
[  160.253243] Huh VM_FAULT_OOM leaked out to the #PF handler. Retrying PF
[  160.258347] Huh VM_FAULT_OOM leaked out to the #PF handler. Retrying PF
[  160.262997] Huh VM_FAULT_OOM leaked out to the #PF handler. Retrying PF
[  160.267385] Huh VM_FAULT_OOM leaked out to the #PF handler. Retrying PF
[  165.233668] pagefault_out_of_memory: 1255 callbacks suppressed
[  165.233681] Huh VM_FAULT_OOM leaked out to the #PF handler. Retrying PF
[  165.238354] Huh VM_FAULT_OOM leaked out to the #PF handler. Retrying PF
[  165.242894] Huh VM_FAULT_OOM leaked out to the #PF handler. Retrying PF
[  165.246990] Huh VM_FAULT_OOM leaked out to the #PF handler. Retrying PF
[  165.251269] Huh VM_FAULT_OOM leaked out to the #PF handler. Retrying PF
[  165.255435] Huh VM_FAULT_OOM leaked out to the #PF handler. Retrying PF
[  165.259104] Huh VM_FAULT_OOM leaked out to the #PF handler. Retrying PF
[  165.262980] Huh VM_FAULT_OOM leaked out to the #PF handler. Retrying PF
[  165.267965] Huh VM_FAULT_OOM leaked out to the #PF handler. Retrying PF
[  165.271503] Huh VM_FAULT_OOM leaked out to the #PF handler. Retrying PF
[  170.234159] pagefault_out_of_memory: 1232 callbacks suppressed
[  170.234170] Huh VM_FAULT_OOM leaked out to the #PF handler. Retrying PF
[  170.238036] Huh VM_FAULT_OOM leaked out to the #PF handler. Retrying PF
[  170.242199] Huh VM_FAULT_OOM leaked out to the #PF handler. Retrying PF
[  170.246438] Huh VM_FAULT_OOM leaked out to the #PF handler. Retrying PF
[  170.251641] Huh VM_FAULT_OOM leaked out to the #PF handler. Retrying PF
[  170.255944] Huh VM_FAULT_OOM leaked out to the #PF handler. Retrying PF
[  170.260011] Huh VM_FAULT_OOM leaked out to the #PF handler. Retrying PF
[  170.264265] Huh VM_FAULT_OOM leaked out to the #PF handler. Retrying PF
[  170.268401] Huh VM_FAULT_OOM leaked out to the #PF handler. Retrying PF
[  170.272496] Huh VM_FAULT_OOM leaked out to the #PF handler. Retrying PF
[  175.240516] pagefault_out_of_memory: 1244 callbacks suppressed
[  175.240527] Huh VM_FAULT_OOM leaked out to the #PF handler. Retrying PF
[  175.245823] Huh VM_FAULT_OOM leaked out to the #PF handler. Retrying PF
[  175.250162] Huh VM_FAULT_OOM leaked out to the #PF handler. Retrying PF
[  175.254185] Huh VM_FAULT_OOM leaked out to the #PF handler. Retrying PF
[  175.258181] Huh VM_FAULT_OOM leaked out to the #PF handler. Retrying PF
[  175.263060] Huh VM_FAULT_OOM leaked out to the #PF handler. Retrying PF
[  175.267324] Huh VM_FAULT_OOM leaked out to the #PF handler. Retrying PF
[  175.271542] Huh VM_FAULT_OOM leaked out to the #PF handler. Retrying PF
[  175.275625] Huh VM_FAULT_OOM leaked out to the #PF handler. Retrying PF
[  175.279054] Huh VM_FAULT_OOM leaked out to the #PF handler. Retrying PF
