c[?7l[2J[0mSeaBIOS (version rel-1.14.0-0-g155821a1990b-prebuilt.qemu.org)


iPXE (http://ipxe.org) 00:03.0 CA00 PCI2.10 PnP PMM+7FF8F030+7FEEF030 CA00
Press Ctrl-B to configure iPXE (PCI 00:03.0)...                                                                               


Booting from ROM...
c[?7l[2J[    0.000000] Linux version 6.1.0-rc6-f18caf261398+ (root@p-mtlp02) (gcc (GCC) 8.5.0 20210514 (Red Hat 8.5.0-18), GNU ld version 2.36.1-2.el8) #1 SMP PREEMPT_DYNAMIC Wed Feb  8 08:12:05 CST 2023
[    0.000000] Command line: console=ttyS0 root=/dev/sda earlyprintk=serial net.ifnames=0
[    0.000000] KERNEL supported cpus:
[    0.000000]   Intel GenuineIntel
[    0.000000]   AMD AuthenticAMD
[    0.000000]   Hygon HygonGenuine
[    0.000000]   Centaur CentaurHauls
[    0.000000]   zhaoxin   Shanghai  
[    0.000000] x86/split lock detection: #DB: warning on user-space bus_locks
[    0.000000] x86/fpu: Supporting XSAVE feature 0x001: 'x87 floating point registers'
[    0.000000] x86/fpu: Supporting XSAVE feature 0x002: 'SSE registers'
[    0.000000] x86/fpu: Supporting XSAVE feature 0x004: 'AVX registers'
[    0.000000] x86/fpu: Supporting XSAVE feature 0x200: 'Protection Keys User registers'
[    0.000000] x86/fpu: xstate_offset[2]:  576, xstate_sizes[2]:  256
[    0.000000] x86/fpu: xstate_offset[9]:  832, xstate_sizes[9]:    8
[    0.000000] x86/fpu: Enabled xstate features 0x207, context size is 840 bytes, using 'compacted' format.
[    0.000000] signal: max sigframe size: 3632
[    0.000000] BIOS-provided physical RAM map:
[    0.000000] BIOS-e820: [mem 0x0000000000000000-0x000000000009fbff] usable
[    0.000000] BIOS-e820: [mem 0x000000000009fc00-0x000000000009ffff] reserved
[    0.000000] BIOS-e820: [mem 0x00000000000f0000-0x00000000000fffff] reserved
[    0.000000] BIOS-e820: [mem 0x0000000000100000-0x000000007ffdffff] usable
[    0.000000] BIOS-e820: [mem 0x000000007ffe0000-0x000000007fffffff] reserved
[    0.000000] BIOS-e820: [mem 0x00000000feffc000-0x00000000feffffff] reserved
[    0.000000] BIOS-e820: [mem 0x00000000fffc0000-0x00000000ffffffff] reserved
[    0.000000] printk: bootconsole [earlyser0] enabled
[    0.000000] NX (Execute Disable) protection: active
[    0.000000] SMBIOS 2.8 present.
[    0.000000] DMI: QEMU Standard PC (i440FX + PIIX, 1996), BIOS rel-1.14.0-0-g155821a1990b-prebuilt.qemu.org 04/01/2014
[    0.000000] Hypervisor detected: KVM
[    0.000000] kvm-clock: Using msrs 4b564d01 and 4b564d00
[    0.000006] kvm-clock: using sched offset of 794365420 cycles
[    0.000489] clocksource: kvm-clock: mask: 0xffffffffffffffff max_cycles: 0x1cd42e4dffb, max_idle_ns: 881590591483 ns
[    0.001964] tsc: Detected 1190.400 MHz processor
[    0.010820] last_pfn = 0x7ffe0 max_arch_pfn = 0x400000000
[    0.011392] x86/PAT: Configuration [0-7]: WB  WC  UC- UC  WB  WP  UC- WT  
[    0.021888] found SMP MP-table at [mem 0x000f5a90-0x000f5a9f]
[    0.022772] Using GB pages for direct mapping
[    0.025050] ACPI: Early table checksum verification disabled
[    0.025693] ACPI: RSDP 0x00000000000F5870 000014 (v00 BOCHS )
[    0.026323] ACPI: RSDT 0x000000007FFE1959 000034 (v01 BOCHS  BXPC     00000001 BXPC 00000001)
[    0.027249] ACPI: FACP 0x000000007FFE1805 000074 (v01 BOCHS  BXPC     00000001 BXPC 00000001)
[    0.028204] ACPI: DSDT 0x000000007FFE0040 0017C5 (v01 BOCHS  BXPC     00000001 BXPC 00000001)
[    0.029117] ACPI: FACS 0x000000007FFE0000 000040
[    0.029617] ACPI: APIC 0x000000007FFE1879 000080 (v01 BOCHS  BXPC     00000001 BXPC 00000001)
[    0.030533] ACPI: HPET 0x000000007FFE18F9 000038 (v01 BOCHS  BXPC     00000001 BXPC 00000001)
[    0.031444] ACPI: WAET 0x000000007FFE1931 000028 (v01 BOCHS  BXPC     00000001 BXPC 00000001)
[    0.032350] ACPI: Reserving FACP table memory at [mem 0x7ffe1805-0x7ffe1878]
[    0.033090] ACPI: Reserving DSDT table memory at [mem 0x7ffe0040-0x7ffe1804]
[    0.033822] ACPI: Reserving FACS table memory at [mem 0x7ffe0000-0x7ffe003f]
[    0.034562] ACPI: Reserving APIC table memory at [mem 0x7ffe1879-0x7ffe18f8]
[    0.035298] ACPI: Reserving HPET table memory at [mem 0x7ffe18f9-0x7ffe1930]
[    0.036033] ACPI: Reserving WAET table memory at [mem 0x7ffe1931-0x7ffe1958]
[    0.038064] No NUMA configuration found
[    0.038479] Faking a node at [mem 0x0000000000000000-0x000000007ffdffff]
[    0.039268] NODE_DATA(0) allocated [mem 0x7ffb5000-0x7ffdffff]
[    0.069012] Zone ranges:
[    0.069353]   DMA      [mem 0x0000000000001000-0x0000000000ffffff]
[    0.070006]   DMA32    [mem 0x0000000001000000-0x000000007ffdffff]
[    0.070675]   Normal   empty
[    0.070982]   Device   empty
[    0.071287] Movable zone start for each node
[    0.071731] Early memory node ranges
[    0.072109]   node   0: [mem 0x0000000000001000-0x000000000009efff]
[    0.072764]   node   0: [mem 0x0000000000100000-0x000000007ffdffff]
[    0.073426] Initmem setup node 0 [mem 0x0000000000001000-0x000000007ffdffff]
[    0.074180] On node 0, zone DMA: 1 pages in unavailable ranges
[    0.074290] On node 0, zone DMA: 97 pages in unavailable ranges
[    0.086617] On node 0, zone DMA32: 32 pages in unavailable ranges
[    0.782680] kasan: KernelAddressSanitizer initialized
[    0.784059] ACPI: PM-Timer IO Port: 0x608
[    0.784480] ACPI: LAPIC_NMI (acpi_id[0xff] dfl dfl lint[0x1])
[    0.785114] IOAPIC[0]: apic_id 0, version 17, address 0xfec00000, GSI 0-23
[    0.785767] ACPI: INT_SRC_OVR (bus 0 bus_irq 0 global_irq 2 dfl dfl)
[    0.786345] ACPI: INT_SRC_OVR (bus 0 bus_irq 5 global_irq 5 high level)
[    0.786935] ACPI: INT_SRC_OVR (bus 0 bus_irq 9 global_irq 9 high level)
[    0.787536] ACPI: INT_SRC_OVR (bus 0 bus_irq 10 global_irq 10 high level)
[    0.788141] ACPI: INT_SRC_OVR (bus 0 bus_irq 11 global_irq 11 high level)
[    0.788769] ACPI: Using ACPI (MADT) for SMP configuration information
[    0.789342] ACPI: HPET id: 0x8086a201 base: 0xfed00000
[    0.789828] TSC deadline timer available
[    0.790186] smpboot: Allowing 2 CPUs, 0 hotplug CPUs
[    0.790762] kvm-guest: KVM setup pv remote TLB flush
[    0.791209] kvm-guest: setup PV sched yield
[    0.791710] PM: hibernation: Registered nosave memory: [mem 0x00000000-0x00000fff]
[    0.792388] PM: hibernation: Registered nosave memory: [mem 0x0009f000-0x0009ffff]
[    0.793059] PM: hibernation: Registered nosave memory: [mem 0x000a0000-0x000effff]
[    0.793731] PM: hibernation: Registered nosave memory: [mem 0x000f0000-0x000fffff]
[    0.794429] [mem 0x80000000-0xfeffbfff] available for PCI devices
[    0.794980] Booting paravirtualized kernel on KVM
[    0.795455] clocksource: refined-jiffies: mask: 0xffffffff max_cycles: 0xffffffff, max_idle_ns: 7645519600211568 ns
[    0.796419] setup_percpu: NR_CPUS:8192 nr_cpumask_bits:2 nr_cpu_ids:2 nr_node_ids:1
[    0.799742] percpu: Embedded 80 pages/cpu s290816 r8192 d28672 u1048576
[    0.800668] kvm-guest: PV spinlocks enabled
[    0.801063] PV qspinlock hash table entries: 256 (order: 0, 4096 bytes, linear)
[    0.801787] Fallback order for Node 0: 0 
[    0.802193] Built 1 zonelists, mobility grouping on.  Total pages: 515808
[    0.802815] Policy zone: DMA32
[    0.803098] Kernel command line: net.ifnames=0 console=ttyS0 root=/dev/sda earlyprintk=serial net.ifnames=0
[    0.804869] random: crng init done
[    0.806829] Dentry cache hash table entries: 262144 (order: 9, 2097152 bytes, linear)
[    0.808572] Inode-cache hash table entries: 131072 (order: 8, 1048576 bytes, linear)
[    0.809454] mem auto-init: stack:off, heap alloc:off, heap free:off
[    0.816271] stackdepot hash table entries: 1048576 (order: 11, 8388608 bytes, linear)
[    0.856742] Memory: 1354928K/2096632K available (67601K kernel code, 13983K rwdata, 14020K rodata, 4572K init, 24200K bss, 741448K reserved, 0K cma-reserved)
[    0.859562] SLUB: HWalign=64, Order=0-3, MinObjects=0, CPUs=2, Nodes=1
[    0.860240] kmemleak: Kernel memory leak detector disabled
[    0.860890] ftrace: allocating 67483 entries in 264 pages
[    0.911653] ftrace: allocated 264 pages with 2 groups
[    0.918947] Dynamic Preempt: voluntary
[    0.919803] Running RCU self tests
[    0.920167] rcu: Preemptible hierarchical RCU implementation.
[    0.920745] rcu: 	RCU lockdep checking is enabled.
[    0.921166] rcu: 	RCU restricting CPUs from NR_CPUS=8192 to nr_cpu_ids=2.
[    0.921753] 	Trampoline variant of Tasks RCU enabled.
[    0.922188] 	Rude variant of Tasks RCU enabled.
[    0.922588] 	Tracing variant of Tasks RCU enabled.
[    0.923001] rcu: RCU calculated value of scheduler-enlistment delay is 25 jiffies.
[    0.923649] rcu: Adjusting geometry for rcu_fanout_leaf=16, nr_cpu_ids=2
[    0.984272] NR_IRQS: 524544, nr_irqs: 440, preallocated irqs: 16
[    0.985725] rcu: srcu_init: Setting srcu_struct sizes based on contention.
[    0.996785] Console: colour VGA+ 80x25
[    0.997366] printk: console [ttyS0] enabled
[    0.997366] printk: console [ttyS0] enabled
[    0.998324] printk: bootconsole [earlyser0] disabled
[    0.998324] printk: bootconsole [earlyser0] disabled
[    0.999410] Lock dependency validator: Copyright (c) 2006 Red Hat, Inc., Ingo Molnar
[    1.000278] ... MAX_LOCKDEP_SUBCLASSES:  8
[    1.000753] ... MAX_LOCK_DEPTH:          48
[    1.001234] ... MAX_LOCKDEP_KEYS:        8192
[    1.001736] ... CLASSHASH_SIZE:          4096
[    1.002244] ... MAX_LOCKDEP_ENTRIES:     32768
[    1.002754] ... MAX_LOCKDEP_CHAINS:      65536
[    1.003264] ... CHAINHASH_SIZE:          32768
[    1.003776]  memory used by lock dependency info: 6365 kB
[    1.004384]  memory used for stack traces: 4224 kB
[    1.004925]  per task-struct memory footprint: 1920 bytes
[    1.005737] ACPI: Core revision 20220331
[    1.006910] clocksource: hpet: mask: 0xffffffff max_cycles: 0xffffffff, max_idle_ns: 19112604467 ns
[    1.008211] APIC: Switch to symmetric I/O mode setup
[    1.009039] x2apic enabled
[    1.009622] Switched APIC routing to physical x2apic.
[    1.010208] kvm-guest: setup PV IPIs
[    1.012088] ..TIMER: vector=0x30 apic1=0 pin1=2 apic2=-1 pin2=-1
[    1.012672] clocksource: tsc-early: mask: 0xffffffffffffffff max_cycles: 0x1128af0325d, max_idle_ns: 440795261011 ns
[    1.013643] Calibrating delay loop (skipped) preset value.. 2380.80 BogoMIPS (lpj=4761600)
[    1.014392] pid_max: default: 32768 minimum: 301
[    1.015047] LSM: Security Framework initializing
[    1.015509] Yama: becoming mindful.
[    1.017819] Mount-cache hash table entries: 4096 (order: 3, 32768 bytes, linear)
[    1.018508] Mountpoint-cache hash table entries: 4096 (order: 3, 32768 bytes, linear)
[    1.021749] CPU0: Thermal monitoring enabled (TM1)
[    1.025662] x86/cpu: User Mode Instruction Prevention (UMIP) activated
[    1.027190] Last level iTLB entries: 4KB 0, 2MB 0, 4MB 0
[    1.027772] Last level dTLB entries: 4KB 0, 2MB 0, 4MB 0, 1GB 0
[    1.028390] Spectre V1 : Mitigation: usercopy/swapgs barriers and __user pointer sanitization
[    1.029654] Spectre V2 : WARNING: Unprivileged eBPF is enabled with eIBRS on, data leaks possible via Spectre v2 BHB attacks!
[    1.030906] Spectre V2 : Mitigation: Enhanced IBRS
[    1.031665] Spectre V2 : Spectre v2 / SpectreRSB mitigation: Filling RSB on context switch
[    1.033626] Spectre V2 : Spectre v2 / PBRSB-eIBRS: Retire a single CALL on VMEXIT
[    1.034875] Spectre V2 : mitigation: Enabling conditional Indirect Branch Prediction Barrier
[    1.036260] Speculative Store Bypass: Mitigation: Speculative Store Bypass disabled via prctl
[    1.037626] MMIO Stale Data: Unknown: No mitigations
[    1.222346] Freeing SMP alternatives memory: 52K
[    1.223687] smpboot: CPU0: Genuine Intel(R) 0000 (family: 0x6, model: 0xaa, stepping: 0x1)
[    1.225614] cblist_init_generic: Setting adjustable number of callback queues.
[    1.225614] cblist_init_generic: Setting shift to 1 and lim to 1.
[    1.225724] cblist_init_generic: Setting shift to 1 and lim to 1.
[    1.226434] cblist_init_generic: Setting shift to 1 and lim to 1.
[    1.227160] Running RCU-tasks wait API self tests
[    1.329935] Performance Events: generic architected perfmon, full-width counters, Intel PMU driver.
[    1.331129] ... version:                2
[    1.331563] ... bit width:              48
[    1.332001] ... generic registers:      8
[    1.332440] ... value mask:             0000ffffffffffff
[    1.333051] ... max period:             00007fffffffffff
[    1.333629] ... fixed-purpose events:   3
[    1.334075] ... event mask:             00000007000000ff
[    1.335706] rcu: Hierarchical SRCU implementation.
[    1.336261] rcu: 	Max phase no-delay instances is 1000.
[    1.341691] Callback from call_rcu_tasks_trace() invoked.
[    1.343715] smp: Bringing up secondary CPUs ...
[    1.344966] x86: Booting SMP configuration:
[    1.345347] .... node  #0, CPUs:      #1
[    0.027116] smpboot: CPU 1 Converting physical 0 to logical die 1
[    1.350020] smp: Brought up 1 node, 2 CPUs
[    1.350148] smpboot: Max logical packages: 2
[    1.350523] smpboot: Total of 2 processors activated (4761.60 BogoMIPS)
[    1.358130] devtmpfs: initialized
[    1.358780] x86/mm: Memory block size: 128MB
[    1.372176] clocksource: jiffies: mask: 0xffffffff max_cycles: 0xffffffff, max_idle_ns: 7645041785100000 ns
[    1.373653] futex hash table entries: 512 (order: 4, 65536 bytes, linear)
[    1.374867] pinctrl core: initialized pinctrl subsystem
[    1.376807] 
[    1.376974] *************************************************************
[    1.377576] **     NOTICE NOTICE NOTICE NOTICE NOTICE NOTICE NOTICE    **
[    1.377623] **                                                         **
[    1.378218] **  IOMMU DebugFS SUPPORT HAS BEEN ENABLED IN THIS KERNEL  **
[    1.378816] **                                                         **
[    1.379410] ** This means that this kernel is built to expose internal **
[    1.380001] ** IOMMU data structures, which may compromise security on **
[    1.380601] ** your system.                                            **
[    1.381191] **                                                         **
[    1.381621] ** If you see this message and you are not debugging the   **
[    1.382217] ** kernel, report this immediately to your vendor!         **
[    1.382809] **                                                         **
[    1.383401] **     NOTICE NOTICE NOTICE NOTICE NOTICE NOTICE NOTICE    **
[    1.383989] *************************************************************
[    1.384669] PM: RTC time: 00:12:58, date: 2023-02-08
[    1.391066] NET: Registered PF_NETLINK/PF_ROUTE protocol family
[    1.392936] DMA: preallocated 256 KiB GFP_KERNEL pool for atomic allocations
[    1.393628] DMA: preallocated 256 KiB GFP_KERNEL|GFP_DMA pool for atomic allocations
[    1.394349] DMA: preallocated 256 KiB GFP_KERNEL|GFP_DMA32 pool for atomic allocations
[    1.395202] audit: initializing netlink subsys (disabled)
[    1.395864] audit: type=2000 audit(1675815178.893:1): state=initialized audit_enabled=0 res=1
[    1.398677] thermal_sys: Registered thermal governor 'fair_share'
[    1.398696] thermal_sys: Registered thermal governor 'bang_bang'
[    1.399281] thermal_sys: Registered thermal governor 'step_wise'
[    1.399806] thermal_sys: Registered thermal governor 'user_space'
[    1.400440] cpuidle: using governor ladder
[    1.401367] cpuidle: using governor menu
[    1.402148] acpiphp: ACPI Hot Plug PCI Controller Driver version: 0.5
[    1.403433] PCI: Using configuration type 1 for base access
[    1.434327] Callback from call_rcu_tasks_rude() invoked.
[    1.439743] kprobes: kprobe jump-optimization is enabled. All kprobes are optimized if possible.
[    1.767896] Callback from call_rcu_tasks() invoked.
[    1.870704] HugeTLB: registered 1.00 GiB page size, pre-allocated 0 pages
[    1.871490] HugeTLB: 16380 KiB vmemmap can be freed for a 1.00 GiB page
[    1.872242] HugeTLB: registered 2.00 MiB page size, pre-allocated 0 pages
[    1.873006] HugeTLB: 28 KiB vmemmap can be freed for a 2.00 MiB page
[    1.885057] ACPI: Added _OSI(Module Device)
[    1.885599] ACPI: Added _OSI(Processor Device)
[    1.885638] ACPI: Added _OSI(3.0 _SCP Extensions)
[    1.886174] ACPI: Added _OSI(Processor Aggregator Device)
[    1.912065] ACPI: 1 ACPI AML tables successfully acquired and loaded
[    1.924683] ACPI: Interpreter enabled
[    1.925439] ACPI: PM: (supports S0 S3 S4 S5)
[    1.925631] ACPI: Using IOAPIC for interrupt routing
[    1.926450] PCI: Using host bridge windows from ACPI; if necessary, use "pci=nocrs" and report a bug
[    1.927504] PCI: Using E820 reservations for host bridge windows
[    1.930372] ACPI: Enabled 2 GPEs in block 00 to 0F
[    1.990716] ACPI: PCI Root Bridge [PCI0] (domain 0000 [bus 00-ff])
[    1.991752] acpi PNP0A03:00: _OSC: OS supports [ASPM ClockPM Segments MSI EDR HPX-Type3]
[    1.992924] acpi PNP0A03:00: _OSC: not requesting OS control; OS requires [ExtendedConfig ASPM ClockPM MSI]
[    1.993980] acpi PNP0A03:00: fail to add MMCONFIG information, can't access extended PCI configuration space under this bridge.
[    2.004065] acpiphp: Slot [3] registered
[    2.004829] acpiphp: Slot [4] registered
[    2.005518] acpiphp: Slot [5] registered
[    2.006054] acpiphp: Slot [6] registered
[    2.006764] acpiphp: Slot [7] registered
[    2.007659] acpiphp: Slot [8] registered
[    2.008335] acpiphp: Slot [9] registered
[    2.009039] acpiphp: Slot [10] registered
[    2.009730] acpiphp: Slot [11] registered
[    2.010632] acpiphp: Slot [12] registered
[    2.011682] acpiphp: Slot [13] registered
[    2.012517] acpiphp: Slot [14] registered
[    2.013351] acpiphp: Slot [15] registered
[    2.013918] acpiphp: Slot [16] registered
[    2.014912] acpiphp: Slot [17] registered
[    2.015725] acpiphp: Slot [18] registered
[    2.016604] acpiphp: Slot [19] registered
[    2.017461] acpiphp: Slot [20] registered
[    2.017888] acpiphp: Slot [21] registered
[    2.018747] acpiphp: Slot [22] registered
[    2.019744] acpiphp: Slot [23] registered
[    2.020689] acpiphp: Slot [24] registered
[    2.021540] acpiphp: Slot [25] registered
[    2.021875] acpiphp: Slot [26] registered
[    2.022705] acpiphp: Slot [27] registered
[    2.023646] acpiphp: Slot [28] registered
[    2.024523] acpiphp: Slot [29] registered
[    2.025399] acpiphp: Slot [30] registered
[    2.025859] acpiphp: Slot [31] registered
[    2.026619] PCI host bridge to bus 0000:00
[    2.027270] pci_bus 0000:00: root bus resource [io  0x0000-0x0cf7 window]
[    2.028314] pci_bus 0000:00: root bus resource [io  0x0d00-0xffff window]
[    2.029350] pci_bus 0000:00: root bus resource [mem 0x000a0000-0x000bffff window]
[    2.029632] pci_bus 0000:00: root bus resource [mem 0x80000000-0xfebfffff window]
[    2.030699] pci_bus 0000:00: root bus resource [mem 0x100000000-0x17fffffff window]
[    2.031746] pci_bus 0000:00: root bus resource [bus 00-ff]
[    2.032898] pci 0000:00:00.0: [8086:1237] type 00 class 0x060000
[    2.049426] pci 0000:00:01.0: [8086:7000] type 00 class 0x060100
[    2.051711] pci 0000:00:01.1: [8086:7010] type 00 class 0x010180
[    2.054574] pci 0000:00:01.1: reg 0x20: [io  0xc040-0xc04f]
[    2.056434] pci 0000:00:01.1: legacy IDE quirk: reg 0x10: [io  0x01f0-0x01f7]
[    2.057596] pci 0000:00:01.1: legacy IDE quirk: reg 0x14: [io  0x03f6]
[    2.057628] pci 0000:00:01.1: legacy IDE quirk: reg 0x18: [io  0x0170-0x0177]
[    2.058699] pci 0000:00:01.1: legacy IDE quirk: reg 0x1c: [io  0x0376]
[    2.060522] pci 0000:00:01.3: [8086:7113] type 00 class 0x068000
[    2.062154] pci 0000:00:01.3: quirk: [io  0x0600-0x063f] claimed by PIIX4 ACPI
[    2.063214] pci 0000:00:01.3: quirk: [io  0x0700-0x070f] claimed by PIIX4 SMB
[    2.065063] pci 0000:00:02.0: [1234:1111] type 00 class 0x030000
[    2.070038] pci 0000:00:02.0: reg 0x10: [mem 0xfd000000-0xfdffffff pref]
[    2.073696] pci 0000:00:02.0: reg 0x18: [mem 0xfebf0000-0xfebf0fff]
[    2.080426] pci 0000:00:02.0: reg 0x30: [mem 0xfebe0000-0xfebeffff pref]
[    2.082117] pci 0000:00:02.0: Video device with shadowed ROM at [mem 0x000c0000-0x000dffff]
[    2.100342] pci 0000:00:03.0: [8086:100e] type 00 class 0x020000
[    2.102114] pci 0000:00:03.0: reg 0x10: [mem 0xfebc0000-0xfebdffff]
[    2.103993] pci 0000:00:03.0: reg 0x14: [io  0xc000-0xc03f]
[    2.109117] pci 0000:00:03.0: reg 0x30: [mem 0xfeb80000-0xfebbffff pref]
[    2.144190] ACPI: PCI: Interrupt link LNKA configured for IRQ 10
[    2.146941] ACPI: PCI: Interrupt link LNKB configured for IRQ 10
[    2.149399] ACPI: PCI: Interrupt link LNKC configured for IRQ 11
[    2.151153] ACPI: PCI: Interrupt link LNKD configured for IRQ 11
[    2.152703] ACPI: PCI: Interrupt link LNKS configured for IRQ 9
[    2.158584] iommu: Default domain type: Translated 
[    2.159374] iommu: DMA domain TLB invalidation policy: lazy mode 
[    2.164496] SCSI subsystem initialized
[    2.166140] ACPI: bus type USB registered
[    2.167091] usbcore: registered new interface driver usbfs
[    2.168131] usbcore: registered new interface driver hub
[    2.169060] usbcore: registered new device driver usb
[    2.170049] pps_core: LinuxPPS API ver. 1 registered
[    2.170815] pps_core: Software ver. 5.3.6 - Copyright 2005-2007 Rodolfo Giometti <giometti@linux.it>
[    2.172284] PTP clock support registered
[    2.173425] EDAC MC: Ver: 3.0.0
[    2.180760] NetLabel: Initializing
[    2.181359] NetLabel:  domain hash size = 128
[    2.181633] NetLabel:  protocols = UNLABELED CIPSOv4 CALIPSO
[    2.182788] NetLabel:  unlabeled traffic allowed by default
[    2.218439] PCI: Using ACPI for IRQ routing
[    2.219904] pci 0000:00:02.0: vgaarb: setting as boot VGA device
[    2.220845] pci 0000:00:02.0: vgaarb: bridge control possible
[    2.221614] pci 0000:00:02.0: vgaarb: VGA device added: decodes=io+mem,owns=io+mem,locks=none
[    2.221631] vgaarb: loaded
[    2.223958] hpet0: at MMIO 0xfed00000, IRQs 2, 8, 0
[    2.224916] hpet0: 3 comparators, 64-bit 100.000000 MHz counter
[    4.838188] clocksource: Switched to clocksource kvm-clock
[    5.218756] VFS: Disk quotas dquot_6.6.0
[    5.219615] VFS: Dquot-cache hash table entries: 512 (order 0, 4096 bytes)
[    5.221882] pnp: PnP ACPI init
[    5.228640] pnp: PnP ACPI: found 6 devices
[    5.258026] clocksource: acpi_pm: mask: 0xffffff max_cycles: 0xffffff, max_idle_ns: 2085701024 ns
[    5.259651] NET: Registered PF_INET protocol family
[    5.260363] IP idents hash table entries: 32768 (order: 6, 262144 bytes, linear)
[    5.263177] tcp_listen_portaddr_hash hash table entries: 1024 (order: 4, 73728 bytes, linear)
[    5.264095] Table-perturb hash table entries: 65536 (order: 6, 262144 bytes, linear)
[    5.264922] TCP established hash table entries: 16384 (order: 5, 131072 bytes, linear)
[    5.266391] TCP bind hash table entries: 16384 (order: 9, 2359296 bytes, linear)
[    5.268145] TCP: Hash tables configured (established 16384 bind 16384)
[    5.269062] UDP hash table entries: 1024 (order: 5, 163840 bytes, linear)
[    5.269852] UDP-Lite hash table entries: 1024 (order: 5, 163840 bytes, linear)
[    5.270958] NET: Registered PF_UNIX/PF_LOCAL protocol family
[    5.272622] RPC: Registered named UNIX socket transport module.
[    5.273253] RPC: Registered udp transport module.
[    5.273762] RPC: Registered tcp transport module.
[    5.274240] RPC: Registered tcp NFSv4.1 backchannel transport module.
[    5.274933] pci_bus 0000:00: resource 4 [io  0x0000-0x0cf7 window]
[    5.275563] pci_bus 0000:00: resource 5 [io  0x0d00-0xffff window]
[    5.276193] pci_bus 0000:00: resource 6 [mem 0x000a0000-0x000bffff window]
[    5.276895] pci_bus 0000:00: resource 7 [mem 0x80000000-0xfebfffff window]
[    5.277593] pci_bus 0000:00: resource 8 [mem 0x100000000-0x17fffffff window]
[    5.278807] pci 0000:00:01.0: PIIX3: Enabling Passive Release
[    5.279419] pci 0000:00:00.0: Limiting direct PCI/PCI transfers
[    5.280147] PCI: CLS 0 bytes, default 64
[    5.281330] ACPI: bus type thunderbolt registered
[    5.282439] clocksource: tsc: mask: 0xffffffffffffffff max_cycles: 0x1128af0325d, max_idle_ns: 440795261011 ns
[    5.289521] Initialise system trusted keyrings
[    5.290207] Key type blacklist registered
[    5.290940] workingset: timestamp_bits=36 max_order=19 bucket_order=0
[    5.314524] zbud: loaded
[    5.320887] squashfs: version 4.0 (2009/01/31) Phillip Lougher
[    5.325711] NFS: Registering the id_resolver key type
[    5.326272] Key type id_resolver registered
[    5.326703] Key type id_legacy registered
[    5.327324] nfs4filelayout_init: NFSv4 File Layout Driver Registering...
[    5.328053] nfs4flexfilelayout_init: NFSv4 Flexfile Layout Driver Registering...
[    5.329165] fuse: init (API version 7.37)
[    5.330207] SGI XFS with ACLs, security attributes, realtime, quota, no debug enabled
[    5.336947] 9p: Installing v9fs 9p2000 file system support
[    5.346380] Key type asymmetric registered
[    5.347168] Asymmetric key parser 'x509' registered
[    5.350881] alg: self-tests for CTR-KDF (hmac(sha256)) passed
[    5.351612] Block layer SCSI generic (bsg) driver version 0.4 loaded (major 243)
[    5.353476] io scheduler mq-deadline registered
[    5.354621] io scheduler bfq registered
[    5.357951] shpchp: Standard Hot Plug PCI Controller Driver version: 0.4
[    5.359982] IPMI message handler: version 39.2
[    5.360613] ipmi device interface
[    5.366182] input: Power Button as /devices/LNXSYSTM:00/LNXPWRBN:00/input/input0
[    5.367653] ACPI: button: Power Button [PWRF]
[    5.370309] ERST DBG: ERST support is disabled.
[    5.372409] Serial: 8250/16550 driver, 32 ports, IRQ sharing enabled
[    5.374205] 00:04: ttyS0 at I/O 0x3f8 (irq = 4, base_baud = 115200) is a 16550A
[    5.403512] Linux agpgart interface v0.103
[    5.406049] ACPI: bus type drm_connector registered
[    5.440967] brd: module loaded
[    5.460471] loop: module loaded
[    5.473745] scsi host0: ata_piix
[    5.476438] scsi host1: ata_piix
[    5.477569] ata1: PATA max MWDMA2 cmd 0x1f0 ctl 0x3f6 bmdma 0xc040 irq 14
[    5.478707] ata2: PATA max MWDMA2 cmd 0x170 ctl 0x376 bmdma 0xc048 irq 15
[    5.483514] tun: Universal TUN/TAP device driver, 1.6
[    5.485110] e100: Intel(R) PRO/100 Network Driver
[    5.485948] e100: Copyright(c) 1999-2006 Intel Corporation
[    5.487036] e1000: Intel(R) PRO/1000 Network Driver
[    5.487851] e1000: Copyright (c) 1999-2006 Intel Corporation.
[    5.637821] ata1: found unknown device (class 0)
[    5.638753] ata2: found unknown device (class 0)
[    5.640313] ata1.00: ATA-7: QEMU HARDDISK, 2.5+, max UDMA/100
[    5.640895] ata1.00: 16777216 sectors, multi 16: LBA48 
[    5.641679] ata2.00: ATAPI: QEMU DVD-ROM, 2.5+, max UDMA/100
[    5.644444] scsi 0:0:0:0: Direct-Access     ATA      QEMU HARDDISK    2.5+ PQ: 0 ANSI: 5
[    5.648502] sd 0:0:0:0: Attached scsi generic sg0 type 0
[    5.648623] sd 0:0:0:0: [sda] 16777216 512-byte logical blocks: (8.59 GB/8.00 GiB)
[    5.650728] sd 0:0:0:0: [sda] Write Protect is off
[    5.652261] scsi 1:0:0:0: CD-ROM            QEMU     QEMU DVD-ROM     2.5+ PQ: 0 ANSI: 5
[    5.653670] sd 0:0:0:0: [sda] Write cache: enabled, read cache: enabled, doesn't support DPO or FUA
[    5.655185] sd 0:0:0:0: [sda] Preferred minimum I/O size 512 bytes
[    5.672463] sd 0:0:0:0: [sda] Attached SCSI disk
[    5.687461] scsi 1:0:0:0: Attached scsi generic sg1 type 5
[    6.339081] ACPI: \_SB_.LNKC: Enabled at IRQ 11
[    6.685283] e1000 0000:00:03.0 eth0: (PCI:33MHz:32-bit) 52:54:00:12:34:56
[    6.686618] e1000 0000:00:03.0 eth0: Intel(R) PRO/1000 Network Connection
[    6.688107] e1000e: Intel(R) PRO/1000 Network Driver
[    6.688949] e1000e: Copyright(c) 1999 - 2015 Intel Corporation.
[    6.690035] igb: Intel(R) Gigabit Ethernet Network Driver
[    6.690572] igb: Copyright (c) 2007-2014 Intel Corporation.
[    6.691410] PPP generic driver version 2.4.2
[    6.693541] VFIO - User Level meta-driver version: 0.3
[    6.695190] usbcore: registered new interface driver uas
[    6.695774] usbcore: registered new interface driver usb-storage
[    6.696719] i8042: PNP: PS/2 Controller [PNP0303:KBD,PNP0f13:MOU] at 0x60,0x64 irq 1,12
[    6.698678] serio: i8042 KBD port at 0x60,0x64 irq 1
[    6.699295] serio: i8042 AUX port at 0x60,0x64 irq 12
[    6.701545] mousedev: PS/2 mouse device common for all mice
[    6.703418] input: AT Translated Set 2 keyboard as /devices/platform/i8042/serio0/input/input1
[    6.706162] input: VirtualPS/2 VMware VMMouse as /devices/platform/i8042/serio1/input/input4
[    6.708123] rtc_cmos 00:05: RTC can wake from S4
[    6.710624] rtc_cmos 00:05: registered as rtc0
[    6.711209] rtc_cmos 00:05: setting system clock to 2023-02-08T00:13:03 UTC (1675815183)
[    6.712240] rtc_cmos 00:05: alarms up to one day, y3k, 242 bytes nvram, hpet irqs
[    6.713053] i2c_dev: i2c /dev entries driver
[    6.713942] device-mapper: core: CONFIG_IMA_DISABLE_HTABLE is disabled. Duplicate IMA measurements will not be recorded in the IMA log.
[    6.715306] input: VirtualPS/2 VMware VMMouse as /devices/platform/i8042/serio1/input/input3
[    6.716858] device-mapper: uevent: version 1.0.3
[    6.718513] device-mapper: ioctl: 4.47.0-ioctl (2022-07-28) initialised: dm-devel@redhat.com
[    6.719355] intel_pstate: CPU model not supported
[    6.720123] sdhci: Secure Digital Host Controller Interface driver
[    6.720706] sdhci: Copyright(c) Pierre Ossman
[    6.721341] sdhci-pltfm: SDHCI platform and OF driver helper
[    6.722063] ledtrig-cpu: registered to indicate activity on CPUs
[    6.723573] drop_monitor: Initializing network drop monitor service
[    6.725860] NET: Registered PF_INET6 protocol family
[    6.731718] Segment Routing with IPv6
[    6.732442] In-situ OAM (IOAM) with IPv6
[    6.733278] NET: Registered PF_PACKET protocol family
[    6.734774] 9pnet: Installing 9P2000 support
[    6.735803] Key type dns_resolver registered
[    6.738831] IPI shorthand broadcast: enabled
[    6.739412] sched_clock: Marking stable (6715174620, 23116506)->(6831930648, -93639522)
[    6.741536] registered taskstats version 1
[    6.742342] Loading compiled-in X.509 certificates
[    6.743810] zswap: loaded using pool lzo/zbud
[    6.746590] Key type .fscrypt registered
[    6.746952] Key type fscrypt-provisioning registered
[    6.749253] Key type encrypted registered
[    6.749780] ima: No TPM chip found, activating TPM-bypass!
[    6.750345] ima: Allocated hash algorithm: sha1
[    6.750909] ima: No architecture policies found
[    6.751506] evm: Initialising EVM extended attributes:
[    6.751997] evm: security.selinux
[    6.752318] evm: security.SMACK64
[    6.752665] evm: security.SMACK64EXEC
[    6.752999] evm: security.SMACK64TRANSMUTE
[    6.753391] evm: security.SMACK64MMAP
[    6.753756] evm: security.apparmor
[    6.754099] evm: security.ima
[    6.754379] evm: security.capability
[    6.754719] evm: HMAC attrs: 0x1
[    6.763389] PM:   Magic number: 11:738:202
[    6.764761] RAS: Correctable Errors collector initialized.
[    6.766319] md: Waiting for all devices to be available before autodetect
[    6.766713] md: If you don't use raid, use raid=noautodetect
[    6.767047] md: Autodetecting RAID arrays.
[    6.767301] md: autorun ...
[    6.767477] md: ... autorun DONE.
[    6.780244] EXT4-fs (sda): mounted filesystem with ordered data mode. Quota mode: none.
[    6.781294] VFS: Mounted root (ext4 filesystem) readonly on device 8:0.
[    6.785581] devtmpfs: mounted
[    6.803157] Freeing unused decrypted memory: 2036K
[    6.806178] Freeing unused kernel image (initmem) memory: 4572K
[    6.809923] Write protecting the kernel read-only data: 83968k
[    6.814413] Freeing unused kernel image (text/rodata gap) memory: 2028K
[    6.815211] Freeing unused kernel image (rodata/data gap) memory: 316K
[    6.930420] x86/mm: Checked W+X mappings: passed, no W+X pages found.
[    6.930917] Run /sbin/init as init process
[    7.107352] systemd[1]: RTC configured in localtime, applying delta of 0 minutes to system time.
[    7.196095] systemd[1]: systemd 239 (239-49.el8) running in system mode. (+PAM +AUDIT +SELINUX +IMA -APPARMOR +SMACK +SYSVINIT +UTMP +LIBCRYPTSETUP +GCRYPT +GNUTLS +ACL +XZ +LZ4 +SECCOMP +BLKID +ELFUTILS +KMOD +IDN2 -IDN +PCRE2 default-hierarchy=legacy)
[    7.199744] systemd[1]: Detected virtualization kvm.
[    7.200371] systemd[1]: Detected architecture x86-64.

Welcome to [0;31mCentOS Stream 8[0m!

[    7.277588] systemd[1]: Set hostname to <test>.
[    7.902694] systemd[1]: Listening on Device-mapper event daemon FIFOs.
[[0;32m  OK  [0m] Listening on Device-mapper event daemon FIFOs.
[    7.905754] systemd[1]: Listening on udev Kernel Socket.
[[0;32m  OK  [0m] Listening on udev Kernel Socket.
[    7.910794] systemd[1]: Created slice User and Session Slice.
[[0;32m  OK  [0m] Created slice User and Session Slice.
[    7.912662] systemd[1]: Listening on Journal Socket.
[[0;32m  OK  [0m] Listening on Journal Socket.
[    7.950668] systemd[1]: Starting Load Kernel Modules...
         Starting Load Kernel Modules...
[    7.976116] systemd[1]: Listening on Process Core Dump Socket.
[[0;32m  OK  [0m] Listening on Process Core Dump Socket.
         Starting Remount Root and Kernel File Systems...
         Mounting Huge Pages File System...
         Starting Setup Virtual Console...
[[0;32m  OK  [0m] Listening on RPCbind Server Activation Socket.
[[0;32m  OK  [0m] Reached target RPC Port Mapper.
         Mounting POSIX Message Queue File System...
[[0;32m  OK  [0m] Listening on Journal Socket (/dev/log).
         Starting Journal Service...
         Starting Monitoring of LVM2 mirrorsâ€¦ng dmeventd or progress polling...
[[0;32m  OK  [0m] Listening on LVM2 poll daemon socket.
[[0;32m  OK  [0m] Reached target Slices.
         Mounting Kernel Debug File System...
[[0;32m  OK  [0m] Listening on initctl Compatibility Named Pipe.
[[0;32m  OK  [0m] Created slice system-getty.slice.
[[0;32m  OK  [0m] Listening on multipathd control socket.
[[0;32m  OK  [0m] Created slice system-sshd\x2dkeygen.slice.
[[0;32m  OK  [0m] Listening on udev Control Socket.
         Starting udev Coldplug all Devices...
[[0;32m  OK  [0m] Reached target Swap.
[[0;32m  OK  [0m] Created slice system-serial\x2dgetty.slice.
[[0;32m  OK  [0m] Started Forward Password Requests to Wall Directory Watch.
[[0;32m  OK  [0m] Set up automount Arbitrary Executabâ€¦rmats File System Automount Point.
[[0;1;31mFAILED[0m] Failed to start Load Kernel Modules.
[    8.581931] EXT4-fs (sda): re-mounted. Quota mode: none.
See 'systemctl status systemd-modules-load.service' for details.
[[0;32m  OK  [0m] Started Remount Root and Kernel File Systems.
[[0;32m  OK  [0m] Mounted Huge Pages File System.
[[0;32m  OK  [0m] Mounted POSIX Message Queue File System.
[[0;32m  OK  [0m] Started Monitoring of LVM2 mirrors,â€¦sing dmeventd or progress polling.
[[0;32m  OK  [0m] Mounted Kernel Debug File System.
         Starting Load/Save Random Seed...
         Starting Create Static Device Nodes in /dev...
         Mounting Kernel Configuration File System...
         Starting Apply Kernel Variables...
         Mounting FUSE Control File System...
[[0;32m  OK  [0m] Started Journal Service.
[[0;32m  OK  [0m] Started Setup Virtual Console.
[[0;32m  OK  [0m] Started Load/Save Random Seed.
[[0;32m  OK  [0m] Started Create Static Device Nodes in /dev.
[[0;32m  OK  [0m] Mounted Kernel Configuration File System.
[[0;32m  OK  [0m] Started Apply Kernel Variables.
[[0;32m  OK  [0m] Mounted FUSE Control File System.
         Starting udev Kernel Device Manager...
         Starting Flush Journal to Persistent Storage...
[[0;32m  OK  [0m] Started Flush Journal to Persistent Storage.
[[0;32m  OK  [0m] Started udev Kernel Device Manager.
[[0;32m  OK  [0m] Started udev Coldplug all Devices.
         Starting udev Wait for Complete Device Initialization...
         Starting Show Plymouth Boot Screen...
[[0;32m  OK  [0m] Started Show Plymouth Boot Screen.
[[0;32m  OK  [0m] Reached target Local Encrypted Volumes.
[[0;32m  OK  [0m] Reached target Paths.
[[0;32m  OK  [0m] Started Forward Password Requests to Plymouth Directory Watch.
[[0;32m  OK  [0m] Started udev Wait for Complete Device Initialization.
[[0;32m  OK  [0m] Found device /dev/ttyS0.
[[0;32m  OK  [0m] Listening on Load/Save RF Kill Switch Status /dev/rfkill Watch.
[[0;32m  OK  [0m] Reached target Local File Systems (Pre).
[[0;32m  OK  [0m] Reached target Local File Systems.
         Starting Restore /run/initramfs on shutdown...
         Starting Tell Plymouth To Write Out Runtime Data...
         Starting Create Volatile Files and Directories...
[[0;32m  OK  [0m] Started Restore /run/initramfs on shutdown.
[[0;32m  OK  [0m] Started Tell Plymouth To Write Out Runtime Data.
[[0;32m  OK  [0m] Started Create Volatile Files and Directories.
         Starting Security Auditing Service...
         Starting RPC Bind...
         Mounting RPC Pipe File System...
[[0;32m  OK  [0m] Mounted RPC Pipe File System.
[[0;32m  OK  [0m] Reached target rpc_pipefs.target.
[[0;32m  OK  [0m] Started RPC Bind.
[[0;32m  OK  [0m] Started Security Auditing Service.
         Starting Update UTMP about System Boot/Shutdown...
[[0;32m  OK  [0m] Started Update UTMP about System Boot/Shutdown.
[[0;32m  OK  [0m] Reached target System Initialization.
[[0;32m  OK  [0m] Listening on D-Bus System Message Bus Socket.
[[0;32m  OK  [0m] Started daily update of the root trust anchor for DNSSEC.
[[0;32m  OK  [0m] Started Daily Cleanup of Temporary Directories.
[[0;32m  OK  [0m] Started dnf makecache --timer.
[[0;32m  OK  [0m] Reached target Timers.
[[0;32m  OK  [0m] Listening on SSSD Kerberos Cache Manager responder socket.
[[0;32m  OK  [0m] Reached target Sockets.
[[0;32m  OK  [0m] Reached target Basic System.
[[0;32m  OK  [0m] Started D-Bus System Message Bus.
         Starting Authorization Manager...
[[0;32m  OK  [0m] Reached target sshd-keygen.target.
         Starting Auto-connect to subsystemsâ€¦-NVME devices found during boot...
         Starting Login Service...
         Starting Network Manager...
[[0;32m  OK  [0m] Started irqbalance daemon.
         Starting NTP client/server...
         Starting Self Monitoring and Reporting Technology (SMART) Daemon...
[[0;32m  OK  [0m] Started Machine Check Exception Logging Daemon.
[[0;32m  OK  [0m] Started Auto-connect to subsystems â€¦FC-NVME devices found during boot.
         Starting update of the root trust aâ€¦or DNSSEC validation in unbound...
[[0;32m  OK  [0m] Started Login Service.
[[0;32m  OK  [0m] Started Self Monitoring and Reporting Technology (SMART) Daemon.
[[0;32m  OK  [0m] Started Network Manager.
         Starting Network Manager Wait Online...
[[0;32m  OK  [0m] Reached target Network.
         Starting OpenSSH server daemon...
         Starting Dynamic System Tuning Daemon...
         Starting GSSAPI Proxy Daemon...
[[0;32m  OK  [0m] Started Authorization Manager.
         Starting Hostname Service...
[[0;32m  OK  [0m] Started OpenSSH server daemon.
[[0;32m  OK  [0m] Started update of the root trust anâ€¦ for DNSSEC validation in unbound.
[[0;32m  OK  [0m] Started NTP client/server.
[[0;32m  OK  [0m] Started GSSAPI Proxy Daemon.
[[0;32m  OK  [0m] Reached target NFS client services.
[[0;32m  OK  [0m] Reached target Remote File Systems (Pre).
[[0;32m  OK  [0m] Reached target Remote File Systems.
         Starting Permit User Sessions...
[[0;32m  OK  [0m] Started Permit User Sessions.
         Starting Terminate Plymouth Boot Screen...
[[0;32m  OK  [0m] Started Command Scheduler.
         Starting Hold until boot process finishes up...
[[0;32m  OK  [0m] Started Terminate Plymouth Boot Screen.
[[0;32m  OK  [0m] Started Hold until boot process finishes up.
[   14.218029] e1000: eth0 NIC Link is Up 1000 Mbps Full Duplex, Flow Control: RX
[   14.219133] IPv6: ADDRCONF(NETDEV_CHANGE): eth0: link becomes ready
[   14.634481] Spectre V2 : WARNING: Unprivileged eBPF is enabled with eIBRS on, data leaks possible via Spectre v2 BHB attacks!
[   14.635481] Spectre V2 : WARNING: Unprivileged eBPF is enabled with eIBRS on, data leaks possible via Spectre v2 BHB attacks!

CentOS Stream 8
Kernel 6.1.0-rc6-f18caf261398+ on an x86_64

test login: [   30.004385] Huh VM_FAULT_OOM leaked out to the #PF handler. Retrying PF
[   30.010021] Huh VM_FAULT_OOM leaked out to the #PF handler. Retrying PF
[   30.015538] Huh VM_FAULT_OOM leaked out to the #PF handler. Retrying PF
[   30.021147] Huh VM_FAULT_OOM leaked out to the #PF handler. Retrying PF
[   30.026754] Huh VM_FAULT_OOM leaked out to the #PF handler. Retrying PF
[   30.032092] Huh VM_FAULT_OOM leaked out to the #PF handler. Retrying PF
[   30.038162] Huh VM_FAULT_OOM leaked out to the #PF handler. Retrying PF
[   30.044031] Huh VM_FAULT_OOM leaked out to the #PF handler. Retrying PF
[   30.049720] Huh VM_FAULT_OOM leaked out to the #PF handler. Retrying PF
[   30.055114] Huh VM_FAULT_OOM leaked out to the #PF handler. Retrying PF
[   35.010788] pagefault_out_of_memory: 1112 callbacks suppressed
[   35.010808] Huh VM_FAULT_OOM leaked out to the #PF handler. Retrying PF
[   35.016185] Huh VM_FAULT_OOM leaked out to the #PF handler. Retrying PF
[   35.021458] Huh VM_FAULT_OOM leaked out to the #PF handler. Retrying PF
[   35.027183] Huh VM_FAULT_OOM leaked out to the #PF handler. Retrying PF
[   35.032242] Huh VM_FAULT_OOM leaked out to the #PF handler. Retrying PF
[   35.036664] Huh VM_FAULT_OOM leaked out to the #PF handler. Retrying PF
[   35.042202] Huh VM_FAULT_OOM leaked out to the #PF handler. Retrying PF
[   35.047960] Huh VM_FAULT_OOM leaked out to the #PF handler. Retrying PF
[   35.052554] Huh VM_FAULT_OOM leaked out to the #PF handler. Retrying PF
[   35.057685] Huh VM_FAULT_OOM leaked out to the #PF handler. Retrying PF
[   40.015244] pagefault_out_of_memory: 1062 callbacks suppressed
[   40.015262] Huh VM_FAULT_OOM leaked out to the #PF handler. Retrying PF
[   40.022393] Huh VM_FAULT_OOM leaked out to the #PF handler. Retrying PF
[   40.028943] Huh VM_FAULT_OOM leaked out to the #PF handler. Retrying PF
[   40.034760] Huh VM_FAULT_OOM leaked out to the #PF handler. Retrying PF
[   40.040490] Huh VM_FAULT_OOM leaked out to the #PF handler. Retrying PF
[   40.047020] Huh VM_FAULT_OOM leaked out to the #PF handler. Retrying PF
[   40.053661] Huh VM_FAULT_OOM leaked out to the #PF handler. Retrying PF
[   40.059420] Huh VM_FAULT_OOM leaked out to the #PF handler. Retrying PF
[   40.065802] Huh VM_FAULT_OOM leaked out to the #PF handler. Retrying PF
[   40.072679] Huh VM_FAULT_OOM leaked out to the #PF handler. Retrying PF
[   45.017985] pagefault_out_of_memory: 992 callbacks suppressed
[   45.017999] Huh VM_FAULT_OOM leaked out to the #PF handler. Retrying PF
[   45.024552] Huh VM_FAULT_OOM leaked out to the #PF handler. Retrying PF
[   45.030332] Huh VM_FAULT_OOM leaked out to the #PF handler. Retrying PF
[   45.034460] Huh VM_FAULT_OOM leaked out to the #PF handler. Retrying PF
[   45.039359] Huh VM_FAULT_OOM leaked out to the #PF handler. Retrying PF
[   45.044978] Huh VM_FAULT_OOM leaked out to the #PF handler. Retrying PF
[   45.049463] Huh VM_FAULT_OOM leaked out to the #PF handler. Retrying PF
[   45.055326] Huh VM_FAULT_OOM leaked out to the #PF handler. Retrying PF
[   45.060966] Huh VM_FAULT_OOM leaked out to the #PF handler. Retrying PF
[   45.066771] Huh VM_FAULT_OOM leaked out to the #PF handler. Retrying PF
[   50.025118] pagefault_out_of_memory: 1018 callbacks suppressed
[   50.025149] Huh VM_FAULT_OOM leaked out to the #PF handler. Retrying PF
[   50.031848] Huh VM_FAULT_OOM leaked out to the #PF handler. Retrying PF
[   50.037132] Huh VM_FAULT_OOM leaked out to the #PF handler. Retrying PF
[   50.041430] Huh VM_FAULT_OOM leaked out to the #PF handler. Retrying PF
[   50.045842] Huh VM_FAULT_OOM leaked out to the #PF handler. Retrying PF
[   50.050339] Huh VM_FAULT_OOM leaked out to the #PF handler. Retrying PF
[   50.055096] Huh VM_FAULT_OOM leaked out to the #PF handler. Retrying PF
[   50.059318] Huh VM_FAULT_OOM leaked out to the #PF handler. Retrying PF
[   50.064165] Huh VM_FAULT_OOM leaked out to the #PF handler. Retrying PF
[   50.069822] Huh VM_FAULT_OOM leaked out to the #PF handler. Retrying PF
[   55.030400] pagefault_out_of_memory: 993 callbacks suppressed
[   55.030414] Huh VM_FAULT_OOM leaked out to the #PF handler. Retrying PF
[   55.036625] Huh VM_FAULT_OOM leaked out to the #PF handler. Retrying PF
[   55.042923] Huh VM_FAULT_OOM leaked out to the #PF handler. Retrying PF
[   55.048537] Huh VM_FAULT_OOM leaked out to the #PF handler. Retrying PF
[   55.064759] Huh VM_FAULT_OOM leaked out to the #PF handler. Retrying PF
[   55.072051] Huh VM_FAULT_OOM leaked out to the #PF handler. Retrying PF
[   55.078656] Huh VM_FAULT_OOM leaked out to the #PF handler. Retrying PF
[   55.084549] Huh VM_FAULT_OOM leaked out to the #PF handler. Retrying PF
[   55.090999] Huh VM_FAULT_OOM leaked out to the #PF handler. Retrying PF
[   55.096547] Huh VM_FAULT_OOM leaked out to the #PF handler. Retrying PF
[   60.036921] pagefault_out_of_memory: 986 callbacks suppressed
[   60.036938] Huh VM_FAULT_OOM leaked out to the #PF handler. Retrying PF
[   60.042998] Huh VM_FAULT_OOM leaked out to the #PF handler. Retrying PF
[   60.048094] Huh VM_FAULT_OOM leaked out to the #PF handler. Retrying PF
[   60.054749] Huh VM_FAULT_OOM leaked out to the #PF handler. Retrying PF
[   60.061501] Huh VM_FAULT_OOM leaked out to the #PF handler. Retrying PF
[   60.067092] Huh VM_FAULT_OOM leaked out to the #PF handler. Retrying PF
[   60.072992] Huh VM_FAULT_OOM leaked out to the #PF handler. Retrying PF
[   60.079533] Huh VM_FAULT_OOM leaked out to the #PF handler. Retrying PF
[   60.085009] Huh VM_FAULT_OOM leaked out to the #PF handler. Retrying PF
[   60.090172] Huh VM_FAULT_OOM leaked out to the #PF handler. Retrying PF
[   65.041120] pagefault_out_of_memory: 994 callbacks suppressed
[   65.041136] Huh VM_FAULT_OOM leaked out to the #PF handler. Retrying PF
[   65.047712] Huh VM_FAULT_OOM leaked out to the #PF handler. Retrying PF
[   65.053286] Huh VM_FAULT_OOM leaked out to the #PF handler. Retrying PF
[   65.058680] Huh VM_FAULT_OOM leaked out to the #PF handler. Retrying PF
[   65.064654] Huh VM_FAULT_OOM leaked out to the #PF handler. Retrying PF
[   65.069440] Huh VM_FAULT_OOM leaked out to the #PF handler. Retrying PF
[   65.074356] Huh VM_FAULT_OOM leaked out to the #PF handler. Retrying PF
[   65.079658] Huh VM_FAULT_OOM leaked out to the #PF handler. Retrying PF
[   65.084906] Huh VM_FAULT_OOM leaked out to the #PF handler. Retrying PF
[   65.090636] Huh VM_FAULT_OOM leaked out to the #PF handler. Retrying PF
[   70.043677] pagefault_out_of_memory: 976 callbacks suppressed
[   70.043694] Huh VM_FAULT_OOM leaked out to the #PF handler. Retrying PF
[   70.050413] Huh VM_FAULT_OOM leaked out to the #PF handler. Retrying PF
[   70.057189] Huh VM_FAULT_OOM leaked out to the #PF handler. Retrying PF
[   70.063990] Huh VM_FAULT_OOM leaked out to the #PF handler. Retrying PF
[   70.069352] Huh VM_FAULT_OOM leaked out to the #PF handler. Retrying PF
[   70.075645] Huh VM_FAULT_OOM leaked out to the #PF handler. Retrying PF
[   70.082084] Huh VM_FAULT_OOM leaked out to the #PF handler. Retrying PF
[   70.087435] Huh VM_FAULT_OOM leaked out to the #PF handler. Retrying PF
[   70.092264] Huh VM_FAULT_OOM leaked out to the #PF handler. Retrying PF
[   70.097223] Huh VM_FAULT_OOM leaked out to the #PF handler. Retrying PF
[   75.045887] pagefault_out_of_memory: 965 callbacks suppressed
[   75.045904] Huh VM_FAULT_OOM leaked out to the #PF handler. Retrying PF
[   75.053213] Huh VM_FAULT_OOM leaked out to the #PF handler. Retrying PF
[   75.058960] Huh VM_FAULT_OOM leaked out to the #PF handler. Retrying PF
[   75.065862] Huh VM_FAULT_OOM leaked out to the #PF handler. Retrying PF
[   75.073221] Huh VM_FAULT_OOM leaked out to the #PF handler. Retrying PF
[   75.079767] Huh VM_FAULT_OOM leaked out to the #PF handler. Retrying PF
[   75.086022] Huh VM_FAULT_OOM leaked out to the #PF handler. Retrying PF
[   75.091780] Huh VM_FAULT_OOM leaked out to the #PF handler. Retrying PF
[   75.097293] Huh VM_FAULT_OOM leaked out to the #PF handler. Retrying PF
[   75.103826] Huh VM_FAULT_OOM leaked out to the #PF handler. Retrying PF
[   80.052492] pagefault_out_of_memory: 1012 callbacks suppressed
[   80.052506] Huh VM_FAULT_OOM leaked out to the #PF handler. Retrying PF
[   80.057963] Huh VM_FAULT_OOM leaked out to the #PF handler. Retrying PF
[   80.062111] Huh VM_FAULT_OOM leaked out to the #PF handler. Retrying PF
[   80.066172] Huh VM_FAULT_OOM leaked out to the #PF handler. Retrying PF
[   80.070146] Huh VM_FAULT_OOM leaked out to the #PF handler. Retrying PF
[   80.074255] Huh VM_FAULT_OOM leaked out to the #PF handler. Retrying PF
[   80.078049] Huh VM_FAULT_OOM leaked out to the #PF handler. Retrying PF
[   80.082172] Huh VM_FAULT_OOM leaked out to the #PF handler. Retrying PF
[   80.086152] Huh VM_FAULT_OOM leaked out to the #PF handler. Retrying PF
[   80.091211] Huh VM_FAULT_OOM leaked out to the #PF handler. Retrying PF
[   85.055459] pagefault_out_of_memory: 1048 callbacks suppressed
[   85.055484] Huh VM_FAULT_OOM leaked out to the #PF handler. Retrying PF
[   85.060639] Huh VM_FAULT_OOM leaked out to the #PF handler. Retrying PF
[   85.064636] Huh VM_FAULT_OOM leaked out to the #PF handler. Retrying PF
[   85.068657] Huh VM_FAULT_OOM leaked out to the #PF handler. Retrying PF
[   85.072709] Huh VM_FAULT_OOM leaked out to the #PF handler. Retrying PF
[   85.076735] Huh VM_FAULT_OOM leaked out to the #PF handler. Retrying PF
[   85.080801] Huh VM_FAULT_OOM leaked out to the #PF handler. Retrying PF
[   85.084848] Huh VM_FAULT_OOM leaked out to the #PF handler. Retrying PF
[   85.088887] Huh VM_FAULT_OOM leaked out to the #PF handler. Retrying PF
[   85.092865] Huh VM_FAULT_OOM leaked out to the #PF handler. Retrying PF
[   90.059406] pagefault_out_of_memory: 994 callbacks suppressed
[   90.059423] Huh VM_FAULT_OOM leaked out to the #PF handler. Retrying PF
[   90.066410] Huh VM_FAULT_OOM leaked out to the #PF handler. Retrying PF
[   90.073113] Huh VM_FAULT_OOM leaked out to the #PF handler. Retrying PF
[   90.079569] Huh VM_FAULT_OOM leaked out to the #PF handler. Retrying PF
[   90.084988] Huh VM_FAULT_OOM leaked out to the #PF handler. Retrying PF
[   90.090983] Huh VM_FAULT_OOM leaked out to the #PF handler. Retrying PF
[   90.096578] Huh VM_FAULT_OOM leaked out to the #PF handler. Retrying PF
[   90.103274] Huh VM_FAULT_OOM leaked out to the #PF handler. Retrying PF
[   90.108844] Huh VM_FAULT_OOM leaked out to the #PF handler. Retrying PF
[   90.114623] Huh VM_FAULT_OOM leaked out to the #PF handler. Retrying PF
[   95.065062] pagefault_out_of_memory: 1026 callbacks suppressed
[   95.065080] Huh VM_FAULT_OOM leaked out to the #PF handler. Retrying PF
[   95.071403] Huh VM_FAULT_OOM leaked out to the #PF handler. Retrying PF
[   95.076499] Huh VM_FAULT_OOM leaked out to the #PF handler. Retrying PF
[   95.081470] Huh VM_FAULT_OOM leaked out to the #PF handler. Retrying PF
[   95.088296] Huh VM_FAULT_OOM leaked out to the #PF handler. Retrying PF
[   95.092970] Huh VM_FAULT_OOM leaked out to the #PF handler. Retrying PF
[   95.097018] Huh VM_FAULT_OOM leaked out to the #PF handler. Retrying PF
[   95.101994] Huh VM_FAULT_OOM leaked out to the #PF handler. Retrying PF
[   95.108625] Huh VM_FAULT_OOM leaked out to the #PF handler. Retrying PF
[   95.114507] Huh VM_FAULT_OOM leaked out to the #PF handler. Retrying PF
[  100.068251] pagefault_out_of_memory: 1020 callbacks suppressed
[  100.068268] Huh VM_FAULT_OOM leaked out to the #PF handler. Retrying PF
[  100.074777] Huh VM_FAULT_OOM leaked out to the #PF handler. Retrying PF
[  100.080561] Huh VM_FAULT_OOM leaked out to the #PF handler. Retrying PF
[  100.086332] Huh VM_FAULT_OOM leaked out to the #PF handler. Retrying PF
[  100.091850] Huh VM_FAULT_OOM leaked out to the #PF handler. Retrying PF
[  100.097127] Huh VM_FAULT_OOM leaked out to the #PF handler. Retrying PF
[  100.102620] Huh VM_FAULT_OOM leaked out to the #PF handler. Retrying PF
[  100.108812] Huh VM_FAULT_OOM leaked out to the #PF handler. Retrying PF
[  100.115579] Huh VM_FAULT_OOM leaked out to the #PF handler. Retrying PF
[  100.121780] Huh VM_FAULT_OOM leaked out to the #PF handler. Retrying PF
[  105.071153] pagefault_out_of_memory: 989 callbacks suppressed
[  105.071167] Huh VM_FAULT_OOM leaked out to the #PF handler. Retrying PF
[  105.076521] Huh VM_FAULT_OOM leaked out to the #PF handler. Retrying PF
[  105.081225] Huh VM_FAULT_OOM leaked out to the #PF handler. Retrying PF
[  105.085853] Huh VM_FAULT_OOM leaked out to the #PF handler. Retrying PF
[  105.090343] Huh VM_FAULT_OOM leaked out to the #PF handler. Retrying PF
[  105.094830] Huh VM_FAULT_OOM leaked out to the #PF handler. Retrying PF
[  105.099925] Huh VM_FAULT_OOM leaked out to the #PF handler. Retrying PF
[  105.105211] Huh VM_FAULT_OOM leaked out to the #PF handler. Retrying PF
[  105.112549] Huh VM_FAULT_OOM leaked out to the #PF handler. Retrying PF
[  105.119332] Huh VM_FAULT_OOM leaked out to the #PF handler. Retrying PF
[  110.077534] pagefault_out_of_memory: 1023 callbacks suppressed
[  110.077547] Huh VM_FAULT_OOM leaked out to the #PF handler. Retrying PF
[  110.082982] Huh VM_FAULT_OOM leaked out to the #PF handler. Retrying PF
[  110.087276] Huh VM_FAULT_OOM leaked out to the #PF handler. Retrying PF
[  110.092037] Huh VM_FAULT_OOM leaked out to the #PF handler. Retrying PF
[  110.097444] Huh VM_FAULT_OOM leaked out to the #PF handler. Retrying PF
[  110.103354] Huh VM_FAULT_OOM leaked out to the #PF handler. Retrying PF
[  110.108840] Huh VM_FAULT_OOM leaked out to the #PF handler. Retrying PF
[  110.115791] Huh VM_FAULT_OOM leaked out to the #PF handler. Retrying PF
[  110.121053] Huh VM_FAULT_OOM leaked out to the #PF handler. Retrying PF
[  110.126686] Huh VM_FAULT_OOM leaked out to the #PF handler. Retrying PF
[  115.078253] pagefault_out_of_memory: 1044 callbacks suppressed
[  115.078267] Huh VM_FAULT_OOM leaked out to the #PF handler. Retrying PF
[  115.084339] Huh VM_FAULT_OOM leaked out to the #PF handler. Retrying PF
[  115.091199] Huh VM_FAULT_OOM leaked out to the #PF handler. Retrying PF
[  115.095945] Huh VM_FAULT_OOM leaked out to the #PF handler. Retrying PF
[  115.100663] Huh VM_FAULT_OOM leaked out to the #PF handler. Retrying PF
[  115.106550] Huh VM_FAULT_OOM leaked out to the #PF handler. Retrying PF
[  115.111806] Huh VM_FAULT_OOM leaked out to the #PF handler. Retrying PF
[  115.117010] Huh VM_FAULT_OOM leaked out to the #PF handler. Retrying PF
[  115.121544] Huh VM_FAULT_OOM leaked out to the #PF handler. Retrying PF
[  115.125918] Huh VM_FAULT_OOM leaked out to the #PF handler. Retrying PF
[  120.082641] pagefault_out_of_memory: 1051 callbacks suppressed
[  120.082661] Huh VM_FAULT_OOM leaked out to the #PF handler. Retrying PF
[  120.089427] Huh VM_FAULT_OOM leaked out to the #PF handler. Retrying PF
[  120.096579] Huh VM_FAULT_OOM leaked out to the #PF handler. Retrying PF
[  120.102697] Huh VM_FAULT_OOM leaked out to the #PF handler. Retrying PF
[  120.109697] Huh VM_FAULT_OOM leaked out to the #PF handler. Retrying PF
[  120.116638] Huh VM_FAULT_OOM leaked out to the #PF handler. Retrying PF
[  120.123325] Huh VM_FAULT_OOM leaked out to the #PF handler. Retrying PF
[  120.129836] Huh VM_FAULT_OOM leaked out to the #PF handler. Retrying PF
[  120.134622] Huh VM_FAULT_OOM leaked out to the #PF handler. Retrying PF
[  120.138986] Huh VM_FAULT_OOM leaked out to the #PF handler. Retrying PF
[  125.086103] pagefault_out_of_memory: 1062 callbacks suppressed
[  125.086134] Huh VM_FAULT_OOM leaked out to the #PF handler. Retrying PF
[  125.091594] Huh VM_FAULT_OOM leaked out to the #PF handler. Retrying PF
[  125.095369] Huh VM_FAULT_OOM leaked out to the #PF handler. Retrying PF
[  125.099548] Huh VM_FAULT_OOM leaked out to the #PF handler. Retrying PF
[  125.104169] Huh VM_FAULT_OOM leaked out to the #PF handler. Retrying PF
[  125.108534] Huh VM_FAULT_OOM leaked out to the #PF handler. Retrying PF
[  125.112516] Huh VM_FAULT_OOM leaked out to the #PF handler. Retrying PF
[  125.116555] Huh VM_FAULT_OOM leaked out to the #PF handler. Retrying PF
[  125.120574] Huh VM_FAULT_OOM leaked out to the #PF handler. Retrying PF
[  125.124574] Huh VM_FAULT_OOM leaked out to the #PF handler. Retrying PF
[  130.091641] pagefault_out_of_memory: 1045 callbacks suppressed
[  130.091655] Huh VM_FAULT_OOM leaked out to the #PF handler. Retrying PF
[  130.098529] Huh VM_FAULT_OOM leaked out to the #PF handler. Retrying PF
[  130.103736] Huh VM_FAULT_OOM leaked out to the #PF handler. Retrying PF
[  130.108294] Huh VM_FAULT_OOM leaked out to the #PF handler. Retrying PF
[  130.112356] Huh VM_FAULT_OOM leaked out to the #PF handler. Retrying PF
[  130.116561] Huh VM_FAULT_OOM leaked out to the #PF handler. Retrying PF
[  130.121475] Huh VM_FAULT_OOM leaked out to the #PF handler. Retrying PF
[  130.126055] Huh VM_FAULT_OOM leaked out to the #PF handler. Retrying PF
[  130.130237] Huh VM_FAULT_OOM leaked out to the #PF handler. Retrying PF
[  130.135574] Huh VM_FAULT_OOM leaked out to the #PF handler. Retrying PF
[  135.097989] pagefault_out_of_memory: 1047 callbacks suppressed
[  135.098003] Huh VM_FAULT_OOM leaked out to the #PF handler. Retrying PF
[  135.103529] Huh VM_FAULT_OOM leaked out to the #PF handler. Retrying PF
[  135.109026] Huh VM_FAULT_OOM leaked out to the #PF handler. Retrying PF
[  135.113543] Huh VM_FAULT_OOM leaked out to the #PF handler. Retrying PF
[  135.117950] Huh VM_FAULT_OOM leaked out to the #PF handler. Retrying PF
[  135.122385] Huh VM_FAULT_OOM leaked out to the #PF handler. Retrying PF
[  135.126687] Huh VM_FAULT_OOM leaked out to the #PF handler. Retrying PF
[  135.130977] Huh VM_FAULT_OOM leaked out to the #PF handler. Retrying PF
[  135.134904] Huh VM_FAULT_OOM leaked out to the #PF handler. Retrying PF
[  135.138971] Huh VM_FAULT_OOM leaked out to the #PF handler. Retrying PF
[  140.102444] pagefault_out_of_memory: 1083 callbacks suppressed
[  140.102463] Huh VM_FAULT_OOM leaked out to the #PF handler. Retrying PF
[  140.107579] Huh VM_FAULT_OOM leaked out to the #PF handler. Retrying PF
[  140.112691] Huh VM_FAULT_OOM leaked out to the #PF handler. Retrying PF
[  140.117192] Huh VM_FAULT_OOM leaked out to the #PF handler. Retrying PF
[  140.122118] Huh VM_FAULT_OOM leaked out to the #PF handler. Retrying PF
[  140.126181] Huh VM_FAULT_OOM leaked out to the #PF handler. Retrying PF
[  140.130537] Huh VM_FAULT_OOM leaked out to the #PF handler. Retrying PF
[  140.134979] Huh VM_FAULT_OOM leaked out to the #PF handler. Retrying PF
[  140.139061] Huh VM_FAULT_OOM leaked out to the #PF handler. Retrying PF
[  140.143356] Huh VM_FAULT_OOM leaked out to the #PF handler. Retrying PF
[  145.107936] pagefault_out_of_memory: 1052 callbacks suppressed
[  145.107949] Huh VM_FAULT_OOM leaked out to the #PF handler. Retrying PF
[  145.112357] Huh VM_FAULT_OOM leaked out to the #PF handler. Retrying PF
[  145.116318] Huh VM_FAULT_OOM leaked out to the #PF handler. Retrying PF
[  145.120318] Huh VM_FAULT_OOM leaked out to the #PF handler. Retrying PF
[  145.124329] Huh VM_FAULT_OOM leaked out to the #PF handler. Retrying PF
[  145.128342] Huh VM_FAULT_OOM leaked out to the #PF handler. Retrying PF
[  145.132322] Huh VM_FAULT_OOM leaked out to the #PF handler. Retrying PF
[  145.136416] Huh VM_FAULT_OOM leaked out to the #PF handler. Retrying PF
[  145.140465] Huh VM_FAULT_OOM leaked out to the #PF handler. Retrying PF
[  145.144475] Huh VM_FAULT_OOM leaked out to the #PF handler. Retrying PF
[  150.114000] pagefault_out_of_memory: 1005 callbacks suppressed
[  150.114017] Huh VM_FAULT_OOM leaked out to the #PF handler. Retrying PF
[  150.120690] Huh VM_FAULT_OOM leaked out to the #PF handler. Retrying PF
[  150.126619] Huh VM_FAULT_OOM leaked out to the #PF handler. Retrying PF
[  150.132248] Huh VM_FAULT_OOM leaked out to the #PF handler. Retrying PF
[  150.139080] Huh VM_FAULT_OOM leaked out to the #PF handler. Retrying PF
[  150.144525] Huh VM_FAULT_OOM leaked out to the #PF handler. Retrying PF
[  150.150218] Huh VM_FAULT_OOM leaked out to the #PF handler. Retrying PF
[  150.155853] Huh VM_FAULT_OOM leaked out to the #PF handler. Retrying PF
[  150.161274] Huh VM_FAULT_OOM leaked out to the #PF handler. Retrying PF
[  150.167484] Huh VM_FAULT_OOM leaked out to the #PF handler. Retrying PF
[  155.118875] pagefault_out_of_memory: 1013 callbacks suppressed
[  155.118895] Huh VM_FAULT_OOM leaked out to the #PF handler. Retrying PF
[  155.125450] Huh VM_FAULT_OOM leaked out to the #PF handler. Retrying PF
[  155.132374] Huh VM_FAULT_OOM leaked out to the #PF handler. Retrying PF
[  155.139308] Huh VM_FAULT_OOM leaked out to the #PF handler. Retrying PF
[  155.145938] Huh VM_FAULT_OOM leaked out to the #PF handler. Retrying PF
[  155.152723] Huh VM_FAULT_OOM leaked out to the #PF handler. Retrying PF
[  155.159594] Huh VM_FAULT_OOM leaked out to the #PF handler. Retrying PF
[  155.166231] Huh VM_FAULT_OOM leaked out to the #PF handler. Retrying PF
[  155.172077] Huh VM_FAULT_OOM leaked out to the #PF handler. Retrying PF
[  155.177740] Huh VM_FAULT_OOM leaked out to the #PF handler. Retrying PF
[  160.126296] pagefault_out_of_memory: 983 callbacks suppressed
[  160.126312] Huh VM_FAULT_OOM leaked out to the #PF handler. Retrying PF
[  160.132863] Huh VM_FAULT_OOM leaked out to the #PF handler. Retrying PF
[  160.138793] Huh VM_FAULT_OOM leaked out to the #PF handler. Retrying PF
[  160.144627] Huh VM_FAULT_OOM leaked out to the #PF handler. Retrying PF
[  160.149385] Huh VM_FAULT_OOM leaked out to the #PF handler. Retrying PF
[  160.155784] Huh VM_FAULT_OOM leaked out to the #PF handler. Retrying PF
[  160.161104] Huh VM_FAULT_OOM leaked out to the #PF handler. Retrying PF
[  160.166181] Huh VM_FAULT_OOM leaked out to the #PF handler. Retrying PF
[  160.171613] Huh VM_FAULT_OOM leaked out to the #PF handler. Retrying PF
[  160.176983] Huh VM_FAULT_OOM leaked out to the #PF handler. Retrying PF
[  165.133396] pagefault_out_of_memory: 1024 callbacks suppressed
[  165.133412] Huh VM_FAULT_OOM leaked out to the #PF handler. Retrying PF
[  165.140694] Huh VM_FAULT_OOM leaked out to the #PF handler. Retrying PF
[  165.146038] Huh VM_FAULT_OOM leaked out to the #PF handler. Retrying PF
[  165.150647] Huh VM_FAULT_OOM leaked out to the #PF handler. Retrying PF
[  165.155722] Huh VM_FAULT_OOM leaked out to the #PF handler. Retrying PF
[  165.160538] Huh VM_FAULT_OOM leaked out to the #PF handler. Retrying PF
[  165.166198] Huh VM_FAULT_OOM leaked out to the #PF handler. Retrying PF
[  165.170653] Huh VM_FAULT_OOM leaked out to the #PF handler. Retrying PF
[  165.175237] Huh VM_FAULT_OOM leaked out to the #PF handler. Retrying PF
[  165.179592] Huh VM_FAULT_OOM leaked out to the #PF handler. Retrying PF
[  170.138314] pagefault_out_of_memory: 1005 callbacks suppressed
[  170.138348] Huh VM_FAULT_OOM leaked out to the #PF handler. Retrying PF
[  170.145181] Huh VM_FAULT_OOM leaked out to the #PF handler. Retrying PF
[  170.150699] Huh VM_FAULT_OOM leaked out to the #PF handler. Retrying PF
[  170.156646] Huh VM_FAULT_OOM leaked out to the #PF handler. Retrying PF
[  170.164147] Huh VM_FAULT_OOM leaked out to the #PF handler. Retrying PF
[  170.170807] Huh VM_FAULT_OOM leaked out to the #PF handler. Retrying PF
[  170.175738] Huh VM_FAULT_OOM leaked out to the #PF handler. Retrying PF
[  170.181076] Huh VM_FAULT_OOM leaked out to the #PF handler. Retrying PF
[  170.186451] Huh VM_FAULT_OOM leaked out to the #PF handler. Retrying PF
[  170.191750] Huh VM_FAULT_OOM leaked out to the #PF handler. Retrying PF
[  175.146159] pagefault_out_of_memory: 983 callbacks suppressed
[  175.146177] Huh VM_FAULT_OOM leaked out to the #PF handler. Retrying PF
[  175.152935] Huh VM_FAULT_OOM leaked out to the #PF handler. Retrying PF
[  175.159817] Huh VM_FAULT_OOM leaked out to the #PF handler. Retrying PF
[  175.166041] Huh VM_FAULT_OOM leaked out to the #PF handler. Retrying PF
[  175.171492] Huh VM_FAULT_OOM leaked out to the #PF handler. Retrying PF
[  175.177142] Huh VM_FAULT_OOM leaked out to the #PF handler. Retrying PF
[  175.182687] Huh VM_FAULT_OOM leaked out to the #PF handler. Retrying PF
[  175.188176] Huh VM_FAULT_OOM leaked out to the #PF handler. Retrying PF
[  175.194560] Huh VM_FAULT_OOM leaked out to the #PF handler. Retrying PF
[  175.200026] Huh VM_FAULT_OOM leaked out to the #PF handler. Retrying PF
