c[?7l[2J[0mSeaBIOS (version rel-1.14.0-0-g155821a1990b-prebuilt.qemu.org)


iPXE (http://ipxe.org) 00:03.0 CA00 PCI2.10 PnP PMM+7FF8F030+7FEEF030 CA00
Press Ctrl-B to configure iPXE (PCI 00:03.0)...                                                                               


Booting from ROM..c[?7l[2J[0m.[    0.000000] Linux version 5.11.0-f40ddce88593 (root@p-mtlp02) (gcc (GCC) 8.5.0 20210514 (Red Hat 8.5.0-17), GNU ld version 2.36.1-2.el8) #1 SMP Thu Nov 10 11:46:16 CST 2022
[    0.000000] Command line: console=ttyS0 root=/dev/sda earlyprintk=serial net.ifnames=0
[    0.000000] KERNEL supported cpus:
[    0.000000]   Intel GenuineIntel
[    0.000000]   AMD AuthenticAMD
[    0.000000]   Hygon HygonGenuine
[    0.000000]   Centaur CentaurHauls
[    0.000000]   zhaoxin   Shanghai  
[    0.000000] x86/fpu: Supporting XSAVE feature 0x001: 'x87 floating point registers'
[    0.000000] x86/fpu: Supporting XSAVE feature 0x002: 'SSE registers'
[    0.000000] x86/fpu: Supporting XSAVE feature 0x004: 'AVX registers'
[    0.000000] x86/fpu: Supporting XSAVE feature 0x200: 'Protection Keys User registers'
[    0.000000] x86/fpu: xstate_offset[2]:  576, xstate_sizes[2]:  256
[    0.000000] x86/fpu: xstate_offset[9]:  832, xstate_sizes[9]:    8
[    0.000000] x86/fpu: Enabled xstate features 0x207, context size is 840 bytes, using 'compacted' format.
[    0.000000] BIOS-provided physical RAM map:
[    0.000000] BIOS-e820: [mem 0x0000000000000000-0x000000000009fbff] usable
[    0.000000] BIOS-e820: [mem 0x000000000009fc00-0x000000000009ffff] reserved
[    0.000000] BIOS-e820: [mem 0x00000000000f0000-0x00000000000fffff] reserved
[    0.000000] BIOS-e820: [mem 0x0000000000100000-0x000000007ffdffff] usable
[    0.000000] BIOS-e820: [mem 0x000000007ffe0000-0x000000007fffffff] reserved
[    0.000000] BIOS-e820: [mem 0x00000000feffc000-0x00000000feffffff] reserved
[    0.000000] BIOS-e820: [mem 0x00000000fffc0000-0x00000000ffffffff] reserved
[    0.000000] printk: bootconsole [earlyser0] enabled
[    0.000000] NX (Execute Disable) protection: active
[    0.000000] SMBIOS 2.8 present.
[    0.000000] DMI: QEMU Standard PC (i440FX + PIIX, 1996), BIOS rel-1.14.0-0-g155821a1990b-prebuilt.qemu.org 04/01/2014
[    0.000000] Hypervisor detected: KVM
[    0.000000] kvm-clock: Using msrs 4b564d01 and 4b564d00
[    0.000000] kvm-clock: cpu 0, msr 4601001, primary cpu clock
[    0.000000] kvm-clock: using sched offset of 456354746 cycles
[    0.000558] clocksource: kvm-clock: mask: 0xffffffffffffffff max_cycles: 0x1cd42e4dffb, max_idle_ns: 881590591483 ns
[    0.002306] tsc: Detected 1190.400 MHz processor
[    0.009504] last_pfn = 0x7ffe0 max_arch_pfn = 0x400000000
[    0.010342] x86/PAT: Configuration [0-7]: WB  WC  UC- UC  WB  WP  UC- WT  
[    0.020574] found SMP MP-table at [mem 0x000f5a90-0x000f5a9f]
[    0.022343] check: Scanning 1 areas for low memory corruption
[    0.023069] Using GB pages for direct mapping
[    0.024579] ACPI: Early table checksum verification disabled
[    0.025283] ACPI: RSDP 0x00000000000F5870 000014 (v00 BOCHS )
[    0.025948] ACPI: RSDT 0x000000007FFE1959 000034 (v01 BOCHS  BXPC     00000001 BXPC 00000001)
[    0.026894] ACPI: FACP 0x000000007FFE1805 000074 (v01 BOCHS  BXPC     00000001 BXPC 00000001)
[    0.027854] ACPI: DSDT 0x000000007FFE0040 0017C5 (v01 BOCHS  BXPC     00000001 BXPC 00000001)
[    0.028799] ACPI: FACS 0x000000007FFE0000 000040
[    0.029316] ACPI: APIC 0x000000007FFE1879 000080 (v01 BOCHS  BXPC     00000001 BXPC 00000001)
[    0.030230] ACPI: HPET 0x000000007FFE18F9 000038 (v01 BOCHS  BXPC     00000001 BXPC 00000001)
[    0.031055] ACPI: WAET 0x000000007FFE1931 000028 (v01 BOCHS  BXPC     00000001 BXPC 00000001)
[    0.032754] No NUMA configuration found
[    0.033128] Faking a node at [mem 0x0000000000000000-0x000000007ffdffff]
[    0.033868] NODE_DATA(0) allocated [mem 0x7ffb5000-0x7ffdffff]
[    0.038133] Zone ranges:
[    0.038415]   DMA      [mem 0x0000000000001000-0x0000000000ffffff]
[    0.039086]   DMA32    [mem 0x0000000001000000-0x000000007ffdffff]
[    0.039729]   Normal   empty
[    0.040049]   Device   empty
[    0.040335] Movable zone start for each node
[    0.040786] Early memory node ranges
[    0.041174]   node   0: [mem 0x0000000000001000-0x000000000009efff]
[    0.041851]   node   0: [mem 0x0000000000100000-0x000000007ffdffff]
[    0.044470] Zeroed struct page in unavailable ranges: 130 pages
[    0.044479] Initmem setup node 0 [mem 0x0000000000001000-0x000000007ffdffff]
[    0.088532] ACPI: PM-Timer IO Port: 0x608
[    0.089007] ACPI: LAPIC_NMI (acpi_id[0xff] dfl dfl lint[0x1])
[    0.089615] IOAPIC[0]: apic_id 0, version 17, address 0xfec00000, GSI 0-23
[    0.090298] ACPI: INT_SRC_OVR (bus 0 bus_irq 0 global_irq 2 dfl dfl)
[    0.090916] ACPI: INT_SRC_OVR (bus 0 bus_irq 5 global_irq 5 high level)
[    0.091562] ACPI: INT_SRC_OVR (bus 0 bus_irq 9 global_irq 9 high level)
[    0.092208] ACPI: INT_SRC_OVR (bus 0 bus_irq 10 global_irq 10 high level)
[    0.092910] ACPI: INT_SRC_OVR (bus 0 bus_irq 11 global_irq 11 high level)
[    0.093710] Using ACPI (MADT) for SMP configuration information
[    0.094380] ACPI: HPET id: 0x8086a201 base: 0xfed00000
[    0.094989] TSC deadline timer available
[    0.095437] smpboot: Allowing 2 CPUs, 0 hotplug CPUs
[    0.096028] kvm-guest: KVM setup pv remote TLB flush
[    0.096620] kvm-guest: setup PV sched yield
[    0.097146] PM: hibernation: Registered nosave memory: [mem 0x00000000-0x00000fff]
[    0.098011] PM: hibernation: Registered nosave memory: [mem 0x0009f000-0x0009ffff]
[    0.098860] PM: hibernation: Registered nosave memory: [mem 0x000a0000-0x000effff]
[    0.099638] PM: hibernation: Registered nosave memory: [mem 0x000f0000-0x000fffff]
[    0.100374] [mem 0x80000000-0xfeffbfff] available for PCI devices
[    0.100976] Booting paravirtualized kernel on KVM
[    0.101465] clocksource: refined-jiffies: mask: 0xffffffff max_cycles: 0xffffffff, max_idle_ns: 7645519600211568 ns
[    0.102535] setup_percpu: NR_CPUS:8192 nr_cpumask_bits:2 nr_cpu_ids:2 nr_node_ids:1
[    0.106215] percpu: Embedded 56 pages/cpu s192512 r8192 d28672 u1048576
[    0.107095] kvm-guest: KVM setup async PF for cpu 0
[    0.107572] kvm-guest: stealtime: cpu 0, msr 7dc2e080
[    0.108072] kvm-guest: PV spinlocks enabled
[    0.108500] PV qspinlock hash table entries: 256 (order: 0, 4096 bytes, linear)
[    0.109249] Built 1 zonelists, mobility grouping on.  Total pages: 515945
[    0.109927] Policy zone: DMA32
[    0.110233] Kernel command line: net.ifnames=0 console=ttyS0 root=/dev/sda earlyprintk=serial net.ifnames=0
[    0.113316] Dentry cache hash table entries: 262144 (order: 9, 2097152 bytes, linear)
[    0.114220] Inode-cache hash table entries: 131072 (order: 8, 1048576 bytes, linear)
[    0.115090] mem auto-init: stack:off, heap alloc:off, heap free:off
[    0.120183] Memory: 2002388K/2096632K available (28688K kernel code, 4244K rwdata, 7188K rodata, 3048K init, 10960K bss, 93988K reserved, 0K cma-reserved)
[    0.121611] random: get_random_u64 called from __kmem_cache_create+0x33/0x440 with crng_init=0
[    0.122107] SLUB: HWalign=64, Order=0-3, MinObjects=0, CPUs=2, Nodes=1
[    0.123575] kmemleak: Kernel memory leak detector disabled
[    0.124160] ftrace: allocating 61964 entries in 243 pages
[    0.222350] ftrace: allocated 243 pages with 6 groups
[    0.223213] rcu: Hierarchical RCU implementation.
[    0.223670] rcu: 	RCU restricting CPUs from NR_CPUS=8192 to nr_cpu_ids=2.
[    0.224317] 	Trampoline variant of Tasks RCU enabled.
[    0.224800] 	Rude variant of Tasks RCU enabled.
[    0.225230] 	Tracing variant of Tasks RCU enabled.
[    0.225685] rcu: RCU calculated value of scheduler-enlistment delay is 25 jiffies.
[    0.226412] rcu: Adjusting geometry for rcu_fanout_leaf=16, nr_cpu_ids=2
[    0.244192] NR_IRQS: 524544, nr_irqs: 440, preallocated irqs: 16
[    0.254031] Console: colour VGA+ 80x25
[    0.254528] printk: console [ttyS0] enabled
[    0.254528] printk: console [ttyS0] enabled
[    0.255484] printk: bootconsole [earlyser0] disabled
[    0.255484] printk: bootconsole [earlyser0] disabled
[    0.256638] ACPI: Core revision 20201113
[    0.257301] clocksource: hpet: mask: 0xffffffff max_cycles: 0xffffffff, max_idle_ns: 19112604467 ns
[    0.258480] APIC: Switch to symmetric I/O mode setup
[    0.259290] x2apic enabled
[    0.259843] Switched APIC routing to physical x2apic.
[    0.260449] kvm-guest: setup PV IPIs
[    0.261819] ..TIMER: vector=0x30 apic1=0 pin1=2 apic2=-1 pin2=-1
[    0.262575] clocksource: tsc-early: mask: 0xffffffffffffffff max_cycles: 0x1128af0325d, max_idle_ns: 440795261011 ns
[    0.263811] Calibrating delay loop (skipped) preset value.. 2380.80 BogoMIPS (lpj=4761600)
[    0.264733] pid_max: default: 32768 minimum: 301
[    0.265325] LSM: Security Framework initializing
[    0.265851] Yama: becoming mindful.
[    0.267826] Mount-cache hash table entries: 4096 (order: 3, 32768 bytes, linear)
[    0.268619] Mountpoint-cache hash table entries: 4096 (order: 3, 32768 bytes, linear)
[    0.271739] x86/cpu: User Mode Instruction Prevention (UMIP) activated
[    0.272031] mce: CPU0: Thermal monitoring enabled (TM1)
[    0.272671] Last level iTLB entries: 4KB 0, 2MB 0, 4MB 0
[    0.273224] Last level dTLB entries: 4KB 0, 2MB 0, 4MB 0, 1GB 0
[    0.273960] Spectre V1 : Mitigation: usercopy/swapgs barriers and __user pointer sanitization
[    0.274959] Spectre V2 : Mitigation: Enhanced IBRS
[    0.275813] Spectre V2 : Spectre v2 / SpectreRSB mitigation: Filling RSB on context switch
[    0.276738] Spectre V2 : mitigation: Enabling conditional Indirect Branch Prediction Barrier
[    0.277598] Speculative Store Bypass: Mitigation: Speculative Store Bypass disabled via prctl and seccomp
[    0.279287] Freeing SMP alternatives memory: 52K
[    0.283347] smpboot: CPU0: Genuine Intel(R) 0000 (family: 0x6, model: 0xaa, stepping: 0x1)
[    0.283805] Performance Events: generic architected perfmon, full-width counters, Intel PMU driver.
[    0.283805] ... version:                2
[    0.283805] ... bit width:              48
[    0.283805] ... generic registers:      8
[    0.283805] ... value mask:             0000ffffffffffff
[    0.283811] ... max period:             00007fffffffffff
[    0.284366] ... fixed-purpose events:   3
[    0.284760] ... event mask:             00000007000000ff
[    0.285571] rcu: Hierarchical SRCU implementation.
[    0.288681] smp: Bringing up secondary CPUs ...
[    0.289417] x86: Booting SMP configuration:
[    0.289892] .... node  #0, CPUs:      #1
[    0.018684] kvm-clock: cpu 1, msr 4601041, secondary cpu clock
[    0.018684] smpboot: CPU 1 Converting physical 0 to logical die 1
[    0.295912] kvm-guest: KVM setup async PF for cpu 1
[    0.297403] kvm-guest: stealtime: cpu 1, msr 7dd2e080
[    0.298549] smp: Brought up 1 node, 2 CPUs
[    0.298549] smpboot: Max logical packages: 2
[    0.298549] smpboot: Total of 2 processors activated (4761.60 BogoMIPS)
[    0.304204] devtmpfs: initialized
[    0.304417] x86/mm: Memory block size: 128MB
[    0.306091] clocksource: jiffies: mask: 0xffffffff max_cycles: 0xffffffff, max_idle_ns: 7645041785100000 ns
[    0.307825] futex hash table entries: 512 (order: 3, 32768 bytes, linear)
[    0.308805] pinctrl core: initialized pinctrl subsystem
[    0.309721] 
[    0.309912] *************************************************************
[    0.310794] **     NOTICE NOTICE NOTICE NOTICE NOTICE NOTICE NOTICE    **
[    0.311610] **                                                         **
[    0.311811] **  IOMMU DebugFS SUPPORT HAS BEEN ENABLED IN THIS KERNEL  **
[    0.312613] **                                                         **
[    0.313403] ** This means that this kernel is built to expose internal **
[    0.314210] ** IOMMU data structures, which may compromise security on **
[    0.314995] ** your system.                                            **
[    0.315779] **                                                         **
[    0.315810] ** If you see this message and you are not debugging the   **
[    0.316580] ** kernel, report this immediately to your vendor!         **
[    0.317363] **                                                         **
[    0.318126] **     NOTICE NOTICE NOTICE NOTICE NOTICE NOTICE NOTICE    **
[    0.318894] *************************************************************
[    0.319754] PM: RTC time: 14:16:04, date: 2023-02-07
[    0.321333] NET: Registered protocol family 16
[    0.322318] DMA: preallocated 256 KiB GFP_KERNEL pool for atomic allocations
[    0.323140] DMA: preallocated 256 KiB GFP_KERNEL|GFP_DMA pool for atomic allocations
[    0.323819] DMA: preallocated 256 KiB GFP_KERNEL|GFP_DMA32 pool for atomic allocations
[    0.324740] audit: initializing netlink subsys (disabled)
[    0.325408] audit: type=2000 audit(1675779364.912:1): state=initialized audit_enabled=0 res=1
[    0.325408] thermal_sys: Registered thermal governor 'fair_share'
[    0.325408] thermal_sys: Registered thermal governor 'bang_bang'
[    0.325859] thermal_sys: Registered thermal governor 'step_wise'
[    0.327815] thermal_sys: Registered thermal governor 'user_space'
[    0.328575] cpuidle: using governor ladder
[    0.329824] cpuidle: using governor menu
[    0.330643] ACPI: bus type PCI registered
[    0.331133] acpiphp: ACPI Hot Plug PCI Controller Driver version: 0.5
[    0.332153] PCI: Using configuration type 1 for base access
[    0.342841] HugeTLB registered 1.00 GiB page size, pre-allocated 0 pages
[    0.343825] HugeTLB registered 2.00 MiB page size, pre-allocated 0 pages
[    0.348088] ACPI: Added _OSI(Module Device)
[    0.348615] ACPI: Added _OSI(Processor Device)
[    0.349136] ACPI: Added _OSI(3.0 _SCP Extensions)
[    0.349697] ACPI: Added _OSI(Processor Aggregator Device)
[    0.350326] ACPI: Added _OSI(Linux-Dell-Video)
[    0.350850] ACPI: Added _OSI(Linux-Lenovo-NV-HDMI-Audio)
[    0.351492] ACPI: Added _OSI(Linux-HPI-Hybrid-Graphics)
[    0.357965] ACPI: 1 ACPI AML tables successfully acquired and loaded
[    0.362270] ACPI: Interpreter enabled
[    0.362796] ACPI: (supports S0 S3 S4 S5)
[    0.363240] ACPI: Using IOAPIC for interrupt routing
[    0.363848] PCI: Using host bridge windows from ACPI; if necessary, use "pci=nocrs" and report a bug
[    0.365635] ACPI: Enabled 2 GPEs in block 00 to 0F
[    0.382015] ACPI: PCI Root Bridge [PCI0] (domain 0000 [bus 00-ff])
[    0.382776] acpi PNP0A03:00: _OSC: OS supports [ASPM ClockPM Segments MSI EDR HPX-Type3]
[    0.383748] acpi PNP0A03:00: fail to add MMCONFIG information, can't access extended PCI configuration space under this bridge.
[    0.385683] acpiphp: Slot [3] registered
[    0.386208] acpiphp: Slot [4] registered
[    0.386739] acpiphp: Slot [5] registered
[    0.387273] acpiphp: Slot [6] registered
[    0.387819] acpiphp: Slot [7] registered
[    0.388350] acpiphp: Slot [8] registered
[    0.388885] acpiphp: Slot [9] registered
[    0.389416] acpiphp: Slot [10] registered
[    0.389957] acpiphp: Slot [11] registered
[    0.390509] acpiphp: Slot [12] registered
[    0.391047] acpiphp: Slot [13] registered
[    0.391589] acpiphp: Slot [14] registered
[    0.391878] acpiphp: Slot [15] registered
[    0.392417] acpiphp: Slot [16] registered
[    0.392957] acpiphp: Slot [17] registered
[    0.393509] acpiphp: Slot [18] registered
[    0.394050] acpiphp: Slot [19] registered
[    0.394589] acpiphp: Slot [20] registered
[    0.395128] acpiphp: Slot [21] registered
[    0.395677] acpiphp: Slot [22] registered
[    0.395878] acpiphp: Slot [23] registered
[    0.396425] acpiphp: Slot [24] registered
[    0.396966] acpiphp: Slot [25] registered
[    0.397506] acpiphp: Slot [26] registered
[    0.398046] acpiphp: Slot [27] registered
[    0.398585] acpiphp: Slot [28] registered
[    0.399137] acpiphp: Slot [29] registered
[    0.399675] acpiphp: Slot [30] registered
[    0.399894] acpiphp: Slot [31] registered
[    0.400392] PCI host bridge to bus 0000:00
[    0.400874] pci_bus 0000:00: root bus resource [io  0x0000-0x0cf7 window]
[    0.401671] pci_bus 0000:00: root bus resource [io  0x0d00-0xffff window]
[    0.402430] pci_bus 0000:00: root bus resource [mem 0x000a0000-0x000bffff window]
[    0.403260] pci_bus 0000:00: root bus resource [mem 0x80000000-0xfebfffff window]
[    0.403813] pci_bus 0000:00: root bus resource [mem 0x100000000-0x17fffffff window]
[    0.404633] pci_bus 0000:00: root bus resource [bus 00-ff]
[    0.405359] pci 0000:00:00.0: [8086:1237] type 00 class 0x060000
[    0.408209] pci 0000:00:01.0: [8086:7000] type 00 class 0x060100
[    0.410062] pci 0000:00:01.1: [8086:7010] type 00 class 0x010180
[    0.412490] pci 0000:00:01.1: reg 0x20: [io  0xc040-0xc04f]
[    0.414027] pci 0000:00:01.1: legacy IDE quirk: reg 0x10: [io  0x01f0-0x01f7]
[    0.414859] pci 0000:00:01.1: legacy IDE quirk: reg 0x14: [io  0x03f6]
[    0.415605] pci 0000:00:01.1: legacy IDE quirk: reg 0x18: [io  0x0170-0x0177]
[    0.415813] pci 0000:00:01.1: legacy IDE quirk: reg 0x1c: [io  0x0376]
[    0.417287] pci 0000:00:01.3: [8086:7113] type 00 class 0x068000
[    0.418667] pci 0000:00:01.3: quirk: [io  0x0600-0x063f] claimed by PIIX4 ACPI
[    0.419507] pci 0000:00:01.3: quirk: [io  0x0700-0x070f] claimed by PIIX4 SMB
[    0.420827] pci 0000:00:02.0: [1234:1111] type 00 class 0x030000
[    0.423408] pci 0000:00:02.0: reg 0x10: [mem 0xfd000000-0xfdffffff pref]
[    0.425460] pci 0000:00:02.0: reg 0x18: [mem 0xfebf0000-0xfebf0fff]
[    0.429566] pci 0000:00:02.0: reg 0x30: [mem 0xfebe0000-0xfebeffff pref]
[    0.433068] pci 0000:00:03.0: [8086:100e] type 00 class 0x020000
[    0.434454] pci 0000:00:03.0: reg 0x10: [mem 0xfebc0000-0xfebdffff]
[    0.435813] pci 0000:00:03.0: reg 0x14: [io  0xc000-0xc03f]
[    0.440170] pci 0000:00:03.0: reg 0x30: [mem 0xfeb80000-0xfebbffff pref]
[    0.455889] ACPI: PCI Interrupt Link [LNKA] (IRQs 5 *10 11)
[    0.457082] ACPI: PCI Interrupt Link [LNKB] (IRQs 5 *10 11)
[    0.458258] ACPI: PCI Interrupt Link [LNKC] (IRQs 5 10 *11)
[    0.459481] ACPI: PCI Interrupt Link [LNKD] (IRQs 5 10 *11)
[    0.460073] ACPI: PCI Interrupt Link [LNKS] (IRQs *9)
[    0.462218] iommu: Default domain type: Translated 
[    0.462218] pci 0000:00:02.0: vgaarb: setting as boot VGA device
[    0.462218] pci 0000:00:02.0: vgaarb: VGA device added: decodes=io+mem,owns=io+mem,locks=none
[    0.463832] pci 0000:00:02.0: vgaarb: bridge control possible
[    0.464540] vgaarb: loaded
[    0.465838] SCSI subsystem initialized
[    0.466433] ACPI: bus type USB registered
[    0.466433] usbcore: registered new interface driver usbfs
[    0.467865] usbcore: registered new interface driver hub
[    0.468556] usbcore: registered new device driver usb
[    0.469284] pps_core: LinuxPPS API ver. 1 registered
[    0.469944] pps_core: Software ver. 5.3.6 - Copyright 2005-2007 Rodolfo Giometti <giometti@linux.it>
[    0.471096] PTP clock support registered
[    0.471719] EDAC MC: Ver: 3.0.0
[    0.472577] NetLabel: Initializing
[    0.473034] NetLabel:  domain hash size = 128
[    0.473569] NetLabel:  protocols = UNLABELED CIPSOv4 CALIPSO
[    0.474314] NetLabel:  unlabeled traffic allowed by default
[    0.475070] PCI: Using ACPI for IRQ routing
[    0.476149] hpet0: at MMIO 0xfed00000, IRQs 2, 8, 0
[    0.476808] hpet0: 3 comparators, 64-bit 100.000000 MHz counter
[    0.480908] clocksource: Switched to clocksource kvm-clock
[    0.740584] VFS: Disk quotas dquot_6.6.0
[    0.741391] VFS: Dquot-cache hash table entries: 512 (order 0, 4096 bytes)
[    0.742546] pnp: PnP ACPI init
[    0.746019] pnp: PnP ACPI: found 6 devices
[    0.757059] clocksource: acpi_pm: mask: 0xffffff max_cycles: 0xffffff, max_idle_ns: 2085701024 ns
[    0.759452] NET: Registered protocol family 2
[    3.892298] tcp_listen_portaddr_hash hash table entries: 1024 (order: 2, 16384 bytes, linear)
[    3.894172] TCP established hash table entries: 16384 (order: 5, 131072 bytes, linear)
[    3.896185] TCP bind hash table entries: 16384 (order: 6, 262144 bytes, linear)
[    3.898228] TCP: Hash tables configured (established 16384 bind 16384)
[    3.899914] UDP hash table entries: 1024 (order: 3, 32768 bytes, linear)
[    3.901378] UDP-Lite hash table entries: 1024 (order: 3, 32768 bytes, linear)
[    3.903122] NET: Registered protocol family 1
[    3.904967] RPC: Registered named UNIX socket transport module.
[    3.906209] RPC: Registered udp transport module.
[    3.907178] RPC: Registered tcp transport module.
[    3.908183] RPC: Registered tcp NFSv4.1 backchannel transport module.
[    3.909555] pci_bus 0000:00: resource 4 [io  0x0000-0x0cf7 window]
[    3.910848] pci_bus 0000:00: resource 5 [io  0x0d00-0xffff window]
[    3.912157] pci_bus 0000:00: resource 6 [mem 0x000a0000-0x000bffff window]
[    3.913574] pci_bus 0000:00: resource 7 [mem 0x80000000-0xfebfffff window]
[    3.914984] pci_bus 0000:00: resource 8 [mem 0x100000000-0x17fffffff window]
[    3.916728] pci 0000:00:01.0: PIIX3: Enabling Passive Release
[    3.917900] pci 0000:00:00.0: Limiting direct PCI/PCI transfers
[    3.919159] pci 0000:00:01.0: Activating ISA DMA hang workarounds
[    3.920740] pci 0000:00:02.0: Video device with shadowed ROM at [mem 0x000c0000-0x000dffff]
[    3.922690] PCI: CLS 0 bytes, default 64
[    3.924146] clocksource: tsc: mask: 0xffffffffffffffff max_cycles: 0x1128af0325d, max_idle_ns: 440795261011 ns
[    3.927438] check: Scanning for low memory corruption every 60 seconds
[    3.932663] Initialise system trusted keyrings
[    3.933647] Key type blacklist registered
[    3.934760] workingset: timestamp_bits=36 max_order=19 bucket_order=0
[    3.943981] zbud: loaded
[    3.946466] squashfs: version 4.0 (2009/01/31) Phillip Lougher
[    3.949038] NFS: Registering the id_resolver key type
[    3.950255] Key type id_resolver registered
[    3.951266] Key type id_legacy registered
[    3.952388] nfs4filelayout_init: NFSv4 File Layout Driver Registering...
[    3.954136] fuse: init (API version 7.33)
[    3.955392] SGI XFS with ACLs, security attributes, realtime, quota, no debug enabled
[    3.958572] 9p: Installing v9fs 9p2000 file system support
[    3.971266] Key type asymmetric registered
[    3.972186] Asymmetric key parser 'x509' registered
[    3.973277] Block layer SCSI generic (bsg) driver version 0.4 loaded (major 244)
[    3.975035] io scheduler mq-deadline registered
[    3.976154] io scheduler bfq registered
[    3.977585] shpchp: Standard Hot Plug PCI Controller Driver version: 0.4
[    3.979298] IPMI message handler: version 39.2
[    3.980310] ipmi device interface
[    3.982550] input: Power Button as /devices/LNXSYSTM:00/LNXPWRBN:00/input/input0
[    3.984230] ACPI: Power Button [PWRF]
[    3.986206] ERST DBG: ERST support is disabled.
[    3.987664] Serial: 8250/16550 driver, 32 ports, IRQ sharing enabled
[    3.989737] 00:04: ttyS0 at I/O 0x3f8 (irq = 4, base_baud = 115200) is a 16550A
[    3.998839] Linux agpgart interface v0.103
[    4.011966] brd: module loaded
[    4.028493] loop: module loaded
[    4.033522] scsi host0: ata_piix
[    4.034786] scsi host1: ata_piix
[    4.035657] ata1: PATA max MWDMA2 cmd 0x1f0 ctl 0x3f6 bmdma 0xc040 irq 14
[    4.037118] ata2: PATA max MWDMA2 cmd 0x170 ctl 0x376 bmdma 0xc048 irq 15
[    4.039242] libphy: Fixed MDIO Bus: probed
[    4.040437] tun: Universal TUN/TAP device driver, 1.6
[    4.041685] e100: Intel(R) PRO/100 Network Driver
[    4.042683] e100: Copyright(c) 1999-2006 Intel Corporation
[    4.043915] e1000: Intel(R) PRO/1000 Network Driver
[    4.044928] e1000: Copyright (c) 1999-2006 Intel Corporation.
[    4.184513] PCI Interrupt Link [LNKC] enabled at IRQ 11
[    4.197060] ata1.00: ATA-7: QEMU HARDDISK, 2.5+, max UDMA/100
[    4.198280] ata1.00: 16777216 sectors, multi 16: LBA48 
[    4.200757] ata2.00: ATAPI: QEMU DVD-ROM, 2.5+, max UDMA/100
[    4.203213] scsi 0:0:0:0: Direct-Access     ATA      QEMU HARDDISK    2.5+ PQ: 0 ANSI: 5
[    4.205662] sd 0:0:0:0: Attached scsi generic sg0 type 0
[    4.205837] sd 0:0:0:0: [sda] 16777216 512-byte logical blocks: (8.59 GB/8.00 GiB)
[    4.208405] scsi 1:0:0:0: CD-ROM            QEMU     QEMU DVD-ROM     2.5+ PQ: 0 ANSI: 5
[    4.210328] sd 0:0:0:0: [sda] Write Protect is off
[    4.211095] scsi 1:0:0:0: Attached scsi generic sg1 type 5
[    4.211106] sd 0:0:0:0: [sda] Write cache: enabled, read cache: enabled, doesn't support DPO or FUA
[    4.215088] sd 0:0:0:0: [sda] Attached SCSI disk
[    4.519298] e1000 0000:00:03.0 eth0: (PCI:33MHz:32-bit) 52:54:00:12:34:56
[    4.520105] e1000 0000:00:03.0 eth0: Intel(R) PRO/1000 Network Connection
[    4.520963] e1000e: Intel(R) PRO/1000 Network Driver
[    4.521504] e1000e: Copyright(c) 1999 - 2015 Intel Corporation.
[    4.522265] igb: Intel(R) Gigabit Ethernet Network Driver
[    4.522915] igb: Copyright (c) 2007-2014 Intel Corporation.
[    4.523672] PPP generic driver version 2.4.2
[    4.524807] VFIO - User Level meta-driver version: 0.3
[    4.525910] ehci_hcd: USB 2.0 'Enhanced' Host Controller (EHCI) Driver
[    4.527237] ehci-pci: EHCI PCI platform driver
[    4.528266] ehci-platform: EHCI generic platform driver
[    4.529385] ohci_hcd: USB 1.1 'Open' Host Controller (OHCI) Driver
[    4.530649] ohci-pci: OHCI PCI platform driver
[    4.531623] ohci-platform: OHCI generic platform driver
[    4.532746] uhci_hcd: USB Universal Host Controller Interface driver
[    4.534408] usbcore: registered new interface driver uas
[    4.535561] usbcore: registered new interface driver usb-storage
[    4.537024] i8042: PNP: PS/2 Controller [PNP0303:KBD,PNP0f13:MOU] at 0x60,0x64 irq 1,12
[    4.539962] serio: i8042 KBD port at 0x60,0x64 irq 1
[    4.541038] serio: i8042 AUX port at 0x60,0x64 irq 12
[    4.542597] mousedev: PS/2 mouse device common for all mice
[    4.544606] input: AT Translated Set 2 keyboard as /devices/platform/i8042/serio0/input/input1
[    4.547676] input: VirtualPS/2 VMware VMMouse as /devices/platform/i8042/serio1/input/input4
[    4.549902] rtc_cmos 00:05: RTC can wake from S4
[    4.552175] input: VirtualPS/2 VMware VMMouse as /devices/platform/i8042/serio1/input/input3
[    4.554383] rtc_cmos 00:05: registered as rtc0
[    4.555494] rtc_cmos 00:05: setting system clock to 2023-02-07T14:16:09 UTC (1675779369)
[    4.557412] rtc_cmos 00:05: alarms up to one day, y3k, 242 bytes nvram, hpet irqs
[    4.559017] i2c /dev entries driver
[    4.560064] device-mapper: uevent: version 1.0.3
[    4.561326] device-mapper: ioctl: 4.43.0-ioctl (2020-10-01) initialised: dm-devel@redhat.com
[    4.563093] intel_pstate: CPU model not supported
[    4.564303] sdhci: Secure Digital Host Controller Interface driver
[    4.565591] sdhci: Copyright(c) Pierre Ossman
[    4.566633] sdhci-pltfm: SDHCI platform and OF driver helper
[    4.568093] ledtrig-cpu: registered to indicate activity on CPUs
[    4.569546] drop_monitor: Initializing network drop monitor service
[    4.571589] NET: Registered protocol family 10
[    4.575034] Segment Routing with IPv6
[    4.575946] NET: Registered protocol family 17
[    4.577175] 9pnet: Installing 9P2000 support
[    4.578146] Key type dns_resolver registered
[    4.579956] IPI shorthand broadcast: enabled
[    4.580937] sched_clock: Marking stable (4565130073, 14684646)->(4613726421, -33911702)
[    4.583072] registered taskstats version 1
[    4.584057] Loading compiled-in X.509 certificates
[    4.585216] zswap: loaded using pool lzo/zbud
[    4.586693] Key type ._fscrypt registered
[    4.587552] Key type .fscrypt registered
[    4.588418] Key type fscrypt-provisioning registered
[    4.590220] Key type encrypted registered
[    4.591104] ima: No TPM chip found, activating TPM-bypass!
[    4.592295] ima: Allocated hash algorithm: sha1
[    4.593282] ima: No architecture policies found
[    4.594305] evm: Initialising EVM extended attributes:
[    4.595378] evm: security.selinux
[    4.596127] evm: security.SMACK64
[    4.596841] evm: security.SMACK64EXEC
[    4.597582] evm: security.SMACK64TRANSMUTE
[    4.598410] evm: security.SMACK64MMAP
[    4.599151] evm: security.apparmor
[    4.599873] evm: security.ima
[    4.600484] evm: security.capability
[    4.601216] evm: HMAC attrs: 0x1
[    4.604773] PM:   Magic number: 11:703:282
[    4.605720] tty tty19: hash matches
[    4.606902] RAS: Correctable Errors collector initialized.
[    4.608712] md: Waiting for all devices to be available before autodetect
[    4.610094] md: If you don't use raid, use raid=noautodetect
[    4.611282] md: Autodetecting RAID arrays.
[    4.612187] md: autorun ...
[    4.612791] md: ... autorun DONE.
[    4.618657] EXT4-fs (sda): mounted filesystem with ordered data mode. Opts: (null). Quota mode: none.
[    4.620660] VFS: Mounted root (ext4 filesystem) readonly on device 8:0.
[    4.623552] devtmpfs: mounted
[    4.629301] Freeing unused decrypted memory: 2036K
[    4.634370] Freeing unused kernel image (initmem) memory: 3048K
[    4.643926] Write protecting the kernel read-only data: 38912k
[    4.648074] Freeing unused kernel image (text/rodata gap) memory: 2028K
[    4.649677] Freeing unused kernel image (rodata/data gap) memory: 1004K
[    4.760848] x86/mm: Checked W+X mappings: passed, no W+X pages found.
[    4.761489] Run /sbin/init as init process
[    4.858275] random: fast init done
[    4.875157] systemd[1]: RTC configured in localtime, applying delta of 0 minutes to system time.
[    4.907130] systemd[1]: systemd 239 (239-49.el8) running in system mode. (+PAM +AUDIT +SELINUX +IMA -APPARMOR +SMACK +SYSVINIT +UTMP +LIBCRYPTSETUP +GCRYPT +GNUTLS +ACL +XZ +LZ4 +SECCOMP +BLKID +ELFUTILS +KMOD +IDN2 -IDN +PCRE2 default-hierarchy=legacy)
[    4.911548] systemd[1]: Detected virtualization kvm.
[    4.912601] systemd[1]: Detected architecture x86-64.

Welcome to [0;31mCentOS Stream 8[0m!

[    4.930900] systemd[1]: Set hostname to <test>.
[    5.090884] random: lvmconfig: uninitialized urandom read (4 bytes read)
[    5.240890] random: systemd: uninitialized urandom read (16 bytes read)
[    5.244324] systemd[1]: Created slice system-getty.slice.
[[0;32m  OK  [0m] Created slice system-getty.slice.
[    5.245445] random: systemd: uninitialized urandom read (16 bytes read)
[    5.246593] systemd[1]: Created slice system-sshd\x2dkeygen.slice.
[[0;32m  OK  [0m] Created slice system-sshd\x2dkeygen.slice.
[    5.248004] systemd[1]: Set up automount Arbitrary Executable File Formats File System Automount Point.
[[0;32m  OK  [0m] Set up automount Arbitrary Executabâ€¦rmats File System Automount Point.
[    5.249759] systemd[1]: Listening on Journal Socket (/dev/log).
[[0;32m  OK  [0m] Listening on Journal Socket (/dev/log).
[    5.250869] systemd[1]: Listening on multipathd control socket.
[[0;32m  OK  [0m] Listening on multipathd control socket.
[    5.252381] systemd[1]: Created slice system-serial\x2dgetty.slice.
[[0;32m  OK  [0m] Created slice system-serial\x2dgetty.slice.
[[0;32m  OK  [0m] Listening on Device-mapper event daemon FIFOs.
[[0;32m  OK  [0m] Listening on Journal Socket.
         Mounting Huge Pages File System...
         Mounting Kernel Debug File System...
         Starting Load Kernel Modules...
         Starting Setup Virtual Console...
         Starting Journal Service...
         Starting Monitoring of LVM2 mirrorsâ€¦ng dmeventd or progress polling...
[[0;32m  OK  [0m] Created slice User and Session Slice.
[[0;32m  OK  [0m] Reached target Slices.
[[0;32m  OK  [0m] Listening on RPCbind Server Activation Socket.
[[0;32m  OK  [0m] Reached target RPC Port Mapper.
[[0;32m  OK  [0m] Listening on Process Core Dump Socket.
[[0;32m  OK  [0m] Listening on initctl Compatibility Named Pipe.
[[0;32m  OK  [0m] Started Forward Password Requests to Wall Directory Watch.
[[0;32m  OK  [0m] Listening on LVM2 poll daemon socket.
         Starting Remount Root and Kernel File Systems...
[[0;32m  OK  [0m] Reached target Swap.
         Mounting POSIX Message Queue File System...
[[0;32m  OK  [0m] Listening on udev Control Socket.
[[0;32m  OK  [0m] Listening on udev Kernel Socket.
         Starting udev Coldplug all Devices...
[[0;32m  OK  [0m] Mounted Huge Pages File System.
[[0;32m  OK  [0m] Mounted Kernel Debug File System.
[[0;1;31mFAILED[0m] Failed to start Load Kernel Modules.
See 'systemctl status systemd-modules-load.service' for details.
[[0;32m  OK  [0m] Started Monitoring of LVM2 mirrors,â€¦sing dmeventd or progress polling.
[[0;32m  OK  [0m] Started Journal Service.
[[0;32m  OK  [0m] Mounted POSIX Message Queue File System.
         Mounting Kernel Configuration File System...
         Starting Apply Kernel Variables...
         Mounting FUSE Control File System...
[[0;32m  OK  [0m] Mounted Kernel Configuration File System.
[[0;32m  OK  [0m] Mounted FUSE Control File System.
[[0;32m  OK  [0m] Started Apply Kernel Variables.
[    5.607499] EXT4-fs (sda): re-mounted. Opts: (null). Quota mode: none.
[[0;32m  OK  [0m] Started Remount Root and Kernel File Systems.
         Starting Flush Journal to Persistent Storage...
         Starting Create Static Device Nodes in /dev...
         Starting Load/Save Random Seed...
[[0;32m  OK  [0m] Started Load/Save Random Seed.
[[0;32m  OK  [0m] Started Create Static Device Nodes in /dev.
         Starting udev Kernel Device Manager...
[[0;32m  OK  [0m] Started Flush Journal to Persistent Storage.
[[0;32m  OK  [0m] Started udev Coldplug all Devices.
[[0;32m  OK  [0m] Started udev Kernel Device Manager.
         Starting udev Wait for Complete Device Initialization...
[[0;32m  OK  [0m] Started Setup Virtual Console.
         Starting Show Plymouth Boot Screen...
[[0;32m  OK  [0m] Started Show Plymouth Boot Screen.
[[0;32m  OK  [0m] Started Forward Password Requests to Plymouth Directory Watch.
[[0;32m  OK  [0m] Reached target Local Encrypted Volumes.
[[0;32m  OK  [0m] Reached target Paths.
[[0;32m  OK  [0m] Found device /dev/ttyS0.
[[0;32m  OK  [0m] Started udev Wait for Complete Device Initialization.
[[0;32m  OK  [0m] Listening on Load/Save RF Kill Switch Status /dev/rfkill Watch.
[[0;32m  OK  [0m] Reached target Local File Systems (Pre).
[[0;32m  OK  [0m] Reached target Local File Systems.
         Starting Restore /run/initramfs on shutdown...
         Starting Create Volatile Files and Directories...
         Starting Tell Plymouth To Write Out Runtime Data...
[[0;32m  OK  [0m] Started Restore /run/initramfs on shutdown.
[[0;32m  OK  [0m] Started Tell Plymouth To Write Out Runtime Data.
[[0;32m  OK  [0m] Started Create Volatile Files and Directories.
         Mounting RPC Pipe File System...
         Starting Security Auditing Service...
         Starting RPC Bind...
[[0;32m  OK  [0m] Mounted RPC Pipe File System.
[[0;32m  OK  [0m] Reached target rpc_pipefs.target.
[[0;32m  OK  [0m] Started RPC Bind.
[[0;32m  OK  [0m] Started Security Auditing Service.
         Starting Update UTMP about System Boot/Shutdown...
[[0;32m  OK  [0m] Started Update UTMP about System Boot/Shutdown.
[[0;32m  OK  [0m] Reached target System Initialization.
[[0;32m  OK  [0m] Listening on D-Bus System Message Bus Socket.
[[0;32m  OK  [0m] Started dnf makecache --timer.
[[0;32m  OK  [0m] Started Daily Cleanup of Temporary Directories.
[[0;32m  OK  [0m] Listening on SSSD Kerberos Cache Manager responder socket.
[[0;32m  OK  [0m] Reached target Sockets.
[[0;32m  OK  [0m] Reached target Basic System.
         Starting Self Monitoring and Reporting Technology (SMART) Daemon...
         Starting Authorization Manager...
         Starting Login Service...
[[0;32m  OK  [0m] Started Machine Check Exception Logging Daemon.
[[0;32m  OK  [0m] Started irqbalance daemon.
         Starting NTP client/server...
[[0;32m  OK  [0m] Started D-Bus System Message Bus.
         Starting Network Manager...
         Starting Auto-connect to subsystemsâ€¦-NVME devices found during boot...
[[0;32m  OK  [0m] Reached target sshd-keygen.target.
[[0;32m  OK  [0m] Started daily update of the root trust anchor for DNSSEC.
[[0;32m  OK  [0m] Reached target Timers.
[[0;32m  OK  [0m] Started Auto-connect to subsystems â€¦FC-NVME devices found during boot.
         Starting update of the root trust aâ€¦or DNSSEC validation in unbound...
[[0;32m  OK  [0m] Started Login Service.
[[0;32m  OK  [0m] Started Self Monitoring and Reporting Technology (SMART) Daemon.
[[0;32m  OK  [0m] Started Network Manager.
[[0;32m  OK  [0m] Reached target Network.
         Starting OpenSSH server daemon...
         Starting Dynamic System Tuning Daemon...
         Starting GSSAPI Proxy Daemon...
         Starting Network Manager Wait Online...
         Starting Hostname Service...
[[0;32m  OK  [0m] Started NTP client/server.
[[0;32m  OK  [0m] Started Authorization Manager.
[[0;32m  OK  [0m] Started Hostname Service.
         Starting Network Manager Script Dispatcher Service...
[    7.432422] e1000: eth0 NIC Link is Up 1000 Mbps Full Duplex, Flow Control: RX
[    7.436162] IPv6: ADDRCONF(NETDEV_CHANGE): eth0: link becomes ready
[[0;32m  OK  [0m] Started Network Manager Script Dispatcher Service.
[    7.602545] random: crng init done
[    7.602953] random: 7 urandom warning(s) missed due to ratelimiting
[[0;32m  OK  [0m] Started update of the root trust anâ€¦ for DNSSEC validation in unbound.
[[0;32m  OK  [0m] Started GSSAPI Proxy Daemon.
[[0;32m  OK  [0m] Reached target NFS client services.
[[0;32m  OK  [0m] Reached target Remote File Systems (Pre).
[[0;32m  OK  [0m] Reached target Remote File Systems.
         Starting Permit User Sessions...
[[0;32m  OK  [0m] Started OpenSSH server daemon.
[[0;32m  OK  [0m] Started Permit User Sessions.
[[0;32m  OK  [0m] Started Command Scheduler.
         Starting Terminate Plymouth Boot Screen...
         Starting Hold until boot process finishes up...

CentOS Stream 8
Kernel 5.11.0-f40ddce88593 on an x86_64

test login: 