c[?7l[2J[0mSeaBIOS (version rel-1.16.0-0-gd239552ce722-prebuilt.qemu.org)


iPXE (http://ipxe.org) 00:03.0 CA00 PCI2.10 PnP PMM+7FF91000+7FEF1000 CA00
Press Ctrl-B to configure iPXE (PCI 00:03.0)...                                                                               


Booting from ROM..c[?7l[2J[0m.[    0.000000] Linux version 5.14.0-rc3-04d505de7f82+ (root@p-rpls01) (gcc (GCC) 8.5.0 20210514 (Red Hat 8.5.0-18), GNU ld version 2.36.1-2.el8) #1 SMP Wed Apr 5 11:06:04 CST 2023
[    0.000000] Command line: console=ttyS0 root=/dev/sda earlyprintk=serial net.ifnames=0
[    0.000000] KERNEL supported cpus:
[    0.000000]   Intel GenuineIntel
[    0.000000]   AMD AuthenticAMD
[    0.000000]   Hygon HygonGenuine
[    0.000000]   Centaur CentaurHauls
[    0.000000]   zhaoxin   Shanghai  
[    0.000000] x86/fpu: Supporting XSAVE feature 0x001: 'x87 floating point registers'
[    0.000000] x86/fpu: Supporting XSAVE feature 0x002: 'SSE registers'
[    0.000000] x86/fpu: Supporting XSAVE feature 0x004: 'AVX registers'
[    0.000000] x86/fpu: Supporting XSAVE feature 0x200: 'Protection Keys User registers'
[    0.000000] x86/fpu: xstate_offset[2]:  576, xstate_sizes[2]:  256
[    0.000000] x86/fpu: xstate_offset[9]:  832, xstate_sizes[9]:    8
[    0.000000] x86/fpu: Enabled xstate features 0x207, context size is 840 bytes, using 'compacted' format.
[    0.000000] signal: max sigframe size: 3632
[    0.000000] BIOS-provided physical RAM map:
[    0.000000] BIOS-e820: [mem 0x0000000000000000-0x000000000009fbff] usable
[    0.000000] BIOS-e820: [mem 0x000000000009fc00-0x000000000009ffff] reserved
[    0.000000] BIOS-e820: [mem 0x00000000000f0000-0x00000000000fffff] reserved
[    0.000000] BIOS-e820: [mem 0x0000000000100000-0x000000007ffdffff] usable
[    0.000000] BIOS-e820: [mem 0x000000007ffe0000-0x000000007fffffff] reserved
[    0.000000] BIOS-e820: [mem 0x00000000feffc000-0x00000000feffffff] reserved
[    0.000000] BIOS-e820: [mem 0x00000000fffc0000-0x00000000ffffffff] reserved
[    0.000000] printk: bootconsole [earlyser0] enabled
[    0.000000] NX (Execute Disable) protection: active
[    0.000000] SMBIOS 2.8 present.
[    0.000000] DMI: QEMU Standard PC (i440FX + PIIX, 1996), BIOS rel-1.16.0-0-gd239552ce722-prebuilt.qemu.org 04/01/2014
[    0.000000] Hypervisor detected: KVM
[    0.000000] kvm-clock: Using msrs 4b564d01 and 4b564d00
[    0.000000] kvm-clock: cpu 0, msr 5401001, primary cpu clock
[    0.000002] kvm-clock: using sched offset of 350563992 cycles
[    0.000910] clocksource: kvm-clock: mask: 0xffffffffffffffff max_cycles: 0x1cd42e4dffb, max_idle_ns: 881590591483 ns
[    0.003521] tsc: Detected 806.400 MHz processor
[    0.009799] last_pfn = 0x7ffe0 max_arch_pfn = 0x400000000
[    0.010833] x86/PAT: Configuration [0-7]: WB  WC  UC- UC  WB  WP  UC- WT  
[    0.016255] found SMP MP-table at [mem 0x000f5ba0-0x000f5baf]
[    0.017299] Using GB pages for direct mapping
[    0.018860] ACPI: Early table checksum verification disabled
[    0.019776] ACPI: RSDP 0x00000000000F59C0 000014 (v00 BOCHS )
[    0.020716] ACPI: RSDT 0x000000007FFE1951 000034 (v01 BOCHS  BXPC     00000001 BXPC 00000001)
[    0.022098] ACPI: FACP 0x000000007FFE17FD 000074 (v01 BOCHS  BXPC     00000001 BXPC 00000001)
[    0.023479] ACPI: DSDT 0x000000007FFE0040 0017BD (v01 BOCHS  BXPC     00000001 BXPC 00000001)
[    0.024858] ACPI: FACS 0x000000007FFE0000 000040
[    0.025607] ACPI: APIC 0x000000007FFE1871 000080 (v01 BOCHS  BXPC     00000001 BXPC 00000001)
[    0.026983] ACPI: HPET 0x000000007FFE18F1 000038 (v01 BOCHS  BXPC     00000001 BXPC 00000001)
[    0.028364] ACPI: WAET 0x000000007FFE1929 000028 (v01 BOCHS  BXPC     00000001 BXPC 00000001)
[    0.029739] ACPI: Reserving FACP table memory at [mem 0x7ffe17fd-0x7ffe1870]
[    0.030863] ACPI: Reserving DSDT table memory at [mem 0x7ffe0040-0x7ffe17fc]
[    0.031980] ACPI: Reserving FACS table memory at [mem 0x7ffe0000-0x7ffe003f]
[    0.033105] ACPI: Reserving APIC table memory at [mem 0x7ffe1871-0x7ffe18f0]
[    0.034225] ACPI: Reserving HPET table memory at [mem 0x7ffe18f1-0x7ffe1928]
[    0.035342] ACPI: Reserving WAET table memory at [mem 0x7ffe1929-0x7ffe1950]
[    0.037253] No NUMA configuration found
[    0.037845] Faking a node at [mem 0x0000000000000000-0x000000007ffdffff]
[    0.038925] NODE_DATA(0) allocated [mem 0x7ffb5000-0x7ffdffff]
[    0.042621] Zone ranges:
[    0.043020]   DMA      [mem 0x0000000000001000-0x0000000000ffffff]
[    0.043969]   DMA32    [mem 0x0000000001000000-0x000000007ffdffff]
[    0.044920]   Normal   empty
[    0.045363]   Device   empty
[    0.045807] Movable zone start for each node
[    0.046460] Early memory node ranges
[    0.047007]   node   0: [mem 0x0000000000001000-0x000000000009efff]
[    0.047968]   node   0: [mem 0x0000000000100000-0x000000007ffdffff]
[    0.048932] Initmem setup node 0 [mem 0x0000000000001000-0x000000007ffdffff]
[    0.051454] On node 0, zone DMA: 1 pages in unavailable ranges
[    0.051471] On node 0, zone DMA: 97 pages in unavailable ranges
[    0.075152] On node 0, zone DMA32: 32 pages in unavailable ranges
[    0.076616] ACPI: PM-Timer IO Port: 0x608
[    0.078170] ACPI: LAPIC_NMI (acpi_id[0xff] dfl dfl lint[0x1])
[    0.079111] IOAPIC[0]: apic_id 0, version 17, address 0xfec00000, GSI 0-23
[    0.080169] ACPI: INT_SRC_OVR (bus 0 bus_irq 0 global_irq 2 dfl dfl)
[    0.081135] ACPI: INT_SRC_OVR (bus 0 bus_irq 5 global_irq 5 high level)
[    0.082140] ACPI: INT_SRC_OVR (bus 0 bus_irq 9 global_irq 9 high level)
[    0.083147] ACPI: INT_SRC_OVR (bus 0 bus_irq 10 global_irq 10 high level)
[    0.084182] ACPI: INT_SRC_OVR (bus 0 bus_irq 11 global_irq 11 high level)
[    0.085221] ACPI: Using ACPI (MADT) for SMP configuration information
[    0.086198] ACPI: HPET id: 0x8086a201 base: 0xfed00000
[    0.086989] TSC deadline timer available
[    0.087582] smpboot: Allowing 2 CPUs, 0 hotplug CPUs
[    0.088382] kvm-guest: KVM setup pv remote TLB flush
[    0.089144] kvm-guest: setup PV sched yield
[    0.089814] PM: hibernation: Registered nosave memory: [mem 0x00000000-0x00000fff]
[    0.090967] PM: hibernation: Registered nosave memory: [mem 0x0009f000-0x0009ffff]
[    0.092118] PM: hibernation: Registered nosave memory: [mem 0x000a0000-0x000effff]
[    0.093266] PM: hibernation: Registered nosave memory: [mem 0x000f0000-0x000fffff]
[    0.094416] [mem 0x80000000-0xfeffbfff] available for PCI devices
[    0.095342] Booting paravirtualized kernel on KVM
[    0.096061] clocksource: refined-jiffies: mask: 0xffffffff max_cycles: 0xffffffff, max_idle_ns: 7645519600211568 ns
[    0.097656] setup_percpu: NR_CPUS:8192 nr_cpumask_bits:2 nr_cpu_ids:2 nr_node_ids:1
[    0.106332] percpu: Embedded 59 pages/cpu s204800 r8192 d28672 u1048576
[    0.107518] kvm-guest: setup async PF for cpu 0
[    0.108223] kvm-guest: stealtime: cpu 0, msr 7dc31080
[    0.109002] kvm-guest: PV spinlocks enabled
[    0.109648] PV qspinlock hash table entries: 256 (order: 0, 4096 bytes, linear)
[    0.110779] Built 1 zonelists, mobility grouping on.  Total pages: 515808
[    0.111818] Policy zone: DMA32
[    0.112291] Kernel command line: net.ifnames=0 console=ttyS0 root=/dev/sda earlyprintk=serial net.ifnames=0
[    0.123902] Dentry cache hash table entries: 262144 (order: 9, 2097152 bytes, linear)
[    0.125224] Inode-cache hash table entries: 131072 (order: 8, 1048576 bytes, linear)
[    0.126508] mem auto-init: stack:off, heap alloc:off, heap free:off
[    0.130747] Memory: 1987472K/2096632K available (30737K kernel code, 5221K rwdata, 7600K rodata, 3244K init, 22040K bss, 108904K reserved, 0K cma-reserved)
[    0.132860] random: get_random_u64 called from __kmem_cache_create+0x2f/0x490 with crng_init=0
[    0.133389] SLUB: HWalign=64, Order=0-3, MinObjects=0, CPUs=2, Nodes=1
[    0.135644] kmemleak: Kernel memory leak detector disabled
[    0.136495] ftrace: allocating 64395 entries in 252 pages
[    0.208310] ftrace: allocated 252 pages with 6 groups
[    0.209384] Running RCU self tests
[    0.209873] rcu: Hierarchical RCU implementation.
[    0.210537] rcu: 	RCU lockdep checking is enabled.
[    0.211240] rcu: 	RCU restricting CPUs from NR_CPUS=8192 to nr_cpu_ids=2.
[    0.212215] 	Trampoline variant of Tasks RCU enabled.
[    0.212931] 	Rude variant of Tasks RCU enabled.
[    0.213576] 	Tracing variant of Tasks RCU enabled.
[    0.214252] rcu: RCU calculated value of scheduler-enlistment delay is 25 jiffies.
[    0.215320] rcu: Adjusting geometry for rcu_fanout_leaf=16, nr_cpu_ids=2
[    0.234020] NR_IRQS: 524544, nr_irqs: 440, preallocated irqs: 16
[    0.248243] Console: colour VGA+ 80x25
[    0.248830] printk: console [ttyS0] enabled
[    0.248830] printk: console [ttyS0] enabled
[    0.250028] printk: bootconsole [earlyser0] disabled
[    0.250028] printk: bootconsole [earlyser0] disabled
[    0.251443] Lock dependency validator: Copyright (c) 2006 Red Hat, Inc., Ingo Molnar
[    0.252557] ... MAX_LOCKDEP_SUBCLASSES:  8
[    0.253155] ... MAX_LOCK_DEPTH:          48
[    0.253763] ... MAX_LOCKDEP_KEYS:        8192
[    0.254398] ... CLASSHASH_SIZE:          4096
[    0.255032] ... MAX_LOCKDEP_ENTRIES:     32768
[    0.255678] ... MAX_LOCKDEP_CHAINS:      65536
[    0.256326] ... CHAINHASH_SIZE:          32768
[    0.256972]  memory used by lock dependency info: 6365 kB
[    0.257754]  memory used for stack traces: 4224 kB
[    0.258448]  per task-struct memory footprint: 1920 bytes
[    0.259260] ACPI: Core revision 20210604
[    0.260060] clocksource: hpet: mask: 0xffffffff max_cycles: 0xffffffff, max_idle_ns: 19112604467 ns
[    0.261513] APIC: Switch to symmetric I/O mode setup
[    0.262691] x2apic enabled
[    0.263491] Switched APIC routing to physical x2apic.
[    0.264237] kvm-guest: setup PV IPIs
[    0.266476] ..TIMER: vector=0x30 apic1=0 pin1=2 apic2=-1 pin2=-1
[    0.267386] clocksource: tsc-early: mask: 0xffffffffffffffff max_cycles: 0xb9fb05486c, max_idle_ns: 440795231721 ns
[    0.268898] Calibrating delay loop (skipped) preset value.. 1612.80 BogoMIPS (lpj=3225600)
[    0.272893] pid_max: default: 32768 minimum: 301
[    0.273629] LSM: Security Framework initializing
[    0.274309] Yama: becoming mindful.
[    0.274946] Mount-cache hash table entries: 4096 (order: 3, 32768 bytes, linear)
[    0.276044] Mountpoint-cache hash table entries: 4096 (order: 3, 32768 bytes, linear)
[    0.277908] CPU0: Thermal monitoring enabled (TM1)
[    0.278767] x86/cpu: User Mode Instruction Prevention (UMIP) activated
[    0.281146] Last level iTLB entries: 4KB 0, 2MB 0, 4MB 0
[    0.281917] Last level dTLB entries: 4KB 0, 2MB 0, 4MB 0, 1GB 0
[    0.282785] Spectre V1 : Mitigation: usercopy/swapgs barriers and __user pointer sanitization
[    0.284017] Spectre V2 : Mitigation: Enhanced IBRS
[    0.284700] Spectre V2 : Spectre v2 / SpectreRSB mitigation: Filling RSB on context switch
[    0.284894] Spectre V2 : mitigation: Enabling conditional Indirect Branch Prediction Barrier
[    0.286082] Speculative Store Bypass: Mitigation: Speculative Store Bypass disabled via prctl and seccomp
[    0.310142] Freeing SMP alternatives memory: 52K
[    0.311173] smpboot: CPU0: Genuine Intel(R) 0000 (family: 0x6, model: 0xb7, stepping: 0x0)
[    0.312888] Running RCU-tasks wait API self tests
[    0.412982] Performance Events: generic architected perfmon, full-width counters, Intel PMU driver.
[    0.414280] ... version:                2
[    0.414828] ... bit width:              48
[    0.415387] ... generic registers:      6
[    0.415933] ... value mask:             0000ffffffffffff
[    0.416659] ... max period:             00007fffffffffff
[    0.416894] ... fixed-purpose events:   3
[    0.417441] ... event mask:             000000070000003f
[    0.418457] rcu: Hierarchical SRCU implementation.
[    0.421174] smp: Bringing up secondary CPUs ...
[    0.422331] x86: Booting SMP configuration:
[    0.422908] .... node  #0, CPUs:      #1
[    0.033782] kvm-clock: cpu 1, msr 5401041, secondary cpu clock
[    0.424026] kvm-guest: setup async PF for cpu 1
[    0.424026] kvm-guest: stealtime: cpu 1, msr 7dd31080
[    0.425018] smp: Brought up 1 node, 2 CPUs
[    0.425605] smpboot: Max logical packages: 1
[    0.426192] smpboot: Total of 2 processors activated (3225.60 BogoMIPS)
[    0.429273] devtmpfs: initialized
[    0.429643] x86/mm: Memory block size: 128MB
[    0.432955] Callback from call_rcu_tasks_trace() invoked.
[    0.433750] clocksource: jiffies: mask: 0xffffffff max_cycles: 0xffffffff, max_idle_ns: 7645041785100000 ns
[    0.434614] futex hash table entries: 512 (order: 4, 65536 bytes, linear)
[    0.435721] pinctrl core: initialized pinctrl subsystem
[    0.437325] 
[    0.437544] *************************************************************
[    0.438463] **     NOTICE NOTICE NOTICE NOTICE NOTICE NOTICE NOTICE    **
[    0.439395] **                                                         **
[    0.440312] **  IOMMU DebugFS SUPPORT HAS BEEN ENABLED IN THIS KERNEL  **
[    0.440905] **                                                         **
[    0.441825] ** This means that this kernel is built to expose internal **
[    0.442746] ** IOMMU data structures, which may compromise security on **
[    0.443672] ** your system.                                            **
[    0.444594] **                                                         **
[    0.444894] ** If you see this message and you are not debugging the   **
[    0.445912] ** kernel, report this immediately to your vendor!         **
[    0.446850] **                                                         **
[    0.447777] **     NOTICE NOTICE NOTICE NOTICE NOTICE NOTICE NOTICE    **
[    0.448705] *************************************************************
[    0.448998] PM: RTC time: 03:26:27, date: 2023-04-05
[    0.450634] NET: Registered PF_NETLINK/PF_ROUTE protocol family
[    0.451899] DMA: preallocated 256 KiB GFP_KERNEL pool for atomic allocations
[    0.452874] DMA: preallocated 256 KiB GFP_KERNEL|GFP_DMA pool for atomic allocations
[    0.452904] DMA: preallocated 256 KiB GFP_KERNEL|GFP_DMA32 pool for atomic allocations
[    0.454029] audit: initializing netlink subsys (disabled)
[    0.454799] audit: type=2000 audit(1680665187.771:1): state=initialized audit_enabled=0 res=1
[    0.454799] thermal_sys: Registered thermal governor 'fair_share'
[    0.454799] thermal_sys: Registered thermal governor 'bang_bang'
[    0.455142] thermal_sys: Registered thermal governor 'step_wise'
[    0.456168] thermal_sys: Registered thermal governor 'user_space'
[    0.456965] cpuidle: using governor ladder
[    0.461713] cpuidle: using governor menu
[    0.462485] ACPI: bus type PCI registered
[    0.463053] acpiphp: ACPI Hot Plug PCI Controller Driver version: 0.5
[    0.464227] PCI: Using configuration type 1 for base access
[    0.475320] Kprobes globally optimized
[    0.475906] HugeTLB registered 1.00 GiB page size, pre-allocated 0 pages
[    0.476905] HugeTLB registered 2.00 MiB page size, pre-allocated 0 pages
[    0.481189] ACPI: PRMT not present
[    0.481700] PRM: found 4294967277 modules
[    0.482348] ACPI: Added _OSI(Module Device)
[    0.482955] ACPI: Added _OSI(Processor Device)
[    0.483608] ACPI: Added _OSI(3.0 _SCP Extensions)
[    0.484288] ACPI: Added _OSI(Processor Aggregator Device)
[    0.484904] ACPI: Added _OSI(Linux-Dell-Video)
[    0.485549] ACPI: Added _OSI(Linux-Lenovo-NV-HDMI-Audio)
[    0.486316] ACPI: Added _OSI(Linux-HPI-Hybrid-Graphics)
[    0.491595] ACPI: 1 ACPI AML tables successfully acquired and loaded
[    0.495237] ACPI: Interpreter enabled
[    0.495845] ACPI: PM: (supports S0 S3 S4 S5)
[    0.496471] ACPI: Using IOAPIC for interrupt routing
[    0.496924] PCI: Using host bridge windows from ACPI; if necessary, use "pci=nocrs" and report a bug
[    0.498862] ACPI: Enabled 2 GPEs in block 00 to 0F
[    0.513308] ACPI: PCI Root Bridge [PCI0] (domain 0000 [bus 00-ff])
[    0.514220] acpi PNP0A03:00: _OSC: OS supports [ASPM ClockPM Segments MSI EDR HPX-Type3]
[    0.515403] acpi PNP0A03:00: fail to add MMCONFIG information, can't access extended PCI configuration space under this bridge.
[    0.517021] Callback from call_rcu_tasks_rude() invoked.
[    0.519331] acpiphp: Slot [3] registered
[    0.519965] acpiphp: Slot [4] registered
[    0.520589] acpiphp: Slot [5] registered
[    0.520964] acpiphp: Slot [6] registered
[    0.521588] acpiphp: Slot [7] registered
[    0.522217] acpiphp: Slot [8] registered
[    0.522841] acpiphp: Slot [9] registered
[    0.523468] acpiphp: Slot [10] registered
[    0.524105] acpiphp: Slot [11] registered
[    0.524742] acpiphp: Slot [12] registered
[    0.524990] acpiphp: Slot [13] registered
[    0.525629] acpiphp: Slot [14] registered
[    0.526323] acpiphp: Slot [15] registered
[    0.526971] acpiphp: Slot [16] registered
[    0.527616] acpiphp: Slot [17] registered
[    0.528264] acpiphp: Slot [18] registered
[    0.528921] acpiphp: Slot [19] registered
[    0.529567] acpiphp: Slot [20] registered
[    0.530220] acpiphp: Slot [21] registered
[    0.530865] acpiphp: Slot [22] registered
[    0.531511] acpiphp: Slot [23] registered
[    0.532156] acpiphp: Slot [24] registered
[    0.532800] acpiphp: Slot [25] registered
[    0.532953] acpiphp: Slot [26] registered
[    0.533606] acpiphp: Slot [27] registered
[    0.534255] acpiphp: Slot [28] registered
[    0.534898] acpiphp: Slot [29] registered
[    0.535542] acpiphp: Slot [30] registered
[    0.536186] acpiphp: Slot [31] registered
[    0.536793] PCI host bridge to bus 0000:00
[    0.536895] pci_bus 0000:00: root bus resource [io  0x0000-0x0cf7 window]
[    0.537879] pci_bus 0000:00: root bus resource [io  0x0d00-0xffff window]
[    0.538862] pci_bus 0000:00: root bus resource [mem 0x000a0000-0x000bffff window]
[    0.539941] pci_bus 0000:00: root bus resource [mem 0x80000000-0xfebfffff window]
[    0.540895] pci_bus 0000:00: root bus resource [mem 0x100000000-0x17fffffff window]
[    0.541999] pci_bus 0000:00: root bus resource [bus 00-ff]
[    0.542997] pci 0000:00:00.0: [8086:1237] type 00 class 0x060000
[    0.547737] pci 0000:00:01.0: [8086:7000] type 00 class 0x060100
[    0.549811] pci 0000:00:01.1: [8086:7010] type 00 class 0x010180
[    0.551954] pci 0000:00:01.1: reg 0x20: [io  0xc040-0xc04f]
[    0.553350] pci 0000:00:01.1: legacy IDE quirk: reg 0x10: [io  0x01f0-0x01f7]
[    0.554382] pci 0000:00:01.1: legacy IDE quirk: reg 0x14: [io  0x03f6]
[    0.555323] pci 0000:00:01.1: legacy IDE quirk: reg 0x18: [io  0x0170-0x0177]
[    0.556350] pci 0000:00:01.1: legacy IDE quirk: reg 0x1c: [io  0x0376]
[    0.557458] pci 0000:00:01.3: [8086:7113] type 00 class 0x068000
[    0.558918] pci 0000:00:01.3: quirk: [io  0x0600-0x063f] claimed by PIIX4 ACPI
[    0.559970] pci 0000:00:01.3: quirk: [io  0x0700-0x070f] claimed by PIIX4 SMB
[    0.562325] pci 0000:00:02.0: [1234:1111] type 00 class 0x030000
[    0.564054] pci 0000:00:02.0: reg 0x10: [mem 0xfd000000-0xfdffffff pref]
[    0.566606] pci 0000:00:02.0: reg 0x18: [mem 0xfebf0000-0xfebf0fff]
[    0.571206] pci 0000:00:02.0: reg 0x30: [mem 0xfebe0000-0xfebeffff pref]
[    0.576001] pci 0000:00:03.0: [8086:100e] type 00 class 0x020000
[    0.577396] pci 0000:00:03.0: reg 0x10: [mem 0xfebc0000-0xfebdffff]
[    0.578765] pci 0000:00:03.0: reg 0x14: [io  0xc000-0xc03f]
[    0.581927] pci 0000:00:03.0: reg 0x30: [mem 0xfeb80000-0xfebbffff pref]
[    0.611325] ACPI: PCI: Interrupt link LNKA configured for IRQ 10
[    0.612527] ACPI: PCI: Interrupt link LNKB configured for IRQ 10
[    0.613219] ACPI: PCI: Interrupt link LNKC configured for IRQ 11
[    0.614425] ACPI: PCI: Interrupt link LNKD configured for IRQ 11
[    0.615462] ACPI: PCI: Interrupt link LNKS configured for IRQ 9
[    0.617180] iommu: Default domain type: Translated 
[    0.617767] pci 0000:00:02.0: vgaarb: setting as boot VGA device
[    0.617850] pci 0000:00:02.0: vgaarb: VGA device added: decodes=io+mem,owns=io+mem,locks=none
[    0.617850] pci 0000:00:02.0: vgaarb: bridge control possible
[    0.620924] vgaarb: loaded
[    0.620924] SCSI subsystem initialized
[    0.621025] ACPI: bus type USB registered
[    0.621673] usbcore: registered new interface driver usbfs
[    0.624938] usbcore: registered new interface driver hub
[    0.624908] Callback from call_rcu_tasks() invoked.
[    0.625730] usbcore: registered new device driver usb
[    0.627245] pps_core: LinuxPPS API ver. 1 registered
[    0.627970] pps_core: Software ver. 5.3.6 - Copyright 2005-2007 Rodolfo Giometti <giometti@linux.it>
[    0.628910] PTP clock support registered
[    0.629533] EDAC MC: Ver: 3.0.0
[    0.629656] NetLabel: Initializing
[    0.629994] NetLabel:  domain hash size = 128
[    0.629994] NetLabel:  protocols = UNLABELED CIPSOv4 CALIPSO
[    0.629994] NetLabel:  unlabeled traffic allowed by default
[    0.632940] PCI: Using ACPI for IRQ routing
[    0.633707] hpet0: at MMIO 0xfed00000, IRQs 2, 8, 0
[    0.633826] hpet0: 3 comparators, 64-bit 100.000000 MHz counter
[    0.641149] clocksource: Switched to clocksource kvm-clock
[    0.716045] VFS: Disk quotas dquot_6.6.0
[    0.716690] VFS: Dquot-cache hash table entries: 512 (order 0, 4096 bytes)
[    0.717905] pnp: PnP ACPI init
[    0.719792] pnp: PnP ACPI: found 6 devices
[    0.729014] clocksource: acpi_pm: mask: 0xffffff max_cycles: 0xffffff, max_idle_ns: 2085701024 ns
[    0.730546] NET: Registered PF_INET protocol family
[    0.731312] IP idents hash table entries: 32768 (order: 6, 262144 bytes, linear)
[    0.734343] tcp_listen_portaddr_hash hash table entries: 1024 (order: 4, 81920 bytes, linear)
[    0.735596] TCP established hash table entries: 16384 (order: 5, 131072 bytes, linear)
[    0.736844] TCP bind hash table entries: 16384 (order: 8, 1179648 bytes, linear)
[    0.738867] TCP: Hash tables configured (established 16384 bind 16384)
[    0.739895] UDP hash table entries: 1024 (order: 5, 163840 bytes, linear)
[    0.740942] UDP-Lite hash table entries: 1024 (order: 5, 163840 bytes, linear)
[    0.742308] NET: Registered PF_UNIX/PF_LOCAL protocol family
[    0.743593] RPC: Registered named UNIX socket transport module.
[    0.744491] RPC: Registered udp transport module.
[    0.745221] RPC: Registered tcp transport module.
[    0.745924] RPC: Registered tcp NFSv4.1 backchannel transport module.
[    0.746895] pci_bus 0000:00: resource 4 [io  0x0000-0x0cf7 window]
[    0.747826] pci_bus 0000:00: resource 5 [io  0x0d00-0xffff window]
[    0.748751] pci_bus 0000:00: resource 6 [mem 0x000a0000-0x000bffff window]
[    0.749793] pci_bus 0000:00: resource 7 [mem 0x80000000-0xfebfffff window]
[    0.750816] pci_bus 0000:00: resource 8 [mem 0x100000000-0x17fffffff window]
[    0.752085] pci 0000:00:01.0: PIIX3: Enabling Passive Release
[    0.752977] pci 0000:00:00.0: Limiting direct PCI/PCI transfers
[    0.753882] pci 0000:00:01.0: Activating ISA DMA hang workarounds
[    0.754901] pci 0000:00:02.0: Video device with shadowed ROM at [mem 0x000c0000-0x000dffff]
[    0.756215] PCI: CLS 0 bytes, default 64
[    0.757123] ACPI: bus type thunderbolt registered
[    0.758071] clocksource: tsc: mask: 0xffffffffffffffff max_cycles: 0xb9fb05486c, max_idle_ns: 440795231721 ns
[    2.766021] Initialise system trusted keyrings
[    2.766778] Key type blacklist registered
[    2.767626] workingset: timestamp_bits=36 max_order=19 bucket_order=0
[    2.775760] zbud: loaded
[    2.777420] squashfs: version 4.0 (2009/01/31) Phillip Lougher
[    2.779528] NFS: Registering the id_resolver key type
[    2.780352] Key type id_resolver registered
[    2.781029] Key type id_legacy registered
[    2.781736] nfs4filelayout_init: NFSv4 File Layout Driver Registering...
[    2.782780] nfs4flexfilelayout_init: NFSv4 Flexfile Layout Driver Registering...
[    2.784111] fuse: init (API version 7.34)
[    2.784995] SGI XFS with ACLs, security attributes, realtime, quota, no debug enabled
[    2.787273] 9p: Installing v9fs 9p2000 file system support
[    2.794671] Key type asymmetric registered
[    2.795364] Asymmetric key parser 'x509' registered
[    2.796182] Block layer SCSI generic (bsg) driver version 0.4 loaded (major 244)
[    2.797732] io scheduler mq-deadline registered
[    2.798569] io scheduler bfq registered
[    2.799609] shpchp: Standard Hot Plug PCI Controller Driver version: 0.4
[    2.800977] IPMI message handler: version 39.2
[    2.801725] ipmi device interface
[    2.803447] input: Power Button as /devices/LNXSYSTM:00/LNXPWRBN:00/input/input0
[    2.804858] ACPI: button: Power Button [PWRF]
[    2.806426] ERST DBG: ERST support is disabled.
[    2.807637] Serial: 8250/16550 driver, 32 ports, IRQ sharing enabled
[    2.809334] 00:04: ttyS0 at I/O 0x3f8 (irq = 4, base_baud = 115200) is a 16550A
[    2.817746] Linux agpgart interface v0.103
[    2.829070] brd: module loaded
[    2.837393] loop: module loaded
[    2.841279] scsi host0: ata_piix
[    2.842496] scsi host1: ata_piix
[    2.843160] ata1: PATA max MWDMA2 cmd 0x1f0 ctl 0x3f6 bmdma 0xc040 irq 14
[    2.844240] ata2: PATA max MWDMA2 cmd 0x170 ctl 0x376 bmdma 0xc048 irq 15
[    2.845933] libphy: Fixed MDIO Bus: probed
[    2.846959] tun: Universal TUN/TAP device driver, 1.6
[    2.847911] e100: Intel(R) PRO/100 Network Driver
[    2.848664] e100: Copyright(c) 1999-2006 Intel Corporation
[    2.849602] e1000: Intel(R) PRO/1000 Network Driver
[    2.850379] e1000: Copyright (c) 1999-2006 Intel Corporation.
[    3.001633] ACPI: \_SB_.LNKC: Enabled at IRQ 11
[    3.006524] ata1.00: ATA-7: QEMU HARDDISK, 2.5+, max UDMA/100
[    3.007469] ata1.00: 16777216 sectors, multi 16: LBA48 
[    3.008499] ata2.00: ATAPI: QEMU DVD-ROM, 2.5+, max UDMA/100
[    3.010600] scsi 0:0:0:0: Direct-Access     ATA      QEMU HARDDISK    2.5+ PQ: 0 ANSI: 5
[    3.012495] sd 0:0:0:0: Attached scsi generic sg0 type 0
[    3.012748] sd 0:0:0:0: [sda] 16777216 512-byte logical blocks: (8.59 GB/8.00 GiB)
[    3.015049] sd 0:0:0:0: [sda] Write Protect is off
[    3.015166] scsi 1:0:0:0: CD-ROM            QEMU     QEMU DVD-ROM     2.5+ PQ: 0 ANSI: 5
[    3.017110] sd 0:0:0:0: [sda] Write cache: enabled, read cache: enabled, doesn't support DPO or FUA
[    3.019523] scsi 1:0:0:0: Attached scsi generic sg1 type 5
[    3.037087] sd 0:0:0:0: [sda] Attached SCSI disk
[    3.353992] e1000 0000:00:03.0 eth0: (PCI:33MHz:32-bit) 52:54:00:12:34:56
[    3.354922] e1000 0000:00:03.0 eth0: Intel(R) PRO/1000 Network Connection
[    3.355898] e1000e: Intel(R) PRO/1000 Network Driver
[    3.356566] e1000e: Copyright(c) 1999 - 2015 Intel Corporation.
[    3.357420] igb: Intel(R) Gigabit Ethernet Network Driver
[    3.358145] igb: Copyright (c) 2007-2014 Intel Corporation.
[    3.358960] PPP generic driver version 2.4.2
[    3.359999] VFIO - User Level meta-driver version: 0.3
[    3.360770] ehci_hcd: USB 2.0 'Enhanced' Host Controller (EHCI) Driver
[    3.361670] ehci-pci: EHCI PCI platform driver
[    3.362290] ehci-platform: EHCI generic platform driver
[    3.363007] ohci_hcd: USB 1.1 'Open' Host Controller (OHCI) Driver
[    3.363836] ohci-pci: OHCI PCI platform driver
[    3.364453] ohci-platform: OHCI generic platform driver
[    3.365181] uhci_hcd: USB Universal Host Controller Interface driver
[    3.366225] usbcore: registered new interface driver uas
[    3.367002] usbcore: registered new interface driver usb-storage
[    3.367946] i8042: PNP: PS/2 Controller [PNP0303:KBD,PNP0f13:MOU] at 0x60,0x64 irq 1,12
[    3.370137] serio: i8042 KBD port at 0x60,0x64 irq 1
[    3.370868] serio: i8042 AUX port at 0x60,0x64 irq 12
[    3.372211] mousedev: PS/2 mouse device common for all mice
[    3.373942] input: AT Translated Set 2 keyboard as /devices/platform/i8042/serio0/input/input1
[    3.376215] rtc_cmos 00:05: RTC can wake from S4
[    3.377300] input: VirtualPS/2 VMware VMMouse as /devices/platform/i8042/serio1/input/input4
[    3.379552] input: VirtualPS/2 VMware VMMouse as /devices/platform/i8042/serio1/input/input3
[    3.381528] rtc_cmos 00:05: registered as rtc0
[    3.382381] rtc_cmos 00:05: setting system clock to 2023-04-05T03:26:30 UTC (1680665190)
[    3.383762] rtc_cmos 00:05: alarms up to one day, y3k, 242 bytes nvram, hpet irqs
[    3.384975] i2c /dev entries driver
[    3.385808] device-mapper: uevent: version 1.0.3
[    3.386775] device-mapper: ioctl: 4.45.0-ioctl (2021-03-22) initialised: dm-devel@redhat.com
[    3.388089] intel_pstate: CPU model not supported
[    3.388930] sdhci: Secure Digital Host Controller Interface driver
[    3.389833] sdhci: Copyright(c) Pierre Ossman
[    3.390541] sdhci-pltfm: SDHCI platform and OF driver helper
[    3.391458] ledtrig-cpu: registered to indicate activity on CPUs
[    3.392512] drop_monitor: Initializing network drop monitor service
[    3.393849] NET: Registered PF_INET6 protocol family
[    3.396871] Segment Routing with IPv6
[    3.397468] NET: Registered PF_PACKET protocol family
[    3.398376] 9pnet: Installing 9P2000 support
[    3.398956] Key type dns_resolver registered
[    3.400282] IPI shorthand broadcast: enabled
[    3.400843] sched_clock: Marking stable (3370305017, 29782200)->(3419126535, -19039318)
[    3.402556] registered taskstats version 1
[    3.403392] Loading compiled-in X.509 certificates
[    3.404150] zswap: loaded using pool lzo/zbud
[    3.405200] Key type ._fscrypt registered
[    3.405766] Key type .fscrypt registered
[    3.406307] Key type fscrypt-provisioning registered
[    3.407918] Key type encrypted registered
[    3.408488] ima: No TPM chip found, activating TPM-bypass!
[    3.409260] ima: Allocated hash algorithm: sha1
[    3.409889] ima: No architecture policies found
[    3.410527] evm: Initialising EVM extended attributes:
[    3.411190] evm: security.selinux
[    3.411625] evm: security.SMACK64
[    3.412060] evm: security.SMACK64EXEC
[    3.412539] evm: security.SMACK64TRANSMUTE
[    3.413090] evm: security.SMACK64MMAP
[    3.413571] evm: security.apparmor
[    3.414017] evm: security.ima
[    3.414409] evm: security.capability
[    3.414877] evm: HMAC attrs: 0x1
[    3.416195] PM:   Magic number: 3:53:411
[    3.417036] RAS: Correctable Errors collector initialized.
[    3.418764] md: Waiting for all devices to be available before autodetect
[    3.419688] md: If you don't use raid, use raid=noautodetect
[    3.420459] md: Autodetecting RAID arrays.
[    3.421058] md: autorun ...
[    3.421448] md: ... autorun DONE.
[    3.425256] EXT4-fs (sda): INFO: recovery required on readonly filesystem
[    3.426149] EXT4-fs (sda): write access will be enabled during recovery
[    3.479066] random: fast init done
[    3.491363] EXT4-fs (sda): recovery complete
[    3.497013] EXT4-fs (sda): mounted filesystem with ordered data mode. Opts: (null). Quota mode: none.
[    3.498353] VFS: Mounted root (ext4 filesystem) readonly on device 8:0.
[    3.499779] devtmpfs: mounted
[    3.506976] Freeing unused decrypted memory: 2036K
[    3.508590] Freeing unused kernel image (initmem) memory: 3244K
[    3.509637] Write protecting the kernel read-only data: 40960k
[    3.512173] Freeing unused kernel image (text/rodata gap) memory: 2028K
[    3.513423] Freeing unused kernel image (rodata/data gap) memory: 592K
[    3.597548] x86/mm: Checked W+X mappings: passed, no W+X pages found.
[    3.598487] Run /sbin/init as init process
[    3.690223] systemd[1]: RTC configured in localtime, applying delta of 0 minutes to system time.
[    3.711528] systemd[1]: systemd 239 (239-49.el8) running in system mode. (+PAM +AUDIT +SELINUX +IMA -APPARMOR +SMACK +SYSVINIT +UTMP +LIBCRYPTSETUP +GCRYPT +GNUTLS +ACL +XZ +LZ4 +SECCOMP +BLKID +ELFUTILS +KMOD +IDN2 -IDN +PCRE2 default-hierarchy=legacy)
[    3.714899] systemd[1]: Detected virtualization kvm.
[    3.715632] systemd[1]: Detected architecture x86-64.

Welcome to [0;31mCentOS Stream 8[0m!

[    3.731172] systemd[1]: Set hostname to <test>.
[    3.842784] random: lvmconfig: uninitialized urandom read (4 bytes read)
[    3.942631] random: systemd: uninitialized urandom read (16 bytes read)
[    3.943959] systemd[1]: Listening on LVM2 poll daemon socket.
[[0;32m  OK  [0m] Listening on LVM2 poll daemon socket.
[    3.945892] random: systemd: uninitialized urandom read (16 bytes read)
[    3.947085] systemd[1]: Listening on multipathd control socket.
[[0;32m  OK  [0m] Listening on multipathd control socket.
[    3.949020] systemd[1]: Listening on Device-mapper event daemon FIFOs.
[[0;32m  OK  [0m] Listening on Device-mapper event daemon FIFOs.
[    3.952803] systemd[1]: Created slice User and Session Slice.
[[0;32m  OK  [0m] Created slice User and Session Slice.
[    3.954678] systemd[1]: Started Forward Password Requests to Wall Directory Watch.
[[0;32m  OK  [0m] Started Forward Password Requests to Wall Directory Watch.
[    3.957061] systemd[1]: Listening on Journal Socket (/dev/log).
[[0;32m  OK  [0m] Listening on Journal Socket (/dev/log).
[[0;32m  OK  [0m] Listening on udev Control Socket.
[[0;32m  OK  [0m] Listening on Process Core Dump Socket.
[[0;32m  OK  [0m] Reached target Slices.
[[0;32m  OK  [0m] Listening on Journal Socket.
         Mounting POSIX Message Queue File System...
         Starting Setup Virtual Console...
         Starting Journal Service...
[[0;32m  OK  [0m] Listening on initctl Compatibility Named Pipe.
[[0;32m  OK  [0m] Listening on udev Kernel Socket.
         Starting udev Coldplug all Devices...
[[0;32m  OK  [0m] Created slice system-serial\x2dgetty.slice.
[[0;32m  OK  [0m] Created slice system-sshd\x2dkeygen.slice.
[[0;32m  OK  [0m] Created slice system-getty.slice.
         Starting Load Kernel Modules...
[[0;32m  OK  [0m] Set up automount Arbitrary Executabâ€¦rmats File System Automount Point.
[[0;32m  OK  [0m] Reached target Swap.
         Mounting Kernel Debug File System...
         Mounting Huge Pages File System...
         Starting Monitoring of LVM2 mirrorsâ€¦ng dmeventd or progress polling...
[[0;32m  OK  [0m] Listening on RPCbind Server Activation Socket.
[[0;32m  OK  [0m] Reached target RPC Port Mapper.
         Starting Remount Root and Kernel File Systems...
[[0;32m  OK  [0m] Started Journal Service.
[[0;32m  OK  [0m] Mounted POSIX Message Queue File System.
[[0;1;31mFAILED[0m] Failed to start Load Kernel Modules.
See 'systemctl status systemd-modules-load.service' for details.
[[0;32m  OK  [0m] Mounted Kernel Debug File System.
[[0;32m  OK  [0m] Mounted Huge Pages File System.
         Starting Apply Kernel Variables...
         Mounting FUSE Control File System...
         Mounting Kernel Configuration File System...
[[0;32m  OK  [0m] Mounted FUSE Control File System.
[[0;32m  OK  [0m] Started Apply Kernel Variables.
[[0;32m  OK  [0m] Mounted Kernel Configuration File System.
[    4.420965] EXT4-fs (sda): re-mounted. Opts: (null). Quota mode: none.
[[0;32m  OK  [0m] Started Remount Root and Kernel File Systems.
[[0;32m  OK  [0m] Started udev Coldplug all Devices.
         Starting udev Wait for Complete Device Initialization...
         Starting Load/Save Random Seed...
         Starting Create Static Device Nodes in /dev...
         Starting Flush Journal to Persistent Storage...
[[0;32m  OK  [0m] Started Setup Virtual Console.
[[0;32m  OK  [0m] Started Load/Save Random Seed.
[[0;32m  OK  [0m] Started Flush Journal to Persistent Storage.
[[0;32m  OK  [0m] Started Create Static Device Nodes in /dev.
         Starting udev Kernel Device Manager...
[[0;32m  OK  [0m] Started udev Kernel Device Manager.
         Starting Show Plymouth Boot Screen...
[[0;32m  OK  [0m] Started Show Plymouth Boot Screen.
[[0;32m  OK  [0m] Started Forward Password Requests to Plymouth Directory Watch.
[[0;32m  OK  [0m] Reached target Local Encrypted Volumes.
[[0;32m  OK  [0m] Reached target Paths.
[[0;32m  OK  [0m] Found device /dev/ttyS0.
[[0;32m  OK  [0m] Started Monitoring of LVM2 mirrors,â€¦sing dmeventd or progress polling.
[[0;32m  OK  [0m] Listening on Load/Save RF Kill Switch Status /dev/rfkill Watch.
[[0;32m  OK  [0m] Started udev Wait for Complete Device Initialization.
[[0;32m  OK  [0m] Reached target Local File Systems (Pre).
[[0;32m  OK  [0m] Reached target Local File Systems.
         Starting Restore /run/initramfs on shutdown...
         Starting Create Volatile Files and Directories...
         Starting Tell Plymouth To Write Out Runtime Data...
[[0;32m  OK  [0m] Started Restore /run/initramfs on shutdown.
[[0;32m  OK  [0m] Started Create Volatile Files and Directories.
[[0;32m  OK  [0m] Started Tell Plymouth To Write Out Runtime Data.
         Mounting RPC Pipe File System...
         Starting Security Auditing Service...
         Starting RPC Bind...
[[0;32m  OK  [0m] Mounted RPC Pipe File System.
[[0;32m  OK  [0m] Reached target rpc_pipefs.target.
[[0;32m  OK  [0m] Started RPC Bind.
[[0;32m  OK  [0m] Started Security Auditing Service.
         Starting Update UTMP about System Boot/Shutdown...
[[0;32m  OK  [0m] Started Update UTMP about System Boot/Shutdown.
[[0;32m  OK  [0m] Reached target System Initialization.
[[0;32m  OK  [0m] Started daily update of the root trust anchor for DNSSEC.
[[0;32m  OK  [0m] Started dnf makecache --timer.
[[0;32m  OK  [0m] Listening on D-Bus System Message Bus Socket.
[[0;32m  OK  [0m] Listening on SSSD Kerberos Cache Manager responder socket.
[[0;32m  OK  [0m] Reached target Sockets.
[[0;32m  OK  [0m] Reached target Basic System.
         Starting Authorization Manager...
[[0;32m  OK  [0m] Started Machine Check Exception Logging Daemon.
         Starting Login Service...
         Starting Self Monitoring and Reporting Technology (SMART) Daemon...
         Starting NTP client/server...
[[0;32m  OK  [0m] Started irqbalance daemon.
[[0;32m  OK  [0m] Reached target sshd-keygen.target.
[[0;32m  OK  [0m] Started Daily Cleanup of Temporary Directories.
[[0;32m  OK  [0m] Reached target Timers.
         Starting Auto-connect to subsystemsâ€¦-NVME devices found during boot...
[[0;32m  OK  [0m] Started D-Bus System Message Bus.
         Starting Network Manager...
[[0;32m  OK  [0m] Started Auto-connect to subsystems â€¦FC-NVME devices found during boot.
         Starting update of the root trust aâ€¦or DNSSEC validation in unbound...
[[0;32m  OK  [0m] Started Self Monitoring and Reporting Technology (SMART) Daemon.
[[0;32m  OK  [0m] Started Login Service.
[[0;32m  OK  [0m] Started NTP client/server.
[[0;32m  OK  [0m] Started Network Manager.
         Starting Network Manager Wait Online...
[[0;32m  OK  [0m] Reached target Network.
         Starting Dynamic System Tuning Daemon...
         Starting OpenSSH server daemon...
         Starting GSSAPI Proxy Daemon...
[[0;32m  OK  [0m] Started Authorization Manager.
         Starting Hostname Service...
[[0;32m  OK  [0m] Started Hostname Service.
         Starting Network Manager Script Dispatcher Service...
[[0;32m  OK  [0m] Started Network Manager Script Dispatcher Service.
[    6.133079] e1000: eth0 NIC Link is Up 1000 Mbps Full Duplex, Flow Control: RX
[    6.135286] IPv6: ADDRCONF(NETDEV_CHANGE): eth0: link becomes ready
[[0;32m  OK  [0m] Started Dynamic System Tuning Daemon.
[    7.077059] random: crng init done
[    7.077701] random: 7 urandom warning(s) missed due to ratelimiting
[[0;32m  OK  [0m] Started OpenSSH server daemon.
[[0;32m  OK  [0m] Started update of the root trust anâ€¦ for DNSSEC validation in unbound.
[[0;32m  OK  [0m] Started GSSAPI Proxy Daemon.
[[0;32m  OK  [0m] Reached target NFS client services.
[[0;32m  OK  [0m] Reached target Remote File Systems (Pre).
[[0;32m  OK  [0m] Reached target Remote File Systems.
         Starting Permit User Sessions...
[[0;32m  OK  [0m] Started Permit User Sessions.
         Starting Terminate Plymouth Boot Screen...
         Starting Hold until boot process finishes up...
[[0;32m  OK  [0m] Started Command Scheduler.

CentOS Stream 8
Kernel 5.14.0-rc3-04d505de7f82+ on an x86_64

test login: [   28.451723] loop0: detected capacity change from 0 to 65536
[   28.454540] XFS (loop0): bad version
[   28.455184] XFS (loop0): SB validate failed with error -22.
[   28.657880] loop0: detected capacity change from 0 to 65536
[   28.659446] XFS (loop0): bad version
[   28.660031] XFS (loop0): SB validate failed with error -22.
[   28.849860] loop0: detected capacity change from 0 to 65536
[   28.851619] XFS (loop0): bad version
[   28.852258] XFS (loop0): SB validate failed with error -22.
[   29.066074] loop0: detected capacity change from 0 to 65536
[   29.067799] XFS (loop0): bad version
[   29.068454] XFS (loop0): SB validate failed with error -22.
[   29.263811] loop0: detected capacity change from 0 to 65536
[   29.266989] XFS (loop0): bad version
[   29.267613] XFS (loop0): SB validate failed with error -22.
[   29.482553] loop0: detected capacity change from 0 to 65536
[   29.484062] XFS (loop0): bad version
[   29.484630] XFS (loop0): SB validate failed with error -22.
[   29.699510] loop0: detected capacity change from 0 to 65536
[   29.701477] XFS (loop0): bad version
[   29.702194] XFS (loop0): SB validate failed with error -22.
[   29.915358] loop0: detected capacity change from 0 to 65536
[   29.916976] XFS (loop0): bad version
[   29.917583] XFS (loop0): SB validate failed with error -22.
[   30.109689] loop0: detected capacity change from 0 to 65536
[   30.111321] XFS (loop0): bad version
[   30.111922] XFS (loop0): SB validate failed with error -22.
[   30.310758] loop0: detected capacity change from 0 to 65536
[   30.312323] XFS (loop0): bad version
[   30.313780] XFS (loop0): SB validate failed with error -22.
[   30.518813] loop0: detected capacity change from 0 to 65536
[   30.520433] XFS (loop0): bad version
[   30.521220] XFS (loop0): SB validate failed with error -22.
[   30.701114] loop0: detected capacity change from 0 to 65536
[   30.702740] XFS (loop0): bad version
[   30.703342] XFS (loop0): SB validate failed with error -22.
[   30.919457] loop0: detected capacity change from 0 to 65536
[   30.921061] XFS (loop0): bad version
[   30.921638] XFS (loop0): SB validate failed with error -22.
[   31.118579] loop0: detected capacity change from 0 to 65536
[   31.120118] XFS (loop0): bad version
[   31.120686] XFS (loop0): SB validate failed with error -22.
[   31.303420] loop0: detected capacity change from 0 to 65536
[   31.305143] XFS (loop0): bad version
[   31.305748] XFS (loop0): SB validate failed with error -22.
[   31.508882] loop0: detected capacity change from 0 to 65536
[   31.510491] XFS (loop0): bad version
[   31.511066] XFS (loop0): SB validate failed with error -22.
[   31.692843] loop0: detected capacity change from 0 to 65536
[   31.694491] XFS (loop0): bad version
[   31.695111] XFS (loop0): SB validate failed with error -22.
[   31.893439] loop0: detected capacity change from 0 to 65536
[   31.895037] XFS (loop0): bad version
[   31.895634] XFS (loop0): SB validate failed with error -22.
[   32.084575] loop0: detected capacity change from 0 to 65536
[   32.086115] XFS (loop0): bad version
[   32.086690] XFS (loop0): SB validate failed with error -22.
[   32.277300] loop0: detected capacity change from 0 to 65536
[   32.278867] XFS (loop0): bad version
[   32.279442] XFS (loop0): SB validate failed with error -22.
[   32.475947] loop0: detected capacity change from 0 to 65536
[   32.477646] XFS (loop0): bad version
[   32.478216] XFS (loop0): SB validate failed with error -22.
[   32.691591] loop0: detected capacity change from 0 to 65536
[   32.693396] XFS (loop0): bad version
[   32.694005] XFS (loop0): SB validate failed with error -22.
[   32.902882] loop0: detected capacity change from 0 to 65536
[   32.904439] XFS (loop0): bad version
[   32.905049] XFS (loop0): SB validate failed with error -22.
[   33.099947] loop0: detected capacity change from 0 to 65536
[   33.103242] XFS (loop0): bad version
[   33.103903] XFS (loop0): SB validate failed with error -22.
[   33.309845] loop0: detected capacity change from 0 to 65536
[   33.311410] XFS (loop0): bad version
[   33.311983] XFS (loop0): SB validate failed with error -22.
[   33.501362] loop0: detected capacity change from 0 to 65536
[   33.502973] XFS (loop0): bad version
[   33.503546] XFS (loop0): SB validate failed with error -22.
[   33.691341] loop0: detected capacity change from 0 to 65536
[   33.692945] XFS (loop0): bad version
[   33.693533] XFS (loop0): SB validate failed with error -22.
[   33.896973] loop0: detected capacity change from 0 to 65536
[   33.898474] XFS (loop0): bad version
[   33.899025] XFS (loop0): SB validate failed with error -22.
[   34.099897] loop0: detected capacity change from 0 to 65536
[   34.101565] XFS (loop0): bad version
[   34.102146] XFS (loop0): SB validate failed with error -22.
[   34.306248] loop0: detected capacity change from 0 to 65536
[   34.307776] XFS (loop0): bad version
[   34.308336] XFS (loop0): SB validate failed with error -22.
[   34.506343] loop0: detected capacity change from 0 to 65536
[   34.507918] XFS (loop0): bad version
[   34.508511] XFS (loop0): SB validate failed with error -22.
[   34.700188] loop0: detected capacity change from 0 to 65536
[   34.701792] XFS (loop0): bad version
[   34.702378] XFS (loop0): SB validate failed with error -22.
[   34.898315] loop0: detected capacity change from 0 to 65536
[   34.899865] XFS (loop0): bad version
[   34.900448] XFS (loop0): SB validate failed with error -22.
[   35.092092] loop0: detected capacity change from 0 to 65536
[   35.093659] XFS (loop0): bad version
[   35.094229] XFS (loop0): SB validate failed with error -22.
[   35.323611] loop0: detected capacity change from 0 to 65536
[   35.325177] XFS (loop0): bad version
[   35.325745] XFS (loop0): SB validate failed with error -22.
[   35.535839] loop0: detected capacity change from 0 to 65536
[   35.537700] XFS (loop0): bad version
[   35.538315] XFS (loop0): SB validate failed with error -22.
[   35.740809] loop0: detected capacity change from 0 to 65536
[   35.742472] XFS (loop0): bad version
[   35.743094] XFS (loop0): SB validate failed with error -22.
[   35.952433] loop0: detected capacity change from 0 to 65536
[   35.954037] XFS (loop0): bad version
[   35.954628] XFS (loop0): SB validate failed with error -22.
[   36.154536] loop0: detected capacity change from 0 to 65536
[   36.156108] XFS (loop0): bad version
[   36.156692] XFS (loop0): SB validate failed with error -22.
[   36.355751] loop0: detected capacity change from 0 to 65536
[   36.359286] XFS (loop0): bad version
[   36.359883] XFS (loop0): SB validate failed with error -22.
[   36.558854] loop0: detected capacity change from 0 to 65536
[   36.560472] XFS (loop0): bad version
[   36.561258] XFS (loop0): SB validate failed with error -22.
[   36.772921] loop0: detected capacity change from 0 to 65536
[   36.774495] XFS (loop0): bad version
[   36.775092] XFS (loop0): SB validate failed with error -22.
[   36.979433] loop0: detected capacity change from 0 to 65536
[   36.981279] XFS (loop0): bad version
[   36.981893] XFS (loop0): SB validate failed with error -22.
[   37.169863] loop0: detected capacity change from 0 to 65536
[   37.171537] XFS (loop0): bad version
[   37.172186] XFS (loop0): SB validate failed with error -22.
[   37.373739] loop0: detected capacity change from 0 to 65536
[   37.375307] XFS (loop0): bad version
[   37.375909] XFS (loop0): SB validate failed with error -22.
[   37.581114] loop0: detected capacity change from 0 to 65536
[   37.582652] XFS (loop0): bad version
[   37.583242] XFS (loop0): SB validate failed with error -22.
[   37.770953] loop0: detected capacity change from 0 to 65536
[   37.772487] XFS (loop0): bad version
[   37.773084] XFS (loop0): SB validate failed with error -22.
[   37.957208] loop0: detected capacity change from 0 to 65536
[   37.958787] XFS (loop0): bad version
[   37.959369] XFS (loop0): SB validate failed with error -22.
[   38.152867] loop0: detected capacity change from 0 to 65536
[   38.154483] XFS (loop0): bad version
[   38.155066] XFS (loop0): SB validate failed with error -22.
[   38.359336] loop0: detected capacity change from 0 to 65536
[   38.360947] XFS (loop0): bad version
[   38.361539] XFS (loop0): SB validate failed with error -22.
[   38.561767] loop0: detected capacity change from 0 to 65536
[   38.563307] XFS (loop0): bad version
[   38.563879] XFS (loop0): SB validate failed with error -22.
[   38.759603] loop0: detected capacity change from 0 to 65536
[   38.761305] XFS (loop0): bad version
[   38.761895] XFS (loop0): SB validate failed with error -22.
[   38.966995] loop0: detected capacity change from 0 to 65536
[   38.968595] XFS (loop0): bad version
[   38.969213] XFS (loop0): SB validate failed with error -22.
[   39.160459] loop0: detected capacity change from 0 to 65536
[   39.162185] XFS (loop0): bad version
[   39.162764] XFS (loop0): SB validate failed with error -22.
[   39.357683] loop0: detected capacity change from 0 to 65536
[   39.359520] XFS (loop0): bad version
[   39.360178] XFS (loop0): SB validate failed with error -22.
[   39.584965] loop0: detected capacity change from 0 to 65536
[   39.586586] XFS (loop0): bad version
[   39.587166] XFS (loop0): SB validate failed with error -22.
[   39.782214] loop0: detected capacity change from 0 to 65536
[   39.783761] XFS (loop0): bad version
[   39.784336] XFS (loop0): SB validate failed with error -22.
[   39.991570] loop0: detected capacity change from 0 to 65536
[   39.993272] XFS (loop0): bad version
[   39.993844] XFS (loop0): SB validate failed with error -22.
[   40.196670] loop0: detected capacity change from 0 to 65536
[   40.198293] XFS (loop0): bad version
[   40.198885] XFS (loop0): SB validate failed with error -22.
[   40.393355] loop0: detected capacity change from 0 to 65536
[   40.394898] XFS (loop0): bad version
[   40.395474] XFS (loop0): SB validate failed with error -22.
[   40.587486] loop0: detected capacity change from 0 to 65536
[   40.590093] XFS (loop0): bad version
[   40.590672] XFS (loop0): SB validate failed with error -22.
[   40.797236] loop0: detected capacity change from 0 to 65536
[   40.798750] XFS (loop0): bad version
[   40.799323] XFS (loop0): SB validate failed with error -22.
[   40.994390] loop0: detected capacity change from 0 to 65536
[   40.995982] XFS (loop0): bad version
[   40.996584] XFS (loop0): SB validate failed with error -22.
[   41.203149] loop0: detected capacity change from 0 to 65536
[   41.204761] XFS (loop0): bad version
[   41.205544] XFS (loop0): SB validate failed with error -22.
[   41.411101] loop0: detected capacity change from 0 to 65536
[   41.412658] XFS (loop0): bad version
[   41.413288] XFS (loop0): SB validate failed with error -22.
[   41.647897] loop0: detected capacity change from 0 to 65536
[   41.649582] XFS (loop0): bad version
[   41.650171] XFS (loop0): SB validate failed with error -22.
[   41.831796] loop0: detected capacity change from 0 to 65536
[   41.835824] XFS (loop0): bad version
[   41.836388] XFS (loop0): SB validate failed with error -22.
[   42.035421] loop0: detected capacity change from 0 to 65536
[   42.036998] XFS (loop0): bad version
[   42.037601] XFS (loop0): SB validate failed with error -22.
[   42.228954] loop0: detected capacity change from 0 to 65536
[   42.230560] XFS (loop0): bad version
[   42.231150] XFS (loop0): SB validate failed with error -22.
[   42.436811] loop0: detected capacity change from 0 to 65536
[   42.438555] XFS (loop0): bad version
[   42.439209] XFS (loop0): SB validate failed with error -22.
[   42.649699] loop0: detected capacity change from 0 to 65536
[   42.651365] XFS (loop0): bad version
[   42.651945] XFS (loop0): SB validate failed with error -22.
[   42.849144] loop0: detected capacity change from 0 to 65536
[   42.850678] XFS (loop0): bad version
[   42.851252] XFS (loop0): SB validate failed with error -22.
[   43.044486] loop0: detected capacity change from 0 to 65536
[   43.046097] XFS (loop0): bad version
[   43.046667] XFS (loop0): SB validate failed with error -22.
[   43.249978] loop0: detected capacity change from 0 to 65536
[   43.251621] XFS (loop0): bad version
[   43.252240] XFS (loop0): SB validate failed with error -22.
[   43.435495] loop0: detected capacity change from 0 to 65536
[   43.437338] XFS (loop0): bad version
[   43.437945] XFS (loop0): SB validate failed with error -22.
[   43.645867] loop0: detected capacity change from 0 to 65536
[   43.647454] XFS (loop0): bad version
[   43.648042] XFS (loop0): SB validate failed with error -22.
[   43.850265] loop0: detected capacity change from 0 to 65536
[   43.851842] XFS (loop0): bad version
[   43.852445] XFS (loop0): SB validate failed with error -22.
[   44.040073] loop0: detected capacity change from 0 to 65536
[   44.041698] XFS (loop0): bad version
[   44.042288] XFS (loop0): SB validate failed with error -22.
[   44.252287] loop0: detected capacity change from 0 to 65536
[   44.253892] XFS (loop0): bad version
[   44.254507] XFS (loop0): SB validate failed with error -22.
[   44.443836] loop0: detected capacity change from 0 to 65536
[   44.445655] XFS (loop0): bad version
[   44.446282] XFS (loop0): SB validate failed with error -22.
[   44.658923] loop0: detected capacity change from 0 to 65536
[   44.662433] XFS (loop0): bad version
[   44.663025] XFS (loop0): SB validate failed with error -22.
[   44.866278] loop0: detected capacity change from 0 to 65536
[   44.867837] XFS (loop0): bad version
[   44.868419] XFS (loop0): SB validate failed with error -22.
[   45.052809] loop0: detected capacity change from 0 to 65536
[   45.054486] XFS (loop0): bad version
[   45.055095] XFS (loop0): SB validate failed with error -22.
[   45.275733] loop0: detected capacity change from 0 to 65536
[   45.277529] XFS (loop0): bad version
[   45.278129] XFS (loop0): SB validate failed with error -22.
[   45.486323] loop0: detected capacity change from 0 to 65536
[   45.487911] XFS (loop0): bad version
[   45.488460] XFS (loop0): SB validate failed with error -22.
[   45.687707] loop0: detected capacity change from 0 to 65536
[   45.689427] XFS (loop0): bad version
[   45.690001] XFS (loop0): SB validate failed with error -22.
[   45.881156] loop0: detected capacity change from 0 to 65536
[   45.882748] XFS (loop0): bad version
[   45.883360] XFS (loop0): SB validate failed with error -22.
[   46.070480] loop0: detected capacity change from 0 to 65536
[   46.072075] XFS (loop0): bad version
[   46.072656] XFS (loop0): SB validate failed with error -22.
[   46.265536] loop0: detected capacity change from 0 to 65536
[   46.267095] XFS (loop0): bad version
[   46.267658] XFS (loop0): SB validate failed with error -22.
[   46.465312] loop0: detected capacity change from 0 to 65536
[   46.466878] XFS (loop0): bad version
[   46.467447] XFS (loop0): SB validate failed with error -22.
[   46.655554] loop0: detected capacity change from 0 to 65536
[   46.658153] XFS (loop0): bad version
[   46.658722] XFS (loop0): SB validate failed with error -22.
[   46.875105] loop0: detected capacity change from 0 to 65536
[   46.876715] XFS (loop0): bad version
[   46.877484] XFS (loop0): SB validate failed with error -22.
[   47.070631] loop0: detected capacity change from 0 to 65536
[   47.072321] XFS (loop0): bad version
[   47.072974] XFS (loop0): SB validate failed with error -22.
[   47.283906] loop0: detected capacity change from 0 to 65536
[   47.285607] XFS (loop0): bad version
[   47.286189] XFS (loop0): SB validate failed with error -22.
[   47.497771] loop0: detected capacity change from 0 to 65536
[   47.499398] XFS (loop0): bad version
[   47.499972] XFS (loop0): SB validate failed with error -22.
[   47.684072] loop0: detected capacity change from 0 to 65536
[   47.685632] XFS (loop0): bad version
[   47.686190] XFS (loop0): SB validate failed with error -22.
[   47.884590] loop0: detected capacity change from 0 to 65536
[   47.886137] XFS (loop0): bad version
[   47.886733] XFS (loop0): SB validate failed with error -22.
[   48.083397] loop0: detected capacity change from 0 to 65536
[   48.085148] XFS (loop0): bad version
[   48.085730] XFS (loop0): SB validate failed with error -22.
[   48.280538] loop0: detected capacity change from 0 to 65536
[   48.282153] XFS (loop0): bad version
[   48.282739] XFS (loop0): SB validate failed with error -22.
[   48.471082] loop0: detected capacity change from 0 to 65536
[   48.472636] XFS (loop0): bad version
[   48.473264] XFS (loop0): SB validate failed with error -22.
[   48.672154] loop0: detected capacity change from 0 to 65536
[   48.673760] XFS (loop0): bad version
[   48.674312] XFS (loop0): SB validate failed with error -22.
[   48.870879] loop0: detected capacity change from 0 to 65536
[   48.872465] XFS (loop0): bad version
[   48.873080] XFS (loop0): SB validate failed with error -22.
[   49.072176] loop0: detected capacity change from 0 to 65536
[   49.073836] XFS (loop0): bad version
[   49.074439] XFS (loop0): SB validate failed with error -22.
[   49.266497] loop0: detected capacity change from 0 to 65536
[   49.268038] XFS (loop0): bad version
[   49.268601] XFS (loop0): SB validate failed with error -22.
[   49.469432] loop0: detected capacity change from 0 to 65536
[   49.471049] XFS (loop0): bad version
[   49.471649] XFS (loop0): SB validate failed with error -22.
[   49.660936] loop0: detected capacity change from 0 to 65536
[   49.662625] XFS (loop0): bad version
[   49.663197] XFS (loop0): SB validate failed with error -22.
[   49.848629] loop0: detected capacity change from 0 to 65536
[   49.850203] XFS (loop0): bad version
[   49.850779] XFS (loop0): SB validate failed with error -22.
[   50.051310] loop0: detected capacity change from 0 to 65536
[   50.052806] XFS (loop0): bad version
[   50.053544] XFS (loop0): SB validate failed with error -22.
[   50.258929] loop0: detected capacity change from 0 to 65536
[   50.260506] XFS (loop0): bad version
[   50.261281] XFS (loop0): SB validate failed with error -22.
[   50.482439] loop0: detected capacity change from 0 to 65536
[   50.484065] XFS (loop0): bad version
[   50.484679] XFS (loop0): SB validate failed with error -22.
[   50.678040] loop0: detected capacity change from 0 to 65536
[   50.679663] XFS (loop0): bad version
[   50.680253] XFS (loop0): SB validate failed with error -22.
[   50.872055] loop0: detected capacity change from 0 to 65536
[   50.873642] XFS (loop0): bad version
[   50.874209] XFS (loop0): SB validate failed with error -22.
[   51.083464] loop0: detected capacity change from 0 to 65536
[   51.085295] XFS (loop0): bad version
[   51.085934] XFS (loop0): SB validate failed with error -22.
[   51.294924] loop0: detected capacity change from 0 to 65536
[   51.296502] XFS (loop0): bad version
[   51.297279] XFS (loop0): SB validate failed with error -22.
[   51.500510] loop0: detected capacity change from 0 to 65536
[   51.502140] XFS (loop0): bad version
[   51.502731] XFS (loop0): SB validate failed with error -22.
[   51.686830] loop0: detected capacity change from 0 to 65536
[   51.688412] XFS (loop0): bad version
[   51.689183] XFS (loop0): SB validate failed with error -22.
[   51.904504] loop0: detected capacity change from 0 to 65536
[   51.906153] XFS (loop0): bad version
[   51.906757] XFS (loop0): SB validate failed with error -22.
[   52.099384] loop0: detected capacity change from 0 to 65536
[   52.101122] XFS (loop0): bad version
[   52.101709] XFS (loop0): SB validate failed with error -22.
[   52.300478] loop0: detected capacity change from 0 to 65536
[   52.302027] XFS (loop0): bad version
[   52.302611] XFS (loop0): SB validate failed with error -22.
[   52.496984] loop0: detected capacity change from 0 to 65536
[   52.498514] XFS (loop0): bad version
[   52.499108] XFS (loop0): SB validate failed with error -22.
[   52.698405] loop0: detected capacity change from 0 to 65536
[   52.699995] XFS (loop0): bad version
[   52.700582] XFS (loop0): SB validate failed with error -22.
[   52.889092] loop0: detected capacity change from 0 to 65536
[   52.890624] XFS (loop0): bad version
[   52.891192] XFS (loop0): SB validate failed with error -22.
[   53.091258] loop0: detected capacity change from 0 to 65536
[   53.092872] XFS (loop0): bad version
[   53.093680] XFS (loop0): SB validate failed with error -22.
[   53.292879] loop0: detected capacity change from 0 to 65536
[   53.294424] XFS (loop0): bad version
[   53.295000] XFS (loop0): SB validate failed with error -22.
[   53.511195] loop0: detected capacity change from 0 to 65536
[   53.512729] XFS (loop0): bad version
[   53.513330] XFS (loop0): SB validate failed with error -22.
[   53.718646] loop0: detected capacity change from 0 to 65536
[   53.720162] XFS (loop0): bad version
[   53.720733] XFS (loop0): SB validate failed with error -22.
[   53.921774] loop0: detected capacity change from 0 to 65536
[   53.923368] XFS (loop0): bad version
[   53.923946] XFS (loop0): SB validate failed with error -22.
[   54.115564] loop0: detected capacity change from 0 to 65536
[   54.117329] XFS (loop0): bad version
[   54.117946] XFS (loop0): SB validate failed with error -22.
[   54.321184] loop0: detected capacity change from 0 to 65536
[   54.322712] XFS (loop0): bad version
[   54.323284] XFS (loop0): SB validate failed with error -22.
[   54.508070] loop0: detected capacity change from 0 to 65536
[   54.509693] XFS (loop0): bad version
[   54.510280] XFS (loop0): SB validate failed with error -22.
[   54.720705] loop0: detected capacity change from 0 to 65536
[   54.722437] XFS (loop0): bad version
[   54.723053] XFS (loop0): SB validate failed with error -22.
[   54.928762] loop0: detected capacity change from 0 to 65536
[   54.930490] XFS (loop0): bad version
[   54.931116] XFS (loop0): SB validate failed with error -22.
[   55.124550] loop0: detected capacity change from 0 to 65536
[   55.126141] XFS (loop0): bad version
[   55.126720] XFS (loop0): SB validate failed with error -22.
[   55.313226] loop0: detected capacity change from 0 to 65536
[   55.314866] XFS (loop0): bad version
[   55.315446] XFS (loop0): SB validate failed with error -22.
[   55.515124] loop0: detected capacity change from 0 to 65536
[   55.516675] XFS (loop0): bad version
[   55.517417] XFS (loop0): SB validate failed with error -22.
[   55.721974] loop0: detected capacity change from 0 to 65536
[   55.723510] XFS (loop0): bad version
[   55.724097] XFS (loop0): SB validate failed with error -22.
[   55.930586] loop0: detected capacity change from 0 to 65536
[   55.932140] XFS (loop0): bad version
[   55.932699] XFS (loop0): SB validate failed with error -22.
[   56.137239] loop0: detected capacity change from 0 to 65536
[   56.138812] XFS (loop0): bad version
[   56.139384] XFS (loop0): SB validate failed with error -22.
[   56.338565] loop0: detected capacity change from 0 to 65536
[   56.340170] XFS (loop0): bad version
[   56.340763] XFS (loop0): SB validate failed with error -22.
[   56.533051] loop0: detected capacity change from 0 to 65536
[   56.534595] XFS (loop0): bad version
[   56.535188] XFS (loop0): SB validate failed with error -22.
[   56.724665] loop0: detected capacity change from 0 to 65536
[   56.726227] XFS (loop0): bad version
[   56.726802] XFS (loop0): SB validate failed with error -22.
[   56.933466] loop0: detected capacity change from 0 to 65536
[   56.935202] XFS (loop0): bad version
[   56.935846] XFS (loop0): SB validate failed with error -22.
[   57.139964] loop0: detected capacity change from 0 to 65536
[   57.141588] XFS (loop0): bad version
[   57.142177] XFS (loop0): SB validate failed with error -22.
[   57.339302] loop0: detected capacity change from 0 to 65536
[   57.341983] XFS (loop0): bad version
[   57.342573] XFS (loop0): SB validate failed with error -22.
[   57.536271] loop0: detected capacity change from 0 to 65536
[   57.537925] XFS (loop0): bad version
[   57.538526] XFS (loop0): SB validate failed with error -22.
[   57.737575] loop0: detected capacity change from 0 to 65536
[   57.739140] XFS (loop0): bad version
[   57.739709] XFS (loop0): SB validate failed with error -22.
[   57.932224] loop0: detected capacity change from 0 to 65536
[   57.933828] XFS (loop0): bad version
[   57.934409] XFS (loop0): SB validate failed with error -22.
[   58.123641] loop0: detected capacity change from 0 to 65536
[   58.126121] XFS (loop0): bad version
[   58.126687] XFS (loop0): SB validate failed with error -22.
[   58.310619] loop0: detected capacity change from 0 to 65536
[   58.312251] XFS (loop0): bad version
[   58.312873] XFS (loop0): SB validate failed with error -22.
[   58.505782] loop0: detected capacity change from 0 to 65536
[   58.507444] XFS (loop0): bad version
[   58.508081] XFS (loop0): SB validate failed with error -22.
[   58.716101] loop0: detected capacity change from 0 to 65536
[   58.717713] XFS (loop0): bad version
[   58.718293] XFS (loop0): SB validate failed with error -22.
[   58.913689] loop0: detected capacity change from 0 to 65536
[   58.915293] XFS (loop0): bad version
[   58.915880] XFS (loop0): SB validate failed with error -22.
[   59.121649] loop0: detected capacity change from 0 to 65536
[   59.123185] XFS (loop0): bad version
[   59.123769] XFS (loop0): SB validate failed with error -22.
[   59.326227] loop0: detected capacity change from 0 to 65536
[   59.327808] XFS (loop0): bad version
[   59.328383] XFS (loop0): SB validate failed with error -22.
[   59.515072] loop0: detected capacity change from 0 to 65536
[   59.516749] XFS (loop0): bad version
[   59.517570] XFS (loop0): SB validate failed with error -22.
[   59.706380] loop0: detected capacity change from 0 to 65536
[   59.707895] XFS (loop0): bad version
[   59.708465] XFS (loop0): SB validate failed with error -22.
[   59.896072] loop0: detected capacity change from 0 to 65536
[   59.897752] XFS (loop0): bad version
[   59.898360] XFS (loop0): SB validate failed with error -22.
[   60.090644] loop0: detected capacity change from 0 to 65536
[   60.092305] XFS (loop0): bad version
[   60.093112] XFS (loop0): SB validate failed with error -22.
[   60.297851] loop0: detected capacity change from 0 to 65536
[   60.299384] XFS (loop0): bad version
[   60.299957] XFS (loop0): SB validate failed with error -22.
[   60.491656] loop0: detected capacity change from 0 to 65536
[   60.493336] XFS (loop0): bad version
[   60.493921] XFS (loop0): SB validate failed with error -22.
[   60.702511] loop0: detected capacity change from 0 to 65536
[   60.704185] XFS (loop0): bad version
[   60.704825] XFS (loop0): SB validate failed with error -22.
[   60.897076] loop0: detected capacity change from 0 to 65536
[   60.898720] XFS (loop0): bad version
[   60.899358] XFS (loop0): SB validate failed with error -22.
[   61.100492] loop0: detected capacity change from 0 to 65536
[   61.102239] XFS (loop0): bad version
[   61.102865] XFS (loop0): SB validate failed with error -22.
[   61.306920] loop0: detected capacity change from 0 to 65536
[   61.308500] XFS (loop0): bad version
[   61.309129] XFS (loop0): SB validate failed with error -22.
[   61.503457] loop0: detected capacity change from 0 to 65536
[   61.505206] XFS (loop0): bad version
[   61.505826] XFS (loop0): SB validate failed with error -22.
[   61.699368] loop0: detected capacity change from 0 to 65536
[   61.700961] XFS (loop0): bad version
[   61.701568] XFS (loop0): SB validate failed with error -22.
[   61.905870] loop0: detected capacity change from 0 to 65536
[   61.907488] XFS (loop0): bad version
[   61.908073] XFS (loop0): SB validate failed with error -22.
[   62.097848] loop0: detected capacity change from 0 to 65536
[   62.099448] XFS (loop0): bad version
[   62.100052] XFS (loop0): SB validate failed with error -22.
[   62.291735] loop0: detected capacity change from 0 to 65536
[   62.293535] XFS (loop0): bad version
[   62.294126] XFS (loop0): SB validate failed with error -22.
[   62.486176] loop0: detected capacity change from 0 to 65536
[   62.487721] XFS (loop0): bad version
[   62.488310] XFS (loop0): SB validate failed with error -22.
[   62.690894] loop0: detected capacity change from 0 to 65536
[   62.692549] XFS (loop0): bad version
[   62.693368] XFS (loop0): SB validate failed with error -22.
[   62.890812] loop0: detected capacity change from 0 to 65536
[   62.892422] XFS (loop0): bad version
[   62.893245] XFS (loop0): SB validate failed with error -22.
[   63.101747] loop0: detected capacity change from 0 to 65536
[   63.103335] XFS (loop0): bad version
[   63.103912] XFS (loop0): SB validate failed with error -22.
[   63.306343] loop0: detected capacity change from 0 to 65536
[   63.307936] XFS (loop0): bad version
[   63.308539] XFS (loop0): SB validate failed with error -22.
[   63.514829] loop0: detected capacity change from 0 to 65536
[   63.516407] XFS (loop0): bad version
[   63.517024] XFS (loop0): SB validate failed with error -22.
[   63.720879] loop0: detected capacity change from 0 to 65536
[   63.722519] XFS (loop0): bad version
[   63.723106] XFS (loop0): SB validate failed with error -22.
[   63.915054] loop0: detected capacity change from 0 to 65536
[   63.916694] XFS (loop0): bad version
[   63.917492] XFS (loop0): SB validate failed with error -22.
[   64.107676] loop0: detected capacity change from 0 to 65536
[   64.111404] XFS (loop0): bad version
[   64.112007] XFS (loop0): SB validate failed with error -22.
[   64.311893] loop0: detected capacity change from 0 to 65536
[   64.313727] XFS (loop0): bad version
[   64.314372] XFS (loop0): SB validate failed with error -22.
[   64.535607] loop0: detected capacity change from 0 to 65536
[   64.540348] XFS (loop0): bad version
[   64.540995] XFS (loop0): SB validate failed with error -22.
[   64.741902] loop0: detected capacity change from 0 to 65536
[   64.743562] XFS (loop0): bad version
[   64.744164] XFS (loop0): SB validate failed with error -22.
[   64.940661] loop0: detected capacity change from 0 to 65536
[   64.942257] XFS (loop0): bad version
[   64.942838] XFS (loop0): SB validate failed with error -22.
[   65.143908] loop0: detected capacity change from 0 to 65536
[   65.145678] XFS (loop0): bad version
[   65.146286] XFS (loop0): SB validate failed with error -22.
[   65.339453] loop0: detected capacity change from 0 to 65536
[   65.341058] XFS (loop0): bad version
[   65.341635] XFS (loop0): SB validate failed with error -22.
[   65.534266] loop0: detected capacity change from 0 to 65536
[   65.535845] XFS (loop0): bad version
[   65.536422] XFS (loop0): SB validate failed with error -22.
[   65.733538] loop0: detected capacity change from 0 to 65536
[   65.735133] XFS (loop0): bad version
[   65.735711] XFS (loop0): SB validate failed with error -22.
[   65.927531] loop0: detected capacity change from 0 to 65536
[   65.929272] XFS (loop0): bad version
[   65.929872] XFS (loop0): SB validate failed with error -22.
[   66.127642] loop0: detected capacity change from 0 to 65536
[   66.129481] XFS (loop0): bad version
[   66.130080] XFS (loop0): SB validate failed with error -22.
[   66.328072] loop0: detected capacity change from 0 to 65536
[   66.329687] XFS (loop0): bad version
[   66.330264] XFS (loop0): SB validate failed with error -22.
[   66.534516] loop0: detected capacity change from 0 to 65536
[   66.536117] XFS (loop0): bad version
[   66.536719] XFS (loop0): SB validate failed with error -22.
[   66.731997] loop0: detected capacity change from 0 to 65536
[   66.733724] XFS (loop0): bad version
[   66.734333] XFS (loop0): SB validate failed with error -22.
[   66.946346] loop0: detected capacity change from 0 to 65536
[   66.947860] XFS (loop0): bad version
[   66.948416] XFS (loop0): SB validate failed with error -22.
[   67.158343] loop0: detected capacity change from 0 to 65536
[   67.159971] XFS (loop0): bad version
[   67.160555] XFS (loop0): SB validate failed with error -22.
[   67.373578] loop0: detected capacity change from 0 to 65536
[   67.375150] XFS (loop0): bad version
[   67.375739] XFS (loop0): SB validate failed with error -22.
[   67.561445] loop0: detected capacity change from 0 to 65536
[   67.562997] XFS (loop0): bad version
[   67.563595] XFS (loop0): SB validate failed with error -22.
[   67.761673] loop0: detected capacity change from 0 to 65536
[   67.763191] XFS (loop0): bad version
[   67.763780] XFS (loop0): SB validate failed with error -22.
[   67.965879] loop0: detected capacity change from 0 to 65536
[   67.967429] XFS (loop0): bad version
[   67.968011] XFS (loop0): SB validate failed with error -22.
[   68.164828] loop0: detected capacity change from 0 to 65536
[   68.166492] XFS (loop0): bad version
[   68.167091] XFS (loop0): SB validate failed with error -22.
[   68.369075] loop0: detected capacity change from 0 to 65536
[   68.370669] XFS (loop0): bad version
[   68.371262] XFS (loop0): SB validate failed with error -22.
[   68.570472] loop0: detected capacity change from 0 to 65536
[   68.572081] XFS (loop0): bad version
[   68.572696] XFS (loop0): SB validate failed with error -22.
[   68.769699] loop0: detected capacity change from 0 to 65536
[   68.771229] XFS (loop0): bad version
[   68.771800] XFS (loop0): SB validate failed with error -22.
[   68.974415] loop0: detected capacity change from 0 to 65536
[   68.975966] XFS (loop0): bad version
[   68.976562] XFS (loop0): SB validate failed with error -22.
[   69.173240] loop0: detected capacity change from 0 to 65536
[   69.174837] XFS (loop0): bad version
[   69.175442] XFS (loop0): SB validate failed with error -22.
[   69.374130] loop0: detected capacity change from 0 to 65536
[   69.375703] XFS (loop0): bad version
[   69.376304] XFS (loop0): SB validate failed with error -22.
[   69.573894] loop0: detected capacity change from 0 to 65536
[   69.575418] XFS (loop0): bad version
[   69.575995] XFS (loop0): SB validate failed with error -22.
[   69.770707] loop0: detected capacity change from 0 to 65536
[   69.772281] XFS (loop0): bad version
[   69.772854] XFS (loop0): SB validate failed with error -22.
[   69.972499] loop0: detected capacity change from 0 to 65536
[   69.974173] XFS (loop0): bad version
[   69.974784] XFS (loop0): SB validate failed with error -22.
[   70.173183] loop0: detected capacity change from 0 to 65536
[   70.174771] XFS (loop0): bad version
[   70.175361] XFS (loop0): SB validate failed with error -22.
[   70.372267] loop0: detected capacity change from 0 to 65536
[   70.373855] XFS (loop0): bad version
[   70.374453] XFS (loop0): SB validate failed with error -22.
[   70.574942] loop0: detected capacity change from 0 to 65536
[   70.576483] XFS (loop0): bad version
[   70.577240] XFS (loop0): SB validate failed with error -22.
[   70.772676] loop0: detected capacity change from 0 to 65536
[   70.774244] XFS (loop0): bad version
[   70.774841] XFS (loop0): SB validate failed with error -22.
[   70.967808] loop0: detected capacity change from 0 to 65536
[   70.969837] XFS (loop0): bad version
[   70.970600] XFS (loop0): SB validate failed with error -22.
[   71.185410] loop0: detected capacity change from 0 to 65536
[   71.187323] XFS (loop0): bad version
[   71.188062] XFS (loop0): SB validate failed with error -22.
[   71.392068] loop0: detected capacity change from 0 to 65536
[   71.393669] XFS (loop0): bad version
[   71.394238] XFS (loop0): SB validate failed with error -22.
[   71.583028] loop0: detected capacity change from 0 to 65536
[   71.584573] XFS (loop0): bad version
[   71.585341] XFS (loop0): SB validate failed with error -22.
[   71.778797] loop0: detected capacity change from 0 to 65536
[   71.780328] XFS (loop0): bad version
[   71.780936] XFS (loop0): SB validate failed with error -22.
[   71.975610] loop0: detected capacity change from 0 to 65536
[   71.977458] XFS (loop0): bad version
[   71.978122] XFS (loop0): SB validate failed with error -22.
[   72.180817] loop0: detected capacity change from 0 to 65536
[   72.182449] XFS (loop0): bad version
[   72.183049] XFS (loop0): SB validate failed with error -22.
[   72.387263] loop0: detected capacity change from 0 to 65536
[   72.388856] XFS (loop0): bad version
[   72.389470] XFS (loop0): SB validate failed with error -22.
[   72.577420] loop0: detected capacity change from 0 to 65536
[   72.578985] XFS (loop0): bad version
[   72.579556] XFS (loop0): SB validate failed with error -22.
[   72.781006] loop0: detected capacity change from 0 to 65536
[   72.782566] XFS (loop0): bad version
[   72.783169] XFS (loop0): SB validate failed with error -22.
[   72.983586] loop0: detected capacity change from 0 to 65536
[   72.985312] XFS (loop0): bad version
[   72.985894] XFS (loop0): SB validate failed with error -22.
[   73.185460] loop0: detected capacity change from 0 to 65536
[   73.187024] XFS (loop0): bad version
[   73.187610] XFS (loop0): SB validate failed with error -22.
[   73.367844] loop0: detected capacity change from 0 to 65536
[   73.370530] XFS (loop0): bad version
[   73.371114] XFS (loop0): SB validate failed with error -22.
[   73.577670] loop0: detected capacity change from 0 to 65536
[   73.579214] XFS (loop0): bad version
[   73.579810] XFS (loop0): SB validate failed with error -22.
[   73.779135] loop0: detected capacity change from 0 to 65536
[   73.780694] XFS (loop0): bad version
[   73.781311] XFS (loop0): SB validate failed with error -22.
[   73.990043] loop0: detected capacity change from 0 to 65536
[   73.991705] XFS (loop0): bad version
[   73.992336] XFS (loop0): SB validate failed with error -22.
[   74.192208] loop0: detected capacity change from 0 to 65536
[   74.193759] XFS (loop0): bad version
[   74.194348] XFS (loop0): SB validate failed with error -22.
[   74.400119] loop0: detected capacity change from 0 to 65536
[   74.401701] XFS (loop0): bad version
[   74.402275] XFS (loop0): SB validate failed with error -22.
[   74.593954] loop0: detected capacity change from 0 to 65536
[   74.595517] XFS (loop0): bad version
[   74.596112] XFS (loop0): SB validate failed with error -22.
[   74.788667] loop0: detected capacity change from 0 to 65536
[   74.790557] XFS (loop0): bad version
[   74.791318] XFS (loop0): SB validate failed with error -22.
[   74.988859] loop0: detected capacity change from 0 to 65536
[   74.990492] XFS (loop0): bad version
[   74.991072] XFS (loop0): SB validate failed with error -22.
[   75.182926] loop0: detected capacity change from 0 to 65536
[   75.184517] XFS (loop0): bad version
[   75.185141] XFS (loop0): SB validate failed with error -22.
[   75.377491] loop0: detected capacity change from 0 to 65536
[   75.379047] XFS (loop0): bad version
[   75.379656] XFS (loop0): SB validate failed with error -22.
[   75.569687] loop0: detected capacity change from 0 to 65536
[   75.572314] XFS (loop0): bad version
[   75.573337] XFS (loop0): SB validate failed with error -22.
[   75.771751] loop0: detected capacity change from 0 to 65536
[   75.773505] XFS (loop0): bad version
[   75.774092] XFS (loop0): SB validate failed with error -22.
[   75.986062] loop0: detected capacity change from 0 to 65536
[   75.987616] XFS (loop0): bad version
[   75.988217] XFS (loop0): SB validate failed with error -22.
[   76.178784] loop0: detected capacity change from 0 to 65536
[   76.180668] XFS (loop0): bad version
[   76.181522] XFS (loop0): SB validate failed with error -22.
[   76.393030] loop0: detected capacity change from 0 to 65536
[   76.394647] XFS (loop0): bad version
[   76.395225] XFS (loop0): SB validate failed with error -22.
[   76.605604] loop0: detected capacity change from 0 to 65536
[   76.607150] XFS (loop0): bad version
[   76.607721] XFS (loop0): SB validate failed with error -22.
[   76.798329] loop0: detected capacity change from 0 to 65536
[   76.799858] XFS (loop0): bad version
[   76.800449] XFS (loop0): SB validate failed with error -22.
[   77.000201] loop0: detected capacity change from 0 to 65536
[   77.001801] XFS (loop0): bad version
[   77.002376] XFS (loop0): SB validate failed with error -22.
[   77.210628] loop0: detected capacity change from 0 to 65536
[   77.212177] XFS (loop0): bad version
[   77.212749] XFS (loop0): SB validate failed with error -22.
[   77.395846] loop0: detected capacity change from 0 to 65536
[   77.398390] XFS (loop0): bad version
[   77.399032] XFS (loop0): SB validate failed with error -22.
[   77.605852] loop0: detected capacity change from 0 to 65536
[   77.607449] XFS (loop0): bad version
[   77.608048] XFS (loop0): SB validate failed with error -22.
[   77.797332] loop0: detected capacity change from 0 to 65536
[   77.798910] XFS (loop0): bad version
[   77.799494] XFS (loop0): SB validate failed with error -22.
[   77.985982] loop0: detected capacity change from 0 to 65536
[   77.987586] XFS (loop0): bad version
[   77.988166] XFS (loop0): SB validate failed with error -22.
[   78.186910] loop0: detected capacity change from 0 to 65536
[   78.188544] XFS (loop0): bad version
[   78.189180] XFS (loop0): SB validate failed with error -22.
[   78.380580] loop0: detected capacity change from 0 to 65536
[   78.382183] XFS (loop0): bad version
[   78.382773] XFS (loop0): SB validate failed with error -22.
[   78.568813] loop0: detected capacity change from 0 to 65536
[   78.570507] XFS (loop0): bad version
[   78.571124] XFS (loop0): SB validate failed with error -22.
[   78.760163] loop0: detected capacity change from 0 to 65536
[   78.761735] XFS (loop0): bad version
[   78.762313] XFS (loop0): SB validate failed with error -22.
[   78.954646] loop0: detected capacity change from 0 to 65536
[   78.956202] XFS (loop0): bad version
[   78.956771] XFS (loop0): SB validate failed with error -22.
[   79.155395] loop0: detected capacity change from 0 to 65536
[   79.157079] XFS (loop0): bad version
[   79.157628] XFS (loop0): SB validate failed with error -22.
[   79.372256] loop0: detected capacity change from 0 to 65536
[   79.373896] XFS (loop0): bad version
[   79.374500] XFS (loop0): SB validate failed with error -22.
[   79.569885] loop0: detected capacity change from 0 to 65536
[   79.571514] XFS (loop0): bad version
[   79.572107] XFS (loop0): SB validate failed with error -22.
[   79.763493] loop0: detected capacity change from 0 to 65536
[   79.765256] XFS (loop0): bad version
[   79.765859] XFS (loop0): SB validate failed with error -22.
[   79.958345] loop0: detected capacity change from 0 to 65536
[   79.959916] XFS (loop0): bad version
[   79.960494] XFS (loop0): SB validate failed with error -22.
[   80.176782] loop0: detected capacity change from 0 to 65536
[   80.178567] XFS (loop0): bad version
[   80.179207] XFS (loop0): SB validate failed with error -22.
[   80.372308] loop0: detected capacity change from 0 to 65536
[   80.373882] XFS (loop0): bad version
[   80.374456] XFS (loop0): SB validate failed with error -22.
[   80.576833] loop0: detected capacity change from 0 to 65536
[   80.578356] XFS (loop0): bad version
[   80.578916] XFS (loop0): SB validate failed with error -22.
[   80.786512] loop0: detected capacity change from 0 to 65536
[   80.788081] XFS (loop0): bad version
[   80.788667] XFS (loop0): SB validate failed with error -22.
[   80.987722] loop0: detected capacity change from 0 to 65536
[   80.989485] XFS (loop0): bad version
[   80.990081] XFS (loop0): SB validate failed with error -22.
[   81.190545] loop0: detected capacity change from 0 to 65536
[   81.192241] XFS (loop0): bad version
[   81.192866] XFS (loop0): SB validate failed with error -22.
[   81.404163] loop0: detected capacity change from 0 to 65536
[   81.405730] XFS (loop0): bad version
[   81.406305] XFS (loop0): SB validate failed with error -22.
[   81.621774] loop0: detected capacity change from 0 to 65536
[   81.623392] XFS (loop0): bad version
[   81.623965] XFS (loop0): SB validate failed with error -22.
[   81.821051] loop0: detected capacity change from 0 to 65536
[   81.822642] XFS (loop0): bad version
[   81.823255] XFS (loop0): SB validate failed with error -22.
[   82.011850] loop0: detected capacity change from 0 to 65536
[   82.013534] XFS (loop0): bad version
[   82.014139] XFS (loop0): SB validate failed with error -22.
[   82.221177] loop0: detected capacity change from 0 to 65536
[   82.222747] XFS (loop0): bad version
[   82.223321] XFS (loop0): SB validate failed with error -22.
[   82.428793] loop0: detected capacity change from 0 to 65536
[   82.430315] XFS (loop0): bad version
[   82.430880] XFS (loop0): SB validate failed with error -22.
[   82.617553] loop0: detected capacity change from 0 to 65536
[   82.619403] XFS (loop0): bad version
[   82.620150] XFS (loop0): SB validate failed with error -22.
[   82.806173] loop0: detected capacity change from 0 to 65536
[   82.807813] XFS (loop0): bad version
[   82.808413] XFS (loop0): SB validate failed with error -22.
[   82.999165] loop0: detected capacity change from 0 to 65536
[   83.001154] XFS (loop0): bad version
[   83.001861] XFS (loop0): SB validate failed with error -22.
[   83.211129] loop0: detected capacity change from 0 to 65536
[   83.212710] XFS (loop0): bad version
[   83.213332] XFS (loop0): SB validate failed with error -22.
[   83.411867] loop0: detected capacity change from 0 to 65536
[   83.413623] XFS (loop0): bad version
[   83.414208] XFS (loop0): SB validate failed with error -22.
[   83.607861] loop0: detected capacity change from 0 to 65536
[   83.609800] XFS (loop0): bad version
[   83.610422] XFS (loop0): SB validate failed with error -22.
[   83.817665] loop0: detected capacity change from 0 to 65536
[   83.819220] XFS (loop0): bad version
[   83.819809] XFS (loop0): SB validate failed with error -22.
[   84.020589] loop0: detected capacity change from 0 to 65536
[   84.022203] XFS (loop0): bad version
[   84.022794] XFS (loop0): SB validate failed with error -22.
[   84.234184] loop0: detected capacity change from 0 to 65536
[   84.235756] XFS (loop0): bad version
[   84.236339] XFS (loop0): SB validate failed with error -22.
[   84.437365] loop0: detected capacity change from 0 to 65536
[   84.438958] XFS (loop0): bad version
[   84.439529] XFS (loop0): SB validate failed with error -22.
[   84.636709] loop0: detected capacity change from 0 to 65536
[   84.638294] XFS (loop0): bad version
[   84.638874] XFS (loop0): SB validate failed with error -22.
[   84.826682] loop0: detected capacity change from 0 to 65536
[   84.828202] XFS (loop0): bad version
[   84.828786] XFS (loop0): SB validate failed with error -22.
[   85.021082] loop0: detected capacity change from 0 to 65536
[   85.022730] XFS (loop0): bad version
[   85.023346] XFS (loop0): SB validate failed with error -22.
[   85.217638] loop0: detected capacity change from 0 to 65536
[   85.219257] XFS (loop0): bad version
[   85.219851] XFS (loop0): SB validate failed with error -22.
[   85.421921] loop0: detected capacity change from 0 to 65536
[   85.423484] XFS (loop0): bad version
[   85.424268] XFS (loop0): SB validate failed with error -22.
[   85.626569] loop0: detected capacity change from 0 to 65536
[   85.628119] XFS (loop0): bad version
[   85.628697] XFS (loop0): SB validate failed with error -22.
[   85.817298] loop0: detected capacity change from 0 to 65536
[   85.818885] XFS (loop0): bad version
[   85.819490] XFS (loop0): SB validate failed with error -22.
[   86.014334] loop0: detected capacity change from 0 to 65536
[   86.015903] XFS (loop0): bad version
[   86.016480] XFS (loop0): SB validate failed with error -22.
[   86.205295] loop0: detected capacity change from 0 to 65536
[   86.206873] XFS (loop0): bad version
[   86.207440] XFS (loop0): SB validate failed with error -22.
[   86.403369] loop0: detected capacity change from 0 to 65536
[   86.405587] XFS (loop0): bad version
[   86.406195] XFS (loop0): SB validate failed with error -22.
[   86.606750] loop0: detected capacity change from 0 to 65536
[   86.608270] XFS (loop0): bad version
[   86.608842] XFS (loop0): SB validate failed with error -22.
[   86.807809] loop0: detected capacity change from 0 to 65536
[   86.809592] XFS (loop0): bad version
[   86.810219] XFS (loop0): SB validate failed with error -22.
[   87.005160] loop0: detected capacity change from 0 to 65536
[   87.006823] XFS (loop0): bad version
[   87.007449] XFS (loop0): SB validate failed with error -22.
[   87.202375] loop0: detected capacity change from 0 to 65536
[   87.203953] XFS (loop0): bad version
[   87.204562] XFS (loop0): SB validate failed with error -22.
[   87.398579] loop0: detected capacity change from 0 to 65536
[   87.400162] XFS (loop0): bad version
[   87.400742] XFS (loop0): SB validate failed with error -22.
[   87.598340] loop0: detected capacity change from 0 to 65536
[   87.599971] XFS (loop0): bad version
[   87.600577] XFS (loop0): SB validate failed with error -22.
[   87.806351] loop0: detected capacity change from 0 to 65536
[   87.807922] XFS (loop0): bad version
[   87.808498] XFS (loop0): SB validate failed with error -22.
[   87.993872] loop0: detected capacity change from 0 to 65536
[   87.995435] XFS (loop0): bad version
[   87.996010] XFS (loop0): SB validate failed with error -22.
[   88.180982] loop0: detected capacity change from 0 to 65536
[   88.182559] XFS (loop0): bad version
[   88.183145] XFS (loop0): SB validate failed with error -22.
[   88.365743] loop0: detected capacity change from 0 to 65536
[   88.367298] XFS (loop0): bad version
[   88.367877] XFS (loop0): SB validate failed with error -22.
[   88.565609] loop0: detected capacity change from 0 to 65536
[   88.567138] XFS (loop0): bad version
[   88.567706] XFS (loop0): SB validate failed with error -22.
[   88.774242] loop0: detected capacity change from 0 to 65536
[   88.775906] XFS (loop0): bad version
[   88.776523] XFS (loop0): SB validate failed with error -22.
[   88.962883] loop0: detected capacity change from 0 to 65536
[   88.964485] XFS (loop0): bad version
[   88.965265] XFS (loop0): SB validate failed with error -22.
[   89.167368] loop0: detected capacity change from 0 to 65536
[   89.169006] XFS (loop0): bad version
[   89.169590] XFS (loop0): SB validate failed with error -22.
[   89.360889] loop0: detected capacity change from 0 to 65536
[   89.362491] XFS (loop0): bad version
[   89.363075] XFS (loop0): SB validate failed with error -22.
[   89.552053] loop0: detected capacity change from 0 to 65536
[   89.553599] XFS (loop0): bad version
[   89.554172] XFS (loop0): SB validate failed with error -22.
[   89.764741] loop0: detected capacity change from 0 to 65536
[   89.766325] XFS (loop0): bad version
[   89.766880] XFS (loop0): SB validate failed with error -22.
[   89.961179] loop0: detected capacity change from 0 to 65536
[   89.962700] XFS (loop0): bad version
[   89.963268] XFS (loop0): SB validate failed with error -22.
[   90.156436] loop0: detected capacity change from 0 to 65536
[   90.158121] XFS (loop0): bad version
[   90.158731] XFS (loop0): SB validate failed with error -22.
[   90.361472] loop0: detected capacity change from 0 to 65536
[   90.363051] XFS (loop0): bad version
[   90.363645] XFS (loop0): SB validate failed with error -22.
[   90.563853] loop0: detected capacity change from 0 to 65536
[   90.566636] XFS (loop0): bad version
[   90.567203] XFS (loop0): SB validate failed with error -22.
[   90.767741] loop0: detected capacity change from 0 to 65536
[   90.769506] XFS (loop0): bad version
[   90.770110] XFS (loop0): SB validate failed with error -22.
[   90.972051] loop0: detected capacity change from 0 to 65536
[   90.973581] XFS (loop0): bad version
[   90.974151] XFS (loop0): SB validate failed with error -22.
[   91.182404] loop0: detected capacity change from 0 to 65536
[   91.183985] XFS (loop0): bad version
[   91.184583] XFS (loop0): SB validate failed with error -22.
[   91.373352] loop0: detected capacity change from 0 to 65536
[   91.375062] XFS (loop0): bad version
[   91.375720] XFS (loop0): SB validate failed with error -22.
[   91.568094] loop0: detected capacity change from 0 to 65536
[   91.569719] XFS (loop0): bad version
[   91.570308] XFS (loop0): SB validate failed with error -22.
[   91.753796] loop0: detected capacity change from 0 to 65536
[   91.755344] XFS (loop0): bad version
[   91.755924] XFS (loop0): SB validate failed with error -22.
[   91.942419] loop0: detected capacity change from 0 to 65536
[   91.943998] XFS (loop0): bad version
[   91.944583] XFS (loop0): SB validate failed with error -22.
[   92.166691] loop0: detected capacity change from 0 to 65536
[   92.168294] XFS (loop0): bad version
[   92.168874] XFS (loop0): SB validate failed with error -22.
[   92.359323] loop0: detected capacity change from 0 to 65536
[   92.360864] XFS (loop0): bad version
[   92.361466] XFS (loop0): SB validate failed with error -22.
[   92.551122] loop0: detected capacity change from 0 to 65536
[   92.552741] XFS (loop0): bad version
[   92.553544] XFS (loop0): SB validate failed with error -22.
[   92.746499] loop0: detected capacity change from 0 to 65536
[   92.748110] XFS (loop0): bad version
[   92.748713] XFS (loop0): SB validate failed with error -22.
[   92.942122] loop0: detected capacity change from 0 to 65536
[   92.943702] XFS (loop0): bad version
[   92.944276] XFS (loop0): SB validate failed with error -22.
[   93.155783] loop0: detected capacity change from 0 to 65536
[   93.157499] XFS (loop0): bad version
[   93.158103] XFS (loop0): SB validate failed with error -22.
[   93.366811] loop0: detected capacity change from 0 to 65536
[   93.368396] XFS (loop0): bad version
[   93.369011] XFS (loop0): SB validate failed with error -22.
[   93.587062] loop0: detected capacity change from 0 to 65536
[   93.588640] XFS (loop0): bad version
[   93.589264] XFS (loop0): SB validate failed with error -22.
[   93.785794] loop0: detected capacity change from 0 to 65536
[   93.787411] XFS (loop0): bad version
[   93.787996] XFS (loop0): SB validate failed with error -22.
[   93.975922] loop0: detected capacity change from 0 to 65536
[   93.977634] XFS (loop0): bad version
[   93.978233] XFS (loop0): SB validate failed with error -22.
[   94.186903] loop0: detected capacity change from 0 to 65536
[   94.188463] XFS (loop0): bad version
[   94.189273] XFS (loop0): SB validate failed with error -22.
[   94.397083] loop0: detected capacity change from 0 to 65536
[   94.398761] XFS (loop0): bad version
[   94.399415] XFS (loop0): SB validate failed with error -22.
[   94.617155] loop0: detected capacity change from 0 to 65536
[   94.618755] XFS (loop0): bad version
[   94.619364] XFS (loop0): SB validate failed with error -22.
[   94.814314] loop0: detected capacity change from 0 to 65536
[   94.815900] XFS (loop0): bad version
[   94.816489] XFS (loop0): SB validate failed with error -22.
[   95.020244] loop0: detected capacity change from 0 to 65536
[   95.021884] XFS (loop0): bad version
[   95.022497] XFS (loop0): SB validate failed with error -22.
[   95.219352] loop0: detected capacity change from 0 to 65536
[   95.221031] XFS (loop0): bad version
[   95.221620] XFS (loop0): SB validate failed with error -22.
[   95.425648] loop0: detected capacity change from 0 to 65536
[   95.427190] XFS (loop0): bad version
[   95.427776] XFS (loop0): SB validate failed with error -22.
[   95.624843] loop0: detected capacity change from 0 to 65536
[   95.626442] XFS (loop0): bad version
[   95.627008] XFS (loop0): SB validate failed with error -22.
[   95.821798] loop0: detected capacity change from 0 to 65536
[   95.823345] XFS (loop0): bad version
[   95.823938] XFS (loop0): SB validate failed with error -22.
[   96.020203] loop0: detected capacity change from 0 to 65536
[   96.021835] XFS (loop0): bad version
[   96.022421] XFS (loop0): SB validate failed with error -22.
[   96.222746] loop0: detected capacity change from 0 to 65536
[   96.224321] XFS (loop0): bad version
[   96.225082] XFS (loop0): SB validate failed with error -22.
[   96.417244] loop0: detected capacity change from 0 to 65536
[   96.418836] XFS (loop0): bad version
[   96.419467] XFS (loop0): SB validate failed with error -22.
[   96.615645] loop0: detected capacity change from 0 to 65536
[   96.617348] XFS (loop0): bad version
[   96.617921] XFS (loop0): SB validate failed with error -22.
[   96.826369] loop0: detected capacity change from 0 to 65536
[   96.827863] XFS (loop0): bad version
[   96.828425] XFS (loop0): SB validate failed with error -22.
[   97.013195] loop0: detected capacity change from 0 to 65536
[   97.014810] XFS (loop0): bad version
[   97.015412] XFS (loop0): SB validate failed with error -22.
[   97.203688] loop0: detected capacity change from 0 to 65536
[   97.205434] XFS (loop0): bad version
[   97.206022] XFS (loop0): SB validate failed with error -22.
[   97.412556] loop0: detected capacity change from 0 to 65536
[   97.414150] XFS (loop0): bad version
[   97.414726] XFS (loop0): SB validate failed with error -22.
[   97.625813] loop0: detected capacity change from 0 to 65536
[   97.627363] XFS (loop0): bad version
[   97.627915] XFS (loop0): SB validate failed with error -22.
[   97.816641] loop0: detected capacity change from 0 to 65536
[   97.818244] XFS (loop0): bad version
[   97.818821] XFS (loop0): SB validate failed with error -22.
[   98.021818] loop0: detected capacity change from 0 to 65536
[   98.023321] XFS (loop0): bad version
[   98.023885] XFS (loop0): SB validate failed with error -22.
[   98.229470] loop0: detected capacity change from 0 to 65536
[   98.231074] XFS (loop0): bad version
[   98.231682] XFS (loop0): SB validate failed with error -22.
[   98.424531] loop0: detected capacity change from 0 to 65536
[   98.426117] XFS (loop0): bad version
[   98.426683] XFS (loop0): SB validate failed with error -22.
[   98.628219] loop0: detected capacity change from 0 to 65536
[   98.629847] XFS (loop0): bad version
[   98.630432] XFS (loop0): SB validate failed with error -22.
[   98.832080] loop0: detected capacity change from 0 to 65536
[   98.833751] XFS (loop0): bad version
