c[?7l[2J[0mSeaBIOS (version rel-1.16.0-0-gd239552ce722-prebuilt.qemu.org)


iPXE (http://ipxe.org) 00:03.0 CA00 PCI2.10 PnP PMM+7FF91000+7FEF1000 CA00
Press Ctrl-B to configure iPXE (PCI 00:03.0)...                                                                               


Booting from ROM...
c[?7l[2J[    0.000000] Linux version 5.14.0-477f70cd2a67+ (root@p-rpls01) (gcc (GCC) 8.5.0 20210514 (Red Hat 8.5.0-18), GNU ld version 2.36.1-2.el8) #1 SMP Wed Apr 5 16:25:44 CST 2023
[    0.000000] Command line: console=ttyS0 root=/dev/sda earlyprintk=serial net.ifnames=0
[    0.000000] KERNEL supported cpus:
[    0.000000]   Intel GenuineIntel
[    0.000000]   AMD AuthenticAMD
[    0.000000]   Hygon HygonGenuine
[    0.000000]   Centaur CentaurHauls
[    0.000000]   zhaoxin   Shanghai  
[    0.000000] x86/fpu: Supporting XSAVE feature 0x001: 'x87 floating point registers'
[    0.000000] x86/fpu: Supporting XSAVE feature 0x002: 'SSE registers'
[    0.000000] x86/fpu: Supporting XSAVE feature 0x004: 'AVX registers'
[    0.000000] x86/fpu: Supporting XSAVE feature 0x200: 'Protection Keys User registers'
[    0.000000] x86/fpu: xstate_offset[2]:  576, xstate_sizes[2]:  256
[    0.000000] x86/fpu: xstate_offset[9]:  832, xstate_sizes[9]:    8
[    0.000000] x86/fpu: Enabled xstate features 0x207, context size is 840 bytes, using 'compacted' format.
[    0.000000] signal: max sigframe size: 3632
[    0.000000] BIOS-provided physical RAM map:
[    0.000000] BIOS-e820: [mem 0x0000000000000000-0x000000000009fbff] usable
[    0.000000] BIOS-e820: [mem 0x000000000009fc00-0x000000000009ffff] reserved
[    0.000000] BIOS-e820: [mem 0x00000000000f0000-0x00000000000fffff] reserved
[    0.000000] BIOS-e820: [mem 0x0000000000100000-0x000000007ffdffff] usable
[    0.000000] BIOS-e820: [mem 0x000000007ffe0000-0x000000007fffffff] reserved
[    0.000000] BIOS-e820: [mem 0x00000000feffc000-0x00000000feffffff] reserved
[    0.000000] BIOS-e820: [mem 0x00000000fffc0000-0x00000000ffffffff] reserved
[    0.000000] printk: bootconsole [earlyser0] enabled
[    0.000000] NX (Execute Disable) protection: active
[    0.000000] SMBIOS 2.8 present.
[    0.000000] DMI: QEMU Standard PC (i440FX + PIIX, 1996), BIOS rel-1.16.0-0-gd239552ce722-prebuilt.qemu.org 04/01/2014
[    0.000000] Hypervisor detected: KVM
[    0.000000] kvm-clock: Using msrs 4b564d01 and 4b564d00
[    0.000000] kvm-clock: cpu 0, msr 5401001, primary cpu clock
[    0.000007] kvm-clock: using sched offset of 916673576 cycles
[    0.001409] clocksource: kvm-clock: mask: 0xffffffffffffffff max_cycles: 0x1cd42e4dffb, max_idle_ns: 881590591483 ns
[    0.005449] tsc: Detected 806.400 MHz processor
[    0.018267] last_pfn = 0x7ffe0 max_arch_pfn = 0x400000000
[    0.019780] x86/PAT: Configuration [0-7]: WB  WC  UC- UC  WB  WP  UC- WT  
[    0.034403] found SMP MP-table at [mem 0x000f5ba0-0x000f5baf]
[    0.036193] Using GB pages for direct mapping
[    0.039642] ACPI: Early table checksum verification disabled
[    0.041107] ACPI: RSDP 0x00000000000F59C0 000014 (v00 BOCHS )
[    0.042552] ACPI: RSDT 0x000000007FFE1951 000034 (v01 BOCHS  BXPC     00000001 BXPC 00000001)
[    0.044653] ACPI: FACP 0x000000007FFE17FD 000074 (v01 BOCHS  BXPC     00000001 BXPC 00000001)
[    0.046760] ACPI: DSDT 0x000000007FFE0040 0017BD (v01 BOCHS  BXPC     00000001 BXPC 00000001)
[    0.048824] ACPI: FACS 0x000000007FFE0000 000040
[    0.049954] ACPI: APIC 0x000000007FFE1871 000080 (v01 BOCHS  BXPC     00000001 BXPC 00000001)
[    0.052039] ACPI: HPET 0x000000007FFE18F1 000038 (v01 BOCHS  BXPC     00000001 BXPC 00000001)
[    0.054144] ACPI: WAET 0x000000007FFE1929 000028 (v01 BOCHS  BXPC     00000001 BXPC 00000001)
[    0.056224] ACPI: Reserving FACP table memory at [mem 0x7ffe17fd-0x7ffe1870]
[    0.057930] ACPI: Reserving DSDT table memory at [mem 0x7ffe0040-0x7ffe17fc]
[    0.059645] ACPI: Reserving FACS table memory at [mem 0x7ffe0000-0x7ffe003f]
[    0.061376] ACPI: Reserving APIC table memory at [mem 0x7ffe1871-0x7ffe18f0]
[    0.063120] ACPI: Reserving HPET table memory at [mem 0x7ffe18f1-0x7ffe1928]
[    0.064841] ACPI: Reserving WAET table memory at [mem 0x7ffe1929-0x7ffe1950]
[    0.068646] No NUMA configuration found
[    0.069612] Faking a node at [mem 0x0000000000000000-0x000000007ffdffff]
[    0.071481] NODE_DATA(0) allocated [mem 0x7ffb5000-0x7ffdffff]
[    0.079300] Zone ranges:
[    0.079938]   DMA      [mem 0x0000000000001000-0x0000000000ffffff]
[    0.081457]   DMA32    [mem 0x0000000001000000-0x000000007ffdffff]
[    0.082996]   Normal   empty
[    0.083713]   Device   empty
[    0.084431] Movable zone start for each node
[    0.085487] Early memory node ranges
[    0.086377]   node   0: [mem 0x0000000000001000-0x000000000009efff]
[    0.087914]   node   0: [mem 0x0000000000100000-0x000000007ffdffff]
[    0.089449] Initmem setup node 0 [mem 0x0000000000001000-0x000000007ffdffff]
[    0.102577] On node 0, zone DMA: 1 pages in unavailable ranges
[    0.102657] On node 0, zone DMA: 97 pages in unavailable ranges
[    0.151473] On node 0, zone DMA32: 32 pages in unavailable ranges
[    0.153763] ACPI: PM-Timer IO Port: 0x608
[    0.156336] ACPI: LAPIC_NMI (acpi_id[0xff] dfl dfl lint[0x1])
[    0.157941] IOAPIC[0]: apic_id 0, version 17, address 0xfec00000, GSI 0-23
[    0.159710] ACPI: INT_SRC_OVR (bus 0 bus_irq 0 global_irq 2 dfl dfl)
[    0.161277] ACPI: INT_SRC_OVR (bus 0 bus_irq 5 global_irq 5 high level)
[    0.162929] ACPI: INT_SRC_OVR (bus 0 bus_irq 9 global_irq 9 high level)
[    0.164569] ACPI: INT_SRC_OVR (bus 0 bus_irq 10 global_irq 10 high level)
[    0.166245] ACPI: INT_SRC_OVR (bus 0 bus_irq 11 global_irq 11 high level)
[    0.167943] ACPI: Using ACPI (MADT) for SMP configuration information
[    0.169530] ACPI: HPET id: 0x8086a201 base: 0xfed00000
[    0.170866] TSC deadline timer available
[    0.171844] smpboot: Allowing 2 CPUs, 0 hotplug CPUs
[    0.173257] kvm-guest: KVM setup pv remote TLB flush
[    0.174508] kvm-guest: setup PV sched yield
[    0.175700] PM: hibernation: Registered nosave memory: [mem 0x00000000-0x00000fff]
[    0.177572] PM: hibernation: Registered nosave memory: [mem 0x0009f000-0x0009ffff]
[    0.179455] PM: hibernation: Registered nosave memory: [mem 0x000a0000-0x000effff]
[    0.181309] PM: hibernation: Registered nosave memory: [mem 0x000f0000-0x000fffff]
[    0.183191] [mem 0x80000000-0xfeffbfff] available for PCI devices
[    0.184704] Booting paravirtualized kernel on KVM
[    0.185932] clocksource: refined-jiffies: mask: 0xffffffff max_cycles: 0xffffffff, max_idle_ns: 7645519600211568 ns
[    0.188599] setup_percpu: NR_CPUS:8192 nr_cpumask_bits:2 nr_cpu_ids:2 nr_node_ids:1
[    0.193940] percpu: Embedded 59 pages/cpu s204800 r8192 d28672 u1048576
[    0.196063] kvm-guest: setup async PF for cpu 0
[    0.197195] kvm-guest: stealtime: cpu 0, msr 7dc31080
[    0.198497] kvm-guest: PV spinlocks enabled
[    0.199568] PV qspinlock hash table entries: 256 (order: 0, 4096 bytes, linear)
[    0.201505] Built 1 zonelists, mobility grouping on.  Total pages: 515808
[    0.203224] Policy zone: DMA32
[    0.203996] Kernel command line: net.ifnames=0 console=ttyS0 root=/dev/sda earlyprintk=serial net.ifnames=0
[    0.209566] Dentry cache hash table entries: 262144 (order: 9, 2097152 bytes, linear)
[    0.211907] Inode-cache hash table entries: 131072 (order: 8, 1048576 bytes, linear)
[    0.214029] mem auto-init: stack:off, heap alloc:off, heap free:off
[    0.225986] Memory: 1987472K/2096632K available (30737K kernel code, 5235K rwdata, 7636K rodata, 3236K init, 22028K bss, 108904K reserved, 0K cma-reserved)
[    0.229602] random: get_random_u64 called from __kmem_cache_create+0x2f/0x490 with crng_init=0
[    0.231097] SLUB: HWalign=64, Order=0-3, MinObjects=0, CPUs=2, Nodes=1
[    0.234836] kmemleak: Kernel memory leak detector disabled
[    0.236315] ftrace: allocating 64682 entries in 253 pages
[    0.429522] ftrace: allocated 253 pages with 7 groups
[    0.432273] Running RCU self tests
[    0.433296] rcu: Hierarchical RCU implementation.
[    0.434667] rcu: 	RCU lockdep checking is enabled.
[    0.436042] rcu: 	RCU restricting CPUs from NR_CPUS=8192 to nr_cpu_ids=2.
[    0.438000] 	Trampoline variant of Tasks RCU enabled.
[    0.439467] 	Rude variant of Tasks RCU enabled.
[    0.440827] 	Tracing variant of Tasks RCU enabled.
[    0.442219] rcu: RCU calculated value of scheduler-enlistment delay is 25 jiffies.
[    0.444389] rcu: Adjusting geometry for rcu_fanout_leaf=16, nr_cpu_ids=2
[    0.479841] NR_IRQS: 524544, nr_irqs: 440, preallocated irqs: 16
[    0.507729] Console: colour VGA+ 80x25
[    0.509041] printk: console [ttyS0] enabled
[    0.509041] printk: console [ttyS0] enabled
[    0.511490] printk: bootconsole [earlyser0] disabled
[    0.511490] printk: bootconsole [earlyser0] disabled
[    0.514417] Lock dependency validator: Copyright (c) 2006 Red Hat, Inc., Ingo Molnar
[    0.516652] ... MAX_LOCKDEP_SUBCLASSES:  8
[    0.517861] ... MAX_LOCK_DEPTH:          48
[    0.519115] ... MAX_LOCKDEP_KEYS:        8192
[    0.520390] ... CLASSHASH_SIZE:          4096
[    0.521660] ... MAX_LOCKDEP_ENTRIES:     32768
[    0.523002] ... MAX_LOCKDEP_CHAINS:      65536
[    0.524324] ... CHAINHASH_SIZE:          32768
[    0.525677]  memory used by lock dependency info: 6365 kB
[    0.527313]  memory used for stack traces: 4224 kB
[    0.528760]  per task-struct memory footprint: 1920 bytes
[    0.530427] ACPI: Core revision 20210730
[    0.532088] clocksource: hpet: mask: 0xffffffff max_cycles: 0xffffffff, max_idle_ns: 19112604467 ns
[    0.535068] APIC: Switch to symmetric I/O mode setup
[    0.537302] x2apic enabled
[    0.538876] Switched APIC routing to physical x2apic.
[    0.540587] kvm-guest: setup PV IPIs
[    0.545061] ..TIMER: vector=0x30 apic1=0 pin1=2 apic2=-1 pin2=-1
[    0.546910] clocksource: tsc-early: mask: 0xffffffffffffffff max_cycles: 0xb9fb05486c, max_idle_ns: 440795231721 ns
[    0.550094] Calibrating delay loop (skipped) preset value.. 1612.80 BogoMIPS (lpj=3225600)
[    0.554050] pid_max: default: 32768 minimum: 301
[    0.555544] LSM: Security Framework initializing
[    0.558100] Yama: becoming mindful.
[    0.559456] Mount-cache hash table entries: 4096 (order: 3, 32768 bytes, linear)
[    0.562108] Mountpoint-cache hash table entries: 4096 (order: 3, 32768 bytes, linear)
[    0.567150] CPU0: Thermal monitoring enabled (TM1)
[    0.570257] x86/cpu: User Mode Instruction Prevention (UMIP) activated
[    0.575896] Last level iTLB entries: 4KB 0, 2MB 0, 4MB 0
[    0.577634] Last level dTLB entries: 4KB 0, 2MB 0, 4MB 0, 1GB 0
[    0.578259] Spectre V1 : Mitigation: usercopy/swapgs barriers and __user pointer sanitization
[    0.582068] Spectre V2 : Mitigation: Enhanced IBRS
[    0.583388] Spectre V2 : Spectre v2 / SpectreRSB mitigation: Filling RSB on context switch
[    0.586052] Spectre V2 : mitigation: Enabling conditional Indirect Branch Prediction Barrier
[    0.588351] Speculative Store Bypass: Mitigation: Speculative Store Bypass disabled via prctl and seccomp
[    0.651017] Freeing SMP alternatives memory: 56K
[    0.653943] smpboot: CPU0: Genuine Intel(R) 0000 (family: 0x6, model: 0xb7, stepping: 0x0)
[    0.654039] Running RCU-tasks wait API self tests
[    0.758378] Performance Events: generic architected perfmon, full-width counters, Intel PMU driver.
[    0.761155] ... version:                2
[    0.762052] ... bit width:              48
[    0.763211] ... generic registers:      6
[    0.764358] ... value mask:             0000ffffffffffff
[    0.765866] ... max period:             00007fffffffffff
[    0.766056] ... fixed-purpose events:   3
[    0.767185] ... event mask:             000000070000003f
[    0.768702] Callback from call_rcu_tasks_trace() invoked.
[    0.770848] rcu: Hierarchical SRCU implementation.
[    0.778123] smp: Bringing up secondary CPUs ...
[    0.780467] x86: Booting SMP configuration:
[    0.781670] .... node  #0, CPUs:      #1
[    0.059908] kvm-clock: cpu 1, msr 5401041, secondary cpu clock
[    0.783589] kvm-guest: setup async PF for cpu 1
[    0.784577] kvm-guest: stealtime: cpu 1, msr 7dd31080
[    0.786189] smp: Brought up 1 node, 2 CPUs
[    0.787414] smpboot: Max logical packages: 1
[    0.790067] smpboot: Total of 2 processors activated (3225.60 BogoMIPS)
[    0.794489] devtmpfs: initialized
[    0.794751] x86/mm: Memory block size: 128MB
[    0.802199] clocksource: jiffies: mask: 0xffffffff max_cycles: 0xffffffff, max_idle_ns: 7645041785100000 ns
[    0.804958] futex hash table entries: 512 (order: 4, 65536 bytes, linear)
[    0.806960] pinctrl core: initialized pinctrl subsystem
[    0.809391] 
[    0.809850] *************************************************************
[    0.810053] **     NOTICE NOTICE NOTICE NOTICE NOTICE NOTICE NOTICE    **
[    0.811897] **                                                         **
[    0.813756] **  IOMMU DebugFS SUPPORT HAS BEEN ENABLED IN THIS KERNEL  **
[    0.814048] **                                                         **
[    0.815918] ** This means that this kernel is built to expose internal **
[    0.817769] ** IOMMU data structures, which may compromise security on **
[    0.818049] ** your system.                                            **
[    0.819897] **                                                         **
[    0.821747] ** If you see this message and you are not debugging the   **
[    0.822048] ** kernel, report this immediately to your vendor!         **
[    0.823917] **                                                         **
[    0.825753] **     NOTICE NOTICE NOTICE NOTICE NOTICE NOTICE NOTICE    **
[    0.826050] *************************************************************
[    0.828130] PM: RTC time: 09:02:59, date: 2023-04-05
[    0.831392] NET: Registered PF_NETLINK/PF_ROUTE protocol family
[    0.833922] DMA: preallocated 256 KiB GFP_KERNEL pool for atomic allocations
[    0.834074] DMA: preallocated 256 KiB GFP_KERNEL|GFP_DMA pool for atomic allocations
[    0.836228] DMA: preallocated 256 KiB GFP_KERNEL|GFP_DMA32 pool for atomic allocations
[    0.838114] audit: initializing netlink subsys (disabled)
[    0.839665] audit: type=2000 audit(1680685379.764:1): state=initialized audit_enabled=0 res=1
[    0.839665] thermal_sys: Registered thermal governor 'fair_share'
[    0.840436] thermal_sys: Registered thermal governor 'bang_bang'
[    0.841845] thermal_sys: Registered thermal governor 'step_wise'
[    0.842051] thermal_sys: Registered thermal governor 'user_space'
[    0.846096] cpuidle: using governor ladder
[    0.848410] cpuidle: using governor menu
[    0.848410] ACPI: bus type PCI registered
[    0.848410] acpiphp: ACPI Hot Plug PCI Controller Driver version: 0.5
[    0.849804] PCI: Using configuration type 1 for base access
[    0.862250] Callback from call_rcu_tasks_rude() invoked.
[    0.869153] Kprobes globally optimized
[    0.875777] HugeTLB registered 1.00 GiB page size, pre-allocated 0 pages
[    0.878065] HugeTLB registered 2.00 MiB page size, pre-allocated 0 pages
[    0.886611] ACPI: PRMT not present
[    0.887708] ACPI: Added _OSI(Module Device)
[    0.890072] ACPI: Added _OSI(Processor Device)
[    0.891327] ACPI: Added _OSI(3.0 _SCP Extensions)
[    0.892658] ACPI: Added _OSI(Processor Aggregator Device)
[    0.894088] ACPI: Added _OSI(Linux-Dell-Video)
[    0.895340] ACPI: Added _OSI(Linux-Lenovo-NV-HDMI-Audio)
[    0.896843] ACPI: Added _OSI(Linux-HPI-Hybrid-Graphics)
[    0.904952] ACPI: 1 ACPI AML tables successfully acquired and loaded
[    0.910485] ACPI: Interpreter enabled
[    0.911699] ACPI: PM: (supports S0 S3 S4 S5)
[    0.912913] ACPI: Using IOAPIC for interrupt routing
[    0.914156] PCI: Using host bridge windows from ACPI; if necessary, use "pci=nocrs" and report a bug
[    0.917622] ACPI: Enabled 2 GPEs in block 00 to 0F
[    0.937979] ACPI: PCI Root Bridge [PCI0] (domain 0000 [bus 00-ff])
[    0.938095] acpi PNP0A03:00: _OSC: OS supports [ASPM ClockPM Segments MSI EDR HPX-Type3]
[    0.940512] acpi PNP0A03:00: fail to add MMCONFIG information, can't access extended PCI configuration space under this bridge.
[    0.944636] acpiphp: Slot [3] registered
[    0.945845] acpiphp: Slot [4] registered
[    0.946156] acpiphp: Slot [5] registered
[    0.947362] acpiphp: Slot [6] registered
[    0.948568] acpiphp: Slot [7] registered
[    0.949784] acpiphp: Slot [8] registered
[    0.950155] acpiphp: Slot [9] registered
[    0.951388] acpiphp: Slot [10] registered
[    0.952893] acpiphp: Slot [11] registered
[    0.954129] acpiphp: Slot [12] registered
[    0.955372] acpiphp: Slot [13] registered
[    0.956584] acpiphp: Slot [14] registered
[    0.957815] acpiphp: Slot [15] registered
[    0.958143] acpiphp: Slot [16] registered
[    0.959366] acpiphp: Slot [17] registered
[    0.960593] acpiphp: Slot [18] registered
[    0.961801] acpiphp: Slot [19] registered
[    0.962144] acpiphp: Slot [20] registered
[    0.963355] acpiphp: Slot [21] registered
[    0.964562] acpiphp: Slot [22] registered
[    0.965774] acpiphp: Slot [23] registered
[    0.966196] Callback from call_rcu_tasks() invoked.
[    0.966294] acpiphp: Slot [24] registered
[    0.968676] acpiphp: Slot [25] registered
[    0.969912] acpiphp: Slot [26] registered
[    0.970162] acpiphp: Slot [27] registered
[    0.971391] acpiphp: Slot [28] registered
[    0.972629] acpiphp: Slot [29] registered
[    0.973883] acpiphp: Slot [30] registered
[    0.974278] acpiphp: Slot [31] registered
[    0.975473] PCI host bridge to bus 0000:00
[    0.976656] pci_bus 0000:00: root bus resource [io  0x0000-0x0cf7 window]
[    0.978053] pci_bus 0000:00: root bus resource [io  0x0d00-0xffff window]
[    0.979960] pci_bus 0000:00: root bus resource [mem 0x000a0000-0x000bffff window]
[    0.982055] pci_bus 0000:00: root bus resource [mem 0x80000000-0xfebfffff window]
[    0.984225] pci_bus 0000:00: root bus resource [mem 0x100000000-0x17fffffff window]
[    0.986066] pci_bus 0000:00: root bus resource [bus 00-ff]
[    0.987874] pci 0000:00:00.0: [8086:1237] type 00 class 0x060000
[    0.996696] pci 0000:00:01.0: [8086:7000] type 00 class 0x060100
[    1.000165] pci 0000:00:01.1: [8086:7010] type 00 class 0x010180
[    1.004197] pci 0000:00:01.1: reg 0x20: [io  0xc040-0xc04f]
[    1.006909] pci 0000:00:01.1: legacy IDE quirk: reg 0x10: [io  0x01f0-0x01f7]
[    1.008912] pci 0000:00:01.1: legacy IDE quirk: reg 0x14: [io  0x03f6]
[    1.010053] pci 0000:00:01.1: legacy IDE quirk: reg 0x18: [io  0x0170-0x0177]
[    1.012461] pci 0000:00:01.1: legacy IDE quirk: reg 0x1c: [io  0x0376]
[    1.015054] pci 0000:00:01.3: [8086:7113] type 00 class 0x068000
[    1.017892] pci 0000:00:01.3: quirk: [io  0x0600-0x063f] claimed by PIIX4 ACPI
[    1.018072] pci 0000:00:01.3: quirk: [io  0x0700-0x070f] claimed by PIIX4 SMB
[    1.022923] pci 0000:00:02.0: [1234:1111] type 00 class 0x030000
[    1.026916] pci 0000:00:02.0: reg 0x10: [mem 0xfd000000-0xfdffffff pref]
[    1.033154] pci 0000:00:02.0: reg 0x18: [mem 0xfebf0000-0xfebf0fff]
[    1.041682] pci 0000:00:02.0: reg 0x30: [mem 0xfebe0000-0xfebeffff pref]
[    1.051295] pci 0000:00:03.0: [8086:100e] type 00 class 0x020000
[    1.054802] pci 0000:00:03.0: reg 0x10: [mem 0xfebc0000-0xfebdffff]
[    1.057805] pci 0000:00:03.0: reg 0x14: [io  0xc000-0xc03f]
[    1.065301] pci 0000:00:03.0: reg 0x30: [mem 0xfeb80000-0xfebbffff pref]
[    1.099469] ACPI: PCI: Interrupt link LNKA configured for IRQ 10
[    1.101806] ACPI: PCI: Interrupt link LNKB configured for IRQ 10
[    1.102873] ACPI: PCI: Interrupt link LNKC configured for IRQ 11
[    1.105142] ACPI: PCI: Interrupt link LNKD configured for IRQ 11
[    1.106456] ACPI: PCI: Interrupt link LNKS configured for IRQ 9
[    1.110546] iommu: Default domain type: Translated 
[    1.110546] pci 0000:00:02.0: vgaarb: setting as boot VGA device
[    1.111691] pci 0000:00:02.0: vgaarb: VGA device added: decodes=io+mem,owns=io+mem,locks=none
[    1.114093] pci 0000:00:02.0: vgaarb: bridge control possible
[    1.115510] vgaarb: loaded
[    1.118771] SCSI subsystem initialized
[    1.122439] ACPI: bus type USB registered
[    1.123608] usbcore: registered new interface driver usbfs
[    1.125047] usbcore: registered new interface driver hub
[    1.126125] usbcore: registered new device driver usb
[    1.127612] pps_core: LinuxPPS API ver. 1 registered
[    1.128826] pps_core: Software ver. 5.3.6 - Copyright 2005-2007 Rodolfo Giometti <giometti@linux.it>
[    1.130071] PTP clock support registered
[    1.131207] EDAC MC: Ver: 3.0.0
[    1.134967] NetLabel: Initializing
[    1.135832] NetLabel:  domain hash size = 128
[    1.136888] NetLabel:  protocols = UNLABELED CIPSOv4 CALIPSO
[    1.138196] NetLabel:  unlabeled traffic allowed by default
[    1.139664] PCI: Using ACPI for IRQ routing
[    1.142963] hpet0: at MMIO 0xfed00000, IRQs 2, 8, 0
[    1.144208] hpet0: 3 comparators, 64-bit 100.000000 MHz counter
[    1.149539] clocksource: Switched to clocksource kvm-clock
[    1.450897] VFS: Disk quotas dquot_6.6.0
[    1.452039] VFS: Dquot-cache hash table entries: 512 (order 0, 4096 bytes)
[    1.454458] pnp: PnP ACPI init
[    1.459090] pnp: PnP ACPI: found 6 devices
[    1.479367] clocksource: acpi_pm: mask: 0xffffff max_cycles: 0xffffff, max_idle_ns: 2085701024 ns
[    1.482241] NET: Registered PF_INET protocol family
[    1.484002] IP idents hash table entries: 32768 (order: 6, 262144 bytes, linear)
[    1.492960] tcp_listen_portaddr_hash hash table entries: 1024 (order: 4, 81920 bytes, linear)
[    1.495297] TCP established hash table entries: 16384 (order: 5, 131072 bytes, linear)
[    1.497705] TCP bind hash table entries: 16384 (order: 8, 1179648 bytes, linear)
[    1.503283] TCP: Hash tables configured (established 16384 bind 16384)
[    1.505511] UDP hash table entries: 1024 (order: 5, 163840 bytes, linear)
[    1.507529] UDP-Lite hash table entries: 1024 (order: 5, 163840 bytes, linear)
[    1.509973] NET: Registered PF_UNIX/PF_LOCAL protocol family
[    1.512963] RPC: Registered named UNIX socket transport module.
[    1.514517] RPC: Registered udp transport module.
[    1.515667] RPC: Registered tcp transport module.
[    1.516807] RPC: Registered tcp NFSv4.1 backchannel transport module.
[    1.518523] pci_bus 0000:00: resource 4 [io  0x0000-0x0cf7 window]
[    1.520044] pci_bus 0000:00: resource 5 [io  0x0d00-0xffff window]
[    1.521544] pci_bus 0000:00: resource 6 [mem 0x000a0000-0x000bffff window]
[    1.523252] pci_bus 0000:00: resource 7 [mem 0x80000000-0xfebfffff window]
[    1.524925] pci_bus 0000:00: resource 8 [mem 0x100000000-0x17fffffff window]
[    1.527200] pci 0000:00:01.0: PIIX3: Enabling Passive Release
[    1.528635] pci 0000:00:00.0: Limiting direct PCI/PCI transfers
[    1.530153] pci 0000:00:01.0: Activating ISA DMA hang workarounds
[    1.531847] pci 0000:00:02.0: Video device with shadowed ROM at [mem 0x000c0000-0x000dffff]
[    1.533926] PCI: CLS 0 bytes, default 64
[    1.535777] ACPI: bus type thunderbolt registered
[    1.537566] clocksource: tsc: mask: 0xffffffffffffffff max_cycles: 0xb9fb05486c, max_idle_ns: 440795231721 ns
[    4.961650] Initialise system trusted keyrings
[    4.963344] Key type blacklist registered
[    4.965134] workingset: timestamp_bits=36 max_order=19 bucket_order=0
[    4.984848] zbud: loaded
[    4.988946] squashfs: version 4.0 (2009/01/31) Phillip Lougher
[    4.993986] NFS: Registering the id_resolver key type
[    4.995835] Key type id_resolver registered
[    4.997082] Key type id_legacy registered
[    4.998537] nfs4filelayout_init: NFSv4 File Layout Driver Registering...
[    5.000580] nfs4flexfilelayout_init: NFSv4 Flexfile Layout Driver Registering...
[    5.003364] fuse: init (API version 7.34)
[    5.005251] SGI XFS with ACLs, security attributes, realtime, quota, no debug enabled
[    5.010405] 9p: Installing v9fs 9p2000 file system support
[    5.022671] Key type asymmetric registered
[    5.023828] Asymmetric key parser 'x509' registered
[    5.025135] Block layer SCSI generic (bsg) driver version 0.4 loaded (major 244)
[    5.027801] io scheduler mq-deadline registered
[    5.029477] io scheduler bfq registered
[    5.031852] shpchp: Standard Hot Plug PCI Controller Driver version: 0.4
[    5.034696] IPMI message handler: version 39.2
[    5.036091] ipmi device interface
[    5.039268] input: Power Button as /devices/LNXSYSTM:00/LNXPWRBN:00/input/input0
[    5.041895] ACPI: button: Power Button [PWRF]
[    5.045313] ERST DBG: ERST support is disabled.
[    5.047734] Serial: 8250/16550 driver, 32 ports, IRQ sharing enabled
[    5.050698] 00:04: ttyS0 at I/O 0x3f8 (irq = 4, base_baud = 115200) is a 16550A
[    5.071074] Linux agpgart interface v0.103
[    5.097897] brd: module loaded
[    5.119013] loop: module loaded
[    5.127044] scsi host0: ata_piix
[    5.128891] scsi host1: ata_piix
[    5.130075] ata1: PATA max MWDMA2 cmd 0x1f0 ctl 0x3f6 bmdma 0xc040 irq 14
[    5.132047] ata2: PATA max MWDMA2 cmd 0x170 ctl 0x376 bmdma 0xc048 irq 15
[    5.135961] libphy: Fixed MDIO Bus: probed
[    5.137527] tun: Universal TUN/TAP device driver, 1.6
[    5.139411] e100: Intel(R) PRO/100 Network Driver
[    5.140774] e100: Copyright(c) 1999-2006 Intel Corporation
[    5.142478] e1000: Intel(R) PRO/1000 Network Driver
[    5.143881] e1000: Copyright (c) 1999-2006 Intel Corporation.
[    5.296012] ata1.00: ATA-7: QEMU HARDDISK, 2.5+, max UDMA/100
[    5.298075] ata1.00: 16777216 sectors, multi 16: LBA48 
[    5.301910] ata2.00: ATAPI: QEMU DVD-ROM, 2.5+, max UDMA/100
[    5.307097] scsi 0:0:0:0: Direct-Access     ATA      QEMU HARDDISK    2.5+ PQ: 0 ANSI: 5
[    5.311409] scsi 0:0:0:0: Attached scsi generic sg0 type 0
[    5.315189] scsi 1:0:0:0: CD-ROM            QEMU     QEMU DVD-ROM     2.5+ PQ: 0 ANSI: 5
[    5.319270] scsi 1:0:0:0: Attached scsi generic sg1 type 5
[    5.321519] sd 0:0:0:0: [sda] 16777216 512-byte logical blocks: (8.59 GB/8.00 GiB)
[    5.323610] sd 0:0:0:0: [sda] Write Protect is off
[    5.324912] sd 0:0:0:0: [sda] Write cache: enabled, read cache: enabled, doesn't support DPO or FUA
[    5.381242] ACPI: \_SB_.LNKC: Enabled at IRQ 11
[    5.414631] sd 0:0:0:0: [sda] Attached SCSI disk
[    5.788847] e1000 0000:00:03.0 eth0: (PCI:33MHz:32-bit) 52:54:00:12:34:56
[    5.790990] e1000 0000:00:03.0 eth0: Intel(R) PRO/1000 Network Connection
[    5.793180] e1000e: Intel(R) PRO/1000 Network Driver
[    5.794666] e1000e: Copyright(c) 1999 - 2015 Intel Corporation.
[    5.796475] igb: Intel(R) Gigabit Ethernet Network Driver
[    5.798027] igb: Copyright (c) 2007-2014 Intel Corporation.
[    5.799806] PPP generic driver version 2.4.2
[    5.802672] VFIO - User Level meta-driver version: 0.3
[    5.804489] ehci_hcd: USB 2.0 'Enhanced' Host Controller (EHCI) Driver
[    5.806513] ehci-pci: EHCI PCI platform driver
[    5.807862] ehci-platform: EHCI generic platform driver
[    5.809389] ohci_hcd: USB 1.1 'Open' Host Controller (OHCI) Driver
[    5.811204] ohci-pci: OHCI PCI platform driver
[    5.812532] ohci-platform: OHCI generic platform driver
[    5.814081] uhci_hcd: USB Universal Host Controller Interface driver
[    5.816976] usbcore: registered new interface driver uas
[    5.818525] usbcore: registered new interface driver usb-storage
[    5.820281] i8042: PNP: PS/2 Controller [PNP0303:KBD,PNP0f13:MOU] at 0x60,0x64 irq 1,12
[    5.823885] serio: i8042 KBD port at 0x60,0x64 irq 1
[    5.825227] serio: i8042 AUX port at 0x60,0x64 irq 12
[    5.828643] mousedev: PS/2 mouse device common for all mice
[    5.833659] input: AT Translated Set 2 keyboard as /devices/platform/i8042/serio0/input/input1
[    5.834577] rtc_cmos 00:05: RTC can wake from S4
[    5.838783] input: VirtualPS/2 VMware VMMouse as /devices/platform/i8042/serio1/input/input4
[    5.840165] rtc_cmos 00:05: registered as rtc0
[    5.842326] input: VirtualPS/2 VMware VMMouse as /devices/platform/i8042/serio1/input/input3
[    5.842789] rtc_cmos 00:05: setting system clock to 2023-04-05T09:03:04 UTC (1680685384)
[    5.847128] rtc_cmos 00:05: alarms up to one day, y3k, 242 bytes nvram, hpet irqs
[    5.849370] i2c_dev: i2c /dev entries driver
[    5.851068] device-mapper: core: CONFIG_IMA_DISABLE_HTABLE is disabled. Duplicate IMA measurements will not be recorded in the IMA log.
[    5.854927] device-mapper: uevent: version 1.0.3
[    5.856872] device-mapper: ioctl: 4.45.0-ioctl (2021-03-22) initialised: dm-devel@redhat.com
[    5.859371] intel_pstate: CPU model not supported
[    5.860914] sdhci: Secure Digital Host Controller Interface driver
[    5.862760] sdhci: Copyright(c) Pierre Ossman
[    5.864173] sdhci-pltfm: SDHCI platform and OF driver helper
[    5.865980] ledtrig-cpu: registered to indicate activity on CPUs
[    5.868234] drop_monitor: Initializing network drop monitor service
[    5.870849] NET: Registered PF_INET6 protocol family
[    5.885243] Segment Routing with IPv6
[    5.886536] In-situ OAM (IOAM) with IPv6
[    5.887778] NET: Registered PF_PACKET protocol family
[    5.889768] 9pnet: Installing 9P2000 support
[    5.891108] Key type dns_resolver registered
[    5.893931] IPI shorthand broadcast: enabled
[    5.895159] sched_clock: Marking stable (5839119400, 55908481)->(5950774146, -55746265)
[    5.898402] registered taskstats version 1
[    5.899798] Loading compiled-in X.509 certificates
[    5.901364] zswap: loaded using pool lzo/zbud
[    5.903982] Key type ._fscrypt registered
[    5.905219] Key type .fscrypt registered
[    5.906473] Key type fscrypt-provisioning registered
[    5.909848] Key type encrypted registered
[    5.911122] ima: No TPM chip found, activating TPM-bypass!
[    5.912540] ima: Allocated hash algorithm: sha1
[    5.913886] ima: No architecture policies found
[    5.915370] evm: Initialising EVM extended attributes:
[    5.916661] evm: security.selinux
[    5.917495] evm: security.SMACK64
[    5.918393] evm: security.SMACK64EXEC
[    5.919313] evm: security.SMACK64TRANSMUTE
[    5.920333] evm: security.SMACK64MMAP
[    5.921257] evm: security.apparmor
[    5.922161] evm: security.ima
[    5.922930] evm: security.capability
[    5.923828] evm: HMAC attrs: 0x1
[    5.927351] PM:   Magic number: 3:277:19
[    5.929371] RAS: Correctable Errors collector initialized.
[    5.933167] md: Waiting for all devices to be available before autodetect
[    5.935213] md: If you don't use raid, use raid=noautodetect
[    5.936876] md: Autodetecting RAID arrays.
[    5.938132] md: autorun ...
[    5.938970] md: ... autorun DONE.
[    5.948122] EXT4-fs (sda): INFO: recovery required on readonly filesystem
[    5.950194] EXT4-fs (sda): write access will be enabled during recovery
[    6.048481] EXT4-fs (sda): recovery complete
[    6.051841] EXT4-fs (sda): mounted filesystem with ordered data mode. Opts: (null). Quota mode: none.
[    6.054287] VFS: Mounted root (ext4 filesystem) readonly on device 8:0.
[    6.057077] devtmpfs: mounted
[    6.067333] Freeing unused decrypted memory: 2036K
[    6.073197] Freeing unused kernel image (initmem) memory: 3236K
[    6.074808] Write protecting the kernel read-only data: 40960k
[    6.082862] Freeing unused kernel image (text/rodata gap) memory: 2028K
[    6.085715] Freeing unused kernel image (rodata/data gap) memory: 556K
[    6.233326] x86/mm: Checked W+X mappings: passed, no W+X pages found.
[    6.235357] Run /sbin/init as init process
[    6.253892] random: fast init done
[    6.516666] systemd[1]: RTC configured in localtime, applying delta of 0 minutes to system time.
[    6.577238] systemd[1]: systemd 239 (239-49.el8) running in system mode. (+PAM +AUDIT +SELINUX +IMA -APPARMOR +SMACK +SYSVINIT +UTMP +LIBCRYPTSETUP +GCRYPT +GNUTLS +ACL +XZ +LZ4 +SECCOMP +BLKID +ELFUTILS +KMOD +IDN2 -IDN +PCRE2 default-hierarchy=legacy)
[    6.584070] systemd[1]: Detected virtualization kvm.
[    6.585542] systemd[1]: Detected architecture x86-64.

Welcome to [0;31mCentOS Stream 8[0m!

[    6.608546] systemd[1]: Set hostname to <test>.
[    6.861885] random: lvmconfig: uninitialized urandom read (4 bytes read)
[    7.056082] random: systemd: uninitialized urandom read (16 bytes read)
[    7.058593] systemd[1]: Listening on Journal Socket (/dev/log).
[[0;32m  OK  [0m] Listening on Journal Socket (/dev/log).
[    7.062130] random: systemd: uninitialized urandom read (16 bytes read)
[    7.073878] systemd[1]: Listening on Process Core Dump Socket.
[[0;32m  OK  [0m] Listening on Process Core Dump Socket.
[    7.078648] systemd[1]: Listening on RPCbind Server Activation Socket.
[[0;32m  OK  [0m] Listening on RPCbind Server Activation Socket.
[    7.082248] systemd[1]: Reached target RPC Port Mapper.
[[0;32m  OK  [0m] Reached target RPC Port Mapper.
[    7.085233] systemd[1]: Listening on initctl Compatibility Named Pipe.
[[0;32m  OK  [0m] Listening on initctl Compatibility Named Pipe.
[    7.093096] systemd[1]: Created slice system-serial\x2dgetty.slice.
[[0;32m  OK  [0m] Created slice system-serial\x2dgetty.slice.
[[0;32m  OK  [0m] Listening on Journal Socket.
         Mounting Huge Pages File System...
[[0;32m  OK  [0m] Set up automount Arbitrary Executabâ€¦rmats File System Automount Point.
[[0;32m  OK  [0m] Created slice system-sshd\x2dkeygen.slice.
[[0;32m  OK  [0m] Reached target Swap.
         Starting Setup Virtual Console...
         Mounting Kernel Debug File System...
[[0;32m  OK  [0m] Listening on udev Control Socket.
         Starting Journal Service...
         Starting Load Kernel Modules...
[[0;32m  OK  [0m] Started Forward Password Requests to Wall Directory Watch.
[[0;32m  OK  [0m] Created slice User and Session Slice.
[[0;32m  OK  [0m] Reached target Slices.
[[0;32m  OK  [0m] Created slice system-getty.slice.
[[0;32m  OK  [0m] Listening on udev Kernel Socket.
         Starting udev Coldplug all Devices...
[[0;32m  OK  [0m] Listening on Device-mapper event daemon FIFOs.
[[0;32m  OK  [0m] Listening on multipathd control socket.
         Starting Monitoring of LVM2 mirrorsâ€¦ng dmeventd or progress polling...
         Mounting POSIX Message Queue File System...
[[0;32m  OK  [0m] Listening on LVM2 poll daemon socket.
         Starting Remount Root and Kernel File Systems...
[[0;32m  OK  [0m] Mounted Huge Pages File System.
[[0;32m  OK  [0m] Mounted Kernel Debug File System.
[[0;1;31mFAILED[0m] Failed to start Load Kernel Modules.
See 'systemctl status systemd-modules-load.service' for details.
[[0;32m  OK  [0m] Started Journal Service.
[[0;32m  OK  [0m] Mounted POSIX Message Queue File System.
         Starting Apply Kernel Variables...
         Mounting FUSE Control File System...
         Mounting Kernel Configuration File System...
[    7.903304] EXT4-fs (sda): re-mounted. Opts: (null). Quota mode: none.
[[0;32m  OK  [0m] Started Setup Virtual Console.
[[0;32m  OK  [0m] Started Remount Root and Kernel File Systems.
[[0;32m  OK  [0m] Started Apply Kernel Variables.
[[0;32m  OK  [0m] Mounted FUSE Control File System.
[[0;32m  OK  [0m] Mounted Kernel Configuration File System.
         Starting Flush Journal to Persistent Storage...
         Starting Load/Save Random Seed...
         Starting Create Static Device Nodes in /dev...
[[0;32m  OK  [0m] Started Load/Save Random Seed.
[[0;32m  OK  [0m] Started udev Coldplug all Devices.
         Starting udev Wait for Complete Device Initialization...
[[0;32m  OK  [0m] Started Flush Journal to Persistent Storage.
[[0;32m  OK  [0m] Started Create Static Device Nodes in /dev.
         Starting udev Kernel Device Manager...
[[0;32m  OK  [0m] Started udev Kernel Device Manager.
         Starting Show Plymouth Boot Screen...
[[0;32m  OK  [0m] Started Show Plymouth Boot Screen.
[[0;32m  OK  [0m] Started Forward Password Requests to Plymouth Directory Watch.
[[0;32m  OK  [0m] Reached target Local Encrypted Volumes.
[[0;32m  OK  [0m] Reached target Paths.
[[0;32m  OK  [0m] Found device /dev/ttyS0.
[[0;32m  OK  [0m] Listening on Load/Save RF Kill Switch Status /dev/rfkill Watch.
[[0;32m  OK  [0m] Started Monitoring of LVM2 mirrors,â€¦sing dmeventd or progress polling.
[[0;32m  OK  [0m] Started udev Wait for Complete Device Initialization.
[[0;32m  OK  [0m] Reached target Local File Systems (Pre).
[[0;32m  OK  [0m] Reached target Local File Systems.
         Starting Restore /run/initramfs on shutdown...
         Starting Tell Plymouth To Write Out Runtime Data...
         Starting Create Volatile Files and Directories...
[[0;32m  OK  [0m] Started Restore /run/initramfs on shutdown.
[[0;32m  OK  [0m] Started Tell Plymouth To Write Out Runtime Data.
[[0;32m  OK  [0m] Started Create Volatile Files and Directories.
         Starting Security Auditing Service...
         Starting RPC Bind...
         Mounting RPC Pipe File System...
[[0;32m  OK  [0m] Mounted RPC Pipe File System.
[[0;32m  OK  [0m] Reached target rpc_pipefs.target.
[[0;32m  OK  [0m] Started RPC Bind.
[[0;32m  OK  [0m] Started Security Auditing Service.
         Starting Update UTMP about System Boot/Shutdown...
[[0;32m  OK  [0m] Started Update UTMP about System Boot/Shutdown.
[[0;32m  OK  [0m] Reached target System Initialization.
[[0;32m  OK  [0m] Started daily update of the root trust anchor for DNSSEC.
[[0;32m  OK  [0m] Started dnf makecache --timer.
[[0;32m  OK  [0m] Listening on SSSD Kerberos Cache Manager responder socket.
[[0;32m  OK  [0m] Listening on D-Bus System Message Bus Socket.
[[0;32m  OK  [0m] Reached target Sockets.
[[0;32m  OK  [0m] Reached target Basic System.
         Starting Auto-connect to subsystemsâ€¦-NVME devices found during boot...
[[0;32m  OK  [0m] Started irqbalance daemon.
[[0;32m  OK  [0m] Started Machine Check Exception Logging Daemon.
[[0;32m  OK  [0m] Started D-Bus System Message Bus.
         Starting Login Service...
         Starting Authorization Manager...
         Starting NTP client/server...
[[0;32m  OK  [0m] Started Daily Cleanup of Temporary Directories.
[[0;32m  OK  [0m] Reached target Timers.
         Starting Self Monitoring and Reporting Technology (SMART) Daemon...
         Starting Network Manager...
[[0;32m  OK  [0m] Reached target sshd-keygen.target.
[[0;32m  OK  [0m] Started Auto-connect to subsystems â€¦FC-NVME devices found during boot.
         Starting update of the root trust aâ€¦or DNSSEC validation in unbound...
[[0;32m  OK  [0m] Started Login Service.
[   10.557889] random: crng init done
[   10.559080] random: 7 urandom warning(s) missed due to ratelimiting
[[0;32m  OK  [0m] Started Self Monitoring and Reporting Technology (SMART) Daemon.
[[0;32m  OK  [0m] Started update of the root trust anâ€¦ for DNSSEC validation in unbound.
[[0;32m  OK  [0m] Started NTP client/server.
[[0;32m  OK  [0m] Started Network Manager.
[[0;32m  OK  [0m] Reached target Network.
         Starting OpenSSH server daemon...
         Starting GSSAPI Proxy Daemon...
         Starting Dynamic System Tuning Daemon...
         Starting Network Manager Wait Online...
[[0;32m  OK  [0m] Started Authorization Manager.
         Starting Hostname Service...
[[0;32m  OK  [0m] Started OpenSSH server daemon.
[[0;32m  OK  [0m] Started GSSAPI Proxy Daemon.
[[0;32m  OK  [0m] Reached target NFS client services.
[[0;32m  OK  [0m] Reached target Remote File Systems (Pre).
[[0;32m  OK  [0m] Reached target Remote File Systems.
         Starting Permit User Sessions...
[[0;32m  OK  [0m] Started Permit User Sessions.
[[0;32m  OK  [0m] Started Command Scheduler.
         Starting Hold until boot process finishes up...
         Starting Terminate Plymouth Boot Screen...
[   11.414442] e1000: eth0 NIC Link is Up 1000 Mbps Full Duplex, Flow Control: RX
[   11.417598] IPv6: ADDRCONF(NETDEV_CHANGE): eth0: link becomes ready

CentOS Stream 8
Kernel 5.14.0-477f70cd2a67+ on an x86_64

test login: [   29.389758] loop0: detected capacity change from 0 to 65536
[   29.398717] XFS (loop0): bad version
[   29.399905] XFS (loop0): SB validate failed with error -22.
[   29.697080] loop0: detected capacity change from 0 to 65536
[   29.704753] XFS (loop0): bad version
[   29.705981] XFS (loop0): SB validate failed with error -22.
[   29.967251] loop0: detected capacity change from 0 to 65536
[   29.974115] XFS (loop0): bad version
[   29.975590] XFS (loop0): SB validate failed with error -22.
[   30.241249] loop0: detected capacity change from 0 to 65536
[   30.247302] XFS (loop0): bad version
[   30.248531] XFS (loop0): SB validate failed with error -22.
[   30.524268] loop0: detected capacity change from 0 to 65536
[   30.531214] XFS (loop0): bad version
[   30.532379] XFS (loop0): SB validate failed with error -22.
[   30.820328] loop0: detected capacity change from 0 to 65536
[   30.826369] XFS (loop0): bad version
[   30.827546] XFS (loop0): SB validate failed with error -22.
[   31.101305] loop0: detected capacity change from 0 to 65536
[   31.111550] XFS (loop0): bad version
[   31.112677] XFS (loop0): SB validate failed with error -22.
[   31.399681] loop0: detected capacity change from 0 to 65536
[   31.407267] XFS (loop0): bad version
[   31.408667] XFS (loop0): SB validate failed with error -22.
[   31.750817] loop0: detected capacity change from 0 to 65536
[   31.756125] XFS (loop0): bad version
[   31.757292] XFS (loop0): SB validate failed with error -22.
[   32.075586] loop0: detected capacity change from 0 to 65536
[   32.081861] XFS (loop0): bad version
[   32.082988] XFS (loop0): SB validate failed with error -22.
[   32.385060] loop0: detected capacity change from 0 to 65536
[   32.391325] XFS (loop0): bad version
[   32.392556] XFS (loop0): SB validate failed with error -22.
[   32.655029] loop0: detected capacity change from 0 to 65536
[   32.660850] XFS (loop0): bad version
[   32.662025] XFS (loop0): SB validate failed with error -22.
[   32.923176] loop0: detected capacity change from 0 to 65536
[   32.930830] XFS (loop0): bad version
[   32.931822] XFS (loop0): SB validate failed with error -22.
[   33.191462] loop0: detected capacity change from 0 to 65536
[   33.195204] XFS (loop0): bad version
[   33.196225] XFS (loop0): SB validate failed with error -22.
[   33.463615] loop0: detected capacity change from 0 to 65536
[   33.469765] XFS (loop0): bad version
[   33.470863] XFS (loop0): SB validate failed with error -22.
[   33.755707] loop0: detected capacity change from 0 to 65536
[   33.764280] XFS (loop0): bad version
[   33.765351] XFS (loop0): SB validate failed with error -22.
[   34.053633] loop0: detected capacity change from 0 to 65536
[   34.060446] XFS (loop0): bad version
[   34.061648] XFS (loop0): SB validate failed with error -22.
[   34.327134] loop0: detected capacity change from 0 to 65536
[   34.331204] XFS (loop0): bad version
[   34.332412] XFS (loop0): SB validate failed with error -22.
[   34.619258] loop0: detected capacity change from 0 to 65536
[   34.626760] XFS (loop0): bad version
[   34.628191] XFS (loop0): SB validate failed with error -22.
[   34.895327] loop0: detected capacity change from 0 to 65536
[   34.902461] XFS (loop0): bad version
[   34.903814] XFS (loop0): SB validate failed with error -22.
[   35.307843] loop0: detected capacity change from 0 to 65536
[   35.312966] XFS (loop0): bad version
[   35.314696] XFS (loop0): SB validate failed with error -22.
[   35.586923] loop0: detected capacity change from 0 to 65536
[   35.593460] XFS (loop0): bad version
[   35.594704] XFS (loop0): SB validate failed with error -22.
[   35.860168] loop0: detected capacity change from 0 to 65536
[   35.865237] XFS (loop0): bad version
[   35.866469] XFS (loop0): SB validate failed with error -22.
[   36.114163] loop0: detected capacity change from 0 to 65536
[   36.121102] XFS (loop0): bad version
[   36.122390] XFS (loop0): SB validate failed with error -22.
[   36.380213] loop0: detected capacity change from 0 to 65536
[   36.386383] XFS (loop0): bad version
[   36.387556] XFS (loop0): SB validate failed with error -22.
[   36.677526] loop0: detected capacity change from 0 to 65536
[   36.681530] XFS (loop0): bad version
[   36.682662] XFS (loop0): SB validate failed with error -22.
[   36.959478] loop0: detected capacity change from 0 to 65536
[   36.964061] XFS (loop0): bad version
[   36.965119] XFS (loop0): SB validate failed with error -22.
[   37.263531] loop0: detected capacity change from 0 to 65536
[   37.270402] XFS (loop0): bad version
[   37.271480] XFS (loop0): SB validate failed with error -22.
[   37.587453] loop0: detected capacity change from 0 to 65536
[   37.594085] XFS (loop0): bad version
[   37.595292] XFS (loop0): SB validate failed with error -22.
[   37.863958] loop0: detected capacity change from 0 to 65536
[   37.871111] XFS (loop0): bad version
[   37.872352] XFS (loop0): SB validate failed with error -22.
[   38.143291] loop0: detected capacity change from 0 to 65536
[   38.149181] XFS (loop0): bad version
[   38.150396] XFS (loop0): SB validate failed with error -22.
[   38.396027] loop0: detected capacity change from 0 to 65536
[   38.402997] XFS (loop0): bad version
[   38.404224] XFS (loop0): SB validate failed with error -22.
[   38.671187] loop0: detected capacity change from 0 to 65536
[   38.677736] XFS (loop0): bad version
[   38.679235] XFS (loop0): SB validate failed with error -22.
[   38.932452] loop0: detected capacity change from 0 to 65536
[   38.938371] XFS (loop0): bad version
[   38.939825] XFS (loop0): SB validate failed with error -22.
[   39.221934] loop0: detected capacity change from 0 to 65536
[   39.225866] XFS (loop0): bad version
[   39.226999] XFS (loop0): SB validate failed with error -22.
[   39.515440] loop0: detected capacity change from 0 to 65536
[   39.522640] XFS (loop0): bad version
[   39.523872] XFS (loop0): SB validate failed with error -22.
[   39.813508] loop0: detected capacity change from 0 to 65536
[   39.820404] XFS (loop0): bad version
[   39.821581] XFS (loop0): SB validate failed with error -22.
[   40.092785] loop0: detected capacity change from 0 to 65536
[   40.100035] XFS (loop0): bad version
[   40.101270] XFS (loop0): SB validate failed with error -22.
[   40.358804] loop0: detected capacity change from 0 to 65536
[   40.366914] XFS (loop0): bad version
[   40.367937] XFS (loop0): SB validate failed with error -22.
[   40.649509] loop0: detected capacity change from 0 to 65536
[   40.656496] XFS (loop0): bad version
[   40.657506] XFS (loop0): SB validate failed with error -22.
[   40.947365] loop0: detected capacity change from 0 to 65536
[   40.951713] XFS (loop0): bad version
[   40.952889] XFS (loop0): SB validate failed with error -22.
[   41.215709] loop0: detected capacity change from 0 to 65536
[   41.222791] XFS (loop0): bad version
[   41.224378] XFS (loop0): SB validate failed with error -22.
[   41.520391] loop0: detected capacity change from 0 to 65536
[   41.528058] XFS (loop0): bad version
[   41.529218] XFS (loop0): SB validate failed with error -22.
[   41.802885] loop0: detected capacity change from 0 to 65536
[   41.810414] XFS (loop0): bad version
[   41.811601] XFS (loop0): SB validate failed with error -22.
[   42.081233] loop0: detected capacity change from 0 to 65536
[   42.088636] XFS (loop0): bad version
[   42.089863] XFS (loop0): SB validate failed with error -22.
[   42.365995] loop0: detected capacity change from 0 to 65536
[   42.374029] XFS (loop0): bad version
[   42.375296] XFS (loop0): SB validate failed with error -22.
[   42.645688] loop0: detected capacity change from 0 to 65536
[   42.653310] XFS (loop0): bad version
[   42.654890] XFS (loop0): SB validate failed with error -22.
[   42.949416] loop0: detected capacity change from 0 to 65536
[   42.956571] XFS (loop0): bad version
[   42.957785] XFS (loop0): SB validate failed with error -22.
[   43.214830] loop0: detected capacity change from 0 to 65536
[   43.221986] XFS (loop0): bad version
[   43.223120] XFS (loop0): SB validate failed with error -22.
[   43.509135] loop0: detected capacity change from 0 to 65536
[   43.515939] XFS (loop0): bad version
[   43.517135] XFS (loop0): SB validate failed with error -22.
[   43.790985] loop0: detected capacity change from 0 to 65536
[   43.796833] XFS (loop0): bad version
[   43.798007] XFS (loop0): SB validate failed with error -22.
[   44.124598] loop0: detected capacity change from 0 to 65536
[   44.129841] XFS (loop0): bad version
[   44.131195] XFS (loop0): SB validate failed with error -22.
[   44.409309] loop0: detected capacity change from 0 to 65536
[   44.416572] XFS (loop0): bad version
[   44.417747] XFS (loop0): SB validate failed with error -22.
[   44.691833] loop0: detected capacity change from 0 to 65536
[   44.695385] XFS (loop0): bad version
[   44.696563] XFS (loop0): SB validate failed with error -22.
[   44.961698] loop0: detected capacity change from 0 to 65536
[   44.969189] XFS (loop0): bad version
[   44.970497] XFS (loop0): SB validate failed with error -22.
[   45.231736] loop0: detected capacity change from 0 to 65536
[   45.239026] XFS (loop0): bad version
[   45.240362] XFS (loop0): SB validate failed with error -22.
[   45.514427] loop0: detected capacity change from 0 to 65536
[   45.521600] XFS (loop0): bad version
[   45.522828] XFS (loop0): SB validate failed with error -22.
[   45.799091] loop0: detected capacity change from 0 to 65536
[   45.804543] XFS (loop0): bad version
[   45.805642] XFS (loop0): SB validate failed with error -22.
[   46.063015] loop0: detected capacity change from 0 to 65536
[   46.071673] XFS (loop0): bad version
[   46.072776] XFS (loop0): SB validate failed with error -22.
[   46.354753] loop0: detected capacity change from 0 to 65536
[   46.360587] XFS (loop0): bad version
[   46.361639] XFS (loop0): SB validate failed with error -22.
[   46.785355] loop0: detected capacity change from 0 to 65536
[   46.790997] XFS (loop0): bad version
[   46.792180] XFS (loop0): SB validate failed with error -22.
[   47.050215] loop0: detected capacity change from 0 to 65536
[   47.058659] XFS (loop0): bad version
[   47.059860] XFS (loop0): SB validate failed with error -22.
[   47.326235] loop0: detected capacity change from 0 to 65536
[   47.333824] XFS (loop0): bad version
[   47.335332] XFS (loop0): SB validate failed with error -22.
[   47.604186] loop0: detected capacity change from 0 to 65536
[   47.609254] XFS (loop0): bad version
[   47.610346] XFS (loop0): SB validate failed with error -22.
[   47.883575] loop0: detected capacity change from 0 to 65536
[   47.889500] XFS (loop0): bad version
[   47.890755] XFS (loop0): SB validate failed with error -22.
[   48.169929] loop0: detected capacity change from 0 to 65536
[   48.177707] XFS (loop0): bad version
[   48.179126] XFS (loop0): SB validate failed with error -22.
[   48.450624] loop0: detected capacity change from 0 to 65536
[   48.456487] XFS (loop0): bad version
[   48.457568] XFS (loop0): SB validate failed with error -22.
[   48.735079] loop0: detected capacity change from 0 to 65536
[   48.742178] XFS (loop0): bad version
[   48.743569] XFS (loop0): SB validate failed with error -22.
[   49.024826] loop0: detected capacity change from 0 to 65536
[   49.028602] XFS (loop0): bad version
[   49.029617] XFS (loop0): SB validate failed with error -22.
[   49.284030] loop0: detected capacity change from 0 to 65536
[   49.290336] XFS (loop0): bad version
[   49.291553] XFS (loop0): SB validate failed with error -22.
[   49.549869] loop0: detected capacity change from 0 to 65536
[   49.555594] XFS (loop0): bad version
[   49.556746] XFS (loop0): SB validate failed with error -22.
[   49.823437] loop0: detected capacity change from 0 to 65536
[   49.830874] XFS (loop0): bad version
[   49.832093] XFS (loop0): SB validate failed with error -22.
[   50.097978] loop0: detected capacity change from 0 to 65536
[   50.104659] XFS (loop0): bad version
[   50.105902] XFS (loop0): SB validate failed with error -22.
[   50.384192] loop0: detected capacity change from 0 to 65536
[   50.390620] XFS (loop0): bad version
[   50.391716] XFS (loop0): SB validate failed with error -22.
[   50.667594] loop0: detected capacity change from 0 to 65536
[   50.671775] XFS (loop0): bad version
[   50.672806] XFS (loop0): SB validate failed with error -22.
[   50.972311] loop0: detected capacity change from 0 to 65536
[   50.975990] XFS (loop0): bad version
[   50.977066] XFS (loop0): SB validate failed with error -22.
[   51.243672] loop0: detected capacity change from 0 to 65536
[   51.249872] XFS (loop0): bad version
[   51.251122] XFS (loop0): SB validate failed with error -22.
[   51.519721] loop0: detected capacity change from 0 to 65536
[   51.526873] XFS (loop0): bad version
[   51.527846] XFS (loop0): SB validate failed with error -22.
[   51.815188] loop0: detected capacity change from 0 to 65536
[   51.818578] XFS (loop0): bad version
[   51.819981] XFS (loop0): SB validate failed with error -22.
[   52.106983] loop0: detected capacity change from 0 to 65536
[   52.114422] XFS (loop0): bad version
[   52.115959] XFS (loop0): SB validate failed with error -22.
[   52.388703] loop0: detected capacity change from 0 to 65536
[   52.395290] XFS (loop0): bad version
[   52.396522] XFS (loop0): SB validate failed with error -22.
[   52.658955] loop0: detected capacity change from 0 to 65536
[   52.666559] XFS (loop0): bad version
[   52.668018] XFS (loop0): SB validate failed with error -22.
[   52.953485] loop0: detected capacity change from 0 to 65536
[   52.960417] XFS (loop0): bad version
[   52.961792] XFS (loop0): SB validate failed with error -22.
[   53.263730] loop0: detected capacity change from 0 to 65536
[   53.271053] XFS (loop0): bad version
[   53.272275] XFS (loop0): SB validate failed with error -22.
[   53.535227] loop0: detected capacity change from 0 to 65536
[   53.541428] XFS (loop0): bad version
[   53.542718] XFS (loop0): SB validate failed with error -22.
[   53.802726] loop0: detected capacity change from 0 to 65536
[   53.809156] XFS (loop0): bad version
[   53.810437] XFS (loop0): SB validate failed with error -22.
[   54.076379] loop0: detected capacity change from 0 to 65536
[   54.083846] XFS (loop0): bad version
[   54.085112] XFS (loop0): SB validate failed with error -22.
[   54.341134] loop0: detected capacity change from 0 to 65536
[   54.348778] XFS (loop0): bad version
[   54.349941] XFS (loop0): SB validate failed with error -22.
[   54.634398] loop0: detected capacity change from 0 to 65536
[   54.641988] XFS (loop0): bad version
[   54.643260] XFS (loop0): SB validate failed with error -22.
[   54.895325] loop0: detected capacity change from 0 to 65536
[   54.900094] XFS (loop0): bad version
[   54.901395] XFS (loop0): SB validate failed with error -22.
[   55.146489] loop0: detected capacity change from 0 to 65536
[   55.152399] XFS (loop0): bad version
[   55.153561] XFS (loop0): SB validate failed with error -22.
[   55.396487] loop0: detected capacity change from 0 to 65536
[   55.403183] XFS (loop0): bad version
[   55.404369] XFS (loop0): SB validate failed with error -22.
[   55.665041] loop0: detected capacity change from 0 to 65536
[   55.673736] XFS (loop0): bad version
[   55.674994] XFS (loop0): SB validate failed with error -22.
[   55.947799] loop0: detected capacity change from 0 to 65536
[   55.954867] XFS (loop0): bad version
[   55.955884] XFS (loop0): SB validate failed with error -22.
[   56.303897] loop0: detected capacity change from 0 to 65536
[   56.313011] XFS (loop0): bad version
[   56.314645] XFS (loop0): SB validate failed with error -22.
[   56.598474] loop0: detected capacity change from 0 to 65536
[   56.607649] XFS (loop0): bad version
[   56.609069] XFS (loop0): SB validate failed with error -22.
[   56.890199] loop0: detected capacity change from 0 to 65536
[   56.897515] XFS (loop0): bad version
[   56.898773] XFS (loop0): SB validate failed with error -22.
[   57.164696] loop0: detected capacity change from 0 to 65536
[   57.170102] XFS (loop0): bad version
[   57.172055] XFS (loop0): SB validate failed with error -22.
[   57.461156] loop0: detected capacity change from 0 to 65536
[   57.467984] XFS (loop0): bad version
[   57.469227] XFS (loop0): SB validate failed with error -22.
[   57.748509] loop0: detected capacity change from 0 to 65536
[   57.756130] XFS (loop0): bad version
[   57.757296] XFS (loop0): SB validate failed with error -22.
[   58.028810] loop0: detected capacity change from 0 to 65536
[   58.032807] XFS (loop0): bad version
[   58.033907] XFS (loop0): SB validate failed with error -22.
[   58.309889] loop0: detected capacity change from 0 to 65536
[   58.313042] XFS (loop0): bad version
[   58.314180] XFS (loop0): SB validate failed with error -22.
[   58.558480] loop0: detected capacity change from 0 to 65536
[   58.565156] XFS (loop0): bad version
[   58.566368] XFS (loop0): SB validate failed with error -22.
[   58.830009] loop0: detected capacity change from 0 to 65536
[   58.833977] XFS (loop0): bad version
[   58.835276] XFS (loop0): SB validate failed with error -22.
[   59.115788] loop0: detected capacity change from 0 to 65536
[   59.122591] XFS (loop0): bad version
[   59.123726] XFS (loop0): SB validate failed with error -22.
[   59.398971] loop0: detected capacity change from 0 to 65536
[   59.406497] XFS (loop0): bad version
[   59.407700] XFS (loop0): SB validate failed with error -22.
[   59.674023] loop0: detected capacity change from 0 to 65536
[   59.677682] XFS (loop0): bad version
[   59.678967] XFS (loop0): SB validate failed with error -22.
[   59.952715] loop0: detected capacity change from 0 to 65536
[   59.956593] XFS (loop0): bad version
[   59.957766] XFS (loop0): SB validate failed with error -22.
[   60.220900] loop0: detected capacity change from 0 to 65536
[   60.229104] XFS (loop0): bad version
[   60.230422] XFS (loop0): SB validate failed with error -22.
[   60.499664] loop0: detected capacity change from 0 to 65536
[   60.503996] XFS (loop0): bad version
[   60.505122] XFS (loop0): SB validate failed with error -22.
[   60.780594] loop0: detected capacity change from 0 to 65536
[   60.787294] XFS (loop0): bad version
[   60.788414] XFS (loop0): SB validate failed with error -22.
[   61.146388] loop0: detected capacity change from 0 to 65536
[   61.154179] XFS (loop0): bad version
[   61.155454] XFS (loop0): SB validate failed with error -22.
[   61.446162] loop0: detected capacity change from 0 to 65536
[   61.453185] XFS (loop0): bad version
[   61.454546] XFS (loop0): SB validate failed with error -22.
[   61.703673] loop0: detected capacity change from 0 to 65536
[   61.710859] XFS (loop0): bad version
[   61.712045] XFS (loop0): SB validate failed with error -22.
[   62.041343] loop0: detected capacity change from 0 to 65536
[   62.047322] XFS (loop0): bad version
[   62.048588] XFS (loop0): SB validate failed with error -22.
[   62.336225] loop0: detected capacity change from 0 to 65536
[   62.341191] XFS (loop0): bad version
[   62.342401] XFS (loop0): SB validate failed with error -22.
[   62.608654] loop0: detected capacity change from 0 to 65536
[   62.612806] XFS (loop0): bad version
[   62.613989] XFS (loop0): SB validate failed with error -22.
[   62.908226] loop0: detected capacity change from 0 to 65536
[   62.911891] XFS (loop0): bad version
[   62.913347] XFS (loop0): SB validate failed with error -22.
[   63.184788] loop0: detected capacity change from 0 to 65536
[   63.188490] XFS (loop0): bad version
[   63.189523] XFS (loop0): SB validate failed with error -22.
[   63.476605] loop0: detected capacity change from 0 to 65536
[   63.483008] XFS (loop0): bad version
[   63.484212] XFS (loop0): SB validate failed with error -22.
[   63.767372] loop0: detected capacity change from 0 to 65536
[   63.771844] XFS (loop0): bad version
[   63.772933] XFS (loop0): SB validate failed with error -22.
[   64.031558] loop0: detected capacity change from 0 to 65536
[   64.039156] XFS (loop0): bad version
[   64.040146] XFS (loop0): SB validate failed with error -22.
[   64.292630] loop0: detected capacity change from 0 to 65536
[   64.298777] XFS (loop0): bad version
[   64.300388] XFS (loop0): SB validate failed with error -22.
[   64.607306] loop0: detected capacity change from 0 to 65536
[   64.613569] XFS (loop0): bad version
[   64.614736] XFS (loop0): SB validate failed with error -22.
[   64.906895] loop0: detected capacity change from 0 to 65536
[   64.911565] XFS (loop0): bad version
[   64.912738] XFS (loop0): SB validate failed with error -22.
[   65.172847] loop0: detected capacity change from 0 to 65536
[   65.181233] XFS (loop0): bad version
[   65.182491] XFS (loop0): SB validate failed with error -22.
[   65.458919] loop0: detected capacity change from 0 to 65536
[   65.462889] XFS (loop0): bad version
[   65.463949] XFS (loop0): SB validate failed with error -22.
[   65.733471] loop0: detected capacity change from 0 to 65536
[   65.740682] XFS (loop0): bad version
[   65.741977] XFS (loop0): SB validate failed with error -22.
[   66.013017] loop0: detected capacity change from 0 to 65536
[   66.021714] XFS (loop0): bad version
[   66.023156] XFS (loop0): SB validate failed with error -22.
[   66.302364] loop0: detected capacity change from 0 to 65536
[   66.306640] XFS (loop0): bad version
[   66.307762] XFS (loop0): SB validate failed with error -22.
[   66.605882] loop0: detected capacity change from 0 to 65536
[   66.613170] XFS (loop0): bad version
[   66.614409] XFS (loop0): SB validate failed with error -22.
[   66.896777] loop0: detected capacity change from 0 to 65536
[   66.904861] XFS (loop0): bad version
[   66.906213] XFS (loop0): SB validate failed with error -22.
[   67.170153] loop0: detected capacity change from 0 to 65536
[   67.177630] XFS (loop0): bad version
[   67.178909] XFS (loop0): SB validate failed with error -22.
[   67.443491] loop0: detected capacity change from 0 to 65536
[   67.450323] XFS (loop0): bad version
[   67.451417] XFS (loop0): SB validate failed with error -22.
[   67.706669] loop0: detected capacity change from 0 to 65536
[   67.712835] XFS (loop0): bad version
[   67.714294] XFS (loop0): SB validate failed with error -22.
[   67.988943] loop0: detected capacity change from 0 to 65536
[   67.997270] XFS (loop0): bad version
[   67.998608] XFS (loop0): SB validate failed with error -22.
[   68.256674] loop0: detected capacity change from 0 to 65536
[   68.260535] XFS (loop0): bad version
[   68.261586] XFS (loop0): SB validate failed with error -22.
[   68.527245] loop0: detected capacity change from 0 to 65536
[   68.534130] XFS (loop0): bad version
[   68.535547] XFS (loop0): SB validate failed with error -22.
[   68.818584] loop0: detected capacity change from 0 to 65536
[   68.826343] XFS (loop0): bad version
[   68.827537] XFS (loop0): SB validate failed with error -22.
[   69.089617] loop0: detected capacity change from 0 to 65536
[   69.093278] XFS (loop0): bad version
[   69.094369] XFS (loop0): SB validate failed with error -22.
[   69.379208] loop0: detected capacity change from 0 to 65536
[   69.383016] XFS (loop0): bad version
[   69.384021] XFS (loop0): SB validate failed with error -22.
[   69.642279] loop0: detected capacity change from 0 to 65536
[   69.649277] XFS (loop0): bad version
[   69.650435] XFS (loop0): SB validate failed with error -22.
[   69.908720] loop0: detected capacity change from 0 to 65536
[   69.916299] XFS (loop0): bad version
[   69.917681] XFS (loop0): SB validate failed with error -22.
[   70.191648] loop0: detected capacity change from 0 to 65536
[   70.199006] XFS (loop0): bad version
[   70.200259] XFS (loop0): SB validate failed with error -22.
[   70.479164] loop0: detected capacity change from 0 to 65536
[   70.482545] XFS (loop0): bad version
[   70.483713] XFS (loop0): SB validate failed with error -22.
[   70.765750] loop0: detected capacity change from 0 to 65536
[   70.774645] XFS (loop0): bad version
[   70.775973] XFS (loop0): SB validate failed with error -22.
[   71.096533] loop0: detected capacity change from 0 to 65536
[   71.102698] XFS (loop0): bad version
[   71.103989] XFS (loop0): SB validate failed with error -22.
[   71.371781] loop0: detected capacity change from 0 to 65536
[   71.377552] XFS (loop0): bad version
[   71.378792] XFS (loop0): SB validate failed with error -22.
[   71.657830] loop0: detected capacity change from 0 to 65536
[   71.666150] XFS (loop0): bad version
[   71.667400] XFS (loop0): SB validate failed with error -22.
[   72.026579] loop0: detected capacity change from 0 to 65536
[   72.033604] XFS (loop0): bad version
[   72.034785] XFS (loop0): SB validate failed with error -22.
[   72.342463] loop0: detected capacity change from 0 to 65536
[   72.348709] XFS (loop0): bad version
[   72.349880] XFS (loop0): SB validate failed with error -22.
[   72.606859] loop0: detected capacity change from 0 to 65536
[   72.614277] XFS (loop0): bad version
[   72.615457] XFS (loop0): SB validate failed with error -22.
[   72.894338] loop0: detected capacity change from 0 to 65536
[   72.900998] XFS (loop0): bad version
[   72.902282] XFS (loop0): SB validate failed with error -22.
[   73.177213] loop0: detected capacity change from 0 to 65536
[   73.184308] XFS (loop0): bad version
[   73.185558] XFS (loop0): SB validate failed with error -22.
[   73.454278] loop0: detected capacity change from 0 to 65536
[   73.461410] XFS (loop0): bad version
[   73.462685] XFS (loop0): SB validate failed with error -22.
[   73.723499] loop0: detected capacity change from 0 to 65536
[   73.729635] XFS (loop0): bad version
[   73.730750] XFS (loop0): SB validate failed with error -22.
[   74.017586] loop0: detected capacity change from 0 to 65536
[   74.024681] XFS (loop0): bad version
[   74.025729] XFS (loop0): SB validate failed with error -22.
[   74.284310] loop0: detected capacity change from 0 to 65536
[   74.288256] XFS (loop0): bad version
[   74.289396] XFS (loop0): SB validate failed with error -22.
[   74.559859] loop0: detected capacity change from 0 to 65536
[   74.567245] XFS (loop0): bad version
[   74.568437] XFS (loop0): SB validate failed with error -22.
[   74.835074] loop0: detected capacity change from 0 to 65536
[   74.842572] XFS (loop0): bad version
[   74.843844] XFS (loop0): SB validate failed with error -22.
[   75.140034] loop0: detected capacity change from 0 to 65536
[   75.145117] XFS (loop0): bad version
[   75.146204] XFS (loop0): SB validate failed with error -22.
[   75.424589] loop0: detected capacity change from 0 to 65536
[   75.430894] XFS (loop0): bad version
[   75.432708] XFS (loop0): SB validate failed with error -22.
[   75.708650] loop0: detected capacity change from 0 to 65536
[   75.712220] XFS (loop0): bad version
[   75.713376] XFS (loop0): SB validate failed with error -22.
[   75.993638] loop0: detected capacity change from 0 to 65536
[   76.000439] XFS (loop0): bad version
[   76.001630] XFS (loop0): SB validate failed with error -22.
[   76.280804] loop0: detected capacity change from 0 to 65536
[   76.284751] XFS (loop0): bad version
[   76.285813] XFS (loop0): SB validate failed with error -22.
[   76.563195] loop0: detected capacity change from 0 to 65536
[   76.569497] XFS (loop0): bad version
[   76.570776] XFS (loop0): SB validate failed with error -22.
[   76.852598] loop0: detected capacity change from 0 to 65536
[   76.856468] XFS (loop0): bad version
[   76.857551] XFS (loop0): SB validate failed with error -22.
[   77.273912] loop0: detected capacity change from 0 to 65536
[   77.280000] XFS (loop0): bad version
[   77.281166] XFS (loop0): SB validate failed with error -22.
[   77.620945] loop0: detected capacity change from 0 to 65536
[   77.630125] XFS (loop0): bad version
[   77.631192] XFS (loop0): SB validate failed with error -22.
[   77.896435] loop0: detected capacity change from 0 to 65536
[   77.903999] XFS (loop0): bad version
[   77.905186] XFS (loop0): SB validate failed with error -22.
[   78.182201] loop0: detected capacity change from 0 to 65536
[   78.189217] XFS (loop0): bad version
[   78.190554] XFS (loop0): SB validate failed with error -22.
[   78.512162] loop0: detected capacity change from 0 to 65536
[   78.517732] XFS (loop0): bad version
[   78.519012] XFS (loop0): SB validate failed with error -22.
[   78.781280] loop0: detected capacity change from 0 to 65536
[   78.789835] XFS (loop0): bad version
[   78.791219] XFS (loop0): SB validate failed with error -22.
[   79.128727] loop0: detected capacity change from 0 to 65536
[   79.132116] XFS (loop0): bad version
[   79.133252] XFS (loop0): SB validate failed with error -22.
[   79.441846] loop0: detected capacity change from 0 to 65536
[   79.448868] XFS (loop0): bad version
[   79.450358] XFS (loop0): SB validate failed with error -22.
[   79.712453] loop0: detected capacity change from 0 to 65536
[   79.720145] XFS (loop0): bad version
[   79.721364] XFS (loop0): SB validate failed with error -22.
[   79.982102] loop0: detected capacity change from 0 to 65536
[   79.988509] XFS (loop0): bad version
[   79.989706] XFS (loop0): SB validate failed with error -22.
[   80.247180] loop0: detected capacity change from 0 to 65536
[   80.250850] XFS (loop0): bad version
[   80.252020] XFS (loop0): SB validate failed with error -22.
[   80.503429] loop0: detected capacity change from 0 to 65536
[   80.508940] XFS (loop0): bad version
[   80.510126] XFS (loop0): SB validate failed with error -22.
[   80.789433] loop0: detected capacity change from 0 to 65536
[   80.793525] XFS (loop0): bad version
[   80.795769] XFS (loop0): SB validate failed with error -22.
[   81.066135] loop0: detected capacity change from 0 to 65536
[   81.073564] XFS (loop0): bad version
[   81.074875] XFS (loop0): SB validate failed with error -22.
[   81.355564] loop0: detected capacity change from 0 to 65536
[   81.360768] XFS (loop0): bad version
[   81.361894] XFS (loop0): SB validate failed with error -22.
[   81.627658] loop0: detected capacity change from 0 to 65536
[   81.633461] XFS (loop0): bad version
[   81.634779] XFS (loop0): SB validate failed with error -22.
[   81.908260] loop0: detected capacity change from 0 to 65536
[   81.912217] XFS (loop0): bad version
[   81.913388] XFS (loop0): SB validate failed with error -22.
[   82.223496] loop0: detected capacity change from 0 to 65536
[   82.231407] XFS (loop0): bad version
[   82.232518] XFS (loop0): SB validate failed with error -22.
[   82.498409] loop0: detected capacity change from 0 to 65536
[   82.505912] XFS (loop0): bad version
[   82.507048] XFS (loop0): SB validate failed with error -22.
[   82.766755] loop0: detected capacity change from 0 to 65536
[   82.770628] XFS (loop0): bad version
[   82.771730] XFS (loop0): SB validate failed with error -22.
[   83.039863] loop0: detected capacity change from 0 to 65536
[   83.044817] XFS (loop0): bad version
[   83.046097] XFS (loop0): SB validate failed with error -22.
[   83.317276] loop0: detected capacity change from 0 to 65536
[   83.324484] XFS (loop0): bad version
[   83.325461] XFS (loop0): SB validate failed with error -22.
[   83.620074] loop0: detected capacity change from 0 to 65536
[   83.624713] XFS (loop0): bad version
[   83.625711] XFS (loop0): SB validate failed with error -22.
[   83.890984] loop0: detected capacity change from 0 to 65536
[   83.897862] XFS (loop0): bad version
[   83.899104] XFS (loop0): SB validate failed with error -22.
[   84.156333] loop0: detected capacity change from 0 to 65536
[   84.161125] XFS (loop0): bad version
[   84.162333] XFS (loop0): SB validate failed with error -22.
[   84.436056] loop0: detected capacity change from 0 to 65536
[   84.441942] XFS (loop0): bad version
[   84.443209] XFS (loop0): SB validate failed with error -22.
[   84.724846] loop0: detected capacity change from 0 to 65536
[   84.730609] XFS (loop0): bad version
[   84.731807] XFS (loop0): SB validate failed with error -22.
[   85.007331] loop0: detected capacity change from 0 to 65536
[   85.013232] XFS (loop0): bad version
[   85.014403] XFS (loop0): SB validate failed with error -22.
[   85.344115] loop0: detected capacity change from 0 to 65536
[   85.350474] XFS (loop0): bad version
[   85.351554] XFS (loop0): SB validate failed with error -22.
[   85.618275] loop0: detected capacity change from 0 to 65536
[   85.624348] XFS (loop0): bad version
[   85.625571] XFS (loop0): SB validate failed with error -22.
[   85.929899] loop0: detected capacity change from 0 to 65536
[   85.937285] XFS (loop0): bad version
[   85.938522] XFS (loop0): SB validate failed with error -22.
[   86.215030] loop0: detected capacity change from 0 to 65536
[   86.222220] XFS (loop0): bad version
[   86.223527] XFS (loop0): SB validate failed with error -22.
[   86.510615] loop0: detected capacity change from 0 to 65536
[   86.514400] XFS (loop0): bad version
[   86.515593] XFS (loop0): SB validate failed with error -22.
[   86.787530] loop0: detected capacity change from 0 to 65536
[   86.794420] XFS (loop0): bad version
[   86.795618] XFS (loop0): SB validate failed with error -22.
[   87.067403] loop0: detected capacity change from 0 to 65536
[   87.075184] XFS (loop0): bad version
[   87.076537] XFS (loop0): SB validate failed with error -22.
[   87.371195] loop0: detected capacity change from 0 to 65536
[   87.378237] XFS (loop0): bad version
[   87.379624] XFS (loop0): SB validate failed with error -22.
[   87.644955] loop0: detected capacity change from 0 to 65536
[   87.651858] XFS (loop0): bad version
[   87.653217] XFS (loop0): SB validate failed with error -22.
[   87.906540] loop0: detected capacity change from 0 to 65536
[   87.912386] XFS (loop0): bad version
[   87.913539] XFS (loop0): SB validate failed with error -22.
[   88.185274] loop0: detected capacity change from 0 to 65536
[   88.194662] XFS (loop0): bad version
[   88.196116] XFS (loop0): SB validate failed with error -22.
[   88.471024] loop0: detected capacity change from 0 to 65536
[   88.474921] XFS (loop0): bad version
[   88.476035] XFS (loop0): SB validate failed with error -22.
[   88.765610] loop0: detected capacity change from 0 to 65536
[   88.772710] XFS (loop0): bad version
[   88.774217] XFS (loop0): SB validate failed with error -22.
[   89.173478] loop0: detected capacity change from 0 to 65536
[   89.183453] XFS (loop0): bad version
[   89.184870] XFS (loop0): SB validate failed with error -22.
[   89.451346] loop0: detected capacity change from 0 to 65536
[   89.456480] XFS (loop0): bad version
[   89.457628] XFS (loop0): SB validate failed with error -22.
[   89.718724] loop0: detected capacity change from 0 to 65536
[   89.726852] XFS (loop0): bad version
[   89.728182] XFS (loop0): SB validate failed with error -22.
[   89.993326] loop0: detected capacity change from 0 to 65536
[   90.000161] XFS (loop0): bad version
[   90.001345] XFS (loop0): SB validate failed with error -22.
[   90.271906] loop0: detected capacity change from 0 to 65536
[   90.275980] XFS (loop0): bad version
[   90.277152] XFS (loop0): SB validate failed with error -22.
[   90.528315] loop0: detected capacity change from 0 to 65536
[   90.535251] XFS (loop0): bad version
[   90.536429] XFS (loop0): SB validate failed with error -22.
[   90.773368] loop0: detected capacity change from 0 to 65536
[   90.780284] XFS (loop0): bad version
[   90.781444] XFS (loop0): SB validate failed with error -22.
[   91.061131] loop0: detected capacity change from 0 to 65536
[   91.067060] XFS (loop0): bad version
[   91.068267] XFS (loop0): SB validate failed with error -22.
[   91.340088] loop0: detected capacity change from 0 to 65536
[   91.343969] XFS (loop0): bad version
[   91.345136] XFS (loop0): SB validate failed with error -22.
[   91.582607] loop0: detected capacity change from 0 to 65536
[   91.588662] XFS (loop0): bad version
[   91.589942] XFS (loop0): SB validate failed with error -22.
[   91.821511] loop0: detected capacity change from 0 to 65536
[   91.827186] XFS (loop0): bad version
[   91.828283] XFS (loop0): SB validate failed with error -22.
[   92.102606] loop0: detected capacity change from 0 to 65536
[   92.109393] XFS (loop0): bad version
[   92.110637] XFS (loop0): SB validate failed with error -22.
[   92.366124] loop0: detected capacity change from 0 to 65536
[   92.369535] XFS (loop0): bad version
[   92.370778] XFS (loop0): SB validate failed with error -22.
[   92.631381] loop0: detected capacity change from 0 to 65536
[   92.636602] XFS (loop0): bad version
[   92.637768] XFS (loop0): SB validate failed with error -22.
[   92.919251] loop0: detected capacity change from 0 to 65536
[   92.923031] XFS (loop0): bad version
[   92.924953] XFS (loop0): SB validate failed with error -22.
[   93.177828] loop0: detected capacity change from 0 to 65536
[   93.184243] XFS (loop0): bad version
[   93.185351] XFS (loop0): SB validate failed with error -22.
[   93.427249] loop0: detected capacity change from 0 to 65536
[   93.434990] XFS (loop0): bad version
[   93.436343] XFS (loop0): SB validate failed with error -22.
[   93.702770] loop0: detected capacity change from 0 to 65536
[   93.706641] XFS (loop0): bad version
[   93.707765] XFS (loop0): SB validate failed with error -22.
[   93.982128] loop0: detected capacity change from 0 to 65536
[   93.985937] XFS (loop0): bad version
[   93.987046] XFS (loop0): SB validate failed with error -22.
[   94.301090] loop0: detected capacity change from 0 to 65536
[   94.308518] XFS (loop0): bad version
[   94.309726] XFS (loop0): SB validate failed with error -22.
[   94.590424] loop0: detected capacity change from 0 to 65536
[   94.599349] XFS (loop0): bad version
[   94.600763] XFS (loop0): SB validate failed with error -22.
[   94.867108] loop0: detected capacity change from 0 to 65536
[   94.871341] XFS (loop0): bad version
[   94.872401] XFS (loop0): SB validate failed with error -22.
[   95.188169] loop0: detected capacity change from 0 to 65536
[   95.196487] XFS (loop0): bad version
[   95.197716] XFS (loop0): SB validate failed with error -22.
[   95.464643] loop0: detected capacity change from 0 to 65536
[   95.471873] XFS (loop0): bad version
[   95.473065] XFS (loop0): SB validate failed with error -22.
[   95.756800] loop0: detected capacity change from 0 to 65536
[   95.760860] XFS (loop0): bad version
[   95.761910] XFS (loop0): SB validate failed with error -22.
[   96.026234] loop0: detected capacity change from 0 to 65536
[   96.032977] XFS (loop0): bad version
[   96.034352] XFS (loop0): SB validate failed with error -22.
[   96.294295] loop0: detected capacity change from 0 to 65536
[   96.301589] XFS (loop0): bad version
[   96.302867] XFS (loop0): SB validate failed with error -22.
[   96.572618] loop0: detected capacity change from 0 to 65536
[   96.576421] XFS (loop0): bad version
[   96.577580] XFS (loop0): SB validate failed with error -22.
[   96.851360] loop0: detected capacity change from 0 to 65536
[   96.857547] XFS (loop0): bad version
[   96.858831] XFS (loop0): SB validate failed with error -22.
[   97.125687] loop0: detected capacity change from 0 to 65536
[   97.131614] XFS (loop0): bad version
[   97.132806] XFS (loop0): SB validate failed with error -22.
[   97.408495] loop0: detected capacity change from 0 to 65536
[   97.413211] XFS (loop0): bad version
[   97.415637] XFS (loop0): SB validate failed with error -22.
[   97.715004] loop0: detected capacity change from 0 to 65536
[   97.721499] XFS (loop0): bad version
[   97.722762] XFS (loop0): SB validate failed with error -22.
[   98.006748] loop0: detected capacity change from 0 to 65536
[   98.013238] XFS (loop0): bad version
[   98.014381] XFS (loop0): SB validate failed with error -22.
[   98.359234] loop0: detected capacity change from 0 to 65536
[   98.364615] XFS (loop0): bad version
[   98.365794] XFS (loop0): SB validate failed with error -22.
[   98.634378] loop0: detected capacity change from 0 to 65536
[   98.642161] XFS (loop0): bad version
[   98.643551] XFS (loop0): SB validate failed with error -22.
[   98.912101] loop0: detected capacity change from 0 to 65536
[   98.916135] XFS (loop0): bad version
[   98.917275] XFS (loop0): SB validate failed with error -22.
[   99.188626] loop0: detected capacity change from 0 to 65536
[   99.192627] XFS (loop0): bad version
[   99.193704] XFS (loop0): SB validate failed with error -22.
[   99.490389] loop0: detected capacity change from 0 to 65536
[   99.495086] XFS (loop0): bad version
[   99.496249] XFS (loop0): SB validate failed with error -22.
[   99.745575] loop0: detected capacity change from 0 to 65536
[   99.749282] XFS (loop0): bad version
[   99.750931] XFS (loop0): SB validate failed with error -22.
[  100.019286] loop0: detected capacity change from 0 to 65536
[  100.023447] XFS (loop0): bad version
[  100.024645] XFS (loop0): SB validate failed with error -22.
[  100.290423] loop0: detected capacity change from 0 to 65536
[  100.297063] XFS (loop0): bad version
[  100.298469] XFS (loop0): SB validate failed with error -22.
[  100.591670] loop0: detected capacity change from 0 to 65536
[  100.598641] XFS (loop0): bad version
[  100.599914] XFS (loop0): SB validate failed with error -22.
[  100.888081] loop0: detected capacity change from 0 to 65536
[  100.895768] XFS (loop0): bad version
[  100.896972] XFS (loop0): SB validate failed with error -22.
[  101.143544] loop0: detected capacity change from 0 to 65536
[  101.150753] XFS (loop0): bad version
[  101.151931] XFS (loop0): SB validate failed with error -22.
[  101.457837] loop0: detected capacity change from 0 to 65536
[  101.461772] XFS (loop0): bad version
[  101.462798] XFS (loop0): SB validate failed with error -22.
[  101.731789] loop0: detected capacity change from 0 to 65536
[  101.738415] XFS (loop0): bad version
[  101.739501] XFS (loop0): SB validate failed with error -22.
[  101.999599] loop0: detected capacity change from 0 to 65536
[  102.005685] XFS (loop0): bad version
[  102.006947] XFS (loop0): SB validate failed with error -22.
[  102.298395] loop0: detected capacity change from 0 to 65536
[  102.302450] XFS (loop0): bad version
[  102.304596] XFS (loop0): SB validate failed with error -22.
[  102.598876] loop0: detected capacity change from 0 to 65536
[  102.606011] XFS (loop0): bad version
[  102.607415] XFS (loop0): SB validate failed with error -22.
[  102.880164] loop0: detected capacity change from 0 to 65536
[  102.885942] XFS (loop0): bad version
[  102.887205] XFS (loop0): SB validate failed with error -22.
[  103.151880] loop0: detected capacity change from 0 to 65536
[  103.157314] XFS (loop0): bad version
[  103.158591] XFS (loop0): SB validate failed with error -22.
[  103.441941] loop0: detected capacity change from 0 to 65536
[  103.449089] XFS (loop0): bad version
[  103.450425] XFS (loop0): SB validate failed with error -22.
[  103.731102] loop0: detected capacity change from 0 to 65536
[  103.737954] XFS (loop0): bad version
[  103.739346] XFS (loop0): SB validate failed with error -22.
[  104.078110] loop0: detected capacity change from 0 to 65536
[  104.085749] XFS (loop0): bad version
[  104.086800] XFS (loop0): SB validate failed with error -22.
[  104.368609] loop0: detected capacity change from 0 to 65536
[  104.375857] XFS (loop0): bad version
[  104.377233] XFS (loop0): SB validate failed with error -22.
[  104.677352] loop0: detected capacity change from 0 to 65536
[  104.681258] XFS (loop0): bad version
[  104.682411] XFS (loop0): SB validate failed with error -22.
[  104.962511] loop0: detected capacity change from 0 to 65536
[  104.969231] XFS (loop0): bad version
[  104.970425] XFS (loop0): SB validate failed with error -22.
[  105.229113] loop0: detected capacity change from 0 to 65536
[  105.232884] XFS (loop0): bad version
[  105.233858] XFS (loop0): SB validate failed with error -22.
[  105.485788] loop0: detected capacity change from 0 to 65536
[  105.492189] XFS (loop0): bad version
[  105.493415] XFS (loop0): SB validate failed with error -22.
[  105.752596] loop0: detected capacity change from 0 to 65536
[  105.759102] XFS (loop0): bad version
[  105.760292] XFS (loop0): SB validate failed with error -22.
[  106.047275] loop0: detected capacity change from 0 to 65536
[  106.055655] XFS (loop0): bad version
[  106.056771] XFS (loop0): SB validate failed with error -22.
[  106.291209] loop0: detected capacity change from 0 to 65536
[  106.298107] XFS (loop0): bad version
[  106.299495] XFS (loop0): SB validate failed with error -22.
[  106.651821] loop0: detected capacity change from 0 to 65536
[  106.655889] XFS (loop0): bad version
[  106.657085] XFS (loop0): SB validate failed with error -22.
[  106.931765] loop0: detected capacity change from 0 to 65536
[  106.937600] XFS (loop0): bad version
[  106.938796] XFS (loop0): SB validate failed with error -22.
[  107.215125] loop0: detected capacity change from 0 to 65536
[  107.222945] XFS (loop0): bad version
[  107.223983] XFS (loop0): SB validate failed with error -22.
[  107.607988] loop0: detected capacity change from 0 to 65536
[  107.614802] XFS (loop0): bad version
[  107.616098] XFS (loop0): SB validate failed with error -22.
[  107.921214] loop0: detected capacity change from 0 to 65536
[  107.925019] XFS (loop0): bad version
[  107.926002] XFS (loop0): SB validate failed with error -22.
[  108.205165] loop0: detected capacity change from 0 to 65536
[  108.211100] XFS (loop0): bad version
[  108.212326] XFS (loop0): SB validate failed with error -22.
[  108.554511] loop0: detected capacity change from 0 to 65536
[  108.561594] XFS (loop0): bad version
[  108.562719] XFS (loop0): SB validate failed with error -22.
[  108.872853] loop0: detected capacity change from 0 to 65536
[  108.879642] XFS (loop0): bad version
[  108.880601] XFS (loop0): SB validate failed with error -22.
[  109.157869] loop0: detected capacity change from 0 to 65536
[  109.163871] XFS (loop0): bad version
[  109.165109] XFS (loop0): SB validate failed with error -22.
[  109.440299] loop0: detected capacity change from 0 to 65536
[  109.445415] XFS (loop0): bad version
[  109.446515] XFS (loop0): SB validate failed with error -22.
[  109.712932] loop0: detected capacity change from 0 to 65536
[  109.716569] XFS (loop0): bad version
[  109.717730] XFS (loop0): SB validate failed with error -22.
[  110.007695] loop0: detected capacity change from 0 to 65536
[  110.014603] XFS (loop0): bad version
[  110.015801] XFS (loop0): SB validate failed with error -22.
[  110.308384] loop0: detected capacity change from 0 to 65536
[  110.312633] XFS (loop0): bad version
[  110.313789] XFS (loop0): SB validate failed with error -22.
[  110.587667] loop0: detected capacity change from 0 to 65536
[  110.593932] XFS (loop0): bad version
[  110.595139] XFS (loop0): SB validate failed with error -22.
[  110.868805] loop0: detected capacity change from 0 to 65536
[  110.875509] XFS (loop0): bad version
[  110.876683] XFS (loop0): SB validate failed with error -22.
[  111.140797] loop0: detected capacity change from 0 to 65536
[  111.144626] XFS (loop0): bad version
[  111.145804] XFS (loop0): SB validate failed with error -22.
[  111.429199] loop0: detected capacity change from 0 to 65536
[  111.432998] XFS (loop0): bad version
[  111.434610] XFS (loop0): SB validate failed with error -22.
[  111.702736] loop0: detected capacity change from 0 to 65536
[  111.706758] XFS (loop0): bad version
[  111.707821] XFS (loop0): SB validate failed with error -22.
[  111.975422] loop0: detected capacity change from 0 to 65536
[  111.981017] XFS (loop0): bad version
[  111.982252] XFS (loop0): SB validate failed with error -22.
[  112.251093] loop0: detected capacity change from 0 to 65536
[  112.258106] XFS (loop0): bad version
[  112.259298] XFS (loop0): SB validate failed with error -22.
[  112.533938] loop0: detected capacity change from 0 to 65536
[  112.541408] XFS (loop0): bad version
[  112.542693] XFS (loop0): SB validate failed with error -22.
[  112.820084] loop0: detected capacity change from 0 to 65536
[  112.826893] XFS (loop0): bad version
[  112.828127] XFS (loop0): SB validate failed with error -22.
[  113.162636] loop0: detected capacity change from 0 to 65536
[  113.167943] XFS (loop0): bad version
[  113.169146] XFS (loop0): SB validate failed with error -22.
[  113.465515] loop0: detected capacity change from 0 to 65536
[  113.471427] XFS (loop0): bad version
[  113.472702] XFS (loop0): SB validate failed with error -22.
[  113.770034] loop0: detected capacity change from 0 to 65536
[  113.776078] XFS (loop0): bad version
[  113.777284] XFS (loop0): SB validate failed with error -22.
[  114.060320] loop0: detected capacity change from 0 to 65536
[  114.064375] XFS (loop0): bad version
[  114.065397] XFS (loop0): SB validate failed with error -22.
[  114.342366] loop0: detected capacity change from 0 to 65536
[  114.349572] XFS (loop0): bad version
[  114.350845] XFS (loop0): SB validate failed with error -22.
[  114.622150] loop0: detected capacity change from 0 to 65536
[  114.628250] XFS (loop0): bad version
[  114.629298] XFS (loop0): SB validate failed with error -22.
[  114.952818] loop0: detected capacity change from 0 to 65536
[  114.959061] XFS (loop0): bad version
[  114.960355] XFS (loop0): SB validate failed with error -22.
[  115.237533] loop0: detected capacity change from 0 to 65536
[  115.243393] XFS (loop0): bad version
[  115.244598] XFS (loop0): SB validate failed with error -22.
[  115.524690] loop0: detected capacity change from 0 to 65536
[  115.528672] XFS (loop0): bad version
[  115.529802] XFS (loop0): SB validate failed with error -22.
[  115.802332] loop0: detected capacity change from 0 to 65536
[  115.808633] XFS (loop0): bad version
[  115.809844] XFS (loop0): SB validate failed with error -22.
[  116.072206] loop0: detected capacity change from 0 to 65536
[  116.079817] XFS (loop0): bad version
[  116.081014] XFS (loop0): SB validate failed with error -22.
[  116.365618] loop0: detected capacity change from 0 to 65536
[  116.371614] XFS (loop0): bad version
[  116.372787] XFS (loop0): SB validate failed with error -22.
[  116.646722] loop0: detected capacity change from 0 to 65536
[  116.651663] XFS (loop0): bad version
[  116.652712] XFS (loop0): SB validate failed with error -22.
[  116.908108] loop0: detected capacity change from 0 to 65536
[  116.913485] XFS (loop0): bad version
[  116.914702] XFS (loop0): SB validate failed with error -22.
[  117.253706] loop0: detected capacity change from 0 to 65536
[  117.260669] XFS (loop0): bad version
[  117.261683] XFS (loop0): SB validate failed with error -22.
[  117.533443] loop0: detected capacity change from 0 to 65536
[  117.541351] XFS (loop0): bad version
[  117.542596] XFS (loop0): SB validate failed with error -22.
[  117.803719] loop0: detected capacity change from 0 to 65536
[  117.811319] XFS (loop0): bad version
[  117.812513] XFS (loop0): SB validate failed with error -22.
[  118.080370] loop0: detected capacity change from 0 to 65536
[  118.084266] XFS (loop0): bad version
[  118.085339] XFS (loop0): SB validate failed with error -22.
[  118.360869] loop0: detected capacity change from 0 to 65536
[  118.364498] XFS (loop0): bad version
[  118.365644] XFS (loop0): SB validate failed with error -22.
[  118.664155] loop0: detected capacity change from 0 to 65536
[  118.669486] XFS (loop0): bad version
[  118.670718] XFS (loop0): SB validate failed with error -22.
[  118.967606] loop0: detected capacity change from 0 to 65536
[  118.973615] XFS (loop0): bad version
[  118.974879] XFS (loop0): SB validate failed with error -22.
[  119.271867] loop0: detected capacity change from 0 to 65536
[  119.275884] XFS (loop0): bad version
[  119.277094] XFS (loop0): SB validate failed with error -22.
[  119.606189] loop0: detected capacity change from 0 to 65536
[  119.612757] XFS (loop0): bad version
[  119.613998] XFS (loop0): SB validate failed with error -22.
[  119.893241] loop0: detected capacity change from 0 to 65536
[  119.900673] XFS (loop0): bad version
[  119.902285] XFS (loop0): SB validate failed with error -22.
[  120.180827] loop0: detected capacity change from 0 to 65536
[  120.184977] XFS (loop0): bad version
[  120.186028] XFS (loop0): SB validate failed with error -22.
[  120.456820] loop0: detected capacity change from 0 to 65536
[  120.463980] XFS (loop0): bad version
[  120.465152] XFS (loop0): SB validate failed with error -22.
[  120.723708] loop0: detected capacity change from 0 to 65536
[  120.731067] XFS (loop0): bad version
[  120.732251] XFS (loop0): SB validate failed with error -22.
[  120.994549] loop0: detected capacity change from 0 to 65536
[  121.000723] XFS (loop0): bad version
[  121.001930] XFS (loop0): SB validate failed with error -22.
[  121.290098] loop0: detected capacity change from 0 to 65536
[  121.296668] XFS (loop0): bad version
[  121.297835] XFS (loop0): SB validate failed with error -22.
[  121.584786] loop0: detected capacity change from 0 to 65536
[  121.592587] XFS (loop0): bad version
[  121.593776] XFS (loop0): SB validate failed with error -22.
[  121.866206] loop0: detected capacity change from 0 to 65536
[  121.871181] XFS (loop0): bad version
[  121.872210] XFS (loop0): SB validate failed with error -22.
[  122.172234] loop0: detected capacity change from 0 to 65536
[  122.177243] XFS (loop0): bad version
[  122.178352] XFS (loop0): SB validate failed with error -22.
[  122.450725] loop0: detected capacity change from 0 to 65536
[  122.454590] XFS (loop0): bad version
[  122.455594] XFS (loop0): SB validate failed with error -22.
[  122.711581] loop0: detected capacity change from 0 to 65536
[  122.715681] XFS (loop0): bad version
[  122.716709] XFS (loop0): SB validate failed with error -22.
[  122.999467] loop0: detected capacity change from 0 to 65536
[  123.007974] XFS (loop0): bad version
[  123.009202] XFS (loop0): SB validate failed with error -22.
[  123.275889] loop0: detected capacity change from 0 to 65536
[  123.283108] XFS (loop0): bad version
[  123.284353] XFS (loop0): SB validate failed with error -22.
[  123.549066] loop0: detected capacity change from 0 to 65536
[  123.552827] XFS (loop0): bad version
[  123.553912] XFS (loop0): SB validate failed with error -22.
[  123.839734] loop0: detected capacity change from 0 to 65536
[  123.843660] XFS (loop0): bad version
[  123.844854] XFS (loop0): SB validate failed with error -22.
[  124.165677] loop0: detected capacity change from 0 to 65536
[  124.173901] XFS (loop0): bad version
[  124.175459] XFS (loop0): SB validate failed with error -22.
[  124.468296] loop0: detected capacity change from 0 to 65536
[  124.471660] XFS (loop0): bad version
[  124.472836] XFS (loop0): SB validate failed with error -22.
[  124.748308] loop0: detected capacity change from 0 to 65536
[  124.753871] XFS (loop0): bad version
[  124.755114] XFS (loop0): SB validate failed with error -22.
[  125.021283] loop0: detected capacity change from 0 to 65536
[  125.029258] XFS (loop0): bad version
[  125.030702] XFS (loop0): SB validate failed with error -22.
[  125.282723] loop0: detected capacity change from 0 to 65536
[  125.289397] XFS (loop0): bad version
[  125.290648] XFS (loop0): SB validate failed with error -22.
[  125.543679] loop0: detected capacity change from 0 to 65536
[  125.552003] XFS (loop0): bad version
[  125.553234] XFS (loop0): SB validate failed with error -22.
[  125.819814] loop0: detected capacity change from 0 to 65536
[  125.826645] XFS (loop0): bad version
[  125.827863] XFS (loop0): SB validate failed with error -22.
[  126.119730] loop0: detected capacity change from 0 to 65536
[  126.125121] XFS (loop0): bad version
[  126.126167] XFS (loop0): SB validate failed with error -22.
[  126.394329] loop0: detected capacity change from 0 to 65536
[  126.401871] XFS (loop0): bad version
[  126.403173] XFS (loop0): SB validate failed with error -22.
[  126.705559] loop0: detected capacity change from 0 to 65536
[  126.710533] XFS (loop0): bad version
[  126.711574] XFS (loop0): SB validate failed with error -22.
[  126.981213] loop0: detected capacity change from 0 to 65536
[  126.987443] XFS (loop0): bad version
[  126.988634] XFS (loop0): SB validate failed with error -22.
[  127.240847] loop0: detected capacity change from 0 to 65536
[  127.249692] XFS (loop0): bad version
[  127.250949] XFS (loop0): SB validate failed with error -22.
[  127.540928] loop0: detected capacity change from 0 to 65536
[  127.548101] XFS (loop0): bad version
[  127.549144] XFS (loop0): SB validate failed with error -22.
[  127.810120] loop0: detected capacity change from 0 to 65536
[  127.817250] XFS (loop0): bad version
[  127.818538] XFS (loop0): SB validate failed with error -22.
[  128.070453] loop0: detected capacity change from 0 to 65536
[  128.077504] XFS (loop0): bad version
[  128.078734] XFS (loop0): SB validate failed with error -22.
[  128.337984] loop0: detected capacity change from 0 to 65536
[  128.345319] XFS (loop0): bad version
[  128.346668] XFS (loop0): SB validate failed with error -22.
[  128.623138] loop0: detected capacity change from 0 to 65536
[  128.629658] XFS (loop0): bad version
[  128.630972] XFS (loop0): SB validate failed with error -22.
[  128.898997] loop0: detected capacity change from 0 to 65536
[  128.905042] XFS (loop0): bad version
[  128.906267] XFS (loop0): SB validate failed with error -22.
[  129.178560] loop0: detected capacity change from 0 to 65536
[  129.185238] XFS (loop0): bad version
[  129.186377] XFS (loop0): SB validate failed with error -22.
[  129.464399] loop0: detected capacity change from 0 to 65536
[  129.469720] XFS (loop0): bad version
[  129.471017] XFS (loop0): SB validate failed with error -22.
[  129.752828] loop0: detected capacity change from 0 to 65536
[  129.759418] XFS (loop0): bad version
[  129.760509] XFS (loop0): SB validate failed with error -22.
[  130.019268] loop0: detected capacity change from 0 to 65536
