c[?7l[2J[0mSeaBIOS (version rel-1.16.0-0-gd239552ce722-prebuilt.qemu.org)


iPXE (http://ipxe.org) 00:03.0 CA00 PCI2.10 PnP PMM+7FF91000+7FEF1000 CA00
Press Ctrl-B to configure iPXE (PCI 00:03.0)...                                                                               


Booting from ROM..c[?7l[2J[0m.[    0.000000] Linux version 5.15.0-5cd4dc44b8a0+ (root@p-rpls01) (gcc (GCC) 8.5.0 20210514 (Red Hat 8.5.0-18), GNU ld version 2.36.1-2.el8) #1 SMP PREEMPT Wed Apr 5 12:02:41 CST 2023
[    0.000000] Command line: console=ttyS0 root=/dev/sda earlyprintk=serial net.ifnames=0
[    0.000000] KERNEL supported cpus:
[    0.000000]   Intel GenuineIntel
[    0.000000]   AMD AuthenticAMD
[    0.000000]   Hygon HygonGenuine
[    0.000000]   Centaur CentaurHauls
[    0.000000]   zhaoxin   Shanghai  
[    0.000000] x86/fpu: Supporting XSAVE feature 0x001: 'x87 floating point registers'
[    0.000000] x86/fpu: Supporting XSAVE feature 0x002: 'SSE registers'
[    0.000000] x86/fpu: Supporting XSAVE feature 0x004: 'AVX registers'
[    0.000000] x86/fpu: Supporting XSAVE feature 0x200: 'Protection Keys User registers'
[    0.000000] x86/fpu: xstate_offset[2]:  576, xstate_sizes[2]:  256
[    0.000000] x86/fpu: xstate_offset[9]:  832, xstate_sizes[9]:    8
[    0.000000] x86/fpu: Enabled xstate features 0x207, context size is 840 bytes, using 'compacted' format.
[    0.000000] signal: max sigframe size: 3632
[    0.000000] BIOS-provided physical RAM map:
[    0.000000] BIOS-e820: [mem 0x0000000000000000-0x000000000009fbff] usable
[    0.000000] BIOS-e820: [mem 0x000000000009fc00-0x000000000009ffff] reserved
[    0.000000] BIOS-e820: [mem 0x00000000000f0000-0x00000000000fffff] reserved
[    0.000000] BIOS-e820: [mem 0x0000000000100000-0x000000007ffdffff] usable
[    0.000000] BIOS-e820: [mem 0x000000007ffe0000-0x000000007fffffff] reserved
[    0.000000] BIOS-e820: [mem 0x00000000feffc000-0x00000000feffffff] reserved
[    0.000000] BIOS-e820: [mem 0x00000000fffc0000-0x00000000ffffffff] reserved
[    0.000000] printk: bootconsole [earlyser0] enabled
[    0.000000] NX (Execute Disable) protection: active
[    0.000000] SMBIOS 2.8 present.
[    0.000000] DMI: QEMU Standard PC (i440FX + PIIX, 1996), BIOS rel-1.16.0-0-gd239552ce722-prebuilt.qemu.org 04/01/2014
[    0.000000] Hypervisor detected: KVM
[    0.000000] kvm-clock: Using msrs 4b564d01 and 4b564d00
[    0.000000] kvm-clock: cpu 0, msr 5401001, primary cpu clock
[    0.000002] kvm-clock: using sched offset of 329064724 cycles
[    0.000827] clocksource: kvm-clock: mask: 0xffffffffffffffff max_cycles: 0x1cd42e4dffb, max_idle_ns: 881590591483 ns
[    0.003184] tsc: Detected 806.400 MHz processor
[    0.009426] last_pfn = 0x7ffe0 max_arch_pfn = 0x400000000
[    0.010399] x86/PAT: Configuration [0-7]: WB  WC  UC- UC  WB  WP  UC- WT  
[    0.018520] found SMP MP-table at [mem 0x000f5ba0-0x000f5baf]
[    0.019525] Using GB pages for direct mapping
[    0.021186] ACPI: Early table checksum verification disabled
[    0.022038] ACPI: RSDP 0x00000000000F59C0 000014 (v00 BOCHS )
[    0.022904] ACPI: RSDT 0x000000007FFE1951 000034 (v01 BOCHS  BXPC     00000001 BXPC 00000001)
[    0.024179] ACPI: FACP 0x000000007FFE17FD 000074 (v01 BOCHS  BXPC     00000001 BXPC 00000001)
[    0.025463] ACPI: DSDT 0x000000007FFE0040 0017BD (v01 BOCHS  BXPC     00000001 BXPC 00000001)
[    0.026735] ACPI: FACS 0x000000007FFE0000 000040
[    0.027428] ACPI: APIC 0x000000007FFE1871 000080 (v01 BOCHS  BXPC     00000001 BXPC 00000001)
[    0.028704] ACPI: HPET 0x000000007FFE18F1 000038 (v01 BOCHS  BXPC     00000001 BXPC 00000001)
[    0.029977] ACPI: WAET 0x000000007FFE1929 000028 (v01 BOCHS  BXPC     00000001 BXPC 00000001)
[    0.031246] ACPI: Reserving FACP table memory at [mem 0x7ffe17fd-0x7ffe1870]
[    0.032289] ACPI: Reserving DSDT table memory at [mem 0x7ffe0040-0x7ffe17fc]
[    0.033333] ACPI: Reserving FACS table memory at [mem 0x7ffe0000-0x7ffe003f]
[    0.034374] ACPI: Reserving APIC table memory at [mem 0x7ffe1871-0x7ffe18f0]
[    0.035417] ACPI: Reserving HPET table memory at [mem 0x7ffe18f1-0x7ffe1928]
[    0.036459] ACPI: Reserving WAET table memory at [mem 0x7ffe1929-0x7ffe1950]
[    0.038280] No NUMA configuration found
[    0.038850] Faking a node at [mem 0x0000000000000000-0x000000007ffdffff]
[    0.039886] NODE_DATA(0) allocated [mem 0x7ffb5000-0x7ffdffff]
[    0.044134] Zone ranges:
[    0.044534]   DMA      [mem 0x0000000000001000-0x0000000000ffffff]
[    0.045487]   DMA32    [mem 0x0000000001000000-0x000000007ffdffff]
[    0.046432]   Normal   empty
[    0.046873]   Device   empty
[    0.047314] Movable zone start for each node
[    0.047964] Early memory node ranges
[    0.048508]   node   0: [mem 0x0000000000001000-0x000000000009efff]
[    0.049468]   node   0: [mem 0x0000000000100000-0x000000007ffdffff]
[    0.050425] Initmem setup node 0 [mem 0x0000000000001000-0x000000007ffdffff]
[    0.052186] On node 0, zone DMA: 1 pages in unavailable ranges
[    0.052203] On node 0, zone DMA: 97 pages in unavailable ranges
[    0.063775] On node 0, zone DMA32: 32 pages in unavailable ranges
[    0.065224] ACPI: PM-Timer IO Port: 0x608
[    0.066806] ACPI: LAPIC_NMI (acpi_id[0xff] dfl dfl lint[0x1])
[    0.067766] IOAPIC[0]: apic_id 0, version 17, address 0xfec00000, GSI 0-23
[    0.068828] ACPI: INT_SRC_OVR (bus 0 bus_irq 0 global_irq 2 dfl dfl)
[    0.069804] ACPI: INT_SRC_OVR (bus 0 bus_irq 5 global_irq 5 high level)
[    0.070815] ACPI: INT_SRC_OVR (bus 0 bus_irq 9 global_irq 9 high level)
[    0.071825] ACPI: INT_SRC_OVR (bus 0 bus_irq 10 global_irq 10 high level)
[    0.072862] ACPI: INT_SRC_OVR (bus 0 bus_irq 11 global_irq 11 high level)
[    0.073910] ACPI: Using ACPI (MADT) for SMP configuration information
[    0.074892] ACPI: HPET id: 0x8086a201 base: 0xfed00000
[    0.075686] TSC deadline timer available
[    0.076286] smpboot: Allowing 2 CPUs, 0 hotplug CPUs
[    0.077150] kvm-guest: KVM setup pv remote TLB flush
[    0.077917] kvm-guest: setup PV sched yield
[    0.078601] PM: hibernation: Registered nosave memory: [mem 0x00000000-0x00000fff]
[    0.079759] PM: hibernation: Registered nosave memory: [mem 0x0009f000-0x0009ffff]
[    0.080911] PM: hibernation: Registered nosave memory: [mem 0x000a0000-0x000effff]
[    0.082094] PM: hibernation: Registered nosave memory: [mem 0x000f0000-0x000fffff]
[    0.083301] [mem 0x80000000-0xfeffbfff] available for PCI devices
[    0.084265] Booting paravirtualized kernel on KVM
[    0.085027] clocksource: refined-jiffies: mask: 0xffffffff max_cycles: 0xffffffff, max_idle_ns: 7645519600211568 ns
[    0.086672] setup_percpu: NR_CPUS:8192 nr_cpumask_bits:2 nr_cpu_ids:2 nr_node_ids:1
[    0.088626] percpu: Embedded 63 pages/cpu s221184 r8192 d28672 u1048576
[    0.089853] kvm-guest: setup async PF for cpu 0
[    0.090574] kvm-guest: stealtime: cpu 0, msr 7dc35080
[    0.091379] kvm-guest: PV spinlocks enabled
[    0.092045] PV qspinlock hash table entries: 256 (order: 0, 4096 bytes, linear)
[    0.093225] Built 1 zonelists, mobility grouping on.  Total pages: 515808
[    0.094294] Policy zone: DMA32
[    0.094777] Kernel command line: net.ifnames=0 console=ttyS0 root=/dev/sda earlyprintk=serial net.ifnames=0
[    0.097240] Dentry cache hash table entries: 262144 (order: 9, 2097152 bytes, linear)
[    0.099786] Inode-cache hash table entries: 131072 (order: 8, 1048576 bytes, linear)
[    0.101134] mem auto-init: stack:off, heap alloc:off, heap free:off
[    0.105230] Memory: 1987440K/2096632K available (30737K kernel code, 5257K rwdata, 7776K rodata, 3152K init, 22088K bss, 108936K reserved, 0K cma-reserved)
[    0.107351] random: get_random_u64 called from __kmem_cache_create+0x2f/0x4d0 with crng_init=0
[    0.107908] SLUB: HWalign=64, Order=0-3, MinObjects=0, CPUs=2, Nodes=1
[    0.110190] kmemleak: Kernel memory leak detector disabled
[    0.111047] ftrace: allocating 65311 entries in 256 pages
[    0.185973] ftrace: allocated 256 pages with 1 groups
[    0.189391] Dynamic Preempt: none
[    0.189978] Running RCU self tests
[    0.190466] rcu: Preemptible hierarchical RCU implementation.
[    0.191281] rcu: 	RCU lockdep checking is enabled.
[    0.191962] rcu: 	RCU restricting CPUs from NR_CPUS=8192 to nr_cpu_ids=2.
[    0.192930] 	Trampoline variant of Tasks RCU enabled.
[    0.193649] 	Rude variant of Tasks RCU enabled.
[    0.194292] 	Tracing variant of Tasks RCU enabled.
[    0.194971] rcu: RCU calculated value of scheduler-enlistment delay is 25 jiffies.
[    0.196046] rcu: Adjusting geometry for rcu_fanout_leaf=16, nr_cpu_ids=2
[    0.214735] NR_IRQS: 524544, nr_irqs: 440, preallocated irqs: 16
[    0.228935] Console: colour VGA+ 80x25
[    0.229531] printk: console [ttyS0] enabled
[    0.229531] printk: console [ttyS0] enabled
[    0.230730] printk: bootconsole [earlyser0] disabled
[    0.230730] printk: bootconsole [earlyser0] disabled
[    0.232146] Lock dependency validator: Copyright (c) 2006 Red Hat, Inc., Ingo Molnar
[    0.233257] ... MAX_LOCKDEP_SUBCLASSES:  8
[    0.233849] ... MAX_LOCK_DEPTH:          48
[    0.234456] ... MAX_LOCKDEP_KEYS:        8192
[    0.235087] ... CLASSHASH_SIZE:          4096
[    0.235717] ... MAX_LOCKDEP_ENTRIES:     32768
[    0.236360] ... MAX_LOCKDEP_CHAINS:      65536
[    0.237003] ... CHAINHASH_SIZE:          32768
[    0.237653]  memory used by lock dependency info: 6365 kB
[    0.238433]  memory used for stack traces: 4224 kB
[    0.239124]  per task-struct memory footprint: 1920 bytes
[    0.239931] ACPI: Core revision 20210930
[    0.240725] clocksource: hpet: mask: 0xffffffff max_cycles: 0xffffffff, max_idle_ns: 19112604467 ns
[    0.242172] APIC: Switch to symmetric I/O mode setup
[    0.243287] x2apic enabled
[    0.244086] Switched APIC routing to physical x2apic.
[    0.244819] kvm-guest: setup PV IPIs
[    0.247058] ..TIMER: vector=0x30 apic1=0 pin1=2 apic2=-1 pin2=-1
[    0.247952] clocksource: tsc-early: mask: 0xffffffffffffffff max_cycles: 0xb9fb05486c, max_idle_ns: 440795231721 ns
[    0.249436] Calibrating delay loop (skipped) preset value.. 1612.80 BogoMIPS (lpj=3225600)
[    0.253429] pid_max: default: 32768 minimum: 301
[    0.254141] LSM: Security Framework initializing
[    0.254804] Yama: becoming mindful.
[    0.255410] Mount-cache hash table entries: 4096 (order: 3, 32768 bytes, linear)
[    0.256495] Mountpoint-cache hash table entries: 4096 (order: 3, 32768 bytes, linear)
[    0.258513] CPU0: Thermal monitoring enabled (TM1)
[    0.259356] x86/cpu: User Mode Instruction Prevention (UMIP) activated
[    0.261642] Last level iTLB entries: 4KB 0, 2MB 0, 4MB 0
[    0.262429] Last level dTLB entries: 4KB 0, 2MB 0, 4MB 0, 1GB 0
[    0.263318] Spectre V1 : Mitigation: usercopy/swapgs barriers and __user pointer sanitization
[    0.264532] Spectre V2 : Mitigation: Enhanced IBRS
[    0.265207] Spectre V2 : Spectre v2 / SpectreRSB mitigation: Filling RSB on context switch
[    0.265434] Spectre V2 : mitigation: Enabling conditional Indirect Branch Prediction Barrier
[    0.266607] Speculative Store Bypass: Mitigation: Speculative Store Bypass disabled via prctl
[    0.305402] Freeing SMP alternatives memory: 56K
[    0.305898] smpboot: CPU0: Genuine Intel(R) 0000 (family: 0x6, model: 0xb7, stepping: 0x0)
[    0.307669] Running RCU-tasks wait API self tests
[    0.409576] Performance Events: generic architected perfmon, full-width counters, Intel PMU driver.
[    0.411030] ... version:                2
[    0.411559] ... bit width:              48
[    0.412097] ... generic registers:      6
[    0.412633] ... value mask:             0000ffffffffffff
[    0.413337] ... max period:             00007fffffffffff
[    0.413433] ... fixed-purpose events:   3
[    0.413969] ... event mask:             000000070000003f
[    0.415017] rcu: Hierarchical SRCU implementation.
[    0.417557] Callback from call_rcu_tasks_trace() invoked.
[    0.418620] smp: Bringing up secondary CPUs ...
[    0.419794] x86: Booting SMP configuration:
[    0.420362] .... node  #0, CPUs:      #1
[    0.033579] kvm-clock: cpu 1, msr 5401041, secondary cpu clock
[    0.421448] kvm-guest: setup async PF for cpu 1
[    0.421448] kvm-guest: stealtime: cpu 1, msr 7dd35080
[    0.421483] smp: Brought up 1 node, 2 CPUs
[    0.422053] smpboot: Max logical packages: 1
[    0.422624] smpboot: Total of 2 processors activated (3225.60 BogoMIPS)
[    0.425985] devtmpfs: initialized
[    0.426212] x86/mm: Memory block size: 128MB
[    0.429859] clocksource: jiffies: mask: 0xffffffff max_cycles: 0xffffffff, max_idle_ns: 7645041785100000 ns
[    0.431118] futex hash table entries: 512 (order: 4, 65536 bytes, linear)
[    0.433526] pinctrl core: initialized pinctrl subsystem
[    0.434646] 
[    0.434857] *************************************************************
[    0.435731] **     NOTICE NOTICE NOTICE NOTICE NOTICE NOTICE NOTICE    **
[    0.436602] **                                                         **
[    0.437436] **  IOMMU DebugFS SUPPORT HAS BEEN ENABLED IN THIS KERNEL  **
[    0.438319] **                                                         **
[    0.439190] ** This means that this kernel is built to expose internal **
[    0.440062] ** IOMMU data structures, which may compromise security on **
[    0.440934] ** your system.                                            **
[    0.441432] **                                                         **
[    0.442307] ** If you see this message and you are not debugging the   **
[    0.443178] ** kernel, report this immediately to your vendor!         **
[    0.444055] **                                                         **
[    0.444936] **     NOTICE NOTICE NOTICE NOTICE NOTICE NOTICE NOTICE    **
[    0.445431] *************************************************************
[    0.446400] PM: RTC time: 04:24:06, date: 2023-04-05
[    0.448027] NET: Registered PF_NETLINK/PF_ROUTE protocol family
[    0.449268] DMA: preallocated 256 KiB GFP_KERNEL pool for atomic allocations
[    0.449442] DMA: preallocated 256 KiB GFP_KERNEL|GFP_DMA pool for atomic allocations
[    0.450444] DMA: preallocated 256 KiB GFP_KERNEL|GFP_DMA32 pool for atomic allocations
[    0.451489] audit: initializing netlink subsys (disabled)
[    0.452250] audit: type=2000 audit(1680668647.138:1): state=initialized audit_enabled=0 res=1
[    0.452250] thermal_sys: Registered thermal governor 'fair_share'
[    0.452250] thermal_sys: Registered thermal governor 'bang_bang'
[    0.452250] thermal_sys: Registered thermal governor 'step_wise'
[    0.452250] thermal_sys: Registered thermal governor 'user_space'
[    0.453450] cpuidle: using governor ladder
[    0.454829] cpuidle: using governor menu
[    0.457743] acpiphp: ACPI Hot Plug PCI Controller Driver version: 0.5
[    0.458914] PCI: Using configuration type 1 for base access
[    0.470751] kprobes: kprobe jump-optimization is enabled. All kprobes are optimized if possible.
[    0.471927] HugeTLB registered 1.00 GiB page size, pre-allocated 0 pages
[    0.471927] HugeTLB registered 2.00 MiB page size, pre-allocated 0 pages
[    0.474288] ACPI: Added _OSI(Module Device)
[    0.474462] ACPI: Added _OSI(Processor Device)
[    0.475000] ACPI: Added _OSI(3.0 _SCP Extensions)
[    0.475568] ACPI: Added _OSI(Processor Aggregator Device)
[    0.476218] ACPI: Added _OSI(Linux-Dell-Video)
[    0.476756] ACPI: Added _OSI(Linux-Lenovo-NV-HDMI-Audio)
[    0.477444] ACPI: Added _OSI(Linux-HPI-Hybrid-Graphics)
[    0.484572] ACPI: 1 ACPI AML tables successfully acquired and loaded
[    0.489515] ACPI: Interpreter enabled
[    0.490060] ACPI: PM: (supports S0 S3 S4 S5)
[    0.490580] ACPI: Using IOAPIC for interrupt routing
[    0.491229] PCI: Using host bridge windows from ACPI; if necessary, use "pci=nocrs" and report a bug
[    0.493146] ACPI: Enabled 2 GPEs in block 00 to 0F
[    0.507505] ACPI: PCI Root Bridge [PCI0] (domain 0000 [bus 00-ff])
[    0.508392] acpi PNP0A03:00: _OSC: OS supports [ASPM ClockPM Segments MSI EDR HPX-Type3]
[    0.509484] acpi PNP0A03:00: fail to add MMCONFIG information, can't access extended PCI configuration space under this bridge.
[    0.513531] acpiphp: Slot [3] registered
[    0.513531] acpiphp: Slot [4] registered
[    0.513531] acpiphp: Slot [5] registered
[    0.514103] acpiphp: Slot [6] registered
[    0.514712] acpiphp: Slot [7] registered
[    0.517435] acpiphp: Slot [8] registered
[    0.517435] acpiphp: Slot [9] registered
[    0.517435] acpiphp: Slot [10] registered
[    0.517435] acpiphp: Slot [11] registered
[    0.517493] acpiphp: Slot [12] registered
[    0.518115] acpiphp: Slot [13] registered
[    0.521435] acpiphp: Slot [14] registered
[    0.521435] acpiphp: Slot [15] registered
[    0.521435] acpiphp: Slot [16] registered
[    0.521435] acpiphp: Slot [17] registered
[    0.521435] acpiphp: Slot [18] registered
[    0.521493] acpiphp: Slot [19] registered
[    0.522113] acpiphp: Slot [20] registered
[    0.525436] acpiphp: Slot [21] registered
[    0.525436] acpiphp: Slot [22] registered
[    0.525436] acpiphp: Slot [23] registered
[    0.525436] acpiphp: Slot [24] registered
[    0.525436] acpiphp: Slot [25] registered
[    0.525493] acpiphp: Slot [26] registered
[    0.526117] acpiphp: Slot [27] registered
[    0.529443] acpiphp: Slot [28] registered
[    0.529443] acpiphp: Slot [29] registered
[    0.529443] acpiphp: Slot [30] registered
[    0.529443] acpiphp: Slot [31] registered
[    0.529443] PCI host bridge to bus 0000:00
[    0.529443] pci_bus 0000:00: root bus resource [io  0x0000-0x0cf7 window]
[    0.533435] pci_bus 0000:00: root bus resource [io  0x0d00-0xffff window]
[    0.533435] pci_bus 0000:00: root bus resource [mem 0x000a0000-0x000bffff window]
[    0.533435] pci_bus 0000:00: root bus resource [mem 0x80000000-0xfebfffff window]
[    0.533435] pci_bus 0000:00: root bus resource [mem 0x100000000-0x17fffffff window]
[    0.537436] pci_bus 0000:00: root bus resource [bus 00-ff]
[    0.538274] pci 0000:00:00.0: [8086:1237] type 00 class 0x060000
[    0.542766] pci 0000:00:01.0: [8086:7000] type 00 class 0x060100
[    0.544503] pci 0000:00:01.1: [8086:7010] type 00 class 0x010180
[    0.546727] pci 0000:00:01.1: reg 0x20: [io  0xc040-0xc04f]
[    0.548101] pci 0000:00:01.1: legacy IDE quirk: reg 0x10: [io  0x01f0-0x01f7]
[    0.549437] pci 0000:00:01.1: legacy IDE quirk: reg 0x14: [io  0x03f6]
[    0.549437] pci 0000:00:01.1: legacy IDE quirk: reg 0x18: [io  0x0170-0x0177]
[    0.550431] pci 0000:00:01.1: legacy IDE quirk: reg 0x1c: [io  0x0376]
[    0.551617] pci 0000:00:01.3: [8086:7113] type 00 class 0x068000
[    0.553436] pci 0000:00:01.3: quirk: [io  0x0600-0x063f] claimed by PIIX4 ACPI
[    0.553444] pci 0000:00:01.3: quirk: [io  0x0700-0x070f] claimed by PIIX4 SMB
[    0.555552] pci 0000:00:02.0: [1234:1111] type 00 class 0x030000
[    0.557532] pci 0000:00:02.0: reg 0x10: [mem 0xfd000000-0xfdffffff pref]
[    0.561521] pci 0000:00:02.0: reg 0x18: [mem 0xfebf0000-0xfebf0fff]
[    0.565858] pci 0000:00:02.0: reg 0x30: [mem 0xfebe0000-0xfebeffff pref]
[    0.569439] pci 0000:00:03.0: [8086:100e] type 00 class 0x020000
[    0.569970] pci 0000:00:03.0: reg 0x10: [mem 0xfebc0000-0xfebdffff]
[    0.573436] pci 0000:00:03.0: reg 0x14: [io  0xc000-0xc03f]
[    0.573881] pci 0000:00:03.0: reg 0x30: [mem 0xfeb80000-0xfebbffff pref]
[    0.602761] ACPI: PCI: Interrupt link LNKA configured for IRQ 10
[    0.605436] ACPI: PCI: Interrupt link LNKB configured for IRQ 10
[    0.605436] ACPI: PCI: Interrupt link LNKC configured for IRQ 11
[    0.605753] ACPI: PCI: Interrupt link LNKD configured for IRQ 11
[    0.609436] ACPI: PCI: Interrupt link LNKS configured for IRQ 9
[    0.609437] Callback from call_rcu_tasks_rude() invoked.
[    0.609718] iommu: Default domain type: Translated 
[    0.610868] iommu: DMA domain TLB invalidation policy: lazy mode 
[    0.613585] pci 0000:00:02.0: vgaarb: setting as boot VGA device
[    0.614326] pci 0000:00:02.0: vgaarb: VGA device added: decodes=io+mem,owns=io+mem,locks=none
[    0.615468] pci 0000:00:02.0: vgaarb: bridge control possible
[    0.616242] vgaarb: loaded
[    0.617607] Callback from call_rcu_tasks() invoked.
[    0.617951] SCSI subsystem initialized
[    0.618855] ACPI: bus type USB registered
[    0.618855] usbcore: registered new interface driver usbfs
[    0.618855] usbcore: registered new interface driver hub
[    0.618855] usbcore: registered new device driver usb
[    0.618997] pps_core: LinuxPPS API ver. 1 registered
[    0.619685] pps_core: Software ver. 5.3.6 - Copyright 2005-2007 Rodolfo Giometti <giometti@linux.it>
[    0.620938] PTP clock support registered
[    0.621500] EDAC MC: Ver: 3.0.0
[    0.626110] NetLabel: Initializing
[    0.626593] NetLabel:  domain hash size = 128
[    0.627185] NetLabel:  protocols = UNLABELED CIPSOv4 CALIPSO
[    0.627993] NetLabel:  unlabeled traffic allowed by default
[    0.629490] PCI: Using ACPI for IRQ routing
[    0.630272] hpet0: at MMIO 0xfed00000, IRQs 2, 8, 0
[    0.630337] hpet0: 3 comparators, 64-bit 100.000000 MHz counter
[    0.633447] clocksource: Switched to clocksource kvm-clock
[    0.722797] VFS: Disk quotas dquot_6.6.0
[    0.723415] VFS: Dquot-cache hash table entries: 512 (order 0, 4096 bytes)
[    0.724681] pnp: PnP ACPI init
[    0.726828] pnp: PnP ACPI: found 6 devices
[    0.737930] clocksource: acpi_pm: mask: 0xffffff max_cycles: 0xffffff, max_idle_ns: 2085701024 ns
[    0.739478] NET: Registered PF_INET protocol family
[    0.740279] IP idents hash table entries: 32768 (order: 6, 262144 bytes, linear)
[    0.741817] tcp_listen_portaddr_hash hash table entries: 1024 (order: 4, 81920 bytes, linear)
[    0.743071] TCP established hash table entries: 16384 (order: 5, 131072 bytes, linear)
[    0.744415] TCP bind hash table entries: 16384 (order: 8, 1179648 bytes, linear)
[    0.746354] TCP: Hash tables configured (established 16384 bind 16384)
[    0.747408] UDP hash table entries: 1024 (order: 5, 163840 bytes, linear)
[    0.748453] UDP-Lite hash table entries: 1024 (order: 5, 163840 bytes, linear)
[    0.749656] NET: Registered PF_UNIX/PF_LOCAL protocol family
[    0.751040] RPC: Registered named UNIX socket transport module.
[    0.751953] RPC: Registered udp transport module.
[    0.752663] RPC: Registered tcp transport module.
[    0.753340] RPC: Registered tcp NFSv4.1 backchannel transport module.
[    0.754333] pci_bus 0000:00: resource 4 [io  0x0000-0x0cf7 window]
[    0.755260] pci_bus 0000:00: resource 5 [io  0x0d00-0xffff window]
[    0.756190] pci_bus 0000:00: resource 6 [mem 0x000a0000-0x000bffff window]
[    0.757212] pci_bus 0000:00: resource 7 [mem 0x80000000-0xfebfffff window]
[    0.758252] pci_bus 0000:00: resource 8 [mem 0x100000000-0x17fffffff window]
[    0.759508] pci 0000:00:01.0: PIIX3: Enabling Passive Release
[    0.760394] pci 0000:00:00.0: Limiting direct PCI/PCI transfers
[    0.761300] pci 0000:00:01.0: Activating ISA DMA hang workarounds
[    0.762351] pci 0000:00:02.0: Video device with shadowed ROM at [mem 0x000c0000-0x000dffff]
[    0.763632] PCI: CLS 0 bytes, default 64
[    0.764303] ACPI: bus type thunderbolt registered
[    0.765269] clocksource: tsc: mask: 0xffffffffffffffff max_cycles: 0xb9fb05486c, max_idle_ns: 440795231721 ns
[    2.912774] Initialise system trusted keyrings
[    2.913629] Key type blacklist registered
[    2.914509] workingset: timestamp_bits=36 max_order=19 bucket_order=0
[    2.924456] zbud: loaded
[    2.926553] squashfs: version 4.0 (2009/01/31) Phillip Lougher
[    2.928960] NFS: Registering the id_resolver key type
[    2.929833] Key type id_resolver registered
[    2.930516] Key type id_legacy registered
[    2.931257] nfs4filelayout_init: NFSv4 File Layout Driver Registering...
[    2.932353] nfs4flexfilelayout_init: NFSv4 Flexfile Layout Driver Registering...
[    2.933756] fuse: init (API version 7.34)
[    2.935020] SGI XFS with ACLs, security attributes, realtime, quota, no debug enabled
[    2.938108] 9p: Installing v9fs 9p2000 file system support
[    2.945408] Key type asymmetric registered
[    2.946120] Asymmetric key parser 'x509' registered
[    2.947058] Block layer SCSI generic (bsg) driver version 0.4 loaded (major 244)
[    2.948464] io scheduler mq-deadline registered
[    2.949329] io scheduler bfq registered
[    2.951009] shpchp: Standard Hot Plug PCI Controller Driver version: 0.4
[    2.952417] IPMI message handler: version 39.2
[    2.953173] ipmi device interface
[    2.955215] input: Power Button as /devices/LNXSYSTM:00/LNXPWRBN:00/input/input0
[    2.956647] ACPI: button: Power Button [PWRF]
[    2.958355] ERST DBG: ERST support is disabled.
[    2.959685] Serial: 8250/16550 driver, 32 ports, IRQ sharing enabled
[    2.961307] 00:04: ttyS0 at I/O 0x3f8 (irq = 4, base_baud = 115200) is a 16550A
[    2.971640] Linux agpgart interface v0.103
[    2.972925] ACPI: bus type drm_connector registered
[    2.985177] brd: module loaded
[    2.992442] loop: module loaded
[    2.996885] scsi host0: ata_piix
[    2.998026] scsi host1: ata_piix
[    2.998710] ata1: PATA max MWDMA2 cmd 0x1f0 ctl 0x3f6 bmdma 0xc040 irq 14
[    2.999828] ata2: PATA max MWDMA2 cmd 0x170 ctl 0x376 bmdma 0xc048 irq 15
[    3.001625] libphy: Fixed MDIO Bus: probed
[    3.002619] tun: Universal TUN/TAP device driver, 1.6
[    3.003612] e100: Intel(R) PRO/100 Network Driver
[    3.004390] e100: Copyright(c) 1999-2006 Intel Corporation
[    3.005327] e1000: Intel(R) PRO/1000 Network Driver
[    3.006158] e1000: Copyright (c) 1999-2006 Intel Corporation.
[    3.158516] ata1.00: ATA-7: QEMU HARDDISK, 2.5+, max UDMA/100
[    3.159532] ata1.00: 16777216 sectors, multi 16: LBA48 
[    3.160726] ata1.00: Read log page 0x00 failed, Emask 0x1
[    3.161697] ata1.00: ATA Identify Device Log not supported
[    3.163733] ata2.00: ATAPI: QEMU DVD-ROM, 2.5+, max UDMA/100
[    3.166118] ata1.00: Read log page 0x00 failed, Emask 0x1
[    3.167055] ata1.00: ATA Identify Device Log not supported
[    3.168428] scsi 0:0:0:0: Direct-Access     ATA      QEMU HARDDISK    2.5+ PQ: 0 ANSI: 5
[    3.170484] scsi 0:0:0:0: Attached scsi generic sg0 type 0
[    3.172027] scsi 1:0:0:0: CD-ROM            QEMU     QEMU DVD-ROM     2.5+ PQ: 0 ANSI: 5
[    3.174493] scsi 1:0:0:0: Attached scsi generic sg1 type 5
[    3.175948] sd 0:0:0:0: [sda] 16777216 512-byte logical blocks: (8.59 GB/8.00 GiB)
[    3.177234] sd 0:0:0:0: [sda] Write Protect is off
[    3.178108] sd 0:0:0:0: [sda] Write cache: enabled, read cache: enabled, doesn't support DPO or FUA
[    3.189925] ACPI: \_SB_.LNKC: Enabled at IRQ 11
[    3.221760] sd 0:0:0:0: [sda] Attached SCSI disk
[    3.546899] e1000 0000:00:03.0 eth0: (PCI:33MHz:32-bit) 52:54:00:12:34:56
[    3.547894] e1000 0000:00:03.0 eth0: Intel(R) PRO/1000 Network Connection
[    3.548929] e1000e: Intel(R) PRO/1000 Network Driver
[    3.549660] e1000e: Copyright(c) 1999 - 2015 Intel Corporation.
[    3.550554] igb: Intel(R) Gigabit Ethernet Network Driver
[    3.551320] igb: Copyright (c) 2007-2014 Intel Corporation.
[    3.552197] PPP generic driver version 2.4.2
[    3.553298] VFIO - User Level meta-driver version: 0.3
[    3.554086] ehci_hcd: USB 2.0 'Enhanced' Host Controller (EHCI) Driver
[    3.555018] ehci-pci: EHCI PCI platform driver
[    3.555675] ehci-platform: EHCI generic platform driver
[    3.556434] ohci_hcd: USB 1.1 'Open' Host Controller (OHCI) Driver
[    3.557333] ohci-pci: OHCI PCI platform driver
[    3.558004] ohci-platform: OHCI generic platform driver
[    3.558763] uhci_hcd: USB Universal Host Controller Interface driver
[    3.560074] usbcore: registered new interface driver uas
[    3.560874] usbcore: registered new interface driver usb-storage
[    3.561848] i8042: PNP: PS/2 Controller [PNP0303:KBD,PNP0f13:MOU] at 0x60,0x64 irq 1,12
[    3.564094] serio: i8042 KBD port at 0x60,0x64 irq 1
[    3.564836] serio: i8042 AUX port at 0x60,0x64 irq 12
[    3.566159] mousedev: PS/2 mouse device common for all mice
[    3.568059] input: AT Translated Set 2 keyboard as /devices/platform/i8042/serio0/input/input1
[    3.569485] rtc_cmos 00:05: RTC can wake from S4
[    3.571508] rtc_cmos 00:05: registered as rtc0
[    3.571720] input: VirtualPS/2 VMware VMMouse as /devices/platform/i8042/serio1/input/input4
[    3.572317] rtc_cmos 00:05: setting system clock to 2023-04-05T04:24:09 UTC (1680668649)
[    3.574714] rtc_cmos 00:05: alarms up to one day, y3k, 242 bytes nvram, hpet irqs
[    3.575829] i2c_dev: i2c /dev entries driver
[    3.576633] device-mapper: core: CONFIG_IMA_DISABLE_HTABLE is disabled. Duplicate IMA measurements will not be recorded in the IMA log.
[    3.578475] device-mapper: uevent: version 1.0.3
[    3.578614] input: VirtualPS/2 VMware VMMouse as /devices/platform/i8042/serio1/input/input3
[    3.579350] device-mapper: ioctl: 4.45.0-ioctl (2021-03-22) initialised: dm-devel@redhat.com
[    3.581573] intel_pstate: CPU model not supported
[    3.582323] sdhci: Secure Digital Host Controller Interface driver
[    3.583202] sdhci: Copyright(c) Pierre Ossman
[    3.583884] sdhci-pltfm: SDHCI platform and OF driver helper
[    3.584858] ledtrig-cpu: registered to indicate activity on CPUs
[    3.585932] drop_monitor: Initializing network drop monitor service
[    3.587386] NET: Registered PF_INET6 protocol family
[    3.591298] Segment Routing with IPv6
[    3.591877] In-situ OAM (IOAM) with IPv6
[    3.592485] NET: Registered PF_PACKET protocol family
[    3.593474] 9pnet: Installing 9P2000 support
[    3.594160] Key type dns_resolver registered
[    3.595732] IPI shorthand broadcast: enabled
[    3.596405] sched_clock: Marking stable (3565968008, 29579515)->(3603111041, -7563518)
[    3.598200] registered taskstats version 1
[    3.599143] Loading compiled-in X.509 certificates
[    3.600132] zswap: loaded using pool lzo/zbud
[    3.601253] Key type ._fscrypt registered
[    3.601916] Key type .fscrypt registered
[    3.602500] Key type fscrypt-provisioning registered
[    3.604224] Key type encrypted registered
[    3.604843] ima: No TPM chip found, activating TPM-bypass!
[    3.605666] ima: Allocated hash algorithm: sha1
[    3.606343] ima: No architecture policies found
[    3.607050] evm: Initialising EVM extended attributes:
[    3.607785] evm: security.selinux
[    3.608275] evm: security.SMACK64
[    3.608757] evm: security.SMACK64EXEC
[    3.609288] evm: security.SMACK64TRANSMUTE
[    3.609923] evm: security.SMACK64MMAP
[    3.610456] evm: security.apparmor
[    3.610951] evm: security.ima
[    3.611386] evm: security.capability
[    3.611904] evm: HMAC attrs: 0x1
[    3.616745] PM:   Magic number: 3:159:413
[    3.617928] RAS: Correctable Errors collector initialized.
[    3.619741] md: Waiting for all devices to be available before autodetect
[    3.620738] md: If you don't use raid, use raid=noautodetect
[    3.621612] md: Autodetecting RAID arrays.
[    3.622226] md: autorun ...
[    3.622646] md: ... autorun DONE.
[    3.627059] EXT4-fs (sda): INFO: recovery required on readonly filesystem
[    3.628090] EXT4-fs (sda): write access will be enabled during recovery
[    3.688090] EXT4-fs (sda): recovery complete
[    3.690202] EXT4-fs (sda): mounted filesystem with ordered data mode. Opts: (null). Quota mode: none.
[    3.691679] VFS: Mounted root (ext4 filesystem) readonly on device 8:0.
[    3.693237] devtmpfs: mounted
[    3.707541] Freeing unused decrypted memory: 2036K
[    3.709369] Freeing unused kernel image (initmem) memory: 3152K
[    3.710351] Write protecting the kernel read-only data: 40960k
[    3.713821] Freeing unused kernel image (text/rodata gap) memory: 2028K
[    3.715315] Freeing unused kernel image (rodata/data gap) memory: 416K
[    3.811826] x86/mm: Checked W+X mappings: passed, no W+X pages found.
[    3.812860] Run /sbin/init as init process
[    3.832814] random: fast init done
[    3.925237] systemd[1]: RTC configured in localtime, applying delta of 0 minutes to system time.
[    3.952998] systemd[1]: systemd 239 (239-49.el8) running in system mode. (+PAM +AUDIT +SELINUX +IMA -APPARMOR +SMACK +SYSVINIT +UTMP +LIBCRYPTSETUP +GCRYPT +GNUTLS +ACL +XZ +LZ4 +SECCOMP +BLKID +ELFUTILS +KMOD +IDN2 -IDN +PCRE2 default-hierarchy=legacy)
[    3.956939] systemd[1]: Detected virtualization kvm.
[    3.957806] systemd[1]: Detected architecture x86-64.

Welcome to [0;31mCentOS Stream 8[0m!

[    3.976192] systemd[1]: Set hostname to <test>.
[    4.114781] random: lvmconfig: uninitialized urandom read (4 bytes read)
[    4.228918] random: systemd: uninitialized urandom read (16 bytes read)
[    4.232827] systemd[1]: Created slice system-sshd\x2dkeygen.slice.
[[0;32m  OK  [0m] Created slice system-sshd\x2dkeygen.slice.
[    4.234839] random: systemd: uninitialized urandom read (16 bytes read)
[    4.236437] systemd[1]: Listening on RPCbind Server Activation Socket.
[[0;32m  OK  [0m] Listening on RPCbind Server Activation Socket.
[    4.238675] systemd[1]: Listening on Journal Socket (/dev/log).
[[0;32m  OK  [0m] Listening on Journal Socket (/dev/log).
[    4.240581] systemd[1]: Listening on udev Kernel Socket.
[[0;32m  OK  [0m] Listening on udev Kernel Socket.
[    4.242451] systemd[1]: Listening on udev Control Socket.
[[0;32m  OK  [0m] Listening on udev Control Socket.
[    4.244219] systemd[1]: Started Forward Password Requests to Wall Directory Watch.
[[0;32m  OK  [0m] Started Forward Password Requests to Wall Directory Watch.
[[0;32m  OK  [0m] Listening on LVM2 poll daemon socket.
[[0;32m  OK  [0m] Created slice system-getty.slice.
[[0;32m  OK  [0m] Created slice system-serial\x2dgetty.slice.
[[0;32m  OK  [0m] Created slice User and Session Slice.
[[0;32m  OK  [0m] Listening on Device-mapper event daemon FIFOs.
[[0;32m  OK  [0m] Reached target Swap.
[[0;32m  OK  [0m] Reached target RPC Port Mapper.
[[0;32m  OK  [0m] Listening on multipathd control socket.
[[0;32m  OK  [0m] Listening on initctl Compatibility Named Pipe.
[[0;32m  OK  [0m] Listening on Process Core Dump Socket.
[[0;32m  OK  [0m] Listening on Journal Socket.
         Mounting Kernel Debug File System...
         Starting Remount Root and Kernel File Systems...
         Starting udev Coldplug all Devices...
         Mounting POSIX Message Queue File System...
         Starting Setup Virtual Console...
         Starting Monitoring of LVM2 mirrorsâ€¦ng dmeventd or progress polling...
         Starting Load Kernel Modules...
         Mounting Huge Pages File System...
         Starting Journal Service...
[    4.571821] EXT4-fs (sda): re-mounted. Opts: (null). Quota mode: none.
[[0;32m  OK  [0m] Set up automount Arbitrary Executabâ€¦rmats File System Automount Point.
[[0;32m  OK  [0m] Reached target Slices.
[[0;32m  OK  [0m] Started Journal Service.
[[0;32m  OK  [0m] Mounted Kernel Debug File System.
[[0;32m  OK  [0m] Started Remount Root and Kernel File Systems.
[[0;32m  OK  [0m] Mounted POSIX Message Queue File System.
[[0;1;31mFAILED[0m] Failed to start Load Kernel Modules.
See 'systemctl status systemd-modules-load.service' for details.
[[0;32m  OK  [0m] Mounted Huge Pages File System.
         Mounting FUSE Control File System...
         Mounting Kernel Configuration File System...
         Starting Apply Kernel Variables...
         Starting Create Static Device Nodes in /dev...
         Starting Load/Save Random Seed...
         Starting Flush Journal to Persistent Storage...
[[0;32m  OK  [0m] Started Setup Virtual Console.
[[0;32m  OK  [0m] Started udev Coldplug all Devices.
[[0;32m  OK  [0m] Mounted FUSE Control File System.
[[0;32m  OK  [0m] Mounted Kernel Configuration File System.
[[0;32m  OK  [0m] Started Apply Kernel Variables.
[[0;32m  OK  [0m] Started Create Static Device Nodes in /dev.
[[0;32m  OK  [0m] Started Load/Save Random Seed.
         Starting udev Kernel Device Manager...
         Starting udev Wait for Complete Device Initialization...
[[0;32m  OK  [0m] Started Flush Journal to Persistent Storage.
[[0;32m  OK  [0m] Started udev Kernel Device Manager.
         Starting Show Plymouth Boot Screen...
[[0;32m  OK  [0m] Started Show Plymouth Boot Screen.
[[0;32m  OK  [0m] Started Forward Password Requests to Plymouth Directory Watch.
[[0;32m  OK  [0m] Reached target Local Encrypted Volumes.
[[0;32m  OK  [0m] Reached target Paths.
[[0;32m  OK  [0m] Started Monitoring of LVM2 mirrors,â€¦sing dmeventd or progress polling.
[[0;32m  OK  [0m] Found device /dev/ttyS0.
[[0;32m  OK  [0m] Listening on Load/Save RF Kill Switch Status /dev/rfkill Watch.
[[0;32m  OK  [0m] Started udev Wait for Complete Device Initialization.
[[0;32m  OK  [0m] Reached target Local File Systems (Pre).
[[0;32m  OK  [0m] Reached target Local File Systems.
         Starting Restore /run/initramfs on shutdown...
         Starting Tell Plymouth To Write Out Runtime Data...
         Starting Create Volatile Files and Directories...
[[0;32m  OK  [0m] Started Restore /run/initramfs on shutdown.
[[0;32m  OK  [0m] Started Tell Plymouth To Write Out Runtime Data.
[[0;32m  OK  [0m] Started Create Volatile Files and Directories.
         Starting Security Auditing Service...
         Starting RPC Bind...
         Mounting RPC Pipe File System...
[[0;32m  OK  [0m] Mounted RPC Pipe File System.
[[0;32m  OK  [0m] Reached target rpc_pipefs.target.
[[0;32m  OK  [0m] Started RPC Bind.
[[0;32m  OK  [0m] Started Security Auditing Service.
         Starting Update UTMP about System Boot/Shutdown...
[[0;32m  OK  [0m] Started Update UTMP about System Boot/Shutdown.
[[0;32m  OK  [0m] Reached target System Initialization.
[[0;32m  OK  [0m] Started dnf makecache --timer.
[[0;32m  OK  [0m] Started Daily Cleanup of Temporary Directories.
[[0;32m  OK  [0m] Started daily update of the root trust anchor for DNSSEC.
[[0;32m  OK  [0m] Reached target Timers.
[[0;32m  OK  [0m] Listening on D-Bus System Message Bus Socket.
[[0;32m  OK  [0m] Listening on SSSD Kerberos Cache Manager responder socket.
[[0;32m  OK  [0m] Reached target Sockets.
[[0;32m  OK  [0m] Reached target Basic System.
         Starting Auto-connect to subsystemsâ€¦-NVME devices found during boot...
         Starting Authorization Manager...
[[0;32m  OK  [0m] Started D-Bus System Message Bus.
         Starting Login Service...
[[0;32m  OK  [0m] Started irqbalance daemon.
[[0;32m  OK  [0m] Started Machine Check Exception Logging Daemon.
         Starting Network Manager...
         Starting Self Monitoring and Reporting Technology (SMART) Daemon...
[[0;32m  OK  [0m] Reached target sshd-keygen.target.
         Starting NTP client/server...
[[0;32m  OK  [0m] Started Auto-connect to subsystems â€¦FC-NVME devices found during boot.
         Starting update of the root trust aâ€¦or DNSSEC validation in unbound...
[[0;32m  OK  [0m] Started Self Monitoring and Reporting Technology (SMART) Daemon.
[[0;32m  OK  [0m] Started Login Service.
[[0;32m  OK  [0m] Started Network Manager.
         Starting Network Manager Wait Online...
[[0;32m  OK  [0m] Reached target Network.
         Starting Dynamic System Tuning Daemon...
         Starting OpenSSH server daemon...
         Starting GSSAPI Proxy Daemon...
         Starting Hostname Service...
[[0;32m  OK  [0m] Started Authorization Manager.
[[0;32m  OK  [0m] Started NTP client/server.
[[0;32m  OK  [0m] Started Hostname Service.
         Starting Network Manager Script Dispatcher Service...
[    6.669661] e1000: eth0 NIC Link is Up 1000 Mbps Full Duplex, Flow Control: RX
[    6.671819] IPv6: ADDRCONF(NETDEV_CHANGE): eth0: link becomes ready
[[0;32m  OK  [0m] Started Network Manager Script Dispatcher Service.
[[0;32m  OK  [0m] Started Dynamic System Tuning Daemon.
[    7.565586] random: crng init done
[    7.566266] random: 7 urandom warning(s) missed due to ratelimiting
[[0;32m  OK  [0m] Started GSSAPI Proxy Daemon.
[[0;32m  OK  [0m] Reached target NFS client services.
[[0;32m  OK  [0m] Reached target Remote File Systems (Pre).
[[0;32m  OK  [0m] Reached target Remote File Systems.
         Starting Permit User Sessions...
[[0;32m  OK  [0m] Started update of the root trust anâ€¦ for DNSSEC validation in unbound.
[[0;32m  OK  [0m] Started OpenSSH server daemon.
[[0;32m  OK  [0m] Started Permit User Sessions.
         Starting Terminate Plymouth Boot Screen...
         Starting Hold until boot process finishes up...
[[0;32m  OK  [0m] Started Command Scheduler.

CentOS Stream 8
Kernel 5.15.0-5cd4dc44b8a0+ on an x86_64

test login: [   28.677721] loop0: detected capacity change from 0 to 65536
[   28.680550] XFS (loop0): Deprecated V4 format (crc=0) will not be supported after September 2030.
[   28.682533] XFS (loop0): Mounting V10 Filesystem
[   28.683610] XFS (loop0): Log size 66 blocks too small, minimum size is 1968 blocks
[   28.684909] XFS (loop0): Log size out of supported range.
[   28.685898] XFS (loop0): Continuing onwards, but if log hangs are experienced then please report this message in the bug report.
[   28.697270] XFS (loop0): Starting recovery (logdev: internal)
[   28.699758] XFS (loop0): Ending recovery (logdev: internal)
[  300.241616] INFO: task repro:555 blocked for more than 147 seconds.
[  300.242533]       Not tainted 5.15.0-5cd4dc44b8a0+ #1
[  300.243231] "echo 0 > /proc/sys/kernel/hung_task_timeout_secs" disables this message.
[  300.244293] task:repro           state:D stack:    0 pid:  555 ppid:   554 flags:0x00004004
[  300.245572] Call Trace:
[  300.245922]  <TASK>
[  300.246229]  __schedule+0x466/0xb20
[  300.246737]  ? lock_is_held_type+0xe4/0x140
[  300.247327]  schedule+0x48/0xd0
[  300.247774]  xlog_grant_head_wait+0x5f/0x4c0
[  300.248376]  xlog_grant_head_check+0x1a7/0x1c0
[  300.249001]  xfs_log_reserve+0x150/0x4c0
[  300.249585]  xfs_trans_reserve+0x211/0x260
[  300.250165]  xfs_trans_alloc+0x144/0x4e0
[  300.250720]  xfs_qm_qino_alloc+0xd2/0x520
[  300.251285]  ? write_comp_data+0x2f/0x90
[  300.251840]  xfs_qm_init_quotainos+0x304/0x410
[  300.252464]  xfs_qm_init_quotainfo+0x99/0x530
[  300.253072]  ? write_comp_data+0x2f/0x90
[  300.253648]  xfs_qm_mount_quotas+0x3c/0x3a0
[  300.254237]  xfs_mountfs+0xc83/0xc90
[  300.254747]  xfs_fs_fill_super+0x719/0xd30
[  300.255324]  get_tree_bdev+0x243/0x350
[  300.255853]  ? xfs_fs_inode_init_once+0x90/0x90
[  300.256489]  xfs_fs_get_tree+0x21/0x30
[  300.257017]  vfs_get_tree+0x37/0x110
[  300.257552]  path_mount+0x76e/0x10b0
[  300.258063]  ? write_comp_data+0x2f/0x90
[  300.258617]  do_mount+0xa7/0xc0
[  300.259060]  __x64_sys_mount+0x143/0x150
[  300.259622]  do_syscall_64+0x37/0x80
[  300.260133]  entry_SYSCALL_64_after_hwframe+0x44/0xae
[  300.260846] RIP: 0033:0x7febebcd93ae
[  300.261360] RSP: 002b:00007ffd4583de08 EFLAGS: 00000202 ORIG_RAX: 00000000000000a5
[  300.262421] RAX: ffffffffffffffda RBX: 0000000000000000 RCX: 00007febebcd93ae
[  300.263401] RDX: 000000002000ad00 RSI: 000000002000ad40 RDI: 00007ffd4583df40
[  300.264381] RBP: 00007ffd4583dfd0 R08: 00007ffd4583de40 R09: 0000000000000000
[  300.265359] R10: 0000000000000003 R11: 0000000000000202 R12: 0000000000401240
[  300.266375] R13: 00007ffd4583e110 R14: 0000000000000000 R15: 0000000000000000
[  300.267364]  </TASK>
[  300.267682] 
[  300.267682] Showing all locks held in the system:
[  300.268533] 1 lock held by khungtaskd/29:
[  300.269101]  #0: ffffffff8398a5c0 (rcu_read_lock){....}-{1:2}, at: debug_show_all_locks+0x23/0x17c
[  300.270396] 2 locks held by repro/555:
[  300.270931]  #0: ffff8880138d40e0 (&type->s_umount_key#47/1){+.+.}-{3:3}, at: alloc_super+0x120/0x460
[  300.272234]  #1: ffff8880138d4638 (sb_internal#2){.+.+}-{0:0}, at: xfs_qm_qino_alloc+0xd2/0x520
[  300.273484] 
[  300.273712] =============================================
[  300.273712] 
[  447.697616] INFO: task repro:555 blocked for more than 294 seconds.
[  447.698499]       Not tainted 5.15.0-5cd4dc44b8a0+ #1
[  447.699188] "echo 0 > /proc/sys/kernel/hung_task_timeout_secs" disables this message.
[  447.700267] task:repro           state:D stack:    0 pid:  555 ppid:   554 flags:0x00004004
[  447.701401] Call Trace:
[  447.701791]  <TASK>
[  447.702103]  __schedule+0x466/0xb20
[  447.702606]  ? lock_is_held_type+0xe4/0x140
[  447.703205]  schedule+0x48/0xd0
[  447.703659]  xlog_grant_head_wait+0x5f/0x4c0
[  447.704272]  xlog_grant_head_check+0x1a7/0x1c0
[  447.704904]  xfs_log_reserve+0x150/0x4c0
[  447.705488]  xfs_trans_reserve+0x211/0x260
[  447.706081]  xfs_trans_alloc+0x144/0x4e0
[  447.706644]  xfs_qm_qino_alloc+0xd2/0x520
[  447.707216]  ? write_comp_data+0x2f/0x90
[  447.707779]  xfs_qm_init_quotainos+0x304/0x410
[  447.708411]  xfs_qm_init_quotainfo+0x99/0x530
[  447.709028]  ? write_comp_data+0x2f/0x90
[  447.709614]  xfs_qm_mount_quotas+0x3c/0x3a0
[  447.710211]  xfs_mountfs+0xc83/0xc90
[  447.710725]  xfs_fs_fill_super+0x719/0xd30
[  447.711307]  get_tree_bdev+0x243/0x350
[  447.711838]  ? xfs_fs_inode_init_once+0x90/0x90
[  447.712475]  xfs_fs_get_tree+0x21/0x30
[  447.713003]  vfs_get_tree+0x37/0x110
[  447.713523]  path_mount+0x76e/0x10b0
[  447.714050]  ? write_comp_data+0x2f/0x90
[  447.714606]  do_mount+0xa7/0xc0
[  447.715052]  __x64_sys_mount+0x143/0x150
[  447.715600]  do_syscall_64+0x37/0x80
[  447.716099]  entry_SYSCALL_64_after_hwframe+0x44/0xae
[  447.716794] RIP: 0033:0x7febebcd93ae
[  447.717292] RSP: 002b:00007ffd4583de08 EFLAGS: 00000202 ORIG_RAX: 00000000000000a5
[  447.718345] RAX: ffffffffffffffda RBX: 0000000000000000 RCX: 00007febebcd93ae
[  447.719308] RDX: 000000002000ad00 RSI: 000000002000ad40 RDI: 00007ffd4583df40
[  447.720270] RBP: 00007ffd4583dfd0 R08: 00007ffd4583de40 R09: 0000000000000000
[  447.721233] R10: 0000000000000003 R11: 0000000000000202 R12: 0000000000401240
[  447.722216] R13: 00007ffd4583e110 R14: 0000000000000000 R15: 0000000000000000
[  447.723189]  </TASK>
[  447.723504] 
[  447.723504] Showing all locks held in the system:
[  447.724350] 1 lock held by khungtaskd/29:
[  447.724904]  #0: ffffffff8398a5c0 (rcu_read_lock){....}-{1:2}, at: debug_show_all_locks+0x23/0x17c
[  447.726168] 2 locks held by repro/555:
[  447.726699]  #0: ffff8880138d40e0 (&type->s_umount_key#47/1){+.+.}-{3:3}, at: alloc_super+0x120/0x460
[  447.728006]  #1: ffff8880138d4638 (sb_internal#2){.+.+}-{0:0}, at: xfs_qm_qino_alloc+0xd2/0x520
[  447.729236] 
[  447.729479] =============================================
[  447.729479] 
[  595.153669] INFO: task repro:555 blocked for more than 442 seconds.
[  595.155437]       Not tainted 5.15.0-5cd4dc44b8a0+ #1
[  595.156808] "echo 0 > /proc/sys/kernel/hung_task_timeout_secs" disables this message.
[  595.158988] task:repro           state:D stack:    0 pid:  555 ppid:   554 flags:0x00004004
[  595.161214] Call Trace:
[  595.161963]  <TASK>
[  595.162559]  __schedule+0x466/0xb20
[  595.163523]  ? lock_is_held_type+0xe4/0x140
[  595.164667]  schedule+0x48/0xd0
[  595.165601]  xlog_grant_head_wait+0x5f/0x4c0
[  595.166792]  xlog_grant_head_check+0x1a7/0x1c0
[  595.168038]  xfs_log_reserve+0x150/0x4c0
[  595.169130]  xfs_trans_reserve+0x211/0x260
[  595.170345]  xfs_trans_alloc+0x144/0x4e0
[  595.171443]  xfs_qm_qino_alloc+0xd2/0x520
[  595.172545]  ? write_comp_data+0x2f/0x90
[  595.173688]  xfs_qm_init_quotainos+0x304/0x410
[  595.174906]  xfs_qm_init_quotainfo+0x99/0x530
[  595.176089]  ? write_comp_data+0x2f/0x90
[  595.177165]  xfs_qm_mount_quotas+0x3c/0x3a0
[  595.178366]  xfs_mountfs+0xc83/0xc90
[  595.179361]  xfs_fs_fill_super+0x719/0xd30
[  595.180483]  get_tree_bdev+0x243/0x350
[  595.181583]  ? xfs_fs_inode_init_once+0x90/0x90
[  595.182843]  xfs_fs_get_tree+0x21/0x30
[  595.183881]  vfs_get_tree+0x37/0x110
[  595.184880]  path_mount+0x76e/0x10b0
[  595.185935]  ? write_comp_data+0x2f/0x90
[  595.187034]  do_mount+0xa7/0xc0
[  595.187913]  __x64_sys_mount+0x143/0x150
[  595.189049]  do_syscall_64+0x37/0x80
[  595.190145]  entry_SYSCALL_64_after_hwframe+0x44/0xae
[  595.191545] RIP: 0033:0x7febebcd93ae
[  595.192539] RSP: 002b:00007ffd4583de08 EFLAGS: 00000202 ORIG_RAX: 00000000000000a5
[  595.194633] RAX: ffffffffffffffda RBX: 0000000000000000 RCX: 00007febebcd93ae
[  595.196532] RDX: 000000002000ad00 RSI: 000000002000ad40 RDI: 00007ffd4583df40
[  595.198493] RBP: 00007ffd4583dfd0 R08: 00007ffd4583de40 R09: 0000000000000000
[  595.200393] R10: 0000000000000003 R11: 0000000000000202 R12: 0000000000401240
[  595.202353] R13: 00007ffd4583e110 R14: 0000000000000000 R15: 0000000000000000
[  595.204275]  </TASK>
[  595.204898] 
[  595.204898] Showing all locks held in the system:
[  595.206623] 1 lock held by khungtaskd/29:
[  595.207735]  #0: ffffffff8398a5c0 (rcu_read_lock){....}-{1:2}, at: debug_show_all_locks+0x23/0x17c
[  595.210255] 2 locks held by repro/555:
[  595.211295]  #0: ffff8880138d40e0 (&type->s_umount_key#47/1){+.+.}-{3:3}, at: alloc_super+0x120/0x460
[  595.213886]  #1: ffff8880138d4638 (sb_internal#2){.+.+}-{0:0}, at: xfs_qm_qino_alloc+0xd2/0x520
[  595.216250] 
[  595.216685] =============================================
[  595.216685] 
[  742.609798] INFO: task repro:555 blocked for more than 589 seconds.
[  742.611386]       Not tainted 5.15.0-5cd4dc44b8a0+ #1
[  742.612622] "echo 0 > /proc/sys/kernel/hung_task_timeout_secs" disables this message.
[  742.614582] task:repro           state:D stack:    0 pid:  555 ppid:   554 flags:0x00004004
[  742.616638] Call Trace:
[  742.617308]  <TASK>
[  742.617939]  __schedule+0x466/0xb20
[  742.618852]  ? lock_is_held_type+0xe4/0x140
[  742.619918]  schedule+0x48/0xd0
[  742.620722]  xlog_grant_head_wait+0x5f/0x4c0
[  742.621854]  xlog_grant_head_check+0x1a7/0x1c0
[  742.622983]  xfs_log_reserve+0x150/0x4c0
[  742.623984]  xfs_trans_reserve+0x211/0x260
[  742.625032]  xfs_trans_alloc+0x144/0x4e0
[  742.626080]  xfs_qm_qino_alloc+0xd2/0x520
[  742.627106]  ? write_comp_data+0x2f/0x90
[  742.628107]  xfs_qm_init_quotainos+0x304/0x410
[  742.629237]  xfs_qm_init_quotainfo+0x99/0x530
[  742.630376]  ? write_comp_data+0x2f/0x90
[  742.631377]  xfs_qm_mount_quotas+0x3c/0x3a0
[  742.632442]  xfs_mountfs+0xc83/0xc90
[  742.633362]  xfs_fs_fill_super+0x719/0xd30
[  742.634437]  get_tree_bdev+0x243/0x350
[  742.635394]  ? xfs_fs_inode_init_once+0x90/0x90
[  742.636538]  xfs_fs_get_tree+0x21/0x30
[  742.637527]  vfs_get_tree+0x37/0x110
[  742.638460]  path_mount+0x76e/0x10b0
[  742.639382]  ? write_comp_data+0x2f/0x90
[  742.640382]  do_mount+0xa7/0xc0
[  742.641197]  __x64_sys_mount+0x143/0x150
[  742.642235]  do_syscall_64+0x37/0x80
[  742.643149]  entry_SYSCALL_64_after_hwframe+0x44/0xae
[  742.644412] RIP: 0033:0x7febebcd93ae
[  742.645330] RSP: 002b:00007ffd4583de08 EFLAGS: 00000202 ORIG_RAX: 00000000000000a5
[  742.647222] RAX: ffffffffffffffda RBX: 0000000000000000 RCX: 00007febebcd93ae
[  742.648957] RDX: 000000002000ad00 RSI: 000000002000ad40 RDI: 00007ffd4583df40
[  742.650735] RBP: 00007ffd4583dfd0 R08: 00007ffd4583de40 R09: 0000000000000000
[  742.652473] R10: 0000000000000003 R11: 0000000000000202 R12: 0000000000401240
[  742.654250] R13: 00007ffd4583e110 R14: 0000000000000000 R15: 0000000000000000
[  742.656022]  </TASK>
[  742.656598] 
[  742.656598] Showing all locks held in the system:
[  742.658153] 1 lock held by khungtaskd/29:
[  742.659154]  #0: ffffffff8398a5c0 (rcu_read_lock){....}-{1:2}, at: debug_show_all_locks+0x23/0x17c
[  742.661400] 2 locks held by repro/555:
[  742.662373]  #0: ffff8880138d40e0 (&type->s_umount_key#47/1){+.+.}-{3:3}, at: alloc_super+0x120/0x460
[  742.664675]  #1: ffff8880138d4638 (sb_internal#2){.+.+}-{0:0}, at: xfs_qm_qino_alloc+0xd2/0x520
[  742.666875] 
[  742.667276] =============================================
[  742.667276] 
[  890.065913] INFO: task repro:555 blocked for more than 737 seconds.
[  890.067411]       Not tainted 5.15.0-5cd4dc44b8a0+ #1
[  890.068578] "echo 0 > /proc/sys/kernel/hung_task_timeout_secs" disables this message.
[  890.070515] task:repro           state:D stack:    0 pid:  555 ppid:   554 flags:0x00004004
[  890.072557] Call Trace:
[  890.073184]  <TASK>
[  890.073811]  __schedule+0x466/0xb20
[  890.074699]  ? lock_is_held_type+0xe4/0x140
[  890.075727]  schedule+0x48/0xd0
[  890.076504]  xlog_grant_head_wait+0x5f/0x4c0
[  890.077607]  xlog_grant_head_check+0x1a7/0x1c0
[  890.078706]  xfs_log_reserve+0x150/0x4c0
[  890.079676]  xfs_trans_reserve+0x211/0x260
[  890.080687]  xfs_trans_alloc+0x144/0x4e0
[  890.081725]  xfs_qm_qino_alloc+0xd2/0x520
[  890.082718]  ? write_comp_data+0x2f/0x90
[  890.083699]  xfs_qm_init_quotainos+0x304/0x410
[  890.084790]  xfs_qm_init_quotainfo+0x99/0x530
[  890.085907]  ? write_comp_data+0x2f/0x90
[  890.086879]  xfs_qm_mount_quotas+0x3c/0x3a0
[  890.087913]  xfs_mountfs+0xc83/0xc90
[  890.088806]  xfs_fs_fill_super+0x719/0xd30
[  890.089874]  get_tree_bdev+0x243/0x350
[  890.090795]  ? xfs_fs_inode_init_once+0x90/0x90
[  890.091898]  xfs_fs_get_tree+0x21/0x30
[  890.092813]  vfs_get_tree+0x37/0x110
[  890.093745]  path_mount+0x76e/0x10b0
[  890.094637]  ? write_comp_data+0x2f/0x90
[  890.095604]  do_mount+0xa7/0xc0
[  890.096387]  __x64_sys_mount+0x143/0x150
[  890.097348]  do_syscall_64+0x37/0x80
[  890.098281]  entry_SYSCALL_64_after_hwframe+0x44/0xae
[  890.099519] RIP: 0033:0x7febebcd93ae
[  890.100387] RSP: 002b:00007ffd4583de08 EFLAGS: 00000202 ORIG_RAX: 00000000000000a5
[  890.102216] RAX: ffffffffffffffda RBX: 0000000000000000 RCX: 00007febebcd93ae
[  890.103925] RDX: 000000002000ad00 RSI: 000000002000ad40 RDI: 00007ffd4583df40
[  890.105710] RBP: 00007ffd4583dfd0 R08: 00007ffd4583de40 R09: 0000000000000000
[  890.107411] R10: 0000000000000003 R11: 0000000000000202 R12: 0000000000401240
[  890.109094] R13: 00007ffd4583e110 R14: 0000000000000000 R15: 0000000000000000
[  890.110860]  </TASK>
[  890.111428] 
[  890.111428] Showing all locks held in the system:
[  890.112919] 1 lock held by khungtaskd/29:
[  890.113979]  #0: ffffffff8398a5c0 (rcu_read_lock){....}-{1:2}, at: debug_show_all_locks+0x23/0x17c
[  890.116196] 2 locks held by repro/555:
[  890.117158]  #0: ffff8880138d40e0 (&type->s_umount_key#47/1){+.+.}-{3:3}, at: alloc_super+0x120/0x460
[  890.119671]  #1: ffff8880138d4638 (sb_internal#2){.+.+}-{0:0}, at: xfs_qm_qino_alloc+0xd2/0x520
[  890.122037] 
[  890.122469] =============================================
[  890.122469] 
[ 1037.521780] INFO: task repro:555 blocked for more than 884 seconds.
[ 1037.523167]       Not tainted 5.15.0-5cd4dc44b8a0+ #1
[ 1037.524226] "echo 0 > /proc/sys/kernel/hung_task_timeout_secs" disables this message.
[ 1037.525832] task:repro           state:D stack:    0 pid:  555 ppid:   554 flags:0x00004004
[ 1037.527580] Call Trace:
[ 1037.528111]  <TASK>
[ 1037.528582]  __schedule+0x466/0xb20
[ 1037.529344]  ? lock_is_held_type+0xe4/0x140
[ 1037.530300]  schedule+0x48/0xd0
[ 1037.530993]  xlog_grant_head_wait+0x5f/0x4c0
[ 1037.531922]  xlog_grant_head_check+0x1a7/0x1c0
[ 1037.532880]  xfs_log_reserve+0x150/0x4c0
[ 1037.533776]  xfs_trans_reserve+0x211/0x260
[ 1037.534671]  xfs_trans_alloc+0x144/0x4e0
[ 1037.535531]  xfs_qm_qino_alloc+0xd2/0x520
[ 1037.536395]  ? write_comp_data+0x2f/0x90
[ 1037.537250]  xfs_qm_init_quotainos+0x304/0x410
[ 1037.538249]  xfs_qm_init_quotainfo+0x99/0x530
[ 1037.539185]  ? write_comp_data+0x2f/0x90
[ 1037.540032]  xfs_qm_mount_quotas+0x3c/0x3a0
[ 1037.540931]  xfs_mountfs+0xc83/0xc90
[ 1037.541758]  xfs_fs_fill_super+0x719/0xd30
[ 1037.542649]  get_tree_bdev+0x243/0x350
[ 1037.543461]  ? xfs_fs_inode_init_once+0x90/0x90
[ 1037.544435]  xfs_fs_get_tree+0x21/0x30
[ 1037.545247]  vfs_get_tree+0x37/0x110
[ 1037.546484]  path_mount+0x76e/0x10b0
[ 1037.547508]  ? write_comp_data+0x2f/0x90
[ 1037.548599]  do_mount+0xa7/0xc0
[ 1037.549517]  __x64_sys_mount+0x143/0x150
[ 1037.550613]  do_syscall_64+0x37/0x80
[ 1037.551611]  entry_SYSCALL_64_after_hwframe+0x44/0xae
[ 1037.553003] RIP: 0033:0x7febebcd93ae
[ 1037.554068] RSP: 002b:00007ffd4583de08 EFLAGS: 00000202 ORIG_RAX: 00000000000000a5
[ 1037.556139] RAX: ffffffffffffffda RBX: 0000000000000000 RCX: 00007febebcd93ae
[ 1037.558155] RDX: 000000002000ad00 RSI: 000000002000ad40 RDI: 00007ffd4583df40
[ 1037.560113] RBP: 00007ffd4583dfd0 R08: 00007ffd4583de40 R09: 0000000000000000
[ 1037.562144] R10: 0000000000000003 R11: 0000000000000202 R12: 0000000000401240
[ 1037.564094] R13: 00007ffd4583e110 R14: 0000000000000000 R15: 0000000000000000
[ 1037.566269]  </TASK>
[ 1037.566913] 
[ 1037.566913] Showing all locks held in the system:
[ 1037.569188] 1 lock held by khungtaskd/29:
[ 1037.570153]  #0: ffffffff8398a5c0 (rcu_read_lock){....}-{1:2}, at: debug_show_all_locks+0x23/0x17c
[ 1037.572697] 2 locks held by in:imjournal/356:
[ 1037.574026]  #0: ffff888008c60448 (sb_writers#3){.+.+}-{0:0}, at: do_renameat2+0x351/0x8e0
[ 1037.576357]  #1: ffff888011da3320 (&type->i_mutex_dir_key#3/1){+.+.}-{3:3}, at: lock_rename+0x141/0x150
[ 1037.579057] 2 locks held by repro/555:
[ 1037.580123]  #0: ffff8880138d40e0 (&type->s_umount_key#47/1){+.+.}-{3:3}, at: alloc_super+0x120/0x460
[ 1037.582829]  #1: ffff8880138d4638 (sb_internal#2){.+.+}-{0:0}, at: xfs_qm_qino_alloc+0xd2/0x520
[ 1037.585324] 
[ 1037.585861] =============================================
[ 1037.585861] 
[ 1184.977771] INFO: task repro:555 blocked for more than 1032 seconds.
[ 1184.979702]       Not tainted 5.15.0-5cd4dc44b8a0+ #1
[ 1184.980892] "echo 0 > /proc/sys/kernel/hung_task_timeout_secs" disables this message.
[ 1184.982755] task:repro           state:D stack:    0 pid:  555 ppid:   554 flags:0x00004004
[ 1184.984678] Call Trace:
[ 1184.985267]  <TASK>
[ 1184.985891]  __schedule+0x466/0xb20
[ 1184.986748]  ? lock_is_held_type+0xe4/0x140
[ 1184.987741]  schedule+0x48/0xd0
[ 1184.988489]  xlog_grant_head_wait+0x5f/0x4c0
[ 1184.989562]  xlog_grant_head_check+0x1a7/0x1c0
[ 1184.990608]  xfs_log_reserve+0x150/0x4c0
[ 1184.991530]  xfs_trans_reserve+0x211/0x260
[ 1184.992493]  xfs_trans_alloc+0x144/0x4e0
[ 1184.993422]  xfs_qm_qino_alloc+0xd2/0x520
[ 1184.994440]  ? write_comp_data+0x2f/0x90
[ 1184.995363]  xfs_qm_init_quotainos+0x304/0x410
[ 1184.996413]  xfs_qm_init_quotainfo+0x99/0x530
[ 1184.997528]  ? write_comp_data+0x2f/0x90
[ 1184.998524]  xfs_qm_mount_quotas+0x3c/0x3a0
[ 1184.999542]  xfs_mountfs+0xc83/0xc90
[ 1185.000430]  xfs_fs_fill_super+0x719/0xd30
[ 1185.001503]  get_tree_bdev+0x243/0x350
[ 1185.002432]  ? xfs_fs_inode_init_once+0x90/0x90
[ 1185.003524]  xfs_fs_get_tree+0x21/0x30
[ 1185.004435]  vfs_get_tree+0x37/0x110
[ 1185.005306]  path_mount+0x76e/0x10b0
[ 1185.006260]  ? write_comp_data+0x2f/0x90
[ 1185.007217]  do_mount+0xa7/0xc0
[ 1185.008006]  __x64_sys_mount+0x143/0x150
[ 1185.008965]  do_syscall_64+0x37/0x80
[ 1185.009912]  entry_SYSCALL_64_after_hwframe+0x44/0xae
[ 1185.011124] RIP: 0033:0x7febebcd93ae
[ 1185.011997] RSP: 002b:00007ffd4583de08 EFLAGS: 00000202 ORIG_RAX: 00000000000000a5
[ 1185.013850] RAX: ffffffffffffffda RBX: 0000000000000000 RCX: 00007febebcd93ae
[ 1185.015539] RDX: 000000002000ad00 RSI: 000000002000ad40 RDI: 00007ffd4583df40
[ 1185.017214] RBP: 00007ffd4583dfd0 R08: 00007ffd4583de40 R09: 0000000000000000
[ 1185.019112] R10: 0000000000000003 R11: 0000000000000202 R12: 0000000000401240
[ 1185.020819] R13: 00007ffd4583e110 R14: 0000000000000000 R15: 0000000000000000
[ 1185.022618]  </TASK>
[ 1185.023197] 
[ 1185.023197] Showing all locks held in the system:
[ 1185.024667] 1 lock held by khungtaskd/29:
[ 1185.025709]  #0: ffffffff8398a5c0 (rcu_read_lock){....}-{1:2}, at: debug_show_all_locks+0x23/0x17c
[ 1185.027895] 2 locks held by repro/555:
[ 1185.028798]  #0: ffff8880138d40e0 (&type->s_umount_key#47/1){+.+.}-{3:3}, at: alloc_super+0x120/0x460
[ 1185.031064]  #1: ffff8880138d4638 (sb_internal#2){.+.+}-{0:0}, at: xfs_qm_qino_alloc+0xd2/0x520
[ 1185.033146] 
[ 1185.033605] =============================================
[ 1185.033605] 
[ 1332.433849] INFO: task repro:555 blocked for more than 1179 seconds.
[ 1332.435276]       Not tainted 5.15.0-5cd4dc44b8a0+ #1
[ 1332.436382] "echo 0 > /proc/sys/kernel/hung_task_timeout_secs" disables this message.
[ 1332.438117] task:repro           state:D stack:    0 pid:  555 ppid:   554 flags:0x00004004
[ 1332.439934] Call Trace:
[ 1332.440512]  <TASK>
[ 1332.441016]  __schedule+0x466/0xb20
[ 1332.441919]  ? lock_is_held_type+0xe4/0x140
[ 1332.442922]  schedule+0x48/0xd0
[ 1332.443697]  xlog_grant_head_wait+0x5f/0x4c0
[ 1332.444716]  xlog_grant_head_check+0x1a7/0x1c0
[ 1332.445841]  xfs_log_reserve+0x150/0x4c0
[ 1332.446803]  xfs_trans_reserve+0x211/0x260
[ 1332.447783]  xfs_trans_alloc+0x144/0x4e0
[ 1332.448733]  xfs_qm_qino_alloc+0xd2/0x520
[ 1332.449745]  ? write_comp_data+0x2f/0x90
[ 1332.450703]  xfs_qm_init_quotainos+0x304/0x410
[ 1332.451767]  xfs_qm_init_quotainfo+0x99/0x530
[ 1332.452813]  ? write_comp_data+0x2f/0x90
[ 1332.453837]  xfs_qm_mount_quotas+0x3c/0x3a0
[ 1332.454875]  xfs_mountfs+0xc83/0xc90
[ 1332.455776]  xfs_fs_fill_super+0x719/0xd30
[ 1332.456775]  get_tree_bdev+0x243/0x350
[ 1332.457789]  ? xfs_fs_inode_init_once+0x90/0x90
[ 1332.458884]  xfs_fs_get_tree+0x21/0x30
[ 1332.459787]  vfs_get_tree+0x37/0x110
[ 1332.460642]  path_mount+0x76e/0x10b0
[ 1332.461594]  ? write_comp_data+0x2f/0x90
[ 1332.462543]  do_mount+0xa7/0xc0
[ 1332.463316]  __x64_sys_mount+0x143/0x150
[ 1332.464257]  do_syscall_64+0x37/0x80
[ 1332.465122]  entry_SYSCALL_64_after_hwframe+0x44/0xae
[ 1332.466375] RIP: 0033:0x7febebcd93ae
[ 1332.467231] RSP: 002b:00007ffd4583de08 EFLAGS: 00000202 ORIG_RAX: 00000000000000a5
[ 1332.468974] RAX: ffffffffffffffda RBX: 0000000000000000 RCX: 00007febebcd93ae
[ 1332.470698] RDX: 000000002000ad00 RSI: 000000002000ad40 RDI: 00007ffd4583df40
[ 1332.472354] RBP: 00007ffd4583dfd0 R08: 00007ffd4583de40 R09: 0000000000000000
[ 1332.474089] R10: 0000000000000003 R11: 0000000000000202 R12: 0000000000401240
[ 1332.475756] R13: 00007ffd4583e110 R14: 0000000000000000 R15: 0000000000000000
[ 1332.477510]  </TASK>
[ 1332.478093] 
[ 1332.478093] Showing all locks held in the system:
[ 1332.479496] 1 lock held by khungtaskd/29:
[ 1332.480424]  #0: ffffffff8398a5c0 (rcu_read_lock){....}-{1:2}, at: debug_show_all_locks+0x23/0x17c
[ 1332.482608] 2 locks held by repro/555:
[ 1332.483484]  #0: ffff8880138d40e0 (&type->s_umount_key#47/1){+.+.}-{3:3}, at: alloc_super+0x120/0x460
[ 1332.485662]  #1: ffff8880138d4638 (sb_internal#2){.+.+}-{0:0}, at: xfs_qm_qino_alloc+0xd2/0x520
[ 1332.487716] 
[ 1332.488100] =============================================
[ 1332.488100] 
[ 1479.889744] INFO: task repro:555 blocked for more than 1327 seconds.
[ 1479.892074]       Not tainted 5.15.0-5cd4dc44b8a0+ #1
[ 1479.893951] "echo 0 > /proc/sys/kernel/hung_task_timeout_secs" disables this message.
[ 1479.896663] task:repro           state:D stack:    0 pid:  555 ppid:   554 flags:0x00004004
[ 1479.899677] Call Trace:
[ 1479.900576]  <TASK>
[ 1479.901348]  __schedule+0x466/0xb20
[ 1479.902691]  ? lock_is_held_type+0xe4/0x140
[ 1479.904182]  schedule+0x48/0xd0
[ 1479.905324]  xlog_grant_head_wait+0x5f/0x4c0
[ 1479.906940]  xlog_grant_head_check+0x1a7/0x1c0
[ 1479.908517]  xfs_log_reserve+0x150/0x4c0
[ 1479.909966]  xfs_trans_reserve+0x211/0x260
[ 1479.911210]  xfs_trans_alloc+0x144/0x4e0
[ 1479.912380]  xfs_qm_qino_alloc+0xd2/0x520
[ 1479.913637]  ? write_comp_data+0x2f/0x90
[ 1479.914815]  xfs_qm_init_quotainos+0x304/0x410
[ 1479.916113]  xfs_qm_init_quotainfo+0x99/0x530
[ 1479.917399]  ? write_comp_data+0x2f/0x90
[ 1479.918615]  xfs_qm_mount_quotas+0x3c/0x3a0
[ 1479.919855]  xfs_mountfs+0xc83/0xc90
[ 1479.920933]  xfs_fs_fill_super+0x719/0xd30
[ 1479.922223]  get_tree_bdev+0x243/0x350
[ 1479.923341]  ? xfs_fs_inode_init_once+0x90/0x90
[ 1479.924684]  xfs_fs_get_tree+0x21/0x30
[ 1479.925874]  vfs_get_tree+0x37/0x110
[ 1479.926965]  path_mount+0x76e/0x10b0
[ 1479.928054]  ? write_comp_data+0x2f/0x90
[ 1479.929237]  do_mount+0xa7/0xc0
[ 1479.930263]  __x64_sys_mount+0x143/0x150
[ 1479.931453]  do_syscall_64+0x37/0x80
[ 1479.932540]  entry_SYSCALL_64_after_hwframe+0x44/0xae
[ 1479.934110] RIP: 0033:0x7febebcd93ae
[ 1479.935199] RSP: 002b:00007ffd4583de08 EFLAGS: 00000202 ORIG_RAX: 00000000000000a5
[ 1479.937474] RAX: ffffffffffffffda RBX: 0000000000000000 RCX: 00007febebcd93ae
[ 1479.939582] RDX: 000000002000ad00 RSI: 000000002000ad40 RDI: 00007ffd4583df40
[ 1479.941745] RBP: 00007ffd4583dfd0 R08: 00007ffd4583de40 R09: 0000000000000000
[ 1479.943833] R10: 0000000000000003 R11: 0000000000000202 R12: 0000000000401240
[ 1479.945983] R13: 00007ffd4583e110 R14: 0000000000000000 R15: 0000000000000000
[ 1479.948093]  </TASK>
[ 1479.948776] 
[ 1479.948776] Showing all locks held in the system:
[ 1479.950674] 1 lock held by khungtaskd/29:
[ 1479.951871]  #0: ffffffff8398a5c0 (rcu_read_lock){....}-{1:2}, at: debug_show_all_locks+0x23/0x17c
[ 1479.954620] 2 locks held by repro/555:
[ 1479.955743]  #0: ffff8880138d40e0 (&type->s_umount_key#47/1){+.+.}-{3:3}, at: alloc_super+0x120/0x460
[ 1479.958530]  #1: ffff8880138d4638 (sb_internal#2){.+.+}-{0:0}, at: xfs_qm_qino_alloc+0xd2/0x520
[ 1479.961108] 
[ 1479.961652] =============================================
[ 1479.961652] 
[ 1627.345820] INFO: task repro:555 blocked for more than 1474 seconds.
[ 1627.347424]       Not tainted 5.15.0-5cd4dc44b8a0+ #1
[ 1627.348663] "echo 0 > /proc/sys/kernel/hung_task_timeout_secs" disables this message.
[ 1627.350630] task:repro           state:D stack:    0 pid:  555 ppid:   554 flags:0x00004004
[ 1627.352686] Call Trace:
[ 1627.353323]  <TASK>
[ 1627.353965]  __schedule+0x466/0xb20
[ 1627.354875]  ? lock_is_held_type+0xe4/0x140
[ 1627.355950]  schedule+0x48/0xd0
[ 1627.356760]  xlog_grant_head_wait+0x5f/0x4c0
[ 1627.357937]  xlog_grant_head_check+0x1a7/0x1c0
[ 1627.359196]  xfs_log_reserve+0x150/0x4c0
[ 1627.360205]  xfs_trans_reserve+0x211/0x260
[ 1627.361249]  xfs_trans_alloc+0x144/0x4e0
[ 1627.362371]  xfs_qm_qino_alloc+0xd2/0x520
[ 1627.363405]  ? write_comp_data+0x2f/0x90
[ 1627.364409]  xfs_qm_init_quotainos+0x304/0x410
[ 1627.365626]  xfs_qm_init_quotainfo+0x99/0x530
[ 1627.366736]  ? write_comp_data+0x2f/0x90
[ 1627.367738]  xfs_qm_mount_quotas+0x3c/0x3a0
[ 1627.368795]  xfs_mountfs+0xc83/0xc90
[ 1627.369797]  xfs_fs_fill_super+0x719/0xd30
[ 1627.370847]  get_tree_bdev+0x243/0x350
[ 1627.371798]  ? xfs_fs_inode_init_once+0x90/0x90
[ 1627.372935]  xfs_fs_get_tree+0x21/0x30
[ 1627.373970]  vfs_get_tree+0x37/0x110
[ 1627.374893]  path_mount+0x76e/0x10b0
[ 1627.375810]  ? write_comp_data+0x2f/0x90
[ 1627.376810]  do_mount+0xa7/0xc0
[ 1627.377702]  __x64_sys_mount+0x143/0x150
[ 1627.378709]  do_syscall_64+0x37/0x80
[ 1627.379624]  entry_SYSCALL_64_after_hwframe+0x44/0xae
[ 1627.380892] RIP: 0033:0x7febebcd93ae
[ 1627.381875] RSP: 002b:00007ffd4583de08 EFLAGS: 00000202 ORIG_RAX: 00000000000000a5
[ 1627.383737] RAX: ffffffffffffffda RBX: 0000000000000000 RCX: 00007febebcd93ae
[ 1627.385564] RDX: 000000002000ad00 RSI: 000000002000ad40 RDI: 00007ffd4583df40
[ 1627.387318] RBP: 00007ffd4583dfd0 R08: 00007ffd4583de40 R09: 0000000000000000
[ 1627.389064] R10: 0000000000000003 R11: 0000000000000202 R12: 0000000000401240
[ 1627.390883] R13: 00007ffd4583e110 R14: 0000000000000000 R15: 0000000000000000
[ 1627.392659]  </TASK>
[ 1627.393236] 
[ 1627.393236] Showing all locks held in the system:
[ 1627.394822] 1 lock held by khungtaskd/29:
[ 1627.395828]  #0: ffffffff8398a5c0 (rcu_read_lock){....}-{1:2}, at: debug_show_all_locks+0x23/0x17c
[ 1627.398146] 1 lock held by systemd-journal/174:
[ 1627.399272]  #0: ffff88807dd32dd8 (&rq->__lock){-.-.}-{2:2}, at: raw_spin_rq_lock_nested+0x27/0x40
[ 1627.401568] 2 locks held by repro/555:
[ 1627.402515]  #0: ffff8880138d40e0 (&type->s_umount_key#47/1){+.+.}-{3:3}, at: alloc_super+0x120/0x460
[ 1627.404816]  #1: ffff8880138d4638 (sb_internal#2){.+.+}-{0:0}, at: xfs_qm_qino_alloc+0xd2/0x520
[ 1627.407089] 
[ 1627.407494] =============================================
[ 1627.407494] 
