c[?7l[2J[0mSeaBIOS (version rel-1.16.0-0-gd239552ce722-prebuilt.qemu.org)


iPXE (http://ipxe.org) 00:03.0 CA00 PCI2.10 PnP PMM+7FF91000+7FEF1000 CA00
Press Ctrl-B to configure iPXE (PCI 00:03.0)...                                                                               


Booting from ROM...
c[?7l[2J[    0.000000] Linux version 5.14.0-rc4-75c8c50fa16a+ (root@p-rpls01) (gcc (GCC) 8.5.0 20210514 (Red Hat 8.5.0-18), GNU ld version 2.36.1-2.el8) #1 SMP Thu Apr 6 01:08:02 CST 2023
[    0.000000] Command line: console=ttyS0 root=/dev/sda earlyprintk=serial net.ifnames=0
[    0.000000] KERNEL supported cpus:
[    0.000000]   Intel GenuineIntel
[    0.000000]   AMD AuthenticAMD
[    0.000000]   Hygon HygonGenuine
[    0.000000]   Centaur CentaurHauls
[    0.000000]   zhaoxin   Shanghai  
[    0.000000] x86/fpu: Supporting XSAVE feature 0x001: 'x87 floating point registers'
[    0.000000] x86/fpu: Supporting XSAVE feature 0x002: 'SSE registers'
[    0.000000] x86/fpu: Supporting XSAVE feature 0x004: 'AVX registers'
[    0.000000] x86/fpu: Supporting XSAVE feature 0x200: 'Protection Keys User registers'
[    0.000000] x86/fpu: xstate_offset[2]:  576, xstate_sizes[2]:  256
[    0.000000] x86/fpu: xstate_offset[9]:  832, xstate_sizes[9]:    8
[    0.000000] x86/fpu: Enabled xstate features 0x207, context size is 840 bytes, using 'compacted' format.
[    0.000000] signal: max sigframe size: 3632
[    0.000000] BIOS-provided physical RAM map:
[    0.000000] BIOS-e820: [mem 0x0000000000000000-0x000000000009fbff] usable
[    0.000000] BIOS-e820: [mem 0x000000000009fc00-0x000000000009ffff] reserved
[    0.000000] BIOS-e820: [mem 0x00000000000f0000-0x00000000000fffff] reserved
[    0.000000] BIOS-e820: [mem 0x0000000000100000-0x000000007ffdffff] usable
[    0.000000] BIOS-e820: [mem 0x000000007ffe0000-0x000000007fffffff] reserved
[    0.000000] BIOS-e820: [mem 0x00000000feffc000-0x00000000feffffff] reserved
[    0.000000] BIOS-e820: [mem 0x00000000fffc0000-0x00000000ffffffff] reserved
[    0.000000] printk: bootconsole [earlyser0] enabled
[    0.000000] NX (Execute Disable) protection: active
[    0.000000] SMBIOS 2.8 present.
[    0.000000] DMI: QEMU Standard PC (i440FX + PIIX, 1996), BIOS rel-1.16.0-0-gd239552ce722-prebuilt.qemu.org 04/01/2014
[    0.000000] Hypervisor detected: KVM
[    0.000000] kvm-clock: Using msrs 4b564d01 and 4b564d00
[    0.000000] kvm-clock: cpu 0, msr 5401001, primary cpu clock
[    0.000003] kvm-clock: using sched offset of 501428062 cycles
[    0.000969] clocksource: kvm-clock: mask: 0xffffffffffffffff max_cycles: 0x1cd42e4dffb, max_idle_ns: 881590591483 ns
[    0.003728] tsc: Detected 806.400 MHz processor
[    0.010707] last_pfn = 0x7ffe0 max_arch_pfn = 0x400000000
[    0.011822] x86/PAT: Configuration [0-7]: WB  WC  UC- UC  WB  WP  UC- WT  
[    0.020959] found SMP MP-table at [mem 0x000f5ba0-0x000f5baf]
[    0.022102] Using GB pages for direct mapping
[    0.023922] ACPI: Early table checksum verification disabled
[    0.024907] ACPI: RSDP 0x00000000000F59C0 000014 (v00 BOCHS )
[    0.025896] ACPI: RSDT 0x000000007FFE1951 000034 (v01 BOCHS  BXPC     00000001 BXPC 00000001)
[    0.027353] ACPI: FACP 0x000000007FFE17FD 000074 (v01 BOCHS  BXPC     00000001 BXPC 00000001)
[    0.028823] ACPI: DSDT 0x000000007FFE0040 0017BD (v01 BOCHS  BXPC     00000001 BXPC 00000001)
[    0.030278] ACPI: FACS 0x000000007FFE0000 000040
[    0.031070] ACPI: APIC 0x000000007FFE1871 000080 (v01 BOCHS  BXPC     00000001 BXPC 00000001)
[    0.032530] ACPI: HPET 0x000000007FFE18F1 000038 (v01 BOCHS  BXPC     00000001 BXPC 00000001)
[    0.033986] ACPI: WAET 0x000000007FFE1929 000028 (v01 BOCHS  BXPC     00000001 BXPC 00000001)
[    0.035442] ACPI: Reserving FACP table memory at [mem 0x7ffe17fd-0x7ffe1870]
[    0.036640] ACPI: Reserving DSDT table memory at [mem 0x7ffe0040-0x7ffe17fc]
[    0.037835] ACPI: Reserving FACS table memory at [mem 0x7ffe0000-0x7ffe003f]
[    0.039027] ACPI: Reserving APIC table memory at [mem 0x7ffe1871-0x7ffe18f0]
[    0.040226] ACPI: Reserving HPET table memory at [mem 0x7ffe18f1-0x7ffe1928]
[    0.041418] ACPI: Reserving WAET table memory at [mem 0x7ffe1929-0x7ffe1950]
[    0.043493] No NUMA configuration found
[    0.044155] Faking a node at [mem 0x0000000000000000-0x000000007ffdffff]
[    0.045348] NODE_DATA(0) allocated [mem 0x7ffb5000-0x7ffdffff]
[    0.050164] Zone ranges:
[    0.050608]   DMA      [mem 0x0000000000001000-0x0000000000ffffff]
[    0.051654]   DMA32    [mem 0x0000000001000000-0x000000007ffdffff]
[    0.052705]   Normal   empty
[    0.053194]   Device   empty
[    0.053683] Movable zone start for each node
[    0.054386] Early memory node ranges
[    0.054983]   node   0: [mem 0x0000000000001000-0x000000000009efff]
[    0.056040]   node   0: [mem 0x0000000000100000-0x000000007ffdffff]
[    0.057093] Initmem setup node 0 [mem 0x0000000000001000-0x000000007ffdffff]
[    0.060854] On node 0, zone DMA: 1 pages in unavailable ranges
[    0.060884] On node 0, zone DMA: 97 pages in unavailable ranges
[    0.083854] On node 0, zone DMA32: 32 pages in unavailable ranges
[    0.085429] ACPI: PM-Timer IO Port: 0x608
[    0.087144] ACPI: LAPIC_NMI (acpi_id[0xff] dfl dfl lint[0x1])
[    0.088187] IOAPIC[0]: apic_id 0, version 17, address 0xfec00000, GSI 0-23
[    0.089337] ACPI: INT_SRC_OVR (bus 0 bus_irq 0 global_irq 2 dfl dfl)
[    0.090391] ACPI: INT_SRC_OVR (bus 0 bus_irq 5 global_irq 5 high level)
[    0.091486] ACPI: INT_SRC_OVR (bus 0 bus_irq 9 global_irq 9 high level)
[    0.092582] ACPI: INT_SRC_OVR (bus 0 bus_irq 10 global_irq 10 high level)
[    0.093706] ACPI: INT_SRC_OVR (bus 0 bus_irq 11 global_irq 11 high level)
[    0.094841] ACPI: Using ACPI (MADT) for SMP configuration information
[    0.095909] ACPI: HPET id: 0x8086a201 base: 0xfed00000
[    0.096777] TSC deadline timer available
[    0.097430] smpboot: Allowing 2 CPUs, 0 hotplug CPUs
[    0.098358] kvm-guest: KVM setup pv remote TLB flush
[    0.099188] kvm-guest: setup PV sched yield
[    0.099944] PM: hibernation: Registered nosave memory: [mem 0x00000000-0x00000fff]
[    0.101181] PM: hibernation: Registered nosave memory: [mem 0x0009f000-0x0009ffff]
[    0.102414] PM: hibernation: Registered nosave memory: [mem 0x000a0000-0x000effff]
[    0.103644] PM: hibernation: Registered nosave memory: [mem 0x000f0000-0x000fffff]
[    0.104885] [mem 0x80000000-0xfeffbfff] available for PCI devices
[    0.105882] Booting paravirtualized kernel on KVM
[    0.106674] clocksource: refined-jiffies: mask: 0xffffffff max_cycles: 0xffffffff, max_idle_ns: 7645519600211568 ns
[    0.108396] setup_percpu: NR_CPUS:8192 nr_cpumask_bits:2 nr_cpu_ids:2 nr_node_ids:1
[    0.111008] percpu: Embedded 59 pages/cpu s204800 r8192 d28672 u1048576
[    0.112301] kvm-guest: setup async PF for cpu 0
[    0.113055] kvm-guest: stealtime: cpu 0, msr 7dc31080
[    0.113896] kvm-guest: PV spinlocks enabled
[    0.114590] PV qspinlock hash table entries: 256 (order: 0, 4096 bytes, linear)
[    0.115812] Built 1 zonelists, mobility grouping on.  Total pages: 515808
[    0.116915] Policy zone: DMA32
[    0.117422] Kernel command line: net.ifnames=0 console=ttyS0 root=/dev/sda earlyprintk=serial net.ifnames=0
[    0.120463] Dentry cache hash table entries: 262144 (order: 9, 2097152 bytes, linear)
[    0.123134] Inode-cache hash table entries: 131072 (order: 8, 1048576 bytes, linear)
[    0.124582] mem auto-init: stack:off, heap alloc:off, heap free:off
[    0.129151] Memory: 1987472K/2096632K available (30737K kernel code, 5231K rwdata, 7596K rodata, 3232K init, 22044K bss, 108904K reserved, 0K cma-reserved)
[    0.131439] random: get_random_u64 called from __kmem_cache_create+0x2f/0x490 with crng_init=0
[    0.132147] SLUB: HWalign=64, Order=0-3, MinObjects=0, CPUs=2, Nodes=1
[    0.134598] kmemleak: Kernel memory leak detector disabled
[    0.135513] ftrace: allocating 64368 entries in 252 pages
[    0.217186] ftrace: allocated 252 pages with 6 groups
[    0.218449] Running RCU self tests
[    0.219008] rcu: Hierarchical RCU implementation.
[    0.219770] rcu: 	RCU lockdep checking is enabled.
[    0.220548] rcu: 	RCU restricting CPUs from NR_CPUS=8192 to nr_cpu_ids=2.
[    0.221647] 	Trampoline variant of Tasks RCU enabled.
[    0.222460] 	Rude variant of Tasks RCU enabled.
[    0.223189] 	Tracing variant of Tasks RCU enabled.
[    0.223965] rcu: RCU calculated value of scheduler-enlistment delay is 25 jiffies.
[    0.225178] rcu: Adjusting geometry for rcu_fanout_leaf=16, nr_cpu_ids=2
[    0.246125] NR_IRQS: 524544, nr_irqs: 440, preallocated irqs: 16
[    0.262766] Console: colour VGA+ 80x25
[    0.263487] printk: console [ttyS0] enabled
[    0.263487] printk: console [ttyS0] enabled
[    0.264910] printk: bootconsole [earlyser0] disabled
[    0.264910] printk: bootconsole [earlyser0] disabled
[    0.266590] Lock dependency validator: Copyright (c) 2006 Red Hat, Inc., Ingo Molnar
[    0.267920] ... MAX_LOCKDEP_SUBCLASSES:  8
[    0.268628] ... MAX_LOCK_DEPTH:          48
[    0.269351] ... MAX_LOCKDEP_KEYS:        8192
[    0.270103] ... CLASSHASH_SIZE:          4096
[    0.270855] ... MAX_LOCKDEP_ENTRIES:     32768
[    0.271619] ... MAX_LOCKDEP_CHAINS:      65536
[    0.272395] ... CHAINHASH_SIZE:          32768
[    0.273161]  memory used by lock dependency info: 6365 kB
[    0.274087]  memory used for stack traces: 4224 kB
[    0.274910]  per task-struct memory footprint: 1920 bytes
[    0.275875] ACPI: Core revision 20210604
[    0.276815] clocksource: hpet: mask: 0xffffffff max_cycles: 0xffffffff, max_idle_ns: 19112604467 ns
[    0.278538] APIC: Switch to symmetric I/O mode setup
[    0.279899] x2apic enabled
[    0.280843] Switched APIC routing to physical x2apic.
[    0.281716] kvm-guest: setup PV IPIs
[    0.284381] ..TIMER: vector=0x30 apic1=0 pin1=2 apic2=-1 pin2=-1
[    0.285479] clocksource: tsc-early: mask: 0xffffffffffffffff max_cycles: 0xb9fb05486c, max_idle_ns: 440795231721 ns
[    0.287348] Calibrating delay loop (skipped) preset value.. 1612.80 BogoMIPS (lpj=3225600)
[    0.288794] pid_max: default: 32768 minimum: 301
[    0.289669] LSM: Security Framework initializing
[    0.290486] Yama: becoming mindful.
[    0.291462] Mount-cache hash table entries: 4096 (order: 3, 32768 bytes, linear)
[    0.292797] Mountpoint-cache hash table entries: 4096 (order: 3, 32768 bytes, linear)
[    0.296027] CPU0: Thermal monitoring enabled (TM1)
[    0.297422] x86/cpu: User Mode Instruction Prevention (UMIP) activated
[    0.299404] Last level iTLB entries: 4KB 0, 2MB 0, 4MB 0
[    0.300392] Last level dTLB entries: 4KB 0, 2MB 0, 4MB 0, 1GB 0
[    0.301510] Spectre V1 : Mitigation: usercopy/swapgs barriers and __user pointer sanitization
[    0.303020] Spectre V2 : Mitigation: Enhanced IBRS
[    0.303338] Spectre V2 : Spectre v2 / SpectreRSB mitigation: Filling RSB on context switch
[    0.304783] Spectre V2 : mitigation: Enabling conditional Indirect Branch Prediction Barrier
[    0.306245] Speculative Store Bypass: Mitigation: Speculative Store Bypass disabled via prctl and seccomp
[    0.337386] Freeing SMP alternatives memory: 52K
[    0.338871] smpboot: CPU0: Genuine Intel(R) 0000 (family: 0x6, model: 0xb7, stepping: 0x0)
[    0.339336] Running RCU-tasks wait API self tests
[    0.439454] Performance Events: generic architected perfmon, full-width counters, Intel PMU driver.
[    0.440958] ... version:                2
[    0.441593] ... bit width:              48
[    0.442242] ... generic registers:      6
[    0.442877] ... value mask:             0000ffffffffffff
[    0.443343] ... max period:             00007fffffffffff
[    0.444179] ... fixed-purpose events:   3
[    0.444814] ... event mask:             000000070000003f
[    0.446028] rcu: Hierarchical SRCU implementation.
[    0.448983] Callback from call_rcu_tasks_trace() invoked.
[    0.450133] smp: Bringing up secondary CPUs ...
[    0.451487] x86: Booting SMP configuration:
[    0.452159] .... node  #0, CPUs:      #1
[    0.035955] kvm-clock: cpu 1, msr 5401041, secondary cpu clock
[    0.453729] kvm-guest: setup async PF for cpu 1
[    0.453729] kvm-guest: stealtime: cpu 1, msr 7dd31080
[    0.455458] smp: Brought up 1 node, 2 CPUs
[    0.456135] smpboot: Max logical packages: 1
[    0.456811] smpboot: Total of 2 processors activated (3225.60 BogoMIPS)
[    0.459919] devtmpfs: initialized
[    0.460212] x86/mm: Memory block size: 128MB
[    0.463723] clocksource: jiffies: mask: 0xffffffff max_cycles: 0xffffffff, max_idle_ns: 7645041785100000 ns
[    0.464915] futex hash table entries: 512 (order: 4, 65536 bytes, linear)
[    0.467683] pinctrl core: initialized pinctrl subsystem
[    0.468984] 
[    0.469236] *************************************************************
[    0.470295] **     NOTICE NOTICE NOTICE NOTICE NOTICE NOTICE NOTICE    **
[    0.471343] **                                                         **
[    0.472404] **  IOMMU DebugFS SUPPORT HAS BEEN ENABLED IN THIS KERNEL  **
[    0.473466] **                                                         **
[    0.474532] ** This means that this kernel is built to expose internal **
[    0.475342] ** IOMMU data structures, which may compromise security on **
[    0.476402] ** your system.                                            **
[    0.477463] **                                                         **
[    0.478527] ** If you see this message and you are not debugging the   **
[    0.479342] ** kernel, report this immediately to your vendor!         **
[    0.480401] **                                                         **
[    0.481460] **     NOTICE NOTICE NOTICE NOTICE NOTICE NOTICE NOTICE    **
[    0.482523] *************************************************************
[    0.483455] PM: RTC time: 17:31:52, date: 2023-04-05
[    0.485381] NET: Registered PF_NETLINK/PF_ROUTE protocol family
[    0.486832] DMA: preallocated 256 KiB GFP_KERNEL pool for atomic allocations
[    0.487353] DMA: preallocated 256 KiB GFP_KERNEL|GFP_DMA pool for atomic allocations
[    0.488570] DMA: preallocated 256 KiB GFP_KERNEL|GFP_DMA32 pool for atomic allocations
[    0.489848] audit: initializing netlink subsys (disabled)
[    0.490717] audit: type=2000 audit(1680715913.223:1): state=initialized audit_enabled=0 res=1
[    0.490717] thermal_sys: Registered thermal governor 'fair_share'
[    0.490717] thermal_sys: Registered thermal governor 'bang_bang'
[    0.491346] thermal_sys: Registered thermal governor 'step_wise'
[    0.492267] thermal_sys: Registered thermal governor 'user_space'
[    0.493222] cpuidle: using governor ladder
[    0.494802] cpuidle: using governor menu
[    0.495652] ACPI: bus type PCI registered
[    0.496278] acpiphp: ACPI Hot Plug PCI Controller Driver version: 0.5
[    0.497599] PCI: Using configuration type 1 for base access
[    0.509821] Kprobes globally optimized
[    0.511487] HugeTLB registered 1.00 GiB page size, pre-allocated 0 pages
[    0.512456] HugeTLB registered 2.00 MiB page size, pre-allocated 0 pages
[    0.519661] ACPI: PRMT not present
[    0.520235] PRM: found 4294967277 modules
[    0.520958] ACPI: Added _OSI(Module Device)
[    0.521632] ACPI: Added _OSI(Processor Device)
[    0.522347] ACPI: Added _OSI(3.0 _SCP Extensions)
[    0.523347] ACPI: Added _OSI(Processor Aggregator Device)
[    0.524215] ACPI: Added _OSI(Linux-Dell-Video)
[    0.524933] ACPI: Added _OSI(Linux-Lenovo-NV-HDMI-Audio)
[    0.525783] ACPI: Added _OSI(Linux-HPI-Hybrid-Graphics)
[    0.531758] ACPI: 1 ACPI AML tables successfully acquired and loaded
[    0.535793] ACPI: Interpreter enabled
[    0.536468] ACPI: PM: (supports S0 S3 S4 S5)
[    0.537158] ACPI: Using IOAPIC for interrupt routing
[    0.537986] PCI: Using host bridge windows from ACPI; if necessary, use "pci=nocrs" and report a bug
[    0.539981] ACPI: Enabled 2 GPEs in block 00 to 0F
[    0.543475] Callback from call_rcu_tasks_rude() invoked.
[    0.555457] ACPI: PCI Root Bridge [PCI0] (domain 0000 [bus 00-ff])
[    0.556506] acpi PNP0A03:00: _OSC: OS supports [ASPM ClockPM Segments MSI EDR HPX-Type3]
[    0.557885] acpi PNP0A03:00: fail to add MMCONFIG information, can't access extended PCI configuration space under this bridge.
[    0.561084] acpiphp: Slot [3] registered
[    0.561808] acpiphp: Slot [4] registered
[    0.562541] acpiphp: Slot [5] registered
[    0.563263] acpiphp: Slot [6] registered
[    0.563409] acpiphp: Slot [7] registered
[    0.564125] acpiphp: Slot [8] registered
[    0.564843] acpiphp: Slot [9] registered
[    0.565561] acpiphp: Slot [10] registered
[    0.566297] acpiphp: Slot [11] registered
[    0.567026] acpiphp: Slot [12] registered
[    0.567412] acpiphp: Slot [13] registered
[    0.568144] acpiphp: Slot [14] registered
[    0.568879] acpiphp: Slot [15] registered
[    0.569611] acpiphp: Slot [16] registered
[    0.570345] acpiphp: Slot [17] registered
[    0.571078] acpiphp: Slot [18] registered
[    0.571408] acpiphp: Slot [19] registered
[    0.572141] acpiphp: Slot [20] registered
[    0.572874] acpiphp: Slot [21] registered
[    0.573614] acpiphp: Slot [22] registered
[    0.574347] acpiphp: Slot [23] registered
[    0.575076] acpiphp: Slot [24] registered
[    0.575411] acpiphp: Slot [25] registered
[    0.576144] acpiphp: Slot [26] registered
[    0.576875] acpiphp: Slot [27] registered
[    0.577619] acpiphp: Slot [28] registered
[    0.578353] acpiphp: Slot [29] registered
[    0.579085] acpiphp: Slot [30] registered
[    0.579408] acpiphp: Slot [31] registered
[    0.580097] PCI host bridge to bus 0000:00
[    0.580782] pci_bus 0000:00: root bus resource [io  0x0000-0x0cf7 window]
[    0.581901] pci_bus 0000:00: root bus resource [io  0x0d00-0xffff window]
[    0.583159] pci_bus 0000:00: root bus resource [mem 0x000a0000-0x000bffff window]
[    0.583347] pci_bus 0000:00: root bus resource [mem 0x80000000-0xfebfffff window]
[    0.584581] pci_bus 0000:00: root bus resource [mem 0x100000000-0x17fffffff window]
[    0.585837] pci_bus 0000:00: root bus resource [bus 00-ff]
[    0.586830] pci 0000:00:00.0: [8086:1237] type 00 class 0x060000
[    0.591776] pci 0000:00:01.0: [8086:7000] type 00 class 0x060100
[    0.594118] pci 0000:00:01.1: [8086:7010] type 00 class 0x010180
[    0.596653] pci 0000:00:01.1: reg 0x20: [io  0xc040-0xc04f]
[    0.598286] pci 0000:00:01.1: legacy IDE quirk: reg 0x10: [io  0x01f0-0x01f7]
[    0.599345] pci 0000:00:01.1: legacy IDE quirk: reg 0x14: [io  0x03f6]
[    0.600415] pci 0000:00:01.1: legacy IDE quirk: reg 0x18: [io  0x0170-0x0177]
[    0.601582] pci 0000:00:01.1: legacy IDE quirk: reg 0x1c: [io  0x0376]
[    0.603295] pci 0000:00:01.3: [8086:7113] type 00 class 0x068000
[    0.603998] pci 0000:00:01.3: quirk: [io  0x0600-0x063f] claimed by PIIX4 ACPI
[    0.605347] pci 0000:00:01.3: quirk: [io  0x0700-0x070f] claimed by PIIX4 SMB
[    0.608168] pci 0000:00:02.0: [1234:1111] type 00 class 0x030000
[    0.610779] pci 0000:00:02.0: reg 0x10: [mem 0xfd000000-0xfdffffff pref]
[    0.613012] pci 0000:00:02.0: reg 0x18: [mem 0xfebf0000-0xfebf0fff]
[    0.616940] pci 0000:00:02.0: reg 0x30: [mem 0xfebe0000-0xfebeffff pref]
[    0.622306] pci 0000:00:03.0: [8086:100e] type 00 class 0x020000
[    0.624166] pci 0000:00:03.0: reg 0x10: [mem 0xfebc0000-0xfebdffff]
[    0.625698] pci 0000:00:03.0: reg 0x14: [io  0xc000-0xc03f]
[    0.629323] pci 0000:00:03.0: reg 0x30: [mem 0xfeb80000-0xfebbffff pref]
[    0.663156] ACPI: PCI: Interrupt link LNKA configured for IRQ 10
[    0.663731] ACPI: PCI: Interrupt link LNKB configured for IRQ 10
[    0.665089] ACPI: PCI: Interrupt link LNKC configured for IRQ 11
[    0.666442] ACPI: PCI: Interrupt link LNKD configured for IRQ 11
[    0.667531] ACPI: PCI: Interrupt link LNKS configured for IRQ 9
[    0.669647] iommu: Default domain type: Translated 
[    0.669647] pci 0000:00:02.0: vgaarb: setting as boot VGA device
[    0.669647] pci 0000:00:02.0: vgaarb: VGA device added: decodes=io+mem,owns=io+mem,locks=none
[    0.671380] pci 0000:00:02.0: vgaarb: bridge control possible
[    0.672325] vgaarb: loaded
[    0.673748] SCSI subsystem initialized
[    0.675511] ACPI: bus type USB registered
[    0.676262] usbcore: registered new interface driver usbfs
[    0.677198] usbcore: registered new interface driver hub
[    0.679384] usbcore: registered new device driver usb
[    0.680315] pps_core: LinuxPPS API ver. 1 registered
[    0.681132] pps_core: Software ver. 5.3.6 - Copyright 2005-2007 Rodolfo Giometti <giometti@linux.it>
[    0.682627] PTP clock support registered
[    0.683426] EDAC MC: Ver: 3.0.0
[    0.684247] NetLabel: Initializing
[    0.684247] NetLabel:  domain hash size = 128
[    0.684869] NetLabel:  protocols = UNLABELED CIPSOv4 CALIPSO
[    0.685850] NetLabel:  unlabeled traffic allowed by default
[    0.687427] PCI: Using ACPI for IRQ routing
[    0.687588] hpet0: at MMIO 0xfed00000, IRQs 2, 8, 0
[    0.688428] hpet0: 3 comparators, 64-bit 100.000000 MHz counter
[    0.695568] clocksource: Switched to clocksource kvm-clock
[    0.752544] Callback from call_rcu_tasks() invoked.
[    0.791217] VFS: Disk quotas dquot_6.6.0
[    0.791974] VFS: Dquot-cache hash table entries: 512 (order 0, 4096 bytes)
[    0.794293] pnp: PnP ACPI init
[    0.796690] pnp: PnP ACPI: found 6 devices
[    0.807002] clocksource: acpi_pm: mask: 0xffffff max_cycles: 0xffffff, max_idle_ns: 2085701024 ns
[    0.808874] NET: Registered PF_INET protocol family
[    0.809830] IP idents hash table entries: 32768 (order: 6, 262144 bytes, linear)
[    0.812949] tcp_listen_portaddr_hash hash table entries: 1024 (order: 4, 81920 bytes, linear)
[    0.814545] TCP established hash table entries: 16384 (order: 5, 131072 bytes, linear)
[    0.816129] TCP bind hash table entries: 16384 (order: 8, 1179648 bytes, linear)
[    0.819897] TCP: Hash tables configured (established 16384 bind 16384)
[    0.821228] UDP hash table entries: 1024 (order: 5, 163840 bytes, linear)
[    0.822535] UDP-Lite hash table entries: 1024 (order: 5, 163840 bytes, linear)
[    0.825083] NET: Registered PF_UNIX/PF_LOCAL protocol family
[    0.826820] RPC: Registered named UNIX socket transport module.
[    0.827990] RPC: Registered udp transport module.
[    0.828888] RPC: Registered tcp transport module.
[    0.829797] RPC: Registered tcp NFSv4.1 backchannel transport module.
[    0.831030] pci_bus 0000:00: resource 4 [io  0x0000-0x0cf7 window]
[    0.832231] pci_bus 0000:00: resource 5 [io  0x0d00-0xffff window]
[    0.833409] pci_bus 0000:00: resource 6 [mem 0x000a0000-0x000bffff window]
[    0.834730] pci_bus 0000:00: resource 7 [mem 0x80000000-0xfebfffff window]
[    0.836072] pci_bus 0000:00: resource 8 [mem 0x100000000-0x17fffffff window]
[    0.837679] pci 0000:00:01.0: PIIX3: Enabling Passive Release
[    0.838807] pci 0000:00:00.0: Limiting direct PCI/PCI transfers
[    0.839994] pci 0000:00:01.0: Activating ISA DMA hang workarounds
[    0.841278] pci 0000:00:02.0: Video device with shadowed ROM at [mem 0x000c0000-0x000dffff]
[    0.842902] PCI: CLS 0 bytes, default 64
[    0.843969] ACPI: bus type thunderbolt registered
[    0.845165] clocksource: tsc: mask: 0xffffffffffffffff max_cycles: 0xb9fb05486c, max_idle_ns: 440795231721 ns
[    3.312976] Initialise system trusted keyrings
[    3.314092] Key type blacklist registered
[    3.315264] workingset: timestamp_bits=36 max_order=19 bucket_order=0
[    3.325348] zbud: loaded
[    3.327507] squashfs: version 4.0 (2009/01/31) Phillip Lougher
[    3.330184] NFS: Registering the id_resolver key type
[    3.331308] Key type id_resolver registered
[    3.332250] Key type id_legacy registered
[    3.333207] nfs4filelayout_init: NFSv4 File Layout Driver Registering...
[    3.334682] nfs4flexfilelayout_init: NFSv4 Flexfile Layout Driver Registering...
[    3.336616] fuse: init (API version 7.34)
[    3.337952] SGI XFS with ACLs, security attributes, realtime, quota, no debug enabled
[    3.341255] 9p: Installing v9fs 9p2000 file system support
[    3.350913] Key type asymmetric registered
[    3.351932] Asymmetric key parser 'x509' registered
[    3.353063] Block layer SCSI generic (bsg) driver version 0.4 loaded (major 244)
[    3.355032] io scheduler mq-deadline registered
[    3.356209] io scheduler bfq registered
[    3.357757] shpchp: Standard Hot Plug PCI Controller Driver version: 0.4
[    3.359600] IPMI message handler: version 39.2
[    3.360607] ipmi device interface
[    3.362770] input: Power Button as /devices/LNXSYSTM:00/LNXPWRBN:00/input/input0
[    3.364713] ACPI: button: Power Button [PWRF]
[    3.368130] ERST DBG: ERST support is disabled.
[    3.369812] Serial: 8250/16550 driver, 32 ports, IRQ sharing enabled
[    3.372051] 00:04: ttyS0 at I/O 0x3f8 (irq = 4, base_baud = 115200) is a 16550A
[    3.383873] Linux agpgart interface v0.103
[    3.398059] brd: module loaded
[    3.411077] loop: module loaded
[    3.418513] scsi host0: ata_piix
[    3.420123] scsi host1: ata_piix
[    3.421041] ata1: PATA max MWDMA2 cmd 0x1f0 ctl 0x3f6 bmdma 0xc040 irq 14
[    3.422657] ata2: PATA max MWDMA2 cmd 0x170 ctl 0x376 bmdma 0xc048 irq 15
[    3.425499] libphy: Fixed MDIO Bus: probed
[    3.426766] tun: Universal TUN/TAP device driver, 1.6
[    3.428250] e100: Intel(R) PRO/100 Network Driver
[    3.429369] e100: Copyright(c) 1999-2006 Intel Corporation
[    3.430715] e1000: Intel(R) PRO/1000 Network Driver
[    3.431899] e1000: Copyright (c) 1999-2006 Intel Corporation.
[    3.584640] ata1.00: ATA-7: QEMU HARDDISK, 2.5+, max UDMA/100
[    3.585826] ata1.00: 16777216 sectors, multi 16: LBA48 
[    3.588169] ata2.00: ATAPI: QEMU DVD-ROM, 2.5+, max UDMA/100
[    3.590580] scsi 0:0:0:0: Direct-Access     ATA      QEMU HARDDISK    2.5+ PQ: 0 ANSI: 5
[    3.593135] scsi 0:0:0:0: Attached scsi generic sg0 type 0
[    3.595716] sd 0:0:0:0: [sda] 16777216 512-byte logical blocks: (8.59 GB/8.00 GiB)
[    3.597888] sd 0:0:0:0: [sda] Write Protect is off
[    3.598995] scsi 1:0:0:0: CD-ROM            QEMU     QEMU DVD-ROM     2.5+ PQ: 0 ANSI: 5
[    3.601662] sd 0:0:0:0: [sda] Write cache: enabled, read cache: enabled, doesn't support DPO or FUA
[    3.604060] scsi 1:0:0:0: Attached scsi generic sg1 type 5
[    3.629450] ACPI: \_SB_.LNKC: Enabled at IRQ 11
[    3.639734] sd 0:0:0:0: [sda] Attached SCSI disk
[    4.002507] e1000 0000:00:03.0 eth0: (PCI:33MHz:32-bit) 52:54:00:12:34:56
[    4.003882] e1000 0000:00:03.0 eth0: Intel(R) PRO/1000 Network Connection
[    4.005311] e1000e: Intel(R) PRO/1000 Network Driver
[    4.006278] e1000e: Copyright(c) 1999 - 2015 Intel Corporation.
[    4.007514] igb: Intel(R) Gigabit Ethernet Network Driver
[    4.008558] igb: Copyright (c) 2007-2014 Intel Corporation.
[    4.009744] PPP generic driver version 2.4.2
[    4.011431] VFIO - User Level meta-driver version: 0.3
[    4.012575] ehci_hcd: USB 2.0 'Enhanced' Host Controller (EHCI) Driver
[    4.013887] ehci-pci: EHCI PCI platform driver
[    4.014791] ehci-platform: EHCI generic platform driver
[    4.015855] ohci_hcd: USB 1.1 'Open' Host Controller (OHCI) Driver
[    4.017047] ohci-pci: OHCI PCI platform driver
[    4.017947] ohci-platform: OHCI generic platform driver
[    4.018980] uhci_hcd: USB Universal Host Controller Interface driver
[    4.020769] usbcore: registered new interface driver uas
[    4.021747] usbcore: registered new interface driver usb-storage
[    4.022917] i8042: PNP: PS/2 Controller [PNP0303:KBD,PNP0f13:MOU] at 0x60,0x64 irq 1,12
[    4.025377] serio: i8042 KBD port at 0x60,0x64 irq 1
[    4.026594] serio: i8042 AUX port at 0x60,0x64 irq 12
[    4.028791] mousedev: PS/2 mouse device common for all mice
[    4.031282] input: AT Translated Set 2 keyboard as /devices/platform/i8042/serio0/input/input1
[    4.033234] rtc_cmos 00:05: RTC can wake from S4
[    4.034439] input: VirtualPS/2 VMware VMMouse as /devices/platform/i8042/serio1/input/input4
[    4.036120] rtc_cmos 00:05: registered as rtc0
[    4.036982] input: VirtualPS/2 VMware VMMouse as /devices/platform/i8042/serio1/input/input3
[    4.038795] rtc_cmos 00:05: setting system clock to 2023-04-05T17:31:56 UTC (1680715916)
[    4.040610] rtc_cmos 00:05: alarms up to one day, y3k, 242 bytes nvram, hpet irqs
[    4.042146] i2c /dev entries driver
[    4.043149] device-mapper: uevent: version 1.0.3
[    4.044433] device-mapper: ioctl: 4.45.0-ioctl (2021-03-22) initialised: dm-devel@redhat.com
[    4.046136] intel_pstate: CPU model not supported
[    4.047183] sdhci: Secure Digital Host Controller Interface driver
[    4.048449] sdhci: Copyright(c) Pierre Ossman
[    4.049416] sdhci-pltfm: SDHCI platform and OF driver helper
[    4.050710] ledtrig-cpu: registered to indicate activity on CPUs
[    4.052060] drop_monitor: Initializing network drop monitor service
[    4.053755] NET: Registered PF_INET6 protocol family
[    4.057816] Segment Routing with IPv6
[    4.058580] NET: Registered PF_PACKET protocol family
[    4.059799] 9pnet: Installing 9P2000 support
[    4.060715] Key type dns_resolver registered
[    4.062412] IPI shorthand broadcast: enabled
[    4.063281] sched_clock: Marking stable (4030230617, 31955447)->(4080306775, -18120711)
[    4.065402] registered taskstats version 1
[    4.066423] Loading compiled-in X.509 certificates
[    4.067592] zswap: loaded using pool lzo/zbud
[    4.069190] Key type ._fscrypt registered
[    4.069992] Key type .fscrypt registered
[    4.070746] Key type fscrypt-provisioning registered
[    4.074534] Key type encrypted registered
[    4.075444] ima: No TPM chip found, activating TPM-bypass!
[    4.076512] ima: Allocated hash algorithm: sha1
[    4.077442] ima: No architecture policies found
[    4.078386] evm: Initialising EVM extended attributes:
[    4.079395] evm: security.selinux
[    4.080043] evm: security.SMACK64
[    4.080690] evm: security.SMACK64EXEC
[    4.081398] evm: security.SMACK64TRANSMUTE
[    4.082200] evm: security.SMACK64MMAP
[    4.082910] evm: security.apparmor
[    4.083613] evm: security.ima
[    4.084195] evm: security.capability
[    4.084894] evm: HMAC attrs: 0x1
[    4.086868] PM:   Magic number: 3:643:541
[    4.088282] RAS: Correctable Errors collector initialized.
[    4.090793] md: Waiting for all devices to be available before autodetect
[    4.092216] md: If you don't use raid, use raid=noautodetect
[    4.093359] md: Autodetecting RAID arrays.
[    4.094212] md: autorun ...
[    4.094787] md: ... autorun DONE.
[    4.100743] EXT4-fs (sda): INFO: recovery required on readonly filesystem
[    4.102164] EXT4-fs (sda): write access will be enabled during recovery
[    4.186446] EXT4-fs (sda): recovery complete
[    4.189404] EXT4-fs (sda): mounted filesystem with ordered data mode. Opts: (null). Quota mode: none.
[    4.191675] VFS: Mounted root (ext4 filesystem) readonly on device 8:0.
[    4.194019] devtmpfs: mounted
[    4.207064] Freeing unused decrypted memory: 2036K
[    4.209776] Freeing unused kernel image (initmem) memory: 3232K
[    4.211261] Write protecting the kernel read-only data: 40960k
[    4.215532] Freeing unused kernel image (text/rodata gap) memory: 2028K
[    4.217596] Freeing unused kernel image (rodata/data gap) memory: 596K
[    4.329229] x86/mm: Checked W+X mappings: passed, no W+X pages found.
[    4.330743] Run /sbin/init as init process
[    4.351527] random: fast init done
[    4.468323] systemd[1]: RTC configured in localtime, applying delta of 0 minutes to system time.
[    4.500476] systemd[1]: systemd 239 (239-49.el8) running in system mode. (+PAM +AUDIT +SELINUX +IMA -APPARMOR +SMACK +SYSVINIT +UTMP +LIBCRYPTSETUP +GCRYPT +GNUTLS +ACL +XZ +LZ4 +SECCOMP +BLKID +ELFUTILS +KMOD +IDN2 -IDN +PCRE2 default-hierarchy=legacy)
[    4.504991] systemd[1]: Detected virtualization kvm.
[    4.505976] systemd[1]: Detected architecture x86-64.

Welcome to [0;31mCentOS Stream 8[0m!

[    4.524741] systemd[1]: Set hostname to <test>.
[    4.673205] random: lvmconfig: uninitialized urandom read (4 bytes read)
[    4.793542] random: systemd: uninitialized urandom read (16 bytes read)
[    4.797346] systemd[1]: Created slice system-sshd\x2dkeygen.slice.
[[0;32m  OK  [0m] Created slice system-sshd\x2dkeygen.slice.
[    4.799494] random: systemd: uninitialized urandom read (16 bytes read)
[    4.800790] systemd[1]: Listening on udev Kernel Socket.
[[0;32m  OK  [0m] Listening on udev Kernel Socket.
[    4.802768] systemd[1]: Listening on Journal Socket.
[[0;32m  OK  [0m] Listening on Journal Socket.
[    4.806992] systemd[1]: Starting Setup Virtual Console...
         Starting Setup Virtual Console...
[    4.810804] systemd[1]: Starting Remount Root and Kernel File Systems...
         Starting Remount Root and Kernel File Systems...
[    4.813114] systemd[1]: Started Forward Password Requests to Wall Directory Watch.
[[0;32m  OK  [0m] Started Forward Password Requests to Wall Directory Watch.
[[0;32m  OK  [0m] Set up automount Arbitrary Executabâ€¦rmats File System Automount Point.
[[0;32m  OK  [0m] Listening on multipathd control socket.
[[0;32m  OK  [0m] Listening on udev Control Socket.
[[0;32m  OK  [0m] Listening on RPCbind Server Activation Socket.
[[0;32m  OK  [0m] Reached target RPC Port Mapper.
[[0;32m  OK  [0m] Created slice system-getty.slice.
[[0;32m  OK  [0m] Listening on Device-mapper event daemon FIFOs.
         Starting Monitoring of LVM2 mirrorsâ€¦ng dmeventd or progress polling...
         Starting udev Coldplug all Devices...
[[0;32m  OK  [0m] Listening on LVM2 poll daemon socket.
         Mounting Kernel Debug File System...
[    5.011007] EXT4-fs (sda): re-mounted. Opts: (null). Quota mode: none.
         Starting Load Kernel Modules...
[[0;32m  OK  [0m] Reached target Swap.
[[0;32m  OK  [0m] Listening on initctl Compatibility Named Pipe.
[[0;32m  OK  [0m] Created slice User and Session Slice.
         Mounting POSIX Message Queue File System...
[[0;32m  OK  [0m] Listening on Journal Socket (/dev/log).
         Starting Journal Service...
[[0;32m  OK  [0m] Created slice system-serial\x2dgetty.slice.
[[0;32m  OK  [0m] Listening on Process Core Dump Socket.
         Mounting Huge Pages File System...
[[0;32m  OK  [0m] Reached target Slices.
[[0;32m  OK  [0m] Started Remount Root and Kernel File Systems.
[[0;32m  OK  [0m] Started Journal Service.
[[0;32m  OK  [0m] Started Setup Virtual Console.
[[0;32m  OK  [0m] Mounted Kernel Debug File System.
[[0;1;31mFAILED[0m] Failed to start Load Kernel Modules.
See 'systemctl status systemd-modules-load.service' for details.
[[0;32m  OK  [0m] Mounted POSIX Message Queue File System.
[[0;32m  OK  [0m] Mounted Huge Pages File System.
         Mounting Kernel Configuration File System...
         Mounting FUSE Control File System...
         Starting Apply Kernel Variables...
         Starting Load/Save Random Seed...
         Starting Create Static Device Nodes in /dev...
         Starting Flush Journal to Persistent Storage...
[[0;32m  OK  [0m] Mounted Kernel Configuration File System.
[[0;32m  OK  [0m] Mounted FUSE Control File System.
[[0;32m  OK  [0m] Started Apply Kernel Variables.
[[0;32m  OK  [0m] Started Load/Save Random Seed.
[[0;32m  OK  [0m] Started Create Static Device Nodes in /dev.
         Starting udev Kernel Device Manager...
[[0;32m  OK  [0m] Started Flush Journal to Persistent Storage.
[[0;32m  OK  [0m] Started udev Coldplug all Devices.
         Starting udev Wait for Complete Device Initialization...
[[0;32m  OK  [0m] Started udev Kernel Device Manager.
         Starting Show Plymouth Boot Screen...
[[0;32m  OK  [0m] Started Show Plymouth Boot Screen.
[[0;32m  OK  [0m] Reached target Local Encrypted Volumes.
[[0;32m  OK  [0m] Reached target Paths.
[[0;32m  OK  [0m] Started Forward Password Requests to Plymouth Directory Watch.
[[0;32m  OK  [0m] Found device /dev/ttyS0.
[[0;32m  OK  [0m] Started Monitoring of LVM2 mirrors,â€¦sing dmeventd or progress polling.
[[0;32m  OK  [0m] Started udev Wait for Complete Device Initialization.
[[0;32m  OK  [0m] Listening on Load/Save RF Kill Switch Status /dev/rfkill Watch.
[[0;32m  OK  [0m] Reached target Local File Systems (Pre).
[[0;32m  OK  [0m] Reached target Local File Systems.
         Starting Restore /run/initramfs on shutdown...
         Starting Tell Plymouth To Write Out Runtime Data...
         Starting Create Volatile Files and Directories...
[[0;32m  OK  [0m] Started Restore /run/initramfs on shutdown.
[[0;32m  OK  [0m] Started Tell Plymouth To Write Out Runtime Data.
[[0;32m  OK  [0m] Started Create Volatile Files and Directories.
         Mounting RPC Pipe File System...
         Starting Security Auditing Service...
         Starting RPC Bind...
[[0;32m  OK  [0m] Mounted RPC Pipe File System.
[[0;32m  OK  [0m] Reached target rpc_pipefs.target.
[[0;32m  OK  [0m] Started RPC Bind.
[[0;32m  OK  [0m] Started Security Auditing Service.
         Starting Update UTMP about System Boot/Shutdown...
[[0;32m  OK  [0m] Started Update UTMP about System Boot/Shutdown.
[[0;32m  OK  [0m] Reached target System Initialization.
[[0;32m  OK  [0m] Listening on D-Bus System Message Bus Socket.
[[0;32m  OK  [0m] Started daily update of the root trust anchor for DNSSEC.
[[0;32m  OK  [0m] Listening on SSSD Kerberos Cache Manager responder socket.
[[0;32m  OK  [0m] Reached target Sockets.
[[0;32m  OK  [0m] Reached target Basic System.
         Starting NTP client/server...
         Starting Authorization Manager...
[[0;32m  OK  [0m] Started irqbalance daemon.
[[0;32m  OK  [0m] Started Machine Check Exception Logging Daemon.
         Starting Self Monitoring and Reporting Technology (SMART) Daemon...
[[0;32m  OK  [0m] Started Daily Cleanup of Temporary Directories.
[[0;32m  OK  [0m] Reached target sshd-keygen.target.
[[0;32m  OK  [0m] Started D-Bus System Message Bus.
         Starting Network Manager...
[[0;32m  OK  [0m] Started dnf makecache --timer.
[[0;32m  OK  [0m] Reached target Timers.
         Starting Auto-connect to subsystemsâ€¦-NVME devices found during boot...
         Starting Login Service...
         Starting update of the root trust aâ€¦or DNSSEC validation in unbound...
[[0;32m  OK  [0m] Started Auto-connect to subsystems â€¦FC-NVME devices found during boot.
[[0;32m  OK  [0m] Started Self Monitoring and Reporting Technology (SMART) Daemon.
[[0;32m  OK  [0m] Started NTP client/server.
[[0;32m  OK  [0m] Started Login Service.
[[0;32m  OK  [0m] Started Network Manager.
[[0;32m  OK  [0m] Reached target Network.
         Starting Dynamic System Tuning Daemon...
         Starting OpenSSH server daemon...
         Starting GSSAPI Proxy Daemon...
         Starting Network Manager Wait Online...
         Starting Hostname Service...
[[0;32m  OK  [0m] Started Authorization Manager.
[[0;32m  OK  [0m] Started Hostname Service.
         Starting Network Manager Script Dispatcher Service...
[[0;32m  OK  [0m] Started Network Manager Script Dispatcher Service.
[    7.039646] e1000: eth0 NIC Link is Up 1000 Mbps Full Duplex, Flow Control: RX
[    7.041675] IPv6: ADDRCONF(NETDEV_CHANGE): eth0: link becomes ready
[[0;32m  OK  [0m] Started Dynamic System Tuning Daemon.
[    7.995593] random: crng init done
[    7.996372] random: 7 urandom warning(s) missed due to ratelimiting
[[0;32m  OK  [0m] Started OpenSSH server daemon.
[[0;32m  OK  [0m] Started update of the root trust anâ€¦ for DNSSEC validation in unbound.
[[0;32m  OK  [0m] Started GSSAPI Proxy Daemon.
[[0;32m  OK  [0m] Reached target NFS client services.
[[0;32m  OK  [0m] Reached target Remote File Systems (Pre).
[[0;32m  OK  [0m] Reached target Remote File Systems.
         Starting Permit User Sessions...
[[0;32m  OK  [0m] Started Permit User Sessions.
         Starting Hold until boot process finishes up...
         Starting Terminate Plymouth Boot Screen...
[[0;32m  OK  [0m] Started Command Scheduler.

CentOS Stream 8
Kernel 5.14.0-rc4-75c8c50fa16a+ on an x86_64

test login: [   28.432403] loop0: detected capacity change from 0 to 65536
[   28.435244] XFS (loop0): bad version
[   28.435952] XFS (loop0): SB validate failed with error -22.
[   28.674170] loop0: detected capacity change from 0 to 65536
[   28.676144] XFS (loop0): bad version
[   28.676791] XFS (loop0): SB validate failed with error -22.
[   28.903323] loop0: detected capacity change from 0 to 65536
[   28.905112] XFS (loop0): bad version
[   28.905747] XFS (loop0): SB validate failed with error -22.
[   29.129914] loop0: detected capacity change from 0 to 65536
[   29.131968] XFS (loop0): bad version
[   29.132676] XFS (loop0): SB validate failed with error -22.
[   29.357976] loop0: detected capacity change from 0 to 65536
[   29.359855] XFS (loop0): bad version
[   29.360476] XFS (loop0): SB validate failed with error -22.
[   29.585404] loop0: detected capacity change from 0 to 65536
[   29.587217] XFS (loop0): bad version
[   29.587910] XFS (loop0): SB validate failed with error -22.
[   29.817929] loop0: detected capacity change from 0 to 65536
[   29.819928] XFS (loop0): bad version
[   29.820598] XFS (loop0): SB validate failed with error -22.
[   30.040913] loop0: detected capacity change from 0 to 65536
[   30.042754] XFS (loop0): bad version
[   30.043624] XFS (loop0): SB validate failed with error -22.
[   30.252832] loop0: detected capacity change from 0 to 65536
[   30.254643] XFS (loop0): bad version
[   30.255268] XFS (loop0): SB validate failed with error -22.
[   30.481536] loop0: detected capacity change from 0 to 65536
[   30.483290] XFS (loop0): bad version
[   30.483948] XFS (loop0): SB validate failed with error -22.
[   30.717051] loop0: detected capacity change from 0 to 65536
[   30.718830] XFS (loop0): bad version
[   30.719657] XFS (loop0): SB validate failed with error -22.
[   30.942176] loop0: detected capacity change from 0 to 65536
[   30.945134] XFS (loop0): bad version
[   30.945824] XFS (loop0): SB validate failed with error -22.
[   31.168317] loop0: detected capacity change from 0 to 65536
[   31.170163] XFS (loop0): bad version
[   31.170846] XFS (loop0): SB validate failed with error -22.
[   31.393303] loop0: detected capacity change from 0 to 65536
[   31.395138] XFS (loop0): bad version
[   31.396040] XFS (loop0): SB validate failed with error -22.
[   31.613117] loop0: detected capacity change from 0 to 65536
[   31.614968] XFS (loop0): bad version
[   31.615823] XFS (loop0): SB validate failed with error -22.
[   31.844908] loop0: detected capacity change from 0 to 65536
[   31.846789] XFS (loop0): bad version
[   31.847711] XFS (loop0): SB validate failed with error -22.
[   32.077375] loop0: detected capacity change from 0 to 65536
[   32.079214] XFS (loop0): bad version
[   32.080097] XFS (loop0): SB validate failed with error -22.
[   32.291125] loop0: detected capacity change from 0 to 65536
[   32.292916] XFS (loop0): bad version
[   32.293532] XFS (loop0): SB validate failed with error -22.
[   32.508361] loop0: detected capacity change from 0 to 65536
[   32.510266] XFS (loop0): bad version
[   32.510963] XFS (loop0): SB validate failed with error -22.
[   32.733590] loop0: detected capacity change from 0 to 65536
[   32.735576] XFS (loop0): bad version
[   32.736242] XFS (loop0): SB validate failed with error -22.
[   32.963836] loop0: detected capacity change from 0 to 65536
[   32.965629] XFS (loop0): bad version
[   32.966290] XFS (loop0): SB validate failed with error -22.
[   33.176953] loop0: detected capacity change from 0 to 65536
[   33.178747] XFS (loop0): bad version
[   33.179404] XFS (loop0): SB validate failed with error -22.
[   33.401449] loop0: detected capacity change from 0 to 65536
[   33.403290] XFS (loop0): bad version
[   33.404004] XFS (loop0): SB validate failed with error -22.
[   33.626757] loop0: detected capacity change from 0 to 65536
[   33.628629] XFS (loop0): bad version
[   33.629302] XFS (loop0): SB validate failed with error -22.
[   33.840095] loop0: detected capacity change from 0 to 65536
[   33.841850] XFS (loop0): bad version
[   33.842463] XFS (loop0): SB validate failed with error -22.
[   34.066824] loop0: detected capacity change from 0 to 65536
[   34.068729] XFS (loop0): bad version
[   34.069412] XFS (loop0): SB validate failed with error -22.
[   34.303743] loop0: detected capacity change from 0 to 65536
[   34.305647] XFS (loop0): bad version
[   34.306364] XFS (loop0): SB validate failed with error -22.
[   34.540422] loop0: detected capacity change from 0 to 65536
[   34.542209] XFS (loop0): bad version
[   34.542851] XFS (loop0): SB validate failed with error -22.
[   34.767401] loop0: detected capacity change from 0 to 65536
[   34.769139] XFS (loop0): bad version
[   34.769774] XFS (loop0): SB validate failed with error -22.
[   34.980442] loop0: detected capacity change from 0 to 65536
[   34.982216] XFS (loop0): bad version
[   34.982856] XFS (loop0): SB validate failed with error -22.
[   35.192404] loop0: detected capacity change from 0 to 65536
[   35.194178] XFS (loop0): bad version
[   35.194809] XFS (loop0): SB validate failed with error -22.
[   35.415536] loop0: detected capacity change from 0 to 65536
[   35.417262] XFS (loop0): bad version
[   35.417891] XFS (loop0): SB validate failed with error -22.
[   35.630750] loop0: detected capacity change from 0 to 65536
[   35.632518] XFS (loop0): bad version
[   35.633141] XFS (loop0): SB validate failed with error -22.
[   35.861445] loop0: detected capacity change from 0 to 65536
[   35.863210] XFS (loop0): bad version
[   35.863881] XFS (loop0): SB validate failed with error -22.
[   36.077217] loop0: detected capacity change from 0 to 65536
[   36.078984] XFS (loop0): bad version
[   36.079653] XFS (loop0): SB validate failed with error -22.
[   36.292024] loop0: detected capacity change from 0 to 65536
[   36.293773] XFS (loop0): bad version
[   36.294401] XFS (loop0): SB validate failed with error -22.
[   36.516239] loop0: detected capacity change from 0 to 65536
[   36.518000] XFS (loop0): bad version
[   36.518623] XFS (loop0): SB validate failed with error -22.
[   36.745743] loop0: detected capacity change from 0 to 65536
[   36.747572] XFS (loop0): bad version
[   36.748230] XFS (loop0): SB validate failed with error -22.
[   36.960702] loop0: detected capacity change from 0 to 65536
[   36.962449] XFS (loop0): bad version
[   36.963067] XFS (loop0): SB validate failed with error -22.
[   37.186450] loop0: detected capacity change from 0 to 65536
[   37.188241] XFS (loop0): bad version
[   37.188875] XFS (loop0): SB validate failed with error -22.
[   37.402769] loop0: detected capacity change from 0 to 65536
[   37.404580] XFS (loop0): bad version
[   37.405218] XFS (loop0): SB validate failed with error -22.
[   37.629891] loop0: detected capacity change from 0 to 65536
[   37.631633] XFS (loop0): bad version
[   37.632279] XFS (loop0): SB validate failed with error -22.
[   37.838012] loop0: detected capacity change from 0 to 65536
[   37.839952] XFS (loop0): bad version
[   37.840591] XFS (loop0): SB validate failed with error -22.
[   38.054545] loop0: detected capacity change from 0 to 65536
[   38.056339] XFS (loop0): bad version
[   38.056971] XFS (loop0): SB validate failed with error -22.
[   38.288324] loop0: detected capacity change from 0 to 65536
[   38.290088] XFS (loop0): bad version
[   38.290693] XFS (loop0): SB validate failed with error -22.
[   38.516551] loop0: detected capacity change from 0 to 65536
[   38.518330] XFS (loop0): bad version
[   38.518974] XFS (loop0): SB validate failed with error -22.
[   38.740847] loop0: detected capacity change from 0 to 65536
[   38.742586] XFS (loop0): bad version
[   38.743225] XFS (loop0): SB validate failed with error -22.
[   38.975025] loop0: detected capacity change from 0 to 65536
[   38.976796] XFS (loop0): bad version
[   38.977432] XFS (loop0): SB validate failed with error -22.
[   39.186813] loop0: detected capacity change from 0 to 65536
[   39.188602] XFS (loop0): bad version
[   39.189221] XFS (loop0): SB validate failed with error -22.
[   39.414282] loop0: detected capacity change from 0 to 65536
[   39.417085] XFS (loop0): bad version
[   39.417805] XFS (loop0): SB validate failed with error -22.
[   39.639668] loop0: detected capacity change from 0 to 65536
[   39.641334] XFS (loop0): bad version
[   39.641957] XFS (loop0): SB validate failed with error -22.
[   39.864466] loop0: detected capacity change from 0 to 65536
[   39.866219] XFS (loop0): bad version
[   39.866859] XFS (loop0): SB validate failed with error -22.
[   40.088201] loop0: detected capacity change from 0 to 65536
[   40.089976] XFS (loop0): bad version
[   40.090606] XFS (loop0): SB validate failed with error -22.
[   40.306745] loop0: detected capacity change from 0 to 65536
[   40.308498] XFS (loop0): bad version
[   40.309120] XFS (loop0): SB validate failed with error -22.
[   40.531625] loop0: detected capacity change from 0 to 65536
[   40.533333] XFS (loop0): bad version
[   40.533980] XFS (loop0): SB validate failed with error -22.
[   40.761078] loop0: detected capacity change from 0 to 65536
[   40.762798] XFS (loop0): bad version
[   40.763458] XFS (loop0): SB validate failed with error -22.
[   40.982691] loop0: detected capacity change from 0 to 65536
[   40.984443] XFS (loop0): bad version
[   40.985088] XFS (loop0): SB validate failed with error -22.
[   41.210632] loop0: detected capacity change from 0 to 65536
[   41.212359] XFS (loop0): bad version
[   41.212993] XFS (loop0): SB validate failed with error -22.
[   41.430624] loop0: detected capacity change from 0 to 65536
[   41.432380] XFS (loop0): bad version
[   41.433001] XFS (loop0): SB validate failed with error -22.
[   41.652909] loop0: detected capacity change from 0 to 65536
[   41.654710] XFS (loop0): bad version
[   41.655383] XFS (loop0): SB validate failed with error -22.
[   41.873429] loop0: detected capacity change from 0 to 65536
[   41.875192] XFS (loop0): bad version
[   41.876035] XFS (loop0): SB validate failed with error -22.
[   42.087143] loop0: detected capacity change from 0 to 65536
[   42.088895] XFS (loop0): bad version
[   42.089514] XFS (loop0): SB validate failed with error -22.
[   42.311369] loop0: detected capacity change from 0 to 65536
[   42.313137] XFS (loop0): bad version
[   42.313776] XFS (loop0): SB validate failed with error -22.
[   42.536549] loop0: detected capacity change from 0 to 65536
[   42.538273] XFS (loop0): bad version
[   42.538922] XFS (loop0): SB validate failed with error -22.
[   42.762445] loop0: detected capacity change from 0 to 65536
[   42.764143] XFS (loop0): bad version
[   42.764738] XFS (loop0): SB validate failed with error -22.
[   42.978710] loop0: detected capacity change from 0 to 65536
[   42.980470] XFS (loop0): bad version
[   42.981101] XFS (loop0): SB validate failed with error -22.
[   43.218442] loop0: detected capacity change from 0 to 65536
[   43.220175] XFS (loop0): bad version
[   43.220797] XFS (loop0): SB validate failed with error -22.
[   43.438503] loop0: detected capacity change from 0 to 65536
[   43.440305] XFS (loop0): bad version
[   43.440937] XFS (loop0): SB validate failed with error -22.
[   43.663392] loop0: detected capacity change from 0 to 65536
[   43.665144] XFS (loop0): bad version
[   43.665796] XFS (loop0): SB validate failed with error -22.
[   43.886312] loop0: detected capacity change from 0 to 65536
[   43.888287] XFS (loop0): bad version
[   43.888951] XFS (loop0): SB validate failed with error -22.
[   44.114271] loop0: detected capacity change from 0 to 65536
[   44.116212] XFS (loop0): bad version
[   44.116842] XFS (loop0): SB validate failed with error -22.
[   44.332942] loop0: detected capacity change from 0 to 65536
[   44.334710] XFS (loop0): bad version
[   44.335391] XFS (loop0): SB validate failed with error -22.
[   44.552479] loop0: detected capacity change from 0 to 65536
[   44.554238] XFS (loop0): bad version
[   44.554879] XFS (loop0): SB validate failed with error -22.
[   44.777676] loop0: detected capacity change from 0 to 65536
[   44.779449] XFS (loop0): bad version
[   44.780073] XFS (loop0): SB validate failed with error -22.
[   44.996390] loop0: detected capacity change from 0 to 65536
[   44.998164] XFS (loop0): bad version
[   44.998789] XFS (loop0): SB validate failed with error -22.
[   45.211158] loop0: detected capacity change from 0 to 65536
[   45.212895] XFS (loop0): bad version
[   45.213516] XFS (loop0): SB validate failed with error -22.
[   45.431740] loop0: detected capacity change from 0 to 65536
[   45.433493] XFS (loop0): bad version
[   45.434146] XFS (loop0): SB validate failed with error -22.
[   45.647141] loop0: detected capacity change from 0 to 65536
[   45.648895] XFS (loop0): bad version
[   45.649518] XFS (loop0): SB validate failed with error -22.
[   45.859641] loop0: detected capacity change from 0 to 65536
[   45.861428] XFS (loop0): bad version
[   45.862082] XFS (loop0): SB validate failed with error -22.
[   46.087247] loop0: detected capacity change from 0 to 65536
[   46.089076] XFS (loop0): bad version
[   46.089749] XFS (loop0): SB validate failed with error -22.
[   46.310213] loop0: detected capacity change from 0 to 65536
[   46.312161] XFS (loop0): bad version
[   46.312814] XFS (loop0): SB validate failed with error -22.
[   46.538002] loop0: detected capacity change from 0 to 65536
[   46.539940] XFS (loop0): bad version
[   46.540571] XFS (loop0): SB validate failed with error -22.
[   46.761971] loop0: detected capacity change from 0 to 65536
[   46.763877] XFS (loop0): bad version
[   46.764533] XFS (loop0): SB validate failed with error -22.
[   46.989913] loop0: detected capacity change from 0 to 65536
[   46.991804] XFS (loop0): bad version
[   46.992431] XFS (loop0): SB validate failed with error -22.
[   47.209029] loop0: detected capacity change from 0 to 65536
[   47.210793] XFS (loop0): bad version
[   47.211480] XFS (loop0): SB validate failed with error -22.
[   47.426966] loop0: detected capacity change from 0 to 65536
[   47.428725] XFS (loop0): bad version
[   47.429346] XFS (loop0): SB validate failed with error -22.
[   47.653118] loop0: detected capacity change from 0 to 65536
[   47.654940] XFS (loop0): bad version
[   47.655833] XFS (loop0): SB validate failed with error -22.
[   47.891992] loop0: detected capacity change from 0 to 65536
[   47.893741] XFS (loop0): bad version
[   47.894361] XFS (loop0): SB validate failed with error -22.
[   48.116408] loop0: detected capacity change from 0 to 65536
[   48.118192] XFS (loop0): bad version
[   48.118832] XFS (loop0): SB validate failed with error -22.
[   48.340889] loop0: detected capacity change from 0 to 65536
[   48.342647] XFS (loop0): bad version
[   48.343273] XFS (loop0): SB validate failed with error -22.
[   48.561998] loop0: detected capacity change from 0 to 65536
[   48.563936] XFS (loop0): bad version
[   48.564567] XFS (loop0): SB validate failed with error -22.
[   48.784686] loop0: detected capacity change from 0 to 65536
[   48.786477] XFS (loop0): bad version
[   48.787113] XFS (loop0): SB validate failed with error -22.
[   48.999548] loop0: detected capacity change from 0 to 65536
[   49.001302] XFS (loop0): bad version
[   49.001967] XFS (loop0): SB validate failed with error -22.
[   49.245695] loop0: detected capacity change from 0 to 65536
[   49.247483] XFS (loop0): bad version
[   49.248129] XFS (loop0): SB validate failed with error -22.
[   49.480016] loop0: detected capacity change from 0 to 65536
[   49.481717] XFS (loop0): bad version
[   49.482345] XFS (loop0): SB validate failed with error -22.
[   49.710070] loop0: detected capacity change from 0 to 65536
[   49.711990] XFS (loop0): bad version
[   49.712637] XFS (loop0): SB validate failed with error -22.
[   49.939756] loop0: detected capacity change from 0 to 65536
[   49.941482] XFS (loop0): bad version
[   49.942142] XFS (loop0): SB validate failed with error -22.
[   50.153413] loop0: detected capacity change from 0 to 65536
[   50.155190] XFS (loop0): bad version
[   50.156065] XFS (loop0): SB validate failed with error -22.
[   50.366533] loop0: detected capacity change from 0 to 65536
[   50.368363] XFS (loop0): bad version
[   50.369019] XFS (loop0): SB validate failed with error -22.
[   50.593585] loop0: detected capacity change from 0 to 65536
[   50.595314] XFS (loop0): bad version
[   50.596163] XFS (loop0): SB validate failed with error -22.
[   50.817567] loop0: detected capacity change from 0 to 65536
[   50.819300] XFS (loop0): bad version
[   50.820115] XFS (loop0): SB validate failed with error -22.
[   51.050172] loop0: detected capacity change from 0 to 65536
[   51.052056] XFS (loop0): bad version
[   51.052705] XFS (loop0): SB validate failed with error -22.
[   51.280873] loop0: detected capacity change from 0 to 65536
[   51.282602] XFS (loop0): bad version
[   51.283220] XFS (loop0): SB validate failed with error -22.
[   51.509789] loop0: detected capacity change from 0 to 65536
[   51.511567] XFS (loop0): bad version
[   51.512214] XFS (loop0): SB validate failed with error -22.
[   51.725382] loop0: detected capacity change from 0 to 65536
[   51.727159] XFS (loop0): bad version
[   51.727848] XFS (loop0): SB validate failed with error -22.
[   51.938264] loop0: detected capacity change from 0 to 65536
[   51.940237] XFS (loop0): bad version
[   51.940892] XFS (loop0): SB validate failed with error -22.
[   52.163030] loop0: detected capacity change from 0 to 65536
[   52.164802] XFS (loop0): bad version
[   52.165421] XFS (loop0): SB validate failed with error -22.
[   52.388233] loop0: detected capacity change from 0 to 65536
[   52.389990] XFS (loop0): bad version
[   52.390614] XFS (loop0): SB validate failed with error -22.
[   52.618899] loop0: detected capacity change from 0 to 65536
[   52.620690] XFS (loop0): bad version
[   52.621308] XFS (loop0): SB validate failed with error -22.
[   52.850718] loop0: detected capacity change from 0 to 65536
[   52.852493] XFS (loop0): bad version
[   52.853125] XFS (loop0): SB validate failed with error -22.
[   53.078584] loop0: detected capacity change from 0 to 65536
[   53.080410] XFS (loop0): bad version
[   53.081065] XFS (loop0): SB validate failed with error -22.
[   53.293981] loop0: detected capacity change from 0 to 65536
[   53.295894] XFS (loop0): bad version
[   53.296524] XFS (loop0): SB validate failed with error -22.
[   53.510973] loop0: detected capacity change from 0 to 65536
[   53.512741] XFS (loop0): bad version
[   53.513367] XFS (loop0): SB validate failed with error -22.
[   53.729785] loop0: detected capacity change from 0 to 65536
[   53.731741] XFS (loop0): bad version
[   53.732407] XFS (loop0): SB validate failed with error -22.
[   53.946509] loop0: detected capacity change from 0 to 65536
[   53.948233] XFS (loop0): bad version
[   53.948851] XFS (loop0): SB validate failed with error -22.
[   54.169265] loop0: detected capacity change from 0 to 65536
[   54.171034] XFS (loop0): bad version
[   54.171692] XFS (loop0): SB validate failed with error -22.
[   54.394088] loop0: detected capacity change from 0 to 65536
[   54.396806] XFS (loop0): bad version
[   54.397441] XFS (loop0): SB validate failed with error -22.
[   54.609423] loop0: detected capacity change from 0 to 65536
[   54.611177] XFS (loop0): bad version
[   54.612020] XFS (loop0): SB validate failed with error -22.
[   54.820179] loop0: detected capacity change from 0 to 65536
[   54.821962] XFS (loop0): bad version
[   54.822588] XFS (loop0): SB validate failed with error -22.
[   55.037180] loop0: detected capacity change from 0 to 65536
[   55.038906] XFS (loop0): bad version
[   55.039563] XFS (loop0): SB validate failed with error -22.
[   55.251808] loop0: detected capacity change from 0 to 65536
[   55.253617] XFS (loop0): bad version
[   55.254300] XFS (loop0): SB validate failed with error -22.
[   55.468048] loop0: detected capacity change from 0 to 65536
[   55.469826] XFS (loop0): bad version
[   55.470443] XFS (loop0): SB validate failed with error -22.
[   55.704474] loop0: detected capacity change from 0 to 65536
[   55.706255] XFS (loop0): bad version
[   55.706874] XFS (loop0): SB validate failed with error -22.
[   55.931405] loop0: detected capacity change from 0 to 65536
[   55.933135] XFS (loop0): bad version
[   55.933765] XFS (loop0): SB validate failed with error -22.
[   56.148760] loop0: detected capacity change from 0 to 65536
[   56.150501] XFS (loop0): bad version
[   56.151122] XFS (loop0): SB validate failed with error -22.
[   56.378521] loop0: detected capacity change from 0 to 65536
[   56.380287] XFS (loop0): bad version
[   56.380905] XFS (loop0): SB validate failed with error -22.
[   56.606774] loop0: detected capacity change from 0 to 65536
[   56.608545] XFS (loop0): bad version
[   56.609161] XFS (loop0): SB validate failed with error -22.
[   56.834096] loop0: detected capacity change from 0 to 65536
[   56.836072] XFS (loop0): bad version
[   56.836725] XFS (loop0): SB validate failed with error -22.
[   57.069351] loop0: detected capacity change from 0 to 65536
[   57.071103] XFS (loop0): bad version
[   57.071928] XFS (loop0): SB validate failed with error -22.
[   57.304689] loop0: detected capacity change from 0 to 65536
[   57.306441] XFS (loop0): bad version
[   57.307060] XFS (loop0): SB validate failed with error -22.
[   57.522099] loop0: detected capacity change from 0 to 65536
[   57.524040] XFS (loop0): bad version
[   57.524678] XFS (loop0): SB validate failed with error -22.
[   57.750011] loop0: detected capacity change from 0 to 65536
[   57.751949] XFS (loop0): bad version
[   57.752574] XFS (loop0): SB validate failed with error -22.
[   57.981008] loop0: detected capacity change from 0 to 65536
[   57.982801] XFS (loop0): bad version
[   57.983644] XFS (loop0): SB validate failed with error -22.
[   58.197705] loop0: detected capacity change from 0 to 65536
[   58.199465] XFS (loop0): bad version
[   58.200083] XFS (loop0): SB validate failed with error -22.
[   58.414040] loop0: detected capacity change from 0 to 65536
[   58.415969] XFS (loop0): bad version
[   58.416593] XFS (loop0): SB validate failed with error -22.
[   58.649980] loop0: detected capacity change from 0 to 65536
[   58.652135] XFS (loop0): bad version
[   58.652766] XFS (loop0): SB validate failed with error -22.
[   58.873965] loop0: detected capacity change from 0 to 65536
[   58.875891] XFS (loop0): bad version
[   58.876521] XFS (loop0): SB validate failed with error -22.
[   59.109104] loop0: detected capacity change from 0 to 65536
[   59.110888] XFS (loop0): bad version
[   59.111570] XFS (loop0): SB validate failed with error -22.
[   59.333510] loop0: detected capacity change from 0 to 65536
[   59.335249] XFS (loop0): bad version
[   59.336066] XFS (loop0): SB validate failed with error -22.
[   59.564812] loop0: detected capacity change from 0 to 65536
[   59.566552] XFS (loop0): bad version
[   59.567172] XFS (loop0): SB validate failed with error -22.
[   59.789401] loop0: detected capacity change from 0 to 65536
[   59.791151] XFS (loop0): bad version
[   59.791986] XFS (loop0): SB validate failed with error -22.
[   60.013377] loop0: detected capacity change from 0 to 65536
[   60.015140] XFS (loop0): bad version
[   60.015800] XFS (loop0): SB validate failed with error -22.
[   60.246342] loop0: detected capacity change from 0 to 65536
[   60.248247] XFS (loop0): bad version
[   60.248872] XFS (loop0): SB validate failed with error -22.
[   60.473918] loop0: detected capacity change from 0 to 65536
[   60.475810] XFS (loop0): bad version
[   60.476434] XFS (loop0): SB validate failed with error -22.
[   60.705295] loop0: detected capacity change from 0 to 65536
[   60.707098] XFS (loop0): bad version
[   60.707944] XFS (loop0): SB validate failed with error -22.
[   60.925980] loop0: detected capacity change from 0 to 65536
[   60.928176] XFS (loop0): bad version
[   60.928807] XFS (loop0): SB validate failed with error -22.
[   61.161592] loop0: detected capacity change from 0 to 65536
[   61.163544] XFS (loop0): bad version
[   61.164173] XFS (loop0): SB validate failed with error -22.
[   61.397148] loop0: detected capacity change from 0 to 65536
[   61.398888] XFS (loop0): bad version
[   61.400648] XFS (loop0): SB validate failed with error -22.
[   61.613351] loop0: detected capacity change from 0 to 65536
[   61.615125] XFS (loop0): bad version
[   61.615802] XFS (loop0): SB validate failed with error -22.
[   61.838647] loop0: detected capacity change from 0 to 65536
[   61.840431] XFS (loop0): bad version
[   61.841063] XFS (loop0): SB validate failed with error -22.
[   62.077091] loop0: detected capacity change from 0 to 65536
[   62.078842] XFS (loop0): bad version
[   62.079675] XFS (loop0): SB validate failed with error -22.
[   62.300215] loop0: detected capacity change from 0 to 65536
[   62.302036] XFS (loop0): bad version
[   62.302691] XFS (loop0): SB validate failed with error -22.
[   62.529863] loop0: detected capacity change from 0 to 65536
[   62.531783] XFS (loop0): bad version
[   62.532437] XFS (loop0): SB validate failed with error -22.
[   62.764647] loop0: detected capacity change from 0 to 65536
[   62.766378] XFS (loop0): bad version
[   62.766999] XFS (loop0): SB validate failed with error -22.
[   62.989690] loop0: detected capacity change from 0 to 65536
[   62.991601] XFS (loop0): bad version
[   62.992208] XFS (loop0): SB validate failed with error -22.
[   63.225446] loop0: detected capacity change from 0 to 65536
[   63.227186] XFS (loop0): bad version
[   63.227844] XFS (loop0): SB validate failed with error -22.
[   63.462513] loop0: detected capacity change from 0 to 65536
[   63.464271] XFS (loop0): bad version
[   63.464890] XFS (loop0): SB validate failed with error -22.
[   63.697708] loop0: detected capacity change from 0 to 65536
[   63.699472] XFS (loop0): bad version
[   63.700090] XFS (loop0): SB validate failed with error -22.
[   63.933257] loop0: detected capacity change from 0 to 65536
[   63.935011] XFS (loop0): bad version
[   63.935852] XFS (loop0): SB validate failed with error -22.
[   64.158555] loop0: detected capacity change from 0 to 65536
[   64.160501] XFS (loop0): bad version
[   64.161179] XFS (loop0): SB validate failed with error -22.
[   64.398682] loop0: detected capacity change from 0 to 65536
[   64.400460] XFS (loop0): bad version
[   64.401115] XFS (loop0): SB validate failed with error -22.
[   64.634844] loop0: detected capacity change from 0 to 65536
[   64.636699] XFS (loop0): bad version
[   64.637351] XFS (loop0): SB validate failed with error -22.
[   64.869501] loop0: detected capacity change from 0 to 65536
[   64.871270] XFS (loop0): bad version
[   64.872114] XFS (loop0): SB validate failed with error -22.
[   65.093882] loop0: detected capacity change from 0 to 65536
[   65.095788] XFS (loop0): bad version
[   65.096417] XFS (loop0): SB validate failed with error -22.
[   65.308914] loop0: detected capacity change from 0 to 65536
[   65.310669] XFS (loop0): bad version
[   65.311289] XFS (loop0): SB validate failed with error -22.
[   65.540758] loop0: detected capacity change from 0 to 65536
[   65.542532] XFS (loop0): bad version
[   65.543172] XFS (loop0): SB validate failed with error -22.
[   65.761462] loop0: detected capacity change from 0 to 65536
[   65.763182] XFS (loop0): bad version
[   65.763850] XFS (loop0): SB validate failed with error -22.
[   65.984510] loop0: detected capacity change from 0 to 65536
[   65.986253] XFS (loop0): bad version
[   65.986872] XFS (loop0): SB validate failed with error -22.
[   66.206069] loop0: detected capacity change from 0 to 65536
[   66.208033] XFS (loop0): bad version
[   66.208706] XFS (loop0): SB validate failed with error -22.
[   66.440430] loop0: detected capacity change from 0 to 65536
[   66.442171] XFS (loop0): bad version
[   66.442794] XFS (loop0): SB validate failed with error -22.
[   66.657899] loop0: detected capacity change from 0 to 65536
[   66.660456] XFS (loop0): bad version
[   66.661120] XFS (loop0): SB validate failed with error -22.
[   66.874743] loop0: detected capacity change from 0 to 65536
[   66.876491] XFS (loop0): bad version
[   66.877114] XFS (loop0): SB validate failed with error -22.
[   67.109509] loop0: detected capacity change from 0 to 65536
[   67.111273] XFS (loop0): bad version
[   67.112130] XFS (loop0): SB validate failed with error -22.
[   67.322399] loop0: detected capacity change from 0 to 65536
[   67.324195] XFS (loop0): bad version
[   67.324837] XFS (loop0): SB validate failed with error -22.
[   67.542214] loop0: detected capacity change from 0 to 65536
[   67.544140] XFS (loop0): bad version
[   67.544767] XFS (loop0): SB validate failed with error -22.
[   67.765062] loop0: detected capacity change from 0 to 65536
[   67.766864] XFS (loop0): bad version
[   67.767558] XFS (loop0): SB validate failed with error -22.
[   67.989259] loop0: detected capacity change from 0 to 65536
[   67.990984] XFS (loop0): bad version
[   67.991637] XFS (loop0): SB validate failed with error -22.
[   68.201961] loop0: detected capacity change from 0 to 65536
[   68.203857] XFS (loop0): bad version
[   68.204489] XFS (loop0): SB validate failed with error -22.
[   68.423274] loop0: detected capacity change from 0 to 65536
[   68.425071] XFS (loop0): bad version
[   68.425721] XFS (loop0): SB validate failed with error -22.
[   68.633696] loop0: detected capacity change from 0 to 65536
[   68.635666] XFS (loop0): bad version
[   68.636339] XFS (loop0): SB validate failed with error -22.
[   68.850843] loop0: detected capacity change from 0 to 65536
[   68.852660] XFS (loop0): bad version
[   68.853318] XFS (loop0): SB validate failed with error -22.
[   69.077081] loop0: detected capacity change from 0 to 65536
[   69.078875] XFS (loop0): bad version
[   69.079544] XFS (loop0): SB validate failed with error -22.
[   69.301045] loop0: detected capacity change from 0 to 65536
[   69.302843] XFS (loop0): bad version
[   69.303697] XFS (loop0): SB validate failed with error -22.
[   69.518031] loop0: detected capacity change from 0 to 65536
[   69.519980] XFS (loop0): bad version
[   69.520627] XFS (loop0): SB validate failed with error -22.
[   69.744952] loop0: detected capacity change from 0 to 65536
[   69.746692] XFS (loop0): bad version
[   69.747313] XFS (loop0): SB validate failed with error -22.
[   69.966023] loop0: detected capacity change from 0 to 65536
[   69.967976] XFS (loop0): bad version
[   69.968614] XFS (loop0): SB validate failed with error -22.
[   70.200769] loop0: detected capacity change from 0 to 65536
[   70.202569] XFS (loop0): bad version
[   70.203195] XFS (loop0): SB validate failed with error -22.
[   70.425142] loop0: detected capacity change from 0 to 65536
[   70.426898] XFS (loop0): bad version
[   70.427777] XFS (loop0): SB validate failed with error -22.
[   70.653452] loop0: detected capacity change from 0 to 65536
[   70.655261] XFS (loop0): bad version
[   70.655958] XFS (loop0): SB validate failed with error -22.
[   70.869809] loop0: detected capacity change from 0 to 65536
[   70.871754] XFS (loop0): bad version
[   70.872463] XFS (loop0): SB validate failed with error -22.
[   71.093301] loop0: detected capacity change from 0 to 65536
[   71.095106] XFS (loop0): bad version
[   71.095798] XFS (loop0): SB validate failed with error -22.
[   71.298550] loop0: detected capacity change from 0 to 65536
[   71.300371] XFS (loop0): bad version
[   71.301018] XFS (loop0): SB validate failed with error -22.
[   71.529147] loop0: detected capacity change from 0 to 65536
[   71.530972] XFS (loop0): bad version
[   71.531822] XFS (loop0): SB validate failed with error -22.
[   71.745263] loop0: detected capacity change from 0 to 65536
[   71.747054] XFS (loop0): bad version
[   71.747744] XFS (loop0): SB validate failed with error -22.
[   71.969616] loop0: detected capacity change from 0 to 65536
[   71.971589] XFS (loop0): bad version
[   71.972240] XFS (loop0): SB validate failed with error -22.
[   72.204603] loop0: detected capacity change from 0 to 65536
[   72.206332] XFS (loop0): bad version
[   72.206949] XFS (loop0): SB validate failed with error -22.
[   72.432443] loop0: detected capacity change from 0 to 65536
[   72.434206] XFS (loop0): bad version
[   72.434832] XFS (loop0): SB validate failed with error -22.
[   72.644913] loop0: detected capacity change from 0 to 65536
[   72.646715] XFS (loop0): bad version
[   72.647388] XFS (loop0): SB validate failed with error -22.
[   72.871825] loop0: detected capacity change from 0 to 65536
[   72.873578] XFS (loop0): bad version
[   72.874204] XFS (loop0): SB validate failed with error -22.
[   73.093180] loop0: detected capacity change from 0 to 65536
[   73.094942] XFS (loop0): bad version
[   73.095766] XFS (loop0): SB validate failed with error -22.
[   73.319075] loop0: detected capacity change from 0 to 65536
[   73.320836] XFS (loop0): bad version
[   73.321459] XFS (loop0): SB validate failed with error -22.
[   73.532988] loop0: detected capacity change from 0 to 65536
[   73.534703] XFS (loop0): bad version
[   73.535306] XFS (loop0): SB validate failed with error -22.
[   73.743163] loop0: detected capacity change from 0 to 65536
[   73.744974] XFS (loop0): bad version
[   73.745609] XFS (loop0): SB validate failed with error -22.
[   73.972156] loop0: detected capacity change from 0 to 65536
[   73.973959] XFS (loop0): bad version
[   73.974622] XFS (loop0): SB validate failed with error -22.
[   74.196843] loop0: detected capacity change from 0 to 65536
[   74.198612] XFS (loop0): bad version
[   74.199248] XFS (loop0): SB validate failed with error -22.
[   74.425033] loop0: detected capacity change from 0 to 65536
[   74.426899] XFS (loop0): bad version
[   74.427800] XFS (loop0): SB validate failed with error -22.
[   74.649973] loop0: detected capacity change from 0 to 65536
[   74.652451] XFS (loop0): bad version
[   74.653105] XFS (loop0): SB validate failed with error -22.
[   74.869582] loop0: detected capacity change from 0 to 65536
[   74.871332] XFS (loop0): bad version
[   74.872157] XFS (loop0): SB validate failed with error -22.
[   75.094827] loop0: detected capacity change from 0 to 65536
[   75.096614] XFS (loop0): bad version
[   75.097240] XFS (loop0): SB validate failed with error -22.
[   75.309157] loop0: detected capacity change from 0 to 65536
[   75.310958] XFS (loop0): bad version
[   75.311649] XFS (loop0): SB validate failed with error -22.
[   75.525042] loop0: detected capacity change from 0 to 65536
[   75.526851] XFS (loop0): bad version
[   75.527529] XFS (loop0): SB validate failed with error -22.
[   75.736646] loop0: detected capacity change from 0 to 65536
[   75.738497] XFS (loop0): bad version
[   75.739148] XFS (loop0): SB validate failed with error -22.
[   75.954051] loop0: detected capacity change from 0 to 65536
[   75.955953] XFS (loop0): bad version
[   75.956574] XFS (loop0): SB validate failed with error -22.
[   76.169103] loop0: detected capacity change from 0 to 65536
[   76.170874] XFS (loop0): bad version
[   76.171546] XFS (loop0): SB validate failed with error -22.
[   76.371403] loop0: detected capacity change from 0 to 65536
[   76.373193] XFS (loop0): bad version
[   76.373842] XFS (loop0): SB validate failed with error -22.
[   76.590016] loop0: detected capacity change from 0 to 65536
[   76.591981] XFS (loop0): bad version
[   76.592654] XFS (loop0): SB validate failed with error -22.
[   76.808666] loop0: detected capacity change from 0 to 65536
[   76.810487] XFS (loop0): bad version
[   76.811132] XFS (loop0): SB validate failed with error -22.
[   77.022456] loop0: detected capacity change from 0 to 65536
[   77.024239] XFS (loop0): bad version
[   77.024878] XFS (loop0): SB validate failed with error -22.
[   77.246991] loop0: detected capacity change from 0 to 65536
[   77.248780] XFS (loop0): bad version
[   77.249403] XFS (loop0): SB validate failed with error -22.
[   77.467154] loop0: detected capacity change from 0 to 65536
[   77.468945] XFS (loop0): bad version
[   77.469586] XFS (loop0): SB validate failed with error -22.
[   77.686646] loop0: detected capacity change from 0 to 65536
[   77.688370] XFS (loop0): bad version
[   77.688982] XFS (loop0): SB validate failed with error -22.
[   77.914620] loop0: detected capacity change from 0 to 65536
[   77.916415] XFS (loop0): bad version
[   77.917053] XFS (loop0): SB validate failed with error -22.
[   78.138759] loop0: detected capacity change from 0 to 65536
[   78.140483] XFS (loop0): bad version
[   78.141099] XFS (loop0): SB validate failed with error -22.
[   78.361682] loop0: detected capacity change from 0 to 65536
[   78.363481] XFS (loop0): bad version
[   78.364122] XFS (loop0): SB validate failed with error -22.
[   78.575556] loop0: detected capacity change from 0 to 65536
[   78.577309] XFS (loop0): bad version
[   78.577967] XFS (loop0): SB validate failed with error -22.
[   78.795186] loop0: detected capacity change from 0 to 65536
[   78.796990] XFS (loop0): bad version
[   78.797627] XFS (loop0): SB validate failed with error -22.
[   79.007667] loop0: detected capacity change from 0 to 65536
[   79.009437] XFS (loop0): bad version
[   79.010096] XFS (loop0): SB validate failed with error -22.
[   79.223815] loop0: detected capacity change from 0 to 65536
[   79.225658] XFS (loop0): bad version
[   79.226331] XFS (loop0): SB validate failed with error -22.
[   79.442987] loop0: detected capacity change from 0 to 65536
[   79.444787] XFS (loop0): bad version
[   79.445412] XFS (loop0): SB validate failed with error -22.
[   79.660036] loop0: detected capacity change from 0 to 65536
[   79.661798] XFS (loop0): bad version
[   79.662439] XFS (loop0): SB validate failed with error -22.
[   79.888015] loop0: detected capacity change from 0 to 65536
[   79.889960] XFS (loop0): bad version
[   79.890645] XFS (loop0): SB validate failed with error -22.
[   80.118509] loop0: detected capacity change from 0 to 65536
[   80.120264] XFS (loop0): bad version
[   80.120915] XFS (loop0): SB validate failed with error -22.
[   80.346389] loop0: detected capacity change from 0 to 65536
[   80.348180] XFS (loop0): bad version
[   80.348820] XFS (loop0): SB validate failed with error -22.
[   80.574468] loop0: detected capacity change from 0 to 65536
[   80.576242] XFS (loop0): bad version
[   80.576882] XFS (loop0): SB validate failed with error -22.
[   80.793341] loop0: detected capacity change from 0 to 65536
[   80.795124] XFS (loop0): bad version
[   80.795966] XFS (loop0): SB validate failed with error -22.
[   81.018231] loop0: detected capacity change from 0 to 65536
[   81.020133] XFS (loop0): bad version
[   81.020763] XFS (loop0): SB validate failed with error -22.
[   81.245298] loop0: detected capacity change from 0 to 65536
[   81.247046] XFS (loop0): bad version
[   81.247707] XFS (loop0): SB validate failed with error -22.
[   81.461428] loop0: detected capacity change from 0 to 65536
[   81.463250] XFS (loop0): bad version
[   81.463948] XFS (loop0): SB validate failed with error -22.
[   81.686976] loop0: detected capacity change from 0 to 65536
[   81.688781] XFS (loop0): bad version
[   81.689448] XFS (loop0): SB validate failed with error -22.
[   81.913024] loop0: detected capacity change from 0 to 65536
[   81.914771] XFS (loop0): bad version
[   81.916403] XFS (loop0): SB validate failed with error -22.
[   82.130416] loop0: detected capacity change from 0 to 65536
[   82.132228] XFS (loop0): bad version
[   82.132902] XFS (loop0): SB validate failed with error -22.
[   82.357694] loop0: detected capacity change from 0 to 65536
[   82.359643] XFS (loop0): bad version
[   82.360279] XFS (loop0): SB validate failed with error -22.
[   82.584895] loop0: detected capacity change from 0 to 65536
[   82.586703] XFS (loop0): bad version
[   82.587396] XFS (loop0): SB validate failed with error -22.
[   82.810336] loop0: detected capacity change from 0 to 65536
[   82.812268] XFS (loop0): bad version
[   82.812896] XFS (loop0): SB validate failed with error -22.
[   83.037597] loop0: detected capacity change from 0 to 65536
[   83.039449] XFS (loop0): bad version
[   83.040116] XFS (loop0): SB validate failed with error -22.
[   83.259442] loop0: detected capacity change from 0 to 65536
[   83.261286] XFS (loop0): bad version
[   83.261974] XFS (loop0): SB validate failed with error -22.
[   83.486042] loop0: detected capacity change from 0 to 65536
[   83.487985] XFS (loop0): bad version
[   83.488642] XFS (loop0): SB validate failed with error -22.
[   83.702552] loop0: detected capacity change from 0 to 65536
[   83.704312] XFS (loop0): bad version
[   83.704963] XFS (loop0): SB validate failed with error -22.
[   83.934527] loop0: detected capacity change from 0 to 65536
[   83.936333] XFS (loop0): bad version
[   83.937003] XFS (loop0): SB validate failed with error -22.
[   84.164275] loop0: detected capacity change from 0 to 65536
[   84.166044] XFS (loop0): bad version
[   84.166692] XFS (loop0): SB validate failed with error -22.
[   84.385488] loop0: detected capacity change from 0 to 65536
[   84.387276] XFS (loop0): bad version
[   84.388119] XFS (loop0): SB validate failed with error -22.
[   84.603002] loop0: detected capacity change from 0 to 65536
[   84.604795] XFS (loop0): bad version
[   84.605436] XFS (loop0): SB validate failed with error -22.
[   84.828874] loop0: detected capacity change from 0 to 65536
[   84.830630] XFS (loop0): bad version
[   84.831256] XFS (loop0): SB validate failed with error -22.
[   85.043714] loop0: detected capacity change from 0 to 65536
[   85.045550] XFS (loop0): bad version
[   85.046234] XFS (loop0): SB validate failed with error -22.
[   85.269462] loop0: detected capacity change from 0 to 65536
[   85.271218] XFS (loop0): bad version
[   85.271891] XFS (loop0): SB validate failed with error -22.
[   85.491630] loop0: detected capacity change from 0 to 65536
[   85.493471] XFS (loop0): bad version
[   85.494131] XFS (loop0): SB validate failed with error -22.
[   85.717211] loop0: detected capacity change from 0 to 65536
[   85.718944] XFS (loop0): bad version
[   85.719609] XFS (loop0): SB validate failed with error -22.
[   85.935307] loop0: detected capacity change from 0 to 65536
[   85.937749] XFS (loop0): bad version
[   85.938386] XFS (loop0): SB validate failed with error -22.
[   86.163115] loop0: detected capacity change from 0 to 65536
[   86.164957] XFS (loop0): bad version
[   86.165626] XFS (loop0): SB validate failed with error -22.
[   86.376013] loop0: detected capacity change from 0 to 65536
[   86.377750] XFS (loop0): bad version
[   86.378384] XFS (loop0): SB validate failed with error -22.
[   86.601964] loop0: detected capacity change from 0 to 65536
[   86.603934] XFS (loop0): bad version
[   86.604607] XFS (loop0): SB validate failed with error -22.
[   86.821941] loop0: detected capacity change from 0 to 65536
[   86.823871] XFS (loop0): bad version
[   86.824536] XFS (loop0): SB validate failed with error -22.
[   87.038897] loop0: detected capacity change from 0 to 65536
[   87.041239] XFS (loop0): bad version
[   87.041913] XFS (loop0): SB validate failed with error -22.
[   87.273510] loop0: detected capacity change from 0 to 65536
[   87.275284] XFS (loop0): bad version
[   87.275962] XFS (loop0): SB validate failed with error -22.
[   87.502932] loop0: detected capacity change from 0 to 65536
[   87.504734] XFS (loop0): bad version
[   87.505375] XFS (loop0): SB validate failed with error -22.
[   87.738160] loop0: detected capacity change from 0 to 65536
[   87.740105] XFS (loop0): bad version
[   87.740776] XFS (loop0): SB validate failed with error -22.
[   87.973655] loop0: detected capacity change from 0 to 65536
[   87.975582] XFS (loop0): bad version
[   87.976228] XFS (loop0): SB validate failed with error -22.
[   88.204457] loop0: detected capacity change from 0 to 65536
[   88.206253] XFS (loop0): bad version
[   88.206885] XFS (loop0): SB validate failed with error -22.
[   88.429458] loop0: detected capacity change from 0 to 65536
[   88.431251] XFS (loop0): bad version
[   88.431945] XFS (loop0): SB validate failed with error -22.
[   88.642427] loop0: detected capacity change from 0 to 65536
[   88.644210] XFS (loop0): bad version
[   88.644833] XFS (loop0): SB validate failed with error -22.
[   88.865566] loop0: detected capacity change from 0 to 65536
[   88.867389] XFS (loop0): bad version
[   88.868055] XFS (loop0): SB validate failed with error -22.
[   89.080789] loop0: detected capacity change from 0 to 65536
[   89.082534] XFS (loop0): bad version
[   89.083153] XFS (loop0): SB validate failed with error -22.
[   89.306494] loop0: detected capacity change from 0 to 65536
[   89.308272] XFS (loop0): bad version
[   89.308898] XFS (loop0): SB validate failed with error -22.
[   89.531145] loop0: detected capacity change from 0 to 65536
[   89.532928] XFS (loop0): bad version
[   89.533543] XFS (loop0): SB validate failed with error -22.
[   89.751570] loop0: detected capacity change from 0 to 65536
[   89.753303] XFS (loop0): bad version
[   89.753934] XFS (loop0): SB validate failed with error -22.
[   89.966987] loop0: detected capacity change from 0 to 65536
[   89.968713] XFS (loop0): bad version
[   89.969326] XFS (loop0): SB validate failed with error -22.
[   90.195903] loop0: detected capacity change from 0 to 65536
[   90.197636] XFS (loop0): bad version
[   90.198294] XFS (loop0): SB validate failed with error -22.
[   90.411327] loop0: detected capacity change from 0 to 65536
[   90.413048] XFS (loop0): bad version
[   90.413657] XFS (loop0): SB validate failed with error -22.
[   90.624596] loop0: detected capacity change from 0 to 65536
[   90.626387] XFS (loop0): bad version
[   90.627020] XFS (loop0): SB validate failed with error -22.
[   90.836495] loop0: detected capacity change from 0 to 65536
[   90.838302] XFS (loop0): bad version
[   90.838923] XFS (loop0): SB validate failed with error -22.
[   91.040330] loop0: detected capacity change from 0 to 65536
[   91.042062] XFS (loop0): bad version
[   91.042678] XFS (loop0): SB validate failed with error -22.
[   91.264010] loop0: detected capacity change from 0 to 65536
[   91.265750] XFS (loop0): bad version
[   91.266385] XFS (loop0): SB validate failed with error -22.
[   91.490613] loop0: detected capacity change from 0 to 65536
[   91.492408] XFS (loop0): bad version
[   91.493034] XFS (loop0): SB validate failed with error -22.
[   91.710991] loop0: detected capacity change from 0 to 65536
[   91.712572] XFS (loop0): bad version
[   91.713127] XFS (loop0): SB validate failed with error -22.
[   91.912747] loop0: detected capacity change from 0 to 65536
[   91.914372] XFS (loop0): bad version
[   91.914959] XFS (loop0): SB validate failed with error -22.
[   92.127040] loop0: detected capacity change from 0 to 65536
[   92.128753] XFS (loop0): bad version
[   92.129355] XFS (loop0): SB validate failed with error -22.
[   92.347671] loop0: detected capacity change from 0 to 65536
[   92.349419] XFS (loop0): bad version
[   92.350051] XFS (loop0): SB validate failed with error -22.
[   92.584408] loop0: detected capacity change from 0 to 65536
[   92.586103] XFS (loop0): bad version
[   92.586703] XFS (loop0): SB validate failed with error -22.
[   92.810331] loop0: detected capacity change from 0 to 65536
[   92.812313] XFS (loop0): bad version
[   92.812986] XFS (loop0): SB validate failed with error -22.
[   93.048162] loop0: detected capacity change from 0 to 65536
[   93.049904] XFS (loop0): bad version
[   93.050532] XFS (loop0): SB validate failed with error -22.
[   93.255068] loop0: detected capacity change from 0 to 65536
[   93.256878] XFS (loop0): bad version
[   93.257539] XFS (loop0): SB validate failed with error -22.
[   93.487781] loop0: detected capacity change from 0 to 65536
[   93.489719] XFS (loop0): bad version
[   93.490461] XFS (loop0): SB validate failed with error -22.
[   93.721612] loop0: detected capacity change from 0 to 65536
[   93.723526] XFS (loop0): bad version
[   93.724219] XFS (loop0): SB validate failed with error -22.
[   93.953796] loop0: detected capacity change from 0 to 65536
[   93.955638] XFS (loop0): bad version
[   93.956293] XFS (loop0): SB validate failed with error -22.
[   94.178275] loop0: detected capacity change from 0 to 65536
[   94.180694] XFS (loop0): bad version
[   94.181416] XFS (loop0): SB validate failed with error -22.
[   94.409697] loop0: detected capacity change from 0 to 65536
[   94.411707] XFS (loop0): bad version
[   94.412380] XFS (loop0): SB validate failed with error -22.
[   94.634650] loop0: detected capacity change from 0 to 65536
[   94.636765] XFS (loop0): bad version
[   94.637513] XFS (loop0): SB validate failed with error -22.
[   94.871886] loop0: detected capacity change from 0 to 65536
[   94.873981] XFS (loop0): bad version
[   94.874734] XFS (loop0): SB validate failed with error -22.
[   95.102450] loop0: detected capacity change from 0 to 65536
[   95.104755] XFS (loop0): bad version
[   95.105556] XFS (loop0): SB validate failed with error -22.
[   95.341879] loop0: detected capacity change from 0 to 65536
[   95.344217] XFS (loop0): bad version
[   95.344988] XFS (loop0): SB validate failed with error -22.
[   95.584118] loop0: detected capacity change from 0 to 65536
[   95.586433] XFS (loop0): bad version
[   95.587231] XFS (loop0): SB validate failed with error -22.
[   95.826091] loop0: detected capacity change from 0 to 65536
[   95.828358] XFS (loop0): bad version
[   95.829151] XFS (loop0): SB validate failed with error -22.
[   96.098472] loop0: detected capacity change from 0 to 65536
[   96.101308] XFS (loop0): bad version
[   96.102398] XFS (loop0): SB validate failed with error -22.
[   96.334593] loop0: detected capacity change from 0 to 65536
[   96.336947] XFS (loop0): bad version
[   96.337823] XFS (loop0): SB validate failed with error -22.
[   96.576611] loop0: detected capacity change from 0 to 65536
[   96.578783] XFS (loop0): bad version
[   96.579621] XFS (loop0): SB validate failed with error -22.
[   96.819924] loop0: detected capacity change from 0 to 65536
[   96.824856] XFS (loop0): bad version
[   96.825744] XFS (loop0): SB validate failed with error -22.
[   97.075141] loop0: detected capacity change from 0 to 65536
[   97.077317] XFS (loop0): bad version
[   97.078163] XFS (loop0): SB validate failed with error -22.
[   97.322298] loop0: detected capacity change from 0 to 65536
[   97.324539] XFS (loop0): bad version
[   97.325348] XFS (loop0): SB validate failed with error -22.
[   97.565973] loop0: detected capacity change from 0 to 65536
[   97.568444] XFS (loop0): bad version
[   97.569293] XFS (loop0): SB validate failed with error -22.
[   97.827885] loop0: detected capacity change from 0 to 65536
[   97.830098] XFS (loop0): bad version
[   97.830924] XFS (loop0): SB validate failed with error -22.
[   98.070404] loop0: detected capacity change from 0 to 65536
[   98.072576] XFS (loop0): bad version
[   98.073377] XFS (loop0): SB validate failed with error -22.
[   98.318111] loop0: detected capacity change from 0 to 65536
[   98.320508] XFS (loop0): bad version
[   98.321354] XFS (loop0): SB validate failed with error -22.
[   98.553406] loop0: detected capacity change from 0 to 65536
[   98.555671] XFS (loop0): bad version
[   98.556489] XFS (loop0): SB validate failed with error -22.
[   98.802127] loop0: detected capacity change from 0 to 65536
[   98.804489] XFS (loop0): bad version
[   98.805312] XFS (loop0): SB validate failed with error -22.
[   99.030031] loop0: detected capacity change from 0 to 65536
[   99.032330] XFS (loop0): bad version
[   99.033131] XFS (loop0): SB validate failed with error -22.
[   99.270336] loop0: detected capacity change from 0 to 65536
[   99.272440] XFS (loop0): bad version
[   99.273175] XFS (loop0): SB validate failed with error -22.
[   99.510760] loop0: detected capacity change from 0 to 65536
[   99.512844] XFS (loop0): bad version
[   99.513592] XFS (loop0): SB validate failed with error -22.
[   99.743498] loop0: detected capacity change from 0 to 65536
[   99.745781] XFS (loop0): bad version
[   99.746617] XFS (loop0): SB validate failed with error -22.
[   99.961871] loop0: detected capacity change from 0 to 65536
[   99.963854] XFS (loop0): bad version
[   99.964547] XFS (loop0): SB validate failed with error -22.
[  100.181299] loop0: detected capacity change from 0 to 65536
[  100.183311] XFS (loop0): bad version
[  100.184086] XFS (loop0): SB validate failed with error -22.
[  100.404019] loop0: detected capacity change from 0 to 65536
[  100.405873] XFS (loop0): bad version
[  100.406531] XFS (loop0): SB validate failed with error -22.
[  100.628472] loop0: detected capacity change from 0 to 65536
[  100.630303] XFS (loop0): bad version
[  100.630957] XFS (loop0): SB validate failed with error -22.
[  100.862366] loop0: detected capacity change from 0 to 65536
[  100.864491] XFS (loop0): bad version
[  100.865256] XFS (loop0): SB validate failed with error -22.
[  101.101117] loop0: detected capacity change from 0 to 65536
[  101.102977] XFS (loop0): bad version
[  101.103832] XFS (loop0): SB validate failed with error -22.
[  101.343306] loop0: detected capacity change from 0 to 65536
[  101.345408] XFS (loop0): bad version
[  101.346189] XFS (loop0): SB validate failed with error -22.
[  101.590472] loop0: detected capacity change from 0 to 65536
[  101.593178] XFS (loop0): bad version
[  101.594184] XFS (loop0): SB validate failed with error -22.
[  101.846968] loop0: detected capacity change from 0 to 65536
[  101.849692] XFS (loop0): bad version
[  101.850690] XFS (loop0): SB validate failed with error -22.
[  102.090852] loop0: detected capacity change from 0 to 65536
[  102.093755] XFS (loop0): bad version
[  102.094875] XFS (loop0): SB validate failed with error -22.
[  102.354792] loop0: detected capacity change from 0 to 65536
[  102.357832] XFS (loop0): bad version
[  102.358863] XFS (loop0): SB validate failed with error -22.
[  102.610910] loop0: detected capacity change from 0 to 65536
[  102.613688] XFS (loop0): bad version
[  102.614767] XFS (loop0): SB validate failed with error -22.
[  102.853338] loop0: detected capacity change from 0 to 65536
[  102.856185] XFS (loop0): bad version
[  102.857097] XFS (loop0): SB validate failed with error -22.
[  103.107865] loop0: detected capacity change from 0 to 65536
[  103.109945] XFS (loop0): bad version
[  103.110680] XFS (loop0): SB validate failed with error -22.
[  103.349120] loop0: detected capacity change from 0 to 65536
[  103.351808] XFS (loop0): bad version
[  103.352774] XFS (loop0): SB validate failed with error -22.
[  103.604250] loop0: detected capacity change from 0 to 65536
[  103.606783] XFS (loop0): bad version
[  103.608044] XFS (loop0): SB validate failed with error -22.
[  103.852150] loop0: detected capacity change from 0 to 65536
[  103.854741] XFS (loop0): bad version
[  103.855944] XFS (loop0): SB validate failed with error -22.
[  104.099987] loop0: detected capacity change from 0 to 65536
[  104.102264] XFS (loop0): bad version
[  104.103067] XFS (loop0): SB validate failed with error -22.
[  104.331381] loop0: detected capacity change from 0 to 65536
[  104.333143] XFS (loop0): bad version
[  104.333801] XFS (loop0): SB validate failed with error -22.
[  104.554982] loop0: detected capacity change from 0 to 65536
[  104.556695] XFS (loop0): bad version
[  104.557306] XFS (loop0): SB validate failed with error -22.
[  104.777621] loop0: detected capacity change from 0 to 65536
[  104.779420] XFS (loop0): bad version
[  104.780046] XFS (loop0): SB validate failed with error -22.
[  105.011098] loop0: detected capacity change from 0 to 65536
[  105.014294] XFS (loop0): bad version
[  105.015082] XFS (loop0): SB validate failed with error -22.
[  105.235454] loop0: detected capacity change from 0 to 65536
[  105.237228] XFS (loop0): bad version
[  105.237898] XFS (loop0): SB validate failed with error -22.
[  105.463371] loop0: detected capacity change from 0 to 65536
[  105.465180] XFS (loop0): bad version
[  105.465869] XFS (loop0): SB validate failed with error -22.
[  105.671183] loop0: detected capacity change from 0 to 65536
[  105.672966] XFS (loop0): bad version
[  105.673583] XFS (loop0): SB validate failed with error -22.
[  105.890190] loop0: detected capacity change from 0 to 65536
[  105.892946] XFS (loop0): bad version
[  105.893594] XFS (loop0): SB validate failed with error -22.
[  106.116607] loop0: detected capacity change from 0 to 65536
[  106.118365] XFS (loop0): bad version
[  106.119014] XFS (loop0): SB validate failed with error -22.
[  106.337796] loop0: detected capacity change from 0 to 65536
[  106.339536] XFS (loop0): bad version
[  106.340147] XFS (loop0): SB validate failed with error -22.
[  106.553129] loop0: detected capacity change from 0 to 65536
[  106.554969] XFS (loop0): bad version
[  106.555836] XFS (loop0): SB validate failed with error -22.
[  106.776743] loop0: detected capacity change from 0 to 65536
[  106.778476] XFS (loop0): bad version
[  106.779098] XFS (loop0): SB validate failed with error -22.
[  106.980495] loop0: detected capacity change from 0 to 65536
[  106.982275] XFS (loop0): bad version
[  106.982920] XFS (loop0): SB validate failed with error -22.
[  107.195146] loop0: detected capacity change from 0 to 65536
[  107.196856] XFS (loop0): bad version
[  107.197482] XFS (loop0): SB validate failed with error -22.
[  107.398694] loop0: detected capacity change from 0 to 65536
[  107.400504] XFS (loop0): bad version
