c[?7l[2J[0mSeaBIOS (version rel-1.16.0-0-gd239552ce722-prebuilt.qemu.org)


iPXE (http://ipxe.org) 00:03.0 CA00 PCI2.10 PnP PMM+7FF91000+7FEF1000 CA00
Press Ctrl-B to configure iPXE (PCI 00:03.0)...                                                                               


Booting from ROM...
c[?7l[2J[    0.000000] Linux version 5.14.0-78e709522d2c+ (root@p-rpls01) (gcc (GCC) 8.5.0 20210514 (Red Hat 8.5.0-18), GNU ld version 2.36.1-2.el8) #1 SMP Wed Apr 5 13:00:47 CST 2023
[    0.000000] Command line: console=ttyS0 root=/dev/sda earlyprintk=serial net.ifnames=0
[    0.000000] KERNEL supported cpus:
[    0.000000]   Intel GenuineIntel
[    0.000000]   AMD AuthenticAMD
[    0.000000]   Hygon HygonGenuine
[    0.000000]   Centaur CentaurHauls
[    0.000000]   zhaoxin   Shanghai  
[    0.000000] x86/fpu: Supporting XSAVE feature 0x001: 'x87 floating point registers'
[    0.000000] x86/fpu: Supporting XSAVE feature 0x002: 'SSE registers'
[    0.000000] x86/fpu: Supporting XSAVE feature 0x004: 'AVX registers'
[    0.000000] x86/fpu: Supporting XSAVE feature 0x200: 'Protection Keys User registers'
[    0.000000] x86/fpu: xstate_offset[2]:  576, xstate_sizes[2]:  256
[    0.000000] x86/fpu: xstate_offset[9]:  832, xstate_sizes[9]:    8
[    0.000000] x86/fpu: Enabled xstate features 0x207, context size is 840 bytes, using 'compacted' format.
[    0.000000] signal: max sigframe size: 3632
[    0.000000] BIOS-provided physical RAM map:
[    0.000000] BIOS-e820: [mem 0x0000000000000000-0x000000000009fbff] usable
[    0.000000] BIOS-e820: [mem 0x000000000009fc00-0x000000000009ffff] reserved
[    0.000000] BIOS-e820: [mem 0x00000000000f0000-0x00000000000fffff] reserved
[    0.000000] BIOS-e820: [mem 0x0000000000100000-0x000000007ffdffff] usable
[    0.000000] BIOS-e820: [mem 0x000000007ffe0000-0x000000007fffffff] reserved
[    0.000000] BIOS-e820: [mem 0x00000000feffc000-0x00000000feffffff] reserved
[    0.000000] BIOS-e820: [mem 0x00000000fffc0000-0x00000000ffffffff] reserved
[    0.000000] printk: bootconsole [earlyser0] enabled
[    0.000000] NX (Execute Disable) protection: active
[    0.000000] SMBIOS 2.8 present.
[    0.000000] DMI: QEMU Standard PC (i440FX + PIIX, 1996), BIOS rel-1.16.0-0-gd239552ce722-prebuilt.qemu.org 04/01/2014
[    0.000000] Hypervisor detected: KVM
[    0.000000] kvm-clock: Using msrs 4b564d01 and 4b564d00
[    0.000000] kvm-clock: cpu 0, msr 5401001, primary cpu clock
[    0.000005] kvm-clock: using sched offset of 725891582 cycles
[    0.001624] clocksource: kvm-clock: mask: 0xffffffffffffffff max_cycles: 0x1cd42e4dffb, max_idle_ns: 881590591483 ns
[    0.006220] tsc: Detected 806.400 MHz processor
[    0.014937] last_pfn = 0x7ffe0 max_arch_pfn = 0x400000000
[    0.016784] x86/PAT: Configuration [0-7]: WB  WC  UC- UC  WB  WP  UC- WT  
[    0.029010] found SMP MP-table at [mem 0x000f5ba0-0x000f5baf]
[    0.030985] Using GB pages for direct mapping
[    0.033971] ACPI: Early table checksum verification disabled
[    0.035661] ACPI: RSDP 0x00000000000F59C0 000014 (v00 BOCHS )
[    0.037312] ACPI: RSDT 0x000000007FFE1951 000034 (v01 BOCHS  BXPC     00000001 BXPC 00000001)
[    0.039803] ACPI: FACP 0x000000007FFE17FD 000074 (v01 BOCHS  BXPC     00000001 BXPC 00000001)
[    0.042242] ACPI: DSDT 0x000000007FFE0040 0017BD (v01 BOCHS  BXPC     00000001 BXPC 00000001)
[    0.044637] ACPI: FACS 0x000000007FFE0000 000040
[    0.045950] ACPI: APIC 0x000000007FFE1871 000080 (v01 BOCHS  BXPC     00000001 BXPC 00000001)
[    0.048368] ACPI: HPET 0x000000007FFE18F1 000038 (v01 BOCHS  BXPC     00000001 BXPC 00000001)
[    0.050769] ACPI: WAET 0x000000007FFE1929 000028 (v01 BOCHS  BXPC     00000001 BXPC 00000001)
[    0.053148] ACPI: Reserving FACP table memory at [mem 0x7ffe17fd-0x7ffe1870]
[    0.055135] ACPI: Reserving DSDT table memory at [mem 0x7ffe0040-0x7ffe17fc]
[    0.057079] ACPI: Reserving FACS table memory at [mem 0x7ffe0000-0x7ffe003f]
[    0.059042] ACPI: Reserving APIC table memory at [mem 0x7ffe1871-0x7ffe18f0]
[    0.060994] ACPI: Reserving HPET table memory at [mem 0x7ffe18f1-0x7ffe1928]
[    0.062958] ACPI: Reserving WAET table memory at [mem 0x7ffe1929-0x7ffe1950]
[    0.066243] No NUMA configuration found
[    0.067315] Faking a node at [mem 0x0000000000000000-0x000000007ffdffff]
[    0.069241] NODE_DATA(0) allocated [mem 0x7ffb5000-0x7ffdffff]
[    0.075303] Zone ranges:
[    0.076025]   DMA      [mem 0x0000000000001000-0x0000000000ffffff]
[    0.077739]   DMA32    [mem 0x0000000001000000-0x000000007ffdffff]
[    0.079482]   Normal   empty
[    0.080297]   Device   empty
[    0.081117] Movable zone start for each node
[    0.082341] Early memory node ranges
[    0.083345]   node   0: [mem 0x0000000000001000-0x000000000009efff]
[    0.085110]   node   0: [mem 0x0000000000100000-0x000000007ffdffff]
[    0.086874] Initmem setup node 0 [mem 0x0000000000001000-0x000000007ffdffff]
[    0.089319] On node 0, zone DMA: 1 pages in unavailable ranges
[    0.089381] On node 0, zone DMA: 97 pages in unavailable ranges
[    0.110236] On node 0, zone DMA32: 32 pages in unavailable ranges
[    0.112872] ACPI: PM-Timer IO Port: 0x608
[    0.115819] ACPI: LAPIC_NMI (acpi_id[0xff] dfl dfl lint[0x1])
[    0.117586] IOAPIC[0]: apic_id 0, version 17, address 0xfec00000, GSI 0-23
[    0.119523] ACPI: INT_SRC_OVR (bus 0 bus_irq 0 global_irq 2 dfl dfl)
[    0.121286] ACPI: INT_SRC_OVR (bus 0 bus_irq 5 global_irq 5 high level)
[    0.123122] ACPI: INT_SRC_OVR (bus 0 bus_irq 9 global_irq 9 high level)
[    0.124953] ACPI: INT_SRC_OVR (bus 0 bus_irq 10 global_irq 10 high level)
[    0.126841] ACPI: INT_SRC_OVR (bus 0 bus_irq 11 global_irq 11 high level)
[    0.128770] ACPI: Using ACPI (MADT) for SMP configuration information
[    0.130572] ACPI: HPET id: 0x8086a201 base: 0xfed00000
[    0.132027] TSC deadline timer available
[    0.133122] smpboot: Allowing 2 CPUs, 0 hotplug CPUs
[    0.134721] kvm-guest: KVM setup pv remote TLB flush
[    0.136109] kvm-guest: setup PV sched yield
[    0.137369] PM: hibernation: Registered nosave memory: [mem 0x00000000-0x00000fff]
[    0.139485] PM: hibernation: Registered nosave memory: [mem 0x0009f000-0x0009ffff]
[    0.141569] PM: hibernation: Registered nosave memory: [mem 0x000a0000-0x000effff]
[    0.143674] PM: hibernation: Registered nosave memory: [mem 0x000f0000-0x000fffff]
[    0.145774] [mem 0x80000000-0xfeffbfff] available for PCI devices
[    0.147502] Booting paravirtualized kernel on KVM
[    0.148859] clocksource: refined-jiffies: mask: 0xffffffff max_cycles: 0xffffffff, max_idle_ns: 7645519600211568 ns
[    0.151768] setup_percpu: NR_CPUS:8192 nr_cpumask_bits:2 nr_cpu_ids:2 nr_node_ids:1
[    0.155451] percpu: Embedded 55 pages/cpu s188416 r8192 d28672 u1048576
[    0.157644] kvm-guest: setup async PF for cpu 0
[    0.158943] kvm-guest: stealtime: cpu 0, msr 7dc2d080
[    0.160421] kvm-guest: PV spinlocks enabled
[    0.161593] PV qspinlock hash table entries: 256 (order: 0, 4096 bytes, linear)
[    0.163672] Built 1 zonelists, mobility grouping on.  Total pages: 515808
[    0.165546] Policy zone: DMA32
[    0.166404] Kernel command line: net.ifnames=0 console=ttyS0 root=/dev/sda earlyprintk=serial net.ifnames=0
[    0.170883] Dentry cache hash table entries: 262144 (order: 9, 2097152 bytes, linear)
[    0.175419] Inode-cache hash table entries: 131072 (order: 8, 1048576 bytes, linear)
[    0.177835] mem auto-init: stack:off, heap alloc:off, heap free:off
[    0.186803] Memory: 1987504K/2096632K available (30737K kernel code, 5253K rwdata, 7672K rodata, 3220K init, 22028K bss, 108872K reserved, 0K cma-reserved)
[    0.190692] random: get_random_u64 called from __kmem_cache_create+0x2f/0x4c0 with crng_init=0
[    0.191858] SLUB: HWalign=64, Order=0-3, MinObjects=0, CPUs=2, Nodes=1
[    0.195995] kmemleak: Kernel memory leak detector disabled
[    0.197548] ftrace: allocating 64762 entries in 253 pages
[    0.351358] ftrace: allocated 253 pages with 7 groups
[    0.353546] Running RCU self tests
[    0.354500] rcu: Hierarchical RCU implementation.
[    0.355778] rcu: 	RCU lockdep checking is enabled.
[    0.357070] rcu: 	RCU restricting CPUs from NR_CPUS=8192 to nr_cpu_ids=2.
[    0.358940] 	Trampoline variant of Tasks RCU enabled.
[    0.360307] 	Rude variant of Tasks RCU enabled.
[    0.361542] 	Tracing variant of Tasks RCU enabled.
[    0.362858] rcu: RCU calculated value of scheduler-enlistment delay is 25 jiffies.
[    0.365074] rcu: Adjusting geometry for rcu_fanout_leaf=16, nr_cpu_ids=2
[    0.407888] NR_IRQS: 524544, nr_irqs: 440, preallocated irqs: 16
[    0.434531] Console: colour VGA+ 80x25
[    0.435726] printk: console [ttyS0] enabled
[    0.435726] printk: console [ttyS0] enabled
[    0.438197] printk: bootconsole [earlyser0] disabled
[    0.438197] printk: bootconsole [earlyser0] disabled
[    0.441105] Lock dependency validator: Copyright (c) 2006 Red Hat, Inc., Ingo Molnar
[    0.443262] ... MAX_LOCKDEP_SUBCLASSES:  8
[    0.444422] ... MAX_LOCK_DEPTH:          48
[    0.445599] ... MAX_LOCKDEP_KEYS:        8192
[    0.446836] ... CLASSHASH_SIZE:          4096
[    0.448056] ... MAX_LOCKDEP_ENTRIES:     32768
[    0.449333] ... MAX_LOCKDEP_CHAINS:      65536
[    0.450579] ... CHAINHASH_SIZE:          32768
[    0.451815]  memory used by lock dependency info: 6365 kB
[    0.453304]  memory used for stack traces: 4224 kB
[    0.454680]  per task-struct memory footprint: 1920 bytes
[    0.456298] ACPI: Core revision 20210730
[    0.457839] clocksource: hpet: mask: 0xffffffff max_cycles: 0xffffffff, max_idle_ns: 19112604467 ns
[    0.460656] APIC: Switch to symmetric I/O mode setup
[    0.462831] x2apic enabled
[    0.464361] Switched APIC routing to physical x2apic.
[    0.465842] kvm-guest: setup PV IPIs
[    0.470195] ..TIMER: vector=0x30 apic1=0 pin1=2 apic2=-1 pin2=-1
[    0.471959] clocksource: tsc-early: mask: 0xffffffffffffffff max_cycles: 0xb9fb05486c, max_idle_ns: 440795231721 ns
[    0.474949] Calibrating delay loop (skipped) preset value.. 1612.80 BogoMIPS (lpj=3225600)
[    0.478923] pid_max: default: 32768 minimum: 301
[    0.480323] LSM: Security Framework initializing
[    0.481635] Yama: becoming mindful.
[    0.483101] Mount-cache hash table entries: 4096 (order: 3, 32768 bytes, linear)
[    0.485235] Mountpoint-cache hash table entries: 4096 (order: 3, 32768 bytes, linear)
[    0.489186] CPU0: Thermal monitoring enabled (TM1)
[    0.492274] x86/cpu: User Mode Instruction Prevention (UMIP) activated
[    0.496409] Last level iTLB entries: 4KB 0, 2MB 0, 4MB 0
[    0.498020] Last level dTLB entries: 4KB 0, 2MB 0, 4MB 0, 1GB 0
[    0.499131] Spectre V1 : Mitigation: usercopy/swapgs barriers and __user pointer sanitization
[    0.502924] Spectre V2 : Mitigation: Enhanced IBRS
[    0.504249] Spectre V2 : Spectre v2 / SpectreRSB mitigation: Filling RSB on context switch
[    0.506927] Spectre V2 : mitigation: Enabling conditional Indirect Branch Prediction Barrier
[    0.509268] Speculative Store Bypass: Mitigation: Speculative Store Bypass disabled via prctl and seccomp
[    0.570363] Freeing SMP alternatives memory: 56K
[    0.571980] smpboot: CPU0: Genuine Intel(R) 0000 (family: 0x6, model: 0xb7, stepping: 0x0)
[    0.574912] Running RCU-tasks wait API self tests
[    0.679141] Performance Events: generic architected perfmon, full-width counters, Intel PMU driver.
[    0.681863] ... version:                2
[    0.682926] ... bit width:              48
[    0.684057] ... generic registers:      6
[    0.685157] ... value mask:             0000ffffffffffff
[    0.686635] ... max period:             00007fffffffffff
[    0.686934] ... fixed-purpose events:   3
[    0.688042] ... event mask:             000000070000003f
[    0.689552] Callback from call_rcu_tasks_trace() invoked.
[    0.691667] rcu: Hierarchical SRCU implementation.
[    0.696602] smp: Bringing up secondary CPUs ...
[    0.698972] x86: Booting SMP configuration:
[    0.700167] .... node  #0, CPUs:      #1
[    0.056882] kvm-clock: cpu 1, msr 5401041, secondary cpu clock
[    0.702068] kvm-guest: setup async PF for cpu 1
[    0.702068] kvm-guest: stealtime: cpu 1, msr 7dd2d080
[    0.703025] smp: Brought up 1 node, 2 CPUs
[    0.706955] smpboot: Max logical packages: 1
[    0.708136] smpboot: Total of 2 processors activated (3225.60 BogoMIPS)
[    0.711497] devtmpfs: initialized
[    0.711497] x86/mm: Memory block size: 128MB
[    0.719010] clocksource: jiffies: mask: 0xffffffff max_cycles: 0xffffffff, max_idle_ns: 7645041785100000 ns
[    0.721741] futex hash table entries: 512 (order: 4, 65536 bytes, linear)
[    0.723584] pinctrl core: initialized pinctrl subsystem
[    0.725904] 
[    0.726357] *************************************************************
[    0.726928] **     NOTICE NOTICE NOTICE NOTICE NOTICE NOTICE NOTICE    **
[    0.728801] **                                                         **
[    0.730692] **  IOMMU DebugFS SUPPORT HAS BEEN ENABLED IN THIS KERNEL  **
[    0.730924] **                                                         **
[    0.732789] ** This means that this kernel is built to expose internal **
[    0.734643] ** IOMMU data structures, which may compromise security on **
[    0.734923] ** your system.                                            **
[    0.736795] **                                                         **
[    0.738641] ** If you see this message and you are not debugging the   **
[    0.738925] ** kernel, report this immediately to your vendor!         **
[    0.740783] **                                                         **
[    0.742643] **     NOTICE NOTICE NOTICE NOTICE NOTICE NOTICE NOTICE    **
[    0.742922] *************************************************************
[    0.744992] PM: RTC time: 05:38:18, date: 2023-04-05
[    0.748198] NET: Registered PF_NETLINK/PF_ROUTE protocol family
[    0.750690] DMA: preallocated 256 KiB GFP_KERNEL pool for atomic allocations
[    0.750945] DMA: preallocated 256 KiB GFP_KERNEL|GFP_DMA pool for atomic allocations
[    0.753061] DMA: preallocated 256 KiB GFP_KERNEL|GFP_DMA32 pool for atomic allocations
[    0.754982] audit: initializing netlink subsys (disabled)
[    0.756521] audit: type=2000 audit(1680673098.652:1): state=initialized audit_enabled=0 res=1
[    0.756624] thermal_sys: Registered thermal governor 'fair_share'
[    0.757439] thermal_sys: Registered thermal governor 'bang_bang'
[    0.758935] thermal_sys: Registered thermal governor 'step_wise'
[    0.760601] thermal_sys: Registered thermal governor 'user_space'
[    0.762323] cpuidle: using governor ladder
[    0.764067] cpuidle: using governor menu
[    0.765600] ACPI: bus type PCI registered
[    0.766732] acpiphp: ACPI Hot Plug PCI Controller Driver version: 0.5
[    0.771535] PCI: Using configuration type 1 for base access
[    0.783087] Callback from call_rcu_tasks_rude() invoked.
[    0.788536] Kprobes globally optimized
[    0.790962] HugeTLB registered 1.00 GiB page size, pre-allocated 0 pages
[    0.792773] HugeTLB registered 2.00 MiB page size, pre-allocated 0 pages
[    0.803391] ACPI: Added _OSI(Module Device)
[    0.804594] ACPI: Added _OSI(Processor Device)
[    0.805831] ACPI: Added _OSI(3.0 _SCP Extensions)
[    0.807004] ACPI: Added _OSI(Processor Aggregator Device)
[    0.808487] ACPI: Added _OSI(Linux-Dell-Video)
[    0.809710] ACPI: Added _OSI(Linux-Lenovo-NV-HDMI-Audio)
[    0.810925] ACPI: Added _OSI(Linux-HPI-Hybrid-Graphics)
[    0.818923] ACPI: 1 ACPI AML tables successfully acquired and loaded
[    0.824467] ACPI: Interpreter enabled
[    0.825621] ACPI: PM: (supports S0 S3 S4 S5)
[    0.826948] ACPI: Using IOAPIC for interrupt routing
[    0.828383] PCI: Using host bridge windows from ACPI; if necessary, use "pci=nocrs" and report a bug
[    0.831736] ACPI: Enabled 2 GPEs in block 00 to 0F
[    0.852201] ACPI: PCI Root Bridge [PCI0] (domain 0000 [bus 00-ff])
[    0.853990] acpi PNP0A03:00: _OSC: OS supports [ASPM ClockPM Segments MSI EDR HPX-Type3]
[    0.859054] acpi PNP0A03:00: fail to add MMCONFIG information, can't access extended PCI configuration space under this bridge.
[    0.864527] acpiphp: Slot [3] registered
[    0.865712] acpiphp: Slot [4] registered
[    0.866889] acpiphp: Slot [5] registered
[    0.867017] acpiphp: Slot [6] registered
[    0.868196] acpiphp: Slot [7] registered
[    0.869373] acpiphp: Slot [8] registered
[    0.870553] acpiphp: Slot [9] registered
[    0.871010] acpiphp: Slot [10] registered
[    0.872204] acpiphp: Slot [11] registered
[    0.873657] acpiphp: Slot [12] registered
[    0.874872] acpiphp: Slot [13] registered
[    0.875013] acpiphp: Slot [14] registered
[    0.876249] acpiphp: Slot [15] registered
[    0.877446] acpiphp: Slot [16] registered
[    0.878642] acpiphp: Slot [17] registered
[    0.879008] acpiphp: Slot [18] registered
[    0.880208] acpiphp: Slot [19] registered
[    0.881495] acpiphp: Slot [20] registered
[    0.882728] acpiphp: Slot [21] registered
[    0.887047] Callback from call_rcu_tasks() invoked.
[    0.887082] acpiphp: Slot [22] registered
[    0.887183] acpiphp: Slot [23] registered
[    0.891027] acpiphp: Slot [24] registered
[    0.892259] acpiphp: Slot [25] registered
[    0.893468] acpiphp: Slot [26] registered
[    0.894699] acpiphp: Slot [27] registered
[    0.895166] acpiphp: Slot [28] registered
[    0.896386] acpiphp: Slot [29] registered
[    0.897612] acpiphp: Slot [30] registered
[    0.898833] acpiphp: Slot [31] registered
[    0.898996] PCI host bridge to bus 0000:00
[    0.900362] pci_bus 0000:00: root bus resource [io  0x0000-0x0cf7 window]
[    0.902542] pci_bus 0000:00: root bus resource [io  0x0d00-0xffff window]
[    0.906934] pci_bus 0000:00: root bus resource [mem 0x000a0000-0x000bffff window]
[    0.908980] pci_bus 0000:00: root bus resource [mem 0x80000000-0xfebfffff window]
[    0.910926] pci_bus 0000:00: root bus resource [mem 0x100000000-0x17fffffff window]
[    0.913047] pci_bus 0000:00: root bus resource [bus 00-ff]
[    0.915569] pci 0000:00:00.0: [8086:1237] type 00 class 0x060000
[    0.924018] pci 0000:00:01.0: [8086:7000] type 00 class 0x060100
[    0.927706] pci 0000:00:01.1: [8086:7010] type 00 class 0x010180
[    0.932308] pci 0000:00:01.1: reg 0x20: [io  0xc040-0xc04f]
[    0.934984] pci 0000:00:01.1: legacy IDE quirk: reg 0x10: [io  0x01f0-0x01f7]
[    0.936982] pci 0000:00:01.1: legacy IDE quirk: reg 0x14: [io  0x03f6]
[    0.938795] pci 0000:00:01.1: legacy IDE quirk: reg 0x18: [io  0x0170-0x0177]
[    0.938940] pci 0000:00:01.1: legacy IDE quirk: reg 0x1c: [io  0x0376]
[    0.942154] pci 0000:00:01.3: [8086:7113] type 00 class 0x068000
[    0.944037] pci 0000:00:01.3: quirk: [io  0x0600-0x063f] claimed by PIIX4 ACPI
[    0.946030] pci 0000:00:01.3: quirk: [io  0x0700-0x070f] claimed by PIIX4 SMB
[    0.954290] pci 0000:00:02.0: [1234:1111] type 00 class 0x030000
[    0.957698] pci 0000:00:02.0: reg 0x10: [mem 0xfd000000-0xfdffffff pref]
[    0.962978] pci 0000:00:02.0: reg 0x18: [mem 0xfebf0000-0xfebf0fff]
[    0.970458] pci 0000:00:02.0: reg 0x30: [mem 0xfebe0000-0xfebeffff pref]
[    0.978741] pci 0000:00:03.0: [8086:100e] type 00 class 0x020000
[    0.979742] pci 0000:00:03.0: reg 0x10: [mem 0xfebc0000-0xfebdffff]
[    0.982056] pci 0000:00:03.0: reg 0x14: [io  0xc000-0xc03f]
[    0.990937] pci 0000:00:03.0: reg 0x30: [mem 0xfeb80000-0xfebbffff pref]
[    1.046351] ACPI: PCI: Interrupt link LNKA configured for IRQ 10
[    1.047464] ACPI: PCI: Interrupt link LNKB configured for IRQ 10
[    1.049745] ACPI: PCI: Interrupt link LNKC configured for IRQ 11
[    1.051411] ACPI: PCI: Interrupt link LNKD configured for IRQ 11
[    1.053251] ACPI: PCI: Interrupt link LNKS configured for IRQ 9
[    1.059402] iommu: Default domain type: Translated 
[    1.060425] iommu: DMA domain TLB invalidation policy: lazy mode 
[    1.063491] pci 0000:00:02.0: vgaarb: setting as boot VGA device
[    1.064708] pci 0000:00:02.0: vgaarb: VGA device added: decodes=io+mem,owns=io+mem,locks=none
[    1.066927] pci 0000:00:02.0: vgaarb: bridge control possible
[    1.068524] vgaarb: loaded
[    1.071295] SCSI subsystem initialized
[    1.072442] ACPI: bus type USB registered
[    1.072793] usbcore: registered new interface driver usbfs
[    1.074965] usbcore: registered new interface driver hub
[    1.076487] usbcore: registered new device driver usb
[    1.078043] pps_core: LinuxPPS API ver. 1 registered
[    1.078923] pps_core: Software ver. 5.3.6 - Copyright 2005-2007 Rodolfo Giometti <giometti@linux.it>
[    1.081440] PTP clock support registered
[    1.083047] EDAC MC: Ver: 3.0.0
[    1.088413] NetLabel: Initializing
[    1.089402] NetLabel:  domain hash size = 128
[    1.090650] NetLabel:  protocols = UNLABELED CIPSOv4 CALIPSO
[    1.091024] NetLabel:  unlabeled traffic allowed by default
[    1.092709] PCI: Using ACPI for IRQ routing
[    1.095189] hpet0: at MMIO 0xfed00000, IRQs 2, 8, 0
[    1.096635] hpet0: 3 comparators, 64-bit 100.000000 MHz counter
[    1.103400] clocksource: Switched to clocksource kvm-clock
[    1.295192] VFS: Disk quotas dquot_6.6.0
[    1.296433] VFS: Dquot-cache hash table entries: 512 (order 0, 4096 bytes)
[    1.298864] pnp: PnP ACPI init
[    1.302181] pnp: PnP ACPI: found 6 devices
[    1.314670] clocksource: acpi_pm: mask: 0xffffff max_cycles: 0xffffff, max_idle_ns: 2085701024 ns
[    1.317544] NET: Registered PF_INET protocol family
[    1.319131] IP idents hash table entries: 32768 (order: 6, 262144 bytes, linear)
[    1.322380] tcp_listen_portaddr_hash hash table entries: 1024 (order: 4, 81920 bytes, linear)
[    1.324806] TCP established hash table entries: 16384 (order: 5, 131072 bytes, linear)
[    1.327104] TCP bind hash table entries: 16384 (order: 8, 1179648 bytes, linear)
[    1.341965] TCP: Hash tables configured (established 16384 bind 16384)
[    1.344166] UDP hash table entries: 1024 (order: 5, 163840 bytes, linear)
[    1.346072] UDP-Lite hash table entries: 1024 (order: 5, 163840 bytes, linear)
[    1.348390] NET: Registered PF_UNIX/PF_LOCAL protocol family
[    1.350779] RPC: Registered named UNIX socket transport module.
[    1.352497] RPC: Registered udp transport module.
[    1.353825] RPC: Registered tcp transport module.
[    1.355168] RPC: Registered tcp NFSv4.1 backchannel transport module.
[    1.357026] pci_bus 0000:00: resource 4 [io  0x0000-0x0cf7 window]
[    1.358728] pci_bus 0000:00: resource 5 [io  0x0d00-0xffff window]
[    1.360489] pci_bus 0000:00: resource 6 [mem 0x000a0000-0x000bffff window]
[    1.362371] pci_bus 0000:00: resource 7 [mem 0x80000000-0xfebfffff window]
[    1.364292] pci_bus 0000:00: resource 8 [mem 0x100000000-0x17fffffff window]
[    1.366591] pci 0000:00:01.0: PIIX3: Enabling Passive Release
[    1.368302] pci 0000:00:00.0: Limiting direct PCI/PCI transfers
[    1.369679] pci 0000:00:01.0: Activating ISA DMA hang workarounds
[    1.371315] pci 0000:00:02.0: Video device with shadowed ROM at [mem 0x000c0000-0x000dffff]
[    1.373246] PCI: CLS 0 bytes, default 64
[    1.374348] ACPI: bus type thunderbolt registered
[    1.376009] clocksource: tsc: mask: 0xffffffffffffffff max_cycles: 0xb9fb05486c, max_idle_ns: 440795231721 ns
[    4.401320] Initialise system trusted keyrings
[    4.402851] Key type blacklist registered
[    4.404631] workingset: timestamp_bits=36 max_order=19 bucket_order=0
[    4.418570] zbud: loaded
[    4.421709] squashfs: version 4.0 (2009/01/31) Phillip Lougher
[    4.425608] NFS: Registering the id_resolver key type
[    4.427100] Key type id_resolver registered
[    4.428295] Key type id_legacy registered
[    4.429602] nfs4filelayout_init: NFSv4 File Layout Driver Registering...
[    4.431564] nfs4flexfilelayout_init: NFSv4 Flexfile Layout Driver Registering...
[    4.434058] fuse: init (API version 7.34)
[    4.435793] SGI XFS with ACLs, security attributes, realtime, quota, no debug enabled
[    4.440950] 9p: Installing v9fs 9p2000 file system support
[    4.452873] Key type asymmetric registered
[    4.454174] Asymmetric key parser 'x509' registered
[    4.456326] Block layer SCSI generic (bsg) driver version 0.4 loaded (major 244)
[    4.459127] io scheduler mq-deadline registered
[    4.460716] io scheduler bfq registered
[    4.462784] shpchp: Standard Hot Plug PCI Controller Driver version: 0.4
[    4.465288] IPMI message handler: version 39.2
[    4.466640] ipmi device interface
[    4.469599] input: Power Button as /devices/LNXSYSTM:00/LNXPWRBN:00/input/input0
[    4.472201] ACPI: button: Power Button [PWRF]
[    4.475175] ERST DBG: ERST support is disabled.
[    4.477530] Serial: 8250/16550 driver, 32 ports, IRQ sharing enabled
[    4.480682] 00:04: ttyS0 at I/O 0x3f8 (irq = 4, base_baud = 115200) is a 16550A
[    4.497494] Linux agpgart interface v0.103
[    4.516326] brd: module loaded
[    4.529716] loop: module loaded
[    4.537420] scsi host0: ata_piix
[    4.539392] scsi host1: ata_piix
[    4.540524] ata1: PATA max MWDMA2 cmd 0x1f0 ctl 0x3f6 bmdma 0xc040 irq 14
[    4.542473] ata2: PATA max MWDMA2 cmd 0x170 ctl 0x376 bmdma 0xc048 irq 15
[    4.546377] libphy: Fixed MDIO Bus: probed
[    4.548035] tun: Universal TUN/TAP device driver, 1.6
[    4.549935] e100: Intel(R) PRO/100 Network Driver
[    4.551414] e100: Copyright(c) 1999-2006 Intel Corporation
[    4.553054] e1000: Intel(R) PRO/1000 Network Driver
[    4.554449] e1000: Copyright (c) 1999-2006 Intel Corporation.
[    4.704714] ata2.00: ATAPI: QEMU DVD-ROM, 2.5+, max UDMA/100
[    4.708013] ata1.00: ATA-7: QEMU HARDDISK, 2.5+, max UDMA/100
[    4.709623] ata1.00: 16777216 sectors, multi 16: LBA48 
[    4.713867] scsi 0:0:0:0: Direct-Access     ATA      QEMU HARDDISK    2.5+ PQ: 0 ANSI: 5
[    4.717210] scsi 0:0:0:0: Attached scsi generic sg0 type 0
[    4.719849] scsi 1:0:0:0: CD-ROM            QEMU     QEMU DVD-ROM     2.5+ PQ: 0 ANSI: 5
[    4.723658] scsi 1:0:0:0: Attached scsi generic sg1 type 5
[    4.726165] sd 0:0:0:0: [sda] 16777216 512-byte logical blocks: (8.59 GB/8.00 GiB)
[    4.728380] sd 0:0:0:0: [sda] Write Protect is off
[    4.729778] sd 0:0:0:0: [sda] Write cache: enabled, read cache: enabled, doesn't support DPO or FUA
[    4.789231] ACPI: \_SB_.LNKC: Enabled at IRQ 11
[    4.823486] sd 0:0:0:0: [sda] Attached SCSI disk
[    5.193059] e1000 0000:00:03.0 eth0: (PCI:33MHz:32-bit) 52:54:00:12:34:56
[    5.195021] e1000 0000:00:03.0 eth0: Intel(R) PRO/1000 Network Connection
[    5.197043] e1000e: Intel(R) PRO/1000 Network Driver
[    5.198398] e1000e: Copyright(c) 1999 - 2015 Intel Corporation.
[    5.200119] igb: Intel(R) Gigabit Ethernet Network Driver
[    5.201577] igb: Copyright (c) 2007-2014 Intel Corporation.
[    5.203216] PPP generic driver version 2.4.2
[    5.205604] VFIO - User Level meta-driver version: 0.3
[    5.207210] ehci_hcd: USB 2.0 'Enhanced' Host Controller (EHCI) Driver
[    5.209056] ehci-pci: EHCI PCI platform driver
[    5.210319] ehci-platform: EHCI generic platform driver
[    5.211786] ohci_hcd: USB 1.1 'Open' Host Controller (OHCI) Driver
[    5.213461] ohci-pci: OHCI PCI platform driver
[    5.214708] ohci-platform: OHCI generic platform driver
[    5.216164] uhci_hcd: USB Universal Host Controller Interface driver
[    5.218580] usbcore: registered new interface driver uas
[    5.219854] usbcore: registered new interface driver usb-storage
[    5.221304] i8042: PNP: PS/2 Controller [PNP0303:KBD,PNP0f13:MOU] at 0x60,0x64 irq 1,12
[    5.224699] serio: i8042 KBD port at 0x60,0x64 irq 1
[    5.225808] serio: i8042 AUX port at 0x60,0x64 irq 12
[    5.228152] mousedev: PS/2 mouse device common for all mice
[    5.231004] input: AT Translated Set 2 keyboard as /devices/platform/i8042/serio0/input/input1
[    5.231708] rtc_cmos 00:05: RTC can wake from S4
[    5.236731] input: VirtualPS/2 VMware VMMouse as /devices/platform/i8042/serio1/input/input4
[    5.237400] rtc_cmos 00:05: registered as rtc0
[    5.240322] rtc_cmos 00:05: setting system clock to 2023-04-05T05:38:22 UTC (1680673102)
[    5.242864] rtc_cmos 00:05: alarms up to one day, y3k, 242 bytes nvram, hpet irqs
[    5.243134] input: VirtualPS/2 VMware VMMouse as /devices/platform/i8042/serio1/input/input3
[    5.244986] i2c_dev: i2c /dev entries driver
[    5.248274] device-mapper: core: CONFIG_IMA_DISABLE_HTABLE is disabled. Duplicate IMA measurements will not be recorded in the IMA log.
[    5.251813] device-mapper: uevent: version 1.0.3
[    5.254859] device-mapper: ioctl: 4.45.0-ioctl (2021-03-22) initialised: dm-devel@redhat.com
[    5.257175] intel_pstate: CPU model not supported
[    5.258576] sdhci: Secure Digital Host Controller Interface driver
[    5.260288] sdhci: Copyright(c) Pierre Ossman
[    5.261571] sdhci-pltfm: SDHCI platform and OF driver helper
[    5.263253] ledtrig-cpu: registered to indicate activity on CPUs
[    5.265216] drop_monitor: Initializing network drop monitor service
[    5.267535] NET: Registered PF_INET6 protocol family
[    5.275852] Segment Routing with IPv6
[    5.276954] In-situ OAM (IOAM) with IPv6
[    5.278093] NET: Registered PF_PACKET protocol family
[    5.280164] 9pnet: Installing 9P2000 support
[    5.281261] Key type dns_resolver registered
[    5.283638] IPI shorthand broadcast: enabled
[    5.284656] sched_clock: Marking stable (5230373124, 52882150)->(5309957812, -26702538)
[    5.287658] registered taskstats version 1
[    5.288825] Loading compiled-in X.509 certificates
[    5.290316] zswap: loaded using pool lzo/zbud
[    5.292806] Key type ._fscrypt registered
[    5.293940] Key type .fscrypt registered
[    5.295106] Key type fscrypt-provisioning registered
[    5.298256] Key type encrypted registered
[    5.299287] ima: No TPM chip found, activating TPM-bypass!
[    5.300493] ima: Allocated hash algorithm: sha1
[    5.301596] ima: No architecture policies found
[    5.302713] evm: Initialising EVM extended attributes:
[    5.303872] evm: security.selinux
[    5.304600] evm: security.SMACK64
[    5.305321] evm: security.SMACK64EXEC
[    5.306113] evm: security.SMACK64TRANSMUTE
[    5.307023] evm: security.SMACK64MMAP
[    5.308083] evm: security.apparmor
[    5.309033] evm: security.ima
[    5.309851] evm: security.capability
[    5.310828] evm: HMAC attrs: 0x1
[    5.313713] PM:   Magic number: 3:471:617
[    5.315607] RAS: Correctable Errors collector initialized.
[    5.319056] md: Waiting for all devices to be available before autodetect
[    5.320948] md: If you don't use raid, use raid=noautodetect
[    5.322531] md: Autodetecting RAID arrays.
[    5.323729] md: autorun ...
[    5.324507] md: ... autorun DONE.
[    5.332216] EXT4-fs (sda): INFO: recovery required on readonly filesystem
[    5.334124] EXT4-fs (sda): write access will be enabled during recovery
[    5.425287] random: fast init done
[    5.460445] EXT4-fs (sda): recovery complete
[    5.465577] EXT4-fs (sda): mounted filesystem with ordered data mode. Opts: (null). Quota mode: none.
[    5.468251] VFS: Mounted root (ext4 filesystem) readonly on device 8:0.
[    5.471353] devtmpfs: mounted
[    5.485073] Freeing unused decrypted memory: 2036K
[    5.488117] Freeing unused kernel image (initmem) memory: 3220K
[    5.489903] Write protecting the kernel read-only data: 40960k
[    5.498092] Freeing unused kernel image (text/rodata gap) memory: 2028K
[    5.500473] Freeing unused kernel image (rodata/data gap) memory: 520K
[    5.632559] x86/mm: Checked W+X mappings: passed, no W+X pages found.
[    5.634411] Run /sbin/init as init process
[    5.811711] systemd[1]: RTC configured in localtime, applying delta of 0 minutes to system time.
[    5.861727] systemd[1]: systemd 239 (239-49.el8) running in system mode. (+PAM +AUDIT +SELINUX +IMA -APPARMOR +SMACK +SYSVINIT +UTMP +LIBCRYPTSETUP +GCRYPT +GNUTLS +ACL +XZ +LZ4 +SECCOMP +BLKID +ELFUTILS +KMOD +IDN2 -IDN +PCRE2 default-hierarchy=legacy)
[    5.868110] systemd[1]: Detected virtualization kvm.
[    5.869488] systemd[1]: Detected architecture x86-64.

Welcome to [0;31mCentOS Stream 8[0m!

[    5.890716] systemd[1]: Set hostname to <test>.
[    6.148726] random: lvmconfig: uninitialized urandom read (4 bytes read)
[    6.345467] random: systemd: uninitialized urandom read (16 bytes read)
[    6.351464] systemd[1]: Created slice system-serial\x2dgetty.slice.
[[0;32m  OK  [0m] Created slice system-serial\x2dgetty.slice.
[    6.355029] random: systemd: uninitialized urandom read (16 bytes read)
[    6.357170] systemd[1]: Listening on multipathd control socket.
[[0;32m  OK  [0m] Listening on multipathd control socket.
[    6.370547] systemd[1]: Listening on Process Core Dump Socket.
[[0;32m  OK  [0m] Listening on Process Core Dump Socket.
[    6.373933] systemd[1]: Started Forward Password Requests to Wall Directory Watch.
[[0;32m  OK  [0m] Started Forward Password Requests to Wall Directory Watch.
[    6.378239] systemd[1]: Listening on LVM2 poll daemon socket.
[[0;32m  OK  [0m] Listening on LVM2 poll daemon socket.
[    6.381639] systemd[1]: Listening on udev Kernel Socket.
[[0;32m  OK  [0m] Listening on udev Kernel Socket.
[[0;32m  OK  [0m] Listening on udev Control Socket.
[[0;32m  OK  [0m] Listening on Journal Socket (/dev/log).
[[0;32m  OK  [0m] Created slice system-sshd\x2dkeygen.slice.
[[0;32m  OK  [0m] Created slice User and Session Slice.
[[0;32m  OK  [0m] Reached target Slices.
[[0;32m  OK  [0m] Set up automount Arbitrary Executabâ€¦rmats File System Automount Point.
[[0;32m  OK  [0m] Listening on Journal Socket.
         Starting Remount Root and Kernel File Systems...
         Starting Journal Service...
         Mounting Huge Pages File System...
[[0;32m  OK  [0m] Listening on RPCbind Server Activation Socket.
[[0;32m  OK  [0m] Reached target RPC Port Mapper.
[[0;32m  OK  [0m] Listening on initctl Compatibility Named Pipe.
         Mounting POSIX Message Queue File System...
[[0;32m  OK  [0m] Listening on Device-mapper event daemon FIFOs.
         Starting Setup Virtual Console...
         Starting Monitoring of LVM2 mirrorsâ€¦ng dmeventd or progress polling...
[[0;32m  OK  [0m] Created slice system-getty.slice.
         Starting Load Kernel Modules...
[[0;32m  OK  [0m] Reached target Swap.
[    6.797492] EXT4-fs (sda): re-mounted. Opts: (null). Quota mode: none.
         Mounting Kernel Debug File System...
         Starting udev Coldplug all Devices...
[[0;32m  OK  [0m] Started Journal Service.
[[0;32m  OK  [0m] Started Remount Root and Kernel File Systems.
[[0;32m  OK  [0m] Mounted Huge Pages File System.
[[0;32m  OK  [0m] Mounted POSIX Message Queue File System.
[[0;1;31mFAILED[0m] Failed to start Load Kernel Modules.
See 'systemctl status systemd-modules-load.service' for details.
[[0;32m  OK  [0m] Mounted Kernel Debug File System.
         Mounting Kernel Configuration File System...
         Mounting FUSE Control File System...
         Starting Apply Kernel Variables...
         Starting Load/Save Random Seed...
         Starting Create Static Device Nodes in /dev...
         Starting Flush Journal to Persistent Storage...
[[0;32m  OK  [0m] Started Setup Virtual Console.
[[0;32m  OK  [0m] Mounted Kernel Configuration File System.
[[0;32m  OK  [0m] Mounted FUSE Control File System.
[[0;32m  OK  [0m] Started Apply Kernel Variables.
[[0;32m  OK  [0m] Started Load/Save Random Seed.
[[0;32m  OK  [0m] Started Create Static Device Nodes in /dev.
         Starting udev Kernel Device Manager...
[[0;32m  OK  [0m] Started Flush Journal to Persistent Storage.
[[0;32m  OK  [0m] Started udev Kernel Device Manager.
[[0;32m  OK  [0m] Started udev Coldplug all Devices.
         Starting udev Wait for Complete Device Initialization...
         Starting Show Plymouth Boot Screen...
[[0;32m  OK  [0m] Started Show Plymouth Boot Screen.
[[0;32m  OK  [0m] Started Forward Password Requests to Plymouth Directory Watch.
[[0;32m  OK  [0m] Reached target Paths.
[[0;32m  OK  [0m] Reached target Local Encrypted Volumes.
[[0;32m  OK  [0m] Found device /dev/ttyS0.
[[0;32m  OK  [0m] Listening on Load/Save RF Kill Switch Status /dev/rfkill Watch.
[[0;32m  OK  [0m] Started Monitoring of LVM2 mirrors,â€¦sing dmeventd or progress polling.
[[0;32m  OK  [0m] Started udev Wait for Complete Device Initialization.
[[0;32m  OK  [0m] Reached target Local File Systems (Pre).
[[0;32m  OK  [0m] Reached target Local File Systems.
         Starting Tell Plymouth To Write Out Runtime Data...
         Starting Create Volatile Files and Directories...
         Starting Restore /run/initramfs on shutdown...
[[0;32m  OK  [0m] Started Tell Plymouth To Write Out Runtime Data.
[[0;32m  OK  [0m] Started Create Volatile Files and Directories.
[[0;32m  OK  [0m] Started Restore /run/initramfs on shutdown.
         Starting RPC Bind...
         Starting Security Auditing Service...
         Mounting RPC Pipe File System...
[[0;32m  OK  [0m] Started RPC Bind.
[[0;32m  OK  [0m] Mounted RPC Pipe File System.
[[0;32m  OK  [0m] Reached target rpc_pipefs.target.
[[0;32m  OK  [0m] Started Security Auditing Service.
         Starting Update UTMP about System Boot/Shutdown...
[[0;32m  OK  [0m] Started Update UTMP about System Boot/Shutdown.
[[0;32m  OK  [0m] Reached target System Initialization.
[[0;32m  OK  [0m] Listening on D-Bus System Message Bus Socket.
[[0;32m  OK  [0m] Listening on SSSD Kerberos Cache Manager responder socket.
[[0;32m  OK  [0m] Reached target Sockets.
[[0;32m  OK  [0m] Reached target Basic System.
         Starting NTP client/server...
[[0;32m  OK  [0m] Started Machine Check Exception Logging Daemon.
         Starting Login Service...
[[0;32m  OK  [0m] Started irqbalance daemon.
[[0;32m  OK  [0m] Started D-Bus System Message Bus.
         Starting Auto-connect to subsystemsâ€¦-NVME devices found during boot...
         Starting Authorization Manager...
[[0;32m  OK  [0m] Reached target sshd-keygen.target.
[[0;32m  OK  [0m] Started Daily Cleanup of Temporary Directories.
[[0;32m  OK  [0m] Started dnf makecache --timer.
         Starting Self Monitoring and Reporting Technology (SMART) Daemon...
[[0;32m  OK  [0m] Started daily update of the root trust anchor for DNSSEC.
[[0;32m  OK  [0m] Reached target Timers.
         Starting Network Manager...
[[0;32m  OK  [0m] Started Auto-connect to subsystems â€¦FC-NVME devices found during boot.
         Starting update of the root trust aâ€¦or DNSSEC validation in unbound...
[[0;32m  OK  [0m] Started Login Service.
[[0;32m  OK  [0m] Started Self Monitoring and Reporting Technology (SMART) Daemon.
[[0;32m  OK  [0m] Started NTP client/server.
[[0;32m  OK  [0m] Started Network Manager.
[[0;32m  OK  [0m] Reached target Network.
         Starting Dynamic System Tuning Daemon...
         Starting GSSAPI Proxy Daemon...
         Starting OpenSSH server daemon...
         Starting Network Manager Wait Online...
[[0;32m  OK  [0m] Started Authorization Manager.
         Starting Hostname Service...
[[0;32m  OK  [0m] Started Hostname Service.
         Starting Network Manager Script Dispatcher Service...
[   10.023355] e1000: eth0 NIC Link is Up 1000 Mbps Full Duplex, Flow Control: RX
[   10.025962] IPv6: ADDRCONF(NETDEV_CHANGE): eth0: link becomes ready
[   10.044270] random: crng init done
[   10.045276] random: 7 urandom warning(s) missed due to ratelimiting
[[0;32m  OK  [0m] Started OpenSSH server daemon.
[[0;32m  OK  [0m] Started GSSAPI Proxy Daemon.
[[0;32m  OK  [0m] Reached target NFS client services.
[[0;32m  OK  [0m] Reached target Remote File Systems (Pre).
[[0;32m  OK  [0m] Reached target Remote File Systems.
         Starting Permit User Sessions...
[[0;32m  OK  [0m] Started update of the root trust anâ€¦ for DNSSEC validation in unbound.
[[0;32m  OK  [0m] Started Network Manager Script Dispatcher Service.
[[0;32m  OK  [0m] Started Permit User Sessions.
[[0;32m  OK  [0m] Started Command Scheduler.
         Starting Hold until boot process finishes up...
         Starting Terminate Plymouth Boot Screen...

CentOS Stream 8
Kernel 5.14.0-78e709522d2c+ on an x86_64

test login: [   29.208760] loop0: detected capacity change from 0 to 65536
[   29.216832] XFS (loop0): Deprecated V4 format (crc=0) will not be supported after September 2030.
[   29.220489] XFS (loop0): Mounting V10 Filesystem
[   29.222543] XFS (loop0): Log size 66 blocks too small, minimum size is 1968 blocks
[   29.224882] XFS (loop0): Log size out of supported range.
[   29.226461] XFS (loop0): Continuing onwards, but if log hangs are experienced then please report this message in the bug report.
[   29.249280] XFS (loop0): Starting recovery (logdev: internal)
[   29.252747] XFS (loop0): Ending recovery (logdev: internal)
[  300.463344] INFO: task repro:555 blocked for more than 147 seconds.
[  300.464904]       Not tainted 5.14.0-78e709522d2c+ #1
[  300.466075] "echo 0 > /proc/sys/kernel/hung_task_timeout_secs" disables this message.
[  300.468262] task:repro           state:D stack:    0 pid:  555 ppid:   554 flags:0x00004004
[  300.470216] Call Trace:
[  300.470818]  __schedule+0x48b/0xb50
[  300.471701]  ? lock_is_held_type+0xa6/0x110
[  300.472706]  ? xfs_ail_push+0x9c/0xe0
[  300.473591]  schedule+0x53/0xc0
[  300.474354]  xlog_grant_head_wait+0x5f/0x430
[  300.475414]  xlog_grant_head_check+0x1a7/0x1c0
[  300.476454]  xfs_log_reserve+0x150/0x440
[  300.477369]  xfs_trans_reserve+0x211/0x260
[  300.478329]  xfs_trans_alloc+0x144/0x470
[  300.479278]  xfs_qm_qino_alloc+0xd2/0x520
[  300.480221]  ? write_comp_data+0x2f/0x90
[  300.481140]  xfs_qm_init_quotainos+0x304/0x410
[  300.482169]  xfs_qm_init_quotainfo+0x99/0x4e0
[  300.483244]  ? write_comp_data+0x2f/0x90
[  300.484225]  xfs_qm_mount_quotas+0x3c/0x3a0
[  300.485244]  xfs_mountfs+0xc54/0xc60
[  300.486127]  xfs_fs_fill_super+0x720/0xd00
[  300.487178]  get_tree_bdev+0x243/0x350
[  300.488113]  ? xfs_fs_inode_init_once+0x90/0x90
[  300.489205]  xfs_fs_get_tree+0x21/0x30
[  300.490122]  vfs_get_tree+0x37/0x110
[  300.491053]  path_mount+0x76e/0x10b0
[  300.491966]  ? write_comp_data+0x2f/0x90
[  300.492939]  do_mount+0xa7/0xc0
[  300.493734]  __x64_sys_mount+0x143/0x150
[  300.494709]  do_syscall_64+0x37/0x80
[  300.495664]  entry_SYSCALL_64_after_hwframe+0x44/0xae
[  300.496901] RIP: 0033:0x7f959a27b3ae
[  300.497784] RSP: 002b:00007ffce604a9e8 EFLAGS: 00000206 ORIG_RAX: 00000000000000a5
[  300.499651] RAX: ffffffffffffffda RBX: 0000000000000000 RCX: 00007f959a27b3ae
[  300.501326] RDX: 000000002000ad00 RSI: 000000002000ad40 RDI: 00007ffce604ab20
[  300.503033] RBP: 00007ffce604abb0 R08: 00007ffce604aa20 R09: 0000000000000000
[  300.504715] R10: 0000000000000003 R11: 0000000000000206 R12: 0000000000401240
[  300.506375] R13: 00007ffce604acf0 R14: 0000000000000000 R15: 0000000000000000
[  300.508133] 
[  300.508133] Showing all locks held in the system:
[  300.509600] 1 lock held by khungtaskd/29:
[  300.510559]  #0: ffffffff8398b300 (rcu_read_lock){....}-{1:2}, at: debug_show_all_locks+0x23/0x185
[  300.512778] 2 locks held by repro/555:
[  300.513684]  #0: ffff8880123390e0 (&type->s_umount_key#47/1){+.+.}-{3:3}, at: alloc_super+0x120/0x460
[  300.515916]  #1: ffff888012339638 (sb_internal#2){.+.+}-{0:0}, at: xfs_qm_qino_alloc+0xd2/0x520
[  300.517989] 
[  300.518367] =============================================
[  300.518367] 
[  447.919450] INFO: task repro:555 blocked for more than 294 seconds.
[  447.921044]       Not tainted 5.14.0-78e709522d2c+ #1
[  447.922281] "echo 0 > /proc/sys/kernel/hung_task_timeout_secs" disables this message.
[  447.924618] task:repro           state:D stack:    0 pid:  555 ppid:   554 flags:0x00004004
[  447.927112] Call Trace:
[  447.927890]  __schedule+0x48b/0xb50
[  447.928951]  ? lock_is_held_type+0xa6/0x110
[  447.930203]  ? xfs_ail_push+0x9c/0xe0
[  447.931369]  schedule+0x53/0xc0
[  447.932324]  xlog_grant_head_wait+0x5f/0x430
[  447.933606]  xlog_grant_head_check+0x1a7/0x1c0
[  447.934969]  xfs_log_reserve+0x150/0x440
[  447.936156]  xfs_trans_reserve+0x211/0x260
[  447.937356]  xfs_trans_alloc+0x144/0x470
[  447.938534]  xfs_qm_qino_alloc+0xd2/0x520
[  447.939769]  ? write_comp_data+0x2f/0x90
[  447.940935]  xfs_qm_init_quotainos+0x304/0x410
[  447.942303]  xfs_qm_init_quotainfo+0x99/0x4e0
[  447.943664]  ? write_comp_data+0x2f/0x90
[  447.944892]  xfs_qm_mount_quotas+0x3c/0x3a0
[  447.946246]  xfs_mountfs+0xc54/0xc60
[  447.947435]  xfs_fs_fill_super+0x720/0xd00
[  447.948673]  get_tree_bdev+0x243/0x350
[  447.949787]  ? xfs_fs_inode_init_once+0x90/0x90
[  447.951216]  xfs_fs_get_tree+0x21/0x30
[  447.952377]  vfs_get_tree+0x37/0x110
[  447.953458]  path_mount+0x76e/0x10b0
[  447.954529]  ? write_comp_data+0x2f/0x90
[  447.955758]  do_mount+0xa7/0xc0
[  447.956745]  __x64_sys_mount+0x143/0x150
[  447.957943]  do_syscall_64+0x37/0x80
[  447.959061]  entry_SYSCALL_64_after_hwframe+0x44/0xae
[  447.960591] RIP: 0033:0x7f959a27b3ae
[  447.961651] RSP: 002b:00007ffce604a9e8 EFLAGS: 00000206 ORIG_RAX: 00000000000000a5
[  447.963946] RAX: ffffffffffffffda RBX: 0000000000000000 RCX: 00007f959a27b3ae
[  447.966071] RDX: 000000002000ad00 RSI: 000000002000ad40 RDI: 00007ffce604ab20
[  447.968275] RBP: 00007ffce604abb0 R08: 00007ffce604aa20 R09: 0000000000000000
[  447.970383] R10: 0000000000000003 R11: 0000000000000206 R12: 0000000000401240
[  447.972496] R13: 00007ffce604acf0 R14: 0000000000000000 R15: 0000000000000000
[  447.974615] 
[  447.974615] Showing all locks held in the system:
[  447.976470] 1 lock held by khungtaskd/29:
[  447.977654]  #0: ffffffff8398b300 (rcu_read_lock){....}-{1:2}, at: debug_show_all_locks+0x23/0x185
[  447.980397] 2 locks held by repro/555:
[  447.981535]  #0: ffff8880123390e0 (&type->s_umount_key#47/1){+.+.}-{3:3}, at: alloc_super+0x120/0x460
[  447.984335]  #1: ffff888012339638 (sb_internal#2){.+.+}-{0:0}, at: xfs_qm_qino_alloc+0xd2/0x520
[  447.986903] 
[  447.987424] =============================================
[  447.987424] 
[  595.375392] INFO: task repro:555 blocked for more than 442 seconds.
[  595.376999]       Not tainted 5.14.0-78e709522d2c+ #1
[  595.378239] "echo 0 > /proc/sys/kernel/hung_task_timeout_secs" disables this message.
[  595.380208] task:repro           state:D stack:    0 pid:  555 ppid:   554 flags:0x00004004
[  595.382259] Call Trace:
[  595.382899]  __schedule+0x48b/0xb50
[  595.383885]  ? lock_is_held_type+0xa6/0x110
[  595.384951]  ? xfs_ail_push+0x9c/0xe0
[  595.386221]  schedule+0x53/0xc0
[  595.387341]  xlog_grant_head_wait+0x5f/0x430
[  595.388635]  xlog_grant_head_check+0x1a7/0x1c0
[  595.389963]  xfs_log_reserve+0x150/0x440
[  595.391185]  xfs_trans_reserve+0x211/0x260
[  595.392408]  xfs_trans_alloc+0x144/0x470
[  595.393598]  xfs_qm_qino_alloc+0xd2/0x520
[  595.394831]  ? write_comp_data+0x2f/0x90
[  595.396087]  xfs_qm_init_quotainos+0x304/0x410
[  595.397425]  xfs_qm_init_quotainfo+0x99/0x4e0
[  595.398736]  ? write_comp_data+0x2f/0x90
[  595.399985]  xfs_qm_mount_quotas+0x3c/0x3a0
[  595.401247]  xfs_mountfs+0xc54/0xc60
[  595.402336]  xfs_fs_fill_super+0x720/0xd00
[  595.403636]  get_tree_bdev+0x243/0x350
[  595.404788]  ? xfs_fs_inode_init_once+0x90/0x90
[  595.406202]  xfs_fs_get_tree+0x21/0x30
[  595.407444]  vfs_get_tree+0x37/0x110
[  595.408543]  path_mount+0x76e/0x10b0
[  595.409639]  ? write_comp_data+0x2f/0x90
[  595.410833]  do_mount+0xa7/0xc0
[  595.411858]  __x64_sys_mount+0x143/0x150
[  595.413055]  do_syscall_64+0x37/0x80
[  595.414158]  entry_SYSCALL_64_after_hwframe+0x44/0xae
[  595.415750] RIP: 0033:0x7f959a27b3ae
[  595.416835] RSP: 002b:00007ffce604a9e8 EFLAGS: 00000206 ORIG_RAX: 00000000000000a5
[  595.419103] RAX: ffffffffffffffda RBX: 0000000000000000 RCX: 00007f959a27b3ae
[  595.421208] RDX: 000000002000ad00 RSI: 000000002000ad40 RDI: 00007ffce604ab20
[  595.423366] RBP: 00007ffce604abb0 R08: 00007ffce604aa20 R09: 0000000000000000
[  595.425456] R10: 0000000000000003 R11: 0000000000000206 R12: 0000000000401240
[  595.427602] R13: 00007ffce604acf0 R14: 0000000000000000 R15: 0000000000000000
[  595.429713] 
[  595.429713] Showing all locks held in the system:
[  595.431622] 1 lock held by khungtaskd/29:
[  595.432821]  #0: ffffffff8398b300 (rcu_read_lock){....}-{1:2}, at: debug_show_all_locks+0x23/0x185
[  595.435597] 2 locks held by repro/555:
[  595.436736]  #0: ffff8880123390e0 (&type->s_umount_key#47/1){+.+.}-{3:3}, at: alloc_super+0x120/0x460
[  595.439512]  #1: ffff888012339638 (sb_internal#2){.+.+}-{0:0}, at: xfs_qm_qino_alloc+0xd2/0x520
[  595.442066] 
[  595.442537] =============================================
[  595.442537] 
[  742.831373] INFO: task repro:555 blocked for more than 589 seconds.
[  742.832915]       Not tainted 5.14.0-78e709522d2c+ #1
[  742.834087] "echo 0 > /proc/sys/kernel/hung_task_timeout_secs" disables this message.
[  742.835937] task:repro           state:D stack:    0 pid:  555 ppid:   554 flags:0x00004004
[  742.837868] Call Trace:
[  742.838472]  __schedule+0x48b/0xb50
[  742.839394]  ? lock_is_held_type+0xa6/0x110
[  742.840523]  ? xfs_ail_push+0x9c/0xe0
[  742.841415]  schedule+0x53/0xc0
[  742.842173]  xlog_grant_head_wait+0x5f/0x430
[  742.843252]  xlog_grant_head_check+0x1a7/0x1c0
[  742.844339]  xfs_log_reserve+0x150/0x440
[  742.845285]  xfs_trans_reserve+0x211/0x260
[  742.846263]  xfs_trans_alloc+0x144/0x470
[  742.847250]  xfs_qm_qino_alloc+0xd2/0x520
[  742.848221]  ? write_comp_data+0x2f/0x90
[  742.849160]  xfs_qm_init_quotainos+0x304/0x410
[  742.850219]  xfs_qm_init_quotainfo+0x99/0x4e0
[  742.851297]  ? write_comp_data+0x2f/0x90
[  742.852240]  xfs_qm_mount_quotas+0x3c/0x3a0
[  742.853237]  xfs_mountfs+0xc54/0xc60
[  742.854102]  xfs_fs_fill_super+0x720/0xd00
[  742.855124]  get_tree_bdev+0x243/0x350
[  742.856040]  ? xfs_fs_inode_init_once+0x90/0x90
[  742.857068]  xfs_fs_get_tree+0x21/0x30
[  742.857940]  vfs_get_tree+0x37/0x110
[  742.858769]  path_mount+0x76e/0x10b0
[  742.859651]  ? write_comp_data+0x2f/0x90
[  742.860569]  do_mount+0xa7/0xc0
[  742.861312]  __x64_sys_mount+0x143/0x150
[  742.862225]  do_syscall_64+0x37/0x80
[  742.863096]  entry_SYSCALL_64_after_hwframe+0x44/0xae
[  742.864266] RIP: 0033:0x7f959a27b3ae
[  742.865094] RSP: 002b:00007ffce604a9e8 EFLAGS: 00000206 ORIG_RAX: 00000000000000a5
[  742.866789] RAX: ffffffffffffffda RBX: 0000000000000000 RCX: 00007f959a27b3ae
[  742.868434] RDX: 000000002000ad00 RSI: 000000002000ad40 RDI: 00007ffce604ab20
[  742.870035] RBP: 00007ffce604abb0 R08: 00007ffce604aa20 R09: 0000000000000000
[  742.871673] R10: 0000000000000003 R11: 0000000000000206 R12: 0000000000401240
[  742.873284] R13: 00007ffce604acf0 R14: 0000000000000000 R15: 0000000000000000
[  742.875004] 
[  742.875004] Showing all locks held in the system:
[  742.876454] 1 lock held by khungtaskd/29:
[  742.877404]  #0: ffffffff8398b300 (rcu_read_lock){....}-{1:2}, at: debug_show_all_locks+0x23/0x185
[  742.879600] 2 locks held by repro/555:
[  742.880502]  #0: ffff8880123390e0 (&type->s_umount_key#47/1){+.+.}-{3:3}, at: alloc_super+0x120/0x460
[  742.882677]  #1: ffff888012339638 (sb_internal#2){.+.+}-{0:0}, at: xfs_qm_qino_alloc+0xd2/0x520
[  742.884824] 
[  742.885218] =============================================
[  742.885218] 
[  890.287230] INFO: task repro:555 blocked for more than 737 seconds.
[  890.288504]       Not tainted 5.14.0-78e709522d2c+ #1
[  890.289488] "echo 0 > /proc/sys/kernel/hung_task_timeout_secs" disables this message.
[  890.291034] task:repro           state:D stack:    0 pid:  555 ppid:   554 flags:0x00004004
[  890.293446] Call Trace:
[  890.294141]  __schedule+0x48b/0xb50
[  890.295210]  ? lock_is_held_type+0xa6/0x110
[  890.296386]  ? xfs_ail_push+0x9c/0xe0
[  890.297385]  schedule+0x53/0xc0
[  890.298244]  xlog_grant_head_wait+0x5f/0x430
[  890.299465]  xlog_grant_head_check+0x1a7/0x1c0
[  890.300645]  xfs_log_reserve+0x150/0x440
[  890.301710]  xfs_trans_reserve+0x211/0x260
[  890.302820]  xfs_trans_alloc+0x144/0x470
[  890.303941]  xfs_qm_qino_alloc+0xd2/0x520
[  890.305026]  ? write_comp_data+0x2f/0x90
[  890.306092]  xfs_qm_init_quotainos+0x304/0x410
[  890.307341]  xfs_qm_init_quotainfo+0x99/0x4e0
[  890.308520]  ? write_comp_data+0x2f/0x90
[  890.309596]  xfs_qm_mount_quotas+0x3c/0x3a0
[  890.310731]  xfs_mountfs+0xc54/0xc60
[  890.311768]  xfs_fs_fill_super+0x720/0xd00
[  890.312878]  get_tree_bdev+0x243/0x350
[  890.313900]  ? xfs_fs_inode_init_once+0x90/0x90
[  890.315169]  xfs_fs_get_tree+0x21/0x30
[  890.316204]  vfs_get_tree+0x37/0x110
[  890.317184]  path_mount+0x76e/0x10b0
[  890.318160]  ? write_comp_data+0x2f/0x90
[  890.319270]  do_mount+0xa7/0xc0
[  890.320151]  __x64_sys_mount+0x143/0x150
[  890.321227]  do_syscall_64+0x37/0x80
[  890.322203]  entry_SYSCALL_64_after_hwframe+0x44/0xae
[  890.323610] RIP: 0033:0x7f959a27b3ae
[  890.324586] RSP: 002b:00007ffce604a9e8 EFLAGS: 00000206 ORIG_RAX: 00000000000000a5
[  890.326606] RAX: ffffffffffffffda RBX: 0000000000000000 RCX: 00007f959a27b3ae
[  890.328557] RDX: 000000002000ad00 RSI: 000000002000ad40 RDI: 00007ffce604ab20
[  890.330455] RBP: 00007ffce604abb0 R08: 00007ffce604aa20 R09: 0000000000000000
[  890.332414] R10: 0000000000000003 R11: 0000000000000206 R12: 0000000000401240
[  890.334309] R13: 00007ffce604acf0 R14: 0000000000000000 R15: 0000000000000000
[  890.336291] 
[  890.336291] Showing all locks held in the system:
[  890.337951] 1 lock held by khungtaskd/29:
[  890.339075]  #0: ffffffff8398b300 (rcu_read_lock){....}-{1:2}, at: debug_show_all_locks+0x23/0x185
[  890.341511] 2 locks held by repro/555:
[  890.342537]  #0: ffff8880123390e0 (&type->s_umount_key#47/1){+.+.}-{3:3}, at: alloc_super+0x120/0x460
[  890.345046]  #1: ffff888012339638 (sb_internal#2){.+.+}-{0:0}, at: xfs_qm_qino_alloc+0xd2/0x520
[  890.347449] 
[  890.347880] =============================================
[  890.347880] 
[ 1037.743399] INFO: task repro:555 blocked for more than 884 seconds.
[ 1037.745016]       Not tainted 5.14.0-78e709522d2c+ #1
[ 1037.746271] "echo 0 > /proc/sys/kernel/hung_task_timeout_secs" disables this message.
[ 1037.748616] task:repro           state:D stack:    0 pid:  555 ppid:   554 flags:0x00004004
[ 1037.751087] Call Trace:
[ 1037.751844]  __schedule+0x48b/0xb50
[ 1037.752875]  ? lock_is_held_type+0xa6/0x110
[ 1037.754086]  ? xfs_ail_push+0x9c/0xe0
[ 1037.755427]  schedule+0x53/0xc0
[ 1037.756297]  xlog_grant_head_wait+0x5f/0x430
[ 1037.757374]  xlog_grant_head_check+0x1a7/0x1c0
[ 1037.758489]  xfs_log_reserve+0x150/0x440
[ 1037.759569]  xfs_trans_reserve+0x211/0x260
[ 1037.760598]  xfs_trans_alloc+0x144/0x470
[ 1037.761575]  xfs_qm_qino_alloc+0xd2/0x520
[ 1037.762591]  ? write_comp_data+0x2f/0x90
[ 1037.763661]  xfs_qm_init_quotainos+0x304/0x410
[ 1037.764803]  xfs_qm_init_quotainfo+0x99/0x4e0
[ 1037.765906]  ? write_comp_data+0x2f/0x90
[ 1037.766902]  xfs_qm_mount_quotas+0x3c/0x3a0
[ 1037.768024]  xfs_mountfs+0xc54/0xc60
[ 1037.768980]  xfs_fs_fill_super+0x720/0xd00
[ 1037.770024]  get_tree_bdev+0x243/0x350
[ 1037.771433]  ? xfs_fs_inode_init_once+0x90/0x90
[ 1037.772766]  xfs_fs_get_tree+0x21/0x30
[ 1037.773720]  vfs_get_tree+0x37/0x110
[ 1037.774641]  path_mount+0x76e/0x10b0
[ 1037.775644]  ? write_comp_data+0x2f/0x90
[ 1037.776742]  do_mount+0xa7/0xc0
[ 1037.777554]  __x64_sys_mount+0x143/0x150
[ 1037.778542]  do_syscall_64+0x37/0x80
[ 1037.779520]  entry_SYSCALL_64_after_hwframe+0x44/0xae
[ 1037.780781] RIP: 0033:0x7f959a27b3ae
[ 1037.781674] RSP: 002b:00007ffce604a9e8 EFLAGS: 00000206 ORIG_RAX: 00000000000000a5
[ 1037.783588] RAX: ffffffffffffffda RBX: 0000000000000000 RCX: 00007f959a27b3ae
[ 1037.785322] RDX: 000000002000ad00 RSI: 000000002000ad40 RDI: 00007ffce604ab20
[ 1037.787125] RBP: 00007ffce604abb0 R08: 00007ffce604aa20 R09: 0000000000000000
[ 1037.788893] R10: 0000000000000003 R11: 0000000000000206 R12: 0000000000401240
[ 1037.790628] R13: 00007ffce604acf0 R14: 0000000000000000 R15: 0000000000000000
[ 1037.792450] 
[ 1037.792450] Showing all locks held in the system:
[ 1037.793954] 1 lock held by khungtaskd/29:
[ 1037.794997]  #0: ffffffff8398b300 (rcu_read_lock){....}-{1:2}, at: debug_show_all_locks+0x23/0x185
[ 1037.797262] 2 locks held by repro/555:
[ 1037.798186]  #0: ffff8880123390e0 (&type->s_umount_key#47/1){+.+.}-{3:3}, at: alloc_super+0x120/0x460
[ 1037.800517]  #1: ffff888012339638 (sb_internal#2){.+.+}-{0:0}, at: xfs_qm_qino_alloc+0xd2/0x520
[ 1037.802678] 
[ 1037.803139] =============================================
[ 1037.803139] 
[ 1185.199168] INFO: task repro:555 blocked for more than 1032 seconds.
[ 1185.200465]       Not tainted 5.14.0-78e709522d2c+ #1
[ 1185.201433] "echo 0 > /proc/sys/kernel/hung_task_timeout_secs" disables this message.
[ 1185.202906] task:repro           state:D stack:    0 pid:  555 ppid:   554 flags:0x00004004
[ 1185.204610] Call Trace:
[ 1185.205103]  __schedule+0x48b/0xb50
[ 1185.205801]  ? lock_is_held_type+0xa6/0x110
[ 1185.206616]  ? xfs_ail_push+0x9c/0xe0
[ 1185.207436]  schedule+0x53/0xc0
[ 1185.208065]  xlog_grant_head_wait+0x5f/0x430
[ 1185.208932]  xlog_grant_head_check+0x1a7/0x1c0
[ 1185.209844]  xfs_log_reserve+0x150/0x440
[ 1185.210642]  xfs_trans_reserve+0x211/0x260
[ 1185.211541]  xfs_trans_alloc+0x144/0x470
[ 1185.212349]  xfs_qm_qino_alloc+0xd2/0x520
[ 1185.213161]  ? write_comp_data+0x2f/0x90
[ 1185.213959]  xfs_qm_init_quotainos+0x304/0x410
[ 1185.214846]  xfs_qm_init_quotainfo+0x99/0x4e0
[ 1185.215780]  ? write_comp_data+0x2f/0x90
[ 1185.216583]  xfs_qm_mount_quotas+0x3c/0x3a0
[ 1185.217427]  xfs_mountfs+0xc54/0xc60
[ 1185.218158]  xfs_fs_fill_super+0x720/0xd00
[ 1185.219024]  get_tree_bdev+0x243/0x350
[ 1185.219803]  ? xfs_fs_inode_init_once+0x90/0x90
[ 1185.220711]  xfs_fs_get_tree+0x21/0x30
[ 1185.221471]  vfs_get_tree+0x37/0x110
[ 1185.222203]  path_mount+0x76e/0x10b0
[ 1185.222991]  ? write_comp_data+0x2f/0x90
[ 1185.223773]  do_mount+0xa7/0xc0
[ 1185.224431]  __x64_sys_mount+0x143/0x150
[ 1185.225248]  do_syscall_64+0x37/0x80
[ 1185.225987]  entry_SYSCALL_64_after_hwframe+0x44/0xae
[ 1185.227069] RIP: 0033:0x7f959a27b3ae
[ 1185.227848] RSP: 002b:00007ffce604a9e8 EFLAGS: 00000206 ORIG_RAX: 00000000000000a5
[ 1185.229350] RAX: ffffffffffffffda RBX: 0000000000000000 RCX: 00007f959a27b3ae
[ 1185.230723] RDX: 000000002000ad00 RSI: 000000002000ad40 RDI: 00007ffce604ab20
[ 1185.232177] RBP: 00007ffce604abb0 R08: 00007ffce604aa20 R09: 0000000000000000
[ 1185.233567] R10: 0000000000000003 R11: 0000000000000206 R12: 0000000000401240
[ 1185.234980] R13: 00007ffce604acf0 R14: 0000000000000000 R15: 0000000000000000
[ 1185.236408] 
[ 1185.236408] Showing all locks held in the system:
[ 1185.237610] 1 lock held by khungtaskd/29:
[ 1185.238397]  #0: ffffffff8398b300 (rcu_read_lock){....}-{1:2}, at: debug_show_all_locks+0x23/0x185
[ 1185.240281] 2 locks held by repro/555:
[ 1185.241044]  #0: ffff8880123390e0 (&type->s_umount_key#47/1){+.+.}-{3:3}, at: alloc_super+0x120/0x460
[ 1185.242853]  #1: ffff888012339638 (sb_internal#2){.+.+}-{0:0}, at: xfs_qm_qino_alloc+0xd2/0x520
[ 1185.244668] 
[ 1185.244996] =============================================
[ 1185.244996] 
[ 1332.655138] INFO: task repro:555 blocked for more than 1179 seconds.
[ 1332.657059]       Not tainted 5.14.0-78e709522d2c+ #1
[ 1332.658598] "echo 0 > /proc/sys/kernel/hung_task_timeout_secs" disables this message.
[ 1332.661072] task:repro           state:D stack:    0 pid:  555 ppid:   554 flags:0x00004004
[ 1332.663856] Call Trace:
[ 1332.664688]  __schedule+0x48b/0xb50
[ 1332.665849]  ? lock_is_held_type+0xa6/0x110
[ 1332.667129]  ? xfs_ail_push+0x9c/0xe0
[ 1332.668216]  schedule+0x53/0xc0
[ 1332.669115]  xlog_grant_head_wait+0x5f/0x430
[ 1332.670364]  xlog_grant_head_check+0x1a7/0x1c0
[ 1332.671738]  xfs_log_reserve+0x150/0x440
[ 1332.672849]  xfs_trans_reserve+0x211/0x260
[ 1332.673981]  xfs_trans_alloc+0x144/0x470
[ 1332.675108]  xfs_qm_qino_alloc+0xd2/0x520
[ 1332.676265]  ? write_comp_data+0x2f/0x90
[ 1332.677364]  xfs_qm_init_quotainos+0x304/0x410
[ 1332.678599]  xfs_qm_init_quotainfo+0x99/0x4e0
[ 1332.679818]  ? write_comp_data+0x2f/0x90
[ 1332.680925]  xfs_qm_mount_quotas+0x3c/0x3a0
[ 1332.682094]  xfs_mountfs+0xc54/0xc60
[ 1332.683147]  xfs_fs_fill_super+0x720/0xd00
[ 1332.684316]  get_tree_bdev+0x243/0x350
[ 1332.685361]  ? xfs_fs_inode_init_once+0x90/0x90
[ 1332.686635]  xfs_fs_get_tree+0x21/0x30
[ 1332.687742]  vfs_get_tree+0x37/0x110
[ 1332.688762]  path_mount+0x76e/0x10b0
[ 1332.689783]  ? write_comp_data+0x2f/0x90
[ 1332.690896]  do_mount+0xa7/0xc0
[ 1332.691851]  __x64_sys_mount+0x143/0x150
[ 1332.692961]  do_syscall_64+0x37/0x80
[ 1332.693957]  entry_SYSCALL_64_after_hwframe+0x44/0xae
[ 1332.695393] RIP: 0033:0x7f959a27b3ae
[ 1332.696405] RSP: 002b:00007ffce604a9e8 EFLAGS: 00000206 ORIG_RAX: 00000000000000a5
[ 1332.698454] RAX: ffffffffffffffda RBX: 0000000000000000 RCX: 00007f959a27b3ae
[ 1332.700448] RDX: 000000002000ad00 RSI: 000000002000ad40 RDI: 00007ffce604ab20
[ 1332.702369] RBP: 00007ffce604abb0 R08: 00007ffce604aa20 R09: 0000000000000000
[ 1332.704341] R10: 0000000000000003 R11: 0000000000000206 R12: 0000000000401240
[ 1332.706265] R13: 00007ffce604acf0 R14: 0000000000000000 R15: 0000000000000000
[ 1332.708256] 
[ 1332.708256] Showing all locks held in the system:
[ 1332.709946] 1 lock held by khungtaskd/29:
[ 1332.711081]  #0: ffffffff8398b300 (rcu_read_lock){....}-{1:2}, at: debug_show_all_locks+0x23/0x185
[ 1332.713577] 2 locks held by repro/555:
[ 1332.714616]  #0: ffff8880123390e0 (&type->s_umount_key#47/1){+.+.}-{3:3}, at: alloc_super+0x120/0x460
[ 1332.717172]  #1: ffff888012339638 (sb_internal#2){.+.+}-{0:0}, at: xfs_qm_qino_alloc+0xd2/0x520
[ 1332.719603] 
[ 1332.720048] =============================================
[ 1332.720048] 
[ 1480.111319] INFO: task repro:555 blocked for more than 1327 seconds.
[ 1480.112579]       Not tainted 5.14.0-78e709522d2c+ #1
[ 1480.113530] "echo 0 > /proc/sys/kernel/hung_task_timeout_secs" disables this message.
[ 1480.115032] task:repro           state:D stack:    0 pid:  555 ppid:   554 flags:0x00004004
[ 1480.116612] Call Trace:
[ 1480.117095]  __schedule+0x48b/0xb50
[ 1480.117782]  ? lock_is_held_type+0xa6/0x110
[ 1480.118590]  ? xfs_ail_push+0x9c/0xe0
[ 1480.119339]  schedule+0x53/0xc0
[ 1480.119961]  xlog_grant_head_wait+0x5f/0x430
[ 1480.120793]  xlog_grant_head_check+0x1a7/0x1c0
[ 1480.121654]  xfs_log_reserve+0x150/0x440
[ 1480.122417]  xfs_trans_reserve+0x211/0x260
[ 1480.123236]  xfs_trans_alloc+0x144/0x470
[ 1480.124010]  xfs_qm_qino_alloc+0xd2/0x520
[ 1480.124784]  ? write_comp_data+0x2f/0x90
[ 1480.125547]  xfs_qm_init_quotainos+0x304/0x410
[ 1480.126407]  xfs_qm_init_quotainfo+0x99/0x4e0
[ 1480.127272]  ? write_comp_data+0x2f/0x90
[ 1480.128040]  xfs_qm_mount_quotas+0x3c/0x3a0
[ 1480.128847]  xfs_mountfs+0xc54/0xc60
[ 1480.129546]  xfs_fs_fill_super+0x720/0xd00
[ 1480.130339]  get_tree_bdev+0x243/0x350
[ 1480.131090]  ? xfs_fs_inode_init_once+0x90/0x90
[ 1480.131974]  xfs_fs_get_tree+0x21/0x30
[ 1480.132701]  vfs_get_tree+0x37/0x110
[ 1480.133396]  path_mount+0x76e/0x10b0
[ 1480.134095]  ? write_comp_data+0x2f/0x90
[ 1480.134856]  do_mount+0xa7/0xc0
[ 1480.135500]  __x64_sys_mount+0x143/0x150
[ 1480.136243]  do_syscall_64+0x37/0x80
[ 1480.136922]  entry_SYSCALL_64_after_hwframe+0x44/0xae
[ 1480.137864] RIP: 0033:0x7f959a27b3ae
[ 1480.138540] RSP: 002b:00007ffce604a9e8 EFLAGS: 00000206 ORIG_RAX: 00000000000000a5
[ 1480.139949] RAX: ffffffffffffffda RBX: 0000000000000000 RCX: 00007f959a27b3ae
[ 1480.141249] RDX: 000000002000ad00 RSI: 000000002000ad40 RDI: 00007ffce604ab20
[ 1480.142546] RBP: 00007ffce604abb0 R08: 00007ffce604aa20 R09: 0000000000000000
[ 1480.143873] R10: 0000000000000003 R11: 0000000000000206 R12: 0000000000401240
[ 1480.145176] R13: 00007ffce604acf0 R14: 0000000000000000 R15: 0000000000000000
[ 1480.146497] 
[ 1480.146497] Showing all locks held in the system:
[ 1480.147654] 1 lock held by khungtaskd/29:
[ 1480.148403]  #0: ffffffff8398b300 (rcu_read_lock){....}-{1:2}, at: debug_show_all_locks+0x23/0x185
[ 1480.150070] 2 locks held by repro/555:
[ 1480.150768]  #0: ffff8880123390e0 (&type->s_umount_key#47/1){+.+.}-{3:3}, at: alloc_super+0x120/0x460
[ 1480.152510]  #1: ffff888012339638 (sb_internal#2){.+.+}-{0:0}, at: xfs_qm_qino_alloc+0xd2/0x520
[ 1480.154165] 
[ 1480.154459] =============================================
[ 1480.154459] 
[ 1627.567346] INFO: task repro:555 blocked for more than 1474 seconds.
[ 1627.568749]       Not tainted 5.14.0-78e709522d2c+ #1
[ 1627.569842] "echo 0 > /proc/sys/kernel/hung_task_timeout_secs" disables this message.
[ 1627.571575] task:repro           state:D stack:    0 pid:  555 ppid:   554 flags:0x00004004
[ 1627.573392] Call Trace:
[ 1627.573954]  __schedule+0x48b/0xb50
[ 1627.574746]  ? lock_is_held_type+0xa6/0x110
[ 1627.575745]  ? xfs_ail_push+0x9c/0xe0
[ 1627.576572]  schedule+0x53/0xc0
[ 1627.577305]  xlog_grant_head_wait+0x5f/0x430
[ 1627.578292]  xlog_grant_head_check+0x1a7/0x1c0
[ 1627.579413]  xfs_log_reserve+0x150/0x440
[ 1627.580334]  xfs_trans_reserve+0x211/0x260
[ 1627.581283]  xfs_trans_alloc+0x144/0x470
[ 1627.582198]  xfs_qm_qino_alloc+0xd2/0x520
[ 1627.583158]  ? write_comp_data+0x2f/0x90
[ 1627.584078]  xfs_qm_init_quotainos+0x304/0x410
[ 1627.585099]  xfs_qm_init_quotainfo+0x99/0x4e0
[ 1627.586091]  ? write_comp_data+0x2f/0x90
[ 1627.587031]  xfs_qm_mount_quotas+0x3c/0x3a0
[ 1627.587978]  xfs_mountfs+0xc54/0xc60
[ 1627.588787]  xfs_fs_fill_super+0x720/0xd00
[ 1627.589701]  get_tree_bdev+0x243/0x350
[ 1627.590540]  ? xfs_fs_inode_init_once+0x90/0x90
[ 1627.591590]  xfs_fs_get_tree+0x21/0x30
[ 1627.592433]  vfs_get_tree+0x37/0x110
[ 1627.593237]  path_mount+0x76e/0x10b0
[ 1627.594042]  ? write_comp_data+0x2f/0x90
[ 1627.594958]  do_mount+0xa7/0xc0
[ 1627.595684]  __x64_sys_mount+0x143/0x150
[ 1627.596562]  do_syscall_64+0x37/0x80
[ 1627.597366]  entry_SYSCALL_64_after_hwframe+0x44/0xae
[ 1627.598485] RIP: 0033:0x7f959a27b3ae
[ 1627.599338] RSP: 002b:00007ffce604a9e8 EFLAGS: 00000206 ORIG_RAX: 00000000000000a5
[ 1627.600984] RAX: ffffffffffffffda RBX: 0000000000000000 RCX: 00007f959a27b3ae
[ 1627.602533] RDX: 000000002000ad00 RSI: 000000002000ad40 RDI: 00007ffce604ab20
[ 1627.604140] RBP: 00007ffce604abb0 R08: 00007ffce604aa20 R09: 0000000000000000
[ 1627.605687] R10: 0000000000000003 R11: 0000000000000206 R12: 0000000000401240
[ 1627.607286] R13: 00007ffce604acf0 R14: 0000000000000000 R15: 0000000000000000
[ 1627.609470] 
[ 1627.609470] Showing all locks held in the system:
[ 1627.611292] 1 lock held by khungtaskd/29:
[ 1627.612448]  #0: ffffffff8398b300 (rcu_read_lock){....}-{1:2}, at: debug_show_all_locks+0x23/0x185
[ 1627.615011] 2 locks held by repro/555:
[ 1627.616081]  #0: ffff8880123390e0 (&type->s_umount_key#47/1){+.+.}-{3:3}, at: alloc_super+0x120/0x460
[ 1627.618628]  #1: ffff888012339638 (sb_internal#2){.+.+}-{0:0}, at: xfs_qm_qino_alloc+0xd2/0x520
[ 1627.621081] 
[ 1627.621524] =============================================
[ 1627.621524] 
