c[?7l[2J[0mSeaBIOS (version rel-1.16.0-0-gd239552ce722-prebuilt.qemu.org)


iPXE (http://ipxe.org) 00:03.0 CA00 PCI2.10 PnP PMM+7FF91000+7FEF1000 CA00
Press Ctrl-B to configure iPXE (PCI 00:03.0)...                                                                               


Booting from ROM..c[?7l[2J[0m.[    0.000000] Linux version 5.14.0-7c314bdfb64e+ (root@p-rpls01) (gcc (GCC) 8.5.0 20210514 (Red Hat 8.5.0-18), GNU ld version 2.36.1-2.el8) #1 SMP Wed Apr 5 14:14:57 CST 2023
[    0.000000] Command line: console=ttyS0 root=/dev/sda earlyprintk=serial net.ifnames=0
[    0.000000] KERNEL supported cpus:
[    0.000000]   Intel GenuineIntel
[    0.000000]   AMD AuthenticAMD
[    0.000000]   Hygon HygonGenuine
[    0.000000]   Centaur CentaurHauls
[    0.000000]   zhaoxin   Shanghai  
[    0.000000] x86/fpu: Supporting XSAVE feature 0x001: 'x87 floating point registers'
[    0.000000] x86/fpu: Supporting XSAVE feature 0x002: 'SSE registers'
[    0.000000] x86/fpu: Supporting XSAVE feature 0x004: 'AVX registers'
[    0.000000] x86/fpu: Supporting XSAVE feature 0x200: 'Protection Keys User registers'
[    0.000000] x86/fpu: xstate_offset[2]:  576, xstate_sizes[2]:  256
[    0.000000] x86/fpu: xstate_offset[9]:  832, xstate_sizes[9]:    8
[    0.000000] x86/fpu: Enabled xstate features 0x207, context size is 840 bytes, using 'compacted' format.
[    0.000000] signal: max sigframe size: 3632
[    0.000000] BIOS-provided physical RAM map:
[    0.000000] BIOS-e820: [mem 0x0000000000000000-0x000000000009fbff] usable
[    0.000000] BIOS-e820: [mem 0x000000000009fc00-0x000000000009ffff] reserved
[    0.000000] BIOS-e820: [mem 0x00000000000f0000-0x00000000000fffff] reserved
[    0.000000] BIOS-e820: [mem 0x0000000000100000-0x000000007ffdffff] usable
[    0.000000] BIOS-e820: [mem 0x000000007ffe0000-0x000000007fffffff] reserved
[    0.000000] BIOS-e820: [mem 0x00000000feffc000-0x00000000feffffff] reserved
[    0.000000] BIOS-e820: [mem 0x00000000fffc0000-0x00000000ffffffff] reserved
[    0.000000] printk: bootconsole [earlyser0] enabled
[    0.000000] NX (Execute Disable) protection: active
[    0.000000] SMBIOS 2.8 present.
[    0.000000] DMI: QEMU Standard PC (i440FX + PIIX, 1996), BIOS rel-1.16.0-0-gd239552ce722-prebuilt.qemu.org 04/01/2014
[    0.000000] Hypervisor detected: KVM
[    0.000000] kvm-clock: Using msrs 4b564d01 and 4b564d00
[    0.000000] kvm-clock: cpu 0, msr 5401001, primary cpu clock
[    0.000007] kvm-clock: using sched offset of 597963375 cycles
[    0.001537] clocksource: kvm-clock: mask: 0xffffffffffffffff max_cycles: 0x1cd42e4dffb, max_idle_ns: 881590591483 ns
[    0.005996] tsc: Detected 806.400 MHz processor
[    0.014951] last_pfn = 0x7ffe0 max_arch_pfn = 0x400000000
[    0.016696] x86/PAT: Configuration [0-7]: WB  WC  UC- UC  WB  WP  UC- WT  
[    0.025437] found SMP MP-table at [mem 0x000f5ba0-0x000f5baf]
[    0.027179] Using GB pages for direct mapping
[    0.029814] ACPI: Early table checksum verification disabled
[    0.031385] ACPI: RSDP 0x00000000000F59C0 000014 (v00 BOCHS )
[    0.032966] ACPI: RSDT 0x000000007FFE1951 000034 (v01 BOCHS  BXPC     00000001 BXPC 00000001)
[    0.035311] ACPI: FACP 0x000000007FFE17FD 000074 (v01 BOCHS  BXPC     00000001 BXPC 00000001)
[    0.037644] ACPI: DSDT 0x000000007FFE0040 0017BD (v01 BOCHS  BXPC     00000001 BXPC 00000001)
[    0.040071] ACPI: FACS 0x000000007FFE0000 000040
[    0.041148] ACPI: APIC 0x000000007FFE1871 000080 (v01 BOCHS  BXPC     00000001 BXPC 00000001)
[    0.043077] ACPI: HPET 0x000000007FFE18F1 000038 (v01 BOCHS  BXPC     00000001 BXPC 00000001)
[    0.045494] ACPI: WAET 0x000000007FFE1929 000028 (v01 BOCHS  BXPC     00000001 BXPC 00000001)
[    0.047866] ACPI: Reserving FACP table memory at [mem 0x7ffe17fd-0x7ffe1870]
[    0.049875] ACPI: Reserving DSDT table memory at [mem 0x7ffe0040-0x7ffe17fc]
[    0.051795] ACPI: Reserving FACS table memory at [mem 0x7ffe0000-0x7ffe003f]
[    0.053701] ACPI: Reserving APIC table memory at [mem 0x7ffe1871-0x7ffe18f0]
[    0.055637] ACPI: Reserving HPET table memory at [mem 0x7ffe18f1-0x7ffe1928]
[    0.057528] ACPI: Reserving WAET table memory at [mem 0x7ffe1929-0x7ffe1950]
[    0.060712] No NUMA configuration found
[    0.061765] Faking a node at [mem 0x0000000000000000-0x000000007ffdffff]
[    0.063869] NODE_DATA(0) allocated [mem 0x7ffb5000-0x7ffdffff]
[    0.069485] Zone ranges:
[    0.070207]   DMA      [mem 0x0000000000001000-0x0000000000ffffff]
[    0.072099]   DMA32    [mem 0x0000000001000000-0x000000007ffdffff]
[    0.073911]   Normal   empty
[    0.074686]   Device   empty
[    0.075468] Movable zone start for each node
[    0.076613] Early memory node ranges
[    0.077564]   node   0: [mem 0x0000000000001000-0x000000000009efff]
[    0.079248]   node   0: [mem 0x0000000000100000-0x000000007ffdffff]
[    0.080919] Initmem setup node 0 [mem 0x0000000000001000-0x000000007ffdffff]
[    0.083967] On node 0, zone DMA: 1 pages in unavailable ranges
[    0.084500] On node 0, zone DMA: 97 pages in unavailable ranges
[    0.133953] On node 0, zone DMA32: 32 pages in unavailable ranges
[    0.136578] ACPI: PM-Timer IO Port: 0x608
[    0.139324] ACPI: LAPIC_NMI (acpi_id[0xff] dfl dfl lint[0x1])
[    0.140999] IOAPIC[0]: apic_id 0, version 17, address 0xfec00000, GSI 0-23
[    0.142835] ACPI: INT_SRC_OVR (bus 0 bus_irq 0 global_irq 2 dfl dfl)
[    0.144519] ACPI: INT_SRC_OVR (bus 0 bus_irq 5 global_irq 5 high level)
[    0.146255] ACPI: INT_SRC_OVR (bus 0 bus_irq 9 global_irq 9 high level)
[    0.148000] ACPI: INT_SRC_OVR (bus 0 bus_irq 10 global_irq 10 high level)
[    0.149817] ACPI: INT_SRC_OVR (bus 0 bus_irq 11 global_irq 11 high level)
[    0.151845] ACPI: Using ACPI (MADT) for SMP configuration information
[    0.153540] ACPI: HPET id: 0x8086a201 base: 0xfed00000
[    0.154907] TSC deadline timer available
[    0.155958] smpboot: Allowing 2 CPUs, 0 hotplug CPUs
[    0.157386] kvm-guest: KVM setup pv remote TLB flush
[    0.158711] kvm-guest: setup PV sched yield
[    0.159910] PM: hibernation: Registered nosave memory: [mem 0x00000000-0x00000fff]
[    0.161908] PM: hibernation: Registered nosave memory: [mem 0x0009f000-0x0009ffff]
[    0.163890] PM: hibernation: Registered nosave memory: [mem 0x000a0000-0x000effff]
[    0.165874] PM: hibernation: Registered nosave memory: [mem 0x000f0000-0x000fffff]
[    0.167907] [mem 0x80000000-0xfeffbfff] available for PCI devices
[    0.169505] Booting paravirtualized kernel on KVM
[    0.170769] clocksource: refined-jiffies: mask: 0xffffffff max_cycles: 0xffffffff, max_idle_ns: 7645519600211568 ns
[    0.173595] setup_percpu: NR_CPUS:8192 nr_cpumask_bits:2 nr_cpu_ids:2 nr_node_ids:1
[    0.178386] percpu: Embedded 59 pages/cpu s204800 r8192 d28672 u1048576
[    0.180437] kvm-guest: setup async PF for cpu 0
[    0.181671] kvm-guest: stealtime: cpu 0, msr 7dc31080
[    0.183046] kvm-guest: PV spinlocks enabled
[    0.184178] PV qspinlock hash table entries: 256 (order: 0, 4096 bytes, linear)
[    0.186197] Built 1 zonelists, mobility grouping on.  Total pages: 515808
[    0.188024] Policy zone: DMA32
[    0.188853] Kernel command line: net.ifnames=0 console=ttyS0 root=/dev/sda earlyprintk=serial net.ifnames=0
[    0.197386] Dentry cache hash table entries: 262144 (order: 9, 2097152 bytes, linear)
[    0.200008] Inode-cache hash table entries: 131072 (order: 8, 1048576 bytes, linear)
[    0.202273] mem auto-init: stack:off, heap alloc:off, heap free:off
[    0.211886] Memory: 1987472K/2096632K available (30737K kernel code, 5234K rwdata, 7608K rodata, 3240K init, 22028K bss, 108904K reserved, 0K cma-reserved)
[    0.215663] random: get_random_u64 called from __kmem_cache_create+0x2f/0x490 with crng_init=0
[    0.216341] SLUB: HWalign=64, Order=0-3, MinObjects=0, CPUs=2, Nodes=1
[    0.220220] kmemleak: Kernel memory leak detector disabled
[    0.221700] ftrace: allocating 64507 entries in 252 pages
[    0.330842] ftrace: allocated 252 pages with 6 groups
[    0.332665] Running RCU self tests
[    0.333582] rcu: Hierarchical RCU implementation.
[    0.334819] rcu: 	RCU lockdep checking is enabled.
[    0.336101] rcu: 	RCU restricting CPUs from NR_CPUS=8192 to nr_cpu_ids=2.
[    0.337903] 	Trampoline variant of Tasks RCU enabled.
[    0.339252] 	Rude variant of Tasks RCU enabled.
[    0.340459] 	Tracing variant of Tasks RCU enabled.
[    0.341749] rcu: RCU calculated value of scheduler-enlistment delay is 25 jiffies.
[    0.343781] rcu: Adjusting geometry for rcu_fanout_leaf=16, nr_cpu_ids=2
[    0.371296] NR_IRQS: 524544, nr_irqs: 440, preallocated irqs: 16
[    0.396131] Console: colour VGA+ 80x25
[    0.397212] printk: console [ttyS0] enabled
[    0.397212] printk: console [ttyS0] enabled
[    0.399427] printk: bootconsole [earlyser0] disabled
[    0.399427] printk: bootconsole [earlyser0] disabled
[    0.402058] Lock dependency validator: Copyright (c) 2006 Red Hat, Inc., Ingo Molnar
[    0.404120] ... MAX_LOCKDEP_SUBCLASSES:  8
[    0.405230] ... MAX_LOCK_DEPTH:          48
[    0.406365] ... MAX_LOCKDEP_KEYS:        8192
[    0.407570] ... CLASSHASH_SIZE:          4096
[    0.408740] ... MAX_LOCKDEP_ENTRIES:     32768
[    0.409929] ... MAX_LOCKDEP_CHAINS:      65536
[    0.411126] ... CHAINHASH_SIZE:          32768
[    0.412336]  memory used by lock dependency info: 6365 kB
[    0.413774]  memory used for stack traces: 4224 kB
[    0.415061]  per task-struct memory footprint: 1920 bytes
[    0.416558] ACPI: Core revision 20210730
[    0.417973] clocksource: hpet: mask: 0xffffffff max_cycles: 0xffffffff, max_idle_ns: 19112604467 ns
[    0.420701] APIC: Switch to symmetric I/O mode setup
[    0.422788] x2apic enabled
[    0.424282] Switched APIC routing to physical x2apic.
[    0.425740] kvm-guest: setup PV IPIs
[    0.429842] ..TIMER: vector=0x30 apic1=0 pin1=2 apic2=-1 pin2=-1
[    0.431626] clocksource: tsc-early: mask: 0xffffffffffffffff max_cycles: 0xb9fb05486c, max_idle_ns: 440795231721 ns
[    0.434468] Calibrating delay loop (skipped) preset value.. 1612.80 BogoMIPS (lpj=3225600)
[    0.438452] pid_max: default: 32768 minimum: 301
[    0.439752] LSM: Security Framework initializing
[    0.441000] Yama: becoming mindful.
[    0.442073] Mount-cache hash table entries: 4096 (order: 3, 32768 bytes, linear)
[    0.442458] Mountpoint-cache hash table entries: 4096 (order: 3, 32768 bytes, linear)
[    0.447888] CPU0: Thermal monitoring enabled (TM1)
[    0.449633] x86/cpu: User Mode Instruction Prevention (UMIP) activated
[    0.451163] Last level iTLB entries: 4KB 0, 2MB 0, 4MB 0
[    0.452761] Last level dTLB entries: 4KB 0, 2MB 0, 4MB 0, 1GB 0
[    0.454486] Spectre V1 : Mitigation: usercopy/swapgs barriers and __user pointer sanitization
[    0.456813] Spectre V2 : Mitigation: Enhanced IBRS
[    0.458451] Spectre V2 : Spectre v2 / SpectreRSB mitigation: Filling RSB on context switch
[    0.460651] Spectre V2 : mitigation: Enabling conditional Indirect Branch Prediction Barrier
[    0.462452] Speculative Store Bypass: Mitigation: Speculative Store Bypass disabled via prctl and seccomp
[    0.499548] Freeing SMP alternatives memory: 56K
[    0.501494] smpboot: CPU0: Genuine Intel(R) 0000 (family: 0x6, model: 0xb7, stepping: 0x0)
[    0.502449] Running RCU-tasks wait API self tests
[    0.606716] Performance Events: generic architected perfmon, full-width counters, Intel PMU driver.
[    0.609300] ... version:                2
[    0.610376] ... bit width:              48
[    0.610461] ... generic registers:      6
[    0.611545] ... value mask:             0000ffffffffffff
[    0.612961] ... max period:             00007fffffffffff
[    0.614367] ... fixed-purpose events:   3
[    0.614465] ... event mask:             000000070000003f
[    0.615875] Callback from call_rcu_tasks_trace() invoked.
[    0.617820] rcu: Hierarchical SRCU implementation.
[    0.621470] smp: Bringing up secondary CPUs ...
[    0.623022] x86: Booting SMP configuration:
[    0.624179] .... node  #0, CPUs:      #1
[    0.053189] kvm-clock: cpu 1, msr 5401041, secondary cpu clock
[    0.625939] kvm-guest: setup async PF for cpu 1
[    0.625939] kvm-guest: stealtime: cpu 1, msr 7dd31080
[    0.626630] smp: Brought up 1 node, 2 CPUs
[    0.630480] smpboot: Max logical packages: 1
[    0.631614] smpboot: Total of 2 processors activated (3225.60 BogoMIPS)
[    0.636378] devtmpfs: initialized
[    0.636378] x86/mm: Memory block size: 128MB
[    0.642560] clocksource: jiffies: mask: 0xffffffff max_cycles: 0xffffffff, max_idle_ns: 7645041785100000 ns
[    0.645184] futex hash table entries: 512 (order: 4, 65536 bytes, linear)
[    0.646829] pinctrl core: initialized pinctrl subsystem
[    0.648793] 
[    0.649208] *************************************************************
[    0.650461] **     NOTICE NOTICE NOTICE NOTICE NOTICE NOTICE NOTICE    **
[    0.652246] **                                                         **
[    0.654026] **  IOMMU DebugFS SUPPORT HAS BEEN ENABLED IN THIS KERNEL  **
[    0.654460] **                                                         **
[    0.656207] ** This means that this kernel is built to expose internal **
[    0.657978] ** IOMMU data structures, which may compromise security on **
[    0.658460] ** your system.                                            **
[    0.660428] **                                                         **
[    0.662384] ** If you see this message and you are not debugging the   **
[    0.662460] ** kernel, report this immediately to your vendor!         **
[    0.664249] **                                                         **
[    0.666069] **     NOTICE NOTICE NOTICE NOTICE NOTICE NOTICE NOTICE    **
[    0.666460] *************************************************************
[    0.668424] PM: RTC time: 06:53:23, date: 2023-04-05
[    0.671268] NET: Registered PF_NETLINK/PF_ROUTE protocol family
[    0.673542] DMA: preallocated 256 KiB GFP_KERNEL pool for atomic allocations
[    0.674492] DMA: preallocated 256 KiB GFP_KERNEL|GFP_DMA pool for atomic allocations
[    0.676598] DMA: preallocated 256 KiB GFP_KERNEL|GFP_DMA32 pool for atomic allocations
[    0.678507] audit: initializing netlink subsys (disabled)
[    0.680001] audit: type=2000 audit(1680677604.058:1): state=initialized audit_enabled=0 res=1
[    0.680001] thermal_sys: Registered thermal governor 'fair_share'
[    0.682472] thermal_sys: Registered thermal governor 'bang_bang'
[    0.684244] thermal_sys: Registered thermal governor 'step_wise'
[    0.685937] thermal_sys: Registered thermal governor 'user_space'
[    0.686536] cpuidle: using governor ladder
[    0.689332] cpuidle: using governor menu
[    0.690984] ACPI: bus type PCI registered
[    0.692062] acpiphp: ACPI Hot Plug PCI Controller Driver version: 0.5
[    0.694266] PCI: Using configuration type 1 for base access
[    0.710659] Callback from call_rcu_tasks_rude() invoked.
[    0.712223] Kprobes globally optimized
[    0.714674] HugeTLB registered 1.00 GiB page size, pre-allocated 0 pages
[    0.716364] HugeTLB registered 2.00 MiB page size, pre-allocated 0 pages
[    0.726957] ACPI: PRMT not present
[    0.730545] ACPI: Added _OSI(Module Device)
[    0.731687] ACPI: Added _OSI(Processor Device)
[    0.732888] ACPI: Added _OSI(3.0 _SCP Extensions)
[    0.734172] ACPI: Added _OSI(Processor Aggregator Device)
[    0.734463] ACPI: Added _OSI(Linux-Dell-Video)
[    0.735669] ACPI: Added _OSI(Linux-Lenovo-NV-HDMI-Audio)
[    0.737131] ACPI: Added _OSI(Linux-HPI-Hybrid-Graphics)
[    0.745053] ACPI: 1 ACPI AML tables successfully acquired and loaded
[    0.750874] ACPI: Interpreter enabled
[    0.752058] ACPI: PM: (supports S0 S3 S4 S5)
[    0.753239] ACPI: Using IOAPIC for interrupt routing
[    0.754527] PCI: Using host bridge windows from ACPI; if necessary, use "pci=nocrs" and report a bug
[    0.757892] ACPI: Enabled 2 GPEs in block 00 to 0F
[    0.777465] ACPI: PCI Root Bridge [PCI0] (domain 0000 [bus 00-ff])
[    0.778477] acpi PNP0A03:00: _OSC: OS supports [ASPM ClockPM Segments MSI EDR HPX-Type3]
[    0.780812] acpi PNP0A03:00: fail to add MMCONFIG information, can't access extended PCI configuration space under this bridge.
[    0.784804] acpiphp: Slot [3] registered
[    0.786017] acpiphp: Slot [4] registered
[    0.790552] acpiphp: Slot [5] registered
[    0.791758] acpiphp: Slot [6] registered
[    0.792954] acpiphp: Slot [7] registered
[    0.794142] acpiphp: Slot [8] registered
[    0.794576] acpiphp: Slot [9] registered
[    0.795754] acpiphp: Slot [10] registered
[    0.796972] acpiphp: Slot [11] registered
[    0.798190] acpiphp: Slot [12] registered
[    0.798608] acpiphp: Slot [13] registered
[    0.799810] acpiphp: Slot [14] registered
[    0.801009] acpiphp: Slot [15] registered
[    0.802229] acpiphp: Slot [16] registered
[    0.802558] acpiphp: Slot [17] registered
[    0.803836] acpiphp: Slot [18] registered
[    0.805064] acpiphp: Slot [19] registered
[    0.806287] acpiphp: Slot [20] registered
[    0.806550] acpiphp: Slot [21] registered
[    0.807773] acpiphp: Slot [22] registered
[    0.808980] acpiphp: Slot [23] registered
[    0.810193] acpiphp: Slot [24] registered
[    0.814586] Callback from call_rcu_tasks() invoked.
[    0.814612] acpiphp: Slot [25] registered
[    0.817480] acpiphp: Slot [26] registered
[    0.818622] acpiphp: Slot [27] registered
[    0.819844] acpiphp: Slot [28] registered
[    0.821084] acpiphp: Slot [29] registered
[    0.822312] acpiphp: Slot [30] registered
[    0.822691] acpiphp: Slot [31] registered
[    0.823875] PCI host bridge to bus 0000:00
[    0.825046] pci_bus 0000:00: root bus resource [io  0x0000-0x0cf7 window]
[    0.826463] pci_bus 0000:00: root bus resource [io  0x0d00-0xffff window]
[    0.828376] pci_bus 0000:00: root bus resource [mem 0x000a0000-0x000bffff window]
[    0.830464] pci_bus 0000:00: root bus resource [mem 0x80000000-0xfebfffff window]
[    0.832568] pci_bus 0000:00: root bus resource [mem 0x100000000-0x17fffffff window]
[    0.834463] pci_bus 0000:00: root bus resource [bus 00-ff]
[    0.836167] pci 0000:00:00.0: [8086:1237] type 00 class 0x060000
[    0.844592] pci 0000:00:01.0: [8086:7000] type 00 class 0x060100
[    0.848332] pci 0000:00:01.1: [8086:7010] type 00 class 0x010180
[    0.852876] pci 0000:00:01.1: reg 0x20: [io  0xc040-0xc04f]
[    0.855547] pci 0000:00:01.1: legacy IDE quirk: reg 0x10: [io  0x01f0-0x01f7]
[    0.857553] pci 0000:00:01.1: legacy IDE quirk: reg 0x14: [io  0x03f6]
[    0.858463] pci 0000:00:01.1: legacy IDE quirk: reg 0x18: [io  0x0170-0x0177]
[    0.861022] pci 0000:00:01.1: legacy IDE quirk: reg 0x1c: [io  0x0376]
[    0.863521] pci 0000:00:01.3: [8086:7113] type 00 class 0x068000
[    0.866371] pci 0000:00:01.3: quirk: [io  0x0600-0x063f] claimed by PIIX4 ACPI
[    0.870483] pci 0000:00:01.3: quirk: [io  0x0700-0x070f] claimed by PIIX4 SMB
[    0.875199] pci 0000:00:02.0: [1234:1111] type 00 class 0x030000
[    0.879138] pci 0000:00:02.0: reg 0x10: [mem 0xfd000000-0xfdffffff pref]
[    0.883773] pci 0000:00:02.0: reg 0x18: [mem 0xfebf0000-0xfebf0fff]
[    0.890501] pci 0000:00:02.0: reg 0x30: [mem 0xfebe0000-0xfebeffff pref]
[    0.894449] pci 0000:00:03.0: [8086:100e] type 00 class 0x020000
[    0.894449] pci 0000:00:03.0: reg 0x10: [mem 0xfebc0000-0xfebdffff]
[    0.903418] pci 0000:00:03.0: reg 0x14: [io  0xc000-0xc03f]
[    0.910412] pci 0000:00:03.0: reg 0x30: [mem 0xfeb80000-0xfebbffff pref]
[    0.963187] ACPI: PCI: Interrupt link LNKA configured for IRQ 10
[    0.965317] ACPI: PCI: Interrupt link LNKB configured for IRQ 10
[    0.966961] ACPI: PCI: Interrupt link LNKC configured for IRQ 11
[    0.969060] ACPI: PCI: Interrupt link LNKD configured for IRQ 11
[    0.970705] ACPI: PCI: Interrupt link LNKS configured for IRQ 9
[    0.974593] iommu: Default domain type: Translated 
[    0.978668] pci 0000:00:02.0: vgaarb: setting as boot VGA device
[    0.980167] pci 0000:00:02.0: vgaarb: VGA device added: decodes=io+mem,owns=io+mem,locks=none
[    0.982462] pci 0000:00:02.0: vgaarb: bridge control possible
[    0.983975] vgaarb: loaded
[    0.985800] SCSI subsystem initialized
[    0.986641] ACPI: bus type USB registered
[    0.987818] usbcore: registered new interface driver usbfs
[    0.987818] usbcore: registered new interface driver hub
[    0.987999] usbcore: registered new device driver usb
[    0.989459] pps_core: LinuxPPS API ver. 1 registered
[    0.990458] pps_core: Software ver. 5.3.6 - Copyright 2005-2007 Rodolfo Giometti <giometti@linux.it>
[    0.992911] PTP clock support registered
[    0.994528] EDAC MC: Ver: 3.0.0
[    0.999371] NetLabel: Initializing
[    1.000320] NetLabel:  domain hash size = 128
[    1.001490] NetLabel:  protocols = UNLABELED CIPSOv4 CALIPSO
[    1.002518] NetLabel:  unlabeled traffic allowed by default
[    1.004072] PCI: Using ACPI for IRQ routing
[    1.004072] hpet0: at MMIO 0xfed00000, IRQs 2, 8, 0
[    1.004072] hpet0: 3 comparators, 64-bit 100.000000 MHz counter
[    1.011760] clocksource: Switched to clocksource kvm-clock
[    1.208890] VFS: Disk quotas dquot_6.6.0
[    1.210090] VFS: Dquot-cache hash table entries: 512 (order 0, 4096 bytes)
[    1.212327] pnp: PnP ACPI init
[    1.215537] pnp: PnP ACPI: found 6 devices
[    1.228739] clocksource: acpi_pm: mask: 0xffffff max_cycles: 0xffffff, max_idle_ns: 2085701024 ns
[    1.231507] NET: Registered PF_INET protocol family
[    1.233442] IP idents hash table entries: 32768 (order: 6, 262144 bytes, linear)
[    1.242146] tcp_listen_portaddr_hash hash table entries: 1024 (order: 4, 81920 bytes, linear)
[    1.244640] TCP established hash table entries: 16384 (order: 5, 131072 bytes, linear)
[    1.247201] TCP bind hash table entries: 16384 (order: 8, 1179648 bytes, linear)
[    1.252720] TCP: Hash tables configured (established 16384 bind 16384)
[    1.255128] UDP hash table entries: 1024 (order: 5, 163840 bytes, linear)
[    1.257260] UDP-Lite hash table entries: 1024 (order: 5, 163840 bytes, linear)
[    1.259700] NET: Registered PF_UNIX/PF_LOCAL protocol family
[    1.262182] RPC: Registered named UNIX socket transport module.
[    1.263810] RPC: Registered udp transport module.
[    1.265047] RPC: Registered tcp transport module.
[    1.266298] RPC: Registered tcp NFSv4.1 backchannel transport module.
[    1.268079] pci_bus 0000:00: resource 4 [io  0x0000-0x0cf7 window]
[    1.269707] pci_bus 0000:00: resource 5 [io  0x0d00-0xffff window]
[    1.271356] pci_bus 0000:00: resource 6 [mem 0x000a0000-0x000bffff window]
[    1.273136] pci_bus 0000:00: resource 7 [mem 0x80000000-0xfebfffff window]
[    1.274975] pci_bus 0000:00: resource 8 [mem 0x100000000-0x17fffffff window]
[    1.277141] pci 0000:00:01.0: PIIX3: Enabling Passive Release
[    1.278708] pci 0000:00:00.0: Limiting direct PCI/PCI transfers
[    1.280278] pci 0000:00:01.0: Activating ISA DMA hang workarounds
[    1.282057] pci 0000:00:02.0: Video device with shadowed ROM at [mem 0x000c0000-0x000dffff]
[    1.284334] PCI: CLS 0 bytes, default 64
[    1.287058] ACPI: bus type thunderbolt registered
[    1.288737] clocksource: tsc: mask: 0xffffffffffffffff max_cycles: 0xb9fb05486c, max_idle_ns: 440795231721 ns
[    4.223617] Initialise system trusted keyrings
[    4.224986] Key type blacklist registered
[    4.226553] workingset: timestamp_bits=36 max_order=19 bucket_order=0
[    4.238550] zbud: loaded
[    4.241136] squashfs: version 4.0 (2009/01/31) Phillip Lougher
[    4.244957] NFS: Registering the id_resolver key type
[    4.246515] Key type id_resolver registered
[    4.247684] Key type id_legacy registered
[    4.248911] nfs4filelayout_init: NFSv4 File Layout Driver Registering...
[    4.250848] nfs4flexfilelayout_init: NFSv4 Flexfile Layout Driver Registering...
[    4.253338] fuse: init (API version 7.34)
[    4.255089] SGI XFS with ACLs, security attributes, realtime, quota, no debug enabled
[    4.259367] 9p: Installing v9fs 9p2000 file system support
[    4.271081] Key type asymmetric registered
[    4.272299] Asymmetric key parser 'x509' registered
[    4.273754] Block layer SCSI generic (bsg) driver version 0.4 loaded (major 244)
[    4.276108] io scheduler mq-deadline registered
[    4.277654] io scheduler bfq registered
[    4.279436] shpchp: Standard Hot Plug PCI Controller Driver version: 0.4
[    4.281819] IPMI message handler: version 39.2
[    4.283161] ipmi device interface
[    4.285926] input: Power Button as /devices/LNXSYSTM:00/LNXPWRBN:00/input/input0
[    4.288348] ACPI: button: Power Button [PWRF]
[    4.290904] ERST DBG: ERST support is disabled.
[    4.292887] Serial: 8250/16550 driver, 32 ports, IRQ sharing enabled
[    4.295650] 00:04: ttyS0 at I/O 0x3f8 (irq = 4, base_baud = 115200) is a 16550A
[    4.308974] Linux agpgart interface v0.103
[    4.328418] brd: module loaded
[    4.340457] loop: module loaded
[    4.347800] scsi host0: ata_piix
[    4.349670] scsi host1: ata_piix
[    4.350758] ata1: PATA max MWDMA2 cmd 0x1f0 ctl 0x3f6 bmdma 0xc040 irq 14
[    4.352550] ata2: PATA max MWDMA2 cmd 0x170 ctl 0x376 bmdma 0xc048 irq 15
[    4.355773] libphy: Fixed MDIO Bus: probed
[    4.357193] tun: Universal TUN/TAP device driver, 1.6
[    4.358877] e100: Intel(R) PRO/100 Network Driver
[    4.360124] e100: Copyright(c) 1999-2006 Intel Corporation
[    4.361646] e1000: Intel(R) PRO/1000 Network Driver
[    4.362976] e1000: Copyright (c) 1999-2006 Intel Corporation.
[    4.515938] ata1.00: ATA-7: QEMU HARDDISK, 2.5+, max UDMA/100
[    4.517386] ata1.00: 16777216 sectors, multi 16: LBA48 
[    4.520200] ata2.00: ATAPI: QEMU DVD-ROM, 2.5+, max UDMA/100
[    4.523152] scsi 0:0:0:0: Direct-Access     ATA      QEMU HARDDISK    2.5+ PQ: 0 ANSI: 5
[    4.526172] scsi 0:0:0:0: Attached scsi generic sg0 type 0
[    4.529553] scsi 1:0:0:0: CD-ROM            QEMU     QEMU DVD-ROM     2.5+ PQ: 0 ANSI: 5
[    4.533003] scsi 1:0:0:0: Attached scsi generic sg1 type 5
[    4.535180] sd 0:0:0:0: [sda] 16777216 512-byte logical blocks: (8.59 GB/8.00 GiB)
[    4.537123] sd 0:0:0:0: [sda] Write Protect is off
[    4.538369] sd 0:0:0:0: [sda] Write cache: enabled, read cache: enabled, doesn't support DPO or FUA
[    4.583326] ACPI: \_SB_.LNKC: Enabled at IRQ 11
[    4.614630] sd 0:0:0:0: [sda] Attached SCSI disk
[    4.976258] e1000 0000:00:03.0 eth0: (PCI:33MHz:32-bit) 52:54:00:12:34:56
[    4.978160] e1000 0000:00:03.0 eth0: Intel(R) PRO/1000 Network Connection
[    4.980125] e1000e: Intel(R) PRO/1000 Network Driver
[    4.981441] e1000e: Copyright(c) 1999 - 2015 Intel Corporation.
[    4.983129] igb: Intel(R) Gigabit Ethernet Network Driver
[    4.984547] igb: Copyright (c) 2007-2014 Intel Corporation.
[    4.986136] PPP generic driver version 2.4.2
[    4.988445] VFIO - User Level meta-driver version: 0.3
[    4.990051] ehci_hcd: USB 2.0 'Enhanced' Host Controller (EHCI) Driver
[    4.991841] ehci-pci: EHCI PCI platform driver
[    4.993057] ehci-platform: EHCI generic platform driver
[    4.994517] ohci_hcd: USB 1.1 'Open' Host Controller (OHCI) Driver
[    4.996167] ohci-pci: OHCI PCI platform driver
[    4.997368] ohci-platform: OHCI generic platform driver
[    4.998793] uhci_hcd: USB Universal Host Controller Interface driver
[    5.001030] usbcore: registered new interface driver uas
[    5.002812] usbcore: registered new interface driver usb-storage
[    5.004790] i8042: PNP: PS/2 Controller [PNP0303:KBD,PNP0f13:MOU] at 0x60,0x64 irq 1,12
[    5.009305] serio: i8042 KBD port at 0x60,0x64 irq 1
[    5.010968] serio: i8042 AUX port at 0x60,0x64 irq 12
[    5.013257] mousedev: PS/2 mouse device common for all mice
[    5.016056] input: AT Translated Set 2 keyboard as /devices/platform/i8042/serio0/input/input1
[    5.019688] rtc_cmos 00:05: RTC can wake from S4
[    5.023101] input: VirtualPS/2 VMware VMMouse as /devices/platform/i8042/serio1/input/input4
[    5.025967] rtc_cmos 00:05: registered as rtc0
[    5.027440] rtc_cmos 00:05: setting system clock to 2023-04-05T06:53:27 UTC (1680677607)
[    5.029800] rtc_cmos 00:05: alarms up to one day, y3k, 242 bytes nvram, hpet irqs
[    5.032071] i2c_dev: i2c /dev entries driver
[    5.033759] device-mapper: core: CONFIG_IMA_DISABLE_HTABLE is disabled. Duplicate IMA measurements will not be recorded in the IMA log.
[    5.036604] device-mapper: uevent: version 1.0.3
[    5.036865] input: VirtualPS/2 VMware VMMouse as /devices/platform/i8042/serio1/input/input3
[    5.038207] device-mapper: ioctl: 4.45.0-ioctl (2021-03-22) initialised: dm-devel@redhat.com
[    5.041405] intel_pstate: CPU model not supported
[    5.042645] sdhci: Secure Digital Host Controller Interface driver
[    5.043926] sdhci: Copyright(c) Pierre Ossman
[    5.044974] sdhci-pltfm: SDHCI platform and OF driver helper
[    5.046341] ledtrig-cpu: registered to indicate activity on CPUs
[    5.047929] drop_monitor: Initializing network drop monitor service
[    5.050099] NET: Registered PF_INET6 protocol family
[    5.058271] Segment Routing with IPv6
[    5.059311] In-situ OAM (IOAM) with IPv6
[    5.060209] NET: Registered PF_PACKET protocol family
[    5.061787] 9pnet: Installing 9P2000 support
[    5.062907] Key type dns_resolver registered
[    5.065178] IPI shorthand broadcast: enabled
[    5.066239] sched_clock: Marking stable (5015578306, 49189282)->(5094351141, -29583553)
[    5.069231] registered taskstats version 1
[    5.070390] Loading compiled-in X.509 certificates
[    5.071795] zswap: loaded using pool lzo/zbud
[    5.073918] Key type ._fscrypt registered
[    5.074926] Key type .fscrypt registered
[    5.075797] Key type fscrypt-provisioning registered
[    5.078644] Key type encrypted registered
[    5.079619] ima: No TPM chip found, activating TPM-bypass!
[    5.080835] ima: Allocated hash algorithm: sha1
[    5.081935] ima: No architecture policies found
[    5.083107] evm: Initialising EVM extended attributes:
[    5.084230] evm: security.selinux
[    5.084963] evm: security.SMACK64
[    5.085729] evm: security.SMACK64EXEC
[    5.086584] evm: security.SMACK64TRANSMUTE
[    5.087463] evm: security.SMACK64MMAP
[    5.088588] evm: security.apparmor
[    5.089518] evm: security.ima
[    5.090356] evm: security.capability
[    5.091365] evm: HMAC attrs: 0x1
[    5.094139] PM:   Magic number: 3:336:872
[    5.096156] RAS: Correctable Errors collector initialized.
[    5.099577] md: Waiting for all devices to be available before autodetect
[    5.101068] md: If you don't use raid, use raid=noautodetect
[    5.102318] md: Autodetecting RAID arrays.
[    5.103297] md: autorun ...
[    5.103930] md: ... autorun DONE.
[    5.113922] EXT4-fs (sda): INFO: recovery required on readonly filesystem
[    5.115524] EXT4-fs (sda): write access will be enabled during recovery
[    5.213639] random: fast init done
[    5.230173] EXT4-fs (sda): recovery complete
[    5.234618] EXT4-fs (sda): mounted filesystem with ordered data mode. Opts: (null). Quota mode: none.
[    5.237178] VFS: Mounted root (ext4 filesystem) readonly on device 8:0.
[    5.240333] devtmpfs: mounted
[    5.251723] Freeing unused decrypted memory: 2036K
[    5.254878] Freeing unused kernel image (initmem) memory: 3240K
[    5.256548] Write protecting the kernel read-only data: 40960k
[    5.261103] Freeing unused kernel image (text/rodata gap) memory: 2028K
[    5.263461] Freeing unused kernel image (rodata/data gap) memory: 584K
[    5.387956] x86/mm: Checked W+X mappings: passed, no W+X pages found.
[    5.389681] Run /sbin/init as init process
[    5.561090] systemd[1]: RTC configured in localtime, applying delta of 0 minutes to system time.
[    5.604837] systemd[1]: systemd 239 (239-49.el8) running in system mode. (+PAM +AUDIT +SELINUX +IMA -APPARMOR +SMACK +SYSVINIT +UTMP +LIBCRYPTSETUP +GCRYPT +GNUTLS +ACL +XZ +LZ4 +SECCOMP +BLKID +ELFUTILS +KMOD +IDN2 -IDN +PCRE2 default-hierarchy=legacy)
[    5.611015] systemd[1]: Detected virtualization kvm.
[    5.612349] systemd[1]: Detected architecture x86-64.

Welcome to [0;31mCentOS Stream 8[0m!

[    5.639338] systemd[1]: Set hostname to <test>.
[    5.850635] random: lvmconfig: uninitialized urandom read (4 bytes read)
[    6.056831] random: systemd: uninitialized urandom read (16 bytes read)
[    6.069110] systemd[1]: Listening on Process Core Dump Socket.
[[0;32m  OK  [0m] Listening on Process Core Dump Socket.
[    6.072434] random: systemd: uninitialized urandom read (16 bytes read)
[    6.074546] systemd[1]: Started Forward Password Requests to Wall Directory Watch.
[[0;32m  OK  [0m] Started Forward Password Requests to Wall Directory Watch.
[    6.078781] systemd[1]: Listening on Journal Socket (/dev/log).
[[0;32m  OK  [0m] Listening on Journal Socket (/dev/log).
[    6.082008] systemd[1]: Listening on udev Kernel Socket.
[[0;32m  OK  [0m] Listening on udev Kernel Socket.
[    6.087914] systemd[1]: Created slice User and Session Slice.
[[0;32m  OK  [0m] Created slice User and Session Slice.
[    6.092920] systemd[1]: Created slice system-getty.slice.
[[0;32m  OK  [0m] Created slice system-getty.slice.
[[0;32m  OK  [0m] Created slice system-serial\x2dgetty.slice.
[[0;32m  OK  [0m] Listening on Journal Socket.
         Starting Remount Root and Kernel File Systems...
         Mounting POSIX Message Queue File System...
         Mounting Kernel Debug File System...
[[0;32m  OK  [0m] Listening on udev Control Socket.
         Starting udev Coldplug all Devices...
[[0;32m  OK  [0m] Listening on initctl Compatibility Named Pipe.
[[0;32m  OK  [0m] Listening on Device-mapper event daemon FIFOs.
         Starting Monitoring of LVM2 mirrorsâ€¦ng dmeventd or progress polling...
         Starting Setup Virtual Console...
         Starting Journal Service...
         Starting Load Kernel Modules...
[[0;32m  OK  [0m] Reached target Slices.
[[0;32m  OK  [0m] Created slice system-sshd\x2dkeygen.slice.
[[0;32m  OK  [0m] Listening on multipathd control socket.
         Mounting Huge Pages File System...
[[0;32m  OK  [0m] Set up automount Arbitrary Executabâ€¦rmats File System Automount Point.
[    6.516304] EXT4-fs (sda): re-mounted. Opts: (null). Quota mode: none.
[[0;32m  OK  [0m] Listening on LVM2 poll daemon socket.
[[0;32m  OK  [0m] Reached target Swap.
[[0;32m  OK  [0m] Listening on RPCbind Server Activation Socket.
[[0;32m  OK  [0m] Reached target RPC Port Mapper.
[[0;32m  OK  [0m] Started Journal Service.
[[0;32m  OK  [0m] Started Remount Root and Kernel File Systems.
[[0;32m  OK  [0m] Mounted POSIX Message Queue File System.
[[0;32m  OK  [0m] Mounted Kernel Debug File System.
[[0;1;31mFAILED[0m] Failed to start Load Kernel Modules.
See 'systemctl status systemd-modules-load.service' for details.
[[0;32m  OK  [0m] Mounted Huge Pages File System.
         Starting Apply Kernel Variables...
         Mounting FUSE Control File System...
         Mounting Kernel Configuration File System...
         Starting Load/Save Random Seed...
         Starting Create Static Device Nodes in /dev...
         Starting Flush Journal to Persistent Storage...
[[0;32m  OK  [0m] Started Apply Kernel Variables.
[[0;32m  OK  [0m] Mounted FUSE Control File System.
[[0;32m  OK  [0m] Mounted Kernel Configuration File System.
[[0;32m  OK  [0m] Started Load/Save Random Seed.
[[0;32m  OK  [0m] Started Create Static Device Nodes in /dev.
         Starting udev Kernel Device Manager...
[[0;32m  OK  [0m] Started udev Kernel Device Manager.
[[0;32m  OK  [0m] Started udev Coldplug all Devices.
[[0;32m  OK  [0m] Started Setup Virtual Console.
         Starting udev Wait for Complete Device Initialization...
         Starting Show Plymouth Boot Screen...
[[0;32m  OK  [0m] Started Flush Journal to Persistent Storage.
[[0;32m  OK  [0m] Started Show Plymouth Boot Screen.
[[0;32m  OK  [0m] Started Forward Password Requests to Plymouth Directory Watch.
[[0;32m  OK  [0m] Reached target Local Encrypted Volumes.
[[0;32m  OK  [0m] Reached target Paths.
[[0;32m  OK  [0m] Found device /dev/ttyS0.
[[0;32m  OK  [0m] Started Monitoring of LVM2 mirrors,â€¦sing dmeventd or progress polling.
[[0;32m  OK  [0m] Listening on Load/Save RF Kill Switch Status /dev/rfkill Watch.
[[0;32m  OK  [0m] Started udev Wait for Complete Device Initialization.
[[0;32m  OK  [0m] Reached target Local File Systems (Pre).
[[0;32m  OK  [0m] Reached target Local File Systems.
         Starting Create Volatile Files and Directories...
         Starting Restore /run/initramfs on shutdown...
         Starting Tell Plymouth To Write Out Runtime Data...
[[0;32m  OK  [0m] Started Create Volatile Files and Directories.
[[0;32m  OK  [0m] Started Restore /run/initramfs on shutdown.
[[0;32m  OK  [0m] Started Tell Plymouth To Write Out Runtime Data.
         Starting Security Auditing Service...
         Starting RPC Bind...
         Mounting RPC Pipe File System...
[[0;32m  OK  [0m] Mounted RPC Pipe File System.
[[0;32m  OK  [0m] Reached target rpc_pipefs.target.
[[0;32m  OK  [0m] Started RPC Bind.
[[0;32m  OK  [0m] Started Security Auditing Service.
         Starting Update UTMP about System Boot/Shutdown...
[[0;32m  OK  [0m] Started Update UTMP about System Boot/Shutdown.
[[0;32m  OK  [0m] Reached target System Initialization.
[[0;32m  OK  [0m] Listening on D-Bus System Message Bus Socket.
[[0;32m  OK  [0m] Started Daily Cleanup of Temporary Directories.
[[0;32m  OK  [0m] Listening on SSSD Kerberos Cache Manager responder socket.
[[0;32m  OK  [0m] Reached target Sockets.
[[0;32m  OK  [0m] Reached target Basic System.
         Starting Self Monitoring and Reporting Technology (SMART) Daemon...
[[0;32m  OK  [0m] Started Machine Check Exception Logging Daemon.
         Starting Auto-connect to subsystemsâ€¦-NVME devices found during boot...
[[0;32m  OK  [0m] Started dnf makecache --timer.
[[0;32m  OK  [0m] Started daily update of the root trust anchor for DNSSEC.
[[0;32m  OK  [0m] Reached target Timers.
[[0;32m  OK  [0m] Started irqbalance daemon.
         Starting NTP client/server...
         Starting Authorization Manager...
[[0;32m  OK  [0m] Started D-Bus System Message Bus.
         Starting Network Manager...
         Starting Login Service...
[[0;32m  OK  [0m] Reached target sshd-keygen.target.
[[0;32m  OK  [0m] Started Self Monitoring and Reporting Technology (SMART) Daemon.
[[0;32m  OK  [0m] Started Auto-connect to subsystems â€¦FC-NVME devices found during boot.
         Starting update of the root trust aâ€¦or DNSSEC validation in unbound...
[    8.918677] random: crng init done
[    8.919694] random: 7 urandom warning(s) missed due to ratelimiting
[[0;32m  OK  [0m] Started Login Service.
[[0;32m  OK  [0m] Started NTP client/server.
[[0;32m  OK  [0m] Started Network Manager.
[[0;32m  OK  [0m] Reached target Network.
         Starting Dynamic System Tuning Daemon...
         Starting OpenSSH server daemon...
         Starting GSSAPI Proxy Daemon...
         Starting Network Manager Wait Online...
[[0;32m  OK  [0m] Started update of the root trust anâ€¦ for DNSSEC validation in unbound.
         Starting Hostname Service...
[[0;32m  OK  [0m] Started OpenSSH server daemon.
[[0;32m  OK  [0m] Started GSSAPI Proxy Daemon.
[[0;32m  OK  [0m] Reached target NFS client services.
[[0;32m  OK  [0m] Reached target Remote File Systems (Pre).
[[0;32m  OK  [0m] Reached target Remote File Systems.
         Starting Permit User Sessions...
[[0;32m  OK  [0m] Started Authorization Manager.
[[0;32m  OK  [0m] Started Permit User Sessions.
[[0;32m  OK  [0m] Started Command Scheduler.
         Starting Terminate Plymouth Boot Screen...
         Starting Hold until boot process finishes up...
[    9.538762] e1000: eth0 NIC Link is Up 1000 Mbps Full Duplex, Flow Control: RX
[    9.542170] IPv6: ADDRCONF(NETDEV_CHANGE): eth0: link becomes ready

CentOS Stream 8
Kernel 5.14.0-7c314bdfb64e+ on an x86_64

test login: [   28.533600] loop0: detected capacity change from 0 to 65536
[   28.540009] XFS (loop0): bad version
[   28.541172] XFS (loop0): SB validate failed with error -22.
[   28.796866] loop0: detected capacity change from 0 to 65536
[   28.800452] XFS (loop0): bad version
[   28.801530] XFS (loop0): SB validate failed with error -22.
[   29.102066] loop0: detected capacity change from 0 to 65536
[   29.109163] XFS (loop0): bad version
[   29.110772] XFS (loop0): SB validate failed with error -22.
[   29.362867] loop0: detected capacity change from 0 to 65536
[   29.370157] XFS (loop0): bad version
[   29.371383] XFS (loop0): SB validate failed with error -22.
[   29.637552] loop0: detected capacity change from 0 to 65536
[   29.643839] XFS (loop0): bad version
[   29.645137] XFS (loop0): SB validate failed with error -22.
[   29.886339] loop0: detected capacity change from 0 to 65536
[   29.892255] XFS (loop0): bad version
[   29.893506] XFS (loop0): SB validate failed with error -22.
[   30.126318] loop0: detected capacity change from 0 to 65536
[   30.131415] XFS (loop0): bad version
[   30.132320] XFS (loop0): SB validate failed with error -22.
[   30.397466] loop0: detected capacity change from 0 to 65536
[   30.404142] XFS (loop0): bad version
[   30.405302] XFS (loop0): SB validate failed with error -22.
[   30.684181] loop0: detected capacity change from 0 to 65536
[   30.691025] XFS (loop0): bad version
[   30.692244] XFS (loop0): SB validate failed with error -22.
[   30.935475] loop0: detected capacity change from 0 to 65536
[   30.940837] XFS (loop0): bad version
[   30.941789] XFS (loop0): SB validate failed with error -22.
[   31.183272] loop0: detected capacity change from 0 to 65536
[   31.187278] XFS (loop0): bad version
[   31.188144] XFS (loop0): SB validate failed with error -22.
[   31.450959] loop0: detected capacity change from 0 to 65536
[   31.456795] XFS (loop0): bad version
[   31.458046] XFS (loop0): SB validate failed with error -22.
[   31.694342] loop0: detected capacity change from 0 to 65536
[   31.696653] XFS (loop0): bad version
[   31.697641] XFS (loop0): SB validate failed with error -22.
[   31.925415] loop0: detected capacity change from 0 to 65536
[   31.932002] XFS (loop0): bad version
[   31.933135] XFS (loop0): SB validate failed with error -22.
[   32.170898] loop0: detected capacity change from 0 to 65536
[   32.177916] XFS (loop0): bad version
[   32.179164] XFS (loop0): SB validate failed with error -22.
[   32.410349] loop0: detected capacity change from 0 to 65536
[   32.416961] XFS (loop0): bad version
[   32.418262] XFS (loop0): SB validate failed with error -22.
[   32.631319] loop0: detected capacity change from 0 to 65536
[   32.634299] XFS (loop0): bad version
[   32.635734] XFS (loop0): SB validate failed with error -22.
[   32.893092] loop0: detected capacity change from 0 to 65536
[   32.900276] XFS (loop0): bad version
[   32.901451] XFS (loop0): SB validate failed with error -22.
[   33.169362] loop0: detected capacity change from 0 to 65536
[   33.172720] XFS (loop0): bad version
[   33.174092] XFS (loop0): SB validate failed with error -22.
[   33.444426] loop0: detected capacity change from 0 to 65536
[   33.450741] XFS (loop0): bad version
[   33.452043] XFS (loop0): SB validate failed with error -22.
[   33.685280] loop0: detected capacity change from 0 to 65536
[   33.691431] XFS (loop0): bad version
[   33.692531] XFS (loop0): SB validate failed with error -22.
[   33.938686] loop0: detected capacity change from 0 to 65536
[   33.944498] XFS (loop0): bad version
[   33.945694] XFS (loop0): SB validate failed with error -22.
[   34.240722] loop0: detected capacity change from 0 to 65536
[   34.247534] XFS (loop0): bad version
[   34.248880] XFS (loop0): SB validate failed with error -22.
[   34.516028] loop0: detected capacity change from 0 to 65536
[   34.520594] XFS (loop0): bad version
[   34.521575] XFS (loop0): SB validate failed with error -22.
[   34.792717] loop0: detected capacity change from 0 to 65536
[   34.797440] XFS (loop0): bad version
[   34.798509] XFS (loop0): SB validate failed with error -22.
[   35.067178] loop0: detected capacity change from 0 to 65536
[   35.073388] XFS (loop0): bad version
[   35.074878] XFS (loop0): SB validate failed with error -22.
[   35.319194] loop0: detected capacity change from 0 to 65536
[   35.325582] XFS (loop0): bad version
[   35.326787] XFS (loop0): SB validate failed with error -22.
[   35.571169] loop0: detected capacity change from 0 to 65536
[   35.577419] XFS (loop0): bad version
[   35.578416] XFS (loop0): SB validate failed with error -22.
[   35.860661] loop0: detected capacity change from 0 to 65536
[   35.864473] XFS (loop0): bad version
[   35.865593] XFS (loop0): SB validate failed with error -22.
[   36.128676] loop0: detected capacity change from 0 to 65536
[   36.135282] XFS (loop0): bad version
[   36.136390] XFS (loop0): SB validate failed with error -22.
[   36.394401] loop0: detected capacity change from 0 to 65536
[   36.400613] XFS (loop0): bad version
[   36.401822] XFS (loop0): SB validate failed with error -22.
[   36.661465] loop0: detected capacity change from 0 to 65536
[   36.668616] XFS (loop0): bad version
[   36.669871] XFS (loop0): SB validate failed with error -22.
[   36.914442] loop0: detected capacity change from 0 to 65536
[   36.919979] XFS (loop0): bad version
[   36.921132] XFS (loop0): SB validate failed with error -22.
[   37.159963] loop0: detected capacity change from 0 to 65536
[   37.164961] XFS (loop0): bad version
[   37.166089] XFS (loop0): SB validate failed with error -22.
[   37.417400] loop0: detected capacity change from 0 to 65536
[   37.423834] XFS (loop0): bad version
[   37.424968] XFS (loop0): SB validate failed with error -22.
[   37.700643] loop0: detected capacity change from 0 to 65536
[   37.707500] XFS (loop0): bad version
[   37.708670] XFS (loop0): SB validate failed with error -22.
[   37.978984] loop0: detected capacity change from 0 to 65536
[   37.983222] XFS (loop0): bad version
[   37.984190] XFS (loop0): SB validate failed with error -22.
[   38.229970] loop0: detected capacity change from 0 to 65536
[   38.233025] XFS (loop0): bad version
[   38.234134] XFS (loop0): SB validate failed with error -22.
[   38.502327] loop0: detected capacity change from 0 to 65536
[   38.508673] XFS (loop0): bad version
[   38.509831] XFS (loop0): SB validate failed with error -22.
[   38.766759] loop0: detected capacity change from 0 to 65536
[   38.774048] XFS (loop0): bad version
[   38.775260] XFS (loop0): SB validate failed with error -22.
[   39.034526] loop0: detected capacity change from 0 to 65536
[   39.039953] XFS (loop0): bad version
[   39.041022] XFS (loop0): SB validate failed with error -22.
[   39.279148] loop0: detected capacity change from 0 to 65536
[   39.286125] XFS (loop0): bad version
[   39.287291] XFS (loop0): SB validate failed with error -22.
[   39.534755] loop0: detected capacity change from 0 to 65536
[   39.539226] XFS (loop0): bad version
[   39.540379] XFS (loop0): SB validate failed with error -22.
[   39.821592] loop0: detected capacity change from 0 to 65536
[   39.828576] XFS (loop0): bad version
[   39.829848] XFS (loop0): SB validate failed with error -22.
[   40.091580] loop0: detected capacity change from 0 to 65536
[   40.098086] XFS (loop0): bad version
[   40.099372] XFS (loop0): SB validate failed with error -22.
[   40.343942] loop0: detected capacity change from 0 to 65536
[   40.350478] XFS (loop0): bad version
[   40.351734] XFS (loop0): SB validate failed with error -22.
[   40.609944] loop0: detected capacity change from 0 to 65536
[   40.613056] XFS (loop0): bad version
[   40.614204] XFS (loop0): SB validate failed with error -22.
[   40.883980] loop0: detected capacity change from 0 to 65536
[   40.889555] XFS (loop0): bad version
[   40.890818] XFS (loop0): SB validate failed with error -22.
[   41.144995] loop0: detected capacity change from 0 to 65536
[   41.150168] XFS (loop0): bad version
[   41.151324] XFS (loop0): SB validate failed with error -22.
[   41.390643] loop0: detected capacity change from 0 to 65536
[   41.396665] XFS (loop0): bad version
[   41.397861] XFS (loop0): SB validate failed with error -22.
[   41.638030] loop0: detected capacity change from 0 to 65536
[   41.643204] XFS (loop0): bad version
[   41.644248] XFS (loop0): SB validate failed with error -22.
[   41.916284] loop0: detected capacity change from 0 to 65536
[   41.922589] XFS (loop0): bad version
[   41.923764] XFS (loop0): SB validate failed with error -22.
[   42.201741] loop0: detected capacity change from 0 to 65536
[   42.209843] XFS (loop0): bad version
[   42.210885] XFS (loop0): SB validate failed with error -22.
[   42.485456] loop0: detected capacity change from 0 to 65536
[   42.492961] XFS (loop0): bad version
[   42.494340] XFS (loop0): SB validate failed with error -22.
[   42.749246] loop0: detected capacity change from 0 to 65536
[   42.755531] XFS (loop0): bad version
[   42.756691] XFS (loop0): SB validate failed with error -22.
[   43.012749] loop0: detected capacity change from 0 to 65536
[   43.018618] XFS (loop0): bad version
[   43.019697] XFS (loop0): SB validate failed with error -22.
[   43.284365] loop0: detected capacity change from 0 to 65536
[   43.291593] XFS (loop0): bad version
[   43.292883] XFS (loop0): SB validate failed with error -22.
[   43.540661] loop0: detected capacity change from 0 to 65536
[   43.543756] XFS (loop0): bad version
[   43.544846] XFS (loop0): SB validate failed with error -22.
[   43.801665] loop0: detected capacity change from 0 to 65536
[   43.807923] XFS (loop0): bad version
[   43.809166] XFS (loop0): SB validate failed with error -22.
[   44.065427] loop0: detected capacity change from 0 to 65536
[   44.073903] XFS (loop0): bad version
[   44.075082] XFS (loop0): SB validate failed with error -22.
[   44.353438] loop0: detected capacity change from 0 to 65536
[   44.357289] XFS (loop0): bad version
[   44.358264] XFS (loop0): SB validate failed with error -22.
[   44.593971] loop0: detected capacity change from 0 to 65536
[   44.599062] XFS (loop0): bad version
[   44.600207] XFS (loop0): SB validate failed with error -22.
[   44.852069] loop0: detected capacity change from 0 to 65536
[   44.858014] XFS (loop0): bad version
[   44.858908] XFS (loop0): SB validate failed with error -22.
[   45.112410] loop0: detected capacity change from 0 to 65536
[   45.116374] XFS (loop0): bad version
[   45.117510] XFS (loop0): SB validate failed with error -22.
[   45.397216] loop0: detected capacity change from 0 to 65536
[   45.403624] XFS (loop0): bad version
[   45.404872] XFS (loop0): SB validate failed with error -22.
[   45.686892] loop0: detected capacity change from 0 to 65536
[   45.694274] XFS (loop0): bad version
[   45.695436] XFS (loop0): SB validate failed with error -22.
[   45.938934] loop0: detected capacity change from 0 to 65536
[   45.945313] XFS (loop0): bad version
[   45.946579] XFS (loop0): SB validate failed with error -22.
[   46.199149] loop0: detected capacity change from 0 to 65536
[   46.204744] XFS (loop0): bad version
[   46.205873] XFS (loop0): SB validate failed with error -22.
[   46.458530] loop0: detected capacity change from 0 to 65536
[   46.465278] XFS (loop0): bad version
[   46.466329] XFS (loop0): SB validate failed with error -22.
[   46.718267] loop0: detected capacity change from 0 to 65536
[   46.724926] XFS (loop0): bad version
[   46.726092] XFS (loop0): SB validate failed with error -22.
[   46.989128] loop0: detected capacity change from 0 to 65536
[   46.995831] XFS (loop0): bad version
[   46.996919] XFS (loop0): SB validate failed with error -22.
[   47.229689] loop0: detected capacity change from 0 to 65536
[   47.233014] XFS (loop0): bad version
[   47.233947] XFS (loop0): SB validate failed with error -22.
[   47.474923] loop0: detected capacity change from 0 to 65536
[   47.478431] XFS (loop0): bad version
[   47.479439] XFS (loop0): SB validate failed with error -22.
[   47.683347] loop0: detected capacity change from 0 to 65536
[   47.687080] XFS (loop0): bad version
[   47.687768] XFS (loop0): SB validate failed with error -22.
[   47.885032] loop0: detected capacity change from 0 to 65536
[   47.889419] XFS (loop0): bad version
[   47.890128] XFS (loop0): SB validate failed with error -22.
[   48.100550] loop0: detected capacity change from 0 to 65536
[   48.105327] XFS (loop0): bad version
[   48.106134] XFS (loop0): SB validate failed with error -22.
[   48.344137] loop0: detected capacity change from 0 to 65536
[   48.350279] XFS (loop0): bad version
[   48.351534] XFS (loop0): SB validate failed with error -22.
[   48.588061] loop0: detected capacity change from 0 to 65536
[   48.593243] XFS (loop0): bad version
[   48.594352] XFS (loop0): SB validate failed with error -22.
[   48.842165] loop0: detected capacity change from 0 to 65536
[   48.846349] XFS (loop0): bad version
[   48.847235] XFS (loop0): SB validate failed with error -22.
[   49.056510] loop0: detected capacity change from 0 to 65536
[   49.061204] XFS (loop0): bad version
[   49.061896] XFS (loop0): SB validate failed with error -22.
[   49.273590] loop0: detected capacity change from 0 to 65536
[   49.277793] XFS (loop0): bad version
[   49.278684] XFS (loop0): SB validate failed with error -22.
[   49.510702] loop0: detected capacity change from 0 to 65536
[   49.518170] XFS (loop0): bad version
[   49.519103] XFS (loop0): SB validate failed with error -22.
[   49.818195] loop0: detected capacity change from 0 to 65536
[   49.825196] XFS (loop0): bad version
[   49.826378] XFS (loop0): SB validate failed with error -22.
[   50.075694] loop0: detected capacity change from 0 to 65536
[   50.081766] XFS (loop0): bad version
[   50.082908] XFS (loop0): SB validate failed with error -22.
[   50.339975] loop0: detected capacity change from 0 to 65536
[   50.344088] XFS (loop0): bad version
[   50.345206] XFS (loop0): SB validate failed with error -22.
[   50.595644] loop0: detected capacity change from 0 to 65536
[   50.602754] XFS (loop0): bad version
[   50.604085] XFS (loop0): SB validate failed with error -22.
[   50.857412] loop0: detected capacity change from 0 to 65536
[   50.863920] XFS (loop0): bad version
[   50.865287] XFS (loop0): SB validate failed with error -22.
[   51.142581] loop0: detected capacity change from 0 to 65536
[   51.146175] XFS (loop0): bad version
[   51.147262] XFS (loop0): SB validate failed with error -22.
[   51.407241] loop0: detected capacity change from 0 to 65536
[   51.413576] XFS (loop0): bad version
[   51.414763] XFS (loop0): SB validate failed with error -22.
[   51.641145] loop0: detected capacity change from 0 to 65536
[   51.647275] XFS (loop0): bad version
[   51.648384] XFS (loop0): SB validate failed with error -22.
[   51.948903] loop0: detected capacity change from 0 to 65536
[   51.955272] XFS (loop0): bad version
[   51.956328] XFS (loop0): SB validate failed with error -22.
[   52.234773] loop0: detected capacity change from 0 to 65536
[   52.238018] XFS (loop0): bad version
[   52.239148] XFS (loop0): SB validate failed with error -22.
[   52.488872] loop0: detected capacity change from 0 to 65536
[   52.493310] XFS (loop0): bad version
[   52.494093] XFS (loop0): SB validate failed with error -22.
[   52.750789] loop0: detected capacity change from 0 to 65536
[   52.757180] XFS (loop0): bad version
[   52.758392] XFS (loop0): SB validate failed with error -22.
[   53.011344] loop0: detected capacity change from 0 to 65536
[   53.017055] XFS (loop0): bad version
[   53.018182] XFS (loop0): SB validate failed with error -22.
[   53.304217] loop0: detected capacity change from 0 to 65536
[   53.309388] XFS (loop0): bad version
[   53.310610] XFS (loop0): SB validate failed with error -22.
[   53.589937] loop0: detected capacity change from 0 to 65536
[   53.597006] XFS (loop0): bad version
[   53.598384] XFS (loop0): SB validate failed with error -22.
[   53.869779] loop0: detected capacity change from 0 to 65536
[   53.876848] XFS (loop0): bad version
[   53.878148] XFS (loop0): SB validate failed with error -22.
[   54.125198] loop0: detected capacity change from 0 to 65536
[   54.132812] XFS (loop0): bad version
[   54.133955] XFS (loop0): SB validate failed with error -22.
[   54.364193] loop0: detected capacity change from 0 to 65536
[   54.370036] XFS (loop0): bad version
[   54.371038] XFS (loop0): SB validate failed with error -22.
[   54.628409] loop0: detected capacity change from 0 to 65536
[   54.634850] XFS (loop0): bad version
[   54.636122] XFS (loop0): SB validate failed with error -22.
[   54.889597] loop0: detected capacity change from 0 to 65536
[   54.896593] XFS (loop0): bad version
[   54.897857] XFS (loop0): SB validate failed with error -22.
[   55.131222] loop0: detected capacity change from 0 to 65536
[   55.137307] XFS (loop0): bad version
[   55.138685] XFS (loop0): SB validate failed with error -22.
[   55.391950] loop0: detected capacity change from 0 to 65536
[   55.398930] XFS (loop0): bad version
[   55.400128] XFS (loop0): SB validate failed with error -22.
[   55.683419] loop0: detected capacity change from 0 to 65536
[   55.690314] XFS (loop0): bad version
[   55.691505] XFS (loop0): SB validate failed with error -22.
[   55.955032] loop0: detected capacity change from 0 to 65536
[   55.958184] XFS (loop0): bad version
[   55.959574] XFS (loop0): SB validate failed with error -22.
[   56.249102] loop0: detected capacity change from 0 to 65536
[   56.253070] XFS (loop0): bad version
[   56.254191] XFS (loop0): SB validate failed with error -22.
[   56.571860] loop0: detected capacity change from 0 to 65536
[   56.575903] XFS (loop0): bad version
[   56.577430] XFS (loop0): SB validate failed with error -22.
[   56.857190] loop0: detected capacity change from 0 to 65536
[   56.864147] XFS (loop0): bad version
[   56.866420] XFS (loop0): SB validate failed with error -22.
[   57.146732] loop0: detected capacity change from 0 to 65536
[   57.154381] XFS (loop0): bad version
[   57.155918] XFS (loop0): SB validate failed with error -22.
[   57.435459] loop0: detected capacity change from 0 to 65536
[   57.442722] XFS (loop0): bad version
[   57.443891] XFS (loop0): SB validate failed with error -22.
[   57.703963] loop0: detected capacity change from 0 to 65536
[   57.709547] XFS (loop0): bad version
[   57.710808] XFS (loop0): SB validate failed with error -22.
[   57.988231] loop0: detected capacity change from 0 to 65536
[   57.992345] XFS (loop0): bad version
[   57.993549] XFS (loop0): SB validate failed with error -22.
[   58.257347] loop0: detected capacity change from 0 to 65536
[   58.264202] XFS (loop0): bad version
[   58.265344] XFS (loop0): SB validate failed with error -22.
[   58.516162] loop0: detected capacity change from 0 to 65536
[   58.520034] XFS (loop0): bad version
[   58.521156] XFS (loop0): SB validate failed with error -22.
[   58.762418] loop0: detected capacity change from 0 to 65536
[   58.765423] XFS (loop0): bad version
[   58.766858] XFS (loop0): SB validate failed with error -22.
[   59.027059] loop0: detected capacity change from 0 to 65536
[   59.033259] XFS (loop0): bad version
[   59.034399] XFS (loop0): SB validate failed with error -22.
[   59.281487] loop0: detected capacity change from 0 to 65536
[   59.288020] XFS (loop0): bad version
[   59.289158] XFS (loop0): SB validate failed with error -22.
[   59.539464] loop0: detected capacity change from 0 to 65536
[   59.547614] XFS (loop0): bad version
[   59.548892] XFS (loop0): SB validate failed with error -22.
[   59.796843] loop0: detected capacity change from 0 to 65536
[   59.800158] XFS (loop0): bad version
[   59.801271] XFS (loop0): SB validate failed with error -22.
[   60.054538] loop0: detected capacity change from 0 to 65536
[   60.059542] XFS (loop0): bad version
[   60.060708] XFS (loop0): SB validate failed with error -22.
[   60.309943] loop0: detected capacity change from 0 to 65536
[   60.316615] XFS (loop0): bad version
[   60.317753] XFS (loop0): SB validate failed with error -22.
[   60.565968] loop0: detected capacity change from 0 to 65536
[   60.574128] XFS (loop0): bad version
[   60.575318] XFS (loop0): SB validate failed with error -22.
[   60.828944] loop0: detected capacity change from 0 to 65536
[   60.835562] XFS (loop0): bad version
[   60.836691] XFS (loop0): SB validate failed with error -22.
[   61.078246] loop0: detected capacity change from 0 to 65536
[   61.082325] XFS (loop0): bad version
[   61.083756] XFS (loop0): SB validate failed with error -22.
[   61.325211] loop0: detected capacity change from 0 to 65536
[   61.331154] XFS (loop0): bad version
[   61.332081] XFS (loop0): SB validate failed with error -22.
[   61.574902] loop0: detected capacity change from 0 to 65536
[   61.580235] XFS (loop0): bad version
[   61.581357] XFS (loop0): SB validate failed with error -22.
[   61.816224] loop0: detected capacity change from 0 to 65536
[   61.822208] XFS (loop0): bad version
[   61.823526] XFS (loop0): SB validate failed with error -22.
[   62.066573] loop0: detected capacity change from 0 to 65536
[   62.073775] XFS (loop0): bad version
[   62.074886] XFS (loop0): SB validate failed with error -22.
[   62.334752] loop0: detected capacity change from 0 to 65536
[   62.341664] XFS (loop0): bad version
[   62.342841] XFS (loop0): SB validate failed with error -22.
[   62.587289] loop0: detected capacity change from 0 to 65536
[   62.592074] XFS (loop0): bad version
[   62.593195] XFS (loop0): SB validate failed with error -22.
[   62.821739] loop0: detected capacity change from 0 to 65536
[   62.827056] XFS (loop0): bad version
[   62.828059] XFS (loop0): SB validate failed with error -22.
[   63.063426] loop0: detected capacity change from 0 to 65536
[   63.068197] XFS (loop0): bad version
[   63.069337] XFS (loop0): SB validate failed with error -22.
[   63.305855] loop0: detected capacity change from 0 to 65536
[   63.311237] XFS (loop0): bad version
[   63.312362] XFS (loop0): SB validate failed with error -22.
[   63.551444] loop0: detected capacity change from 0 to 65536
[   63.557606] XFS (loop0): bad version
[   63.558752] XFS (loop0): SB validate failed with error -22.
[   63.792363] loop0: detected capacity change from 0 to 65536
[   63.794981] XFS (loop0): bad version
[   63.795832] XFS (loop0): SB validate failed with error -22.
[   64.018520] loop0: detected capacity change from 0 to 65536
[   64.024328] XFS (loop0): bad version
[   64.025320] XFS (loop0): SB validate failed with error -22.
[   64.261836] loop0: detected capacity change from 0 to 65536
[   64.264763] XFS (loop0): bad version
[   64.265804] XFS (loop0): SB validate failed with error -22.
[   64.506864] loop0: detected capacity change from 0 to 65536
[   64.512108] XFS (loop0): bad version
[   64.513022] XFS (loop0): SB validate failed with error -22.
[   64.751828] loop0: detected capacity change from 0 to 65536
[   64.757942] XFS (loop0): bad version
[   64.759082] XFS (loop0): SB validate failed with error -22.
[   64.993965] loop0: detected capacity change from 0 to 65536
[   64.998959] XFS (loop0): bad version
[   64.999788] XFS (loop0): SB validate failed with error -22.
[   65.243743] loop0: detected capacity change from 0 to 65536
[   65.249841] XFS (loop0): bad version
[   65.250978] XFS (loop0): SB validate failed with error -22.
[   65.482974] loop0: detected capacity change from 0 to 65536
[   65.487941] XFS (loop0): bad version
[   65.488820] XFS (loop0): SB validate failed with error -22.
[   65.738798] loop0: detected capacity change from 0 to 65536
[   65.744201] XFS (loop0): bad version
[   65.745144] XFS (loop0): SB validate failed with error -22.
[   65.982922] loop0: detected capacity change from 0 to 65536
[   65.988657] XFS (loop0): bad version
[   65.989798] XFS (loop0): SB validate failed with error -22.
[   66.218522] loop0: detected capacity change from 0 to 65536
[   66.224488] XFS (loop0): bad version
[   66.225405] XFS (loop0): SB validate failed with error -22.
[   66.458188] loop0: detected capacity change from 0 to 65536
[   66.464752] XFS (loop0): bad version
[   66.465845] XFS (loop0): SB validate failed with error -22.
[   66.729714] loop0: detected capacity change from 0 to 65536
[   66.735190] XFS (loop0): bad version
[   66.736335] XFS (loop0): SB validate failed with error -22.
[   66.988984] loop0: detected capacity change from 0 to 65536
[   66.997033] XFS (loop0): bad version
[   66.998184] XFS (loop0): SB validate failed with error -22.
[   67.261404] loop0: detected capacity change from 0 to 65536
[   67.268671] XFS (loop0): bad version
[   67.269901] XFS (loop0): SB validate failed with error -22.
[   67.548981] loop0: detected capacity change from 0 to 65536
[   67.555504] XFS (loop0): bad version
[   67.556666] XFS (loop0): SB validate failed with error -22.
[   67.821080] loop0: detected capacity change from 0 to 65536
[   67.827700] XFS (loop0): bad version
[   67.828866] XFS (loop0): SB validate failed with error -22.
[   68.073960] loop0: detected capacity change from 0 to 65536
[   68.080034] XFS (loop0): bad version
[   68.081292] XFS (loop0): SB validate failed with error -22.
[   68.317273] loop0: detected capacity change from 0 to 65536
[   68.322873] XFS (loop0): bad version
[   68.323832] XFS (loop0): SB validate failed with error -22.
[   68.546271] loop0: detected capacity change from 0 to 65536
[   68.552039] XFS (loop0): bad version
[   68.553041] XFS (loop0): SB validate failed with error -22.
[   68.775930] loop0: detected capacity change from 0 to 65536
[   68.781112] XFS (loop0): bad version
[   68.782094] XFS (loop0): SB validate failed with error -22.
[   69.015140] loop0: detected capacity change from 0 to 65536
[   69.020529] XFS (loop0): bad version
[   69.021677] XFS (loop0): SB validate failed with error -22.
[   69.262281] loop0: detected capacity change from 0 to 65536
[   69.267195] XFS (loop0): bad version
[   69.268315] XFS (loop0): SB validate failed with error -22.
[   69.510815] loop0: detected capacity change from 0 to 65536
[   69.513726] XFS (loop0): bad version
[   69.514821] XFS (loop0): SB validate failed with error -22.
[   69.743082] loop0: detected capacity change from 0 to 65536
[   69.748202] XFS (loop0): bad version
[   69.749043] XFS (loop0): SB validate failed with error -22.
[   69.985092] loop0: detected capacity change from 0 to 65536
[   69.987998] XFS (loop0): bad version
[   69.988920] XFS (loop0): SB validate failed with error -22.
[   70.243692] loop0: detected capacity change from 0 to 65536
[   70.251051] XFS (loop0): bad version
[   70.252173] XFS (loop0): SB validate failed with error -22.
[   70.499509] loop0: detected capacity change from 0 to 65536
[   70.505224] XFS (loop0): bad version
[   70.506200] XFS (loop0): SB validate failed with error -22.
[   70.748897] loop0: detected capacity change from 0 to 65536
[   70.752108] XFS (loop0): bad version
[   70.753156] XFS (loop0): SB validate failed with error -22.
[   70.991846] loop0: detected capacity change from 0 to 65536
[   70.998072] XFS (loop0): bad version
[   70.999215] XFS (loop0): SB validate failed with error -22.
[   71.262087] loop0: detected capacity change from 0 to 65536
[   71.266030] XFS (loop0): bad version
[   71.267128] XFS (loop0): SB validate failed with error -22.
[   71.482720] loop0: detected capacity change from 0 to 65536
[   71.486863] XFS (loop0): bad version
[   71.487572] XFS (loop0): SB validate failed with error -22.
[   71.708808] loop0: detected capacity change from 0 to 65536
[   71.713348] XFS (loop0): bad version
[   71.714039] XFS (loop0): SB validate failed with error -22.
[   71.927624] loop0: detected capacity change from 0 to 65536
[   71.933712] XFS (loop0): bad version
[   71.934490] XFS (loop0): SB validate failed with error -22.
[   72.187357] loop0: detected capacity change from 0 to 65536
[   72.193845] XFS (loop0): bad version
[   72.194982] XFS (loop0): SB validate failed with error -22.
[   72.443872] loop0: detected capacity change from 0 to 65536
[   72.449481] XFS (loop0): bad version
[   72.450668] XFS (loop0): SB validate failed with error -22.
[   72.698962] loop0: detected capacity change from 0 to 65536
[   72.704097] XFS (loop0): bad version
[   72.705227] XFS (loop0): SB validate failed with error -22.
[   72.951731] loop0: detected capacity change from 0 to 65536
[   72.958325] XFS (loop0): bad version
[   72.959416] XFS (loop0): SB validate failed with error -22.
[   73.166378] loop0: detected capacity change from 0 to 65536
[   73.169633] XFS (loop0): bad version
[   73.170383] XFS (loop0): SB validate failed with error -22.
[   73.401593] loop0: detected capacity change from 0 to 65536
[   73.407790] XFS (loop0): bad version
[   73.409066] XFS (loop0): SB validate failed with error -22.
[   73.631368] loop0: detected capacity change from 0 to 65536
[   73.636925] XFS (loop0): bad version
[   73.637966] XFS (loop0): SB validate failed with error -22.
[   73.848164] loop0: detected capacity change from 0 to 65536
[   73.852689] XFS (loop0): bad version
[   73.853432] XFS (loop0): SB validate failed with error -22.
[   74.061249] loop0: detected capacity change from 0 to 65536
[   74.065087] XFS (loop0): bad version
[   74.065859] XFS (loop0): SB validate failed with error -22.
[   74.305291] loop0: detected capacity change from 0 to 65536
[   74.308213] XFS (loop0): bad version
[   74.309259] XFS (loop0): SB validate failed with error -22.
[   74.549803] loop0: detected capacity change from 0 to 65536
[   74.554145] XFS (loop0): bad version
[   74.554914] XFS (loop0): SB validate failed with error -22.
[   74.760251] loop0: detected capacity change from 0 to 65536
[   74.764507] XFS (loop0): bad version
[   74.765241] XFS (loop0): SB validate failed with error -22.
[   74.973158] loop0: detected capacity change from 0 to 65536
[   74.978176] XFS (loop0): bad version
[   74.979062] XFS (loop0): SB validate failed with error -22.
[   75.225706] loop0: detected capacity change from 0 to 65536
[   75.231138] XFS (loop0): bad version
[   75.232205] XFS (loop0): SB validate failed with error -22.
[   75.479399] loop0: detected capacity change from 0 to 65536
[   75.485438] XFS (loop0): bad version
[   75.486490] XFS (loop0): SB validate failed with error -22.
[   75.727307] loop0: detected capacity change from 0 to 65536
[   75.731335] XFS (loop0): bad version
[   75.732195] XFS (loop0): SB validate failed with error -22.
[   75.963677] loop0: detected capacity change from 0 to 65536
[   75.969139] XFS (loop0): bad version
[   75.970270] XFS (loop0): SB validate failed with error -22.
[   76.220539] loop0: detected capacity change from 0 to 65536
[   76.224149] XFS (loop0): bad version
[   76.225253] XFS (loop0): SB validate failed with error -22.
[   76.457223] loop0: detected capacity change from 0 to 65536
[   76.459853] XFS (loop0): bad version
[   76.460784] XFS (loop0): SB validate failed with error -22.
[   76.726323] loop0: detected capacity change from 0 to 65536
[   76.731473] XFS (loop0): bad version
[   76.732623] XFS (loop0): SB validate failed with error -22.
[   77.010394] loop0: detected capacity change from 0 to 65536
[   77.014079] XFS (loop0): bad version
[   77.015104] XFS (loop0): SB validate failed with error -22.
[   77.274295] loop0: detected capacity change from 0 to 65536
[   77.280986] XFS (loop0): bad version
[   77.282266] XFS (loop0): SB validate failed with error -22.
[   77.530020] loop0: detected capacity change from 0 to 65536
[   77.533276] XFS (loop0): bad version
[   77.534390] XFS (loop0): SB validate failed with error -22.
[   77.791444] loop0: detected capacity change from 0 to 65536
[   77.798355] XFS (loop0): bad version
[   77.799567] XFS (loop0): SB validate failed with error -22.
[   78.076467] loop0: detected capacity change from 0 to 65536
[   78.083561] XFS (loop0): bad version
[   78.084547] XFS (loop0): SB validate failed with error -22.
[   78.375247] loop0: detected capacity change from 0 to 65536
[   78.379319] XFS (loop0): bad version
[   78.380385] XFS (loop0): SB validate failed with error -22.
[   78.660386] loop0: detected capacity change from 0 to 65536
[   78.666970] XFS (loop0): bad version
[   78.668213] XFS (loop0): SB validate failed with error -22.
[   78.934350] loop0: detected capacity change from 0 to 65536
[   78.941652] XFS (loop0): bad version
[   78.942943] XFS (loop0): SB validate failed with error -22.
[   79.362603] loop0: detected capacity change from 0 to 65536
[   79.369185] XFS (loop0): bad version
[   79.370428] XFS (loop0): SB validate failed with error -22.
[   79.659186] loop0: detected capacity change from 0 to 65536
[   79.662977] XFS (loop0): bad version
[   79.664266] XFS (loop0): SB validate failed with error -22.
[   80.002222] loop0: detected capacity change from 0 to 65536
[   80.005715] XFS (loop0): bad version
[   80.006958] XFS (loop0): SB validate failed with error -22.
[   80.353341] loop0: detected capacity change from 0 to 65536
[   80.356974] XFS (loop0): bad version
[   80.358050] XFS (loop0): SB validate failed with error -22.
[   80.646445] loop0: detected capacity change from 0 to 65536
[   80.650044] XFS (loop0): bad version
[   80.651181] XFS (loop0): SB validate failed with error -22.
[   80.987774] loop0: detected capacity change from 0 to 65536
[   80.994367] XFS (loop0): bad version
[   80.995565] XFS (loop0): SB validate failed with error -22.
[   81.258532] loop0: detected capacity change from 0 to 65536
[   81.265752] XFS (loop0): bad version
[   81.266982] XFS (loop0): SB validate failed with error -22.
[   81.520328] loop0: detected capacity change from 0 to 65536
[   81.526261] XFS (loop0): bad version
[   81.527430] XFS (loop0): SB validate failed with error -22.
[   81.865397] loop0: detected capacity change from 0 to 65536
[   81.871423] XFS (loop0): bad version
[   81.872611] XFS (loop0): SB validate failed with error -22.
[   82.143160] loop0: detected capacity change from 0 to 65536
[   82.146907] XFS (loop0): bad version
[   82.147913] XFS (loop0): SB validate failed with error -22.
[   82.434625] loop0: detected capacity change from 0 to 65536
[   82.440970] XFS (loop0): bad version
[   82.442190] XFS (loop0): SB validate failed with error -22.
[   82.682038] loop0: detected capacity change from 0 to 65536
[   82.688252] XFS (loop0): bad version
[   82.689265] XFS (loop0): SB validate failed with error -22.
[   82.955968] loop0: detected capacity change from 0 to 65536
[   82.961502] XFS (loop0): bad version
[   82.962699] XFS (loop0): SB validate failed with error -22.
[   83.201404] loop0: detected capacity change from 0 to 65536
[   83.207894] XFS (loop0): bad version
[   83.209186] XFS (loop0): SB validate failed with error -22.
[   83.472627] loop0: detected capacity change from 0 to 65536
[   83.475894] XFS (loop0): bad version
[   83.477036] XFS (loop0): SB validate failed with error -22.
[   83.764026] loop0: detected capacity change from 0 to 65536
[   83.772116] XFS (loop0): bad version
[   83.773298] XFS (loop0): SB validate failed with error -22.
[   84.104022] loop0: detected capacity change from 0 to 65536
[   84.110303] XFS (loop0): bad version
[   84.111526] XFS (loop0): SB validate failed with error -22.
[   84.362396] loop0: detected capacity change from 0 to 65536
[   84.368108] XFS (loop0): bad version
[   84.369274] XFS (loop0): SB validate failed with error -22.
[   84.665329] loop0: detected capacity change from 0 to 65536
[   84.674141] XFS (loop0): bad version
[   84.675253] XFS (loop0): SB validate failed with error -22.
[   84.957196] loop0: detected capacity change from 0 to 65536
[   84.961026] XFS (loop0): bad version
[   84.962000] XFS (loop0): SB validate failed with error -22.
[   85.245118] loop0: detected capacity change from 0 to 65536
[   85.249026] XFS (loop0): bad version
[   85.250036] XFS (loop0): SB validate failed with error -22.
[   85.496532] loop0: detected capacity change from 0 to 65536
[   85.502391] XFS (loop0): bad version
[   85.503560] XFS (loop0): SB validate failed with error -22.
[   85.774435] loop0: detected capacity change from 0 to 65536
[   85.781269] XFS (loop0): bad version
[   85.782422] XFS (loop0): SB validate failed with error -22.
[   86.044606] loop0: detected capacity change from 0 to 65536
[   86.051281] XFS (loop0): bad version
[   86.052566] XFS (loop0): SB validate failed with error -22.
[   86.451803] loop0: detected capacity change from 0 to 65536
[   86.459579] XFS (loop0): bad version
[   86.460817] XFS (loop0): SB validate failed with error -22.
[   86.759302] loop0: detected capacity change from 0 to 65536
[   86.765197] XFS (loop0): bad version
[   86.766415] XFS (loop0): SB validate failed with error -22.
[   87.021267] loop0: detected capacity change from 0 to 65536
[   87.028785] XFS (loop0): bad version
[   87.030104] XFS (loop0): SB validate failed with error -22.
[   87.299624] loop0: detected capacity change from 0 to 65536
[   87.303894] XFS (loop0): bad version
[   87.304945] XFS (loop0): SB validate failed with error -22.
[   87.598613] loop0: detected capacity change from 0 to 65536
[   87.606761] XFS (loop0): bad version
[   87.607972] XFS (loop0): SB validate failed with error -22.
[   87.871042] loop0: detected capacity change from 0 to 65536
[   87.877980] XFS (loop0): bad version
[   87.879241] XFS (loop0): SB validate failed with error -22.
[   88.124123] loop0: detected capacity change from 0 to 65536
[   88.130019] XFS (loop0): bad version
[   88.131223] XFS (loop0): SB validate failed with error -22.
[   88.409771] loop0: detected capacity change from 0 to 65536
[   88.415366] XFS (loop0): bad version
[   88.416559] XFS (loop0): SB validate failed with error -22.
[   88.677857] loop0: detected capacity change from 0 to 65536
[   88.685982] XFS (loop0): bad version
[   88.687197] XFS (loop0): SB validate failed with error -22.
[   88.942706] loop0: detected capacity change from 0 to 65536
[   88.949651] XFS (loop0): bad version
[   88.950812] XFS (loop0): SB validate failed with error -22.
[   89.212047] loop0: detected capacity change from 0 to 65536
[   89.219475] XFS (loop0): bad version
[   89.220581] XFS (loop0): SB validate failed with error -22.
[   89.513889] loop0: detected capacity change from 0 to 65536
[   89.521867] XFS (loop0): bad version
[   89.522933] XFS (loop0): SB validate failed with error -22.
[   89.780867] loop0: detected capacity change from 0 to 65536
[   89.784825] XFS (loop0): bad version
[   89.785878] XFS (loop0): SB validate failed with error -22.
[   90.096681] loop0: detected capacity change from 0 to 65536
[   90.102303] XFS (loop0): bad version
[   90.103563] XFS (loop0): SB validate failed with error -22.
[   90.376547] loop0: detected capacity change from 0 to 65536
[   90.381092] XFS (loop0): bad version
[   90.382252] XFS (loop0): SB validate failed with error -22.
[   90.662651] loop0: detected capacity change from 0 to 65536
[   90.669026] XFS (loop0): bad version
[   90.670223] XFS (loop0): SB validate failed with error -22.
[   90.936281] loop0: detected capacity change from 0 to 65536
[   90.943560] XFS (loop0): bad version
[   90.944646] XFS (loop0): SB validate failed with error -22.
[   91.217228] loop0: detected capacity change from 0 to 65536
[   91.221184] XFS (loop0): bad version
[   91.222244] XFS (loop0): SB validate failed with error -22.
[   91.527646] loop0: detected capacity change from 0 to 65536
[   91.534331] XFS (loop0): bad version
[   91.535594] XFS (loop0): SB validate failed with error -22.
[   91.820927] loop0: detected capacity change from 0 to 65536
[   91.829034] XFS (loop0): bad version
[   91.830271] XFS (loop0): SB validate failed with error -22.
[   92.114795] loop0: detected capacity change from 0 to 65536
[   92.121738] XFS (loop0): bad version
[   92.122979] XFS (loop0): SB validate failed with error -22.
[   92.402662] loop0: detected capacity change from 0 to 65536
[   92.411105] XFS (loop0): bad version
[   92.412324] XFS (loop0): SB validate failed with error -22.
[   92.800407] loop0: detected capacity change from 0 to 65536
[   92.807528] XFS (loop0): bad version
[   92.808746] XFS (loop0): SB validate failed with error -22.
[   93.178578] loop0: detected capacity change from 0 to 65536
[   93.182120] XFS (loop0): bad version
[   93.183318] XFS (loop0): SB validate failed with error -22.
[   93.542762] loop0: detected capacity change from 0 to 65536
[   93.549126] XFS (loop0): bad version
[   93.550340] XFS (loop0): SB validate failed with error -22.
[   93.828883] loop0: detected capacity change from 0 to 65536
[   93.832500] XFS (loop0): bad version
[   93.833385] XFS (loop0): SB validate failed with error -22.
[   94.098908] loop0: detected capacity change from 0 to 65536
[   94.105774] XFS (loop0): bad version
[   94.106985] XFS (loop0): SB validate failed with error -22.
[   94.364536] loop0: detected capacity change from 0 to 65536
[   94.371490] XFS (loop0): bad version
[   94.372368] XFS (loop0): SB validate failed with error -22.
[   94.606765] loop0: detected capacity change from 0 to 65536
[   94.612889] XFS (loop0): bad version
[   94.613979] XFS (loop0): SB validate failed with error -22.
[   94.847327] loop0: detected capacity change from 0 to 65536
[   94.853477] XFS (loop0): bad version
[   94.854637] XFS (loop0): SB validate failed with error -22.
[   95.114060] loop0: detected capacity change from 0 to 65536
[   95.117672] XFS (loop0): bad version
[   95.118868] XFS (loop0): SB validate failed with error -22.
[   95.375028] loop0: detected capacity change from 0 to 65536
[   95.380098] XFS (loop0): bad version
[   95.381167] XFS (loop0): SB validate failed with error -22.
[   95.603514] loop0: detected capacity change from 0 to 65536
[   95.607975] XFS (loop0): bad version
[   95.608683] XFS (loop0): SB validate failed with error -22.
[   95.816694] loop0: detected capacity change from 0 to 65536
[   95.820227] XFS (loop0): bad version
[   95.821010] XFS (loop0): SB validate failed with error -22.
[   96.063702] loop0: detected capacity change from 0 to 65536
[   96.071243] XFS (loop0): bad version
[   96.072375] XFS (loop0): SB validate failed with error -22.
[   96.328799] loop0: detected capacity change from 0 to 65536
[   96.335349] XFS (loop0): bad version
[   96.336685] XFS (loop0): SB validate failed with error -22.
[   96.593647] loop0: detected capacity change from 0 to 65536
[   96.599208] XFS (loop0): bad version
[   96.600360] XFS (loop0): SB validate failed with error -22.
[   96.840626] loop0: detected capacity change from 0 to 65536
[   96.843963] XFS (loop0): bad version
[   96.845250] XFS (loop0): SB validate failed with error -22.
[   97.112590] loop0: detected capacity change from 0 to 65536
[   97.115823] XFS (loop0): bad version
[   97.116891] XFS (loop0): SB validate failed with error -22.
[   97.378089] loop0: detected capacity change from 0 to 65536
[   97.385287] XFS (loop0): bad version
[   97.386945] XFS (loop0): SB validate failed with error -22.
[   97.632381] loop0: detected capacity change from 0 to 65536
[   97.638388] XFS (loop0): bad version
[   97.639658] XFS (loop0): SB validate failed with error -22.
[   97.868038] loop0: detected capacity change from 0 to 65536
[   97.873026] XFS (loop0): bad version
[   97.873994] XFS (loop0): SB validate failed with error -22.
[   98.121199] loop0: detected capacity change from 0 to 65536
[   98.128153] XFS (loop0): bad version
[   98.129282] XFS (loop0): SB validate failed with error -22.
[   98.392782] loop0: detected capacity change from 0 to 65536
[   98.398011] XFS (loop0): bad version
[   98.399177] XFS (loop0): SB validate failed with error -22.
[   98.640251] loop0: detected capacity change from 0 to 65536
[   98.645764] XFS (loop0): bad version
[   98.646778] XFS (loop0): SB validate failed with error -22.
[   98.877626] loop0: detected capacity change from 0 to 65536
[   98.882987] XFS (loop0): bad version
[   98.884061] XFS (loop0): SB validate failed with error -22.
[   99.125346] loop0: detected capacity change from 0 to 65536
[   99.131618] XFS (loop0): bad version
[   99.132912] XFS (loop0): SB validate failed with error -22.
[   99.402851] loop0: detected capacity change from 0 to 65536
[   99.409365] XFS (loop0): bad version
[   99.410613] XFS (loop0): SB validate failed with error -22.
[   99.663715] loop0: detected capacity change from 0 to 65536
[   99.671199] XFS (loop0): bad version
[   99.672304] XFS (loop0): SB validate failed with error -22.
[   99.908669] loop0: detected capacity change from 0 to 65536
[   99.912340] XFS (loop0): bad version
[   99.913155] XFS (loop0): SB validate failed with error -22.
[  100.181917] loop0: detected capacity change from 0 to 65536
[  100.187353] XFS (loop0): bad version
[  100.188570] XFS (loop0): SB validate failed with error -22.
[  100.448213] loop0: detected capacity change from 0 to 65536
[  100.453466] XFS (loop0): bad version
[  100.454666] XFS (loop0): SB validate failed with error -22.
[  100.711647] loop0: detected capacity change from 0 to 65536
[  100.717690] XFS (loop0): bad version
[  100.718885] XFS (loop0): SB validate failed with error -22.
[  100.943354] loop0: detected capacity change from 0 to 65536
[  100.949089] XFS (loop0): bad version
[  100.950057] XFS (loop0): SB validate failed with error -22.
[  101.218743] loop0: detected capacity change from 0 to 65536
[  101.223339] XFS (loop0): bad version
[  101.224482] XFS (loop0): SB validate failed with error -22.
[  101.471215] loop0: detected capacity change from 0 to 65536
[  101.477489] XFS (loop0): bad version
[  101.478600] XFS (loop0): SB validate failed with error -22.
[  101.707948] loop0: detected capacity change from 0 to 65536
[  101.713576] XFS (loop0): bad version
[  101.714565] XFS (loop0): SB validate failed with error -22.
[  101.941851] loop0: detected capacity change from 0 to 65536
[  101.947828] XFS (loop0): bad version
[  101.948817] XFS (loop0): SB validate failed with error -22.
[  102.200155] loop0: detected capacity change from 0 to 65536
[  102.206948] XFS (loop0): bad version
[  102.207930] XFS (loop0): SB validate failed with error -22.
[  102.467268] loop0: detected capacity change from 0 to 65536
[  102.471579] XFS (loop0): bad version
[  102.472726] XFS (loop0): SB validate failed with error -22.
[  102.715412] loop0: detected capacity change from 0 to 65536
[  102.719885] XFS (loop0): bad version
[  102.720956] XFS (loop0): SB validate failed with error -22.
[  102.968118] loop0: detected capacity change from 0 to 65536
[  102.974982] XFS (loop0): bad version
[  102.976134] XFS (loop0): SB validate failed with error -22.
[  103.239175] loop0: detected capacity change from 0 to 65536
[  103.243236] XFS (loop0): bad version
[  103.244225] XFS (loop0): SB validate failed with error -22.
[  103.515670] loop0: detected capacity change from 0 to 65536
[  103.522195] XFS (loop0): bad version
[  103.523396] XFS (loop0): SB validate failed with error -22.
[  103.784074] loop0: detected capacity change from 0 to 65536
[  103.789183] XFS (loop0): bad version
[  103.790309] XFS (loop0): SB validate failed with error -22.
[  104.024910] loop0: detected capacity change from 0 to 65536
[  104.030907] XFS (loop0): bad version
[  104.032049] XFS (loop0): SB validate failed with error -22.
[  104.262237] loop0: detected capacity change from 0 to 65536
[  104.268106] XFS (loop0): bad version
[  104.269112] XFS (loop0): SB validate failed with error -22.
[  104.535328] loop0: detected capacity change from 0 to 65536
[  104.542883] XFS (loop0): bad version
[  104.544163] XFS (loop0): SB validate failed with error -22.
[  104.796711] loop0: detected capacity change from 0 to 65536
[  104.800298] XFS (loop0): bad version
[  104.801365] XFS (loop0): SB validate failed with error -22.
[  105.032748] loop0: detected capacity change from 0 to 65536
[  105.037391] XFS (loop0): bad version
[  105.038081] XFS (loop0): SB validate failed with error -22.
[  105.259711] loop0: detected capacity change from 0 to 65536
[  105.264135] XFS (loop0): bad version
[  105.265078] XFS (loop0): SB validate failed with error -22.
[  105.612946] loop0: detected capacity change from 0 to 65536
[  105.619905] XFS (loop0): bad version
[  105.621223] XFS (loop0): SB validate failed with error -22.
[  105.888327] loop0: detected capacity change from 0 to 65536
[  105.895071] XFS (loop0): bad version
[  105.896418] XFS (loop0): SB validate failed with error -22.
[  106.147037] loop0: detected capacity change from 0 to 65536
[  106.153990] XFS (loop0): bad version
[  106.155211] XFS (loop0): SB validate failed with error -22.
[  106.423899] loop0: detected capacity change from 0 to 65536
[  106.427581] XFS (loop0): bad version
[  106.429454] XFS (loop0): SB validate failed with error -22.
[  106.683205] loop0: detected capacity change from 0 to 65536
[  106.688204] XFS (loop0): bad version
[  106.689044] XFS (loop0): SB validate failed with error -22.
[  106.921878] loop0: detected capacity change from 0 to 65536
[  106.927492] XFS (loop0): bad version
[  106.928560] XFS (loop0): SB validate failed with error -22.
[  107.202036] loop0: detected capacity change from 0 to 65536
[  107.205501] XFS (loop0): bad version
[  107.206692] XFS (loop0): SB validate failed with error -22.
[  107.458311] loop0: detected capacity change from 0 to 65536
[  107.465242] XFS (loop0): bad version
[  107.466179] XFS (loop0): SB validate failed with error -22.
[  107.749994] loop0: detected capacity change from 0 to 65536
[  107.756716] XFS (loop0): bad version
[  107.757940] XFS (loop0): SB validate failed with error -22.
[  108.018593] loop0: detected capacity change from 0 to 65536
[  108.023853] XFS (loop0): bad version
[  108.024988] XFS (loop0): SB validate failed with error -22.
[  108.254998] loop0: detected capacity change from 0 to 65536
[  108.259930] XFS (loop0): bad version
[  108.260761] XFS (loop0): SB validate failed with error -22.
[  108.517275] loop0: detected capacity change from 0 to 65536
[  108.523543] XFS (loop0): bad version
[  108.524485] XFS (loop0): SB validate failed with error -22.
[  108.776450] loop0: detected capacity change from 0 to 65536
[  108.781299] XFS (loop0): bad version
[  108.782408] XFS (loop0): SB validate failed with error -22.
[  109.029176] loop0: detected capacity change from 0 to 65536
[  109.032354] XFS (loop0): bad version
[  109.033610] XFS (loop0): SB validate failed with error -22.
[  109.281012] loop0: detected capacity change from 0 to 65536
[  109.287452] XFS (loop0): bad version
[  109.288585] XFS (loop0): SB validate failed with error -22.
[  109.558656] loop0: detected capacity change from 0 to 65536
[  109.566515] XFS (loop0): bad version
[  109.567528] XFS (loop0): SB validate failed with error -22.
[  109.848026] loop0: detected capacity change from 0 to 65536
[  109.856164] XFS (loop0): bad version
[  109.857332] XFS (loop0): SB validate failed with error -22.
[  110.146152] loop0: detected capacity change from 0 to 65536
[  110.150243] XFS (loop0): bad version
[  110.151362] XFS (loop0): SB validate failed with error -22.
[  110.382546] loop0: detected capacity change from 0 to 65536
[  110.387870] XFS (loop0): bad version
[  110.388856] XFS (loop0): SB validate failed with error -22.
[  110.598893] loop0: detected capacity change from 0 to 65536
[  110.603414] XFS (loop0): bad version
[  110.604140] XFS (loop0): SB validate failed with error -22.
[  110.879571] loop0: detected capacity change from 0 to 65536
[  110.885707] XFS (loop0): bad version
[  110.886924] XFS (loop0): SB validate failed with error -22.
[  111.160776] loop0: detected capacity change from 0 to 65536
[  111.164977] XFS (loop0): bad version
[  111.166169] XFS (loop0): SB validate failed with error -22.
[  111.417853] loop0: detected capacity change from 0 to 65536
[  111.424826] XFS (loop0): bad version
[  111.425986] XFS (loop0): SB validate failed with error -22.
[  111.681480] loop0: detected capacity change from 0 to 65536
[  111.689139] XFS (loop0): bad version
[  111.689994] XFS (loop0): SB validate failed with error -22.
[  111.953030] loop0: detected capacity change from 0 to 65536
[  111.956716] XFS (loop0): bad version
[  111.957638] XFS (loop0): SB validate failed with error -22.
[  112.223739] loop0: detected capacity change from 0 to 65536
[  112.229100] XFS (loop0): bad version
[  112.230285] XFS (loop0): SB validate failed with error -22.
[  112.496723] loop0: detected capacity change from 0 to 65536
[  112.503731] XFS (loop0): bad version
[  112.504912] XFS (loop0): SB validate failed with error -22.
[  112.759646] loop0: detected capacity change from 0 to 65536
[  112.764378] XFS (loop0): bad version
[  112.765442] XFS (loop0): SB validate failed with error -22.
[  113.082781] loop0: detected capacity change from 0 to 65536
[  113.086242] XFS (loop0): bad version
[  113.087433] XFS (loop0): SB validate failed with error -22.
[  113.346757] loop0: detected capacity change from 0 to 65536
[  113.353363] XFS (loop0): bad version
[  113.354581] XFS (loop0): SB validate failed with error -22.
[  113.599255] loop0: detected capacity change from 0 to 65536
[  113.605578] XFS (loop0): bad version
[  113.606727] XFS (loop0): SB validate failed with error -22.
[  113.858990] loop0: detected capacity change from 0 to 65536
[  113.862670] XFS (loop0): bad version
[  113.864497] XFS (loop0): SB validate failed with error -22.
[  114.147802] loop0: detected capacity change from 0 to 65536
[  114.151489] XFS (loop0): bad version
[  114.152545] XFS (loop0): SB validate failed with error -22.
[  114.404220] loop0: detected capacity change from 0 to 65536
[  114.410959] XFS (loop0): bad version
[  114.412123] XFS (loop0): SB validate failed with error -22.
[  114.650356] loop0: detected capacity change from 0 to 65536
[  114.656136] XFS (loop0): bad version
[  114.657297] XFS (loop0): SB validate failed with error -22.
[  114.870865] loop0: detected capacity change from 0 to 65536
[  114.877336] XFS (loop0): bad version
[  114.878664] XFS (loop0): SB validate failed with error -22.
[  115.143122] loop0: detected capacity change from 0 to 65536
[  115.150380] XFS (loop0): bad version
[  115.151498] XFS (loop0): SB validate failed with error -22.
[  115.387181] loop0: detected capacity change from 0 to 65536
[  115.390882] XFS (loop0): bad version
[  115.391681] XFS (loop0): SB validate failed with error -22.
[  115.613520] loop0: detected capacity change from 0 to 65536
[  115.618126] XFS (loop0): bad version
[  115.618914] XFS (loop0): SB validate failed with error -22.
[  115.834137] loop0: detected capacity change from 0 to 65536
[  115.838520] XFS (loop0): bad version
[  115.839343] XFS (loop0): SB validate failed with error -22.
[  116.063566] loop0: detected capacity change from 0 to 65536
[  116.068475] XFS (loop0): bad version
[  116.069445] XFS (loop0): SB validate failed with error -22.
[  116.286797] loop0: detected capacity change from 0 to 65536
[  116.290362] XFS (loop0): bad version
[  116.291117] XFS (loop0): SB validate failed with error -22.
[  116.500964] loop0: detected capacity change from 0 to 65536
[  116.505176] XFS (loop0): bad version
[  116.505888] XFS (loop0): SB validate failed with error -22.
[  116.715587] loop0: detected capacity change from 0 to 65536
[  116.720166] XFS (loop0): bad version
[  116.720954] XFS (loop0): SB validate failed with error -22.
[  116.974888] loop0: detected capacity change from 0 to 65536
[  116.980674] XFS (loop0): bad version
[  116.981756] XFS (loop0): SB validate failed with error -22.
[  117.204229] loop0: detected capacity change from 0 to 65536
[  117.208898] XFS (loop0): bad version
[  117.209778] XFS (loop0): SB validate failed with error -22.
[  117.422099] loop0: detected capacity change from 0 to 65536
[  117.425264] XFS (loop0): bad version
[  117.426063] XFS (loop0): SB validate failed with error -22.
[  117.632934] loop0: detected capacity change from 0 to 65536
[  117.636939] XFS (loop0): bad version
[  117.637800] XFS (loop0): SB validate failed with error -22.
[  117.880859] loop0: detected capacity change from 0 to 65536
[  117.888089] XFS (loop0): bad version
[  117.889872] XFS (loop0): SB validate failed with error -22.
[  118.155298] loop0: detected capacity change from 0 to 65536
[  118.161785] XFS (loop0): bad version
[  118.162966] XFS (loop0): SB validate failed with error -22.
[  118.383347] loop0: detected capacity change from 0 to 65536
[  118.387755] XFS (loop0): bad version
[  118.388599] XFS (loop0): SB validate failed with error -22.
[  118.595543] loop0: detected capacity change from 0 to 65536
[  118.599740] XFS (loop0): bad version
[  118.600449] XFS (loop0): SB validate failed with error -22.
[  118.817449] loop0: detected capacity change from 0 to 65536
[  118.821686] XFS (loop0): bad version
[  118.822434] XFS (loop0): SB validate failed with error -22.
[  119.079131] loop0: detected capacity change from 0 to 65536
[  119.085390] XFS (loop0): bad version
[  119.086572] XFS (loop0): SB validate failed with error -22.
[  119.316189] loop0: detected capacity change from 0 to 65536
[  119.320841] XFS (loop0): bad version
[  119.321598] XFS (loop0): SB validate failed with error -22.
[  119.517700] loop0: detected capacity change from 0 to 65536
[  119.521753] XFS (loop0): bad version
[  119.522440] XFS (loop0): SB validate failed with error -22.
[  119.746425] loop0: detected capacity change from 0 to 65536
[  119.751755] XFS (loop0): bad version
[  119.752787] XFS (loop0): SB validate failed with error -22.
[  119.967560] loop0: detected capacity change from 0 to 65536
[  119.972205] XFS (loop0): bad version
[  119.972978] XFS (loop0): SB validate failed with error -22.
[  120.190436] loop0: detected capacity change from 0 to 65536
[  120.194795] XFS (loop0): bad version
[  120.195491] XFS (loop0): SB validate failed with error -22.
[  120.404017] loop0: detected capacity change from 0 to 65536
