c[?7l[2J[0mSeaBIOS (version rel-1.16.0-0-gd239552ce722-prebuilt.qemu.org)


iPXE (http://ipxe.org) 00:03.0 CA00 PCI2.10 PnP PMM+7FF91000+7FEF1000 CA00
Press Ctrl-B to configure iPXE (PCI 00:03.0)...                                                                               


Booting from ROM...
c[?7l[2J[    0.000000] Linux version 5.14.0-eceae1e7acae+ (root@p-rpls01) (gcc (GCC) 8.5.0 20210514 (Red Hat 8.5.0-18), GNU ld version 2.36.1-2.el8) #1 SMP Wed Apr 5 18:46:35 CST 2023
[    0.000000] Command line: console=ttyS0 root=/dev/sda earlyprintk=serial net.ifnames=0
[    0.000000] KERNEL supported cpus:
[    0.000000]   Intel GenuineIntel
[    0.000000]   AMD AuthenticAMD
[    0.000000]   Hygon HygonGenuine
[    0.000000]   Centaur CentaurHauls
[    0.000000]   zhaoxin   Shanghai  
[    0.000000] x86/fpu: Supporting XSAVE feature 0x001: 'x87 floating point registers'
[    0.000000] x86/fpu: Supporting XSAVE feature 0x002: 'SSE registers'
[    0.000000] x86/fpu: Supporting XSAVE feature 0x004: 'AVX registers'
[    0.000000] x86/fpu: Supporting XSAVE feature 0x200: 'Protection Keys User registers'
[    0.000000] x86/fpu: xstate_offset[2]:  576, xstate_sizes[2]:  256
[    0.000000] x86/fpu: xstate_offset[9]:  832, xstate_sizes[9]:    8
[    0.000000] x86/fpu: Enabled xstate features 0x207, context size is 840 bytes, using 'compacted' format.
[    0.000000] signal: max sigframe size: 3632
[    0.000000] BIOS-provided physical RAM map:
[    0.000000] BIOS-e820: [mem 0x0000000000000000-0x000000000009fbff] usable
[    0.000000] BIOS-e820: [mem 0x000000000009fc00-0x000000000009ffff] reserved
[    0.000000] BIOS-e820: [mem 0x00000000000f0000-0x00000000000fffff] reserved
[    0.000000] BIOS-e820: [mem 0x0000000000100000-0x000000007ffdffff] usable
[    0.000000] BIOS-e820: [mem 0x000000007ffe0000-0x000000007fffffff] reserved
[    0.000000] BIOS-e820: [mem 0x00000000feffc000-0x00000000feffffff] reserved
[    0.000000] BIOS-e820: [mem 0x00000000fffc0000-0x00000000ffffffff] reserved
[    0.000000] printk: bootconsole [earlyser0] enabled
[    0.000000] NX (Execute Disable) protection: active
[    0.000000] SMBIOS 2.8 present.
[    0.000000] DMI: QEMU Standard PC (i440FX + PIIX, 1996), BIOS rel-1.16.0-0-gd239552ce722-prebuilt.qemu.org 04/01/2014
[    0.000000] Hypervisor detected: KVM
[    0.000000] kvm-clock: Using msrs 4b564d01 and 4b564d00
[    0.000000] kvm-clock: cpu 0, msr 5401001, primary cpu clock
[    0.000006] kvm-clock: using sched offset of 728464847 cycles
[    0.001536] clocksource: kvm-clock: mask: 0xffffffffffffffff max_cycles: 0x1cd42e4dffb, max_idle_ns: 881590591483 ns
[    0.006009] tsc: Detected 806.400 MHz processor
[    0.014660] last_pfn = 0x7ffe0 max_arch_pfn = 0x400000000
[    0.016407] x86/PAT: Configuration [0-7]: WB  WC  UC- UC  WB  WP  UC- WT  
[    0.024568] found SMP MP-table at [mem 0x000f5ba0-0x000f5baf]
[    0.026374] Using GB pages for direct mapping
[    0.028815] ACPI: Early table checksum verification disabled
[    0.030419] ACPI: RSDP 0x00000000000F59C0 000014 (v00 BOCHS )
[    0.032069] ACPI: RSDT 0x000000007FFE1951 000034 (v01 BOCHS  BXPC     00000001 BXPC 00000001)
[    0.034480] ACPI: FACP 0x000000007FFE17FD 000074 (v01 BOCHS  BXPC     00000001 BXPC 00000001)
[    0.036896] ACPI: DSDT 0x000000007FFE0040 0017BD (v01 BOCHS  BXPC     00000001 BXPC 00000001)
[    0.039288] ACPI: FACS 0x000000007FFE0000 000040
[    0.040577] ACPI: APIC 0x000000007FFE1871 000080 (v01 BOCHS  BXPC     00000001 BXPC 00000001)
[    0.042955] ACPI: HPET 0x000000007FFE18F1 000038 (v01 BOCHS  BXPC     00000001 BXPC 00000001)
[    0.045324] ACPI: WAET 0x000000007FFE1929 000028 (v01 BOCHS  BXPC     00000001 BXPC 00000001)
[    0.047706] ACPI: Reserving FACP table memory at [mem 0x7ffe17fd-0x7ffe1870]
[    0.049658] ACPI: Reserving DSDT table memory at [mem 0x7ffe0040-0x7ffe17fc]
[    0.051625] ACPI: Reserving FACS table memory at [mem 0x7ffe0000-0x7ffe003f]
[    0.053570] ACPI: Reserving APIC table memory at [mem 0x7ffe1871-0x7ffe18f0]
[    0.055538] ACPI: Reserving HPET table memory at [mem 0x7ffe18f1-0x7ffe1928]
[    0.057491] ACPI: Reserving WAET table memory at [mem 0x7ffe1929-0x7ffe1950]
[    0.060704] No NUMA configuration found
[    0.061773] Faking a node at [mem 0x0000000000000000-0x000000007ffdffff]
[    0.063730] NODE_DATA(0) allocated [mem 0x7ffb5000-0x7ffdffff]
[    0.070006] Zone ranges:
[    0.070719]   DMA      [mem 0x0000000000001000-0x0000000000ffffff]
[    0.072424]   DMA32    [mem 0x0000000001000000-0x000000007ffdffff]
[    0.074142]   Normal   empty
[    0.074941]   Device   empty
[    0.075734] Movable zone start for each node
[    0.076905] Early memory node ranges
[    0.077886]   node   0: [mem 0x0000000000001000-0x000000000009efff]
[    0.079633]   node   0: [mem 0x0000000000100000-0x000000007ffdffff]
[    0.081362] Initmem setup node 0 [mem 0x0000000000001000-0x000000007ffdffff]
[    0.085595] On node 0, zone DMA: 1 pages in unavailable ranges
[    0.085639] On node 0, zone DMA: 97 pages in unavailable ranges
[    0.172408] On node 0, zone DMA32: 32 pages in unavailable ranges
[    0.174980] ACPI: PM-Timer IO Port: 0x608
[    0.177780] ACPI: LAPIC_NMI (acpi_id[0xff] dfl dfl lint[0x1])
[    0.179509] IOAPIC[0]: apic_id 0, version 17, address 0xfec00000, GSI 0-23
[    0.181489] ACPI: INT_SRC_OVR (bus 0 bus_irq 0 global_irq 2 dfl dfl)
[    0.183249] ACPI: INT_SRC_OVR (bus 0 bus_irq 5 global_irq 5 high level)
[    0.185062] ACPI: INT_SRC_OVR (bus 0 bus_irq 9 global_irq 9 high level)
[    0.186895] ACPI: INT_SRC_OVR (bus 0 bus_irq 10 global_irq 10 high level)
[    0.188753] ACPI: INT_SRC_OVR (bus 0 bus_irq 11 global_irq 11 high level)
[    0.190654] ACPI: Using ACPI (MADT) for SMP configuration information
[    0.192431] ACPI: HPET id: 0x8086a201 base: 0xfed00000
[    0.193888] TSC deadline timer available
[    0.194987] smpboot: Allowing 2 CPUs, 0 hotplug CPUs
[    0.196431] kvm-guest: KVM setup pv remote TLB flush
[    0.197815] kvm-guest: setup PV sched yield
[    0.199044] PM: hibernation: Registered nosave memory: [mem 0x00000000-0x00000fff]
[    0.201125] PM: hibernation: Registered nosave memory: [mem 0x0009f000-0x0009ffff]
[    0.203210] PM: hibernation: Registered nosave memory: [mem 0x000a0000-0x000effff]
[    0.205283] PM: hibernation: Registered nosave memory: [mem 0x000f0000-0x000fffff]
[    0.207400] [mem 0x80000000-0xfeffbfff] available for PCI devices
[    0.209083] Booting paravirtualized kernel on KVM
[    0.210409] clocksource: refined-jiffies: mask: 0xffffffff max_cycles: 0xffffffff, max_idle_ns: 7645519600211568 ns
[    0.213270] setup_percpu: NR_CPUS:8192 nr_cpumask_bits:2 nr_cpu_ids:2 nr_node_ids:1
[    0.221564] percpu: Embedded 55 pages/cpu s188416 r8192 d28672 u1048576
[    0.223807] kvm-guest: setup async PF for cpu 0
[    0.225088] kvm-guest: stealtime: cpu 0, msr 7dc2d080
[    0.226536] kvm-guest: PV spinlocks enabled
[    0.227710] PV qspinlock hash table entries: 256 (order: 0, 4096 bytes, linear)
[    0.229806] Built 1 zonelists, mobility grouping on.  Total pages: 515808
[    0.231750] Policy zone: DMA32
[    0.232622] Kernel command line: net.ifnames=0 console=ttyS0 root=/dev/sda earlyprintk=serial net.ifnames=0
[    0.241763] Dentry cache hash table entries: 262144 (order: 9, 2097152 bytes, linear)
[    0.246331] Inode-cache hash table entries: 131072 (order: 8, 1048576 bytes, linear)
[    0.248723] mem auto-init: stack:off, heap alloc:off, heap free:off
[    0.258035] Memory: 1987504K/2096632K available (30737K kernel code, 5244K rwdata, 7644K rodata, 3220K init, 22036K bss, 108872K reserved, 0K cma-reserved)
[    0.261931] random: get_random_u64 called from __kmem_cache_create+0x2f/0x490 with crng_init=0
[    0.263089] SLUB: HWalign=64, Order=0-3, MinObjects=0, CPUs=2, Nodes=1
[    0.267222] kmemleak: Kernel memory leak detector disabled
[    0.268787] ftrace: allocating 64729 entries in 253 pages
[    0.394083] ftrace: allocated 253 pages with 7 groups
[    0.396155] Running RCU self tests
[    0.397081] rcu: Hierarchical RCU implementation.
[    0.398356] rcu: 	RCU lockdep checking is enabled.
[    0.399645] rcu: 	RCU restricting CPUs from NR_CPUS=8192 to nr_cpu_ids=2.
[    0.401464] 	Trampoline variant of Tasks RCU enabled.
[    0.403188] 	Rude variant of Tasks RCU enabled.
[    0.404407] 	Tracing variant of Tasks RCU enabled.
[    0.405695] rcu: RCU calculated value of scheduler-enlistment delay is 25 jiffies.
[    0.407747] rcu: Adjusting geometry for rcu_fanout_leaf=16, nr_cpu_ids=2
[    0.437798] NR_IRQS: 524544, nr_irqs: 440, preallocated irqs: 16
[    0.463539] Console: colour VGA+ 80x25
[    0.464715] printk: console [ttyS0] enabled
[    0.464715] printk: console [ttyS0] enabled
[    0.466996] printk: bootconsole [earlyser0] disabled
[    0.466996] printk: bootconsole [earlyser0] disabled
[    0.469686] Lock dependency validator: Copyright (c) 2006 Red Hat, Inc., Ingo Molnar
[    0.471774] ... MAX_LOCKDEP_SUBCLASSES:  8
[    0.472891] ... MAX_LOCK_DEPTH:          48
[    0.474047] ... MAX_LOCKDEP_KEYS:        8192
[    0.475236] ... CLASSHASH_SIZE:          4096
[    0.476416] ... MAX_LOCKDEP_ENTRIES:     32768
[    0.477623] ... MAX_LOCKDEP_CHAINS:      65536
[    0.478841] ... CHAINHASH_SIZE:          32768
[    0.480046]  memory used by lock dependency info: 6365 kB
[    0.481502]  memory used for stack traces: 4224 kB
[    0.482823]  per task-struct memory footprint: 1920 bytes
[    0.484341] ACPI: Core revision 20210730
[    0.485798] clocksource: hpet: mask: 0xffffffff max_cycles: 0xffffffff, max_idle_ns: 19112604467 ns
[    0.488551] APIC: Switch to symmetric I/O mode setup
[    0.490917] x2apic enabled
[    0.492399] Switched APIC routing to physical x2apic.
[    0.493864] kvm-guest: setup PV IPIs
[    0.498031] ..TIMER: vector=0x30 apic1=0 pin1=2 apic2=-1 pin2=-1
[    0.499743] clocksource: tsc-early: mask: 0xffffffffffffffff max_cycles: 0xb9fb05486c, max_idle_ns: 440795231721 ns
[    0.502619] Calibrating delay loop (skipped) preset value.. 1612.80 BogoMIPS (lpj=3225600)
[    0.506603] pid_max: default: 32768 minimum: 301
[    0.507983] LSM: Security Framework initializing
[    0.509243] Yama: becoming mindful.
[    0.510704] Mount-cache hash table entries: 4096 (order: 3, 32768 bytes, linear)
[    0.512780] Mountpoint-cache hash table entries: 4096 (order: 3, 32768 bytes, linear)
[    0.516518] CPU0: Thermal monitoring enabled (TM1)
[    0.518107] x86/cpu: User Mode Instruction Prevention (UMIP) activated
[    0.519540] Last level iTLB entries: 4KB 0, 2MB 0, 4MB 0
[    0.522609] Last level dTLB entries: 4KB 0, 2MB 0, 4MB 0, 1GB 0
[    0.524252] Spectre V1 : Mitigation: usercopy/swapgs barriers and __user pointer sanitization
[    0.526611] Spectre V2 : Mitigation: Enhanced IBRS
[    0.527902] Spectre V2 : Spectre v2 / SpectreRSB mitigation: Filling RSB on context switch
[    0.530081] Spectre V2 : mitigation: Enabling conditional Indirect Branch Prediction Barrier
[    0.530602] Speculative Store Bypass: Mitigation: Speculative Store Bypass disabled via prctl and seccomp
[    0.574706] Freeing SMP alternatives memory: 56K
[    0.576888] smpboot: CPU0: Genuine Intel(R) 0000 (family: 0x6, model: 0xb7, stepping: 0x0)
[    0.578599] Running RCU-tasks wait API self tests
[    0.682854] Performance Events: generic architected perfmon, full-width counters, Intel PMU driver.
[    0.685410] ... version:                2
[    0.686506] ... bit width:              48
[    0.686614] ... generic registers:      6
[    0.687674] ... value mask:             0000ffffffffffff
[    0.689066] ... max period:             00007fffffffffff
[    0.690474] ... fixed-purpose events:   3
[    0.690609] ... event mask:             000000070000003f
[    0.692702] rcu: Hierarchical SRCU implementation.
[    0.697414] smp: Bringing up secondary CPUs ...
[    0.698653] Callback from call_rcu_tasks_trace() invoked.
[    0.701128] x86: Booting SMP configuration:
[    0.702252] .... node  #0, CPUs:      #1
[    0.054725] kvm-clock: cpu 1, msr 5401041, secondary cpu clock
[    0.704055] kvm-guest: setup async PF for cpu 1
[    0.705035] kvm-guest: stealtime: cpu 1, msr 7dd2d080
[    0.706768] smp: Brought up 1 node, 2 CPUs
[    0.707980] smpboot: Max logical packages: 1
[    0.709125] smpboot: Total of 2 processors activated (3225.60 BogoMIPS)
[    0.715595] devtmpfs: initialized
[    0.715936] x86/mm: Memory block size: 128MB
[    0.722726] clocksource: jiffies: mask: 0xffffffff max_cycles: 0xffffffff, max_idle_ns: 7645041785100000 ns
[    0.725443] futex hash table entries: 512 (order: 4, 65536 bytes, linear)
[    0.727325] pinctrl core: initialized pinctrl subsystem
[    0.729593] 
[    0.730031] *************************************************************
[    0.730616] **     NOTICE NOTICE NOTICE NOTICE NOTICE NOTICE NOTICE    **
[    0.732450] **                                                         **
[    0.734257] **  IOMMU DebugFS SUPPORT HAS BEEN ENABLED IN THIS KERNEL  **
[    0.734612] **                                                         **
[    0.736448] ** This means that this kernel is built to expose internal **
[    0.738272] ** IOMMU data structures, which may compromise security on **
[    0.738614] ** your system.                                            **
[    0.740442] **                                                         **
[    0.742287] ** If you see this message and you are not debugging the   **
[    0.742613] ** kernel, report this immediately to your vendor!         **
[    0.744450] **                                                         **
[    0.746243] **     NOTICE NOTICE NOTICE NOTICE NOTICE NOTICE NOTICE    **
[    0.746614] *************************************************************
[    0.748659] PM: RTC time: 11:19:06, date: 2023-04-05
[    0.751656] NET: Registered PF_NETLINK/PF_ROUTE protocol family
[    0.754046] DMA: preallocated 256 KiB GFP_KERNEL pool for atomic allocations
[    0.754634] DMA: preallocated 256 KiB GFP_KERNEL|GFP_DMA pool for atomic allocations
[    0.756715] DMA: preallocated 256 KiB GFP_KERNEL|GFP_DMA32 pool for atomic allocations
[    0.758688] audit: initializing netlink subsys (disabled)
[    0.760205] audit: type=2000 audit(1680693547.266:1): state=initialized audit_enabled=0 res=1
[    0.760205] thermal_sys: Registered thermal governor 'fair_share'
[    0.760265] thermal_sys: Registered thermal governor 'bang_bang'
[    0.762007] thermal_sys: Registered thermal governor 'step_wise'
[    0.762615] thermal_sys: Registered thermal governor 'user_space'
[    0.764350] cpuidle: using governor ladder
[    0.766626] cpuidle: using governor menu
[    0.768272] ACPI: bus type PCI registered
[    0.769396] acpiphp: ACPI Hot Plug PCI Controller Driver version: 0.5
[    0.775249] PCI: Using configuration type 1 for base access
[    0.786844] Callback from call_rcu_tasks_rude() invoked.
[    0.789430] Kprobes globally optimized
[    0.798807] HugeTLB registered 1.00 GiB page size, pre-allocated 0 pages
[    0.802632] HugeTLB registered 2.00 MiB page size, pre-allocated 0 pages
[    0.815219] ACPI: PRMT not present
[    0.815219] ACPI: Added _OSI(Module Device)
[    0.815905] ACPI: Added _OSI(Processor Device)
[    0.817113] ACPI: Added _OSI(3.0 _SCP Extensions)
[    0.818386] ACPI: Added _OSI(Processor Aggregator Device)
[    0.818615] ACPI: Added _OSI(Linux-Dell-Video)
[    0.819816] ACPI: Added _OSI(Linux-Lenovo-NV-HDMI-Audio)
[    0.821252] ACPI: Added _OSI(Linux-HPI-Hybrid-Graphics)
[    0.829444] ACPI: 1 ACPI AML tables successfully acquired and loaded
[    0.835327] ACPI: Interpreter enabled
[    0.836472] ACPI: PM: (supports S0 S3 S4 S5)
[    0.837677] ACPI: Using IOAPIC for interrupt routing
[    0.838668] PCI: Using host bridge windows from ACPI; if necessary, use "pci=nocrs" and report a bug
[    0.842067] ACPI: Enabled 2 GPEs in block 00 to 0F
[    0.863768] ACPI: PCI Root Bridge [PCI0] (domain 0000 [bus 00-ff])
[    0.865544] acpi PNP0A03:00: _OSC: OS supports [ASPM ClockPM Segments MSI EDR HPX-Type3]
[    0.870713] acpi PNP0A03:00: fail to add MMCONFIG information, can't access extended PCI configuration space under this bridge.
[    0.876376] acpiphp: Slot [3] registered
[    0.877559] acpiphp: Slot [4] registered
[    0.878707] acpiphp: Slot [5] registered
[    0.879900] acpiphp: Slot [6] registered
[    0.881095] acpiphp: Slot [7] registered
[    0.882302] acpiphp: Slot [8] registered
[    0.882705] acpiphp: Slot [9] registered
[    0.883894] acpiphp: Slot [10] registered
[    0.885358] acpiphp: Slot [11] registered
[    0.886627] acpiphp: Slot [12] registered
[    0.887834] acpiphp: Slot [13] registered
[    0.889046] acpiphp: Slot [14] registered
[    0.890753] Callback from call_rcu_tasks() invoked.
[    0.890753] acpiphp: Slot [15] registered
[    0.892095] acpiphp: Slot [16] registered
[    0.893078] acpiphp: Slot [17] registered
[    0.894370] acpiphp: Slot [18] registered
[    0.894728] acpiphp: Slot [19] registered
[    0.895955] acpiphp: Slot [20] registered
[    0.897173] acpiphp: Slot [21] registered
[    0.898401] acpiphp: Slot [22] registered
[    0.898707] acpiphp: Slot [23] registered
[    0.899945] acpiphp: Slot [24] registered
[    0.901166] acpiphp: Slot [25] registered
[    0.902402] acpiphp: Slot [26] registered
[    0.906710] acpiphp: Slot [27] registered
[    0.907927] acpiphp: Slot [28] registered
[    0.909148] acpiphp: Slot [29] registered
[    0.910439] acpiphp: Slot [30] registered
[    0.910741] acpiphp: Slot [31] registered
[    0.911905] PCI host bridge to bus 0000:00
[    0.913060] pci_bus 0000:00: root bus resource [io  0x0000-0x0cf7 window]
[    0.914613] pci_bus 0000:00: root bus resource [io  0x0d00-0xffff window]
[    0.916472] pci_bus 0000:00: root bus resource [mem 0x000a0000-0x000bffff window]
[    0.918520] pci_bus 0000:00: root bus resource [mem 0x80000000-0xfebfffff window]
[    0.918611] pci_bus 0000:00: root bus resource [mem 0x100000000-0x17fffffff window]
[    0.920720] pci_bus 0000:00: root bus resource [bus 00-ff]
[    0.922362] pci 0000:00:00.0: [8086:1237] type 00 class 0x060000
[    0.933160] pci 0000:00:01.0: [8086:7000] type 00 class 0x060100
[    0.936663] pci 0000:00:01.1: [8086:7010] type 00 class 0x010180
[    0.941065] pci 0000:00:01.1: reg 0x20: [io  0xc040-0xc04f]
[    0.943716] pci 0000:00:01.1: legacy IDE quirk: reg 0x10: [io  0x01f0-0x01f7]
[    0.945668] pci 0000:00:01.1: legacy IDE quirk: reg 0x14: [io  0x03f6]
[    0.946614] pci 0000:00:01.1: legacy IDE quirk: reg 0x18: [io  0x0170-0x0177]
[    0.949084] pci 0000:00:01.1: legacy IDE quirk: reg 0x1c: [io  0x0376]
[    0.951668] pci 0000:00:01.3: [8086:7113] type 00 class 0x068000
[    0.954348] pci 0000:00:01.3: quirk: [io  0x0600-0x063f] claimed by PIIX4 ACPI
[    0.954634] pci 0000:00:01.3: quirk: [io  0x0700-0x070f] claimed by PIIX4 SMB
[    0.959270] pci 0000:00:02.0: [1234:1111] type 00 class 0x030000
[    0.967258] pci 0000:00:02.0: reg 0x10: [mem 0xfd000000-0xfdffffff pref]
[    0.971968] pci 0000:00:02.0: reg 0x18: [mem 0xfebf0000-0xfebf0fff]
[    0.979111] pci 0000:00:02.0: reg 0x30: [mem 0xfebe0000-0xfebeffff pref]
[    0.987879] pci 0000:00:03.0: [8086:100e] type 00 class 0x020000
[    0.990637] pci 0000:00:03.0: reg 0x10: [mem 0xfebc0000-0xfebdffff]
[    0.993089] pci 0000:00:03.0: reg 0x14: [io  0xc000-0xc03f]
[    1.000582] pci 0000:00:03.0: reg 0x30: [mem 0xfeb80000-0xfebbffff pref]
[    1.035284] ACPI: PCI: Interrupt link LNKA configured for IRQ 10
[    1.037566] ACPI: PCI: Interrupt link LNKB configured for IRQ 10
[    1.039396] ACPI: PCI: Interrupt link LNKC configured for IRQ 11
[    1.041593] ACPI: PCI: Interrupt link LNKD configured for IRQ 11
[    1.043000] ACPI: PCI: Interrupt link LNKS configured for IRQ 9
[    1.047321] iommu: Default domain type: Translated 
[    1.051107] pci 0000:00:02.0: vgaarb: setting as boot VGA device
[    1.052189] pci 0000:00:02.0: vgaarb: VGA device added: decodes=io+mem,owns=io+mem,locks=none
[    1.054621] pci 0000:00:02.0: vgaarb: bridge control possible
[    1.055990] vgaarb: loaded
[    1.058707] SCSI subsystem initialized
[    1.059725] ACPI: bus type USB registered
[    1.060271] usbcore: registered new interface driver usbfs
[    1.061912] usbcore: registered new interface driver hub
[    1.062664] usbcore: registered new device driver usb
[    1.064285] pps_core: LinuxPPS API ver. 1 registered
[    1.065721] pps_core: Software ver. 5.3.6 - Copyright 2005-2007 Rodolfo Giometti <giometti@linux.it>
[    1.066656] PTP clock support registered
[    1.070783] EDAC MC: Ver: 3.0.0
[    1.076102] NetLabel: Initializing
[    1.076919] NetLabel:  domain hash size = 128
[    1.077915] NetLabel:  protocols = UNLABELED CIPSOv4 CALIPSO
[    1.078725] NetLabel:  unlabeled traffic allowed by default
[    1.080127] PCI: Using ACPI for IRQ routing
[    1.080127] hpet0: at MMIO 0xfed00000, IRQs 2, 8, 0
[    1.080500] hpet0: 3 comparators, 64-bit 100.000000 MHz counter
[    1.091121] clocksource: Switched to clocksource kvm-clock
[    1.284596] VFS: Disk quotas dquot_6.6.0
[    1.285877] VFS: Dquot-cache hash table entries: 512 (order 0, 4096 bytes)
[    1.288327] pnp: PnP ACPI init
[    1.291704] pnp: PnP ACPI: found 6 devices
[    1.305322] clocksource: acpi_pm: mask: 0xffffff max_cycles: 0xffffff, max_idle_ns: 2085701024 ns
[    1.308327] NET: Registered PF_INET protocol family
[    1.310394] IP idents hash table entries: 32768 (order: 6, 262144 bytes, linear)
[    1.320460] tcp_listen_portaddr_hash hash table entries: 1024 (order: 4, 81920 bytes, linear)
[    1.323241] TCP established hash table entries: 16384 (order: 5, 131072 bytes, linear)
[    1.325867] TCP bind hash table entries: 16384 (order: 8, 1179648 bytes, linear)
[    1.332391] TCP: Hash tables configured (established 16384 bind 16384)
[    1.334947] UDP hash table entries: 1024 (order: 5, 163840 bytes, linear)
[    1.337234] UDP-Lite hash table entries: 1024 (order: 5, 163840 bytes, linear)
[    1.341295] NET: Registered PF_UNIX/PF_LOCAL protocol family
[    1.344172] RPC: Registered named UNIX socket transport module.
[    1.345871] RPC: Registered udp transport module.
[    1.347248] RPC: Registered tcp transport module.
[    1.348575] RPC: Registered tcp NFSv4.1 backchannel transport module.
[    1.350427] pci_bus 0000:00: resource 4 [io  0x0000-0x0cf7 window]
[    1.352194] pci_bus 0000:00: resource 5 [io  0x0d00-0xffff window]
[    1.353946] pci_bus 0000:00: resource 6 [mem 0x000a0000-0x000bffff window]
[    1.355912] pci_bus 0000:00: resource 7 [mem 0x80000000-0xfebfffff window]
[    1.357850] pci_bus 0000:00: resource 8 [mem 0x100000000-0x17fffffff window]
[    1.360225] pci 0000:00:01.0: PIIX3: Enabling Passive Release
[    1.361876] pci 0000:00:00.0: Limiting direct PCI/PCI transfers
[    1.363607] pci 0000:00:01.0: Activating ISA DMA hang workarounds
[    1.365527] pci 0000:00:02.0: Video device with shadowed ROM at [mem 0x000c0000-0x000dffff]
[    1.367923] PCI: CLS 0 bytes, default 64
[    1.369646] ACPI: bus type thunderbolt registered
[    1.371405] clocksource: tsc: mask: 0xffffffffffffffff max_cycles: 0xb9fb05486c, max_idle_ns: 440795231721 ns
[    4.615505] Initialise system trusted keyrings
[    4.616893] Key type blacklist registered
[    4.618333] workingset: timestamp_bits=36 max_order=19 bucket_order=0
[    4.635725] zbud: loaded
[    4.639376] squashfs: version 4.0 (2009/01/31) Phillip Lougher
[    4.643488] NFS: Registering the id_resolver key type
[    4.644689] Key type id_resolver registered
[    4.645677] Key type id_legacy registered
[    4.646787] nfs4filelayout_init: NFSv4 File Layout Driver Registering...
[    4.648353] nfs4flexfilelayout_init: NFSv4 Flexfile Layout Driver Registering...
[    4.650536] fuse: init (API version 7.34)
[    4.652171] SGI XFS with ACLs, security attributes, realtime, quota, no debug enabled
[    4.657346] 9p: Installing v9fs 9p2000 file system support
[    4.669059] Key type asymmetric registered
[    4.670574] Asymmetric key parser 'x509' registered
[    4.672215] Block layer SCSI generic (bsg) driver version 0.4 loaded (major 244)
[    4.675153] io scheduler mq-deadline registered
[    4.676708] io scheduler bfq registered
[    4.678965] shpchp: Standard Hot Plug PCI Controller Driver version: 0.4
[    4.681367] IPMI message handler: version 39.2
[    4.682694] ipmi device interface
[    4.685538] input: Power Button as /devices/LNXSYSTM:00/LNXPWRBN:00/input/input0
[    4.687987] ACPI: button: Power Button [PWRF]
[    4.691029] ERST DBG: ERST support is disabled.
[    4.693290] Serial: 8250/16550 driver, 32 ports, IRQ sharing enabled
[    4.695895] 00:04: ttyS0 at I/O 0x3f8 (irq = 4, base_baud = 115200) is a 16550A
[    4.718006] Linux agpgart interface v0.103
[    4.738700] brd: module loaded
[    4.754101] loop: module loaded
[    4.763411] scsi host0: ata_piix
[    4.765523] scsi host1: ata_piix
[    4.766579] ata1: PATA max MWDMA2 cmd 0x1f0 ctl 0x3f6 bmdma 0xc040 irq 14
[    4.768163] ata2: PATA max MWDMA2 cmd 0x170 ctl 0x376 bmdma 0xc048 irq 15
[    4.771652] libphy: Fixed MDIO Bus: probed
[    4.773249] tun: Universal TUN/TAP device driver, 1.6
[    4.775057] e100: Intel(R) PRO/100 Network Driver
[    4.776369] e100: Copyright(c) 1999-2006 Intel Corporation
[    4.777961] e1000: Intel(R) PRO/1000 Network Driver
[    4.779356] e1000: Copyright (c) 1999-2006 Intel Corporation.
[    4.932164] ata2.00: ATAPI: QEMU DVD-ROM, 2.5+, max UDMA/100
[    4.934921] ata1.00: ATA-7: QEMU HARDDISK, 2.5+, max UDMA/100
[    4.936217] ata1.00: 16777216 sectors, multi 16: LBA48 
[    4.939978] scsi 0:0:0:0: Direct-Access     ATA      QEMU HARDDISK    2.5+ PQ: 0 ANSI: 5
[    4.943334] scsi 0:0:0:0: Attached scsi generic sg0 type 0
[    4.945778] scsi 1:0:0:0: CD-ROM            QEMU     QEMU DVD-ROM     2.5+ PQ: 0 ANSI: 5
[    4.949315] scsi 1:0:0:0: Attached scsi generic sg1 type 5
[    4.951841] sd 0:0:0:0: [sda] 16777216 512-byte logical blocks: (8.59 GB/8.00 GiB)
[    4.953617] sd 0:0:0:0: [sda] Write Protect is off
[    4.954879] sd 0:0:0:0: [sda] Write cache: enabled, read cache: enabled, doesn't support DPO or FUA
[    5.005640] ACPI: \_SB_.LNKC: Enabled at IRQ 11
[    5.030949] sd 0:0:0:0: [sda] Attached SCSI disk
[    5.408729] e1000 0000:00:03.0 eth0: (PCI:33MHz:32-bit) 52:54:00:12:34:56
[    5.410740] e1000 0000:00:03.0 eth0: Intel(R) PRO/1000 Network Connection
[    5.412755] e1000e: Intel(R) PRO/1000 Network Driver
[    5.414141] e1000e: Copyright(c) 1999 - 2015 Intel Corporation.
[    5.415869] igb: Intel(R) Gigabit Ethernet Network Driver
[    5.417349] igb: Copyright (c) 2007-2014 Intel Corporation.
[    5.419025] PPP generic driver version 2.4.2
[    5.421381] VFIO - User Level meta-driver version: 0.3
[    5.423113] ehci_hcd: USB 2.0 'Enhanced' Host Controller (EHCI) Driver
[    5.424934] ehci-pci: EHCI PCI platform driver
[    5.426232] ehci-platform: EHCI generic platform driver
[    5.427751] ohci_hcd: USB 1.1 'Open' Host Controller (OHCI) Driver
[    5.429456] ohci-pci: OHCI PCI platform driver
[    5.430792] ohci-platform: OHCI generic platform driver
[    5.432239] uhci_hcd: USB Universal Host Controller Interface driver
[    5.434897] usbcore: registered new interface driver uas
[    5.436170] usbcore: registered new interface driver usb-storage
[    5.437700] i8042: PNP: PS/2 Controller [PNP0303:KBD,PNP0f13:MOU] at 0x60,0x64 irq 1,12
[    5.441244] serio: i8042 KBD port at 0x60,0x64 irq 1
[    5.442392] serio: i8042 AUX port at 0x60,0x64 irq 12
[    5.445333] mousedev: PS/2 mouse device common for all mice
[    5.449047] input: AT Translated Set 2 keyboard as /devices/platform/i8042/serio0/input/input1
[    5.451325] rtc_cmos 00:05: RTC can wake from S4
[    5.455156] rtc_cmos 00:05: registered as rtc0
[    5.455663] input: VirtualPS/2 VMware VMMouse as /devices/platform/i8042/serio1/input/input4
[    5.456612] rtc_cmos 00:05: setting system clock to 2023-04-05T11:19:11 UTC (1680693551)
[    5.460786] rtc_cmos 00:05: alarms up to one day, y3k, 242 bytes nvram, hpet irqs
[    5.462541] i2c_dev: i2c /dev entries driver
[    5.464189] device-mapper: core: CONFIG_IMA_DISABLE_HTABLE is disabled. Duplicate IMA measurements will not be recorded in the IMA log.
[    5.464471] input: VirtualPS/2 VMware VMMouse as /devices/platform/i8042/serio1/input/input3
[    5.467020] device-mapper: uevent: version 1.0.3
[    5.470977] device-mapper: ioctl: 4.45.0-ioctl (2021-03-22) initialised: dm-devel@redhat.com
[    5.472808] intel_pstate: CPU model not supported
[    5.474006] sdhci: Secure Digital Host Controller Interface driver
[    5.475366] sdhci: Copyright(c) Pierre Ossman
[    5.476475] sdhci-pltfm: SDHCI platform and OF driver helper
[    5.478048] ledtrig-cpu: registered to indicate activity on CPUs
[    5.479854] drop_monitor: Initializing network drop monitor service
[    5.482018] NET: Registered PF_INET6 protocol family
[    5.490789] Segment Routing with IPv6
[    5.491846] In-situ OAM (IOAM) with IPv6
[    5.493029] NET: Registered PF_PACKET protocol family
[    5.494975] 9pnet: Installing 9P2000 support
[    5.496310] Key type dns_resolver registered
[    5.498853] IPI shorthand broadcast: enabled
[    5.500091] sched_clock: Marking stable (5447892731, 50725058)->(5527457358, -28839569)
[    5.503526] registered taskstats version 1
[    5.504939] Loading compiled-in X.509 certificates
[    5.506777] zswap: loaded using pool lzo/zbud
[    5.509072] Key type ._fscrypt registered
[    5.510227] Key type .fscrypt registered
[    5.511323] Key type fscrypt-provisioning registered
[    5.514858] Key type encrypted registered
[    5.516113] ima: No TPM chip found, activating TPM-bypass!
[    5.517637] ima: Allocated hash algorithm: sha1
[    5.519014] ima: No architecture policies found
[    5.520376] evm: Initialising EVM extended attributes:
[    5.521779] evm: security.selinux
[    5.522719] evm: security.SMACK64
[    5.523631] evm: security.SMACK64EXEC
[    5.524636] evm: security.SMACK64TRANSMUTE
[    5.525763] evm: security.SMACK64MMAP
[    5.526793] evm: security.apparmor
[    5.527736] evm: security.ima
[    5.528562] evm: security.capability
[    5.529560] evm: HMAC attrs: 0x1
[    5.532194] PM:   Magic number: 3:798:326
[    5.534198] RAS: Correctable Errors collector initialized.
[    5.537465] md: Waiting for all devices to be available before autodetect
[    5.539325] md: If you don't use raid, use raid=noautodetect
[    5.540833] md: Autodetecting RAID arrays.
[    5.541968] md: autorun ...
[    5.542770] md: ... autorun DONE.
[    5.551582] EXT4-fs (sda): INFO: recovery required on readonly filesystem
[    5.553503] EXT4-fs (sda): write access will be enabled during recovery
[    5.656021] random: fast init done
[    5.682822] EXT4-fs (sda): recovery complete
[    5.686681] EXT4-fs (sda): mounted filesystem with ordered data mode. Opts: (null). Quota mode: none.
[    5.688857] VFS: Mounted root (ext4 filesystem) readonly on device 8:0.
[    5.691476] devtmpfs: mounted
[    5.700501] Freeing unused decrypted memory: 2036K
[    5.703558] Freeing unused kernel image (initmem) memory: 3220K
[    5.704975] Write protecting the kernel read-only data: 40960k
[    5.710043] Freeing unused kernel image (text/rodata gap) memory: 2028K
[    5.712508] Freeing unused kernel image (rodata/data gap) memory: 548K
[    5.843501] x86/mm: Checked W+X mappings: passed, no W+X pages found.
[    5.845473] Run /sbin/init as init process
[    6.043915] systemd[1]: RTC configured in localtime, applying delta of 0 minutes to system time.
[    6.102557] systemd[1]: systemd 239 (239-49.el8) running in system mode. (+PAM +AUDIT +SELINUX +IMA -APPARMOR +SMACK +SYSVINIT +UTMP +LIBCRYPTSETUP +GCRYPT +GNUTLS +ACL +XZ +LZ4 +SECCOMP +BLKID +ELFUTILS +KMOD +IDN2 -IDN +PCRE2 default-hierarchy=legacy)
[    6.107805] systemd[1]: Detected virtualization kvm.
[    6.108931] systemd[1]: Detected architecture x86-64.

Welcome to [0;31mCentOS Stream 8[0m!

[    6.142789] systemd[1]: Set hostname to <test>.
[    6.389483] random: lvmconfig: uninitialized urandom read (4 bytes read)
[    6.575298] random: systemd: uninitialized urandom read (16 bytes read)
[    6.577526] systemd[1]: Started Forward Password Requests to Wall Directory Watch.
[[0;32m  OK  [0m] Started Forward Password Requests to Wall Directory Watch.
[    6.581687] random: systemd: uninitialized urandom read (16 bytes read)
[    6.589404] systemd[1]: Created slice system-sshd\x2dkeygen.slice.
[[0;32m  OK  [0m] Created slice system-sshd\x2dkeygen.slice.
[    6.593783] systemd[1]: Set up automount Arbitrary Executable File Formats File System Automount Point.
[[0;32m  OK  [0m] Set up automount Arbitrary Executabâ€¦rmats File System Automount Point.
[    6.598986] systemd[1]: Listening on Device-mapper event daemon FIFOs.
[[0;32m  OK  [0m] Listening on Device-mapper event daemon FIFOs.
[    6.602764] systemd[1]: Listening on udev Control Socket.
[[0;32m  OK  [0m] Listening on udev Control Socket.
[    6.606870] systemd[1]: Created slice User and Session Slice.
[[0;32m  OK  [0m] Created slice User and Session Slice.
[[0;32m  OK  [0m] Reached target Slices.
[[0;32m  OK  [0m] Listening on RPCbind Server Activation Socket.
[[0;32m  OK  [0m] Reached target RPC Port Mapper.
[[0;32m  OK  [0m] Listening on udev Kernel Socket.
[[0;32m  OK  [0m] Listening on Journal Socket.
         Mounting Huge Pages File System...
         Starting Monitoring of LVM2 mirrorsâ€¦ng dmeventd or progress polling...
         Starting Load Kernel Modules...
         Starting Remount Root and Kernel File Systems...
[[0;32m  OK  [0m] Listening on multipathd control socket.
[[0;32m  OK  [0m] Listening on initctl Compatibility Named Pipe.
[[0;32m  OK  [0m] Listening on LVM2 poll daemon socket.
[[0;32m  OK  [0m] Listening on Journal Socket (/dev/log).
         Starting Journal Service...
[[0;32m  OK  [0m] Created slice system-getty.slice.
[[0;32m  OK  [0m] Reached target Swap.
[[0;32m  OK  [0m] Listening on Process Core Dump Socket.
         Starting udev Coldplug all Devices...
         Mounting Kernel Debug File System...
[[0;32m  OK  [0m] Created slice system-serial\x2dgetty.slice.
         Mounting POSIX Message Queue File System...
         Starting Setup Virtual Console...
[    7.032901] EXT4-fs (sda): re-mounted. Opts: (null). Quota mode: none.
[[0;32m  OK  [0m] Mounted Huge Pages File System.
[[0;32m  OK  [0m] Started Journal Service.
[[0;1;31mFAILED[0m] Failed to start Load Kernel Modules.
See 'systemctl status systemd-modules-load.service' for details.
[[0;32m  OK  [0m] Started Remount Root and Kernel File Systems.
[[0;32m  OK  [0m] Mounted Kernel Debug File System.
[[0;32m  OK  [0m] Mounted POSIX Message Queue File System.
         Starting Load/Save Random Seed...
         Starting Create Static Device Nodes in /dev...
         Mounting Kernel Configuration File System...
         Mounting FUSE Control File System...
         Starting Apply Kernel Variables...
         Starting Flush Journal to Persistent Storage...
[[0;32m  OK  [0m] Started Load/Save Random Seed.
[[0;32m  OK  [0m] Started Create Static Device Nodes in /dev.
[[0;32m  OK  [0m] Mounted Kernel Configuration File System.
[[0;32m  OK  [0m] Mounted FUSE Control File System.
[[0;32m  OK  [0m] Started Apply Kernel Variables.
[[0;32m  OK  [0m] Started udev Coldplug all Devices.
[[0;32m  OK  [0m] Started Setup Virtual Console.
[[0;32m  OK  [0m] Started Flush Journal to Persistent Storage.
         Starting udev Wait for Complete Device Initialization...
         Starting udev Kernel Device Manager...
[[0;32m  OK  [0m] Started udev Kernel Device Manager.
         Starting Show Plymouth Boot Screen...
[[0;32m  OK  [0m] Started Show Plymouth Boot Screen.
[[0;32m  OK  [0m] Started Forward Password Requests to Plymouth Directory Watch.
[[0;32m  OK  [0m] Reached target Local Encrypted Volumes.
[[0;32m  OK  [0m] Reached target Paths.
[[0;32m  OK  [0m] Found device /dev/ttyS0.
[[0;32m  OK  [0m] Started Monitoring of LVM2 mirrors,â€¦sing dmeventd or progress polling.
[[0;32m  OK  [0m] Listening on Load/Save RF Kill Switch Status /dev/rfkill Watch.
[[0;32m  OK  [0m] Started udev Wait for Complete Device Initialization.
[[0;32m  OK  [0m] Reached target Local File Systems (Pre).
[[0;32m  OK  [0m] Reached target Local File Systems.
         Starting Restore /run/initramfs on shutdown...
         Starting Tell Plymouth To Write Out Runtime Data...
         Starting Create Volatile Files and Directories...
[[0;32m  OK  [0m] Started Restore /run/initramfs on shutdown.
[[0;32m  OK  [0m] Started Tell Plymouth To Write Out Runtime Data.
[[0;32m  OK  [0m] Started Create Volatile Files and Directories.
         Starting Security Auditing Service...
         Mounting RPC Pipe File System...
         Starting RPC Bind...
[[0;32m  OK  [0m] Mounted RPC Pipe File System.
[[0;32m  OK  [0m] Reached target rpc_pipefs.target.
[[0;32m  OK  [0m] Started RPC Bind.
[[0;32m  OK  [0m] Started Security Auditing Service.
         Starting Update UTMP about System Boot/Shutdown...
[[0;32m  OK  [0m] Started Update UTMP about System Boot/Shutdown.
[[0;32m  OK  [0m] Reached target System Initialization.
[[0;32m  OK  [0m] Started Daily Cleanup of Temporary Directories.
[[0;32m  OK  [0m] Started daily update of the root trust anchor for DNSSEC.
[[0;32m  OK  [0m] Listening on SSSD Kerberos Cache Manager responder socket.
[[0;32m  OK  [0m] Listening on D-Bus System Message Bus Socket.
[[0;32m  OK  [0m] Reached target Sockets.
[[0;32m  OK  [0m] Reached target Basic System.
         Starting Login Service...
         Starting Self Monitoring and Reporting Technology (SMART) Daemon...
         Starting Auto-connect to subsystemsâ€¦-NVME devices found during boot...
[[0;32m  OK  [0m] Started D-Bus System Message Bus.
         Starting Network Manager...
[[0;32m  OK  [0m] Started Machine Check Exception Logging Daemon.
[[0;32m  OK  [0m] Reached target sshd-keygen.target.
         Starting NTP client/server...
[[0;32m  OK  [0m] Started irqbalance daemon.
         Starting Authorization Manager...
[[0;32m  OK  [0m] Started dnf makecache --timer.
[[0;32m  OK  [0m] Reached target Timers.
[[0;32m  OK  [0m] Started Self Monitoring and Reporting Technology (SMART) Daemon.
[[0;32m  OK  [0m] Started Auto-connect to subsystems â€¦FC-NVME devices found during boot.
         Starting update of the root trust aâ€¦or DNSSEC validation in unbound...
[[0;32m  OK  [0m] Started Login Service.
[[0;32m  OK  [0m] Started NTP client/server.
[[0;32m  OK  [0m] Started Network Manager.
         Starting Network Manager Wait Online...
[[0;32m  OK  [0m] Reached target Network.
[    9.727688] random: crng init done
[    9.728727] random: 7 urandom warning(s) missed due to ratelimiting
         Starting GSSAPI Proxy Daemon...
         Starting Dynamic System Tuning Daemon...
         Starting OpenSSH server daemon...
[[0;32m  OK  [0m] Started update of the root trust anâ€¦ for DNSSEC validation in unbound.
         Starting Hostname Service...
[[0;32m  OK  [0m] Started GSSAPI Proxy Daemon.
[[0;32m  OK  [0m] Reached target NFS client services.
[[0;32m  OK  [0m] Reached target Remote File Systems (Pre).
[[0;32m  OK  [0m] Reached target Remote File Systems.
         Starting Permit User Sessions...
[[0;32m  OK  [0m] Started Authorization Manager.
[[0;32m  OK  [0m] Started Permit User Sessions.
         Starting Terminate Plymouth Boot Screen...
         Starting Hold until boot process finishes up...
[[0;32m  OK  [0m] Started Command Scheduler.
[[0;32m  OK  [0m] Started OpenSSH server daemon.
[[0;32m  OK  [0m] Started Terminate Plymouth Boot Screen.
[[0;32m  OK  [0m] Started Hold until boot process finishes up.
[   10.302898] e1000: eth0 NIC Link is Up 1000 Mbps Full Duplex, Flow Control: RX
[   10.306434] IPv6: ADDRCONF(NETDEV_CHANGE): eth0: link becomes ready

CentOS Stream 8
Kernel 5.14.0-eceae1e7acae+ on an x86_64

test login: [   29.032951] loop0: detected capacity change from 0 to 65536
[   29.037265] XFS (loop0): Deprecated V4 format (crc=0) will not be supported after September 2030.
[   29.040381] XFS (loop0): Mounting V10 Filesystem
[   29.042179] XFS (loop0): Log size 66 blocks too small, minimum size is 1968 blocks
[   29.044363] XFS (loop0): Log size out of supported range.
[   29.045869] XFS (loop0): Continuing onwards, but if log hangs are experienced then please report this message in the bug report.
[   29.060279] XFS (loop0): Starting recovery (logdev: internal)
[   29.064631] XFS (loop0): Ending recovery (logdev: internal)
[  300.490893] INFO: task repro:555 blocked for more than 147 seconds.
[  300.493114]       Not tainted 5.14.0-eceae1e7acae+ #1
[  300.495116] "echo 0 > /proc/sys/kernel/hung_task_timeout_secs" disables this message.
[  300.497624] task:repro           state:D stack:    0 pid:  555 ppid:   554 flags:0x00004004
[  300.500326] Call Trace:
[  300.501267]  __schedule+0x48b/0xb50
[  300.502292]  ? lock_is_held_type+0xa6/0x110
[  300.503509]  ? xfs_ail_push+0x9c/0xe0
[  300.504524]  schedule+0x53/0xc0
[  300.505416]  xlog_grant_head_wait+0x5f/0x430
[  300.506571]  xlog_grant_head_check+0x1a7/0x1c0
[  300.507812]  xfs_log_reserve+0x150/0x440
[  300.508880]  xfs_trans_reserve+0x211/0x260
[  300.510012]  xfs_trans_alloc+0x144/0x470
[  300.511133]  xfs_qm_qino_alloc+0xd2/0x520
[  300.512232]  ? write_comp_data+0x2f/0x90
[  300.513344]  xfs_qm_init_quotainos+0x304/0x410
[  300.514556]  xfs_qm_init_quotainfo+0x99/0x4e0
[  300.515798]  ? write_comp_data+0x2f/0x90
[  300.516877]  xfs_qm_mount_quotas+0x3c/0x3a0
[  300.518047]  xfs_mountfs+0xc54/0xc60
[  300.519100]  xfs_fs_fill_super+0x720/0xcd0
[  300.520219]  get_tree_bdev+0x243/0x350
[  300.521320]  ? xfs_fs_inode_init_once+0x90/0x90
[  300.522564]  xfs_fs_get_tree+0x21/0x30
[  300.523687]  vfs_get_tree+0x37/0x110
[  300.524671]  path_mount+0x76e/0x10b0
[  300.525676]  ? write_comp_data+0x2f/0x90
[  300.526788]  do_mount+0xa7/0xc0
[  300.527657]  __x64_sys_mount+0x143/0x150
[  300.528719]  do_syscall_64+0x37/0x80
[  300.529702]  entry_SYSCALL_64_after_hwframe+0x44/0xae
[  300.531106] RIP: 0033:0x7f666c5083ae
[  300.532084] RSP: 002b:00007ffd37154668 EFLAGS: 00000202 ORIG_RAX: 00000000000000a5
[  300.534113] RAX: ffffffffffffffda RBX: 0000000000000000 RCX: 00007f666c5083ae
[  300.536068] RDX: 000000002000ad00 RSI: 000000002000ad40 RDI: 00007ffd371547a0
[  300.537965] RBP: 00007ffd37154830 R08: 00007ffd371546a0 R09: 0000000000000000
[  300.539906] R10: 0000000000000003 R11: 0000000000000202 R12: 0000000000401240
[  300.541814] R13: 00007ffd37154970 R14: 0000000000000000 R15: 0000000000000000
[  300.543829] 
[  300.543829] Showing all locks held in the system:
[  300.545519] 1 lock held by khungtaskd/29:
[  300.546666]  #0: ffffffff8398b2c0 (rcu_read_lock){....}-{1:2}, at: debug_show_all_locks+0x23/0x185
[  300.549134] 2 locks held by repro/555:
[  300.550158]  #0: ffff8880138870e0 (&type->s_umount_key#47/1){+.+.}-{3:3}, at: alloc_super+0x120/0x460
[  300.552722]  #1: ffff888013887638 (sb_internal#2){.+.+}-{0:0}, at: xfs_qm_qino_alloc+0xd2/0x520
[  300.555134] 
[  300.555568] =============================================
[  300.555568] 
[  447.946772] INFO: task repro:555 blocked for more than 294 seconds.
[  447.948447]       Not tainted 5.14.0-eceae1e7acae+ #1
[  447.949703] "echo 0 > /proc/sys/kernel/hung_task_timeout_secs" disables this message.
[  447.951177] task:repro           state:D stack:    0 pid:  555 ppid:   554 flags:0x00004004
[  447.952658] Call Trace:
[  447.953133]  __schedule+0x48b/0xb50
[  447.953783]  ? lock_is_held_type+0xa6/0x110
[  447.954543]  ? xfs_ail_push+0x9c/0xe0
[  447.955255]  schedule+0x53/0xc0
[  447.955845]  xlog_grant_head_wait+0x5f/0x430
[  447.956625]  xlog_grant_head_check+0x1a7/0x1c0
[  447.957446]  xfs_log_reserve+0x150/0x440
[  447.958165]  xfs_trans_reserve+0x211/0x260
[  447.958950]  xfs_trans_alloc+0x144/0x470
[  447.959677]  xfs_qm_qino_alloc+0xd2/0x520
[  447.960409]  ? write_comp_data+0x2f/0x90
[  447.961140]  xfs_qm_init_quotainos+0x304/0x410
[  447.961954]  xfs_qm_init_quotainfo+0x99/0x4e0
[  447.962775]  ? write_comp_data+0x2f/0x90
[  447.963494]  xfs_qm_mount_quotas+0x3c/0x3a0
[  447.964262]  xfs_mountfs+0xc54/0xc60
[  447.964927]  xfs_fs_fill_super+0x720/0xcd0
[  447.965684]  get_tree_bdev+0x243/0x350
[  447.966372]  ? xfs_fs_inode_init_once+0x90/0x90
[  447.967238]  xfs_fs_get_tree+0x21/0x30
[  447.967934]  vfs_get_tree+0x37/0x110
[  447.968595]  path_mount+0x76e/0x10b0
[  447.969264]  ? write_comp_data+0x2f/0x90
[  447.969982]  do_mount+0xa7/0xc0
[  447.970567]  __x64_sys_mount+0x143/0x150
[  447.971316]  do_syscall_64+0x37/0x80
[  447.971980]  entry_SYSCALL_64_after_hwframe+0x44/0xae
[  447.972895] RIP: 0033:0x7f666c5083ae
[  447.973555] RSP: 002b:00007ffd37154668 EFLAGS: 00000202 ORIG_RAX: 00000000000000a5
[  447.974928] RAX: ffffffffffffffda RBX: 0000000000000000 RCX: 00007f666c5083ae
[  447.976193] RDX: 000000002000ad00 RSI: 000000002000ad40 RDI: 00007ffd371547a0
[  447.977462] RBP: 00007ffd37154830 R08: 00007ffd371546a0 R09: 0000000000000000
[  447.978753] R10: 0000000000000003 R11: 0000000000000202 R12: 0000000000401240
[  447.980020] R13: 00007ffd37154970 R14: 0000000000000000 R15: 0000000000000000
[  447.981536] 
[  447.981536] Showing all locks held in the system:
[  447.983073] 1 lock held by khungtaskd/29:
[  447.984037]  #0: ffffffff8398b2c0 (rcu_read_lock){....}-{1:2}, at: debug_show_all_locks+0x23/0x185
[  447.986192] 2 locks held by repro/555:
[  447.987128]  #0: ffff8880138870e0 (&type->s_umount_key#47/1){+.+.}-{3:3}, at: alloc_super+0x120/0x460
[  447.989342]  #1: ffff888013887638 (sb_internal#2){.+.+}-{0:0}, at: xfs_qm_qino_alloc+0xd2/0x520
[  447.991465] 
[  447.991851] =============================================
[  447.991851] 
[  595.402890] INFO: task repro:555 blocked for more than 442 seconds.
[  595.403718]       Not tainted 5.14.0-eceae1e7acae+ #1
[  595.404363] "echo 0 > /proc/sys/kernel/hung_task_timeout_secs" disables this message.
[  595.405354] task:repro           state:D stack:    0 pid:  555 ppid:   554 flags:0x00004004
[  595.406414] Call Trace:
[  595.406776]  __schedule+0x48b/0xb50
[  595.407240]  ? lock_is_held_type+0xa6/0x110
[  595.407786]  ? xfs_ail_push+0x9c/0xe0
[  595.408270]  schedule+0x53/0xc0
[  595.408689]  xlog_grant_head_wait+0x5f/0x430
[  595.409253]  xlog_grant_head_check+0x1a7/0x1c0
[  595.409834]  xfs_log_reserve+0x150/0x440
[  595.410351]  xfs_trans_reserve+0x211/0x260
[  595.410910]  xfs_trans_alloc+0x144/0x470
[  595.411431]  xfs_qm_qino_alloc+0xd2/0x520
[  595.411956]  ? write_comp_data+0x2f/0x90
[  595.412470]  xfs_qm_init_quotainos+0x304/0x410
[  595.413049]  xfs_qm_init_quotainfo+0x99/0x4e0
[  595.413616]  ? write_comp_data+0x2f/0x90
[  595.414130]  xfs_qm_mount_quotas+0x3c/0x3a0
[  595.414693]  xfs_mountfs+0xc54/0xc60
[  595.415172]  xfs_fs_fill_super+0x720/0xcd0
[  595.415710]  get_tree_bdev+0x243/0x350
[  595.416201]  ? xfs_fs_inode_init_once+0x90/0x90
[  595.416792]  xfs_fs_get_tree+0x21/0x30
[  595.417287]  vfs_get_tree+0x37/0x110
[  595.417759]  path_mount+0x76e/0x10b0
[  595.418235]  ? write_comp_data+0x2f/0x90
[  595.418766]  do_mount+0xa7/0xc0
[  595.419187]  __x64_sys_mount+0x143/0x150
[  595.419702]  do_syscall_64+0x37/0x80
[  595.420172]  entry_SYSCALL_64_after_hwframe+0x44/0xae
[  595.420824] RIP: 0033:0x7f666c5083ae
[  595.421297] RSP: 002b:00007ffd37154668 EFLAGS: 00000202 ORIG_RAX: 00000000000000a5
[  595.422255] RAX: ffffffffffffffda RBX: 0000000000000000 RCX: 00007f666c5083ae
[  595.423171] RDX: 000000002000ad00 RSI: 000000002000ad40 RDI: 00007ffd371547a0
[  595.424074] RBP: 00007ffd37154830 R08: 00007ffd371546a0 R09: 0000000000000000
[  595.424976] R10: 0000000000000003 R11: 0000000000000202 R12: 0000000000401240
[  595.425880] R13: 00007ffd37154970 R14: 0000000000000000 R15: 0000000000000000
[  595.426808] 
[  595.426808] Showing all locks held in the system:
[  595.427591] 1 lock held by khungtaskd/29:
[  595.428108]  #0: ffffffff8398b2c0 (rcu_read_lock){....}-{1:2}, at: debug_show_all_locks+0x23/0x185
[  595.429268] 2 locks held by repro/555:
[  595.429753]  #0: ffff8880138870e0 (&type->s_umount_key#47/1){+.+.}-{3:3}, at: alloc_super+0x120/0x460
[  595.430958]  #1: ffff888013887638 (sb_internal#2){.+.+}-{0:0}, at: xfs_qm_qino_alloc+0xd2/0x520
[  595.432092] 
[  595.432297] =============================================
[  595.432297] 
[  742.858875] INFO: task repro:555 blocked for more than 589 seconds.
[  742.859700]       Not tainted 5.14.0-eceae1e7acae+ #1
[  742.860347] "echo 0 > /proc/sys/kernel/hung_task_timeout_secs" disables this message.
[  742.861336] task:repro           state:D stack:    0 pid:  555 ppid:   554 flags:0x00004004
[  742.862393] Call Trace:
[  742.862755]  __schedule+0x48b/0xb50
[  742.863227]  ? lock_is_held_type+0xa6/0x110
[  742.863771]  ? xfs_ail_push+0x9c/0xe0
[  742.864254]  schedule+0x53/0xc0
[  742.864671]  xlog_grant_head_wait+0x5f/0x430
[  742.865226]  xlog_grant_head_check+0x1a7/0x1c0
[  742.865802]  xfs_log_reserve+0x150/0x440
[  742.866317]  xfs_trans_reserve+0x211/0x260
[  742.866878]  xfs_trans_alloc+0x144/0x470
[  742.867398]  xfs_qm_qino_alloc+0xd2/0x520
[  742.867922]  ? write_comp_data+0x2f/0x90
[  742.868437]  xfs_qm_init_quotainos+0x304/0x410
[  742.869016]  xfs_qm_init_quotainfo+0x99/0x4e0
[  742.869585]  ? write_comp_data+0x2f/0x90
[  742.870098]  xfs_qm_mount_quotas+0x3c/0x3a0
[  742.870661]  xfs_mountfs+0xc54/0xc60
[  742.871138]  xfs_fs_fill_super+0x720/0xcd0
[  742.871677]  get_tree_bdev+0x243/0x350
[  742.872170]  ? xfs_fs_inode_init_once+0x90/0x90
[  742.872760]  xfs_fs_get_tree+0x21/0x30
[  742.873254]  vfs_get_tree+0x37/0x110
[  742.873723]  path_mount+0x76e/0x10b0
[  742.874196]  ? write_comp_data+0x2f/0x90
[  742.874730]  do_mount+0xa7/0xc0
[  742.875151]  __x64_sys_mount+0x143/0x150
[  742.875665]  do_syscall_64+0x37/0x80
[  742.876138]  entry_SYSCALL_64_after_hwframe+0x44/0xae
[  742.876790] RIP: 0033:0x7f666c5083ae
[  742.877262] RSP: 002b:00007ffd37154668 EFLAGS: 00000202 ORIG_RAX: 00000000000000a5
[  742.878218] RAX: ffffffffffffffda RBX: 0000000000000000 RCX: 00007f666c5083ae
[  742.879129] RDX: 000000002000ad00 RSI: 000000002000ad40 RDI: 00007ffd371547a0
[  742.880030] RBP: 00007ffd37154830 R08: 00007ffd371546a0 R09: 0000000000000000
[  742.880927] R10: 0000000000000003 R11: 0000000000000202 R12: 0000000000401240
[  742.881829] R13: 00007ffd37154970 R14: 0000000000000000 R15: 0000000000000000
[  742.882756] 
[  742.882756] Showing all locks held in the system:
[  742.883536] 1 lock held by khungtaskd/29:
[  742.884054]  #0: ffffffff8398b2c0 (rcu_read_lock){....}-{1:2}, at: debug_show_all_locks+0x23/0x185
[  742.885210] 2 locks held by repro/555:
[  742.885696]  #0: ffff8880138870e0 (&type->s_umount_key#47/1){+.+.}-{3:3}, at: alloc_super+0x120/0x460
[  742.886897]  #1: ffff888013887638 (sb_internal#2){.+.+}-{0:0}, at: xfs_qm_qino_alloc+0xd2/0x520
[  742.888020] 
[  742.888225] =============================================
[  742.888225] 
[  890.314764] INFO: task repro:555 blocked for more than 737 seconds.
[  890.315553]       Not tainted 5.14.0-eceae1e7acae+ #1
[  890.316175] "echo 0 > /proc/sys/kernel/hung_task_timeout_secs" disables this message.
[  890.317112] task:repro           state:D stack:    0 pid:  555 ppid:   554 flags:0x00004004
[  890.318114] Call Trace:
[  890.318423]  __schedule+0x48b/0xb50
[  890.318886]  ? lock_is_held_type+0xa6/0x110
[  890.319396]  ? xfs_ail_push+0x9c/0xe0
[  890.319849]  schedule+0x53/0xc0
[  890.320243]  xlog_grant_head_wait+0x5f/0x430
[  890.320768]  xlog_grant_head_check+0x1a7/0x1c0
[  890.321320]  xfs_log_reserve+0x150/0x440
[  890.321809]  xfs_trans_reserve+0x211/0x260
[  890.322311]  xfs_trans_alloc+0x144/0x470
[  890.322813]  xfs_qm_qino_alloc+0xd2/0x520
[  890.323304]  ? write_comp_data+0x2f/0x90
[  890.323796]  xfs_qm_init_quotainos+0x304/0x410
[  890.324351]  xfs_qm_init_quotainfo+0x99/0x4e0
[  890.324881]  ? write_comp_data+0x2f/0x90
[  890.325371]  xfs_qm_mount_quotas+0x3c/0x3a0
[  890.325883]  xfs_mountfs+0xc54/0xc60
[  890.326325]  xfs_fs_fill_super+0x720/0xcd0
[  890.326842]  get_tree_bdev+0x243/0x350
[  890.327301]  ? xfs_fs_inode_init_once+0x90/0x90
[  890.327854]  xfs_fs_get_tree+0x21/0x30
[  890.328317]  vfs_get_tree+0x37/0x110
[  890.328759]  path_mount+0x76e/0x10b0
[  890.329210]  ? write_comp_data+0x2f/0x90
[  890.329694]  do_mount+0xa7/0xc0
[  890.330086]  __x64_sys_mount+0x143/0x150
[  890.330569]  do_syscall_64+0x37/0x80
[  890.331026]  entry_SYSCALL_64_after_hwframe+0x44/0xae
[  890.331638] RIP: 0033:0x7f666c5083ae
[  890.332078] RSP: 002b:00007ffd37154668 EFLAGS: 00000202 ORIG_RAX: 00000000000000a5
[  890.332980] RAX: ffffffffffffffda RBX: 0000000000000000 RCX: 00007f666c5083ae
[  890.333837] RDX: 000000002000ad00 RSI: 000000002000ad40 RDI: 00007ffd371547a0
[  890.334707] RBP: 00007ffd37154830 R08: 00007ffd371546a0 R09: 0000000000000000
[  890.335570] R10: 0000000000000003 R11: 0000000000000202 R12: 0000000000401240
[  890.336425] R13: 00007ffd37154970 R14: 0000000000000000 R15: 0000000000000000
[  890.337288] 
[  890.337288] Showing all locks held in the system:
[  890.338033] 1 lock held by khungtaskd/29:
[  890.338528]  #0: ffffffff8398b2c0 (rcu_read_lock){....}-{1:2}, at: debug_show_all_locks+0x23/0x185
[  890.339638] 2 locks held by repro/555:
[  890.340102]  #0: ffff8880138870e0 (&type->s_umount_key#47/1){+.+.}-{3:3}, at: alloc_super+0x120/0x460
[  890.341230]  #1: ffff888013887638 (sb_internal#2){.+.+}-{0:0}, at: xfs_qm_qino_alloc+0xd2/0x520
[  890.342290] 
[  890.342485] =============================================
[  890.342485] 
[ 1037.770792] INFO: task repro:555 blocked for more than 884 seconds.
[ 1037.771571]       Not tainted 5.14.0-eceae1e7acae+ #1
[ 1037.772164] "echo 0 > /proc/sys/kernel/hung_task_timeout_secs" disables this message.
[ 1037.773068] task:repro           state:D stack:    0 pid:  555 ppid:   554 flags:0x00004004
[ 1037.774048] Call Trace:
[ 1037.774348]  __schedule+0x48b/0xb50
[ 1037.774797]  ? lock_is_held_type+0xa6/0x110
[ 1037.775321]  ? xfs_ail_push+0x9c/0xe0
[ 1037.775770]  schedule+0x53/0xc0
[ 1037.776152]  xlog_grant_head_wait+0x5f/0x430
[ 1037.776663]  xlog_grant_head_check+0x1a7/0x1c0
[ 1037.777200]  xfs_log_reserve+0x150/0x440
[ 1037.777681]  xfs_trans_reserve+0x211/0x260
[ 1037.778189]  xfs_trans_alloc+0x144/0x470
[ 1037.778706]  xfs_qm_qino_alloc+0xd2/0x520
[ 1037.779209]  ? write_comp_data+0x2f/0x90
[ 1037.779703]  xfs_qm_init_quotainos+0x304/0x410
[ 1037.780259]  xfs_qm_init_quotainfo+0x99/0x4e0
[ 1037.780801]  ? write_comp_data+0x2f/0x90
[ 1037.781298]  xfs_qm_mount_quotas+0x3c/0x3a0
[ 1037.781821]  xfs_mountfs+0xc54/0xc60
[ 1037.782276]  xfs_fs_fill_super+0x720/0xcd0
[ 1037.782807]  get_tree_bdev+0x243/0x350
[ 1037.783281]  ? xfs_fs_inode_init_once+0x90/0x90
[ 1037.783846]  xfs_fs_get_tree+0x21/0x30
[ 1037.784316]  vfs_get_tree+0x37/0x110
[ 1037.784766]  path_mount+0x76e/0x10b0
[ 1037.785220]  ? write_comp_data+0x2f/0x90
[ 1037.785714]  do_mount+0xa7/0xc0
[ 1037.786115]  __x64_sys_mount+0x143/0x150
[ 1037.786625]  do_syscall_64+0x37/0x80
[ 1037.787079]  entry_SYSCALL_64_after_hwframe+0x44/0xae
[ 1037.787706] RIP: 0033:0x7f666c5083ae
[ 1037.788154] RSP: 002b:00007ffd37154668 EFLAGS: 00000202 ORIG_RAX: 00000000000000a5
[ 1037.789075] RAX: ffffffffffffffda RBX: 0000000000000000 RCX: 00007f666c5083ae
[ 1037.789971] RDX: 000000002000ad00 RSI: 000000002000ad40 RDI: 00007ffd371547a0
[ 1037.790857] RBP: 00007ffd37154830 R08: 00007ffd371546a0 R09: 0000000000000000
[ 1037.791719] R10: 0000000000000003 R11: 0000000000000202 R12: 0000000000401240
[ 1037.792582] R13: 00007ffd37154970 R14: 0000000000000000 R15: 0000000000000000
[ 1037.793460] 
[ 1037.793460] Showing all locks held in the system:
[ 1037.794212] 1 lock held by khungtaskd/29:
[ 1037.794721]  #0: ffffffff8398b2c0 (rcu_read_lock){....}-{1:2}, at: debug_show_all_locks+0x23/0x185
[ 1037.795823] 2 locks held by repro/555:
[ 1037.796286]  #0: ffff8880138870e0 (&type->s_umount_key#47/1){+.+.}-{3:3}, at: alloc_super+0x120/0x460
[ 1037.797414]  #1: ffff888013887638 (sb_internal#2){.+.+}-{0:0}, at: xfs_qm_qino_alloc+0xd2/0x520
[ 1037.798474] 
[ 1037.798686] =============================================
[ 1037.798686] 
[ 1185.226774] INFO: task repro:555 blocked for more than 1032 seconds.
[ 1185.227691]       Not tainted 5.14.0-eceae1e7acae+ #1
[ 1185.228406] "echo 0 > /proc/sys/kernel/hung_task_timeout_secs" disables this message.
[ 1185.229503] task:repro           state:D stack:    0 pid:  555 ppid:   554 flags:0x00004004
[ 1185.230699] Call Trace:
[ 1185.231059]  __schedule+0x48b/0xb50
[ 1185.231570]  ? lock_is_held_type+0xa6/0x110
[ 1185.232173]  ? xfs_ail_push+0x9c/0xe0
[ 1185.232706]  schedule+0x53/0xc0
[ 1185.233166]  xlog_grant_head_wait+0x5f/0x430
[ 1185.233778]  xlog_grant_head_check+0x1a7/0x1c0
[ 1185.234411]  xfs_log_reserve+0x150/0x440
[ 1185.234989]  xfs_trans_reserve+0x211/0x260
[ 1185.235576]  xfs_trans_alloc+0x144/0x470
[ 1185.236135]  xfs_qm_qino_alloc+0xd2/0x520
[ 1185.236705]  ? write_comp_data+0x2f/0x90
[ 1185.237268]  xfs_qm_init_quotainos+0x304/0x410
[ 1185.237895]  xfs_qm_init_quotainfo+0x99/0x4e0
[ 1185.238512]  ? write_comp_data+0x2f/0x90
[ 1185.239094]  xfs_qm_mount_quotas+0x3c/0x3a0
[ 1185.239697]  xfs_mountfs+0xc54/0xc60
[ 1185.240216]  xfs_fs_fill_super+0x720/0xcd0
[ 1185.240807]  get_tree_bdev+0x243/0x350
[ 1185.241349]  ? xfs_fs_inode_init_once+0x90/0x90
[ 1185.241996]  xfs_fs_get_tree+0x21/0x30
[ 1185.242537]  vfs_get_tree+0x37/0x110
[ 1185.243082]  path_mount+0x76e/0x10b0
[ 1185.243611]  ? write_comp_data+0x2f/0x90
[ 1185.244186]  do_mount+0xa7/0xc0
[ 1185.244653]  __x64_sys_mount+0x143/0x150
[ 1185.245233]  do_syscall_64+0x37/0x80
[ 1185.245760]  entry_SYSCALL_64_after_hwframe+0x44/0xae
[ 1185.246490] RIP: 0033:0x7f666c5083ae
[ 1185.247031] RSP: 002b:00007ffd37154668 EFLAGS: 00000202 ORIG_RAX: 00000000000000a5
[ 1185.248108] RAX: ffffffffffffffda RBX: 0000000000000000 RCX: 00007f666c5083ae
[ 1185.249123] RDX: 000000002000ad00 RSI: 000000002000ad40 RDI: 00007ffd371547a0
[ 1185.250136] RBP: 00007ffd37154830 R08: 00007ffd371546a0 R09: 0000000000000000
[ 1185.251179] R10: 0000000000000003 R11: 0000000000000202 R12: 0000000000401240
[ 1185.252194] R13: 00007ffd37154970 R14: 0000000000000000 R15: 0000000000000000
[ 1185.253220] 
[ 1185.253220] Showing all locks held in the system:
[ 1185.254102] 1 lock held by khungtaskd/29:
[ 1185.254702]  #0: ffffffff8398b2c0 (rcu_read_lock){....}-{1:2}, at: debug_show_all_locks+0x23/0x185
[ 1185.255995] 2 locks held by repro/555:
[ 1185.256549]  #0: ffff8880138870e0 (&type->s_umount_key#47/1){+.+.}-{3:3}, at: alloc_super+0x120/0x460
[ 1185.257886]  #1: ffff888013887638 (sb_internal#2){.+.+}-{0:0}, at: xfs_qm_qino_alloc+0xd2/0x520
[ 1185.259170] 
[ 1185.259403] =============================================
[ 1185.259403] 
[ 1332.682744] INFO: task repro:555 blocked for more than 1179 seconds.
[ 1332.683557]       Not tainted 5.14.0-eceae1e7acae+ #1
[ 1332.684182] "echo 0 > /proc/sys/kernel/hung_task_timeout_secs" disables this message.
[ 1332.685138] task:repro           state:D stack:    0 pid:  555 ppid:   554 flags:0x00004004
[ 1332.686165] Call Trace:
[ 1332.686482]  __schedule+0x48b/0xb50
[ 1332.686951]  ? lock_is_held_type+0xa6/0x110
[ 1332.687475]  ? xfs_ail_push+0x9c/0xe0
[ 1332.687941]  schedule+0x53/0xc0
[ 1332.688342]  xlog_grant_head_wait+0x5f/0x430
[ 1332.688879]  xlog_grant_head_check+0x1a7/0x1c0
[ 1332.689443]  xfs_log_reserve+0x150/0x440
[ 1332.689938]  xfs_trans_reserve+0x211/0x260
[ 1332.690455]  xfs_trans_alloc+0x144/0x470
[ 1332.690970]  xfs_qm_qino_alloc+0xd2/0x520
[ 1332.691473]  ? write_comp_data+0x2f/0x90
[ 1332.691970]  xfs_qm_init_quotainos+0x304/0x410
[ 1332.692527]  xfs_qm_init_quotainfo+0x99/0x4e0
[ 1332.693071]  ? write_comp_data+0x2f/0x90
[ 1332.693575]  xfs_qm_mount_quotas+0x3c/0x3a0
[ 1332.694101]  xfs_mountfs+0xc54/0xc60
[ 1332.694557]  xfs_fs_fill_super+0x720/0xcd0
[ 1332.695087]  get_tree_bdev+0x243/0x350
[ 1332.695564]  ? xfs_fs_inode_init_once+0x90/0x90
[ 1332.696132]  xfs_fs_get_tree+0x21/0x30
[ 1332.696606]  vfs_get_tree+0x37/0x110
[ 1332.697058]  path_mount+0x76e/0x10b0
[ 1332.697518]  ? write_comp_data+0x2f/0x90
[ 1332.698012]  do_mount+0xa7/0xc0
[ 1332.698414]  __x64_sys_mount+0x143/0x150
[ 1332.698923]  do_syscall_64+0x37/0x80
[ 1332.699375]  entry_SYSCALL_64_after_hwframe+0x44/0xae
[ 1332.700004] RIP: 0033:0x7f666c5083ae
[ 1332.700454] RSP: 002b:00007ffd37154668 EFLAGS: 00000202 ORIG_RAX: 00000000000000a5
[ 1332.701383] RAX: ffffffffffffffda RBX: 0000000000000000 RCX: 00007f666c5083ae
[ 1332.702255] RDX: 000000002000ad00 RSI: 000000002000ad40 RDI: 00007ffd371547a0
[ 1332.703143] RBP: 00007ffd37154830 R08: 00007ffd371546a0 R09: 0000000000000000
[ 1332.704017] R10: 0000000000000003 R11: 0000000000000202 R12: 0000000000401240
[ 1332.704888] R13: 00007ffd37154970 R14: 0000000000000000 R15: 0000000000000000
[ 1332.705772] 
[ 1332.705772] Showing all locks held in the system:
[ 1332.706527] 1 lock held by khungtaskd/29:
[ 1332.707038]  #0: ffffffff8398b2c0 (rcu_read_lock){....}-{1:2}, at: debug_show_all_locks+0x23/0x185
[ 1332.708160] 2 locks held by repro/555:
[ 1332.708629]  #0: ffff8880138870e0 (&type->s_umount_key#47/1){+.+.}-{3:3}, at: alloc_super+0x120/0x460
[ 1332.709772]  #1: ffff888013887638 (sb_internal#2){.+.+}-{0:0}, at: xfs_qm_qino_alloc+0xd2/0x520
[ 1332.710862] 
[ 1332.711060] =============================================
[ 1332.711060] 
[ 1480.138792] INFO: task repro:555 blocked for more than 1327 seconds.
[ 1480.139598]       Not tainted 5.14.0-eceae1e7acae+ #1
[ 1480.140214] "echo 0 > /proc/sys/kernel/hung_task_timeout_secs" disables this message.
[ 1480.141157] task:repro           state:D stack:    0 pid:  555 ppid:   554 flags:0x00004004
[ 1480.142168] Call Trace:
[ 1480.142480]  __schedule+0x48b/0xb50
[ 1480.142944]  ? lock_is_held_type+0xa6/0x110
[ 1480.143465]  ? xfs_ail_push+0x9c/0xe0
[ 1480.143925]  schedule+0x53/0xc0
[ 1480.144321]  xlog_grant_head_wait+0x5f/0x430
[ 1480.144852]  xlog_grant_head_check+0x1a7/0x1c0
[ 1480.145408]  xfs_log_reserve+0x150/0x440
[ 1480.145897]  xfs_trans_reserve+0x211/0x260
[ 1480.146408]  xfs_trans_alloc+0x144/0x470
[ 1480.146913]  xfs_qm_qino_alloc+0xd2/0x520
[ 1480.147411]  ? write_comp_data+0x2f/0x90
[ 1480.147901]  xfs_qm_init_quotainos+0x304/0x410
[ 1480.148451]  xfs_qm_init_quotainfo+0x99/0x4e0
[ 1480.148989]  ? write_comp_data+0x2f/0x90
[ 1480.149486]  xfs_qm_mount_quotas+0x3c/0x3a0
[ 1480.150006]  xfs_mountfs+0xc54/0xc60
[ 1480.150454]  xfs_fs_fill_super+0x720/0xcd0
[ 1480.150979]  get_tree_bdev+0x243/0x350
[ 1480.151447]  ? xfs_fs_inode_init_once+0x90/0x90
[ 1480.152008]  xfs_fs_get_tree+0x21/0x30
[ 1480.152474]  vfs_get_tree+0x37/0x110
[ 1480.152920]  path_mount+0x76e/0x10b0
[ 1480.153373]  ? write_comp_data+0x2f/0x90
[ 1480.153868]  do_mount+0xa7/0xc0
[ 1480.154265]  __x64_sys_mount+0x143/0x150
[ 1480.154766]  do_syscall_64+0x37/0x80
[ 1480.155213]  entry_SYSCALL_64_after_hwframe+0x44/0xae
[ 1480.155833] RIP: 0033:0x7f666c5083ae
[ 1480.156279] RSP: 002b:00007ffd37154668 EFLAGS: 00000202 ORIG_RAX: 00000000000000a5
[ 1480.157202] RAX: ffffffffffffffda RBX: 0000000000000000 RCX: 00007f666c5083ae
[ 1480.158064] RDX: 000000002000ad00 RSI: 000000002000ad40 RDI: 00007ffd371547a0
[ 1480.158939] RBP: 00007ffd37154830 R08: 00007ffd371546a0 R09: 0000000000000000
[ 1480.159801] R10: 0000000000000003 R11: 0000000000000202 R12: 0000000000401240
[ 1480.160662] R13: 00007ffd37154970 R14: 0000000000000000 R15: 0000000000000000
[ 1480.161535] 
[ 1480.161535] Showing all locks held in the system:
[ 1480.162282] 1 lock held by khungtaskd/29:
[ 1480.162794]  #0: ffffffff8398b2c0 (rcu_read_lock){....}-{1:2}, at: debug_show_all_locks+0x23/0x185
[ 1480.163902] 2 locks held by repro/555:
[ 1480.164365]  #0: ffff8880138870e0 (&type->s_umount_key#47/1){+.+.}-{3:3}, at: alloc_super+0x120/0x460
[ 1480.165492]  #1: ffff888013887638 (sb_internal#2){.+.+}-{0:0}, at: xfs_qm_qino_alloc+0xd2/0x520
[ 1480.166553] 
[ 1480.166764] =============================================
[ 1480.166764] 
[ 1627.594757] INFO: task repro:555 blocked for more than 1474 seconds.
[ 1627.595685]       Not tainted 5.14.0-eceae1e7acae+ #1
[ 1627.596397] "echo 0 > /proc/sys/kernel/hung_task_timeout_secs" disables this message.
[ 1627.597490] task:repro           state:D stack:    0 pid:  555 ppid:   554 flags:0x00004004
[ 1627.598686] Call Trace:
[ 1627.599047]  __schedule+0x48b/0xb50
[ 1627.599556]  ? lock_is_held_type+0xa6/0x110
[ 1627.600155]  ? xfs_ail_push+0x9c/0xe0
[ 1627.600684]  schedule+0x53/0xc0
[ 1627.601145]  xlog_grant_head_wait+0x5f/0x430
[ 1627.601757]  xlog_grant_head_check+0x1a7/0x1c0
[ 1627.602392]  xfs_log_reserve+0x150/0x440
[ 1627.602980]  xfs_trans_reserve+0x211/0x260
[ 1627.603573]  xfs_trans_alloc+0x144/0x470
[ 1627.604138]  xfs_qm_qino_alloc+0xd2/0x520
[ 1627.604713]  ? write_comp_data+0x2f/0x90
[ 1627.605281]  xfs_qm_init_quotainos+0x304/0x410
[ 1627.605917]  xfs_qm_init_quotainfo+0x99/0x4e0
[ 1627.606539]  ? write_comp_data+0x2f/0x90
[ 1627.607121]  xfs_qm_mount_quotas+0x3c/0x3a0
[ 1627.607720]  xfs_mountfs+0xc54/0xc60
[ 1627.608250]  xfs_fs_fill_super+0x720/0xcd0
[ 1627.608851]  get_tree_bdev+0x243/0x350
[ 1627.609403]  ? xfs_fs_inode_init_once+0x90/0x90
[ 1627.610061]  xfs_fs_get_tree+0x21/0x30
[ 1627.610628]  vfs_get_tree+0x37/0x110
[ 1627.611154]  path_mount+0x76e/0x10b0
[ 1627.611681]  ? write_comp_data+0x2f/0x90
[ 1627.612256]  do_mount+0xa7/0xc0
[ 1627.612722]  __x64_sys_mount+0x143/0x150
[ 1627.613301]  do_syscall_64+0x37/0x80
[ 1627.613830]  entry_SYSCALL_64_after_hwframe+0x44/0xae
[ 1627.614562] RIP: 0033:0x7f666c5083ae
[ 1627.615102] RSP: 002b:00007ffd37154668 EFLAGS: 00000202 ORIG_RAX: 00000000000000a5
[ 1627.616183] RAX: ffffffffffffffda RBX: 0000000000000000 RCX: 00007f666c5083ae
[ 1627.617199] RDX: 000000002000ad00 RSI: 000000002000ad40 RDI: 00007ffd371547a0
[ 1627.618211] RBP: 00007ffd37154830 R08: 00007ffd371546a0 R09: 0000000000000000
[ 1627.619253] R10: 0000000000000003 R11: 0000000000000202 R12: 0000000000401240
[ 1627.620268] R13: 00007ffd37154970 R14: 0000000000000000 R15: 0000000000000000
[ 1627.621301] 
[ 1627.621301] Showing all locks held in the system:
[ 1627.622187] 1 lock held by khungtaskd/29:
[ 1627.622788]  #0: ffffffff8398b2c0 (rcu_read_lock){....}-{1:2}, at: debug_show_all_locks+0x23/0x185
[ 1627.624092] 2 locks held by repro/555:
[ 1627.624643]  #0: ffff8880138870e0 (&type->s_umount_key#47/1){+.+.}-{3:3}, at: alloc_super+0x120/0x460
[ 1627.625978]  #1: ffff888013887638 (sb_internal#2){.+.+}-{0:0}, at: xfs_qm_qino_alloc+0xd2/0x520
[ 1627.627254] 
[ 1627.627486] =============================================
[ 1627.627486] 
