c[?7l[2J[0mSeaBIOS (version rel-1.16.0-0-gd239552ce722-prebuilt.qemu.org)


iPXE (http://ipxe.org) 00:03.0 CA00 PCI2.10 PnP PMM+7FF91000+7FEF1000 CA00
Press Ctrl-B to configure iPXE (PCI 00:03.0)...                                                                               


Booting from ROM..c[?7l[2J[    0.000000] Linux version 5.11.0-f40ddce88593 (root@p-rpls01) (gcc (GCC) 8.5.0 20210514 (Red Hat 8.5.0-17), GNU ld version 2.36.1-2.el8) #1 SMP Fri Dec 16 11:30:09 CST 2022
[    0.000000] Command line: console=ttyS0 root=/dev/sda earlyprintk=serial net.ifnames=0
[    0.000000] KERNEL supported cpus:
[    0.000000]   Intel GenuineIntel
[    0.000000]   AMD AuthenticAMD
[    0.000000]   Hygon HygonGenuine
[    0.000000]   Centaur CentaurHauls
[    0.000000]   zhaoxin   Shanghai  
[    0.000000] x86/fpu: Supporting XSAVE feature 0x001: 'x87 floating point registers'
[    0.000000] x86/fpu: Supporting XSAVE feature 0x002: 'SSE registers'
[    0.000000] x86/fpu: Supporting XSAVE feature 0x004: 'AVX registers'
[    0.000000] x86/fpu: Supporting XSAVE feature 0x200: 'Protection Keys User registers'
[    0.000000] x86/fpu: xstate_offset[2]:  576, xstate_sizes[2]:  256
[    0.000000] x86/fpu: xstate_offset[9]:  832, xstate_sizes[9]:    8
[    0.000000] x86/fpu: Enabled xstate features 0x207, context size is 840 bytes, using 'compacted' format.
[    0.000000] BIOS-provided physical RAM map:
[    0.000000] BIOS-e820: [mem 0x0000000000000000-0x000000000009fbff] usable
[    0.000000] BIOS-e820: [mem 0x000000000009fc00-0x000000000009ffff] reserved
[    0.000000] BIOS-e820: [mem 0x00000000000f0000-0x00000000000fffff] reserved
[    0.000000] BIOS-e820: [mem 0x0000000000100000-0x000000007ffdffff] usable
[    0.000000] BIOS-e820: [mem 0x000000007ffe0000-0x000000007fffffff] reserved
[    0.000000] BIOS-e820: [mem 0x00000000feffc000-0x00000000feffffff] reserved
[    0.000000] BIOS-e820: [mem 0x00000000fffc0000-0x00000000ffffffff] reserved
[    0.000000] printk: bootconsole [earlyser0] enabled
[    0.000000] NX (Execute Disable) protection: active
[    0.000000] SMBIOS 2.8 present.
[    0.000000] DMI: QEMU Standard PC (i440FX + PIIX, 1996), BIOS rel-1.16.0-0-gd239552ce722-prebuilt.qemu.org 04/01/2014
[    0.000000] Hypervisor detected: KVM
[    0.000000] kvm-clock: Using msrs 4b564d01 and 4b564d00
[    0.000000] kvm-clock: cpu 0, msr 5401001, primary cpu clock
[    0.000000] kvm-clock: using sched offset of 272922167 cycles
[    0.000699] clocksource: kvm-clock: mask: 0xffffffffffffffff max_cycles: 0x1cd42e4dffb, max_idle_ns: 881590591483 ns
[    0.002715] tsc: Detected 806.400 MHz processor
[    0.008780] last_pfn = 0x7ffe0 max_arch_pfn = 0x400000000
[    0.009660] x86/PAT: Configuration [0-7]: WB  WC  UC- UC  WB  WP  UC- WT  
[    0.014286] found SMP MP-table at [mem 0x000f5ba0-0x000f5baf]
[    0.015789] check: Scanning 1 areas for low memory corruption
[    0.016556] Using GB pages for direct mapping
[    0.017858] ACPI: Early table checksum verification disabled
[    0.018567] ACPI: RSDP 0x00000000000F59C0 000014 (v00 BOCHS )
[    0.019292] ACPI: RSDT 0x000000007FFE1951 000034 (v01 BOCHS  BXPC     00000001 BXPC 00000001)
[    0.020359] ACPI: FACP 0x000000007FFE17FD 000074 (v01 BOCHS  BXPC     00000001 BXPC 00000001)
[    0.021426] ACPI: DSDT 0x000000007FFE0040 0017BD (v01 BOCHS  BXPC     00000001 BXPC 00000001)
[    0.022497] ACPI: FACS 0x000000007FFE0000 000040
[    0.023076] ACPI: APIC 0x000000007FFE1871 000080 (v01 BOCHS  BXPC     00000001 BXPC 00000001)
[    0.024141] ACPI: HPET 0x000000007FFE18F1 000038 (v01 BOCHS  BXPC     00000001 BXPC 00000001)
[    0.025205] ACPI: WAET 0x000000007FFE1929 000028 (v01 BOCHS  BXPC     00000001 BXPC 00000001)
[    0.026863] No NUMA configuration found
[    0.027339] Faking a node at [mem 0x0000000000000000-0x000000007ffdffff]
[    0.028210] NODE_DATA(0) allocated [mem 0x7ffb5000-0x7ffdffff]
[    0.031668] Zone ranges:
[    0.031993]   DMA      [mem 0x0000000000001000-0x0000000000ffffff]
[    0.032759]   DMA32    [mem 0x0000000001000000-0x000000007ffdffff]
[    0.033527]   Normal   empty
[    0.033885]   Device   empty
[    0.034242] Movable zone start for each node
[    0.034769] Early memory node ranges
[    0.035210]   node   0: [mem 0x0000000000001000-0x000000000009efff]
[    0.035986]   node   0: [mem 0x0000000000100000-0x000000007ffdffff]
[    0.037072] Zeroed struct page in unavailable ranges: 130 pages
[    0.037079] Initmem setup node 0 [mem 0x0000000000001000-0x000000007ffdffff]
[    0.042150] ACPI: PM-Timer IO Port: 0x608
[    0.042676] ACPI: LAPIC_NMI (acpi_id[0xff] dfl dfl lint[0x1])
[    0.043443] IOAPIC[0]: apic_id 0, version 17, address 0xfec00000, GSI 0-23
[    0.044303] ACPI: INT_SRC_OVR (bus 0 bus_irq 0 global_irq 2 dfl dfl)
[    0.045092] ACPI: INT_SRC_OVR (bus 0 bus_irq 5 global_irq 5 high level)
[    0.045915] ACPI: INT_SRC_OVR (bus 0 bus_irq 9 global_irq 9 high level)
[    0.046735] ACPI: INT_SRC_OVR (bus 0 bus_irq 10 global_irq 10 high level)
[    0.047576] ACPI: INT_SRC_OVR (bus 0 bus_irq 11 global_irq 11 high level)
[    0.048441] Using ACPI (MADT) for SMP configuration information
[    0.049173] ACPI: HPET id: 0x8086a201 base: 0xfed00000
[    0.049822] TSC deadline timer available
[    0.050307] smpboot: Allowing 2 CPUs, 0 hotplug CPUs
[    0.050944] kvm-guest: KVM setup pv remote TLB flush
[    0.051575] kvm-guest: setup PV sched yield
[    0.052116] PM: hibernation: Registered nosave memory: [mem 0x00000000-0x00000fff]
[    0.053055] PM: hibernation: Registered nosave memory: [mem 0x0009f000-0x0009ffff]
[    0.053995] PM: hibernation: Registered nosave memory: [mem 0x000a0000-0x000effff]
[    0.054930] PM: hibernation: Registered nosave memory: [mem 0x000f0000-0x000fffff]
[    0.055866] [mem 0x80000000-0xfeffbfff] available for PCI devices
[    0.056620] Booting paravirtualized kernel on KVM
[    0.057204] clocksource: refined-jiffies: mask: 0xffffffff max_cycles: 0xffffffff, max_idle_ns: 7645519600211568 ns
[    0.058508] setup_percpu: NR_CPUS:8192 nr_cpumask_bits:2 nr_cpu_ids:2 nr_node_ids:1
[    0.059693] percpu: Embedded 58 pages/cpu s200704 r8192 d28672 u1048576
[    0.060647] kvm-guest: KVM setup async PF for cpu 0
[    0.061254] kvm-guest: stealtime: cpu 0, msr 7dc30080
[    0.061892] kvm-guest: PV spinlocks enabled
[    0.062416] PV qspinlock hash table entries: 256 (order: 0, 4096 bytes, linear)
[    0.063332] Built 1 zonelists, mobility grouping on.  Total pages: 515945
[    0.064173] Policy zone: DMA32
[    0.064553] Kernel command line: net.ifnames=0 console=ttyS0 root=/dev/sda earlyprintk=serial net.ifnames=0
[    0.066150] Dentry cache hash table entries: 262144 (order: 9, 2097152 bytes, linear)
[    0.067198] Inode-cache hash table entries: 131072 (order: 8, 1048576 bytes, linear)
[    0.068229] mem auto-init: stack:off, heap alloc:off, heap free:off
[    0.071569] Memory: 1988036K/2096632K available (30736K kernel code, 5159K rwdata, 7444K rodata, 2980K init, 22372K bss, 108340K reserved, 0K cma-reserved)
[    0.073300] random: get_random_u64 called from __kmem_cache_create+0x33/0x460 with crng_init=0
[    0.073611] SLUB: HWalign=64, Order=0-3, MinObjects=0, CPUs=2, Nodes=1
[    0.075462] kmemleak: Kernel memory leak detector disabled
[    0.076151] ftrace: allocating 62784 entries in 246 pages
[    0.136915] ftrace: allocated 246 pages with 6 groups
[    0.137703] Running RCU self tests
[    0.138118] rcu: Hierarchical RCU implementation.
[    0.138691] rcu: 	RCU lockdep checking is enabled.
[    0.139276] rcu: 	RCU restricting CPUs from NR_CPUS=8192 to nr_cpu_ids=2.
[    0.140102] 	Trampoline variant of Tasks RCU enabled.
[    0.140719] 	Rude variant of Tasks RCU enabled.
[    0.141267] 	Tracing variant of Tasks RCU enabled.
[    0.141864] rcu: RCU calculated value of scheduler-enlistment delay is 25 jiffies.
[    0.142790] rcu: Adjusting geometry for rcu_fanout_leaf=16, nr_cpu_ids=2
[    0.154418] NR_IRQS: 524544, nr_irqs: 440, preallocated irqs: 16
[    0.166877] Console: colour VGA+ 80x25
[    0.167387] printk: console [ttyS0] enabled
[    0.167387] printk: console [ttyS0] enabled
[    0.168421] printk: bootconsole [earlyser0] disabled
[    0.168421] printk: bootconsole [earlyser0] disabled
[    0.169653] Lock dependency validator: Copyright (c) 2006 Red Hat, Inc., Ingo Molnar
[    0.170612] ... MAX_LOCKDEP_SUBCLASSES:  8
[    0.171127] ... MAX_LOCK_DEPTH:          48
[    0.171654] ... MAX_LOCKDEP_KEYS:        8192
[    0.172199] ... CLASSHASH_SIZE:          4096
[    0.172749] ... MAX_LOCKDEP_ENTRIES:     32768
[    0.173310] ... MAX_LOCKDEP_CHAINS:      65536
[    0.173881] ... CHAINHASH_SIZE:          32768
[    0.174438]  memory used by lock dependency info: 6365 kB
[    0.175113]  memory used for stack traces: 4224 kB
[    0.175712]  per task-struct memory footprint: 1920 bytes
[    0.176406] ACPI: Core revision 20201113
[    0.177074] clocksource: hpet: mask: 0xffffffff max_cycles: 0xffffffff, max_idle_ns: 19112604467 ns
[    0.178336] APIC: Switch to symmetric I/O mode setup
[    0.179291] x2apic enabled
[    0.179974] Switched APIC routing to physical x2apic.
[    0.180612] kvm-guest: setup PV IPIs
[    0.182517] ..TIMER: vector=0x30 apic1=0 pin1=2 apic2=-1 pin2=-1
[    0.183301] clocksource: tsc-early: mask: 0xffffffffffffffff max_cycles: 0xb9fb05486c, max_idle_ns: 440795231721 ns
[    0.184592] Calibrating delay loop (skipped) preset value.. 1612.80 BogoMIPS (lpj=3225600)
[    0.185618] pid_max: default: 32768 minimum: 301
[    0.186244] LSM: Security Framework initializing
[    0.188593] Yama: becoming mindful.
[    0.189145] Mount-cache hash table entries: 4096 (order: 3, 32768 bytes, linear)
[    0.190065] Mountpoint-cache hash table entries: 4096 (order: 3, 32768 bytes, linear)
[    0.191888] x86/cpu: User Mode Instruction Prevention (UMIP) activated
[    0.192796] mce: CPU0: Thermal monitoring enabled (TM1)
[    0.193573] Last level iTLB entries: 4KB 0, 2MB 0, 4MB 0
[    0.194246] Last level dTLB entries: 4KB 0, 2MB 0, 4MB 0, 1GB 0
[    0.195000] Spectre V1 : Mitigation: usercopy/swapgs barriers and __user pointer sanitization
[    0.196595] Spectre V2 : Mitigation: Enhanced IBRS
[    0.197189] Spectre V2 : Spectre v2 / SpectreRSB mitigation: Filling RSB on context switch
[    0.198193] Spectre V2 : mitigation: Enabling conditional Indirect Branch Prediction Barrier
[    0.199221] Speculative Store Bypass: Mitigation: Speculative Store Bypass disabled via prctl and seccomp
[    0.200860] Freeing SMP alternatives memory: 52K
[    0.202190] smpboot: CPU0: Genuine Intel(R) 0000 (family: 0x6, model: 0xb7, stepping: 0x0)
[    0.203517] Performance Events: generic architected perfmon, full-width counters, Intel PMU driver.
[    0.204587] ... version:                2
[    0.204587] ... bit width:              48
[    0.204587] ... generic registers:      6
[    0.204593] ... value mask:             0000ffffffffffff
[    0.205243] ... max period:             00007fffffffffff
[    0.205892] ... fixed-purpose events:   3
[    0.206398] ... event mask:             000000070000003f
[    0.207246] rcu: Hierarchical SRCU implementation.
[    0.209644] smp: Bringing up secondary CPUs ...
[    0.210528] x86: Booting SMP configuration:
[    0.211056] .... node  #0, CPUs:      #1
[    0.029234] kvm-clock: cpu 1, msr 5401041, secondary cpu clock
[    0.212282] kvm-guest: KVM setup async PF for cpu 1
[    0.212282] kvm-guest: stealtime: cpu 1, msr 7dd30080
[    0.212674] smp: Brought up 1 node, 2 CPUs
[    0.213209] smpboot: Max logical packages: 1
[    0.213750] smpboot: Total of 2 processors activated (3225.60 BogoMIPS)
[    0.217017] devtmpfs: initialized
[    0.217171] x86/mm: Memory block size: 128MB
[    0.218803] clocksource: jiffies: mask: 0xffffffff max_cycles: 0xffffffff, max_idle_ns: 7645041785100000 ns
[    0.220605] futex hash table entries: 512 (order: 4, 65536 bytes, linear)
[    0.221617] pinctrl core: initialized pinctrl subsystem
[    0.222566] 
[    0.222769] *************************************************************
[    0.223612] **     NOTICE NOTICE NOTICE NOTICE NOTICE NOTICE NOTICE    **
[    0.224453] **                                                         **
[    0.224593] **  IOMMU DebugFS SUPPORT HAS BEEN ENABLED IN THIS KERNEL  **
[    0.225437] **                                                         **
[    0.226277] ** This means that this kernel is built to expose internal **
[    0.227122] ** IOMMU data structures, which may compromise security on **
[    0.227962] ** your system.                                            **
[    0.228592] **                                                         **
[    0.229434] ** If you see this message and you are not debugging the   **
[    0.230275] ** kernel, report this immediately to your vendor!         **
[    0.231118] **                                                         **
[    0.231962] **     NOTICE NOTICE NOTICE NOTICE NOTICE NOTICE NOTICE    **
[    0.232592] *************************************************************
[    0.233528] PM: RTC time: 01:53:53, date: 2023-04-05
[    0.234944] NET: Registered protocol family 16
[    0.235936] DMA: preallocated 256 KiB GFP_KERNEL pool for atomic allocations
[    0.236603] DMA: preallocated 256 KiB GFP_KERNEL|GFP_DMA pool for atomic allocations
[    0.237812] DMA: preallocated 256 KiB GFP_KERNEL|GFP_DMA32 pool for atomic allocations
[    0.239105] audit: initializing netlink subsys (disabled)
[    0.239956] audit: type=2000 audit(1680659634.090:1): state=initialized audit_enabled=0 res=1
[    0.239956] thermal_sys: Registered thermal governor 'fair_share'
[    0.239956] thermal_sys: Registered thermal governor 'bang_bang'
[    0.240597] thermal_sys: Registered thermal governor 'step_wise'
[    0.240597] thermal_sys: Registered thermal governor 'user_space'
[    0.241386] cpuidle: using governor ladder
[    0.242672] cpuidle: using governor menu
[    0.243382] ACPI: bus type PCI registered
[    0.243884] acpiphp: ACPI Hot Plug PCI Controller Driver version: 0.5
[    0.244839] PCI: Using configuration type 1 for base access
[    0.256712] HugeTLB registered 1.00 GiB page size, pre-allocated 0 pages
[    0.257437] HugeTLB registered 2.00 MiB page size, pre-allocated 0 pages
[    0.260874] ACPI: Added _OSI(Module Device)
[    0.261403] ACPI: Added _OSI(Processor Device)
[    0.261954] ACPI: Added _OSI(3.0 _SCP Extensions)
[    0.262534] ACPI: Added _OSI(Processor Aggregator Device)
[    0.263198] ACPI: Added _OSI(Linux-Dell-Video)
[    0.263750] ACPI: Added _OSI(Linux-Lenovo-NV-HDMI-Audio)
[    0.264408] ACPI: Added _OSI(Linux-HPI-Hybrid-Graphics)
[    0.269102] ACPI: 1 ACPI AML tables successfully acquired and loaded
[    0.272600] ACPI: Interpreter enabled
[    0.273120] ACPI: (supports S0 S3 S4 S5)
[    0.273609] ACPI: Using IOAPIC for interrupt routing
[    0.274245] PCI: Using host bridge windows from ACPI; if necessary, use "pci=nocrs" and report a bug
[    0.275907] ACPI: Enabled 2 GPEs in block 00 to 0F
[    0.289313] ACPI: PCI Root Bridge [PCI0] (domain 0000 [bus 00-ff])
[    0.290100] acpi PNP0A03:00: _OSC: OS supports [ASPM ClockPM Segments MSI EDR HPX-Type3]
[    0.291152] acpi PNP0A03:00: fail to add MMCONFIG information, can't access extended PCI configuration space under this bridge.
[    0.294039] acpiphp: Slot [3] registered
[    0.294588] acpiphp: Slot [4] registered
[    0.295133] acpiphp: Slot [5] registered
[    0.295678] acpiphp: Slot [6] registered
[    0.296226] acpiphp: Slot [7] registered
[    0.296648] acpiphp: Slot [8] registered
[    0.297192] acpiphp: Slot [9] registered
[    0.297737] acpiphp: Slot [10] registered
[    0.298292] acpiphp: Slot [11] registered
[    0.298847] acpiphp: Slot [12] registered
[    0.299401] acpiphp: Slot [13] registered
[    0.299959] acpiphp: Slot [14] registered
[    0.300513] acpiphp: Slot [15] registered
[    0.300648] acpiphp: Slot [16] registered
[    0.301204] acpiphp: Slot [17] registered
[    0.301758] acpiphp: Slot [18] registered
[    0.302311] acpiphp: Slot [19] registered
[    0.302865] acpiphp: Slot [20] registered
[    0.303426] acpiphp: Slot [21] registered
[    0.303983] acpiphp: Slot [22] registered
[    0.304537] acpiphp: Slot [23] registered
[    0.304648] acpiphp: Slot [24] registered
[    0.305202] acpiphp: Slot [25] registered
[    0.305757] acpiphp: Slot [26] registered
[    0.306311] acpiphp: Slot [27] registered
[    0.306875] acpiphp: Slot [28] registered
[    0.307429] acpiphp: Slot [29] registered
[    0.307982] acpiphp: Slot [30] registered
[    0.308538] acpiphp: Slot [31] registered
[    0.308612] PCI host bridge to bus 0000:00
[    0.309121] pci_bus 0000:00: root bus resource [io  0x0000-0x0cf7 window]
[    0.309956] pci_bus 0000:00: root bus resource [io  0x0d00-0xffff window]
[    0.310796] pci_bus 0000:00: root bus resource [mem 0x000a0000-0x000bffff window]
[    0.311714] pci_bus 0000:00: root bus resource [mem 0x80000000-0xfebfffff window]
[    0.312593] pci_bus 0000:00: root bus resource [mem 0x100000000-0x17fffffff window]
[    0.313532] pci_bus 0000:00: root bus resource [bus 00-ff]
[    0.314268] pci 0000:00:00.0: [8086:1237] type 00 class 0x060000
[    0.317205] pci 0000:00:01.0: [8086:7000] type 00 class 0x060100
[    0.319000] pci 0000:00:01.1: [8086:7010] type 00 class 0x010180
[    0.320877] pci 0000:00:01.1: reg 0x20: [io  0xc040-0xc04f]
[    0.322116] pci 0000:00:01.1: legacy IDE quirk: reg 0x10: [io  0x01f0-0x01f7]
[    0.322994] pci 0000:00:01.1: legacy IDE quirk: reg 0x14: [io  0x03f6]
[    0.323793] pci 0000:00:01.1: legacy IDE quirk: reg 0x18: [io  0x0170-0x0177]
[    0.324594] pci 0000:00:01.1: legacy IDE quirk: reg 0x1c: [io  0x0376]
[    0.325926] pci 0000:00:01.3: [8086:7113] type 00 class 0x068000
[    0.327170] pci 0000:00:01.3: quirk: [io  0x0600-0x063f] claimed by PIIX4 ACPI
[    0.328065] pci 0000:00:01.3: quirk: [io  0x0700-0x070f] claimed by PIIX4 SMB
[    0.329839] pci 0000:00:02.0: [1234:1111] type 00 class 0x030000
[    0.331489] pci 0000:00:02.0: reg 0x10: [mem 0xfd000000-0xfdffffff pref]
[    0.333549] pci 0000:00:02.0: reg 0x18: [mem 0xfebf0000-0xfebf0fff]
[    0.336604] pci 0000:00:02.0: reg 0x30: [mem 0xfebe0000-0xfebeffff pref]
[    0.339320] pci 0000:00:03.0: [8086:100e] type 00 class 0x020000
[    0.340594] pci 0000:00:03.0: reg 0x10: [mem 0xfebc0000-0xfebdffff]
[    0.341667] pci 0000:00:03.0: reg 0x14: [io  0xc000-0xc03f]
[    0.344090] pci 0000:00:03.0: reg 0x30: [mem 0xfeb80000-0xfebbffff pref]
[    0.367638] ACPI: PCI Interrupt Link [LNKA] (IRQs 5 *10 11)
[    0.368685] ACPI: PCI Interrupt Link [LNKB] (IRQs 5 *10 11)
[    0.369704] ACPI: PCI Interrupt Link [LNKC] (IRQs 5 10 *11)
[    0.370714] ACPI: PCI Interrupt Link [LNKD] (IRQs 5 10 *11)
[    0.371571] ACPI: PCI Interrupt Link [LNKS] (IRQs *9)
[    0.376643] iommu: Default domain type: Translated 
[    0.377331] pci 0000:00:02.0: vgaarb: setting as boot VGA device
[    0.377349] pci 0000:00:02.0: vgaarb: VGA device added: decodes=io+mem,owns=io+mem,locks=none
[    0.378327] pci 0000:00:02.0: vgaarb: bridge control possible
[    0.378987] vgaarb: loaded
[    0.381414] SCSI subsystem initialized
[    0.381882] ACPI: bus type USB registered
[    0.381882] usbcore: registered new interface driver usbfs
[    0.381984] usbcore: registered new interface driver hub
[    0.382657] usbcore: registered new device driver usb
[    0.384673] pps_core: LinuxPPS API ver. 1 registered
[    0.385296] pps_core: Software ver. 5.3.6 - Copyright 2005-2007 Rodolfo Giometti <giometti@linux.it>
[    0.386428] PTP clock support registered
[    0.386973] EDAC MC: Ver: 3.0.0
[    0.388929] NetLabel: Initializing
[    0.389337] NetLabel:  domain hash size = 128
[    0.389844] NetLabel:  protocols = UNLABELED CIPSOv4 CALIPSO
[    0.390549] NetLabel:  unlabeled traffic allowed by default
[    0.391267] PCI: Using ACPI for IRQ routing
[    0.391267] hpet0: at MMIO 0xfed00000, IRQs 2, 8, 0
[    0.392607] hpet0: 3 comparators, 64-bit 100.000000 MHz counter
[    0.396601] clocksource: Switched to clocksource kvm-clock
[    0.463976] VFS: Disk quotas dquot_6.6.0
[    0.464514] VFS: Dquot-cache hash table entries: 512 (order 0, 4096 bytes)
[    0.465559] pnp: PnP ACPI init
[    0.467380] pnp: PnP ACPI: found 6 devices
[    0.476598] clocksource: acpi_pm: mask: 0xffffff max_cycles: 0xffffff, max_idle_ns: 2085701024 ns
[    0.477939] NET: Registered protocol family 2
[    2.271612] tcp_listen_portaddr_hash hash table entries: 1024 (order: 4, 81920 bytes, linear)
[    2.272765] TCP established hash table entries: 16384 (order: 5, 131072 bytes, linear)
[    2.273808] TCP bind hash table entries: 16384 (order: 8, 1179648 bytes, linear)
[    2.275181] TCP: Hash tables configured (established 16384 bind 16384)
[    2.276043] UDP hash table entries: 1024 (order: 5, 163840 bytes, linear)
[    2.276944] UDP-Lite hash table entries: 1024 (order: 5, 163840 bytes, linear)
[    2.277938] NET: Registered protocol family 1
[    2.279126] RPC: Registered named UNIX socket transport module.
[    2.279839] RPC: Registered udp transport module.
[    2.280384] RPC: Registered tcp transport module.
[    2.280959] RPC: Registered tcp NFSv4.1 backchannel transport module.
[    2.281719] pci_bus 0000:00: resource 4 [io  0x0000-0x0cf7 window]
[    2.282440] pci_bus 0000:00: resource 5 [io  0x0d00-0xffff window]
[    2.283160] pci_bus 0000:00: resource 6 [mem 0x000a0000-0x000bffff window]
[    2.283956] pci_bus 0000:00: resource 7 [mem 0x80000000-0xfebfffff window]
[    2.284880] pci_bus 0000:00: resource 8 [mem 0x100000000-0x17fffffff window]
[    2.285918] pci 0000:00:01.0: PIIX3: Enabling Passive Release
[    2.286621] pci 0000:00:00.0: Limiting direct PCI/PCI transfers
[    2.287347] pci 0000:00:01.0: Activating ISA DMA hang workarounds
[    2.288164] pci 0000:00:02.0: Video device with shadowed ROM at [mem 0x000c0000-0x000dffff]
[    2.289201] PCI: CLS 0 bytes, default 64
[    2.290039] clocksource: tsc: mask: 0xffffffffffffffff max_cycles: 0xb9fb05486c, max_idle_ns: 440795231721 ns
[    2.292200] check: Scanning for low memory corruption every 60 seconds
[    2.295326] Initialise system trusted keyrings
[    2.295940] Key type blacklist registered
[    2.296647] workingset: timestamp_bits=36 max_order=19 bucket_order=0
[    2.303590] zbud: loaded
[    2.305146] squashfs: version 4.0 (2009/01/31) Phillip Lougher
[    2.306884] NFS: Registering the id_resolver key type
[    2.307518] Key type id_resolver registered
[    2.308031] Key type id_legacy registered
[    2.308624] nfs4filelayout_init: NFSv4 File Layout Driver Registering...
[    2.309539] fuse: init (API version 7.33)
[    2.310237] SGI XFS with ACLs, security attributes, realtime, quota, no debug enabled
[    2.312142] 9p: Installing v9fs 9p2000 file system support
[    2.318308] Key type asymmetric registered
[    2.318852] Asymmetric key parser 'x509' registered
[    2.319491] Block layer SCSI generic (bsg) driver version 0.4 loaded (major 244)
[    2.320541] io scheduler mq-deadline registered
[    2.321196] io scheduler bfq registered
[    2.321957] shpchp: Standard Hot Plug PCI Controller Driver version: 0.4
[    2.323015] IPMI message handler: version 39.2
[    2.323589] ipmi device interface
[    2.325095] input: Power Button as /devices/LNXSYSTM:00/LNXPWRBN:00/input/input0
[    2.326212] ACPI: Power Button [PWRF]
[    2.327358] ERST DBG: ERST support is disabled.
[    2.328308] Serial: 8250/16550 driver, 32 ports, IRQ sharing enabled
[    2.329611] 00:04: ttyS0 at I/O 0x3f8 (irq = 4, base_baud = 115200) is a 16550A
[    2.337097] Linux agpgart interface v0.103
[    2.346480] brd: module loaded
[    2.353292] loop: module loaded
[    2.356437] scsi host0: ata_piix
[    2.357294] scsi host1: ata_piix
[    2.357808] ata1: PATA max MWDMA2 cmd 0x1f0 ctl 0x3f6 bmdma 0xc040 irq 14
[    2.358627] ata2: PATA max MWDMA2 cmd 0x170 ctl 0x376 bmdma 0xc048 irq 15
[    2.360494] libphy: Fixed MDIO Bus: probed
[    2.361221] tun: Universal TUN/TAP device driver, 1.6
[    2.361982] e100: Intel(R) PRO/100 Network Driver
[    2.362553] e100: Copyright(c) 1999-2006 Intel Corporation
[    2.363244] e1000: Intel(R) PRO/1000 Network Driver
[    2.363836] e1000: Copyright (c) 1999-2006 Intel Corporation.
[    2.505349] PCI Interrupt Link [LNKC] enabled at IRQ 11
[    2.517900] ata2.00: ATAPI: QEMU DVD-ROM, 2.5+, max UDMA/100
[    2.518886] ata1.00: ATA-7: QEMU HARDDISK, 2.5+, max UDMA/100
[    2.519572] ata1.00: 16777216 sectors, multi 16: LBA48 
[    2.521427] scsi 0:0:0:0: Direct-Access     ATA      QEMU HARDDISK    2.5+ PQ: 0 ANSI: 5
[    2.522925] sd 0:0:0:0: Attached scsi generic sg0 type 0
[    2.523236] sd 0:0:0:0: [sda] 16777216 512-byte logical blocks: (8.59 GB/8.00 GiB)
[    2.524723] sd 0:0:0:0: [sda] Write Protect is off
[    2.524724] scsi 1:0:0:0: CD-ROM            QEMU     QEMU DVD-ROM     2.5+ PQ: 0 ANSI: 5
[    2.526409] sd 0:0:0:0: [sda] Write cache: enabled, read cache: enabled, doesn't support DPO or FUA
[    2.528332] scsi 1:0:0:0: Attached scsi generic sg1 type 5
[    2.530473] sd 0:0:0:0: [sda] Attached SCSI disk
[    2.849193] e1000 0000:00:03.0 eth0: (PCI:33MHz:32-bit) 52:54:00:12:34:56
[    2.850052] e1000 0000:00:03.0 eth0: Intel(R) PRO/1000 Network Connection
[    2.850953] e1000e: Intel(R) PRO/1000 Network Driver
[    2.851569] e1000e: Copyright(c) 1999 - 2015 Intel Corporation.
[    2.852344] igb: Intel(R) Gigabit Ethernet Network Driver
[    2.853034] igb: Copyright (c) 2007-2014 Intel Corporation.
[    2.853806] PPP generic driver version 2.4.2
[    2.854776] VFIO - User Level meta-driver version: 0.3
[    2.855436] ehci_hcd: USB 2.0 'Enhanced' Host Controller (EHCI) Driver
[    2.856205] ehci-pci: EHCI PCI platform driver
[    2.856817] ehci-platform: EHCI generic platform driver
[    2.857482] ohci_hcd: USB 1.1 'Open' Host Controller (OHCI) Driver
[    2.858248] ohci-pci: OHCI PCI platform driver
[    2.858819] ohci-platform: OHCI generic platform driver
[    2.859478] uhci_hcd: USB Universal Host Controller Interface driver
[    2.860464] usbcore: registered new interface driver uas
[    2.861191] usbcore: registered new interface driver usb-storage
[    2.862043] i8042: PNP: PS/2 Controller [PNP0303:KBD,PNP0f13:MOU] at 0x60,0x64 irq 1,12
[    2.863975] serio: i8042 KBD port at 0x60,0x64 irq 1
[    2.864657] serio: i8042 AUX port at 0x60,0x64 irq 12
[    2.865799] mousedev: PS/2 mouse device common for all mice
[    2.867208] input: AT Translated Set 2 keyboard as /devices/platform/i8042/serio0/input/input1
[    2.868990] rtc_cmos 00:05: RTC can wake from S4
[    2.869228] input: VirtualPS/2 VMware VMMouse as /devices/platform/i8042/serio1/input/input4
[    2.870459] rtc_cmos 00:05: registered as rtc0
[    2.871377] rtc_cmos 00:05: setting system clock to 2023-04-05T01:53:56 UTC (1680659636)
[    2.872555] rtc_cmos 00:05: alarms up to one day, y3k, 242 bytes nvram, hpet irqs
[    2.873558] i2c /dev entries driver
[    2.873673] input: VirtualPS/2 VMware VMMouse as /devices/platform/i8042/serio1/input/input3
[    2.874121] device-mapper: uevent: version 1.0.3
[    2.875878] device-mapper: ioctl: 4.43.0-ioctl (2020-10-01) initialised: dm-devel@redhat.com
[    2.876944] intel_pstate: CPU model not supported
[    2.877598] sdhci: Secure Digital Host Controller Interface driver
[    2.878365] sdhci: Copyright(c) Pierre Ossman
[    2.878961] sdhci-pltfm: SDHCI platform and OF driver helper
[    2.879758] ledtrig-cpu: registered to indicate activity on CPUs
[    2.880613] drop_monitor: Initializing network drop monitor service
[    2.881841] NET: Registered protocol family 10
[    2.884250] Segment Routing with IPv6
[    2.884772] NET: Registered protocol family 17
[    2.885598] 9pnet: Installing 9P2000 support
[    2.886170] Key type dns_resolver registered
[    2.887243] IPI shorthand broadcast: enabled
[    2.887800] sched_clock: Marking stable (2861860969, 25234927)->(2892141998, -5046102)
[    2.888941] registered taskstats version 1
[    2.889477] Loading compiled-in X.509 certificates
[    2.890203] zswap: loaded using pool lzo/zbud
[    2.891093] Key type ._fscrypt registered
[    2.891610] Key type .fscrypt registered
[    2.892122] Key type fscrypt-provisioning registered
[    2.893290] Key type encrypted registered
[    2.893812] ima: No TPM chip found, activating TPM-bypass!
[    2.894490] ima: Allocated hash algorithm: sha1
[    2.895074] ima: No architecture policies found
[    2.895674] evm: Initialising EVM extended attributes:
[    2.896304] evm: security.selinux
[    2.896744] evm: security.SMACK64
[    2.897158] evm: security.SMACK64EXEC
[    2.897619] evm: security.SMACK64TRANSMUTE
[    2.898124] evm: security.SMACK64MMAP
[    2.898580] evm: security.apparmor
[    2.899002] evm: security.ima
[    2.899373] evm: security.capability
[    2.899815] evm: HMAC attrs: 0x1
[    2.902143] PM:   Magic number: 3:803:861
[    2.902913] RAS: Correctable Errors collector initialized.
[    2.904370] md: Waiting for all devices to be available before autodetect
[    2.905258] md: If you don't use raid, use raid=noautodetect
[    2.905971] md: Autodetecting RAID arrays.
[    2.906506] md: autorun ...
[    2.906872] md: ... autorun DONE.
[    2.909959] EXT4-fs (sda): INFO: recovery required on readonly filesystem
[    2.910879] EXT4-fs (sda): write access will be enabled during recovery
[    2.993073] EXT4-fs (sda): recovery complete
[    2.995415] EXT4-fs (sda): mounted filesystem with ordered data mode. Opts: (null). Quota mode: none.
[    2.996617] VFS: Mounted root (ext4 filesystem) readonly on device 8:0.
[    2.997956] devtmpfs: mounted
[    3.003621] Freeing unused decrypted memory: 2036K
[    3.004888] Freeing unused kernel image (initmem) memory: 2980K
[    3.005653] Write protecting the kernel read-only data: 40960k
[    3.008134] Freeing unused kernel image (text/rodata gap) memory: 2028K
[    3.009277] Freeing unused kernel image (rodata/data gap) memory: 748K
[    3.089230] x86/mm: Checked W+X mappings: passed, no W+X pages found.
[    3.090059] Run /sbin/init as init process
[    3.102565] random: fast init done
[    3.166782] systemd[1]: RTC configured in localtime, applying delta of 0 minutes to system time.
[    3.186778] systemd[1]: systemd 239 (239-49.el8) running in system mode. (+PAM +AUDIT +SELINUX +IMA -APPARMOR +SMACK +SYSVINIT +UTMP +LIBCRYPTSETUP +GCRYPT +GNUTLS +ACL +XZ +LZ4 +SECCOMP +BLKID +ELFUTILS +KMOD +IDN2 -IDN +PCRE2 default-hierarchy=legacy)
[    3.189733] systemd[1]: Detected virtualization kvm.
[    3.190364] systemd[1]: Detected architecture x86-64.

Welcome to [0;31mCentOS Stream 8[0m!

[    3.210914] systemd[1]: Set hostname to <test>.
[    3.308270] random: lvmconfig: uninitialized urandom read (4 bytes read)
[    3.386104] random: systemd: uninitialized urandom read (16 bytes read)
[    3.386945] systemd[1]: Reached target Swap.
[[0;32m  OK  [0m] Reached target Swap.
[    3.388093] random: systemd: uninitialized urandom read (16 bytes read)
[    3.389182] systemd[1]: Listening on udev Control Socket.
[[0;32m  OK  [0m] Listening on udev Control Socket.
[    3.390603] systemd[1]: Listening on LVM2 poll daemon socket.
[[0;32m  OK  [0m] Listening on LVM2 poll daemon socket.
[    3.392042] systemd[1]: Listening on Journal Socket (/dev/log).
[[0;32m  OK  [0m] Listening on Journal Socket (/dev/log).
[    3.393499] systemd[1]: Listening on Device-mapper event daemon FIFOs.
[[0;32m  OK  [0m] Listening on Device-mapper event daemon FIFOs.
[    3.397494] systemd[1]: Created slice system-serial\x2dgetty.slice.
[[0;32m  OK  [0m] Created slice system-serial\x2dgetty.slice.
[[0;32m  OK  [0m] Created slice system-sshd\x2dkeygen.slice.
[[0;32m  OK  [0m] Started Forward Password Requests to Wall Directory Watch.
[[0;32m  OK  [0m] Listening on Journal Socket.
         Starting Remount Root and Kernel File Systems...
         Starting Monitoring of LVM2 mirrorsâ€¦ng dmeventd or progress polling...
[[0;32m  OK  [0m] Listening on RPCbind Server Activation Socket.
[[0;32m  OK  [0m] Reached target RPC Port Mapper.
         Mounting POSIX Message Queue File System...
[[0;32m  OK  [0m] Listening on Process Core Dump Socket.
         Starting Setup Virtual Console...
[[0;32m  OK  [0m] Listening on udev Kernel Socket.
         Starting udev Coldplug all Devices...
[[0;32m  OK  [0m] Listening on multipathd control socket.
         Mounting Kernel Debug File System...
         Mounting Huge Pages File System...
[[0;32m  OK  [0m] Created slice User and Session Slice.
[[0;32m  OK  [0m] Reached target Slices.
[[0;32m  OK  [0m] Set up automount Arbitrary Executabâ€¦rmats File System Automount Point.
[    3.567946] EXT4-fs (sda): re-mounted. Opts: (null). Quota mode: none.
         Starting Journal Service...
[[0;32m  OK  [0m] Listening on initctl Compatibility Named Pipe.
[[0;32m  OK  [0m] Created slice system-getty.slice.
         Starting Load Kernel Modules...
[[0;32m  OK  [0m] Started Journal Service.
[[0;32m  OK  [0m] Started Remount Root and Kernel File Systems.
[[0;32m  OK  [0m] Mounted POSIX Message Queue File System.
[[0;32m  OK  [0m] Mounted Kernel Debug File System.
[[0;32m  OK  [0m] Mounted Huge Pages File System.
[[0;1;31mFAILED[0m] Failed to start Load Kernel Modules.
See 'systemctl status systemd-modules-load.service' for details.
         Mounting FUSE Control File System...
         Starting Apply Kernel Variables...
         Mounting Kernel Configuration File System...
         Starting Load/Save Random Seed...
         Starting Create Static Device Nodes in /dev...
         Starting Flush Journal to Persistent Storage...
[[0;32m  OK  [0m] Started udev Coldplug all Devices.
[[0;32m  OK  [0m] Started Setup Virtual Console.
[[0;32m  OK  [0m] Mounted FUSE Control File System.
[[0;32m  OK  [0m] Started Apply Kernel Variables.
[[0;32m  OK  [0m] Mounted Kernel Configuration File System.
[[0;32m  OK  [0m] Started Load/Save Random Seed.
[[0;32m  OK  [0m] Started Create Static Device Nodes in /dev.
         Starting udev Kernel Device Manager...
         Starting udev Wait for Complete Device Initialization...
[[0;32m  OK  [0m] Started Flush Journal to Persistent Storage.
[[0;32m  OK  [0m] Started udev Kernel Device Manager.
         Starting Show Plymouth Boot Screen...
[[0;32m  OK  [0m] Started Show Plymouth Boot Screen.
[[0;32m  OK  [0m] Started Forward Password Requests to Plymouth Directory Watch.
[[0;32m  OK  [0m] Reached target Local Encrypted Volumes.
[[0;32m  OK  [0m] Reached target Paths.
[[0;32m  OK  [0m] Found device /dev/ttyS0.
[[0;32m  OK  [0m] Started Monitoring of LVM2 mirrors,â€¦sing dmeventd or progress polling.
[[0;32m  OK  [0m] Started udev Wait for Complete Device Initialization.
[[0;32m  OK  [0m] Listening on Load/Save RF Kill Switch Status /dev/rfkill Watch.
[[0;32m  OK  [0m] Reached target Local File Systems (Pre).
[[0;32m  OK  [0m] Reached target Local File Systems.
         Starting Create Volatile Files and Directories...
         Starting Restore /run/initramfs on shutdown...
         Starting Tell Plymouth To Write Out Runtime Data...
[[0;32m  OK  [0m] Started Create Volatile Files and Directories.
[[0;32m  OK  [0m] Started Restore /run/initramfs on shutdown.
[[0;32m  OK  [0m] Started Tell Plymouth To Write Out Runtime Data.
         Starting Security Auditing Service...
         Starting RPC Bind...
         Mounting RPC Pipe File System...
[[0;32m  OK  [0m] Mounted RPC Pipe File System.
[[0;32m  OK  [0m] Reached target rpc_pipefs.target.
[[0;32m  OK  [0m] Started RPC Bind.
[[0;32m  OK  [0m] Started Security Auditing Service.
         Starting Update UTMP about System Boot/Shutdown...
[[0;32m  OK  [0m] Started Update UTMP about System Boot/Shutdown.
[[0;32m  OK  [0m] Reached target System Initialization.
[[0;32m  OK  [0m] Started dnf makecache --timer.
[[0;32m  OK  [0m] Started daily update of the root trust anchor for DNSSEC.
[[0;32m  OK  [0m] Listening on SSSD Kerberos Cache Manager responder socket.
[[0;32m  OK  [0m] Started Daily Cleanup of Temporary Directories.
[[0;32m  OK  [0m] Reached target Timers.
[[0;32m  OK  [0m] Listening on D-Bus System Message Bus Socket.
[[0;32m  OK  [0m] Reached target Sockets.
[[0;32m  OK  [0m] Reached target Basic System.
         Starting NTP client/server...
         Starting Auto-connect to subsystemsâ€¦-NVME devices found during boot...
[[0;32m  OK  [0m] Started irqbalance daemon.
         Starting Self Monitoring and Reporting Technology (SMART) Daemon...
[[0;32m  OK  [0m] Reached target sshd-keygen.target.
         Starting Authorization Manager...
         Starting Login Service...
[[0;32m  OK  [0m] Started Machine Check Exception Logging Daemon.
[[0;32m  OK  [0m] Started D-Bus System Message Bus.
         Starting Network Manager...
[[0;32m  OK  [0m] Started Auto-connect to subsystems â€¦FC-NVME devices found during boot.
[[0;32m  OK  [0m] Started Self Monitoring and Reporting Technology (SMART) Daemon.
         Starting update of the root trust aâ€¦or DNSSEC validation in unbound...
[[0;32m  OK  [0m] Started NTP client/server.
[[0;32m  OK  [0m] Started Login Service.
[[0;32m  OK  [0m] Started Authorization Manager.
[[0;32m  OK  [0m] Started Network Manager.
[[0;32m  OK  [0m] Reached target Network.
         Starting Dynamic System Tuning Daemon...
         Starting OpenSSH server daemon...
         Starting GSSAPI Proxy Daemon...
         Starting Network Manager Wait Online...
         Starting Hostname Service...
[[0;32m  OK  [0m] Started Hostname Service.
         Starting Network Manager Script Dispatcher Service...
[    5.148715] e1000: eth0 NIC Link is Up 1000 Mbps Full Duplex, Flow Control: RX
[    5.150679] IPv6: ADDRCONF(NETDEV_CHANGE): eth0: link becomes ready
[[0;32m  OK  [0m] Started Network Manager Script Dispatcher Service.
[[0;32m  OK  [0m] Started Dynamic System Tuning Daemon.
[    6.048758] random: crng init done
[    6.049408] random: 7 urandom warning(s) missed due to ratelimiting
[[0;32m  OK  [0m] Started GSSAPI Proxy Daemon.
[[0;32m  OK  [0m] Reached target NFS client services.
[[0;32m  OK  [0m] Reached target Remote File Systems (Pre).
[[0;32m  OK  [0m] Reached target Remote File Systems.
         Starting Permit User Sessions...
[[0;32m  OK  [0m] Started update of the root trust anâ€¦ for DNSSEC validation in unbound.
[[0;32m  OK  [0m] Started Permit User Sessions.
[[0;32m  OK  [0m] Started Command Scheduler.
         Starting Hold until boot process finishes up...
         Starting Terminate Plymouth Boot Screen...
[[0;32m  OK  [0m] Started OpenSSH server daemon.

CentOS Stream 8
Kernel 5.11.0-f40ddce88593 on an x86_64

test login: [   28.694324] loop0: detected capacity change from 65536 to 0
[   28.697076] XFS (loop0): bad version
[   28.697934] XFS (loop0): SB validate failed with error -22.
[   28.925968] loop0: detected capacity change from 65536 to 0
[   28.927814] XFS (loop0): bad version
[   28.928530] XFS (loop0): SB validate failed with error -22.
[   29.168047] loop0: detected capacity change from 65536 to 0
[   29.169994] XFS (loop0): bad version
[   29.170700] XFS (loop0): SB validate failed with error -22.
[   29.404832] loop0: detected capacity change from 65536 to 0
[   29.406575] XFS (loop0): bad version
[   29.407229] XFS (loop0): SB validate failed with error -22.
[   29.646294] loop0: detected capacity change from 65536 to 0
[   29.648018] XFS (loop0): bad version
[   29.648704] XFS (loop0): SB validate failed with error -22.
[   29.877787] loop0: detected capacity change from 65536 to 0
[   29.879491] XFS (loop0): bad version
[   29.880131] XFS (loop0): SB validate failed with error -22.
[   30.110663] loop0: detected capacity change from 65536 to 0
[   30.112527] XFS (loop0): bad version
[   30.113444] XFS (loop0): SB validate failed with error -22.
[   30.337733] loop0: detected capacity change from 65536 to 0
[   30.339501] XFS (loop0): bad version
[   30.340152] XFS (loop0): SB validate failed with error -22.
[   30.575493] loop0: detected capacity change from 65536 to 0
[   30.577504] XFS (loop0): bad version
[   30.578203] XFS (loop0): SB validate failed with error -22.
[   30.811574] loop0: detected capacity change from 65536 to 0
[   30.813534] XFS (loop0): bad version
[   30.814193] XFS (loop0): SB validate failed with error -22.
[   31.058444] loop0: detected capacity change from 65536 to 0
[   31.060205] XFS (loop0): bad version
[   31.060928] XFS (loop0): SB validate failed with error -22.
[   31.287680] loop0: detected capacity change from 65536 to 0
[   31.289438] XFS (loop0): bad version
[   31.290085] XFS (loop0): SB validate failed with error -22.
[   31.525141] loop0: detected capacity change from 65536 to 0
[   31.526748] XFS (loop0): bad version
[   31.527344] XFS (loop0): SB validate failed with error -22.
[   31.753927] loop0: detected capacity change from 65536 to 0
[   31.755644] XFS (loop0): bad version
[   31.756281] XFS (loop0): SB validate failed with error -22.
[   31.989905] loop0: detected capacity change from 65536 to 0
[   31.991571] XFS (loop0): bad version
[   31.992216] XFS (loop0): SB validate failed with error -22.
[   32.212451] loop0: detected capacity change from 65536 to 0
[   32.214208] XFS (loop0): bad version
[   32.214874] XFS (loop0): SB validate failed with error -22.
[   32.435474] loop0: detected capacity change from 65536 to 0
[   32.437361] XFS (loop0): bad version
[   32.438010] XFS (loop0): SB validate failed with error -22.
[   32.661879] loop0: detected capacity change from 65536 to 0
[   32.663521] XFS (loop0): bad version
[   32.664133] XFS (loop0): SB validate failed with error -22.
[   32.893316] loop0: detected capacity change from 65536 to 0
[   32.895052] XFS (loop0): bad version
[   32.895691] XFS (loop0): SB validate failed with error -22.
[   33.130349] loop0: detected capacity change from 65536 to 0
[   33.132020] XFS (loop0): bad version
[   33.132690] XFS (loop0): SB validate failed with error -22.
[   33.366971] loop0: detected capacity change from 65536 to 0
[   33.368758] XFS (loop0): bad version
[   33.369433] XFS (loop0): SB validate failed with error -22.
[   33.598745] loop0: detected capacity change from 65536 to 0
[   33.600523] XFS (loop0): bad version
[   33.601399] XFS (loop0): SB validate failed with error -22.
[   33.833906] loop0: detected capacity change from 65536 to 0
[   33.835616] XFS (loop0): bad version
[   33.836257] XFS (loop0): SB validate failed with error -22.
[   34.071796] loop0: detected capacity change from 65536 to 0
[   34.073550] XFS (loop0): bad version
[   34.074201] XFS (loop0): SB validate failed with error -22.
[   34.298594] loop0: detected capacity change from 65536 to 0
[   34.300402] XFS (loop0): bad version
[   34.301296] XFS (loop0): SB validate failed with error -22.
[   34.533992] loop0: detected capacity change from 65536 to 0
[   34.535660] XFS (loop0): bad version
[   34.536444] XFS (loop0): SB validate failed with error -22.
[   34.765025] loop0: detected capacity change from 65536 to 0
[   34.766760] XFS (loop0): bad version
[   34.767407] XFS (loop0): SB validate failed with error -22.
[   35.013573] loop0: detected capacity change from 65536 to 0
[   35.016221] XFS (loop0): bad version
[   35.017245] XFS (loop0): SB validate failed with error -22.
[   35.259616] loop0: detected capacity change from 65536 to 0
[   35.261929] XFS (loop0): bad version
[   35.262763] XFS (loop0): SB validate failed with error -22.
[   35.526103] loop0: detected capacity change from 65536 to 0
[   35.530000] XFS (loop0): bad version
[   35.531214] XFS (loop0): SB validate failed with error -22.
[   35.810160] loop0: detected capacity change from 65536 to 0
[   35.813007] XFS (loop0): bad version
[   35.813982] XFS (loop0): SB validate failed with error -22.
[   36.057447] loop0: detected capacity change from 65536 to 0
[   36.059687] XFS (loop0): bad version
[   36.060552] XFS (loop0): SB validate failed with error -22.
[   36.314404] loop0: detected capacity change from 65536 to 0
[   36.316228] XFS (loop0): bad version
[   36.317171] XFS (loop0): SB validate failed with error -22.
[   36.547429] loop0: detected capacity change from 65536 to 0
[   36.549201] XFS (loop0): bad version
[   36.549801] XFS (loop0): SB validate failed with error -22.
[   36.772775] loop0: detected capacity change from 65536 to 0
[   36.774586] XFS (loop0): bad version
[   36.775277] XFS (loop0): SB validate failed with error -22.
[   37.023515] loop0: detected capacity change from 65536 to 0
[   37.025490] XFS (loop0): bad version
[   37.026210] XFS (loop0): SB validate failed with error -22.
[   37.259678] loop0: detected capacity change from 65536 to 0
[   37.261347] XFS (loop0): bad version
[   37.261950] XFS (loop0): SB validate failed with error -22.
[   37.474449] loop0: detected capacity change from 65536 to 0
[   37.476103] XFS (loop0): bad version
[   37.476766] XFS (loop0): SB validate failed with error -22.
[   37.715760] loop0: detected capacity change from 65536 to 0
[   37.717539] XFS (loop0): bad version
[   37.718184] XFS (loop0): SB validate failed with error -22.
[   37.952528] loop0: detected capacity change from 65536 to 0
[   37.954228] XFS (loop0): bad version
[   37.954852] XFS (loop0): SB validate failed with error -22.
[   38.175322] loop0: detected capacity change from 65536 to 0
[   38.178127] XFS (loop0): bad version
[   38.178826] XFS (loop0): SB validate failed with error -22.
[   38.400257] loop0: detected capacity change from 65536 to 0
[   38.402022] XFS (loop0): bad version
[   38.402654] XFS (loop0): SB validate failed with error -22.
[   38.627541] loop0: detected capacity change from 65536 to 0
[   38.629348] XFS (loop0): bad version
[   38.629977] XFS (loop0): SB validate failed with error -22.
[   38.875821] loop0: detected capacity change from 65536 to 0
[   38.877470] XFS (loop0): bad version
[   38.878093] XFS (loop0): SB validate failed with error -22.
[   39.112356] loop0: detected capacity change from 65536 to 0
[   39.114106] XFS (loop0): bad version
[   39.114729] XFS (loop0): SB validate failed with error -22.
[   39.339877] loop0: detected capacity change from 65536 to 0
[   39.341649] XFS (loop0): bad version
[   39.342301] XFS (loop0): SB validate failed with error -22.
[   39.555025] loop0: detected capacity change from 65536 to 0
[   39.556869] XFS (loop0): bad version
[   39.557514] XFS (loop0): SB validate failed with error -22.
[   39.778716] loop0: detected capacity change from 65536 to 0
[   39.780369] XFS (loop0): bad version
[   39.781224] XFS (loop0): SB validate failed with error -22.
[   40.000629] loop0: detected capacity change from 65536 to 0
[   40.002381] XFS (loop0): bad version
[   40.003060] XFS (loop0): SB validate failed with error -22.
[   40.239806] loop0: detected capacity change from 65536 to 0
[   40.241541] XFS (loop0): bad version
[   40.242179] XFS (loop0): SB validate failed with error -22.
[   40.473694] loop0: detected capacity change from 65536 to 0
[   40.475410] XFS (loop0): bad version
[   40.476056] XFS (loop0): SB validate failed with error -22.
[   40.701889] loop0: detected capacity change from 65536 to 0
[   40.703673] XFS (loop0): bad version
[   40.704340] XFS (loop0): SB validate failed with error -22.
[   40.926216] loop0: detected capacity change from 65536 to 0
[   40.927992] XFS (loop0): bad version
[   40.928931] XFS (loop0): SB validate failed with error -22.
[   41.168199] loop0: detected capacity change from 65536 to 0
[   41.169858] XFS (loop0): bad version
[   41.170472] XFS (loop0): SB validate failed with error -22.
[   41.399943] loop0: detected capacity change from 65536 to 0
[   41.401655] XFS (loop0): bad version
[   41.402289] XFS (loop0): SB validate failed with error -22.
[   41.618523] loop0: detected capacity change from 65536 to 0
[   41.620095] XFS (loop0): bad version
[   41.620729] XFS (loop0): SB validate failed with error -22.
[   41.828821] loop0: detected capacity change from 65536 to 0
[   41.830067] XFS (loop0): bad version
[   41.830556] XFS (loop0): SB validate failed with error -22.
[   42.052283] loop0: detected capacity change from 65536 to 0
[   42.053955] XFS (loop0): bad version
[   42.054472] XFS (loop0): SB validate failed with error -22.
[   42.262551] loop0: detected capacity change from 65536 to 0
[   42.264210] XFS (loop0): bad version
[   42.264869] XFS (loop0): SB validate failed with error -22.
[   42.509127] loop0: detected capacity change from 65536 to 0
[   42.510885] XFS (loop0): bad version
[   42.511555] XFS (loop0): SB validate failed with error -22.
[   42.738151] loop0: detected capacity change from 65536 to 0
[   42.739635] XFS (loop0): bad version
[   42.740200] XFS (loop0): SB validate failed with error -22.
[   42.961868] loop0: detected capacity change from 65536 to 0
[   42.963530] XFS (loop0): bad version
[   42.964155] XFS (loop0): SB validate failed with error -22.
[   43.194752] loop0: detected capacity change from 65536 to 0
[   43.196498] XFS (loop0): bad version
[   43.197393] XFS (loop0): SB validate failed with error -22.
[   43.417251] loop0: detected capacity change from 65536 to 0
[   43.418948] XFS (loop0): bad version
[   43.419579] XFS (loop0): SB validate failed with error -22.
[   43.653203] loop0: detected capacity change from 65536 to 0
[   43.655165] XFS (loop0): bad version
[   43.655750] XFS (loop0): SB validate failed with error -22.
[   43.890499] loop0: detected capacity change from 65536 to 0
[   43.892267] XFS (loop0): bad version
[   43.892980] XFS (loop0): SB validate failed with error -22.
[   44.129123] loop0: detected capacity change from 65536 to 0
[   44.130895] XFS (loop0): bad version
[   44.131565] XFS (loop0): SB validate failed with error -22.
[   44.366438] loop0: detected capacity change from 65536 to 0
[   44.368166] XFS (loop0): bad version
[   44.369063] XFS (loop0): SB validate failed with error -22.
[   44.589327] loop0: detected capacity change from 65536 to 0
[   44.591108] XFS (loop0): bad version
[   44.591767] XFS (loop0): SB validate failed with error -22.
[   44.834729] loop0: detected capacity change from 65536 to 0
[   44.836356] XFS (loop0): bad version
[   44.837003] XFS (loop0): SB validate failed with error -22.
[   45.079731] loop0: detected capacity change from 65536 to 0
[   45.081461] XFS (loop0): bad version
[   45.082096] XFS (loop0): SB validate failed with error -22.
[   45.320396] loop0: detected capacity change from 65536 to 0
[   45.322229] XFS (loop0): bad version
[   45.322924] XFS (loop0): SB validate failed with error -22.
[   45.551314] loop0: detected capacity change from 65536 to 0
[   45.553329] XFS (loop0): bad version
[   45.554009] XFS (loop0): SB validate failed with error -22.
[   45.799899] loop0: detected capacity change from 65536 to 0
[   45.801693] XFS (loop0): bad version
[   45.802342] XFS (loop0): SB validate failed with error -22.
[   46.038870] loop0: detected capacity change from 65536 to 0
[   46.040677] XFS (loop0): bad version
[   46.041309] XFS (loop0): SB validate failed with error -22.
[   46.271259] loop0: detected capacity change from 65536 to 0
[   46.273157] XFS (loop0): bad version
[   46.273804] XFS (loop0): SB validate failed with error -22.
[   46.497472] loop0: detected capacity change from 65536 to 0
[   46.499206] XFS (loop0): bad version
[   46.499861] XFS (loop0): SB validate failed with error -22.
[   46.742211] loop0: detected capacity change from 65536 to 0
[   46.743975] XFS (loop0): bad version
[   46.744871] XFS (loop0): SB validate failed with error -22.
[   46.983013] loop0: detected capacity change from 65536 to 0
[   46.984821] XFS (loop0): bad version
[   46.985488] XFS (loop0): SB validate failed with error -22.
[   47.198593] loop0: detected capacity change from 65536 to 0
[   47.200126] XFS (loop0): bad version
[   47.200664] XFS (loop0): SB validate failed with error -22.
[   47.404544] loop0: detected capacity change from 65536 to 0
[   47.405823] XFS (loop0): bad version
[   47.406311] XFS (loop0): SB validate failed with error -22.
[   47.602164] loop0: detected capacity change from 65536 to 0
[   47.603568] XFS (loop0): bad version
[   47.604083] XFS (loop0): SB validate failed with error -22.
[   47.820648] loop0: detected capacity change from 65536 to 0
[   47.822250] XFS (loop0): bad version
[   47.822854] XFS (loop0): SB validate failed with error -22.
[   48.044495] loop0: detected capacity change from 65536 to 0
[   48.046188] XFS (loop0): bad version
[   48.046842] XFS (loop0): SB validate failed with error -22.
[   48.270727] loop0: detected capacity change from 65536 to 0
[   48.272239] XFS (loop0): bad version
[   48.273009] XFS (loop0): SB validate failed with error -22.
[   48.507928] loop0: detected capacity change from 65536 to 0
[   48.509584] XFS (loop0): bad version
[   48.510208] XFS (loop0): SB validate failed with error -22.
[   48.733610] loop0: detected capacity change from 65536 to 0
[   48.735194] XFS (loop0): bad version
[   48.735810] XFS (loop0): SB validate failed with error -22.
[   48.953586] loop0: detected capacity change from 65536 to 0
[   48.955474] XFS (loop0): bad version
[   48.956125] XFS (loop0): SB validate failed with error -22.
[   49.190610] loop0: detected capacity change from 65536 to 0
[   49.192169] XFS (loop0): bad version
[   49.192782] XFS (loop0): SB validate failed with error -22.
[   49.416991] loop0: detected capacity change from 65536 to 0
[   49.418701] XFS (loop0): bad version
[   49.419338] XFS (loop0): SB validate failed with error -22.
[   49.649921] loop0: detected capacity change from 65536 to 0
[   49.651688] XFS (loop0): bad version
[   49.652352] XFS (loop0): SB validate failed with error -22.
[   49.883150] loop0: detected capacity change from 65536 to 0
[   49.885070] XFS (loop0): bad version
[   49.885725] XFS (loop0): SB validate failed with error -22.
[   50.114453] loop0: detected capacity change from 65536 to 0
[   50.116162] XFS (loop0): bad version
[   50.116839] XFS (loop0): SB validate failed with error -22.
[   50.334802] loop0: detected capacity change from 65536 to 0
[   50.336447] XFS (loop0): bad version
[   50.337309] XFS (loop0): SB validate failed with error -22.
[   50.567835] loop0: detected capacity change from 65536 to 0
[   50.569575] XFS (loop0): bad version
[   50.570219] XFS (loop0): SB validate failed with error -22.
[   50.793382] loop0: detected capacity change from 65536 to 0
[   50.795110] XFS (loop0): bad version
[   50.795741] XFS (loop0): SB validate failed with error -22.
[   51.026283] loop0: detected capacity change from 65536 to 0
[   51.027937] XFS (loop0): bad version
[   51.028580] XFS (loop0): SB validate failed with error -22.
[   51.258593] loop0: detected capacity change from 65536 to 0
[   51.260291] XFS (loop0): bad version
[   51.261141] XFS (loop0): SB validate failed with error -22.
[   51.484537] loop0: detected capacity change from 65536 to 0
[   51.486249] XFS (loop0): bad version
[   51.486875] XFS (loop0): SB validate failed with error -22.
[   51.720155] loop0: detected capacity change from 65536 to 0
[   51.721913] XFS (loop0): bad version
[   51.722567] XFS (loop0): SB validate failed with error -22.
[   51.949329] loop0: detected capacity change from 65536 to 0
[   51.951084] XFS (loop0): bad version
[   51.951722] XFS (loop0): SB validate failed with error -22.
[   52.179545] loop0: detected capacity change from 65536 to 0
[   52.181688] XFS (loop0): bad version
[   52.182335] XFS (loop0): SB validate failed with error -22.
[   52.406874] loop0: detected capacity change from 65536 to 0
[   52.408581] XFS (loop0): bad version
[   52.409485] XFS (loop0): SB validate failed with error -22.
[   52.638682] loop0: detected capacity change from 65536 to 0
[   52.640301] XFS (loop0): bad version
[   52.640943] XFS (loop0): SB validate failed with error -22.
[   52.861420] loop0: detected capacity change from 65536 to 0
[   52.862697] XFS (loop0): bad version
[   52.863190] XFS (loop0): SB validate failed with error -22.
[   53.085355] loop0: detected capacity change from 65536 to 0
[   53.087165] XFS (loop0): bad version
[   53.087819] XFS (loop0): SB validate failed with error -22.
[   53.308203] loop0: detected capacity change from 65536 to 0
[   53.309808] XFS (loop0): bad version
[   53.310412] XFS (loop0): SB validate failed with error -22.
[   53.538202] loop0: detected capacity change from 65536 to 0
[   53.539826] XFS (loop0): bad version
[   53.540426] XFS (loop0): SB validate failed with error -22.
[   53.777239] loop0: detected capacity change from 65536 to 0
[   53.778821] XFS (loop0): bad version
[   53.779408] XFS (loop0): SB validate failed with error -22.
[   54.012840] loop0: detected capacity change from 65536 to 0
[   54.014479] XFS (loop0): bad version
[   54.015089] XFS (loop0): SB validate failed with error -22.
[   54.231848] loop0: detected capacity change from 65536 to 0
[   54.233494] XFS (loop0): bad version
[   54.234102] XFS (loop0): SB validate failed with error -22.
[   54.466828] loop0: detected capacity change from 65536 to 0
[   54.468920] XFS (loop0): bad version
[   54.469656] XFS (loop0): SB validate failed with error -22.
[   54.687579] loop0: detected capacity change from 65536 to 0
[   54.689348] XFS (loop0): bad version
[   54.689960] XFS (loop0): SB validate failed with error -22.
[   54.908008] loop0: detected capacity change from 65536 to 0
[   54.909651] XFS (loop0): bad version
[   54.910277] XFS (loop0): SB validate failed with error -22.
[   55.138659] loop0: detected capacity change from 65536 to 0
[   55.140364] XFS (loop0): bad version
[   55.141052] XFS (loop0): SB validate failed with error -22.
[   55.371234] loop0: detected capacity change from 65536 to 0
[   55.373079] XFS (loop0): bad version
[   55.373716] XFS (loop0): SB validate failed with error -22.
[   55.597726] loop0: detected capacity change from 65536 to 0
[   55.599352] XFS (loop0): bad version
[   55.599965] XFS (loop0): SB validate failed with error -22.
[   55.838122] loop0: detected capacity change from 65536 to 0
[   55.840033] XFS (loop0): bad version
[   55.841087] XFS (loop0): SB validate failed with error -22.
[   56.085421] loop0: detected capacity change from 65536 to 0
[   56.087126] XFS (loop0): bad version
[   56.087742] XFS (loop0): SB validate failed with error -22.
[   56.313021] loop0: detected capacity change from 65536 to 0
[   56.314715] XFS (loop0): bad version
[   56.315349] XFS (loop0): SB validate failed with error -22.
[   56.558548] loop0: detected capacity change from 65536 to 0
[   56.560244] XFS (loop0): bad version
[   56.561085] XFS (loop0): SB validate failed with error -22.
[   56.795147] loop0: detected capacity change from 65536 to 0
[   56.797067] XFS (loop0): bad version
[   56.797711] XFS (loop0): SB validate failed with error -22.
[   57.016068] loop0: detected capacity change from 65536 to 0
[   57.017869] XFS (loop0): bad version
[   57.018542] XFS (loop0): SB validate failed with error -22.
[   57.244347] loop0: detected capacity change from 65536 to 0
[   57.246266] XFS (loop0): bad version
[   57.246994] XFS (loop0): SB validate failed with error -22.
[   57.471743] loop0: detected capacity change from 65536 to 0
[   57.473559] XFS (loop0): bad version
[   57.474212] XFS (loop0): SB validate failed with error -22.
[   57.715398] loop0: detected capacity change from 65536 to 0
[   57.717305] XFS (loop0): bad version
[   57.717949] XFS (loop0): SB validate failed with error -22.
[   57.946907] loop0: detected capacity change from 65536 to 0
[   57.950086] XFS (loop0): bad version
[   57.950740] XFS (loop0): SB validate failed with error -22.
[   58.190171] loop0: detected capacity change from 65536 to 0
[   58.191821] XFS (loop0): bad version
[   58.192452] XFS (loop0): SB validate failed with error -22.
[   58.413289] loop0: detected capacity change from 65536 to 0
[   58.414876] XFS (loop0): bad version
[   58.415474] XFS (loop0): SB validate failed with error -22.
[   58.642530] loop0: detected capacity change from 65536 to 0
[   58.644245] XFS (loop0): bad version
[   58.644943] XFS (loop0): SB validate failed with error -22.
[   58.859273] loop0: detected capacity change from 65536 to 0
[   58.861188] XFS (loop0): bad version
[   58.861828] XFS (loop0): SB validate failed with error -22.
[   59.079403] loop0: detected capacity change from 65536 to 0
[   59.081303] XFS (loop0): bad version
[   59.081937] XFS (loop0): SB validate failed with error -22.
[   59.311114] loop0: detected capacity change from 65536 to 0
[   59.312842] XFS (loop0): bad version
[   59.313459] XFS (loop0): SB validate failed with error -22.
[   59.554633] loop0: detected capacity change from 65536 to 0
[   59.556204] XFS (loop0): bad version
[   59.557009] XFS (loop0): SB validate failed with error -22.
[   59.776424] loop0: detected capacity change from 65536 to 0
[   59.778139] XFS (loop0): bad version
[   59.778770] XFS (loop0): SB validate failed with error -22.
[   60.007816] loop0: detected capacity change from 65536 to 0
[   60.009494] XFS (loop0): bad version
[   60.010142] XFS (loop0): SB validate failed with error -22.
[   60.235549] loop0: detected capacity change from 65536 to 0
[   60.237486] XFS (loop0): bad version
[   60.238144] XFS (loop0): SB validate failed with error -22.
[   60.459700] loop0: detected capacity change from 65536 to 0
[   60.461366] XFS (loop0): bad version
[   60.461985] XFS (loop0): SB validate failed with error -22.
[   60.684500] loop0: detected capacity change from 65536 to 0
[   60.686175] XFS (loop0): bad version
[   60.686808] XFS (loop0): SB validate failed with error -22.
[   60.910342] loop0: detected capacity change from 65536 to 0
[   60.912060] XFS (loop0): bad version
[   60.913734] XFS (loop0): SB validate failed with error -22.
[   61.154745] loop0: detected capacity change from 65536 to 0
[   61.156452] XFS (loop0): bad version
[   61.157325] XFS (loop0): SB validate failed with error -22.
[   61.382689] loop0: detected capacity change from 65536 to 0
[   61.384429] XFS (loop0): bad version
[   61.385125] XFS (loop0): SB validate failed with error -22.
[   61.612080] loop0: detected capacity change from 65536 to 0
[   61.613784] XFS (loop0): bad version
[   61.614416] XFS (loop0): SB validate failed with error -22.
[   61.851153] loop0: detected capacity change from 65536 to 0
[   61.853052] XFS (loop0): bad version
[   61.853695] XFS (loop0): SB validate failed with error -22.
[   62.086989] loop0: detected capacity change from 65536 to 0
[   62.088890] XFS (loop0): bad version
[   62.089529] XFS (loop0): SB validate failed with error -22.
[   62.321494] loop0: detected capacity change from 65536 to 0
[   62.323257] XFS (loop0): bad version
[   62.323917] XFS (loop0): SB validate failed with error -22.
[   62.563112] loop0: detected capacity change from 65536 to 0
[   62.565001] XFS (loop0): bad version
[   62.565640] XFS (loop0): SB validate failed with error -22.
[   62.790714] loop0: detected capacity change from 65536 to 0
[   62.792415] XFS (loop0): bad version
[   62.793275] XFS (loop0): SB validate failed with error -22.
[   63.013505] loop0: detected capacity change from 65536 to 0
[   63.015170] XFS (loop0): bad version
[   63.015802] XFS (loop0): SB validate failed with error -22.
[   63.232179] loop0: detected capacity change from 65536 to 0
[   63.233753] XFS (loop0): bad version
[   63.234293] XFS (loop0): SB validate failed with error -22.
[   63.458590] loop0: detected capacity change from 65536 to 0
[   63.459833] XFS (loop0): bad version
[   63.460321] XFS (loop0): SB validate failed with error -22.
[   63.679965] loop0: detected capacity change from 65536 to 0
[   63.681373] XFS (loop0): bad version
[   63.681884] XFS (loop0): SB validate failed with error -22.
[   63.891360] loop0: detected capacity change from 65536 to 0
[   63.893062] XFS (loop0): bad version
[   63.893650] XFS (loop0): SB validate failed with error -22.
[   64.120919] loop0: detected capacity change from 65536 to 0
[   64.122605] XFS (loop0): bad version
[   64.123232] XFS (loop0): SB validate failed with error -22.
[   64.385809] loop0: detected capacity change from 65536 to 0
[   64.387426] XFS (loop0): bad version
[   64.388025] XFS (loop0): SB validate failed with error -22.
[   64.617976] loop0: detected capacity change from 65536 to 0
[   64.619643] XFS (loop0): bad version
[   64.620249] XFS (loop0): SB validate failed with error -22.
[   64.863114] loop0: detected capacity change from 65536 to 0
[   64.864787] XFS (loop0): bad version
[   64.865415] XFS (loop0): SB validate failed with error -22.
[   65.086140] loop0: detected capacity change from 65536 to 0
[   65.087760] XFS (loop0): bad version
[   65.088352] XFS (loop0): SB validate failed with error -22.
[   65.313892] loop0: detected capacity change from 65536 to 0
[   65.315553] XFS (loop0): bad version
[   65.316167] XFS (loop0): SB validate failed with error -22.
[   65.539039] loop0: detected capacity change from 65536 to 0
[   65.540850] XFS (loop0): bad version
[   65.541511] XFS (loop0): SB validate failed with error -22.
[   65.760426] loop0: detected capacity change from 65536 to 0
[   65.762280] XFS (loop0): bad version
[   65.762978] XFS (loop0): SB validate failed with error -22.
[   65.991560] loop0: detected capacity change from 65536 to 0
[   65.993507] XFS (loop0): bad version
[   65.994180] XFS (loop0): SB validate failed with error -22.
[   66.215065] loop0: detected capacity change from 65536 to 0
[   66.216955] XFS (loop0): bad version
[   66.217616] XFS (loop0): SB validate failed with error -22.
[   66.446707] loop0: detected capacity change from 65536 to 0
[   66.448453] XFS (loop0): bad version
[   66.449339] XFS (loop0): SB validate failed with error -22.
[   66.669211] loop0: detected capacity change from 65536 to 0
[   66.670947] XFS (loop0): bad version
[   66.671618] XFS (loop0): SB validate failed with error -22.
[   66.887454] loop0: detected capacity change from 65536 to 0
[   66.889446] XFS (loop0): bad version
[   66.890117] XFS (loop0): SB validate failed with error -22.
[   67.117733] loop0: detected capacity change from 65536 to 0
[   67.119469] XFS (loop0): bad version
[   67.120102] XFS (loop0): SB validate failed with error -22.
[   67.358363] loop0: detected capacity change from 65536 to 0
[   67.360117] XFS (loop0): bad version
[   67.360879] XFS (loop0): SB validate failed with error -22.
[   67.586617] loop0: detected capacity change from 65536 to 0
[   67.588361] XFS (loop0): bad version
[   67.589250] XFS (loop0): SB validate failed with error -22.
[   67.815389] loop0: detected capacity change from 65536 to 0
[   67.817466] XFS (loop0): bad version
[   67.818177] XFS (loop0): SB validate failed with error -22.
[   68.049838] loop0: detected capacity change from 65536 to 0
[   68.051640] XFS (loop0): bad version
[   68.052295] XFS (loop0): SB validate failed with error -22.
[   68.274827] loop0: detected capacity change from 65536 to 0
[   68.276532] XFS (loop0): bad version
[   68.277374] XFS (loop0): SB validate failed with error -22.
[   68.516842] loop0: detected capacity change from 65536 to 0
[   68.518502] XFS (loop0): bad version
[   68.519119] XFS (loop0): SB validate failed with error -22.
[   68.729102] loop0: detected capacity change from 65536 to 0
[   68.730571] XFS (loop0): bad version
[   68.731120] XFS (loop0): SB validate failed with error -22.
[   68.949162] loop0: detected capacity change from 65536 to 0
[   68.950597] XFS (loop0): bad version
[   68.951120] XFS (loop0): SB validate failed with error -22.
[   69.167995] loop0: detected capacity change from 65536 to 0
[   69.169565] XFS (loop0): bad version
[   69.170143] XFS (loop0): SB validate failed with error -22.
[   69.385207] loop0: detected capacity change from 65536 to 0
[   69.386880] XFS (loop0): bad version
[   69.387513] XFS (loop0): SB validate failed with error -22.
[   69.619938] loop0: detected capacity change from 65536 to 0
[   69.621620] XFS (loop0): bad version
[   69.622243] XFS (loop0): SB validate failed with error -22.
[   69.833288] loop0: detected capacity change from 65536 to 0
[   69.834898] XFS (loop0): bad version
[   69.835490] XFS (loop0): SB validate failed with error -22.
[   70.062854] loop0: detected capacity change from 65536 to 0
[   70.064509] XFS (loop0): bad version
[   70.065148] XFS (loop0): SB validate failed with error -22.
[   70.292175] loop0: detected capacity change from 65536 to 0
[   70.293831] XFS (loop0): bad version
[   70.294438] XFS (loop0): SB validate failed with error -22.
[   70.516232] loop0: detected capacity change from 65536 to 0
[   70.517913] XFS (loop0): bad version
[   70.518539] XFS (loop0): SB validate failed with error -22.
[   70.739666] loop0: detected capacity change from 65536 to 0
[   70.741401] XFS (loop0): bad version
[   70.742058] XFS (loop0): SB validate failed with error -22.
[   70.970815] loop0: detected capacity change from 65536 to 0
[   70.972520] XFS (loop0): bad version
[   70.973372] XFS (loop0): SB validate failed with error -22.
[   71.210990] loop0: detected capacity change from 65536 to 0
[   71.212877] XFS (loop0): bad version
[   71.213537] XFS (loop0): SB validate failed with error -22.
[   71.444106] loop0: detected capacity change from 65536 to 0
[   71.445807] XFS (loop0): bad version
[   71.446438] XFS (loop0): SB validate failed with error -22.
[   71.670419] loop0: detected capacity change from 65536 to 0
[   71.672128] XFS (loop0): bad version
[   71.673989] XFS (loop0): SB validate failed with error -22.
[   71.897874] loop0: detected capacity change from 65536 to 0
[   71.899590] XFS (loop0): bad version
[   71.900246] XFS (loop0): SB validate failed with error -22.
[   72.129237] loop0: detected capacity change from 65536 to 0
[   72.131013] XFS (loop0): bad version
[   72.131669] XFS (loop0): SB validate failed with error -22.
[   72.369972] loop0: detected capacity change from 65536 to 0
[   72.371743] XFS (loop0): bad version
[   72.372399] XFS (loop0): SB validate failed with error -22.
[   72.604379] loop0: detected capacity change from 65536 to 0
[   72.606122] XFS (loop0): bad version
[   72.606764] XFS (loop0): SB validate failed with error -22.
[   72.837362] loop0: detected capacity change from 65536 to 0
[   72.839045] XFS (loop0): bad version
[   72.839668] XFS (loop0): SB validate failed with error -22.
[   73.058558] loop0: detected capacity change from 65536 to 0
[   73.060192] XFS (loop0): bad version
[   73.061036] XFS (loop0): SB validate failed with error -22.
[   73.290601] loop0: detected capacity change from 65536 to 0
[   73.292316] XFS (loop0): bad version
[   73.293187] XFS (loop0): SB validate failed with error -22.
[   73.524749] loop0: detected capacity change from 65536 to 0
[   73.526509] XFS (loop0): bad version
[   73.527152] XFS (loop0): SB validate failed with error -22.
[   73.755840] loop0: detected capacity change from 65536 to 0
[   73.757585] XFS (loop0): bad version
[   73.758233] XFS (loop0): SB validate failed with error -22.
[   73.992542] loop0: detected capacity change from 65536 to 0
[   73.994362] XFS (loop0): bad version
[   73.995036] XFS (loop0): SB validate failed with error -22.
[   74.220068] loop0: detected capacity change from 65536 to 0
[   74.221652] XFS (loop0): bad version
[   74.222218] XFS (loop0): SB validate failed with error -22.
[   74.424757] loop0: detected capacity change from 65536 to 0
[   74.426013] XFS (loop0): bad version
[   74.426501] XFS (loop0): SB validate failed with error -22.
[   74.624487] loop0: detected capacity change from 65536 to 0
[   74.625756] XFS (loop0): bad version
[   74.626246] XFS (loop0): SB validate failed with error -22.
[   74.833802] loop0: detected capacity change from 65536 to 0
[   74.835399] XFS (loop0): bad version
[   74.835873] XFS (loop0): SB validate failed with error -22.
[   75.050677] loop0: detected capacity change from 65536 to 0
[   75.052241] XFS (loop0): bad version
[   75.052977] XFS (loop0): SB validate failed with error -22.
[   75.290972] loop0: detected capacity change from 65536 to 0
[   75.292806] XFS (loop0): bad version
[   75.293429] XFS (loop0): SB validate failed with error -22.
[   75.525921] loop0: detected capacity change from 65536 to 0
[   75.527509] XFS (loop0): bad version
[   75.528104] XFS (loop0): SB validate failed with error -22.
[   75.738423] loop0: detected capacity change from 65536 to 0
[   75.739886] XFS (loop0): bad version
[   75.740437] XFS (loop0): SB validate failed with error -22.
[   75.970639] loop0: detected capacity change from 65536 to 0
[   75.972230] XFS (loop0): bad version
[   75.973052] XFS (loop0): SB validate failed with error -22.
[   76.197426] loop0: detected capacity change from 65536 to 0
[   76.199066] XFS (loop0): bad version
[   76.199685] XFS (loop0): SB validate failed with error -22.
[   76.427899] loop0: detected capacity change from 65536 to 0
[   76.429544] XFS (loop0): bad version
[   76.430135] XFS (loop0): SB validate failed with error -22.
[   76.651329] loop0: detected capacity change from 65536 to 0
[   76.653199] XFS (loop0): bad version
[   76.653854] XFS (loop0): SB validate failed with error -22.
[   76.884244] loop0: detected capacity change from 65536 to 0
[   76.885980] XFS (loop0): bad version
[   76.886636] XFS (loop0): SB validate failed with error -22.
[   77.120098] loop0: detected capacity change from 65536 to 0
[   77.121780] XFS (loop0): bad version
[   77.122409] XFS (loop0): SB validate failed with error -22.
[   77.353773] loop0: detected capacity change from 65536 to 0
[   77.355496] XFS (loop0): bad version
[   77.356153] XFS (loop0): SB validate failed with error -22.
[   77.593835] loop0: detected capacity change from 65536 to 0
[   77.595478] XFS (loop0): bad version
[   77.596096] XFS (loop0): SB validate failed with error -22.
[   77.822801] loop0: detected capacity change from 65536 to 0
[   77.824476] XFS (loop0): bad version
[   77.825309] XFS (loop0): SB validate failed with error -22.
[   78.048736] loop0: detected capacity change from 65536 to 0
[   78.050493] XFS (loop0): bad version
[   78.051148] XFS (loop0): SB validate failed with error -22.
[   78.280771] loop0: detected capacity change from 65536 to 0
[   78.282450] XFS (loop0): bad version
[   78.283070] XFS (loop0): SB validate failed with error -22.
[   78.506627] loop0: detected capacity change from 65536 to 0
[   78.508278] XFS (loop0): bad version
[   78.509151] XFS (loop0): SB validate failed with error -22.
[   78.738483] loop0: detected capacity change from 65536 to 0
[   78.740419] XFS (loop0): bad version
[   78.741418] XFS (loop0): SB validate failed with error -22.
[   78.961411] loop0: detected capacity change from 65536 to 0
[   78.963139] XFS (loop0): bad version
[   78.963799] XFS (loop0): SB validate failed with error -22.
[   79.183312] loop0: detected capacity change from 65536 to 0
[   79.185178] XFS (loop0): bad version
[   79.185802] XFS (loop0): SB validate failed with error -22.
[   79.415521] loop0: detected capacity change from 65536 to 0
[   79.418571] XFS (loop0): bad version
[   79.419273] XFS (loop0): SB validate failed with error -22.
[   79.652709] loop0: detected capacity change from 65536 to 0
[   79.654371] XFS (loop0): bad version
[   79.654989] XFS (loop0): SB validate failed with error -22.
[   79.888372] loop0: detected capacity change from 65536 to 0
[   79.890124] XFS (loop0): bad version
[   79.890781] XFS (loop0): SB validate failed with error -22.
[   80.116323] loop0: detected capacity change from 65536 to 0
[   80.118078] XFS (loop0): bad version
[   80.118733] XFS (loop0): SB validate failed with error -22.
[   80.342725] loop0: detected capacity change from 65536 to 0
[   80.344281] XFS (loop0): bad version
[   80.345089] XFS (loop0): SB validate failed with error -22.
[   80.556572] loop0: detected capacity change from 65536 to 0
[   80.557871] XFS (loop0): bad version
[   80.558366] XFS (loop0): SB validate failed with error -22.
[   80.765325] loop0: detected capacity change from 65536 to 0
[   80.766683] XFS (loop0): bad version
[   80.767181] XFS (loop0): SB validate failed with error -22.
[   80.972635] loop0: detected capacity change from 65536 to 0
[   80.974147] XFS (loop0): bad version
[   80.974694] XFS (loop0): SB validate failed with error -22.
[   81.202884] loop0: detected capacity change from 65536 to 0
[   81.204542] XFS (loop0): bad version
[   81.205383] XFS (loop0): SB validate failed with error -22.
[   81.437821] loop0: detected capacity change from 65536 to 0
[   81.439541] XFS (loop0): bad version
[   81.440173] XFS (loop0): SB validate failed with error -22.
[   81.663474] loop0: detected capacity change from 65536 to 0
[   81.666134] XFS (loop0): bad version
[   81.666784] XFS (loop0): SB validate failed with error -22.
[   81.891182] loop0: detected capacity change from 65536 to 0
[   81.893023] XFS (loop0): bad version
[   81.893652] XFS (loop0): SB validate failed with error -22.
[   82.115957] loop0: detected capacity change from 65536 to 0
[   82.117602] XFS (loop0): bad version
[   82.118205] XFS (loop0): SB validate failed with error -22.
[   82.337103] loop0: detected capacity change from 65536 to 0
[   82.338993] XFS (loop0): bad version
[   82.339574] XFS (loop0): SB validate failed with error -22.
[   82.560242] loop0: detected capacity change from 65536 to 0
[   82.561846] XFS (loop0): bad version
[   82.562439] XFS (loop0): SB validate failed with error -22.
[   82.783282] loop0: detected capacity change from 65536 to 0
[   82.785138] XFS (loop0): bad version
[   82.785797] XFS (loop0): SB validate failed with error -22.
[   83.014837] loop0: detected capacity change from 65536 to 0
[   83.016580] XFS (loop0): bad version
[   83.017307] XFS (loop0): SB validate failed with error -22.
[   83.240021] loop0: detected capacity change from 65536 to 0
[   83.241722] XFS (loop0): bad version
[   83.242356] XFS (loop0): SB validate failed with error -22.
[   83.466528] loop0: detected capacity change from 65536 to 0
[   83.468230] XFS (loop0): bad version
[   83.469093] XFS (loop0): SB validate failed with error -22.
[   83.698648] loop0: detected capacity change from 65536 to 0
[   83.700302] XFS (loop0): bad version
[   83.701138] XFS (loop0): SB validate failed with error -22.
[   83.930900] loop0: detected capacity change from 65536 to 0
[   83.932633] XFS (loop0): bad version
[   83.933272] XFS (loop0): SB validate failed with error -22.
[   84.170509] loop0: detected capacity change from 65536 to 0
[   84.172212] XFS (loop0): bad version
[   84.173106] XFS (loop0): SB validate failed with error -22.
[   84.411652] loop0: detected capacity change from 65536 to 0
[   84.413447] XFS (loop0): bad version
[   84.414098] XFS (loop0): SB validate failed with error -22.
[   84.631880] loop0: detected capacity change from 65536 to 0
[   84.633572] XFS (loop0): bad version
[   84.634188] XFS (loop0): SB validate failed with error -22.
[   84.869252] loop0: detected capacity change from 65536 to 0
[   84.870964] XFS (loop0): bad version
[   84.871589] XFS (loop0): SB validate failed with error -22.
[   85.106905] loop0: detected capacity change from 65536 to 0
[   85.109081] XFS (loop0): bad version
[   85.109811] XFS (loop0): SB validate failed with error -22.
[   85.337453] loop0: detected capacity change from 65536 to 0
[   85.339261] XFS (loop0): bad version
[   85.339926] XFS (loop0): SB validate failed with error -22.
[   85.569807] loop0: detected capacity change from 65536 to 0
[   85.571583] XFS (loop0): bad version
[   85.572234] XFS (loop0): SB validate failed with error -22.
[   85.805595] loop0: detected capacity change from 65536 to 0
[   85.807270] XFS (loop0): bad version
[   85.807896] XFS (loop0): SB validate failed with error -22.
[   86.041861] loop0: detected capacity change from 65536 to 0
[   86.043425] XFS (loop0): bad version
[   86.044030] XFS (loop0): SB validate failed with error -22.
[   86.243334] loop0: detected capacity change from 65536 to 0
[   86.244664] XFS (loop0): bad version
[   86.245157] XFS (loop0): SB validate failed with error -22.
[   86.446679] loop0: detected capacity change from 65536 to 0
[   86.447930] XFS (loop0): bad version
[   86.448418] XFS (loop0): SB validate failed with error -22.
[   86.654622] loop0: detected capacity change from 65536 to 0
[   86.655837] XFS (loop0): bad version
[   86.656324] XFS (loop0): SB validate failed with error -22.
[   86.858323] loop0: detected capacity change from 65536 to 0
[   86.859637] XFS (loop0): bad version
[   86.860143] XFS (loop0): SB validate failed with error -22.
[   87.074385] loop0: detected capacity change from 65536 to 0
[   87.075942] XFS (loop0): bad version
[   87.076412] XFS (loop0): SB validate failed with error -22.
[   87.274361] loop0: detected capacity change from 65536 to 0
[   87.275808] XFS (loop0): bad version
[   87.276335] XFS (loop0): SB validate failed with error -22.
[   87.498907] loop0: detected capacity change from 65536 to 0
[   87.500516] XFS (loop0): bad version
[   87.501309] XFS (loop0): SB validate failed with error -22.
[   87.734383] loop0: detected capacity change from 65536 to 0
[   87.736414] XFS (loop0): bad version
[   87.737258] XFS (loop0): SB validate failed with error -22.
[   87.964575] loop0: detected capacity change from 65536 to 0
[   87.966291] XFS (loop0): bad version
[   87.966932] XFS (loop0): SB validate failed with error -22.
[   88.190554] loop0: detected capacity change from 65536 to 0
[   88.192162] XFS (loop0): bad version
[   88.192978] XFS (loop0): SB validate failed with error -22.
[   88.420001] loop0: detected capacity change from 65536 to 0
[   88.421685] XFS (loop0): bad version
[   88.422301] XFS (loop0): SB validate failed with error -22.
[   88.642051] loop0: detected capacity change from 65536 to 0
[   88.643642] XFS (loop0): bad version
[   88.644241] XFS (loop0): SB validate failed with error -22.
[   88.892008] loop0: detected capacity change from 65536 to 0
[   88.893675] XFS (loop0): bad version
[   88.894281] XFS (loop0): SB validate failed with error -22.
[   89.109804] loop0: detected capacity change from 65536 to 0
[   89.111531] XFS (loop0): bad version
[   89.112188] XFS (loop0): SB validate failed with error -22.
[   89.351257] loop0: detected capacity change from 65536 to 0
[   89.353102] XFS (loop0): bad version
[   89.353724] XFS (loop0): SB validate failed with error -22.
[   89.592133] loop0: detected capacity change from 65536 to 0
[   89.593861] XFS (loop0): bad version
[   89.594498] XFS (loop0): SB validate failed with error -22.
[   89.833751] loop0: detected capacity change from 65536 to 0
[   89.835600] XFS (loop0): bad version
[   89.836292] XFS (loop0): SB validate failed with error -22.
[   90.063400] loop0: detected capacity change from 65536 to 0
[   90.065295] XFS (loop0): bad version
[   90.065940] XFS (loop0): SB validate failed with error -22.
[   90.295046] loop0: detected capacity change from 65536 to 0
[   90.297028] XFS (loop0): bad version
[   90.297713] XFS (loop0): SB validate failed with error -22.
[   90.529514] loop0: detected capacity change from 65536 to 0
[   90.531333] XFS (loop0): bad version
[   90.532007] XFS (loop0): SB validate failed with error -22.
[   90.757590] loop0: detected capacity change from 65536 to 0
[   90.759288] XFS (loop0): bad version
[   90.759939] XFS (loop0): SB validate failed with error -22.
[   90.992076] loop0: detected capacity change from 65536 to 0
[   90.993808] XFS (loop0): bad version
[   90.994450] XFS (loop0): SB validate failed with error -22.
[   91.221907] loop0: detected capacity change from 65536 to 0
[   91.223735] XFS (loop0): bad version
[   91.224416] XFS (loop0): SB validate failed with error -22.
[   91.453721] loop0: detected capacity change from 65536 to 0
[   91.455372] XFS (loop0): bad version
[   91.455999] XFS (loop0): SB validate failed with error -22.
[   91.665326] loop0: detected capacity change from 65536 to 0
[   91.666638] XFS (loop0): bad version
[   91.667145] XFS (loop0): SB validate failed with error -22.
[   91.876570] loop0: detected capacity change from 65536 to 0
[   91.877919] XFS (loop0): bad version
[   91.878418] XFS (loop0): SB validate failed with error -22.
[   92.092605] loop0: detected capacity change from 65536 to 0
[   92.093874] XFS (loop0): bad version
[   92.094370] XFS (loop0): SB validate failed with error -22.
[   92.300436] loop0: detected capacity change from 65536 to 0
[   92.301709] XFS (loop0): bad version
[   92.302198] XFS (loop0): SB validate failed with error -22.
[   92.495671] loop0: detected capacity change from 65536 to 0
[   92.497363] XFS (loop0): bad version
[   92.497838] XFS (loop0): SB validate failed with error -22.
[   92.703258] loop0: detected capacity change from 65536 to 0
[   92.704513] XFS (loop0): bad version
[   92.705145] XFS (loop0): SB validate failed with error -22.
[   92.915342] loop0: detected capacity change from 65536 to 0
[   92.916774] XFS (loop0): bad version
[   92.917273] XFS (loop0): SB validate failed with error -22.
[   93.121350] loop0: detected capacity change from 65536 to 0
[   93.122736] XFS (loop0): bad version
[   93.123243] XFS (loop0): SB validate failed with error -22.
[   93.339673] loop0: detected capacity change from 65536 to 0
[   93.341343] XFS (loop0): bad version
[   93.341952] XFS (loop0): SB validate failed with error -22.
[   93.558870] loop0: detected capacity change from 65536 to 0
[   93.560266] XFS (loop0): bad version
[   93.560995] XFS (loop0): SB validate failed with error -22.
[   93.769813] loop0: detected capacity change from 65536 to 0
[   93.771538] XFS (loop0): bad version
[   93.772176] XFS (loop0): SB validate failed with error -22.
[   94.005881] loop0: detected capacity change from 65536 to 0
[   94.007704] XFS (loop0): bad version
[   94.008327] XFS (loop0): SB validate failed with error -22.
[   94.229238] loop0: detected capacity change from 65536 to 0
[   94.230942] XFS (loop0): bad version
[   94.231569] XFS (loop0): SB validate failed with error -22.
[   94.456547] loop0: detected capacity change from 65536 to 0
[   94.458264] XFS (loop0): bad version
[   94.458900] XFS (loop0): SB validate failed with error -22.
[   94.681252] loop0: detected capacity change from 65536 to 0
[   94.682985] XFS (loop0): bad version
[   94.683637] XFS (loop0): SB validate failed with error -22.
[   94.918066] loop0: detected capacity change from 65536 to 0
[   94.919804] XFS (loop0): bad version
[   94.920488] XFS (loop0): SB validate failed with error -22.
[   95.152957] loop0: detected capacity change from 65536 to 0
[   95.154697] XFS (loop0): bad version
[   95.155346] XFS (loop0): SB validate failed with error -22.
[   95.388195] loop0: detected capacity change from 65536 to 0
[   95.389930] XFS (loop0): bad version
[   95.390569] XFS (loop0): SB validate failed with error -22.
[   95.622782] loop0: detected capacity change from 65536 to 0
[   95.624821] XFS (loop0): bad version
[   95.625528] XFS (loop0): SB validate failed with error -22.
[   95.849786] loop0: detected capacity change from 65536 to 0
[   95.851538] XFS (loop0): bad version
[   95.852184] XFS (loop0): SB validate failed with error -22.
[   96.084136] loop0: detected capacity change from 65536 to 0
[   96.085922] XFS (loop0): bad version
[   96.086574] XFS (loop0): SB validate failed with error -22.
[   96.318251] loop0: detected capacity change from 65536 to 0
[   96.320082] XFS (loop0): bad version
[   96.321021] XFS (loop0): SB validate failed with error -22.
[   96.554535] loop0: detected capacity change from 65536 to 0
[   96.556297] XFS (loop0): bad version
[   96.556997] XFS (loop0): SB validate failed with error -22.
[   96.800539] loop0: detected capacity change from 65536 to 0
[   96.802340] XFS (loop0): bad version
[   96.803012] XFS (loop0): SB validate failed with error -22.
[   97.036381] loop0: detected capacity change from 65536 to 0
[   97.038063] XFS (loop0): bad version
[   97.038686] XFS (loop0): SB validate failed with error -22.
[   97.273128] loop0: detected capacity change from 65536 to 0
[   97.274867] XFS (loop0): bad version
[   97.275495] XFS (loop0): SB validate failed with error -22.
[   97.512962] loop0: detected capacity change from 65536 to 0
[   97.514711] XFS (loop0): bad version
[   97.515358] XFS (loop0): SB validate failed with error -22.
[   97.743814] loop0: detected capacity change from 65536 to 0
[   97.745685] XFS (loop0): bad version
[   97.746381] XFS (loop0): SB validate failed with error -22.
[   97.968619] loop0: detected capacity change from 65536 to 0
[   97.970021] XFS (loop0): bad version
[   97.970559] XFS (loop0): SB validate failed with error -22.
[   98.176795] loop0: detected capacity change from 65536 to 0
[   98.178213] XFS (loop0): bad version
[   98.178731] XFS (loop0): SB validate failed with error -22.
[   98.394056] loop0: detected capacity change from 65536 to 0
[   98.395616] XFS (loop0): bad version
[   98.396209] XFS (loop0): SB validate failed with error -22.
[   98.622388] loop0: detected capacity change from 65536 to 0
[   98.624030] XFS (loop0): bad version
[   98.624872] XFS (loop0): SB validate failed with error -22.
[   98.850399] loop0: detected capacity change from 65536 to 0
[   98.852094] XFS (loop0): bad version
[   98.852949] XFS (loop0): SB validate failed with error -22.
[   99.077503] loop0: detected capacity change from 65536 to 0
[   99.079165] XFS (loop0): bad version
[   99.079793] XFS (loop0): SB validate failed with error -22.
[   99.306172] loop0: detected capacity change from 65536 to 0
[   99.307825] XFS (loop0): bad version
[   99.308437] XFS (loop0): SB validate failed with error -22.
[   99.536869] loop0: detected capacity change from 65536 to 0
[   99.538528] XFS (loop0): bad version
[   99.539151] XFS (loop0): SB validate failed with error -22.
[   99.771859] loop0: detected capacity change from 65536 to 0
[   99.773632] XFS (loop0): bad version
[   99.774285] XFS (loop0): SB validate failed with error -22.
[  100.006428] loop0: detected capacity change from 65536 to 0
[  100.008031] XFS (loop0): bad version
[  100.008867] XFS (loop0): SB validate failed with error -22.
[  100.235479] loop0: detected capacity change from 65536 to 0
[  100.237366] XFS (loop0): bad version
[  100.238050] XFS (loop0): SB validate failed with error -22.
[  100.458434] loop0: detected capacity change from 65536 to 0
[  100.460166] XFS (loop0): bad version
[  100.461058] XFS (loop0): SB validate failed with error -22.
[  100.698693] loop0: detected capacity change from 65536 to 0
[  100.700345] XFS (loop0): bad version
[  100.700995] XFS (loop0): SB validate failed with error -22.
[  100.933632] loop0: detected capacity change from 65536 to 0
[  100.935274] XFS (loop0): bad version
[  100.935885] XFS (loop0): SB validate failed with error -22.
[  101.182316] loop0: detected capacity change from 65536 to 0
[  101.184171] XFS (loop0): bad version
[  101.185129] XFS (loop0): SB validate failed with error -22.
[  101.422112] loop0: detected capacity change from 65536 to 0
[  101.423884] XFS (loop0): bad version
[  101.424550] XFS (loop0): SB validate failed with error -22.
[  101.647413] loop0: detected capacity change from 65536 to 0
[  101.649346] XFS (loop0): bad version
[  101.650018] XFS (loop0): SB validate failed with error -22.
[  101.883660] loop0: detected capacity change from 65536 to 0
[  101.885487] XFS (loop0): bad version
[  101.886157] XFS (loop0): SB validate failed with error -22.
[  102.106245] loop0: detected capacity change from 65536 to 0
[  102.107981] XFS (loop0): bad version
[  102.108872] XFS (loop0): SB validate failed with error -22.
[  102.339406] loop0: detected capacity change from 65536 to 0
[  102.341434] XFS (loop0): bad version
[  102.342119] XFS (loop0): SB validate failed with error -22.
[  102.561653] loop0: detected capacity change from 65536 to 0
[  102.563466] XFS (loop0): bad version
[  102.564147] XFS (loop0): SB validate failed with error -22.
[  102.798090] loop0: detected capacity change from 65536 to 0
[  102.799888] XFS (loop0): bad version
[  102.800615] XFS (loop0): SB validate failed with error -22.
[  103.038871] loop0: detected capacity change from 65536 to 0
[  103.040552] XFS (loop0): bad version
[  103.041408] XFS (loop0): SB validate failed with error -22.
[  103.265225] loop0: detected capacity change from 65536 to 0
[  103.267202] XFS (loop0): bad version
[  103.267814] XFS (loop0): SB validate failed with error -22.
[  103.496759] loop0: detected capacity change from 65536 to 0
[  103.498044] XFS (loop0): bad version
[  103.498536] XFS (loop0): SB validate failed with error -22.
[  103.720261] loop0: detected capacity change from 65536 to 0
[  103.722093] XFS (loop0): bad version
[  103.722726] XFS (loop0): SB validate failed with error -22.
[  103.934413] loop0: detected capacity change from 65536 to 0
[  103.935883] XFS (loop0): bad version
[  103.936434] XFS (loop0): SB validate failed with error -22.
[  104.162163] loop0: detected capacity change from 65536 to 0
[  104.163885] XFS (loop0): bad version
[  104.164552] XFS (loop0): SB validate failed with error -22.
[  104.390040] loop0: detected capacity change from 65536 to 0
[  104.391794] XFS (loop0): bad version
[  104.392452] XFS (loop0): SB validate failed with error -22.
[  104.615664] loop0: detected capacity change from 65536 to 0
[  104.617296] XFS (loop0): bad version
[  104.617903] XFS (loop0): SB validate failed with error -22.
[  104.842160] loop0: detected capacity change from 65536 to 0
[  104.843824] XFS (loop0): bad version
[  104.844448] XFS (loop0): SB validate failed with error -22.
[  105.081732] loop0: detected capacity change from 65536 to 0
[  105.083360] XFS (loop0): bad version
[  105.083957] XFS (loop0): SB validate failed with error -22.
[  105.307029] loop0: detected capacity change from 65536 to 0
[  105.308798] XFS (loop0): bad version
[  105.309437] XFS (loop0): SB validate failed with error -22.
[  105.529524] loop0: detected capacity change from 65536 to 0
[  105.531214] XFS (loop0): bad version
[  105.531853] XFS (loop0): SB validate failed with error -22.
[  105.757214] loop0: detected capacity change from 65536 to 0
[  105.758968] XFS (loop0): bad version
[  105.759634] XFS (loop0): SB validate failed with error -22.
[  105.992495] loop0: detected capacity change from 65536 to 0
[  105.994227] XFS (loop0): bad version
[  105.994884] XFS (loop0): SB validate failed with error -22.
[  106.216500] loop0: detected capacity change from 65536 to 0
[  106.218156] XFS (loop0): bad version
[  106.218775] XFS (loop0): SB validate failed with error -22.
[  106.450933] loop0: detected capacity change from 65536 to 0
[  106.452561] XFS (loop0): bad version
[  106.453396] XFS (loop0): SB validate failed with error -22.
[  106.688488] loop0: detected capacity change from 65536 to 0
[  106.690186] XFS (loop0): bad version
[  106.690803] XFS (loop0): SB validate failed with error -22.
[  106.919064] loop0: detected capacity change from 65536 to 0
[  106.921092] XFS (loop0): bad version
[  106.921778] XFS (loop0): SB validate failed with error -22.
[  107.161504] loop0: detected capacity change from 65536 to 0
[  107.163657] XFS (loop0): bad version
[  107.164294] XFS (loop0): SB validate failed with error -22.
[  107.391780] loop0: detected capacity change from 65536 to 0
[  107.393514] XFS (loop0): bad version
[  107.394159] XFS (loop0): SB validate failed with error -22.
[  107.621391] loop0: detected capacity change from 65536 to 0
[  107.623434] XFS (loop0): bad version
[  107.624045] XFS (loop0): SB validate failed with error -22.
[  107.847398] loop0: detected capacity change from 65536 to 0
[  107.849311] XFS (loop0): bad version
[  107.849955] XFS (loop0): SB validate failed with error -22.
[  108.080244] loop0: detected capacity change from 65536 to 0
[  108.082050] XFS (loop0): bad version
[  108.082716] XFS (loop0): SB validate failed with error -22.
[  108.305832] loop0: detected capacity change from 65536 to 0
[  108.307603] XFS (loop0): bad version
[  108.308290] XFS (loop0): SB validate failed with error -22.
[  108.545490] loop0: detected capacity change from 65536 to 0
[  108.547215] XFS (loop0): bad version
[  108.547851] XFS (loop0): SB validate failed with error -22.
[  108.783536] loop0: detected capacity change from 65536 to 0
[  108.785479] XFS (loop0): bad version
[  108.786150] XFS (loop0): SB validate failed with error -22.
[  109.009907] loop0: detected capacity change from 65536 to 0
[  109.011458] XFS (loop0): bad version
[  109.012038] XFS (loop0): SB validate failed with error -22.
[  109.221990] loop0: detected capacity change from 65536 to 0
[  109.223250] XFS (loop0): bad version
[  109.223744] XFS (loop0): SB validate failed with error -22.
[  109.432620] loop0: detected capacity change from 65536 to 0
[  109.433871] XFS (loop0): bad version
[  109.434351] XFS (loop0): SB validate failed with error -22.
[  109.646848] loop0: detected capacity change from 65536 to 0
[  109.648248] XFS (loop0): bad version
[  109.650024] XFS (loop0): SB validate failed with error -22.
[  109.843107] loop0: detected capacity change from 65536 to 0
[  109.845031] XFS (loop0): bad version
[  109.845581] XFS (loop0): SB validate failed with error -22.
[  110.074430] loop0: detected capacity change from 65536 to 0
[  110.076137] XFS (loop0): bad version
[  110.076816] XFS (loop0): SB validate failed with error -22.
[  110.298705] loop0: detected capacity change from 65536 to 0
[  110.300482] XFS (loop0): bad version
[  110.301363] XFS (loop0): SB validate failed with error -22.
[  110.513183] loop0: detected capacity change from 65536 to 0
[  110.514733] XFS (loop0): bad version
[  110.515297] XFS (loop0): SB validate failed with error -22.
