c[?7l[2J[0mSeaBIOS (version rel-1.16.0-0-gd239552ce722-prebuilt.qemu.org)


iPXE (http://ipxe.org) 00:03.0 CA00 PCI2.10 PnP PMM+7FF91000+7FEF1000 CA00
Press Ctrl-B to configure iPXE (PCI 00:03.0)...                                                                               


Booting from ROM..c[?7l[2J[0m.[    0.000000] Linux version 6.0.0-27bc50fc9064+ (root@p-rpls01) (gcc (GCC) 8.5.0 20210514 (Red Hat 8.5.0-18), GNU ld version 2.36.1-2.el8) #1 SMP PREEMPT_DYNAMIC Mon Feb 13 13:43:43 CST 2023
[    0.000000] Command line: console=ttyS0 root=/dev/sda earlyprintk=serial net.ifnames=0
[    0.000000] KERNEL supported cpus:
[    0.000000]   Intel GenuineIntel
[    0.000000]   AMD AuthenticAMD
[    0.000000]   Hygon HygonGenuine
[    0.000000]   Centaur CentaurHauls
[    0.000000]   zhaoxin   Shanghai  
[    0.000000] x86/fpu: Supporting XSAVE feature 0x001: 'x87 floating point registers'
[    0.000000] x86/fpu: Supporting XSAVE feature 0x002: 'SSE registers'
[    0.000000] x86/fpu: Supporting XSAVE feature 0x004: 'AVX registers'
[    0.000000] x86/fpu: Supporting XSAVE feature 0x200: 'Protection Keys User registers'
[    0.000000] x86/fpu: xstate_offset[2]:  576, xstate_sizes[2]:  256
[    0.000000] x86/fpu: xstate_offset[9]:  832, xstate_sizes[9]:    8
[    0.000000] x86/fpu: Enabled xstate features 0x207, context size is 840 bytes, using 'compacted' format.
[    0.000000] signal: max sigframe size: 3632
[    0.000000] BIOS-provided physical RAM map:
[    0.000000] BIOS-e820: [mem 0x0000000000000000-0x000000000009fbff] usable
[    0.000000] BIOS-e820: [mem 0x000000000009fc00-0x000000000009ffff] reserved
[    0.000000] BIOS-e820: [mem 0x00000000000f0000-0x00000000000fffff] reserved
[    0.000000] BIOS-e820: [mem 0x0000000000100000-0x000000007ffdffff] usable
[    0.000000] BIOS-e820: [mem 0x000000007ffe0000-0x000000007fffffff] reserved
[    0.000000] BIOS-e820: [mem 0x00000000feffc000-0x00000000feffffff] reserved
[    0.000000] BIOS-e820: [mem 0x00000000fffc0000-0x00000000ffffffff] reserved
[    0.000000] printk: bootconsole [earlyser0] enabled
[    0.000000] NX (Execute Disable) protection: active
[    0.000000] SMBIOS 2.8 present.
[    0.000000] DMI: QEMU Standard PC (i440FX + PIIX, 1996), BIOS rel-1.16.0-0-gd239552ce722-prebuilt.qemu.org 04/01/2014
[    0.000000] Hypervisor detected: KVM
[    0.000000] kvm-clock: Using msrs 4b564d01 and 4b564d00
[    0.000003] kvm-clock: using sched offset of 380778271 cycles
[    0.000820] clocksource: kvm-clock: mask: 0xffffffffffffffff max_cycles: 0x1cd42e4dffb, max_idle_ns: 881590591483 ns
[    0.003363] tsc: Detected 806.400 MHz processor
[    0.011074] last_pfn = 0x7ffe0 max_arch_pfn = 0x400000000
[    0.012047] x86/PAT: Configuration [0-7]: WB  WC  UC- UC  WB  WP  UC- WT  
[    0.018086] found SMP MP-table at [mem 0x000f5ba0-0x000f5baf]
[    0.019077] Using GB pages for direct mapping
[    0.020844] ACPI: Early table checksum verification disabled
[    0.021721] ACPI: RSDP 0x00000000000F59C0 000014 (v00 BOCHS )
[    0.022611] ACPI: RSDT 0x000000007FFE1951 000034 (v01 BOCHS  BXPC     00000001 BXPC 00000001)
[    0.023932] ACPI: FACP 0x000000007FFE17FD 000074 (v01 BOCHS  BXPC     00000001 BXPC 00000001)
[    0.025254] ACPI: DSDT 0x000000007FFE0040 0017BD (v01 BOCHS  BXPC     00000001 BXPC 00000001)
[    0.026572] ACPI: FACS 0x000000007FFE0000 000040
[    0.027294] ACPI: APIC 0x000000007FFE1871 000080 (v01 BOCHS  BXPC     00000001 BXPC 00000001)
[    0.028611] ACPI: HPET 0x000000007FFE18F1 000038 (v01 BOCHS  BXPC     00000001 BXPC 00000001)
[    0.029928] ACPI: WAET 0x000000007FFE1929 000028 (v01 BOCHS  BXPC     00000001 BXPC 00000001)
[    0.031246] ACPI: Reserving FACP table memory at [mem 0x7ffe17fd-0x7ffe1870]
[    0.032327] ACPI: Reserving DSDT table memory at [mem 0x7ffe0040-0x7ffe17fc]
[    0.033408] ACPI: Reserving FACS table memory at [mem 0x7ffe0000-0x7ffe003f]
[    0.034487] ACPI: Reserving APIC table memory at [mem 0x7ffe1871-0x7ffe18f0]
[    0.035570] ACPI: Reserving HPET table memory at [mem 0x7ffe18f1-0x7ffe1928]
[    0.036647] ACPI: Reserving WAET table memory at [mem 0x7ffe1929-0x7ffe1950]
[    0.038678] No NUMA configuration found
[    0.039266] Faking a node at [mem 0x0000000000000000-0x000000007ffdffff]
[    0.040336] NODE_DATA(0) allocated [mem 0x7ffb5000-0x7ffdffff]
[    0.044281] Zone ranges:
[    0.044683]   DMA      [mem 0x0000000000001000-0x0000000000ffffff]
[    0.045618]   DMA32    [mem 0x0000000001000000-0x000000007ffdffff]
[    0.046550]   Normal   empty
[    0.046993]   Device   empty
[    0.047431] Movable zone start for each node
[    0.048073] Early memory node ranges
[    0.048617]   node   0: [mem 0x0000000000001000-0x000000000009efff]
[    0.049561]   node   0: [mem 0x0000000000100000-0x000000007ffdffff]
[    0.050506] Initmem setup node 0 [mem 0x0000000000001000-0x000000007ffdffff]
[    0.051760] On node 0, zone DMA: 1 pages in unavailable ranges
[    0.051777] On node 0, zone DMA: 97 pages in unavailable ranges
[    0.056296] On node 0, zone DMA32: 32 pages in unavailable ranges
[    0.057636] ACPI: PM-Timer IO Port: 0x608
[    0.059110] ACPI: LAPIC_NMI (acpi_id[0xff] dfl dfl lint[0x1])
[    0.060003] IOAPIC[0]: apic_id 0, version 17, address 0xfec00000, GSI 0-23
[    0.061005] ACPI: INT_SRC_OVR (bus 0 bus_irq 0 global_irq 2 dfl dfl)
[    0.061919] ACPI: INT_SRC_OVR (bus 0 bus_irq 5 global_irq 5 high level)
[    0.062869] ACPI: INT_SRC_OVR (bus 0 bus_irq 9 global_irq 9 high level)
[    0.063828] ACPI: INT_SRC_OVR (bus 0 bus_irq 10 global_irq 10 high level)
[    0.064810] ACPI: INT_SRC_OVR (bus 0 bus_irq 11 global_irq 11 high level)
[    0.065802] ACPI: Using ACPI (MADT) for SMP configuration information
[    0.066739] ACPI: HPET id: 0x8086a201 base: 0xfed00000
[    0.067503] TSC deadline timer available
[    0.068074] smpboot: Allowing 2 CPUs, 0 hotplug CPUs
[    0.068843] kvm-guest: KVM setup pv remote TLB flush
[    0.069576] kvm-guest: setup PV sched yield
[    0.070226] PM: hibernation: Registered nosave memory: [mem 0x00000000-0x00000fff]
[    0.071336] PM: hibernation: Registered nosave memory: [mem 0x0009f000-0x0009ffff]
[    0.072436] PM: hibernation: Registered nosave memory: [mem 0x000a0000-0x000effff]
[    0.073533] PM: hibernation: Registered nosave memory: [mem 0x000f0000-0x000fffff]
[    0.074656] [mem 0x80000000-0xfeffbfff] available for PCI devices
[    0.075568] Booting paravirtualized kernel on KVM
[    0.076273] clocksource: refined-jiffies: mask: 0xffffffff max_cycles: 0xffffffff, max_idle_ns: 7645519600211568 ns
[    0.077842] setup_percpu: NR_CPUS:8192 nr_cpumask_bits:2 nr_cpu_ids:2 nr_node_ids:1
[    0.079269] percpu: Embedded 64 pages/cpu s225280 r8192 d28672 u1048576
[    0.080482] kvm-guest: PV spinlocks enabled
[    0.081124] PV qspinlock hash table entries: 256 (order: 0, 4096 bytes, linear)
[    0.082239] Fallback order for Node 0: 0 
[    0.082857] Built 1 zonelists, mobility grouping on.  Total pages: 515808
[    0.083884] Policy zone: DMA32
[    0.084346] Kernel command line: net.ifnames=0 console=ttyS0 root=/dev/sda earlyprintk=serial net.ifnames=0
[    0.086331] Dentry cache hash table entries: 262144 (order: 9, 2097152 bytes, linear)
[    0.087614] Inode-cache hash table entries: 131072 (order: 8, 1048576 bytes, linear)
[    0.088890] mem auto-init: stack:off, heap alloc:off, heap free:off
[    0.093040] Memory: 1985384K/2096632K available (32784K kernel code, 4681K rwdata, 7804K rodata, 3664K init, 22144K bss, 110992K reserved, 0K cma-reserved)
[    0.096123] SLUB: HWalign=64, Order=0-3, MinObjects=0, CPUs=2, Nodes=1
[    0.097098] kmemleak: Kernel memory leak detector disabled
[    0.097936] ftrace: allocating 67179 entries in 263 pages
[    0.116934] ftrace: allocated 263 pages with 4 groups
[    0.120544] Dynamic Preempt: voluntary
[    0.121269] Running RCU self tests
[    0.121796] rcu: Preemptible hierarchical RCU implementation.
[    0.122674] rcu: 	RCU lockdep checking is enabled.
[    0.123408] rcu: 	RCU restricting CPUs from NR_CPUS=8192 to nr_cpu_ids=2.
[    0.124439] 	Trampoline variant of Tasks RCU enabled.
[    0.125205] 	Rude variant of Tasks RCU enabled.
[    0.125888] 	Tracing variant of Tasks RCU enabled.
[    0.126611] rcu: RCU calculated value of scheduler-enlistment delay is 25 jiffies.
[    0.127765] rcu: Adjusting geometry for rcu_fanout_leaf=16, nr_cpu_ids=2
[    0.153868] NR_IRQS: 524544, nr_irqs: 440, preallocated irqs: 16
[    0.155188] rcu: srcu_init: Setting srcu_struct sizes based on contention.
[    0.171289] Console: colour VGA+ 80x25
[    0.171946] printk: console [ttyS0] enabled
[    0.171946] printk: console [ttyS0] enabled
[    0.173288] printk: bootconsole [earlyser0] disabled
[    0.173288] printk: bootconsole [earlyser0] disabled
[    0.174877] Lock dependency validator: Copyright (c) 2006 Red Hat, Inc., Ingo Molnar
[    0.176124] ... MAX_LOCKDEP_SUBCLASSES:  8
[    0.176794] ... MAX_LOCK_DEPTH:          48
[    0.177478] ... MAX_LOCKDEP_KEYS:        8192
[    0.178189] ... CLASSHASH_SIZE:          4096
[    0.178910] ... MAX_LOCKDEP_ENTRIES:     32768
[    0.179636] ... MAX_LOCKDEP_CHAINS:      65536
[    0.180346] ... CHAINHASH_SIZE:          32768
[    0.181057]  memory used by lock dependency info: 6365 kB
[    0.181916]  memory used for stack traces: 4224 kB
[    0.182685]  per task-struct memory footprint: 1920 bytes
[    0.183589] ACPI: Core revision 20220331
[    0.184505] clocksource: hpet: mask: 0xffffffff max_cycles: 0xffffffff, max_idle_ns: 19112604467 ns
[    0.186129] APIC: Switch to symmetric I/O mode setup
[    0.187367] x2apic enabled
[    0.188233] Switched APIC routing to physical x2apic.
[    0.189031] kvm-guest: setup PV IPIs
[    0.191564] ..TIMER: vector=0x30 apic1=0 pin1=2 apic2=-1 pin2=-1
[    0.192537] clocksource: tsc-early: mask: 0xffffffffffffffff max_cycles: 0xb9fb05486c, max_idle_ns: 440795231721 ns
[    0.194192] Calibrating delay loop (skipped) preset value.. 1612.80 BogoMIPS (lpj=3225600)
[    0.195475] pid_max: default: 32768 minimum: 301
[    0.196340] LSM: Security Framework initializing
[    0.197061] Yama: becoming mindful.
[    0.197783] Mount-cache hash table entries: 4096 (order: 3, 32768 bytes, linear)
[    0.198186] Mountpoint-cache hash table entries: 4096 (order: 3, 32768 bytes, linear)
[    0.200647] CPU0: Thermal monitoring enabled (TM1)
[    0.202311] x86/cpu: User Mode Instruction Prevention (UMIP) activated
[    0.203684] Last level iTLB entries: 4KB 0, 2MB 0, 4MB 0
[    0.204503] Last level dTLB entries: 4KB 0, 2MB 0, 4MB 0, 1GB 0
[    0.205416] Spectre V1 : Mitigation: usercopy/swapgs barriers and __user pointer sanitization
[    0.206182] Spectre V2 : WARNING: Unprivileged eBPF is enabled with eIBRS on, data leaks possible via Spectre v2 BHB attacks!
[    0.207959] Spectre V2 : Mitigation: Enhanced IBRS
[    0.208801] Spectre V2 : Spectre v2 / SpectreRSB mitigation: Filling RSB on context switch
[    0.210184] Spectre V2 : Spectre v2 / PBRSB-eIBRS: Retire a single CALL on VMEXIT
[    0.211485] Spectre V2 : mitigation: Enabling conditional Indirect Branch Prediction Barrier
[    0.212874] Speculative Store Bypass: Mitigation: Speculative Store Bypass disabled via prctl
[    0.214184] MMIO Stale Data: Unknown: No mitigations
[    0.309958] Freeing SMP alternatives memory: 56K
[    0.310480] smpboot: CPU0: Genuine Intel(R) 0000 (family: 0x6, model: 0xb7, stepping: 0x0)
[    0.312069] cblist_init_generic: Setting adjustable number of callback queues.
[    0.313158] cblist_init_generic: Setting shift to 1 and lim to 1.
[    0.314118] cblist_init_generic: Setting shift to 1 and lim to 1.
[    0.314229] cblist_init_generic: Setting shift to 1 and lim to 1.
[    0.315183] Running RCU-tasks wait API self tests
[    0.418303] Performance Events: Alderlake Hybrid events, full-width counters, Intel PMU driver.
[    0.420141] core: cpu_core PMU driver: 
[    0.420835] ... version:                2
[    0.421398] ... bit width:              48
[    0.421970] ... generic registers:      6
[    0.422188] ... value mask:             0000ffffffffffff
[    0.422930] ... max period:             00007fffffffffff
[    0.423665] ... fixed-purpose events:   3
[    0.424228] ... event mask:             0001000f0000003f
[    0.425181] rcu: Hierarchical SRCU implementation.
[    0.425848] rcu: 	Max phase no-delay instances is 1000.
[    0.428235] unchecked MSR access error: WRMSR to 0x38f (tried to write 0x0001000f0000003f) at rIP: 0xffffffff810cd49c (native_write_msr+0xc/0x30)
[    0.430056] Call Trace:
[    0.430178]  <TASK>
[    0.430178]  __intel_pmu_enable_all.constprop.46+0xb5/0x140
[    0.430178]  intel_pmu_enable_all+0x1e/0x30
[    0.430178]  x86_pmu_enable+0x46d/0x5a0
[    0.430178]  ? write_comp_data+0x2f/0x90
[    0.430178]  perf_pmu_enable+0x53/0x70
[    0.430178]  ctx_resched+0xab/0xf0
[    0.430178]  __perf_install_in_context+0x31b/0x480
[    0.430178]  ? perf_duration_warn+0x50/0x50
[    0.430178]  ? perf_duration_warn+0x50/0x50
[    0.430178]  remote_function+0x80/0xa0
[    0.430178]  ? perf_duration_warn+0x50/0x50
[    0.430178]  generic_exec_single+0x124/0x190
[    0.430178]  smp_call_function_single+0x11c/0x240
[    0.430178]  ? perf_duration_warn+0x50/0x50
[    0.430178]  ? __sanitizer_cov_trace_pc+0x25/0x60
[    0.430178]  ? write_comp_data+0x2f/0x90
[    0.430178]  perf_install_in_context+0x2e8/0x310
[    0.430178]  ? ctx_resched+0xf0/0xf0
[    0.430178]  perf_event_create_kernel_counter+0x16a/0x200
[    0.430178]  ? find_next_bit+0x30/0x30
[    0.430178]  hardlockup_detector_event_create+0x46/0xd0
[    0.430178]  hardlockup_detector_perf_init+0x18/0x66
[    0.430178]  watchdog_nmi_probe+0x17/0x1d
[    0.430178]  lockup_detector_init+0x40/0xaf
[    0.430178]  kernel_init_freeable+0x264/0x42e
[    0.430178]  ? rest_init+0x240/0x240
[    0.430178]  kernel_init+0x24/0x1e0
[    0.430178]  ? rest_init+0x240/0x240
[    0.430178]  ret_from_fork+0x1f/0x30
[    0.430178]  </TASK>
[    0.430215] Callback from call_rcu_tasks_trace() invoked.
[    0.431150] smp: Bringing up secondary CPUs ...
[    0.432390] x86: Booting SMP configuration:
[    0.433017] .... node  #0, CPUs:      #1
[    0.433548] smp: Brought up 1 node, 2 CPUs
[    0.434781] smpboot: Max logical packages: 1
[    0.435399] smpboot: Total of 2 processors activated (3225.60 BogoMIPS)
[    0.436580] devtmpfs: initialized
[    0.438263] x86/mm: Memory block size: 128MB
[    0.440422] clocksource: jiffies: mask: 0xffffffff max_cycles: 0xffffffff, max_idle_ns: 7645041785100000 ns
[    0.440422] futex hash table entries: 512 (order: 4, 65536 bytes, linear)
[    0.442380] pinctrl core: initialized pinctrl subsystem
[    0.443553] 
[    0.443784] *************************************************************
[    0.444747] **     NOTICE NOTICE NOTICE NOTICE NOTICE NOTICE NOTICE    **
[    0.445703] **                                                         **
[    0.446185] **  IOMMU DebugFS SUPPORT HAS BEEN ENABLED IN THIS KERNEL  **
[    0.447141] **                                                         **
[    0.448110] ** This means that this kernel is built to expose internal **
[    0.449069] ** IOMMU data structures, which may compromise security on **
[    0.450027] ** your system.                                            **
[    0.450184] **                                                         **
[    0.451135] ** If you see this message and you are not debugging the   **
[    0.452086] ** kernel, report this immediately to your vendor!         **
[    0.453034] **                                                         **
[    0.453983] **     NOTICE NOTICE NOTICE NOTICE NOTICE NOTICE NOTICE    **
[    0.454184] *************************************************************
[    0.455237] PM: RTC time: 14:27:00, date: 2023-03-06
[    0.458080] NET: Registered PF_NETLINK/PF_ROUTE protocol family
[    0.458723] DMA: preallocated 256 KiB GFP_KERNEL pool for atomic allocations
[    0.459744] DMA: preallocated 256 KiB GFP_KERNEL|GFP_DMA pool for atomic allocations
[    0.460864] DMA: preallocated 256 KiB GFP_KERNEL|GFP_DMA32 pool for atomic allocations
[    0.462048] audit: initializing netlink subsys (disabled)
[    0.462249] audit: type=2000 audit(1678112821.213:1): state=initialized audit_enabled=0 res=1
[    0.462688] thermal_sys: Registered thermal governor 'fair_share'
[    0.463490] thermal_sys: Registered thermal governor 'bang_bang'
[    0.464388] thermal_sys: Registered thermal governor 'step_wise'
[    0.465267] thermal_sys: Registered thermal governor 'user_space'
[    0.466225] cpuidle: using governor ladder
[    0.467734] cpuidle: using governor menu
[    0.468554] acpiphp: ACPI Hot Plug PCI Controller Driver version: 0.5
[    0.469820] PCI: Using configuration type 1 for base access
[    0.483348] kprobes: kprobe jump-optimization is enabled. All kprobes are optimized if possible.
[    0.715974] HugeTLB: registered 1.00 GiB page size, pre-allocated 0 pages
[    0.717326] HugeTLB: 16380 KiB vmemmap can be freed for a 1.00 GiB page
[    0.718241] HugeTLB: registered 2.00 MiB page size, pre-allocated 0 pages
[    0.719548] HugeTLB: 28 KiB vmemmap can be freed for a 2.00 MiB page
[    0.722425] ACPI: Added _OSI(Module Device)
[    0.723260] ACPI: Added _OSI(Processor Device)
[    0.724119] ACPI: Added _OSI(3.0 _SCP Extensions)
[    0.725026] ACPI: Added _OSI(Processor Aggregator Device)
[    0.732338] ACPI: 1 ACPI AML tables successfully acquired and loaded
[    0.737111] ACPI: Interpreter enabled
[    0.737923] ACPI: PM: (supports S0 S3 S4 S5)
[    0.738189] ACPI: Using IOAPIC for interrupt routing
[    0.739207] PCI: Using host bridge windows from ACPI; if necessary, use "pci=nocrs" and report a bug
[    0.740934] PCI: Using E820 reservations for host bridge windows
[    0.742799] ACPI: Enabled 2 GPEs in block 00 to 0F
[    0.760378] ACPI: PCI Root Bridge [PCI0] (domain 0000 [bus 00-ff])
[    0.761597] acpi PNP0A03:00: _OSC: OS supports [ASPM ClockPM Segments MSI EDR HPX-Type3]
[    0.762192] acpi PNP0A03:00: _OSC: not requesting OS control; OS requires [ExtendedConfig ASPM ClockPM MSI]
[    0.764106] acpi PNP0A03:00: fail to add MMCONFIG information, can't access extended PCI configuration space under this bridge.
[    0.768606] acpiphp: Slot [3] registered
[    0.769455] acpiphp: Slot [4] registered
[    0.770261] acpiphp: Slot [5] registered
[    0.771099] acpiphp: Slot [6] registered
[    0.771935] acpiphp: Slot [7] registered
[    0.772772] acpiphp: Slot [8] registered
[    0.773618] acpiphp: Slot [9] registered
[    0.774261] acpiphp: Slot [10] registered
[    0.775117] acpiphp: Slot [11] registered
[    0.775972] acpiphp: Slot [12] registered
[    0.776836] acpiphp: Slot [13] registered
[    0.777703] acpiphp: Slot [14] registered
[    0.778262] acpiphp: Slot [15] registered
[    0.779119] acpiphp: Slot [16] registered
[    0.779971] acpiphp: Slot [17] registered
[    0.780836] acpiphp: Slot [18] registered
[    0.781692] acpiphp: Slot [19] registered
[    0.782260] acpiphp: Slot [20] registered
[    0.783113] acpiphp: Slot [21] registered
[    0.784025] acpiphp: Slot [22] registered
[    0.784893] acpiphp: Slot [23] registered
[    0.785748] acpiphp: Slot [24] registered
[    0.786267] acpiphp: Slot [25] registered
[    0.787121] acpiphp: Slot [26] registered
[    0.787975] acpiphp: Slot [27] registered
[    0.788840] acpiphp: Slot [28] registered
[    0.789690] acpiphp: Slot [29] registered
[    0.790260] acpiphp: Slot [30] registered
[    0.791108] acpiphp: Slot [31] registered
[    0.791920] PCI host bridge to bus 0000:00
[    0.792711] pci_bus 0000:00: root bus resource [io  0x0000-0x0cf7 window]
[    0.794045] pci_bus 0000:00: root bus resource [io  0x0d00-0xffff window]
[    0.794187] pci_bus 0000:00: root bus resource [mem 0x000a0000-0x000bffff window]
[    0.795621] pci_bus 0000:00: root bus resource [mem 0x80000000-0xfebfffff window]
[    0.797062] pci_bus 0000:00: root bus resource [mem 0x100000000-0x17fffffff window]
[    0.798188] pci_bus 0000:00: root bus resource [bus 00-ff]
[    0.799388] pci 0000:00:00.0: [8086:1237] type 00 class 0x060000
[    0.803950] pci 0000:00:01.0: [8086:7000] type 00 class 0x060100
[    0.806390] pci 0000:00:01.1: [8086:7010] type 00 class 0x010180
[    0.809271] pci 0000:00:01.1: reg 0x20: [io  0xc040-0xc04f]
[    0.810980] pci 0000:00:01.1: legacy IDE quirk: reg 0x10: [io  0x01f0-0x01f7]
[    0.812370] pci 0000:00:01.1: legacy IDE quirk: reg 0x14: [io  0x03f6]
[    0.813634] pci 0000:00:01.1: legacy IDE quirk: reg 0x18: [io  0x0170-0x0177]
[    0.814189] pci 0000:00:01.1: legacy IDE quirk: reg 0x1c: [io  0x0376]
[    0.815942] pci 0000:00:01.3: [8086:7113] type 00 class 0x068000
[    0.818201] pci 0000:00:01.3: quirk: [io  0x0600-0x063f] claimed by PIIX4 ACPI
[    0.819680] pci 0000:00:01.3: quirk: [io  0x0700-0x070f] claimed by PIIX4 SMB
[    0.821633] pci 0000:00:02.0: [1234:1111] type 00 class 0x030000
[    0.823350] pci 0000:00:02.0: reg 0x10: [mem 0xfd000000-0xfdffffff pref]
[    0.826197] pci 0000:00:02.0: reg 0x18: [mem 0xfebf0000-0xfebf0fff]
[    0.830193] pci 0000:00:02.0: reg 0x30: [mem 0xfebe0000-0xfebeffff pref]
[    0.831611] pci 0000:00:02.0: Video device with shadowed ROM at [mem 0x000c0000-0x000dffff]
[    0.836140] pci 0000:00:03.0: [8086:100e] type 00 class 0x020000
[    0.838189] pci 0000:00:03.0: reg 0x10: [mem 0xfebc0000-0xfebdffff]
[    0.839927] pci 0000:00:03.0: reg 0x14: [io  0xc000-0xc03f]
[    0.844270] pci 0000:00:03.0: reg 0x30: [mem 0xfeb80000-0xfebbffff pref]
[    0.881343] ACPI: PCI: Interrupt link LNKA configured for IRQ 10
[    0.882608] ACPI: PCI: Interrupt link LNKB configured for IRQ 10
[    0.884138] ACPI: PCI: Interrupt link LNKC configured for IRQ 11
[    0.885670] ACPI: PCI: Interrupt link LNKD configured for IRQ 11
[    0.886387] ACPI: PCI: Interrupt link LNKS configured for IRQ 9
[    0.888580] iommu: Default domain type: Translated 
[    0.889509] iommu: DMA domain TLB invalidation policy: lazy mode 
[    0.891199] SCSI subsystem initialized
[    0.892168] ACPI: bus type USB registered
[    0.892994] usbcore: registered new interface driver usbfs
[    0.894064] usbcore: registered new interface driver hub
[    0.894221] usbcore: registered new device driver usb
[    0.895272] pps_core: LinuxPPS API ver. 1 registered
[    0.896205] pps_core: Software ver. 5.3.6 - Copyright 2005-2007 Rodolfo Giometti <giometti@linux.it>
[    0.897914] PTP clock support registered
[    0.898324] EDAC MC: Ver: 3.0.0
[    0.900547] NetLabel: Initializing
[    0.901244] NetLabel:  domain hash size = 128
[    0.902070] NetLabel:  protocols = UNLABELED CIPSOv4 CALIPSO
[    0.902250] NetLabel:  unlabeled traffic allowed by default
[    0.903621] PCI: Using ACPI for IRQ routing
[    0.904740] pci 0000:00:02.0: vgaarb: setting as boot VGA device
[    0.905886] pci 0000:00:02.0: vgaarb: bridge control possible
[    0.906178] pci 0000:00:02.0: vgaarb: VGA device added: decodes=io+mem,owns=io+mem,locks=none
[    0.906189] vgaarb: loaded
[    0.907095] hpet0: at MMIO 0xfed00000, IRQs 2, 8, 0
[    0.908038] hpet0: 3 comparators, 64-bit 100.000000 MHz counter
[    3.330026] clocksource: Switched to clocksource kvm-clock
[    3.376390] Callback from call_rcu_tasks_rude() invoked.
[    3.434259] Callback from call_rcu_tasks() invoked.
[    3.482158] VFS: Disk quotas dquot_6.6.0
[    3.482834] VFS: Dquot-cache hash table entries: 512 (order 0, 4096 bytes)
[    3.484138] pnp: PnP ACPI init
[    3.487055] pnp: PnP ACPI: found 6 devices
[    3.503415] clocksource: acpi_pm: mask: 0xffffff max_cycles: 0xffffff, max_idle_ns: 2085701024 ns
[    3.505091] NET: Registered PF_INET protocol family
[    3.505927] IP idents hash table entries: 32768 (order: 6, 262144 bytes, linear)
[    3.508350] tcp_listen_portaddr_hash hash table entries: 1024 (order: 4, 73728 bytes, linear)
[    3.509585] Table-perturb hash table entries: 65536 (order: 6, 262144 bytes, linear)
[    3.510759] TCP established hash table entries: 16384 (order: 5, 131072 bytes, linear)
[    3.512130] TCP bind hash table entries: 16384 (order: 9, 2359296 bytes, linear)
[    3.514180] TCP: Hash tables configured (established 16384 bind 16384)
[    3.515325] UDP hash table entries: 1024 (order: 5, 163840 bytes, linear)
[    3.516592] UDP-Lite hash table entries: 1024 (order: 5, 163840 bytes, linear)
[    3.517874] NET: Registered PF_UNIX/PF_LOCAL protocol family
[    3.519279] RPC: Registered named UNIX socket transport module.
[    3.520208] RPC: Registered udp transport module.
[    3.520946] RPC: Registered tcp transport module.
[    3.521677] RPC: Registered tcp NFSv4.1 backchannel transport module.
[    3.522721] pci_bus 0000:00: resource 4 [io  0x0000-0x0cf7 window]
[    3.523685] pci_bus 0000:00: resource 5 [io  0x0d00-0xffff window]
[    3.524646] pci_bus 0000:00: resource 6 [mem 0x000a0000-0x000bffff window]
[    3.525712] pci_bus 0000:00: resource 7 [mem 0x80000000-0xfebfffff window]
[    3.526798] pci_bus 0000:00: resource 8 [mem 0x100000000-0x17fffffff window]
[    3.528114] pci 0000:00:01.0: PIIX3: Enabling Passive Release
[    3.529028] pci 0000:00:00.0: Limiting direct PCI/PCI transfers
[    3.530088] PCI: CLS 0 bytes, default 64
[    3.530751] ACPI: bus type thunderbolt registered
[    3.531771] clocksource: tsc: mask: 0xffffffffffffffff max_cycles: 0xb9fb05486c, max_idle_ns: 440795231721 ns
[    3.536038] Initialise system trusted keyrings
[    3.536807] Key type blacklist registered
[    3.537627] workingset: timestamp_bits=36 max_order=19 bucket_order=0
[    3.549238] zbud: loaded
[    3.551568] squashfs: version 4.0 (2009/01/31) Phillip Lougher
[    3.553722] NFS: Registering the id_resolver key type
[    3.554587] Key type id_resolver registered
[    3.555264] Key type id_legacy registered
[    3.556000] nfs4filelayout_init: NFSv4 File Layout Driver Registering...
[    3.557083] nfs4flexfilelayout_init: NFSv4 Flexfile Layout Driver Registering...
[    3.558364] fuse: init (API version 7.36)
[    3.559267] SGI XFS with ACLs, security attributes, realtime, quota, no debug enabled
[    3.562306] 9p: Installing v9fs 9p2000 file system support
[    3.569607] Key type asymmetric registered
[    3.570285] Asymmetric key parser 'x509' registered
[    3.572029] alg: self-tests for CTR-KDF (hmac(sha256)) passed
[    3.572960] Block layer SCSI generic (bsg) driver version 0.4 loaded (major 243)
[    3.574258] io scheduler mq-deadline registered
[    3.574982] io scheduler bfq registered
[    3.576616] shpchp: Standard Hot Plug PCI Controller Driver version: 0.4
[    3.578062] IPMI message handler: version 39.2
[    3.578790] ipmi device interface
[    3.580746] input: Power Button as /devices/LNXSYSTM:00/LNXPWRBN:00/input/input0
[    3.582051] ACPI: button: Power Button [PWRF]
[    3.583520] ERST DBG: ERST support is disabled.
[    3.584710] Serial: 8250/16550 driver, 32 ports, IRQ sharing enabled
[    3.586261] 00:04: ttyS0 at I/O 0x3f8 (irq = 4, base_baud = 115200) is a 16550A
[    3.595024] Linux agpgart interface v0.103
[    3.596165] ACPI: bus type drm_connector registered
[    3.608412] brd: module loaded
[    3.615408] loop: module loaded
[    3.620451] scsi host0: ata_piix
[    3.621594] scsi host1: ata_piix
[    3.622324] ata1: PATA max MWDMA2 cmd 0x1f0 ctl 0x3f6 bmdma 0xc040 irq 14
[    3.623398] ata2: PATA max MWDMA2 cmd 0x170 ctl 0x376 bmdma 0xc048 irq 15
[    3.625382] tun: Universal TUN/TAP device driver, 1.6
[    3.626395] e100: Intel(R) PRO/100 Network Driver
[    3.627146] e100: Copyright(c) 1999-2006 Intel Corporation
[    3.628047] e1000: Intel(R) PRO/1000 Network Driver
[    3.628832] e1000: Copyright (c) 1999-2006 Intel Corporation.
[    3.782478] ata1: found unknown device (class 0)
[    3.783882] ata1.00: ATA-7: QEMU HARDDISK, 2.5+, max UDMA/100
[    3.784356] ACPI: \_SB_.LNKC: Enabled at IRQ 11
[    3.784785] ata1.00: 16777216 sectors, multi 16: LBA48 
[    3.786848] ata2: found unknown device (class 0)
[    3.788545] ata2.00: ATAPI: QEMU DVD-ROM, 2.5+, max UDMA/100
[    3.788999] scsi 0:0:0:0: Direct-Access     ATA      QEMU HARDDISK    2.5+ PQ: 0 ANSI: 5
[    3.791955] sd 0:0:0:0: Attached scsi generic sg0 type 0
[    3.792267] sd 0:0:0:0: [sda] 16777216 512-byte logical blocks: (8.59 GB/8.00 GiB)
[    3.793465] scsi 1:0:0:0: CD-ROM            QEMU     QEMU DVD-ROM     2.5+ PQ: 0 ANSI: 5
[    3.794032] sd 0:0:0:0: [sda] Write Protect is off
[    3.796227] sd 0:0:0:0: [sda] Write cache: enabled, read cache: enabled, doesn't support DPO or FUA
[    3.797712] sd 0:0:0:0: [sda] Preferred minimum I/O size 512 bytes
[    3.819880] sd 0:0:0:0: [sda] Attached SCSI disk
[    3.827289] scsi 1:0:0:0: Attached scsi generic sg1 type 5
[    4.152747] e1000 0000:00:03.0 eth0: (PCI:33MHz:32-bit) 52:54:00:12:34:56
[    4.153983] e1000 0000:00:03.0 eth0: Intel(R) PRO/1000 Network Connection
[    4.155298] e1000e: Intel(R) PRO/1000 Network Driver
[    4.156149] e1000e: Copyright(c) 1999 - 2015 Intel Corporation.
[    4.157237] igb: Intel(R) Gigabit Ethernet Network Driver
[    4.158168] igb: Copyright (c) 2007-2014 Intel Corporation.
[    4.159270] PPP generic driver version 2.4.2
[    4.160485] VFIO - User Level meta-driver version: 0.3
[    4.161849] usbcore: registered new interface driver uas
[    4.162679] usbcore: registered new interface driver usb-storage
[    4.163632] i8042: PNP: PS/2 Controller [PNP0303:KBD,PNP0f13:MOU] at 0x60,0x64 irq 1,12
[    4.165792] serio: i8042 KBD port at 0x60,0x64 irq 1
[    4.166553] serio: i8042 AUX port at 0x60,0x64 irq 12
[    4.167998] mousedev: PS/2 mouse device common for all mice
[    4.169626] input: AT Translated Set 2 keyboard as /devices/platform/i8042/serio0/input/input1
[    4.170509] rtc_cmos 00:05: RTC can wake from S4
[    4.172590] input: VirtualPS/2 VMware VMMouse as /devices/platform/i8042/serio1/input/input4
[    4.173073] rtc_cmos 00:05: registered as rtc0
[    4.174631] rtc_cmos 00:05: setting system clock to 2023-03-06T14:27:04 UTC (1678112824)
[    4.175932] rtc_cmos 00:05: alarms up to one day, y3k, 242 bytes nvram, hpet irqs
[    4.176014] input: VirtualPS/2 VMware VMMouse as /devices/platform/i8042/serio1/input/input3
[    4.177012] i2c_dev: i2c /dev entries driver
[    4.179005] device-mapper: core: CONFIG_IMA_DISABLE_HTABLE is disabled. Duplicate IMA measurements will not be recorded in the IMA log.
[    4.180798] device-mapper: uevent: version 1.0.3
[    4.181720] device-mapper: ioctl: 4.47.0-ioctl (2022-07-28) initialised: dm-devel@redhat.com
[    4.182914] intel_pstate: CPU model not supported
[    4.183658] sdhci: Secure Digital Host Controller Interface driver
[    4.184518] sdhci: Copyright(c) Pierre Ossman
[    4.185189] sdhci-pltfm: SDHCI platform and OF driver helper
[    4.186049] ledtrig-cpu: registered to indicate activity on CPUs
[    4.187187] drop_monitor: Initializing network drop monitor service
[    4.188539] NET: Registered PF_INET6 protocol family
[    4.190870] Segment Routing with IPv6
[    4.191395] In-situ OAM (IOAM) with IPv6
[    4.191945] NET: Registered PF_PACKET protocol family
[    4.192844] 9pnet: Installing 9P2000 support
[    4.193522] Key type dns_resolver registered
[    4.195042] IPI shorthand broadcast: enabled
[    4.195719] sched_clock: Marking stable (4164968545, 29870376)->(4243995807, -49156886)
[    4.197584] registered taskstats version 1
[    4.198347] Loading compiled-in X.509 certificates
[    4.199610] zswap: loaded using pool lzo/zbud
[    4.200792] Key type .fscrypt registered
[    4.201325] Key type fscrypt-provisioning registered
[    4.203123] Key type encrypted registered
[    4.203778] ima: No TPM chip found, activating TPM-bypass!
[    4.204622] ima: Allocated hash algorithm: sha1
[    4.205336] ima: No architecture policies found
[    4.206076] evm: Initialising EVM extended attributes:
[    4.206844] evm: security.selinux
[    4.207328] evm: security.SMACK64
[    4.207811] evm: security.SMACK64EXEC
[    4.208342] evm: security.SMACK64TRANSMUTE
[    4.208933] evm: security.SMACK64MMAP
[    4.209463] evm: security.apparmor
[    4.209965] evm: security.ima
[    4.210422] evm: security.capability
[    4.210943] evm: HMAC attrs: 0x1
[    4.216732] PM:   Magic number: 15:840:484
[    4.217734] RAS: Correctable Errors collector initialized.
[    4.219710] md: Waiting for all devices to be available before autodetect
[    4.220360] md: If you don't use raid, use raid=noautodetect
[    4.220905] md: Autodetecting RAID arrays.
[    4.221307] md: autorun ...
[    4.221585] md: ... autorun DONE.
[    4.227850] EXT4-fs (sda): mounted filesystem with ordered data mode. Quota mode: none.
[    4.228661] VFS: Mounted root (ext4 filesystem) readonly on device 8:0.
[    4.230874] devtmpfs: mounted
[    4.237015] Freeing unused decrypted memory: 2036K
[    4.238666] Freeing unused kernel image (initmem) memory: 3664K
[    4.246352] Write protecting the kernel read-only data: 43008k
[    4.249739] Freeing unused kernel image (text/rodata gap) memory: 2028K
[    4.250646] Freeing unused kernel image (rodata/data gap) memory: 388K
[    4.342612] x86/mm: Checked W+X mappings: passed, no W+X pages found.
[    4.343297] Run /sbin/init as init process
[    4.444095] systemd[1]: RTC configured in localtime, applying delta of 0 minutes to system time.
[    4.470388] systemd[1]: systemd 239 (239-49.el8) running in system mode. (+PAM +AUDIT +SELINUX +IMA -APPARMOR +SMACK +SYSVINIT +UTMP +LIBCRYPTSETUP +GCRYPT +GNUTLS +ACL +XZ +LZ4 +SECCOMP +BLKID +ELFUTILS +KMOD +IDN2 -IDN +PCRE2 default-hierarchy=legacy)
[    4.472716] systemd[1]: Detected virtualization kvm.
[    4.473221] systemd[1]: Detected architecture x86-64.

Welcome to [0;31mCentOS Stream 8[0m!

[    4.544471] systemd[1]: Set hostname to <test>.
[    5.602229] random: crng init done
[    5.718943] systemd[1]: Listening on RPCbind Server Activation Socket.
[[0;32m  OK  [0m] Listening on RPCbind Server Activation Socket.
[    5.721055] systemd[1]: Set up automount Arbitrary Executable File Formats File System Automount Point.
[[0;32m  OK  [0m] Set up automount Arbitrary Executabâ€¦rmats File System Automount Point.
[    5.723314] systemd[1]: Listening on udev Control Socket.
[[0;32m  OK  [0m] Listening on udev Control Socket.
[    5.724746] systemd[1]: Listening on Journal Socket.
[[0;32m  OK  [0m] Listening on Journal Socket.
[    5.754727] systemd[1]: Starting Setup Virtual Console...
         Starting Setup Virtual Console...
[    5.762911] systemd[1]: Starting Load Kernel Modules...
         Starting Load Kernel Modules...
         Mounting Kernel Debug File System...
[[0;32m  OK  [0m] Listening on initctl Compatibility Named Pipe.
[[0;32m  OK  [0m] Created slice system-sshd\x2dkeygen.slice.
[[0;32m  OK  [0m] Listening on Journal Socket (/dev/log).
[[0;32m  OK  [0m] Started Forward Password Requests to Wall Directory Watch.
         Starting Journal Service...
[[0;32m  OK  [0m] Listening on LVM2 poll daemon socket.
[[0;32m  OK  [0m] Created slice system-getty.slice.
[[0;32m  OK  [0m] Listening on multipathd control socket.
[[0;32m  OK  [0m] Reached target RPC Port Mapper.
[[0;32m  OK  [0m] Listening on Device-mapper event daemon FIFOs.
[[0;32m  OK  [0m] Created slice User and Session Slice.
[[0;32m  OK  [0m] Created slice system-serial\x2dgetty.slice.
[[0;32m  OK  [0m] Listening on udev Kernel Socket.
         Starting udev Coldplug all Devices...
         Starting Monitoring of LVM2 mirrorsâ€¦ng dmeventd or progress polling...
         Mounting Huge Pages File System...
         Starting Remount Root and Kernel File Systems...
[[0;32m  OK  [0m] Listening on Process Core Dump Socket.
[[0;32m  OK  [0m] Reached target Swap.
         Mounting POSIX Message Queue File System...
[[0;32m  OK  [0m] Reached target Slices.
[    6.141981] EXT4-fs (sda): re-mounted. Quota mode: none.
[[0;32m  OK  [0m] Started Journal Service.
[[0;1;31mFAILED[0m] Failed to start Load Kernel Modules.
See 'systemctl status systemd-modules-load.service' for details.
[[0;32m  OK  [0m] Started Setup Virtual Console.
[[0;32m  OK  [0m] Mounted Kernel Debug File System.
[[0;32m  OK  [0m] Mounted Huge Pages File System.
[[0;32m  OK  [0m] Started Remount Root and Kernel File Systems.
[[0;32m  OK  [0m] Mounted POSIX Message Queue File System.
         Starting Create Static Device Nodes in /dev...
         Starting Load/Save Random Seed...
         Mounting FUSE Control File System...
         Mounting Kernel Configuration File System...
         Starting Apply Kernel Variables...
         Starting Flush Journal to Persistent Storage...
[[0;32m  OK  [0m] Started Create Static Device Nodes in /dev.
[[0;32m  OK  [0m] Started Load/Save Random Seed.
[[0;32m  OK  [0m] Mounted FUSE Control File System.
[[0;32m  OK  [0m] Mounted Kernel Configuration File System.
[[0;32m  OK  [0m] Started Apply Kernel Variables.
         Starting udev Kernel Device Manager...
[[0;32m  OK  [0m] Started Flush Journal to Persistent Storage.
[[0;32m  OK  [0m] Started udev Coldplug all Devices.
         Starting udev Wait for Complete Device Initialization...
[[0;32m  OK  [0m] Started udev Kernel Device Manager.
         Starting Show Plymouth Boot Screen...
[[0;32m  OK  [0m] Started Show Plymouth Boot Screen.
[[0;32m  OK  [0m] Started Forward Password Requests to Plymouth Directory Watch.
[[0;32m  OK  [0m] Reached target Local Encrypted Volumes.
[[0;32m  OK  [0m] Reached target Paths.
[[0;32m  OK  [0m] Found device /dev/ttyS0.
[[0;32m  OK  [0m] Started Monitoring of LVM2 mirrors,â€¦sing dmeventd or progress polling.
[[0;32m  OK  [0m] Started udev Wait for Complete Device Initialization.
[[0;32m  OK  [0m] Listening on Load/Save RF Kill Switch Status /dev/rfkill Watch.
[[0;32m  OK  [0m] Reached target Local File Systems (Pre).
[[0;32m  OK  [0m] Reached target Local File Systems.
         Starting Create Volatile Files and Directories...
         Starting Restore /run/initramfs on shutdown...
         Starting Tell Plymouth To Write Out Runtime Data...
[[0;32m  OK  [0m] Started Create Volatile Files and Directories.
[[0;32m  OK  [0m] Started Restore /run/initramfs on shutdown.
[[0;32m  OK  [0m] Started Tell Plymouth To Write Out Runtime Data.
         Starting Security Auditing Service...
         Starting RPC Bind...
         Mounting RPC Pipe File System...
[[0;32m  OK  [0m] Mounted RPC Pipe File System.
[[0;32m  OK  [0m] Reached target rpc_pipefs.target.
[[0;32m  OK  [0m] Started RPC Bind.
[[0;32m  OK  [0m] Started Security Auditing Service.
         Starting Update UTMP about System Boot/Shutdown...
[[0;32m  OK  [0m] Started Update UTMP about System Boot/Shutdown.
[[0;32m  OK  [0m] Reached target System Initialization.
[[0;32m  OK  [0m] Started dnf makecache --timer.
[[0;32m  OK  [0m] Started Daily Cleanup of Temporary Directories.
[[0;32m  OK  [0m] Listening on SSSD Kerberos Cache Manager responder socket.
[[0;32m  OK  [0m] Started daily update of the root trust anchor for DNSSEC.
[[0;32m  OK  [0m] Reached target Timers.
[[0;32m  OK  [0m] Listening on D-Bus System Message Bus Socket.
[[0;32m  OK  [0m] Reached target Sockets.
[[0;32m  OK  [0m] Reached target Basic System.
         Starting Login Service...
         Starting Auto-connect to subsystemsâ€¦-NVME devices found during boot...
         Starting NTP client/server...
[[0;32m  OK  [0m] Started Machine Check Exception Logging Daemon.
         Starting Self Monitoring and Reporting Technology (SMART) Daemon...
[[0;32m  OK  [0m] Started D-Bus System Message Bus.
         Starting Network Manager...
         Starting Authorization Manager...
[[0;32m  OK  [0m] Started irqbalance daemon.
[[0;32m  OK  [0m] Reached target sshd-keygen.target.
[[0;32m  OK  [0m] Started Self Monitoring and Reporting Technology (SMART) Daemon.
[[0;32m  OK  [0m] Started Auto-connect to subsystems â€¦FC-NVME devices found during boot.
         Starting update of the root trust aâ€¦or DNSSEC validation in unbound...
[[0;32m  OK  [0m] Started Login Service.
[[0;32m  OK  [0m] Started NTP client/server.
[[0;32m  OK  [0m] Started Network Manager.
[[0;32m  OK  [0m] Reached target Network.
         Starting Dynamic System Tuning Daemon...
         Starting GSSAPI Proxy Daemon...
         Starting OpenSSH server daemon...
         Starting Network Manager Wait Online...
[[0;32m  OK  [0m] Started update of the root trust anâ€¦ for DNSSEC validation in unbound.
[[0;32m  OK  [0m] Started GSSAPI Proxy Daemon.
[[0;32m  OK  [0m] Started OpenSSH server daemon.
[[0;32m  OK  [0m] Reached target NFS client services.
[[0;32m  OK  [0m] Reached target Remote File Systems (Pre).
[[0;32m  OK  [0m] Reached target Remote File Systems.
         Starting Permit User Sessions...
         Starting Hostname Service...
[[0;32m  OK  [0m] Started Authorization Manager.
[[0;32m  OK  [0m] Started Permit User Sessions.
[[0;32m  OK  [0m] Started Command Scheduler.
         Starting Terminate Plymouth Boot Screen...
         Starting Hold until boot process finishes up...
[[0;32m  OK  [0m] Started Terminate Plymouth Boot Screen.
[[0;32m  OK  [0m] Started Hold until boot process finishes up.
[    8.538383] e1000: eth0 NIC Link is Up 1000 Mbps Full Duplex, Flow Control: RX
[    8.540049] IPv6: ADDRCONF(NETDEV_CHANGE): eth0: link becomes ready
[    8.727432] Spectre V2 : WARNING: Unprivileged eBPF is enabled with eIBRS on, data leaks possible via Spectre v2 BHB attacks!
[    8.728940] Spectre V2 : WARNING: Unprivileged eBPF is enabled with eIBRS on, data leaks possible via Spectre v2 BHB attacks!

CentOS Stream 8
Kernel 6.0.0-27bc50fc9064+ on an x86_64

test login: [   31.092796] 
[   31.093247] =============================
[   31.093892] WARNING: suspicious RCU usage
[   31.094598] 6.0.0-27bc50fc9064+ #1 Not tainted
[   31.095330] -----------------------------
[   31.095974] lib/maple_tree.c:850 suspicious rcu_dereference_check() usage!
[   31.097058] 
[   31.097058] other info that might help us debug this:
[   31.097058] 
[   31.098358] 
[   31.098358] rcu_scheduler_active = 2, debug_locks = 1
[   31.099376] 5 locks held by repro/4577:
[   31.099994]  #0: ffff888006e91448 (sb_writers#4){.+.+}-{0:0}, at: ksys_write+0x9f/0x170
[   31.101278]  #1: ffff88800d447a88 (&of->mutex){+.+.}-{3:3}, at: kernfs_fop_write_iter+0x190/0x290
[   31.102739]  #2: ffff88800684bc80 (kn->active#79){.+.+}-{0:0}, at: kernfs_fop_write_iter+0x199/0x290
[   31.104200]  #3: ffffffff83c438a8 (ksm_thread_mutex){+.+.}-{3:3}, at: run_store+0x88/0x4d0
[   31.105526]  #4: ffff888005eb5258 (&mm->mmap_lock#2){++++}-{3:3}, at: run_store+0x1b9/0x4d0
[   31.106930] 
[   31.106930] stack backtrace:
[   31.107645] CPU: 1 PID: 4577 Comm: repro Not tainted 6.0.0-27bc50fc9064+ #1
[   31.108741] Hardware name: QEMU Standard PC (i440FX + PIIX, 1996), BIOS rel-1.16.0-0-gd239552ce722-prebuilt.qemu.org 04/01/2014
[   31.110558] Call Trace:
[   31.110977]  <TASK>
[   31.111342]  dump_stack_lvl+0xa7/0xdb
[   31.111957]  dump_stack+0x19/0x1f
[   31.112518]  lockdep_rcu_suspicious+0xf1/0x100
[   31.113260]  mas_walk+0x26d/0x310
[   31.113833]  mas_find+0xea/0x120
[   31.114386]  run_store+0x1d3/0x4d0
[   31.114971]  ? remove_trailing_rmap_items+0x80/0x80
[   31.115783]  kobj_attr_store+0x3f/0x70
[   31.116414]  sysfs_kf_write+0x69/0x90
[   31.117021]  ? sysfs_file_ops+0xb0/0xb0
[   31.117651]  kernfs_fop_write_iter+0x1ce/0x290
[   31.118398]  vfs_write+0x577/0x780
[   31.118982]  ksys_write+0x9f/0x170
[   31.119557]  __x64_sys_write+0x27/0x30
[   31.120180]  do_syscall_64+0x3b/0x90
[   31.120777]  entry_SYSCALL_64_after_hwframe+0x63/0xcd
[   31.121596] RIP: 0033:0x7f1aa5b3459d
[   31.122194] Code: 00 c3 66 2e 0f 1f 84 00 00 00 00 00 90 f3 0f 1e fa 48 89 f8 48 89 f7 48 89 d6 48 89 ca 4d 89 c2 4d 89 c8 4c 8b 4c 24 08 0f 05 <48> 3d 01 f0 ff ff 73 01 c3 48 8b 0d d3 08 0d 00 f7 d8 64 89 01 48
[   31.125084] RSP: 002b:00007ffe7c389ac8 EFLAGS: 00000202 ORIG_RAX: 0000000000000001
[   31.126290] RAX: ffffffffffffffda RBX: 0000000000000000 RCX: 00007f1aa5b3459d
[   31.127421] RDX: 0000000000000002 RSI: 0000000020000140 RDI: 0000000000000003
[   31.128548] RBP: 00007ffe7c389ae0 R08: 00007ffe7c389ae0 R09: 00007ffe7c389ae0
[   31.129678] R10: 00007ffe7c389ae0 R11: 0000000000000202 R12: 00000000004011a0
[   31.130812] R13: 00007ffe7c389c00 R14: 0000000000000000 R15: 0000000000000000
[   31.131952]  </TASK>
