c[?7l[2J[0mSeaBIOS (version rel-1.16.0-0-gd239552ce722-prebuilt.qemu.org)


iPXE (http://ipxe.org) 00:03.0 CA00 PCI2.10 PnP PMM+7FF91000+7FEF1000 CA00
Press Ctrl-B to configure iPXE (PCI 00:03.0)...                                                                               


Booting from ROM...
c[?7l[2J[    0.000000] Linux version 6.0.0-rc3-3547481831ac+ (root@p-rpls01) (gcc (GCC) 8.5.0 20210514 (Red Hat 8.5.0-18), GNU ld version 2.36.1-2.el8) #1 SMP PREEMPT_DYNAMIC Tue Mar 7 06:42:01 CST 2023
[    0.000000] Command line: console=ttyS0 root=/dev/sda earlyprintk=serial net.ifnames=0
[    0.000000] KERNEL supported cpus:
[    0.000000]   Intel GenuineIntel
[    0.000000]   AMD AuthenticAMD
[    0.000000]   Hygon HygonGenuine
[    0.000000]   Centaur CentaurHauls
[    0.000000]   zhaoxin   Shanghai  
[    0.000000] x86/fpu: Supporting XSAVE feature 0x001: 'x87 floating point registers'
[    0.000000] x86/fpu: Supporting XSAVE feature 0x002: 'SSE registers'
[    0.000000] x86/fpu: Supporting XSAVE feature 0x004: 'AVX registers'
[    0.000000] x86/fpu: Supporting XSAVE feature 0x200: 'Protection Keys User registers'
[    0.000000] x86/fpu: xstate_offset[2]:  576, xstate_sizes[2]:  256
[    0.000000] x86/fpu: xstate_offset[9]:  832, xstate_sizes[9]:    8
[    0.000000] x86/fpu: Enabled xstate features 0x207, context size is 840 bytes, using 'compacted' format.
[    0.000000] signal: max sigframe size: 3632
[    0.000000] BIOS-provided physical RAM map:
[    0.000000] BIOS-e820: [mem 0x0000000000000000-0x000000000009fbff] usable
[    0.000000] BIOS-e820: [mem 0x000000000009fc00-0x000000000009ffff] reserved
[    0.000000] BIOS-e820: [mem 0x00000000000f0000-0x00000000000fffff] reserved
[    0.000000] BIOS-e820: [mem 0x0000000000100000-0x000000007ffdffff] usable
[    0.000000] BIOS-e820: [mem 0x000000007ffe0000-0x000000007fffffff] reserved
[    0.000000] BIOS-e820: [mem 0x00000000feffc000-0x00000000feffffff] reserved
[    0.000000] BIOS-e820: [mem 0x00000000fffc0000-0x00000000ffffffff] reserved
[    0.000000] printk: bootconsole [earlyser0] enabled
[    0.000000] NX (Execute Disable) protection: active
[    0.000000] SMBIOS 2.8 present.
[    0.000000] DMI: QEMU Standard PC (i440FX + PIIX, 1996), BIOS rel-1.16.0-0-gd239552ce722-prebuilt.qemu.org 04/01/2014
[    0.000000] Hypervisor detected: KVM
[    0.000000] kvm-clock: Using msrs 4b564d01 and 4b564d00
[    0.000007] kvm-clock: using sched offset of 812919915 cycles
[    0.001377] clocksource: kvm-clock: mask: 0xffffffffffffffff max_cycles: 0x1cd42e4dffb, max_idle_ns: 881590591483 ns
[    0.005616] tsc: Detected 806.400 MHz processor
[    0.016295] last_pfn = 0x7ffe0 max_arch_pfn = 0x400000000
[    0.017999] x86/PAT: Configuration [0-7]: WB  WC  UC- UC  WB  WP  UC- WT  
[    0.031482] found SMP MP-table at [mem 0x000f5ba0-0x000f5baf]
[    0.033330] Using GB pages for direct mapping
[    0.036840] ACPI: Early table checksum verification disabled
[    0.038416] ACPI: RSDP 0x00000000000F59C0 000014 (v00 BOCHS )
[    0.039897] ACPI: RSDT 0x000000007FFE1951 000034 (v01 BOCHS  BXPC     00000001 BXPC 00000001)
[    0.042087] ACPI: FACP 0x000000007FFE17FD 000074 (v01 BOCHS  BXPC     00000001 BXPC 00000001)
[    0.044262] ACPI: DSDT 0x000000007FFE0040 0017BD (v01 BOCHS  BXPC     00000001 BXPC 00000001)
[    0.046371] ACPI: FACS 0x000000007FFE0000 000040
[    0.047553] ACPI: APIC 0x000000007FFE1871 000080 (v01 BOCHS  BXPC     00000001 BXPC 00000001)
[    0.049718] ACPI: HPET 0x000000007FFE18F1 000038 (v01 BOCHS  BXPC     00000001 BXPC 00000001)
[    0.051870] ACPI: WAET 0x000000007FFE1929 000028 (v01 BOCHS  BXPC     00000001 BXPC 00000001)
[    0.053858] ACPI: Reserving FACP table memory at [mem 0x7ffe17fd-0x7ffe1870]
[    0.055467] ACPI: Reserving DSDT table memory at [mem 0x7ffe0040-0x7ffe17fc]
[    0.057104] ACPI: Reserving FACS table memory at [mem 0x7ffe0000-0x7ffe003f]
[    0.058709] ACPI: Reserving APIC table memory at [mem 0x7ffe1871-0x7ffe18f0]
[    0.060311] ACPI: Reserving HPET table memory at [mem 0x7ffe18f1-0x7ffe1928]
[    0.061969] ACPI: Reserving WAET table memory at [mem 0x7ffe1929-0x7ffe1950]
[    0.065266] No NUMA configuration found
[    0.066146] Faking a node at [mem 0x0000000000000000-0x000000007ffdffff]
[    0.067761] NODE_DATA(0) allocated [mem 0x7ffb5000-0x7ffdffff]
[    0.074037] Zone ranges:
[    0.074588]   DMA      [mem 0x0000000000001000-0x0000000000ffffff]
[    0.075888]   DMA32    [mem 0x0000000001000000-0x000000007ffdffff]
[    0.077193]   Normal   empty
[    0.077801]   Device   empty
[    0.078411] Movable zone start for each node
[    0.079302] Early memory node ranges
[    0.080045]   node   0: [mem 0x0000000000001000-0x000000000009efff]
[    0.081356]   node   0: [mem 0x0000000000100000-0x000000007ffdffff]
[    0.082664] Initmem setup node 0 [mem 0x0000000000001000-0x000000007ffdffff]
[    0.085055] On node 0, zone DMA: 1 pages in unavailable ranges
[    0.085469] On node 0, zone DMA: 97 pages in unavailable ranges
[    0.144598] On node 0, zone DMA32: 32 pages in unavailable ranges
[    0.146297] ACPI: PM-Timer IO Port: 0x608
[    0.148122] ACPI: LAPIC_NMI (acpi_id[0xff] dfl dfl lint[0x1])
[    0.149281] IOAPIC[0]: apic_id 0, version 17, address 0xfec00000, GSI 0-23
[    0.150521] ACPI: INT_SRC_OVR (bus 0 bus_irq 0 global_irq 2 dfl dfl)
[    0.151631] ACPI: INT_SRC_OVR (bus 0 bus_irq 5 global_irq 5 high level)
[    0.152808] ACPI: INT_SRC_OVR (bus 0 bus_irq 9 global_irq 9 high level)
[    0.153966] ACPI: INT_SRC_OVR (bus 0 bus_irq 10 global_irq 10 high level)
[    0.155149] ACPI: INT_SRC_OVR (bus 0 bus_irq 11 global_irq 11 high level)
[    0.156351] ACPI: Using ACPI (MADT) for SMP configuration information
[    0.157485] ACPI: HPET id: 0x8086a201 base: 0xfed00000
[    0.158419] TSC deadline timer available
[    0.159118] smpboot: Allowing 2 CPUs, 0 hotplug CPUs
[    0.160182] kvm-guest: KVM setup pv remote TLB flush
[    0.161086] kvm-guest: setup PV sched yield
[    0.161954] PM: hibernation: Registered nosave memory: [mem 0x00000000-0x00000fff]
[    0.163282] PM: hibernation: Registered nosave memory: [mem 0x0009f000-0x0009ffff]
[    0.164606] PM: hibernation: Registered nosave memory: [mem 0x000a0000-0x000effff]
[    0.165920] PM: hibernation: Registered nosave memory: [mem 0x000f0000-0x000fffff]
[    0.167252] [mem 0x80000000-0xfeffbfff] available for PCI devices
[    0.168313] Booting paravirtualized kernel on KVM
[    0.169202] clocksource: refined-jiffies: mask: 0xffffffff max_cycles: 0xffffffff, max_idle_ns: 7645519600211568 ns
[    0.171089] setup_percpu: NR_CPUS:8192 nr_cpumask_bits:2 nr_cpu_ids:2 nr_node_ids:1
[    0.176518] percpu: Embedded 64 pages/cpu s225280 r8192 d28672 u1048576
[    0.178033] kvm-guest: PV spinlocks enabled
[    0.178793] PV qspinlock hash table entries: 256 (order: 0, 4096 bytes, linear)
[    0.180179] Fallback order for Node 0: 0 
[    0.180943] Built 1 zonelists, mobility grouping on.  Total pages: 515808
[    0.182161] Policy zone: DMA32
[    0.182716] Kernel command line: net.ifnames=0 console=ttyS0 root=/dev/sda earlyprintk=serial net.ifnames=0
[    0.189013] Dentry cache hash table entries: 262144 (order: 9, 2097152 bytes, linear)
[    0.191937] Inode-cache hash table entries: 131072 (order: 8, 1048576 bytes, linear)
[    0.193584] mem auto-init: stack:off, heap alloc:off, heap free:off
[    0.199004] Memory: 1985384K/2096632K available (32784K kernel code, 4542K rwdata, 8140K rodata, 3656K init, 22292K bss, 110992K reserved, 0K cma-reserved)
[    0.202744] SLUB: HWalign=64, Order=0-3, MinObjects=0, CPUs=2, Nodes=1
[    0.203957] kmemleak: Kernel memory leak detector disabled
[    0.205050] ftrace: allocating 66818 entries in 262 pages
[    0.232099] ftrace: allocated 262 pages with 3 groups
[    0.237065] Dynamic Preempt: voluntary
[    0.238103] Running RCU self tests
[    0.238776] rcu: Preemptible hierarchical RCU implementation.
[    0.239876] rcu: 	RCU lockdep checking is enabled.
[    0.240843] rcu: 	RCU restricting CPUs from NR_CPUS=8192 to nr_cpu_ids=2.
[    0.242148] 	Trampoline variant of Tasks RCU enabled.
[    0.243121] 	Rude variant of Tasks RCU enabled.
[    0.243988] 	Tracing variant of Tasks RCU enabled.
[    0.244915] rcu: RCU calculated value of scheduler-enlistment delay is 25 jiffies.
[    0.246372] rcu: Adjusting geometry for rcu_fanout_leaf=16, nr_cpu_ids=2
[    0.285904] NR_IRQS: 524544, nr_irqs: 440, preallocated irqs: 16
[    0.287835] rcu: srcu_init: Setting srcu_struct sizes based on contention.
[    0.312917] Console: colour VGA+ 80x25
[    0.314073] printk: console [ttyS0] enabled
[    0.314073] printk: console [ttyS0] enabled
[    0.316337] printk: bootconsole [earlyser0] disabled
[    0.316337] printk: bootconsole [earlyser0] disabled
[    0.318993] Lock dependency validator: Copyright (c) 2006 Red Hat, Inc., Ingo Molnar
[    0.321087] ... MAX_LOCKDEP_SUBCLASSES:  8
[    0.322190] ... MAX_LOCK_DEPTH:          48
[    0.323320] ... MAX_LOCKDEP_KEYS:        8192
[    0.324501] ... CLASSHASH_SIZE:          4096
[    0.325674] ... MAX_LOCKDEP_ENTRIES:     32768
[    0.326881] ... MAX_LOCKDEP_CHAINS:      65536
[    0.328108] ... CHAINHASH_SIZE:          32768
[    0.329344]  memory used by lock dependency info: 6365 kB
[    0.330799]  memory used for stack traces: 4224 kB
[    0.332094]  per task-struct memory footprint: 1920 bytes
[    0.333633] ACPI: Core revision 20220331
[    0.335216] clocksource: hpet: mask: 0xffffffff max_cycles: 0xffffffff, max_idle_ns: 19112604467 ns
[    0.337995] APIC: Switch to symmetric I/O mode setup
[    0.340120] x2apic enabled
[    0.341628] Switched APIC routing to physical x2apic.
[    0.343255] kvm-guest: setup PV IPIs
[    0.347576] ..TIMER: vector=0x30 apic1=0 pin1=2 apic2=-1 pin2=-1
[    0.349295] clocksource: tsc-early: mask: 0xffffffffffffffff max_cycles: 0xb9fb05486c, max_idle_ns: 440795231721 ns
[    0.352268] Calibrating delay loop (skipped) preset value.. 1612.80 BogoMIPS (lpj=3225600)
[    0.356256] pid_max: default: 32768 minimum: 301
[    0.357774] LSM: Security Framework initializing
[    0.359138] Yama: becoming mindful.
[    0.360663] Mount-cache hash table entries: 4096 (order: 3, 32768 bytes, linear)
[    0.362739] Mountpoint-cache hash table entries: 4096 (order: 3, 32768 bytes, linear)
[    0.368410] CPU0: Thermal monitoring enabled (TM1)
[    0.372352] x86/cpu: User Mode Instruction Prevention (UMIP) activated
[    0.376819] Last level iTLB entries: 4KB 0, 2MB 0, 4MB 0
[    0.378517] Last level dTLB entries: 4KB 0, 2MB 0, 4MB 0, 1GB 0
[    0.380439] Spectre V1 : Mitigation: usercopy/swapgs barriers and __user pointer sanitization
[    0.382779] Spectre V2 : WARNING: Unprivileged eBPF is enabled with eIBRS on, data leaks possible via Spectre v2 BHB attacks!
[    0.384272] Spectre V2 : Mitigation: Enhanced IBRS
[    0.385601] Spectre V2 : Spectre v2 / SpectreRSB mitigation: Filling RSB on context switch
[    0.388253] Spectre V2 : Spectre v2 / PBRSB-eIBRS: Retire a single CALL on VMEXIT
[    0.390268] Spectre V2 : mitigation: Enabling conditional Indirect Branch Prediction Barrier
[    0.392247] Speculative Store Bypass: Mitigation: Speculative Store Bypass disabled via prctl
[    0.396247] MMIO Stale Data: Unknown: No mitigations
[    0.535599] Freeing SMP alternatives memory: 56K
[    0.537440] smpboot: CPU0: Genuine Intel(R) 0000 (family: 0x6, model: 0xb7, stepping: 0x0)
[    0.540243] cblist_init_generic: Setting adjustable number of callback queues.
[    0.540254] cblist_init_generic: Setting shift to 1 and lim to 1.
[    0.542010] cblist_init_generic: Setting shift to 1 and lim to 1.
[    0.543754] cblist_init_generic: Setting shift to 1 and lim to 1.
[    0.544314] Running RCU-tasks wait API self tests
[    0.648483] Performance Events: Alderlake Hybrid events, full-width counters, Intel PMU driver.
[    0.651871] core: cpu_core PMU driver: 
[    0.652257] ... version:                2
[    0.653340] ... bit width:              48
[    0.654431] ... generic registers:      6
[    0.655509] ... value mask:             0000ffffffffffff
[    0.656253] ... max period:             00007fffffffffff
[    0.657662] ... fixed-purpose events:   3
[    0.658743] ... event mask:             0001000f0000003f
[    0.660643] rcu: Hierarchical SRCU implementation.
[    0.661912] rcu: 	Max phase no-delay instances is 1000.
[    0.664281] Callback from call_rcu_tasks_trace() invoked.
[    0.669197] unchecked MSR access error: WRMSR to 0x38f (tried to write 0x0001000f0000003f) at rIP: 0xffffffff810cc4ec (native_write_msr+0xc/0x30)
[    0.672243] Call Trace:
[    0.672243]  <TASK>
[    0.672243]  __intel_pmu_enable_all.constprop.45+0x68/0xf0
[    0.672243]  intel_pmu_enable_all+0x1e/0x30
[    0.672243]  x86_pmu_enable+0x46d/0x5a0
[    0.672243]  ? write_comp_data+0x2f/0x90
[    0.672243]  perf_pmu_enable+0x53/0x70
[    0.672243]  ctx_resched+0xab/0xf0
[    0.672243]  __perf_install_in_context+0x347/0x4b0
[    0.672243]  ? perf_duration_warn+0x50/0x50
[    0.672243]  ? perf_duration_warn+0x50/0x50
[    0.672243]  remote_function+0x80/0xa0
[    0.672243]  ? perf_duration_warn+0x50/0x50
[    0.672243]  generic_exec_single+0x124/0x190
[    0.672243]  smp_call_function_single+0x11c/0x240
[    0.672243]  ? perf_duration_warn+0x50/0x50
[    0.672243]  ? __sanitizer_cov_trace_pc+0x25/0x60
[    0.672243]  ? write_comp_data+0x2f/0x90
[    0.672243]  perf_install_in_context+0x2e8/0x310
[    0.672243]  ? ctx_resched+0xf0/0xf0
[    0.672243]  perf_event_create_kernel_counter+0x16a/0x200
[    0.672243]  ? find_next_bit+0x40/0x40
[    0.672243]  hardlockup_detector_event_create+0x46/0xd0
[    0.672243]  hardlockup_detector_perf_init+0x18/0x66
[    0.672243]  watchdog_nmi_probe+0x17/0x1d
[    0.672243]  lockup_detector_init+0x40/0xaf
[    0.672243]  kernel_init_freeable+0x264/0x42e
[    0.672243]  ? rest_init+0x240/0x240
[    0.672243]  kernel_init+0x24/0x1e0
[    0.672243]  ? rest_init+0x240/0x240
[    0.672243]  ret_from_fork+0x1f/0x30
[    0.672243]  </TASK>
[    0.672580] smp: Bringing up secondary CPUs ...
[    0.676344] x86: Booting SMP configuration:
[    0.677586] .... node  #0, CPUs:      #1
[    0.678601] smp: Brought up 1 node, 2 CPUs
[    0.681391] smpboot: Max logical packages: 1
[    0.682607] smpboot: Total of 2 processors activated (3225.60 BogoMIPS)
[    0.700766] devtmpfs: initialized
[    0.701001] x86/mm: Memory block size: 128MB
[    0.709262] clocksource: jiffies: mask: 0xffffffff max_cycles: 0xffffffff, max_idle_ns: 7645041785100000 ns
[    0.712000] futex hash table entries: 512 (order: 4, 65536 bytes, linear)
[    0.714705] pinctrl core: initialized pinctrl subsystem
[    0.717138] 
[    0.717585] *************************************************************
[    0.719424] **     NOTICE NOTICE NOTICE NOTICE NOTICE NOTICE NOTICE    **
[    0.720257] **                                                         **
[    0.722091] **  IOMMU DebugFS SUPPORT HAS BEEN ENABLED IN THIS KERNEL  **
[    0.723929] **                                                         **
[    0.724263] ** This means that this kernel is built to expose internal **
[    0.726132] ** IOMMU data structures, which may compromise security on **
[    0.728018] ** your system.                                            **
[    0.728258] **                                                         **
[    0.730099] ** If you see this message and you are not debugging the   **
[    0.731927] ** kernel, report this immediately to your vendor!         **
[    0.732256] **                                                         **
[    0.734095] **     NOTICE NOTICE NOTICE NOTICE NOTICE NOTICE NOTICE    **
[    0.735905] *************************************************************
[    0.736470] PM: RTC time: 23:21:40, date: 2023-03-06
[    0.746385] NET: Registered PF_NETLINK/PF_ROUTE protocol family
[    0.749006] DMA: preallocated 256 KiB GFP_KERNEL pool for atomic allocations
[    0.751026] DMA: preallocated 256 KiB GFP_KERNEL|GFP_DMA pool for atomic allocations
[    0.752564] DMA: preallocated 256 KiB GFP_KERNEL|GFP_DMA32 pool for atomic allocations
[    0.752856] Callback from call_rcu_tasks_rude() invoked.
[    0.754832] audit: initializing netlink subsys (disabled)
[    0.756392] audit: type=2000 audit(1678144901.328:1): state=initialized audit_enabled=0 res=1
[    0.756855] thermal_sys: Registered thermal governor 'fair_share'
[    0.757742] thermal_sys: Registered thermal governor 'bang_bang'
[    0.758997] thermal_sys: Registered thermal governor 'step_wise'
[    0.760202] thermal_sys: Registered thermal governor 'user_space'
[    0.760357] cpuidle: using governor ladder
[    0.762473] cpuidle: using governor menu
[    0.763960] acpiphp: ACPI Hot Plug PCI Controller Driver version: 0.5
[    0.766647] PCI: Using configuration type 1 for base access
[    0.788631] kprobes: kprobe jump-optimization is enabled. All kprobes are optimized if possible.
[    0.793506] HugeTLB: registered 1.00 GiB page size, pre-allocated 0 pages
[    0.796268] HugeTLB: 16380 KiB vmemmap can be freed for a 1.00 GiB page
[    0.798076] HugeTLB: registered 2.00 MiB page size, pre-allocated 0 pages
[    0.799904] HugeTLB: 28 KiB vmemmap can be freed for a 2.00 MiB page
[    0.945470] Callback from call_rcu_tasks() invoked.
[    0.955971] ACPI: Added _OSI(Module Device)
[    0.956265] ACPI: Added _OSI(Processor Device)
[    0.957508] ACPI: Added _OSI(3.0 _SCP Extensions)
[    0.958819] ACPI: Added _OSI(Processor Aggregator Device)
[    0.960257] ACPI: Added _OSI(Linux-Dell-Video)
[    0.961474] ACPI: Added _OSI(Linux-Lenovo-NV-HDMI-Audio)
[    0.962964] ACPI: Added _OSI(Linux-HPI-Hybrid-Graphics)
[    0.972398] ACPI: 1 ACPI AML tables successfully acquired and loaded
[    4.419703] ACPI: Interpreter enabled
[    4.420432] ACPI: PM: (supports S0 S3 S4 S5)
[    4.421617] ACPI: Using IOAPIC for interrupt routing
[    4.423063] PCI: Using host bridge windows from ACPI; if necessary, use "pci=nocrs" and report a bug
[    4.424254] PCI: Using E820 reservations for host bridge windows
[    4.426879] ACPI: Enabled 2 GPEs in block 00 to 0F
[    4.450691] ACPI: PCI Root Bridge [PCI0] (domain 0000 [bus 00-ff])
[    4.452281] acpi PNP0A03:00: _OSC: OS supports [ASPM ClockPM Segments MSI EDR HPX-Type3]
[    4.454467] acpi PNP0A03:00: _OSC: not requesting OS control; OS requires [ExtendedConfig ASPM ClockPM MSI]
[    4.456343] acpi PNP0A03:00: fail to add MMCONFIG information, can't access extended PCI configuration space under this bridge.
[    4.463130] acpiphp: Slot [3] registered
[    4.464320] acpiphp: Slot [4] registered
[    4.465501] acpiphp: Slot [5] registered
[    4.466675] acpiphp: Slot [6] registered
[    4.467885] acpiphp: Slot [7] registered
[    4.468350] acpiphp: Slot [8] registered
[    4.469544] acpiphp: Slot [9] registered
[    4.470734] acpiphp: Slot [10] registered
[    4.471965] acpiphp: Slot [11] registered
[    4.476369] acpiphp: Slot [12] registered
[    4.477577] acpiphp: Slot [13] registered
[    4.478801] acpiphp: Slot [14] registered
[    4.480027] acpiphp: Slot [15] registered
[    4.480349] acpiphp: Slot [16] registered
[    4.481588] acpiphp: Slot [17] registered
[    4.482932] acpiphp: Slot [18] registered
[    4.484265] acpiphp: Slot [19] registered
[    4.485547] acpiphp: Slot [20] registered
[    4.486781] acpiphp: Slot [21] registered
[    4.488047] acpiphp: Slot [22] registered
[    4.488372] acpiphp: Slot [23] registered
[    4.489610] acpiphp: Slot [24] registered
[    4.490828] acpiphp: Slot [25] registered
[    4.492053] acpiphp: Slot [26] registered
[    4.492364] acpiphp: Slot [27] registered
[    4.493582] acpiphp: Slot [28] registered
[    4.494830] acpiphp: Slot [29] registered
[    4.496042] acpiphp: Slot [30] registered
[    4.496371] acpiphp: Slot [31] registered
[    4.497535] PCI host bridge to bus 0000:00
[    4.498700] pci_bus 0000:00: root bus resource [io  0x0000-0x0cf7 window]
[    4.500255] pci_bus 0000:00: root bus resource [io  0x0d00-0xffff window]
[    4.502126] pci_bus 0000:00: root bus resource [mem 0x000a0000-0x000bffff window]
[    4.504164] pci_bus 0000:00: root bus resource [mem 0x80000000-0xfebfffff window]
[    4.508255] pci_bus 0000:00: root bus resource [mem 0x100000000-0x17fffffff window]
[    4.510339] pci_bus 0000:00: root bus resource [bus 00-ff]
[    4.512089] pci 0000:00:00.0: [8086:1237] type 00 class 0x060000
[    4.517143] pci 0000:00:01.0: [8086:7000] type 00 class 0x060100
[    4.520545] pci 0000:00:01.1: [8086:7010] type 00 class 0x010180
[    4.524979] pci 0000:00:01.1: reg 0x20: [io  0xc040-0xc04f]
[    4.527640] pci 0000:00:01.1: legacy IDE quirk: reg 0x10: [io  0x01f0-0x01f7]
[    4.532260] pci 0000:00:01.1: legacy IDE quirk: reg 0x14: [io  0x03f6]
[    4.534056] pci 0000:00:01.1: legacy IDE quirk: reg 0x18: [io  0x0170-0x0177]
[    4.536243] pci 0000:00:01.1: legacy IDE quirk: reg 0x1c: [io  0x0376]
[    4.538716] pci 0000:00:01.3: [8086:7113] type 00 class 0x068000
[    4.541359] pci 0000:00:01.3: quirk: [io  0x0600-0x063f] claimed by PIIX4 ACPI
[    4.543326] pci 0000:00:01.3: quirk: [io  0x0700-0x070f] claimed by PIIX4 SMB
[    4.545037] pci 0000:00:02.0: [1234:1111] type 00 class 0x030000
[    4.549144] pci 0000:00:02.0: reg 0x10: [mem 0xfd000000-0xfdffffff pref]
[    4.554660] pci 0000:00:02.0: reg 0x18: [mem 0xfebf0000-0xfebf0fff]
[    4.565217] pci 0000:00:02.0: reg 0x30: [mem 0xfebe0000-0xfebeffff pref]
[    4.567174] pci 0000:00:02.0: Video device with shadowed ROM at [mem 0x000c0000-0x000dffff]
[    4.575307] pci 0000:00:03.0: [8086:100e] type 00 class 0x020000
[    4.577360] pci 0000:00:03.0: reg 0x10: [mem 0xfebc0000-0xfebdffff]
[    4.579791] pci 0000:00:03.0: reg 0x14: [io  0xc000-0xc03f]
[    4.584270] pci 0000:00:03.0: reg 0x30: [mem 0xfeb80000-0xfebbffff pref]
[    4.640285] ACPI: PCI: Interrupt link LNKA configured for IRQ 10
[    4.642478] ACPI: PCI: Interrupt link LNKB configured for IRQ 10
[    4.644644] ACPI: PCI: Interrupt link LNKC configured for IRQ 11
[    4.646712] ACPI: PCI: Interrupt link LNKD configured for IRQ 11
[    4.648514] ACPI: PCI: Interrupt link LNKS configured for IRQ 9
[    4.652968] iommu: Default domain type: Translated 
[    4.656260] iommu: DMA domain TLB invalidation policy: lazy mode 
[    4.660196] SCSI subsystem initialized
[    4.660767] ACPI: bus type USB registered
[    4.662074] usbcore: registered new interface driver usbfs
[    4.663578] usbcore: registered new interface driver hub
[    4.664309] usbcore: registered new device driver usb
[    4.665814] pps_core: LinuxPPS API ver. 1 registered
[    4.667144] pps_core: Software ver. 5.3.6 - Copyright 2005-2007 Rodolfo Giometti <giometti@linux.it>
[    4.668287] PTP clock support registered
[    4.672395] EDAC MC: Ver: 3.0.0
[    4.677135] NetLabel: Initializing
[    4.678159] NetLabel:  domain hash size = 128
[    4.679408] NetLabel:  protocols = UNLABELED CIPSOv4 CALIPSO
[    4.680370] NetLabel:  unlabeled traffic allowed by default
[    4.682265] PCI: Using ACPI for IRQ routing
[    4.684686] pci 0000:00:02.0: vgaarb: setting as boot VGA device
[    4.686058] pci 0000:00:02.0: vgaarb: bridge control possible
[    4.687667] pci 0000:00:02.0: vgaarb: VGA device added: decodes=io+mem,owns=io+mem,locks=none
[    4.688257] vgaarb: loaded
[    4.689597] hpet0: at MMIO 0xfed00000, IRQs 2, 8, 0
[    4.691050] hpet0: 3 comparators, 64-bit 100.000000 MHz counter
[    4.696263] clocksource: Switched to clocksource kvm-clock
[    4.932830] VFS: Disk quotas dquot_6.6.0
[    4.934067] VFS: Dquot-cache hash table entries: 512 (order 0, 4096 bytes)
[    4.936517] pnp: PnP ACPI init
[    4.940088] pnp: PnP ACPI: found 6 devices
[    4.960070] clocksource: acpi_pm: mask: 0xffffff max_cycles: 0xffffff, max_idle_ns: 2085701024 ns
[    4.963097] NET: Registered PF_INET protocol family
[    4.964825] IP idents hash table entries: 32768 (order: 6, 262144 bytes, linear)
[    4.968448] tcp_listen_portaddr_hash hash table entries: 1024 (order: 4, 73728 bytes, linear)
[    4.970784] Table-perturb hash table entries: 65536 (order: 6, 262144 bytes, linear)
[    4.973019] TCP established hash table entries: 16384 (order: 5, 131072 bytes, linear)
[    4.975423] TCP bind hash table entries: 16384 (order: 8, 1179648 bytes, linear)
[    4.991076] TCP: Hash tables configured (established 16384 bind 16384)
[    4.996604] UDP hash table entries: 1024 (order: 5, 163840 bytes, linear)
[    4.998551] UDP-Lite hash table entries: 1024 (order: 5, 163840 bytes, linear)
[    5.000853] NET: Registered PF_UNIX/PF_LOCAL protocol family
[    5.003373] RPC: Registered named UNIX socket transport module.
[    5.005112] RPC: Registered udp transport module.
[    5.006401] RPC: Registered tcp transport module.
[    5.007708] RPC: Registered tcp NFSv4.1 backchannel transport module.
[    5.009661] pci_bus 0000:00: resource 4 [io  0x0000-0x0cf7 window]
[    5.011430] pci_bus 0000:00: resource 5 [io  0x0d00-0xffff window]
[    5.013209] pci_bus 0000:00: resource 6 [mem 0x000a0000-0x000bffff window]
[    5.015092] pci_bus 0000:00: resource 7 [mem 0x80000000-0xfebfffff window]
[    5.016992] pci_bus 0000:00: resource 8 [mem 0x100000000-0x17fffffff window]
[    5.019270] pci 0000:00:01.0: PIIX3: Enabling Passive Release
[    5.021205] pci 0000:00:00.0: Limiting direct PCI/PCI transfers
[    5.023082] PCI: CLS 0 bytes, default 64
[    5.024433] ACPI: bus type thunderbolt registered
[    5.026324] clocksource: tsc: mask: 0xffffffffffffffff max_cycles: 0xb9fb05486c, max_idle_ns: 440795231721 ns
[    5.053968] Initialise system trusted keyrings
[    5.055488] Key type blacklist registered
[    5.057294] workingset: timestamp_bits=36 max_order=19 bucket_order=0
[    5.088941] zbud: loaded
[    5.093106] squashfs: version 4.0 (2009/01/31) Phillip Lougher
[    5.097331] NFS: Registering the id_resolver key type
[    5.098844] Key type id_resolver registered
[    5.100053] Key type id_legacy registered
[    5.101392] nfs4filelayout_init: NFSv4 File Layout Driver Registering...
[    5.103309] nfs4flexfilelayout_init: NFSv4 Flexfile Layout Driver Registering...
[    5.105676] fuse: init (API version 7.36)
[    5.107410] SGI XFS with ACLs, security attributes, realtime, quota, no debug enabled
[    5.112577] 9p: Installing v9fs 9p2000 file system support
[    5.123264] Key type asymmetric registered
[    5.124524] Asymmetric key parser 'x509' registered
[    5.128320] alg: self-tests for CTR-KDF (hmac(sha256)) passed
[    5.130125] Block layer SCSI generic (bsg) driver version 0.4 loaded (major 243)
[    5.132511] io scheduler mq-deadline registered
[    5.133855] io scheduler bfq registered
[    5.138241] shpchp: Standard Hot Plug PCI Controller Driver version: 0.4
[    5.141044] IPMI message handler: version 39.2
[    5.142415] ipmi device interface
[    5.145773] input: Power Button as /devices/LNXSYSTM:00/LNXPWRBN:00/input/input0
[    5.148591] ACPI: button: Power Button [PWRF]
[    5.151177] ERST DBG: ERST support is disabled.
[    5.153652] Serial: 8250/16550 driver, 32 ports, IRQ sharing enabled
[    5.156770] 00:04: ttyS0 at I/O 0x3f8 (irq = 4, base_baud = 115200) is a 16550A
[    5.174265] Linux agpgart interface v0.103
[    5.176699] ACPI: bus type drm_connector registered
[    5.199389] brd: module loaded
[    5.212501] loop: module loaded
[    5.232734] scsi host0: ata_piix
[    5.234845] scsi host1: ata_piix
[    5.236065] ata1: PATA max MWDMA2 cmd 0x1f0 ctl 0x3f6 bmdma 0xc040 irq 14
[    5.238121] ata2: PATA max MWDMA2 cmd 0x170 ctl 0x376 bmdma 0xc048 irq 15
[    5.241984] tun: Universal TUN/TAP device driver, 1.6
[    5.244091] e100: Intel(R) PRO/100 Network Driver
[    5.245507] e100: Copyright(c) 1999-2006 Intel Corporation
[    5.247148] e1000: Intel(R) PRO/1000 Network Driver
[    5.248581] e1000: Copyright (c) 1999-2006 Intel Corporation.
[    5.400788] ata1: found unknown device (class 0)
[    5.403112] ata2: found unknown device (class 0)
[    5.405476] ata1.00: ATA-7: QEMU HARDDISK, 2.5+, max UDMA/100
[    5.407119] ata1.00: 16777216 sectors, multi 16: LBA48 
[    5.409557] ata2.00: ATAPI: QEMU DVD-ROM, 2.5+, max UDMA/100
[    5.413768] scsi 0:0:0:0: Direct-Access     ATA      QEMU HARDDISK    2.5+ PQ: 0 ANSI: 5
[    5.417483] scsi 0:0:0:0: Attached scsi generic sg0 type 0
[    5.420123] scsi 1:0:0:0: CD-ROM            QEMU     QEMU DVD-ROM     2.5+ PQ: 0 ANSI: 5
[    5.424344] sd 0:0:0:0: [sda] 16777216 512-byte logical blocks: (8.59 GB/8.00 GiB)
[    5.426788] sd 0:0:0:0: [sda] Write Protect is off
[    5.428349] sd 0:0:0:0: [sda] Write cache: enabled, read cache: enabled, doesn't support DPO or FUA
[    5.431009] sd 0:0:0:0: [sda] Preferred minimum I/O size 512 bytes
[    5.451664] sd 0:0:0:0: [sda] Attached SCSI disk
[    5.454808] sd 1:0:0:0: Attached scsi generic sg1 type 5
[    5.504663] ACPI: \_SB_.LNKC: Enabled at IRQ 11
[    5.910733] e1000 0000:00:03.0 eth0: (PCI:33MHz:32-bit) 52:54:00:12:34:56
[    5.912788] e1000 0000:00:03.0 eth0: Intel(R) PRO/1000 Network Connection
[    5.914868] e1000e: Intel(R) PRO/1000 Network Driver
[    5.916315] e1000e: Copyright(c) 1999 - 2015 Intel Corporation.
[    5.918082] igb: Intel(R) Gigabit Ethernet Network Driver
[    5.919607] igb: Copyright (c) 2007-2014 Intel Corporation.
[    5.921341] PPP generic driver version 2.4.2
[    5.924057] VFIO - User Level meta-driver version: 0.3
[    5.925741] ehci_hcd: USB 2.0 'Enhanced' Host Controller (EHCI) Driver
[    5.927637] ehci-pci: EHCI PCI platform driver
[    5.928995] ehci-platform: EHCI generic platform driver
[    5.930559] ohci_hcd: USB 1.1 'Open' Host Controller (OHCI) Driver
[    5.932373] ohci-pci: OHCI PCI platform driver
[    5.933706] ohci-platform: OHCI generic platform driver
[    5.935208] uhci_hcd: USB Universal Host Controller Interface driver
[    5.937960] usbcore: registered new interface driver uas
[    5.940006] usbcore: registered new interface driver usb-storage
[    5.941732] i8042: PNP: PS/2 Controller [PNP0303:KBD,PNP0f13:MOU] at 0x60,0x64 irq 1,12
[    5.945376] serio: i8042 KBD port at 0x60,0x64 irq 1
[    5.946539] serio: i8042 AUX port at 0x60,0x64 irq 12
[    5.949642] mousedev: PS/2 mouse device common for all mice
[    5.953227] input: AT Translated Set 2 keyboard as /devices/platform/i8042/serio0/input/input1
[    5.953436] rtc_cmos 00:05: RTC can wake from S4
[    5.958970] input: VirtualPS/2 VMware VMMouse as /devices/platform/i8042/serio1/input/input4
[    5.959249] rtc_cmos 00:05: registered as rtc0
[    5.962863] rtc_cmos 00:05: setting system clock to 2023-03-06T23:21:45 UTC (1678144905)
[    5.965094] rtc_cmos 00:05: alarms up to one day, y3k, 242 bytes nvram, hpet irqs
[    5.965254] input: VirtualPS/2 VMware VMMouse as /devices/platform/i8042/serio1/input/input3
[    5.966773] i2c_dev: i2c /dev entries driver
[    5.970484] device-mapper: core: CONFIG_IMA_DISABLE_HTABLE is disabled. Duplicate IMA measurements will not be recorded in the IMA log.
[    5.973496] device-mapper: uevent: version 1.0.3
[    5.975289] device-mapper: ioctl: 4.47.0-ioctl (2022-07-28) initialised: dm-devel@redhat.com
[    5.977166] intel_pstate: CPU model not supported
[    5.978435] sdhci: Secure Digital Host Controller Interface driver
[    5.979738] sdhci: Copyright(c) Pierre Ossman
[    5.980898] sdhci-pltfm: SDHCI platform and OF driver helper
[    5.982364] ledtrig-cpu: registered to indicate activity on CPUs
[    5.984531] drop_monitor: Initializing network drop monitor service
[    5.987249] NET: Registered PF_INET6 protocol family
[    5.994018] Segment Routing with IPv6
[    5.995220] In-situ OAM (IOAM) with IPv6
[    5.996475] NET: Registered PF_PACKET protocol family
[    5.998825] 9pnet: Installing 9P2000 support
[    5.999960] Key type dns_resolver registered
[    6.003109] IPI shorthand broadcast: enabled
[    6.004771] sched_clock: Marking stable (5953800270, 50751526)->(6089586511, -85034715)
[    6.008372] registered taskstats version 1
[    6.010158] Loading compiled-in X.509 certificates
[    6.014442] zswap: loaded using pool lzo/zbud
[    6.017643] Key type ._fscrypt registered
[    6.018800] Key type .fscrypt registered
[    6.019930] Key type fscrypt-provisioning registered
[    6.023818] Key type encrypted registered
[    6.025002] ima: No TPM chip found, activating TPM-bypass!
[    6.026262] ima: Allocated hash algorithm: sha1
[    6.027438] ima: No architecture policies found
[    6.028712] evm: Initialising EVM extended attributes:
[    6.029819] evm: security.selinux
[    6.030568] evm: security.SMACK64
[    6.031331] evm: security.SMACK64EXEC
[    6.032184] evm: security.SMACK64TRANSMUTE
[    6.033167] evm: security.SMACK64MMAP
[    6.034011] evm: security.apparmor
[    6.034773] evm: security.ima
[    6.035455] evm: security.capability
[    6.036298] evm: HMAC attrs: 0x1
[    6.049015] PM:   Magic number: 15:694:402
[    6.051477] RAS: Correctable Errors collector initialized.
[    6.055843] md: Waiting for all devices to be available before autodetect
[    6.056936] md: If you don't use raid, use raid=noautodetect
[    6.057796] md: Autodetecting RAID arrays.
[    6.058470] md: autorun ...
[    6.058913] md: ... autorun DONE.
[    6.070165] EXT4-fs (sda): mounted filesystem with ordered data mode. Quota mode: none.
[    6.071837] VFS: Mounted root (ext4 filesystem) readonly on device 8:0.
[    6.077322] devtmpfs: mounted
[    6.088803] Freeing unused decrypted memory: 2036K
[    6.097223] Freeing unused kernel image (initmem) memory: 3656K
[    6.098467] Write protecting the kernel read-only data: 43008k
[    6.103451] Freeing unused kernel image (text/rodata gap) memory: 2028K
[    6.105026] Freeing unused kernel image (rodata/data gap) memory: 52K
[    6.234429] x86/mm: Checked W+X mappings: passed, no W+X pages found.
[    6.235903] Run /sbin/init as init process
[    6.447818] systemd[1]: RTC configured in localtime, applying delta of 0 minutes to system time.
[    6.498409] systemd[1]: systemd 239 (239-49.el8) running in system mode. (+PAM +AUDIT +SELINUX +IMA -APPARMOR +SMACK +SYSVINIT +UTMP +LIBCRYPTSETUP +GCRYPT +GNUTLS +ACL +XZ +LZ4 +SECCOMP +BLKID +ELFUTILS +KMOD +IDN2 -IDN +PCRE2 default-hierarchy=legacy)
[    6.502968] systemd[1]: Detected virtualization kvm.
[    6.503916] systemd[1]: Detected architecture x86-64.

Welcome to [0;31mCentOS Stream 8[0m!

[    6.571798] systemd[1]: Set hostname to <test>.
[    8.560445] random: crng init done
[    8.779051] systemd[1]: Listening on Journal Socket.
[[0;32m  OK  [0m] Listening on Journal Socket.
[    8.797932] systemd[1]: Created slice system-getty.slice.
[[0;32m  OK  [0m] Created slice system-getty.slice.
[    8.832858] systemd[1]: Mounting POSIX Message Queue File System...
         Mounting POSIX Message Queue File System...
[    8.840551] systemd[1]: Mounting Huge Pages File System...
         Mounting Huge Pages File System...
[    8.843427] systemd[1]: Listening on udev Kernel Socket.
[[0;32m  OK  [0m] Listening on udev Kernel Socket.
[    8.850712] systemd[1]: Starting Setup Virtual Console...
         Starting Setup Virtual Console...
[[0;32m  OK  [0m] Created slice system-sshd\x2dkeygen.slice.
[[0;32m  OK  [0m] Listening on Journal Socket (/dev/log).
         Starting Load Kernel Modules...
         Mounting Kernel Debug File System...
[[0;32m  OK  [0m] Listening on Device-mapper event daemon FIFOs.
         Starting Monitoring of LVM2 mirrorsâ€¦ng dmeventd or progress polling...
[[0;32m  OK  [0m] Started Forward Password Requests to Wall Directory Watch.
[[0;32m  OK  [0m] Listening on Process Core Dump Socket.
[[0;32m  OK  [0m] Created slice User and Session Slice.
[[0;32m  OK  [0m] Reached target Slices.
[[0;32m  OK  [0m] Listening on RPCbind Server Activation Socket.
[[0;32m  OK  [0m] Reached target RPC Port Mapper.
[[0;32m  OK  [0m] Listening on udev Control Socket.
[[0;32m  OK  [0m] Reached target Swap.
[[0;32m  OK  [0m] Created slice system-serial\x2dgetty.slice.
[[0;32m  OK  [0m] Listening on LVM2 poll daemon socket.
[[0;32m  OK  [0m] Listening on initctl Compatibility Named Pipe.
         Starting Remount Root and Kernel File Systems...
[[0;32m  OK  [0m] Set up automount Arbitrary Executabâ€¦rmats File System Automount Point.
[[0;32m  OK  [0m] Listening on multipathd control socket.
         Starting udev Coldplug all Devices...
         Starting Journal Service...
[[0;32m  OK  [0m] Mounted POSIX Message Queue File System.
[    9.520708] EXT4-fs (sda): re-mounted. Quota mode: none.
[[0;32m  OK  [0m] Mounted Huge Pages File System.
[[0;32m  OK  [0m] Started Journal Service.
[[0;1;31mFAILED[0m] Failed to start Load Kernel Modules.
See 'systemctl status systemd-modules-load.service' for details.
[[0;32m  OK  [0m] Started Setup Virtual Console.
[[0;32m  OK  [0m] Mounted Kernel Debug File System.
[[0;32m  OK  [0m] Started Monitoring of LVM2 mirrors,â€¦sing dmeventd or progress polling.
[[0;32m  OK  [0m] Started Remount Root and Kernel File Systems.
         Starting Create Static Device Nodes in /dev...
         Starting Load/Save Random Seed...
         Mounting Kernel Configuration File System...
         Starting Apply Kernel Variables...
         Mounting FUSE Control File System...
         Starting Flush Journal to Persistent Storage...
[[0;32m  OK  [0m] Started Create Static Device Nodes in /dev.
[[0;32m  OK  [0m] Started Load/Save Random Seed.
[[0;32m  OK  [0m] Mounted Kernel Configuration File System.
[[0;32m  OK  [0m] Started Apply Kernel Variables.
[[0;32m  OK  [0m] Mounted FUSE Control File System.
         Starting udev Kernel Device Manager...
[[0;32m  OK  [0m] Started Flush Journal to Persistent Storage.
[[0;32m  OK  [0m] Started udev Coldplug all Devices.
         Starting udev Wait for Complete Device Initialization...
[[0;32m  OK  [0m] Started udev Kernel Device Manager.
         Starting Show Plymouth Boot Screen...
[[0;32m  OK  [0m] Started Show Plymouth Boot Screen.
[[0;32m  OK  [0m] Reached target Paths.
[[0;32m  OK  [0m] Reached target Local Encrypted Volumes.
[[0;32m  OK  [0m] Started Forward Password Requests to Plymouth Directory Watch.
[[0;32m  OK  [0m] Found device /dev/ttyS0.
[[0;32m  OK  [0m] Listening on Load/Save RF Kill Switch Status /dev/rfkill Watch.
[[0;32m  OK  [0m] Started udev Wait for Complete Device Initialization.
[[0;32m  OK  [0m] Reached target Local File Systems (Pre).
[[0;32m  OK  [0m] Reached target Local File Systems.
         Starting Restore /run/initramfs on shutdown...
         Starting Create Volatile Files and Directories...
         Starting Tell Plymouth To Write Out Runtime Data...
[[0;32m  OK  [0m] Started Restore /run/initramfs on shutdown.
[[0;32m  OK  [0m] Started Create Volatile Files and Directories.
[[0;32m  OK  [0m] Started Tell Plymouth To Write Out Runtime Data.
         Mounting RPC Pipe File System...
         Starting Security Auditing Service...
         Starting RPC Bind...
[[0;32m  OK  [0m] Mounted RPC Pipe File System.
[[0;32m  OK  [0m] Reached target rpc_pipefs.target.
[[0;32m  OK  [0m] Started RPC Bind.
[[0;32m  OK  [0m] Started Security Auditing Service.
         Starting Update UTMP about System Boot/Shutdown...
[[0;32m  OK  [0m] Started Update UTMP about System Boot/Shutdown.
[[0;32m  OK  [0m] Reached target System Initialization.
[[0;32m  OK  [0m] Started daily update of the root trust anchor for DNSSEC.
[[0;32m  OK  [0m] Listening on SSSD Kerberos Cache Manager responder socket.
[[0;32m  OK  [0m] Started dnf makecache --timer.
[[0;32m  OK  [0m] Listening on D-Bus System Message Bus Socket.
[[0;32m  OK  [0m] Reached target Sockets.
[[0;32m  OK  [0m] Reached target Basic System.
[[0;32m  OK  [0m] Started irqbalance daemon.
         Starting Self Monitoring and Reporting Technology (SMART) Daemon...
         Starting Auto-connect to subsystemsâ€¦-NVME devices found during boot...
[[0;32m  OK  [0m] Started Machine Check Exception Logging Daemon.
         Starting Login Service...
[[0;32m  OK  [0m] Started D-Bus System Message Bus.
[[0;32m  OK  [0m] Started Daily Cleanup of Temporary Directories.
[[0;32m  OK  [0m] Reached target Timers.
         Starting Authorization Manager...
         Starting Network Manager...
[[0;32m  OK  [0m] Reached target sshd-keygen.target.
         Starting NTP client/server...
[[0;32m  OK  [0m] Started Self Monitoring and Reporting Technology (SMART) Daemon.
[[0;32m  OK  [0m] Started Auto-connect to subsystems â€¦FC-NVME devices found during boot.
         Starting update of the root trust aâ€¦or DNSSEC validation in unbound...
[[0;32m  OK  [0m] Started Login Service.
[[0;32m  OK  [0m] Started Network Manager.
[[0;32m  OK  [0m] Reached target Network.
         Starting OpenSSH server daemon...
         Starting Dynamic System Tuning Daemon...
         Starting GSSAPI Proxy Daemon...
         Starting Network Manager Wait Online...
[[0;32m  OK  [0m] Started update of the root trust anâ€¦ for DNSSEC validation in unbound.
[[0;32m  OK  [0m] Started OpenSSH server daemon.
[[0;32m  OK  [0m] Started NTP client/server.
         Starting Hostname Service...
[[0;32m  OK  [0m] Started GSSAPI Proxy Daemon.
[[0;32m  OK  [0m] Reached target NFS client services.
[[0;32m  OK  [0m] Reached target Remote File Systems (Pre).
[[0;32m  OK  [0m] Reached target Remote File Systems.
         Starting Permit User Sessions...
[[0;32m  OK  [0m] Started Authorization Manager.
[[0;32m  OK  [0m] Started Permit User Sessions.
[[0;32m  OK  [0m] Started Command Scheduler.
         Starting Terminate Plymouth Boot Screen...
         Starting Hold until boot process finishes up...
[[0;32m  OK  [0m] Started Terminate Plymouth Boot Screen.
[[0;32m  OK  [0m] Started Hold until boot process finishes up.
[   13.194844] e1000: eth0 NIC Link is Up 1000 Mbps Full Duplex, Flow Control: RX
[   13.197504] IPv6: ADDRCONF(NETDEV_CHANGE): eth0: link becomes ready
[   13.636215] Spectre V2 : WARNING: Unprivileged eBPF is enabled with eIBRS on, data leaks possible via Spectre v2 BHB attacks!
[   13.638980] Spectre V2 : WARNING: Unprivileged eBPF is enabled with eIBRS on, data leaks possible via Spectre v2 BHB attacks!

CentOS Stream 8
Kernel 6.0.0-rc3-3547481831ac+ on an x86_64

test login: [   28.960232] 
[   28.961091] =============================
[   28.961683] WARNING: suspicious RCU usage
[   28.962263] 6.0.0-rc3-3547481831ac+ #1 Not tainted
[   28.962946] -----------------------------
[   28.963531] lib/maple_tree.c:850 suspicious rcu_dereference_check() usage!
[   28.964534] 
[   28.964534] other info that might help us debug this:
[   28.964534] 
[   28.965637] 
[   28.965637] rcu_scheduler_active = 2, debug_locks = 1
[   28.966547] 5 locks held by repro/1378:
[   28.967100]  #0: ffff888009205448 (sb_writers#5){.+.+}-{0:0}, at: ksys_write+0x9f/0x170
[   28.968347]  #1: ffff88800ad50088 (&of->mutex){+.+.}-{3:3}, at: kernfs_fop_write_iter+0x190/0x290
[   28.969638]  #2: ffff888006894d28 (kn->active#140){.+.+}-{0:0}, at: kernfs_fop_write_iter+0x199/0x290
[   28.970967]  #3: ffffffff83c43648 (ksm_thread_mutex){+.+.}-{3:3}, at: run_store+0x88/0x4d0
[   28.972185]  #4: ffff8880092e8ee8 (&mm->mmap_lock#2){++++}-{3:3}, at: run_store+0x1bd/0x4d0
[   28.973447] 
[   28.973447] stack backtrace:
[   28.974077] CPU: 1 PID: 1378 Comm: repro Not tainted 6.0.0-rc3-3547481831ac+ #1
[   28.975105] Hardware name: QEMU Standard PC (i440FX + PIIX, 1996), BIOS rel-1.16.0-0-gd239552ce722-prebuilt.qemu.org 04/01/2014
[   28.976682] Call Trace:
[   28.977044]  <TASK>
[   28.977366]  dump_stack_lvl+0xa7/0xdb
[   28.977944]  dump_stack+0x19/0x1f
[   28.978445]  lockdep_rcu_suspicious+0xf1/0x100
[   28.979107]  mas_walk+0x26d/0x310
[   28.979660]  mas_find+0xea/0x120
[   28.980150]  run_store+0x1d7/0x4d0
[   28.980671]  ? remove_trailing_rmap_items+0x70/0x70
[   28.981381]  kobj_attr_store+0x3f/0x70
[   28.981938]  sysfs_kf_write+0x69/0x90
[   28.982493]  ? sysfs_file_ops+0xb0/0xb0
[   28.983063]  kernfs_fop_write_iter+0x1ce/0x290
[   28.983730]  vfs_write+0x577/0x780
[   28.984261]  ksys_write+0x9f/0x170
[   28.984782]  __x64_sys_write+0x27/0x30
[   28.985341]  do_syscall_64+0x3b/0x90
[   28.985866]  entry_SYSCALL_64_after_hwframe+0x63/0xcd
[   28.986602] RIP: 0033:0x7f8150d2259d
[   28.987131] Code: 00 c3 66 2e 0f 1f 84 00 00 00 00 00 90 f3 0f 1e fa 48 89 f8 48 89 f7 48 89 d6 48 89 ca 4d 89 c2 4d 89 c8 4c 8b 4c 24 08 0f 05 <48> 3d 01 f0 ff ff 73 01 c3 48 8b 0d d3 08 0d 00 f7 d8 64 89 01 48
[   28.989668] RSP: 002b:00007ffd586308e8 EFLAGS: 00000202 ORIG_RAX: 0000000000000001
[   28.990723] RAX: ffffffffffffffda RBX: 0000000000000000 RCX: 00007f8150d2259d
[   28.991711] RDX: 0000000000000002 RSI: 0000000020000140 RDI: 0000000000000003
[   28.992701] RBP: 00007ffd58630900 R08: 00007ffd58630900 R09: 00007ffd58630900
[   28.993691] R10: 00007ffd58630900 R11: 0000000000000202 R12: 00000000004011a0
[   28.994679] R13: 00007ffd58630a20 R14: 0000000000000000 R15: 0000000000000000
[   28.995702]  </TASK>
