c[?7l[2J[0mSeaBIOS (version rel-1.16.0-0-gd239552ce722-prebuilt.qemu.org)


iPXE (http://ipxe.org) 00:03.0 CA00 PCI2.10 PnP PMM+7FF91000+7FEF1000 CA00
Press Ctrl-B to configure iPXE (PCI 00:03.0)...                                                                               


Booting from ROM...
c[?7l[2J[    0.000000] Linux version 6.0.0-rc3-685405020b9f+ (root@p-rpls01) (gcc (GCC) 8.5.0 20210514 (Red Hat 8.5.0-18), GNU ld version 2.36.1-2.el8) #1 SMP PREEMPT_DYNAMIC Tue Mar 7 05:59:40 CST 2023
[    0.000000] Command line: console=ttyS0 root=/dev/sda earlyprintk=serial net.ifnames=0
[    0.000000] KERNEL supported cpus:
[    0.000000]   Intel GenuineIntel
[    0.000000]   AMD AuthenticAMD
[    0.000000]   Hygon HygonGenuine
[    0.000000]   Centaur CentaurHauls
[    0.000000]   zhaoxin   Shanghai  
[    0.000000] x86/fpu: Supporting XSAVE feature 0x001: 'x87 floating point registers'
[    0.000000] x86/fpu: Supporting XSAVE feature 0x002: 'SSE registers'
[    0.000000] x86/fpu: Supporting XSAVE feature 0x004: 'AVX registers'
[    0.000000] x86/fpu: Supporting XSAVE feature 0x200: 'Protection Keys User registers'
[    0.000000] x86/fpu: xstate_offset[2]:  576, xstate_sizes[2]:  256
[    0.000000] x86/fpu: xstate_offset[9]:  832, xstate_sizes[9]:    8
[    0.000000] x86/fpu: Enabled xstate features 0x207, context size is 840 bytes, using 'compacted' format.
[    0.000000] signal: max sigframe size: 3632
[    0.000000] BIOS-provided physical RAM map:
[    0.000000] BIOS-e820: [mem 0x0000000000000000-0x000000000009fbff] usable
[    0.000000] BIOS-e820: [mem 0x000000000009fc00-0x000000000009ffff] reserved
[    0.000000] BIOS-e820: [mem 0x00000000000f0000-0x00000000000fffff] reserved
[    0.000000] BIOS-e820: [mem 0x0000000000100000-0x000000007ffdffff] usable
[    0.000000] BIOS-e820: [mem 0x000000007ffe0000-0x000000007fffffff] reserved
[    0.000000] BIOS-e820: [mem 0x00000000feffc000-0x00000000feffffff] reserved
[    0.000000] BIOS-e820: [mem 0x00000000fffc0000-0x00000000ffffffff] reserved
[    0.000000] printk: bootconsole [earlyser0] enabled
[    0.000000] NX (Execute Disable) protection: active
[    0.000000] SMBIOS 2.8 present.
[    0.000000] DMI: QEMU Standard PC (i440FX + PIIX, 1996), BIOS rel-1.16.0-0-gd239552ce722-prebuilt.qemu.org 04/01/2014
[    0.000000] Hypervisor detected: KVM
[    0.000000] kvm-clock: Using msrs 4b564d01 and 4b564d00
[    0.000006] kvm-clock: using sched offset of 746459397 cycles
[    0.001420] clocksource: kvm-clock: mask: 0xffffffffffffffff max_cycles: 0x1cd42e4dffb, max_idle_ns: 881590591483 ns
[    0.005724] tsc: Detected 806.400 MHz processor
[    0.015997] last_pfn = 0x7ffe0 max_arch_pfn = 0x400000000
[    0.017701] x86/PAT: Configuration [0-7]: WB  WC  UC- UC  WB  WP  UC- WT  
[    0.027392] found SMP MP-table at [mem 0x000f5ba0-0x000f5baf]
[    0.029085] Using GB pages for direct mapping
[    0.032158] ACPI: Early table checksum verification disabled
[    0.033758] ACPI: RSDP 0x00000000000F59C0 000014 (v00 BOCHS )
[    0.035325] ACPI: RSDT 0x000000007FFE1951 000034 (v01 BOCHS  BXPC     00000001 BXPC 00000001)
[    0.037613] ACPI: FACP 0x000000007FFE17FD 000074 (v01 BOCHS  BXPC     00000001 BXPC 00000001)
[    0.039896] ACPI: DSDT 0x000000007FFE0040 0017BD (v01 BOCHS  BXPC     00000001 BXPC 00000001)
[    0.042201] ACPI: FACS 0x000000007FFE0000 000040
[    0.043442] ACPI: APIC 0x000000007FFE1871 000080 (v01 BOCHS  BXPC     00000001 BXPC 00000001)
[    0.045742] ACPI: HPET 0x000000007FFE18F1 000038 (v01 BOCHS  BXPC     00000001 BXPC 00000001)
[    0.048009] ACPI: WAET 0x000000007FFE1929 000028 (v01 BOCHS  BXPC     00000001 BXPC 00000001)
[    0.050283] ACPI: Reserving FACP table memory at [mem 0x7ffe17fd-0x7ffe1870]
[    0.052146] ACPI: Reserving DSDT table memory at [mem 0x7ffe0040-0x7ffe17fc]
[    0.054028] ACPI: Reserving FACS table memory at [mem 0x7ffe0000-0x7ffe003f]
[    0.055899] ACPI: Reserving APIC table memory at [mem 0x7ffe1871-0x7ffe18f0]
[    0.057786] ACPI: Reserving HPET table memory at [mem 0x7ffe18f1-0x7ffe1928]
[    0.059678] ACPI: Reserving WAET table memory at [mem 0x7ffe1929-0x7ffe1950]
[    0.063155] No NUMA configuration found
[    0.064181] Faking a node at [mem 0x0000000000000000-0x000000007ffdffff]
[    0.066090] NODE_DATA(0) allocated [mem 0x7ffb5000-0x7ffdffff]
[    0.072480] Zone ranges:
[    0.073179]   DMA      [mem 0x0000000000001000-0x0000000000ffffff]
[    0.074833]   DMA32    [mem 0x0000000001000000-0x000000007ffdffff]
[    0.076485]   Normal   empty
[    0.077248]   Device   empty
[    0.078007] Movable zone start for each node
[    0.079138] Early memory node ranges
[    0.080089]   node   0: [mem 0x0000000000001000-0x000000000009efff]
[    0.081757]   node   0: [mem 0x0000000000100000-0x000000007ffdffff]
[    0.083440] Initmem setup node 0 [mem 0x0000000000001000-0x000000007ffdffff]
[    0.086664] On node 0, zone DMA: 1 pages in unavailable ranges
[    0.087190] On node 0, zone DMA: 97 pages in unavailable ranges
[    0.177792] On node 0, zone DMA32: 32 pages in unavailable ranges
[    0.180000] ACPI: PM-Timer IO Port: 0x608
[    0.182429] ACPI: LAPIC_NMI (acpi_id[0xff] dfl dfl lint[0x1])
[    0.183931] IOAPIC[0]: apic_id 0, version 17, address 0xfec00000, GSI 0-23
[    0.185600] ACPI: INT_SRC_OVR (bus 0 bus_irq 0 global_irq 2 dfl dfl)
[    0.187083] ACPI: INT_SRC_OVR (bus 0 bus_irq 5 global_irq 5 high level)
[    0.188638] ACPI: INT_SRC_OVR (bus 0 bus_irq 9 global_irq 9 high level)
[    0.190178] ACPI: INT_SRC_OVR (bus 0 bus_irq 10 global_irq 10 high level)
[    0.191758] ACPI: INT_SRC_OVR (bus 0 bus_irq 11 global_irq 11 high level)
[    0.193359] ACPI: Using ACPI (MADT) for SMP configuration information
[    0.194852] ACPI: HPET id: 0x8086a201 base: 0xfed00000
[    0.196073] TSC deadline timer available
[    0.197006] smpboot: Allowing 2 CPUs, 0 hotplug CPUs
[    0.198293] kvm-guest: KVM setup pv remote TLB flush
[    0.199459] kvm-guest: setup PV sched yield
[    0.200542] PM: hibernation: Registered nosave memory: [mem 0x00000000-0x00000fff]
[    0.202308] PM: hibernation: Registered nosave memory: [mem 0x0009f000-0x0009ffff]
[    0.204093] PM: hibernation: Registered nosave memory: [mem 0x000a0000-0x000effff]
[    0.205869] PM: hibernation: Registered nosave memory: [mem 0x000f0000-0x000fffff]
[    0.207627] [mem 0x80000000-0xfeffbfff] available for PCI devices
[    0.209052] Booting paravirtualized kernel on KVM
[    0.210177] clocksource: refined-jiffies: mask: 0xffffffff max_cycles: 0xffffffff, max_idle_ns: 7645519600211568 ns
[    0.212636] setup_percpu: NR_CPUS:8192 nr_cpumask_bits:2 nr_cpu_ids:2 nr_node_ids:1
[    0.223948] percpu: Embedded 64 pages/cpu s225280 r8192 d28672 u1048576
[    0.225856] kvm-guest: PV spinlocks enabled
[    0.226846] PV qspinlock hash table entries: 256 (order: 0, 4096 bytes, linear)
[    0.228635] Fallback order for Node 0: 0 
[    0.229614] Built 1 zonelists, mobility grouping on.  Total pages: 515808
[    0.231201] Policy zone: DMA32
[    0.231921] Kernel command line: net.ifnames=0 console=ttyS0 root=/dev/sda earlyprintk=serial net.ifnames=0
[    0.239170] Dentry cache hash table entries: 262144 (order: 9, 2097152 bytes, linear)
[    0.241075] Inode-cache hash table entries: 131072 (order: 8, 1048576 bytes, linear)
[    0.242924] mem auto-init: stack:off, heap alloc:off, heap free:off
[    0.249735] Memory: 1985384K/2096632K available (32784K kernel code, 4542K rwdata, 8140K rodata, 3656K init, 22292K bss, 110992K reserved, 0K cma-reserved)
[    0.254349] SLUB: HWalign=64, Order=0-3, MinObjects=0, CPUs=2, Nodes=1
[    0.255752] kmemleak: Kernel memory leak detector disabled
[    0.257000] ftrace: allocating 66817 entries in 262 pages
[    0.291239] ftrace: allocated 262 pages with 3 groups
[    0.296443] Dynamic Preempt: voluntary
[    0.297481] Running RCU self tests
[    0.298172] rcu: Preemptible hierarchical RCU implementation.
[    0.299330] rcu: 	RCU lockdep checking is enabled.
[    0.300283] rcu: 	RCU restricting CPUs from NR_CPUS=8192 to nr_cpu_ids=2.
[    0.301652] 	Trampoline variant of Tasks RCU enabled.
[    0.302658] 	Rude variant of Tasks RCU enabled.
[    0.303559] 	Tracing variant of Tasks RCU enabled.
[    0.304517] rcu: RCU calculated value of scheduler-enlistment delay is 25 jiffies.
[    0.306029] rcu: Adjusting geometry for rcu_fanout_leaf=16, nr_cpu_ids=2
[    0.336364] NR_IRQS: 524544, nr_irqs: 440, preallocated irqs: 16
[    0.337943] rcu: srcu_init: Setting srcu_struct sizes based on contention.
[    0.356521] Console: colour VGA+ 80x25
[    0.357364] printk: console [ttyS0] enabled
[    0.357364] printk: console [ttyS0] enabled
[    0.358989] printk: bootconsole [earlyser0] disabled
[    0.358989] printk: bootconsole [earlyser0] disabled
[    0.360896] Lock dependency validator: Copyright (c) 2006 Red Hat, Inc., Ingo Molnar
[    0.362383] ... MAX_LOCKDEP_SUBCLASSES:  8
[    0.363187] ... MAX_LOCK_DEPTH:          48
[    0.364002] ... MAX_LOCKDEP_KEYS:        8192
[    0.364858] ... CLASSHASH_SIZE:          4096
[    0.365711] ... MAX_LOCKDEP_ENTRIES:     32768
[    0.366577] ... MAX_LOCKDEP_CHAINS:      65536
[    0.367446] ... CHAINHASH_SIZE:          32768
[    0.368317]  memory used by lock dependency info: 6365 kB
[    0.369366]  memory used for stack traces: 4224 kB
[    0.370299]  per task-struct memory footprint: 1920 bytes
[    0.371410] ACPI: Core revision 20220331
[    0.372571] clocksource: hpet: mask: 0xffffffff max_cycles: 0xffffffff, max_idle_ns: 19112604467 ns
[    0.374559] APIC: Switch to symmetric I/O mode setup
[    0.376072] x2apic enabled
[    0.377144] Switched APIC routing to physical x2apic.
[    0.378134] kvm-guest: setup PV IPIs
[    0.381288] ..TIMER: vector=0x30 apic1=0 pin1=2 apic2=-1 pin2=-1
[    0.382514] clocksource: tsc-early: mask: 0xffffffffffffffff max_cycles: 0xb9fb05486c, max_idle_ns: 440795231721 ns
[    0.384597] Calibrating delay loop (skipped) preset value.. 1612.80 BogoMIPS (lpj=3225600)
[    0.386196] pid_max: default: 32768 minimum: 301
[    0.388767] LSM: Security Framework initializing
[    0.389670] Yama: becoming mindful.
[    0.390658] Mount-cache hash table entries: 4096 (order: 3, 32768 bytes, linear)
[    0.392627] Mountpoint-cache hash table entries: 4096 (order: 3, 32768 bytes, linear)
[    0.396342] CPU0: Thermal monitoring enabled (TM1)
[    0.398570] x86/cpu: User Mode Instruction Prevention (UMIP) activated
[    0.401217] Last level iTLB entries: 4KB 0, 2MB 0, 4MB 0
[    0.402322] Last level dTLB entries: 4KB 0, 2MB 0, 4MB 0, 1GB 0
[    0.403502] Spectre V1 : Mitigation: usercopy/swapgs barriers and __user pointer sanitization
[    0.404588] Spectre V2 : WARNING: Unprivileged eBPF is enabled with eIBRS on, data leaks possible via Spectre v2 BHB attacks!
[    0.406757] Spectre V2 : Mitigation: Enhanced IBRS
[    0.408582] Spectre V2 : Spectre v2 / SpectreRSB mitigation: Filling RSB on context switch
[    0.410148] Spectre V2 : Spectre v2 / PBRSB-eIBRS: Retire a single CALL on VMEXIT
[    0.411558] Spectre V2 : mitigation: Enabling conditional Indirect Branch Prediction Barrier
[    0.412582] Speculative Store Bypass: Mitigation: Speculative Store Bypass disabled via prctl
[    0.414198] MMIO Stale Data: Unknown: No mitigations
[    0.539829] Freeing SMP alternatives memory: 56K
[    0.541555] smpboot: CPU0: Genuine Intel(R) 0000 (family: 0x6, model: 0xb7, stepping: 0x0)
[    0.544363] cblist_init_generic: Setting adjustable number of callback queues.
[    0.544589] cblist_init_generic: Setting shift to 1 and lim to 1.
[    0.546011] cblist_init_generic: Setting shift to 1 and lim to 1.
[    0.547407] cblist_init_generic: Setting shift to 1 and lim to 1.
[    0.548693] Running RCU-tasks wait API self tests
[    0.652760] Performance Events: Alderlake Hybrid events, full-width counters, Intel PMU driver.
[    0.655286] core: cpu_core PMU driver: 
[    0.656100] ... version:                2
[    0.656589] ... bit width:              48
[    0.657429] ... generic registers:      6
[    0.658250] ... value mask:             0000ffffffffffff
[    0.659342] ... max period:             00007fffffffffff
[    0.660425] ... fixed-purpose events:   3
[    0.660587] ... event mask:             0001000f0000003f
[    0.662062] rcu: Hierarchical SRCU implementation.
[    0.663040] rcu: 	Max phase no-delay instances is 1000.
[    0.667081] unchecked MSR access error: WRMSR to 0x38f (tried to write 0x0001000f0000003f) at rIP: 0xffffffff810cc4ec (native_write_msr+0xc/0x30)
[    0.668579] Call Trace:
[    0.668579]  <TASK>
[    0.668579]  __intel_pmu_enable_all.constprop.45+0x68/0xf0
[    0.668579]  intel_pmu_enable_all+0x1e/0x30
[    0.668579]  x86_pmu_enable+0x46d/0x5a0
[    0.668579]  ? write_comp_data+0x2f/0x90
[    0.668579]  perf_pmu_enable+0x53/0x70
[    0.668579]  ctx_resched+0xab/0xf0
[    0.668579]  __perf_install_in_context+0x347/0x4b0
[    0.668579]  ? perf_duration_warn+0x50/0x50
[    0.668579]  ? perf_duration_warn+0x50/0x50
[    0.668579]  remote_function+0x80/0xa0
[    0.668579]  ? perf_duration_warn+0x50/0x50
[    0.668579]  generic_exec_single+0x124/0x190
[    0.668579]  smp_call_function_single+0x11c/0x240
[    0.668579]  ? perf_duration_warn+0x50/0x50
[    0.668579]  ? __sanitizer_cov_trace_pc+0x25/0x60
[    0.668579]  ? write_comp_data+0x2f/0x90
[    0.668579]  perf_install_in_context+0x2e8/0x310
[    0.668579]  ? ctx_resched+0xf0/0xf0
[    0.668579]  perf_event_create_kernel_counter+0x16a/0x200
[    0.668579]  ? find_next_bit+0x40/0x40
[    0.668579]  hardlockup_detector_event_create+0x46/0xd0
[    0.668579]  hardlockup_detector_perf_init+0x18/0x66
[    0.668579]  watchdog_nmi_probe+0x17/0x1d
[    0.668579]  lockup_detector_init+0x40/0xaf
[    0.668579]  kernel_init_freeable+0x264/0x42e
[    0.668579]  ? rest_init+0x240/0x240
[    0.668579]  kernel_init+0x24/0x1e0
[    0.668579]  ? rest_init+0x240/0x240
[    0.668579]  ret_from_fork+0x1f/0x30
[    0.668579]  </TASK>
[    0.668646] Callback from call_rcu_tasks_trace() invoked.
[    0.670225] smp: Bringing up secondary CPUs ...
[    0.672992] x86: Booting SMP configuration:
[    0.673950] .... node  #0, CPUs:      #1
[    0.674707] smp: Brought up 1 node, 2 CPUs
[    0.676608] smpboot: Max logical packages: 1
[    0.677547] smpboot: Total of 2 processors activated (3225.60 BogoMIPS)
[    0.691503] devtmpfs: initialized
[    0.691503] x86/mm: Memory block size: 128MB
[    0.697359] clocksource: jiffies: mask: 0xffffffff max_cycles: 0xffffffff, max_idle_ns: 7645041785100000 ns
[    0.700608] futex hash table entries: 512 (order: 4, 65536 bytes, linear)
[    0.702525] pinctrl core: initialized pinctrl subsystem
[    0.704476] 
[    0.704589] *************************************************************
[    0.706054] **     NOTICE NOTICE NOTICE NOTICE NOTICE NOTICE NOTICE    **
[    0.707526] **                                                         **
[    0.708588] **  IOMMU DebugFS SUPPORT HAS BEEN ENABLED IN THIS KERNEL  **
[    0.710053] **                                                         **
[    0.711533] ** This means that this kernel is built to expose internal **
[    0.712588] ** IOMMU data structures, which may compromise security on **
[    0.714051] ** your system.                                            **
[    0.715509] **                                                         **
[    0.716589] ** If you see this message and you are not debugging the   **
[    0.718045] ** kernel, report this immediately to your vendor!         **
[    0.719494] **                                                         **
[    0.720589] **     NOTICE NOTICE NOTICE NOTICE NOTICE NOTICE NOTICE    **
[    0.722063] *************************************************************
[    0.723681] PM: RTC time: 22:38:02, date: 2023-03-06
[    0.732436] NET: Registered PF_NETLINK/PF_ROUTE protocol family
[    0.733444] DMA: preallocated 256 KiB GFP_KERNEL pool for atomic allocations
[    0.735150] DMA: preallocated 256 KiB GFP_KERNEL|GFP_DMA pool for atomic allocations
[    0.736608] DMA: preallocated 256 KiB GFP_KERNEL|GFP_DMA32 pool for atomic allocations
[    0.738528] audit: initializing netlink subsys (disabled)
[    0.739843] audit: type=2000 audit(1678142283.058:1): state=initialized audit_enabled=0 res=1
[    0.739843] thermal_sys: Registered thermal governor 'fair_share'
[    0.739843] thermal_sys: Registered thermal governor 'bang_bang'
[    0.740598] thermal_sys: Registered thermal governor 'step_wise'
[    0.741676] thermal_sys: Registered thermal governor 'user_space'
[    0.742860] cpuidle: using governor ladder
[    0.745611] cpuidle: using governor menu
[    0.747050] acpiphp: ACPI Hot Plug PCI Controller Driver version: 0.5
[    0.749244] PCI: Using configuration type 1 for base access
[    0.756918] Callback from call_rcu_tasks_rude() invoked.
[    0.771460] kprobes: kprobe jump-optimization is enabled. All kprobes are optimized if possible.
[    0.924758] Callback from call_rcu_tasks() invoked.
[    0.926957] HugeTLB: registered 1.00 GiB page size, pre-allocated 0 pages
[    0.928650] HugeTLB: 16380 KiB vmemmap can be freed for a 1.00 GiB page
[    0.930416] HugeTLB: registered 2.00 MiB page size, pre-allocated 0 pages
[    0.932230] HugeTLB: 28 KiB vmemmap can be freed for a 2.00 MiB page
[    0.939478] ACPI: Added _OSI(Module Device)
[    0.940598] ACPI: Added _OSI(Processor Device)
[    0.941801] ACPI: Added _OSI(3.0 _SCP Extensions)
[    0.943092] ACPI: Added _OSI(Processor Aggregator Device)
[    0.944538] ACPI: Added _OSI(Linux-Dell-Video)
[    0.944592] ACPI: Added _OSI(Linux-Lenovo-NV-HDMI-Audio)
[    0.946015] ACPI: Added _OSI(Linux-HPI-Hybrid-Graphics)
[    0.954356] ACPI: 1 ACPI AML tables successfully acquired and loaded
[    0.960665] ACPI: Interpreter enabled
[    0.961834] ACPI: PM: (supports S0 S3 S4 S5)
[    0.962988] ACPI: Using IOAPIC for interrupt routing
[    0.964390] PCI: Using host bridge windows from ACPI; if necessary, use "pci=nocrs" and report a bug
[    0.964593] PCI: Using E820 reservations for host bridge windows
[    0.967085] ACPI: Enabled 2 GPEs in block 00 to 0F
[    0.989721] ACPI: PCI Root Bridge [PCI0] (domain 0000 [bus 00-ff])
[    0.991464] acpi PNP0A03:00: _OSC: OS supports [ASPM ClockPM Segments MSI EDR HPX-Type3]
[    0.992610] acpi PNP0A03:00: _OSC: not requesting OS control; OS requires [ExtendedConfig ASPM ClockPM MSI]
[    0.995332] acpi PNP0A03:00: fail to add MMCONFIG information, can't access extended PCI configuration space under this bridge.
[    0.999768] acpiphp: Slot [3] registered
[    1.000684] acpiphp: Slot [4] registered
[    1.001850] acpiphp: Slot [5] registered
[    1.003000] acpiphp: Slot [6] registered
[    1.004252] acpiphp: Slot [7] registered
[    1.004681] acpiphp: Slot [8] registered
[    1.005832] acpiphp: Slot [9] registered
[    1.007002] acpiphp: Slot [10] registered
[    1.008191] acpiphp: Slot [11] registered
[    1.008685] acpiphp: Slot [12] registered
[    1.009855] acpiphp: Slot [13] registered
[    1.011033] acpiphp: Slot [14] registered
[    1.012222] acpiphp: Slot [15] registered
[    1.012686] acpiphp: Slot [16] registered
[    1.013867] acpiphp: Slot [17] registered
[    1.015037] acpiphp: Slot [18] registered
[    1.016254] acpiphp: Slot [19] registered
[    1.016699] acpiphp: Slot [20] registered
[    1.017880] acpiphp: Slot [21] registered
[    1.019056] acpiphp: Slot [22] registered
[    1.020231] acpiphp: Slot [23] registered
[    1.020703] acpiphp: Slot [24] registered
[    1.021888] acpiphp: Slot [25] registered
[    1.023082] acpiphp: Slot [26] registered
[    1.024265] acpiphp: Slot [27] registered
[    1.024684] acpiphp: Slot [28] registered
[    1.025876] acpiphp: Slot [29] registered
[    1.027045] acpiphp: Slot [30] registered
[    1.028236] acpiphp: Slot [31] registered
[    1.028676] PCI host bridge to bus 0000:00
[    1.029778] pci_bus 0000:00: root bus resource [io  0x0000-0x0cf7 window]
[    1.031597] pci_bus 0000:00: root bus resource [io  0x0d00-0xffff window]
[    1.032593] pci_bus 0000:00: root bus resource [mem 0x000a0000-0x000bffff window]
[    1.034592] pci_bus 0000:00: root bus resource [mem 0x80000000-0xfebfffff window]
[    1.036595] pci_bus 0000:00: root bus resource [mem 0x100000000-0x17fffffff window]
[    1.038652] pci_bus 0000:00: root bus resource [bus 00-ff]
[    1.040313] pci 0000:00:00.0: [8086:1237] type 00 class 0x060000
[    1.045089] pci 0000:00:01.0: [8086:7000] type 00 class 0x060100
[    1.048417] pci 0000:00:01.1: [8086:7010] type 00 class 0x010180
[    1.051128] pci 0000:00:01.1: reg 0x20: [io  0xc040-0xc04f]
[    1.053634] pci 0000:00:01.1: legacy IDE quirk: reg 0x10: [io  0x01f0-0x01f7]
[    1.055579] pci 0000:00:01.1: legacy IDE quirk: reg 0x14: [io  0x03f6]
[    1.056593] pci 0000:00:01.1: legacy IDE quirk: reg 0x18: [io  0x0170-0x0177]
[    1.059054] pci 0000:00:01.1: legacy IDE quirk: reg 0x1c: [io  0x0376]
[    1.061243] pci 0000:00:01.3: [8086:7113] type 00 class 0x068000
[    1.063985] pci 0000:00:01.3: quirk: [io  0x0600-0x063f] claimed by PIIX4 ACPI
[    1.064613] pci 0000:00:01.3: quirk: [io  0x0700-0x070f] claimed by PIIX4 SMB
[    1.067193] pci 0000:00:02.0: [1234:1111] type 00 class 0x030000
[    1.072631] pci 0000:00:02.0: reg 0x10: [mem 0xfd000000-0xfdffffff pref]
[    1.077261] pci 0000:00:02.0: reg 0x18: [mem 0xfebf0000-0xfebf0fff]
[    1.083354] pci 0000:00:02.0: reg 0x30: [mem 0xfebe0000-0xfebeffff pref]
[    1.084984] pci 0000:00:02.0: Video device with shadowed ROM at [mem 0x000c0000-0x000dffff]
[    1.092341] pci 0000:00:03.0: [8086:100e] type 00 class 0x020000
[    1.093681] pci 0000:00:03.0: reg 0x10: [mem 0xfebc0000-0xfebdffff]
[    1.096493] pci 0000:00:03.0: reg 0x14: [io  0xc000-0xc03f]
[    1.100493] pci 0000:00:03.0: reg 0x30: [mem 0xfeb80000-0xfebbffff pref]
[    1.150947] ACPI: PCI: Interrupt link LNKA configured for IRQ 10
[    1.153055] ACPI: PCI: Interrupt link LNKB configured for IRQ 10
[    1.155082] ACPI: PCI: Interrupt link LNKC configured for IRQ 11
[    1.157081] ACPI: PCI: Interrupt link LNKD configured for IRQ 11
[    1.158891] ACPI: PCI: Interrupt link LNKS configured for IRQ 9
[    1.162772] iommu: Default domain type: Translated 
[    1.164108] iommu: DMA domain TLB invalidation policy: lazy mode 
[    1.166615] SCSI subsystem initialized
[    1.168185] ACPI: bus type USB registered
[    1.168743] usbcore: registered new interface driver usbfs
[    1.170246] usbcore: registered new interface driver hub
[    1.171654] usbcore: registered new device driver usb
[    1.172736] pps_core: LinuxPPS API ver. 1 registered
[    1.174038] pps_core: Software ver. 5.3.6 - Copyright 2005-2007 Rodolfo Giometti <giometti@linux.it>
[    1.176385] PTP clock support registered
[    1.176838] EDAC MC: Ver: 3.0.0
[    1.180103] NetLabel: Initializing
[    1.180599] NetLabel:  domain hash size = 128
[    1.181756] NetLabel:  protocols = UNLABELED CIPSOv4 CALIPSO
[    1.183319] NetLabel:  unlabeled traffic allowed by default
[    1.185341] PCI: Using ACPI for IRQ routing
[    1.186876] pci 0000:00:02.0: vgaarb: setting as boot VGA device
[    1.188487] pci 0000:00:02.0: vgaarb: bridge control possible
[    1.188579] pci 0000:00:02.0: vgaarb: VGA device added: decodes=io+mem,owns=io+mem,locks=none
[    1.188592] vgaarb: loaded
[    1.189881] hpet0: at MMIO 0xfed00000, IRQs 2, 8, 0
[    1.191193] hpet0: 3 comparators, 64-bit 100.000000 MHz counter
[    4.213990] clocksource: Switched to clocksource kvm-clock
[    4.484333] VFS: Disk quotas dquot_6.6.0
[    4.485318] VFS: Dquot-cache hash table entries: 512 (order 0, 4096 bytes)
[    4.487383] pnp: PnP ACPI init
[    4.491584] pnp: PnP ACPI: found 6 devices
[    4.512546] clocksource: acpi_pm: mask: 0xffffff max_cycles: 0xffffff, max_idle_ns: 2085701024 ns
[    4.515483] NET: Registered PF_INET protocol family
[    4.517493] IP idents hash table entries: 32768 (order: 6, 262144 bytes, linear)
[    4.520976] tcp_listen_portaddr_hash hash table entries: 1024 (order: 4, 73728 bytes, linear)
[    4.523382] Table-perturb hash table entries: 65536 (order: 6, 262144 bytes, linear)
[    4.525564] TCP established hash table entries: 16384 (order: 5, 131072 bytes, linear)
[    4.528123] TCP bind hash table entries: 16384 (order: 8, 1179648 bytes, linear)
[    4.533900] TCP: Hash tables configured (established 16384 bind 16384)
[    4.536161] UDP hash table entries: 1024 (order: 5, 163840 bytes, linear)
[    4.539487] UDP-Lite hash table entries: 1024 (order: 5, 163840 bytes, linear)
[    4.542023] NET: Registered PF_UNIX/PF_LOCAL protocol family
[    4.545369] RPC: Registered named UNIX socket transport module.
[    4.547055] RPC: Registered udp transport module.
[    4.548320] RPC: Registered tcp transport module.
[    4.549626] RPC: Registered tcp NFSv4.1 backchannel transport module.
[    4.551366] pci_bus 0000:00: resource 4 [io  0x0000-0x0cf7 window]
[    4.553053] pci_bus 0000:00: resource 5 [io  0x0d00-0xffff window]
[    4.554717] pci_bus 0000:00: resource 6 [mem 0x000a0000-0x000bffff window]
[    4.556558] pci_bus 0000:00: resource 7 [mem 0x80000000-0xfebfffff window]
[    4.558428] pci_bus 0000:00: resource 8 [mem 0x100000000-0x17fffffff window]
[    4.560708] pci 0000:00:01.0: PIIX3: Enabling Passive Release
[    4.562285] pci 0000:00:00.0: Limiting direct PCI/PCI transfers
[    4.564060] PCI: CLS 0 bytes, default 64
[    4.565301] ACPI: bus type thunderbolt registered
[    4.567017] clocksource: tsc: mask: 0xffffffffffffffff max_cycles: 0xb9fb05486c, max_idle_ns: 440795231721 ns
[    4.576516] Initialise system trusted keyrings
[    4.578027] Key type blacklist registered
[    4.579711] workingset: timestamp_bits=36 max_order=19 bucket_order=0
[    4.605608] zbud: loaded
[    4.609665] squashfs: version 4.0 (2009/01/31) Phillip Lougher
[    4.614268] NFS: Registering the id_resolver key type
[    4.615712] Key type id_resolver registered
[    4.616876] Key type id_legacy registered
[    4.618124] nfs4filelayout_init: NFSv4 File Layout Driver Registering...
[    4.619922] nfs4flexfilelayout_init: NFSv4 Flexfile Layout Driver Registering...
[    4.622394] fuse: init (API version 7.36)
[    4.624329] SGI XFS with ACLs, security attributes, realtime, quota, no debug enabled
[    4.629394] 9p: Installing v9fs 9p2000 file system support
[    4.638717] Key type asymmetric registered
[    4.639849] Asymmetric key parser 'x509' registered
[    4.644715] alg: self-tests for CTR-KDF (hmac(sha256)) passed
[    4.646388] Block layer SCSI generic (bsg) driver version 0.4 loaded (major 243)
[    4.648566] io scheduler mq-deadline registered
[    4.649871] io scheduler bfq registered
[    4.652760] shpchp: Standard Hot Plug PCI Controller Driver version: 0.4
[    4.655151] IPMI message handler: version 39.2
[    4.656397] ipmi device interface
[    4.659348] input: Power Button as /devices/LNXSYSTM:00/LNXPWRBN:00/input/input0
[    4.661931] ACPI: button: Power Button [PWRF]
[    4.664517] ERST DBG: ERST support is disabled.
[    4.666973] Serial: 8250/16550 driver, 32 ports, IRQ sharing enabled
[    4.669677] 00:04: ttyS0 at I/O 0x3f8 (irq = 4, base_baud = 115200) is a 16550A
[    4.684294] Linux agpgart interface v0.103
[    4.686491] ACPI: bus type drm_connector registered
[    4.706250] brd: module loaded
[    4.717054] loop: module loaded
[    4.724343] scsi host0: ata_piix
[    4.726296] scsi host1: ata_piix
[    4.727448] ata1: PATA max MWDMA2 cmd 0x1f0 ctl 0x3f6 bmdma 0xc040 irq 14
[    4.729292] ata2: PATA max MWDMA2 cmd 0x170 ctl 0x376 bmdma 0xc048 irq 15
[    4.735317] tun: Universal TUN/TAP device driver, 1.6
[    4.737099] e100: Intel(R) PRO/100 Network Driver
[    4.738375] e100: Copyright(c) 1999-2006 Intel Corporation
[    4.739889] e1000: Intel(R) PRO/1000 Network Driver
[    4.741225] e1000: Copyright (c) 1999-2006 Intel Corporation.
[    4.889169] ata1: found unknown device (class 0)
[    4.891355] ata2: found unknown device (class 0)
[    4.893584] ata1.00: ATA-7: QEMU HARDDISK, 2.5+, max UDMA/100
[    4.895137] ata1.00: 16777216 sectors, multi 16: LBA48 
[    4.897439] ata2.00: ATAPI: QEMU DVD-ROM, 2.5+, max UDMA/100
[    4.900536] scsi 0:0:0:0: Direct-Access     ATA      QEMU HARDDISK    2.5+ PQ: 0 ANSI: 5
[    4.903955] scsi 0:0:0:0: Attached scsi generic sg0 type 0
[    4.907324] sd 0:0:0:0: [sda] 16777216 512-byte logical blocks: (8.59 GB/8.00 GiB)
[    4.908363] scsi 1:0:0:0: CD-ROM            QEMU     QEMU DVD-ROM     2.5+ PQ: 0 ANSI: 5
[    4.909775] sd 0:0:0:0: [sda] Write Protect is off
[    4.913623] sd 0:0:0:0: [sda] Write cache: enabled, read cache: enabled, doesn't support DPO or FUA
[    4.916150] sd 0:0:0:0: [sda] Preferred minimum I/O size 512 bytes
[    4.936313] sd 0:0:0:0: [sda] Attached SCSI disk
[    4.938886] scsi 1:0:0:0: Attached scsi generic sg1 type 5
[    4.958809] ACPI: \_SB_.LNKC: Enabled at IRQ 11
[    5.353005] e1000 0000:00:03.0 eth0: (PCI:33MHz:32-bit) 52:54:00:12:34:56
[    5.354580] e1000 0000:00:03.0 eth0: Intel(R) PRO/1000 Network Connection
[    5.356221] e1000e: Intel(R) PRO/1000 Network Driver
[    5.357357] e1000e: Copyright(c) 1999 - 2015 Intel Corporation.
[    5.358721] igb: Intel(R) Gigabit Ethernet Network Driver
[    5.359924] igb: Copyright (c) 2007-2014 Intel Corporation.
[    5.361267] PPP generic driver version 2.4.2
[    5.363296] VFIO - User Level meta-driver version: 0.3
[    5.364525] ehci_hcd: USB 2.0 'Enhanced' Host Controller (EHCI) Driver
[    5.366063] ehci-pci: EHCI PCI platform driver
[    5.367096] ehci-platform: EHCI generic platform driver
[    5.368270] ohci_hcd: USB 1.1 'Open' Host Controller (OHCI) Driver
[    5.369667] ohci-pci: OHCI PCI platform driver
[    5.370681] ohci-platform: OHCI generic platform driver
[    5.371848] uhci_hcd: USB Universal Host Controller Interface driver
[    5.374062] usbcore: registered new interface driver uas
[    5.375327] usbcore: registered new interface driver usb-storage
[    5.376897] i8042: PNP: PS/2 Controller [PNP0303:KBD,PNP0f13:MOU] at 0x60,0x64 irq 1,12
[    5.380164] serio: i8042 KBD port at 0x60,0x64 irq 1
[    5.381346] serio: i8042 AUX port at 0x60,0x64 irq 12
[    5.383398] mousedev: PS/2 mouse device common for all mice
[    5.386088] input: AT Translated Set 2 keyboard as /devices/platform/i8042/serio0/input/input1
[    5.389010] rtc_cmos 00:05: RTC can wake from S4
[    5.391960] input: VirtualPS/2 VMware VMMouse as /devices/platform/i8042/serio1/input/input4
[    5.393226] rtc_cmos 00:05: registered as rtc0
[    5.395073] rtc_cmos 00:05: setting system clock to 2023-03-06T22:38:07 UTC (1678142287)
[    5.397090] rtc_cmos 00:05: alarms up to one day, y3k, 242 bytes nvram, hpet irqs
[    5.398822] i2c_dev: i2c /dev entries driver
[    5.400075] device-mapper: core: CONFIG_IMA_DISABLE_HTABLE is disabled. Duplicate IMA measurements will not be recorded in the IMA log.
[    5.402905] device-mapper: uevent: version 1.0.3
[    5.403110] input: VirtualPS/2 VMware VMMouse as /devices/platform/i8042/serio1/input/input3
[    5.404278] device-mapper: ioctl: 4.47.0-ioctl (2022-07-28) initialised: dm-devel@redhat.com
[    5.407802] intel_pstate: CPU model not supported
[    5.408985] sdhci: Secure Digital Host Controller Interface driver
[    5.410352] sdhci: Copyright(c) Pierre Ossman
[    5.411416] sdhci-pltfm: SDHCI platform and OF driver helper
[    5.412756] ledtrig-cpu: registered to indicate activity on CPUs
[    5.414588] drop_monitor: Initializing network drop monitor service
[    5.416793] NET: Registered PF_INET6 protocol family
[    5.421401] Segment Routing with IPv6
[    5.422410] In-situ OAM (IOAM) with IPv6
[    5.423386] NET: Registered PF_PACKET protocol family
[    5.425017] 9pnet: Installing 9P2000 support
[    5.426178] Key type dns_resolver registered
[    5.428494] IPI shorthand broadcast: enabled
[    5.429630] sched_clock: Marking stable (5396216922, 33306501)->(5520286627, -90763204)
[    5.432672] registered taskstats version 1
[    5.434012] Loading compiled-in X.509 certificates
[    5.435950] zswap: loaded using pool lzo/zbud
[    5.438139] Key type ._fscrypt registered
[    5.438871] Key type .fscrypt registered
[    5.439575] Key type fscrypt-provisioning registered
[    5.442505] Key type encrypted registered
[    5.443567] ima: No TPM chip found, activating TPM-bypass!
[    5.444913] ima: Allocated hash algorithm: sha1
[    5.446114] ima: No architecture policies found
[    5.448967] evm: Initialising EVM extended attributes:
[    5.450214] evm: security.selinux
[    5.451004] evm: security.SMACK64
[    5.451791] evm: security.SMACK64EXEC
[    5.452687] evm: security.SMACK64TRANSMUTE
[    5.453673] evm: security.SMACK64MMAP
[    5.454547] evm: security.apparmor
[    5.455362] evm: security.ima
[    5.456090] evm: security.capability
[    5.456971] evm: HMAC attrs: 0x1
[    5.468306] PM:   Magic number: 15:347:653
[    5.469254] vc vcsu1: hash matches
[    5.470928] RAS: Correctable Errors collector initialized.
[    5.474477] md: Waiting for all devices to be available before autodetect
[    5.475528] md: If you don't use raid, use raid=noautodetect
[    5.476407] md: Autodetecting RAID arrays.
[    5.477111] md: autorun ...
[    5.477575] md: ... autorun DONE.
[    5.488419] EXT4-fs (sda): mounted filesystem with ordered data mode. Quota mode: none.
[    5.489740] VFS: Mounted root (ext4 filesystem) readonly on device 8:0.
[    5.493875] devtmpfs: mounted
[    5.506691] Freeing unused decrypted memory: 2036K
[    5.511856] Freeing unused kernel image (initmem) memory: 3656K
[    5.512838] Write protecting the kernel read-only data: 43008k
[    5.516714] Freeing unused kernel image (text/rodata gap) memory: 2028K
[    5.517838] Freeing unused kernel image (rodata/data gap) memory: 52K
[    5.628240] x86/mm: Checked W+X mappings: passed, no W+X pages found.
[    5.629437] Run /sbin/init as init process
[    5.810341] systemd[1]: RTC configured in localtime, applying delta of 0 minutes to system time.
[    5.848403] systemd[1]: systemd 239 (239-49.el8) running in system mode. (+PAM +AUDIT +SELINUX +IMA -APPARMOR +SMACK +SYSVINIT +UTMP +LIBCRYPTSETUP +GCRYPT +GNUTLS +ACL +XZ +LZ4 +SECCOMP +BLKID +ELFUTILS +KMOD +IDN2 -IDN +PCRE2 default-hierarchy=legacy)
[    5.851119] systemd[1]: Detected virtualization kvm.
[    5.851692] systemd[1]: Detected architecture x86-64.

Welcome to [0;31mCentOS Stream 8[0m!

[    5.903263] systemd[1]: Set hostname to <test>.
[    7.772724] random: crng init done
[    7.920241] systemd[1]: Listening on Journal Socket.
[[0;32m  OK  [0m] Listening on Journal Socket.
[    7.921957] systemd[1]: Listening on udev Kernel Socket.
[[0;32m  OK  [0m] Listening on udev Kernel Socket.
[    7.923648] systemd[1]: Listening on LVM2 poll daemon socket.
[[0;32m  OK  [0m] Listening on LVM2 poll daemon socket.
[    7.927746] systemd[1]: Created slice User and Session Slice.
[[0;32m  OK  [0m] Created slice User and Session Slice.
[    7.961286] systemd[1]: Starting Setup Virtual Console...
         Starting Setup Virtual Console...
[    7.964110] systemd[1]: Set up automount Arbitrary Executable File Formats File System Automount Point.
[[0;32m  OK  [0m] Set up automount Arbitrary Executabâ€¦rmats File System Automount Point.
[[0;32m  OK  [0m] Reached target Slices.
         Mounting POSIX Message Queue File System...
         Starting Load Kernel Modules...
[[0;32m  OK  [0m] Listening on Journal Socket (/dev/log).
         Mounting Huge Pages File System...
[[0;32m  OK  [0m] Listening on Process Core Dump Socket.
[[0;32m  OK  [0m] Listening on Device-mapper event daemon FIFOs.
         Starting Monitoring of LVM2 mirrorsâ€¦ng dmeventd or progress polling...
[[0;32m  OK  [0m] Listening on udev Control Socket.
[[0;32m  OK  [0m] Listening on initctl Compatibility Named Pipe.
[[0;32m  OK  [0m] Listening on multipathd control socket.
         Starting Remount Root and Kernel File Systems...
         Mounting Kernel Debug File System...
[[0;32m  OK  [0m] Reached target Swap.
         Starting udev Coldplug all Devices...
[[0;32m  OK  [0m] Created slice system-sshd\x2dkeygen.slice.
[[0;32m  OK  [0m] Started Forward Password Requests to Wall Directory Watch.
[[0;32m  OK  [0m] Created slice system-getty.slice.
[[0;32m  OK  [0m] Created slice system-serial\x2dgetty.slice.
[[0;32m  OK  [0m] Listening on RPCbind Server Activation Socket.
[    8.424299] EXT4-fs (sda): re-mounted. Quota mode: none.
[[0;32m  OK  [0m] Reached target RPC Port Mapper.
         Starting Journal Service...
[[0;32m  OK  [0m] Started Setup Virtual Console.
[[0;32m  OK  [0m] Mounted POSIX Message Queue File System.
[[0;1;31mFAILED[0m] Failed to start Load Kernel Modules.
See 'systemctl status systemd-modules-load.service' for details.
[[0;32m  OK  [0m] Mounted Huge Pages File System.
[[0;32m  OK  [0m] Started Remount Root and Kernel File Systems.
[[0;32m  OK  [0m] Mounted Kernel Debug File System.
         Starting Load/Save Random Seed...
         Starting Create Static Device Nodes in /dev...
         Mounting Kernel Configuration File System...
         Starting Apply Kernel Variables...
         Mounting FUSE Control File System...
[[0;32m  OK  [0m] Started Load/Save Random Seed.
[[0;32m  OK  [0m] Started Create Static Device Nodes in /dev.
[[0;32m  OK  [0m] Started Journal Service.
[[0;32m  OK  [0m] Mounted Kernel Configuration File System.
[[0;32m  OK  [0m] Started Apply Kernel Variables.
[[0;32m  OK  [0m] Mounted FUSE Control File System.
         Starting Flush Journal to Persistent Storage...
         Starting udev Kernel Device Manager...
[[0;32m  OK  [0m] Started Flush Journal to Persistent Storage.
[[0;32m  OK  [0m] Started udev Coldplug all Devices.
         Starting udev Wait for Complete Device Initialization...
[[0;32m  OK  [0m] Started udev Kernel Device Manager.
         Starting Show Plymouth Boot Screen...
[[0;32m  OK  [0m] Started Show Plymouth Boot Screen.
[[0;32m  OK  [0m] Reached target Paths.
[[0;32m  OK  [0m] Reached target Local Encrypted Volumes.
[[0;32m  OK  [0m] Started Forward Password Requests to Plymouth Directory Watch.
[[0;32m  OK  [0m] Found device /dev/ttyS0.
[[0;32m  OK  [0m] Started Monitoring of LVM2 mirrors,â€¦sing dmeventd or progress polling.
[[0;32m  OK  [0m] Listening on Load/Save RF Kill Switch Status /dev/rfkill Watch.
[[0;32m  OK  [0m] Started udev Wait for Complete Device Initialization.
[[0;32m  OK  [0m] Reached target Local File Systems (Pre).
[[0;32m  OK  [0m] Reached target Local File Systems.
         Starting Restore /run/initramfs on shutdown...
         Starting Tell Plymouth To Write Out Runtime Data...
         Starting Create Volatile Files and Directories...
[[0;32m  OK  [0m] Started Restore /run/initramfs on shutdown.
[[0;32m  OK  [0m] Started Tell Plymouth To Write Out Runtime Data.
[[0;32m  OK  [0m] Started Create Volatile Files and Directories.
         Mounting RPC Pipe File System...
         Starting RPC Bind...
         Starting Security Auditing Service...
[[0;32m  OK  [0m] Mounted RPC Pipe File System.
[[0;32m  OK  [0m] Reached target rpc_pipefs.target.
[[0;32m  OK  [0m] Started RPC Bind.
[[0;32m  OK  [0m] Started Security Auditing Service.
         Starting Update UTMP about System Boot/Shutdown...
[[0;32m  OK  [0m] Started Update UTMP about System Boot/Shutdown.
[[0;32m  OK  [0m] Reached target System Initialization.
[[0;32m  OK  [0m] Started dnf makecache --timer.
[[0;32m  OK  [0m] Started daily update of the root trust anchor for DNSSEC.
[[0;32m  OK  [0m] Started Daily Cleanup of Temporary Directories.
[[0;32m  OK  [0m] Reached target Timers.
[[0;32m  OK  [0m] Listening on D-Bus System Message Bus Socket.
[[0;32m  OK  [0m] Listening on SSSD Kerberos Cache Manager responder socket.
[[0;32m  OK  [0m] Reached target Sockets.
[[0;32m  OK  [0m] Reached target Basic System.
[[0;32m  OK  [0m] Started Machine Check Exception Logging Daemon.
         Starting NTP client/server...
         Starting Self Monitoring and Reporting Technology (SMART) Daemon...
         Starting Authorization Manager...
         Starting Login Service...
         Starting Auto-connect to subsystemsâ€¦-NVME devices found during boot...
[[0;32m  OK  [0m] Started D-Bus System Message Bus.
         Starting Network Manager...
[[0;32m  OK  [0m] Started irqbalance daemon.
[[0;32m  OK  [0m] Reached target sshd-keygen.target.
[[0;32m  OK  [0m] Started Self Monitoring and Reporting Technology (SMART) Daemon.
[[0;32m  OK  [0m] Started Auto-connect to subsystems â€¦FC-NVME devices found during boot.
         Starting update of the root trust aâ€¦or DNSSEC validation in unbound...
[[0;32m  OK  [0m] Started Login Service.
[[0;32m  OK  [0m] Started NTP client/server.
[[0;32m  OK  [0m] Started Network Manager.
[[0;32m  OK  [0m] Reached target Network.
         Starting OpenSSH server daemon...
         Starting GSSAPI Proxy Daemon...
         Starting Dynamic System Tuning Daemon...
         Starting Network Manager Wait Online...
         Starting Hostname Service...
[[0;32m  OK  [0m] Started OpenSSH server daemon.
[[0;32m  OK  [0m] Started update of the root trust anâ€¦ for DNSSEC validation in unbound.
[[0;32m  OK  [0m] Started Authorization Manager.
[[0;32m  OK  [0m] Started GSSAPI Proxy Daemon.
[[0;32m  OK  [0m] Reached target NFS client services.
[[0;32m  OK  [0m] Reached target Remote File Systems (Pre).
[[0;32m  OK  [0m] Reached target Remote File Systems.
         Starting Permit User Sessions...
[[0;32m  OK  [0m] Started Permit User Sessions.
         Starting Terminate Plymouth Boot Screen...
         Starting Hold until boot process finishes up...
[[0;32m  OK  [0m] Started Command Scheduler.
[[0;32m  OK  [0m] Started Terminate Plymouth Boot Screen.
[[0;32m  OK  [0m] Started Hold until boot process finishes up.
[   11.433240] e1000: eth0 NIC Link is Up 1000 Mbps Full Duplex, Flow Control: RX
[   11.435498] IPv6: ADDRCONF(NETDEV_CHANGE): eth0: link becomes ready
[   11.934863] Spectre V2 : WARNING: Unprivileged eBPF is enabled with eIBRS on, data leaks possible via Spectre v2 BHB attacks!
[   11.938656] Spectre V2 : WARNING: Unprivileged eBPF is enabled with eIBRS on, data leaks possible via Spectre v2 BHB attacks!

CentOS Stream 8
Kernel 6.0.0-rc3-685405020b9f+ on an x86_64

test login: 