c[?7l[2J[0mSeaBIOS (version rel-1.16.0-0-gd239552ce722-prebuilt.qemu.org)


iPXE (http://ipxe.org) 00:03.0 CA00 PCI2.10 PnP PMM+7FF91000+7FEF1000 CA00
Press Ctrl-B to configure iPXE (PCI 00:03.0)...                                                                               


Booting from ROM..c[?7l[2J[0m.[    0.000000] Linux version 6.0.0-rc3-becc8cdb6cb2+ (root@p-rpls01) (gcc (GCC) 8.5.0 20210514 (Red Hat 8.5.0-18), GNU ld version 2.36.1-2.el8) #1 SMP PREEMPT_DYNAMIC Tue Mar 7 02:27:11 CST 2023
[    0.000000] Command line: console=ttyS0 root=/dev/sda earlyprintk=serial net.ifnames=0
[    0.000000] KERNEL supported cpus:
[    0.000000]   Intel GenuineIntel
[    0.000000]   AMD AuthenticAMD
[    0.000000]   Hygon HygonGenuine
[    0.000000]   Centaur CentaurHauls
[    0.000000]   zhaoxin   Shanghai  
[    0.000000] x86/fpu: Supporting XSAVE feature 0x001: 'x87 floating point registers'
[    0.000000] x86/fpu: Supporting XSAVE feature 0x002: 'SSE registers'
[    0.000000] x86/fpu: Supporting XSAVE feature 0x004: 'AVX registers'
[    0.000000] x86/fpu: Supporting XSAVE feature 0x200: 'Protection Keys User registers'
[    0.000000] x86/fpu: xstate_offset[2]:  576, xstate_sizes[2]:  256
[    0.000000] x86/fpu: xstate_offset[9]:  832, xstate_sizes[9]:    8
[    0.000000] x86/fpu: Enabled xstate features 0x207, context size is 840 bytes, using 'compacted' format.
[    0.000000] signal: max sigframe size: 3632
[    0.000000] BIOS-provided physical RAM map:
[    0.000000] BIOS-e820: [mem 0x0000000000000000-0x000000000009fbff] usable
[    0.000000] BIOS-e820: [mem 0x000000000009fc00-0x000000000009ffff] reserved
[    0.000000] BIOS-e820: [mem 0x00000000000f0000-0x00000000000fffff] reserved
[    0.000000] BIOS-e820: [mem 0x0000000000100000-0x000000007ffdffff] usable
[    0.000000] BIOS-e820: [mem 0x000000007ffe0000-0x000000007fffffff] reserved
[    0.000000] BIOS-e820: [mem 0x00000000feffc000-0x00000000feffffff] reserved
[    0.000000] BIOS-e820: [mem 0x00000000fffc0000-0x00000000ffffffff] reserved
[    0.000000] printk: bootconsole [earlyser0] enabled
[    0.000000] NX (Execute Disable) protection: active
[    0.000000] SMBIOS 2.8 present.
[    0.000000] DMI: QEMU Standard PC (i440FX + PIIX, 1996), BIOS rel-1.16.0-0-gd239552ce722-prebuilt.qemu.org 04/01/2014
[    0.000000] Hypervisor detected: KVM
[    0.000000] kvm-clock: Using msrs 4b564d01 and 4b564d00
[    0.000009] kvm-clock: using sched offset of 1127143235 cycles
[    0.001534] clocksource: kvm-clock: mask: 0xffffffffffffffff max_cycles: 0x1cd42e4dffb, max_idle_ns: 881590591483 ns
[    0.006318] tsc: Detected 806.400 MHz processor
[    0.018945] last_pfn = 0x7ffe0 max_arch_pfn = 0x400000000
[    0.020879] x86/PAT: Configuration [0-7]: WB  WC  UC- UC  WB  WP  UC- WT  
[    0.036944] found SMP MP-table at [mem 0x000f5ba0-0x000f5baf]
[    0.039096] Using GB pages for direct mapping
[    0.043609] ACPI: Early table checksum verification disabled
[    0.045468] ACPI: RSDP 0x00000000000F59C0 000014 (v00 BOCHS )
[    0.047189] ACPI: RSDT 0x000000007FFE1951 000034 (v01 BOCHS  BXPC     00000001 BXPC 00000001)
[    0.049733] ACPI: FACP 0x000000007FFE17FD 000074 (v01 BOCHS  BXPC     00000001 BXPC 00000001)
[    0.052288] ACPI: DSDT 0x000000007FFE0040 0017BD (v01 BOCHS  BXPC     00000001 BXPC 00000001)
[    0.054760] ACPI: FACS 0x000000007FFE0000 000040
[    0.056125] ACPI: APIC 0x000000007FFE1871 000080 (v01 BOCHS  BXPC     00000001 BXPC 00000001)
[    0.058596] ACPI: HPET 0x000000007FFE18F1 000038 (v01 BOCHS  BXPC     00000001 BXPC 00000001)
[    0.061074] ACPI: WAET 0x000000007FFE1929 000028 (v01 BOCHS  BXPC     00000001 BXPC 00000001)
[    0.063549] ACPI: Reserving FACP table memory at [mem 0x7ffe17fd-0x7ffe1870]
[    0.065593] ACPI: Reserving DSDT table memory at [mem 0x7ffe0040-0x7ffe17fc]
[    0.067618] ACPI: Reserving FACS table memory at [mem 0x7ffe0000-0x7ffe003f]
[    0.069675] ACPI: Reserving APIC table memory at [mem 0x7ffe1871-0x7ffe18f0]
[    0.071712] ACPI: Reserving HPET table memory at [mem 0x7ffe18f1-0x7ffe1928]
[    0.073771] ACPI: Reserving WAET table memory at [mem 0x7ffe1929-0x7ffe1950]
[    0.077988] No NUMA configuration found
[    0.079094] Faking a node at [mem 0x0000000000000000-0x000000007ffdffff]
[    0.081165] NODE_DATA(0) allocated [mem 0x7ffb5000-0x7ffdffff]
[    0.089184] Zone ranges:
[    0.089930]   DMA      [mem 0x0000000000001000-0x0000000000ffffff]
[    0.091768]   DMA32    [mem 0x0000000001000000-0x000000007ffdffff]
[    0.093567]   Normal   empty
[    0.094403]   Device   empty
[    0.095232] Movable zone start for each node
[    0.096495] Early memory node ranges
[    0.097521]   node   0: [mem 0x0000000000001000-0x000000000009efff]
[    0.099332]   node   0: [mem 0x0000000000100000-0x000000007ffdffff]
[    0.101153] Initmem setup node 0 [mem 0x0000000000001000-0x000000007ffdffff]
[    0.104357] On node 0, zone DMA: 1 pages in unavailable ranges
[    0.104936] On node 0, zone DMA: 97 pages in unavailable ranges
[    0.189401] On node 0, zone DMA32: 32 pages in unavailable ranges
[    0.192155] ACPI: PM-Timer IO Port: 0x608
[    0.195124] ACPI: LAPIC_NMI (acpi_id[0xff] dfl dfl lint[0x1])
[    0.197028] IOAPIC[0]: apic_id 0, version 17, address 0xfec00000, GSI 0-23
[    0.199052] ACPI: INT_SRC_OVR (bus 0 bus_irq 0 global_irq 2 dfl dfl)
[    0.200859] ACPI: INT_SRC_OVR (bus 0 bus_irq 5 global_irq 5 high level)
[    0.202734] ACPI: INT_SRC_OVR (bus 0 bus_irq 9 global_irq 9 high level)
[    0.204642] ACPI: INT_SRC_OVR (bus 0 bus_irq 10 global_irq 10 high level)
[    0.206569] ACPI: INT_SRC_OVR (bus 0 bus_irq 11 global_irq 11 high level)
[    0.208538] ACPI: Using ACPI (MADT) for SMP configuration information
[    0.210351] ACPI: HPET id: 0x8086a201 base: 0xfed00000
[    0.211896] TSC deadline timer available
[    0.213027] smpboot: Allowing 2 CPUs, 0 hotplug CPUs
[    0.214803] kvm-guest: KVM setup pv remote TLB flush
[    0.216227] kvm-guest: setup PV sched yield
[    0.217692] PM: hibernation: Registered nosave memory: [mem 0x00000000-0x00000fff]
[    0.219860] PM: hibernation: Registered nosave memory: [mem 0x0009f000-0x0009ffff]
[    0.222003] PM: hibernation: Registered nosave memory: [mem 0x000a0000-0x000effff]
[    0.224154] PM: hibernation: Registered nosave memory: [mem 0x000f0000-0x000fffff]
[    0.226318] [mem 0x80000000-0xfeffbfff] available for PCI devices
[    0.228067] Booting paravirtualized kernel on KVM
[    0.229532] clocksource: refined-jiffies: mask: 0xffffffff max_cycles: 0xffffffff, max_idle_ns: 7645519600211568 ns
[    0.232538] setup_percpu: NR_CPUS:8192 nr_cpumask_bits:2 nr_cpu_ids:2 nr_node_ids:1
[    0.240971] percpu: Embedded 64 pages/cpu s225280 r8192 d28672 u1048576
[    0.243379] kvm-guest: PV spinlocks enabled
[    0.244612] PV qspinlock hash table entries: 256 (order: 0, 4096 bytes, linear)
[    0.246824] Fallback order for Node 0: 0 
[    0.248036] Built 1 zonelists, mobility grouping on.  Total pages: 515808
[    0.249963] Policy zone: DMA32
[    0.250842] Kernel command line: net.ifnames=0 console=ttyS0 root=/dev/sda earlyprintk=serial net.ifnames=0
[    0.260617] Dentry cache hash table entries: 262144 (order: 9, 2097152 bytes, linear)
[    0.265220] Inode-cache hash table entries: 131072 (order: 8, 1048576 bytes, linear)
[    0.267812] mem auto-init: stack:off, heap alloc:off, heap free:off
[    0.277741] Memory: 1985384K/2096632K available (32784K kernel code, 4542K rwdata, 8140K rodata, 3656K init, 22292K bss, 110992K reserved, 0K cma-reserved)
[    0.284015] SLUB: HWalign=64, Order=0-3, MinObjects=0, CPUs=2, Nodes=1
[    0.285869] kmemleak: Kernel memory leak detector disabled
[    0.287542] ftrace: allocating 66816 entries in 262 pages
[    0.372201] ftrace: allocated 261 pages with 3 groups
[    0.380714] Dynamic Preempt: voluntary
[    0.382251] Running RCU self tests
[    0.383518] rcu: Preemptible hierarchical RCU implementation.
[    0.385143] rcu: 	RCU lockdep checking is enabled.
[    0.386455] rcu: 	RCU restricting CPUs from NR_CPUS=8192 to nr_cpu_ids=2.
[    0.388352] 	Trampoline variant of Tasks RCU enabled.
[    0.389756] 	Rude variant of Tasks RCU enabled.
[    0.391005] 	Tracing variant of Tasks RCU enabled.
[    0.392342] rcu: RCU calculated value of scheduler-enlistment delay is 25 jiffies.
[    0.394420] rcu: Adjusting geometry for rcu_fanout_leaf=16, nr_cpu_ids=2
[    0.438571] NR_IRQS: 524544, nr_irqs: 440, preallocated irqs: 16
[    0.440908] rcu: srcu_init: Setting srcu_struct sizes based on contention.
[    0.468276] Console: colour VGA+ 80x25
[    0.469547] printk: console [ttyS0] enabled
[    0.469547] printk: console [ttyS0] enabled
[    0.471973] printk: bootconsole [earlyser0] disabled
[    0.471973] printk: bootconsole [earlyser0] disabled
[    0.474767] Lock dependency validator: Copyright (c) 2006 Red Hat, Inc., Ingo Molnar
[    0.477047] ... MAX_LOCKDEP_SUBCLASSES:  8
[    0.478249] ... MAX_LOCK_DEPTH:          48
[    0.479470] ... MAX_LOCKDEP_KEYS:        8192
[    0.480773] ... CLASSHASH_SIZE:          4096
[    0.482043] ... MAX_LOCKDEP_ENTRIES:     32768
[    0.483329] ... MAX_LOCKDEP_CHAINS:      65536
[    0.484639] ... CHAINHASH_SIZE:          32768
[    0.485941]  memory used by lock dependency info: 6365 kB
[    0.487500]  memory used for stack traces: 4224 kB
[    0.488909]  per task-struct memory footprint: 1920 bytes
[    0.490576] ACPI: Core revision 20220331
[    0.492339] clocksource: hpet: mask: 0xffffffff max_cycles: 0xffffffff, max_idle_ns: 19112604467 ns
[    0.495322] APIC: Switch to symmetric I/O mode setup
[    0.497562] x2apic enabled
[    0.499119] Switched APIC routing to physical x2apic.
[    0.500637] kvm-guest: setup PV IPIs
[    0.505047] ..TIMER: vector=0x30 apic1=0 pin1=2 apic2=-1 pin2=-1
[    0.506838] clocksource: tsc-early: mask: 0xffffffffffffffff max_cycles: 0xb9fb05486c, max_idle_ns: 440795231721 ns
[    0.509892] Calibrating delay loop (skipped) preset value.. 1612.80 BogoMIPS (lpj=3225600)
[    0.513869] pid_max: default: 32768 minimum: 301
[    0.515440] LSM: Security Framework initializing
[    0.517893] Yama: becoming mindful.
[    0.519472] Mount-cache hash table entries: 4096 (order: 3, 32768 bytes, linear)
[    0.521645] Mountpoint-cache hash table entries: 4096 (order: 3, 32768 bytes, linear)
[    0.527445] CPU0: Thermal monitoring enabled (TM1)
[    0.530224] x86/cpu: User Mode Instruction Prevention (UMIP) activated
[    0.536090] Last level iTLB entries: 4KB 0, 2MB 0, 4MB 0
[    0.537973] Last level dTLB entries: 4KB 0, 2MB 0, 4MB 0, 1GB 0
[    0.542019] Spectre V1 : Mitigation: usercopy/swapgs barriers and __user pointer sanitization
[    0.544496] Spectre V2 : WARNING: Unprivileged eBPF is enabled with eIBRS on, data leaks possible via Spectre v2 BHB attacks!
[    0.545887] Spectre V2 : Mitigation: Enhanced IBRS
[    0.547237] Spectre V2 : Spectre v2 / SpectreRSB mitigation: Filling RSB on context switch
[    0.549876] Spectre V2 : Spectre v2 / PBRSB-eIBRS: Retire a single CALL on VMEXIT
[    0.551986] Spectre V2 : mitigation: Enabling conditional Indirect Branch Prediction Barrier
[    0.553868] Speculative Store Bypass: Mitigation: Speculative Store Bypass disabled via prctl
[    0.557868] MMIO Stale Data: Unknown: No mitigations
[    0.773848] Freeing SMP alternatives memory: 56K
[    0.775462] smpboot: CPU0: Genuine Intel(R) 0000 (family: 0x6, model: 0xb7, stepping: 0x0)
[    0.777864] cblist_init_generic: Setting adjustable number of callback queues.
[    0.777877] cblist_init_generic: Setting shift to 1 and lim to 1.
[    0.779789] cblist_init_generic: Setting shift to 1 and lim to 1.
[    0.781704] cblist_init_generic: Setting shift to 1 and lim to 1.
[    0.782013] Running RCU-tasks wait API self tests
[    0.886176] Performance Events: Alderlake Hybrid events, full-width counters, Intel PMU driver.
[    0.890425] core: cpu_core PMU driver: 
[    0.891762] ... version:                2
[    0.893167] ... bit width:              48
[    0.893884] ... generic registers:      6
[    0.895241] ... value mask:             0000ffffffffffff
[    0.896947] ... max period:             00007fffffffffff
[    0.897900] ... fixed-purpose events:   3
[    0.899020] ... event mask:             0001000f0000003f
[    0.900562] Callback from call_rcu_tasks_trace() invoked.
[    0.902568] rcu: Hierarchical SRCU implementation.
[    0.903947] rcu: 	Max phase no-delay instances is 1000.
[    0.910764] unchecked MSR access error: WRMSR to 0x38f (tried to write 0x0001000f0000003f) at rIP: 0xffffffff810cc4ec (native_write_msr+0xc/0x30)
[    0.913864] Call Trace:
[    0.913864]  <TASK>
[    0.913864]  __intel_pmu_enable_all.constprop.45+0x68/0xf0
[    0.913864]  intel_pmu_enable_all+0x1e/0x30
[    0.913864]  x86_pmu_enable+0x46d/0x5a0
[    0.913864]  ? write_comp_data+0x2f/0x90
[    0.913864]  perf_pmu_enable+0x53/0x70
[    0.913864]  ctx_resched+0xab/0xf0
[    0.913864]  __perf_install_in_context+0x347/0x4b0
[    0.913864]  ? perf_duration_warn+0x50/0x50
[    0.913864]  ? perf_duration_warn+0x50/0x50
[    0.913864]  remote_function+0x80/0xa0
[    0.913864]  ? perf_duration_warn+0x50/0x50
[    0.913864]  generic_exec_single+0x124/0x190
[    0.913864]  smp_call_function_single+0x11c/0x240
[    0.913864]  ? perf_duration_warn+0x50/0x50
[    0.913864]  ? __sanitizer_cov_trace_pc+0x25/0x60
[    0.913864]  ? write_comp_data+0x2f/0x90
[    0.913864]  perf_install_in_context+0x2e8/0x310
[    0.913864]  ? ctx_resched+0xf0/0xf0
[    0.913864]  perf_event_create_kernel_counter+0x16a/0x200
[    0.913864]  ? find_next_bit+0x40/0x40
[    0.913864]  hardlockup_detector_event_create+0x46/0xd0
[    0.913864]  hardlockup_detector_perf_init+0x18/0x66
[    0.913864]  watchdog_nmi_probe+0x17/0x1d
[    0.913864]  lockup_detector_init+0x40/0xaf
[    0.913864]  kernel_init_freeable+0x264/0x42e
[    0.913864]  ? rest_init+0x240/0x240
[    0.913864]  kernel_init+0x24/0x1e0
[    0.913864]  ? rest_init+0x240/0x240
[    0.913864]  ret_from_fork+0x1f/0x30
[    0.913864]  </TASK>
[    0.914407] smp: Bringing up secondary CPUs ...
[    0.918229] x86: Booting SMP configuration:
[    0.919494] .... node  #0, CPUs:      #1
[    0.920613] smp: Brought up 1 node, 2 CPUs
[    0.923051] smpboot: Max logical packages: 1
[    0.924276] smpboot: Total of 2 processors activated (3225.60 BogoMIPS)
[    0.942540] devtmpfs: initialized
[    0.943687] x86/mm: Memory block size: 128MB
[    0.951024] clocksource: jiffies: mask: 0xffffffff max_cycles: 0xffffffff, max_idle_ns: 7645041785100000 ns
[    0.953915] futex hash table entries: 512 (order: 4, 65536 bytes, linear)
[    0.956497] pinctrl core: initialized pinctrl subsystem
[    0.959037] 
[    0.959496] *************************************************************
[    0.961421] **     NOTICE NOTICE NOTICE NOTICE NOTICE NOTICE NOTICE    **
[    0.961881] **                                                         **
[    0.963789] **  IOMMU DebugFS SUPPORT HAS BEEN ENABLED IN THIS KERNEL  **
[    0.965718] **                                                         **
[    0.965880] ** This means that this kernel is built to expose internal **
[    0.967786] ** IOMMU data structures, which may compromise security on **
[    0.969686] ** your system.                                            **
[    0.969881] **                                                         **
[    0.971786] ** If you see this message and you are not debugging the   **
[    0.973688] ** kernel, report this immediately to your vendor!         **
[    0.973879] **                                                         **
[    0.975777] **     NOTICE NOTICE NOTICE NOTICE NOTICE NOTICE NOTICE    **
[    0.977668] *************************************************************
[    0.978092] PM: RTC time: 18:59:59, date: 2023-03-06
[    0.988424] NET: Registered PF_NETLINK/PF_ROUTE protocol family
[    0.990640] Callback from call_rcu_tasks_rude() invoked.
[    0.991374] DMA: preallocated 256 KiB GFP_KERNEL pool for atomic allocations
[    0.993963] DMA: preallocated 256 KiB GFP_KERNEL|GFP_DMA pool for atomic allocations
[    0.996184] DMA: preallocated 256 KiB GFP_KERNEL|GFP_DMA32 pool for atomic allocations
[    0.998036] audit: initializing netlink subsys (disabled)
[    0.999648] audit: type=2000 audit(1678129199.566:1): state=initialized audit_enabled=0 res=1
[    0.999843] thermal_sys: Registered thermal governor 'fair_share'
[    1.000589] thermal_sys: Registered thermal governor 'bang_bang'
[    1.001894] thermal_sys: Registered thermal governor 'step_wise'
[    1.003308] thermal_sys: Registered thermal governor 'user_space'
[    1.004845] cpuidle: using governor ladder
[    1.006876] cpuidle: using governor menu
[    1.008480] acpiphp: ACPI Hot Plug PCI Controller Driver version: 0.5
[    1.012216] PCI: Using configuration type 1 for base access
[    1.047438] kprobes: kprobe jump-optimization is enabled. All kprobes are optimized if possible.
[    1.051280] HugeTLB: registered 1.00 GiB page size, pre-allocated 0 pages
[    1.053896] HugeTLB: 16380 KiB vmemmap can be freed for a 1.00 GiB page
[    1.055750] HugeTLB: registered 2.00 MiB page size, pre-allocated 0 pages
[    1.057658] HugeTLB: 28 KiB vmemmap can be freed for a 2.00 MiB page
[    1.324563] Callback from call_rcu_tasks() invoked.
[    1.439249] ACPI: Added _OSI(Module Device)
[    1.440322] ACPI: Added _OSI(Processor Device)
[    1.441438] ACPI: Added _OSI(3.0 _SCP Extensions)
[    1.445904] ACPI: Added _OSI(Processor Aggregator Device)
[    1.447252] ACPI: Added _OSI(Linux-Dell-Video)
[    1.448382] ACPI: Added _OSI(Linux-Lenovo-NV-HDMI-Audio)
[    1.449698] ACPI: Added _OSI(Linux-HPI-Hybrid-Graphics)
[    1.462814] ACPI: 1 ACPI AML tables successfully acquired and loaded
[    4.732138] ACPI: Interpreter enabled
[    4.734055] ACPI: PM: (supports S0 S3 S4 S5)
[    4.735053] ACPI: Using IOAPIC for interrupt routing
[    4.736219] PCI: Using host bridge windows from ACPI; if necessary, use "pci=nocrs" and report a bug
[    4.737874] PCI: Using E820 reservations for host bridge windows
[    4.739968] ACPI: Enabled 2 GPEs in block 00 to 0F
[    4.759278] ACPI: PCI Root Bridge [PCI0] (domain 0000 [bus 00-ff])
[    4.760588] acpi PNP0A03:00: _OSC: OS supports [ASPM ClockPM Segments MSI EDR HPX-Type3]
[    4.761878] acpi PNP0A03:00: _OSC: not requesting OS control; OS requires [ExtendedConfig ASPM ClockPM MSI]
[    4.763918] acpi PNP0A03:00: fail to add MMCONFIG information, can't access extended PCI configuration space under this bridge.
[    4.768528] acpiphp: Slot [3] registered
[    4.769418] acpiphp: Slot [4] registered
[    4.769952] acpiphp: Slot [5] registered
[    4.770832] acpiphp: Slot [6] registered
[    4.771725] acpiphp: Slot [7] registered
[    4.772628] acpiphp: Slot [8] registered
[    4.773511] acpiphp: Slot [9] registered
[    4.773951] acpiphp: Slot [10] registered
[    4.774846] acpiphp: Slot [11] registered
[    4.775757] acpiphp: Slot [12] registered
[    4.776665] acpiphp: Slot [13] registered
[    4.777569] acpiphp: Slot [14] registered
[    4.777952] acpiphp: Slot [15] registered
[    4.778850] acpiphp: Slot [16] registered
[    4.779788] acpiphp: Slot [17] registered
[    4.780695] acpiphp: Slot [18] registered
[    4.781599] acpiphp: Slot [19] registered
[    4.781953] acpiphp: Slot [20] registered
[    4.782859] acpiphp: Slot [21] registered
[    4.783775] acpiphp: Slot [22] registered
[    4.784696] acpiphp: Slot [23] registered
[    4.785607] acpiphp: Slot [24] registered
[    4.785954] acpiphp: Slot [25] registered
[    4.786935] acpiphp: Slot [26] registered
[    4.787881] acpiphp: Slot [27] registered
[    4.788827] acpiphp: Slot [28] registered
[    4.789803] acpiphp: Slot [29] registered
[    4.793957] acpiphp: Slot [30] registered
[    4.794927] acpiphp: Slot [31] registered
[    4.795849] PCI host bridge to bus 0000:00
[    4.796749] pci_bus 0000:00: root bus resource [io  0x0000-0x0cf7 window]
[    4.797875] pci_bus 0000:00: root bus resource [io  0x0d00-0xffff window]
[    4.799358] pci_bus 0000:00: root bus resource [mem 0x000a0000-0x000bffff window]
[    4.800993] pci_bus 0000:00: root bus resource [mem 0x80000000-0xfebfffff window]
[    4.801876] pci_bus 0000:00: root bus resource [mem 0x100000000-0x17fffffff window]
[    4.803531] pci_bus 0000:00: root bus resource [bus 00-ff]
[    4.804911] pci 0000:00:00.0: [8086:1237] type 00 class 0x060000
[    4.809844] pci 0000:00:01.0: [8086:7000] type 00 class 0x060100
[    4.811286] pci 0000:00:01.1: [8086:7010] type 00 class 0x010180
[    4.814694] pci 0000:00:01.1: reg 0x20: [io  0xc040-0xc04f]
[    4.816762] pci 0000:00:01.1: legacy IDE quirk: reg 0x10: [io  0x01f0-0x01f7]
[    4.817883] pci 0000:00:01.1: legacy IDE quirk: reg 0x14: [io  0x03f6]
[    4.819296] pci 0000:00:01.1: legacy IDE quirk: reg 0x18: [io  0x0170-0x0177]
[    4.820835] pci 0000:00:01.1: legacy IDE quirk: reg 0x1c: [io  0x0376]
[    4.822815] pci 0000:00:01.3: [8086:7113] type 00 class 0x068000
[    4.825064] pci 0000:00:01.3: quirk: [io  0x0600-0x063f] claimed by PIIX4 ACPI
[    4.829893] pci 0000:00:01.3: quirk: [io  0x0700-0x070f] claimed by PIIX4 SMB
[    4.832001] pci 0000:00:02.0: [1234:1111] type 00 class 0x030000
[    4.834907] pci 0000:00:02.0: reg 0x10: [mem 0xfd000000-0xfdffffff pref]
[    4.840503] pci 0000:00:02.0: reg 0x18: [mem 0xfebf0000-0xfebf0fff]
[    4.852495] pci 0000:00:02.0: reg 0x30: [mem 0xfebe0000-0xfebeffff pref]
[    4.854230] pci 0000:00:02.0: Video device with shadowed ROM at [mem 0x000c0000-0x000dffff]
[    4.861802] pci 0000:00:03.0: [8086:100e] type 00 class 0x020000
[    4.863185] pci 0000:00:03.0: reg 0x10: [mem 0xfebc0000-0xfebdffff]
[    4.865142] pci 0000:00:03.0: reg 0x14: [io  0xc000-0xc03f]
[    4.869710] pci 0000:00:03.0: reg 0x30: [mem 0xfeb80000-0xfebbffff pref]
[    4.915077] ACPI: PCI: Interrupt link LNKA configured for IRQ 10
[    4.916927] ACPI: PCI: Interrupt link LNKB configured for IRQ 10
[    4.918395] ACPI: PCI: Interrupt link LNKC configured for IRQ 11
[    4.920204] ACPI: PCI: Interrupt link LNKD configured for IRQ 11
[    4.921769] ACPI: PCI: Interrupt link LNKS configured for IRQ 9
[    4.926789] iommu: Default domain type: Translated 
[    4.929879] iommu: DMA domain TLB invalidation policy: lazy mode 
[    4.933944] SCSI subsystem initialized
[    4.934897] ACPI: bus type USB registered
[    4.935494] usbcore: registered new interface driver usbfs
[    4.937950] usbcore: registered new interface driver hub
[    4.939194] usbcore: registered new device driver usb
[    4.940429] pps_core: LinuxPPS API ver. 1 registered
[    4.941480] pps_core: Software ver. 5.3.6 - Copyright 2005-2007 Rodolfo Giometti <giometti@linux.it>
[    4.941885] PTP clock support registered
[    4.942820] EDAC MC: Ver: 3.0.0
[    4.947721] NetLabel: Initializing
[    4.948510] NetLabel:  domain hash size = 128
[    4.949877] NetLabel:  protocols = UNLABELED CIPSOv4 CALIPSO
[    4.951233] NetLabel:  unlabeled traffic allowed by default
[    4.952711] PCI: Using ACPI for IRQ routing
[    4.954221] pci 0000:00:02.0: vgaarb: setting as boot VGA device
[    4.955270] pci 0000:00:02.0: vgaarb: bridge control possible
[    4.956523] pci 0000:00:02.0: vgaarb: VGA device added: decodes=io+mem,owns=io+mem,locks=none
[    4.957875] vgaarb: loaded
[    4.958944] hpet0: at MMIO 0xfed00000, IRQs 2, 8, 0
[    4.960030] hpet0: 3 comparators, 64-bit 100.000000 MHz counter
[    4.966405] clocksource: Switched to clocksource kvm-clock
[    4.970429] VFS: Disk quotas dquot_6.6.0
[    4.971412] VFS: Dquot-cache hash table entries: 512 (order 0, 4096 bytes)
[    4.973406] pnp: PnP ACPI init
[    4.976467] pnp: PnP ACPI: found 6 devices
[    4.990120] clocksource: acpi_pm: mask: 0xffffff max_cycles: 0xffffff, max_idle_ns: 2085701024 ns
[    4.992785] NET: Registered PF_INET protocol family
[    4.994818] IP idents hash table entries: 32768 (order: 6, 262144 bytes, linear)
[    4.998550] tcp_listen_portaddr_hash hash table entries: 1024 (order: 4, 73728 bytes, linear)
[    5.000704] Table-perturb hash table entries: 65536 (order: 6, 262144 bytes, linear)
[    5.002570] TCP established hash table entries: 16384 (order: 5, 131072 bytes, linear)
[    5.004886] TCP bind hash table entries: 16384 (order: 8, 1179648 bytes, linear)
[    5.010165] TCP: Hash tables configured (established 16384 bind 16384)
[    5.013445] UDP hash table entries: 1024 (order: 5, 163840 bytes, linear)
[    5.015656] UDP-Lite hash table entries: 1024 (order: 5, 163840 bytes, linear)
[    5.018236] NET: Registered PF_UNIX/PF_LOCAL protocol family
[    5.030501] RPC: Registered named UNIX socket transport module.
[    5.032061] RPC: Registered udp transport module.
[    5.033283] RPC: Registered tcp transport module.
[    5.034539] RPC: Registered tcp NFSv4.1 backchannel transport module.
[    5.036283] pci_bus 0000:00: resource 4 [io  0x0000-0x0cf7 window]
[    5.037886] pci_bus 0000:00: resource 5 [io  0x0d00-0xffff window]
[    5.039464] pci_bus 0000:00: resource 6 [mem 0x000a0000-0x000bffff window]
[    5.041208] pci_bus 0000:00: resource 7 [mem 0x80000000-0xfebfffff window]
[    5.042996] pci_bus 0000:00: resource 8 [mem 0x100000000-0x17fffffff window]
[    5.045153] pci 0000:00:01.0: PIIX3: Enabling Passive Release
[    5.046680] pci 0000:00:00.0: Limiting direct PCI/PCI transfers
[    5.048372] PCI: CLS 0 bytes, default 64
[    5.050329] ACPI: bus type thunderbolt registered
[    5.052121] clocksource: tsc: mask: 0xffffffffffffffff max_cycles: 0xb9fb05486c, max_idle_ns: 440795231721 ns
[    5.165009] Initialise system trusted keyrings
[    5.166779] Key type blacklist registered
[    5.168674] workingset: timestamp_bits=36 max_order=19 bucket_order=0
[    5.192946] zbud: loaded
[    5.198320] squashfs: version 4.0 (2009/01/31) Phillip Lougher
[    5.203306] NFS: Registering the id_resolver key type
[    5.204477] Key type id_resolver registered
[    5.205405] Key type id_legacy registered
[    5.206602] nfs4filelayout_init: NFSv4 File Layout Driver Registering...
[    5.208138] nfs4flexfilelayout_init: NFSv4 Flexfile Layout Driver Registering...
[    5.210042] fuse: init (API version 7.36)
[    5.211626] SGI XFS with ACLs, security attributes, realtime, quota, no debug enabled
[    5.217713] 9p: Installing v9fs 9p2000 file system support
[    5.233715] Key type asymmetric registered
[    5.234747] Asymmetric key parser 'x509' registered
[    5.240881] alg: self-tests for CTR-KDF (hmac(sha256)) passed
[    5.242861] Block layer SCSI generic (bsg) driver version 0.4 loaded (major 243)
[    5.245308] io scheduler mq-deadline registered
[    5.246752] io scheduler bfq registered
[    5.250404] shpchp: Standard Hot Plug PCI Controller Driver version: 0.4
[    5.253094] IPMI message handler: version 39.2
[    5.254555] ipmi device interface
[    5.258135] input: Power Button as /devices/LNXSYSTM:00/LNXPWRBN:00/input/input0
[    5.260809] ACPI: button: Power Button [PWRF]
[    5.263814] ERST DBG: ERST support is disabled.
[    5.266368] Serial: 8250/16550 driver, 32 ports, IRQ sharing enabled
[    5.269585] 00:04: ttyS0 at I/O 0x3f8 (irq = 4, base_baud = 115200) is a 16550A
[    5.284729] Linux agpgart interface v0.103
[    5.287316] ACPI: bus type drm_connector registered
[    5.310164] brd: module loaded
[    5.324840] loop: module loaded
[    5.336263] scsi host0: ata_piix
[    5.338521] scsi host1: ata_piix
[    5.339718] ata1: PATA max MWDMA2 cmd 0x1f0 ctl 0x3f6 bmdma 0xc040 irq 14
[    5.341656] ata2: PATA max MWDMA2 cmd 0x170 ctl 0x376 bmdma 0xc048 irq 15
[    5.346916] tun: Universal TUN/TAP device driver, 1.6
[    5.348715] e100: Intel(R) PRO/100 Network Driver
[    5.349804] e100: Copyright(c) 1999-2006 Intel Corporation
[    5.351193] e1000: Intel(R) PRO/1000 Network Driver
[    5.352324] e1000: Copyright (c) 1999-2006 Intel Corporation.
[    5.502362] ata1: found unknown device (class 0)
[    5.504646] ata1.00: ATA-7: QEMU HARDDISK, 2.5+, max UDMA/100
[    5.505997] ata1.00: 16777216 sectors, multi 16: LBA48 
[    5.507796] ata2: found unknown device (class 0)
[    5.510000] ata2.00: ATAPI: QEMU DVD-ROM, 2.5+, max UDMA/100
[    5.512996] scsi 0:0:0:0: Direct-Access     ATA      QEMU HARDDISK    2.5+ PQ: 0 ANSI: 5
[    5.517139] sd 0:0:0:0: Attached scsi generic sg0 type 0
[    5.518394] sd 0:0:0:0: [sda] 16777216 512-byte logical blocks: (8.59 GB/8.00 GiB)
[    5.520769] sd 0:0:0:0: [sda] Write Protect is off
[    5.522717] scsi 1:0:0:0: CD-ROM            QEMU     QEMU DVD-ROM     2.5+ PQ: 0 ANSI: 5
[    5.526680] sd 0:0:0:0: [sda] Write cache: enabled, read cache: enabled, doesn't support DPO or FUA
[    5.528850] sd 0:0:0:0: [sda] Preferred minimum I/O size 512 bytes
[    5.552761] sd 0:0:0:0: [sda] Attached SCSI disk
[    5.555575] scsi 1:0:0:0: Attached scsi generic sg1 type 5
[    5.607588] ACPI: \_SB_.LNKC: Enabled at IRQ 11
[    6.012433] e1000 0000:00:03.0 eth0: (PCI:33MHz:32-bit) 52:54:00:12:34:56
[    6.014450] e1000 0000:00:03.0 eth0: Intel(R) PRO/1000 Network Connection
[    6.016507] e1000e: Intel(R) PRO/1000 Network Driver
[    6.017890] e1000e: Copyright(c) 1999 - 2015 Intel Corporation.
[    6.019627] igb: Intel(R) Gigabit Ethernet Network Driver
[    6.021081] igb: Copyright (c) 2007-2014 Intel Corporation.
[    6.022794] PPP generic driver version 2.4.2
[    6.025404] VFIO - User Level meta-driver version: 0.3
[    6.027059] ehci_hcd: USB 2.0 'Enhanced' Host Controller (EHCI) Driver
[    6.028867] ehci-pci: EHCI PCI platform driver
[    6.030251] ehci-platform: EHCI generic platform driver
[    6.031704] ohci_hcd: USB 1.1 'Open' Host Controller (OHCI) Driver
[    6.033401] ohci-pci: OHCI PCI platform driver
[    6.034721] ohci-platform: OHCI generic platform driver
[    6.036173] uhci_hcd: USB Universal Host Controller Interface driver
[    6.038900] usbcore: registered new interface driver uas
[    6.040778] usbcore: registered new interface driver usb-storage
[    6.043172] i8042: PNP: PS/2 Controller [PNP0303:KBD,PNP0f13:MOU] at 0x60,0x64 irq 1,12
[    6.047807] serio: i8042 KBD port at 0x60,0x64 irq 1
[    6.048992] serio: i8042 AUX port at 0x60,0x64 irq 12
[    6.051959] mousedev: PS/2 mouse device common for all mice
[    6.054707] rtc_cmos 00:05: RTC can wake from S4
[    6.055102] input: AT Translated Set 2 keyboard as /devices/platform/i8042/serio0/input/input1
[    6.059222] rtc_cmos 00:05: registered as rtc0
[    6.060888] rtc_cmos 00:05: setting system clock to 2023-03-06T19:00:04 UTC (1678129204)
[    6.063656] rtc_cmos 00:05: alarms up to one day, y3k, 242 bytes nvram, hpet irqs
[    6.066034] i2c_dev: i2c /dev entries driver
[    6.067213] input: VirtualPS/2 VMware VMMouse as /devices/platform/i8042/serio1/input/input4
[    6.069677] device-mapper: core: CONFIG_IMA_DISABLE_HTABLE is disabled. Duplicate IMA measurements will not be recorded in the IMA log.
[    6.073614] device-mapper: uevent: version 1.0.3
[    6.075752] device-mapper: ioctl: 4.47.0-ioctl (2022-07-28) initialised: dm-devel@redhat.com
[    6.075962] input: VirtualPS/2 VMware VMMouse as /devices/platform/i8042/serio1/input/input3
[    6.078174] intel_pstate: CPU model not supported
[    6.078344] sdhci: Secure Digital Host Controller Interface driver
[    6.083211] sdhci: Copyright(c) Pierre Ossman
[    6.084607] sdhci-pltfm: SDHCI platform and OF driver helper
[    6.086531] ledtrig-cpu: registered to indicate activity on CPUs
[    6.089157] drop_monitor: Initializing network drop monitor service
[    6.092184] NET: Registered PF_INET6 protocol family
[    6.100916] Segment Routing with IPv6
[    6.102262] In-situ OAM (IOAM) with IPv6
[    6.103455] NET: Registered PF_PACKET protocol family
[    6.105484] 9pnet: Installing 9P2000 support
[    6.106960] Key type dns_resolver registered
[    6.110135] IPI shorthand broadcast: enabled
[    6.111467] sched_clock: Marking stable (6054879505, 54999667)->(6199586677, -89707505)
[    6.115510] registered taskstats version 1
[    6.117228] Loading compiled-in X.509 certificates
[    6.120091] zswap: loaded using pool lzo/zbud
[    6.123379] Key type ._fscrypt registered
[    6.124538] Key type .fscrypt registered
[    6.125639] Key type fscrypt-provisioning registered
[    6.129582] Key type encrypted registered
[    6.131010] ima: No TPM chip found, activating TPM-bypass!
[    6.132596] ima: Allocated hash algorithm: sha1
[    6.134089] ima: No architecture policies found
[    6.135564] evm: Initialising EVM extended attributes:
[    6.137011] evm: security.selinux
[    6.137996] evm: security.SMACK64
[    6.138952] evm: security.SMACK64EXEC
[    6.139994] evm: security.SMACK64TRANSMUTE
[    6.141157] evm: security.SMACK64MMAP
[    6.142246] evm: security.apparmor
[    6.143218] evm: security.ima
[    6.144079] evm: security.capability
[    6.145103] evm: HMAC attrs: 0x1
[    6.158447] PM:   Magic number: 15:782:998
[    6.159826] i8042 kbd 00:00: hash matches
[    6.161858] RAS: Correctable Errors collector initialized.
[    6.166349] md: Waiting for all devices to be available before autodetect
[    6.167613] md: If you don't use raid, use raid=noautodetect
[    6.168670] md: Autodetecting RAID arrays.
[    6.169464] md: autorun ...
[    6.170103] md: ... autorun DONE.
[    6.185681] EXT4-fs (sda): mounted filesystem with ordered data mode. Quota mode: none.
[    6.187270] VFS: Mounted root (ext4 filesystem) readonly on device 8:0.
[    6.192973] devtmpfs: mounted
[    6.206822] Freeing unused decrypted memory: 2036K
[    6.215506] Freeing unused kernel image (initmem) memory: 3656K
[    6.216744] Write protecting the kernel read-only data: 43008k
[    6.225125] Freeing unused kernel image (text/rodata gap) memory: 2028K
[    6.226941] Freeing unused kernel image (rodata/data gap) memory: 52K
[    6.353242] x86/mm: Checked W+X mappings: passed, no W+X pages found.
[    6.354984] Run /sbin/init as init process
[    6.696307] systemd[1]: RTC configured in localtime, applying delta of 0 minutes to system time.
[    6.747541] systemd[1]: systemd 239 (239-49.el8) running in system mode. (+PAM +AUDIT +SELINUX +IMA -APPARMOR +SMACK +SYSVINIT +UTMP +LIBCRYPTSETUP +GCRYPT +GNUTLS +ACL +XZ +LZ4 +SECCOMP +BLKID +ELFUTILS +KMOD +IDN2 -IDN +PCRE2 default-hierarchy=legacy)
[    6.751012] systemd[1]: Detected virtualization kvm.
[    6.751729] systemd[1]: Detected architecture x86-64.

Welcome to [0;31mCentOS Stream 8[0m!

[    6.814716] systemd[1]: Set hostname to <test>.
[    8.606042] random: crng init done
[    8.752852] systemd[1]: Listening on Journal Socket.
[[0;32m  OK  [0m] Listening on Journal Socket.
[    8.778680] systemd[1]: Starting Remount Root and Kernel File Systems...
         Starting Remount Root and Kernel File Systems...
[    8.782994] systemd[1]: Listening on RPCbind Server Activation Socket.
[[0;32m  OK  [0m] Listening on RPCbind Server Activation Socket.
[    8.785347] systemd[1]: Listening on Device-mapper event daemon FIFOs.
[[0;32m  OK  [0m] Listening on Device-mapper event daemon FIFOs.
[    8.787916] systemd[1]: Listening on LVM2 poll daemon socket.
[[0;32m  OK  [0m] Listening on LVM2 poll daemon socket.
[    8.790196] systemd[1]: Listening on Journal Socket (/dev/log).
[[0;32m  OK  [0m] Listening on Journal Socket (/dev/log).
         Starting Setup Virtual Console...
[[0;32m  OK  [0m] Listening on multipathd control socket.
         Mounting Kernel Debug File System...
[[0;32m  OK  [0m] Created slice User and Session Slice.
[[0;32m  OK  [0m] Reached target Slices.
[[0;32m  OK  [0m] Listening on initctl Compatibility Named Pipe.
[[0;32m  OK  [0m] Created slice system-sshd\x2dkeygen.slice.
         Starting Journal Service...
[[0;32m  OK  [0m] Listening on Process Core Dump Socket.
[[0;32m  OK  [0m] Created slice system-getty.slice.
[[0;32m  OK  [0m] Started Forward Password Requests to Wall Directory Watch.
[[0;32m  OK  [0m] Reached target RPC Port Mapper.
[[0;32m  OK  [0m] Created slice system-serial\x2dgetty.slice.
         Starting Monitoring of LVM2 mirrorsâ€¦ng dmeventd or progress polling...
[[0;32m  OK  [0m] Reached target Swap.
[[0;32m  OK  [0m] Listening on udev Control Socket.
[    9.112911] EXT4-fs (sda): re-mounted. Quota mode: none.
         Mounting Huge Pages File System...
[[0;32m  OK  [0m] Listening on udev Kernel Socket.
         Starting udev Coldplug all Devices...
[[0;32m  OK  [0m] Set up automount Arbitrary Executabâ€¦rmats File System Automount Point.
         Mounting POSIX Message Queue File System...
         Starting Load Kernel Modules...
[[0;32m  OK  [0m] Started Journal Service.
[[0;32m  OK  [0m] Started Remount Root and Kernel File Systems.
[[0;32m  OK  [0m] Started Setup Virtual Console.
[[0;32m  OK  [0m] Mounted Kernel Debug File System.
[[0;32m  OK  [0m] Mounted Huge Pages File System.
[[0;32m  OK  [0m] Mounted POSIX Message Queue File System.
[[0;1;31mFAILED[0m] Failed to start Load Kernel Modules.
See 'systemctl status systemd-modules-load.service' for details.
         Starting Apply Kernel Variables...
         Mounting FUSE Control File System...
         Mounting Kernel Configuration File System...
         Starting Load/Save Random Seed...
         Starting Create Static Device Nodes in /dev...
         Starting Flush Journal to Persistent Storage...
[[0;32m  OK  [0m] Started Apply Kernel Variables.
[[0;32m  OK  [0m] Mounted FUSE Control File System.
[[0;32m  OK  [0m] Mounted Kernel Configuration File System.
[[0;32m  OK  [0m] Started Load/Save Random Seed.
[[0;32m  OK  [0m] Started Flush Journal to Persistent Storage.
[[0;32m  OK  [0m] Started Create Static Device Nodes in /dev.
         Starting udev Kernel Device Manager...
[[0;32m  OK  [0m] Started udev Coldplug all Devices.
         Starting udev Wait for Complete Device Initialization...
[[0;32m  OK  [0m] Started udev Kernel Device Manager.
         Starting Show Plymouth Boot Screen...
[[0;32m  OK  [0m] Started Show Plymouth Boot Screen.
[[0;32m  OK  [0m] Started Forward Password Requests to Plymouth Directory Watch.
[[0;32m  OK  [0m] Reached target Paths.
[[0;32m  OK  [0m] Reached target Local Encrypted Volumes.
[[0;32m  OK  [0m] Found device /dev/ttyS0.
[[0;32m  OK  [0m] Started Monitoring of LVM2 mirrors,â€¦sing dmeventd or progress polling.
[[0;32m  OK  [0m] Listening on Load/Save RF Kill Switch Status /dev/rfkill Watch.
[[0;32m  OK  [0m] Started udev Wait for Complete Device Initialization.
[[0;32m  OK  [0m] Reached target Local File Systems (Pre).
[[0;32m  OK  [0m] Reached target Local File Systems.
         Starting Restore /run/initramfs on shutdown...
         Starting Tell Plymouth To Write Out Runtime Data...
         Starting Create Volatile Files and Directories...
[[0;32m  OK  [0m] Started Restore /run/initramfs on shutdown.
[[0;32m  OK  [0m] Started Tell Plymouth To Write Out Runtime Data.
[[0;32m  OK  [0m] Started Create Volatile Files and Directories.
         Starting RPC Bind...
         Mounting RPC Pipe File System...
         Starting Security Auditing Service...
[[0;32m  OK  [0m] Mounted RPC Pipe File System.
[[0;32m  OK  [0m] Reached target rpc_pipefs.target.
[[0;32m  OK  [0m] Started RPC Bind.
[[0;32m  OK  [0m] Started Security Auditing Service.
         Starting Update UTMP about System Boot/Shutdown...
[[0;32m  OK  [0m] Started Update UTMP about System Boot/Shutdown.
[[0;32m  OK  [0m] Reached target System Initialization.
[[0;32m  OK  [0m] Started Daily Cleanup of Temporary Directories.
[[0;32m  OK  [0m] Listening on SSSD Kerberos Cache Manager responder socket.
[[0;32m  OK  [0m] Listening on D-Bus System Message Bus Socket.
[[0;32m  OK  [0m] Reached target Sockets.
[[0;32m  OK  [0m] Reached target Basic System.
[[0;32m  OK  [0m] Started Machine Check Exception Logging Daemon.
         Starting Self Monitoring and Reporting Technology (SMART) Daemon...
         Starting Authorization Manager...
[[0;32m  OK  [0m] Started irqbalance daemon.
[[0;32m  OK  [0m] Started D-Bus System Message Bus.
[[0;32m  OK  [0m] Started daily update of the root trust anchor for DNSSEC.
[[0;32m  OK  [0m] Started dnf makecache --timer.
[[0;32m  OK  [0m] Reached target Timers.
[[0;32m  OK  [0m] Reached target sshd-keygen.target.
         Starting Auto-connect to subsystemsâ€¦-NVME devices found during boot...
         Starting Network Manager...
         Starting NTP client/server...
         Starting Login Service...
[[0;32m  OK  [0m] Started Auto-connect to subsystems â€¦FC-NVME devices found during boot.
         Starting update of the root trust aâ€¦or DNSSEC validation in unbound...
[[0;32m  OK  [0m] Started Self Monitoring and Reporting Technology (SMART) Daemon.
[[0;32m  OK  [0m] Started Login Service.
[[0;32m  OK  [0m] Started NTP client/server.
[[0;32m  OK  [0m] Started Network Manager.
         Starting Network Manager Wait Online...
[[0;32m  OK  [0m] Reached target Network.
         Starting GSSAPI Proxy Daemon...
         Starting Dynamic System Tuning Daemon...
         Starting OpenSSH server daemon...
[[0;32m  OK  [0m] Started update of the root trust anâ€¦ for DNSSEC validation in unbound.
[[0;32m  OK  [0m] Started Authorization Manager.
         Starting Hostname Service...
[[0;32m  OK  [0m] Started GSSAPI Proxy Daemon.
[[0;32m  OK  [0m] Reached target NFS client services.
[[0;32m  OK  [0m] Reached target Remote File Systems (Pre).
[[0;32m  OK  [0m] Reached target Remote File Systems.
         Starting Permit User Sessions...
[[0;32m  OK  [0m] Started Permit User Sessions.
[[0;32m  OK  [0m] Started Command Scheduler.
         Starting Hold until boot process finishes up...
         Starting Terminate Plymouth Boot Screen...
[[0;32m  OK  [0m] Started OpenSSH server daemon.
[   13.090388] e1000: eth0 NIC Link is Up 1000 Mbps Full Duplex, Flow Control: RX
[   13.093279] IPv6: ADDRCONF(NETDEV_CHANGE): eth0: link becomes ready
[   13.698240] Spectre V2 : WARNING: Unprivileged eBPF is enabled with eIBRS on, data leaks possible via Spectre v2 BHB attacks!
[   13.700690] Spectre V2 : WARNING: Unprivileged eBPF is enabled with eIBRS on, data leaks possible via Spectre v2 BHB attacks!

CentOS Stream 8
Kernel 6.0.0-rc3-becc8cdb6cb2+ on an x86_64

test login: 