c[?7l[2J[0mSeaBIOS (version rel-1.16.0-0-gd239552ce722-prebuilt.qemu.org)


iPXE (http://ipxe.org) 00:03.0 CA00 PCI2.10 PnP PMM+7FF91000+7FEF1000 CA00
Press Ctrl-B to configure iPXE (PCI 00:03.0)...                                                                               


Booting from ROM...
c[?7l[2J[    0.000000] Linux version 5.11.0-f40ddce88593 (root@p-rpls01) (gcc (GCC) 8.5.0 20210514 (Red Hat 8.5.0-17), GNU ld version 2.36.1-2.el8) #1 SMP Fri Dec 16 11:30:09 CST 2022
[    0.000000] Command line: console=ttyS0 root=/dev/sda earlyprintk=serial net.ifnames=0
[    0.000000] KERNEL supported cpus:
[    0.000000]   Intel GenuineIntel
[    0.000000]   AMD AuthenticAMD
[    0.000000]   Hygon HygonGenuine
[    0.000000]   Centaur CentaurHauls
[    0.000000]   zhaoxin   Shanghai  
[    0.000000] x86/fpu: Supporting XSAVE feature 0x001: 'x87 floating point registers'
[    0.000000] x86/fpu: Supporting XSAVE feature 0x002: 'SSE registers'
[    0.000000] x86/fpu: Supporting XSAVE feature 0x004: 'AVX registers'
[    0.000000] x86/fpu: Supporting XSAVE feature 0x200: 'Protection Keys User registers'
[    0.000000] x86/fpu: xstate_offset[2]:  576, xstate_sizes[2]:  256
[    0.000000] x86/fpu: xstate_offset[9]:  832, xstate_sizes[9]:    8
[    0.000000] x86/fpu: Enabled xstate features 0x207, context size is 840 bytes, using 'compacted' format.
[    0.000000] BIOS-provided physical RAM map:
[    0.000000] BIOS-e820: [mem 0x0000000000000000-0x000000000009fbff] usable
[    0.000000] BIOS-e820: [mem 0x000000000009fc00-0x000000000009ffff] reserved
[    0.000000] BIOS-e820: [mem 0x00000000000f0000-0x00000000000fffff] reserved
[    0.000000] BIOS-e820: [mem 0x0000000000100000-0x000000007ffdffff] usable
[    0.000000] BIOS-e820: [mem 0x000000007ffe0000-0x000000007fffffff] reserved
[    0.000000] BIOS-e820: [mem 0x00000000feffc000-0x00000000feffffff] reserved
[    0.000000] BIOS-e820: [mem 0x00000000fffc0000-0x00000000ffffffff] reserved
[    0.000000] printk: bootconsole [earlyser0] enabled
[    0.000000] NX (Execute Disable) protection: active
[    0.000000] SMBIOS 2.8 present.
[    0.000000] DMI: QEMU Standard PC (i440FX + PIIX, 1996), BIOS rel-1.16.0-0-gd239552ce722-prebuilt.qemu.org 04/01/2014
[    0.000000] Hypervisor detected: KVM
[    0.000000] kvm-clock: Using msrs 4b564d01 and 4b564d00
[    0.000000] kvm-clock: cpu 0, msr 5401001, primary cpu clock
[    0.000000] kvm-clock: using sched offset of 873956936 cycles
[    0.001386] clocksource: kvm-clock: mask: 0xffffffffffffffff max_cycles: 0x1cd42e4dffb, max_idle_ns: 881590591483 ns
[    0.005382] tsc: Detected 806.400 MHz processor
[    0.020679] last_pfn = 0x7ffe0 max_arch_pfn = 0x400000000
[    0.022416] x86/PAT: Configuration [0-7]: WB  WC  UC- UC  WB  WP  UC- WT  
[    0.036862] found SMP MP-table at [mem 0x000f5ba0-0x000f5baf]
[    0.040328] check: Scanning 1 areas for low memory corruption
[    0.041973] Using GB pages for direct mapping
[    0.045627] ACPI: Early table checksum verification disabled
[    0.047104] ACPI: RSDP 0x00000000000F59C0 000014 (v00 BOCHS )
[    0.048592] ACPI: RSDT 0x000000007FFE1951 000034 (v01 BOCHS  BXPC     00000001 BXPC 00000001)
[    0.050752] ACPI: FACP 0x000000007FFE17FD 000074 (v01 BOCHS  BXPC     00000001 BXPC 00000001)
[    0.052908] ACPI: DSDT 0x000000007FFE0040 0017BD (v01 BOCHS  BXPC     00000001 BXPC 00000001)
[    0.055030] ACPI: FACS 0x000000007FFE0000 000040
[    0.056211] ACPI: APIC 0x000000007FFE1871 000080 (v01 BOCHS  BXPC     00000001 BXPC 00000001)
[    0.058325] ACPI: HPET 0x000000007FFE18F1 000038 (v01 BOCHS  BXPC     00000001 BXPC 00000001)
[    0.060457] ACPI: WAET 0x000000007FFE1929 000028 (v01 BOCHS  BXPC     00000001 BXPC 00000001)
[    0.064731] No NUMA configuration found
[    0.065682] Faking a node at [mem 0x0000000000000000-0x000000007ffdffff]
[    0.067522] NODE_DATA(0) allocated [mem 0x7ffb5000-0x7ffdffff]
[    0.076185] Zone ranges:
[    0.076829]   DMA      [mem 0x0000000000001000-0x0000000000ffffff]
[    0.078357]   DMA32    [mem 0x0000000001000000-0x000000007ffdffff]
[    0.079894]   Normal   empty
[    0.080607]   Device   empty
[    0.081329] Movable zone start for each node
[    0.082372] Early memory node ranges
[    0.083245]   node   0: [mem 0x0000000000001000-0x000000000009efff]
[    0.084805]   node   0: [mem 0x0000000000100000-0x000000007ffdffff]
[    0.132456] Zeroed struct page in unavailable ranges: 130 pages
[    0.132494] Initmem setup node 0 [mem 0x0000000000001000-0x000000007ffdffff]
[    0.249937] ACPI: PM-Timer IO Port: 0x608
[    0.251061] ACPI: LAPIC_NMI (acpi_id[0xff] dfl dfl lint[0x1])
[    0.252673] IOAPIC[0]: apic_id 0, version 17, address 0xfec00000, GSI 0-23
[    0.254453] ACPI: INT_SRC_OVR (bus 0 bus_irq 0 global_irq 2 dfl dfl)
[    0.256067] ACPI: INT_SRC_OVR (bus 0 bus_irq 5 global_irq 5 high level)
[    0.257716] ACPI: INT_SRC_OVR (bus 0 bus_irq 9 global_irq 9 high level)
[    0.259360] ACPI: INT_SRC_OVR (bus 0 bus_irq 10 global_irq 10 high level)
[    0.261094] ACPI: INT_SRC_OVR (bus 0 bus_irq 11 global_irq 11 high level)
[    0.262872] Using ACPI (MADT) for SMP configuration information
[    0.264364] ACPI: HPET id: 0x8086a201 base: 0xfed00000
[    0.265724] TSC deadline timer available
[    0.266719] smpboot: Allowing 2 CPUs, 0 hotplug CPUs
[    0.268056] kvm-guest: KVM setup pv remote TLB flush
[    0.269368] kvm-guest: setup PV sched yield
[    0.270556] PM: hibernation: Registered nosave memory: [mem 0x00000000-0x00000fff]
[    0.272461] PM: hibernation: Registered nosave memory: [mem 0x0009f000-0x0009ffff]
[    0.274322] PM: hibernation: Registered nosave memory: [mem 0x000a0000-0x000effff]
[    0.276205] PM: hibernation: Registered nosave memory: [mem 0x000f0000-0x000fffff]
[    0.278081] [mem 0x80000000-0xfeffbfff] available for PCI devices
[    0.279592] Booting paravirtualized kernel on KVM
[    0.280844] clocksource: refined-jiffies: mask: 0xffffffff max_cycles: 0xffffffff, max_idle_ns: 7645519600211568 ns
[    0.283464] setup_percpu: NR_CPUS:8192 nr_cpumask_bits:2 nr_cpu_ids:2 nr_node_ids:1
[    0.290643] percpu: Embedded 58 pages/cpu s200704 r8192 d28672 u1048576
[    0.292779] kvm-guest: KVM setup async PF for cpu 0
[    0.294006] kvm-guest: stealtime: cpu 0, msr 7dc30080
[    0.295283] kvm-guest: PV spinlocks enabled
[    0.296363] PV qspinlock hash table entries: 256 (order: 0, 4096 bytes, linear)
[    0.298276] Built 1 zonelists, mobility grouping on.  Total pages: 515945
[    0.299989] Policy zone: DMA32
[    0.300774] Kernel command line: net.ifnames=0 console=ttyS0 root=/dev/sda earlyprintk=serial net.ifnames=0
[    0.309120] Dentry cache hash table entries: 262144 (order: 9, 2097152 bytes, linear)
[    0.311457] Inode-cache hash table entries: 131072 (order: 8, 1048576 bytes, linear)
[    0.313617] mem auto-init: stack:off, heap alloc:off, heap free:off
[    0.326238] Memory: 1988036K/2096632K available (30736K kernel code, 5159K rwdata, 7444K rodata, 2980K init, 22372K bss, 108340K reserved, 0K cma-reserved)
[    0.330025] random: get_random_u64 called from __kmem_cache_create+0x33/0x460 with crng_init=0
[    0.331035] SLUB: HWalign=64, Order=0-3, MinObjects=0, CPUs=2, Nodes=1
[    0.334956] kmemleak: Kernel memory leak detector disabled
[    0.336499] ftrace: allocating 62784 entries in 246 pages
[    0.514947] ftrace: allocated 246 pages with 6 groups
[    0.517073] Running RCU self tests
[    0.517971] rcu: Hierarchical RCU implementation.
[    0.519171] rcu: 	RCU lockdep checking is enabled.
[    0.520393] rcu: 	RCU restricting CPUs from NR_CPUS=8192 to nr_cpu_ids=2.
[    0.522123] 	Trampoline variant of Tasks RCU enabled.
[    0.523408] 	Rude variant of Tasks RCU enabled.
[    0.524575] 	Tracing variant of Tasks RCU enabled.
[    0.525796] rcu: RCU calculated value of scheduler-enlistment delay is 25 jiffies.
[    0.527720] rcu: Adjusting geometry for rcu_fanout_leaf=16, nr_cpu_ids=2
[    0.562208] NR_IRQS: 524544, nr_irqs: 440, preallocated irqs: 16
[    0.589739] Console: colour VGA+ 80x25
[    0.591104] printk: console [ttyS0] enabled
[    0.591104] printk: console [ttyS0] enabled
[    0.593667] printk: bootconsole [earlyser0] disabled
[    0.593667] printk: bootconsole [earlyser0] disabled
[    0.596647] Lock dependency validator: Copyright (c) 2006 Red Hat, Inc., Ingo Molnar
[    0.598972] ... MAX_LOCKDEP_SUBCLASSES:  8
[    0.600221] ... MAX_LOCK_DEPTH:          48
[    0.601518] ... MAX_LOCKDEP_KEYS:        8192
[    0.602852] ... CLASSHASH_SIZE:          4096
[    0.604187] ... MAX_LOCKDEP_ENTRIES:     32768
[    0.605522] ... MAX_LOCKDEP_CHAINS:      65536
[    0.606859] ... CHAINHASH_SIZE:          32768
[    0.608205]  memory used by lock dependency info: 6365 kB
[    0.609804]  memory used for stack traces: 4224 kB
[    0.611239]  per task-struct memory footprint: 1920 bytes
[    0.612948] ACPI: Core revision 20201113
[    0.614614] clocksource: hpet: mask: 0xffffffff max_cycles: 0xffffffff, max_idle_ns: 19112604467 ns
[    0.617675] APIC: Switch to symmetric I/O mode setup
[    0.619965] x2apic enabled
[    0.621566] Switched APIC routing to physical x2apic.
[    0.623137] kvm-guest: setup PV IPIs
[    0.627707] ..TIMER: vector=0x30 apic1=0 pin1=2 apic2=-1 pin2=-1
[    0.629640] clocksource: tsc-early: mask: 0xffffffffffffffff max_cycles: 0xb9fb05486c, max_idle_ns: 440795231721 ns
[    0.632809] Calibrating delay loop (skipped) preset value.. 1612.80 BogoMIPS (lpj=3225600)
[    0.636790] pid_max: default: 32768 minimum: 301
[    0.638318] LSM: Security Framework initializing
[    0.640845] Yama: becoming mindful.
[    0.642249] Mount-cache hash table entries: 4096 (order: 3, 32768 bytes, linear)
[    0.644795] Mountpoint-cache hash table entries: 4096 (order: 3, 32768 bytes, linear)
[    0.653125] x86/cpu: User Mode Instruction Prevention (UMIP) activated
[    0.658317] mce: CPU0: Thermal monitoring enabled (TM1)
[    0.661138] Last level iTLB entries: 4KB 0, 2MB 0, 4MB 0
[    0.662731] Last level dTLB entries: 4KB 0, 2MB 0, 4MB 0, 1GB 0
[    0.664936] Spectre V1 : Mitigation: usercopy/swapgs barriers and __user pointer sanitization
[    0.667508] Spectre V2 : Mitigation: Enhanced IBRS
[    0.668788] Spectre V2 : Spectre v2 / SpectreRSB mitigation: Filling RSB on context switch
[    0.671220] Spectre V2 : mitigation: Enabling conditional Indirect Branch Prediction Barrier
[    0.672789] Speculative Store Bypass: Mitigation: Speculative Store Bypass disabled via prctl and seccomp
[    0.678957] Freeing SMP alternatives memory: 52K
[    0.685056] smpboot: CPU0: Genuine Intel(R) 0000 (family: 0x6, model: 0xb7, stepping: 0x0)
[    0.688632] Performance Events: generic architected perfmon, full-width counters, Intel PMU driver.
[    0.688834] ... version:                2
[    0.690041] ... bit width:              48
[    0.691256] ... generic registers:      6
[    0.692446] ... value mask:             0000ffffffffffff
[    0.692796] ... max period:             00007fffffffffff
[    0.694347] ... fixed-purpose events:   3
[    0.695534] ... event mask:             000000070000003f
[    0.697460] rcu: Hierarchical SRCU implementation.
[    0.704629] smp: Bringing up secondary CPUs ...
[    0.705641] x86: Booting SMP configuration:
[    0.706909] .... node  #0, CPUs:      #1
[    0.064578] kvm-clock: cpu 1, msr 5401041, secondary cpu clock
[    0.709130] kvm-guest: KVM setup async PF for cpu 1
[    0.711794] kvm-guest: stealtime: cpu 1, msr 7dd30080
[    0.713012] smp: Brought up 1 node, 2 CPUs
[    0.714490] smpboot: Max logical packages: 1
[    0.716854] smpboot: Total of 2 processors activated (3225.60 BogoMIPS)
[    0.737140] devtmpfs: initialized
[    0.738497] x86/mm: Memory block size: 128MB
[    0.746141] clocksource: jiffies: mask: 0xffffffff max_cycles: 0xffffffff, max_idle_ns: 7645041785100000 ns
[    0.748819] futex hash table entries: 512 (order: 4, 65536 bytes, linear)
[    0.751416] pinctrl core: initialized pinctrl subsystem
[    0.753940] 
[    0.754417] *************************************************************
[    0.756439] **     NOTICE NOTICE NOTICE NOTICE NOTICE NOTICE NOTICE    **
[    0.756801] **                                                         **
[    0.758854] **  IOMMU DebugFS SUPPORT HAS BEEN ENABLED IN THIS KERNEL  **
[    0.760800] **                                                         **
[    0.762827] ** This means that this kernel is built to expose internal **
[    0.764800] ** IOMMU data structures, which may compromise security on **
[    0.766856] ** your system.                                            **
[    0.768817] **                                                         **
[    0.770816] ** If you see this message and you are not debugging the   **
[    0.772799] ** kernel, report this immediately to your vendor!         **
[    0.774794] **                                                         **
[    0.776798] **     NOTICE NOTICE NOTICE NOTICE NOTICE NOTICE NOTICE    **
[    0.778800] *************************************************************
[    0.781087] PM: RTC time: 14:16:30, date: 2023-03-06
[    0.784468] NET: Registered protocol family 16
[    0.785832] DMA: preallocated 256 KiB GFP_KERNEL pool for atomic allocations
[    0.787908] DMA: preallocated 256 KiB GFP_KERNEL|GFP_DMA pool for atomic allocations
[    0.788816] DMA: preallocated 256 KiB GFP_KERNEL|GFP_DMA32 pool for atomic allocations
[    0.791199] audit: initializing netlink subsys (disabled)
[    0.792971] audit: type=2000 audit(1678112191.488:1): state=initialized audit_enabled=0 res=1
[    0.794804] thermal_sys: Registered thermal governor 'fair_share'
[    0.794804] thermal_sys: Registered thermal governor 'bang_bang'
[    0.795125] thermal_sys: Registered thermal governor 'step_wise'
[    0.796634] thermal_sys: Registered thermal governor 'user_space'
[    0.796924] cpuidle: using governor ladder
[    0.799530] cpuidle: using governor menu
[    0.801191] ACPI: bus type PCI registered
[    0.802230] acpiphp: ACPI Hot Plug PCI Controller Driver version: 0.5
[    0.804727] PCI: Using configuration type 1 for base access
[    0.840898] HugeTLB registered 1.00 GiB page size, pre-allocated 0 pages
[    0.842911] HugeTLB registered 2.00 MiB page size, pre-allocated 0 pages
[    0.857684] ACPI: Added _OSI(Module Device)
[    0.858980] ACPI: Added _OSI(Processor Device)
[    0.860841] ACPI: Added _OSI(3.0 _SCP Extensions)
[    0.862211] ACPI: Added _OSI(Processor Aggregator Device)
[    0.863782] ACPI: Added _OSI(Linux-Dell-Video)
[    0.864833] ACPI: Added _OSI(Linux-Lenovo-NV-HDMI-Audio)
[    0.866369] ACPI: Added _OSI(Linux-HPI-Hybrid-Graphics)
[    0.876719] ACPI: 1 ACPI AML tables successfully acquired and loaded
[    0.882062] ACPI: Interpreter enabled
[    0.883351] ACPI: (supports S0 S3 S4 S5)
[    0.884514] ACPI: Using IOAPIC for interrupt routing
[    0.884897] PCI: Using host bridge windows from ACPI; if necessary, use "pci=nocrs" and report a bug
[    0.888658] ACPI: Enabled 2 GPEs in block 00 to 0F
[    0.913698] ACPI: PCI Root Bridge [PCI0] (domain 0000 [bus 00-ff])
[    0.915637] acpi PNP0A03:00: _OSC: OS supports [ASPM ClockPM Segments MSI EDR HPX-Type3]
[    0.916994] acpi PNP0A03:00: fail to add MMCONFIG information, can't access extended PCI configuration space under this bridge.
[    0.923368] acpiphp: Slot [3] registered
[    0.924625] acpiphp: Slot [4] registered
[    0.924907] acpiphp: Slot [5] registered
[    0.926289] acpiphp: Slot [6] registered
[    0.927543] acpiphp: Slot [7] registered
[    0.928802] acpiphp: Slot [8] registered
[    0.930091] acpiphp: Slot [9] registered
[    0.931361] acpiphp: Slot [10] registered
[    0.932627] acpiphp: Slot [11] registered
[    0.932904] acpiphp: Slot [12] registered
[    0.934172] acpiphp: Slot [13] registered
[    0.935503] acpiphp: Slot [14] registered
[    0.936803] acpiphp: Slot [15] registered
[    0.938062] acpiphp: Slot [16] registered
[    0.939313] acpiphp: Slot [17] registered
[    0.940580] acpiphp: Slot [18] registered
[    0.940902] acpiphp: Slot [19] registered
[    0.942188] acpiphp: Slot [20] registered
[    0.943446] acpiphp: Slot [21] registered
[    0.944698] acpiphp: Slot [22] registered
[    0.944902] acpiphp: Slot [23] registered
[    0.946184] acpiphp: Slot [24] registered
[    0.947465] acpiphp: Slot [25] registered
[    0.948718] acpiphp: Slot [26] registered
[    0.948917] acpiphp: Slot [27] registered
[    0.950180] acpiphp: Slot [28] registered
[    0.951434] acpiphp: Slot [29] registered
[    0.952715] acpiphp: Slot [30] registered
[    0.952904] acpiphp: Slot [31] registered
[    0.954104] PCI host bridge to bus 0000:00
[    0.955289] pci_bus 0000:00: root bus resource [io  0x0000-0x0cf7 window]
[    0.956803] pci_bus 0000:00: root bus resource [io  0x0d00-0xffff window]
[    0.958721] pci_bus 0000:00: root bus resource [mem 0x000a0000-0x000bffff window]
[    0.960824] pci_bus 0000:00: root bus resource [mem 0x80000000-0xfebfffff window]
[    0.962942] pci_bus 0000:00: root bus resource [mem 0x100000000-0x17fffffff window]
[    0.964804] pci_bus 0000:00: root bus resource [bus 00-ff]
[    0.966541] pci 0000:00:00.0: [8086:1237] type 00 class 0x060000
[    0.973114] pci 0000:00:01.0: [8086:7000] type 00 class 0x060100
[    0.977049] pci 0000:00:01.1: [8086:7010] type 00 class 0x010180
[    0.981248] pci 0000:00:01.1: reg 0x20: [io  0xc040-0xc04f]
[    0.984026] pci 0000:00:01.1: legacy IDE quirk: reg 0x10: [io  0x01f0-0x01f7]
[    0.984801] pci 0000:00:01.1: legacy IDE quirk: reg 0x14: [io  0x03f6]
[    0.986641] pci 0000:00:01.1: legacy IDE quirk: reg 0x18: [io  0x0170-0x0177]
[    0.988799] pci 0000:00:01.1: legacy IDE quirk: reg 0x1c: [io  0x0376]
[    0.991713] pci 0000:00:01.3: [8086:7113] type 00 class 0x068000
[    0.993975] pci 0000:00:01.3: quirk: [io  0x0600-0x063f] claimed by PIIX4 ACPI
[    0.996024] pci 0000:00:01.3: quirk: [io  0x0700-0x070f] claimed by PIIX4 SMB
[    0.999640] pci 0000:00:02.0: [1234:1111] type 00 class 0x030000
[    1.004922] pci 0000:00:02.0: reg 0x10: [mem 0xfd000000-0xfdffffff pref]
[    1.009560] pci 0000:00:02.0: reg 0x18: [mem 0xfebf0000-0xfebf0fff]
[    1.018400] pci 0000:00:02.0: reg 0x30: [mem 0xfebe0000-0xfebeffff pref]
[    1.025741] pci 0000:00:03.0: [8086:100e] type 00 class 0x020000
[    1.028362] pci 0000:00:03.0: reg 0x10: [mem 0xfebc0000-0xfebdffff]
[    1.029405] pci 0000:00:03.0: reg 0x14: [io  0xc000-0xc03f]
[    1.035753] pci 0000:00:03.0: reg 0x30: [mem 0xfeb80000-0xfebbffff pref]
[    1.072279] ACPI: PCI Interrupt Link [LNKA] (IRQs 5 *10 11)
[    1.073639] ACPI: PCI Interrupt Link [LNKB] (IRQs 5 *10 11)
[    1.075734] ACPI: PCI Interrupt Link [LNKC] (IRQs 5 10 *11)
[    1.077622] ACPI: PCI Interrupt Link [LNKD] (IRQs 5 10 *11)
[    1.079296] ACPI: PCI Interrupt Link [LNKS] (IRQs *9)
[    1.082984] iommu: Default domain type: Translated 
[    1.085040] pci 0000:00:02.0: vgaarb: setting as boot VGA device
[    1.086583] pci 0000:00:02.0: vgaarb: VGA device added: decodes=io+mem,owns=io+mem,locks=none
[    1.088854] pci 0000:00:02.0: vgaarb: bridge control possible
[    1.090428] vgaarb: loaded
[    1.093613] SCSI subsystem initialized
[    1.094751] ACPI: bus type USB registered
[    1.097032] usbcore: registered new interface driver usbfs
[    1.098372] usbcore: registered new interface driver hub
[    1.099655] usbcore: registered new device driver usb
[    1.101013] pps_core: LinuxPPS API ver. 1 registered
[    1.102122] pps_core: Software ver. 5.3.6 - Copyright 2005-2007 Rodolfo Giometti <giometti@linux.it>
[    1.104193] PTP clock support registered
[    1.105011] EDAC MC: Ver: 3.0.0
[    1.110384] NetLabel: Initializing
[    1.111367] NetLabel:  domain hash size = 128
[    1.112545] NetLabel:  protocols = UNLABELED CIPSOv4 CALIPSO
[    1.112910] NetLabel:  unlabeled traffic allowed by default
[    1.114536] PCI: Using ACPI for IRQ routing
[    1.117692] hpet0: at MMIO 0xfed00000, IRQs 2, 8, 0
[    1.118841] hpet0: 3 comparators, 64-bit 100.000000 MHz counter
[    1.124178] clocksource: Switched to clocksource kvm-clock
[    1.362278] VFS: Disk quotas dquot_6.6.0
[    1.363520] VFS: Dquot-cache hash table entries: 512 (order 0, 4096 bytes)
[    1.366253] pnp: PnP ACPI init
[    1.369924] pnp: PnP ACPI: found 6 devices
[    1.385357] clocksource: acpi_pm: mask: 0xffffff max_cycles: 0xffffff, max_idle_ns: 2085701024 ns
[    1.388378] NET: Registered protocol family 2
[    4.786719] tcp_listen_portaddr_hash hash table entries: 1024 (order: 4, 81920 bytes, linear)
[    4.789435] TCP established hash table entries: 16384 (order: 5, 131072 bytes, linear)
[    4.791980] TCP bind hash table entries: 16384 (order: 8, 1179648 bytes, linear)
[    4.795612] TCP: Hash tables configured (established 16384 bind 16384)
[    4.797897] UDP hash table entries: 1024 (order: 5, 163840 bytes, linear)
[    4.800065] UDP-Lite hash table entries: 1024 (order: 5, 163840 bytes, linear)
[    4.802678] NET: Registered protocol family 1
[    4.805717] RPC: Registered named UNIX socket transport module.
[    4.807342] RPC: Registered udp transport module.
[    4.808531] RPC: Registered tcp transport module.
[    4.809814] RPC: Registered tcp NFSv4.1 backchannel transport module.
[    4.811594] pci_bus 0000:00: resource 4 [io  0x0000-0x0cf7 window]
[    4.813253] pci_bus 0000:00: resource 5 [io  0x0d00-0xffff window]
[    4.814841] pci_bus 0000:00: resource 6 [mem 0x000a0000-0x000bffff window]
[    4.816557] pci_bus 0000:00: resource 7 [mem 0x80000000-0xfebfffff window]
[    4.818334] pci_bus 0000:00: resource 8 [mem 0x100000000-0x17fffffff window]
[    4.820739] pci 0000:00:01.0: PIIX3: Enabling Passive Release
[    4.822302] pci 0000:00:00.0: Limiting direct PCI/PCI transfers
[    4.823843] pci 0000:00:01.0: Activating ISA DMA hang workarounds
[    4.825662] pci 0000:00:02.0: Video device with shadowed ROM at [mem 0x000c0000-0x000dffff]
[    4.827821] PCI: CLS 0 bytes, default 64
[    4.830302] clocksource: tsc: mask: 0xffffffffffffffff max_cycles: 0xb9fb05486c, max_idle_ns: 440795231721 ns
[    4.835904] check: Scanning for low memory corruption every 60 seconds
[    4.847855] Initialise system trusted keyrings
[    4.849397] Key type blacklist registered
[    4.850945] workingset: timestamp_bits=36 max_order=19 bucket_order=0
[    4.872625] zbud: loaded
[    4.877520] squashfs: version 4.0 (2009/01/31) Phillip Lougher
[    4.882525] NFS: Registering the id_resolver key type
[    4.883873] Key type id_resolver registered
[    4.884995] Key type id_legacy registered
[    4.886291] nfs4filelayout_init: NFSv4 File Layout Driver Registering...
[    4.888668] fuse: init (API version 7.33)
[    4.890590] SGI XFS with ACLs, security attributes, realtime, quota, no debug enabled
[    4.896147] 9p: Installing v9fs 9p2000 file system support
[    4.914887] Key type asymmetric registered
[    4.916098] Asymmetric key parser 'x509' registered
[    4.917514] Block layer SCSI generic (bsg) driver version 0.4 loaded (major 244)
[    4.919841] io scheduler mq-deadline registered
[    4.921404] io scheduler bfq registered
[    4.923483] shpchp: Standard Hot Plug PCI Controller Driver version: 0.4
[    4.926166] IPMI message handler: version 39.2
[    4.927446] ipmi device interface
[    4.931931] input: Power Button as /devices/LNXSYSTM:00/LNXPWRBN:00/input/input0
[    4.934734] ACPI: Power Button [PWRF]
[    4.938402] ERST DBG: ERST support is disabled.
[    4.940965] Serial: 8250/16550 driver, 32 ports, IRQ sharing enabled
[    4.944019] 00:04: ttyS0 at I/O 0x3f8 (irq = 4, base_baud = 115200) is a 16550A
[    5.015253] Linux agpgart interface v0.103
[    5.050986] brd: module loaded
[    5.076988] loop: module loaded
[    5.087221] scsi host0: ata_piix
[    5.089525] scsi host1: ata_piix
[    5.090721] ata1: PATA max MWDMA2 cmd 0x1f0 ctl 0x3f6 bmdma 0xc040 irq 14
[    5.092635] ata2: PATA max MWDMA2 cmd 0x170 ctl 0x376 bmdma 0xc048 irq 15
[    5.096618] libphy: Fixed MDIO Bus: probed
[    5.098336] tun: Universal TUN/TAP device driver, 1.6
[    5.100324] e100: Intel(R) PRO/100 Network Driver
[    5.101783] e100: Copyright(c) 1999-2006 Intel Corporation
[    5.103456] e1000: Intel(R) PRO/1000 Network Driver
[    5.104890] e1000: Copyright (c) 1999-2006 Intel Corporation.
[    5.255089] ata1.00: ATA-7: QEMU HARDDISK, 2.5+, max UDMA/100
[    5.257279] ata1.00: 16777216 sectors, multi 16: LBA48 
[    5.261443] ata2.00: ATAPI: QEMU DVD-ROM, 2.5+, max UDMA/100
[    5.267543] scsi 0:0:0:0: Direct-Access     ATA      QEMU HARDDISK    2.5+ PQ: 0 ANSI: 5
[    5.272364] scsi 0:0:0:0: Attached scsi generic sg0 type 0
[    5.276455] scsi 1:0:0:0: CD-ROM            QEMU     QEMU DVD-ROM     2.5+ PQ: 0 ANSI: 5
[    5.276574] sd 0:0:0:0: [sda] 16777216 512-byte logical blocks: (8.59 GB/8.00 GiB)
[    5.281611] scsi 1:0:0:0: Attached scsi generic sg1 type 5
[    5.282453] sd 0:0:0:0: [sda] Write Protect is off
[    5.285627] sd 0:0:0:0: [sda] Write cache: enabled, read cache: enabled, doesn't support DPO or FUA
[    5.295805] sd 0:0:0:0: [sda] Attached SCSI disk
[    5.386191] PCI Interrupt Link [LNKC] enabled at IRQ 11
[    5.774461] e1000 0000:00:03.0 eth0: (PCI:33MHz:32-bit) 52:54:00:12:34:56
[    5.776240] e1000 0000:00:03.0 eth0: Intel(R) PRO/1000 Network Connection
[    5.778254] e1000e: Intel(R) PRO/1000 Network Driver
[    5.779508] e1000e: Copyright(c) 1999 - 2015 Intel Corporation.
[    5.781121] igb: Intel(R) Gigabit Ethernet Network Driver
[    5.782484] igb: Copyright (c) 2007-2014 Intel Corporation.
[    5.784124] PPP generic driver version 2.4.2
[    5.786573] VFIO - User Level meta-driver version: 0.3
[    5.788050] ehci_hcd: USB 2.0 'Enhanced' Host Controller (EHCI) Driver
[    5.789767] ehci-pci: EHCI PCI platform driver
[    5.790985] ehci-platform: EHCI generic platform driver
[    5.792371] ohci_hcd: USB 1.1 'Open' Host Controller (OHCI) Driver
[    5.794012] ohci-pci: OHCI PCI platform driver
[    5.795248] ohci-platform: OHCI generic platform driver
[    5.796661] uhci_hcd: USB Universal Host Controller Interface driver
[    5.799271] usbcore: registered new interface driver uas
[    5.800838] usbcore: registered new interface driver usb-storage
[    5.802661] i8042: PNP: PS/2 Controller [PNP0303:KBD,PNP0f13:MOU] at 0x60,0x64 irq 1,12
[    5.806600] serio: i8042 KBD port at 0x60,0x64 irq 1
[    5.808051] serio: i8042 AUX port at 0x60,0x64 irq 12
[    5.811530] mousedev: PS/2 mouse device common for all mice
[    5.815943] input: AT Translated Set 2 keyboard as /devices/platform/i8042/serio0/input/input1
[    5.817326] rtc_cmos 00:05: RTC can wake from S4
[    5.822216] input: VirtualPS/2 VMware VMMouse as /devices/platform/i8042/serio1/input/input4
[    5.822672] rtc_cmos 00:05: registered as rtc0
[    5.829281] rtc_cmos 00:05: setting system clock to 2023-03-06T14:16:35 UTC (1678112195)
[    5.832131] rtc_cmos 00:05: alarms up to one day, y3k, 242 bytes nvram, hpet irqs
[    5.833201] input: VirtualPS/2 VMware VMMouse as /devices/platform/i8042/serio1/input/input3
[    5.834359] i2c /dev entries driver
[    5.837871] device-mapper: uevent: version 1.0.3
[    5.839813] device-mapper: ioctl: 4.43.0-ioctl (2020-10-01) initialised: dm-devel@redhat.com
[    5.841974] intel_pstate: CPU model not supported
[    5.843432] sdhci: Secure Digital Host Controller Interface driver
[    5.845018] sdhci: Copyright(c) Pierre Ossman
[    5.846345] sdhci-pltfm: SDHCI platform and OF driver helper
[    5.847998] ledtrig-cpu: registered to indicate activity on CPUs
[    5.849937] drop_monitor: Initializing network drop monitor service
[    5.853235] NET: Registered protocol family 10
[    5.862538] Segment Routing with IPv6
[    5.863690] NET: Registered protocol family 17
[    5.865622] 9pnet: Installing 9P2000 support
[    5.866974] Key type dns_resolver registered
[    5.870389] IPI shorthand broadcast: enabled
[    5.871611] sched_clock: Marking stable (5809268198, 60578053)->(5911537805, -41691554)
[    5.874550] registered taskstats version 1
[    5.875747] Loading compiled-in X.509 certificates
[    5.877649] zswap: loaded using pool lzo/zbud
[    5.880279] Key type ._fscrypt registered
[    5.881472] Key type .fscrypt registered
[    5.882487] Key type fscrypt-provisioning registered
[    5.886225] Key type encrypted registered
[    5.887384] ima: No TPM chip found, activating TPM-bypass!
[    5.888866] ima: Allocated hash algorithm: sha1
[    5.890199] ima: No architecture policies found
[    5.891574] evm: Initialising EVM extended attributes:
[    5.892926] evm: security.selinux
[    5.893779] evm: security.SMACK64
[    5.894640] evm: security.SMACK64EXEC
[    5.895575] evm: security.SMACK64TRANSMUTE
[    5.896614] evm: security.SMACK64MMAP
[    5.897588] evm: security.apparmor
[    5.898468] evm: security.ima
[    5.899232] evm: security.capability
[    5.900146] evm: HMAC attrs: 0x1
[    5.907539] PM:   Magic number: 15:634:282
[    5.908764] tty tty19: hash matches
[    5.911052] RAS: Correctable Errors collector initialized.
[    5.914983] md: Waiting for all devices to be available before autodetect
[    5.916701] md: If you don't use raid, use raid=noautodetect
[    5.918291] md: Autodetecting RAID arrays.
[    5.919393] md: autorun ...
[    5.920131] md: ... autorun DONE.
[    5.933392] EXT4-fs (sda): mounted filesystem with ordered data mode. Opts: (null). Quota mode: none.
[    5.935915] VFS: Mounted root (ext4 filesystem) readonly on device 8:0.
[    5.941192] devtmpfs: mounted
[    5.951923] Freeing unused decrypted memory: 2036K
[    5.957601] Freeing unused kernel image (initmem) memory: 2980K
[    5.959240] Write protecting the kernel read-only data: 40960k
[    5.968325] Freeing unused kernel image (text/rodata gap) memory: 2028K
[    5.971949] Freeing unused kernel image (rodata/data gap) memory: 748K
[    6.200042] x86/mm: Checked W+X mappings: passed, no W+X pages found.
[    6.201766] Run /sbin/init as init process
[    6.367092] random: fast init done
[    6.409842] systemd[1]: RTC configured in localtime, applying delta of 0 minutes to system time.
[    6.495920] systemd[1]: systemd 239 (239-49.el8) running in system mode. (+PAM +AUDIT +SELINUX +IMA -APPARMOR +SMACK +SYSVINIT +UTMP +LIBCRYPTSETUP +GCRYPT +GNUTLS +ACL +XZ +LZ4 +SECCOMP +BLKID +ELFUTILS +KMOD +IDN2 -IDN +PCRE2 default-hierarchy=legacy)
[    6.502133] systemd[1]: Detected virtualization kvm.
[    6.503435] systemd[1]: Detected architecture x86-64.

Welcome to [0;31mCentOS Stream 8[0m!

[    6.535966] systemd[1]: Set hostname to <test>.
[    6.924257] random: lvmconfig: uninitialized urandom read (4 bytes read)
[    7.148481] random: systemd: uninitialized urandom read (16 bytes read)
[    7.151460] systemd[1]: Set up automount Arbitrary Executable File Formats File System Automount Point.
[[0;32m  OK  [0m] Set up automount Arbitrary Executabâ€¦rmats File System Automount Point.
[    7.156850] random: systemd: uninitialized urandom read (16 bytes read)
[    7.162342] systemd[1]: Created slice User and Session Slice.
[[0;32m  OK  [0m] Created slice User and Session Slice.
[    7.165506] systemd[1]: Reached target Slices.
[[0;32m  OK  [0m] Reached target Slices.
[    7.168192] systemd[1]: Listening on Device-mapper event daemon FIFOs.
[[0;32m  OK  [0m] Listening on Device-mapper event daemon FIFOs.
[    7.171817] systemd[1]: Listening on initctl Compatibility Named Pipe.
[[0;32m  OK  [0m] Listening on initctl Compatibility Named Pipe.
[    7.175676] systemd[1]: Listening on udev Kernel Socket.
[[0;32m  OK  [0m] Listening on udev Kernel Socket.
[[0;32m  OK  [0m] Reached target Swap.
[[0;32m  OK  [0m] Listening on Journal Socket.
         Starting Monitoring of LVM2 mirrorsâ€¦ng dmeventd or progress polling...
         Mounting Kernel Debug File System...
[[0;32m  OK  [0m] Started Forward Password Requests to Wall Directory Watch.
[[0;32m  OK  [0m] Listening on LVM2 poll daemon socket.
[[0;32m  OK  [0m] Listening on Journal Socket (/dev/log).
         Starting Journal Service...
[[0;32m  OK  [0m] Listening on udev Control Socket.
         Starting udev Coldplug all Devices...
[[0;32m  OK  [0m] Listening on Process Core Dump Socket.
         Mounting Huge Pages File System...
         Starting Setup Virtual Console...
         Starting Load Kernel Modules...
[[0;32m  OK  [0m] Created slice system-sshd\x2dkeygen.slice.
         Starting Remount Root and Kernel File Systems...
[[0;32m  OK  [0m] Listening on multipathd control socket.
[[0;32m  OK  [0m] Created slice system-serial\x2dgetty.slice.
         Mounting POSIX Message Queue File System...
[[0;32m  OK  [0m] Created slice system-getty.slice.
[[0;32m  OK  [0m] Listening on RPCbind Server Activation Socket.
[[0;32m  OK  [0m] Reached target RPC Port Mapper.
[[0;32m  OK  [0m] Mounted Kernel Debug File System.
[[0;32m  OK  [0m] Started Journal Service.
[    7.824237] EXT4-fs (sda): re-mounted. Opts: (null). Quota mode: none.
[[0;32m  OK  [0m] Mounted Huge Pages File System.
[[0;1;31mFAILED[0m] Failed to start Load Kernel Modules.
See 'systemctl status systemd-modules-load.service' for details.
[[0;32m  OK  [0m] Started Remount Root and Kernel File Systems.
[[0;32m  OK  [0m] Mounted POSIX Message Queue File System.
         Starting Load/Save Random Seed...
         Starting Create Static Device Nodes in /dev...
         Starting Apply Kernel Variables...
         Mounting Kernel Configuration File System...
         Mounting FUSE Control File System...
         Starting Flush Journal to Persistent Storage...
[[0;32m  OK  [0m] Started Load/Save Random Seed.
[[0;32m  OK  [0m] Started udev Coldplug all Devices.
[[0;32m  OK  [0m] Started Setup Virtual Console.
[[0;32m  OK  [0m] Started Create Static Device Nodes in /dev.
[[0;32m  OK  [0m] Started Apply Kernel Variables.
[[0;32m  OK  [0m] Mounted Kernel Configuration File System.
[[0;32m  OK  [0m] Mounted FUSE Control File System.
         Starting udev Kernel Device Manager...
         Starting udev Wait for Complete Device Initialization...
[[0;32m  OK  [0m] Started Flush Journal to Persistent Storage.
[[0;32m  OK  [0m] Started udev Kernel Device Manager.
         Starting Show Plymouth Boot Screen...
[[0;32m  OK  [0m] Started Show Plymouth Boot Screen.
[[0;32m  OK  [0m] Reached target Paths.
[[0;32m  OK  [0m] Reached target Local Encrypted Volumes.
[[0;32m  OK  [0m] Started Forward Password Requests to Plymouth Directory Watch.
[[0;32m  OK  [0m] Started Monitoring of LVM2 mirrors,â€¦sing dmeventd or progress polling.
[[0;32m  OK  [0m] Found device /dev/ttyS0.
[[0;32m  OK  [0m] Started udev Wait for Complete Device Initialization.
[    9.986741] random: crng init done
[    9.988075] random: 7 urandom warning(s) missed due to ratelimiting
[[0;32m  OK  [0m] Listening on Load/Save RF Kill Switch Status /dev/rfkill Watch.
[[0;32m  OK  [0m] Reached target Local File Systems (Pre).
[[0;32m  OK  [0m] Reached target Local File Systems.
         Starting Tell Plymouth To Write Out Runtime Data...
         Starting Restore /run/initramfs on shutdown...
         Starting Create Volatile Files and Directories...
[[0;32m  OK  [0m] Started Tell Plymouth To Write Out Runtime Data.
[[0;32m  OK  [0m] Started Restore /run/initramfs on shutdown.
[[0;32m  OK  [0m] Started Create Volatile Files and Directories.
         Starting Security Auditing Service...
         Starting RPC Bind...
         Mounting RPC Pipe File System...
[[0;32m  OK  [0m] Mounted RPC Pipe File System.
[[0;32m  OK  [0m] Reached target rpc_pipefs.target.
[[0;32m  OK  [0m] Started RPC Bind.
[[0;32m  OK  [0m] Started Security Auditing Service.
         Starting Update UTMP about System Boot/Shutdown...
[[0;32m  OK  [0m] Started Update UTMP about System Boot/Shutdown.
[[0;32m  OK  [0m] Reached target System Initialization.
[[0;32m  OK  [0m] Started Daily Cleanup of Temporary Directories.
[[0;32m  OK  [0m] Started dnf makecache --timer.
[[0;32m  OK  [0m] Started daily update of the root trust anchor for DNSSEC.
[[0;32m  OK  [0m] Reached target Timers.
[[0;32m  OK  [0m] Listening on SSSD Kerberos Cache Manager responder socket.
[[0;32m  OK  [0m] Listening on D-Bus System Message Bus Socket.
[[0;32m  OK  [0m] Reached target Sockets.
[[0;32m  OK  [0m] Reached target Basic System.
         Starting Authorization Manager...
         Starting Auto-connect to subsystemsâ€¦-NVME devices found during boot...
         Starting Self Monitoring and Reporting Technology (SMART) Daemon...
[[0;32m  OK  [0m] Started Machine Check Exception Logging Daemon.
[[0;32m  OK  [0m] Started D-Bus System Message Bus.
         Starting Network Manager...
         Starting NTP client/server...
[[0;32m  OK  [0m] Reached target sshd-keygen.target.
[[0;32m  OK  [0m] Started irqbalance daemon.
         Starting Login Service...
[[0;32m  OK  [0m] Started Self Monitoring and Reporting Technology (SMART) Daemon.
[[0;32m  OK  [0m] Started Auto-connect to subsystems â€¦FC-NVME devices found during boot.
         Starting update of the root trust aâ€¦or DNSSEC validation in unbound...
[[0;32m  OK  [0m] Started Login Service.
[[0;32m  OK  [0m] Started Network Manager.
[[0;32m  OK  [0m] Reached target Network.
         Starting GSSAPI Proxy Daemon...
         Starting Dynamic System Tuning Daemon...
         Starting OpenSSH server daemon...
         Starting Network Manager Wait Online...
         Starting Hostname Service...
[[0;32m  OK  [0m] Started OpenSSH server daemon.
[[0;32m  OK  [0m] Started update of the root trust anâ€¦ for DNSSEC validation in unbound.
[[0;32m  OK  [0m] Started NTP client/server.
[[0;32m  OK  [0m] Started GSSAPI Proxy Daemon.
[[0;32m  OK  [0m] Started Authorization Manager.
[[0;32m  OK  [0m] Reached target NFS client services.
[[0;32m  OK  [0m] Reached target Remote File Systems (Pre).
[[0;32m  OK  [0m] Reached target Remote File Systems.
         Starting Permit User Sessions...
[[0;32m  OK  [0m] Started Permit User Sessions.
[[0;32m  OK  [0m] Started Command Scheduler.
         Starting Hold until boot process finishes up...
         Starting Terminate Plymouth Boot Screen...
[   12.201197] e1000: eth0 NIC Link is Up 1000 Mbps Full Duplex, Flow Control: RX
[   12.204512] IPv6: ADDRCONF(NETDEV_CHANGE): eth0: link becomes ready

CentOS Stream 8
Kernel 5.11.0-f40ddce88593 on an x86_64

test login: 