[    0.000000] Linux version 6.3.0-rc1-fe15c26ee26e+ (root@p-rpls01) (gcc (GCC) 8.5.0 20210514 (Red Hat 8.5.0-18), GNU ld version 2.36.1-2.el8) #1 SMP PREEMPT_DY3
[    0.000000] Command line: console=ttyS0 root=/dev/sda earlyprintk=serial net.ifnames=0 thunderbolt.dyndbg
[    0.000000] KERNEL supported cpus:
[    0.000000]   Intel GenuineIntel
[    0.000000]   AMD AuthenticAMD
[    0.000000]   Hygon HygonGenuine
[    0.000000]   Centaur CentaurHauls
[    0.000000]   zhaoxin   Shanghai  
[    0.000000] x86/fpu: Supporting XSAVE feature 0x001: 'x87 floating point registers'
[    0.000000] x86/fpu: Supporting XSAVE feature 0x002: 'SSE registers'
[    0.000000] x86/fpu: Supporting XSAVE feature 0x004: 'AVX registers'
[    0.000000] x86/fpu: Supporting XSAVE feature 0x200: 'Protection Keys User registers'
[    0.000000] x86/fpu: xstate_offset[2]:  576, xstate_sizes[2]:  256
[    0.000000] x86/fpu: xstate_offset[9]:  832, xstate_sizes[9]:    8
[    0.000000] x86/fpu: Enabled xstate features 0x207, context size is 840 bytes, using 'compacted' format.
[    0.000000] signal: max sigframe size: 3632
[    0.000000] BIOS-provided physical RAM map:
[    0.000000] BIOS-e820: [mem 0x0000000000000000-0x000000000009fbff] usable
[    0.000000] BIOS-e820: [mem 0x000000000009fc00-0x000000000009ffff] reserved
[    0.000000] BIOS-e820: [mem 0x00000000000f0000-0x00000000000fffff] reserved
[    0.000000] BIOS-e820: [mem 0x0000000000100000-0x000000007ffdffff] usable
[    0.000000] BIOS-e820: [mem 0x000000007ffe0000-0x000000007fffffff] reserved
[    0.000000] BIOS-e820: [mem 0x00000000feffc000-0x00000000feffffff] reserved
[    0.000000] BIOS-e820: [mem 0x00000000fffc0000-0x00000000ffffffff] reserved
[    0.000000] printk: bootconsole [earlyser0] enabled
[    0.000000] NX (Execute Disable) protection: active
[    0.000000] SMBIOS 2.8 present.
[    0.000000] DMI: QEMU Standard PC (i440FX + PIIX, 1996), BIOS rel-1.16.0-0-gd239552ce722-prebuilt.qemu.org 04/01/2014
[    0.000000] Hypervisor detected: KVM
[    0.000000] kvm-clock: Using msrs 4b564d01 and 4b564d00
[    0.000002] kvm-clock: using sched offset of 349738983 cycles
[    0.000766] clocksource: kvm-clock: mask: 0xffffffffffffffff max_cycles: 0x1cd42e4dffb, max_idle_ns: 881590591483 ns
[    0.003114] tsc: Detected 806.400 MHz processor
[    0.004000] e820: update [mem 0x00000000-0x00000fff] usable ==> reserved
[    0.004000] e820: remove [mem 0x000a0000-0x000fffff] usable
[    0.004000] last_pfn = 0x7ffe0 max_arch_pfn = 0x400000000
[    0.004000] x86/PAT: Configuration [0-7]: WB  WC  UC- UC  WB  WP  UC- WT  
[    0.004000] found SMP MP-table at [mem 0x000f5ba0-0x000f5baf]
[    0.004000] Using GB pages for direct mapping
[    0.004000] ACPI: Early table checksum verification disabled
[    0.004000] ACPI: RSDP 0x00000000000F59C0 000014 (v00 BOCHS )
[    0.004000] ACPI: RSDT 0x000000007FFE1951 000034 (v01 BOCHS  BXPC     00000001 BXPC 00000001)
[    0.004000] ACPI: FACP 0x000000007FFE17FD 000074 (v01 BOCHS  BXPC     00000001 BXPC 00000001)
[    0.004000] ACPI: DSDT 0x000000007FFE0040 0017BD (v01 BOCHS  BXPC     00000001 BXPC 00000001)
[    0.004000] ACPI: FACS 0x000000007FFE0000 000040
[    0.004000] ACPI: APIC 0x000000007FFE1871 000080 (v01 BOCHS  BXPC     00000001 BXPC 00000001)
[    0.004000] ACPI: HPET 0x000000007FFE18F1 000038 (v01 BOCHS  BXPC     00000001 BXPC 00000001)
[    0.004000] ACPI: WAET 0x000000007FFE1929 000028 (v01 BOCHS  BXPC     00000001 BXPC 00000001)
[    0.004000] ACPI: Reserving FACP table memory at [mem 0x7ffe17fd-0x7ffe1870]
[    0.004000] ACPI: Reserving DSDT table memory at [mem 0x7ffe0040-0x7ffe17fc]
[    0.004000] ACPI: Reserving FACS table memory at [mem 0x7ffe0000-0x7ffe003f]
[    0.004000] ACPI: Reserving APIC table memory at [mem 0x7ffe1871-0x7ffe18f0]
[    0.004000] ACPI: Reserving HPET table memory at [mem 0x7ffe18f1-0x7ffe1928]
[    0.004000] ACPI: Reserving WAET table memory at [mem 0x7ffe1929-0x7ffe1950]
[    0.004000] No NUMA configuration found
[    0.004000] Faking a node at [mem 0x0000000000000000-0x000000007ffdffff]
[    0.004000] NODE_DATA(0) allocated [mem 0x7ffb5000-0x7ffdffff]
[    0.004000] Zone ranges:
[    0.004000]   DMA      [mem 0x0000000000001000-0x0000000000ffffff]
[    0.004000]   DMA32    [mem 0x0000000001000000-0x000000007ffdffff]
[    0.004000]   Normal   empty
[    0.004000]   Device   empty
[    0.004000] Movable zone start for each node
[    0.004000] Early memory node ranges
[    0.004000]   node   0: [mem 0x0000000000001000-0x000000000009efff]
[    0.004000]   node   0: [mem 0x0000000000100000-0x000000007ffdffff]
[    0.004000] Initmem setup node 0 [mem 0x0000000000001000-0x000000007ffdffff]
[    0.004000] On node 0, zone DMA: 1 pages in unavailable ranges
[    0.004000] On node 0, zone DMA: 97 pages in unavailable ranges
[    0.004000] On node 0, zone DMA32: 32 pages in unavailable ranges
[    0.004000] ACPI: PM-Timer IO Port: 0x608
[    0.004000] ACPI: LAPIC_NMI (acpi_id[0xff] dfl dfl lint[0x1])
[    0.004000] IOAPIC[0]: apic_id 0, version 17, address 0xfec00000, GSI 0-23
[    0.004000] ACPI: INT_SRC_OVR (bus 0 bus_irq 0 global_irq 2 dfl dfl)
[    0.004000] ACPI: INT_SRC_OVR (bus 0 bus_irq 5 global_irq 5 high level)
[    0.004000] ACPI: INT_SRC_OVR (bus 0 bus_irq 9 global_irq 9 high level)
[    0.004000] ACPI: INT_SRC_OVR (bus 0 bus_irq 10 global_irq 10 high level)
[    0.004000] ACPI: INT_SRC_OVR (bus 0 bus_irq 11 global_irq 11 high level)
[    0.004000] ACPI: Using ACPI (MADT) for SMP configuration information
[    0.004000] ACPI: HPET id: 0x8086a201 base: 0xfed00000
[    0.004000] TSC deadline timer available
[    0.004000] smpboot: Allowing 2 CPUs, 0 hotplug CPUs
[    0.004000] kvm-guest: KVM setup pv remote TLB flush
[    0.004000] kvm-guest: setup PV sched yield
[    0.004000] PM: hibernation: Registered nosave memory: [mem 0x00000000-0x00000fff]
[    0.004000] PM: hibernation: Registered nosave memory: [mem 0x0009f000-0x0009ffff]
[    0.004000] PM: hibernation: Registered nosave memory: [mem 0x000a0000-0x000effff]
[    0.004000] PM: hibernation: Registered nosave memory: [mem 0x000f0000-0x000fffff]
[    0.004000] [mem 0x80000000-0xfeffbfff] available for PCI devices
[    0.004000] Booting paravirtualized kernel on KVM
[    0.004000] clocksource: refined-jiffies: mask: 0xffffffff max_cycles: 0xffffffff, max_idle_ns: 7645519600211568 ns
[    0.004000] setup_percpu: NR_CPUS:8192 nr_cpumask_bits:2 nr_cpu_ids:2 nr_node_ids:1
[    0.004000] percpu: Embedded 65 pages/cpu s229376 r8192 d28672 u1048576
[    0.004000] pcpu-alloc: s229376 r8192 d28672 u1048576 alloc=1*2097152
[    0.004000] pcpu-alloc: [0] 0 1 
[    0.004000] kvm-guest: PV spinlocks enabled
[    0.004000] PV qspinlock hash table entries: 256 (order: 0, 4096 bytes, linear)
[    0.004000] Fallback order for Node 0: 0 
[    0.004000] Built 1 zonelists, mobility grouping on.  Total pages: 515808
[    0.004000] Policy zone: DMA32
[    0.004000] Kernel command line: net.ifnames=0 console=ttyS0 root=/dev/sda earlyprintk=serial net.ifnames=0 thunderbolt.dyndbg
[    0.004000] random: crng init done
[    0.004000] Dentry cache hash table entries: 262144 (order: 9, 2097152 bytes, linear)
[    0.004000] Inode-cache hash table entries: 131072 (order: 8, 1048576 bytes, linear)
[    0.004000] mem auto-init: stack:off, heap alloc:off, heap free:off
[    0.004000] Memory: 1964888K/2096632K available (36864K kernel code, 4578K rwdata, 9848K rodata, 10508K init, 31780K bss, 131488K reserved, 0K cma-reserved)
[    0.004000] SLUB: HWalign=64, Order=0-3, MinObjects=0, CPUs=2, Nodes=1
[    0.004000] kmemleak: Kernel memory leak detector disabled
[    0.004000] ftrace: allocating 68736 entries in 269 pages
[    0.004000] ftrace: allocated 269 pages with 4 groups
[    0.004000] Dynamic Preempt: voluntary
[    0.004000] Running RCU self tests
[    0.004000] Running RCU synchronous self tests
[    0.004000] rcu: Preemptible hierarchical RCU implementation.
[    0.004000] rcu:     RCU lockdep checking is enabled.
[    0.004000] rcu:     RCU restricting CPUs from NR_CPUS=8192 to nr_cpu_ids=2.
[    0.004000]  Trampoline variant of Tasks RCU enabled.
[    0.004000]  Rude variant of Tasks RCU enabled.
[    0.004000]  Tracing variant of Tasks RCU enabled.
[    0.004000] rcu: RCU calculated value of scheduler-enlistment delay is 25 jiffies.
[    0.004000] rcu: Adjusting geometry for rcu_fanout_leaf=16, nr_cpu_ids=2
[    0.004000] Running RCU synchronous self tests
[    0.004000] NR_IRQS: 524544, nr_irqs: 440, preallocated irqs: 16
[    0.004000] rcu: srcu_init: Setting srcu_struct sizes based on contention.
[    0.004000] Console: colour VGA+ 80x25
[    0.004000] printk: console [ttyS0] enabled
[    0.004000] printk: bootconsole [earlyser0] disabled
[    0.004000] Lock dependency validator: Copyright (c) 2006 Red Hat, Inc., Ingo Molnar
[    0.004000] ... MAX_LOCKDEP_SUBCLASSES:  8
[    0.004000] ... MAX_LOCK_DEPTH:          48
[    0.004000] ... MAX_LOCKDEP_KEYS:        8192
[    0.004000] ... CLASSHASH_SIZE:          4096
[    0.004000] ... MAX_LOCKDEP_ENTRIES:     32768
[    0.004000] ... MAX_LOCKDEP_CHAINS:      65536
[    0.004000] ... CHAINHASH_SIZE:          32768
[    0.004000]  memory used by lock dependency info: 6365 kB
[    0.004000]  memory used for stack traces: 4224 kB
[    0.004000]  per task-struct memory footprint: 1920 bytes
[    0.004000] ACPI: Core revision 20221020
[    0.004000] clocksource: hpet: mask: 0xffffffff max_cycles: 0xffffffff, max_idle_ns: 19112604467 ns
[    0.004000] APIC: Switch to symmetric I/O mode setup
[    0.004000] x2apic enabled
[    0.004000] Switched APIC routing to physical x2apic.
[    0.004000] kvm-guest: setup PV IPIs
[    0.004000] ..TIMER: vector=0x30 apic1=0 pin1=2 apic2=-1 pin2=-1
[    0.004000] clocksource: tsc-early: mask: 0xffffffffffffffff max_cycles: 0xb9fb05486c, max_idle_ns: 440795231721 ns
[    0.181826] Calibrating delay loop (skipped) preset value.. 1612.80 BogoMIPS (lpj=3225600)
[    0.185830] pid_max: default: 32768 minimum: 301
[    0.186582] LSM: initializing lsm=capability,yama,integrity
[    0.187407] Yama: becoming mindful.
[    0.188048] Mount-cache hash table entries: 4096 (order: 3, 32768 bytes, linear)
[    0.189818] Mountpoint-cache hash table entries: 4096 (order: 3, 32768 bytes, linear)
[    0.192032] CPU0: Thermal monitoring enabled (TM1)
[    0.192882] x86/cpu: User Mode Instruction Prevention (UMIP) activated
[    0.194176] Last level iTLB entries: 4KB 0, 2MB 0, 4MB 0
[    0.195009] Last level dTLB entries: 4KB 0, 2MB 0, 4MB 0, 1GB 0
[    0.195930] Spectre V1 : Mitigation: usercopy/swapgs barriers and __user pointer sanitization
[    0.197228] Spectre V2 : WARNING: Unprivileged eBPF is enabled with eIBRS on, data leaks possible via Spectre v2 BHB attacks!
[    0.197820] Spectre V2 : Mitigation: Enhanced / Automatic IBRS
[    0.198700] Spectre V2 : Spectre v2 / SpectreRSB mitigation: Filling RSB on context switch
[    0.199933] Spectre V2 : Spectre v2 / PBRSB-eIBRS: Retire a single CALL on VMEXIT
[    0.201816] Spectre V2 : mitigation: Enabling conditional Indirect Branch Prediction Barrier
[    0.203079] Speculative Store Bypass: Mitigation: Speculative Store Bypass disabled via prctl
[    0.204347] MMIO Stale Data: Unknown: No mitigations
[    0.302965] Freeing SMP alternatives memory: 56K
[    0.303702] Running RCU synchronous self tests
[    0.304356] Running RCU synchronous self tests
[    0.305255] smpboot: CPU0: Genuine Intel(R) 0000 (family: 0x6, model: 0xb7, stepping: 0x0)
[    0.305812] cblist_init_generic: Setting adjustable number of callback queues.
[    0.305812] cblist_init_generic: Setting shift to 1 and lim to 1.
[    0.305812] cblist_init_generic: Setting shift to 1 and lim to 1.
[    0.305862] cblist_init_generic: Setting shift to 1 and lim to 1.
[    0.306784] Running RCU-tasks wait API self tests
[    0.409966] Performance Events: Alderlake Hybrid events, full-width counters, Intel PMU driver.
[    0.411647] core: cpu_core PMU driver: 
[    0.412169] ... version:                2
[    0.412701] ... bit width:              48
[    0.413246] ... generic registers:      6
[    0.413789] ... value mask:             0000ffffffffffff
[    0.413820] ... max period:             00007fffffffffff
[    0.414519] ... fixed-purpose events:   3
[    0.415051] ... event mask:             0001000f0000003f
[    0.415925] rcu: Hierarchical SRCU implementation.
[    0.416560] rcu:     Max phase no-delay instances is 1000.
[    0.419371] Callback from call_rcu_tasks_trace() invoked.
[    0.420153] unchecked MSR access error: WRMSR to 0x38f (tried to write 0x0001000f0000003f) at rIP: 0xffffffff810e0c2c (native_write_msr+0xc/0x30)
[    0.421812] Call Trace:
[    0.421812]  <TASK>
[    0.421812]  __intel_pmu_enable_all.constprop.49+0xb5/0x140
[    0.421812]  intel_pmu_enable_all+0x1e/0x30
[    0.421812]  x86_pmu_enable+0x46d/0x5a0
[    0.421812]  ? write_comp_data+0x2f/0x90
[    0.421812]  perf_pmu_enable+0x53/0x70
[    0.421812]  ctx_resched+0x14d/0x1e0
[    0.421812]  __perf_install_in_context+0x2f7/0x470
[    0.421812]  ? lock_is_held_type+0xe6/0x140
[    0.421812]  ? __pfx_remote_function+0x10/0x10
[    0.421812]  remote_function+0x80/0xa0
[    0.421812]  ? __pfx_remote_function+0x10/0x10
[    0.421812]  generic_exec_single+0x124/0x190
[    0.421812]  smp_call_function_single+0x11c/0x240
[    0.421812]  ? __pfx_remote_function+0x10/0x10
[    0.421812]  ? __sanitizer_cov_trace_pc+0x25/0x60
[    0.421812]  ? write_comp_data+0x2f/0x90
[    0.421812]  perf_install_in_context+0x2d8/0x300
[    0.421812]  ? __pfx___perf_install_in_context+0x10/0x10
[    0.421812]  perf_event_create_kernel_counter+0x284/0x2b0
[    0.421812]  ? __pfx_watchdog_overflow_callback+0x10/0x10
[    0.421812]  hardlockup_detector_event_create+0x46/0xd0
[    0.421812]  hardlockup_detector_perf_init+0x18/0x80
[    0.421812]  watchdog_nmi_probe+0x17/0x20
[    0.421812]  lockup_detector_init+0x40/0xb0
[    0.421812]  kernel_init_freeable+0x37e/0x8c0
[    0.421812]  ? __pfx_kernel_init+0x10/0x10
[    0.421812]  kernel_init+0x24/0x1e0
[    0.421812]  ? __pfx_kernel_init+0x10/0x10
[    0.421812]  ret_from_fork+0x29/0x50
[    0.421812]  </TASK>
[    0.421979] smp: Bringing up secondary CPUs ...
[    0.423166] x86: Booting SMP configuration:
[    0.423747] .... node  #0, CPUs:      #1
[    0.424615] smp: Brought up 1 node, 2 CPUs
[    0.425830] smpboot: Max logical packages: 1
[    0.426414] smpboot: Total of 2 processors activated (3225.60 BogoMIPS)
[    0.428218] devtmpfs: initialized
[    0.428218] x86/mm: Memory block size: 128MB
[    0.431297] Running RCU synchronous self tests
[    0.431297] Running RCU synchronous self tests
[    0.431409] clocksource: jiffies: mask: 0xffffffff max_cycles: 0xffffffff, max_idle_ns: 7645041785100000 ns
[    0.433832] futex hash table entries: 512 (order: 4, 65536 bytes, linear)
[    0.434910] pinctrl core: initialized pinctrl subsystem

[    0.436272] *************************************************************
[    0.437187] **     NOTICE NOTICE NOTICE NOTICE NOTICE NOTICE NOTICE    **
[    0.437818] **                                                         **
[    0.438723] **  IOMMU DebugFS SUPPORT HAS BEEN ENABLED IN THIS KERNEL  **
[    0.439633] **                                                         **
[    0.440538] ** This means that this kernel is built to expose internal **
[    0.441447] ** IOMMU data structures, which may compromise security on **
[    0.441818] ** your system.                                            **
[    0.442719] **                                                         **
[    0.443619] ** If you see this message and you are not debugging the   **
[    0.444536] ** kernel, report this immediately to your vendor!         **
[    0.445432] **                                                         **
[    0.445817] **     NOTICE NOTICE NOTICE NOTICE NOTICE NOTICE NOTICE    **
[    0.446721] *************************************************************
[    0.447721] PM: RTC time: 14:40:59, date: 2023-03-07
[    0.450129] NET: Registered PF_NETLINK/PF_ROUTE protocol family
[    0.451424] DMA: preallocated 256 KiB GFP_KERNEL pool for atomic allocations
[    0.452396] DMA: preallocated 256 KiB GFP_KERNEL|GFP_DMA pool for atomic allocations
[    0.453446] DMA: preallocated 256 KiB GFP_KERNEL|GFP_DMA32 pool for atomic allocations
[    0.453855] audit: initializing netlink subsys (disabled)
[    0.454642] audit: type=2000 audit(1678200060.247:1): state=initialized audit_enabled=0 res=1
[    0.454642] thermal_sys: Registered thermal governor 'fair_share'
[    0.455020] thermal_sys: Registered thermal governor 'bang_bang'
[    0.455849] thermal_sys: Registered thermal governor 'step_wise'
[    0.456663] thermal_sys: Registered thermal governor 'user_space'
[    0.457853] cpuidle: using governor ladder
[    0.459253] cpuidle: using governor menu
[    0.460101] acpiphp: ACPI Hot Plug PCI Controller Driver version: 0.5
[    0.461233] PCI: Using configuration type 1 for base access
[    0.462545] kprobes: kprobe jump-optimization is enabled. All kprobes are optimized if possible.
[    0.650816] HugeTLB: registered 1.00 GiB page size, pre-allocated 0 pages
[    0.651948] HugeTLB: 16380 KiB vmemmap can be freed for a 1.00 GiB page
[    0.653026] HugeTLB: registered 2.00 MiB page size, pre-allocated 0 pages
[    0.653823] HugeTLB: 28 KiB vmemmap can be freed for a 2.00 MiB page
[    0.656855] ACPI: Added _OSI(Module Device)
[    0.657595] ACPI: Added _OSI(Processor Device)
[    0.657826] ACPI: Added _OSI(3.0 _SCP Extensions)
[    0.658622] ACPI: Added _OSI(Processor Aggregator Device)
[    0.664522] ACPI: 1 ACPI AML tables successfully acquired and loaded
[    2.682638] Callback from call_rcu_tasks_rude() invoked.
[    2.727097] ACPI: Interpreter enabled
[    2.727097] ACPI: PM: (supports S0 S3 S4 S5)
[    2.727446] ACPI: Using IOAPIC for interrupt routing
[    2.728349] PCI: Using host bridge windows from ACPI; if necessary, use "pci=nocrs" and report a bug
[    2.729822] PCI: Using E820 reservations for host bridge windows
[    2.731468] ACPI: Enabled 2 GPEs in block 00 to 0F
[    2.746458] ACPI: PCI Root Bridge [PCI0] (domain 0000 [bus 00-ff])
[    2.747427] acpi PNP0A03:00: _OSC: OS supports [ASPM ClockPM Segments MSI EDR HPX-Type3]
[    2.748638] acpi PNP0A03:00: _OSC: not requesting OS control; OS requires [ExtendedConfig ASPM ClockPM MSI]
[    2.749881] acpi PNP0A03:00: fail to add MMCONFIG information, can't access extended configuration space under this bridge
[    2.753589] acpiphp: Slot [3] registered
[    2.753880] acpiphp: Slot [4] registered
[    2.754545] acpiphp: Slot [5] registered
[    2.755200] acpiphp: Slot [6] registered
[    2.755858] acpiphp: Slot [7] registered
[    2.756511] acpiphp: Slot [8] registered
[    2.757165] acpiphp: Slot [9] registered
[    2.757827] acpiphp: Slot [10] registered
[    2.758502] acpiphp: Slot [11] registered
[    2.759171] acpiphp: Slot [12] registered
[    2.759839] acpiphp: Slot [13] registered
[    2.760506] acpiphp: Slot [14] registered
[    2.761173] acpiphp: Slot [15] registered
[    2.761847] acpiphp: Slot [16] registered
[    2.762517] acpiphp: Slot [17] registered
[    2.763224] acpiphp: Slot [18] registered
[    2.763935] acpiphp: Slot [19] registered
[    2.764641] acpiphp: Slot [20] registered
[    2.765348] acpiphp: Slot [21] registered
[    2.765882] acpiphp: Slot [22] registered
[    2.766599] acpiphp: Slot [23] registered
[    2.767308] acpiphp: Slot [24] registered
[    2.768019] acpiphp: Slot [25] registered
[    2.768733] acpiphp: Slot [26] registered
[    2.769441] acpiphp: Slot [27] registered
[    2.769883] acpiphp: Slot [28] registered
[    2.770594] acpiphp: Slot [29] registered
[    2.771302] acpiphp: Slot [30] registered
[    2.772012] acpiphp: Slot [31] registered
[    2.772684] PCI host bridge to bus 0000:00
[    2.773351] pci_bus 0000:00: root bus resource [io  0x0000-0x0cf7 window]
[    2.777821] pci_bus 0000:00: root bus resource [io  0x0d00-0xffff window]
[    2.778908] pci_bus 0000:00: root bus resource [mem 0x000a0000-0x000bffff window]
[    2.780103] pci_bus 0000:00: root bus resource [mem 0x80000000-0xfebfffff window]
[    2.781280] pci_bus 0000:00: root bus resource [mem 0x100000000-0x17fffffff window]
[    2.781823] pci_bus 0000:00: root bus resource [bus 00-ff]
[    2.782771] pci 0000:00:00.0: [8086:1237] type 00 class 0x060000
[    2.786563] pci 0000:00:01.0: [8086:7000] type 00 class 0x060100
[    2.788474] pci 0000:00:01.1: [8086:7010] type 00 class 0x010180
[    2.791042] pci 0000:00:01.1: reg 0x20: [io  0xc040-0xc04f]
[    2.792530] pci 0000:00:01.1: legacy IDE quirk: reg 0x10: [io  0x01f0-0x01f7]
[    2.793662] pci 0000:00:01.1: legacy IDE quirk: reg 0x14: [io  0x03f6]
[    2.793822] pci 0000:00:01.1: legacy IDE quirk: reg 0x18: [io  0x0170-0x0177]
[    2.794874] pci 0000:00:01.1: legacy IDE quirk: reg 0x1c: [io  0x0376]
[    2.795848] Callback from call_rcu_tasks() invoked.
[    2.796227] pci 0000:00:01.3: [8086:7113] type 00 class 0x068000
[    2.798162] pci 0000:00:01.3: quirk: [io  0x0600-0x063f] claimed by PIIX4 ACPI
[    2.799383] pci 0000:00:01.3: quirk: [io  0x0700-0x070f] claimed by PIIX4 SMB
[    2.800807] pci 0000:00:02.0: [1234:1111] type 00 class 0x030000
[    2.802203] pci 0000:00:02.0: reg 0x10: [mem 0xfd000000-0xfdffffff pref]
[    2.804287] pci 0000:00:02.0: reg 0x18: [mem 0xfebf0000-0xfebf0fff]
[    2.807964] pci 0000:00:02.0: reg 0x30: [mem 0xfebe0000-0xfebeffff pref]
[    2.809289] pci 0000:00:02.0: Video device with shadowed ROM at [mem 0x000c0000-0x000dffff]
[    2.812430] pci 0000:00:03.0: [8086:100e] type 00 class 0x020000
[    2.813794] pci 0000:00:03.0: reg 0x10: [mem 0xfebc0000-0xfebdffff]
[    2.814206] pci 0000:00:03.0: reg 0x14: [io  0xc000-0xc03f]
[    2.817137] pci 0000:00:03.0: reg 0x30: [mem 0xfeb80000-0xfebbffff pref]
[    2.846044] ACPI: PCI: Interrupt link LNKA configured for IRQ 10
[    2.847413] ACPI: PCI: Interrupt link LNKB configured for IRQ 10
[    2.848964] ACPI: PCI: Interrupt link LNKC configured for IRQ 11
[    2.850156] ACPI: PCI: Interrupt link LNKD configured for IRQ 11
[    2.851324] ACPI: PCI: Interrupt link LNKS configured for IRQ 9
[    2.853896] iommu: Default domain type: Translated 
[    2.854555] iommu: DMA domain TLB invalidation policy: lazy mode 
[    2.858649] SCSI subsystem initialized
[    2.859218] libata version 3.00 loaded.
[    2.859218] ACPI: bus type USB registered
[    2.859218] usbcore: registered new interface driver usbfs
[    2.859218] usbcore: registered new interface driver hub
[    2.859218] usbcore: registered new device driver usb
[    2.859745] pps_core: LinuxPPS API ver. 1 registered
[    2.860614] pps_core: Software ver. 5.3.6 - Copyright 2005-2007 Rodolfo Giometti <giometti@linux.it>
[    2.861833] PTP clock support registered
[    2.865863] EDAC MC: Ver: 3.0.0
[    2.866563] EDAC DEBUG: edac_mc_sysfs_init: device mc created
[    2.866683] NetLabel: Initializing
[    2.867333] NetLabel:  domain hash size = 128
[    2.867965] NetLabel:  protocols = UNLABELED CIPSOv4 CALIPSO
[    2.869887] NetLabel:  unlabeled traffic allowed by default
[    2.870806] PCI: Using ACPI for IRQ routing
[    2.870806] PCI: pci_cache_line_size set to 64 bytes
[    2.870806] e820: reserve RAM buffer [mem 0x0009fc00-0x0009ffff]
[    2.870806] e820: reserve RAM buffer [mem 0x7ffe0000-0x7fffffff]
[    2.870896] pci 0000:00:02.0: vgaarb: setting as boot VGA device
[    2.870896] pci 0000:00:02.0: vgaarb: bridge control possible
[    2.871562] pci 0000:00:02.0: vgaarb: VGA device added: decodes=io+mem,owns=io+mem,locks=none
[    2.873822] vgaarb: loaded
[    2.874232] hpet0: at MMIO 0xfed00000, IRQs 2, 8, 0
[    2.874821] hpet0: 3 comparators, 64-bit 100.000000 MHz counter
[    2.877823] clocksource: Switched to clocksource kvm-clock
[    2.971888] VFS: Disk quotas dquot_6.6.0
[    2.972516] VFS: Dquot-cache hash table entries: 512 (order 0, 4096 bytes)
[    2.973731] pnp: PnP ACPI init
[    2.974553] pnp 00:02: [dma 2]
[    2.975735] pnp: PnP ACPI: found 6 devices
[    2.988661] clocksource: acpi_pm: mask: 0xffffff max_cycles: 0xffffff, max_idle_ns: 2085701024 ns
[    2.990232] NET: Registered PF_INET protocol family
[    2.991007] IP idents hash table entries: 32768 (order: 6, 262144 bytes, linear)
[    2.992751] tcp_listen_portaddr_hash hash table entries: 1024 (order: 4, 73728 bytes, linear)
[    2.993986] Table-perturb hash table entries: 65536 (order: 6, 262144 bytes, linear)
[    2.995109] TCP established hash table entries: 16384 (order: 5, 131072 bytes, linear)
[    2.996375] TCP bind hash table entries: 16384 (order: 9, 2359296 bytes, linear)
[    2.998147] TCP: Hash tables configured (established 16384 bind 16384)
[    2.999127] UDP hash table entries: 1024 (order: 5, 163840 bytes, linear)
[    3.000102] UDP-Lite hash table entries: 1024 (order: 5, 163840 bytes, linear)
[    3.001202] NET: Registered PF_UNIX/PF_LOCAL protocol family
[    3.002809] RPC: Registered named UNIX socket transport module.
[    3.003681] RPC: Registered udp transport module.
[    3.004349] RPC: Registered tcp transport module.
[    3.005022] RPC: Registered tcp NFSv4.1 backchannel transport module.
[    3.005968] pci_bus 0000:00: resource 4 [io  0x0000-0x0cf7 window]
[    3.006846] pci_bus 0000:00: resource 5 [io  0x0d00-0xffff window]
[    3.007722] pci_bus 0000:00: resource 6 [mem 0x000a0000-0x000bffff window]
[    3.008692] pci_bus 0000:00: resource 7 [mem 0x80000000-0xfebfffff window]
[    3.009668] pci_bus 0000:00: resource 8 [mem 0x100000000-0x17fffffff window]
[    3.010877] pci 0000:00:01.0: PIIX3: Enabling Passive Release
[    3.011707] pci 0000:00:00.0: Limiting direct PCI/PCI transfers
[    3.012653] PCI: CLS 0 bytes, default 64
[    3.013483] ACPI: bus type thunderbolt registered
[    3.014439] clocksource: tsc: mask: 0xffffffffffffffff max_cycles: 0xb9fb05486c, max_idle_ns: 440795231721 ns
[    3.018611] Initialise system trusted keyrings
[    3.019324] Key type blacklist registered
[    3.020142] workingset: timestamp_bits=36 max_order=19 bucket_order=0
[    3.021103] zbud: loaded
[    3.022142] squashfs: version 4.0 (2009/01/31) Phillip Lougher
[    3.023463] NFS: Registering the id_resolver key type
[    3.024188] Key type id_resolver registered
[    3.024791] Key type id_legacy registered
[    3.025390] nfs4filelayout_init: NFSv4 File Layout Driver Registering...
[    3.026401] nfs4flexfilelayout_init: NFSv4 Flexfile Layout Driver Registering...
[    3.027584] fuse: init (API version 7.38)
[    3.028328] SGI XFS with ACLs, security attributes, realtime, quota, no debug enabled
[    3.029835] 9p: Installing v9fs 9p2000 file system support
[    3.036354] Key type asymmetric registered
[    3.036978] Asymmetric key parser 'x509' registered
[    3.037729] Block layer SCSI generic (bsg) driver version 0.4 loaded (major 243)
[    3.038958] io scheduler mq-deadline registered
[    3.039643] io scheduler bfq registered
[    3.040583] shpchp: Standard Hot Plug PCI Controller Driver version: 0.4
[    3.041893] IPMI message handler: version 39.2
[    3.042576] ipmi device interface
[    3.044483] input: Power Button as /devices/LNXSYSTM:00/LNXPWRBN:00/input/input0
[    3.045731] ACPI: button: Power Button [PWRF]
[    3.047237] ERST DBG: ERST support is disabled.
[    3.048416] Serial: 8250/16550 driver, 32 ports, IRQ sharing enabled
[    3.049442] serial 00:04: using ACPI '\_SB.PCI0.ISA.COM1' for 'rs485-term' GPIO lookup
[    3.049465] acpi PNP0501:00: GPIO: looking up rs485-term-gpios
[    3.049474] acpi PNP0501:00: GPIO: looking up rs485-term-gpio
[    3.049482] serial 00:04: using lookup tables for GPIO lookup
[    3.049498] serial 00:04: No GPIO consumer rs485-term found
[    3.049506] serial 00:04: using ACPI '\_SB.PCI0.ISA.COM1' for 'rs485-rx-during-tx' GPIO lookup
[    3.049522] acpi PNP0501:00: GPIO: looking up rs485-rx-during-tx-gpios
[    3.049531] acpi PNP0501:00: GPIO: looking up rs485-rx-during-tx-gpio
[    3.049539] serial 00:04: using lookup tables for GPIO lookup
[    3.049546] serial 00:04: No GPIO consumer rs485-rx-during-tx found
[    3.050112] 00:04: ttyS0 at I/O 0x3f8 (irq = 4, base_baud = 115200) is a 16550A
[    3.058989] Linux agpgart interface v0.103
[    3.060270] ACPI: bus type drm_connector registered
[    3.071303] brd: module loaded
[    3.077995] loop: module loaded
[    3.080261] ata_piix 0000:00:01.1: version 2.13
[    3.081837] scsi host0: ata_piix
[    3.082697] scsi host1: ata_piix
[    3.083312] ata1: PATA max MWDMA2 cmd 0x1f0 ctl 0x3f6 bmdma 0xc040 irq 14
[    3.084290] ata2: PATA max MWDMA2 cmd 0x170 ctl 0x376 bmdma 0xc048 irq 15
[    3.086153] mdio_bus fixed-0: using lookup tables for GPIO lookup
[    3.086163] mdio_bus fixed-0: No GPIO consumer reset found
[    3.086469] tun: Universal TUN/TAP device driver, 1.6
[    3.087348] e100: Intel(R) PRO/100 Network Driver
[    3.088034] e100: Copyright(c) 1999-2006 Intel Corporation
[    3.088854] e1000: Intel(R) PRO/1000 Network Driver
[    3.089565] e1000: Copyright (c) 1999-2006 Intel Corporation.
[    3.242159] ata2: found unknown device (class 0)
[    3.243516] ata2.00: ATAPI: QEMU DVD-ROM, 2.5+, max UDMA/100
[    3.243692] ACPI: \_SB_.LNKC: Enabled at IRQ 11
[    3.246049] ata1: found unknown device (class 0)
[    3.247453] ata1.00: ATA-7: QEMU HARDDISK, 2.5+, max UDMA/100
[    3.248294] ata1.00: 16777216 sectors, multi 16: LBA48 
[    3.250096] scsi 0:0:0:0: Direct-Access     ATA      QEMU HARDDISK    2.5+ PQ: 0 ANSI: 5
[    3.252792] sd 0:0:0:0: Attached scsi generic sg0 type 0
[    3.252938] sd 0:0:0:0: [sda] 16777216 512-byte logical blocks: (8.59 GB/8.00 GiB)
[    3.254910] sd 0:0:0:0: [sda] Write Protect is off
[    3.254998] scsi 1:0:0:0: CD-ROM            QEMU     QEMU DVD-ROM     2.5+ PQ: 0 ANSI: 5
[    3.255603] sd 0:0:0:0: [sda] Mode Sense: 00 3a 00 00
[    3.256883] sd 0:0:0:0: [sda] Write cache: enabled, read cache: enabled, doesn't support DPO or FUA
[    3.258327] sd 0:0:0:0: [sda] Preferred minimum I/O size 512 bytes
[    3.274676] scsi 1:0:0:0: Attached scsi generic sg1 type 5
[    3.277119] sd 0:0:0:0: [sda] Attached SCSI disk
[    3.590978] e1000 0000:00:03.0 eth0: (PCI:33MHz:32-bit) 52:54:00:12:34:56
[    3.591943] e1000 0000:00:03.0 eth0: Intel(R) PRO/1000 Network Connection
[    3.592949] e1000e: Intel(R) PRO/1000 Network Driver
[    3.593630] e1000e: Copyright(c) 1999 - 2015 Intel Corporation.
[    3.594486] igb: Intel(R) Gigabit Ethernet Network Driver
[    3.595216] igb: Copyright (c) 2007-2014 Intel Corporation.
[    3.596039] PPP generic driver version 2.4.2
[    3.597020] VFIO - User Level meta-driver version: 0.3
[    3.598154] usbcore: registered new interface driver uas
[    3.598905] usbcore: registered new interface driver usb-storage
[    3.599820] i8042: PNP: PS/2 Controller [PNP0303:KBD,PNP0f13:MOU] at 0x60,0x64 irq 1,12
[    3.601793] serio: i8042 KBD port at 0x60,0x64 irq 1
[    3.602518] serio: i8042 AUX port at 0x60,0x64 irq 12
[    3.603835] mousedev: PS/2 mouse device common for all mice
[    3.605394] input: AT Translated Set 2 keyboard as /devices/platform/i8042/serio0/input/input1
[    3.605983] rtc_cmos 00:05: RTC can wake from S4
[    3.607572] input: VirtualPS/2 VMware VMMouse as /devices/platform/i8042/serio1/input/input4
[    3.608538] rtc_cmos 00:05: registered as rtc0
[    3.609336] input: VirtualPS/2 VMware VMMouse as /devices/platform/i8042/serio1/input/input3
[    3.609532] rtc_cmos 00:05: setting system clock to 2023-03-07T14:41:02 UTC (1678200062)
[    3.611609] rtc_cmos 00:05: using ACPI '\_SB.PCI0.ISA.RTC' for 'wp' GPIO lookup
[    3.611627] acpi PNP0B00:00: GPIO: looking up wp-gpios
[    3.611636] acpi PNP0B00:00: GPIO: looking up wp-gpio
[    3.611644] rtc_cmos 00:05: using lookup tables for GPIO lookup
[    3.611652] rtc_cmos 00:05: No GPIO consumer wp found
[    3.611779] rtc_cmos 00:05: alarms up to one day, y3k, 242 bytes nvram, hpet irqs
[    3.612772] i2c_dev: i2c /dev entries driver
[    3.613505] device-mapper: core: CONFIG_IMA_DISABLE_HTABLE is disabled. Duplicate IMA measurements will not be recorded in the IMA log.
[    3.615172] device-mapper: uevent: version 1.0.3
[    3.616024] device-mapper: ioctl: 4.47.0-ioctl (2022-07-28) initialised: dm-devel@redhat.com
[    3.617179] intel_pstate: CPU model not supported
[    3.617920] sdhci: Secure Digital Host Controller Interface driver
[    3.618763] sdhci: Copyright(c) Pierre Ossman
[    3.619420] sdhci-pltfm: SDHCI platform and OF driver helper
[    3.620281] ledtrig-cpu: registered to indicate activity on CPUs
[    3.621380] drop_monitor: Initializing network drop monitor service
[    3.622389] NET: Registered PF_INET6 protocol family
[    3.625324] Segment Routing with IPv6
[    3.625898] In-situ OAM (IOAM) with IPv6
[    3.626479] NET: Registered PF_PACKET protocol family
[    3.627317] 9pnet: Installing 9P2000 support
[    3.627957] Key type dns_resolver registered
[    3.629239] IPI shorthand broadcast: enabled
[    3.641475] sched_clock: Marking stable (3464002713, 173812081)->(3700250210, -62435416)
[    3.643197] registered taskstats version 1
[    3.643961] Loading compiled-in X.509 certificates
[    3.644761] zswap: loaded using pool lzo/zbud
[    3.657381] Key type .fscrypt registered
[    3.657991] Key type fscrypt-provisioning registered
[    3.659450] Key type encrypted registered
[    3.660052] ima: No TPM chip found, activating TPM-bypass!
[    3.660828] ima: Allocated hash algorithm: sha1
[    3.661498] ima: No architecture policies found
[    3.662211] evm: Initialising EVM extended attributes:
[    3.662937] evm: security.selinux
[    3.663412] evm: security.SMACK64
[    3.663892] evm: security.SMACK64EXEC
[    3.664416] evm: security.SMACK64TRANSMUTE
[    3.665003] evm: security.SMACK64MMAP
[    3.665529] evm: security.apparmor
[    3.666032] evm: security.ima
[    3.666461] evm: security.capability
[    3.666972] evm: HMAC attrs: 0x1
[    3.668412] PM:   Magic number: 15:124:687
[    3.669310] RAS: Correctable Errors collector initialized.
[    3.670758] md: Waiting for all devices to be available before autodetect
[    3.671375] md: If you don't use raid, use raid=noautodetect
[    3.671897] md: Autodetecting RAID arrays.
[    3.672282] md: autorun ...
[    3.672547] md: ... autorun DONE.
[    3.677197] EXT4-fs (sda): INFO: recovery required on readonly filesystem
[    3.677867] EXT4-fs (sda): write access will be enabled during recovery
[    3.748549] EXT4-fs (sda): recovery complete
[    3.750512] EXT4-fs (sda): mounted filesystem 23a53bb9-f815-47a5-b74c-5e08f7731193 with ordered data mode. Quota mode: none.
[    3.751632] VFS: Mounted root (ext4 filesystem) readonly on device 8:0.
[    3.753103] devtmpfs: mounted
[    3.760540] Freeing unused decrypted memory: 2036K
[    3.763258] Freeing unused kernel image (initmem) memory: 10508K
[    3.763867] Write protecting the kernel read-only data: 47104k
[    3.765437] Freeing unused kernel image (rodata/data gap) memory: 392K
[    3.840185] x86/mm: Checked W+X mappings: passed, no W+X pages found.
[    3.840820] Run /sbin/init as init process
[    3.841226]   with arguments:
[    3.841231]     /sbin/init
[    3.841237]   with environment:
[    3.841242]     HOME=/
[    3.841247]     TERM=linux
[    3.936379] systemd[1]: RTC configured in localtime, applying delta of 0 minutes to system time.
[    3.959538] systemd[1]: systemd 239 (239-49.el8) running in system mode. (+PAM +AUDIT +SELINUX +IMA -APPARMOR +SMACK +SYSVINIT +UTMP +LIBCRYPTSETUP +GCRYPT +G)
[    3.961673] systemd[1]: Detected virtualization kvm.
[    3.962163] systemd[1]: Detected architecture x86-64.
[    4.016944] systemd[1]: Set hostname to <test>.
[    4.255769] systemd[1]: Listening on Process Core Dump Socket.
[    4.259316] systemd[1]: Created slice User and Session Slice.
[    4.261087] systemd[1]: Reached target Slices.
[    4.262565] systemd[1]: Listening on Journal Socket.
[    4.290071] systemd[1]: Mounting Huge Pages File System...
[    4.291880] systemd[1]: Set up automount Arbitrary Executable File Formats File System Automount Point.
[    4.522653] EXT4-fs (sda): re-mounted 23a53bb9-f815-47a5-b74c-5e08f7731193. Quota mode: none.
[    6.738039] e1000: eth0 NIC Link is Up 1000 Mbps Full Duplex, Flow Control: RX
[    6.739390] IPv6: ADDRCONF(NETDEV_CHANGE): eth0: link becomes ready
[    6.940071] Spectre V2 : WARNING: Unprivileged eBPF is enabled with eIBRS on, data leaks possible via Spectre v2 BHB attacks!
[    6.941464] Spectre V2 : WARNING: Unprivileged eBPF is enabled with eIBRS on, data leaks possible via Spectre v2 BHB attacks!
[   62.854989] memfd_create() without MFD_EXEC nor MFD_NOEXEC_SEAL, pid=337 'systemd'

[   87.245186] =============================
[   87.245689] WARNING: suspicious RCU usage
[   87.246234] 6.3.0-rc1-fe15c26ee26e+ #1 Not tainted
[   87.246824] -----------------------------
[   87.247319] lib/maple_tree.c:856 suspicious rcu_dereference_check() usage!
[   87.248149] 
               other info that might help us debug this:

[   87.249112] 
               rcu_scheduler_active = 2, debug_locks = 1
[   87.249983] 5 locks held by repro/3075:
[   87.250463]  #0: ffff88800a984448 (sb_writers#5){.+.+}-{0:0}, at: ksys_write+0x9f/0x170
[   87.251461]  #1: ffff88800de3ca88 (&of->mutex){+.+.}-{3:3}, at: kernfs_fop_write_iter+0x190/0x290
[   87.252549]  #2: ffff888007bce938 (kn->active#79){.+.+}-{0:0}, at: kernfs_fop_write_iter+0x199/0x290
[   87.253674]  #3: ffffffff840425a8 (ksm_thread_mutex){+.+.}-{3:3}, at: run_store+0x88/0x4d0
[   87.254718]  #4: ffff88800dc61b18 (&mm->mmap_lock){++++}-{3:3}, at: run_store+0x1b9/0x4d0
[   87.255722] 
               stack backtrace:
[   87.256259] CPU: 1 PID: 3075 Comm: repro Not tainted 6.3.0-rc1-fe15c26ee26e+ #1
[   87.257150] Hardware name: QEMU Standard PC (i440FX + PIIX, 1996), BIOS rel-1.16.0-0-gd239552ce722-prebuilt.qemu.org 04/01/2014
[   87.258514] Call Trace:
[   87.258828]  <TASK>
[   87.259105]  dump_stack_lvl+0xe0/0x110
[   87.259598]  dump_stack+0x19/0x20
[   87.260023]  lockdep_rcu_suspicious+0x122/0x1a0
[   87.260598]  mas_walk+0x27a/0x340
[   87.261038]  mas_find+0xe2/0x140
[   87.261460]  run_store+0x1d3/0x4d0
[   87.261905]  ? __pfx_run_store+0x10/0x10
[   87.262404]  kobj_attr_store+0x3f/0x70
[   87.262886]  sysfs_kf_write+0x69/0x90
[   87.263356]  ? __pfx_sysfs_kf_write+0x10/0x10
[   87.263908]  kernfs_fop_write_iter+0x1ce/0x290
[   87.264473]  vfs_write+0x577/0x7c0
[   87.264927]  ksys_write+0x9f/0x170
[   87.265371]  __x64_sys_write+0x27/0x30
[   87.265851]  do_syscall_64+0x3b/0x90
[   87.266309]  entry_SYSCALL_64_after_hwframe+0x72/0xdc
[   87.266935] RIP: 0033:0x7f1eae54759d
[   87.267389] Code: 00 c3 66 2e 0f 1f 84 00 00 00 00 00 90 f3 0f 1e fa 48 89 f8 48 89 f7 48 89 d6 48 89 ca 4d 89 c2 4d 89 c8 4c 8b 4c 24 08 0f 05 <48> 3d 01 f0 8
[   87.269603] RSP: 002b:00007ffd266b4618 EFLAGS: 00000202 ORIG_RAX: 0000000000000001
[   87.270519] RAX: ffffffffffffffda RBX: 0000000000000000 RCX: 00007f1eae54759d
[   87.271378] RDX: 0000000000000002 RSI: 0000000020000140 RDI: 0000000000000003
[   87.272229] RBP: 00007ffd266b4630 R08: 00007ffd266b4630 R09: 00007ffd266b4630
[   87.273084] R10: 00007ffd266b4630 R11: 0000000000000202 R12: 0000000000401190
[   87.273935] R13: 00007ffd266b4750 R14: 0000000000000000 R15: 0000000000000000
[   87.274802]  </TASK>
