c[?7l[2J[0mSeaBIOS (version rel-1.14.0-0-g155821a1990b-prebuilt.qemu.org)


iPXE (http://ipxe.org) 00:03.0 CA00 PCI2.10 PnP PMM+7FF8F030+7FEEF030 CA00
Press Ctrl-B to configure iPXE (PCI 00:03.0)...                                                                               


Booting from ROM..c[?7l[2J[0m.[    0.000000] Linux version 5.18.0-3cc30140dbe2+ (root@p-mtlp02) (gcc (GCC) 8.5.0 20210514 (Red Hat 8.5.0-17), GNU ld version 2.36.1-2.el8) #1 SMP PREEMPT_DYNAMIC Thu Dec 8 14:08:25 CST 2022
[    0.000000] Command line: console=ttyS0 root=/dev/sda earlyprintk=serial net.ifnames=0
[    0.000000] KERNEL supported cpus:
[    0.000000]   Intel GenuineIntel
[    0.000000]   AMD AuthenticAMD
[    0.000000]   Hygon HygonGenuine
[    0.000000]   Centaur CentaurHauls
[    0.000000]   zhaoxin   Shanghai  
[    0.000000] x86/split lock detection: #DB: warning on user-space bus_locks
[    0.000000] x86/fpu: Supporting XSAVE feature 0x001: 'x87 floating point registers'
[    0.000000] x86/fpu: Supporting XSAVE feature 0x002: 'SSE registers'
[    0.000000] x86/fpu: Supporting XSAVE feature 0x004: 'AVX registers'
[    0.000000] x86/fpu: Supporting XSAVE feature 0x200: 'Protection Keys User registers'
[    0.000000] x86/fpu: xstate_offset[2]:  576, xstate_sizes[2]:  256
[    0.000000] x86/fpu: xstate_offset[9]:  832, xstate_sizes[9]:    8
[    0.000000] x86/fpu: Enabled xstate features 0x207, context size is 840 bytes, using 'compacted' format.
[    0.000000] signal: max sigframe size: 3632
[    0.000000] BIOS-provided physical RAM map:
[    0.000000] BIOS-e820: [mem 0x0000000000000000-0x000000000009fbff] usable
[    0.000000] BIOS-e820: [mem 0x000000000009fc00-0x000000000009ffff] reserved
[    0.000000] BIOS-e820: [mem 0x00000000000f0000-0x00000000000fffff] reserved
[    0.000000] BIOS-e820: [mem 0x0000000000100000-0x000000007ffdffff] usable
[    0.000000] BIOS-e820: [mem 0x000000007ffe0000-0x000000007fffffff] reserved
[    0.000000] BIOS-e820: [mem 0x00000000feffc000-0x00000000feffffff] reserved
[    0.000000] BIOS-e820: [mem 0x00000000fffc0000-0x00000000ffffffff] reserved
[    0.000000] printk: bootconsole [earlyser0] enabled
[    0.000000] NX (Execute Disable) protection: active
[    0.000000] SMBIOS 2.8 present.
[    0.000000] DMI: QEMU Standard PC (i440FX + PIIX, 1996), BIOS rel-1.14.0-0-g155821a1990b-prebuilt.qemu.org 04/01/2014
[    0.000000] Hypervisor detected: KVM
[    0.000000] kvm-clock: Using msrs 4b564d01 and 4b564d00
[    0.000005] kvm-clock: using sched offset of 419509779 cycles
[    0.000542] clocksource: kvm-clock: mask: 0xffffffffffffffff max_cycles: 0x1cd42e4dffb, max_idle_ns: 881590591483 ns
[    0.002208] tsc: Detected 1190.400 MHz processor
[    0.009825] last_pfn = 0x7ffe0 max_arch_pfn = 0x400000000
[    0.010460] x86/PAT: Configuration [0-7]: WB  WC  UC- UC  WB  WP  UC- WT  
[    0.020285] found SMP MP-table at [mem 0x000f5a90-0x000f5a9f]
[    0.021022] Using GB pages for direct mapping
[    0.022822] ACPI: Early table checksum verification disabled
[    0.023406] ACPI: RSDP 0x00000000000F5870 000014 (v00 BOCHS )
[    0.023950] ACPI: RSDT 0x000000007FFE1959 000034 (v01 BOCHS  BXPC     00000001 BXPC 00000001)
[    0.024947] ACPI: FACP 0x000000007FFE1805 000074 (v01 BOCHS  BXPC     00000001 BXPC 00000001)
[    0.025908] ACPI: DSDT 0x000000007FFE0040 0017C5 (v01 BOCHS  BXPC     00000001 BXPC 00000001)
[    0.026837] ACPI: FACS 0x000000007FFE0000 000040
[    0.027346] ACPI: APIC 0x000000007FFE1879 000080 (v01 BOCHS  BXPC     00000001 BXPC 00000001)
[    0.028174] ACPI: HPET 0x000000007FFE18F9 000038 (v01 BOCHS  BXPC     00000001 BXPC 00000001)
[    0.029110] ACPI: WAET 0x000000007FFE1931 000028 (v01 BOCHS  BXPC     00000001 BXPC 00000001)
[    0.030073] ACPI: Reserving FACP table memory at [mem 0x7ffe1805-0x7ffe1878]
[    0.030770] ACPI: Reserving DSDT table memory at [mem 0x7ffe0040-0x7ffe1804]
[    0.031493] ACPI: Reserving FACS table memory at [mem 0x7ffe0000-0x7ffe003f]
[    0.032216] ACPI: Reserving APIC table memory at [mem 0x7ffe1879-0x7ffe18f8]
[    0.032937] ACPI: Reserving HPET table memory at [mem 0x7ffe18f9-0x7ffe1930]
[    0.033666] ACPI: Reserving WAET table memory at [mem 0x7ffe1931-0x7ffe1958]
[    0.035198] No NUMA configuration found
[    0.035540] Faking a node at [mem 0x0000000000000000-0x000000007ffdffff]
[    0.036186] NODE_DATA(0) allocated [mem 0x7ffb5000-0x7ffdffff]
[    0.040260] Zone ranges:
[    0.040491]   DMA      [mem 0x0000000000001000-0x0000000000ffffff]
[    0.041040]   DMA32    [mem 0x0000000001000000-0x000000007ffdffff]
[    0.041589]   Normal   empty
[    0.041846]   Device   empty
[    0.042105] Movable zone start for each node
[    0.042487] Early memory node ranges
[    0.042797]   node   0: [mem 0x0000000000001000-0x000000000009efff]
[    0.043343]   node   0: [mem 0x0000000000100000-0x000000007ffdffff]
[    0.043890] Initmem setup node 0 [mem 0x0000000000001000-0x000000007ffdffff]
[    0.045093] On node 0, zone DMA: 1 pages in unavailable ranges
[    0.045256] On node 0, zone DMA: 97 pages in unavailable ranges
[    0.070769] On node 0, zone DMA32: 32 pages in unavailable ranges
[    0.071730] ACPI: PM-Timer IO Port: 0x608
[    0.072822] ACPI: LAPIC_NMI (acpi_id[0xff] dfl dfl lint[0x1])
[    0.073435] IOAPIC[0]: apic_id 0, version 17, address 0xfec00000, GSI 0-23
[    0.074223] ACPI: INT_SRC_OVR (bus 0 bus_irq 0 global_irq 2 dfl dfl)
[    0.074861] ACPI: INT_SRC_OVR (bus 0 bus_irq 5 global_irq 5 high level)
[    0.075504] ACPI: INT_SRC_OVR (bus 0 bus_irq 9 global_irq 9 high level)
[    0.076161] ACPI: INT_SRC_OVR (bus 0 bus_irq 10 global_irq 10 high level)
[    0.076820] ACPI: INT_SRC_OVR (bus 0 bus_irq 11 global_irq 11 high level)
[    0.077435] ACPI: Using ACPI (MADT) for SMP configuration information
[    0.078061] ACPI: HPET id: 0x8086a201 base: 0xfed00000
[    0.078549] TSC deadline timer available
[    0.078951] smpboot: Allowing 2 CPUs, 0 hotplug CPUs
[    0.079502] kvm-guest: KVM setup pv remote TLB flush
[    0.079962] kvm-guest: setup PV sched yield
[    0.080423] PM: hibernation: Registered nosave memory: [mem 0x00000000-0x00000fff]
[    0.081139] PM: hibernation: Registered nosave memory: [mem 0x0009f000-0x0009ffff]
[    0.081808] PM: hibernation: Registered nosave memory: [mem 0x000a0000-0x000effff]
[    0.082475] PM: hibernation: Registered nosave memory: [mem 0x000f0000-0x000fffff]
[    0.083197] [mem 0x80000000-0xfeffbfff] available for PCI devices
[    0.083752] Booting paravirtualized kernel on KVM
[    0.084212] clocksource: refined-jiffies: mask: 0xffffffff max_cycles: 0xffffffff, max_idle_ns: 7645519600211568 ns
[    0.085208] setup_percpu: NR_CPUS:8192 nr_cpumask_bits:2 nr_cpu_ids:2 nr_node_ids:1
[    0.087885] percpu: Embedded 62 pages/cpu s217088 r8192 d28672 u1048576
[    0.088772] kvm-guest: PV spinlocks enabled
[    0.089155] PV qspinlock hash table entries: 256 (order: 0, 4096 bytes, linear)
[    0.089821] Fallback order for Node 0: 0 
[    0.090185] Built 1 zonelists, mobility grouping on.  Total pages: 515808
[    0.090791] Policy zone: DMA32
[    0.091063] Kernel command line: net.ifnames=0 console=ttyS0 root=/dev/sda earlyprintk=serial net.ifnames=0
[    0.094028] Dentry cache hash table entries: 262144 (order: 9, 2097152 bytes, linear)
[    0.094839] Inode-cache hash table entries: 131072 (order: 8, 1048576 bytes, linear)
[    0.095624] mem auto-init: stack:off, heap alloc:off, heap free:off
[    0.100035] Memory: 1999736K/2096632K available (30735K kernel code, 3893K rwdata, 7800K rodata, 3260K init, 11080K bss, 96640K reserved, 0K cma-reserved)
[    0.102106] SLUB: HWalign=64, Order=0-3, MinObjects=0, CPUs=2, Nodes=1
[    0.102662] kmemleak: Kernel memory leak detector disabled
[    0.103162] ftrace: allocating 65934 entries in 258 pages
[    0.131903] ftrace: allocated 258 pages with 2 groups
[    0.134179] Dynamic Preempt: voluntary
[    0.134626] rcu: Preemptible hierarchical RCU implementation.
[    0.135115] rcu: 	RCU restricting CPUs from NR_CPUS=8192 to nr_cpu_ids=2.
[    0.135680] 	Trampoline variant of Tasks RCU enabled.
[    0.136100] 	Rude variant of Tasks RCU enabled.
[    0.136475] 	Tracing variant of Tasks RCU enabled.
[    0.136873] rcu: RCU calculated value of scheduler-enlistment delay is 25 jiffies.
[    0.137519] rcu: Adjusting geometry for rcu_fanout_leaf=16, nr_cpu_ids=2
[    0.164245] NR_IRQS: 524544, nr_irqs: 440, preallocated irqs: 16
[    0.165093] rcu: srcu_init: Setting srcu_struct sizes based on contention.
[    0.173637] Console: colour VGA+ 80x25
[    0.174016] printk: console [ttyS0] enabled
[    0.174016] printk: console [ttyS0] enabled
[    0.174751] printk: bootconsole [earlyser0] disabled
[    0.174751] printk: bootconsole [earlyser0] disabled
[    0.175644] ACPI: Core revision 20220331
[    0.176224] clocksource: hpet: mask: 0xffffffff max_cycles: 0xffffffff, max_idle_ns: 19112604467 ns
[    0.177126] APIC: Switch to symmetric I/O mode setup
[    0.177765] x2apic enabled
[    0.178202] Switched APIC routing to physical x2apic.
[    0.178667] kvm-guest: setup PV IPIs
[    0.179894] ..TIMER: vector=0x30 apic1=0 pin1=2 apic2=-1 pin2=-1
[    0.180438] clocksource: tsc-early: mask: 0xffffffffffffffff max_cycles: 0x1128af0325d, max_idle_ns: 440795261011 ns
[    0.181404] Calibrating delay loop (skipped) preset value.. 2380.80 BogoMIPS (lpj=4761600)
[    0.182123] pid_max: default: 32768 minimum: 301
[    0.182676] LSM: Security Framework initializing
[    0.183096] Yama: becoming mindful.
[    0.183588] Mount-cache hash table entries: 4096 (order: 3, 32768 bytes, linear)
[    0.184241] Mountpoint-cache hash table entries: 4096 (order: 3, 32768 bytes, linear)
[    0.185853] CPU0: Thermal monitoring enabled (TM1)
[    0.187697] x86/cpu: User Mode Instruction Prevention (UMIP) activated
[    0.188534] Last level iTLB entries: 4KB 0, 2MB 0, 4MB 0
[    0.189070] Last level dTLB entries: 4KB 0, 2MB 0, 4MB 0, 1GB 0
[    0.189443] Spectre V1 : Mitigation: usercopy/swapgs barriers and __user pointer sanitization
[    0.190183] Spectre V2 : WARNING: Unprivileged eBPF is enabled with eIBRS on, data leaks possible via Spectre v2 BHB attacks!
[    0.191153] Spectre V2 : Mitigation: Enhanced IBRS
[    0.191560] Spectre V2 : Spectre v2 / SpectreRSB mitigation: Filling RSB on context switch
[    0.192246] Spectre V2 : mitigation: Enabling conditional Indirect Branch Prediction Barrier
[    0.192944] Speculative Store Bypass: Mitigation: Speculative Store Bypass disabled via prctl
[    0.250188] Freeing SMP alternatives memory: 56K
[    0.250911] smpboot: CPU0: Genuine Intel(R) 0000 (family: 0x6, model: 0xaa, stepping: 0x1)
[    0.251829] cblist_init_generic: Setting adjustable number of callback queues.
[    0.252384] cblist_init_generic: Setting shift to 1 and lim to 1.
[    0.252871] cblist_init_generic: Setting shift to 1 and lim to 1.
[    0.253313] cblist_init_generic: Setting shift to 1 and lim to 1.
[    0.253391] Performance Events: generic architected perfmon, full-width counters, Intel PMU driver.
[    0.253391] ... version:                2
[    0.253391] ... bit width:              48
[    0.253395] ... generic registers:      8
[    0.253722] ... value mask:             0000ffffffffffff
[    0.254144] ... max period:             00007fffffffffff
[    0.254571] ... fixed-purpose events:   3
[    0.254897] ... event mask:             00000007000000ff
[    0.255569] rcu: Hierarchical SRCU implementation.
[    0.255595] printk: console [ttyS0] printing thread started
[    0.258888] smp: Bringing up secondary CPUs ...
[    0.259085] x86: Booting SMP configuration:
[    0.259090] .... node  #0, CPUs:      #1
[    0.011695] smpboot: CPU 1 Converting physical 0 to logical die 1
[    0.262933] smp: Brought up 1 node, 2 CPUs
[    0.262933] smpboot: Max logical packages: 2
[    0.262933] smpboot: Total of 2 processors activated (4761.60 BogoMIPS)
[    0.267033] devtmpfs: initialized
[    0.267358] x86/mm: Memory block size: 128MB
[    0.268735] clocksource: jiffies: mask: 0xffffffff max_cycles: 0xffffffff, max_idle_ns: 7645041785100000 ns
[    0.268735] futex hash table entries: 512 (order: 3, 32768 bytes, linear)
[    0.269608] pinctrl core: initialized pinctrl subsystem
[    0.269982] 
[    0.269988] *************************************************************
[    0.269995] **     NOTICE NOTICE NOTICE NOTICE NOTICE NOTICE NOTICE    **
[    0.269999] **                                                         **
[    0.270003] **  IOMMU DebugFS SUPPORT HAS BEEN ENABLED IN THIS KERNEL  **
[    0.270006] **                                                         **
[    0.270010] ** This means that this kernel is built to expose internal **
[    0.270014] ** IOMMU data structures, which may compromise security on **
[    0.270017] ** your system.                                            **
[    0.270021] **                                                         **
[    0.270024] ** If you see this message and you are not debugging the   **
[    0.270028] ** kernel, report this immediately to your vendor!         **
[    0.270031] **                                                         **
[    0.270035] **     NOTICE NOTICE NOTICE NOTICE NOTICE NOTICE NOTICE    **
[    0.270038] *************************************************************
[    0.270165] PM: RTC time: 06:37:24, date: 2022-12-08
[    0.275205] NET: Registered PF_NETLINK/PF_ROUTE protocol family
[    0.275728] DMA: preallocated 256 KiB GFP_KERNEL pool for atomic allocations
[    0.275764] DMA: preallocated 256 KiB GFP_KERNEL|GFP_DMA pool for atomic allocations
[    0.275788] DMA: preallocated 256 KiB GFP_KERNEL|GFP_DMA32 pool for atomic allocations
[    0.275852] audit: initializing netlink subsys (disabled)
[    0.276518] thermal_sys: Registered thermal governor 'fair_share'
[    0.276530] thermal_sys: Registered thermal governor 'bang_bang'
[    0.276535] thermal_sys: Registered thermal governor 'step_wise'
[    0.276540] thermal_sys: Registered thermal governor 'user_space'
[    0.276581] audit: type=2000 audit(1670481444.763:1): state=initialized audit_enabled=0 res=1
[    0.276594] cpuidle: using governor ladder
[    0.277405] cpuidle: using governor menu
[    0.278438] HugeTLB: can optimize 4095 vmemmap pages for hugepages-1048576kB
[    0.278472] acpiphp: ACPI Hot Plug PCI Controller Driver version: 0.5
[    0.279026] PCI: Using configuration type 1 for base access
[    0.290569] kprobes: kprobe jump-optimization is enabled. All kprobes are optimized if possible.
[    0.290569] HugeTLB: can optimize 7 vmemmap pages for hugepages-2048kB
[    0.290569] HugeTLB registered 1.00 GiB page size, pre-allocated 0 pages
[    0.290569] HugeTLB registered 2.00 MiB page size, pre-allocated 0 pages
[    0.293600] ACPI: Added _OSI(Module Device)
[    0.293606] ACPI: Added _OSI(Processor Device)
[    0.293610] ACPI: Added _OSI(3.0 _SCP Extensions)
[    0.293615] ACPI: Added _OSI(Processor Aggregator Device)
[    0.293621] ACPI: Added _OSI(Linux-Dell-Video)
[    0.293626] ACPI: Added _OSI(Linux-Lenovo-NV-HDMI-Audio)
[    0.293631] ACPI: Added _OSI(Linux-HPI-Hybrid-Graphics)
[    0.299333] ACPI: 1 ACPI AML tables successfully acquired and loaded
[    0.302745] ACPI: Interpreter enabled
[    0.302844] ACPI: PM: (supports S0 S3 S4 S5)
[    0.302850] ACPI: Using IOAPIC for interrupt routing
[    0.302917] PCI: Using host bridge windows from ACPI; if necessary, use "pci=nocrs" and report a bug
[    0.302924] PCI: Using E820 reservations for host bridge windows
[    0.303651] ACPI: Enabled 2 GPEs in block 00 to 0F
[    0.319367] ACPI: PCI Root Bridge [PCI0] (domain 0000 [bus 00-ff])
[    0.319415] acpi PNP0A03:00: _OSC: OS supports [ASPM ClockPM Segments MSI EDR HPX-Type3]
[    0.319432] acpi PNP0A03:00: _OSC: not requesting OS control; OS requires [ExtendedConfig ASPM ClockPM MSI]
[    0.319490] acpi PNP0A03:00: fail to add MMCONFIG information, can't access extended PCI configuration space under this bridge.
[    0.321397] acpiphp: Slot [3] registered
[    0.321495] acpiphp: Slot [4] registered
[    0.321586] acpiphp: Slot [5] registered
[    0.321666] acpiphp: Slot [6] registered
[    0.321753] acpiphp: Slot [7] registered
[    0.321840] acpiphp: Slot [8] registered
[    0.321927] acpiphp: Slot [9] registered
[    0.322005] acpiphp: Slot [10] registered
[    0.322101] acpiphp: Slot [11] registered
[    0.322187] acpiphp: Slot [12] registered
[    0.322266] acpiphp: Slot [13] registered
[    0.322353] acpiphp: Slot [14] registered
[    0.322449] acpiphp: Slot [15] registered
[    0.322527] acpiphp: Slot [16] registered
[    0.322617] acpiphp: Slot [17] registered
[    0.322714] acpiphp: Slot [18] registered
[    0.322798] acpiphp: Slot [19] registered
[    0.322878] acpiphp: Slot [20] registered
[    0.322960] acpiphp: Slot [21] registered
[    0.323052] acpiphp: Slot [22] registered
[    0.323139] acpiphp: Slot [23] registered
[    0.323224] acpiphp: Slot [24] registered
[    0.323307] acpiphp: Slot [25] registered
[    0.323388] acpiphp: Slot [26] registered
[    0.323469] acpiphp: Slot [27] registered
[    0.323548] acpiphp: Slot [28] registered
[    0.323630] acpiphp: Slot [29] registered
[    0.323714] acpiphp: Slot [30] registered
[    0.323806] acpiphp: Slot [31] registered
[    0.323842] PCI host bridge to bus 0000:00
[    0.323850] pci_bus 0000:00: root bus resource [io  0x0000-0x0cf7 window]
[    0.323864] pci_bus 0000:00: root bus resource [io  0x0d00-0xffff window]
[    0.323877] pci_bus 0000:00: root bus resource [mem 0x000a0000-0x000bffff window]
[    0.323891] pci_bus 0000:00: root bus resource [mem 0x80000000-0xfebfffff window]
[    0.323906] pci_bus 0000:00: root bus resource [mem 0x100000000-0x17fffffff window]
[    0.323921] pci_bus 0000:00: root bus resource [bus 00-ff]
[    0.324053] pci 0000:00:00.0: [8086:1237] type 00 class 0x060000
[    0.327051] pci 0000:00:01.0: [8086:7000] type 00 class 0x060100
[    0.327934] pci 0000:00:01.1: [8086:7010] type 00 class 0x010180
[    0.329574] pci 0000:00:01.1: reg 0x20: [io  0xc040-0xc04f]
[    0.330448] pci 0000:00:01.1: legacy IDE quirk: reg 0x10: [io  0x01f0-0x01f7]
[    0.330461] pci 0000:00:01.1: legacy IDE quirk: reg 0x14: [io  0x03f6]
[    0.330507] pci 0000:00:01.1: legacy IDE quirk: reg 0x18: [io  0x0170-0x0177]
[    0.330516] pci 0000:00:01.1: legacy IDE quirk: reg 0x1c: [io  0x0376]
[    0.330802] pci 0000:00:01.3: [8086:7113] type 00 class 0x068000
[    0.331706] pci 0000:00:01.3: quirk: [io  0x0600-0x063f] claimed by PIIX4 ACPI
[    0.331730] pci 0000:00:01.3: quirk: [io  0x0700-0x070f] claimed by PIIX4 SMB
[    0.332318] pci 0000:00:02.0: [1234:1111] type 00 class 0x030000
[    0.333882] pci 0000:00:02.0: reg 0x10: [mem 0xfd000000-0xfdffffff pref]
[    0.335748] pci 0000:00:02.0: reg 0x18: [mem 0xfebf0000-0xfebf0fff]
[    0.338626] pci 0000:00:02.0: reg 0x30: [mem 0xfebe0000-0xfebeffff pref]
[    0.338867] pci 0000:00:02.0: Video device with shadowed ROM at [mem 0x000c0000-0x000dffff]
[    0.341897] pci 0000:00:03.0: [8086:100e] type 00 class 0x020000
[    0.342467] pci 0000:00:03.0: reg 0x10: [mem 0xfebc0000-0xfebdffff]
[    0.342909] pci 0000:00:03.0: reg 0x14: [io  0xc000-0xc03f]
[    0.345247] pci 0000:00:03.0: reg 0x30: [mem 0xfeb80000-0xfebbffff pref]
[    0.356896] ACPI: PCI: Interrupt link LNKA configured for IRQ 10
[    0.357233] ACPI: PCI: Interrupt link LNKB configured for IRQ 10
[    0.357563] ACPI: PCI: Interrupt link LNKC configured for IRQ 11
[    0.357889] ACPI: PCI: Interrupt link LNKD configured for IRQ 11
[    0.358053] ACPI: PCI: Interrupt link LNKS configured for IRQ 9
[    0.359002] iommu: Default domain type: Translated 
[    0.359011] iommu: DMA domain TLB invalidation policy: lazy mode 
[    0.359686] SCSI subsystem initialized
[    0.359865] ACPI: bus type USB registered
[    0.359919] usbcore: registered new interface driver usbfs
[    0.359947] usbcore: registered new interface driver hub
[    0.359969] usbcore: registered new device driver usb
[    0.360060] pps_core: LinuxPPS API ver. 1 registered
[    0.360066] pps_core: Software ver. 5.3.6 - Copyright 2005-2007 Rodolfo Giometti <giometti@linux.it>
[    0.360083] PTP clock support registered
[    0.360178] EDAC MC: Ver: 3.0.0
[    0.361168] NetLabel: Initializing
[    0.361170] NetLabel:  domain hash size = 128
[    0.361176] NetLabel:  protocols = UNLABELED CIPSOv4 CALIPSO
[    0.361219] NetLabel:  unlabeled traffic allowed by default
[    0.361336] PCI: Using ACPI for IRQ routing
[    0.361569] pci 0000:00:02.0: vgaarb: setting as boot VGA device
[    0.361582] pci 0000:00:02.0: vgaarb: bridge control possible
[    0.361589] pci 0000:00:02.0: vgaarb: VGA device added: decodes=io+mem,owns=io+mem,locks=none
[    0.361599] vgaarb: loaded
[    0.362056] hpet0: at MMIO 0xfed00000, IRQs 2, 8, 0
[    0.362081] hpet0: 3 comparators, 64-bit 100.000000 MHz counter
[    0.367856] clocksource: Switched to clocksource kvm-clock
[    0.578111] VFS: Disk quotas dquot_6.6.0
[    0.578202] VFS: Dquot-cache hash table entries: 512 (order 0, 4096 bytes)
[    0.578517] pnp: PnP ACPI init
[    0.580408] pnp: PnP ACPI: found 6 devices
[    0.593377] clocksource: acpi_pm: mask: 0xffffff max_cycles: 0xffffff, max_idle_ns: 2085701024 ns
[    0.593880] NET: Registered PF_INET protocol family
[    0.594507] IP idents hash table entries: 32768 (order: 6, 262144 bytes, linear)
[    0.595956] tcp_listen_portaddr_hash hash table entries: 1024 (order: 2, 16384 bytes, linear)
[    0.596017] TCP established hash table entries: 16384 (order: 5, 131072 bytes, linear)
[    0.596296] TCP bind bhash tables hash table entries: 16384 (order: 6, 393216 bytes, linear)
[    0.606106] TCP: Hash tables configured (established 16384 bind 16384)
[    0.614373] UDP hash table entries: 1024 (order: 3, 32768 bytes, linear)
[    0.614444] UDP-Lite hash table entries: 1024 (order: 3, 32768 bytes, linear)
[    0.614655] NET: Registered PF_UNIX/PF_LOCAL protocol family
[    0.633668] RPC: Registered named UNIX socket transport module.
[    0.633680] RPC: Registered udp transport module.
[    0.633683] RPC: Registered tcp transport module.
[    0.633686] RPC: Registered tcp NFSv4.1 backchannel transport module.
[    0.633730] pci_bus 0000:00: resource 4 [io  0x0000-0x0cf7 window]
[    0.633744] pci_bus 0000:00: resource 5 [io  0x0d00-0xffff window]
[    0.633756] pci_bus 0000:00: resource 6 [mem 0x000a0000-0x000bffff window]
[    0.633768] pci_bus 0000:00: resource 7 [mem 0x80000000-0xfebfffff window]
[    0.633780] pci_bus 0000:00: resource 8 [mem 0x100000000-0x17fffffff window]
[    0.634040] pci 0000:00:01.0: PIIX3: Enabling Passive Release
[    0.634072] pci 0000:00:00.0: Limiting direct PCI/PCI transfers
[    0.634102] pci 0000:00:01.0: Activating ISA DMA hang workarounds
[    0.634219] PCI: CLS 0 bytes, default 64
[    0.634265] ACPI: bus type thunderbolt registered
[    0.634676] clocksource: tsc: mask: 0xffffffffffffffff max_cycles: 0x1128af0325d, max_idle_ns: 440795261011 ns
[    3.836839] Initialise system trusted keyrings
[    3.836889] Key type blacklist registered
[    3.837054] workingset: timestamp_bits=36 max_order=19 bucket_order=0
[    3.842726] zbud: loaded
[    3.843857] squashfs: version 4.0 (2009/01/31) Phillip Lougher
[    3.844767] NFS: Registering the id_resolver key type
[    3.844784] Key type id_resolver registered
[    3.844787] Key type id_legacy registered
[    3.844848] nfs4filelayout_init: NFSv4 File Layout Driver Registering...
[    3.844865] nfs4flexfilelayout_init: NFSv4 Flexfile Layout Driver Registering...
[    3.844952] fuse: init (API version 7.36)
[    3.845184] SGI XFS with ACLs, security attributes, realtime, quota, no debug enabled
[    3.848553] 9p: Installing v9fs 9p2000 file system support
[    3.857200] Key type asymmetric registered
[    3.857209] Asymmetric key parser 'x509' registered
[    3.858759] alg: self-tests for CTR-KDF (hmac(sha256)) passed
[    3.858800] Block layer SCSI generic (bsg) driver version 0.4 loaded (major 243)
[    3.858865] io scheduler mq-deadline registered
[    3.858890] io scheduler bfq registered
[    3.859503] shpchp: Standard Hot Plug PCI Controller Driver version: 0.4
[    3.859686] IPMI message handler: version 39.2
[    3.859704] ipmi device interface
[    3.860811] input: Power Button as /devices/LNXSYSTM:00/LNXPWRBN:00/input/input0
[    3.860907] ACPI: button: Power Button [PWRF]
[    3.861621] ERST DBG: ERST support is disabled.
[    3.862009] Serial: 8250/16550 driver, 32 ports, IRQ sharing enabled
[    3.863085] 00:04: ttyS0 at I/O 0x3f8 (irq = 4, base_baud = 115200) is a 16550A
[    3.868432] Linux agpgart interface v0.103
[    3.868802] ACPI: bus type drm_connector registered
[    3.877545] brd: module loaded
[    3.887633] loop: module loaded
[    3.890615] scsi host0: ata_piix
[    3.890918] scsi host1: ata_piix
[    3.891022] ata1: PATA max MWDMA2 cmd 0x1f0 ctl 0x3f6 bmdma 0xc040 irq 14
[    3.891032] ata2: PATA max MWDMA2 cmd 0x170 ctl 0x376 bmdma 0xc048 irq 15
[    3.891799] tun: Universal TUN/TAP device driver, 1.6
[    3.891925] e100: Intel(R) PRO/100 Network Driver
[    3.891930] e100: Copyright(c) 1999-2006 Intel Corporation
[    3.891972] e1000: Intel(R) PRO/1000 Network Driver
[    3.891976] e1000: Copyright (c) 1999-2006 Intel Corporation.
[    3.992705] ACPI: \_SB_.LNKC: Enabled at IRQ 11
[    4.049616] ata2: found unknown device (class 0)
[    4.049913] ata1: found unknown device (class 0)
[    4.050652] ata1.00: ATA-7: QEMU HARDDISK, 2.5+, max UDMA/100
[    4.050666] ata1.00: 16777216 sectors, multi 16: LBA48 
[    4.050884] ata2.00: ATAPI: QEMU DVD-ROM, 2.5+, max UDMA/100
[    4.051802] scsi 0:0:0:0: Direct-Access     ATA      QEMU HARDDISK    2.5+ PQ: 0 ANSI: 5
[    4.052322] scsi 0:0:0:0: Attached scsi generic sg0 type 0
[    4.052911] sd 0:0:0:0: [sda] 16777216 512-byte logical blocks: (8.59 GB/8.00 GiB)
[    4.052944] sd 0:0:0:0: [sda] Write Protect is off
[    4.052990] sd 0:0:0:0: [sda] Write cache: enabled, read cache: enabled, doesn't support DPO or FUA
[    4.053037] sd 0:0:0:0: [sda] Preferred minimum I/O size 512 bytes
[    4.054446] scsi 1:0:0:0: CD-ROM            QEMU     QEMU DVD-ROM     2.5+ PQ: 0 ANSI: 5
[    4.074880] sd 0:0:0:0: [sda] Attached SCSI disk
[    4.082155] scsi 1:0:0:0: Attached scsi generic sg1 type 5
[    4.324868] e1000 0000:00:03.0 eth0: (PCI:33MHz:32-bit) 52:54:00:12:34:56
[    4.324898] e1000 0000:00:03.0 eth0: Intel(R) PRO/1000 Network Connection
[    4.325002] e1000e: Intel(R) PRO/1000 Network Driver
[    4.325007] e1000e: Copyright(c) 1999 - 2015 Intel Corporation.
[    4.325082] igb: Intel(R) Gigabit Ethernet Network Driver
[    4.325088] igb: Copyright (c) 2007-2014 Intel Corporation.
[    4.325198] PPP generic driver version 2.4.2
[    4.326258] VFIO - User Level meta-driver version: 0.3
[    4.326320] ehci_hcd: USB 2.0 'Enhanced' Host Controller (EHCI) Driver
[    4.326332] ehci-pci: EHCI PCI platform driver
[    4.326365] ehci-platform: EHCI generic platform driver
[    4.326389] ohci_hcd: USB 1.1 'Open' Host Controller (OHCI) Driver
[    4.326397] ohci-pci: OHCI PCI platform driver
[    4.326432] ohci-platform: OHCI generic platform driver
[    4.326454] uhci_hcd: USB Universal Host Controller Interface driver
[    4.326944] usbcore: registered new interface driver uas
[    4.326975] usbcore: registered new interface driver usb-storage
[    4.327098] i8042: PNP: PS/2 Controller [PNP0303:KBD,PNP0f13:MOU] at 0x60,0x64 irq 1,12
[    4.328436] serio: i8042 KBD port at 0x60,0x64 irq 1
[    4.328464] serio: i8042 AUX port at 0x60,0x64 irq 12
[    4.329651] mousedev: PS/2 mouse device common for all mice
[    4.330845] input: AT Translated Set 2 keyboard as /devices/platform/i8042/serio0/input/input1
[    4.331959] rtc_cmos 00:05: RTC can wake from S4
[    4.332895] rtc_cmos 00:05: registered as rtc0
[    4.333008] rtc_cmos 00:05: setting system clock to 2022-12-08T06:37:28 UTC (1670481448)
[    4.333201] rtc_cmos 00:05: alarms up to one day, y3k, 242 bytes nvram, hpet irqs
[    4.333244] i2c_dev: i2c /dev entries driver
[    4.333981] device-mapper: core: CONFIG_IMA_DISABLE_HTABLE is disabled. Duplicate IMA measurements will not be recorded in the IMA log.
[    4.334078] device-mapper: uevent: version 1.0.3
[    4.334237] device-mapper: ioctl: 4.46.0-ioctl (2022-02-22) initialised: dm-devel@redhat.com
[    4.334251] intel_pstate: CPU model not supported
[    4.334329] sdhci: Secure Digital Host Controller Interface driver
[    4.334334] sdhci: Copyright(c) Pierre Ossman
[    4.334421] sdhci-pltfm: SDHCI platform and OF driver helper
[    4.335328] input: VirtualPS/2 VMware VMMouse as /devices/platform/i8042/serio1/input/input4
[    4.335553] ledtrig-cpu: registered to indicate activity on CPUs
[    4.335888] drop_monitor: Initializing network drop monitor service
[    4.336484] NET: Registered PF_INET6 protocol family
[    4.337119] input: VirtualPS/2 VMware VMMouse as /devices/platform/i8042/serio1/input/input3
[    4.343353] Segment Routing with IPv6
[    4.343453] In-situ OAM (IOAM) with IPv6
[    4.343513] NET: Registered PF_PACKET protocol family
[    4.344077] 9pnet: Installing 9P2000 support
[    4.344128] Key type dns_resolver registered
[    4.345288] IPI shorthand broadcast: enabled
[    4.345353] sched_clock: Marking stable (4337093321, 7695821)->(4368797772, -24008630)
[    4.345884] registered taskstats version 1
[    4.346063] Loading compiled-in X.509 certificates
[    4.347284] zswap: loaded using pool lzo/zbud
[    4.350238] Key type ._fscrypt registered
[    4.350245] Key type .fscrypt registered
[    4.350250] Key type fscrypt-provisioning registered
[    4.362029] Key type encrypted registered
[    4.362059] ima: No TPM chip found, activating TPM-bypass!
[    4.362100] ima: Allocated hash algorithm: sha1
[    4.362131] ima: No architecture policies found
[    4.362165] evm: Initialising EVM extended attributes:
[    4.362169] evm: security.selinux
[    4.362174] evm: security.SMACK64
[    4.362179] evm: security.SMACK64EXEC
[    4.362184] evm: security.SMACK64TRANSMUTE
[    4.362191] evm: security.SMACK64MMAP
[    4.362196] evm: security.apparmor
[    4.362201] evm: security.ima
[    4.362206] evm: security.capability
[    4.362212] evm: HMAC attrs: 0x1
[    4.365238] PM:   Magic number: 2:852:619
[    4.366311] RAS: Correctable Errors collector initialized.
[    4.367320] md: Waiting for all devices to be available before autodetect
[    4.367324] md: If you don't use raid, use raid=noautodetect
[    4.367327] md: Autodetecting RAID arrays.
[    4.367331] md: autorun ...
[    4.367333] md: ... autorun DONE.
[    4.371525] EXT4-fs (sda): INFO: recovery required on readonly filesystem
[    4.371539] EXT4-fs (sda): write access will be enabled during recovery
[    4.425609] EXT4-fs (sda): recovery complete
[    4.429747] EXT4-fs (sda): mounted filesystem with ordered data mode. Quota mode: none.
[    4.429800] VFS: Mounted root (ext4 filesystem) readonly on device 8:0.
[    4.430876] devtmpfs: mounted
[    4.441721] Freeing unused decrypted memory: 2036K
[    4.443790] Freeing unused kernel image (initmem) memory: 3260K
[    4.443800] Write protecting the kernel read-only data: 40960k
[    4.447514] Freeing unused kernel image (text/rodata gap) memory: 2032K
[    4.448421] Freeing unused kernel image (rodata/data gap) memory: 392K
[    4.565294] x86/mm: Checked W+X mappings: passed, no W+X pages found.
[    4.565319] Run /sbin/init as init process
[    4.661641] systemd[1]: RTC configured in localtime, applying delta of 0 minutes to system time.
[    4.684754] systemd[1]: systemd 239 (239-49.el8) running in system mode. (+PAM +AUDIT +SELINUX +IMA -APPARMOR +SMACK +SYSVINIT +UTMP +LIBCRYPTSETUP +GCRYPT +GNUTLS +ACL +XZ +LZ4 +SECCOMP +BLKID +ELFUTILS +KMOD +IDN2 -IDN +PCRE2 default-hierarchy=legacy)
[    4.684842] systemd[1]: Detected virtualization kvm.
[    4.684851] systemd[1]: Detected architecture x86-64.

Welcome to [0;31mCentOS Stream 8[0m!

[    4.704949] systemd[1]: Set hostname to <test>.
[    6.521424] random: crng init done
[[0;32m  OK  [0m] Set up automount Arbitrary Executabâ€¦rmats File System Automount Point.[    6.641052] systemd[1]: Set up automount Arbitrary Executable File Formats File System Automount Point.

[[0;32m  OK  [0m] Created slice system-sshd\x2dkeygen.slice.[    6.645130] systemd[1]: Created slice system-sshd\x2dkeygen.slice.

[[0;32m  OK  [0m] Listening on Journal Socket.
[    6.647034] systemd[1]: Listening on Journal Socket.
         Starting Load Kernel Modules...
[    6.653137] systemd[1]: Starting Load Kernel Modules...
         Mounting Huge Pages File System...
         Mounting Kernel Debug File System...
[    6.655969] systemd[1]: Mounting Huge Pages File System...
[    6.659226] systemd[1]: Mounting Kernel Debug File System...
         Mounting POSIX Message Queue File System...
[[0;32m  OK  [0m] Created slice User and Session Slice.
[[0;32m  OK  [0m] Listening on Journal Socket (/dev/log).
[[0;32m  OK  [0m] Listening on initctl Compatibility Named Pipe.
[[0;32m  OK  [0m] Listening on multipathd control socket.
[[0;32m  OK  [0m] Reached target Swap.
[[0;32m  OK  [0m] Listening on Process Core Dump Socket.
[[0;32m  OK  [0m] Created slice system-serial\x2dgetty.slice.
         Starting Journal Service...
         Starting Remount Root and Kernel File Systems...
[[0;32m  OK  [0m] Listening on RPCbind Server Activation Socket.
[[0;32m  OK  [0m] Reached target RPC Port Mapper.
[[0;32m  OK  [0m] Listening on udev Control Socket.
[[0;32m  OK  [0m] Reached target Slices.
[[0;32m  OK  [0m] Started Forward Password Requests to Wall Directory Watch.
[[0;32m  OK  [0m] Listening on Device-mapper event daemon FIFOs.
         Starting Monitoring of LVM2 mirrorsâ€¦ng dmeventd or progress polling...
[[0;32m  OK  [0m] Listening on udev Kernel Socket.
         Starting udev Coldplug all Devices...
[[0;32m  OK  [0m] Created slice system-getty.slice.
         Starting Setup Virtual Console...
[[0;32m  OK  [0m] Listening on LVM2 poll daemon socket.
[[0;1;31mFAILED[0m] Failed to start Load Kernel Modules.
See 'systemctl status systemd-modules-load.service' for details.
[[0;32m  OK  [0m] Mounted Huge Pages File System.
[[0;32m  OK  [0m] Started Journal Service.
[[0;32m  OK  [0m] Mounted Kernel Debug File System.
[[0;32m  OK  [0m] Mounted POSIX Message Queue File System.
[    6.936855] EXT4-fs (sda): re-mounted. Quota mode: none.
[[0;32m  OK  [0m] Started Remount Root and Kernel File Systems.
         Starting Load/Save Random Seed...
         Starting Create Static Device Nodes in /dev...
         Starting Flush Journal to Persistent Storage...
         Starting Apply Kernel Variables...
         Mounting Kernel Configuration File System...
         Mounting FUSE Control File System...
[[0;32m  OK  [0m] Started Load/Save Random Seed.
[[0;32m  OK  [0m] Started Create Static Device Nodes in /dev.
[[0;32m  OK  [0m] Mounted Kernel Configuration File System.
[[0;32m  OK  [0m] Started Apply Kernel Variables.
[[0;32m  OK  [0m] Mounted FUSE Control File System.
         Starting udev Kernel Device Manager...
[[0;32m  OK  [0m] Started Flush Journal to Persistent Storage.
[[0;32m  OK  [0m] Started udev Coldplug all Devices.
[[0;32m  OK  [0m] Started udev Kernel Device Manager.
         Starting udev Wait for Complete Device Initialization...
[[0;32m  OK  [0m] Started Setup Virtual Console.
         Starting Show Plymouth Boot Screen...
[[0;32m  OK  [0m] Started Show Plymouth Boot Screen.
[[0;32m  OK  [0m] Reached target Paths.
[[0;32m  OK  [0m] Reached target Local Encrypted Volumes.
[[0;32m  OK  [0m] Started Forward Password Requests to Plymouth Directory Watch.
[[0;32m  OK  [0m] Found device /dev/ttyS0.
[[0;32m  OK  [0m] Started Monitoring of LVM2 mirrors,â€¦sing dmeventd or progress polling.
[[0;32m  OK  [0m] Listening on Load/Save RF Kill Switch Status /dev/rfkill Watch.
[[0;32m  OK  [0m] Started udev Wait for Complete Device Initialization.
[[0;32m  OK  [0m] Reached target Local File Systems (Pre).
[[0;32m  OK  [0m] Reached target Local File Systems.
         Starting Restore /run/initramfs on shutdown...
         Starting Create Volatile Files and Directories...
         Starting Tell Plymouth To Write Out Runtime Data...
[[0;32m  OK  [0m] Started Restore /run/initramfs on shutdown.
[[0;32m  OK  [0m] Started Tell Plymouth To Write Out Runtime Data.
[[0;32m  OK  [0m] Started Create Volatile Files and Directories.
         Starting Security Auditing Service...
         Starting RPC Bind...
         Mounting RPC Pipe File System...
[[0;32m  OK  [0m] Mounted RPC Pipe File System.
[[0;32m  OK  [0m] Reached target rpc_pipefs.target.
[[0;32m  OK  [0m] Started RPC Bind.
[[0;32m  OK  [0m] Started Security Auditing Service.
         Starting Update UTMP about System Boot/Shutdown...
[[0;32m  OK  [0m] Started Update UTMP about System Boot/Shutdown.
[[0;32m  OK  [0m] Reached target System Initialization.
[[0;32m  OK  [0m] Started Daily Cleanup of Temporary Directories.
[[0;32m  OK  [0m] Listening on D-Bus System Message Bus Socket.
[[0;32m  OK  [0m] Started daily update of the root trust anchor for DNSSEC.
[[0;32m  OK  [0m] Listening on SSSD Kerberos Cache Manager responder socket.
[[0;32m  OK  [0m] Reached target Sockets.
[[0;32m  OK  [0m] Reached target Basic System.
         Starting Auto-connect to subsystemsâ€¦-NVME devices found during boot...
[[0;32m  OK  [0m] Started irqbalance daemon.
         Starting Self Monitoring and Reporting Technology (SMART) Daemon...
[[0;32m  OK  [0m] Started Machine Check Exception Logging Daemon.
         Starting Login Service...
[[0;32m  OK  [0m] Started dnf makecache --timer.
[[0;32m  OK  [0m] Reached target Timers.
         Starting Authorization Manager...
         Starting NTP client/server...
[[0;32m  OK  [0m] Started D-Bus System Message Bus.
         Starting Network Manager...
[[0;32m  OK  [0m] Reached target sshd-keygen.target.
[[0;32m  OK  [0m] Started Self Monitoring and Reporting Technology (SMART) Daemon.
[[0;32m  OK  [0m] Started Auto-connect to subsystems â€¦FC-NVME devices found during boot.
         Starting update of the root trust aâ€¦or DNSSEC validation in unbound...
[[0;32m  OK  [0m] Started Login Service.
[[0;32m  OK  [0m] Started NTP client/server.
[[0;32m  OK  [0m] Started Authorization Manager.
[[0;32m  OK  [0m] Started Network Manager.
[[0;32m  OK  [0m] Reached target Network.
         Starting GSSAPI Proxy Daemon...
         Starting Dynamic System Tuning Daemon...
         Starting OpenSSH server daemon...
         Starting Network Manager Wait Online...
[[0;32m  OK  [0m] Started update of the root trust anâ€¦ for DNSSEC validation in unbound.
         Starting Hostname Service...
[[0;32m  OK  [0m] Started GSSAPI Proxy Daemon.
[[0;32m  OK  [0m] Reached target NFS client services.
[[0;32m  OK  [0m] Reached target Remote File Systems (Pre).
[[0;32m  OK  [0m] Reached target Remote File Systems.
         Starting Permit User Sessions...
[[0;32m  OK  [0m] Started OpenSSH server daemon.
[[0;32m  OK  [0m] Started Permit User Sessions.
         Starting Terminate Plymouth Boot Screen...
         Starting Hold until boot process finishes up...
[[0;32m  OK  [0m] Started Command Scheduler.
[    8.681462] e1000: eth0 NIC Link is Up 1000 Mbps Full Duplex, Flow Control: RX
[    8.682107] IPv6: ADDRCONF(NETDEV_CHANGE): eth0: link becomes ready
[    8.943544] Spectre V2 : WARNING: Unprivileged eBPF is enabled with eIBRS on, data leaks possible via Spectre v2 BHB attacks!
[    8.943567] Spectre V2 : WARNING: Unprivileged eBPF is enabled with eIBRS on, data leaks possible via Spectre v2 BHB attacks!

CentOS Stream 8
Kernel 5.18.0-3cc30140dbe2+ on an x86_64

test login: [   28.352835] ------------[ cut here ]------------
[   28.352849] WARNING: CPU: 0 PID: 575 at mm/memory.c:874 copy_page_range+0x1858/0x2990
[   28.354241] Modules linked in:
[   28.354544] CPU: 0 PID: 575 Comm: repro Not tainted 5.18.0-3cc30140dbe2+ #1
[   28.355143] Hardware name: QEMU Standard PC (i440FX + PIIX, 1996), BIOS rel-1.14.0-0-g155821a1990b-prebuilt.qemu.org 04/01/2014
[   28.356095] RIP: 0010:copy_page_range+0x1858/0x2990
[   28.356520] Code: 5b e2 ff 41 83 fc 1e 0f 85 b1 fe ff ff e8 e0 5a e2 ff 31 ff 4c 89 ee e8 06 5c e2 ff 4d 85 ed 0f 85 b6 fe ff ff e8 c8 5a e2 ff <0f> 0b e9 aa fe ff ff e8 bc 5a e2 ff 4c 8b 2d f5 bf 2b 02 49 81 e5
[   28.358078] RSP: 0018:ffffc90000cd7b08 EFLAGS: 00010246
[   28.358528] RAX: 0000000000000000 RBX: f7fffffffffffc00 RCX: ffffffff81415e8a
[   28.359138] RDX: 0000000000000000 RSI: ffff88800b7fe600 RDI: 0000000000000002
[   28.359738] RBP: ffffc90000cd7cb0 R08: 0000000000000040 R09: 0000000000000000
[   28.360346] R10: 0000000000000001 R11: ffffea00003d0000 R12: 000000000000001e
[   28.360945] R13: 0000000000000000 R14: 0000000000000004 R15: 0000000000000000
[   28.361561] FS:  00007fbe3efdc740(0000) GS:ffff88807dc00000(0000) knlGS:0000000000000000
[   28.362246] CS:  0010 DS: 0000 ES: 0000 CR0: 0000000080050033
[   28.362738] CR2: 00000000200000c0 CR3: 000000000f240006 CR4: 0000000000770ef0
[   28.363346] DR0: 0000000000000000 DR1: 0000000000000000 DR2: 0000000000000000
[   28.363942] DR3: 0000000000000000 DR6: 00000000ffff07f0 DR7: 0000000000000400
[   28.364545] PKRU: 55555554
[   28.364783] Call Trace:
[   28.364997]  <TASK>
[   28.365193]  dup_mm+0x689/0x900
[   28.365499]  copy_process+0x1abb/0x23c0
[   28.365838]  ? mcopy_continue+0x517/0x1030
[   28.366204]  kernel_clone+0x90/0x670
[   28.366531]  ? userfaultfd_ioctl+0xd2/0x23c0
[   28.366909]  ? write_comp_data+0x2f/0x90
[   28.367255]  __do_sys_clone+0x90/0xc0
[   28.367582]  __x64_sys_clone+0x2f/0x40
[   28.367907]  do_syscall_64+0x3b/0x90
[   28.368234]  entry_SYSCALL_64_after_hwframe+0x46/0xb0
[   28.368681] RIP: 0033:0x7fbe3f10159d
[   28.368991] Code: 00 c3 66 2e 0f 1f 84 00 00 00 00 00 90 f3 0f 1e fa 48 89 f8 48 89 f7 48 89 d6 48 89 ca 4d 89 c2 4d 89 c8 4c 8b 4c 24 08 0f 05 <48> 3d 01 f0 ff ff 73 01 c3 48 8b 0d d3 08 0d 00 f7 d8 64 89 01 48
[   28.370553] RSP: 002b:00007ffc111e6c88 EFLAGS: 00000202 ORIG_RAX: 0000000000000038
[   28.371193] RAX: ffffffffffffffda RBX: 0000000000000000 RCX: 00007fbe3f10159d
[   28.371800] RDX: 0000000000000000 RSI: 0000000000000000 RDI: 0000000000001000
[   28.372402] RBP: 00007ffc111e6cd0 R08: 0000000000000000 R09: 0000000000000000
[   28.373009] R10: 0000000000000000 R11: 0000000000000202 R12: 0000000000401060
[   28.373617] R13: 00007ffc111e6dd0 R14: 0000000000000000 R15: 0000000000000000
[   28.374225]  </TASK>
[   28.374426] ---[ end trace 0000000000000000 ]---
