c[?7l[2J[0mSeaBIOS (version rel-1.14.0-0-g155821a1990b-prebuilt.qemu.org)


iPXE (http://ipxe.org) 00:03.0 CA00 PCI2.10 PnP PMM+7FF8F030+7FEEF030 CA00
Press Ctrl-B to configure iPXE (PCI 00:03.0)...                                                                               


Booting from ROM..c[?7l[2J[    0.000000] Linux version 5.18.0-rc4-4b60c0ff2f20+ (root@p-mtlp02) (gcc (GCC) 8.5.0 20210514 (Red Hat 8.5.0-17), GNU ld version 2.36.1-2.el8) #1 SMP PREEMPT_DYNAMIC Thu Dec 8 15:45:39 CST 2022
[    0.000000] Command line: console=ttyS0 root=/dev/sda earlyprintk=serial net.ifnames=0
[    0.000000] KERNEL supported cpus:
[    0.000000]   Intel GenuineIntel
[    0.000000]   AMD AuthenticAMD
[    0.000000]   Hygon HygonGenuine
[    0.000000]   Centaur CentaurHauls
[    0.000000]   zhaoxin   Shanghai  
[    0.000000] x86/split lock detection: #DB: warning on user-space bus_locks
[    0.000000] x86/fpu: Supporting XSAVE feature 0x001: 'x87 floating point registers'
[    0.000000] x86/fpu: Supporting XSAVE feature 0x002: 'SSE registers'
[    0.000000] x86/fpu: Supporting XSAVE feature 0x004: 'AVX registers'
[    0.000000] x86/fpu: Supporting XSAVE feature 0x200: 'Protection Keys User registers'
[    0.000000] x86/fpu: xstate_offset[2]:  576, xstate_sizes[2]:  256
[    0.000000] x86/fpu: xstate_offset[9]:  832, xstate_sizes[9]:    8
[    0.000000] x86/fpu: Enabled xstate features 0x207, context size is 840 bytes, using 'compacted' format.
[    0.000000] signal: max sigframe size: 3632
[    0.000000] BIOS-provided physical RAM map:
[    0.000000] BIOS-e820: [mem 0x0000000000000000-0x000000000009fbff] usable
[    0.000000] BIOS-e820: [mem 0x000000000009fc00-0x000000000009ffff] reserved
[    0.000000] BIOS-e820: [mem 0x00000000000f0000-0x00000000000fffff] reserved
[    0.000000] BIOS-e820: [mem 0x0000000000100000-0x000000007ffdffff] usable
[    0.000000] BIOS-e820: [mem 0x000000007ffe0000-0x000000007fffffff] reserved
[    0.000000] BIOS-e820: [mem 0x00000000feffc000-0x00000000feffffff] reserved
[    0.000000] BIOS-e820: [mem 0x00000000fffc0000-0x00000000ffffffff] reserved
[    0.000000] printk: bootconsole [earlyser0] enabled
[    0.000000] NX (Execute Disable) protection: active
[    0.000000] SMBIOS 2.8 present.
[    0.000000] DMI: QEMU Standard PC (i440FX + PIIX, 1996), BIOS rel-1.14.0-0-g155821a1990b-prebuilt.qemu.org 04/01/2014
[    0.000000] Hypervisor detected: KVM
[    0.000000] kvm-clock: Using msrs 4b564d01 and 4b564d00
[    0.000003] kvm-clock: using sched offset of 379688017 cycles
[    0.000538] clocksource: kvm-clock: mask: 0xffffffffffffffff max_cycles: 0x1cd42e4dffb, max_idle_ns: 881590591483 ns
[    0.002209] tsc: Detected 1190.400 MHz processor
[    0.008463] last_pfn = 0x7ffe0 max_arch_pfn = 0x400000000
[    0.009076] x86/PAT: Configuration [0-7]: WB  WC  UC- UC  WB  WP  UC- WT  
[    0.018240] found SMP MP-table at [mem 0x000f5a90-0x000f5a9f]
[    0.018946] Using GB pages for direct mapping
[    0.020377] ACPI: Early table checksum verification disabled
[    0.020997] ACPI: RSDP 0x00000000000F5870 000014 (v00 BOCHS )
[    0.021608] ACPI: RSDT 0x000000007FFE1959 000034 (v01 BOCHS  BXPC     00000001 BXPC 00000001)
[    0.022501] ACPI: FACP 0x000000007FFE1805 000074 (v01 BOCHS  BXPC     00000001 BXPC 00000001)
[    0.023388] ACPI: DSDT 0x000000007FFE0040 0017C5 (v01 BOCHS  BXPC     00000001 BXPC 00000001)
[    0.024273] ACPI: FACS 0x000000007FFE0000 000040
[    0.024757] ACPI: APIC 0x000000007FFE1879 000080 (v01 BOCHS  BXPC     00000001 BXPC 00000001)
[    0.025644] ACPI: HPET 0x000000007FFE18F9 000038 (v01 BOCHS  BXPC     00000001 BXPC 00000001)
[    0.026529] ACPI: WAET 0x000000007FFE1931 000028 (v01 BOCHS  BXPC     00000001 BXPC 00000001)
[    0.027413] ACPI: Reserving FACP table memory at [mem 0x7ffe1805-0x7ffe1878]
[    0.028135] ACPI: Reserving DSDT table memory at [mem 0x7ffe0040-0x7ffe1804]
[    0.028854] ACPI: Reserving FACS table memory at [mem 0x7ffe0000-0x7ffe003f]
[    0.029576] ACPI: Reserving APIC table memory at [mem 0x7ffe1879-0x7ffe18f8]
[    0.030296] ACPI: Reserving HPET table memory at [mem 0x7ffe18f9-0x7ffe1930]
[    0.031015] ACPI: Reserving WAET table memory at [mem 0x7ffe1931-0x7ffe1958]
[    0.032716] No NUMA configuration found
[    0.033113] Faking a node at [mem 0x0000000000000000-0x000000007ffdffff]
[    0.033864] NODE_DATA(0) allocated [mem 0x7ffb5000-0x7ffdffff]
[    0.037887] Zone ranges:
[    0.038153]   DMA      [mem 0x0000000000001000-0x0000000000ffffff]
[    0.038791]   DMA32    [mem 0x0000000001000000-0x000000007ffdffff]
[    0.039429]   Normal   empty
[    0.039727]   Device   empty
[    0.039977] Movable zone start for each node
[    0.040349] Early memory node ranges
[    0.040659]   node   0: [mem 0x0000000000001000-0x000000000009efff]
[    0.041283]   node   0: [mem 0x0000000000100000-0x000000007ffdffff]
[    0.041927] Initmem setup node 0 [mem 0x0000000000001000-0x000000007ffdffff]
[    0.044111] On node 0, zone DMA: 1 pages in unavailable ranges
[    0.044277] On node 0, zone DMA: 97 pages in unavailable ranges
[    0.070539] On node 0, zone DMA32: 32 pages in unavailable ranges
[    0.071449] ACPI: PM-Timer IO Port: 0x608
[    0.072502] ACPI: LAPIC_NMI (acpi_id[0xff] dfl dfl lint[0x1])
[    0.073133] IOAPIC[0]: apic_id 0, version 17, address 0xfec00000, GSI 0-23
[    0.073850] ACPI: INT_SRC_OVR (bus 0 bus_irq 0 global_irq 2 dfl dfl)
[    0.074507] ACPI: INT_SRC_OVR (bus 0 bus_irq 5 global_irq 5 high level)
[    0.075190] ACPI: INT_SRC_OVR (bus 0 bus_irq 9 global_irq 9 high level)
[    0.075872] ACPI: INT_SRC_OVR (bus 0 bus_irq 10 global_irq 10 high level)
[    0.076569] ACPI: INT_SRC_OVR (bus 0 bus_irq 11 global_irq 11 high level)
[    0.077275] ACPI: Using ACPI (MADT) for SMP configuration information
[    0.077938] ACPI: HPET id: 0x8086a201 base: 0xfed00000
[    0.078491] TSC deadline timer available
[    0.078899] smpboot: Allowing 2 CPUs, 0 hotplug CPUs
[    0.079470] kvm-guest: KVM setup pv remote TLB flush
[    0.079980] kvm-guest: setup PV sched yield
[    0.080472] PM: hibernation: Registered nosave memory: [mem 0x00000000-0x00000fff]
[    0.081252] PM: hibernation: Registered nosave memory: [mem 0x0009f000-0x0009ffff]
[    0.082027] PM: hibernation: Registered nosave memory: [mem 0x000a0000-0x000effff]
[    0.082798] PM: hibernation: Registered nosave memory: [mem 0x000f0000-0x000fffff]
[    0.083574] [mem 0x80000000-0xfeffbfff] available for PCI devices
[    0.084199] Booting paravirtualized kernel on KVM
[    0.084697] clocksource: refined-jiffies: mask: 0xffffffff max_cycles: 0xffffffff, max_idle_ns: 7645519600211568 ns
[    0.085790] setup_percpu: NR_CPUS:8192 nr_cpumask_bits:2 nr_cpu_ids:2 nr_node_ids:1
[    0.088555] percpu: Embedded 62 pages/cpu s217088 r8192 d28672 u1048576
[    0.089379] kvm-guest: PV spinlocks enabled
[    0.089760] PV qspinlock hash table entries: 256 (order: 0, 4096 bytes, linear)
[    0.090432] Fallback order for Node 0: 0 
[    0.090790] Built 1 zonelists, mobility grouping on.  Total pages: 515808
[    0.091386] Policy zone: DMA32
[    0.091656] Kernel command line: net.ifnames=0 console=ttyS0 root=/dev/sda earlyprintk=serial net.ifnames=0
[    0.094812] Dentry cache hash table entries: 262144 (order: 9, 2097152 bytes, linear)
[    0.095585] Inode-cache hash table entries: 131072 (order: 8, 1048576 bytes, linear)
[    0.096367] mem auto-init: stack:off, heap alloc:off, heap free:off
[    0.100872] Memory: 1999736K/2096632K available (30735K kernel code, 4507K rwdata, 7744K rodata, 3232K init, 10496K bss, 96640K reserved, 0K cma-reserved)
[    0.102072] random: get_random_u64 called from __kmem_cache_create+0x33/0x490 with crng_init=0
[    0.102589] SLUB: HWalign=64, Order=0-3, MinObjects=0, CPUs=2, Nodes=1
[    0.103841] kmemleak: Kernel memory leak detector disabled
[    0.104311] ftrace: allocating 65786 entries in 257 pages
[    0.127062] ftrace: allocated 257 pages with 2 groups
[    0.129026] Dynamic Preempt: voluntary
[    0.129415] rcu: Preemptible hierarchical RCU implementation.
[    0.129969] rcu: 	RCU restricting CPUs from NR_CPUS=8192 to nr_cpu_ids=2.
[    0.130553] 	Trampoline variant of Tasks RCU enabled.
[    0.130980] 	Rude variant of Tasks RCU enabled.
[    0.131361] 	Tracing variant of Tasks RCU enabled.
[    0.131765] rcu: RCU calculated value of scheduler-enlistment delay is 25 jiffies.
[    0.132402] rcu: Adjusting geometry for rcu_fanout_leaf=16, nr_cpu_ids=2
[    0.157312] NR_IRQS: 524544, nr_irqs: 440, preallocated irqs: 16
[    0.166304] Console: colour VGA+ 80x25
[    0.166712] printk: console [ttyS0] enabled
[    0.166712] printk: console [ttyS0] enabled
[    0.167420] printk: bootconsole [earlyser0] disabled
[    0.167420] printk: bootconsole [earlyser0] disabled
[    0.168291] ACPI: Core revision 20211217
[    0.168865] clocksource: hpet: mask: 0xffffffff max_cycles: 0xffffffff, max_idle_ns: 19112604467 ns
[    0.169810] APIC: Switch to symmetric I/O mode setup
[    0.170440] x2apic enabled
[    0.170868] Switched APIC routing to physical x2apic.
[    0.171314] kvm-guest: setup PV IPIs
[    0.172534] ..TIMER: vector=0x30 apic1=0 pin1=2 apic2=-1 pin2=-1
[    0.173209] clocksource: tsc-early: mask: 0xffffffffffffffff max_cycles: 0x1128af0325d, max_idle_ns: 440795261011 ns
[    0.174400] Calibrating delay loop (skipped) preset value.. 2380.80 BogoMIPS (lpj=4761600)
[    0.175243] pid_max: default: 32768 minimum: 301
[    0.175766] LSM: Security Framework initializing
[    0.176244] Yama: becoming mindful.
[    0.176732] Mount-cache hash table entries: 4096 (order: 3, 32768 bytes, linear)
[    0.177478] Mountpoint-cache hash table entries: 4096 (order: 3, 32768 bytes, linear)
[    0.178957] CPU0: Thermal monitoring enabled (TM1)
[    0.179578] x86/cpu: User Mode Instruction Prevention (UMIP) activated
[    0.181640] Last level iTLB entries: 4KB 0, 2MB 0, 4MB 0
[    0.182406] Last level dTLB entries: 4KB 0, 2MB 0, 4MB 0, 1GB 0
[    0.183072] Spectre V1 : Mitigation: usercopy/swapgs barriers and __user pointer sanitization
[    0.183969] Spectre V2 : WARNING: Unprivileged eBPF is enabled with eIBRS on, data leaks possible via Spectre v2 BHB attacks!
[    0.185141] Spectre V2 : Mitigation: Enhanced IBRS
[    0.185750] Spectre V2 : Spectre v2 / SpectreRSB mitigation: Filling RSB on context switch
[    0.186409] Spectre V2 : mitigation: Enabling conditional Indirect Branch Prediction Barrier
[    0.187726] Speculative Store Bypass: Mitigation: Speculative Store Bypass disabled via prctl
[    0.238060] Freeing SMP alternatives memory: 56K
[    0.238768] smpboot: CPU0: Genuine Intel(R) 0000 (family: 0x6, model: 0xaa, stepping: 0x1)
[    0.240403] cblist_init_generic: Setting adjustable number of callback queues.
[    0.241544] cblist_init_generic: Setting shift to 1 and lim to 1.
[    0.242388] cblist_init_generic: Setting shift to 1 and lim to 1.
[    0.242447] cblist_init_generic: Setting shift to 1 and lim to 1.
[    0.243438] Performance Events: generic architected perfmon, full-width counters, Intel PMU driver.
[    0.244911] ... version:                2
[    0.245546] ... bit width:              48
[    0.246186] ... generic registers:      8
[    0.246396] ... value mask:             0000ffffffffffff
[    0.247223] ... max period:             00007fffffffffff
[    0.248050] ... fixed-purpose events:   3
[    0.248678] ... event mask:             00000007000000ff
[    0.249846] rcu: Hierarchical SRCU implementation.
[    0.253354] smp: Bringing up secondary CPUs ...
[    0.254299] x86: Booting SMP configuration:
[    0.254397] .... node  #0, CPUs:      #1
[    0.012278] smpboot: CPU 1 Converting physical 0 to logical die 1
[    0.258473] smp: Brought up 1 node, 2 CPUs
[    0.259121] smpboot: Max logical packages: 2
[    0.259768] smpboot: Total of 2 processors activated (4761.60 BogoMIPS)
[    0.266506] devtmpfs: initialized
[    0.266854] x86/mm: Memory block size: 128MB
[    0.268508] clocksource: jiffies: mask: 0xffffffff max_cycles: 0xffffffff, max_idle_ns: 7645041785100000 ns
[    0.270416] futex hash table entries: 512 (order: 3, 32768 bytes, linear)
[    0.271648] pinctrl core: initialized pinctrl subsystem
[    0.272950] 
[    0.273248] *************************************************************
[    0.274395] **     NOTICE NOTICE NOTICE NOTICE NOTICE NOTICE NOTICE    **
[    0.275629] **                                                         **
[    0.276874] **  IOMMU DebugFS SUPPORT HAS BEEN ENABLED IN THIS KERNEL  **
[    0.278111] **                                                         **
[    0.278394] ** This means that this kernel is built to expose internal **
[    0.279640] ** IOMMU data structures, which may compromise security on **
[    0.280879] ** your system.                                            **
[    0.282122] **                                                         **
[    0.282395] ** If you see this message and you are not debugging the   **
[    0.283635] ** kernel, report this immediately to your vendor!         **
[    0.284839] **                                                         **
[    0.286095] **     NOTICE NOTICE NOTICE NOTICE NOTICE NOTICE NOTICE    **
[    0.286397] *************************************************************
[    0.287706] PM: RTC time: 08:15:14, date: 2022-12-08
[    0.290579] NET: Registered PF_NETLINK/PF_ROUTE protocol family
[    0.292110] DMA: preallocated 256 KiB GFP_KERNEL pool for atomic allocations
[    0.293402] DMA: preallocated 256 KiB GFP_KERNEL|GFP_DMA pool for atomic allocations
[    0.294404] DMA: preallocated 256 KiB GFP_KERNEL|GFP_DMA32 pool for atomic allocations
[    0.295891] audit: initializing netlink subsys (disabled)
[    0.296978] audit: type=2000 audit(1670487315.200:1): state=initialized audit_enabled=0 res=1
[    0.296978] thermal_sys: Registered thermal governor 'fair_share'
[    0.298396] thermal_sys: Registered thermal governor 'bang_bang'
[    0.299520] thermal_sys: Registered thermal governor 'step_wise'
[    0.300631] thermal_sys: Registered thermal governor 'user_space'
[    0.301773] cpuidle: using governor ladder
[    0.303158] cpuidle: using governor menu
[    0.304232] acpiphp: ACPI Hot Plug PCI Controller Driver version: 0.5
[    0.305729] PCI: Using configuration type 1 for base access
[    0.316063] kprobes: kprobe jump-optimization is enabled. All kprobes are optimized if possible.
[    0.317693] HugeTLB registered 1.00 GiB page size, pre-allocated 0 pages
[    0.318405] HugeTLB registered 2.00 MiB page size, pre-allocated 0 pages
[    0.319806] ACPI: Added _OSI(Module Device)
[    0.319806] ACPI: Added _OSI(Processor Device)
[    0.320292] ACPI: Added _OSI(3.0 _SCP Extensions)
[    0.322409] ACPI: Added _OSI(Processor Aggregator Device)
[    0.323402] ACPI: Added _OSI(Linux-Dell-Video)
[    0.324215] ACPI: Added _OSI(Linux-Lenovo-NV-HDMI-Audio)
[    0.324806] ACPI: Added _OSI(Linux-HPI-Hybrid-Graphics)
[    0.329677] ACPI: 1 ACPI AML tables successfully acquired and loaded
[    0.332828] ACPI: Interpreter enabled
[    0.333261] ACPI: PM: (supports S0 S3 S4 S5)
[    0.333682] ACPI: Using IOAPIC for interrupt routing
[    0.334206] PCI: Using host bridge windows from ACPI; if necessary, use "pci=nocrs" and report a bug
[    0.334925] ACPI: Enabled 2 GPEs in block 00 to 0F
[    0.346481] ACPI: PCI Root Bridge [PCI0] (domain 0000 [bus 00-ff])
[    0.347121] acpi PNP0A03:00: _OSC: OS supports [ASPM ClockPM Segments MSI EDR HPX-Type3]
[    0.347912] acpi PNP0A03:00: _OSC: not requesting OS control; OS requires [ExtendedConfig ASPM ClockPM MSI]
[    0.348887] acpi PNP0A03:00: fail to add MMCONFIG information, can't access extended PCI configuration space under this bridge.
[    0.351304] acpiphp: Slot [3] registered
[    0.351745] acpiphp: Slot [4] registered
[    0.352208] acpiphp: Slot [5] registered
[    0.352644] acpiphp: Slot [6] registered
[    0.353082] acpiphp: Slot [7] registered
[    0.353522] acpiphp: Slot [8] registered
[    0.353958] acpiphp: Slot [9] registered
[    0.354400] acpiphp: Slot [10] registered
[    0.354842] acpiphp: Slot [11] registered
[    0.355287] acpiphp: Slot [12] registered
[    0.355737] acpiphp: Slot [13] registered
[    0.356180] acpiphp: Slot [14] registered
[    0.356623] acpiphp: Slot [15] registered
[    0.357070] acpiphp: Slot [16] registered
[    0.357515] acpiphp: Slot [17] registered
[    0.357960] acpiphp: Slot [18] registered
[    0.358407] acpiphp: Slot [19] registered
[    0.358853] acpiphp: Slot [20] registered
[    0.359295] acpiphp: Slot [21] registered
[    0.359736] acpiphp: Slot [22] registered
[    0.360179] acpiphp: Slot [23] registered
[    0.360622] acpiphp: Slot [24] registered
[    0.361064] acpiphp: Slot [25] registered
[    0.361534] acpiphp: Slot [26] registered
[    0.361977] acpiphp: Slot [27] registered
[    0.362424] acpiphp: Slot [28] registered
[    0.362868] acpiphp: Slot [29] registered
[    0.363310] acpiphp: Slot [30] registered
[    0.363721] acpiphp: Slot [31] registered
[    0.364098] PCI host bridge to bus 0000:00
[    0.364504] pci_bus 0000:00: root bus resource [io  0x0000-0x0cf7 window]
[    0.365161] pci_bus 0000:00: root bus resource [io  0x0d00-0xffff window]
[    0.365748] pci_bus 0000:00: root bus resource [mem 0x000a0000-0x000bffff window]
[    0.366365] pci_bus 0000:00: root bus resource [mem 0x80000000-0xfebfffff window]
[    0.366393] pci_bus 0000:00: root bus resource [mem 0x100000000-0x17fffffff window]
[    0.367053] pci_bus 0000:00: root bus resource [bus 00-ff]
[    0.367585] pci 0000:00:00.0: [8086:1237] type 00 class 0x060000
[    0.370631] pci 0000:00:01.0: [8086:7000] type 00 class 0x060100
[    0.371761] pci 0000:00:01.1: [8086:7010] type 00 class 0x010180
[    0.373777] pci 0000:00:01.1: reg 0x20: [io  0xc040-0xc04f]
[    0.374876] pci 0000:00:01.1: legacy IDE quirk: reg 0x10: [io  0x01f0-0x01f7]
[    0.375457] pci 0000:00:01.1: legacy IDE quirk: reg 0x14: [io  0x03f6]
[    0.375996] pci 0000:00:01.1: legacy IDE quirk: reg 0x18: [io  0x0170-0x0177]
[    0.376584] pci 0000:00:01.1: legacy IDE quirk: reg 0x1c: [io  0x0376]
[    0.377355] pci 0000:00:01.3: [8086:7113] type 00 class 0x068000
[    0.378176] pci 0000:00:01.3: quirk: [io  0x0600-0x063f] claimed by PIIX4 ACPI
[    0.378399] pci 0000:00:01.3: quirk: [io  0x0700-0x070f] claimed by PIIX4 SMB
[    0.379463] pci 0000:00:02.0: [1234:1111] type 00 class 0x030000
[    0.381674] pci 0000:00:02.0: reg 0x10: [mem 0xfd000000-0xfdffffff pref]
[    0.383199] pci 0000:00:02.0: reg 0x18: [mem 0xfebf0000-0xfebf0fff]
[    0.386338] pci 0000:00:02.0: reg 0x30: [mem 0xfebe0000-0xfebeffff pref]
[    0.386507] pci 0000:00:02.0: Video device with shadowed ROM at [mem 0x000c0000-0x000dffff]
[    0.389795] pci 0000:00:03.0: [8086:100e] type 00 class 0x020000
[    0.391273] pci 0000:00:03.0: reg 0x10: [mem 0xfebc0000-0xfebdffff]
[    0.392349] pci 0000:00:03.0: reg 0x14: [io  0xc000-0xc03f]
[    0.394930] pci 0000:00:03.0: reg 0x30: [mem 0xfeb80000-0xfebbffff pref]
[    0.407003] ACPI: PCI: Interrupt link LNKA configured for IRQ 10
[    0.407908] ACPI: PCI: Interrupt link LNKB configured for IRQ 10
[    0.408781] ACPI: PCI: Interrupt link LNKC configured for IRQ 11
[    0.409653] ACPI: PCI: Interrupt link LNKD configured for IRQ 11
[    0.410383] ACPI: PCI: Interrupt link LNKS configured for IRQ 9
[    0.411870] iommu: Default domain type: Translated 
[    0.411870] iommu: DMA domain TLB invalidation policy: lazy mode 
[    0.412045] SCSI subsystem initialized
[    0.412477] ACPI: bus type USB registered
[    0.414433] usbcore: registered new interface driver usbfs
[    0.414990] usbcore: registered new interface driver hub
[    0.415526] usbcore: registered new device driver usb
[    0.416093] pps_core: LinuxPPS API ver. 1 registered
[    0.416578] pps_core: Software ver. 5.3.6 - Copyright 2005-2007 Rodolfo Giometti <giometti@linux.it>
[    0.417463] PTP clock support registered
[    0.417916] EDAC MC: Ver: 3.0.0
[    0.418981] NetLabel: Initializing
[    0.419325] NetLabel:  domain hash size = 128
[    0.419753] NetLabel:  protocols = UNLABELED CIPSOv4 CALIPSO
[    0.420343] NetLabel:  unlabeled traffic allowed by default
[    0.420919] PCI: Using ACPI for IRQ routing
[    0.420919] pci 0000:00:02.0: vgaarb: setting as boot VGA device
[    0.420919] pci 0000:00:02.0: vgaarb: bridge control possible
[    0.420919] pci 0000:00:02.0: vgaarb: VGA device added: decodes=io+mem,owns=io+mem,locks=none
[    0.422392] vgaarb: loaded
[    0.422789] hpet0: at MMIO 0xfed00000, IRQs 2, 8, 0
[    0.423290] hpet0: 3 comparators, 64-bit 100.000000 MHz counter
[    0.426488] clocksource: Switched to clocksource kvm-clock
[    0.674798] VFS: Disk quotas dquot_6.6.0
[    0.675511] VFS: Dquot-cache hash table entries: 512 (order 0, 4096 bytes)
[    0.676830] pnp: PnP ACPI init
[    0.679148] pnp: PnP ACPI: found 6 devices
[    0.689192] clocksource: acpi_pm: mask: 0xffffff max_cycles: 0xffffff, max_idle_ns: 2085701024 ns
[    0.691091] NET: Registered PF_INET protocol family
[    0.692045] IP idents hash table entries: 32768 (order: 6, 262144 bytes, linear)
[    0.694749] tcp_listen_portaddr_hash hash table entries: 1024 (order: 2, 16384 bytes, linear)
[    0.696142] TCP established hash table entries: 16384 (order: 5, 131072 bytes, linear)
[    0.697526] TCP bind hash table entries: 16384 (order: 6, 262144 bytes, linear)
[    0.698857] TCP: Hash tables configured (established 16384 bind 16384)
[    0.699974] UDP hash table entries: 1024 (order: 3, 32768 bytes, linear)
[    0.701058] UDP-Lite hash table entries: 1024 (order: 3, 32768 bytes, linear)
[    0.702359] NET: Registered PF_UNIX/PF_LOCAL protocol family
[    0.704012] RPC: Registered named UNIX socket transport module.
[    0.704967] RPC: Registered udp transport module.
[    0.705713] RPC: Registered tcp transport module.
[    0.706485] RPC: Registered tcp NFSv4.1 backchannel transport module.
[    0.707520] pci_bus 0000:00: resource 4 [io  0x0000-0x0cf7 window]
[    0.708534] pci_bus 0000:00: resource 5 [io  0x0d00-0xffff window]
[    0.709514] pci_bus 0000:00: resource 6 [mem 0x000a0000-0x000bffff window]
[    0.710610] pci_bus 0000:00: resource 7 [mem 0x80000000-0xfebfffff window]
[    0.711683] pci_bus 0000:00: resource 8 [mem 0x100000000-0x17fffffff window]
[    0.713113] pci 0000:00:01.0: PIIX3: Enabling Passive Release
[    0.714232] pci 0000:00:00.0: Limiting direct PCI/PCI transfers
[    0.715382] pci 0000:00:01.0: Activating ISA DMA hang workarounds
[    0.716663] PCI: CLS 0 bytes, default 64
[    0.717625] ACPI: bus type thunderbolt registered
[    0.718964] clocksource: tsc: mask: 0xffffffffffffffff max_cycles: 0x1128af0325d, max_idle_ns: 440795261011 ns
[    3.313608] Initialise system trusted keyrings
[    3.314041] Key type blacklist registered
[    3.314522] workingset: timestamp_bits=36 max_order=19 bucket_order=0
[    3.319393] zbud: loaded
[    3.320356] squashfs: version 4.0 (2009/01/31) Phillip Lougher
[    3.321432] NFS: Registering the id_resolver key type
[    3.321869] Key type id_resolver registered
[    3.322211] Key type id_legacy registered
[    3.322653] nfs4filelayout_init: NFSv4 File Layout Driver Registering...
[    3.323229] nfs4flexfilelayout_init: NFSv4 Flexfile Layout Driver Registering...
[    3.323925] fuse: init (API version 7.36)
[    3.324426] SGI XFS with ACLs, security attributes, realtime, quota, no debug enabled
[    3.325856] 9p: Installing v9fs 9p2000 file system support
[    3.334473] Key type asymmetric registered
[    3.334827] Asymmetric key parser 'x509' registered
[    3.335701] alg: self-tests for CTR-KDF (hmac(sha256)) passed
[    3.336236] Block layer SCSI generic (bsg) driver version 0.4 loaded (major 243)
[    3.336899] io scheduler mq-deadline registered
[    3.337312] io scheduler bfq registered
[    3.338168] shpchp: Standard Hot Plug PCI Controller Driver version: 0.4
[    3.338921] IPMI message handler: version 39.2
[    3.339311] ipmi device interface
[    3.340589] input: Power Button as /devices/LNXSYSTM:00/LNXPWRBN:00/input/input0
[    3.341380] ACPI: button: Power Button [PWRF]
[    3.342427] ERST DBG: ERST support is disabled.
[    3.343111] Serial: 8250/16550 driver, 32 ports, IRQ sharing enabled
[    3.344014] 00:04: ttyS0 at I/O 0x3f8 (irq = 4, base_baud = 115200) is a 16550A
[    3.349078] Linux agpgart interface v0.103
[    3.349752] ACPI: bus type drm_connector registered
[    3.357358] brd: module loaded
[    3.362124] loop: module loaded
[    3.364622] scsi host0: ata_piix
[    3.365145] scsi host1: ata_piix
[    3.365498] ata1: PATA max MWDMA2 cmd 0x1f0 ctl 0x3f6 bmdma 0xc040 irq 14
[    3.366062] ata2: PATA max MWDMA2 cmd 0x170 ctl 0x376 bmdma 0xc048 irq 15
[    3.367942] tun: Universal TUN/TAP device driver, 1.6
[    3.368506] e100: Intel(R) PRO/100 Network Driver
[    3.368901] e100: Copyright(c) 1999-2006 Intel Corporation
[    3.369373] e1000: Intel(R) PRO/1000 Network Driver
[    3.369782] e1000: Copyright (c) 1999-2006 Intel Corporation.
[    3.460971] ACPI: \_SB_.LNKC: Enabled at IRQ 11
[    3.526568] ata1: found unknown device (class 0)
[    3.527603] ata1.00: ATA-7: QEMU HARDDISK, 2.5+, max UDMA/100
[    3.528243] ata1.00: 16777216 sectors, multi 16: LBA48 
[    3.528958] ata2: found unknown device (class 0)
[    3.529942] scsi 0:0:0:0: Direct-Access     ATA      QEMU HARDDISK    2.5+ PQ: 0 ANSI: 5
[    3.531097] ata2.00: ATAPI: QEMU DVD-ROM, 2.5+, max UDMA/100
[    3.532126] sd 0:0:0:0: Attached scsi generic sg0 type 0
[    3.532363] sd 0:0:0:0: [sda] 16777216 512-byte logical blocks: (8.59 GB/8.00 GiB)
[    3.533242] sd 0:0:0:0: [sda] Write Protect is off
[    3.533756] sd 0:0:0:0: [sda] Write cache: enabled, read cache: enabled, doesn't support DPO or FUA
[    3.533914] scsi 1:0:0:0: CD-ROM            QEMU     QEMU DVD-ROM     2.5+ PQ: 0 ANSI: 5
[    3.536205] scsi 1:0:0:0: Attached scsi generic sg1 type 5
[    3.574546] sd 0:0:0:0: [sda] Attached SCSI disk
[    3.795804] e1000 0000:00:03.0 eth0: (PCI:33MHz:32-bit) 52:54:00:12:34:56
[    3.796417] e1000 0000:00:03.0 eth0: Intel(R) PRO/1000 Network Connection
[    3.797091] e1000e: Intel(R) PRO/1000 Network Driver
[    3.797509] e1000e: Copyright(c) 1999 - 2015 Intel Corporation.
[    3.798058] igb: Intel(R) Gigabit Ethernet Network Driver
[    3.798496] igb: Copyright (c) 2007-2014 Intel Corporation.
[    3.799034] PPP generic driver version 2.4.2
[    3.799920] VFIO - User Level meta-driver version: 0.3
[    3.800399] ehci_hcd: USB 2.0 'Enhanced' Host Controller (EHCI) Driver
[    3.800942] ehci-pci: EHCI PCI platform driver
[    3.801333] ehci-platform: EHCI generic platform driver
[    3.801773] ohci_hcd: USB 1.1 'Open' Host Controller (OHCI) Driver
[    3.802285] ohci-pci: OHCI PCI platform driver
[    3.802697] ohci-platform: OHCI generic platform driver
[    3.803140] uhci_hcd: USB Universal Host Controller Interface driver
[    3.803903] usbcore: registered new interface driver uas
[    3.804371] usbcore: registered new interface driver usb-storage
[    3.804963] i8042: PNP: PS/2 Controller [PNP0303:KBD,PNP0f13:MOU] at 0x60,0x64 irq 1,12
[    3.806333] serio: i8042 KBD port at 0x60,0x64 irq 1
[    3.806767] serio: i8042 AUX port at 0x60,0x64 irq 12
[    3.807527] mousedev: PS/2 mouse device common for all mice
[    3.808370] input: AT Translated Set 2 keyboard as /devices/platform/i8042/serio0/input/input1
[    3.809436] rtc_cmos 00:05: RTC can wake from S4
[    3.810681] input: VirtualPS/2 VMware VMMouse as /devices/platform/i8042/serio1/input/input4
[    3.811493] rtc_cmos 00:05: registered as rtc0
[    3.811912] rtc_cmos 00:05: setting system clock to 2022-12-08T08:15:18 UTC (1670487318)
[    3.812770] rtc_cmos 00:05: alarms up to one day, y3k, 242 bytes nvram, hpet irqs
[    3.813487] i2c_dev: i2c /dev entries driver
[    3.814005] device-mapper: core: CONFIG_IMA_DISABLE_HTABLE is disabled. Duplicate IMA measurements will not be recorded in the IMA log.
[    3.815306] input: VirtualPS/2 VMware VMMouse as /devices/platform/i8042/serio1/input/input3
[    3.816173] device-mapper: uevent: version 1.0.3
[    3.816855] device-mapper: ioctl: 4.46.0-ioctl (2022-02-22) initialised: dm-devel@redhat.com
[    3.817677] intel_pstate: CPU model not supported
[    3.818205] sdhci: Secure Digital Host Controller Interface driver
[    3.818817] sdhci: Copyright(c) Pierre Ossman
[    3.819304] sdhci-pltfm: SDHCI platform and OF driver helper
[    3.819887] ledtrig-cpu: registered to indicate activity on CPUs
[    3.820682] drop_monitor: Initializing network drop monitor service
[    3.821657] NET: Registered PF_INET6 protocol family
[    3.823165] Segment Routing with IPv6
[    3.823520] In-situ OAM (IOAM) with IPv6
[    3.823961] NET: Registered PF_PACKET protocol family
[    3.824636] 9pnet: Installing 9P2000 support
[    3.825087] Key type dns_resolver registered
[    3.826196] IPI shorthand broadcast: enabled
[    3.826657] sched_clock: Marking stable (3818345262, 8278037)->(3859761433, -33138134)
[    3.827844] registered taskstats version 1
[    3.828309] Loading compiled-in X.509 certificates
[    3.828913] zswap: loaded using pool lzo/zbud
[    3.829689] Key type ._fscrypt registered
[    3.830085] Key type .fscrypt registered
[    3.830493] Key type fscrypt-provisioning registered
[    3.831568] Key type encrypted registered
[    3.831984] ima: No TPM chip found, activating TPM-bypass!
[    3.832532] ima: Allocated hash algorithm: sha1
[    3.832985] ima: No architecture policies found
[    3.833448] evm: Initialising EVM extended attributes:
[    3.833946] evm: security.selinux
[    3.834274] evm: security.SMACK64
[    3.834613] evm: security.SMACK64EXEC
[    3.834977] evm: security.SMACK64TRANSMUTE
[    3.835380] evm: security.SMACK64MMAP
[    3.835680] evm: security.apparmor
[    3.835966] evm: security.ima
[    3.836225] evm: security.capability
[    3.836529] evm: HMAC attrs: 0x1
[    3.841331] PM:   Magic number: 2:205:270
[    3.842494] RAS: Correctable Errors collector initialized.
[    3.843835] md: Waiting for all devices to be available before autodetect
[    3.844903] md: If you don't use raid, use raid=noautodetect
[    3.845789] md: Autodetecting RAID arrays.
[    3.846507] md: autorun ...
[    3.846962] md: ... autorun DONE.
[    3.849898] EXT4-fs (sda): INFO: recovery required on readonly filesystem
[    3.850487] EXT4-fs (sda): write access will be enabled during recovery
[    3.892235] random: fast init done
[    3.901642] EXT4-fs (sda): recovery complete
[    3.906589] EXT4-fs (sda): mounted filesystem with ordered data mode. Quota mode: none.
[    3.907891] VFS: Mounted root (ext4 filesystem) readonly on device 8:0.
[    3.909205] devtmpfs: mounted
[    3.913419] Freeing unused decrypted memory: 2036K
[    3.917513] Freeing unused kernel image (initmem) memory: 3232K
[    3.918465] Write protecting the kernel read-only data: 40960k
[    3.922540] Freeing unused kernel image (text/rodata gap) memory: 2032K
[    3.923756] Freeing unused kernel image (rodata/data gap) memory: 448K
[    4.026969] x86/mm: Checked W+X mappings: passed, no W+X pages found.
[    4.027562] Run /sbin/init as init process
[    4.101522] systemd[1]: RTC configured in localtime, applying delta of 0 minutes to system time.
[    4.125068] systemd[1]: systemd 239 (239-49.el8) running in system mode. (+PAM +AUDIT +SELINUX +IMA -APPARMOR +SMACK +SYSVINIT +UTMP +LIBCRYPTSETUP +GCRYPT +GNUTLS +ACL +XZ +LZ4 +SECCOMP +BLKID +ELFUTILS +KMOD +IDN2 -IDN +PCRE2 default-hierarchy=legacy)
[    4.126982] systemd[1]: Detected virtualization kvm.
[    4.127402] systemd[1]: Detected architecture x86-64.

Welcome to [0;31mCentOS Stream 8[0m!

[    4.149445] systemd[1]: Set hostname to <test>.
[    5.986405] random: crng init done
[    6.090733] systemd[1]: Listening on Process Core Dump Socket.
[[0;32m  OK  [0m] Listening on Process Core Dump Socket.
[    6.092023] systemd[1]: Listening on multipathd control socket.
[[0;32m  OK  [0m] Listening on multipathd control socket.
[    6.093113] systemd[1]: Listening on Device-mapper event daemon FIFOs.
[[0;32m  OK  [0m] Listening on Device-mapper event daemon FIFOs.
[    6.094315] systemd[1]: Listening on udev Kernel Socket.
[[0;32m  OK  [0m] Listening on udev Kernel Socket.
[    6.096080] systemd[1]: Created slice User and Session Slice.
[[0;32m  OK  [0m] Created slice User and Session Slice.
[    6.097138] systemd[1]: Started Forward Password Requests to Wall Directory Watch.
[[0;32m  OK  [0m] Started Forward Password Requests to Wall Directory Watch.
[[0;32m  OK  [0m] Listening on LVM2 poll daemon socket.
[[0;32m  OK  [0m] Listening on Journal Socket.
         Mounting POSIX Message Queue File System...
         Starting Setup Virtual Console...
[[0;32m  OK  [0m] Reached target Slices.
[[0;32m  OK  [0m] Created slice system-serial\x2dgetty.slice.
         Mounting Huge Pages File System...
[[0;32m  OK  [0m] Set up automount Arbitrary Executabâ€¦rmats File System Automount Point.
         Starting Remount Root and Kernel File Systems...
         Starting Monitoring of LVM2 mirrorsâ€¦ng dmeventd or progress polling...
[[0;32m  OK  [0m] Created slice system-getty.slice.
[[0;32m  OK  [0m] Listening on RPCbind Server Activation Socket.
         Starting Load Kernel Modules...
[[0;32m  OK  [0m] Reached target RPC Port Mapper.
[[0;32m  OK  [0m] Listening on Journal Socket (/dev/log).
         Starting Journal Service...
[[0;32m  OK  [0m] Created slice system-sshd\x2dkeygen.slice.
[[0;32m  OK  [0m] Listening on udev Control Socket.
         Starting udev Coldplug all Devices...
[[0;32m  OK  [0m] Listening on initctl Compatibility Named Pipe.
[[0;32m  OK  [0m] Reached target Swap.
         Mounting Kernel Debug File System...
[[0;32m  OK  [0m] Mounted POSIX Message Queue File System.
[[0;32m  OK  [0m] Mounted Huge Pages File System.
[    6.352710] EXT4-fs (sda): re-mounted. Quota mode: none.
[[0;32m  OK  [0m] Started Monitoring of LVM2 mirrors,â€¦sing dmeventd or progress polling.
[[0;32m  OK  [0m] Started Journal Service.
[[0;32m  OK  [0m] Started Setup Virtual Console.
[[0;32m  OK  [0m] Started Remount Root and Kernel File Systems.
[[0;1;31mFAILED[0m] Failed to start Load Kernel Modules.
See 'systemctl status systemd-modules-load.service' for details.
[[0;32m  OK  [0m] Mounted Kernel Debug File System.
         Starting Apply Kernel Variables...
         Mounting Kernel Configuration File System...
         Mounting FUSE Control File System...
         Starting Load/Save Random Seed...
         Starting Create Static Device Nodes in /dev...
         Starting Flush Journal to Persistent Storage...
[[0;32m  OK  [0m] Started Apply Kernel Variables.
[[0;32m  OK  [0m] Mounted Kernel Configuration File System.
[[0;32m  OK  [0m] Mounted FUSE Control File System.
[[0;32m  OK  [0m] Started Load/Save Random Seed.
[[0;32m  OK  [0m] Started Create Static Device Nodes in /dev.
         Starting udev Kernel Device Manager...
[[0;32m  OK  [0m] Started Flush Journal to Persistent Storage.
[[0;32m  OK  [0m] Started udev Coldplug all Devices.
         Starting udev Wait for Complete Device Initialization...
[[0;32m  OK  [0m] Started udev Kernel Device Manager.
         Starting Show Plymouth Boot Screen...
[[0;32m  OK  [0m] Started Show Plymouth Boot Screen.
[[0;32m  OK  [0m] Reached target Paths.
[[0;32m  OK  [0m] Reached target Local Encrypted Volumes.
[[0;32m  OK  [0m] Started Forward Password Requests to Plymouth Directory Watch.
[[0;32m  OK  [0m] Found device /dev/ttyS0.
[[0;32m  OK  [0m] Listening on Load/Save RF Kill Switch Status /dev/rfkill Watch.
[[0;32m  OK  [0m] Started udev Wait for Complete Device Initialization.
[[0;32m  OK  [0m] Reached target Local File Systems (Pre).
[[0;32m  OK  [0m] Reached target Local File Systems.
         Starting Restore /run/initramfs on shutdown...
         Starting Tell Plymouth To Write Out Runtime Data...
         Starting Create Volatile Files and Directories...
[[0;32m  OK  [0m] Started Restore /run/initramfs on shutdown.
[[0;32m  OK  [0m] Started Tell Plymouth To Write Out Runtime Data.
[[0;32m  OK  [0m] Started Create Volatile Files and Directories.
         Starting RPC Bind...
         Starting Security Auditing Service...
         Mounting RPC Pipe File System...
[[0;32m  OK  [0m] Mounted RPC Pipe File System.
[[0;32m  OK  [0m] Reached target rpc_pipefs.target.
[[0;32m  OK  [0m] Started RPC Bind.
[[0;32m  OK  [0m] Started Security Auditing Service.
         Starting Update UTMP about System Boot/Shutdown...
[[0;32m  OK  [0m] Started Update UTMP about System Boot/Shutdown.
[[0;32m  OK  [0m] Reached target System Initialization.
[[0;32m  OK  [0m] Started daily update of the root trust anchor for DNSSEC.
[[0;32m  OK  [0m] Listening on D-Bus System Message Bus Socket.
[[0;32m  OK  [0m] Started dnf makecache --timer.
[[0;32m  OK  [0m] Started Daily Cleanup of Temporary Directories.
[[0;32m  OK  [0m] Reached target Timers.
[[0;32m  OK  [0m] Listening on SSSD Kerberos Cache Manager responder socket.
[[0;32m  OK  [0m] Reached target Sockets.
[[0;32m  OK  [0m] Reached target Basic System.
[[0;32m  OK  [0m] Started irqbalance daemon.
[[0;32m  OK  [0m] Started Machine Check Exception Logging Daemon.
         Starting Self Monitoring and Reporting Technology (SMART) Daemon...
         Starting NTP client/server...
         Starting Authorization Manager...
[[0;32m  OK  [0m] Started D-Bus System Message Bus.
         Starting Login Service...
         Starting Network Manager...
[[0;32m  OK  [0m] Reached target sshd-keygen.target.
         Starting Auto-connect to subsystemsâ€¦-NVME devices found during boot...
         Starting update of the root trust aâ€¦or DNSSEC validation in unbound...
[[0;32m  OK  [0m] Started Auto-connect to subsystems â€¦FC-NVME devices found during boot.
[[0;32m  OK  [0m] Started Login Service.
[[0;32m  OK  [0m] Started Self Monitoring and Reporting Technology (SMART) Daemon.
[[0;32m  OK  [0m] Started NTP client/server.
[[0;32m  OK  [0m] Started update of the root trust anâ€¦ for DNSSEC validation in unbound.
[[0;32m  OK  [0m] Started Network Manager.
         Starting Network Manager Wait Online...
[[0;32m  OK  [0m] Reached target Network.
         Starting OpenSSH server daemon...
         Starting Dynamic System Tuning Daemon...
         Starting GSSAPI Proxy Daemon...
         Starting Hostname Service...
[[0;32m  OK  [0m] Started GSSAPI Proxy Daemon.
[[0;32m  OK  [0m] Reached target NFS client services.
[[0;32m  OK  [0m] Reached target Remote File Systems (Pre).
[[0;32m  OK  [0m] Reached target Remote File Systems.
         Starting Permit User Sessions...
[[0;32m  OK  [0m] Started OpenSSH server daemon.
[[0;32m  OK  [0m] Started Permit User Sessions.
[[0;32m  OK  [0m] Started Command Scheduler.
         Starting Hold until boot process finishes up...
         Starting Terminate Plymouth Boot Screen...
[[0;32m  OK  [0m] Started Authorization Manager.
[    7.798440] e1000: eth0 NIC Link is Up 1000 Mbps Full Duplex, Flow Control: RX
[    7.799437] IPv6: ADDRCONF(NETDEV_CHANGE): eth0: link becomes ready
[    8.034739] Spectre V2 : WARNING: Unprivileged eBPF is enabled with eIBRS on, data leaks possible via Spectre v2 BHB attacks!
[    8.036520] Spectre V2 : WARNING: Unprivileged eBPF is enabled with eIBRS on, data leaks possible via Spectre v2 BHB attacks!

CentOS Stream 8
Kernel 5.18.0-rc4-4b60c0ff2f20+ on an x86_64

test login: 