c[?7l[2J[0mSeaBIOS (version rel-1.14.0-0-g155821a1990b-prebuilt.qemu.org)


iPXE (http://ipxe.org) 00:03.0 CA00 PCI2.10 PnP PMM+7FF8F030+7FEEF030 CA00
Press Ctrl-B to configure iPXE (PCI 00:03.0)...                                                                               


Booting from ROM..c[?7l[2J[    0.000000] Linux version 5.18.0-4f58afd6eb17+ (root@p-mtlp02) (gcc (GCC) 8.5.0 20210514 (Red Hat 8.5.0-17), GNU ld version 2.36.1-2.el8) #1 SMP PREEMPT_DYNAMIC Thu Dec 8 13:36:15 CST 2022
[    0.000000] Command line: console=ttyS0 root=/dev/sda earlyprintk=serial net.ifnames=0
[    0.000000] KERNEL supported cpus:
[    0.000000]   Intel GenuineIntel
[    0.000000]   AMD AuthenticAMD
[    0.000000]   Hygon HygonGenuine
[    0.000000]   Centaur CentaurHauls
[    0.000000]   zhaoxin   Shanghai  
[    0.000000] x86/split lock detection: #DB: warning on user-space bus_locks
[    0.000000] x86/fpu: Supporting XSAVE feature 0x001: 'x87 floating point registers'
[    0.000000] x86/fpu: Supporting XSAVE feature 0x002: 'SSE registers'
[    0.000000] x86/fpu: Supporting XSAVE feature 0x004: 'AVX registers'
[    0.000000] x86/fpu: Supporting XSAVE feature 0x200: 'Protection Keys User registers'
[    0.000000] x86/fpu: xstate_offset[2]:  576, xstate_sizes[2]:  256
[    0.000000] x86/fpu: xstate_offset[9]:  832, xstate_sizes[9]:    8
[    0.000000] x86/fpu: Enabled xstate features 0x207, context size is 840 bytes, using 'compacted' format.
[    0.000000] signal: max sigframe size: 3632
[    0.000000] BIOS-provided physical RAM map:
[    0.000000] BIOS-e820: [mem 0x0000000000000000-0x000000000009fbff] usable
[    0.000000] BIOS-e820: [mem 0x000000000009fc00-0x000000000009ffff] reserved
[    0.000000] BIOS-e820: [mem 0x00000000000f0000-0x00000000000fffff] reserved
[    0.000000] BIOS-e820: [mem 0x0000000000100000-0x000000007ffdffff] usable
[    0.000000] BIOS-e820: [mem 0x000000007ffe0000-0x000000007fffffff] reserved
[    0.000000] BIOS-e820: [mem 0x00000000feffc000-0x00000000feffffff] reserved
[    0.000000] BIOS-e820: [mem 0x00000000fffc0000-0x00000000ffffffff] reserved
[    0.000000] printk: bootconsole [earlyser0] enabled
[    0.000000] NX (Execute Disable) protection: active
[    0.000000] SMBIOS 2.8 present.
[    0.000000] DMI: QEMU Standard PC (i440FX + PIIX, 1996), BIOS rel-1.14.0-0-g155821a1990b-prebuilt.qemu.org 04/01/2014
[    0.000000] Hypervisor detected: KVM
[    0.000000] kvm-clock: Using msrs 4b564d01 and 4b564d00
[    0.000004] kvm-clock: using sched offset of 380538290 cycles
[    0.000462] clocksource: kvm-clock: mask: 0xffffffffffffffff max_cycles: 0x1cd42e4dffb, max_idle_ns: 881590591483 ns
[    0.001878] tsc: Detected 1190.400 MHz processor
[    0.008544] last_pfn = 0x7ffe0 max_arch_pfn = 0x400000000
[    0.009081] x86/PAT: Configuration [0-7]: WB  WC  UC- UC  WB  WP  UC- WT  
[    0.018997] found SMP MP-table at [mem 0x000f5a90-0x000f5a9f]
[    0.019613] Using GB pages for direct mapping
[    0.021023] ACPI: Early table checksum verification disabled
[    0.021566] ACPI: RSDP 0x00000000000F5870 000014 (v00 BOCHS )
[    0.022102] ACPI: RSDT 0x000000007FFE1959 000034 (v01 BOCHS  BXPC     00000001 BXPC 00000001)
[    0.022874] ACPI: FACP 0x000000007FFE1805 000074 (v01 BOCHS  BXPC     00000001 BXPC 00000001)
[    0.023652] ACPI: DSDT 0x000000007FFE0040 0017C5 (v01 BOCHS  BXPC     00000001 BXPC 00000001)
[    0.024423] ACPI: FACS 0x000000007FFE0000 000040
[    0.024851] ACPI: APIC 0x000000007FFE1879 000080 (v01 BOCHS  BXPC     00000001 BXPC 00000001)
[    0.025621] ACPI: HPET 0x000000007FFE18F9 000038 (v01 BOCHS  BXPC     00000001 BXPC 00000001)
[    0.026389] ACPI: WAET 0x000000007FFE1931 000028 (v01 BOCHS  BXPC     00000001 BXPC 00000001)
[    0.027160] ACPI: Reserving FACP table memory at [mem 0x7ffe1805-0x7ffe1878]
[    0.027784] ACPI: Reserving DSDT table memory at [mem 0x7ffe0040-0x7ffe1804]
[    0.028409] ACPI: Reserving FACS table memory at [mem 0x7ffe0000-0x7ffe003f]
[    0.029036] ACPI: Reserving APIC table memory at [mem 0x7ffe1879-0x7ffe18f8]
[    0.029662] ACPI: Reserving HPET table memory at [mem 0x7ffe18f9-0x7ffe1930]
[    0.030278] ACPI: Reserving WAET table memory at [mem 0x7ffe1931-0x7ffe1958]
[    0.031748] No NUMA configuration found
[    0.032092] Faking a node at [mem 0x0000000000000000-0x000000007ffdffff]
[    0.032742] NODE_DATA(0) allocated [mem 0x7ffb5000-0x7ffdffff]
[    0.036865] Zone ranges:
[    0.037094]   DMA      [mem 0x0000000000001000-0x0000000000ffffff]
[    0.037642]   DMA32    [mem 0x0000000001000000-0x000000007ffdffff]
[    0.038193]   Normal   empty
[    0.038449]   Device   empty
[    0.038678] Movable zone start for each node
[    0.039025] Early memory node ranges
[    0.039338]   node   0: [mem 0x0000000000001000-0x000000000009efff]
[    0.039816]   node   0: [mem 0x0000000000100000-0x000000007ffdffff]
[    0.040289] Initmem setup node 0 [mem 0x0000000000001000-0x000000007ffdffff]
[    0.042492] On node 0, zone DMA: 1 pages in unavailable ranges
[    0.042513] On node 0, zone DMA: 97 pages in unavailable ranges
[    0.075246] On node 0, zone DMA32: 32 pages in unavailable ranges
[    0.076094] ACPI: PM-Timer IO Port: 0x608
[    0.077011] ACPI: LAPIC_NMI (acpi_id[0xff] dfl dfl lint[0x1])
[    0.077587] IOAPIC[0]: apic_id 0, version 17, address 0xfec00000, GSI 0-23
[    0.078205] ACPI: INT_SRC_OVR (bus 0 bus_irq 0 global_irq 2 dfl dfl)
[    0.078767] ACPI: INT_SRC_OVR (bus 0 bus_irq 5 global_irq 5 high level)
[    0.079352] ACPI: INT_SRC_OVR (bus 0 bus_irq 9 global_irq 9 high level)
[    0.079933] ACPI: INT_SRC_OVR (bus 0 bus_irq 10 global_irq 10 high level)
[    0.080534] ACPI: INT_SRC_OVR (bus 0 bus_irq 11 global_irq 11 high level)
[    0.081148] ACPI: Using ACPI (MADT) for SMP configuration information
[    0.081717] ACPI: HPET id: 0x8086a201 base: 0xfed00000
[    0.082198] TSC deadline timer available
[    0.082544] smpboot: Allowing 2 CPUs, 0 hotplug CPUs
[    0.083070] kvm-guest: KVM setup pv remote TLB flush
[    0.083510] kvm-guest: setup PV sched yield
[    0.083944] PM: hibernation: Registered nosave memory: [mem 0x00000000-0x00000fff]
[    0.084613] PM: hibernation: Registered nosave memory: [mem 0x0009f000-0x0009ffff]
[    0.085272] PM: hibernation: Registered nosave memory: [mem 0x000a0000-0x000effff]
[    0.085936] PM: hibernation: Registered nosave memory: [mem 0x000f0000-0x000fffff]
[    0.086602] [mem 0x80000000-0xfeffbfff] available for PCI devices
[    0.087147] Booting paravirtualized kernel on KVM
[    0.087589] clocksource: refined-jiffies: mask: 0xffffffff max_cycles: 0xffffffff, max_idle_ns: 7645519600211568 ns
[    0.088521] setup_percpu: NR_CPUS:8192 nr_cpumask_bits:2 nr_cpu_ids:2 nr_node_ids:1
[    0.090890] percpu: Embedded 62 pages/cpu s217088 r8192 d28672 u1048576
[    0.091703] kvm-guest: PV spinlocks enabled
[    0.092081] PV qspinlock hash table entries: 256 (order: 0, 4096 bytes, linear)
[    0.092752] Fallback order for Node 0: 0 
[    0.093112] Built 1 zonelists, mobility grouping on.  Total pages: 515808
[    0.093712] Policy zone: DMA32
[    0.093983] Kernel command line: net.ifnames=0 console=ttyS0 root=/dev/sda earlyprintk=serial net.ifnames=0
[    0.096861] Dentry cache hash table entries: 262144 (order: 9, 2097152 bytes, linear)
[    0.097662] Inode-cache hash table entries: 131072 (order: 8, 1048576 bytes, linear)
[    0.098467] mem auto-init: stack:off, heap alloc:off, heap free:off
[    0.102934] Memory: 1999736K/2096632K available (30735K kernel code, 3894K rwdata, 7804K rodata, 3260K init, 11080K bss, 96640K reserved, 0K cma-reserved)
[    0.105079] SLUB: HWalign=64, Order=0-3, MinObjects=0, CPUs=2, Nodes=1
[    0.105644] kmemleak: Kernel memory leak detector disabled
[    0.106150] ftrace: allocating 65971 entries in 258 pages
[    0.133347] ftrace: allocated 258 pages with 2 groups
[    0.135587] Dynamic Preempt: voluntary
[    0.135971] rcu: Preemptible hierarchical RCU implementation.
[    0.136415] rcu: 	RCU restricting CPUs from NR_CPUS=8192 to nr_cpu_ids=2.
[    0.136914] 	Trampoline variant of Tasks RCU enabled.
[    0.137319] 	Rude variant of Tasks RCU enabled.
[    0.137704] 	Tracing variant of Tasks RCU enabled.
[    0.138110] rcu: RCU calculated value of scheduler-enlistment delay is 25 jiffies.
[    0.138735] rcu: Adjusting geometry for rcu_fanout_leaf=16, nr_cpu_ids=2
[    0.162424] NR_IRQS: 524544, nr_irqs: 440, preallocated irqs: 16
[    0.163245] rcu: srcu_init: Setting srcu_struct sizes based on contention.
[    0.171693] Console: colour VGA+ 80x25
[    0.172062] printk: console [ttyS0] enabled
[    0.172062] printk: console [ttyS0] enabled
[    0.172782] printk: bootconsole [earlyser0] disabled
[    0.172782] printk: bootconsole [earlyser0] disabled
[    0.173705] ACPI: Core revision 20220331
[    0.174312] clocksource: hpet: mask: 0xffffffff max_cycles: 0xffffffff, max_idle_ns: 19112604467 ns
[    0.175210] APIC: Switch to symmetric I/O mode setup
[    0.175842] x2apic enabled
[    0.176285] Switched APIC routing to physical x2apic.
[    0.176737] kvm-guest: setup PV IPIs
[    0.177967] ..TIMER: vector=0x30 apic1=0 pin1=2 apic2=-1 pin2=-1
[    0.178523] clocksource: tsc-early: mask: 0xffffffffffffffff max_cycles: 0x1128af0325d, max_idle_ns: 440795261011 ns
[    0.179484] Calibrating delay loop (skipped) preset value.. 2380.80 BogoMIPS (lpj=4761600)
[    0.180213] pid_max: default: 32768 minimum: 301
[    0.180763] LSM: Security Framework initializing
[    0.181188] Yama: becoming mindful.
[    0.181719] Mount-cache hash table entries: 4096 (order: 3, 32768 bytes, linear)
[    0.182389] Mountpoint-cache hash table entries: 4096 (order: 3, 32768 bytes, linear)
[    0.184155] CPU0: Thermal monitoring enabled (TM1)
[    0.184731] x86/cpu: User Mode Instruction Prevention (UMIP) activated
[    0.186599] Last level iTLB entries: 4KB 0, 2MB 0, 4MB 0
[    0.187154] Last level dTLB entries: 4KB 0, 2MB 0, 4MB 0, 1GB 0
[    0.187556] Spectre V1 : Mitigation: usercopy/swapgs barriers and __user pointer sanitization
[    0.188310] Spectre V2 : WARNING: Unprivileged eBPF is enabled with eIBRS on, data leaks possible via Spectre v2 BHB attacks!
[    0.189279] Spectre V2 : Mitigation: Enhanced IBRS
[    0.189693] Spectre V2 : Spectre v2 / SpectreRSB mitigation: Filling RSB on context switch
[    0.190390] Spectre V2 : mitigation: Enabling conditional Indirect Branch Prediction Barrier
[    0.191086] Speculative Store Bypass: Mitigation: Speculative Store Bypass disabled via prctl
[    0.245914] Freeing SMP alternatives memory: 56K
[    0.246711] smpboot: CPU0: Genuine Intel(R) 0000 (family: 0x6, model: 0xaa, stepping: 0x1)
[    0.247469] cblist_init_generic: Setting adjustable number of callback queues.
[    0.247469] cblist_init_generic: Setting shift to 1 and lim to 1.
[    0.247469] cblist_init_generic: Setting shift to 1 and lim to 1.
[    0.247469] cblist_init_generic: Setting shift to 1 and lim to 1.
[    0.247469] Performance Events: generic architected perfmon, full-width counters, Intel PMU driver.
[    0.247478] ... version:                2
[    0.247826] ... bit width:              48
[    0.248183] ... generic registers:      8
[    0.248537] ... value mask:             0000ffffffffffff
[    0.248989] ... max period:             00007fffffffffff
[    0.249442] ... fixed-purpose events:   3
[    0.249795] ... event mask:             00000007000000ff
[    0.250557] rcu: Hierarchical SRCU implementation.
[    0.250623] printk: console [ttyS0] printing thread started
[    0.254194] smp: Bringing up secondary CPUs ...
[    0.254472] x86: Booting SMP configuration:
[    0.254477] .... node  #0, CPUs:      #1
[    0.011624] smpboot: CPU 1 Converting physical 0 to logical die 1
[    0.257122] smp: Brought up 1 node, 2 CPUs
[    0.257122] smpboot: Max logical packages: 2
[    0.257122] smpboot: Total of 2 processors activated (4761.60 BogoMIPS)
[    0.260622] devtmpfs: initialized
[    0.260798] x86/mm: Memory block size: 128MB
[    0.262527] clocksource: jiffies: mask: 0xffffffff max_cycles: 0xffffffff, max_idle_ns: 7645041785100000 ns
[    0.262544] futex hash table entries: 512 (order: 3, 32768 bytes, linear)
[    0.262719] pinctrl core: initialized pinctrl subsystem
[    0.263015] 
[    0.263017] *************************************************************
[    0.263022] **     NOTICE NOTICE NOTICE NOTICE NOTICE NOTICE NOTICE    **
[    0.263024] **                                                         **
[    0.263027] **  IOMMU DebugFS SUPPORT HAS BEEN ENABLED IN THIS KERNEL  **
[    0.263029] **                                                         **
[    0.263032] ** This means that this kernel is built to expose internal **
[    0.263034] ** IOMMU data structures, which may compromise security on **
[    0.263037] ** your system.                                            **
[    0.263039] **                                                         **
[    0.263042] ** If you see this message and you are not debugging the   **
[    0.263044] ** kernel, report this immediately to your vendor!         **
[    0.263048] **                                                         **
[    0.263051] **     NOTICE NOTICE NOTICE NOTICE NOTICE NOTICE NOTICE    **
[    0.263053] *************************************************************
[    0.263127] PM: RTC time: 06:04:42, date: 2022-12-08
[    0.267170] NET: Registered PF_NETLINK/PF_ROUTE protocol family
[    0.267623] DMA: preallocated 256 KiB GFP_KERNEL pool for atomic allocations
[    0.267642] DMA: preallocated 256 KiB GFP_KERNEL|GFP_DMA pool for atomic allocations
[    0.267655] DMA: preallocated 256 KiB GFP_KERNEL|GFP_DMA32 pool for atomic allocations
[    0.267698] audit: initializing netlink subsys (disabled)
[    0.268178] thermal_sys: Registered thermal governor 'fair_share'
[    0.268184] thermal_sys: Registered thermal governor 'bang_bang'
[    0.268189] thermal_sys: Registered thermal governor 'step_wise'
[    0.268193] thermal_sys: Registered thermal governor 'user_space'
[    0.268217] audit: type=2000 audit(1670479483.118:1): state=initialized audit_enabled=0 res=1
[    0.268227] cpuidle: using governor ladder
[    0.268538] cpuidle: using governor menu
[    0.272125] HugeTLB: can optimize 4095 vmemmap pages for hugepages-1048576kB
[    0.272146] acpiphp: ACPI Hot Plug PCI Controller Driver version: 0.5
[    0.272496] PCI: Using configuration type 1 for base access
[    0.281366] kprobes: kprobe jump-optimization is enabled. All kprobes are optimized if possible.
[    0.425634] HugeTLB: can optimize 7 vmemmap pages for hugepages-2048kB
[    0.425650] HugeTLB registered 1.00 GiB page size, pre-allocated 0 pages
[    0.425658] HugeTLB registered 2.00 MiB page size, pre-allocated 0 pages
[    0.426577] ACPI: Added _OSI(Module Device)
[    0.426581] ACPI: Added _OSI(Processor Device)
[    0.426585] ACPI: Added _OSI(3.0 _SCP Extensions)
[    0.426589] ACPI: Added _OSI(Processor Aggregator Device)
[    0.426594] ACPI: Added _OSI(Linux-Dell-Video)
[    0.426598] ACPI: Added _OSI(Linux-Lenovo-NV-HDMI-Audio)
[    0.426610] ACPI: Added _OSI(Linux-HPI-Hybrid-Graphics)
[    0.431191] ACPI: 1 ACPI AML tables successfully acquired and loaded
[    0.433885] ACPI: Interpreter enabled
[    0.433960] ACPI: PM: (supports S0 S3 S4 S5)
[    0.433964] ACPI: Using IOAPIC for interrupt routing
[    0.434006] PCI: Using host bridge windows from ACPI; if necessary, use "pci=nocrs" and report a bug
[    0.434014] PCI: Using E820 reservations for host bridge windows
[    0.434592] ACPI: Enabled 2 GPEs in block 00 to 0F
[    0.446979] ACPI: PCI Root Bridge [PCI0] (domain 0000 [bus 00-ff])
[    0.447006] acpi PNP0A03:00: _OSC: OS supports [ASPM ClockPM Segments MSI EDR HPX-Type3]
[    0.447020] acpi PNP0A03:00: _OSC: not requesting OS control; OS requires [ExtendedConfig ASPM ClockPM MSI]
[    0.447065] acpi PNP0A03:00: fail to add MMCONFIG information, can't access extended PCI configuration space under this bridge.
[    0.448530] acpiphp: Slot [3] registered
[    0.448596] acpiphp: Slot [4] registered
[    0.448652] acpiphp: Slot [5] registered
[    0.448708] acpiphp: Slot [6] registered
[    0.448772] acpiphp: Slot [7] registered
[    0.448828] acpiphp: Slot [8] registered
[    0.448883] acpiphp: Slot [9] registered
[    0.448947] acpiphp: Slot [10] registered
[    0.449009] acpiphp: Slot [11] registered
[    0.449064] acpiphp: Slot [12] registered
[    0.449119] acpiphp: Slot [13] registered
[    0.449174] acpiphp: Slot [14] registered
[    0.449231] acpiphp: Slot [15] registered
[    0.449286] acpiphp: Slot [16] registered
[    0.449348] acpiphp: Slot [17] registered
[    0.449404] acpiphp: Slot [18] registered
[    0.449459] acpiphp: Slot [19] registered
[    0.449514] acpiphp: Slot [20] registered
[    0.449569] acpiphp: Slot [21] registered
[    0.449624] acpiphp: Slot [22] registered
[    0.449686] acpiphp: Slot [23] registered
[    0.449742] acpiphp: Slot [24] registered
[    0.449797] acpiphp: Slot [25] registered
[    0.449861] acpiphp: Slot [26] registered
[    0.449916] acpiphp: Slot [27] registered
[    0.449971] acpiphp: Slot [28] registered
[    0.450026] acpiphp: Slot [29] registered
[    0.450089] acpiphp: Slot [30] registered
[    0.450151] acpiphp: Slot [31] registered
[    0.450169] PCI host bridge to bus 0000:00
[    0.450174] pci_bus 0000:00: root bus resource [io  0x0000-0x0cf7 window]
[    0.450186] pci_bus 0000:00: root bus resource [io  0x0d00-0xffff window]
[    0.450197] pci_bus 0000:00: root bus resource [mem 0x000a0000-0x000bffff window]
[    0.450208] pci_bus 0000:00: root bus resource [mem 0x80000000-0xfebfffff window]
[    0.450219] pci_bus 0000:00: root bus resource [mem 0x100000000-0x17fffffff window]
[    0.450232] pci_bus 0000:00: root bus resource [bus 00-ff]
[    0.450295] pci 0000:00:00.0: [8086:1237] type 00 class 0x060000
[    0.452915] pci 0000:00:01.0: [8086:7000] type 00 class 0x060100
[    0.453490] pci 0000:00:01.1: [8086:7010] type 00 class 0x010180
[    0.455046] pci 0000:00:01.1: reg 0x20: [io  0xc040-0xc04f]
[    0.455662] pci 0000:00:01.1: legacy IDE quirk: reg 0x10: [io  0x01f0-0x01f7]
[    0.455675] pci 0000:00:01.1: legacy IDE quirk: reg 0x14: [io  0x03f6]
[    0.455684] pci 0000:00:01.1: legacy IDE quirk: reg 0x18: [io  0x0170-0x0177]
[    0.455694] pci 0000:00:01.1: legacy IDE quirk: reg 0x1c: [io  0x0376]
[    0.455960] pci 0000:00:01.3: [8086:7113] type 00 class 0x068000
[    0.456315] pci 0000:00:01.3: quirk: [io  0x0600-0x063f] claimed by PIIX4 ACPI
[    0.456335] pci 0000:00:01.3: quirk: [io  0x0700-0x070f] claimed by PIIX4 SMB
[    0.456881] pci 0000:00:02.0: [1234:1111] type 00 class 0x030000
[    0.459512] pci 0000:00:02.0: reg 0x10: [mem 0xfd000000-0xfdffffff pref]
[    0.461658] pci 0000:00:02.0: reg 0x18: [mem 0xfebf0000-0xfebf0fff]
[    0.465855] pci 0000:00:02.0: reg 0x30: [mem 0xfebe0000-0xfebeffff pref]
[    0.466030] pci 0000:00:02.0: Video device with shadowed ROM at [mem 0x000c0000-0x000dffff]
[    0.468694] pci 0000:00:03.0: [8086:100e] type 00 class 0x020000
[    0.469270] pci 0000:00:03.0: reg 0x10: [mem 0xfebc0000-0xfebdffff]
[    0.469711] pci 0000:00:03.0: reg 0x14: [io  0xc000-0xc03f]
[    0.472156] pci 0000:00:03.0: reg 0x30: [mem 0xfeb80000-0xfebbffff pref]
[    0.483996] ACPI: PCI: Interrupt link LNKA configured for IRQ 10
[    0.484325] ACPI: PCI: Interrupt link LNKB configured for IRQ 10
[    0.484630] ACPI: PCI: Interrupt link LNKC configured for IRQ 11
[    0.484954] ACPI: PCI: Interrupt link LNKD configured for IRQ 11
[    0.485120] ACPI: PCI: Interrupt link LNKS configured for IRQ 9
[    0.521497] iommu: Default domain type: Translated 
[    0.521510] iommu: DMA domain TLB invalidation policy: lazy mode 
[    0.522308] SCSI subsystem initialized
[    0.522507] ACPI: bus type USB registered
[    0.522550] usbcore: registered new interface driver usbfs
[    0.522574] usbcore: registered new interface driver hub
[    0.522599] usbcore: registered new device driver usb
[    0.522689] pps_core: LinuxPPS API ver. 1 registered
[    0.522695] pps_core: Software ver. 5.3.6 - Copyright 2005-2007 Rodolfo Giometti <giometti@linux.it>
[    0.522716] PTP clock support registered
[    0.522849] EDAC MC: Ver: 3.0.0
[    0.523774] NetLabel: Initializing
[    0.523779] NetLabel:  domain hash size = 128
[    0.523784] NetLabel:  protocols = UNLABELED CIPSOv4 CALIPSO
[    0.523823] NetLabel:  unlabeled traffic allowed by default
[    0.529779] PCI: Using ACPI for IRQ routing
[    0.529999] pci 0000:00:02.0: vgaarb: setting as boot VGA device
[    0.530011] pci 0000:00:02.0: vgaarb: bridge control possible
[    0.530017] pci 0000:00:02.0: vgaarb: VGA device added: decodes=io+mem,owns=io+mem,locks=none
[    0.530029] vgaarb: loaded
[    0.530533] hpet0: at MMIO 0xfed00000, IRQs 2, 8, 0
[    0.530557] hpet0: 3 comparators, 64-bit 100.000000 MHz counter
[    3.347467] clocksource: Switched to clocksource kvm-clock
[    3.447748] VFS: Disk quotas dquot_6.6.0
[    3.447827] VFS: Dquot-cache hash table entries: 512 (order 0, 4096 bytes)
[    3.448023] pnp: PnP ACPI init
[    3.449457] pnp: PnP ACPI: found 6 devices
[    3.463824] clocksource: acpi_pm: mask: 0xffffff max_cycles: 0xffffff, max_idle_ns: 2085701024 ns
[    3.464163] NET: Registered PF_INET protocol family
[    3.464395] IP idents hash table entries: 32768 (order: 6, 262144 bytes, linear)
[    4.753063] tcp_listen_portaddr_hash hash table entries: 1024 (order: 2, 16384 bytes, linear)
[    4.753091] TCP established hash table entries: 16384 (order: 5, 131072 bytes, linear)
[    4.753281] TCP bind bhash tables hash table entries: 16384 (order: 6, 393216 bytes, linear)
[    4.754054] TCP: Hash tables configured (established 16384 bind 16384)
[    4.754176] UDP hash table entries: 1024 (order: 3, 32768 bytes, linear)
[    4.754219] UDP-Lite hash table entries: 1024 (order: 3, 32768 bytes, linear)
[    4.754349] NET: Registered PF_UNIX/PF_LOCAL protocol family
[    4.755030] RPC: Registered named UNIX socket transport module.
[    4.755039] RPC: Registered udp transport module.
[    4.755042] RPC: Registered tcp transport module.
[    4.755045] RPC: Registered tcp NFSv4.1 backchannel transport module.
[    4.755073] pci_bus 0000:00: resource 4 [io  0x0000-0x0cf7 window]
[    4.755085] pci_bus 0000:00: resource 5 [io  0x0d00-0xffff window]
[    4.755095] pci_bus 0000:00: resource 6 [mem 0x000a0000-0x000bffff window]
[    4.755105] pci_bus 0000:00: resource 7 [mem 0x80000000-0xfebfffff window]
[    4.755115] pci_bus 0000:00: resource 8 [mem 0x100000000-0x17fffffff window]
[    4.755343] pci 0000:00:01.0: PIIX3: Enabling Passive Release
[    4.755365] pci 0000:00:00.0: Limiting direct PCI/PCI transfers
[    4.755390] pci 0000:00:01.0: Activating ISA DMA hang workarounds
[    4.755504] PCI: CLS 0 bytes, default 64
[    4.759662] ACPI: bus type thunderbolt registered
[    4.759991] clocksource: tsc: mask: 0xffffffffffffffff max_cycles: 0x1128af0325d, max_idle_ns: 440795261011 ns
[    4.767762] Initialise system trusted keyrings
[    4.767794] Key type blacklist registered
[    4.767871] workingset: timestamp_bits=36 max_order=19 bucket_order=0
[    4.773361] zbud: loaded
[    4.774363] squashfs: version 4.0 (2009/01/31) Phillip Lougher
[    4.776007] NFS: Registering the id_resolver key type
[    4.776023] Key type id_resolver registered
[    4.776026] Key type id_legacy registered
[    4.776101] nfs4filelayout_init: NFSv4 File Layout Driver Registering...
[    4.776112] nfs4flexfilelayout_init: NFSv4 Flexfile Layout Driver Registering...
[    4.776201] fuse: init (API version 7.36)
[    4.776381] SGI XFS with ACLs, security attributes, realtime, quota, no debug enabled
[    4.777348] 9p: Installing v9fs 9p2000 file system support
[    4.784980] Key type asymmetric registered
[    4.784986] Asymmetric key parser 'x509' registered
[    4.787412] alg: self-tests for CTR-KDF (hmac(sha256)) passed
[    4.787466] Block layer SCSI generic (bsg) driver version 0.4 loaded (major 243)
[    4.787546] io scheduler mq-deadline registered
[    4.787567] io scheduler bfq registered
[    4.790326] shpchp: Standard Hot Plug PCI Controller Driver version: 0.4
[    4.790515] IPMI message handler: version 39.2
[    4.790532] ipmi device interface
[    4.791996] input: Power Button as /devices/LNXSYSTM:00/LNXPWRBN:00/input/input0
[    4.792086] ACPI: button: Power Button [PWRF]
[    4.792721] ERST DBG: ERST support is disabled.
[    4.793116] Serial: 8250/16550 driver, 32 ports, IRQ sharing enabled
[    4.794134] 00:04: ttyS0 at I/O 0x3f8 (irq = 4, base_baud = 115200) is a 16550A
[    4.799356] Linux agpgart interface v0.103
[    4.799729] ACPI: bus type drm_connector registered
[    4.808137] brd: module loaded
[    4.813378] loop: module loaded
[    4.816692] scsi host0: ata_piix
[    4.817065] scsi host1: ata_piix
[    4.817162] ata1: PATA max MWDMA2 cmd 0x1f0 ctl 0x3f6 bmdma 0xc040 irq 14
[    4.817170] ata2: PATA max MWDMA2 cmd 0x170 ctl 0x376 bmdma 0xc048 irq 15
[    4.817832] tun: Universal TUN/TAP device driver, 1.6
[    4.817937] e100: Intel(R) PRO/100 Network Driver
[    4.817943] e100: Copyright(c) 1999-2006 Intel Corporation
[    4.817974] e1000: Intel(R) PRO/1000 Network Driver
[    4.817978] e1000: Copyright (c) 1999-2006 Intel Corporation.
[    4.907466] ACPI: \_SB_.LNKC: Enabled at IRQ 11
[    4.975643] ata1: found unknown device (class 0)
[    4.976085] ata1.00: ATA-7: QEMU HARDDISK, 2.5+, max UDMA/100
[    4.976096] ata1.00: 16777216 sectors, multi 16: LBA48 
[    4.976551] ata2: found unknown device (class 0)
[    4.976923] ata2.00: ATAPI: QEMU DVD-ROM, 2.5+, max UDMA/100
[    4.977669] scsi 0:0:0:0: Direct-Access     ATA      QEMU HARDDISK    2.5+ PQ: 0 ANSI: 5
[    4.978097] scsi 0:0:0:0: Attached scsi generic sg0 type 0
[    4.978652] scsi 1:0:0:0: CD-ROM            QEMU     QEMU DVD-ROM     2.5+ PQ: 0 ANSI: 5
[    4.979004] sd 0:0:0:0: [sda] 16777216 512-byte logical blocks: (8.59 GB/8.00 GiB)
[    4.979189] sd 0:0:0:0: [sda] Write Protect is off
[    4.979226] sd 0:0:0:0: [sda] Write cache: enabled, read cache: enabled, doesn't support DPO or FUA
[    4.979418] sd 0:0:0:0: [sda] Preferred minimum I/O size 512 bytes
[    5.001037] sd 0:0:0:0: [sda] Attached SCSI disk
[    5.012060] scsi 1:0:0:0: Attached scsi generic sg1 type 5
[    5.234643] e1000 0000:00:03.0 eth0: (PCI:33MHz:32-bit) 52:54:00:12:34:56
[    5.234668] e1000 0000:00:03.0 eth0: Intel(R) PRO/1000 Network Connection
[    5.234759] e1000e: Intel(R) PRO/1000 Network Driver
[    5.234764] e1000e: Copyright(c) 1999 - 2015 Intel Corporation.
[    5.234834] igb: Intel(R) Gigabit Ethernet Network Driver
[    5.234839] igb: Copyright (c) 2007-2014 Intel Corporation.
[    5.234914] PPP generic driver version 2.4.2
[    5.235710] VFIO - User Level meta-driver version: 0.3
[    5.235745] ehci_hcd: USB 2.0 'Enhanced' Host Controller (EHCI) Driver
[    5.235755] ehci-pci: EHCI PCI platform driver
[    5.235778] ehci-platform: EHCI generic platform driver
[    5.235794] ohci_hcd: USB 1.1 'Open' Host Controller (OHCI) Driver
[    5.235800] ohci-pci: OHCI PCI platform driver
[    5.235827] ohci-platform: OHCI generic platform driver
[    5.235843] uhci_hcd: USB Universal Host Controller Interface driver
[    5.240064] usbcore: registered new interface driver uas
[    5.240100] usbcore: registered new interface driver usb-storage
[    5.240207] i8042: PNP: PS/2 Controller [PNP0303:KBD,PNP0f13:MOU] at 0x60,0x64 irq 1,12
[    5.241021] serio: i8042 KBD port at 0x60,0x64 irq 1
[    5.241041] serio: i8042 AUX port at 0x60,0x64 irq 12
[    5.241813] mousedev: PS/2 mouse device common for all mice
[    5.242988] rtc_cmos 00:05: RTC can wake from S4
[    5.243836] rtc_cmos 00:05: registered as rtc0
[    5.243896] rtc_cmos 00:05: setting system clock to 2022-12-08T06:04:47 UTC (1670479487)
[    5.243996] rtc_cmos 00:05: alarms up to one day, y3k, 242 bytes nvram, hpet irqs
[    5.244020] i2c_dev: i2c /dev entries driver
[    5.244316] device-mapper: core: CONFIG_IMA_DISABLE_HTABLE is disabled. Duplicate IMA measurements will not be recorded in the IMA log.
[    5.244445] device-mapper: uevent: version 1.0.3
[    5.244579] device-mapper: ioctl: 4.46.0-ioctl (2022-02-22) initialised: dm-devel@redhat.com
[    5.244594] intel_pstate: CPU model not supported
[    5.244651] sdhci: Secure Digital Host Controller Interface driver
[    5.244655] sdhci: Copyright(c) Pierre Ossman
[    5.244714] sdhci-pltfm: SDHCI platform and OF driver helper
[    5.244878] input: AT Translated Set 2 keyboard as /devices/platform/i8042/serio0/input/input1
[    5.245551] input: VirtualPS/2 VMware VMMouse as /devices/platform/i8042/serio1/input/input4
[    5.245907] input: VirtualPS/2 VMware VMMouse as /devices/platform/i8042/serio1/input/input3
[    5.246054] ledtrig-cpu: registered to indicate activity on CPUs
[    5.246236] drop_monitor: Initializing network drop monitor service
[    5.246616] NET: Registered PF_INET6 protocol family
[    5.251589] Segment Routing with IPv6
[    5.251613] In-situ OAM (IOAM) with IPv6
[    5.251646] NET: Registered PF_PACKET protocol family
[    5.252269] 9pnet: Installing 9P2000 support
[    5.252311] Key type dns_resolver registered
[    5.253178] IPI shorthand broadcast: enabled
[    5.253238] sched_clock: Marking stable (5245210503, 7624437)->(5285137497, -32302557)
[    5.254949] registered taskstats version 1
[    5.255320] Loading compiled-in X.509 certificates
[    5.255971] zswap: loaded using pool lzo/zbud
[    5.257637] Key type ._fscrypt registered
[    5.257641] Key type .fscrypt registered
[    5.257644] Key type fscrypt-provisioning registered
[    5.262276] Key type encrypted registered
[    5.262327] ima: No TPM chip found, activating TPM-bypass!
[    5.262341] ima: Allocated hash algorithm: sha1
[    5.262357] ima: No architecture policies found
[    5.262380] evm: Initialising EVM extended attributes:
[    5.262382] evm: security.selinux
[    5.262386] evm: security.SMACK64
[    5.262390] evm: security.SMACK64EXEC
[    5.262394] evm: security.SMACK64TRANSMUTE
[    5.262398] evm: security.SMACK64MMAP
[    5.262402] evm: security.apparmor
[    5.262406] evm: security.ima
[    5.262409] evm: security.capability
[    5.262413] evm: HMAC attrs: 0x1
[    5.269874] PM:   Magic number: 2:784:63
[    5.270289] RAS: Correctable Errors collector initialized.
[    5.270578] md: Waiting for all devices to be available before autodetect
[    5.270581] md: If you don't use raid, use raid=noautodetect
[    5.270585] md: Autodetecting RAID arrays.
[    5.270588] md: autorun ...
[    5.270590] md: ... autorun DONE.
[    5.277753] EXT4-fs (sda): INFO: recovery required on readonly filesystem
[    5.277762] EXT4-fs (sda): write access will be enabled during recovery
[    5.397283] EXT4-fs (sda): recovery complete
[    5.403311] EXT4-fs (sda): mounted filesystem with ordered data mode. Quota mode: none.
[    5.403364] VFS: Mounted root (ext4 filesystem) readonly on device 8:0.
[    5.404527] devtmpfs: mounted
[    5.414789] Freeing unused decrypted memory: 2036K
[    5.416738] Freeing unused kernel image (initmem) memory: 3260K
[    5.416745] Write protecting the kernel read-only data: 40960k
[    5.420050] Freeing unused kernel image (text/rodata gap) memory: 2032K
[    5.421281] Freeing unused kernel image (rodata/data gap) memory: 388K
[    5.519569] x86/mm: Checked W+X mappings: passed, no W+X pages found.
[    5.519590] Run /sbin/init as init process
[    5.709925] systemd[1]: RTC configured in localtime, applying delta of 0 minutes to system time.
[    5.742791] systemd[1]: systemd 239 (239-49.el8) running in system mode. (+PAM +AUDIT +SELINUX +IMA -APPARMOR +SMACK +SYSVINIT +UTMP +LIBCRYPTSETUP +GCRYPT +GNUTLS +ACL +XZ +LZ4 +SECCOMP +BLKID +ELFUTILS +KMOD +IDN2 -IDN +PCRE2 default-hierarchy=legacy)
[    5.742884] systemd[1]: Detected virtualization kvm.
[    5.742895] systemd[1]: Detected architecture x86-64.

Welcome to [0;31mCentOS Stream 8[0m!

[    5.767632] systemd[1]: Set hostname to <test>.
[    7.619487] random: crng init done
[    7.803183] systemd[1]: Listening on Process Core Dump Socket.
[[0;32m  OK  [0m] Listening on Process Core Dump Socket.
[[0;32m  OK  [0m] Listening on udev Kernel Socket.
[[0;32m  OK  [0m] Listening on RPCbind Server Activation Socket.
[[0;32m  OK  [[    7.805061] systemd[1]: Listening on udev Kernel Socket.
0m] Listening on[    7.806048] systemd[1]: Listening on RPCbind Server Activation Socket.
 multipathd cont[    7.807186] systemd[1]: Listening on multipathd control socket.
rol socket.
[[0;32m  OK  [0m] Listening on Journal Socket (/dev/log).
[[0;32m  OK  [0m] Started Forward Password Requests to Wall Di[    7.809765] systemd[1]: Listening on Journal Socket (/dev/log).
rectory Watch.
[    7.810770] systemd[1]: Started Forward Password Requests to Wall Directory Watch.
[[0;32m  OK  [0m] Reached target RPC Port Mapper.
[[0;32m  OK  [0m] Set up automount Arbitrary Executabâ€¦rmats File System Automount Point.
[[0;32m  OK  [0m] Listening on initctl Compatibility Named Pipe.
[[0;32m  OK  [0m] Created slice system-sshd\x2dkeygen.slice.
[[0;32m  OK  [0m] Listening on LVM2 poll daemon socket.
[[0;32m  OK  [0m] Listening on udev Control Socket.
[[0;32m  OK  [0m] Listening on Device-mapper event daemon FIFOs.
[[0;32m  OK  [0m] Listening on Journal Socket.
         Starting Load Kernel Modules...
         Starting Remount Root and Kernel File Systems...
         Starting Journal Service...
         Mounting Kernel Debug File System...
         Mounting POSIX Message Queue File System...
         Starting Setup Virtual Console...
[[0;32m  OK  [0m] Created slice system-getty.slice.
         Starting Monitoring of LVM2 mirrorsâ€¦ng dmeventd or progress polling...
         Starting udev Coldplug all Devices...
[[0;32m  OK  [0m] Reached target Swap.
[[0;32m  OK  [0m] Created slice system-serial\x2dgetty.slice.
[[0;32m  OK  [0m] Created slice User and Session Slice.
[[0;32m  OK  [0m] Reached target Slices.
         Mounting Huge Pages File System...
[[0;1;31mFAILED[0m] Failed to start Load Kernel Modules.
See 'systemctl status systemd-modules-load.service' for details.
[    8.022320] EXT4-fs (sda): re-mounted. Quota mode: none.
[[0;32m  OK  [0m] Started Journal Service.
[[0;32m  OK  [0m] Started Remount Root and Kernel File Systems.
[[0;32m  OK  [0m] Mounted Kernel Debug File System.
[[0;32m  OK  [0m] Mounted POSIX Message Queue File System.
[[0;32m  OK  [0m] Mounted Huge Pages File System.
         Starting Load/Save Random Seed...
         Starting Create Static Device Nodes in /dev...
         Starting Flush Journal to Persistent Storage...
         Mounting Kernel Configuration File System...
         Mounting FUSE Control File System...
         Starting Apply Kernel Variables...
[[0;32m  OK  [0m] Started Load/Save Random Seed.
[[0;32m  OK  [0m] Started Create Static Device Nodes in /dev.
[[0;32m  OK  [0m] Mounted Kernel Configuration File System.
[[0;32m  OK  [0m] Mounted FUSE Control File System.
         Starting udev Kernel Device Manager...
[[0;32m  OK  [0m] Started Flush Journal to Persistent Storage.
[[0;32m  OK  [0m] Started Apply Kernel Variables.
[[0;32m  OK  [0m] Started udev Coldplug all Devices.
         Starting udev Wait for Complete Device Initialization...
[[0;32m  OK  [0m] Started Setup Virtual Console.
[[0;32m  OK  [0m] Started udev Kernel Device Manager.
         Starting Show Plymouth Boot Screen...
[[0;32m  OK  [0m] Started Show Plymouth Boot Screen.
[[0;32m  OK  [0m] Started Forward Password Requests to Plymouth Directory Watch.
[[0;32m  OK  [0m] Reached target Paths.
[[0;32m  OK  [0m] Reached target Local Encrypted Volumes.
[[0;32m  OK  [0m] Found device /dev/ttyS0.
[[0;32m  OK  [0m] Started Monitoring of LVM2 mirrors,â€¦sing dmeventd or progress polling.
[[0;32m  OK  [0m] Listening on Load/Save RF Kill Switch Status /dev/rfkill Watch.
[[0;32m  OK  [0m] Started udev Wait for Complete Device Initialization.
[[0;32m  OK  [0m] Reached target Local File Systems (Pre).
[[0;32m  OK  [0m] Reached target Local File Systems.
         Starting Restore /run/initramfs on shutdown...
         Starting Tell Plymouth To Write Out Runtime Data...
         Starting Create Volatile Files and Directories...
[[0;32m  OK  [0m] Started Restore /run/initramfs on shutdown.
[[0;32m  OK  [0m] Started Tell Plymouth To Write Out Runtime Data.
[[0;32m  OK  [0m] Started Create Volatile Files and Directories.
         Mounting RPC Pipe File System...
         Starting RPC Bind...
         Starting Security Auditing Service...
[[0;32m  OK  [0m] Mounted RPC Pipe File System.
[[0;32m  OK  [0m] Reached target rpc_pipefs.target.
[[0;32m  OK  [0m] Started RPC Bind.
[[0;32m  OK  [0m] Started Security Auditing Service.
         Starting Update UTMP about System Boot/Shutdown...
[[0;32m  OK  [0m] Started Update UTMP about System Boot/Shutdown.
[[0;32m  OK  [0m] Reached target System Initialization.
[[0;32m  OK  [0m] Listening on SSSD Kerberos Cache Manager responder socket.
[[0;32m  OK  [0m] Started Daily Cleanup of Temporary Directories.
[[0;32m  OK  [0m] Started dnf makecache --timer.
[[0;32m  OK  [0m] Started daily update of the root trust anchor for DNSSEC.
[[0;32m  OK  [0m] Reached target Timers.
[[0;32m  OK  [0m] Listening on D-Bus System Message Bus Socket.
[[0;32m  OK  [0m] Reached target Sockets.
[[0;32m  OK  [0m] Reached target Basic System.
         Starting NTP client/server...
[[0;32m  OK  [0m] Started Machine Check Exception Logging Daemon.
         Starting Auto-connect to subsystemsâ€¦-NVME devices found during boot...
[[0;32m  OK  [0m] Started D-Bus System Message Bus.
         Starting Network Manager...
[[0;32m  OK  [0m] Started irqbalance daemon.
         Starting Login Service...
         Starting Authorization Manager...
         Starting Self Monitoring and Reporting Technology (SMART) Daemon...
[[0;32m  OK  [0m] Reached target sshd-keygen.target.
[[0;32m  OK  [0m] Started Auto-connect to subsystems â€¦FC-NVME devices found during boot.
         Starting update of the root trust aâ€¦or DNSSEC validation in unbound...
[[0;32m  OK  [0m] Started Login Service.
[[0;32m  OK  [0m] Started Self Monitoring and Reporting Technology (SMART) Daemon.
[[0;32m  OK  [0m] Started NTP client/server.
[[0;32m  OK  [0m] Started update of the root trust anâ€¦ for DNSSEC validation in unbound.
[[0;32m  OK  [0m] Started Network Manager.
[[0;32m  OK  [0m] Reached target Network.
         Starting GSSAPI Proxy Daemon...
         Starting OpenSSH server daemon...
         Starting Dynamic System Tuning Daemon...
         Starting Network Manager Wait Online...
         Starting Hostname Service...
[[0;32m  OK  [0m] Started OpenSSH server daemon.
[[0;32m  OK  [0m] Started GSSAPI Proxy Daemon.
[[0;32m  OK  [0m] Reached target NFS client services.
[[0;32m  OK  [0m] Reached target Remote File Systems (Pre).
[[0;32m  OK  [0m] Reached target Remote File Systems.
         Starting Permit User Sessions...
[[0;32m  OK  [0m] Started Permit User Sessions.
[[0;32m  OK  [0m] Started Command Scheduler.
         Starting Hold until boot process finishes up...
         Starting Terminate Plymouth Boot Screen...
[[0;32m  OK  [0m] Started Authorization Manager.
[   11.383541] e1000: eth0 NIC Link is Up 1000 Mbps Full Duplex, Flow Control: RX
[   11.384163] IPv6: ADDRCONF(NETDEV_CHANGE): eth0: link becomes ready
[   12.699118] Spectre V2 : WARNING: Unprivileged eBPF is enabled with eIBRS on, data leaks possible via Spectre v2 BHB attacks!
[   12.699131] Spectre V2 : WARNING: Unprivileged eBPF is enabled with eIBRS on, data leaks possible via Spectre v2 BHB attacks!

CentOS Stream 8
Kernel 5.18.0-4f58afd6eb17+ on an x86_64

test login: [   28.344780] ------------[ cut here ]------------
[   28.344795] WARNING: CPU: 1 PID: 573 at mm/memory.c:874 copy_page_range+0x1858/0x2990
[   28.346779] Modules linked in:
[   28.347271] CPU: 1 PID: 573 Comm: repro Not tainted 5.18.0-4f58afd6eb17+ #1
[   28.348388] Hardware name: QEMU Standard PC (i440FX + PIIX, 1996), BIOS rel-1.14.0-0-g155821a1990b-prebuilt.qemu.org 04/01/2014
[   28.350145] RIP: 0010:copy_page_range+0x1858/0x2990
[   28.350924] Code: 5d e2 ff 41 83 fc 1e 0f 85 b1 fe ff ff e8 f0 5b e2 ff 31 ff 4c 89 ee e8 16 5d e2 ff 4d 85 ed 0f 85 b6 fe ff ff e8 d8 5b e2 ff <0f> 0b e9 aa fe ff ff e8 cc 5b e2 ff 4c 8b 2d 85 c7 2b 02 49 81 e5
[   28.353772] RSP: 0018:ffffc90000cd3b08 EFLAGS: 00010246
[   28.354593] RAX: 0000000000000000 RBX: f7fffffffffffc00 RCX: ffffffff814166fa
[   28.355705] RDX: 0000000000000000 RSI: ffff88800ebdcc80 RDI: 0000000000000002
[   28.356799] RBP: ffffc90000cd3cb0 R08: 0000000000000040 R09: 0000000000000000
[   28.357708] R10: 0000000000000001 R11: ffffea00003a7ac0 R12: 000000000000001e
[   28.358301] R13: 0000000000000000 R14: 0000000000000004 R15: 0000000000000000
[   28.358888] FS:  00007f97f5317740(0000) GS:ffff88807dd00000(0000) knlGS:0000000000000000
[   28.359587] CS:  0010 DS: 0000 ES: 0000 CR0: 0000000080050033
[   28.360072] CR2: 00000000200000c0 CR3: 0000000007e74004 CR4: 0000000000770ee0
[   28.360669] DR0: 0000000000000000 DR1: 0000000000000000 DR2: 0000000000000000
[   28.361272] DR3: 0000000000000000 DR6: 00000000ffff07f0 DR7: 0000000000000400
[   28.361865] PKRU: 55555554
[   28.362101] Call Trace:
[   28.362325]  <TASK>
[   28.362523]  dup_mm+0x689/0x900
[   28.362817]  copy_process+0x1abb/0x23c0
[   28.363160]  ? mcopy_continue+0x517/0x1030
[   28.363540]  kernel_clone+0x90/0x670
[   28.363855]  ? userfaultfd_ioctl+0xd2/0x23c0
[   28.364232]  ? write_comp_data+0x2f/0x90
[   28.364581]  __do_sys_clone+0x90/0xc0
[   28.364902]  __x64_sys_clone+0x2f/0x40
[   28.365231]  do_syscall_64+0x3b/0x90
[   28.365556]  entry_SYSCALL_64_after_hwframe+0x46/0xb0
[   28.365999] RIP: 0033:0x7f97f543c59d
[   28.366317] Code: 00 c3 66 2e 0f 1f 84 00 00 00 00 00 90 f3 0f 1e fa 48 89 f8 48 89 f7 48 89 d6 48 89 ca 4d 89 c2 4d 89 c8 4c 8b 4c 24 08 0f 05 <48> 3d 01 f0 ff ff 73 01 c3 48 8b 0d d3 08 0d 00 f7 d8 64 89 01 48
[   28.367871] RSP: 002b:00007fff11d189e8 EFLAGS: 00000202 ORIG_RAX: 0000000000000038
[   28.368508] RAX: ffffffffffffffda RBX: 0000000000000000 RCX: 00007f97f543c59d
[   28.369110] RDX: 0000000000000000 RSI: 0000000000000000 RDI: 0000000000001000
[   28.369705] RBP: 00007fff11d18a30 R08: 0000000000000000 R09: 0000000000000000
[   28.370299] R10: 0000000000000000 R11: 0000000000000202 R12: 0000000000401060
[   28.370888] R13: 00007fff11d18b30 R14: 0000000000000000 R15: 0000000000000000
[   28.371500]  </TASK>
[   28.371696] ---[ end trace 0000000000000000 ]---
