c[?7l[2J[0mSeaBIOS (version rel-1.14.0-0-g155821a1990b-prebuilt.qemu.org)


iPXE (http://ipxe.org) 00:03.0 CA00 PCI2.10 PnP PMM+7FF8F030+7FEEF030 CA00
Press Ctrl-B to configure iPXE (PCI 00:03.0)...                                                                               


Booting from ROM..c[?7l[2J[    0.000000] Linux version 5.18.0-rc4-6e263fff1de4+ (root@p-mtlp02) (gcc (GCC) 8.5.0 20210514 (Red Hat 8.5.0-17), GNU ld version 2.36.1-2.el8) #1 SMP PREEMPT_DYNAMIC Thu Dec 8 16:18:54 CST 2022
[    0.000000] Command line: console=ttyS0 root=/dev/sda earlyprintk=serial net.ifnames=0
[    0.000000] KERNEL supported cpus:
[    0.000000]   Intel GenuineIntel
[    0.000000]   AMD AuthenticAMD
[    0.000000]   Hygon HygonGenuine
[    0.000000]   Centaur CentaurHauls
[    0.000000]   zhaoxin   Shanghai  
[    0.000000] x86/split lock detection: #DB: warning on user-space bus_locks
[    0.000000] x86/fpu: Supporting XSAVE feature 0x001: 'x87 floating point registers'
[    0.000000] x86/fpu: Supporting XSAVE feature 0x002: 'SSE registers'
[    0.000000] x86/fpu: Supporting XSAVE feature 0x004: 'AVX registers'
[    0.000000] x86/fpu: Supporting XSAVE feature 0x200: 'Protection Keys User registers'
[    0.000000] x86/fpu: xstate_offset[2]:  576, xstate_sizes[2]:  256
[    0.000000] x86/fpu: xstate_offset[9]:  832, xstate_sizes[9]:    8
[    0.000000] x86/fpu: Enabled xstate features 0x207, context size is 840 bytes, using 'compacted' format.
[    0.000000] signal: max sigframe size: 3632
[    0.000000] BIOS-provided physical RAM map:
[    0.000000] BIOS-e820: [mem 0x0000000000000000-0x000000000009fbff] usable
[    0.000000] BIOS-e820: [mem 0x000000000009fc00-0x000000000009ffff] reserved
[    0.000000] BIOS-e820: [mem 0x00000000000f0000-0x00000000000fffff] reserved
[    0.000000] BIOS-e820: [mem 0x0000000000100000-0x000000007ffdffff] usable
[    0.000000] BIOS-e820: [mem 0x000000007ffe0000-0x000000007fffffff] reserved
[    0.000000] BIOS-e820: [mem 0x00000000feffc000-0x00000000feffffff] reserved
[    0.000000] BIOS-e820: [mem 0x00000000fffc0000-0x00000000ffffffff] reserved
[    0.000000] printk: bootconsole [earlyser0] enabled
[    0.000000] NX (Execute Disable) protection: active
[    0.000000] SMBIOS 2.8 present.
[    0.000000] DMI: QEMU Standard PC (i440FX + PIIX, 1996), BIOS rel-1.14.0-0-g155821a1990b-prebuilt.qemu.org 04/01/2014
[    0.000000] Hypervisor detected: KVM
[    0.000000] kvm-clock: Using msrs 4b564d01 and 4b564d00
[    0.000002] kvm-clock: using sched offset of 367668046 cycles
[    0.000434] clocksource: kvm-clock: mask: 0xffffffffffffffff max_cycles: 0x1cd42e4dffb, max_idle_ns: 881590591483 ns
[    0.001804] tsc: Detected 1190.400 MHz processor
[    0.007890] last_pfn = 0x7ffe0 max_arch_pfn = 0x400000000
[    0.008417] x86/PAT: Configuration [0-7]: WB  WC  UC- UC  WB  WP  UC- WT  
[    0.014155] found SMP MP-table at [mem 0x000f5a90-0x000f5a9f]
[    0.014698] Using GB pages for direct mapping
[    0.015918] ACPI: Early table checksum verification disabled
[    0.016414] ACPI: RSDP 0x00000000000F5870 000014 (v00 BOCHS )
[    0.016915] ACPI: RSDT 0x000000007FFE1959 000034 (v01 BOCHS  BXPC     00000001 BXPC 00000001)
[    0.017663] ACPI: FACP 0x000000007FFE1805 000074 (v01 BOCHS  BXPC     00000001 BXPC 00000001)
[    0.018412] ACPI: DSDT 0x000000007FFE0040 0017C5 (v01 BOCHS  BXPC     00000001 BXPC 00000001)
[    0.019154] ACPI: FACS 0x000000007FFE0000 000040
[    0.019555] ACPI: APIC 0x000000007FFE1879 000080 (v01 BOCHS  BXPC     00000001 BXPC 00000001)
[    0.020283] ACPI: HPET 0x000000007FFE18F9 000038 (v01 BOCHS  BXPC     00000001 BXPC 00000001)
[    0.021025] ACPI: WAET 0x000000007FFE1931 000028 (v01 BOCHS  BXPC     00000001 BXPC 00000001)
[    0.021749] ACPI: Reserving FACP table memory at [mem 0x7ffe1805-0x7ffe1878]
[    0.022354] ACPI: Reserving DSDT table memory at [mem 0x7ffe0040-0x7ffe1804]
[    0.022954] ACPI: Reserving FACS table memory at [mem 0x7ffe0000-0x7ffe003f]
[    0.023546] ACPI: Reserving APIC table memory at [mem 0x7ffe1879-0x7ffe18f8]
[    0.024141] ACPI: Reserving HPET table memory at [mem 0x7ffe18f9-0x7ffe1930]
[    0.024743] ACPI: Reserving WAET table memory at [mem 0x7ffe1931-0x7ffe1958]
[    0.026116] No NUMA configuration found
[    0.026452] Faking a node at [mem 0x0000000000000000-0x000000007ffdffff]
[    0.027078] NODE_DATA(0) allocated [mem 0x7ffb5000-0x7ffdffff]
[    0.030836] Zone ranges:
[    0.031057]   DMA      [mem 0x0000000000001000-0x0000000000ffffff]
[    0.031586]   DMA32    [mem 0x0000000001000000-0x000000007ffdffff]
[    0.032110]   Normal   empty
[    0.032359]   Device   empty
[    0.032612] Movable zone start for each node
[    0.032980] Early memory node ranges
[    0.033288]   node   0: [mem 0x0000000000001000-0x000000000009efff]
[    0.033835]   node   0: [mem 0x0000000000100000-0x000000007ffdffff]
[    0.034375] Initmem setup node 0 [mem 0x0000000000001000-0x000000007ffdffff]
[    0.038729] On node 0, zone DMA: 1 pages in unavailable ranges
[    0.038752] On node 0, zone DMA: 97 pages in unavailable ranges
[    0.068257] On node 0, zone DMA32: 32 pages in unavailable ranges
[    0.069098] ACPI: PM-Timer IO Port: 0x608
[    0.070022] ACPI: LAPIC_NMI (acpi_id[0xff] dfl dfl lint[0x1])
[    0.070566] IOAPIC[0]: apic_id 0, version 17, address 0xfec00000, GSI 0-23
[    0.071173] ACPI: INT_SRC_OVR (bus 0 bus_irq 0 global_irq 2 dfl dfl)
[    0.071737] ACPI: INT_SRC_OVR (bus 0 bus_irq 5 global_irq 5 high level)
[    0.072320] ACPI: INT_SRC_OVR (bus 0 bus_irq 9 global_irq 9 high level)
[    0.072905] ACPI: INT_SRC_OVR (bus 0 bus_irq 10 global_irq 10 high level)
[    0.073505] ACPI: INT_SRC_OVR (bus 0 bus_irq 11 global_irq 11 high level)
[    0.074120] ACPI: Using ACPI (MADT) for SMP configuration information
[    0.074685] ACPI: HPET id: 0x8086a201 base: 0xfed00000
[    0.075154] TSC deadline timer available
[    0.075504] smpboot: Allowing 2 CPUs, 0 hotplug CPUs
[    0.075989] kvm-guest: KVM setup pv remote TLB flush
[    0.076425] kvm-guest: setup PV sched yield
[    0.076838] PM: hibernation: Registered nosave memory: [mem 0x00000000-0x00000fff]
[    0.077505] PM: hibernation: Registered nosave memory: [mem 0x0009f000-0x0009ffff]
[    0.078173] PM: hibernation: Registered nosave memory: [mem 0x000a0000-0x000effff]
[    0.078836] PM: hibernation: Registered nosave memory: [mem 0x000f0000-0x000fffff]
[    0.079501] [mem 0x80000000-0xfeffbfff] available for PCI devices
[    0.080035] Booting paravirtualized kernel on KVM
[    0.080459] clocksource: refined-jiffies: mask: 0xffffffff max_cycles: 0xffffffff, max_idle_ns: 7645519600211568 ns
[    0.081387] setup_percpu: NR_CPUS:8192 nr_cpumask_bits:2 nr_cpu_ids:2 nr_node_ids:1
[    0.083893] percpu: Embedded 62 pages/cpu s217088 r8192 d28672 u1048576
[    0.084674] kvm-guest: PV spinlocks enabled
[    0.085051] PV qspinlock hash table entries: 256 (order: 0, 4096 bytes, linear)
[    0.085705] Fallback order for Node 0: 0 
[    0.086103] Built 1 zonelists, mobility grouping on.  Total pages: 515808
[    0.086702] Policy zone: DMA32
[    0.086971] Kernel command line: net.ifnames=0 console=ttyS0 root=/dev/sda earlyprintk=serial net.ifnames=0
[    0.090103] Dentry cache hash table entries: 262144 (order: 9, 2097152 bytes, linear)
[    0.090905] Inode-cache hash table entries: 131072 (order: 8, 1048576 bytes, linear)
[    0.091704] mem auto-init: stack:off, heap alloc:off, heap free:off
[    0.096647] Memory: 1999736K/2096632K available (30735K kernel code, 4507K rwdata, 7744K rodata, 3232K init, 10496K bss, 96640K reserved, 0K cma-reserved)
[    0.097876] random: get_random_u64 called from __kmem_cache_create+0x33/0x490 with crng_init=0
[    0.098389] SLUB: HWalign=64, Order=0-3, MinObjects=0, CPUs=2, Nodes=1
[    0.099675] kmemleak: Kernel memory leak detector disabled
[    0.100168] ftrace: allocating 65799 entries in 258 pages
[    0.128209] ftrace: allocated 258 pages with 2 groups
[    0.130562] Dynamic Preempt: voluntary
[    0.131041] rcu: Preemptible hierarchical RCU implementation.
[    0.131633] rcu: 	RCU restricting CPUs from NR_CPUS=8192 to nr_cpu_ids=2.
[    0.132325] 	Trampoline variant of Tasks RCU enabled.
[    0.132797] 	Rude variant of Tasks RCU enabled.
[    0.133212] 	Tracing variant of Tasks RCU enabled.
[    0.133629] rcu: RCU calculated value of scheduler-enlistment delay is 25 jiffies.
[    0.134322] rcu: Adjusting geometry for rcu_fanout_leaf=16, nr_cpu_ids=2
[    0.158241] NR_IRQS: 524544, nr_irqs: 440, preallocated irqs: 16
[    0.166619] Console: colour VGA+ 80x25
[    0.166980] printk: console [ttyS0] enabled
[    0.166980] printk: console [ttyS0] enabled
[    0.167706] printk: bootconsole [earlyser0] disabled
[    0.167706] printk: bootconsole [earlyser0] disabled
[    0.168519] ACPI: Core revision 20211217
[    0.168997] clocksource: hpet: mask: 0xffffffff max_cycles: 0xffffffff, max_idle_ns: 19112604467 ns
[    0.169843] APIC: Switch to symmetric I/O mode setup
[    0.170524] x2apic enabled
[    0.170960] Switched APIC routing to physical x2apic.
[    0.171401] kvm-guest: setup PV IPIs
[    0.172594] ..TIMER: vector=0x30 apic1=0 pin1=2 apic2=-1 pin2=-1
[    0.173103] clocksource: tsc-early: mask: 0xffffffffffffffff max_cycles: 0x1128af0325d, max_idle_ns: 440795261011 ns
[    0.174010] Calibrating delay loop (skipped) preset value.. 2380.80 BogoMIPS (lpj=4761600)
[    0.178005] pid_max: default: 32768 minimum: 301
[    0.178477] LSM: Security Framework initializing
[    0.178849] Yama: becoming mindful.
[    0.179213] Mount-cache hash table entries: 4096 (order: 3, 32768 bytes, linear)
[    0.179857] Mountpoint-cache hash table entries: 4096 (order: 3, 32768 bytes, linear)
[    0.182062] CPU0: Thermal monitoring enabled (TM1)
[    0.183581] x86/cpu: User Mode Instruction Prevention (UMIP) activated
[    0.184329] Last level iTLB entries: 4KB 0, 2MB 0, 4MB 0
[    0.184774] Last level dTLB entries: 4KB 0, 2MB 0, 4MB 0, 1GB 0
[    0.185257] Spectre V1 : Mitigation: usercopy/swapgs barriers and __user pointer sanitization
[    0.185982] Spectre V2 : WARNING: Unprivileged eBPF is enabled with eIBRS on, data leaks possible via Spectre v2 BHB attacks!
[    0.186008] Spectre V2 : Mitigation: Enhanced IBRS
[    0.186367] Spectre V2 : Spectre v2 / SpectreRSB mitigation: Filling RSB on context switch
[    0.187009] Spectre V2 : mitigation: Enabling conditional Indirect Branch Prediction Barrier
[    0.187649] Speculative Store Bypass: Mitigation: Speculative Store Bypass disabled via prctl
[    0.233376] Freeing SMP alternatives memory: 56K
[    0.234000] smpboot: CPU0: Genuine Intel(R) 0000 (family: 0x6, model: 0xaa, stepping: 0x1)
[    0.234000] cblist_init_generic: Setting adjustable number of callback queues.
[    0.234000] cblist_init_generic: Setting shift to 1 and lim to 1.
[    0.234000] cblist_init_generic: Setting shift to 1 and lim to 1.
[    0.234000] cblist_init_generic: Setting shift to 1 and lim to 1.
[    0.234000] Performance Events: generic architected perfmon, full-width counters, Intel PMU driver.
[    0.234000] ... version:                2
[    0.234004] ... bit width:              48
[    0.234356] ... generic registers:      8
[    0.234702] ... value mask:             0000ffffffffffff
[    0.235149] ... max period:             00007fffffffffff
[    0.235601] ... fixed-purpose events:   3
[    0.235944] ... event mask:             00000007000000ff
[    0.236581] rcu: Hierarchical SRCU implementation.
[    0.239095] smp: Bringing up secondary CPUs ...
[    0.239646] x86: Booting SMP configuration:
[    0.240002] .... node  #0, CPUs:      #1
[    0.014943] smpboot: CPU 1 Converting physical 0 to logical die 1
[    0.246268] smp: Brought up 1 node, 2 CPUs
[    0.246637] smpboot: Max logical packages: 2
[    0.246989] smpboot: Total of 2 processors activated (4761.60 BogoMIPS)
[    0.251059] devtmpfs: initialized
[    0.251059] x86/mm: Memory block size: 128MB
[    0.251987] clocksource: jiffies: mask: 0xffffffff max_cycles: 0xffffffff, max_idle_ns: 7645041785100000 ns
[    0.254014] futex hash table entries: 512 (order: 3, 32768 bytes, linear)
[    0.254692] pinctrl core: initialized pinctrl subsystem
[    0.255376] 
[    0.255512] *************************************************************
[    0.256081] **     NOTICE NOTICE NOTICE NOTICE NOTICE NOTICE NOTICE    **
[    0.256649] **                                                         **
[    0.257244] **  IOMMU DebugFS SUPPORT HAS BEEN ENABLED IN THIS KERNEL  **
[    0.257809] **                                                         **
[    0.258007] ** This means that this kernel is built to expose internal **
[    0.258577] ** IOMMU data structures, which may compromise security on **
[    0.259143] ** your system.                                            **
[    0.259709] **                                                         **
[    0.260266] ** If you see this message and you are not debugging the   **
[    0.260827] ** kernel, report this immediately to your vendor!         **
[    0.261387] **                                                         **
[    0.261944] **     NOTICE NOTICE NOTICE NOTICE NOTICE NOTICE NOTICE    **
[    0.262004] *************************************************************
[    0.262642] PM: RTC time: 08:48:10, date: 2022-12-08
[    0.264959] NET: Registered PF_NETLINK/PF_ROUTE protocol family
[    0.265886] DMA: preallocated 256 KiB GFP_KERNEL pool for atomic allocations
[    0.266014] DMA: preallocated 256 KiB GFP_KERNEL|GFP_DMA pool for atomic allocations
[    0.266676] DMA: preallocated 256 KiB GFP_KERNEL|GFP_DMA32 pool for atomic allocations
[    0.267378] audit: initializing netlink subsys (disabled)
[    0.267929] audit: type=2000 audit(1670489291.373:1): state=initialized audit_enabled=0 res=1
[    0.267929] thermal_sys: Registered thermal governor 'fair_share'
[    0.267929] thermal_sys: Registered thermal governor 'bang_bang'
[    0.267929] thermal_sys: Registered thermal governor 'step_wise'
[    0.267944] thermal_sys: Registered thermal governor 'user_space'
[    0.270030] cpuidle: using governor ladder
[    0.270919] cpuidle: using governor menu
[    0.271581] acpiphp: ACPI Hot Plug PCI Controller Driver version: 0.5
[    0.272590] PCI: Using configuration type 1 for base access
[    0.283475] kprobes: kprobe jump-optimization is enabled. All kprobes are optimized if possible.
[    0.284991] HugeTLB registered 1.00 GiB page size, pre-allocated 0 pages
[    0.286017] HugeTLB registered 2.00 MiB page size, pre-allocated 0 pages
[    0.287433] ACPI: Added _OSI(Module Device)
[    0.287433] ACPI: Added _OSI(Processor Device)
[    0.287571] ACPI: Added _OSI(3.0 _SCP Extensions)
[    0.290016] ACPI: Added _OSI(Processor Aggregator Device)
[    0.290544] ACPI: Added _OSI(Linux-Dell-Video)
[    0.290986] ACPI: Added _OSI(Linux-Lenovo-NV-HDMI-Audio)
[    0.291490] ACPI: Added _OSI(Linux-HPI-Hybrid-Graphics)
[    0.296425] ACPI: 1 ACPI AML tables successfully acquired and loaded
[    0.299472] ACPI: Interpreter enabled
[    0.299857] ACPI: PM: (supports S0 S3 S4 S5)
[    0.300223] ACPI: Using IOAPIC for interrupt routing
[    0.300674] PCI: Using host bridge windows from ACPI; if necessary, use "pci=nocrs" and report a bug
[    0.301962] ACPI: Enabled 2 GPEs in block 00 to 0F
[    0.313745] ACPI: PCI Root Bridge [PCI0] (domain 0000 [bus 00-ff])
[    0.314020] acpi PNP0A03:00: _OSC: OS supports [ASPM ClockPM Segments MSI EDR HPX-Type3]
[    0.314856] acpi PNP0A03:00: _OSC: not requesting OS control; OS requires [ExtendedConfig ASPM ClockPM MSI]
[    0.315711] acpi PNP0A03:00: fail to add MMCONFIG information, can't access extended PCI configuration space under this bridge.
[    0.318020] acpiphp: Slot [3] registered
[    0.318397] acpiphp: Slot [4] registered
[    0.318771] acpiphp: Slot [5] registered
[    0.319139] acpiphp: Slot [6] registered
[    0.319519] acpiphp: Slot [7] registered
[    0.319905] acpiphp: Slot [8] registered
[    0.320285] acpiphp: Slot [9] registered
[    0.320663] acpiphp: Slot [10] registered
[    0.321049] acpiphp: Slot [11] registered
[    0.321442] acpiphp: Slot [12] registered
[    0.321856] acpiphp: Slot [13] registered
[    0.322052] acpiphp: Slot [14] registered
[    0.322440] acpiphp: Slot [15] registered
[    0.322834] acpiphp: Slot [16] registered
[    0.323221] acpiphp: Slot [17] registered
[    0.323607] acpiphp: Slot [18] registered
[    0.323989] acpiphp: Slot [19] registered
[    0.324386] acpiphp: Slot [20] registered
[    0.324801] acpiphp: Slot [21] registered
[    0.325187] acpiphp: Slot [22] registered
[    0.325581] acpiphp: Slot [23] registered
[    0.325971] acpiphp: Slot [24] registered
[    0.326053] acpiphp: Slot [25] registered
[    0.326446] acpiphp: Slot [26] registered
[    0.326833] acpiphp: Slot [27] registered
[    0.327219] acpiphp: Slot [28] registered
[    0.327617] acpiphp: Slot [29] registered
[    0.328006] acpiphp: Slot [30] registered
[    0.328378] acpiphp: Slot [31] registered
[    0.328733] PCI host bridge to bus 0000:00
[    0.329087] pci_bus 0000:00: root bus resource [io  0x0000-0x0cf7 window]
[    0.329677] pci_bus 0000:00: root bus resource [io  0x0d00-0xffff window]
[    0.330006] pci_bus 0000:00: root bus resource [mem 0x000a0000-0x000bffff window]
[    0.330632] pci_bus 0000:00: root bus resource [mem 0x80000000-0xfebfffff window]
[    0.331264] pci_bus 0000:00: root bus resource [mem 0x100000000-0x17fffffff window]
[    0.331906] pci_bus 0000:00: root bus resource [bus 00-ff]
[    0.332426] pci 0000:00:00.0: [8086:1237] type 00 class 0x060000
[    0.335527] pci 0000:00:01.0: [8086:7000] type 00 class 0x060100
[    0.336582] pci 0000:00:01.1: [8086:7010] type 00 class 0x010180
[    0.338448] pci 0000:00:01.1: reg 0x20: [io  0xc040-0xc04f]
[    0.339517] pci 0000:00:01.1: legacy IDE quirk: reg 0x10: [io  0x01f0-0x01f7]
[    0.340117] pci 0000:00:01.1: legacy IDE quirk: reg 0x14: [io  0x03f6]
[    0.340674] pci 0000:00:01.1: legacy IDE quirk: reg 0x18: [io  0x0170-0x0177]
[    0.341298] pci 0000:00:01.1: legacy IDE quirk: reg 0x1c: [io  0x0376]
[    0.342147] pci 0000:00:01.3: [8086:7113] type 00 class 0x068000
[    0.342993] pci 0000:00:01.3: quirk: [io  0x0600-0x063f] claimed by PIIX4 ACPI
[    0.343628] pci 0000:00:01.3: quirk: [io  0x0700-0x070f] claimed by PIIX4 SMB
[    0.344725] pci 0000:00:02.0: [1234:1111] type 00 class 0x030000
[    0.346583] pci 0000:00:02.0: reg 0x10: [mem 0xfd000000-0xfdffffff pref]
[    0.349649] pci 0000:00:02.0: reg 0x18: [mem 0xfebf0000-0xfebf0fff]
[    0.354052] pci 0000:00:02.0: reg 0x30: [mem 0xfebe0000-0xfebeffff pref]
[    0.355417] pci 0000:00:02.0: Video device with shadowed ROM at [mem 0x000c0000-0x000dffff]
[    0.361052] pci 0000:00:03.0: [8086:100e] type 00 class 0x020000
[    0.362710] pci 0000:00:03.0: reg 0x10: [mem 0xfebc0000-0xfebdffff]
[    0.363746] pci 0000:00:03.0: reg 0x14: [io  0xc000-0xc03f]
[    0.366010] pci 0000:00:03.0: reg 0x30: [mem 0xfeb80000-0xfebbffff pref]
[    0.378466] ACPI: PCI: Interrupt link LNKA configured for IRQ 10
[    0.379300] ACPI: PCI: Interrupt link LNKB configured for IRQ 10
[    0.380103] ACPI: PCI: Interrupt link LNKC configured for IRQ 11
[    0.380904] ACPI: PCI: Interrupt link LNKD configured for IRQ 11
[    0.381548] ACPI: PCI: Interrupt link LNKS configured for IRQ 9
[    0.382868] iommu: Default domain type: Translated 
[    0.382868] iommu: DMA domain TLB invalidation policy: lazy mode 
[    0.383490] SCSI subsystem initialized
[    0.383844] ACPI: bus type USB registered
[    0.383844] usbcore: registered new interface driver usbfs
[    0.383844] usbcore: registered new interface driver hub
[    0.386023] usbcore: registered new device driver usb
[    0.386519] pps_core: LinuxPPS API ver. 1 registered
[    0.386938] pps_core: Software ver. 5.3.6 - Copyright 2005-2007 Rodolfo Giometti <giometti@linux.it>
[    0.387680] PTP clock support registered
[    0.388141] EDAC MC: Ver: 3.0.0
[    0.388141] NetLabel: Initializing
[    0.388141] NetLabel:  domain hash size = 128
[    0.390004] NetLabel:  protocols = UNLABELED CIPSOv4 CALIPSO
[    0.390563] NetLabel:  unlabeled traffic allowed by default
[    0.391077] PCI: Using ACPI for IRQ routing
[    0.391077] pci 0000:00:02.0: vgaarb: setting as boot VGA device
[    0.391077] pci 0000:00:02.0: vgaarb: bridge control possible
[    0.391094] pci 0000:00:02.0: vgaarb: VGA device added: decodes=io+mem,owns=io+mem,locks=none
[    0.391793] vgaarb: loaded
[    0.394212] hpet0: at MMIO 0xfed00000, IRQs 2, 8, 0
[    0.394647] hpet0: 3 comparators, 64-bit 100.000000 MHz counter
[    0.401139] clocksource: Switched to clocksource kvm-clock
[    0.646406] VFS: Disk quotas dquot_6.6.0
[    0.646907] VFS: Dquot-cache hash table entries: 512 (order 0, 4096 bytes)
[    0.648102] pnp: PnP ACPI init
[    0.649756] pnp: PnP ACPI: found 6 devices
[    0.657638] clocksource: acpi_pm: mask: 0xffffff max_cycles: 0xffffff, max_idle_ns: 2085701024 ns
[    0.658683] NET: Registered PF_INET protocol family
[    0.659335] IP idents hash table entries: 32768 (order: 6, 262144 bytes, linear)
[    0.660423] tcp_listen_portaddr_hash hash table entries: 1024 (order: 2, 16384 bytes, linear)
[    0.661141] TCP established hash table entries: 16384 (order: 5, 131072 bytes, linear)
[    0.661954] TCP bind hash table entries: 16384 (order: 6, 262144 bytes, linear)
[    0.662812] TCP: Hash tables configured (established 16384 bind 16384)
[    0.663527] UDP hash table entries: 1024 (order: 3, 32768 bytes, linear)
[    0.664218] UDP-Lite hash table entries: 1024 (order: 3, 32768 bytes, linear)
[    0.665023] NET: Registered PF_UNIX/PF_LOCAL protocol family
[    0.666164] RPC: Registered named UNIX socket transport module.
[    0.666752] RPC: Registered udp transport module.
[    0.667218] RPC: Registered tcp transport module.
[    0.667678] RPC: Registered tcp NFSv4.1 backchannel transport module.
[    0.668336] pci_bus 0000:00: resource 4 [io  0x0000-0x0cf7 window]
[    0.668947] pci_bus 0000:00: resource 5 [io  0x0d00-0xffff window]
[    0.669555] pci_bus 0000:00: resource 6 [mem 0x000a0000-0x000bffff window]
[    0.670241] pci_bus 0000:00: resource 7 [mem 0x80000000-0xfebfffff window]
[    0.670914] pci_bus 0000:00: resource 8 [mem 0x100000000-0x17fffffff window]
[    0.671809] pci 0000:00:01.0: PIIX3: Enabling Passive Release
[    0.672388] pci 0000:00:00.0: Limiting direct PCI/PCI transfers
[    0.672987] pci 0000:00:01.0: Activating ISA DMA hang workarounds
[    0.673673] PCI: CLS 0 bytes, default 64
[    0.674207] ACPI: bus type thunderbolt registered
[    0.674951] clocksource: tsc: mask: 0xffffffffffffffff max_cycles: 0x1128af0325d, max_idle_ns: 440795261011 ns
[    3.165876] Initialise system trusted keyrings
[    3.166625] Key type blacklist registered
[    3.167616] workingset: timestamp_bits=36 max_order=19 bucket_order=0
[    3.174978] zbud: loaded
[    3.176281] squashfs: version 4.0 (2009/01/31) Phillip Lougher
[    3.177583] NFS: Registering the id_resolver key type
[    3.178121] Key type id_resolver registered
[    3.178539] Key type id_legacy registered
[    3.178996] nfs4filelayout_init: NFSv4 File Layout Driver Registering...
[    3.179653] nfs4flexfilelayout_init: NFSv4 Flexfile Layout Driver Registering...
[    3.180335] fuse: init (API version 7.36)
[    3.180886] SGI XFS with ACLs, security attributes, realtime, quota, no debug enabled
[    3.182450] 9p: Installing v9fs 9p2000 file system support
[    3.191574] Key type asymmetric registered
[    3.192252] Asymmetric key parser 'x509' registered
[    3.194124] alg: self-tests for CTR-KDF (hmac(sha256)) passed
[    3.195255] Block layer SCSI generic (bsg) driver version 0.4 loaded (major 243)
[    3.196023] io scheduler mq-deadline registered
[    3.196496] io scheduler bfq registered
[    3.197487] shpchp: Standard Hot Plug PCI Controller Driver version: 0.4
[    3.198309] IPMI message handler: version 39.2
[    3.198758] ipmi device interface
[    3.200135] input: Power Button as /devices/LNXSYSTM:00/LNXPWRBN:00/input/input0
[    3.200847] ACPI: button: Power Button [PWRF]
[    3.202689] ERST DBG: ERST support is disabled.
[    3.203528] Serial: 8250/16550 driver, 32 ports, IRQ sharing enabled
[    3.204698] 00:04: ttyS0 at I/O 0x3f8 (irq = 4, base_baud = 115200) is a 16550A
[    3.210191] Linux agpgart interface v0.103
[    3.211174] ACPI: bus type drm_connector registered
[    3.222027] brd: module loaded
[    3.229036] loop: module loaded
[    3.233605] scsi host0: ata_piix
[    3.235296] scsi host1: ata_piix
[    3.235965] ata1: PATA max MWDMA2 cmd 0x1f0 ctl 0x3f6 bmdma 0xc040 irq 14
[    3.237030] ata2: PATA max MWDMA2 cmd 0x170 ctl 0x376 bmdma 0xc048 irq 15
[    3.238987] tun: Universal TUN/TAP device driver, 1.6
[    3.239912] e100: Intel(R) PRO/100 Network Driver
[    3.240625] e100: Copyright(c) 1999-2006 Intel Corporation
[    3.241521] e1000: Intel(R) PRO/1000 Network Driver
[    3.242313] e1000: Copyright (c) 1999-2006 Intel Corporation.
[    3.351883] ACPI: \_SB_.LNKC: Enabled at IRQ 11
[    3.398203] ata1: found unknown device (class 0)
[    3.399213] ata1.00: ATA-7: QEMU HARDDISK, 2.5+, max UDMA/100
[    3.399786] ata1.00: 16777216 sectors, multi 16: LBA48 
[    3.400677] ata2: found unknown device (class 0)
[    3.401942] scsi 0:0:0:0: Direct-Access     ATA      QEMU HARDDISK    2.5+ PQ: 0 ANSI: 5
[    3.403566] ata2.00: ATAPI: QEMU DVD-ROM, 2.5+, max UDMA/100
[    3.405282] scsi 0:0:0:0: Attached scsi generic sg0 type 0
[    3.406592] sd 0:0:0:0: [sda] 16777216 512-byte logical blocks: (8.59 GB/8.00 GiB)
[    3.407849] sd 0:0:0:0: [sda] Write Protect is off
[    3.408726] sd 0:0:0:0: [sda] Write cache: enabled, read cache: enabled, doesn't support DPO or FUA
[    3.411342] scsi 1:0:0:0: CD-ROM            QEMU     QEMU DVD-ROM     2.5+ PQ: 0 ANSI: 5
[    3.413151] scsi 1:0:0:0: Attached scsi generic sg1 type 5
[    3.446211] sd 0:0:0:0: [sda] Attached SCSI disk
[    3.705456] e1000 0000:00:03.0 eth0: (PCI:33MHz:32-bit) 52:54:00:12:34:56
[    3.706080] e1000 0000:00:03.0 eth0: Intel(R) PRO/1000 Network Connection
[    3.706748] e1000e: Intel(R) PRO/1000 Network Driver
[    3.707176] e1000e: Copyright(c) 1999 - 2015 Intel Corporation.
[    3.707748] igb: Intel(R) Gigabit Ethernet Network Driver
[    3.708274] igb: Copyright (c) 2007-2014 Intel Corporation.
[    3.708889] PPP generic driver version 2.4.2
[    3.709593] VFIO - User Level meta-driver version: 0.3
[    3.710116] ehci_hcd: USB 2.0 'Enhanced' Host Controller (EHCI) Driver
[    3.710679] ehci-pci: EHCI PCI platform driver
[    3.711085] ehci-platform: EHCI generic platform driver
[    3.711545] ohci_hcd: USB 1.1 'Open' Host Controller (OHCI) Driver
[    3.712094] ohci-pci: OHCI PCI platform driver
[    3.712493] ohci-platform: OHCI generic platform driver
[    3.712945] uhci_hcd: USB Universal Host Controller Interface driver
[    3.713753] usbcore: registered new interface driver uas
[    3.714249] usbcore: registered new interface driver usb-storage
[    3.714861] i8042: PNP: PS/2 Controller [PNP0303:KBD,PNP0f13:MOU] at 0x60,0x64 irq 1,12
[    3.716203] serio: i8042 KBD port at 0x60,0x64 irq 1
[    3.716639] serio: i8042 AUX port at 0x60,0x64 irq 12
[    3.717432] mousedev: PS/2 mouse device common for all mice
[    3.718341] input: AT Translated Set 2 keyboard as /devices/platform/i8042/serio0/input/input1
[    3.719503] rtc_cmos 00:05: RTC can wake from S4
[    3.720774] input: VirtualPS/2 VMware VMMouse as /devices/platform/i8042/serio1/input/input4
[    3.721622] rtc_cmos 00:05: registered as rtc0
[    3.722072] rtc_cmos 00:05: setting system clock to 2022-12-08T08:48:14 UTC (1670489294)
[    3.722864] rtc_cmos 00:05: alarms up to one day, y3k, 242 bytes nvram, hpet irqs
[    3.723521] i2c_dev: i2c /dev entries driver
[    3.724048] device-mapper: core: CONFIG_IMA_DISABLE_HTABLE is disabled. Duplicate IMA measurements will not be recorded in the IMA log.
[    3.725330] input: VirtualPS/2 VMware VMMouse as /devices/platform/i8042/serio1/input/input3
[    3.726067] device-mapper: uevent: version 1.0.3
[    3.726730] device-mapper: ioctl: 4.46.0-ioctl (2022-02-22) initialised: dm-devel@redhat.com
[    3.727958] intel_pstate: CPU model not supported
[    3.728824] sdhci: Secure Digital Host Controller Interface driver
[    3.729850] sdhci: Copyright(c) Pierre Ossman
[    3.730797] sdhci-pltfm: SDHCI platform and OF driver helper
[    3.731945] ledtrig-cpu: registered to indicate activity on CPUs
[    3.733345] drop_monitor: Initializing network drop monitor service
[    3.735021] NET: Registered PF_INET6 protocol family
[    3.737975] Segment Routing with IPv6
[    3.738618] In-situ OAM (IOAM) with IPv6
[    3.739352] NET: Registered PF_PACKET protocol family
[    3.740400] 9pnet: Installing 9P2000 support
[    3.741126] Key type dns_resolver registered
[    3.742684] IPI shorthand broadcast: enabled
[    3.743501] sched_clock: Marking stable (3731357193, 10943668)->(3769127427, -26826566)
[    3.745355] registered taskstats version 1
[    3.746226] Loading compiled-in X.509 certificates
[    3.747379] zswap: loaded using pool lzo/zbud
[    3.748676] Key type ._fscrypt registered
[    3.749411] Key type .fscrypt registered
[    3.750104] Key type fscrypt-provisioning registered
[    3.751905] Key type encrypted registered
[    3.752619] ima: No TPM chip found, activating TPM-bypass!
[    3.753573] ima: Allocated hash algorithm: sha1
[    3.754464] ima: No architecture policies found
[    3.755320] evm: Initialising EVM extended attributes:
[    3.756219] evm: security.selinux
[    3.756829] evm: security.SMACK64
[    3.757440] evm: security.SMACK64EXEC
[    3.758135] evm: security.SMACK64TRANSMUTE
[    3.758887] evm: security.SMACK64MMAP
[    3.759565] evm: security.apparmor
[    3.760191] evm: security.ima
[    3.760743] evm: security.capability
[    3.761402] evm: HMAC attrs: 0x1
[    3.768165] PM:   Magic number: 2:273:826
[    3.768963] RAS: Correctable Errors collector initialized.
[    3.769778] md: Waiting for all devices to be available before autodetect
[    3.770367] md: If you don't use raid, use raid=noautodetect
[    3.770840] md: Autodetecting RAID arrays.
[    3.771189] md: autorun ...
[    3.771470] md: ... autorun DONE.
[    3.776902] EXT4-fs (sda): INFO: recovery required on readonly filesystem
[    3.777973] EXT4-fs (sda): write access will be enabled during recovery
[    3.836286] random: fast init done
[    3.845718] EXT4-fs (sda): recovery complete
[    3.852422] EXT4-fs (sda): mounted filesystem with ordered data mode. Quota mode: none.
[    3.853154] VFS: Mounted root (ext4 filesystem) readonly on device 8:0.
[    3.854299] devtmpfs: mounted
[    3.866686] Freeing unused decrypted memory: 2036K
[    3.868713] Freeing unused kernel image (initmem) memory: 3232K
[    3.869251] Write protecting the kernel read-only data: 40960k
[    3.872698] Freeing unused kernel image (text/rodata gap) memory: 2032K
[    3.873541] Freeing unused kernel image (rodata/data gap) memory: 448K
[    3.982692] x86/mm: Checked W+X mappings: passed, no W+X pages found.
[    3.983781] Run /sbin/init as init process
[    4.073160] systemd[1]: RTC configured in localtime, applying delta of 0 minutes to system time.
[    4.097831] systemd[1]: systemd 239 (239-49.el8) running in system mode. (+PAM +AUDIT +SELINUX +IMA -APPARMOR +SMACK +SYSVINIT +UTMP +LIBCRYPTSETUP +GCRYPT +GNUTLS +ACL +XZ +LZ4 +SECCOMP +BLKID +ELFUTILS +KMOD +IDN2 -IDN +PCRE2 default-hierarchy=legacy)
[    4.100065] systemd[1]: Detected virtualization kvm.
[    4.100602] systemd[1]: Detected architecture x86-64.

Welcome to [0;31mCentOS Stream 8[0m!

[    4.121736] systemd[1]: Set hostname to <test>.
[    5.994015] random: crng init done
[    6.131970] systemd[1]: Started Forward Password Requests to Wall Directory Watch.
[[0;32m  OK  [0m] Started Forward Password Requests to Wall Directory Watch.
[    6.134170] systemd[1]: Listening on Journal Socket.
[[0;32m  OK  [0m] Listening on Journal Socket.
[    6.138597] systemd[1]: Mounting POSIX Message Queue File System...
         Mounting POSIX Message Queue File System...
[    6.141770] systemd[1]: Starting Setup Virtual Console...
         Starting Setup Virtual Console...
[    6.144285] systemd[1]: Mounting Huge Pages File System...
         Mounting Huge Pages File System...
[    6.145428] systemd[1]: Listening on initctl Compatibility Named Pipe.
[[0;32m  OK  [0m] Listening on initctl Compatibility Named Pipe.
[[0;32m  OK  [0m] Listening on udev Control Socket.
[[0;32m  OK  [0m] Created slice User and Session Slice.
[[0;32m  OK  [0m] Listening on multipathd control socket.
[[0;32m  OK  [0m] Listening on udev Kernel Socket.
         Mounting Kernel Debug File System...
[[0;32m  OK  [0m] Reached target Swap.
[[0;32m  OK  [0m] Listening on Journal Socket (/dev/log).
         Starting Journal Service...
[[0;32m  OK  [0m] Set up automount Arbitrary Executabâ€¦rmats File System Automount Point.
[[0;32m  OK  [0m] Created slice system-sshd\x2dkeygen.slice.
         Starting Load Kernel Modules...
[[0;32m  OK  [0m] Listening on LVM2 poll daemon socket.
         Starting Remount Root and Kernel File Systems...
[[0;32m  OK  [0m] Reached target Slices.
         Starting udev Coldplug all Devices...
[[0;32m  OK  [0m] Listening on RPCbind Server Activation Socket.
[[0;32m  OK  [0m] Reached target RPC Port Mapper.
[[0;32m  OK  [0m] Created slice system-getty.slice.
[[0;32m  OK  [0m] Listening on Process Core Dump Socket.
[[0;32m  OK  [0m] Listening on Device-mapper event daemon FIFOs.
         Starting Monitoring of LVM2 mirrorsâ€¦ng dmeventd or progress polling...
[[0;32m  OK  [0m] Created slice system-serial\x2dgetty.slice.
[[0;32m  OK  [0m] Mounted POSIX Message Queue File System.
[[0;32m  OK  [0m] Mounted Huge Pages File System.
[[0;32m  OK  [0m] Mounted Kernel Debug File System.
[[0;1;31mFAILED[0m] Failed to start Load Kernel Modules.
See 'systemctl status systemd-modules-load.service' for details.
         Mounting FUSE Control File System...
         Mounting Kernel Configuration File System...
         Starting Apply Kernel Variables...
[[0;32m  OK  [0m] Mounted FUSE Control File System.
[    6.363297] EXT4-fs (sda): re-mounted. Quota mode: none.
[[0;32m  OK  [0m] Started Remount Root and Kernel File Systems.
[[0;32m  OK  [0m] Mounted Kernel Configuration File System.
[[0;32m  OK  [0m] Started Apply Kernel Variables.
         Starting Load/Save Random Seed...
         Starting Create Static Device Nodes in /dev...
[[0;32m  OK  [0m] Started Journal Service.
         Starting Flush Journal to Persistent Storage...
[[0;32m  OK  [0m] Started Load/Save Random Seed.
[[0;32m  OK  [0m] Started Flush Journal to Persistent Storage.
[[0;32m  OK  [0m] Started udev Coldplug all Devices.
[[0;32m  OK  [0m] Started Setup Virtual Console.
[[0;32m  OK  [0m] Started Create Static Device Nodes in /dev.
         Starting udev Kernel Device Manager...
         Starting udev Wait for Complete Device Initialization...
[[0;32m  OK  [0m] Started udev Kernel Device Manager.
         Starting Show Plymouth Boot Screen...
[[0;32m  OK  [0m] Started Show Plymouth Boot Screen.
[[0;32m  OK  [0m] Started Forward Password Requests to Plymouth Directory Watch.
[[0;32m  OK  [0m] Reached target Paths.
[[0;32m  OK  [0m] Reached target Local Encrypted Volumes.
[[0;32m  OK  [0m] Found device /dev/ttyS0.
[[0;32m  OK  [0m] Listening on Load/Save RF Kill Switch Status /dev/rfkill Watch.
[[0;32m  OK  [0m] Started Monitoring of LVM2 mirrors,â€¦sing dmeventd or progress polling.
[[0;32m  OK  [0m] Started udev Wait for Complete Device Initialization.
[[0;32m  OK  [0m] Reached target Local File Systems (Pre).
[[0;32m  OK  [0m] Reached target Local File Systems.
         Starting Create Volatile Files and Directories...
         Starting Restore /run/initramfs on shutdown...
         Starting Tell Plymouth To Write Out Runtime Data...
[[0;32m  OK  [0m] Started Restore /run/initramfs on shutdown.
[[0;32m  OK  [0m] Started Create Volatile Files and Directories.
[[0;32m  OK  [0m] Started Tell Plymouth To Write Out Runtime Data.
         Starting RPC Bind...
         Starting Security Auditing Service...
         Mounting RPC Pipe File System...
[[0;32m  OK  [0m] Mounted RPC Pipe File System.
[[0;32m  OK  [0m] Reached target rpc_pipefs.target.
[[0;32m  OK  [0m] Started RPC Bind.
[[0;32m  OK  [0m] Started Security Auditing Service.
         Starting Update UTMP about System Boot/Shutdown...
[[0;32m  OK  [0m] Started Update UTMP about System Boot/Shutdown.
[[0;32m  OK  [0m] Reached target System Initialization.
[[0;32m  OK  [0m] Started Daily Cleanup of Temporary Directories.
[[0;32m  OK  [0m] Listening on D-Bus System Message Bus Socket.
[[0;32m  OK  [0m] Started dnf makecache --timer.
[[0;32m  OK  [0m] Listening on SSSD Kerberos Cache Manager responder socket.
[[0;32m  OK  [0m] Reached target Sockets.
[[0;32m  OK  [0m] Reached target Basic System.
         Starting Login Service...
         Starting NTP client/server...
[[0;32m  OK  [0m] Started irqbalance daemon.
         Starting Self Monitoring and Reporting Technology (SMART) Daemon...
[[0;32m  OK  [0m] Started D-Bus System Message Bus.
         Starting Authorization Manager...
         Starting Auto-connect to subsystemsâ€¦-NVME devices found during boot...
         Starting Network Manager...
[[0;32m  OK  [0m] Started daily update of the root trust anchor for DNSSEC.
[[0;32m  OK  [0m] Reached target Timers.
[[0;32m  OK  [0m] Reached target sshd-keygen.target.
[[0;32m  OK  [0m] Started Machine Check Exception Logging Daemon.
[[0;32m  OK  [0m] Started Auto-connect to subsystems â€¦FC-NVME devices found during boot.
[[0;32m  OK  [0m] Started Self Monitoring and Reporting Technology (SMART) Daemon.
         Starting update of the root trust aâ€¦or DNSSEC validation in unbound...
[[0;32m  OK  [0m] Started Login Service.
[[0;32m  OK  [0m] Started NTP client/server.
[[0;32m  OK  [0m] Started Network Manager.
[[0;32m  OK  [0m] Reached target Network.
         Starting GSSAPI Proxy Daemon...
         Starting Dynamic System Tuning Daemon...
         Starting OpenSSH server daemon...
         Starting Network Manager Wait Online...
[[0;32m  OK  [0m] Started update of the root trust anâ€¦ for DNSSEC validation in unbound.
[[0;32m  OK  [0m] Started GSSAPI Proxy Daemon.
         Starting Hostname Service...
[[0;32m  OK  [0m] Reached target NFS client services.
[[0;32m  OK  [0m] Reached target Remote File Systems (Pre).
[[0;32m  OK  [0m] Reached target Remote File Systems.
         Starting Permit User Sessions...
[[0;32m  OK  [0m] Started Permit User Sessions.
[[0;32m  OK  [0m] Started Command Scheduler.
         Starting Hold until boot process finishes up...
         Starting Terminate Plymouth Boot Screen...
[[0;32m  OK  [0m] Started OpenSSH server daemon.
[    7.806051] e1000: eth0 NIC Link is Up 1000 Mbps Full Duplex, Flow Control: RX
[    7.807185] IPv6: ADDRCONF(NETDEV_CHANGE): eth0: link becomes ready
[    8.070576] Spectre V2 : WARNING: Unprivileged eBPF is enabled with eIBRS on, data leaks possible via Spectre v2 BHB attacks!
[    8.071710] Spectre V2 : WARNING: Unprivileged eBPF is enabled with eIBRS on, data leaks possible via Spectre v2 BHB attacks!

CentOS Stream 8
Kernel 5.18.0-rc4-6e263fff1de4+ on an x86_64

test login: [   28.249014] ------------[ cut here ]------------
[   28.249424] WARNING: CPU: 0 PID: 560 at mm/memory.c:875 copy_page_range+0x1858/0x2990
[   28.250117] Modules linked in:
[   28.250424] CPU: 0 PID: 560 Comm: repro Not tainted 5.18.0-rc4-6e263fff1de4+ #1
[   28.251258] Hardware name: QEMU Standard PC (i440FX + PIIX, 1996), BIOS rel-1.14.0-0-g155821a1990b-prebuilt.qemu.org 04/01/2014
[   28.252491] RIP: 0010:copy_page_range+0x1858/0x2990
[   28.252945] Code: 7f e2 ff 41 83 fc 1f 0f 85 b1 fe ff ff e8 d0 7e e2 ff 31 ff 4c 89 ee e8 f6 7f e2 ff 4d 85 ed 0f 85 b6 fe ff ff e8 b8 7e e2 ff <0f> 0b e9 aa fe ff ff e8 ac 7e e2 ff 4c 8b 2d ad 91 2b 02 49 81 e5
[   28.254450] RSP: 0018:ffffc90000cafb08 EFLAGS: 00010246
[   28.254943] RAX: 0000000000000000 RBX: fffffffffffffc00 RCX: ffffffff8140c06a
[   28.255526] RDX: 0000000000000000 RSI: ffff88800c511980 RDI: 0000000000000002
[   28.256101] RBP: ffffc90000cafcb0 R08: 0000000000000040 R09: 0000000000000000
[   28.256676] R10: 0000000000000001 R11: ffffea0000440a80 R12: 000000000000001f
[   28.257251] R13: 0000000000000000 R14: 0000000000000004 R15: 0000000000000000
[   28.257824] FS:  00007fad52720740(0000) GS:ffff88807dc00000(0000) knlGS:0000000000000000
[   28.258495] CS:  0010 DS: 0000 ES: 0000 CR0: 0000000080050033
[   28.259042] CR2: 00000000200000c0 CR3: 0000000009290003 CR4: 0000000000770ef0
[   28.259624] DR0: 0000000000000000 DR1: 0000000000000000 DR2: 0000000000000000
[   28.260202] DR3: 0000000000000000 DR6: 00000000ffff07f0 DR7: 0000000000000400
[   28.260776] PKRU: 55555554
[   28.261002] Call Trace:
[   28.261207]  <TASK>
[   28.261394]  dup_mm+0x65e/0x920
[   28.261673]  copy_process+0x1abb/0x23c0
[   28.262011]  ? mcopy_continue+0x517/0x1030
[   28.262468]  kernel_clone+0x90/0x670
[   28.262772]  ? userfaultfd_ioctl+0xd2/0x23c0
[   28.263161]  ? write_comp_data+0x2f/0x90
[   28.263496]  __do_sys_clone+0x90/0xc0
[   28.263806]  __x64_sys_clone+0x2f/0x40
[   28.264119]  do_syscall_64+0x3b/0x90
[   28.264437]  entry_SYSCALL_64_after_hwframe+0x44/0xae
[   28.264864] RIP: 0033:0x7fad5284559d
[   28.265165] Code: 00 c3 66 2e 0f 1f 84 00 00 00 00 00 90 f3 0f 1e fa 48 89 f8 48 89 f7 48 89 d6 48 89 ca 4d 89 c2 4d 89 c8 4c 8b 4c 24 08 0f 05 <48> 3d 01 f0 ff ff 73 01 c3 48 8b 0d d3 08 0d 00 f7 d8 64 89 01 48
[   28.266668] RSP: 002b:00007ffc4bc84968 EFLAGS: 00000202 ORIG_RAX: 0000000000000038
[   28.267393] RAX: ffffffffffffffda RBX: 0000000000000000 RCX: 00007fad5284559d
[   28.267967] RDX: 0000000000000000 RSI: 0000000000000000 RDI: 0000000000001000
[   28.268543] RBP: 00007ffc4bc849b0 R08: 0000000000000000 R09: 0000000000000000
[   28.269119] R10: 0000000000000000 R11: 0000000000000202 R12: 0000000000401060
[   28.269696] R13: 00007ffc4bc84ab0 R14: 0000000000000000 R15: 0000000000000000
[   28.270290]  </TASK>
[   28.270534] ---[ end trace 0000000000000000 ]---
