c[?7l[2J[0mSeaBIOS (version rel-1.14.0-0-g155821a1990b-prebuilt.qemu.org)


iPXE (http://ipxe.org) 00:03.0 CA00 PCI2.10 PnP PMM+7FF8F030+7FEEF030 CA00
Press Ctrl-B to configure iPXE (PCI 00:03.0)...                                                                               


Booting from ROM..c[?7l[2J[0m.[    0.000000] Linux version 5.19.0-rc1-6ff40f00e5a4+ (root@p-mtlp02) (gcc (GCC) 8.5.0 20210514 (Red Hat 8.5.0-17), GNU ld version 2.36.1-2.el8) #1 SMP PREEMPT_DYNAMIC Thu Dec 8 13:07:39 CST 2022
[    0.000000] Command line: console=ttyS0 root=/dev/sda earlyprintk=serial net.ifnames=0
[    0.000000] KERNEL supported cpus:
[    0.000000]   Intel GenuineIntel
[    0.000000]   AMD AuthenticAMD
[    0.000000]   Hygon HygonGenuine
[    0.000000]   Centaur CentaurHauls
[    0.000000]   zhaoxin   Shanghai  
[    0.000000] x86/split lock detection: #DB: warning on user-space bus_locks
[    0.000000] x86/fpu: Supporting XSAVE feature 0x001: 'x87 floating point registers'
[    0.000000] x86/fpu: Supporting XSAVE feature 0x002: 'SSE registers'
[    0.000000] x86/fpu: Supporting XSAVE feature 0x004: 'AVX registers'
[    0.000000] x86/fpu: Supporting XSAVE feature 0x200: 'Protection Keys User registers'
[    0.000000] x86/fpu: xstate_offset[2]:  576, xstate_sizes[2]:  256
[    0.000000] x86/fpu: xstate_offset[9]:  832, xstate_sizes[9]:    8
[    0.000000] x86/fpu: Enabled xstate features 0x207, context size is 840 bytes, using 'compacted' format.
[    0.000000] signal: max sigframe size: 3632
[    0.000000] BIOS-provided physical RAM map:
[    0.000000] BIOS-e820: [mem 0x0000000000000000-0x000000000009fbff] usable
[    0.000000] BIOS-e820: [mem 0x000000000009fc00-0x000000000009ffff] reserved
[    0.000000] BIOS-e820: [mem 0x00000000000f0000-0x00000000000fffff] reserved
[    0.000000] BIOS-e820: [mem 0x0000000000100000-0x000000007ffdffff] usable
[    0.000000] BIOS-e820: [mem 0x000000007ffe0000-0x000000007fffffff] reserved
[    0.000000] BIOS-e820: [mem 0x00000000feffc000-0x00000000feffffff] reserved
[    0.000000] BIOS-e820: [mem 0x00000000fffc0000-0x00000000ffffffff] reserved
[    0.000000] printk: bootconsole [earlyser0] enabled
[    0.000000] NX (Execute Disable) protection: active
[    0.000000] SMBIOS 2.8 present.
[    0.000000] DMI: QEMU Standard PC (i440FX + PIIX, 1996), BIOS rel-1.14.0-0-g155821a1990b-prebuilt.qemu.org 04/01/2014
[    0.000000] Hypervisor detected: KVM
[    0.000000] kvm-clock: Using msrs 4b564d01 and 4b564d00
[    0.000005] kvm-clock: using sched offset of 496381176 cycles
[    0.000475] clocksource: kvm-clock: mask: 0xffffffffffffffff max_cycles: 0x1cd42e4dffb, max_idle_ns: 881590591483 ns
[    0.002110] tsc: Detected 1190.400 MHz processor
[    0.008564] last_pfn = 0x7ffe0 max_arch_pfn = 0x400000000
[    0.009201] x86/PAT: Configuration [0-7]: WB  WC  UC- UC  WB  WP  UC- WT  
[    0.019730] found SMP MP-table at [mem 0x000f5a90-0x000f5a9f]
[    0.020517] Using GB pages for direct mapping
[    0.022079] ACPI: Early table checksum verification disabled
[    0.022705] ACPI: RSDP 0x00000000000F5870 000014 (v00 BOCHS )
[    0.023316] ACPI: RSDT 0x000000007FFE1959 000034 (v01 BOCHS  BXPC     00000001 BXPC 00000001)
[    0.024215] ACPI: FACP 0x000000007FFE1805 000074 (v01 BOCHS  BXPC     00000001 BXPC 00000001)
[    0.025115] ACPI: DSDT 0x000000007FFE0040 0017C5 (v01 BOCHS  BXPC     00000001 BXPC 00000001)
[    0.026003] ACPI: FACS 0x000000007FFE0000 000040
[    0.026487] ACPI: APIC 0x000000007FFE1879 000080 (v01 BOCHS  BXPC     00000001 BXPC 00000001)
[    0.027374] ACPI: HPET 0x000000007FFE18F9 000038 (v01 BOCHS  BXPC     00000001 BXPC 00000001)
[    0.028260] ACPI: WAET 0x000000007FFE1931 000028 (v01 BOCHS  BXPC     00000001 BXPC 00000001)
[    0.029156] ACPI: Reserving FACP table memory at [mem 0x7ffe1805-0x7ffe1878]
[    0.029881] ACPI: Reserving DSDT table memory at [mem 0x7ffe0040-0x7ffe1804]
[    0.030605] ACPI: Reserving FACS table memory at [mem 0x7ffe0000-0x7ffe003f]
[    0.031321] ACPI: Reserving APIC table memory at [mem 0x7ffe1879-0x7ffe18f8]
[    0.032044] ACPI: Reserving HPET table memory at [mem 0x7ffe18f9-0x7ffe1930]
[    0.032775] ACPI: Reserving WAET table memory at [mem 0x7ffe1931-0x7ffe1958]
[    0.034486] No NUMA configuration found
[    0.034882] Faking a node at [mem 0x0000000000000000-0x000000007ffdffff]
[    0.035590] NODE_DATA(0) allocated [mem 0x7ffb5000-0x7ffdffff]
[    0.039615] Zone ranges:
[    0.039851]   DMA      [mem 0x0000000000001000-0x0000000000ffffff]
[    0.040391]   DMA32    [mem 0x0000000001000000-0x000000007ffdffff]
[    0.040941]   Normal   empty
[    0.041197]   Device   empty
[    0.041453] Movable zone start for each node
[    0.041824] Early memory node ranges
[    0.042134]   node   0: [mem 0x0000000000001000-0x000000000009efff]
[    0.042678]   node   0: [mem 0x0000000000100000-0x000000007ffdffff]
[    0.043223] Initmem setup node 0 [mem 0x0000000000001000-0x000000007ffdffff]
[    0.044763] On node 0, zone DMA: 1 pages in unavailable ranges
[    0.044930] On node 0, zone DMA: 97 pages in unavailable ranges
[    0.075845] On node 0, zone DMA32: 32 pages in unavailable ranges
[    0.076934] ACPI: PM-Timer IO Port: 0x608
[    0.078033] ACPI: LAPIC_NMI (acpi_id[0xff] dfl dfl lint[0x1])
[    0.078710] IOAPIC[0]: apic_id 0, version 17, address 0xfec00000, GSI 0-23
[    0.079447] ACPI: INT_SRC_OVR (bus 0 bus_irq 0 global_irq 2 dfl dfl)
[    0.080173] ACPI: INT_SRC_OVR (bus 0 bus_irq 5 global_irq 5 high level)
[    0.080905] ACPI: INT_SRC_OVR (bus 0 bus_irq 9 global_irq 9 high level)
[    0.081638] ACPI: INT_SRC_OVR (bus 0 bus_irq 10 global_irq 10 high level)
[    0.082335] ACPI: INT_SRC_OVR (bus 0 bus_irq 11 global_irq 11 high level)
[    0.082994] ACPI: Using ACPI (MADT) for SMP configuration information
[    0.083570] ACPI: HPET id: 0x8086a201 base: 0xfed00000
[    0.084080] TSC deadline timer available
[    0.084517] smpboot: Allowing 2 CPUs, 0 hotplug CPUs
[    0.085215] kvm-guest: KVM setup pv remote TLB flush
[    0.085822] kvm-guest: setup PV sched yield
[    0.086360] PM: hibernation: Registered nosave memory: [mem 0x00000000-0x00000fff]
[    0.087193] PM: hibernation: Registered nosave memory: [mem 0x0009f000-0x0009ffff]
[    0.088035] PM: hibernation: Registered nosave memory: [mem 0x000a0000-0x000effff]
[    0.088912] PM: hibernation: Registered nosave memory: [mem 0x000f0000-0x000fffff]
[    0.089740] [mem 0x80000000-0xfeffbfff] available for PCI devices
[    0.090481] Booting paravirtualized kernel on KVM
[    0.090999] clocksource: refined-jiffies: mask: 0xffffffff max_cycles: 0xffffffff, max_idle_ns: 7645519600211568 ns
[    0.092139] setup_percpu: NR_CPUS:8192 nr_cpumask_bits:2 nr_cpu_ids:2 nr_node_ids:1
[    0.095692] percpu: Embedded 62 pages/cpu s217088 r8192 d28672 u1048576
[    0.096527] kvm-guest: PV spinlocks enabled
[    0.096993] PV qspinlock hash table entries: 256 (order: 0, 4096 bytes, linear)
[    0.097753] Fallback order for Node 0: 0 
[    0.098164] Built 1 zonelists, mobility grouping on.  Total pages: 515808
[    0.098846] Policy zone: DMA32
[    0.099151] Kernel command line: net.ifnames=0 console=ttyS0 root=/dev/sda earlyprintk=serial net.ifnames=0
[    0.103677] Dentry cache hash table entries: 262144 (order: 9, 2097152 bytes, linear)
[    0.105422] Inode-cache hash table entries: 131072 (order: 8, 1048576 bytes, linear)
[    0.106429] mem auto-init: stack:off, heap alloc:off, heap free:off
[    0.111850] Memory: 1999736K/2096632K available (30735K kernel code, 3897K rwdata, 7808K rodata, 3256K init, 11080K bss, 96640K reserved, 0K cma-reserved)
[    0.115301] SLUB: HWalign=64, Order=0-3, MinObjects=0, CPUs=2, Nodes=1
[    0.116474] kmemleak: Kernel memory leak detector disabled
[    0.117443] ftrace: allocating 66012 entries in 258 pages
[    0.153552] ftrace: allocated 258 pages with 2 groups
[    0.156260] Dynamic Preempt: voluntary
[    0.156777] rcu: Preemptible hierarchical RCU implementation.
[    0.157264] rcu: 	RCU restricting CPUs from NR_CPUS=8192 to nr_cpu_ids=2.
[    0.157934] 	Trampoline variant of Tasks RCU enabled.
[    0.158357] 	Rude variant of Tasks RCU enabled.
[    0.158732] 	Tracing variant of Tasks RCU enabled.
[    0.159137] rcu: RCU calculated value of scheduler-enlistment delay is 25 jiffies.
[    0.159904] rcu: Adjusting geometry for rcu_fanout_leaf=16, nr_cpu_ids=2
[    0.192160] NR_IRQS: 524544, nr_irqs: 440, preallocated irqs: 16
[    0.193095] rcu: srcu_init: Setting srcu_struct sizes based on contention.
[    0.202193] Console: colour VGA+ 80x25
[    0.202654] printk: console [ttyS0] enabled
[    0.202654] printk: console [ttyS0] enabled
[    0.203429] printk: bootconsole [earlyser0] disabled
[    0.203429] printk: bootconsole [earlyser0] disabled
[    0.204454] ACPI: Core revision 20220331
[    0.205070] clocksource: hpet: mask: 0xffffffff max_cycles: 0xffffffff, max_idle_ns: 19112604467 ns
[    0.205970] APIC: Switch to symmetric I/O mode setup
[    0.206663] x2apic enabled
[    0.207172] Switched APIC routing to physical x2apic.
[    0.207699] kvm-guest: setup PV IPIs
[    0.209248] ..TIMER: vector=0x30 apic1=0 pin1=2 apic2=-1 pin2=-1
[    0.209943] clocksource: tsc-early: mask: 0xffffffffffffffff max_cycles: 0x1128af0325d, max_idle_ns: 440795261011 ns
[    0.211083] Calibrating delay loop (skipped) preset value.. 2380.80 BogoMIPS (lpj=4761600)
[    0.211889] pid_max: default: 32768 minimum: 301
[    0.212502] LSM: Security Framework initializing
[    0.213021] Yama: becoming mindful.
[    0.213649] Mount-cache hash table entries: 4096 (order: 3, 32768 bytes, linear)
[    0.215095] Mountpoint-cache hash table entries: 4096 (order: 3, 32768 bytes, linear)
[    0.216874] CPU0: Thermal monitoring enabled (TM1)
[    0.219122] x86/cpu: User Mode Instruction Prevention (UMIP) activated
[    0.220138] Last level iTLB entries: 4KB 0, 2MB 0, 4MB 0
[    0.220729] Last level dTLB entries: 4KB 0, 2MB 0, 4MB 0, 1GB 0
[    0.223158] Spectre V1 : Mitigation: usercopy/swapgs barriers and __user pointer sanitization
[    0.223967] Spectre V2 : WARNING: Unprivileged eBPF is enabled with eIBRS on, data leaks possible via Spectre v2 BHB attacks!
[    0.224925] Spectre V2 : Mitigation: Enhanced IBRS
[    0.225370] Spectre V2 : Spectre v2 / SpectreRSB mitigation: Filling RSB on context switch
[    0.226138] Spectre V2 : mitigation: Enabling conditional Indirect Branch Prediction Barrier
[    0.227073] Speculative Store Bypass: Mitigation: Speculative Store Bypass disabled via prctl
[    0.284865] Freeing SMP alternatives memory: 56K
[    0.285708] smpboot: CPU0: Genuine Intel(R) 0000 (family: 0x6, model: 0xaa, stepping: 0x1)
[    0.286909] cblist_init_generic: Setting adjustable number of callback queues.
[    0.287066] cblist_init_generic: Setting shift to 1 and lim to 1.
[    0.287066] cblist_init_generic: Setting shift to 1 and lim to 1.
[    0.287066] cblist_init_generic: Setting shift to 1 and lim to 1.
[    0.287106] Performance Events: generic architected perfmon, full-width counters, Intel PMU driver.
[    0.288024] ... version:                2
[    0.288418] ... bit width:              48
[    0.288819] ... generic registers:      8
[    0.289190] ... value mask:             0000ffffffffffff
[    0.289774] ... max period:             00007fffffffffff
[    0.290346] ... fixed-purpose events:   3
[    0.290800] ... event mask:             00000007000000ff
[    0.291512] rcu: Hierarchical SRCU implementation.
[    0.291588] printk: console [ttyS0] printing thread started
[    0.295603] smp: Bringing up secondary CPUs ...
[    0.295940] x86: Booting SMP configuration:
[    0.295945] .... node  #0, CPUs:      #1
[    0.013381] smpboot: CPU 1 Converting physical 0 to logical die 1
[    0.301044] smp: Brought up 1 node, 2 CPUs
[    0.301044] smpboot: Max logical packages: 2
[    0.301044] smpboot: Total of 2 processors activated (4761.60 BogoMIPS)
[    0.305602] devtmpfs: initialized
[    0.305602] x86/mm: Memory block size: 128MB
[    0.307830] clocksource: jiffies: mask: 0xffffffff max_cycles: 0xffffffff, max_idle_ns: 7645041785100000 ns
[    0.307849] futex hash table entries: 512 (order: 3, 32768 bytes, linear)
[    0.308047] pinctrl core: initialized pinctrl subsystem
[    0.308338] 
[    0.308340] *************************************************************
[    0.308344] **     NOTICE NOTICE NOTICE NOTICE NOTICE NOTICE NOTICE    **
[    0.308348] **                                                         **
[    0.308351] **  IOMMU DebugFS SUPPORT HAS BEEN ENABLED IN THIS KERNEL  **
[    0.308353] **                                                         **
[    0.308356] ** This means that this kernel is built to expose internal **
[    0.308358] ** IOMMU data structures, which may compromise security on **
[    0.308360] ** your system.                                            **
[    0.308363] **                                                         **
[    0.308365] ** If you see this message and you are not debugging the   **
[    0.308368] ** kernel, report this immediately to your vendor!         **
[    0.308370] **                                                         **
[    0.308372] **     NOTICE NOTICE NOTICE NOTICE NOTICE NOTICE NOTICE    **
[    0.308377] *************************************************************
[    0.308443] PM: RTC time: 05:32:33, date: 2022-12-08
[    0.314836] NET: Registered PF_NETLINK/PF_ROUTE protocol family
[    0.315341] DMA: preallocated 256 KiB GFP_KERNEL pool for atomic allocations
[    0.315369] DMA: preallocated 256 KiB GFP_KERNEL|GFP_DMA pool for atomic allocations
[    0.315382] DMA: preallocated 256 KiB GFP_KERNEL|GFP_DMA32 pool for atomic allocations
[    0.315448] audit: initializing netlink subsys (disabled)
[    0.323836] thermal_sys: Registered thermal governor 'fair_share'
[    0.323848] thermal_sys: Registered thermal governor 'bang_bang'
[    0.323853] thermal_sys: Registered thermal governor 'step_wise'
[    0.323859] thermal_sys: Registered thermal governor 'user_space'
[    0.323910] audit: type=2000 audit(1670477554.276:1): state=initialized audit_enabled=0 res=1
[    0.323925] cpuidle: using governor ladder
[    0.323925] cpuidle: using governor menu
[    0.328603] HugeTLB: can optimize 4095 vmemmap pages for hugepages-1048576kB
[    0.328641] acpiphp: ACPI Hot Plug PCI Controller Driver version: 0.5
[    0.329253] PCI: Using configuration type 1 for base access
[    0.340312] kprobes: kprobe jump-optimization is enabled. All kprobes are optimized if possible.
[    0.343442] HugeTLB: can optimize 7 vmemmap pages for hugepages-2048kB
[    0.343459] HugeTLB registered 1.00 GiB page size, pre-allocated 0 pages
[    0.343469] HugeTLB registered 2.00 MiB page size, pre-allocated 0 pages
[    0.579977] ACPI: Added _OSI(Module Device)
[    0.579987] ACPI: Added _OSI(Processor Device)
[    0.579993] ACPI: Added _OSI(3.0 _SCP Extensions)
[    0.579999] ACPI: Added _OSI(Processor Aggregator Device)
[    0.580006] ACPI: Added _OSI(Linux-Dell-Video)
[    0.580011] ACPI: Added _OSI(Linux-Lenovo-NV-HDMI-Audio)
[    0.580029] ACPI: Added _OSI(Linux-HPI-Hybrid-Graphics)
[    0.586541] ACPI: 1 ACPI AML tables successfully acquired and loaded
[    0.589785] ACPI: Interpreter enabled
[    0.589886] ACPI: PM: (supports S0 S3 S4 S5)
[    0.589893] ACPI: Using IOAPIC for interrupt routing
[    0.589964] PCI: Using host bridge windows from ACPI; if necessary, use "pci=nocrs" and report a bug
[    0.589971] PCI: Using E820 reservations for host bridge windows
[    0.590696] ACPI: Enabled 2 GPEs in block 00 to 0F
[    0.606338] ACPI: PCI Root Bridge [PCI0] (domain 0000 [bus 00-ff])
[    0.606382] acpi PNP0A03:00: _OSC: OS supports [ASPM ClockPM Segments MSI EDR HPX-Type3]
[    0.606397] acpi PNP0A03:00: _OSC: not requesting OS control; OS requires [ExtendedConfig ASPM ClockPM MSI]
[    0.606458] acpi PNP0A03:00: fail to add MMCONFIG information, can't access extended PCI configuration space under this bridge.
[    0.608297] acpiphp: Slot [3] registered
[    0.608401] acpiphp: Slot [4] registered
[    0.608477] acpiphp: Slot [5] registered
[    0.608548] acpiphp: Slot [6] registered
[    0.608619] acpiphp: Slot [7] registered
[    0.608691] acpiphp: Slot [8] registered
[    0.608763] acpiphp: Slot [9] registered
[    0.608842] acpiphp: Slot [10] registered
[    0.608941] acpiphp: Slot [11] registered
[    0.609014] acpiphp: Slot [12] registered
[    0.609085] acpiphp: Slot [13] registered
[    0.609157] acpiphp: Slot [14] registered
[    0.609229] acpiphp: Slot [15] registered
[    0.609300] acpiphp: Slot [16] registered
[    0.609385] acpiphp: Slot [17] registered
[    0.609460] acpiphp: Slot [18] registered
[    0.609533] acpiphp: Slot [19] registered
[    0.609606] acpiphp: Slot [20] registered
[    0.609678] acpiphp: Slot [21] registered
[    0.609751] acpiphp: Slot [22] registered
[    0.609838] acpiphp: Slot [23] registered
[    0.609914] acpiphp: Slot [24] registered
[    0.609987] acpiphp: Slot [25] registered
[    0.610060] acpiphp: Slot [26] registered
[    0.610132] acpiphp: Slot [27] registered
[    0.610205] acpiphp: Slot [28] registered
[    0.610278] acpiphp: Slot [29] registered
[    0.610365] acpiphp: Slot [30] registered
[    0.610454] acpiphp: Slot [31] registered
[    0.610490] PCI host bridge to bus 0000:00
[    0.610497] pci_bus 0000:00: root bus resource [io  0x0000-0x0cf7 window]
[    0.610511] pci_bus 0000:00: root bus resource [io  0x0d00-0xffff window]
[    0.610523] pci_bus 0000:00: root bus resource [mem 0x000a0000-0x000bffff window]
[    0.610535] pci_bus 0000:00: root bus resource [mem 0x80000000-0xfebfffff window]
[    0.610548] pci_bus 0000:00: root bus resource [mem 0x100000000-0x17fffffff window]
[    0.610561] pci_bus 0000:00: root bus resource [bus 00-ff]
[    0.610680] pci 0000:00:00.0: [8086:1237] type 00 class 0x060000
[    0.614365] pci 0000:00:01.0: [8086:7000] type 00 class 0x060100
[    0.615359] pci 0000:00:01.1: [8086:7010] type 00 class 0x010180
[    0.617786] pci 0000:00:01.1: reg 0x20: [io  0xc040-0xc04f]
[    0.618943] pci 0000:00:01.1: legacy IDE quirk: reg 0x10: [io  0x01f0-0x01f7]
[    0.618956] pci 0000:00:01.1: legacy IDE quirk: reg 0x14: [io  0x03f6]
[    0.618966] pci 0000:00:01.1: legacy IDE quirk: reg 0x18: [io  0x0170-0x0177]
[    0.618977] pci 0000:00:01.1: legacy IDE quirk: reg 0x1c: [io  0x0376]
[    0.619419] pci 0000:00:01.3: [8086:7113] type 00 class 0x068000
[    0.620066] pci 0000:00:01.3: quirk: [io  0x0600-0x063f] claimed by PIIX4 ACPI
[    0.620092] pci 0000:00:01.3: quirk: [io  0x0700-0x070f] claimed by PIIX4 SMB
[    0.621032] pci 0000:00:02.0: [1234:1111] type 00 class 0x030000
[    0.623616] pci 0000:00:02.0: reg 0x10: [mem 0xfd000000-0xfdffffff pref]
[    0.625804] pci 0000:00:02.0: reg 0x18: [mem 0xfebf0000-0xfebf0fff]
[    0.630704] pci 0000:00:02.0: reg 0x30: [mem 0xfebe0000-0xfebeffff pref]
[    0.631066] pci 0000:00:02.0: Video device with shadowed ROM at [mem 0x000c0000-0x000dffff]
[    0.635314] pci 0000:00:03.0: [8086:100e] type 00 class 0x020000
[    0.636019] pci 0000:00:03.0: reg 0x10: [mem 0xfebc0000-0xfebdffff]
[    0.637245] pci 0000:00:03.0: reg 0x14: [io  0xc000-0xc03f]
[    0.639789] pci 0000:00:03.0: reg 0x30: [mem 0xfeb80000-0xfebbffff pref]
[    0.652196] ACPI: PCI: Interrupt link LNKA configured for IRQ 10
[    0.652557] ACPI: PCI: Interrupt link LNKB configured for IRQ 10
[    0.652987] ACPI: PCI: Interrupt link LNKC configured for IRQ 11
[    0.653297] ACPI: PCI: Interrupt link LNKD configured for IRQ 11
[    0.653442] ACPI: PCI: Interrupt link LNKS configured for IRQ 9
[    0.654869] iommu: Default domain type: Translated 
[    0.654882] iommu: DMA domain TLB invalidation policy: lazy mode 
[    0.655824] SCSI subsystem initialized
[    0.656042] ACPI: bus type USB registered
[    0.656092] usbcore: registered new interface driver usbfs
[    0.656119] usbcore: registered new interface driver hub
[    0.656138] usbcore: registered new device driver usb
[    0.656229] pps_core: LinuxPPS API ver. 1 registered
[    0.656234] pps_core: Software ver. 5.3.6 - Copyright 2005-2007 Rodolfo Giometti <giometti@linux.it>
[    0.656254] PTP clock support registered
[    0.656392] EDAC MC: Ver: 3.0.0
[    0.657605] NetLabel: Initializing
[    0.657610] NetLabel:  domain hash size = 128
[    0.657616] NetLabel:  protocols = UNLABELED CIPSOv4 CALIPSO
[    0.657669] NetLabel:  unlabeled traffic allowed by default
[    0.683450] PCI: Using ACPI for IRQ routing
[    0.683851] pci 0000:00:02.0: vgaarb: setting as boot VGA device
[    0.683869] pci 0000:00:02.0: vgaarb: bridge control possible
[    0.683880] pci 0000:00:02.0: vgaarb: VGA device added: decodes=io+mem,owns=io+mem,locks=none
[    0.683892] vgaarb: loaded
[    0.684694] hpet0: at MMIO 0xfed00000, IRQs 2, 8, 0
[    0.684730] hpet0: 3 comparators, 64-bit 100.000000 MHz counter
[    3.470414] clocksource: Switched to clocksource kvm-clock
[    3.584795] VFS: Disk quotas dquot_6.6.0
[    3.584878] VFS: Dquot-cache hash table entries: 512 (order 0, 4096 bytes)
[    3.585103] pnp: PnP ACPI init
[    3.586682] pnp: PnP ACPI: found 6 devices
[    3.597507] clocksource: acpi_pm: mask: 0xffffff max_cycles: 0xffffff, max_idle_ns: 2085701024 ns
[    3.598045] NET: Registered PF_INET protocol family
[    3.599247] IP idents hash table entries: 32768 (order: 6, 262144 bytes, linear)
[    3.606462] tcp_listen_portaddr_hash hash table entries: 1024 (order: 2, 16384 bytes, linear)
[    3.606521] TCP established hash table entries: 16384 (order: 5, 131072 bytes, linear)
[    3.606825] TCP bind bhash tables hash table entries: 16384 (order: 6, 393216 bytes, linear)
[    3.607446] TCP: Hash tables configured (established 16384 bind 16384)
[    3.613914] UDP hash table entries: 1024 (order: 3, 32768 bytes, linear)
[    3.613996] UDP-Lite hash table entries: 1024 (order: 3, 32768 bytes, linear)
[    3.614287] NET: Registered PF_UNIX/PF_LOCAL protocol family
[    3.614963] RPC: Registered named UNIX socket transport module.
[    3.614973] RPC: Registered udp transport module.
[    3.614977] RPC: Registered tcp transport module.
[    3.614981] RPC: Registered tcp NFSv4.1 backchannel transport module.
[    3.615025] pci_bus 0000:00: resource 4 [io  0x0000-0x0cf7 window]
[    3.615041] pci_bus 0000:00: resource 5 [io  0x0d00-0xffff window]
[    3.615054] pci_bus 0000:00: resource 6 [mem 0x000a0000-0x000bffff window]
[    3.615091] pci_bus 0000:00: resource 7 [mem 0x80000000-0xfebfffff window]
[    3.615105] pci_bus 0000:00: resource 8 [mem 0x100000000-0x17fffffff window]
[    3.615366] pci 0000:00:01.0: PIIX3: Enabling Passive Release
[    3.615402] pci 0000:00:00.0: Limiting direct PCI/PCI transfers
[    3.615447] pci 0000:00:01.0: Activating ISA DMA hang workarounds
[    3.615580] PCI: CLS 0 bytes, default 64
[    3.615676] ACPI: bus type thunderbolt registered
[    3.616073] clocksource: tsc: mask: 0xffffffffffffffff max_cycles: 0x1128af0325d, max_idle_ns: 440795261011 ns
[    3.624186] Initialise system trusted keyrings
[    3.624257] Key type blacklist registered
[    3.625164] workingset: timestamp_bits=36 max_order=19 bucket_order=0
[    3.631846] zbud: loaded
[    3.633201] squashfs: version 4.0 (2009/01/31) Phillip Lougher
[    3.641802] NFS: Registering the id_resolver key type
[    3.641827] Key type id_resolver registered
[    3.641831] Key type id_legacy registered
[    3.641927] nfs4filelayout_init: NFSv4 File Layout Driver Registering...
[    3.641949] nfs4flexfilelayout_init: NFSv4 Flexfile Layout Driver Registering...
[    3.642111] fuse: init (API version 7.36)
[    3.642388] SGI XFS with ACLs, security attributes, realtime, quota, no debug enabled
[    3.649595] 9p: Installing v9fs 9p2000 file system support
[    3.668347] Key type asymmetric registered
[    3.668369] Asymmetric key parser 'x509' registered
[    3.673932] alg: self-tests for CTR-KDF (hmac(sha256)) passed
[    3.674024] Block layer SCSI generic (bsg) driver version 0.4 loaded (major 243)
[    3.674177] io scheduler mq-deadline registered
[    3.674228] io scheduler bfq registered
[    3.675366] shpchp: Standard Hot Plug PCI Controller Driver version: 0.4
[    3.675675] IPMI message handler: version 39.2
[    3.675703] ipmi device interface
[    3.678119] input: Power Button as /devices/LNXSYSTM:00/LNXPWRBN:00/input/input0
[    3.691195] ACPI: button: Power Button [PWRF]
[    3.692370] ERST DBG: ERST support is disabled.
[    3.693181] Serial: 8250/16550 driver, 32 ports, IRQ sharing enabled
[    3.693762] 00:04: ttyS0 at I/O 0x3f8 (irq = 4, base_baud = 115200) is a 16550A
[    3.701041] Linux agpgart interface v0.103
[    3.705920] ACPI: bus type drm_connector registered
[    3.716597] brd: module loaded
[    3.723245] loop: module loaded
[    3.726281] scsi host0: ata_piix
[    3.726662] scsi host1: ata_piix
[    3.726778] ata1: PATA max MWDMA2 cmd 0x1f0 ctl 0x3f6 bmdma 0xc040 irq 14
[    3.726786] ata2: PATA max MWDMA2 cmd 0x170 ctl 0x376 bmdma 0xc048 irq 15
[    3.730144] tun: Universal TUN/TAP device driver, 1.6
[    3.730338] e100: Intel(R) PRO/100 Network Driver
[    3.730346] e100: Copyright(c) 1999-2006 Intel Corporation
[    3.730420] e1000: Intel(R) PRO/1000 Network Driver
[    3.730424] e1000: Copyright (c) 1999-2006 Intel Corporation.
[    3.837302] ACPI: \_SB_.LNKC: Enabled at IRQ 11
[    3.887442] ata1: found unknown device (class 0)
[    3.888121] ata1.00: ATA-7: QEMU HARDDISK, 2.5+, max UDMA/100
[    3.888139] ata1.00: 16777216 sectors, multi 16: LBA48 
[    3.889052] scsi 0:0:0:0: Direct-Access     ATA      QEMU HARDDISK    2.5+ PQ: 0 ANSI: 5
[    3.889660] ata2: found unknown device (class 0)
[    3.890145] ata2.00: ATAPI: QEMU DVD-ROM, 2.5+, max UDMA/100
[    3.890980] scsi 0:0:0:0: Attached scsi generic sg0 type 0
[    3.891540] sd 0:0:0:0: [sda] 16777216 512-byte logical blocks: (8.59 GB/8.00 GiB)
[    3.891571] sd 0:0:0:0: [sda] Write Protect is off
[    3.891627] sd 0:0:0:0: [sda] Write cache: enabled, read cache: enabled, doesn't support DPO or FUA
[    3.891679] sd 0:0:0:0: [sda] Preferred minimum I/O size 512 bytes
[    3.897130] scsi 1:0:0:0: CD-ROM            QEMU     QEMU DVD-ROM     2.5+ PQ: 0 ANSI: 5
[    3.913031] sd 0:0:0:0: [sda] Attached SCSI disk
[    3.935865] scsi 1:0:0:0: Attached scsi generic sg1 type 5
[    4.197114] e1000 0000:00:03.0 eth0: (PCI:33MHz:32-bit) 52:54:00:12:34:56
[    4.197151] e1000 0000:00:03.0 eth0: Intel(R) PRO/1000 Network Connection
[    4.197298] e1000e: Intel(R) PRO/1000 Network Driver
[    4.197306] e1000e: Copyright(c) 1999 - 2015 Intel Corporation.
[    4.197385] igb: Intel(R) Gigabit Ethernet Network Driver
[    4.197391] igb: Copyright (c) 2007-2014 Intel Corporation.
[    4.197509] PPP generic driver version 2.4.2
[    4.197995] VFIO - User Level meta-driver version: 0.3
[    4.198052] ehci_hcd: USB 2.0 'Enhanced' Host Controller (EHCI) Driver
[    4.198102] ehci-pci: EHCI PCI platform driver
[    4.198150] ehci-platform: EHCI generic platform driver
[    4.198173] ohci_hcd: USB 1.1 'Open' Host Controller (OHCI) Driver
[    4.198182] ohci-pci: OHCI PCI platform driver
[    4.198227] ohci-platform: OHCI generic platform driver
[    4.198264] uhci_hcd: USB Universal Host Controller Interface driver
[    4.198616] usbcore: registered new interface driver uas
[    4.198681] usbcore: registered new interface driver usb-storage
[    4.198819] i8042: PNP: PS/2 Controller [PNP0303:KBD,PNP0f13:MOU] at 0x60,0x64 irq 1,12
[    4.200019] serio: i8042 KBD port at 0x60,0x64 irq 1
[    4.200049] serio: i8042 AUX port at 0x60,0x64 irq 12
[    4.202527] mousedev: PS/2 mouse device common for all mice
[    4.203937] rtc_cmos 00:05: RTC can wake from S4
[    4.204648] rtc_cmos 00:05: registered as rtc0
[    4.204717] rtc_cmos 00:05: setting system clock to 2022-12-08T05:32:37 UTC (1670477557)
[    4.204832] rtc_cmos 00:05: alarms up to one day, y3k, 242 bytes nvram, hpet irqs
[    4.204860] i2c_dev: i2c /dev entries driver
[    4.205035] device-mapper: core: CONFIG_IMA_DISABLE_HTABLE is disabled. Duplicate IMA measurements will not be recorded in the IMA log.
[    4.205175] device-mapper: uevent: version 1.0.3
[    4.205303] device-mapper: ioctl: 4.46.0-ioctl (2022-02-22) initialised: dm-devel@redhat.com
[    4.205319] intel_pstate: CPU model not supported
[    4.205375] sdhci: Secure Digital Host Controller Interface driver
[    4.205379] sdhci: Copyright(c) Pierre Ossman
[    4.205452] sdhci-pltfm: SDHCI platform and OF driver helper
[    4.205726] input: AT Translated Set 2 keyboard as /devices/platform/i8042/serio0/input/input1
[    4.206400] input: VirtualPS/2 VMware VMMouse as /devices/platform/i8042/serio1/input/input4
[    4.206818] input: VirtualPS/2 VMware VMMouse as /devices/platform/i8042/serio1/input/input3
[    4.207042] ledtrig-cpu: registered to indicate activity on CPUs
[    4.207325] drop_monitor: Initializing network drop monitor service
[    4.207860] NET: Registered PF_INET6 protocol family
[    4.212549] Segment Routing with IPv6
[    4.212595] In-situ OAM (IOAM) with IPv6
[    4.212660] NET: Registered PF_PACKET protocol family
[    4.212923] 9pnet: Installing 9P2000 support
[    4.212975] Key type dns_resolver registered
[    4.213994] IPI shorthand broadcast: enabled
[    4.214065] sched_clock: Marking stable (4204166327, 9381671)->(4299900182, -86352184)
[    4.215617] registered taskstats version 1
[    4.216502] Loading compiled-in X.509 certificates
[    4.216753] zswap: loaded using pool lzo/zbud
[    4.219926] Key type ._fscrypt registered
[    4.219932] Key type .fscrypt registered
[    4.219936] Key type fscrypt-provisioning registered
[    4.229840] Key type encrypted registered
[    4.229901] ima: No TPM chip found, activating TPM-bypass!
[    4.229929] ima: Allocated hash algorithm: sha1
[    4.229972] ima: No architecture policies found
[    4.230019] evm: Initialising EVM extended attributes:
[    4.230023] evm: security.selinux
[    4.230029] evm: security.SMACK64
[    4.230034] evm: security.SMACK64EXEC
[    4.230040] evm: security.SMACK64TRANSMUTE
[    4.230046] evm: security.SMACK64MMAP
[    4.230051] evm: security.apparmor
[    4.230056] evm: security.ima
[    4.230061] evm: security.capability
[    4.230067] evm: HMAC attrs: 0x1
[    4.234977] PM:   Magic number: 2:643:516
[    4.235535] RAS: Correctable Errors collector initialized.
[    4.238762] md: Waiting for all devices to be available before autodetect
[    4.238766] md: If you don't use raid, use raid=noautodetect
[    4.238772] md: Autodetecting RAID arrays.
[    4.238776] md: autorun ...
[    4.238778] md: ... autorun DONE.
[    4.242970] EXT4-fs (sda): INFO: recovery required on readonly filesystem
[    4.242980] EXT4-fs (sda): write access will be enabled during recovery
[    4.297091] EXT4-fs (sda): recovery complete
[    4.300584] EXT4-fs (sda): mounted filesystem with ordered data mode. Quota mode: none.
[    4.300671] VFS: Mounted root (ext4 filesystem) readonly on device 8:0.
[    4.301271] devtmpfs: mounted
[    4.313833] Freeing unused decrypted memory: 2036K
[    4.315772] Freeing unused kernel image (initmem) memory: 3256K
[    4.315783] Write protecting the kernel read-only data: 40960k
[    4.318543] Freeing unused kernel image (text/rodata gap) memory: 2032K
[    4.318951] Freeing unused kernel image (rodata/data gap) memory: 384K
[    4.424878] x86/mm: Checked W+X mappings: passed, no W+X pages found.
[    4.424917] Run /sbin/init as init process
[    4.519567] systemd[1]: RTC configured in localtime, applying delta of 0 minutes to system time.
[    4.549305] systemd[1]: systemd 239 (239-49.el8) running in system mode. (+PAM +AUDIT +SELINUX +IMA -APPARMOR +SMACK +SYSVINIT +UTMP +LIBCRYPTSETUP +GCRYPT +GNUTLS +ACL +XZ +LZ4 +SECCOMP +BLKID +ELFUTILS +KMOD +IDN2 -IDN +PCRE2 default-hierarchy=legacy)
[    4.549405] systemd[1]: Detected virtualization kvm.
[    4.549415] systemd[1]: Detected architecture x86-64.

Welcome to [0;31mCentOS Stream 8[0m!

[    4.581353] systemd[1]: Set hostname to <test>.
[    6.443097] random: crng init done
[[0;32m  OK  [0m] Listening on udev Kernel Socket.
[[0;32m  OK  [0m] Listening on LVM2 poll daemon socket.
[[0;32m  OK  [0m] Started Forward Password Requests to Wall Directory Watch.
[[0;32m  OK  [0m] Created slice User and Session Slice.
[    6.575167] systemd[1]: Listening on udev Kernel Socket.
[    6.576187] systemd[1]: Listening on LVM2 poll daemon socket.
[    6.576875] systemd[1]: Started Forward Password Requests to Wall Directory Watch.
[    6.578989] systemd[1]: Created slice User and Session Slice.
[[0;32m  OK  [0m] Listening on Journal Socket.
[    6.580136] systemd[1]: Listening on Journal Socket.
[    6.582854] systemd[1]: Listening on initctl Compatibility Named Pipe.
[[0;32m  OK  [0m] Listening on initctl Compatibility Named Pipe.
         Starting Setup Virtual Console...
[[0;32m  OK  [0m] Created slice system-serial\x2dgetty.slice.
[[0;32m  OK  [0m] Reached target Slices.
         Mounting POSIX Message Queue File System...
[[0;32m  OK  [0m] Listening on RPCbind Server Activation Socket.
[[0;32m  OK  [0m] Listening on Device-mapper event daemon FIFOs.
         Starting Monitoring of LVM2 mirrorsâ€¦ng dmeventd or progress polling...
[[0;32m  OK  [0m] Listening on Process Core Dump Socket.
         Mounting Huge Pages File System...
[[0;32m  OK  [0m] Set up automount Arbitrary Executabâ€¦rmats File System Automount Point.
         Mounting Kernel Debug File System...
[[0;32m  OK  [0m] Reached target Swap.
[[0;32m  OK  [0m] Listening on udev Control Socket.
         Starting Load Kernel Modules...
         Starting udev Coldplug all Devices...
[[0;32m  OK  [0m] Listening on Journal Socket (/dev/log).
         Starting Journal Service...
[[0;32m  OK  [0m] Reached target RPC Port Mapper.
[[0;32m  OK  [0m] Listening on multipathd control socket.
         Starting Remount Root and Kernel File Systems...
[[0;32m  OK  [0m] Created slice system-getty.slice.
[[0;32m  OK  [0m] Created slice system-sshd\x2dkeygen.slice.
[[0;32m  OK  [0m] Mounted POSIX Message Queue File System.
[[0;32m  OK  [0m] Mounted Huge Pages File System.
[[0;32m  OK  [0m] Mounted Kernel Debug File System.
[[0;1;31mFAILED[0m] Failed to start Load Kernel Modules.
See 'systemctl status systemd-modules-load.service' for details.
         Starting Apply Kernel Variables...
         Mounting Kernel Configuration File System...
         Mounting FUSE Control File System...
[[0;32m  OK  [0m] Started Journal Service.
[    6.956921] EXT4-fs (sda): re-mounted. Quota mode: none.
[[0;32m  OK  [0m] Started Remount Root and Kernel File Systems.
[[0;32m  OK  [0m] Started udev Coldplug all Devices.
[[0;32m  OK  [0m] Started Setup Virtual Console.
[[0;32m  OK  [0m] Started Apply Kernel Variables.
[[0;32m  OK  [0m] Mounted Kernel Configuration File System.
[[0;32m  OK  [0m] Mounted FUSE Control File System.
         Starting udev Wait for Complete Device Initialization...
         Starting Load/Save Random Seed...
         Starting Create Static Device Nodes in /dev...
         Starting Flush Journal to Persistent Storage...
[[0;32m  OK  [0m] Started Load/Save Random Seed.
[[0;32m  OK  [0m] Started Flush Journal to Persistent Storage.
[[0;32m  OK  [0m] Started Create Static Device Nodes in /dev.
         Starting udev Kernel Device Manager...
[[0;32m  OK  [0m] Started udev Kernel Device Manager.
         Starting Show Plymouth Boot Screen...
[[0;32m  OK  [0m] Started Show Plymouth Boot Screen.
[[0;32m  OK  [0m] Reached target Paths.
[[0;32m  OK  [0m] Reached target Local Encrypted Volumes.
[[0;32m  OK  [0m] Started Forward Password Requests to Plymouth Directory Watch.
[[0;32m  OK  [0m] Found device /dev/ttyS0.
[[0;32m  OK  [0m] Listening on Load/Save RF Kill Switch Status /dev/rfkill Watch.
[[0;32m  OK  [0m] Started Monitoring of LVM2 mirrors,â€¦sing dmeventd or progress polling.
[[0;32m  OK  [0m] Started udev Wait for Complete Device Initialization.
[[0;32m  OK  [0m] Reached target Local File Systems (Pre).
[[0;32m  OK  [0m] Reached target Local File Systems.
         Starting Tell Plymouth To Write Out Runtime Data...
         Starting Restore /run/initramfs on shutdown...
         Starting Create Volatile Files and Directories...
[[0;32m  OK  [0m] Started Tell Plymouth To Write Out Runtime Data.
[[0;32m  OK  [0m] Started Restore /run/initramfs on shutdown.
[[0;32m  OK  [0m] Started Create Volatile Files and Directories.
         Mounting RPC Pipe File System...
         Starting Security Auditing Service...
         Starting RPC Bind...
[[0;32m  OK  [0m] Mounted RPC Pipe File System.
[[0;32m  OK  [0m] Reached target rpc_pipefs.target.
[[0;32m  OK  [0m] Started RPC Bind.
[[0;32m  OK  [0m] Started Security Auditing Service.
         Starting Update UTMP about System Boot/Shutdown...
[[0;32m  OK  [0m] Started Update UTMP about System Boot/Shutdown.
[[0;32m  OK  [0m] Reached target System Initialization.
[[0;32m  OK  [0m] Listening on D-Bus System Message Bus Socket.
[[0;32m  OK  [0m] Started dnf makecache --timer.
[[0;32m  OK  [0m] Started daily update of the root trust anchor for DNSSEC.
[[0;32m  OK  [0m] Started Daily Cleanup of Temporary Directories.
[[0;32m  OK  [0m] Reached target Timers.
[[0;32m  OK  [0m] Listening on SSSD Kerberos Cache Manager responder socket.
[[0;32m  OK  [0m] Reached target Sockets.
[[0;32m  OK  [0m] Reached target Basic System.
         Starting Authorization Manager...
[[0;32m  OK  [0m] Started irqbalance daemon.
         Starting Auto-connect to subsystemsâ€¦-NVME devices found during boot...
         Starting Login Service...
         Starting Self Monitoring and Reporting Technology (SMART) Daemon...
[[0;32m  OK  [0m] Started Machine Check Exception Logging Daemon.
[[0;32m  OK  [0m] Reached target sshd-keygen.target.
[[0;32m  OK  [0m] Started D-Bus System Message Bus.
         Starting Network Manager...
         Starting NTP client/server...
[[0;32m  OK  [0m] Started Auto-connect to subsystems â€¦FC-NVME devices found during boot.
         Starting update of the root trust aâ€¦or DNSSEC validation in unbound...
[[0;32m  OK  [0m] Started Login Service.
[[0;32m  OK  [0m] Started Self Monitoring and Reporting Technology (SMART) Daemon.
[[0;32m  OK  [0m] Started Network Manager.
         Starting Network Manager Wait Online...
[[0;32m  OK  [0m] Reached target Network.
         Starting Dynamic System Tuning Daemon...
         Starting GSSAPI Proxy Daemon...
         Starting OpenSSH server daemon...
[[0;32m  OK  [0m] Started update of the root trust anâ€¦ for DNSSEC validation in unbound.
[[0;32m  OK  [0m] Started NTP client/server.
[[0;32m  OK  [0m] Started OpenSSH server daemon.
         Starting Hostname Service...
[[0;32m  OK  [0m] Started GSSAPI Proxy Daemon.
[[0;32m  OK  [0m] Reached target NFS client services.
[[0;32m  OK  [0m] Reached target Remote File Systems (Pre).
[[0;32m  OK  [0m] Reached target Remote File Systems.
         Starting Permit User Sessions...
[[0;32m  OK  [0m] Started Authorization Manager.
[[0;32m  OK  [0m] Started Permit User Sessions.
[[0;32m  OK  [0m] Started Command Scheduler.
         Starting Terminate Plymouth Boot Screen...
         Starting Hold until boot process finishes up...
[    8.559120] e1000: eth0 NIC Link is Up 1000 Mbps Full Duplex, Flow Control: RX
[    8.559655] IPv6: ADDRCONF(NETDEV_CHANGE): eth0: link becomes ready
[    8.798917] Spectre V2 : WARNING: Unprivileged eBPF is enabled with eIBRS on, data leaks possible via Spectre v2 BHB attacks!
[    8.798946] Spectre V2 : WARNING: Unprivileged eBPF is enabled with eIBRS on, data leaks possible via Spectre v2 BHB attacks!

CentOS Stream 8
Kernel 5.19.0-rc1-6ff40f00e5a4+ on an x86_64

test login: [   28.138268] ------------[ cut here ]------------
[   28.138277] WARNING: CPU: 1 PID: 568 at mm/memory.c:874 copy_page_range+0x1858/0x2960
[   28.139002] Modules linked in:
[   28.139219] CPU: 1 PID: 568 Comm: repro Not tainted 5.19.0-rc1-6ff40f00e5a4+ #1
[   28.139706] Hardware name: QEMU Standard PC (i440FX + PIIX, 1996), BIOS rel-1.14.0-0-g155821a1990b-prebuilt.qemu.org 04/01/2014
[   28.140306] RIP: 0010:copy_page_range+0x1858/0x2960
[   28.140584] Code: 5b e2 ff 41 83 fc 1e 0f 85 b1 fe ff ff e8 00 5a e2 ff 31 ff 4c 89 ee e8 26 5b e2 ff 4d 85 ed 0f 85 b6 fe ff ff e8 e8 59 e2 ff <0f> 0b e9 aa fe ff ff e8 dc 59 e2 ff 4c 8b 2d c5 e3 2b 02 49 81 e5
[   28.141550] RSP: 0018:ffffc90000c9baf0 EFLAGS: 00010246
[   28.141838] RAX: 0000000000000000 RBX: f7fffffffffffc00 RCX: ffffffff81415aba
[   28.142229] RDX: 0000000000000000 RSI: ffff888007e28000 RDI: 0000000000000002
[   28.142612] RBP: ffffc90000c9bc98 R08: 0000000000000040 R09: 0000000000000000
[   28.142996] R10: 0000000000000001 R11: ffffea00002ab580 R12: 000000000000001e
[   28.143405] R13: 0000000000000000 R14: 0000000000000004 R15: 0000000000000000
[   28.143905] FS:  00007f5b23733740(0000) GS:ffff88807dd00000(0000) knlGS:0000000000000000
[   28.144335] CS:  0010 DS: 0000 ES: 0000 CR0: 0000000080050033
[   28.144648] CR2: 00000000200000c0 CR3: 0000000007d5c005 CR4: 0000000000770ee0
[   28.145032] DR0: 0000000000000000 DR1: 0000000000000000 DR2: 0000000000000000
[   28.145413] DR3: 0000000000000000 DR6: 00000000ffff07f0 DR7: 0000000000000400
[   28.145791] PKRU: 55555554
[   28.145946] Call Trace:
[   28.146097]  <TASK>
[   28.146242]  dup_mm+0x689/0x900
[   28.146436]  copy_process+0x1ade/0x23e0
[   28.146656]  ? __sanitizer_cov_trace_pc+0x25/0x50
[   28.146928]  kernel_clone+0x90/0x670
[   28.147152]  ? userfaultfd_ioctl+0xd2/0x23c0
[   28.147491]  __do_sys_clone+0xa2/0xd0
[   28.147779]  __x64_sys_clone+0x2f/0x40
[   28.148023]  do_syscall_64+0x3b/0x90
[   28.148243]  entry_SYSCALL_64_after_hwframe+0x46/0xb0
[   28.148538] RIP: 0033:0x7f5b2385859d
[   28.148749] Code: 00 c3 66 2e 0f 1f 84 00 00 00 00 00 90 f3 0f 1e fa 48 89 f8 48 89 f7 48 89 d6 48 89 ca 4d 89 c2 4d 89 c8 4c 8b 4c 24 08 0f 05 <48> 3d 01 f0 ff ff 73 01 c3 48 8b 0d d3 08 0d 00 f7 d8 64 89 01 48
[   28.149722] RSP: 002b:00007ffc5a2e6b58 EFLAGS: 00000202 ORIG_RAX: 0000000000000038
[   28.150133] RAX: ffffffffffffffda RBX: 0000000000000000 RCX: 00007f5b2385859d
[   28.150555] RDX: 0000000000000000 RSI: 0000000000000000 RDI: 0000000000001000
[   28.150938] RBP: 00007ffc5a2e6ba0 R08: 0000000000000000 R09: 0000000000000000
[   28.151340] R10: 0000000000000000 R11: 0000000000000202 R12: 0000000000401060
[   28.151846] R13: 00007ffc5a2e6ca0 R14: 0000000000000000 R15: 0000000000000000
[   28.152230]  </TASK>
[   28.152363] ---[ end trace 0000000000000000 ]---
