c[?7l[2J[0mSeaBIOS (version rel-1.14.0-0-g155821a1990b-prebuilt.qemu.org)


iPXE (http://ipxe.org) 00:03.0 CA00 PCI2.10 PnP PMM+7FF8F030+7FEEF030 CA00
Press Ctrl-B to configure iPXE (PCI 00:03.0)...                                                                               


Booting from ROM..c[?7l[2J[    0.000000] Linux version 5.18.0-rc4-81e0f15f2ef6+ (root@p-mtlp02) (gcc (GCC) 8.5.0 20210514 (Red Hat 8.5.0-17), GNU ld version 2.36.1-2.el8) #1 SMP PREEMPT_DYNAMIC Thu Dec 8 19:45:10 CST 2022
[    0.000000] Command line: console=ttyS0 root=/dev/sda earlyprintk=serial net.ifnames=0
[    0.000000] KERNEL supported cpus:
[    0.000000]   Intel GenuineIntel
[    0.000000]   AMD AuthenticAMD
[    0.000000]   Hygon HygonGenuine
[    0.000000]   Centaur CentaurHauls
[    0.000000]   zhaoxin   Shanghai  
[    0.000000] x86/split lock detection: #DB: warning on user-space bus_locks
[    0.000000] x86/fpu: Supporting XSAVE feature 0x001: 'x87 floating point registers'
[    0.000000] x86/fpu: Supporting XSAVE feature 0x002: 'SSE registers'
[    0.000000] x86/fpu: Supporting XSAVE feature 0x004: 'AVX registers'
[    0.000000] x86/fpu: Supporting XSAVE feature 0x200: 'Protection Keys User registers'
[    0.000000] x86/fpu: xstate_offset[2]:  576, xstate_sizes[2]:  256
[    0.000000] x86/fpu: xstate_offset[9]:  832, xstate_sizes[9]:    8
[    0.000000] x86/fpu: Enabled xstate features 0x207, context size is 840 bytes, using 'compacted' format.
[    0.000000] signal: max sigframe size: 3632
[    0.000000] BIOS-provided physical RAM map:
[    0.000000] BIOS-e820: [mem 0x0000000000000000-0x000000000009fbff] usable
[    0.000000] BIOS-e820: [mem 0x000000000009fc00-0x000000000009ffff] reserved
[    0.000000] BIOS-e820: [mem 0x00000000000f0000-0x00000000000fffff] reserved
[    0.000000] BIOS-e820: [mem 0x0000000000100000-0x000000007ffdffff] usable
[    0.000000] BIOS-e820: [mem 0x000000007ffe0000-0x000000007fffffff] reserved
[    0.000000] BIOS-e820: [mem 0x00000000feffc000-0x00000000feffffff] reserved
[    0.000000] BIOS-e820: [mem 0x00000000fffc0000-0x00000000ffffffff] reserved
[    0.000000] printk: bootconsole [earlyser0] enabled
[    0.000000] NX (Execute Disable) protection: active
[    0.000000] SMBIOS 2.8 present.
[    0.000000] DMI: QEMU Standard PC (i440FX + PIIX, 1996), BIOS rel-1.14.0-0-g155821a1990b-prebuilt.qemu.org 04/01/2014
[    0.000000] Hypervisor detected: KVM
[    0.000000] kvm-clock: Using msrs 4b564d01 and 4b564d00
[    0.000003] kvm-clock: using sched offset of 401682693 cycles
[    0.000368] clocksource: kvm-clock: mask: 0xffffffffffffffff max_cycles: 0x1cd42e4dffb, max_idle_ns: 881590591483 ns
[    0.001516] tsc: Detected 1190.400 MHz processor
[    0.006819] last_pfn = 0x7ffe0 max_arch_pfn = 0x400000000
[    0.007258] x86/PAT: Configuration [0-7]: WB  WC  UC- UC  WB  WP  UC- WT  
[    0.015967] found SMP MP-table at [mem 0x000f5a90-0x000f5a9f]
[    0.016484] Using GB pages for direct mapping
[    0.017890] ACPI: Early table checksum verification disabled
[    0.018322] ACPI: RSDP 0x00000000000F5870 000014 (v00 BOCHS )
[    0.018747] ACPI: RSDT 0x000000007FFE1959 000034 (v01 BOCHS  BXPC     00000001 BXPC 00000001)
[    0.019369] ACPI: FACP 0x000000007FFE1805 000074 (v01 BOCHS  BXPC     00000001 BXPC 00000001)
[    0.019978] ACPI: DSDT 0x000000007FFE0040 0017C5 (v01 BOCHS  BXPC     00000001 BXPC 00000001)
[    0.020585] ACPI: FACS 0x000000007FFE0000 000040
[    0.020921] ACPI: APIC 0x000000007FFE1879 000080 (v01 BOCHS  BXPC     00000001 BXPC 00000001)
[    0.021531] ACPI: HPET 0x000000007FFE18F9 000038 (v01 BOCHS  BXPC     00000001 BXPC 00000001)
[    0.022162] ACPI: WAET 0x000000007FFE1931 000028 (v01 BOCHS  BXPC     00000001 BXPC 00000001)
[    0.022769] ACPI: Reserving FACP table memory at [mem 0x7ffe1805-0x7ffe1878]
[    0.023263] ACPI: Reserving DSDT table memory at [mem 0x7ffe0040-0x7ffe1804]
[    0.023757] ACPI: Reserving FACS table memory at [mem 0x7ffe0000-0x7ffe003f]
[    0.024252] ACPI: Reserving APIC table memory at [mem 0x7ffe1879-0x7ffe18f8]
[    0.024746] ACPI: Reserving HPET table memory at [mem 0x7ffe18f9-0x7ffe1930]
[    0.025247] ACPI: Reserving WAET table memory at [mem 0x7ffe1931-0x7ffe1958]
[    0.026533] No NUMA configuration found
[    0.026806] Faking a node at [mem 0x0000000000000000-0x000000007ffdffff]
[    0.027327] NODE_DATA(0) allocated [mem 0x7ffb5000-0x7ffdffff]
[    0.030782] Zone ranges:
[    0.030963]   DMA      [mem 0x0000000000001000-0x0000000000ffffff]
[    0.031406]   DMA32    [mem 0x0000000001000000-0x000000007ffdffff]
[    0.031848]   Normal   empty
[    0.032054]   Device   empty
[    0.032261] Movable zone start for each node
[    0.032562] Early memory node ranges
[    0.032818]   node   0: [mem 0x0000000000001000-0x000000000009efff]
[    0.033262]   node   0: [mem 0x0000000000100000-0x000000007ffdffff]
[    0.033717] Initmem setup node 0 [mem 0x0000000000001000-0x000000007ffdffff]
[    0.034684] On node 0, zone DMA: 1 pages in unavailable ranges
[    0.034829] On node 0, zone DMA: 97 pages in unavailable ranges
[    0.057528] On node 0, zone DMA32: 32 pages in unavailable ranges
[    0.058326] ACPI: PM-Timer IO Port: 0x608
[    0.059205] ACPI: LAPIC_NMI (acpi_id[0xff] dfl dfl lint[0x1])
[    0.059765] IOAPIC[0]: apic_id 0, version 17, address 0xfec00000, GSI 0-23
[    0.060357] ACPI: INT_SRC_OVR (bus 0 bus_irq 0 global_irq 2 dfl dfl)
[    0.060888] ACPI: INT_SRC_OVR (bus 0 bus_irq 5 global_irq 5 high level)
[    0.061444] ACPI: INT_SRC_OVR (bus 0 bus_irq 9 global_irq 9 high level)
[    0.061986] ACPI: INT_SRC_OVR (bus 0 bus_irq 10 global_irq 10 high level)
[    0.062471] ACPI: INT_SRC_OVR (bus 0 bus_irq 11 global_irq 11 high level)
[    0.062959] ACPI: Using ACPI (MADT) for SMP configuration information
[    0.063409] ACPI: HPET id: 0x8086a201 base: 0xfed00000
[    0.063794] TSC deadline timer available
[    0.064075] smpboot: Allowing 2 CPUs, 0 hotplug CPUs
[    0.064521] kvm-guest: KVM setup pv remote TLB flush
[    0.064873] kvm-guest: setup PV sched yield
[    0.065246] PM: hibernation: Registered nosave memory: [mem 0x00000000-0x00000fff]
[    0.065804] PM: hibernation: Registered nosave memory: [mem 0x0009f000-0x0009ffff]
[    0.066342] PM: hibernation: Registered nosave memory: [mem 0x000a0000-0x000effff]
[    0.066870] PM: hibernation: Registered nosave memory: [mem 0x000f0000-0x000fffff]
[    0.067407] [mem 0x80000000-0xfeffbfff] available for PCI devices
[    0.067886] Booting paravirtualized kernel on KVM
[    0.068269] clocksource: refined-jiffies: mask: 0xffffffff max_cycles: 0xffffffff, max_idle_ns: 7645519600211568 ns
[    0.069065] setup_percpu: NR_CPUS:8192 nr_cpumask_bits:2 nr_cpu_ids:2 nr_node_ids:1
[    0.071243] percpu: Embedded 64 pages/cpu s225280 r8192 d28672 u1048576
[    0.071932] kvm-guest: PV spinlocks enabled
[    0.072244] PV qspinlock hash table entries: 256 (order: 0, 4096 bytes, linear)
[    0.072808] Fallback order for Node 0: 0 
[    0.073109] Built 1 zonelists, mobility grouping on.  Total pages: 515808
[    0.073593] Policy zone: DMA32
[    0.073821] Kernel command line: net.ifnames=0 console=ttyS0 root=/dev/sda earlyprintk=serial net.ifnames=0
[    0.076410] Dentry cache hash table entries: 262144 (order: 9, 2097152 bytes, linear)
[    0.077088] Inode-cache hash table entries: 131072 (order: 8, 1048576 bytes, linear)
[    0.077762] mem auto-init: stack:off, heap alloc:off, heap free:off
[    0.082076] Memory: 1985384K/2096632K available (32784K kernel code, 5483K rwdata, 7984K rodata, 3264K init, 21744K bss, 110992K reserved, 0K cma-reserved)
[    0.083071] random: get_random_u64 called from __kmem_cache_create+0x33/0x4f0 with crng_init=0
[    0.083745] SLUB: HWalign=64, Order=0-3, MinObjects=0, CPUs=2, Nodes=1
[    0.084766] kmemleak: Kernel memory leak detector disabled
[    0.085176] ftrace: allocating 66028 entries in 258 pages
[    0.112368] ftrace: allocated 258 pages with 2 groups
[    0.116368] Dynamic Preempt: voluntary
[    0.116836] Running RCU self tests
[    0.117115] rcu: Preemptible hierarchical RCU implementation.
[    0.117568] rcu: 	RCU lockdep checking is enabled.
[    0.117967] rcu: 	RCU restricting CPUs from NR_CPUS=8192 to nr_cpu_ids=2.
[    0.118501] 	Trampoline variant of Tasks RCU enabled.
[    0.118899] 	Rude variant of Tasks RCU enabled.
[    0.119256] 	Tracing variant of Tasks RCU enabled.
[    0.119634] rcu: RCU calculated value of scheduler-enlistment delay is 25 jiffies.
[    0.120228] rcu: Adjusting geometry for rcu_fanout_leaf=16, nr_cpu_ids=2
[    0.145687] NR_IRQS: 524544, nr_irqs: 440, preallocated irqs: 16
[    0.153870] Console: colour VGA+ 80x25
[    0.154241] printk: console [ttyS0] enabled
[    0.154241] printk: console [ttyS0] enabled
[    0.154915] printk: bootconsole [earlyser0] disabled
[    0.154915] printk: bootconsole [earlyser0] disabled
[    0.155709] Lock dependency validator: Copyright (c) 2006 Red Hat, Inc., Ingo Molnar
[    0.156333] ... MAX_LOCKDEP_SUBCLASSES:  8
[    0.156670] ... MAX_LOCK_DEPTH:          48
[    0.157013] ... MAX_LOCKDEP_KEYS:        8192
[    0.157372] ... CLASSHASH_SIZE:          4096
[    0.157733] ... MAX_LOCKDEP_ENTRIES:     32768
[    0.158094] ... MAX_LOCKDEP_CHAINS:      65536
[    0.158458] ... CHAINHASH_SIZE:          32768
[    0.158820]  memory used by lock dependency info: 6365 kB
[    0.159258]  memory used for stack traces: 4224 kB
[    0.159649]  per task-struct memory footprint: 1920 bytes
[    0.160134] ACPI: Core revision 20211217
[    0.160711] clocksource: hpet: mask: 0xffffffff max_cycles: 0xffffffff, max_idle_ns: 19112604467 ns
[    0.161594] APIC: Switch to symmetric I/O mode setup
[    0.162284] x2apic enabled
[    0.162711] Switched APIC routing to physical x2apic.
[    0.163128] kvm-guest: setup PV IPIs
[    0.164390] ..TIMER: vector=0x30 apic1=0 pin1=2 apic2=-1 pin2=-1
[    0.164903] clocksource: tsc-early: mask: 0xffffffffffffffff max_cycles: 0x1128af0325d, max_idle_ns: 440795261011 ns
[    0.165849] Calibrating delay loop (skipped) preset value.. 2380.80 BogoMIPS (lpj=4761600)
[    0.166520] pid_max: default: 32768 minimum: 301
[    0.166975] LSM: Security Framework initializing
[    0.167365] Yama: becoming mindful.
[    0.167849] Mount-cache hash table entries: 4096 (order: 3, 32768 bytes, linear)
[    0.168465] Mountpoint-cache hash table entries: 4096 (order: 3, 32768 bytes, linear)
[    0.170319] CPU0: Thermal monitoring enabled (TM1)
[    0.173566] x86/cpu: User Mode Instruction Prevention (UMIP) activated
[    0.174383] Last level iTLB entries: 4KB 0, 2MB 0, 4MB 0
[    0.174872] Last level dTLB entries: 4KB 0, 2MB 0, 4MB 0, 1GB 0
[    0.175407] Spectre V1 : Mitigation: usercopy/swapgs barriers and __user pointer sanitization
[    0.176093] Spectre V2 : WARNING: Unprivileged eBPF is enabled with eIBRS on, data leaks possible via Spectre v2 BHB attacks!
[    0.176985] Spectre V2 : Mitigation: Enhanced IBRS
[    0.177855] Spectre V2 : Spectre v2 / SpectreRSB mitigation: Filling RSB on context switch
[    0.178496] Spectre V2 : mitigation: Enabling conditional Indirect Branch Prediction Barrier
[    0.179144] Speculative Store Bypass: Mitigation: Speculative Store Bypass disabled via prctl
[    0.232790] Freeing SMP alternatives memory: 56K
[    0.233712] smpboot: CPU0: Genuine Intel(R) 0000 (family: 0x6, model: 0xaa, stepping: 0x1)
[    0.233834] cblist_init_generic: Setting adjustable number of callback queues.
[    0.233834] cblist_init_generic: Setting shift to 1 and lim to 1.
[    0.233834] cblist_init_generic: Setting shift to 1 and lim to 1.
[    0.233834] cblist_init_generic: Setting shift to 1 and lim to 1.
[    0.233834] Running RCU-tasks wait API self tests
[    0.334011] Performance Events: generic architected perfmon, full-width counters, Intel PMU driver.
[    0.334791] ... version:                2
[    0.335122] ... bit width:              48
[    0.335447] ... generic registers:      8
[    0.335764] ... value mask:             0000ffffffffffff
[    0.336182] ... max period:             00007fffffffffff
[    0.336599] ... fixed-purpose events:   3
[    0.336915] ... event mask:             00000007000000ff
[    0.337729] rcu: Hierarchical SRCU implementation.
[    0.341030] smp: Bringing up secondary CPUs ...
[    0.341971] x86: Booting SMP configuration:
[    0.342315] .... node  #0, CPUs:      #1
[    0.015325] smpboot: CPU 1 Converting physical 0 to logical die 1
[    0.346062] smp: Brought up 1 node, 2 CPUs
[    0.346385] smpboot: Max logical packages: 2
[    0.346726] smpboot: Total of 2 processors activated (4761.60 BogoMIPS)
[    0.351571] devtmpfs: initialized
[    0.351571] x86/mm: Memory block size: 128MB
[    0.353856] Callback from call_rcu_tasks_trace() invoked.
[    0.356324] clocksource: jiffies: mask: 0xffffffff max_cycles: 0xffffffff, max_idle_ns: 7645041785100000 ns
[    0.356324] futex hash table entries: 512 (order: 4, 65536 bytes, linear)
[    0.358142] pinctrl core: initialized pinctrl subsystem
[    0.359189] 
[    0.359319] *************************************************************
[    0.359852] **     NOTICE NOTICE NOTICE NOTICE NOTICE NOTICE NOTICE    **
[    0.360382] **                                                         **
[    0.360915] **  IOMMU DebugFS SUPPORT HAS BEEN ENABLED IN THIS KERNEL  **
[    0.361443] **                                                         **
[    0.361845] ** This means that this kernel is built to expose internal **
[    0.362376] ** IOMMU data structures, which may compromise security on **
[    0.362903] ** your system.                                            **
[    0.363432] **                                                         **
[    0.363961] ** If you see this message and you are not debugging the   **
[    0.364500] ** kernel, report this immediately to your vendor!         **
[    0.365027] **                                                         **
[    0.365555] **     NOTICE NOTICE NOTICE NOTICE NOTICE NOTICE NOTICE    **
[    0.365838] *************************************************************
[    0.366419] PM: RTC time: 12:11:38, date: 2022-12-08
[    0.370569] NET: Registered PF_NETLINK/PF_ROUTE protocol family
[    0.371745] DMA: preallocated 256 KiB GFP_KERNEL pool for atomic allocations
[    0.372314] DMA: preallocated 256 KiB GFP_KERNEL|GFP_DMA pool for atomic allocations
[    0.372924] DMA: preallocated 256 KiB GFP_KERNEL|GFP_DMA32 pool for atomic allocations
[    0.373602] audit: initializing netlink subsys (disabled)
[    0.373917] audit: type=2000 audit(1670501499.644:1): state=initialized audit_enabled=0 res=1
[    0.374522] thermal_sys: Registered thermal governor 'fair_share'
[    0.374706] thermal_sys: Registered thermal governor 'bang_bang'
[    0.375185] thermal_sys: Registered thermal governor 'step_wise'
[    0.375656] thermal_sys: Registered thermal governor 'user_space'
[    0.376174] cpuidle: using governor ladder
[    0.376992] cpuidle: using governor menu
[    0.377568] acpiphp: ACPI Hot Plug PCI Controller Driver version: 0.5
[    0.378206] PCI: Using configuration type 1 for base access
[    0.393653] kprobes: kprobe jump-optimization is enabled. All kprobes are optimized if possible.
[    0.393978] HugeTLB registered 1.00 GiB page size, pre-allocated 0 pages
[    0.394406] HugeTLB registered 2.00 MiB page size, pre-allocated 0 pages
[    0.398384] ACPI: Added _OSI(Module Device)
[    0.398761] ACPI: Added _OSI(Processor Device)
[    0.399131] ACPI: Added _OSI(3.0 _SCP Extensions)
[    0.399519] ACPI: Added _OSI(Processor Aggregator Device)
[    0.399963] ACPI: Added _OSI(Linux-Dell-Video)
[    0.400326] ACPI: Added _OSI(Linux-Lenovo-NV-HDMI-Audio)
[    0.400771] ACPI: Added _OSI(Linux-HPI-Hybrid-Graphics)
[    0.407711] ACPI: 1 ACPI AML tables successfully acquired and loaded
[    0.411991] ACPI: Interpreter enabled
[    0.412394] ACPI: PM: (supports S0 S3 S4 S5)
[    0.412752] ACPI: Using IOAPIC for interrupt routing
[    0.413237] PCI: Using host bridge windows from ACPI; if necessary, use "pci=nocrs" and report a bug
[    0.414613] ACPI: Enabled 2 GPEs in block 00 to 0F
[    0.432334] ACPI: PCI Root Bridge [PCI0] (domain 0000 [bus 00-ff])
[    0.432846] acpi PNP0A03:00: _OSC: OS supports [ASPM ClockPM Segments MSI EDR HPX-Type3]
[    0.433519] acpi PNP0A03:00: _OSC: not requesting OS control; OS requires [ExtendedConfig ASPM ClockPM MSI]
[    0.433915] acpi PNP0A03:00: fail to add MMCONFIG information, can't access extended PCI configuration space under this bridge.
[    0.437063] acpiphp: Slot [3] registered
[    0.437469] acpiphp: Slot [4] registered
[    0.438084] Callback from call_rcu_tasks_rude() invoked.
[    0.438545] acpiphp: Slot [5] registered
[    0.438958] acpiphp: Slot [6] registered
[    0.439335] acpiphp: Slot [7] registered
[    0.439713] acpiphp: Slot [8] registered
[    0.440113] acpiphp: Slot [9] registered
[    0.440521] acpiphp: Slot [10] registered
[    0.440932] acpiphp: Slot [11] registered
[    0.441339] acpiphp: Slot [12] registered
[    0.441746] acpiphp: Slot [13] registered
[    0.441911] acpiphp: Slot [14] registered
[    0.442328] acpiphp: Slot [15] registered
[    0.442739] acpiphp: Slot [16] registered
[    0.443144] acpiphp: Slot [17] registered
[    0.443546] acpiphp: Slot [18] registered
[    0.443952] acpiphp: Slot [19] registered
[    0.444367] acpiphp: Slot [20] registered
[    0.444773] acpiphp: Slot [21] registered
[    0.445180] acpiphp: Slot [22] registered
[    0.445585] acpiphp: Slot [23] registered
[    0.445909] acpiphp: Slot [24] registered
[    0.446323] acpiphp: Slot [25] registered
[    0.446735] acpiphp: Slot [26] registered
[    0.447141] acpiphp: Slot [27] registered
[    0.447548] acpiphp: Slot [28] registered
[    0.447952] acpiphp: Slot [29] registered
[    0.448367] acpiphp: Slot [30] registered
[    0.448776] acpiphp: Slot [31] registered
[    0.449136] PCI host bridge to bus 0000:00
[    0.449483] pci_bus 0000:00: root bus resource [io  0x0000-0x0cf7 window]
[    0.449840] pci_bus 0000:00: root bus resource [io  0x0d00-0xffff window]
[    0.450405] pci_bus 0000:00: root bus resource [mem 0x000a0000-0x000bffff window]
[    0.451023] pci_bus 0000:00: root bus resource [mem 0x80000000-0xfebfffff window]
[    0.451641] pci_bus 0000:00: root bus resource [mem 0x100000000-0x17fffffff window]
[    0.452275] pci_bus 0000:00: root bus resource [bus 00-ff]
[    0.452809] pci 0000:00:00.0: [8086:1237] type 00 class 0x060000
[    0.456762] pci 0000:00:01.0: [8086:7000] type 00 class 0x060100
[    0.457935] pci 0000:00:01.1: [8086:7010] type 00 class 0x010180
[    0.460023] pci 0000:00:01.1: reg 0x20: [io  0xc040-0xc04f]
[    0.460880] pci 0000:00:01.1: legacy IDE quirk: reg 0x10: [io  0x01f0-0x01f7]
[    0.461469] pci 0000:00:01.1: legacy IDE quirk: reg 0x14: [io  0x03f6]
[    0.461841] pci 0000:00:01.1: legacy IDE quirk: reg 0x18: [io  0x0170-0x0177]
[    0.462424] pci 0000:00:01.1: legacy IDE quirk: reg 0x1c: [io  0x0376]
[    0.463251] pci 0000:00:01.3: [8086:7113] type 00 class 0x068000
[    0.464069] pci 0000:00:01.3: quirk: [io  0x0600-0x063f] claimed by PIIX4 ACPI
[    0.464660] pci 0000:00:01.3: quirk: [io  0x0700-0x070f] claimed by PIIX4 SMB
[    0.465774] pci 0000:00:02.0: [1234:1111] type 00 class 0x030000
[    0.468431] pci 0000:00:02.0: reg 0x10: [mem 0xfd000000-0xfdffffff pref]
[    0.470840] pci 0000:00:02.0: reg 0x18: [mem 0xfebf0000-0xfebf0fff]
[    0.475424] pci 0000:00:02.0: reg 0x30: [mem 0xfebe0000-0xfebeffff pref]
[    0.476255] pci 0000:00:02.0: Video device with shadowed ROM at [mem 0x000c0000-0x000dffff]
[    0.480566] pci 0000:00:03.0: [8086:100e] type 00 class 0x020000
[    0.481530] pci 0000:00:03.0: reg 0x10: [mem 0xfebc0000-0xfebdffff]
[    0.482217] pci 0000:00:03.0: reg 0x14: [io  0xc000-0xc03f]
[    0.484892] pci 0000:00:03.0: reg 0x30: [mem 0xfeb80000-0xfebbffff pref]
[    0.497880] ACPI: PCI: Interrupt link LNKA configured for IRQ 10
[    0.498768] ACPI: PCI: Interrupt link LNKB configured for IRQ 10
[    0.499671] ACPI: PCI: Interrupt link LNKC configured for IRQ 11
[    0.500550] ACPI: PCI: Interrupt link LNKD configured for IRQ 11
[    0.501232] ACPI: PCI: Interrupt link LNKS configured for IRQ 9
[    0.503260] iommu: Default domain type: Translated 
[    0.503260] iommu: DMA domain TLB invalidation policy: lazy mode 
[    0.504064] SCSI subsystem initialized
[    0.506089] ACPI: bus type USB registered
[    0.506493] usbcore: registered new interface driver usbfs
[    0.506980] usbcore: registered new interface driver hub
[    0.507441] usbcore: registered new device driver usb
[    0.507963] pps_core: LinuxPPS API ver. 1 registered
[    0.508371] pps_core: Software ver. 5.3.6 - Copyright 2005-2007 Rodolfo Giometti <giometti@linux.it>
[    0.509109] PTP clock support registered
[    0.509574] EDAC MC: Ver: 3.0.0
[    0.510904] NetLabel: Initializing
[    0.511193] NetLabel:  domain hash size = 128
[    0.511555] NetLabel:  protocols = UNLABELED CIPSOv4 CALIPSO
[    0.512073] NetLabel:  unlabeled traffic allowed by default
[    0.512662] PCI: Using ACPI for IRQ routing
[    0.514015] pci 0000:00:02.0: vgaarb: setting as boot VGA device
[    0.514376] pci 0000:00:02.0: vgaarb: bridge control possible
[    0.514845] pci 0000:00:02.0: vgaarb: VGA device added: decodes=io+mem,owns=io+mem,locks=none
[    0.515530] vgaarb: loaded
[    0.515816] hpet0: at MMIO 0xfed00000, IRQs 2, 8, 0
[    0.515816] hpet0: 3 comparators, 64-bit 100.000000 MHz counter
[    0.519025] clocksource: Switched to clocksource kvm-clock
[    0.541949] Callback from call_rcu_tasks() invoked.
[    0.867114] VFS: Disk quotas dquot_6.6.0
[    0.867592] VFS: Dquot-cache hash table entries: 512 (order 0, 4096 bytes)
[    0.868719] pnp: PnP ACPI init
[    0.871901] pnp: PnP ACPI: found 6 devices
[    0.885060] clocksource: acpi_pm: mask: 0xffffff max_cycles: 0xffffff, max_idle_ns: 2085701024 ns
[    0.886130] NET: Registered PF_INET protocol family
[    0.886890] IP idents hash table entries: 32768 (order: 6, 262144 bytes, linear)
[    0.888265] tcp_listen_portaddr_hash hash table entries: 1024 (order: 4, 81920 bytes, linear)
[    0.889020] TCP established hash table entries: 16384 (order: 5, 131072 bytes, linear)
[    0.889900] TCP bind hash table entries: 16384 (order: 8, 1179648 bytes, linear)
[    0.891762] TCP: Hash tables configured (established 16384 bind 16384)
[    0.892492] UDP hash table entries: 1024 (order: 5, 163840 bytes, linear)
[    0.893163] UDP-Lite hash table entries: 1024 (order: 5, 163840 bytes, linear)
[    0.894020] NET: Registered PF_UNIX/PF_LOCAL protocol family
[    0.895074] RPC: Registered named UNIX socket transport module.
[    0.895572] RPC: Registered udp transport module.
[    0.895956] RPC: Registered tcp transport module.
[    0.896343] RPC: Registered tcp NFSv4.1 backchannel transport module.
[    0.896890] pci_bus 0000:00: resource 4 [io  0x0000-0x0cf7 window]
[    0.897395] pci_bus 0000:00: resource 5 [io  0x0d00-0xffff window]
[    0.897911] pci_bus 0000:00: resource 6 [mem 0x000a0000-0x000bffff window]
[    0.898466] pci_bus 0000:00: resource 7 [mem 0x80000000-0xfebfffff window]
[    0.899026] pci_bus 0000:00: resource 8 [mem 0x100000000-0x17fffffff window]
[    0.899861] pci 0000:00:01.0: PIIX3: Enabling Passive Release
[    0.900349] pci 0000:00:00.0: Limiting direct PCI/PCI transfers
[    0.900857] pci 0000:00:01.0: Activating ISA DMA hang workarounds
[    0.901446] PCI: CLS 0 bytes, default 64
[    0.901822] ACPI: bus type thunderbolt registered
[    0.902944] clocksource: tsc: mask: 0xffffffffffffffff max_cycles: 0x1128af0325d, max_idle_ns: 440795261011 ns
[    3.109921] Initialise system trusted keyrings
[    3.110377] Key type blacklist registered
[    3.111239] workingset: timestamp_bits=36 max_order=19 bucket_order=0
[    3.121014] zbud: loaded
[    3.123000] squashfs: version 4.0 (2009/01/31) Phillip Lougher
[    3.125811] NFS: Registering the id_resolver key type
[    3.126221] Key type id_resolver registered
[    3.126526] Key type id_legacy registered
[    3.126903] nfs4filelayout_init: NFSv4 File Layout Driver Registering...
[    3.127431] nfs4flexfilelayout_init: NFSv4 Flexfile Layout Driver Registering...
[    3.128103] fuse: init (API version 7.36)
[    3.128713] SGI XFS with ACLs, security attributes, realtime, quota, no debug enabled
[    3.131284] 9p: Installing v9fs 9p2000 file system support
[    3.138874] Key type asymmetric registered
[    3.139157] Asymmetric key parser 'x509' registered
[    3.143268] alg: self-tests for CTR-KDF (hmac(sha256)) passed
[    3.143854] Block layer SCSI generic (bsg) driver version 0.4 loaded (major 243)
[    3.144687] io scheduler mq-deadline registered
[    3.145115] io scheduler bfq registered
[    3.147333] shpchp: Standard Hot Plug PCI Controller Driver version: 0.4
[    3.148315] IPMI message handler: version 39.2
[    3.148743] ipmi device interface
[    3.150905] input: Power Button as /devices/LNXSYSTM:00/LNXPWRBN:00/input/input0
[    3.151716] ACPI: button: Power Button [PWRF]
[    3.153123] ERST DBG: ERST support is disabled.
[    3.154031] Serial: 8250/16550 driver, 32 ports, IRQ sharing enabled
[    3.154951] 00:04: ttyS0 at I/O 0x3f8 (irq = 4, base_baud = 115200) is a 16550A
[    3.163226] Linux agpgart interface v0.103
[    3.164286] ACPI: bus type drm_connector registered
[    3.176441] brd: module loaded
[    3.183037] loop: module loaded
[    3.188498] scsi host0: ata_piix
[    3.189670] scsi host1: ata_piix
[    3.190087] ata1: PATA max MWDMA2 cmd 0x1f0 ctl 0x3f6 bmdma 0xc040 irq 14
[    3.190573] ata2: PATA max MWDMA2 cmd 0x170 ctl 0x376 bmdma 0xc048 irq 15
[    3.192230] tun: Universal TUN/TAP device driver, 1.6
[    3.192710] e100: Intel(R) PRO/100 Network Driver
[    3.193047] e100: Copyright(c) 1999-2006 Intel Corporation
[    3.193507] e1000: Intel(R) PRO/1000 Network Driver
[    3.193869] e1000: Copyright (c) 1999-2006 Intel Corporation.
[    3.350043] ata1: found unknown device (class 0)
[    3.351241] ata1.00: ATA-7: QEMU HARDDISK, 2.5+, max UDMA/100
[    3.351846] ata1.00: 16777216 sectors, multi 16: LBA48 
[    3.352725] ata2: found unknown device (class 0)
[    3.354443] scsi 0:0:0:0: Direct-Access     ATA      QEMU HARDDISK    2.5+ PQ: 0 ANSI: 5
[    3.356537] ata2.00: ATAPI: QEMU DVD-ROM, 2.5+, max UDMA/100
[    3.356770] sd 0:0:0:0: [sda] 16777216 512-byte logical blocks: (8.59 GB/8.00 GiB)
[    3.357504] sd 0:0:0:0: Attached scsi generic sg0 type 0
[    3.357867] sd 0:0:0:0: [sda] Write Protect is off
[    3.359079] sd 0:0:0:0: [sda] Write cache: enabled, read cache: enabled, doesn't support DPO or FUA
[    3.360169] scsi 1:0:0:0: CD-ROM            QEMU     QEMU DVD-ROM     2.5+ PQ: 0 ANSI: 5
[    3.361730] scsi 1:0:0:0: Attached scsi generic sg1 type 5
[    3.371348] ACPI: \_SB_.LNKC: Enabled at IRQ 11
[    3.402389] sd 0:0:0:0: [sda] Attached SCSI disk
[    3.697321] e1000 0000:00:03.0 eth0: (PCI:33MHz:32-bit) 52:54:00:12:34:56
[    3.697912] e1000 0000:00:03.0 eth0: Intel(R) PRO/1000 Network Connection
[    3.698636] e1000e: Intel(R) PRO/1000 Network Driver
[    3.699050] e1000e: Copyright(c) 1999 - 2015 Intel Corporation.
[    3.699631] igb: Intel(R) Gigabit Ethernet Network Driver
[    3.700082] igb: Copyright (c) 2007-2014 Intel Corporation.
[    3.700639] PPP generic driver version 2.4.2
[    3.702333] VFIO - User Level meta-driver version: 0.3
[    3.702820] ehci_hcd: USB 2.0 'Enhanced' Host Controller (EHCI) Driver
[    3.703312] ehci-pci: EHCI PCI platform driver
[    3.703717] ehci-platform: EHCI generic platform driver
[    3.704204] ohci_hcd: USB 1.1 'Open' Host Controller (OHCI) Driver
[    3.704729] ohci-pci: OHCI PCI platform driver
[    3.705078] ohci-platform: OHCI generic platform driver
[    3.705520] uhci_hcd: USB Universal Host Controller Interface driver
[    3.706798] usbcore: registered new interface driver uas
[    3.707260] usbcore: registered new interface driver usb-storage
[    3.707893] i8042: PNP: PS/2 Controller [PNP0303:KBD,PNP0f13:MOU] at 0x60,0x64 irq 1,12
[    3.709773] serio: i8042 KBD port at 0x60,0x64 irq 1
[    3.710261] serio: i8042 AUX port at 0x60,0x64 irq 12
[    3.712069] mousedev: PS/2 mouse device common for all mice
[    3.713804] input: AT Translated Set 2 keyboard as /devices/platform/i8042/serio0/input/input1
[    3.714508] rtc_cmos 00:05: RTC can wake from S4
[    3.716842] input: VirtualPS/2 VMware VMMouse as /devices/platform/i8042/serio1/input/input4
[    3.717022] rtc_cmos 00:05: registered as rtc0
[    3.718452] rtc_cmos 00:05: setting system clock to 2022-12-08T12:11:46 UTC (1670501506)
[    3.719959] rtc_cmos 00:05: alarms up to one day, y3k, 242 bytes nvram, hpet irqs
[    3.721235] i2c_dev: i2c /dev entries driver
[    3.722587] device-mapper: core: CONFIG_IMA_DISABLE_HTABLE is disabled. Duplicate IMA measurements will not be recorded in the IMA log.
[    3.724686] device-mapper: uevent: version 1.0.3
[    3.724790] input: VirtualPS/2 VMware VMMouse as /devices/platform/i8042/serio1/input/input3
[    3.725778] device-mapper: ioctl: 4.46.0-ioctl (2022-02-22) initialised: dm-devel@redhat.com
[    3.727391] intel_pstate: CPU model not supported
[    3.728284] sdhci: Secure Digital Host Controller Interface driver
[    3.729244] sdhci: Copyright(c) Pierre Ossman
[    3.730092] sdhci-pltfm: SDHCI platform and OF driver helper
[    3.731361] ledtrig-cpu: registered to indicate activity on CPUs
[    3.733062] drop_monitor: Initializing network drop monitor service
[    3.734759] NET: Registered PF_INET6 protocol family
[    3.740566] Segment Routing with IPv6
[    3.741197] In-situ OAM (IOAM) with IPv6
[    3.741923] NET: Registered PF_PACKET protocol family
[    3.743397] 9pnet: Installing 9P2000 support
[    3.744363] Key type dns_resolver registered
[    3.745763] IPI shorthand broadcast: enabled
[    3.746161] sched_clock: Marking stable (3734787281, 11325753)->(8579747664, -4833634630)
[    3.747472] registered taskstats version 1
[    3.748086] Loading compiled-in X.509 certificates
[    3.748957] zswap: loaded using pool lzo/zbud
[    3.750188] Key type ._fscrypt registered
[    3.750496] Key type .fscrypt registered
[    3.750771] Key type fscrypt-provisioning registered
[    3.752527] Key type encrypted registered
[    3.752892] ima: No TPM chip found, activating TPM-bypass!
[    3.753344] ima: Allocated hash algorithm: sha1
[    3.753755] ima: No architecture policies found
[    3.754210] evm: Initialising EVM extended attributes:
[    3.754566] evm: security.selinux
[    3.754800] evm: security.SMACK64
[    3.755033] evm: security.SMACK64EXEC
[    3.755290] evm: security.SMACK64TRANSMUTE
[    3.755575] evm: security.SMACK64MMAP
[    3.755832] evm: security.apparmor
[    3.756079] evm: security.ima
[    3.756319] evm: security.capability
[    3.756569] evm: HMAC attrs: 0x1
[    3.763011] PM:   Magic number: 2:526:177
[    3.763418] acpi device:0d: hash matches
[    3.764318] RAS: Correctable Errors collector initialized.
[    3.765488] md: Waiting for all devices to be available before autodetect
[    3.766045] md: If you don't use raid, use raid=noautodetect
[    3.766437] md: Autodetecting RAID arrays.
[    3.766728] md: autorun ...
[    3.766926] md: ... autorun DONE.
[    3.780670] EXT4-fs (sda): INFO: recovery required on readonly filesystem
[    3.781246] EXT4-fs (sda): write access will be enabled during recovery
[    3.870433] EXT4-fs (sda): recovery complete
[    3.875692] EXT4-fs (sda): mounted filesystem with ordered data mode. Quota mode: none.
[    3.876431] VFS: Mounted root (ext4 filesystem) readonly on device 8:0.
[    3.877895] devtmpfs: mounted
[    3.890871] Freeing unused decrypted memory: 2036K
[    3.893591] Freeing unused kernel image (initmem) memory: 3264K
[    3.894124] Write protecting the kernel read-only data: 43008k
[    3.898363] Freeing unused kernel image (text/rodata gap) memory: 2028K
[    3.899673] Freeing unused kernel image (rodata/data gap) memory: 208K
[    4.003193] x86/mm: Checked W+X mappings: passed, no W+X pages found.
[    4.003764] Run /sbin/init as init process
[    4.007982] random: fast init done
[    4.166490] systemd[1]: RTC configured in localtime, applying delta of 0 minutes to system time.
[    4.212330] systemd[1]: systemd 239 (239-49.el8) running in system mode. (+PAM +AUDIT +SELINUX +IMA -APPARMOR +SMACK +SYSVINIT +UTMP +LIBCRYPTSETUP +GCRYPT +GNUTLS +ACL +XZ +LZ4 +SECCOMP +BLKID +ELFUTILS +KMOD +IDN2 -IDN +PCRE2 default-hierarchy=legacy)
[    4.214360] systemd[1]: Detected virtualization kvm.
[    4.214742] systemd[1]: Detected architecture x86-64.

Welcome to [0;31mCentOS Stream 8[0m!

[    4.237216] systemd[1]: Set hostname to <test>.
[    6.105913] random: crng init done
[    6.281649] systemd[1]: Created slice User and Session Slice.
[[0;32m  OK  [0m] Created slice User and Session Slice.
[    6.283381] systemd[1]: Listening on Journal Socket (/dev/log).
[[0;32m  OK  [0m] Listening on Journal Socket (/dev/log).
[    6.284895] systemd[1]: Listening on Journal Socket.
[[0;32m  OK  [0m] Listening on Journal Socket.
[    6.289698] systemd[1]: Starting Remount Root and Kernel File Systems...
         Starting Remount Root and Kernel File Systems...
[    6.300442] systemd[1]: Starting Load Kernel Modules...
         Starting Load Kernel Modules...
[    6.302234] systemd[1]: Set up automount Arbitrary Executable File Formats File System Automount Point.
[[0;32m  OK  [0m] Set up automount Arbitrary Executabâ€¦rmats File System Automount Point.
         Starting Journal Service...
[[0;32m  OK  [0m] Created slice system-serial\x2dgetty.slice.
[[0;32m  OK  [0m] Created slice system-getty.slice.
[[0;32m  OK  [0m] Listening on initctl Compatibility Named Pipe.
[[0;32m  OK  [0m] Reached target Slices.
         Mounting Huge Pages File System...
         Mounting POSIX Message Queue File System...
         Mounting Kernel Debug File System...
[[0;32m  OK  [0m] Listening on multipathd control socket.
[[0;32m  OK  [0m] Listening on udev Kernel Socket.
[[0;32m  OK  [0m] Listening on LVM2 poll daemon socket.
         Starting Setup Virtual Console...
[[0;32m  OK  [0m] Listening on udev Control Socket.
         Starting udev Coldplug all Devices...
[[0;32m  OK  [0m] Reached target Swap.
[[0;32m  OK  [0m] Created slice system-sshd\x2dkeygen.slice.
[[0;32m  OK  [0m] Listening on Device-mapper event daemon FIFOs.
         Starting Monitoring of LVM2 mirrorsâ€¦ng dmeventd or progress polling...
[[0;32m  OK  [0m] Listening on RPCbind Server Activation Socket.
[[0;32m  OK  [0m] Reached target RPC Port Mapper.
[[0;32m  OK  [0m] Started Forward Password Requests to Wall Directory Watch.
[[0;32m  OK  [0m] Listening on Process Core Dump Socket.
[[0;32m  OK  [0m] Started Journal Service.
[[0;1;31mFAILED[0m] Failed to start Load Kernel Modules.
See 'systemctl status systemd-modules-load.service' for details.
[[0;32m  OK  [0m] Mounted Huge Pages File System.
[[0;32m  OK  [0m] Mounted POSIX Message Queue File System.
[[0;32m  OK  [0m] Mounted Kernel Debug File System.
         Mounting Kernel Configuration File System...
         Starting Apply Kernel Variables...
[    6.638085] EXT4-fs (sda): re-mounted. Quota mode: none.
         Mounting FUSE Control File System...
[[0;32m  OK  [0m] Started Remount Root and Kernel File Systems.
[[0;32m  OK  [0m] Started Apply Kernel Variables.
         Starting Flush Journal to Persistent Storage...
         Starting Load/Save Random Seed...
         Starting Create Static Device Nodes in /dev...
[[0;32m  OK  [0m] Mounted Kernel Configuration File System.
[[0;32m  OK  [0m] Mounted FUSE Control File System.
[[0;32m  OK  [0m] Started Setup Virtual Console.
[[0;32m  OK  [0m] Started Load/Save Random Seed.
[[0;32m  OK  [0m] Started Create Static Device Nodes in /dev.
         Starting udev Kernel Device Manager...
[[0;32m  OK  [0m] Started Flush Journal to Persistent Storage.
[[0;32m  OK  [0m] Started udev Coldplug all Devices.
         Starting udev Wait for Complete Device Initialization...
[[0;32m  OK  [0m] Started udev Kernel Device Manager.
         Starting Show Plymouth Boot Screen...
[[0;32m  OK  [0m] Started Show Plymouth Boot Screen.
[[0;32m  OK  [0m] Reached target Local Encrypted Volumes.
[[0;32m  OK  [0m] Reached target Paths.
[[0;32m  OK  [0m] Started Forward Password Requests to Plymouth Directory Watch.
[[0;32m  OK  [0m] Found device /dev/ttyS0.
[[0;32m  OK  [0m] Started Monitoring of LVM2 mirrors,â€¦sing dmeventd or progress polling.
[[0;32m  OK  [0m] Started udev Wait for Complete Device Initialization.
[[0;32m  OK  [0m] Listening on Load/Save RF Kill Switch Status /dev/rfkill Watch.
[[0;32m  OK  [0m] Reached target Local File Systems (Pre).
[[0;32m  OK  [0m] Reached target Local File Systems.
         Starting Restore /run/initramfs on shutdown...
         Starting Tell Plymouth To Write Out Runtime Data...
         Starting Create Volatile Files and Directories...
[[0;32m  OK  [0m] Started Restore /run/initramfs on shutdown.
[[0;32m  OK  [0m] Started Tell Plymouth To Write Out Runtime Data.
[[0;32m  OK  [0m] Started Create Volatile Files and Directories.
         Starting Security Auditing Service...
         Mounting RPC Pipe File System...
         Starting RPC Bind...
[[0;32m  OK  [0m] Mounted RPC Pipe File System.
[[0;32m  OK  [0m] Reached target rpc_pipefs.target.
[[0;32m  OK  [0m] Started RPC Bind.
[[0;32m  OK  [0m] Started Security Auditing Service.
         Starting Update UTMP about System Boot/Shutdown...
[[0;32m  OK  [0m] Started Update UTMP about System Boot/Shutdown.
[[0;32m  OK  [0m] Reached target System Initialization.
[[0;32m  OK  [0m] Listening on D-Bus System Message Bus Socket.
[[0;32m  OK  [0m] Started Daily Cleanup of Temporary Directories.
[[0;32m  OK  [0m] Listening on SSSD Kerberos Cache Manager responder socket.
[[0;32m  OK  [0m] Reached target Sockets.
[[0;32m  OK  [0m] Started daily update of the root trust anchor for DNSSEC.
[[0;32m  OK  [0m] Reached target Basic System.
         Starting Authorization Manager...
         Starting Self Monitoring and Reporting Technology (SMART) Daemon...
         Starting NTP client/server...
         Starting Auto-connect to subsystemsâ€¦-NVME devices found during boot...
[[0;32m  OK  [0m] Reached target sshd-keygen.target.
[[0;32m  OK  [0m] Started Machine Check Exception Logging Daemon.
[[0;32m  OK  [0m] Started D-Bus System Message Bus.
         Starting Network Manager...
         Starting Login Service...
[[0;32m  OK  [0m] Started irqbalance daemon.
[[0;32m  OK  [0m] Started dnf makecache --timer.
[[0;32m  OK  [0m] Reached target Timers.
[[0;32m  OK  [0m] Started Self Monitoring and Reporting Technology (SMART) Daemon.
[[0;32m  OK  [0m] Started Auto-connect to subsystems â€¦FC-NVME devices found during boot.
         Starting update of the root trust aâ€¦or DNSSEC validation in unbound...
[[0;32m  OK  [0m] Started Login Service.
[[0;32m  OK  [0m] Started NTP client/server.
[[0;32m  OK  [0m] Started Network Manager.
         Starting Network Manager Wait Online...
[[0;32m  OK  [0m] Reached target Network.
         Starting GSSAPI Proxy Daemon...
         Starting OpenSSH server daemon...
         Starting Dynamic System Tuning Daemon...
[[0;32m  OK  [0m] Started update of the root trust anâ€¦ for DNSSEC validation in unbound.
[[0;32m  OK  [0m] Started OpenSSH server daemon.
         Starting Hostname Service...
[[0;32m  OK  [0m] Started GSSAPI Proxy Daemon.
[[0;32m  OK  [0m] Started Authorization Manager.
[[0;32m  OK  [0m] Reached target NFS client services.
[[0;32m  OK  [0m] Reached target Remote File Systems (Pre).
[[0;32m  OK  [0m] Reached target Remote File Systems.
         Starting Permit User Sessions...
[[0;32m  OK  [0m] Started Permit User Sessions.
[[0;32m  OK  [0m] Started Command Scheduler.
         Starting Hold until boot process finishes up...
         Starting Terminate Plymouth Boot Screen...
[    8.918073] e1000: eth0 NIC Link is Up 1000 Mbps Full Duplex, Flow Control: RX
[    8.919268] IPv6: ADDRCONF(NETDEV_CHANGE): eth0: link becomes ready
[    9.190853] Spectre V2 : WARNING: Unprivileged eBPF is enabled with eIBRS on, data leaks possible via Spectre v2 BHB attacks!
[    9.191867] Spectre V2 : WARNING: Unprivileged eBPF is enabled with eIBRS on, data leaks possible via Spectre v2 BHB attacks!

CentOS Stream 8
Kernel 5.18.0-rc4-81e0f15f2ef6+ on an x86_64

test login: [   27.564493] ------------[ cut here ]------------
[   27.564977] WARNING: CPU: 0 PID: 558 at mm/memory.c:875 copy_page_range+0x191d/0x2a60
[   27.565642] Modules linked in:
[   27.565946] CPU: 0 PID: 558 Comm: repro Not tainted 5.18.0-rc4-81e0f15f2ef6+ #1
[   27.566559] Hardware name: QEMU Standard PC (i440FX + PIIX, 1996), BIOS rel-1.14.0-0-g155821a1990b-prebuilt.qemu.org 04/01/2014
[   27.567502] RIP: 0010:copy_page_range+0x191d/0x2a60
[   27.567923] Code: e0 df ff 41 83 fc 1f 0f 85 b1 fe ff ff e8 1b df df ff 31 ff 4c 89 ee e8 41 e0 df ff 4d 85 ed 0f 85 b6 fe ff ff e8 03 df df ff <0f> 0b e9 aa fe ff ff e8 f7 de df ff 4c 8b 2d 98 c2 47 02 49 81 e5
[   27.569454] RSP: 0018:ffffc90000c97ae0 EFLAGS: 00010246
[   27.569929] RAX: 0000000000000000 RBX: fffffffffffffc00 RCX: ffffffff8147efbf
[   27.570525] RDX: 0000000000000000 RSI: ffff88800f3c4700 RDI: 0000000000000002
[   27.571116] RBP: ffffc90000c97c78 R08: 0000000000000001 R09: 0000000000000001
[   27.571707] R10: 0000000000000000 R11: 0000000000000001 R12: 000000000000001f
[   27.572320] R13: 0000000000000000 R14: 0000000000000004 R15: 0000000000000000
[   27.572910] FS:  00007f55ca6a9740(0000) GS:ffff88807dc00000(0000) knlGS:0000000000000000
[   27.573577] CS:  0010 DS: 0000 ES: 0000 CR0: 0000000080050033
[   27.574073] CR2: 00000000200000c0 CR3: 000000000de56004 CR4: 0000000000770ef0
[   27.574666] DR0: 0000000000000000 DR1: 0000000000000000 DR2: 0000000000000000
[   27.575255] DR3: 0000000000000000 DR6: 00000000ffff07f0 DR7: 0000000000000400
[   27.575846] PKRU: 55555554
[   27.576081] Call Trace:
[   27.576292]  <TASK>
[   27.576510]  dup_mm+0x671/0x930
[   27.576803]  copy_process+0x2061/0x2a50
[   27.577134]  ? __lock_acquire+0xa25/0x1c50
[   27.577503]  kernel_clone+0x90/0xbc0
[   27.577815]  ? __this_cpu_preempt_check+0x20/0x30
[   27.578250]  ? lockdep_hardirqs_on+0x86/0x110
[   27.578624]  ? write_comp_data+0x2f/0x90
[   27.578970]  ? __sanitizer_cov_trace_pc+0x25/0x50
[   27.579373]  __do_sys_clone+0x90/0xc0
[   27.579701]  __x64_sys_clone+0x2f/0x40
[   27.580026]  do_syscall_64+0x3b/0x90
[   27.580350]  entry_SYSCALL_64_after_hwframe+0x44/0xae
[   27.580785] RIP: 0033:0x7f55ca7ce59d
[   27.581098] Code: 00 c3 66 2e 0f 1f 84 00 00 00 00 00 90 f3 0f 1e fa 48 89 f8 48 89 f7 48 89 d6 48 89 ca 4d 89 c2 4d 89 c8 4c 8b 4c 24 08 0f 05 <48> 3d 01 f0 ff ff 73 01 c3 48 8b 0d d3 08 0d 00 f7 d8 64 89 01 48
[   27.582631] RSP: 002b:00007ffce354d518 EFLAGS: 00000202 ORIG_RAX: 0000000000000038
[   27.583261] RAX: ffffffffffffffda RBX: 0000000000000000 RCX: 00007f55ca7ce59d
[   27.583852] RDX: 0000000000000000 RSI: 0000000000000000 RDI: 0000000000001000
[   27.584448] RBP: 00007ffce354d560 R08: 0000000000000000 R09: 0000000000000000
[   27.585036] R10: 0000000000000000 R11: 0000000000000202 R12: 0000000000401060
[   27.585631] R13: 00007ffce354d660 R14: 0000000000000000 R15: 0000000000000000
[   27.586249]  </TASK>
[   27.586446] irq event stamp: 4743
[   27.586725] hardirqs last  enabled at (4751): [<ffffffff811a99dd>] __up_console_sem+0x8d/0xa0
[   27.587438] hardirqs last disabled at (4758): [<ffffffff811a99c2>] __up_console_sem+0x72/0xa0
[   27.588150] softirqs last  enabled at (4454): [<ffffffff8300032a>] __do_softirq+0x32a/0x48c
[   27.588841] softirqs last disabled at (4391): [<ffffffff81105350>] irq_exit_rcu+0xc0/0x100
[   27.589531] ---[ end trace 0000000000000000 ]---
