c[?7l[2J[0mSeaBIOS (version rel-1.14.0-0-g155821a1990b-prebuilt.qemu.org)


iPXE (http://ipxe.org) 00:03.0 CA00 PCI2.10 PnP PMM+7FF8F030+7FEEF030 CA00
Press Ctrl-B to configure iPXE (PCI 00:03.0)...                                                                               


Booting from ROM...
c[?7l[2J[    0.000000] Linux version 5.19.0-8374cfe647a1+ (root@p-mtlp02) (gcc (GCC) 8.5.0 20210514 (Red Hat 8.5.0-17), GNU ld version 2.36.1-2.el8) #1 SMP PREEMPT_DYNAMIC Thu Dec 8 12:38:29 CST 2022
[    0.000000] Command line: console=ttyS0 root=/dev/sda earlyprintk=serial net.ifnames=0
[    0.000000] KERNEL supported cpus:
[    0.000000]   Intel GenuineIntel
[    0.000000]   AMD AuthenticAMD
[    0.000000]   Hygon HygonGenuine
[    0.000000]   Centaur CentaurHauls
[    0.000000]   zhaoxin   Shanghai  
[    0.000000] x86/split lock detection: #DB: warning on user-space bus_locks
[    0.000000] x86/fpu: Supporting XSAVE feature 0x001: 'x87 floating point registers'
[    0.000000] x86/fpu: Supporting XSAVE feature 0x002: 'SSE registers'
[    0.000000] x86/fpu: Supporting XSAVE feature 0x004: 'AVX registers'
[    0.000000] x86/fpu: Supporting XSAVE feature 0x200: 'Protection Keys User registers'
[    0.000000] x86/fpu: xstate_offset[2]:  576, xstate_sizes[2]:  256
[    0.000000] x86/fpu: xstate_offset[9]:  832, xstate_sizes[9]:    8
[    0.000000] x86/fpu: Enabled xstate features 0x207, context size is 840 bytes, using 'compacted' format.
[    0.000000] signal: max sigframe size: 3632
[    0.000000] BIOS-provided physical RAM map:
[    0.000000] BIOS-e820: [mem 0x0000000000000000-0x000000000009fbff] usable
[    0.000000] BIOS-e820: [mem 0x000000000009fc00-0x000000000009ffff] reserved
[    0.000000] BIOS-e820: [mem 0x00000000000f0000-0x00000000000fffff] reserved
[    0.000000] BIOS-e820: [mem 0x0000000000100000-0x000000007ffdffff] usable
[    0.000000] BIOS-e820: [mem 0x000000007ffe0000-0x000000007fffffff] reserved
[    0.000000] BIOS-e820: [mem 0x00000000feffc000-0x00000000feffffff] reserved
[    0.000000] BIOS-e820: [mem 0x00000000fffc0000-0x00000000ffffffff] reserved
[    0.000000] printk: bootconsole [earlyser0] enabled
[    0.000000] NX (Execute Disable) protection: active
[    0.000000] SMBIOS 2.8 present.
[    0.000000] DMI: QEMU Standard PC (i440FX + PIIX, 1996), BIOS rel-1.14.0-0-g155821a1990b-prebuilt.qemu.org 04/01/2014
[    0.000000] Hypervisor detected: KVM
[    0.000000] kvm-clock: Using msrs 4b564d01 and 4b564d00
[    0.000003] kvm-clock: using sched offset of 520766118 cycles
[    0.000467] clocksource: kvm-clock: mask: 0xffffffffffffffff max_cycles: 0x1cd42e4dffb, max_idle_ns: 881590591483 ns
[    0.002355] tsc: Detected 1190.400 MHz processor
[    0.010548] last_pfn = 0x7ffe0 max_arch_pfn = 0x400000000
[    0.011095] x86/PAT: Configuration [0-7]: WB  WC  UC- UC  WB  WP  UC- WT  
[    0.021969] found SMP MP-table at [mem 0x000f5a90-0x000f5a9f]
[    0.022637] Using GB pages for direct mapping
[    0.024438] ACPI: Early table checksum verification disabled
[    0.024990] ACPI: RSDP 0x00000000000F5870 000014 (v00 BOCHS )
[    0.025524] ACPI: RSDT 0x000000007FFE1959 000034 (v01 BOCHS  BXPC     00000001 BXPC 00000001)
[    0.026315] ACPI: FACP 0x000000007FFE1805 000074 (v01 BOCHS  BXPC     00000001 BXPC 00000001)
[    0.027093] ACPI: DSDT 0x000000007FFE0040 0017C5 (v01 BOCHS  BXPC     00000001 BXPC 00000001)
[    0.027861] ACPI: FACS 0x000000007FFE0000 000040
[    0.028277] ACPI: APIC 0x000000007FFE1879 000080 (v01 BOCHS  BXPC     00000001 BXPC 00000001)
[    0.029048] ACPI: HPET 0x000000007FFE18F9 000038 (v01 BOCHS  BXPC     00000001 BXPC 00000001)
[    0.029819] ACPI: WAET 0x000000007FFE1931 000028 (v01 BOCHS  BXPC     00000001 BXPC 00000001)
[    0.030581] ACPI: Reserving FACP table memory at [mem 0x7ffe1805-0x7ffe1878]
[    0.031198] ACPI: Reserving DSDT table memory at [mem 0x7ffe0040-0x7ffe1804]
[    0.031817] ACPI: Reserving FACS table memory at [mem 0x7ffe0000-0x7ffe003f]
[    0.032437] ACPI: Reserving APIC table memory at [mem 0x7ffe1879-0x7ffe18f8]
[    0.033054] ACPI: Reserving HPET table memory at [mem 0x7ffe18f9-0x7ffe1930]
[    0.033679] ACPI: Reserving WAET table memory at [mem 0x7ffe1931-0x7ffe1958]
[    0.035381] No NUMA configuration found
[    0.035725] Faking a node at [mem 0x0000000000000000-0x000000007ffdffff]
[    0.036402] NODE_DATA(0) allocated [mem 0x7ffb5000-0x7ffdffff]
[    0.041412] Zone ranges:
[    0.041670]   DMA      [mem 0x0000000000001000-0x0000000000ffffff]
[    0.042222]   DMA32    [mem 0x0000000001000000-0x000000007ffdffff]
[    0.042770]   Normal   empty
[    0.043026]   Device   empty
[    0.043285] Movable zone start for each node
[    0.043661] Early memory node ranges
[    0.043976]   node   0: [mem 0x0000000000001000-0x000000000009efff]
[    0.044529]   node   0: [mem 0x0000000000100000-0x000000007ffdffff]
[    0.045083] Initmem setup node 0 [mem 0x0000000000001000-0x000000007ffdffff]
[    0.046305] On node 0, zone DMA: 1 pages in unavailable ranges
[    0.046465] On node 0, zone DMA: 97 pages in unavailable ranges
[    0.072029] On node 0, zone DMA32: 32 pages in unavailable ranges
[    0.072831] ACPI: PM-Timer IO Port: 0x608
[    0.073790] ACPI: LAPIC_NMI (acpi_id[0xff] dfl dfl lint[0x1])
[    0.074361] IOAPIC[0]: apic_id 0, version 17, address 0xfec00000, GSI 0-23
[    0.074983] ACPI: INT_SRC_OVR (bus 0 bus_irq 0 global_irq 2 dfl dfl)
[    0.075548] ACPI: INT_SRC_OVR (bus 0 bus_irq 5 global_irq 5 high level)
[    0.076140] ACPI: INT_SRC_OVR (bus 0 bus_irq 9 global_irq 9 high level)
[    0.076734] ACPI: INT_SRC_OVR (bus 0 bus_irq 10 global_irq 10 high level)
[    0.077344] ACPI: INT_SRC_OVR (bus 0 bus_irq 11 global_irq 11 high level)
[    0.078022] ACPI: Using ACPI (MADT) for SMP configuration information
[    0.078636] ACPI: HPET id: 0x8086a201 base: 0xfed00000
[    0.079139] TSC deadline timer available
[    0.079505] smpboot: Allowing 2 CPUs, 0 hotplug CPUs
[    0.080053] kvm-guest: KVM setup pv remote TLB flush
[    0.080495] kvm-guest: setup PV sched yield
[    0.080959] PM: hibernation: Registered nosave memory: [mem 0x00000000-0x00000fff]
[    0.081646] PM: hibernation: Registered nosave memory: [mem 0x0009f000-0x0009ffff]
[    0.082314] PM: hibernation: Registered nosave memory: [mem 0x000a0000-0x000effff]
[    0.082976] PM: hibernation: Registered nosave memory: [mem 0x000f0000-0x000fffff]
[    0.083645] [mem 0x80000000-0xfeffbfff] available for PCI devices
[    0.084180] Booting paravirtualized kernel on KVM
[    0.084615] clocksource: refined-jiffies: mask: 0xffffffff max_cycles: 0xffffffff, max_idle_ns: 7645519600211568 ns
[    0.085513] setup_percpu: NR_CPUS:8192 nr_cpumask_bits:2 nr_cpu_ids:2 nr_node_ids:1
[    0.088084] percpu: Embedded 62 pages/cpu s217088 r8192 d28672 u1048576
[    0.088964] kvm-guest: PV spinlocks enabled
[    0.089348] PV qspinlock hash table entries: 256 (order: 0, 4096 bytes, linear)
[    0.090036] Fallback order for Node 0: 0 
[    0.090389] Built 1 zonelists, mobility grouping on.  Total pages: 515808
[    0.090993] Policy zone: DMA32
[    0.091265] Kernel command line: net.ifnames=0 console=ttyS0 root=/dev/sda earlyprintk=serial net.ifnames=0
[    0.094479] Dentry cache hash table entries: 262144 (order: 9, 2097152 bytes, linear)
[    0.095835] Inode-cache hash table entries: 131072 (order: 8, 1048576 bytes, linear)
[    0.096675] mem auto-init: stack:off, heap alloc:off, heap free:off
[    0.101408] Memory: 1999736K/2096632K available (30735K kernel code, 3900K rwdata, 7820K rodata, 3608K init, 10724K bss, 96640K reserved, 0K cma-reserved)
[    0.103828] SLUB: HWalign=64, Order=0-3, MinObjects=0, CPUs=2, Nodes=1
[    0.104400] kmemleak: Kernel memory leak detector disabled
[    0.104907] ftrace: allocating 66229 entries in 259 pages
[    0.139724] ftrace: allocated 259 pages with 3 groups
[    0.142260] Dynamic Preempt: voluntary
[    0.142681] rcu: Preemptible hierarchical RCU implementation.
[    0.143168] rcu: 	RCU restricting CPUs from NR_CPUS=8192 to nr_cpu_ids=2.
[    0.143739] 	Trampoline variant of Tasks RCU enabled.
[    0.144162] 	Rude variant of Tasks RCU enabled.
[    0.144541] 	Tracing variant of Tasks RCU enabled.
[    0.144946] rcu: RCU calculated value of scheduler-enlistment delay is 25 jiffies.
[    0.145587] rcu: Adjusting geometry for rcu_fanout_leaf=16, nr_cpu_ids=2
[    0.176251] NR_IRQS: 524544, nr_irqs: 440, preallocated irqs: 16
[    0.177098] rcu: srcu_init: Setting srcu_struct sizes based on contention.
[    0.185500] Console: colour VGA+ 80x25
[    0.185891] printk: console [ttyS0] enabled
[    0.185891] printk: console [ttyS0] enabled
[    0.186616] printk: bootconsole [earlyser0] disabled
[    0.186616] printk: bootconsole [earlyser0] disabled
[    0.187514] ACPI: Core revision 20220331
[    0.188109] clocksource: hpet: mask: 0xffffffff max_cycles: 0xffffffff, max_idle_ns: 19112604467 ns
[    0.189007] APIC: Switch to symmetric I/O mode setup
[    0.189647] x2apic enabled
[    0.190087] Switched APIC routing to physical x2apic.
[    0.190532] kvm-guest: setup PV IPIs
[    0.191758] ..TIMER: vector=0x30 apic1=0 pin1=2 apic2=-1 pin2=-1
[    0.192312] clocksource: tsc-early: mask: 0xffffffffffffffff max_cycles: 0x1128af0325d, max_idle_ns: 440795261011 ns
[    0.193319] Calibrating delay loop (skipped) preset value.. 2380.80 BogoMIPS (lpj=4761600)
[    0.194048] pid_max: default: 32768 minimum: 301
[    0.194608] LSM: Security Framework initializing
[    0.195028] Yama: becoming mindful.
[    0.195555] Mount-cache hash table entries: 4096 (order: 3, 32768 bytes, linear)
[    0.196214] Mountpoint-cache hash table entries: 4096 (order: 3, 32768 bytes, linear)
[    0.198035] CPU0: Thermal monitoring enabled (TM1)
[    0.198608] x86/cpu: User Mode Instruction Prevention (UMIP) activated
[    0.201554] Last level iTLB entries: 4KB 0, 2MB 0, 4MB 0
[    0.202105] Last level dTLB entries: 4KB 0, 2MB 0, 4MB 0, 1GB 0
[    0.202688] Spectre V1 : Mitigation: usercopy/swapgs barriers and __user pointer sanitization
[    0.203441] Spectre V2 : WARNING: Unprivileged eBPF is enabled with eIBRS on, data leaks possible via Spectre v2 BHB attacks!
[    0.204416] Spectre V2 : Mitigation: Enhanced IBRS
[    0.204827] Spectre V2 : Spectre v2 / SpectreRSB mitigation: Filling RSB on context switch
[    0.205314] Spectre V2 : mitigation: Enabling conditional Indirect Branch Prediction Barrier
[    0.206031] Speculative Store Bypass: Mitigation: Speculative Store Bypass disabled via prctl
[    0.323666] Freeing SMP alternatives memory: 56K
[    0.324501] smpboot: CPU0: Genuine Intel(R) 0000 (family: 0x6, model: 0xaa, stepping: 0x1)
[    0.325306] cblist_init_generic: Setting adjustable number of callback queues.
[    0.325306] cblist_init_generic: Setting shift to 1 and lim to 1.
[    0.325306] cblist_init_generic: Setting shift to 1 and lim to 1.
[    0.325306] cblist_init_generic: Setting shift to 1 and lim to 1.
[    0.325306] Performance Events: generic architected perfmon, full-width counters, Intel PMU driver.
[    0.325315] ... version:                2
[    0.325651] ... bit width:              48
[    0.325995] ... generic registers:      8
[    0.326332] ... value mask:             0000ffffffffffff
[    0.326806] ... max period:             00007fffffffffff
[    0.327247] ... fixed-purpose events:   3
[    0.327583] ... event mask:             00000007000000ff
[    0.328306] rcu: Hierarchical SRCU implementation.
[    0.328715] rcu: 	Max phase no-delay instances is 1000.
[    0.331685] smp: Bringing up secondary CPUs ...
[    0.332358] x86: Booting SMP configuration:
[    0.332715] .... node  #0, CPUs:      #1
[    0.011601] smpboot: CPU 1 Converting physical 0 to logical die 1
[    0.337573] smp: Brought up 1 node, 2 CPUs
[    0.337948] smpboot: Max logical packages: 2
[    0.338306] smpboot: Total of 2 processors activated (4761.60 BogoMIPS)
[    0.342777] devtmpfs: initialized
[    0.342777] x86/mm: Memory block size: 128MB
[    0.345656] clocksource: jiffies: mask: 0xffffffff max_cycles: 0xffffffff, max_idle_ns: 7645041785100000 ns
[    0.346469] futex hash table entries: 512 (order: 3, 32768 bytes, linear)
[    0.347226] pinctrl core: initialized pinctrl subsystem
[    0.347952] 
[    0.348091] *************************************************************
[    0.349315] **     NOTICE NOTICE NOTICE NOTICE NOTICE NOTICE NOTICE    **
[    0.349885] **                                                         **
[    0.350455] **  IOMMU DebugFS SUPPORT HAS BEEN ENABLED IN THIS KERNEL  **
[    0.351025] **                                                         **
[    0.351595] ** This means that this kernel is built to expose internal **
[    0.352162] ** IOMMU data structures, which may compromise security on **
[    0.352732] ** your system.                                            **
[    0.353310] **                                                         **
[    0.353880] ** If you see this message and you are not debugging the   **
[    0.354442] ** kernel, report this immediately to your vendor!         **
[    0.354999] **                                                         **
[    0.355557] **     NOTICE NOTICE NOTICE NOTICE NOTICE NOTICE NOTICE    **
[    0.356116] *************************************************************
[    0.356730] PM: RTC time: 05:04:02, date: 2022-12-08
[    0.359276] NET: Registered PF_NETLINK/PF_ROUTE protocol family
[    0.360190] DMA: preallocated 256 KiB GFP_KERNEL pool for atomic allocations
[    0.360807] DMA: preallocated 256 KiB GFP_KERNEL|GFP_DMA pool for atomic allocations
[    0.361318] DMA: preallocated 256 KiB GFP_KERNEL|GFP_DMA32 pool for atomic allocations
[    0.362027] audit: initializing netlink subsys (disabled)
[    0.362572] audit: type=2000 audit(1670475843.499:1): state=initialized audit_enabled=0 res=1
[    0.362572] thermal_sys: Registered thermal governor 'fair_share'
[    0.362572] thermal_sys: Registered thermal governor 'bang_bang'
[    0.362791] thermal_sys: Registered thermal governor 'step_wise'
[    0.363311] thermal_sys: Registered thermal governor 'user_space'
[    0.365335] cpuidle: using governor ladder
[    0.366207] cpuidle: using governor menu
[    0.366780] HugeTLB: can optimize 4095 vmemmap pages for hugepages-1048576kB
[    0.367399] acpiphp: ACPI Hot Plug PCI Controller Driver version: 0.5
[    0.368222] PCI: Using configuration type 1 for base access
[    0.377433] kprobes: kprobe jump-optimization is enabled. All kprobes are optimized if possible.
[    0.521625] HugeTLB: can optimize 7 vmemmap pages for hugepages-2048kB
[    0.522237] HugeTLB registered 1.00 GiB page size, pre-allocated 0 pages
[    0.522809] HugeTLB registered 2.00 MiB page size, pre-allocated 0 pages
[    0.524344] ACPI: Added _OSI(Module Device)
[    0.524713] ACPI: Added _OSI(Processor Device)
[    0.525099] ACPI: Added _OSI(3.0 _SCP Extensions)
[    0.525311] ACPI: Added _OSI(Processor Aggregator Device)
[    0.525773] ACPI: Added _OSI(Linux-Dell-Video)
[    0.526172] ACPI: Added _OSI(Linux-Lenovo-NV-HDMI-Audio)
[    0.526628] ACPI: Added _OSI(Linux-HPI-Hybrid-Graphics)
[    0.531605] ACPI: 1 ACPI AML tables successfully acquired and loaded
[    0.534611] ACPI: Interpreter enabled
[    0.535104] ACPI: PM: (supports S0 S3 S4 S5)
[    0.535502] ACPI: Using IOAPIC for interrupt routing
[    0.536090] PCI: Using host bridge windows from ACPI; if necessary, use "pci=nocrs" and report a bug
[    0.536905] PCI: Using E820 reservations for host bridge windows
[    0.538029] ACPI: Enabled 2 GPEs in block 00 to 0F
[    0.550675] ACPI: PCI Root Bridge [PCI0] (domain 0000 [bus 00-ff])
[    0.551230] acpi PNP0A03:00: _OSC: OS supports [ASPM ClockPM Segments MSI EDR HPX-Type3]
[    0.551915] acpi PNP0A03:00: _OSC: not requesting OS control; OS requires [ExtendedConfig ASPM ClockPM MSI]
[    0.552753] acpi PNP0A03:00: fail to add MMCONFIG information, can't access extended PCI configuration space under this bridge.
[    0.554849] acpiphp: Slot [3] registered
[    0.555238] acpiphp: Slot [4] registered
[    0.555619] acpiphp: Slot [5] registered
[    0.556000] acpiphp: Slot [6] registered
[    0.556382] acpiphp: Slot [7] registered
[    0.556762] acpiphp: Slot [8] registered
[    0.557153] acpiphp: Slot [9] registered
[    0.557360] acpiphp: Slot [10] registered
[    0.557747] acpiphp: Slot [11] registered
[    0.558140] acpiphp: Slot [12] registered
[    0.558527] acpiphp: Slot [13] registered
[    0.558916] acpiphp: Slot [14] registered
[    0.559314] acpiphp: Slot [15] registered
[    0.559710] acpiphp: Slot [16] registered
[    0.560098] acpiphp: Slot [17] registered
[    0.560488] acpiphp: Slot [18] registered
[    0.560876] acpiphp: Slot [19] registered
[    0.561264] acpiphp: Slot [20] registered
[    0.561359] acpiphp: Slot [21] registered
[    0.561758] acpiphp: Slot [22] registered
[    0.562143] acpiphp: Slot [23] registered
[    0.562532] acpiphp: Slot [24] registered
[    0.562964] acpiphp: Slot [25] registered
[    0.563351] acpiphp: Slot [26] registered
[    0.563737] acpiphp: Slot [27] registered
[    0.564133] acpiphp: Slot [28] registered
[    0.564521] acpiphp: Slot [29] registered
[    0.564909] acpiphp: Slot [30] registered
[    0.565305] acpiphp: Slot [31] registered
[    0.565660] PCI host bridge to bus 0000:00
[    0.566009] pci_bus 0000:00: root bus resource [io  0x0000-0x0cf7 window]
[    0.566581] pci_bus 0000:00: root bus resource [io  0x0d00-0xffff window]
[    0.567153] pci_bus 0000:00: root bus resource [mem 0x000a0000-0x000bffff window]
[    0.567777] pci_bus 0000:00: root bus resource [mem 0x80000000-0xfebfffff window]
[    0.568399] pci_bus 0000:00: root bus resource [mem 0x100000000-0x17fffffff window]
[    0.569035] pci_bus 0000:00: root bus resource [bus 00-ff]
[    0.569374] pci 0000:00:00.0: [8086:1237] type 00 class 0x060000
[    0.572424] pci 0000:00:01.0: [8086:7000] type 00 class 0x060100
[    0.573506] pci 0000:00:01.1: [8086:7010] type 00 class 0x010180
[    0.575378] pci 0000:00:01.1: reg 0x20: [io  0xc040-0xc04f]
[    0.576483] pci 0000:00:01.1: legacy IDE quirk: reg 0x10: [io  0x01f0-0x01f7]
[    0.577082] pci 0000:00:01.1: legacy IDE quirk: reg 0x14: [io  0x03f6]
[    0.577314] pci 0000:00:01.1: legacy IDE quirk: reg 0x18: [io  0x0170-0x0177]
[    0.577967] pci 0000:00:01.1: legacy IDE quirk: reg 0x1c: [io  0x0376]
[    0.578792] pci 0000:00:01.3: [8086:7113] type 00 class 0x068000
[    0.579612] pci 0000:00:01.3: quirk: [io  0x0600-0x063f] claimed by PIIX4 ACPI
[    0.580227] pci 0000:00:01.3: quirk: [io  0x0700-0x070f] claimed by PIIX4 SMB
[    0.581330] pci 0000:00:02.0: [1234:1111] type 00 class 0x030000
[    0.585296] pci 0000:00:02.0: reg 0x10: [mem 0xfd000000-0xfdffffff pref]
[    0.588749] pci 0000:00:02.0: reg 0x18: [mem 0xfebf0000-0xfebf0fff]
[    0.593685] pci 0000:00:02.0: reg 0x30: [mem 0xfebe0000-0xfebeffff pref]
[    0.594508] pci 0000:00:02.0: Video device with shadowed ROM at [mem 0x000c0000-0x000dffff]
[    0.598410] pci 0000:00:03.0: [8086:100e] type 00 class 0x020000
[    0.599396] pci 0000:00:03.0: reg 0x10: [mem 0xfebc0000-0xfebdffff]
[    0.600366] pci 0000:00:03.0: reg 0x14: [io  0xc000-0xc03f]
[    0.602818] pci 0000:00:03.0: reg 0x30: [mem 0xfeb80000-0xfebbffff pref]
[    0.614654] ACPI: PCI: Interrupt link LNKA configured for IRQ 10
[    0.615461] ACPI: PCI: Interrupt link LNKB configured for IRQ 10
[    0.616281] ACPI: PCI: Interrupt link LNKC configured for IRQ 11
[    0.617059] ACPI: PCI: Interrupt link LNKD configured for IRQ 11
[    0.617451] ACPI: PCI: Interrupt link LNKS configured for IRQ 9
[    0.619157] iommu: Default domain type: Translated 
[    0.619588] iommu: DMA domain TLB invalidation policy: lazy mode 
[    0.620901] SCSI subsystem initialized
[    0.621477] ACPI: bus type USB registered
[    0.621872] usbcore: registered new interface driver usbfs
[    0.622364] usbcore: registered new interface driver hub
[    0.622837] usbcore: registered new device driver usb
[    0.623349] pps_core: LinuxPPS API ver. 1 registered
[    0.623780] pps_core: Software ver. 5.3.6 - Copyright 2005-2007 Rodolfo Giometti <giometti@linux.it>
[    0.624559] PTP clock support registered
[    0.625009] EDAC MC: Ver: 3.0.0
[    0.626325] NetLabel: Initializing
[    0.626627] NetLabel:  domain hash size = 128
[    0.626997] NetLabel:  protocols = UNLABELED CIPSOv4 CALIPSO
[    0.627514] NetLabel:  unlabeled traffic allowed by default
[    0.661595] PCI: Using ACPI for IRQ routing
[    0.662223] pci 0000:00:02.0: vgaarb: setting as boot VGA device
[    0.662738] pci 0000:00:02.0: vgaarb: bridge control possible
[    0.663222] pci 0000:00:02.0: vgaarb: VGA device added: decodes=io+mem,owns=io+mem,locks=none
[    0.663933] vgaarb: loaded
[    0.664671] hpet0: at MMIO 0xfed00000, IRQs 2, 8, 0
[    0.665114] hpet0: 3 comparators, 64-bit 100.000000 MHz counter
[    3.057869] clocksource: Switched to clocksource kvm-clock
[    3.058607] VFS: Disk quotas dquot_6.6.0
[    3.059017] VFS: Dquot-cache hash table entries: 512 (order 0, 4096 bytes)
[    3.059796] pnp: PnP ACPI init
[    3.061566] pnp: PnP ACPI: found 6 devices
[    3.122044] clocksource: acpi_pm: mask: 0xffffff max_cycles: 0xffffff, max_idle_ns: 2085701024 ns
[    3.123176] NET: Registered PF_INET protocol family
[    3.123802] IP idents hash table entries: 32768 (order: 6, 262144 bytes, linear)
[    3.128705] tcp_listen_portaddr_hash hash table entries: 1024 (order: 2, 16384 bytes, linear)
[    3.129456] Table-perturb hash table entries: 65536 (order: 6, 262144 bytes, linear)
[    3.130090] TCP established hash table entries: 16384 (order: 5, 131072 bytes, linear)
[    3.131302] TCP bind hash table entries: 16384 (order: 6, 262144 bytes, linear)
[    3.132160] TCP: Hash tables configured (established 16384 bind 16384)
[    3.132818] UDP hash table entries: 1024 (order: 3, 32768 bytes, linear)
[    3.133408] UDP-Lite hash table entries: 1024 (order: 3, 32768 bytes, linear)
[    3.134121] NET: Registered PF_UNIX/PF_LOCAL protocol family
[    3.135387] RPC: Registered named UNIX socket transport module.
[    3.135888] RPC: Registered udp transport module.
[    3.136278] RPC: Registered tcp transport module.
[    3.136665] RPC: Registered tcp NFSv4.1 backchannel transport module.
[    3.137218] pci_bus 0000:00: resource 4 [io  0x0000-0x0cf7 window]
[    3.137768] pci_bus 0000:00: resource 5 [io  0x0d00-0xffff window]
[    3.138282] pci_bus 0000:00: resource 6 [mem 0x000a0000-0x000bffff window]
[    3.138852] pci_bus 0000:00: resource 7 [mem 0x80000000-0xfebfffff window]
[    3.139420] pci_bus 0000:00: resource 8 [mem 0x100000000-0x17fffffff window]
[    3.140201] pci 0000:00:01.0: PIIX3: Enabling Passive Release
[    3.140687] pci 0000:00:00.0: Limiting direct PCI/PCI transfers
[    3.141204] pci 0000:00:01.0: Activating ISA DMA hang workarounds
[    3.141797] PCI: CLS 0 bytes, default 64
[    3.142328] ACPI: bus type thunderbolt registered
[    3.143019] clocksource: tsc: mask: 0xffffffffffffffff max_cycles: 0x1128af0325d, max_idle_ns: 440795261011 ns
[    3.195912] Initialise system trusted keyrings
[    3.196391] Key type blacklist registered
[    3.196911] workingset: timestamp_bits=36 max_order=19 bucket_order=0
[    3.202653] zbud: loaded
[    3.203870] squashfs: version 4.0 (2009/01/31) Phillip Lougher
[    3.205178] NFS: Registering the id_resolver key type
[    3.205646] Key type id_resolver registered
[    3.206005] Key type id_legacy registered
[    3.206415] nfs4filelayout_init: NFSv4 File Layout Driver Registering...
[    3.206983] nfs4flexfilelayout_init: NFSv4 Flexfile Layout Driver Registering...
[    3.207668] fuse: init (API version 7.36)
[    3.208198] SGI XFS with ACLs, security attributes, realtime, quota, no debug enabled
[    3.209853] 9p: Installing v9fs 9p2000 file system support
[    3.218298] Key type asymmetric registered
[    3.218655] Asymmetric key parser 'x509' registered
[    3.219856] alg: self-tests for CTR-KDF (hmac(sha256)) passed
[    3.220393] Block layer SCSI generic (bsg) driver version 0.4 loaded (major 243)
[    3.221106] io scheduler mq-deadline registered
[    3.221528] io scheduler bfq registered
[    3.223241] shpchp: Standard Hot Plug PCI Controller Driver version: 0.4
[    3.223928] IPMI message handler: version 39.2
[    3.224318] ipmi device interface
[    3.225651] input: Power Button as /devices/LNXSYSTM:00/LNXPWRBN:00/input/input0
[    3.226362] ACPI: button: Power Button [PWRF]
[    3.227426] ERST DBG: ERST support is disabled.
[    3.228175] Serial: 8250/16550 driver, 32 ports, IRQ sharing enabled
[    3.229174] 00:04: ttyS0 at I/O 0x3f8 (irq = 4, base_baud = 115200) is a 16550A
[    3.234518] Linux agpgart interface v0.103
[    3.235287] ACPI: bus type drm_connector registered
[    3.243903] brd: module loaded
[    3.249371] loop: module loaded
[    3.252410] scsi host0: ata_piix
[    3.253042] scsi host1: ata_piix
[    3.253457] ata1: PATA max MWDMA2 cmd 0x1f0 ctl 0x3f6 bmdma 0xc040 irq 14
[    3.254029] ata2: PATA max MWDMA2 cmd 0x170 ctl 0x376 bmdma 0xc048 irq 15
[    3.255356] tun: Universal TUN/TAP device driver, 1.6
[    3.255893] e100: Intel(R) PRO/100 Network Driver
[    3.256280] e100: Copyright(c) 1999-2006 Intel Corporation
[    3.256718] e1000: Intel(R) PRO/1000 Network Driver
[    3.257129] e1000: Copyright (c) 1999-2006 Intel Corporation.
[    3.342917] ACPI: \_SB_.LNKC: Enabled at IRQ 11
[    3.413452] ata2: found unknown device (class 0)
[    3.414142] ata1: found unknown device (class 0)
[    3.415095] ata2.00: ATAPI: QEMU DVD-ROM, 2.5+, max UDMA/100
[    3.415746] ata1.00: ATA-7: QEMU HARDDISK, 2.5+, max UDMA/100
[    3.416215] ata1.00: 16777216 sectors, multi 16: LBA48 
[    3.417736] scsi 0:0:0:0: Direct-Access     ATA      QEMU HARDDISK    2.5+ PQ: 0 ANSI: 5
[    3.418832] scsi 0:0:0:0: Attached scsi generic sg0 type 0
[    3.419866] scsi 1:0:0:0: CD-ROM            QEMU     QEMU DVD-ROM     2.5+ PQ: 0 ANSI: 5
[    3.420730] sd 0:0:0:0: [sda] 16777216 512-byte logical blocks: (8.59 GB/8.00 GiB)
[    3.422032] sd 0:0:0:0: [sda] Write Protect is off
[    3.422491] sd 0:0:0:0: [sda] Write cache: enabled, read cache: enabled, doesn't support DPO or FUA
[    3.423236] sd 0:0:0:0: [sda] Preferred minimum I/O size 512 bytes
[    3.444313] sd 0:0:0:0: [sda] Attached SCSI disk
[    3.454051] scsi 1:0:0:0: Attached scsi generic sg1 type 5
[    3.677950] e1000 0000:00:03.0 eth0: (PCI:33MHz:32-bit) 52:54:00:12:34:56
[    3.678690] e1000 0000:00:03.0 eth0: Intel(R) PRO/1000 Network Connection
[    3.679382] e1000e: Intel(R) PRO/1000 Network Driver
[    3.679797] e1000e: Copyright(c) 1999 - 2015 Intel Corporation.
[    3.680348] igb: Intel(R) Gigabit Ethernet Network Driver
[    3.680797] igb: Copyright (c) 2007-2014 Intel Corporation.
[    3.681366] PPP generic driver version 2.4.2
[    3.682254] VFIO - User Level meta-driver version: 0.3
[    3.682722] ehci_hcd: USB 2.0 'Enhanced' Host Controller (EHCI) Driver
[    3.683299] ehci-pci: EHCI PCI platform driver
[    3.683707] ehci-platform: EHCI generic platform driver
[    3.684159] ohci_hcd: USB 1.1 'Open' Host Controller (OHCI) Driver
[    3.684671] ohci-pci: OHCI PCI platform driver
[    3.685060] ohci-platform: OHCI generic platform driver
[    3.685520] uhci_hcd: USB Universal Host Controller Interface driver
[    3.686486] usbcore: registered new interface driver uas
[    3.686986] usbcore: registered new interface driver usb-storage
[    3.687603] i8042: PNP: PS/2 Controller [PNP0303:KBD,PNP0f13:MOU] at 0x60,0x64 irq 1,12
[    3.688922] serio: i8042 KBD port at 0x60,0x64 irq 1
[    3.689372] serio: i8042 AUX port at 0x60,0x64 irq 12
[    3.690555] mousedev: PS/2 mouse device common for all mice
[    3.691756] rtc_cmos 00:05: RTC can wake from S4
[    3.692273] input: AT Translated Set 2 keyboard as /devices/platform/i8042/serio0/input/input1
[    3.694060] input: VirtualPS/2 VMware VMMouse as /devices/platform/i8042/serio1/input/input4
[    3.694948] rtc_cmos 00:05: registered as rtc0
[    3.695373] rtc_cmos 00:05: setting system clock to 2022-12-08T05:04:06 UTC (1670475846)
[    3.696164] rtc_cmos 00:05: alarms up to one day, y3k, 242 bytes nvram, hpet irqs
[    3.696804] i2c_dev: i2c /dev entries driver
[    3.697759] input: VirtualPS/2 VMware VMMouse as /devices/platform/i8042/serio1/input/input3
[    3.698521] device-mapper: core: CONFIG_IMA_DISABLE_HTABLE is disabled. Duplicate IMA measurements will not be recorded in the IMA log.
[    3.699711] device-mapper: uevent: version 1.0.3
[    3.700518] device-mapper: ioctl: 4.47.0-ioctl (2022-07-28) initialised: dm-devel@redhat.com
[    3.701240] intel_pstate: CPU model not supported
[    3.701709] sdhci: Secure Digital Host Controller Interface driver
[    3.702220] sdhci: Copyright(c) Pierre Ossman
[    3.702672] sdhci-pltfm: SDHCI platform and OF driver helper
[    3.703391] ledtrig-cpu: registered to indicate activity on CPUs
[    3.704140] drop_monitor: Initializing network drop monitor service
[    3.705139] NET: Registered PF_INET6 protocol family
[    3.707944] Segment Routing with IPv6
[    3.708291] In-situ OAM (IOAM) with IPv6
[    3.708658] NET: Registered PF_PACKET protocol family
[    3.709408] 9pnet: Installing 9P2000 support
[    3.709798] Key type dns_resolver registered
[    3.710944] IPI shorthand broadcast: enabled
[    3.711367] sched_clock: Marking stable (3703118302, 7601246)->(3738050334, -27330786)
[    3.712422] registered taskstats version 1
[    3.712876] Loading compiled-in X.509 certificates
[    3.713466] zswap: loaded using pool lzo/zbud
[    3.714238] Key type ._fscrypt registered
[    3.714579] Key type .fscrypt registered
[    3.714909] Key type fscrypt-provisioning registered
[    3.716019] Key type encrypted registered
[    3.716395] ima: No TPM chip found, activating TPM-bypass!
[    3.716860] ima: Allocated hash algorithm: sha1
[    3.717265] ima: No architecture policies found
[    3.717675] evm: Initialising EVM extended attributes:
[    3.718102] evm: security.selinux
[    3.718392] evm: security.SMACK64
[    3.718673] evm: security.SMACK64EXEC
[    3.718984] evm: security.SMACK64TRANSMUTE
[    3.719329] evm: security.SMACK64MMAP
[    3.719639] evm: security.apparmor
[    3.719928] evm: security.ima
[    3.720182] evm: security.capability
[    3.720485] evm: HMAC attrs: 0x1
[    3.724730] PM:   Magic number: 2:678:61
[    3.725525] RAS: Correctable Errors collector initialized.
[    3.726408] md: Waiting for all devices to be available before autodetect
[    3.726814] md: If you don't use raid, use raid=noautodetect
[    3.727131] md: Autodetecting RAID arrays.
[    3.727363] md: autorun ...
[    3.727524] md: ... autorun DONE.
[    3.730687] EXT4-fs (sda): INFO: recovery required on readonly filesystem
[    3.731064] EXT4-fs (sda): write access will be enabled during recovery
[    3.793122] EXT4-fs (sda): recovery complete
[    3.799119] EXT4-fs (sda): mounted filesystem with ordered data mode. Quota mode: none.
[    3.799608] VFS: Mounted root (ext4 filesystem) readonly on device 8:0.
[    3.800957] devtmpfs: mounted
[    3.811612] Freeing unused decrypted memory: 2036K
[    3.814192] Freeing unused kernel image (initmem) memory: 3608K
[    3.814547] Write protecting the kernel read-only data: 40960k
[    3.818173] Freeing unused kernel image (text/rodata gap) memory: 2032K
[    3.819380] Freeing unused kernel image (rodata/data gap) memory: 372K
[    3.916358] x86/mm: Checked W+X mappings: passed, no W+X pages found.
[    3.916738] Run /sbin/init as init process
[    4.045300] systemd[1]: RTC configured in localtime, applying delta of 0 minutes to system time.
[    4.071203] systemd[1]: systemd 239 (239-49.el8) running in system mode. (+PAM +AUDIT +SELINUX +IMA -APPARMOR +SMACK +SYSVINIT +UTMP +LIBCRYPTSETUP +GCRYPT +GNUTLS +ACL +XZ +LZ4 +SECCOMP +BLKID +ELFUTILS +KMOD +IDN2 -IDN +PCRE2 default-hierarchy=legacy)
[    4.072557] systemd[1]: Detected virtualization kvm.
[    4.072893] systemd[1]: Detected architecture x86-64.

Welcome to [0;31mCentOS Stream 8[0m!

[    4.094348] systemd[1]: Set hostname to <test>.
[    6.037318] random: crng init done
[    6.211325] systemd[1]: Listening on Process Core Dump Socket.
[[0;32m  OK  [0m] Listening on Process Core Dump Socket.
[    6.212371] systemd[1]: Listening on multipathd control socket.
[[0;32m  OK  [0m] Listening on multipathd control socket.
[    6.214591] systemd[1]: Created slice system-sshd\x2dkeygen.slice.
[[0;32m  OK  [0m] Created slice system-sshd\x2dkeygen.slice.
[    6.215715] systemd[1]: Listening on RPCbind Server Activation Socket.
[[0;32m  OK  [0m] Listening on RPCbind Server Activation Socket.
[    6.216619] systemd[1]: Reached target Swap.
[[0;32m  OK  [0m] Reached target Swap.
[    6.217743] systemd[1]: Created slice system-serial\x2dgetty.slice.
[[0;32m  OK  [0m] Created slice system-serial\x2dgetty.slice.
[[0;32m  OK  [0m] Listening on Journal Socket.
         Starting Setup Virtual Console...
         Mounting Kernel Debug File System...
         Mounting Huge Pages File System...
[[0;32m  OK  [0m] Started Forward Password Requests to Wall Directory Watch.
[[0;32m  OK  [0m] Reached target RPC Port Mapper.
         Starting Load Kernel Modules...
[[0;32m  OK  [0m] Listening on udev Control Socket.
[[0;32m  OK  [0m] Created slice User and Session Slice.
[[0;32m  OK  [0m] Listening on udev Kernel Socket.
         Starting udev Coldplug all Devices...
[[0;32m  OK  [0m] Set up automount Arbitrary Executabâ€¦rmats File System Automount Point.
[[0;32m  OK  [0m] Listening on Journal Socket (/dev/log).
[[0;32m  OK  [0m] Listening on LVM2 poll daemon socket.
[[0;32m  OK  [0m] Listening on Device-mapper event daemon FIFOs.
         Starting Journal Service...
[[0;32m  OK  [0m] Created slice system-getty.slice.
         Mounting POSIX Message Queue File System...
         Starting Monitoring of LVM2 mirrorsâ€¦ng dmeventd or progress polling...
[[0;32m  OK  [0m] Reached target Slices.
[[0;32m  OK  [0m] Listening on initctl Compatibility Named Pipe.
         Starting Remount Root and Kernel File Systems...
[[0;32m  OK  [0m] Started Journal Service.
[[0;32m  OK  [0m] Mounted Kernel Debug File System.
[[0;32m  OK  [0m] Mounted Huge Pages File System.
[[0;1;31mFAILED[0m] Failed to start Load Kernel Modules.
See 'systemctl status systemd-modules-load.service' for details.
[[0;32m  OK  [0m] Mounted POSIX Message Queue File System.
         Mounting FUSE Control File System...
         Starting Apply Kernel Variables...
         Mounting Kernel Configuration File System...
[    6.470045] EXT4-fs (sda): re-mounted. Quota mode: none.
[[0;32m  OK  [0m] Mounted FUSE Control File System.
[[0;32m  OK  [0m] Started Remount Root and Kernel File Systems.
[[0;32m  OK  [0m] Started udev Coldplug all Devices.
[[0;32m  OK  [0m] Started Apply Kernel Variables.
[[0;32m  OK  [0m] Started Setup Virtual Console.
[[0;32m  OK  [0m] Mounted Kernel Configuration File System.
         Starting udev Wait for Complete Device Initialization...
         Starting Create Static Device Nodes in /dev...
         Starting Load/Save Random Seed...
         Starting Flush Journal to Persistent Storage...
[[0;32m  OK  [0m] Started Load/Save Random Seed.
[[0;32m  OK  [0m] Started Create Static Device Nodes in /dev.
         Starting udev Kernel Device Manager...
[[0;32m  OK  [0m] Started Flush Journal to Persistent Storage.
[[0;32m  OK  [0m] Started udev Kernel Device Manager.
         Starting Show Plymouth Boot Screen...
[[0;32m  OK  [0m] Started Show Plymouth Boot Screen.
[[0;32m  OK  [0m] Started Forward Password Requests to Plymouth Directory Watch.
[[0;32m  OK  [0m] Reached target Paths.
[[0;32m  OK  [0m] Reached target Local Encrypted Volumes.
[[0;32m  OK  [0m] Found device /dev/ttyS0.
[[0;32m  OK  [0m] Listening on Load/Save RF Kill Switch Status /dev/rfkill Watch.
[[0;32m  OK  [0m] Started udev Wait for Complete Device Initialization.
[[0;32m  OK  [0m] Started Monitoring of LVM2 mirrors,â€¦sing dmeventd or progress polling.
[[0;32m  OK  [0m] Reached target Local File Systems (Pre).
[[0;32m  OK  [0m] Reached target Local File Systems.
         Starting Tell Plymouth To Write Out Runtime Data...
         Starting Create Volatile Files and Directories...
         Starting Restore /run/initramfs on shutdown...
[[0;32m  OK  [0m] Started Tell Plymouth To Write Out Runtime Data.
[[0;32m  OK  [0m] Started Restore /run/initramfs on shutdown.
[[0;32m  OK  [0m] Started Create Volatile Files and Directories.
         Starting Security Auditing Service...
         Starting RPC Bind...
         Mounting RPC Pipe File System...
[[0;32m  OK  [0m] Mounted RPC Pipe File System.
[[0;32m  OK  [0m] Reached target rpc_pipefs.target.
[[0;32m  OK  [0m] Started RPC Bind.
[[0;32m  OK  [0m] Started Security Auditing Service.
         Starting Update UTMP about System Boot/Shutdown...
[[0;32m  OK  [0m] Started Update UTMP about System Boot/Shutdown.
[[0;32m  OK  [0m] Reached target System Initialization.
[[0;32m  OK  [0m] Started Daily Cleanup of Temporary Directories.
[[0;32m  OK  [0m] Started dnf makecache --timer.
[[0;32m  OK  [0m] Listening on D-Bus System Message Bus Socket.
[[0;32m  OK  [0m] Started daily update of the root trust anchor for DNSSEC.
[[0;32m  OK  [0m] Reached target Timers.
[[0;32m  OK  [0m] Listening on SSSD Kerberos Cache Manager responder socket.
[[0;32m  OK  [0m] Reached target Sockets.
[[0;32m  OK  [0m] Reached target Basic System.
         Starting Self Monitoring and Reporting Technology (SMART) Daemon...
         Starting Login Service...
[[0;32m  OK  [0m] Reached target sshd-keygen.target.
[[0;32m  OK  [0m] Started D-Bus System Message Bus.
[[0;32m  OK  [0m] Started Machine Check Exception Logging Daemon.
         Starting Network Manager...
[[0;32m  OK  [0m] Started irqbalance daemon.
         Starting Authorization Manager...
         Starting Auto-connect to subsystemsâ€¦-NVME devices found during boot...
         Starting NTP client/server...
[[0;32m  OK  [0m] Started Auto-connect to subsystems â€¦FC-NVME devices found during boot.
         Starting update of the root trust aâ€¦or DNSSEC validation in unbound...
[[0;32m  OK  [0m] Started Self Monitoring and Reporting Technology (SMART) Daemon.
[[0;32m  OK  [0m] Started Login Service.
[[0;32m  OK  [0m] Started NTP client/server.
[[0;32m  OK  [0m] Started update of the root trust anâ€¦ for DNSSEC validation in unbound.
[[0;32m  OK  [0m] Started Network Manager.
[[0;32m  OK  [0m] Reached target Network.
         Starting OpenSSH server daemon...
         Starting GSSAPI Proxy Daemon...
         Starting Dynamic System Tuning Daemon...
         Starting Network Manager Wait Online...
         Starting Hostname Service...
[[0;32m  OK  [0m] Started Authorization Manager.
[[0;32m  OK  [0m] Started OpenSSH server daemon.
[[0;32m  OK  [0m] Started GSSAPI Proxy Daemon.
[[0;32m  OK  [0m] Reached target NFS client services.
[[0;32m  OK  [0m] Reached target Remote File Systems (Pre).
[[0;32m  OK  [0m] Reached target Remote File Systems.
         Starting Permit User Sessions...
[[0;32m  OK  [0m] Started Permit User Sessions.
[[0;32m  OK  [0m] Started Command Scheduler.
         Starting Hold until boot process finishes up...
         Starting Terminate Plymouth Boot Screen...
[    7.801406] e1000: eth0 NIC Link is Up 1000 Mbps Full Duplex, Flow Control: RX
[    7.802156] IPv6: ADDRCONF(NETDEV_CHANGE): eth0: link becomes ready
[    8.128468] Spectre V2 : WARNING: Unprivileged eBPF is enabled with eIBRS on, data leaks possible via Spectre v2 BHB attacks!
[    8.129364] Spectre V2 : WARNING: Unprivileged eBPF is enabled with eIBRS on, data leaks possible via Spectre v2 BHB attacks!

CentOS Stream 8
Kernel 5.19.0-8374cfe647a1+ on an x86_64

test login: [   27.972698] ------------[ cut here ]------------
[   27.972943] WARNING: CPU: 0 PID: 562 at mm/memory.c:874 copy_page_range+0x1861/0x2960
[   27.973336] Modules linked in:
[   27.973516] CPU: 0 PID: 562 Comm: repro Not tainted 5.19.0-8374cfe647a1+ #1
[   27.973907] Hardware name: QEMU Standard PC (i440FX + PIIX, 1996), BIOS rel-1.14.0-0-g155821a1990b-prebuilt.qemu.org 04/01/2014
[   27.974500] RIP: 0010:copy_page_range+0x1861/0x2960
[   27.974742] Code: fd e1 ff 41 83 fc 1e 0f 85 b1 fe ff ff e8 87 fb e1 ff 31 ff 4c 89 ee e8 0d fd e1 ff 4d 85 ed 0f 85 b6 fe ff ff e8 6f fb e1 ff <0f> 0b e9 aa fe ff ff e8 63 fb e1 ff 4c 8b 2d cc f2 2a 02 49 81 e5
[   27.975586] RSP: 0018:ffffc90000cafaf0 EFLAGS: 00010246
[   27.975837] RAX: 0000000000000000 RBX: f7fffffffffffc00 RCX: ffffffff81427bb3
[   27.976171] RDX: 0000000000000000 RSI: ffff888006f46600 RDI: 0000000000000002
[   27.976505] RBP: ffffc90000cafc98 R08: 0000000000000040 R09: 0000000000000040
[   27.976840] R10: 0000000000000001 R11: ffffea00002a3ac0 R12: 000000000000001e
[   27.977172] R13: 0000000000000000 R14: 0000000000000004 R15: 0000000000000000
[   27.977528] FS:  00007fe0e57f1740(0000) GS:ffff88807dc00000(0000) knlGS:0000000000000000
[   27.977942] CS:  0010 DS: 0000 ES: 0000 CR0: 0000000080050033
[   27.978219] CR2: 00000000200000c0 CR3: 000000000afe8004 CR4: 0000000000770ef0
[   27.978573] DR0: 0000000000000000 DR1: 0000000000000000 DR2: 0000000000000000
[   27.978898] DR3: 0000000000000000 DR6: 00000000ffff07f0 DR7: 0000000000000400
[   27.979210] PKRU: 55555554
[   27.979346] Call Trace:
[   27.979473]  <TASK>
[   27.979591]  dup_mm+0x68d/0x920
[   27.979759]  copy_process+0x1ae2/0x23e0
[   27.979960]  ? __sanitizer_cov_trace_pc+0x25/0x60
[   27.980242]  kernel_clone+0x90/0x670
[   27.980455]  ? userfaultfd_ioctl+0xd2/0x23c0
[   27.980713]  __do_sys_clone+0xa2/0xd0
[   27.980929]  __x64_sys_clone+0x2f/0x40
[   27.981147]  do_syscall_64+0x3b/0x90
[   27.981380]  entry_SYSCALL_64_after_hwframe+0x63/0xcd
[   27.981678] RIP: 0033:0x7fe0e591659d
[   27.981891] Code: 00 c3 66 2e 0f 1f 84 00 00 00 00 00 90 f3 0f 1e fa 48 89 f8 48 89 f7 48 89 d6 48 89 ca 4d 89 c2 4d 89 c8 4c 8b 4c 24 08 0f 05 <48> 3d 01 f0 ff ff 73 01 c3 48 8b 0d d3 08 0d 00 f7 d8 64 89 01 48
[   27.982836] RSP: 002b:00007fffcbcfe698 EFLAGS: 00000202 ORIG_RAX: 0000000000000038
[   27.983192] RAX: ffffffffffffffda RBX: 0000000000000000 RCX: 00007fe0e591659d
[   27.983556] RDX: 0000000000000000 RSI: 0000000000000000 RDI: 0000000000001000
[   27.983902] RBP: 00007fffcbcfe6e0 R08: 0000000000000000 R09: 0000000000000000
[   27.984236] R10: 0000000000000000 R11: 0000000000000202 R12: 0000000000401060
[   27.984583] R13: 00007fffcbcfe7e0 R14: 0000000000000000 R15: 0000000000000000
[   27.984950]  </TASK>
[   27.985064] ---[ end trace 0000000000000000 ]---
