c[?7l[2J[0mSeaBIOS (version rel-1.14.0-0-g155821a1990b-prebuilt.qemu.org)


iPXE (http://ipxe.org) 00:03.0 CA00 PCI2.10 PnP PMM+7FF8F030+7FEEF030 CA00
Press Ctrl-B to configure iPXE (PCI 00:03.0)...                                                                               


Booting from ROM...
c[?7l[2J[    0.000000] Linux version 5.18.0-rc4-97d482f4592f+ (root@p-mtlp02) (gcc (GCC) 8.5.0 20210514 (Red Hat 8.5.0-17), GNU ld version 2.36.1-2.el8) #1 SMP PREEMPT_DYNAMIC Thu Dec 8 16:51:49 CST 2022
[    0.000000] Command line: console=ttyS0 root=/dev/sda earlyprintk=serial net.ifnames=0
[    0.000000] KERNEL supported cpus:
[    0.000000]   Intel GenuineIntel
[    0.000000]   AMD AuthenticAMD
[    0.000000]   Hygon HygonGenuine
[    0.000000]   Centaur CentaurHauls
[    0.000000]   zhaoxin   Shanghai  
[    0.000000] x86/split lock detection: #DB: warning on user-space bus_locks
[    0.000000] x86/fpu: Supporting XSAVE feature 0x001: 'x87 floating point registers'
[    0.000000] x86/fpu: Supporting XSAVE feature 0x002: 'SSE registers'
[    0.000000] x86/fpu: Supporting XSAVE feature 0x004: 'AVX registers'
[    0.000000] x86/fpu: Supporting XSAVE feature 0x200: 'Protection Keys User registers'
[    0.000000] x86/fpu: xstate_offset[2]:  576, xstate_sizes[2]:  256
[    0.000000] x86/fpu: xstate_offset[9]:  832, xstate_sizes[9]:    8
[    0.000000] x86/fpu: Enabled xstate features 0x207, context size is 840 bytes, using 'compacted' format.
[    0.000000] signal: max sigframe size: 3632
[    0.000000] BIOS-provided physical RAM map:
[    0.000000] BIOS-e820: [mem 0x0000000000000000-0x000000000009fbff] usable
[    0.000000] BIOS-e820: [mem 0x000000000009fc00-0x000000000009ffff] reserved
[    0.000000] BIOS-e820: [mem 0x00000000000f0000-0x00000000000fffff] reserved
[    0.000000] BIOS-e820: [mem 0x0000000000100000-0x000000007ffdffff] usable
[    0.000000] BIOS-e820: [mem 0x000000007ffe0000-0x000000007fffffff] reserved
[    0.000000] BIOS-e820: [mem 0x00000000feffc000-0x00000000feffffff] reserved
[    0.000000] BIOS-e820: [mem 0x00000000fffc0000-0x00000000ffffffff] reserved
[    0.000000] printk: bootconsole [earlyser0] enabled
[    0.000000] NX (Execute Disable) protection: active
[    0.000000] SMBIOS 2.8 present.
[    0.000000] DMI: QEMU Standard PC (i440FX + PIIX, 1996), BIOS rel-1.14.0-0-g155821a1990b-prebuilt.qemu.org 04/01/2014
[    0.000000] Hypervisor detected: KVM
[    0.000000] kvm-clock: Using msrs 4b564d01 and 4b564d00
[    0.000005] kvm-clock: using sched offset of 513978023 cycles
[    0.000453] clocksource: kvm-clock: mask: 0xffffffffffffffff max_cycles: 0x1cd42e4dffb, max_idle_ns: 881590591483 ns
[    0.001846] tsc: Detected 1190.400 MHz processor
[    0.008570] last_pfn = 0x7ffe0 max_arch_pfn = 0x400000000
[    0.009126] x86/PAT: Configuration [0-7]: WB  WC  UC- UC  WB  WP  UC- WT  
[    0.018897] found SMP MP-table at [mem 0x000f5a90-0x000f5a9f]
[    0.019593] Using GB pages for direct mapping
[    0.021146] ACPI: Early table checksum verification disabled
[    0.021672] ACPI: RSDP 0x00000000000F5870 000014 (v00 BOCHS )
[    0.022183] ACPI: RSDT 0x000000007FFE1959 000034 (v01 BOCHS  BXPC     00000001 BXPC 00000001)
[    0.022938] ACPI: FACP 0x000000007FFE1805 000074 (v01 BOCHS  BXPC     00000001 BXPC 00000001)
[    0.023681] ACPI: DSDT 0x000000007FFE0040 0017C5 (v01 BOCHS  BXPC     00000001 BXPC 00000001)
[    0.024420] ACPI: FACS 0x000000007FFE0000 000040
[    0.024825] ACPI: APIC 0x000000007FFE1879 000080 (v01 BOCHS  BXPC     00000001 BXPC 00000001)
[    0.025565] ACPI: HPET 0x000000007FFE18F9 000038 (v01 BOCHS  BXPC     00000001 BXPC 00000001)
[    0.026350] ACPI: WAET 0x000000007FFE1931 000028 (v01 BOCHS  BXPC     00000001 BXPC 00000001)
[    0.027154] ACPI: Reserving FACP table memory at [mem 0x7ffe1805-0x7ffe1878]
[    0.027753] ACPI: Reserving DSDT table memory at [mem 0x7ffe0040-0x7ffe1804]
[    0.028349] ACPI: Reserving FACS table memory at [mem 0x7ffe0000-0x7ffe003f]
[    0.028944] ACPI: Reserving APIC table memory at [mem 0x7ffe1879-0x7ffe18f8]
[    0.029538] ACPI: Reserving HPET table memory at [mem 0x7ffe18f9-0x7ffe1930]
[    0.030132] ACPI: Reserving WAET table memory at [mem 0x7ffe1931-0x7ffe1958]
[    0.031619] No NUMA configuration found
[    0.031952] Faking a node at [mem 0x0000000000000000-0x000000007ffdffff]
[    0.032579] NODE_DATA(0) allocated [mem 0x7ffb5000-0x7ffdffff]
[    0.036491] Zone ranges:
[    0.036715]   DMA      [mem 0x0000000000001000-0x0000000000ffffff]
[    0.037243]   DMA32    [mem 0x0000000001000000-0x000000007ffdffff]
[    0.037772]   Normal   empty
[    0.038022]   Device   empty
[    0.038271] Movable zone start for each node
[    0.038635] Early memory node ranges
[    0.038945]   node   0: [mem 0x0000000000001000-0x000000000009efff]
[    0.039479]   node   0: [mem 0x0000000000100000-0x000000007ffdffff]
[    0.040014] Initmem setup node 0 [mem 0x0000000000001000-0x000000007ffdffff]
[    0.042843] On node 0, zone DMA: 1 pages in unavailable ranges
[    0.043011] On node 0, zone DMA: 97 pages in unavailable ranges
[    0.072821] On node 0, zone DMA32: 32 pages in unavailable ranges
[    0.073732] ACPI: PM-Timer IO Port: 0x608
[    0.074658] ACPI: LAPIC_NMI (acpi_id[0xff] dfl dfl lint[0x1])
[    0.075290] IOAPIC[0]: apic_id 0, version 17, address 0xfec00000, GSI 0-23
[    0.075985] ACPI: INT_SRC_OVR (bus 0 bus_irq 0 global_irq 2 dfl dfl)
[    0.076552] ACPI: INT_SRC_OVR (bus 0 bus_irq 5 global_irq 5 high level)
[    0.077146] ACPI: INT_SRC_OVR (bus 0 bus_irq 9 global_irq 9 high level)
[    0.077741] ACPI: INT_SRC_OVR (bus 0 bus_irq 10 global_irq 10 high level)
[    0.078345] ACPI: INT_SRC_OVR (bus 0 bus_irq 11 global_irq 11 high level)
[    0.078966] ACPI: Using ACPI (MADT) for SMP configuration information
[    0.079537] ACPI: HPET id: 0x8086a201 base: 0xfed00000
[    0.080023] TSC deadline timer available
[    0.080379] smpboot: Allowing 2 CPUs, 0 hotplug CPUs
[    0.080916] kvm-guest: KVM setup pv remote TLB flush
[    0.081355] kvm-guest: setup PV sched yield
[    0.081815] PM: hibernation: Registered nosave memory: [mem 0x00000000-0x00000fff]
[    0.082489] PM: hibernation: Registered nosave memory: [mem 0x0009f000-0x0009ffff]
[    0.083161] PM: hibernation: Registered nosave memory: [mem 0x000a0000-0x000effff]
[    0.083824] PM: hibernation: Registered nosave memory: [mem 0x000f0000-0x000fffff]
[    0.084497] [mem 0x80000000-0xfeffbfff] available for PCI devices
[    0.085056] Booting paravirtualized kernel on KVM
[    0.085570] clocksource: refined-jiffies: mask: 0xffffffff max_cycles: 0xffffffff, max_idle_ns: 7645519600211568 ns
[    0.086640] setup_percpu: NR_CPUS:8192 nr_cpumask_bits:2 nr_cpu_ids:2 nr_node_ids:1
[    0.089693] percpu: Embedded 64 pages/cpu s225280 r8192 d28672 u1048576
[    0.090534] kvm-guest: PV spinlocks enabled
[    0.090976] PV qspinlock hash table entries: 256 (order: 0, 4096 bytes, linear)
[    0.091674] Fallback order for Node 0: 0 
[    0.092054] Built 1 zonelists, mobility grouping on.  Total pages: 515808
[    0.092667] Policy zone: DMA32
[    0.092946] Kernel command line: net.ifnames=0 console=ttyS0 root=/dev/sda earlyprintk=serial net.ifnames=0
[    0.096456] Dentry cache hash table entries: 262144 (order: 9, 2097152 bytes, linear)
[    0.097272] Inode-cache hash table entries: 131072 (order: 8, 1048576 bytes, linear)
[    0.098085] mem auto-init: stack:off, heap alloc:off, heap free:off
[    0.102983] Memory: 1985384K/2096632K available (32784K kernel code, 5483K rwdata, 7984K rodata, 3260K init, 21748K bss, 110992K reserved, 0K cma-reserved)
[    0.104198] random: get_random_u64 called from __kmem_cache_create+0x33/0x4f0 with crng_init=0
[    0.104989] SLUB: HWalign=64, Order=0-3, MinObjects=0, CPUs=2, Nodes=1
[    0.106256] kmemleak: Kernel memory leak detector disabled
[    0.106768] ftrace: allocating 66027 entries in 258 pages
[    0.135561] ftrace: allocated 258 pages with 2 groups
[    0.139755] Dynamic Preempt: voluntary
[    0.140244] Running RCU self tests
[    0.140541] rcu: Preemptible hierarchical RCU implementation.
[    0.141025] rcu: 	RCU lockdep checking is enabled.
[    0.141425] rcu: 	RCU restricting CPUs from NR_CPUS=8192 to nr_cpu_ids=2.
[    0.142017] 	Trampoline variant of Tasks RCU enabled.
[    0.142457] 	Rude variant of Tasks RCU enabled.
[    0.142849] 	Tracing variant of Tasks RCU enabled.
[    0.143254] rcu: RCU calculated value of scheduler-enlistment delay is 25 jiffies.
[    0.143887] rcu: Adjusting geometry for rcu_fanout_leaf=16, nr_cpu_ids=2
[    0.169870] NR_IRQS: 524544, nr_irqs: 440, preallocated irqs: 16
[    0.178657] Console: colour VGA+ 80x25
[    0.179067] printk: console [ttyS0] enabled
[    0.179067] printk: console [ttyS0] enabled
[    0.179793] printk: bootconsole [earlyser0] disabled
[    0.179793] printk: bootconsole [earlyser0] disabled
[    0.180645] Lock dependency validator: Copyright (c) 2006 Red Hat, Inc., Ingo Molnar
[    0.181310] ... MAX_LOCKDEP_SUBCLASSES:  8
[    0.181671] ... MAX_LOCK_DEPTH:          48
[    0.182040] ... MAX_LOCKDEP_KEYS:        8192
[    0.182423] ... CLASSHASH_SIZE:          4096
[    0.182806] ... MAX_LOCKDEP_ENTRIES:     32768
[    0.183207] ... MAX_LOCKDEP_CHAINS:      65536
[    0.183602] ... CHAINHASH_SIZE:          32768
[    0.184004]  memory used by lock dependency info: 6365 kB
[    0.184479]  memory used for stack traces: 4224 kB
[    0.184895]  per task-struct memory footprint: 1920 bytes
[    0.185428] ACPI: Core revision 20211217
[    0.186057] clocksource: hpet: mask: 0xffffffff max_cycles: 0xffffffff, max_idle_ns: 19112604467 ns
[    0.187068] APIC: Switch to symmetric I/O mode setup
[    0.187714] x2apic enabled
[    0.188155] Switched APIC routing to physical x2apic.
[    0.188604] kvm-guest: setup PV IPIs
[    0.189901] ..TIMER: vector=0x30 apic1=0 pin1=2 apic2=-1 pin2=-1
[    0.190453] clocksource: tsc-early: mask: 0xffffffffffffffff max_cycles: 0x1128af0325d, max_idle_ns: 440795261011 ns
[    0.191500] Calibrating delay loop (skipped) preset value.. 2380.80 BogoMIPS (lpj=4761600)
[    0.192226] pid_max: default: 32768 minimum: 301
[    0.192719] LSM: Security Framework initializing
[    0.193138] Yama: becoming mindful.
[    0.193663] Mount-cache hash table entries: 4096 (order: 3, 32768 bytes, linear)
[    0.194334] Mountpoint-cache hash table entries: 4096 (order: 3, 32768 bytes, linear)
[    0.196671] CPU0: Thermal monitoring enabled (TM1)
[    0.199547] x86/cpu: User Mode Instruction Prevention (UMIP) activated
[    0.200623] Last level iTLB entries: 4KB 0, 2MB 0, 4MB 0
[    0.201133] Last level dTLB entries: 4KB 0, 2MB 0, 4MB 0, 1GB 0
[    0.201700] Spectre V1 : Mitigation: usercopy/swapgs barriers and __user pointer sanitization
[    0.203500] Spectre V2 : WARNING: Unprivileged eBPF is enabled with eIBRS on, data leaks possible via Spectre v2 BHB attacks!
[    0.204473] Spectre V2 : Mitigation: Enhanced IBRS
[    0.204878] Spectre V2 : Spectre v2 / SpectreRSB mitigation: Filling RSB on context switch
[    0.205569] Spectre V2 : mitigation: Enabling conditional Indirect Branch Prediction Barrier
[    0.206272] Speculative Store Bypass: Mitigation: Speculative Store Bypass disabled via prctl
[    0.264894] Freeing SMP alternatives memory: 56K
[    0.265901] smpboot: CPU0: Genuine Intel(R) 0000 (family: 0x6, model: 0xaa, stepping: 0x1)
[    0.267150] cblist_init_generic: Setting adjustable number of callback queues.
[    0.267483] cblist_init_generic: Setting shift to 1 and lim to 1.
[    0.267483] cblist_init_generic: Setting shift to 1 and lim to 1.
[    0.267483] cblist_init_generic: Setting shift to 1 and lim to 1.
[    0.267483] Running RCU-tasks wait API self tests
[    0.371809] Performance Events: generic architected perfmon, full-width counters, Intel PMU driver.
[    0.372840] ... version:                2
[    0.373265] ... bit width:              48
[    0.373689] ... generic registers:      8
[    0.374105] ... value mask:             0000ffffffffffff
[    0.374653] ... max period:             00007fffffffffff
[    0.375178] ... fixed-purpose events:   3
[    0.375492] ... event mask:             00000007000000ff
[    0.376469] rcu: Hierarchical SRCU implementation.
[    0.379537] Callback from call_rcu_tasks_trace() invoked.
[    0.380795] smp: Bringing up secondary CPUs ...
[    0.381795] x86: Booting SMP configuration:
[    0.382164] .... node  #0, CPUs:      #1
[    0.016712] smpboot: CPU 1 Converting physical 0 to logical die 1
[    0.387745] smp: Brought up 1 node, 2 CPUs
[    0.388040] smpboot: Max logical packages: 2
[    0.388409] smpboot: Total of 2 processors activated (4761.60 BogoMIPS)
[    0.395502] devtmpfs: initialized
[    0.396158] x86/mm: Memory block size: 128MB
[    0.398815] clocksource: jiffies: mask: 0xffffffff max_cycles: 0xffffffff, max_idle_ns: 7645041785100000 ns
[    0.399509] futex hash table entries: 512 (order: 4, 65536 bytes, linear)
[    0.400421] pinctrl core: initialized pinctrl subsystem
[    0.401519] 
[    0.401659] *************************************************************
[    0.402227] **     NOTICE NOTICE NOTICE NOTICE NOTICE NOTICE NOTICE    **
[    0.402791] **                                                         **
[    0.403352] **  IOMMU DebugFS SUPPORT HAS BEEN ENABLED IN THIS KERNEL  **
[    0.403491] **                                                         **
[    0.404055] ** This means that this kernel is built to expose internal **
[    0.404615] ** IOMMU data structures, which may compromise security on **
[    0.405183] ** your system.                                            **
[    0.405743] **                                                         **
[    0.406303] ** If you see this message and you are not debugging the   **
[    0.406865] ** kernel, report this immediately to your vendor!         **
[    0.407427] **                                                         **
[    0.407489] **     NOTICE NOTICE NOTICE NOTICE NOTICE NOTICE NOTICE    **
[    0.408045] *************************************************************
[    0.408668] PM: RTC time: 09:22:45, date: 2022-12-08
[    0.411686] NET: Registered PF_NETLINK/PF_ROUTE protocol family
[    0.412910] DMA: preallocated 256 KiB GFP_KERNEL pool for atomic allocations
[    0.413532] DMA: preallocated 256 KiB GFP_KERNEL|GFP_DMA pool for atomic allocations
[    0.414199] DMA: preallocated 256 KiB GFP_KERNEL|GFP_DMA32 pool for atomic allocations
[    0.414935] audit: initializing netlink subsys (disabled)
[    0.415534] audit: type=2000 audit(1670491366.075:1): state=initialized audit_enabled=0 res=1
[    0.416211] thermal_sys: Registered thermal governor 'fair_share'
[    0.416878] thermal_sys: Registered thermal governor 'bang_bang'
[    0.417402] thermal_sys: Registered thermal governor 'step_wise'
[    0.417911] thermal_sys: Registered thermal governor 'user_space'
[    0.418482] cpuidle: using governor ladder
[    0.419375] cpuidle: using governor menu
[    0.419793] acpiphp: ACPI Hot Plug PCI Controller Driver version: 0.5
[    0.420809] PCI: Using configuration type 1 for base access
[    0.436540] kprobes: kprobe jump-optimization is enabled. All kprobes are optimized if possible.
[    0.437457] HugeTLB registered 1.00 GiB page size, pre-allocated 0 pages
[    0.437457] HugeTLB registered 2.00 MiB page size, pre-allocated 0 pages
[    0.443721] ACPI: Added _OSI(Module Device)
[    0.444124] ACPI: Added _OSI(Processor Device)
[    0.444506] ACPI: Added _OSI(3.0 _SCP Extensions)
[    0.444909] ACPI: Added _OSI(Processor Aggregator Device)
[    0.445448] ACPI: Added _OSI(Linux-Dell-Video)
[    0.445846] ACPI: Added _OSI(Linux-Lenovo-NV-HDMI-Audio)
[    0.446310] ACPI: Added _OSI(Linux-HPI-Hybrid-Graphics)
[    0.452809] ACPI: 1 ACPI AML tables successfully acquired and loaded
[    0.457095] ACPI: Interpreter enabled
[    0.457518] ACPI: PM: (supports S0 S3 S4 S5)
[    0.457882] ACPI: Using IOAPIC for interrupt routing
[    0.458369] PCI: Using host bridge windows from ACPI; if necessary, use "pci=nocrs" and report a bug
[    0.459894] ACPI: Enabled 2 GPEs in block 00 to 0F
[    0.475858] Callback from call_rcu_tasks_rude() invoked.
[    0.479317] ACPI: PCI Root Bridge [PCI0] (domain 0000 [bus 00-ff])
[    0.479521] acpi PNP0A03:00: _OSC: OS supports [ASPM ClockPM Segments MSI EDR HPX-Type3]
[    0.480396] acpi PNP0A03:00: _OSC: not requesting OS control; OS requires [ExtendedConfig ASPM ClockPM MSI]
[    0.482038] acpi PNP0A03:00: fail to add MMCONFIG information, can't access extended PCI configuration space under this bridge.
[    0.486684] acpiphp: Slot [3] registered
[    0.487460] acpiphp: Slot [4] registered
[    0.487599] acpiphp: Slot [5] registered
[    0.488350] acpiphp: Slot [6] registered
[    0.489085] acpiphp: Slot [7] registered
[    0.489786] acpiphp: Slot [8] registered
[    0.490517] acpiphp: Slot [9] registered
[    0.491260] acpiphp: Slot [10] registered
[    0.491627] acpiphp: Slot [11] registered
[    0.492390] acpiphp: Slot [12] registered
[    0.493148] acpiphp: Slot [13] registered
[    0.493897] acpiphp: Slot [14] registered
[    0.494854] acpiphp: Slot [15] registered
[    0.495604] acpiphp: Slot [16] registered
[    0.496350] acpiphp: Slot [17] registered
[    0.497095] acpiphp: Slot [18] registered
[    0.497829] acpiphp: Slot [19] registered
[    0.498605] acpiphp: Slot [20] registered
[    0.499355] acpiphp: Slot [21] registered
[    0.499599] acpiphp: Slot [22] registered
[    0.500347] acpiphp: Slot [23] registered
[    0.501100] acpiphp: Slot [24] registered
[    0.502008] acpiphp: Slot [25] registered
[    0.502880] acpiphp: Slot [26] registered
[    0.503623] acpiphp: Slot [27] registered
[    0.504372] acpiphp: Slot [28] registered
[    0.505117] acpiphp: Slot [29] registered
[    0.505905] acpiphp: Slot [30] registered
[    0.506653] acpiphp: Slot [31] registered
[    0.507341] PCI host bridge to bus 0000:00
[    0.507505] pci_bus 0000:00: root bus resource [io  0x0000-0x0cf7 window]
[    0.508582] pci_bus 0000:00: root bus resource [io  0x0d00-0xffff window]
[    0.509809] pci_bus 0000:00: root bus resource [mem 0x000a0000-0x000bffff window]
[    0.511190] pci_bus 0000:00: root bus resource [mem 0x80000000-0xfebfffff window]
[    0.511499] pci_bus 0000:00: root bus resource [mem 0x100000000-0x17fffffff window]
[    0.512745] pci_bus 0000:00: root bus resource [bus 00-ff]
[    0.513802] pci 0000:00:00.0: [8086:1237] type 00 class 0x060000
[    0.520033] pci 0000:00:01.0: [8086:7000] type 00 class 0x060100
[    0.522279] pci 0000:00:01.1: [8086:7010] type 00 class 0x010180
[    0.525306] pci 0000:00:01.1: reg 0x20: [io  0xc040-0xc04f]
[    0.527243] pci 0000:00:01.1: legacy IDE quirk: reg 0x10: [io  0x01f0-0x01f7]
[    0.527497] pci 0000:00:01.1: legacy IDE quirk: reg 0x14: [io  0x03f6]
[    0.528506] pci 0000:00:01.1: legacy IDE quirk: reg 0x18: [io  0x0170-0x0177]
[    0.529609] pci 0000:00:01.1: legacy IDE quirk: reg 0x1c: [io  0x0376]
[    0.531124] pci 0000:00:01.3: [8086:7113] type 00 class 0x068000
[    0.532515] pci 0000:00:01.3: quirk: [io  0x0600-0x063f] claimed by PIIX4 ACPI
[    0.533652] pci 0000:00:01.3: quirk: [io  0x0700-0x070f] claimed by PIIX4 SMB
[    0.535814] pci 0000:00:02.0: [1234:1111] type 00 class 0x030000
[    0.540006] pci 0000:00:02.0: reg 0x10: [mem 0xfd000000-0xfdffffff pref]
[    0.543532] pci 0000:00:02.0: reg 0x18: [mem 0xfebf0000-0xfebf0fff]
[    0.549610] pci 0000:00:02.0: reg 0x30: [mem 0xfebe0000-0xfebeffff pref]
[    0.551148] pci 0000:00:02.0: Video device with shadowed ROM at [mem 0x000c0000-0x000dffff]
[    0.557062] pci 0000:00:03.0: [8086:100e] type 00 class 0x020000
[    0.558847] pci 0000:00:03.0: reg 0x10: [mem 0xfebc0000-0xfebdffff]
[    0.560245] pci 0000:00:03.0: reg 0x14: [io  0xc000-0xc03f]
[    0.564250] pci 0000:00:03.0: reg 0x30: [mem 0xfeb80000-0xfebbffff pref]
[    0.587950] ACPI: PCI: Interrupt link LNKA configured for IRQ 10
[    0.589557] ACPI: PCI: Interrupt link LNKB configured for IRQ 10
[    0.591110] ACPI: PCI: Interrupt link LNKC configured for IRQ 11
[    0.592054] ACPI: PCI: Interrupt link LNKD configured for IRQ 11
[    0.593299] ACPI: PCI: Interrupt link LNKS configured for IRQ 9
[    0.596693] iommu: Default domain type: Translated 
[    0.596693] iommu: DMA domain TLB invalidation policy: lazy mode 
[    0.600626] SCSI subsystem initialized
[    0.601448] ACPI: bus type USB registered
[    0.601448] usbcore: registered new interface driver usbfs
[    0.603581] usbcore: registered new interface driver hub
[    0.604503] usbcore: registered new device driver usb
[    0.605505] pps_core: LinuxPPS API ver. 1 registered
[    0.606313] pps_core: Software ver. 5.3.6 - Copyright 2005-2007 Rodolfo Giometti <giometti@linux.it>
[    0.607516] PTP clock support registered
[    0.608452] EDAC MC: Ver: 3.0.0
[    0.611802] NetLabel: Initializing
[    0.612373] NetLabel:  domain hash size = 128
[    0.613073] NetLabel:  protocols = UNLABELED CIPSOv4 CALIPSO
[    0.614090] NetLabel:  unlabeled traffic allowed by default
[    0.615649] PCI: Using ACPI for IRQ routing
[    0.616649] pci 0000:00:02.0: vgaarb: setting as boot VGA device
[    0.616649] pci 0000:00:02.0: vgaarb: bridge control possible
[    0.617455] pci 0000:00:02.0: vgaarb: VGA device added: decodes=io+mem,owns=io+mem,locks=none
[    0.619499] vgaarb: loaded
[    0.620183] hpet0: at MMIO 0xfed00000, IRQs 2, 8, 0
[    0.620991] hpet0: 3 comparators, 64-bit 100.000000 MHz counter
[    0.625881] clocksource: Switched to clocksource kvm-clock
[    0.687640] Callback from call_rcu_tasks() invoked.
[    1.033373] VFS: Disk quotas dquot_6.6.0
[    1.034136] VFS: Dquot-cache hash table entries: 512 (order 0, 4096 bytes)
[    1.035870] pnp: PnP ACPI init
[    1.039293] pnp: PnP ACPI: found 6 devices
[    1.056445] clocksource: acpi_pm: mask: 0xffffff max_cycles: 0xffffff, max_idle_ns: 2085701024 ns
[    1.058374] NET: Registered PF_INET protocol family
[    1.059602] IP idents hash table entries: 32768 (order: 6, 262144 bytes, linear)
[    1.061050] tcp_listen_portaddr_hash hash table entries: 1024 (order: 4, 81920 bytes, linear)
[    1.061838] TCP established hash table entries: 16384 (order: 5, 131072 bytes, linear)
[    1.062748] TCP bind hash table entries: 16384 (order: 8, 1179648 bytes, linear)
[    1.065113] TCP: Hash tables configured (established 16384 bind 16384)
[    1.065910] UDP hash table entries: 1024 (order: 5, 163840 bytes, linear)
[    1.066618] UDP-Lite hash table entries: 1024 (order: 5, 163840 bytes, linear)
[    1.067579] NET: Registered PF_UNIX/PF_LOCAL protocol family
[    1.068948] RPC: Registered named UNIX socket transport module.
[    1.069466] RPC: Registered udp transport module.
[    1.069860] RPC: Registered tcp transport module.
[    1.070256] RPC: Registered tcp NFSv4.1 backchannel transport module.
[    1.070844] pci_bus 0000:00: resource 4 [io  0x0000-0x0cf7 window]
[    1.071372] pci_bus 0000:00: resource 5 [io  0x0d00-0xffff window]
[    1.071915] pci_bus 0000:00: resource 6 [mem 0x000a0000-0x000bffff window]
[    1.072495] pci_bus 0000:00: resource 7 [mem 0x80000000-0xfebfffff window]
[    1.073075] pci_bus 0000:00: resource 8 [mem 0x100000000-0x17fffffff window]
[    1.073962] pci 0000:00:01.0: PIIX3: Enabling Passive Release
[    1.074466] pci 0000:00:00.0: Limiting direct PCI/PCI transfers
[    1.074993] pci 0000:00:01.0: Activating ISA DMA hang workarounds
[    1.075609] PCI: CLS 0 bytes, default 64
[    1.076383] ACPI: bus type thunderbolt registered
[    1.077170] clocksource: tsc: mask: 0xffffffffffffffff max_cycles: 0x1128af0325d, max_idle_ns: 440795261011 ns
[    3.679143] Initialise system trusted keyrings
[    3.679721] Key type blacklist registered
[    3.680749] workingset: timestamp_bits=36 max_order=19 bucket_order=0
[    3.691416] zbud: loaded
[    3.693821] squashfs: version 4.0 (2009/01/31) Phillip Lougher
[    3.697917] NFS: Registering the id_resolver key type
[    3.698392] Key type id_resolver registered
[    3.698745] Key type id_legacy registered
[    3.699202] nfs4filelayout_init: NFSv4 File Layout Driver Registering...
[    3.699823] nfs4flexfilelayout_init: NFSv4 Flexfile Layout Driver Registering...
[    3.700609] fuse: init (API version 7.36)
[    3.701245] SGI XFS with ACLs, security attributes, realtime, quota, no debug enabled
[    3.703746] 9p: Installing v9fs 9p2000 file system support
[    3.712162] Key type asymmetric registered
[    3.712550] Asymmetric key parser 'x509' registered
[    3.715284] alg: self-tests for CTR-KDF (hmac(sha256)) passed
[    3.715877] Block layer SCSI generic (bsg) driver version 0.4 loaded (major 243)
[    3.716629] io scheduler mq-deadline registered
[    3.717053] io scheduler bfq registered
[    3.719151] shpchp: Standard Hot Plug PCI Controller Driver version: 0.4
[    3.720209] IPMI message handler: version 39.2
[    3.720634] ipmi device interface
[    3.723007] input: Power Button as /devices/LNXSYSTM:00/LNXPWRBN:00/input/input0
[    3.724001] ACPI: button: Power Button [PWRF]
[    3.725648] ERST DBG: ERST support is disabled.
[    3.726613] Serial: 8250/16550 driver, 32 ports, IRQ sharing enabled
[    3.727688] 00:04: ttyS0 at I/O 0x3f8 (irq = 4, base_baud = 115200) is a 16550A
[    3.737146] Linux agpgart interface v0.103
[    3.738292] ACPI: bus type drm_connector registered
[    3.751950] brd: module loaded
[    3.761856] loop: module loaded
[    3.766901] scsi host0: ata_piix
[    3.768123] scsi host1: ata_piix
[    3.768595] ata1: PATA max MWDMA2 cmd 0x1f0 ctl 0x3f6 bmdma 0xc040 irq 14
[    3.769161] ata2: PATA max MWDMA2 cmd 0x170 ctl 0x376 bmdma 0xc048 irq 15
[    3.770918] tun: Universal TUN/TAP device driver, 1.6
[    3.771541] e100: Intel(R) PRO/100 Network Driver
[    3.771940] e100: Copyright(c) 1999-2006 Intel Corporation
[    3.772443] e1000: Intel(R) PRO/1000 Network Driver
[    3.772850] e1000: Copyright (c) 1999-2006 Intel Corporation.
[    3.927820] ata1: found unknown device (class 0)
[    3.929418] ata1.00: ATA-7: QEMU HARDDISK, 2.5+, max UDMA/100
[    3.930320] ata1.00: 16777216 sectors, multi 16: LBA48 
[    3.931656] ata2: found unknown device (class 0)
[    3.933148] ata2.00: ATAPI: QEMU DVD-ROM, 2.5+, max UDMA/100
[    3.935552] scsi 0:0:0:0: Direct-Access     ATA      QEMU HARDDISK    2.5+ PQ: 0 ANSI: 5
[    3.938383] scsi 0:0:0:0: Attached scsi generic sg0 type 0
[    3.940920] sd 0:0:0:0: [sda] 16777216 512-byte logical blocks: (8.59 GB/8.00 GiB)
[    3.940991] scsi 1:0:0:0: CD-ROM            QEMU     QEMU DVD-ROM     2.5+ PQ: 0 ANSI: 5
[    3.942254] sd 0:0:0:0: [sda] Write Protect is off
[    3.944095] sd 0:0:0:0: [sda] Write cache: enabled, read cache: enabled, doesn't support DPO or FUA
[    3.944536] scsi 1:0:0:0: Attached scsi generic sg1 type 5
[    3.983836] sd 0:0:0:0: [sda] Attached SCSI disk
[    3.986558] ACPI: \_SB_.LNKC: Enabled at IRQ 11
[    4.346003] e1000 0000:00:03.0 eth0: (PCI:33MHz:32-bit) 52:54:00:12:34:56
[    4.347151] e1000 0000:00:03.0 eth0: Intel(R) PRO/1000 Network Connection
[    4.348425] e1000e: Intel(R) PRO/1000 Network Driver
[    4.349206] e1000e: Copyright(c) 1999 - 2015 Intel Corporation.
[    4.350213] igb: Intel(R) Gigabit Ethernet Network Driver
[    4.351051] igb: Copyright (c) 2007-2014 Intel Corporation.
[    4.352076] PPP generic driver version 2.4.2
[    4.353239] VFIO - User Level meta-driver version: 0.3
[    4.354118] ehci_hcd: USB 2.0 'Enhanced' Host Controller (EHCI) Driver
[    4.355141] ehci-pci: EHCI PCI platform driver
[    4.355907] ehci-platform: EHCI generic platform driver
[    4.356742] ohci_hcd: USB 1.1 'Open' Host Controller (OHCI) Driver
[    4.357694] ohci-pci: OHCI PCI platform driver
[    4.358430] ohci-platform: OHCI generic platform driver
[    4.359272] uhci_hcd: USB Universal Host Controller Interface driver
[    4.361013] usbcore: registered new interface driver uas
[    4.361908] usbcore: registered new interface driver usb-storage
[    4.363034] i8042: PNP: PS/2 Controller [PNP0303:KBD,PNP0f13:MOU] at 0x60,0x64 irq 1,12
[    4.365699] serio: i8042 KBD port at 0x60,0x64 irq 1
[    4.366539] serio: i8042 AUX port at 0x60,0x64 irq 12
[    4.368059] mousedev: PS/2 mouse device common for all mice
[    4.370511] input: AT Translated Set 2 keyboard as /devices/platform/i8042/serio0/input/input1
[    4.373251] input: VirtualPS/2 VMware VMMouse as /devices/platform/i8042/serio1/input/input4
[    4.375352] input: VirtualPS/2 VMware VMMouse as /devices/platform/i8042/serio1/input/input3
[    4.376874] rtc_cmos 00:05: RTC can wake from S4
[    4.379247] rtc_cmos 00:05: registered as rtc0
[    4.380071] rtc_cmos 00:05: setting system clock to 2022-12-08T09:22:49 UTC (1670491369)
[    4.381519] rtc_cmos 00:05: alarms up to one day, y3k, 242 bytes nvram, hpet irqs
[    4.382723] i2c_dev: i2c /dev entries driver
[    4.383798] device-mapper: core: CONFIG_IMA_DISABLE_HTABLE is disabled. Duplicate IMA measurements will not be recorded in the IMA log.
[    4.385818] device-mapper: uevent: version 1.0.3
[    4.387069] device-mapper: ioctl: 4.46.0-ioctl (2022-02-22) initialised: dm-devel@redhat.com
[    4.388344] intel_pstate: CPU model not supported
[    4.389227] sdhci: Secure Digital Host Controller Interface driver
[    4.390176] sdhci: Copyright(c) Pierre Ossman
[    4.390985] sdhci-pltfm: SDHCI platform and OF driver helper
[    4.392139] ledtrig-cpu: registered to indicate activity on CPUs
[    4.393906] drop_monitor: Initializing network drop monitor service
[    4.395587] NET: Registered PF_INET6 protocol family
[    4.398621] Segment Routing with IPv6
[    4.399290] In-situ OAM (IOAM) with IPv6
[    4.400097] NET: Registered PF_PACKET protocol family
[    4.401328] 9pnet: Installing 9P2000 support
[    4.402184] Key type dns_resolver registered
[    4.404240] IPI shorthand broadcast: enabled
[    4.404998] sched_clock: Marking stable (4391185525, 12712512)->(4439926155, -36028118)
[    4.407179] registered taskstats version 1
[    4.408363] Loading compiled-in X.509 certificates
[    4.409944] zswap: loaded using pool lzo/zbud
[    4.412051] Key type ._fscrypt registered
[    4.412692] Key type .fscrypt registered
[    4.413305] Key type fscrypt-provisioning registered
[    4.415408] Key type encrypted registered
[    4.416144] ima: No TPM chip found, activating TPM-bypass!
[    4.417013] ima: Allocated hash algorithm: sha1
[    4.417782] ima: No architecture policies found
[    4.418578] evm: Initialising EVM extended attributes:
[    4.419379] evm: security.selinux
[    4.419930] evm: security.SMACK64
[    4.420453] evm: security.SMACK64EXEC
[    4.421028] evm: security.SMACK64TRANSMUTE
[    4.421666] evm: security.SMACK64MMAP
[    4.422237] evm: security.apparmor
[    4.422771] evm: security.ima
[    4.423251] evm: security.capability
[    4.423850] evm: HMAC attrs: 0x1
[    4.435161] PM:   Magic number: 2:414:373
[    4.435984] vc vcsa1: hash matches
[    4.437208] RAS: Correctable Errors collector initialized.
[    4.439172] md: Waiting for all devices to be available before autodetect
[    4.440275] md: If you don't use raid, use raid=noautodetect
[    4.441165] md: Autodetecting RAID arrays.
[    4.441821] md: autorun ...
[    4.442269] md: ... autorun DONE.
[    4.457104] EXT4-fs (sda): INFO: recovery required on readonly filesystem
[    4.458178] EXT4-fs (sda): write access will be enabled during recovery
[    4.541569] random: fast init done
[    4.570933] EXT4-fs (sda): recovery complete
[    4.576506] EXT4-fs (sda): mounted filesystem with ordered data mode. Quota mode: none.
[    4.577846] VFS: Mounted root (ext4 filesystem) readonly on device 8:0.
[    4.580058] devtmpfs: mounted
[    4.588284] Freeing unused decrypted memory: 2036K
[    4.592947] Freeing unused kernel image (initmem) memory: 3260K
[    4.594345] Write protecting the kernel read-only data: 43008k
[    4.600417] Freeing unused kernel image (text/rodata gap) memory: 2028K
[    4.601944] Freeing unused kernel image (rodata/data gap) memory: 208K
[    4.719690] x86/mm: Checked W+X mappings: passed, no W+X pages found.
[    4.720726] Run /sbin/init as init process
[    4.885722] systemd[1]: RTC configured in localtime, applying delta of 0 minutes to system time.
[    4.929424] systemd[1]: systemd 239 (239-49.el8) running in system mode. (+PAM +AUDIT +SELINUX +IMA -APPARMOR +SMACK +SYSVINIT +UTMP +LIBCRYPTSETUP +GCRYPT +GNUTLS +ACL +XZ +LZ4 +SECCOMP +BLKID +ELFUTILS +KMOD +IDN2 -IDN +PCRE2 default-hierarchy=legacy)
[    4.931462] systemd[1]: Detected virtualization kvm.
[    4.931917] systemd[1]: Detected architecture x86-64.

Welcome to [0;31mCentOS Stream 8[0m!

[    4.965585] systemd[1]: Set hostname to <test>.
[    6.807560] random: crng init done
[    6.977050] systemd[1]: Set up automount Arbitrary Executable File Formats File System Automount Point.
[[0;32m  OK  [0m] Set up automount Arbitrary Executabâ€¦rmats File System Automount Point.
[    6.981369] systemd[1]: Listening on RPCbind Server Activation Socket.
[[0;32m  OK  [0m] Listening on RPCbind Server Activation Socket.
[    6.987635] systemd[1]: Created slice system-serial\x2dgetty.slice.
[[0;32m  OK  [0m] Created slice system-serial\x2dgetty.slice.
[    6.990259] systemd[1]: Listening on Journal Socket.
[[0;32m  OK  [0m] Listening on Journal Socket.
[    6.992176] systemd[1]: Listening on initctl Compatibility Named Pipe.
[[0;32m  OK  [0m] Listening on initctl Compatibility Named Pipe.
[    6.998809] systemd[1]: Mounting Huge Pages File System...
         Mounting Huge Pages File System...
[[0;32m  OK  [0m] Created slice system-sshd\x2dkeygen.slice.
[[0;32m  OK  [0m] Listening on udev Control Socket.
[[0;32m  OK  [0m] Listening on udev Kernel Socket.
         Mounting POSIX Message Queue File System...
[[0;32m  OK  [0m] Reached target Swap.
[[0;32m  OK  [0m] Listening on multipathd control socket.
[[0;32m  OK  [0m] Listening on Process Core Dump Socket.
[[0;32m  OK  [0m] Created slice User and Session Slice.
[[0;32m  OK  [0m] Reached target Slices.
         Starting udev Coldplug all Devices...
         Mounting Kernel Debug File System...
[[0;32m  OK  [0m] Started Forward Password Requests to Wall Directory Watch.
         Starting Remount Root and Kernel File Systems...
[[0;32m  OK  [0m] Listening on LVM2 poll daemon socket.
[[0;32m  OK  [0m] Listening on Journal Socket (/dev/log).
         Starting Journal Service...
[[0;32m  OK  [0m] Reached target RPC Port Mapper.
         Starting Setup Virtual Console...
         Starting Load Kernel Modules...
[[0;32m  OK  [0m] Listening on Device-mapper event daemon FIFOs.
         Starting Monitoring of LVM2 mirrorsâ€¦ng dmeventd or progress polling...
[[0;32m  OK  [0m] Created slice system-getty.slice.
[[0;32m  OK  [0m] Mounted Huge Pages File System.
[[0;32m  OK  [0m] Mounted POSIX Message Queue File System.
[[0;32m  OK  [0m] Mounted Kernel Debug File System.
[[0;1;31mFAILED[0m] Failed to start Load Kernel Modules.
See 'systemctl status systemd-modules-load.service' for details.
         Mounting Kernel Configuration File System...
         Starting Apply Kernel Variables...
         Mounting FUSE Control File System...
[[0;32m  OK  [0m] Started Journal Service.
[    7.511570] EXT4-fs (sda): re-mounted. Quota mode: none.
[[0;32m  OK  [0m] Mounted Kernel Configuration File System.
[[0;32m  OK  [0m] Started Apply Kernel Variables.
[[0;32m  OK  [0m] Started Remount Root and Kernel File Systems.
[[0;32m  OK  [0m] Mounted FUSE Control File System.
         Starting Load/Save Random Seed...
         Starting Create Static Device Nodes in /dev...
         Starting Flush Journal to Persistent Storage...
[[0;32m  OK  [0m] Started Load/Save Random Seed.
[[0;32m  OK  [0m] Started Create Static Device Nodes in /dev.
         Starting udev Kernel Device Manager...
[[0;32m  OK  [0m] Started Setup Virtual Console.
[[0;32m  OK  [0m] Started Flush Journal to Persistent Storage.
[[0;32m  OK  [0m] Started udev Coldplug all Devices.
         Starting udev Wait for Complete Device Initialization...
[[0;32m  OK  [0m] Started udev Kernel Device Manager.
         Starting Show Plymouth Boot Screen...
[[0;32m  OK  [0m] Started Show Plymouth Boot Screen.
[[0;32m  OK  [0m] Reached target Paths.
[[0;32m  OK  [0m] Reached target Local Encrypted Volumes.
[[0;32m  OK  [0m] Started Forward Password Requests to Plymouth Directory Watch.
[[0;32m  OK  [0m] Found device /dev/ttyS0.
[[0;32m  OK  [0m] Started Monitoring of LVM2 mirrors,â€¦sing dmeventd or progress polling.
[[0;32m  OK  [0m] Started udev Wait for Complete Device Initialization.
[[0;32m  OK  [0m] Listening on Load/Save RF Kill Switch Status /dev/rfkill Watch.
[[0;32m  OK  [0m] Reached target Local File Systems (Pre).
[[0;32m  OK  [0m] Reached target Local File Systems.
         Starting Tell Plymouth To Write Out Runtime Data...
         Starting Restore /run/initramfs on shutdown...
         Starting Create Volatile Files and Directories...
[[0;32m  OK  [0m] Started Tell Plymouth To Write Out Runtime Data.
[[0;32m  OK  [0m] Started Restore /run/initramfs on shutdown.
[[0;32m  OK  [0m] Started Create Volatile Files and Directories.
         Mounting RPC Pipe File System...
         Starting Security Auditing Service...
         Starting RPC Bind...
[[0;32m  OK  [0m] Mounted RPC Pipe File System.
[[0;32m  OK  [0m] Reached target rpc_pipefs.target.
[[0;32m  OK  [0m] Started RPC Bind.
[[0;32m  OK  [0m] Started Security Auditing Service.
         Starting Update UTMP about System Boot/Shutdown...
[[0;32m  OK  [0m] Started Update UTMP about System Boot/Shutdown.
[[0;32m  OK  [0m] Reached target System Initialization.
[[0;32m  OK  [0m] Listening on D-Bus System Message Bus Socket.
[[0;32m  OK  [0m] Started Daily Cleanup of Temporary Directories.
[[0;32m  OK  [0m] Started dnf makecache --timer.
[[0;32m  OK  [0m] Listening on SSSD Kerberos Cache Manager responder socket.
[[0;32m  OK  [0m] Reached target Sockets.
[[0;32m  OK  [0m] Reached target Basic System.
         Starting Login Service...
[[0;32m  OK  [0m] Started irqbalance daemon.
         Starting Self Monitoring and Reporting Technology (SMART) Daemon...
         Starting NTP client/server...
[[0;32m  OK  [0m] Started D-Bus System Message Bus.
         Starting Network Manager...
         Starting Auto-connect to subsystemsâ€¦-NVME devices found during boot...
[[0;32m  OK  [0m] Reached target sshd-keygen.target.
         Starting Authorization Manager...
[[0;32m  OK  [0m] Started Machine Check Exception Logging Daemon.
[[0;32m  OK  [0m] Started daily update of the root trust anchor for DNSSEC.
[[0;32m  OK  [0m] Reached target Timers.
[[0;32m  OK  [0m] Started Auto-connect to subsystems â€¦FC-NVME devices found during boot.
[[0;32m  OK  [0m] Started Self Monitoring and Reporting Technology (SMART) Daemon.
         Starting update of the root trust aâ€¦or DNSSEC validation in unbound...
[[0;32m  OK  [0m] Started Login Service.
[[0;32m  OK  [0m] Started Network Manager.
         Starting Network Manager Wait Online...
[[0;32m  OK  [0m] Reached target Network.
         Starting OpenSSH server daemon...
         Starting Dynamic System Tuning Daemon...
         Starting GSSAPI Proxy Daemon...
[[0;32m  OK  [0m] Started update of the root trust anâ€¦ for DNSSEC validation in unbound.
[[0;32m  OK  [0m] Started NTP client/server.
[[0;32m  OK  [0m] Started OpenSSH server daemon.
[[0;32m  OK  [0m] Started Authorization Manager.
         Starting Hostname Service...
[[0;32m  OK  [0m] Started GSSAPI Proxy Daemon.
[[0;32m  OK  [0m] Reached target NFS client services.
[[0;32m  OK  [0m] Reached target Remote File Systems (Pre).
[[0;32m  OK  [0m] Reached target Remote File Systems.
         Starting Permit User Sessions...
[[0;32m  OK  [0m] Started Permit User Sessions.
         Starting Terminate Plymouth Boot Screen...
[[0;32m  OK  [0m] Started Command Scheduler.
         Starting Hold until boot process finishes up...
[[0;32m  OK  [0m] Started Terminate Plymouth Boot Screen.
[[0;32m  OK  [0m] Started Hold until boot process finishes up.
[    9.979713] e1000: eth0 NIC Link is Up 1000 Mbps Full Duplex, Flow Control: RX
[    9.980757] IPv6: ADDRCONF(NETDEV_CHANGE): eth0: link becomes ready
[   10.318235] Spectre V2 : WARNING: Unprivileged eBPF is enabled with eIBRS on, data leaks possible via Spectre v2 BHB attacks!
[   10.319258] Spectre V2 : WARNING: Unprivileged eBPF is enabled with eIBRS on, data leaks possible via Spectre v2 BHB attacks!

CentOS Stream 8
Kernel 5.18.0-rc4-97d482f4592f+ on an x86_64

test login: 