c[?7l[2J[0mSeaBIOS (version rel-1.14.0-0-g155821a1990b-prebuilt.qemu.org)


iPXE (http://ipxe.org) 00:03.0 CA00 PCI2.10 PnP PMM+7FF8F030+7FEEF030 CA00
Press Ctrl-B to configure iPXE (PCI 00:03.0)...                                                                               


Booting from ROM..c[?7l[2J[    0.000000] Linux version 5.18.0-rc4-b265cdebdfef+ (root@p-mtlp02) (gcc (GCC) 8.5.0 20210514 (Red Hat 8.5.0-17), GNU ld version 2.36.1-2.el8) #1 SMP PREEMPT_DYNAMIC Thu Dec 8 15:13:17 CST 2022
[    0.000000] Command line: console=ttyS0 root=/dev/sda earlyprintk=serial net.ifnames=0
[    0.000000] KERNEL supported cpus:
[    0.000000]   Intel GenuineIntel
[    0.000000]   AMD AuthenticAMD
[    0.000000]   Hygon HygonGenuine
[    0.000000]   Centaur CentaurHauls
[    0.000000]   zhaoxin   Shanghai  
[    0.000000] x86/split lock detection: #DB: warning on user-space bus_locks
[    0.000000] x86/fpu: Supporting XSAVE feature 0x001: 'x87 floating point registers'
[    0.000000] x86/fpu: Supporting XSAVE feature 0x002: 'SSE registers'
[    0.000000] x86/fpu: Supporting XSAVE feature 0x004: 'AVX registers'
[    0.000000] x86/fpu: Supporting XSAVE feature 0x200: 'Protection Keys User registers'
[    0.000000] x86/fpu: xstate_offset[2]:  576, xstate_sizes[2]:  256
[    0.000000] x86/fpu: xstate_offset[9]:  832, xstate_sizes[9]:    8
[    0.000000] x86/fpu: Enabled xstate features 0x207, context size is 840 bytes, using 'compacted' format.
[    0.000000] signal: max sigframe size: 3632
[    0.000000] BIOS-provided physical RAM map:
[    0.000000] BIOS-e820: [mem 0x0000000000000000-0x000000000009fbff] usable
[    0.000000] BIOS-e820: [mem 0x000000000009fc00-0x000000000009ffff] reserved
[    0.000000] BIOS-e820: [mem 0x00000000000f0000-0x00000000000fffff] reserved
[    0.000000] BIOS-e820: [mem 0x0000000000100000-0x000000007ffdffff] usable
[    0.000000] BIOS-e820: [mem 0x000000007ffe0000-0x000000007fffffff] reserved
[    0.000000] BIOS-e820: [mem 0x00000000feffc000-0x00000000feffffff] reserved
[    0.000000] BIOS-e820: [mem 0x00000000fffc0000-0x00000000ffffffff] reserved
[    0.000000] printk: bootconsole [earlyser0] enabled
[    0.000000] NX (Execute Disable) protection: active
[    0.000000] SMBIOS 2.8 present.
[    0.000000] DMI: QEMU Standard PC (i440FX + PIIX, 1996), BIOS rel-1.14.0-0-g155821a1990b-prebuilt.qemu.org 04/01/2014
[    0.000000] Hypervisor detected: KVM
[    0.000000] kvm-clock: Using msrs 4b564d01 and 4b564d00
[    0.000002] kvm-clock: using sched offset of 385211550 cycles
[    0.000451] clocksource: kvm-clock: mask: 0xffffffffffffffff max_cycles: 0x1cd42e4dffb, max_idle_ns: 881590591483 ns
[    0.001848] tsc: Detected 1190.400 MHz processor
[    0.007748] last_pfn = 0x7ffe0 max_arch_pfn = 0x400000000
[    0.008242] x86/PAT: Configuration [0-7]: WB  WC  UC- UC  WB  WP  UC- WT  
[    0.018943] found SMP MP-table at [mem 0x000f5a90-0x000f5a9f]
[    0.019545] Using GB pages for direct mapping
[    0.020924] ACPI: Early table checksum verification disabled
[    0.021425] ACPI: RSDP 0x00000000000F5870 000014 (v00 BOCHS )
[    0.021931] ACPI: RSDT 0x000000007FFE1959 000034 (v01 BOCHS  BXPC     00000001 BXPC 00000001)
[    0.022671] ACPI: FACP 0x000000007FFE1805 000074 (v01 BOCHS  BXPC     00000001 BXPC 00000001)
[    0.023414] ACPI: DSDT 0x000000007FFE0040 0017C5 (v01 BOCHS  BXPC     00000001 BXPC 00000001)
[    0.024151] ACPI: FACS 0x000000007FFE0000 000040
[    0.024555] ACPI: APIC 0x000000007FFE1879 000080 (v01 BOCHS  BXPC     00000001 BXPC 00000001)
[    0.025265] ACPI: HPET 0x000000007FFE18F9 000038 (v01 BOCHS  BXPC     00000001 BXPC 00000001)
[    0.025898] ACPI: WAET 0x000000007FFE1931 000028 (v01 BOCHS  BXPC     00000001 BXPC 00000001)
[    0.026596] ACPI: Reserving FACP table memory at [mem 0x7ffe1805-0x7ffe1878]
[    0.027200] ACPI: Reserving DSDT table memory at [mem 0x7ffe0040-0x7ffe1804]
[    0.027754] ACPI: Reserving FACS table memory at [mem 0x7ffe0000-0x7ffe003f]
[    0.028268] ACPI: Reserving APIC table memory at [mem 0x7ffe1879-0x7ffe18f8]
[    0.028811] ACPI: Reserving HPET table memory at [mem 0x7ffe18f9-0x7ffe1930]
[    0.029324] ACPI: Reserving WAET table memory at [mem 0x7ffe1931-0x7ffe1958]
[    0.030593] No NUMA configuration found
[    0.030875] Faking a node at [mem 0x0000000000000000-0x000000007ffdffff]
[    0.031443] NODE_DATA(0) allocated [mem 0x7ffb5000-0x7ffdffff]
[    0.034660] Zone ranges:
[    0.034879]   DMA      [mem 0x0000000000001000-0x0000000000ffffff]
[    0.035408]   DMA32    [mem 0x0000000001000000-0x000000007ffdffff]
[    0.035936]   Normal   empty
[    0.036160]   Device   empty
[    0.036375] Movable zone start for each node
[    0.036688] Early memory node ranges
[    0.036948]   node   0: [mem 0x0000000000001000-0x000000000009efff]
[    0.037439]   node   0: [mem 0x0000000000100000-0x000000007ffdffff]
[    0.037899] Initmem setup node 0 [mem 0x0000000000001000-0x000000007ffdffff]
[    0.038839] On node 0, zone DMA: 1 pages in unavailable ranges
[    0.038974] On node 0, zone DMA: 97 pages in unavailable ranges
[    0.061313] On node 0, zone DMA32: 32 pages in unavailable ranges
[    0.062030] ACPI: PM-Timer IO Port: 0x608
[    0.062840] ACPI: LAPIC_NMI (acpi_id[0xff] dfl dfl lint[0x1])
[    0.063353] IOAPIC[0]: apic_id 0, version 17, address 0xfec00000, GSI 0-23
[    0.063871] ACPI: INT_SRC_OVR (bus 0 bus_irq 0 global_irq 2 dfl dfl)
[    0.064360] ACPI: INT_SRC_OVR (bus 0 bus_irq 5 global_irq 5 high level)
[    0.064846] ACPI: INT_SRC_OVR (bus 0 bus_irq 9 global_irq 9 high level)
[    0.065365] ACPI: INT_SRC_OVR (bus 0 bus_irq 10 global_irq 10 high level)
[    0.065860] ACPI: INT_SRC_OVR (bus 0 bus_irq 11 global_irq 11 high level)
[    0.066383] ACPI: Using ACPI (MADT) for SMP configuration information
[    0.066871] ACPI: HPET id: 0x8086a201 base: 0xfed00000
[    0.067300] TSC deadline timer available
[    0.067636] smpboot: Allowing 2 CPUs, 0 hotplug CPUs
[    0.068067] kvm-guest: KVM setup pv remote TLB flush
[    0.068432] kvm-guest: setup PV sched yield
[    0.068817] PM: hibernation: Registered nosave memory: [mem 0x00000000-0x00000fff]
[    0.069375] PM: hibernation: Registered nosave memory: [mem 0x0009f000-0x0009ffff]
[    0.069931] PM: hibernation: Registered nosave memory: [mem 0x000a0000-0x000effff]
[    0.070506] PM: hibernation: Registered nosave memory: [mem 0x000f0000-0x000fffff]
[    0.071081] [mem 0x80000000-0xfeffbfff] available for PCI devices
[    0.071555] Booting paravirtualized kernel on KVM
[    0.071915] clocksource: refined-jiffies: mask: 0xffffffff max_cycles: 0xffffffff, max_idle_ns: 7645519600211568 ns
[    0.072723] setup_percpu: NR_CPUS:8192 nr_cpumask_bits:2 nr_cpu_ids:2 nr_node_ids:1
[    0.074715] percpu: Embedded 62 pages/cpu s217088 r8192 d28672 u1048576
[    0.075441] kvm-guest: PV spinlocks enabled
[    0.075759] PV qspinlock hash table entries: 256 (order: 0, 4096 bytes, linear)
[    0.076357] Fallback order for Node 0: 0 
[    0.076662] Built 1 zonelists, mobility grouping on.  Total pages: 515808
[    0.077164] Policy zone: DMA32
[    0.077409] Kernel command line: net.ifnames=0 console=ttyS0 root=/dev/sda earlyprintk=serial net.ifnames=0
[    0.079943] Dentry cache hash table entries: 262144 (order: 9, 2097152 bytes, linear)
[    0.080638] Inode-cache hash table entries: 131072 (order: 8, 1048576 bytes, linear)
[    0.081345] mem auto-init: stack:off, heap alloc:off, heap free:off
[    0.085572] Memory: 1999736K/2096632K available (30735K kernel code, 4511K rwdata, 7744K rodata, 3236K init, 10488K bss, 96640K reserved, 0K cma-reserved)
[    0.086627] random: get_random_u64 called from __kmem_cache_create+0x33/0x490 with crng_init=0
[    0.087182] SLUB: HWalign=64, Order=0-3, MinObjects=0, CPUs=2, Nodes=1
[    0.088264] kmemleak: Kernel memory leak detector disabled
[    0.088710] ftrace: allocating 65806 entries in 258 pages
[    0.114664] ftrace: allocated 258 pages with 2 groups
[    0.116637] Dynamic Preempt: voluntary
[    0.116977] rcu: Preemptible hierarchical RCU implementation.
[    0.117383] rcu: 	RCU restricting CPUs from NR_CPUS=8192 to nr_cpu_ids=2.
[    0.117881] 	Trampoline variant of Tasks RCU enabled.
[    0.118247] 	Rude variant of Tasks RCU enabled.
[    0.118563] 	Tracing variant of Tasks RCU enabled.
[    0.118899] rcu: RCU calculated value of scheduler-enlistment delay is 25 jiffies.
[    0.119485] rcu: Adjusting geometry for rcu_fanout_leaf=16, nr_cpu_ids=2
[    0.141413] NR_IRQS: 524544, nr_irqs: 440, preallocated irqs: 16
[    0.148746] Console: colour VGA+ 80x25
[    0.149054] printk: console [ttyS0] enabled
[    0.149054] printk: console [ttyS0] enabled
[    0.149686] printk: bootconsole [earlyser0] disabled
[    0.149686] printk: bootconsole [earlyser0] disabled
[    0.150420] ACPI: Core revision 20211217
[    0.150904] clocksource: hpet: mask: 0xffffffff max_cycles: 0xffffffff, max_idle_ns: 19112604467 ns
[    0.151680] APIC: Switch to symmetric I/O mode setup
[    0.152303] x2apic enabled
[    0.152672] Switched APIC routing to physical x2apic.
[    0.153042] kvm-guest: setup PV IPIs
[    0.154111] ..TIMER: vector=0x30 apic1=0 pin1=2 apic2=-1 pin2=-1
[    0.154603] clocksource: tsc-early: mask: 0xffffffffffffffff max_cycles: 0x1128af0325d, max_idle_ns: 440795261011 ns
[    0.155437] Calibrating delay loop (skipped) preset value.. 2380.80 BogoMIPS (lpj=4761600)
[    0.159432] pid_max: default: 32768 minimum: 301
[    0.159815] LSM: Security Framework initializing
[    0.160182] Yama: becoming mindful.
[    0.160562] Mount-cache hash table entries: 4096 (order: 3, 32768 bytes, linear)
[    0.161139] Mountpoint-cache hash table entries: 4096 (order: 3, 32768 bytes, linear)
[    0.162264] CPU0: Thermal monitoring enabled (TM1)
[    0.162768] x86/cpu: User Mode Instruction Prevention (UMIP) activated
[    0.163929] Last level iTLB entries: 4KB 0, 2MB 0, 4MB 0
[    0.164347] Last level dTLB entries: 4KB 0, 2MB 0, 4MB 0, 1GB 0
[    0.164816] Spectre V1 : Mitigation: usercopy/swapgs barriers and __user pointer sanitization
[    0.165458] Spectre V2 : WARNING: Unprivileged eBPF is enabled with eIBRS on, data leaks possible via Spectre v2 BHB attacks!
[    0.166296] Spectre V2 : Mitigation: Enhanced IBRS
[    0.166664] Spectre V2 : Spectre v2 / SpectreRSB mitigation: Filling RSB on context switch
[    0.167449] Spectre V2 : mitigation: Enabling conditional Indirect Branch Prediction Barrier
[    0.168051] Speculative Store Bypass: Mitigation: Speculative Store Bypass disabled via prctl
[    0.210121] Freeing SMP alternatives memory: 56K
[    0.210712] smpboot: CPU0: Genuine Intel(R) 0000 (family: 0x6, model: 0xaa, stepping: 0x1)
[    0.211430] cblist_init_generic: Setting adjustable number of callback queues.
[    0.211430] cblist_init_generic: Setting shift to 1 and lim to 1.
[    0.211430] cblist_init_generic: Setting shift to 1 and lim to 1.
[    0.211430] cblist_init_generic: Setting shift to 1 and lim to 1.
[    0.211430] Performance Events: generic architected perfmon, full-width counters, Intel PMU driver.
[    0.211430] ... version:                2
[    0.211430] ... bit width:              48
[    0.211434] ... generic registers:      8
[    0.211716] ... value mask:             0000ffffffffffff
[    0.212131] ... max period:             00007fffffffffff
[    0.212556] ... fixed-purpose events:   3
[    0.212849] ... event mask:             00000007000000ff
[    0.213426] rcu: Hierarchical SRCU implementation.
[    0.216132] smp: Bringing up secondary CPUs ...
[    0.216672] x86: Booting SMP configuration:
[    0.216969] .... node  #0, CPUs:      #1
[    0.013302] smpboot: CPU 1 Converting physical 0 to logical die 1
[    0.219494] smp: Brought up 1 node, 2 CPUs
[    0.219805] smpboot: Max logical packages: 2
[    0.220171] smpboot: Total of 2 processors activated (4761.60 BogoMIPS)
[    0.224283] devtmpfs: initialized
[    0.224283] x86/mm: Memory block size: 128MB
[    0.227567] clocksource: jiffies: mask: 0xffffffff max_cycles: 0xffffffff, max_idle_ns: 7645041785100000 ns
[    0.228412] futex hash table entries: 512 (order: 3, 32768 bytes, linear)
[    0.229123] pinctrl core: initialized pinctrl subsystem
[    0.229834] 
[    0.229973] *************************************************************
[    0.230546] **     NOTICE NOTICE NOTICE NOTICE NOTICE NOTICE NOTICE    **
[    0.231115] **                                                         **
[    0.231435] **  IOMMU DebugFS SUPPORT HAS BEEN ENABLED IN THIS KERNEL  **
[    0.232003] **                                                         **
[    0.232569] ** This means that this kernel is built to expose internal **
[    0.233135] ** IOMMU data structures, which may compromise security on **
[    0.233704] ** your system.                                            **
[    0.234274] **                                                         **
[    0.234844] ** If you see this message and you are not debugging the   **
[    0.235416] ** kernel, report this immediately to your vendor!         **
[    0.235435] **                                                         **
[    0.236003] **     NOTICE NOTICE NOTICE NOTICE NOTICE NOTICE NOTICE    **
[    0.236571] *************************************************************
[    0.237193] PM: RTC time: 07:42:00, date: 2022-12-08
[    0.239389] NET: Registered PF_NETLINK/PF_ROUTE protocol family
[    0.239803] DMA: preallocated 256 KiB GFP_KERNEL pool for atomic allocations
[    0.240423] DMA: preallocated 256 KiB GFP_KERNEL|GFP_DMA pool for atomic allocations
[    0.241090] DMA: preallocated 256 KiB GFP_KERNEL|GFP_DMA32 pool for atomic allocations
[    0.241787] audit: initializing netlink subsys (disabled)
[    0.242297] audit: type=2000 audit(1670485320.658:1): state=initialized audit_enabled=0 res=1
[    0.242297] thermal_sys: Registered thermal governor 'fair_share'
[    0.243435] thermal_sys: Registered thermal governor 'bang_bang'
[    0.243970] thermal_sys: Registered thermal governor 'step_wise'
[    0.244483] thermal_sys: Registered thermal governor 'user_space'
[    0.245010] cpuidle: using governor ladder
[    0.245880] cpuidle: using governor menu
[    0.246451] HugeTLB: can optimize 4095 vmemmap pages for hugepages-1048576kB
[    0.247055] acpiphp: ACPI Hot Plug PCI Controller Driver version: 0.5
[    0.247657] PCI: Using configuration type 1 for base access
[    0.255915] kprobes: kprobe jump-optimization is enabled. All kprobes are optimized if possible.
[    0.256663] HugeTLB: can optimize 7 vmemmap pages for hugepages-2048kB
[    0.256663] HugeTLB registered 1.00 GiB page size, pre-allocated 0 pages
[    0.256663] HugeTLB registered 2.00 MiB page size, pre-allocated 0 pages
[    0.259443] ACPI: Added _OSI(Module Device)
[    0.259806] ACPI: Added _OSI(Processor Device)
[    0.260187] ACPI: Added _OSI(3.0 _SCP Extensions)
[    0.260589] ACPI: Added _OSI(Processor Aggregator Device)
[    0.261046] ACPI: Added _OSI(Linux-Dell-Video)
[    0.261423] ACPI: Added _OSI(Linux-Lenovo-NV-HDMI-Audio)
[    0.261874] ACPI: Added _OSI(Linux-HPI-Hybrid-Graphics)
[    0.266785] ACPI: 1 ACPI AML tables successfully acquired and loaded
[    0.269746] ACPI: Interpreter enabled
[    0.270155] ACPI: PM: (supports S0 S3 S4 S5)
[    0.270528] ACPI: Using IOAPIC for interrupt routing
[    0.270977] PCI: Using host bridge windows from ACPI; if necessary, use "pci=nocrs" and report a bug
[    0.271957] ACPI: Enabled 2 GPEs in block 00 to 0F
[    0.283541] ACPI: PCI Root Bridge [PCI0] (domain 0000 [bus 00-ff])
[    0.284068] acpi PNP0A03:00: _OSC: OS supports [ASPM ClockPM Segments MSI EDR HPX-Type3]
[    0.284755] acpi PNP0A03:00: _OSC: not requesting OS control; OS requires [ExtendedConfig ASPM ClockPM MSI]
[    0.285613] acpi PNP0A03:00: fail to add MMCONFIG information, can't access extended PCI configuration space under this bridge.
[    0.287890] acpiphp: Slot [3] registered
[    0.288279] acpiphp: Slot [4] registered
[    0.288664] acpiphp: Slot [5] registered
[    0.289050] acpiphp: Slot [6] registered
[    0.289440] acpiphp: Slot [7] registered
[    0.289832] acpiphp: Slot [8] registered
[    0.290224] acpiphp: Slot [9] registered
[    0.290609] acpiphp: Slot [10] registered
[    0.291003] acpiphp: Slot [11] registered
[    0.291398] acpiphp: Slot [12] registered
[    0.291486] acpiphp: Slot [13] registered
[    0.291881] acpiphp: Slot [14] registered
[    0.292276] acpiphp: Slot [15] registered
[    0.292673] acpiphp: Slot [16] registered
[    0.293067] acpiphp: Slot [17] registered
[    0.293464] acpiphp: Slot [18] registered
[    0.293861] acpiphp: Slot [19] registered
[    0.294258] acpiphp: Slot [20] registered
[    0.294652] acpiphp: Slot [21] registered
[    0.295045] acpiphp: Slot [22] registered
[    0.295441] acpiphp: Slot [23] registered
[    0.295837] acpiphp: Slot [24] registered
[    0.296230] acpiphp: Slot [25] registered
[    0.296628] acpiphp: Slot [26] registered
[    0.297021] acpiphp: Slot [27] registered
[    0.297418] acpiphp: Slot [28] registered
[    0.297822] acpiphp: Slot [29] registered
[    0.298215] acpiphp: Slot [30] registered
[    0.298610] acpiphp: Slot [31] registered
[    0.298971] PCI host bridge to bus 0000:00
[    0.299324] pci_bus 0000:00: root bus resource [io  0x0000-0x0cf7 window]
[    0.299434] pci_bus 0000:00: root bus resource [io  0x0d00-0xffff window]
[    0.300013] pci_bus 0000:00: root bus resource [mem 0x000a0000-0x000bffff window]
[    0.300649] pci_bus 0000:00: root bus resource [mem 0x80000000-0xfebfffff window]
[    0.301293] pci_bus 0000:00: root bus resource [mem 0x100000000-0x17fffffff window]
[    0.301940] pci_bus 0000:00: root bus resource [bus 00-ff]
[    0.302455] pci 0000:00:00.0: [8086:1237] type 00 class 0x060000
[    0.305480] pci 0000:00:01.0: [8086:7000] type 00 class 0x060100
[    0.306537] pci 0000:00:01.1: [8086:7010] type 00 class 0x010180
[    0.308334] pci 0000:00:01.1: reg 0x20: [io  0xc040-0xc04f]
[    0.309616] pci 0000:00:01.1: legacy IDE quirk: reg 0x10: [io  0x01f0-0x01f7]
[    0.310240] pci 0000:00:01.1: legacy IDE quirk: reg 0x14: [io  0x03f6]
[    0.310807] pci 0000:00:01.1: legacy IDE quirk: reg 0x18: [io  0x0170-0x0177]
[    0.311424] pci 0000:00:01.1: legacy IDE quirk: reg 0x1c: [io  0x0376]
[    0.312222] pci 0000:00:01.3: [8086:7113] type 00 class 0x068000
[    0.313070] pci 0000:00:01.3: quirk: [io  0x0600-0x063f] claimed by PIIX4 ACPI
[    0.313706] pci 0000:00:01.3: quirk: [io  0x0700-0x070f] claimed by PIIX4 SMB
[    0.314823] pci 0000:00:02.0: [1234:1111] type 00 class 0x030000
[    0.315714] pci 0000:00:02.0: reg 0x10: [mem 0xfd000000-0xfdffffff pref]
[    0.318037] pci 0000:00:02.0: reg 0x18: [mem 0xfebf0000-0xfebf0fff]
[    0.321670] pci 0000:00:02.0: reg 0x30: [mem 0xfebe0000-0xfebeffff pref]
[    0.322487] pci 0000:00:02.0: Video device with shadowed ROM at [mem 0x000c0000-0x000dffff]
[    0.325783] pci 0000:00:03.0: [8086:100e] type 00 class 0x020000
[    0.327001] pci 0000:00:03.0: reg 0x10: [mem 0xfebc0000-0xfebdffff]
[    0.327873] pci 0000:00:03.0: reg 0x14: [io  0xc000-0xc03f]
[    0.330366] pci 0000:00:03.0: reg 0x30: [mem 0xfeb80000-0xfebbffff pref]
[    0.341885] ACPI: PCI: Interrupt link LNKA configured for IRQ 10
[    0.342693] ACPI: PCI: Interrupt link LNKB configured for IRQ 10
[    0.343477] ACPI: PCI: Interrupt link LNKC configured for IRQ 11
[    0.344248] ACPI: PCI: Interrupt link LNKD configured for IRQ 11
[    0.344897] ACPI: PCI: Interrupt link LNKS configured for IRQ 9
[    0.346385] iommu: Default domain type: Translated 
[    0.346385] iommu: DMA domain TLB invalidation policy: lazy mode 
[    0.348068] SCSI subsystem initialized
[    0.348436] ACPI: bus type USB registered
[    0.348436] usbcore: registered new interface driver usbfs
[    0.348436] usbcore: registered new interface driver hub
[    0.348820] usbcore: registered new device driver usb
[    0.349274] pps_core: LinuxPPS API ver. 1 registered
[    0.349697] pps_core: Software ver. 5.3.6 - Copyright 2005-2007 Rodolfo Giometti <giometti@linux.it>
[    0.351434] PTP clock support registered
[    0.351844] EDAC MC: Ver: 3.0.0
[    0.351978] NetLabel: Initializing
[    0.352240] NetLabel:  domain hash size = 128
[    0.352596] NetLabel:  protocols = UNLABELED CIPSOv4 CALIPSO
[    0.353074] NetLabel:  unlabeled traffic allowed by default
[    0.353512] PCI: Using ACPI for IRQ routing
[    0.353512] pci 0000:00:02.0: vgaarb: setting as boot VGA device
[    0.353512] pci 0000:00:02.0: vgaarb: bridge control possible
[    0.353512] pci 0000:00:02.0: vgaarb: VGA device added: decodes=io+mem,owns=io+mem,locks=none
[    0.355433] vgaarb: loaded
[    0.355825] hpet0: at MMIO 0xfed00000, IRQs 2, 8, 0
[    0.356194] hpet0: 3 comparators, 64-bit 100.000000 MHz counter
[    0.359574] clocksource: Switched to clocksource kvm-clock
[    0.580026] VFS: Disk quotas dquot_6.6.0
[    0.580749] VFS: Dquot-cache hash table entries: 512 (order 0, 4096 bytes)
[    0.582032] pnp: PnP ACPI init
[    0.584293] pnp: PnP ACPI: found 6 devices
[    0.594318] clocksource: acpi_pm: mask: 0xffffff max_cycles: 0xffffff, max_idle_ns: 2085701024 ns
[    0.595401] NET: Registered PF_INET protocol family
[    0.596094] IP idents hash table entries: 32768 (order: 6, 262144 bytes, linear)
[    0.599304] tcp_listen_portaddr_hash hash table entries: 1024 (order: 2, 16384 bytes, linear)
[    0.600087] TCP established hash table entries: 16384 (order: 5, 131072 bytes, linear)
[    0.600942] TCP bind hash table entries: 16384 (order: 6, 262144 bytes, linear)
[    0.601846] TCP: Hash tables configured (established 16384 bind 16384)
[    0.602556] UDP hash table entries: 1024 (order: 3, 32768 bytes, linear)
[    0.603145] UDP-Lite hash table entries: 1024 (order: 3, 32768 bytes, linear)
[    0.603896] NET: Registered PF_UNIX/PF_LOCAL protocol family
[    0.605182] RPC: Registered named UNIX socket transport module.
[    0.605689] RPC: Registered udp transport module.
[    0.606121] RPC: Registered tcp transport module.
[    0.606516] RPC: Registered tcp NFSv4.1 backchannel transport module.
[    0.607109] pci_bus 0000:00: resource 4 [io  0x0000-0x0cf7 window]
[    0.607650] pci_bus 0000:00: resource 5 [io  0x0d00-0xffff window]
[    0.608199] pci_bus 0000:00: resource 6 [mem 0x000a0000-0x000bffff window]
[    0.608820] pci_bus 0000:00: resource 7 [mem 0x80000000-0xfebfffff window]
[    0.609451] pci_bus 0000:00: resource 8 [mem 0x100000000-0x17fffffff window]
[    0.610229] pci 0000:00:01.0: PIIX3: Enabling Passive Release
[    0.610773] pci 0000:00:00.0: Limiting direct PCI/PCI transfers
[    0.611287] pci 0000:00:01.0: Activating ISA DMA hang workarounds
[    0.611932] PCI: CLS 0 bytes, default 64
[    0.612459] ACPI: bus type thunderbolt registered
[    0.613202] clocksource: tsc: mask: 0xffffffffffffffff max_cycles: 0x1128af0325d, max_idle_ns: 440795261011 ns
[    2.943531] Initialise system trusted keyrings
[    2.943979] Key type blacklist registered
[    2.944699] workingset: timestamp_bits=36 max_order=19 bucket_order=0
[    2.949798] zbud: loaded
[    2.950802] squashfs: version 4.0 (2009/01/31) Phillip Lougher
[    2.952325] NFS: Registering the id_resolver key type
[    2.952770] Key type id_resolver registered
[    2.953123] Key type id_legacy registered
[    2.953514] nfs4filelayout_init: NFSv4 File Layout Driver Registering...
[    2.954056] nfs4flexfilelayout_init: NFSv4 Flexfile Layout Driver Registering...
[    2.954726] fuse: init (API version 7.36)
[    2.955202] SGI XFS with ACLs, security attributes, realtime, quota, no debug enabled
[    2.956906] 9p: Installing v9fs 9p2000 file system support
[    2.964556] Key type asymmetric registered
[    2.964885] Asymmetric key parser 'x509' registered
[    2.967515] alg: self-tests for CTR-KDF (hmac(sha256)) passed
[    2.968053] Block layer SCSI generic (bsg) driver version 0.4 loaded (major 243)
[    2.968784] io scheduler mq-deadline registered
[    2.969221] io scheduler bfq registered
[    2.970131] shpchp: Standard Hot Plug PCI Controller Driver version: 0.4
[    2.970862] IPMI message handler: version 39.2
[    2.971253] ipmi device interface
[    2.972928] input: Power Button as /devices/LNXSYSTM:00/LNXPWRBN:00/input/input0
[    2.973623] ACPI: button: Power Button [PWRF]
[    2.974852] ERST DBG: ERST support is disabled.
[    2.975562] Serial: 8250/16550 driver, 32 ports, IRQ sharing enabled
[    2.976851] 00:04: ttyS0 at I/O 0x3f8 (irq = 4, base_baud = 115200) is a 16550A
[    2.981604] Linux agpgart interface v0.103
[    2.982385] ACPI: bus type drm_connector registered
[    2.990467] brd: module loaded
[    2.994825] loop: module loaded
[    2.998532] scsi host0: ata_piix
[    2.999371] scsi host1: ata_piix
[    2.999752] ata1: PATA max MWDMA2 cmd 0x1f0 ctl 0x3f6 bmdma 0xc040 irq 14
[    3.000297] ata2: PATA max MWDMA2 cmd 0x170 ctl 0x376 bmdma 0xc048 irq 15
[    3.001703] tun: Universal TUN/TAP device driver, 1.6
[    3.002224] e100: Intel(R) PRO/100 Network Driver
[    3.002618] e100: Copyright(c) 1999-2006 Intel Corporation
[    3.003100] e1000: Intel(R) PRO/1000 Network Driver
[    3.003517] e1000: Copyright (c) 1999-2006 Intel Corporation.
[    3.092226] ACPI: \_SB_.LNKC: Enabled at IRQ 11
[    3.159626] ata1: found unknown device (class 0)
[    3.160597] ata1.00: ATA-7: QEMU HARDDISK, 2.5+, max UDMA/100
[    3.161159] ata1.00: 16777216 sectors, multi 16: LBA48 
[    3.162141] ata2: found unknown device (class 0)
[    3.163476] scsi 0:0:0:0: Direct-Access     ATA      QEMU HARDDISK    2.5+ PQ: 0 ANSI: 5
[    3.165498] scsi 0:0:0:0: Attached scsi generic sg0 type 0
[    3.166448] ata2.00: ATAPI: QEMU DVD-ROM, 2.5+, max UDMA/100
[    3.168608] sd 0:0:0:0: [sda] 16777216 512-byte logical blocks: (8.59 GB/8.00 GiB)
[    3.169837] sd 0:0:0:0: [sda] Write Protect is off
[    3.170654] sd 0:0:0:0: [sda] Write cache: enabled, read cache: enabled, doesn't support DPO or FUA
[    3.172968] scsi 1:0:0:0: CD-ROM            QEMU     QEMU DVD-ROM     2.5+ PQ: 0 ANSI: 5
[    3.174550] scsi 1:0:0:0: Attached scsi generic sg1 type 5
[    3.211714] sd 0:0:0:0: [sda] Attached SCSI disk
[    3.426627] e1000 0000:00:03.0 eth0: (PCI:33MHz:32-bit) 52:54:00:12:34:56
[    3.427236] e1000 0000:00:03.0 eth0: Intel(R) PRO/1000 Network Connection
[    3.427924] e1000e: Intel(R) PRO/1000 Network Driver
[    3.428349] e1000e: Copyright(c) 1999 - 2015 Intel Corporation.
[    3.428921] igb: Intel(R) Gigabit Ethernet Network Driver
[    3.429377] igb: Copyright (c) 2007-2014 Intel Corporation.
[    3.429924] PPP generic driver version 2.4.2
[    3.431318] VFIO - User Level meta-driver version: 0.3
[    3.431841] ehci_hcd: USB 2.0 'Enhanced' Host Controller (EHCI) Driver
[    3.432409] ehci-pci: EHCI PCI platform driver
[    3.432812] ehci-platform: EHCI generic platform driver
[    3.433275] ohci_hcd: USB 1.1 'Open' Host Controller (OHCI) Driver
[    3.433799] ohci-pci: OHCI PCI platform driver
[    3.434202] ohci-platform: OHCI generic platform driver
[    3.434657] uhci_hcd: USB Universal Host Controller Interface driver
[    3.435553] usbcore: registered new interface driver uas
[    3.436071] usbcore: registered new interface driver usb-storage
[    3.436692] i8042: PNP: PS/2 Controller [PNP0303:KBD,PNP0f13:MOU] at 0x60,0x64 irq 1,12
[    3.438309] serio: i8042 KBD port at 0x60,0x64 irq 1
[    3.438756] serio: i8042 AUX port at 0x60,0x64 irq 12
[    3.439777] mousedev: PS/2 mouse device common for all mice
[    3.440950] input: AT Translated Set 2 keyboard as /devices/platform/i8042/serio0/input/input1
[    3.441957] rtc_cmos 00:05: RTC can wake from S4
[    3.443464] input: VirtualPS/2 VMware VMMouse as /devices/platform/i8042/serio1/input/input4
[    3.444798] rtc_cmos 00:05: registered as rtc0
[    3.445246] rtc_cmos 00:05: setting system clock to 2022-12-08T07:42:03 UTC (1670485323)
[    3.446157] rtc_cmos 00:05: alarms up to one day, y3k, 242 bytes nvram, hpet irqs
[    3.446834] i2c_dev: i2c /dev entries driver
[    3.447570] input: VirtualPS/2 VMware VMMouse as /devices/platform/i8042/serio1/input/input3
[    3.448687] device-mapper: core: CONFIG_IMA_DISABLE_HTABLE is disabled. Duplicate IMA measurements will not be recorded in the IMA log.
[    3.449825] device-mapper: uevent: version 1.0.3
[    3.450603] device-mapper: ioctl: 4.46.0-ioctl (2022-02-22) initialised: dm-devel@redhat.com
[    3.451331] intel_pstate: CPU model not supported
[    3.451805] sdhci: Secure Digital Host Controller Interface driver
[    3.452336] sdhci: Copyright(c) Pierre Ossman
[    3.452764] sdhci-pltfm: SDHCI platform and OF driver helper
[    3.453488] ledtrig-cpu: registered to indicate activity on CPUs
[    3.454211] drop_monitor: Initializing network drop monitor service
[    3.455125] NET: Registered PF_INET6 protocol family
[    3.458546] Segment Routing with IPv6
[    3.458973] In-situ OAM (IOAM) with IPv6
[    3.459342] NET: Registered PF_PACKET protocol family
[    3.460273] 9pnet: Installing 9P2000 support
[    3.460694] Key type dns_resolver registered
[    3.461919] IPI shorthand broadcast: enabled
[    3.462321] sched_clock: Marking stable (3452377383, 9302549)->(3488351359, -26671427)
[    3.463446] registered taskstats version 1
[    3.464224] Loading compiled-in X.509 certificates
[    3.465054] zswap: loaded using pool lzo/zbud
[    3.465928] Key type ._fscrypt registered
[    3.466275] Key type .fscrypt registered
[    3.466616] Key type fscrypt-provisioning registered
[    3.468594] Key type encrypted registered
[    3.468967] ima: No TPM chip found, activating TPM-bypass!
[    3.469444] ima: Allocated hash algorithm: sha1
[    3.469852] ima: No architecture policies found
[    3.470255] evm: Initialising EVM extended attributes:
[    3.470693] evm: security.selinux
[    3.470976] evm: security.SMACK64
[    3.471262] evm: security.SMACK64EXEC
[    3.471583] evm: security.SMACK64TRANSMUTE
[    3.471922] evm: security.SMACK64MMAP
[    3.472231] evm: security.apparmor
[    3.472523] evm: security.ima
[    3.472776] evm: security.capability
[    3.473084] evm: HMAC attrs: 0x1
[    3.476921] PM:   Magic number: 2:64:723
[    3.477311] block loop3: hash matches
[    3.477896] RAS: Correctable Errors collector initialized.
[    3.478692] md: Waiting for all devices to be available before autodetect
[    3.479301] md: If you don't use raid, use raid=noautodetect
[    3.479797] md: Autodetecting RAID arrays.
[    3.480144] md: autorun ...
[    3.480389] md: ... autorun DONE.
[    3.485775] EXT4-fs (sda): INFO: recovery required on readonly filesystem
[    3.486370] EXT4-fs (sda): write access will be enabled during recovery
[    3.597452] EXT4-fs (sda): recovery complete
[    3.602529] EXT4-fs (sda): mounted filesystem with ordered data mode. Quota mode: none.
[    3.603187] VFS: Mounted root (ext4 filesystem) readonly on device 8:0.
[    3.604326] devtmpfs: mounted
[    3.615922] Freeing unused decrypted memory: 2036K
[    3.618582] Freeing unused kernel image (initmem) memory: 3236K
[    3.619056] Write protecting the kernel read-only data: 40960k
[    3.622391] Freeing unused kernel image (text/rodata gap) memory: 2032K
[    3.623784] Freeing unused kernel image (rodata/data gap) memory: 448K
[    3.719766] x86/mm: Checked W+X mappings: passed, no W+X pages found.
[    3.720285] Run /sbin/init as init process
[    3.757641] random: fast init done
[    3.899371] systemd[1]: RTC configured in localtime, applying delta of 0 minutes to system time.
[    3.941207] systemd[1]: systemd 239 (239-49.el8) running in system mode. (+PAM +AUDIT +SELINUX +IMA -APPARMOR +SMACK +SYSVINIT +UTMP +LIBCRYPTSETUP +GCRYPT +GNUTLS +ACL +XZ +LZ4 +SECCOMP +BLKID +ELFUTILS +KMOD +IDN2 -IDN +PCRE2 default-hierarchy=legacy)
[    3.944692] systemd[1]: Detected virtualization kvm.
[    3.945481] systemd[1]: Detected architecture x86-64.

Welcome to [0;31mCentOS Stream 8[0m!

[    3.965515] systemd[1]: Set hostname to <test>.
[    5.843443] random: crng init done
[    6.064768] systemd[1]: Created slice system-serial\x2dgetty.slice.
[[0;32m  OK  [0m] Created slice system-serial\x2dgetty.slice.
[    6.065932] systemd[1]: Started Forward Password Requests to Wall Directory Watch.
[[0;32m  OK  [0m] Started Forward Password Requests to Wall Directory Watch.
[    6.067237] systemd[1]: Listening on Journal Socket (/dev/log).
[[0;32m  OK  [0m] Listening on Journal Socket (/dev/log).
[    6.068252] systemd[1]: Listening on multipathd control socket.
[[0;32m  OK  [0m] Listening on multipathd control socket.
[    6.069440] systemd[1]: Set up automount Arbitrary Executable File Formats File System Automount Point.
[[0;32m  OK  [0m] Set up automount Arbitrary Executabâ€¦rmats File System Automount Point.
[    6.071015] systemd[1]: Listening on Journal Socket.
[[0;32m  OK  [0m] Listening on Journal Socket.
         Starting Load Kernel Modules...
         Mounting Kernel Debug File System...
         Mounting Huge Pages File System...
         Starting Setup Virtual Console...
[[0;32m  OK  [0m] Reached target Swap.
         Starting Journal Service...
[[0;32m  OK  [0m] Listening on LVM2 poll daemon socket.
[[0;32m  OK  [0m] Created slice system-getty.slice.
[[0;32m  OK  [0m] Created slice system-sshd\x2dkeygen.slice.
[[0;32m  OK  [0m] Listening on udev Control Socket.
[[0;32m  OK  [0m] Listening on RPCbind Server Activation Socket.
[[0;32m  OK  [0m] Reached target RPC Port Mapper.
         Mounting POSIX Message Queue File System...
[[0;32m  OK  [0m] Listening on initctl Compatibility Named Pipe.
[[0;32m  OK  [0m] Listening on Device-mapper event daemon FIFOs.
         Starting Monitoring of LVM2 mirrorsâ€¦ng dmeventd or progress polling...
[[0;32m  OK  [0m] Listening on Process Core Dump Socket.
         Starting Remount Root and Kernel File Systems...
[[0;32m  OK  [0m] Created slice User and Session Slice.
[[0;32m  OK  [0m] Reached target Slices.
[[0;32m  OK  [0m] Listening on udev Kernel Socket.
         Starting udev Coldplug all Devices...
[[0;32m  OK  [0m] Started Journal Service.
[[0;1;31mFAILED[0m] Failed to start Load Kernel Modules.
See 'systemctl status systemd-modules-load.service' for details.
[[0;32m  OK  [0m] Mounted Kernel Debug File System.
[[0;32m  OK  [0m] Mounted Huge Pages File System.
[[0;32m  OK  [0m] Mounted POSIX Message Queue File System.
         Mounting FUSE Control File System...
         Starting Apply Kernel Variables...
         Mounting Kernel Configuration File System...
[[0;32m  OK  [0m] Mounted FUSE Control File System.
[[0;32m  OK  [0m] Mounted Kernel Configuration File System.
[[0;32m  OK  [0m] Started Apply Kernel Variables.
[    6.342370] EXT4-fs (sda): re-mounted. Quota mode: none.
[[0;32m  OK  [0m] Started Remount Root and Kernel File Systems.
         Starting Flush Journal to Persistent Storage...
         Starting Load/Save Random Seed...
         Starting Create Static Device Nodes in /dev...
[[0;32m  OK  [0m] Started Setup Virtual Console.
[[0;32m  OK  [0m] Started Load/Save Random Seed.
[[0;32m  OK  [0m] Started udev Coldplug all Devices.
[[0;32m  OK  [0m] Started Flush Journal to Persistent Storage.
         Starting udev Wait for Complete Device Initialization...
[[0;32m  OK  [0m] Started Create Static Device Nodes in /dev.
         Starting udev Kernel Device Manager...
[[0;32m  OK  [0m] Started udev Kernel Device Manager.
         Starting Show Plymouth Boot Screen...
[[0;32m  OK  [0m] Started Show Plymouth Boot Screen.
[[0;32m  OK  [0m] Started Forward Password Requests to Plymouth Directory Watch.
[[0;32m  OK  [0m] Reached target Paths.
[[0;32m  OK  [0m] Reached target Local Encrypted Volumes.
[[0;32m  OK  [0m] Found device /dev/ttyS0.
[[0;32m  OK  [0m] Listening on Load/Save RF Kill Switch Status /dev/rfkill Watch.
[[0;32m  OK  [0m] Started Monitoring of LVM2 mirrors,â€¦sing dmeventd or progress polling.
[[0;32m  OK  [0m] Started udev Wait for Complete Device Initialization.
[[0;32m  OK  [0m] Reached target Local File Systems (Pre).
[[0;32m  OK  [0m] Reached target Local File Systems.
         Starting Tell Plymouth To Write Out Runtime Data...
         Starting Create Volatile Files and Directories...
         Starting Restore /run/initramfs on shutdown...
[[0;32m  OK  [0m] Started Tell Plymouth To Write Out Runtime Data.
[[0;32m  OK  [0m] Started Restore /run/initramfs on shutdown.
[[0;32m  OK  [0m] Started Create Volatile Files and Directories.
         Mounting RPC Pipe File System...
         Starting Security Auditing Service...
         Starting RPC Bind...
[[0;32m  OK  [0m] Mounted RPC Pipe File System.
[[0;32m  OK  [0m] Reached target rpc_pipefs.target.
[[0;32m  OK  [0m] Started RPC Bind.
[[0;32m  OK  [0m] Started Security Auditing Service.
         Starting Update UTMP about System Boot/Shutdown...
[[0;32m  OK  [0m] Started Update UTMP about System Boot/Shutdown.
[[0;32m  OK  [0m] Reached target System Initialization.
[[0;32m  OK  [0m] Started daily update of the root trust anchor for DNSSEC.
[[0;32m  OK  [0m] Started Daily Cleanup of Temporary Directories.
[[0;32m  OK  [0m] Started dnf makecache --timer.
[[0;32m  OK  [0m] Reached target Timers.
[[0;32m  OK  [0m] Listening on SSSD Kerberos Cache Manager responder socket.
[[0;32m  OK  [0m] Listening on D-Bus System Message Bus Socket.
[[0;32m  OK  [0m] Reached target Sockets.
[[0;32m  OK  [0m] Reached target Basic System.
         Starting Self Monitoring and Reporting Technology (SMART) Daemon...
         Starting NTP client/server...
         Starting Authorization Manager...
[[0;32m  OK  [0m] Started Machine Check Exception Logging Daemon.
         Starting Auto-connect to subsystemsâ€¦-NVME devices found during boot...
[[0;32m  OK  [0m] Started D-Bus System Message Bus.
[[0;32m  OK  [0m] Started irqbalance daemon.
[[0;32m  OK  [0m] Reached target sshd-keygen.target.
         Starting Login Service...
         Starting Network Manager...
[[0;32m  OK  [0m] Started Auto-connect to subsystems â€¦FC-NVME devices found during boot.
         Starting update of the root trust aâ€¦or DNSSEC validation in unbound...
[[0;32m  OK  [0m] Started Self Monitoring and Reporting Technology (SMART) Daemon.
[[0;32m  OK  [0m] Started NTP client/server.
[[0;32m  OK  [0m] Started Login Service.
[[0;32m  OK  [0m] Started Network Manager.
[[0;32m  OK  [0m] Started update of the root trust anâ€¦ for DNSSEC validation in unbound.
[[0;32m  OK  [0m] Reached target Network.
         Starting GSSAPI Proxy Daemon...
         Starting Dynamic System Tuning Daemon...
         Starting OpenSSH server daemon...
         Starting Network Manager Wait Online...
[[0;32m  OK  [0m] Started GSSAPI Proxy Daemon.
[[0;32m  OK  [0m] Reached target NFS client services.
[[0;32m  OK  [0m] Reached target Remote File Systems (Pre).
[[0;32m  OK  [0m] Reached target Remote File Systems.
         Starting Permit User Sessions...
         Starting Hostname Service...
[[0;32m  OK  [0m] Started OpenSSH server daemon.
[[0;32m  OK  [0m] Started Authorization Manager.
[[0;32m  OK  [0m] Started Permit User Sessions.
         Starting Hold until boot process finishes up...
         Starting Terminate Plymouth Boot Screen...
[[0;32m  OK  [0m] Started Command Scheduler.
[    7.675472] e1000: eth0 NIC Link is Up 1000 Mbps Full Duplex, Flow Control: RX
[    7.676977] IPv6: ADDRCONF(NETDEV_CHANGE): eth0: link becomes ready
[    7.956803] Spectre V2 : WARNING: Unprivileged eBPF is enabled with eIBRS on, data leaks possible via Spectre v2 BHB attacks!
[    7.958382] Spectre V2 : WARNING: Unprivileged eBPF is enabled with eIBRS on, data leaks possible via Spectre v2 BHB attacks!

CentOS Stream 8
Kernel 5.18.0-rc4-b265cdebdfef+ on an x86_64

test login: [   28.152150] ------------[ cut here ]------------
[   28.152579] WARNING: CPU: 0 PID: 557 at mm/memory.c:874 copy_page_range+0x1858/0x2990
[   28.153257] Modules linked in:
[   28.153526] CPU: 0 PID: 557 Comm: repro Not tainted 5.18.0-rc4-b265cdebdfef+ #1
[   28.154144] Hardware name: QEMU Standard PC (i440FX + PIIX, 1996), BIOS rel-1.14.0-0-g155821a1990b-prebuilt.qemu.org 04/01/2014
[   28.155092] RIP: 0010:copy_page_range+0x1858/0x2990
[   28.155588] Code: ab e2 ff 41 83 fc 1f 0f 85 b1 fe ff ff e8 70 aa e2 ff 31 ff 4c 89 ee e8 96 ab e2 ff 4d 85 ed 0f 85 b6 fe ff ff e8 58 aa e2 ff <0f> 0b e9 aa fe ff ff e8 4c aa e2 ff 4c 8b 2d 4d bd 2b 02 49 81 e5
[   28.157246] RSP: 0018:ffffc90000c3fb08 EFLAGS: 00010246
[   28.157697] RAX: 0000000000000000 RBX: fffffffffffffc00 RCX: ffffffff814094ca
[   28.158301] RDX: 0000000000000000 RSI: ffff888007d94c80 RDI: 0000000000000002
[   28.158910] RBP: ffffc90000c3fcb0 R08: 0000000000000040 R09: 0000000000000000
[   28.159550] R10: 0000000000000001 R11: ffffea00001f4080 R12: 000000000000001f
[   28.160298] R13: 0000000000000000 R14: 0000000000000004 R15: 0000000000000000
[   28.161366] FS:  00007fa615924740(0000) GS:ffff88807dc00000(0000) knlGS:0000000000000000
[   28.162857] CS:  0010 DS: 0000 ES: 0000 CR0: 0000000080050033
[   28.163767] CR2: 00000000200000c0 CR3: 000000000b622006 CR4: 0000000000770ef0
[   28.164954] DR0: 0000000000000000 DR1: 0000000000000000 DR2: 0000000000000000
[   28.166050] DR3: 0000000000000000 DR6: 00000000ffff07f0 DR7: 0000000000000400
[   28.167142] PKRU: 55555554
[   28.167590] Call Trace:
[   28.167991]  <TASK>
[   28.168350]  dup_mm+0x65e/0x920
[   28.168874]  copy_process+0x1abb/0x23c0
[   28.169489]  ? mcopy_continue+0x517/0x1030
[   28.170152]  kernel_clone+0x90/0x670
[   28.170726]  ? userfaultfd_ioctl+0xd2/0x23c0
[   28.171407]  ? write_comp_data+0x2f/0x90
[   28.172066]  __do_sys_clone+0x90/0xc0
[   28.172660]  __x64_sys_clone+0x2f/0x40
[   28.173256]  do_syscall_64+0x3b/0x90
[   28.173855]  entry_SYSCALL_64_after_hwframe+0x44/0xae
[   28.174662] RIP: 0033:0x7fa615a4959d
[   28.175232] Code: 00 c3 66 2e 0f 1f 84 00 00 00 00 00 90 f3 0f 1e fa 48 89 f8 48 89 f7 48 89 d6 48 89 ca 4d 89 c2 4d 89 c8 4c 8b 4c 24 08 0f 05 <48> 3d 01 f0 ff ff 73 01 c3 48 8b 0d d3 08 0d 00 f7 d8 64 89 01 48
[   28.178078] RSP: 002b:00007ffec6833258 EFLAGS: 00000202 ORIG_RAX: 0000000000000038
[   28.179252] RAX: ffffffffffffffda RBX: 0000000000000000 RCX: 00007fa615a4959d
[   28.180607] RDX: 0000000000000000 RSI: 0000000000000000 RDI: 0000000000001000
[   28.181214] RBP: 00007ffec68332a0 R08: 0000000000000000 R09: 0000000000000000
[   28.181812] R10: 0000000000000000 R11: 0000000000000202 R12: 0000000000401060
[   28.182410] R13: 00007ffec68333a0 R14: 0000000000000000 R15: 0000000000000000
[   28.183011]  </TASK>
[   28.183211] ---[ end trace 0000000000000000 ]---
