c[?7l[2J[0mSeaBIOS (version rel-1.14.0-0-g155821a1990b-prebuilt.qemu.org)


iPXE (http://ipxe.org) 00:03.0 CA00 PCI2.10 PnP PMM+7FF8F030+7FEEF030 CA00
Press Ctrl-B to configure iPXE (PCI 00:03.0)...                                                                               


Booting from ROM..c[?7l[2J[    0.000000] Linux version 5.18.0-bf9095424d02+ (root@p-mtlp02) (gcc (GCC) 8.5.0 20210514 (Red Hat 8.5.0-17), GNU ld version 2.36.1-2.el8) #1 SMP PREEMPT_DYNAMIC Thu Dec 8 14:41:08 CST 2022
[    0.000000] Command line: console=ttyS0 root=/dev/sda earlyprintk=serial net.ifnames=0
[    0.000000] KERNEL supported cpus:
[    0.000000]   Intel GenuineIntel
[    0.000000]   AMD AuthenticAMD
[    0.000000]   Hygon HygonGenuine
[    0.000000]   Centaur CentaurHauls
[    0.000000]   zhaoxin   Shanghai  
[    0.000000] x86/split lock detection: #DB: warning on user-space bus_locks
[    0.000000] x86/fpu: Supporting XSAVE feature 0x001: 'x87 floating point registers'
[    0.000000] x86/fpu: Supporting XSAVE feature 0x002: 'SSE registers'
[    0.000000] x86/fpu: Supporting XSAVE feature 0x004: 'AVX registers'
[    0.000000] x86/fpu: Supporting XSAVE feature 0x200: 'Protection Keys User registers'
[    0.000000] x86/fpu: xstate_offset[2]:  576, xstate_sizes[2]:  256
[    0.000000] x86/fpu: xstate_offset[9]:  832, xstate_sizes[9]:    8
[    0.000000] x86/fpu: Enabled xstate features 0x207, context size is 840 bytes, using 'compacted' format.
[    0.000000] signal: max sigframe size: 3632
[    0.000000] BIOS-provided physical RAM map:
[    0.000000] BIOS-e820: [mem 0x0000000000000000-0x000000000009fbff] usable
[    0.000000] BIOS-e820: [mem 0x000000000009fc00-0x000000000009ffff] reserved
[    0.000000] BIOS-e820: [mem 0x00000000000f0000-0x00000000000fffff] reserved
[    0.000000] BIOS-e820: [mem 0x0000000000100000-0x000000007ffdffff] usable
[    0.000000] BIOS-e820: [mem 0x000000007ffe0000-0x000000007fffffff] reserved
[    0.000000] BIOS-e820: [mem 0x00000000feffc000-0x00000000feffffff] reserved
[    0.000000] BIOS-e820: [mem 0x00000000fffc0000-0x00000000ffffffff] reserved
[    0.000000] printk: bootconsole [earlyser0] enabled
[    0.000000] NX (Execute Disable) protection: active
[    0.000000] SMBIOS 2.8 present.
[    0.000000] DMI: QEMU Standard PC (i440FX + PIIX, 1996), BIOS rel-1.14.0-0-g155821a1990b-prebuilt.qemu.org 04/01/2014
[    0.000000] Hypervisor detected: KVM
[    0.000000] kvm-clock: Using msrs 4b564d01 and 4b564d00
[    0.000003] kvm-clock: using sched offset of 381663588 cycles
[    0.000432] clocksource: kvm-clock: mask: 0xffffffffffffffff max_cycles: 0x1cd42e4dffb, max_idle_ns: 881590591483 ns
[    0.001841] tsc: Detected 1190.400 MHz processor
[    0.007937] last_pfn = 0x7ffe0 max_arch_pfn = 0x400000000
[    0.008477] x86/PAT: Configuration [0-7]: WB  WC  UC- UC  WB  WP  UC- WT  
[    0.017356] found SMP MP-table at [mem 0x000f5a90-0x000f5a9f]
[    0.017987] Using GB pages for direct mapping
[    0.019343] ACPI: Early table checksum verification disabled
[    0.019879] ACPI: RSDP 0x00000000000F5870 000014 (v00 BOCHS )
[    0.020411] ACPI: RSDT 0x000000007FFE1959 000034 (v01 BOCHS  BXPC     00000001 BXPC 00000001)
[    0.021178] ACPI: FACP 0x000000007FFE1805 000074 (v01 BOCHS  BXPC     00000001 BXPC 00000001)
[    0.021895] ACPI: DSDT 0x000000007FFE0040 0017C5 (v01 BOCHS  BXPC     00000001 BXPC 00000001)
[    0.022619] ACPI: FACS 0x000000007FFE0000 000040
[    0.022986] ACPI: APIC 0x000000007FFE1879 000080 (v01 BOCHS  BXPC     00000001 BXPC 00000001)
[    0.023677] ACPI: HPET 0x000000007FFE18F9 000038 (v01 BOCHS  BXPC     00000001 BXPC 00000001)
[    0.024433] ACPI: WAET 0x000000007FFE1931 000028 (v01 BOCHS  BXPC     00000001 BXPC 00000001)
[    0.025181] ACPI: Reserving FACP table memory at [mem 0x7ffe1805-0x7ffe1878]
[    0.025792] ACPI: Reserving DSDT table memory at [mem 0x7ffe0040-0x7ffe1804]
[    0.026355] ACPI: Reserving FACS table memory at [mem 0x7ffe0000-0x7ffe003f]
[    0.026893] ACPI: Reserving APIC table memory at [mem 0x7ffe1879-0x7ffe18f8]
[    0.027452] ACPI: Reserving HPET table memory at [mem 0x7ffe18f9-0x7ffe1930]
[    0.027973] ACPI: Reserving WAET table memory at [mem 0x7ffe1931-0x7ffe1958]
[    0.029303] No NUMA configuration found
[    0.029640] Faking a node at [mem 0x0000000000000000-0x000000007ffdffff]
[    0.030195] NODE_DATA(0) allocated [mem 0x7ffb5000-0x7ffdffff]
[    0.033596] Zone ranges:
[    0.033783]   DMA      [mem 0x0000000000001000-0x0000000000ffffff]
[    0.034242]   DMA32    [mem 0x0000000001000000-0x000000007ffdffff]
[    0.034741]   Normal   empty
[    0.034959]   Device   empty
[    0.035177] Movable zone start for each node
[    0.035496] Early memory node ranges
[    0.035797]   node   0: [mem 0x0000000000001000-0x000000000009efff]
[    0.036281]   node   0: [mem 0x0000000000100000-0x000000007ffdffff]
[    0.036824] Initmem setup node 0 [mem 0x0000000000001000-0x000000007ffdffff]
[    0.038110] On node 0, zone DMA: 1 pages in unavailable ranges
[    0.038255] On node 0, zone DMA: 97 pages in unavailable ranges
[    0.068084] On node 0, zone DMA32: 32 pages in unavailable ranges
[    0.068947] ACPI: PM-Timer IO Port: 0x608
[    0.069870] ACPI: LAPIC_NMI (acpi_id[0xff] dfl dfl lint[0x1])
[    0.070432] IOAPIC[0]: apic_id 0, version 17, address 0xfec00000, GSI 0-23
[    0.071043] ACPI: INT_SRC_OVR (bus 0 bus_irq 0 global_irq 2 dfl dfl)
[    0.071599] ACPI: INT_SRC_OVR (bus 0 bus_irq 5 global_irq 5 high level)
[    0.072184] ACPI: INT_SRC_OVR (bus 0 bus_irq 9 global_irq 9 high level)
[    0.072767] ACPI: INT_SRC_OVR (bus 0 bus_irq 10 global_irq 10 high level)
[    0.073358] ACPI: INT_SRC_OVR (bus 0 bus_irq 11 global_irq 11 high level)
[    0.073967] ACPI: Using ACPI (MADT) for SMP configuration information
[    0.074528] ACPI: HPET id: 0x8086a201 base: 0xfed00000
[    0.075003] TSC deadline timer available
[    0.075350] smpboot: Allowing 2 CPUs, 0 hotplug CPUs
[    0.075856] kvm-guest: KVM setup pv remote TLB flush
[    0.076295] kvm-guest: setup PV sched yield
[    0.076728] PM: hibernation: Registered nosave memory: [mem 0x00000000-0x00000fff]
[    0.077390] PM: hibernation: Registered nosave memory: [mem 0x0009f000-0x0009ffff]
[    0.078044] PM: hibernation: Registered nosave memory: [mem 0x000a0000-0x000effff]
[    0.078698] PM: hibernation: Registered nosave memory: [mem 0x000f0000-0x000fffff]
[    0.079357] [mem 0x80000000-0xfeffbfff] available for PCI devices
[    0.079886] Booting paravirtualized kernel on KVM
[    0.080316] clocksource: refined-jiffies: mask: 0xffffffff max_cycles: 0xffffffff, max_idle_ns: 7645519600211568 ns
[    0.081218] setup_percpu: NR_CPUS:8192 nr_cpumask_bits:2 nr_cpu_ids:2 nr_node_ids:1
[    0.085180] percpu: Embedded 62 pages/cpu s217088 r8192 d28672 u1048576
[    0.085974] kvm-guest: PV spinlocks enabled
[    0.086354] PV qspinlock hash table entries: 256 (order: 0, 4096 bytes, linear)
[    0.087024] Fallback order for Node 0: 0 
[    0.087386] Built 1 zonelists, mobility grouping on.  Total pages: 515808
[    0.087984] Policy zone: DMA32
[    0.088260] Kernel command line: net.ifnames=0 console=ttyS0 root=/dev/sda earlyprintk=serial net.ifnames=0
[    0.094733] Dentry cache hash table entries: 262144 (order: 9, 2097152 bytes, linear)
[    0.095550] Inode-cache hash table entries: 131072 (order: 8, 1048576 bytes, linear)
[    0.096278] mem auto-init: stack:off, heap alloc:off, heap free:off
[    0.100673] Memory: 1999736K/2096632K available (30735K kernel code, 3892K rwdata, 7796K rodata, 3260K init, 11080K bss, 96640K reserved, 0K cma-reserved)
[    0.102593] SLUB: HWalign=64, Order=0-3, MinObjects=0, CPUs=2, Nodes=1
[    0.103069] kmemleak: Kernel memory leak detector disabled
[    0.103499] ftrace: allocating 65902 entries in 258 pages
[    0.130506] ftrace: allocated 258 pages with 2 groups
[    0.132677] Dynamic Preempt: voluntary
[    0.133037] rcu: Preemptible hierarchical RCU implementation.
[    0.133472] rcu: 	RCU restricting CPUs from NR_CPUS=8192 to nr_cpu_ids=2.
[    0.133972] 	Trampoline variant of Tasks RCU enabled.
[    0.134336] 	Rude variant of Tasks RCU enabled.
[    0.134657] 	Tracing variant of Tasks RCU enabled.
[    0.135001] rcu: RCU calculated value of scheduler-enlistment delay is 25 jiffies.
[    0.135541] rcu: Adjusting geometry for rcu_fanout_leaf=16, nr_cpu_ids=2
[    0.159228] NR_IRQS: 524544, nr_irqs: 440, preallocated irqs: 16
[    0.160051] rcu: srcu_init: Setting srcu_struct sizes based on contention.
[    0.168331] Console: colour VGA+ 80x25
[    0.168693] printk: console [ttyS0] enabled
[    0.168693] printk: console [ttyS0] enabled
[    0.169413] printk: bootconsole [earlyser0] disabled
[    0.169413] printk: bootconsole [earlyser0] disabled
[    0.171030] ACPI: Core revision 20220331
[    0.171981] clocksource: hpet: mask: 0xffffffff max_cycles: 0xffffffff, max_idle_ns: 19112604467 ns
[    0.173591] APIC: Switch to symmetric I/O mode setup
[    0.174469] x2apic enabled
[    0.174897] Switched APIC routing to physical x2apic.
[    0.175324] kvm-guest: setup PV IPIs
[    0.176561] ..TIMER: vector=0x30 apic1=0 pin1=2 apic2=-1 pin2=-1
[    0.177119] clocksource: tsc-early: mask: 0xffffffffffffffff max_cycles: 0x1128af0325d, max_idle_ns: 440795261011 ns
[    0.178376] Calibrating delay loop (skipped) preset value.. 2380.80 BogoMIPS (lpj=4761600)
[    0.179118] pid_max: default: 32768 minimum: 301
[    0.179688] LSM: Security Framework initializing
[    0.180110] Yama: becoming mindful.
[    0.180646] Mount-cache hash table entries: 4096 (order: 3, 32768 bytes, linear)
[    0.181319] Mountpoint-cache hash table entries: 4096 (order: 3, 32768 bytes, linear)
[    0.183187] CPU0: Thermal monitoring enabled (TM1)
[    0.183754] x86/cpu: User Mode Instruction Prevention (UMIP) activated
[    0.185165] Last level iTLB entries: 4KB 0, 2MB 0, 4MB 0
[    0.185657] Last level dTLB entries: 4KB 0, 2MB 0, 4MB 0, 1GB 0
[    0.186418] Spectre V1 : Mitigation: usercopy/swapgs barriers and __user pointer sanitization
[    0.187164] Spectre V2 : WARNING: Unprivileged eBPF is enabled with eIBRS on, data leaks possible via Spectre v2 BHB attacks!
[    0.188137] Spectre V2 : Mitigation: Enhanced IBRS
[    0.188545] Spectre V2 : Spectre v2 / SpectreRSB mitigation: Filling RSB on context switch
[    0.189236] Spectre V2 : mitigation: Enabling conditional Indirect Branch Prediction Barrier
[    0.190366] Speculative Store Bypass: Mitigation: Speculative Store Bypass disabled via prctl
[    0.243773] Freeing SMP alternatives memory: 56K
[    0.244551] smpboot: CPU0: Genuine Intel(R) 0000 (family: 0x6, model: 0xaa, stepping: 0x1)
[    0.245575] cblist_init_generic: Setting adjustable number of callback queues.
[    0.246189] cblist_init_generic: Setting shift to 1 and lim to 1.
[    0.246361] cblist_init_generic: Setting shift to 1 and lim to 1.
[    0.246361] cblist_init_generic: Setting shift to 1 and lim to 1.
[    0.246361] Performance Events: generic architected perfmon, full-width counters, Intel PMU driver.
[    0.246370] ... version:                2
[    0.246725] ... bit width:              48
[    0.247077] ... generic registers:      8
[    0.247424] ... value mask:             0000ffffffffffff
[    0.247878] ... max period:             00007fffffffffff
[    0.248330] ... fixed-purpose events:   3
[    0.248672] ... event mask:             00000007000000ff
[    0.249398] rcu: Hierarchical SRCU implementation.
[    0.249449] printk: console [ttyS0] printing thread started
[    0.252833] smp: Bringing up secondary CPUs ...
[    0.253077] x86: Booting SMP configuration:
[    0.253082] .... node  #0, CPUs:      #1
[    0.013721] smpboot: CPU 1 Converting physical 0 to logical die 1
[    0.256025] smp: Brought up 1 node, 2 CPUs
[    0.256025] smpboot: Max logical packages: 2
[    0.256025] smpboot: Total of 2 processors activated (4761.60 BogoMIPS)
[    0.256025] devtmpfs: initialized
[    0.256025] x86/mm: Memory block size: 128MB
[    0.259935] clocksource: jiffies: mask: 0xffffffff max_cycles: 0xffffffff, max_idle_ns: 7645041785100000 ns
[    0.259953] futex hash table entries: 512 (order: 3, 32768 bytes, linear)
[    0.260130] pinctrl core: initialized pinctrl subsystem
[    0.260384] 
[    0.260385] *************************************************************
[    0.260390] **     NOTICE NOTICE NOTICE NOTICE NOTICE NOTICE NOTICE    **
[    0.260392] **                                                         **
[    0.260395] **  IOMMU DebugFS SUPPORT HAS BEEN ENABLED IN THIS KERNEL  **
[    0.260397] **                                                         **
[    0.260400] ** This means that this kernel is built to expose internal **
[    0.260402] ** IOMMU data structures, which may compromise security on **
[    0.260404] ** your system.                                            **
[    0.260407] **                                                         **
[    0.260409] ** If you see this message and you are not debugging the   **
[    0.260413] ** kernel, report this immediately to your vendor!         **
[    0.260416] **                                                         **
[    0.260418] **     NOTICE NOTICE NOTICE NOTICE NOTICE NOTICE NOTICE    **
[    0.260420] *************************************************************
[    0.260515] PM: RTC time: 07:09:38, date: 2022-12-08
[    0.264304] NET: Registered PF_NETLINK/PF_ROUTE protocol family
[    0.264720] DMA: preallocated 256 KiB GFP_KERNEL pool for atomic allocations
[    0.264740] DMA: preallocated 256 KiB GFP_KERNEL|GFP_DMA pool for atomic allocations
[    0.264750] DMA: preallocated 256 KiB GFP_KERNEL|GFP_DMA32 pool for atomic allocations
[    0.264786] audit: initializing netlink subsys (disabled)
[    0.265228] thermal_sys: Registered thermal governor 'fair_share'
[    0.265234] thermal_sys: Registered thermal governor 'bang_bang'
[    0.265237] thermal_sys: Registered thermal governor 'step_wise'
[    0.265241] thermal_sys: Registered thermal governor 'user_space'
[    0.265265] audit: type=2000 audit(1670483379.128:1): state=initialized audit_enabled=0 res=1
[    0.265274] cpuidle: using governor ladder
[    0.265274] cpuidle: using governor menu
[    0.267354] HugeTLB: can optimize 4095 vmemmap pages for hugepages-1048576kB
[    0.267378] acpiphp: ACPI Hot Plug PCI Controller Driver version: 0.5
[    0.267679] PCI: Using configuration type 1 for base access
[    0.275815] kprobes: kprobe jump-optimization is enabled. All kprobes are optimized if possible.
[    0.275815] HugeTLB: can optimize 7 vmemmap pages for hugepages-2048kB
[    0.275815] HugeTLB registered 1.00 GiB page size, pre-allocated 0 pages
[    0.275815] HugeTLB registered 2.00 MiB page size, pre-allocated 0 pages
[    0.275996] ACPI: Added _OSI(Module Device)
[    0.276000] ACPI: Added _OSI(Processor Device)
[    0.276004] ACPI: Added _OSI(3.0 _SCP Extensions)
[    0.276008] ACPI: Added _OSI(Processor Aggregator Device)
[    0.276013] ACPI: Added _OSI(Linux-Dell-Video)
[    0.276017] ACPI: Added _OSI(Linux-Lenovo-NV-HDMI-Audio)
[    0.276021] ACPI: Added _OSI(Linux-HPI-Hybrid-Graphics)
[    0.282470] ACPI: 1 ACPI AML tables successfully acquired and loaded
[    0.284958] ACPI: Interpreter enabled
[    0.285025] ACPI: PM: (supports S0 S3 S4 S5)
[    0.285031] ACPI: Using IOAPIC for interrupt routing
[    0.285072] PCI: Using host bridge windows from ACPI; if necessary, use "pci=nocrs" and report a bug
[    0.285618] ACPI: Enabled 2 GPEs in block 00 to 0F
[    0.297119] ACPI: PCI Root Bridge [PCI0] (domain 0000 [bus 00-ff])
[    0.297154] acpi PNP0A03:00: _OSC: OS supports [ASPM ClockPM Segments MSI EDR HPX-Type3]
[    0.297168] acpi PNP0A03:00: _OSC: not requesting OS control; OS requires [ExtendedConfig ASPM ClockPM MSI]
[    0.297209] acpi PNP0A03:00: fail to add MMCONFIG information, can't access extended PCI configuration space under this bridge.
[    0.298614] acpiphp: Slot [3] registered
[    0.298670] acpiphp: Slot [4] registered
[    0.298733] acpiphp: Slot [5] registered
[    0.298811] acpiphp: Slot [6] registered
[    0.298863] acpiphp: Slot [7] registered
[    0.298927] acpiphp: Slot [8] registered
[    0.298983] acpiphp: Slot [9] registered
[    0.299039] acpiphp: Slot [10] registered
[    0.299104] acpiphp: Slot [11] registered
[    0.299158] acpiphp: Slot [12] registered
[    0.299220] acpiphp: Slot [13] registered
[    0.299277] acpiphp: Slot [14] registered
[    0.299332] acpiphp: Slot [15] registered
[    0.299387] acpiphp: Slot [16] registered
[    0.299439] acpiphp: Slot [17] registered
[    0.299501] acpiphp: Slot [18] registered
[    0.299554] acpiphp: Slot [19] registered
[    0.299605] acpiphp: Slot [20] registered
[    0.299662] acpiphp: Slot [21] registered
[    0.299718] acpiphp: Slot [22] registered
[    0.299774] acpiphp: Slot [23] registered
[    0.299835] acpiphp: Slot [24] registered
[    0.299888] acpiphp: Slot [25] registered
[    0.299940] acpiphp: Slot [26] registered
[    0.299995] acpiphp: Slot [27] registered
[    0.300047] acpiphp: Slot [28] registered
[    0.300099] acpiphp: Slot [29] registered
[    0.300151] acpiphp: Slot [30] registered
[    0.300221] acpiphp: Slot [31] registered
[    0.300242] PCI host bridge to bus 0000:00
[    0.300247] pci_bus 0000:00: root bus resource [io  0x0000-0x0cf7 window]
[    0.300258] pci_bus 0000:00: root bus resource [io  0x0d00-0xffff window]
[    0.300269] pci_bus 0000:00: root bus resource [mem 0x000a0000-0x000bffff window]
[    0.300280] pci_bus 0000:00: root bus resource [mem 0x80000000-0xfebfffff window]
[    0.300292] pci_bus 0000:00: root bus resource [mem 0x100000000-0x17fffffff window]
[    0.300304] pci_bus 0000:00: root bus resource [bus 00-ff]
[    0.300381] pci 0000:00:00.0: [8086:1237] type 00 class 0x060000
[    0.303037] pci 0000:00:01.0: [8086:7000] type 00 class 0x060100
[    0.303763] pci 0000:00:01.1: [8086:7010] type 00 class 0x010180
[    0.305389] pci 0000:00:01.1: reg 0x20: [io  0xc040-0xc04f]
[    0.306080] pci 0000:00:01.1: legacy IDE quirk: reg 0x10: [io  0x01f0-0x01f7]
[    0.306091] pci 0000:00:01.1: legacy IDE quirk: reg 0x14: [io  0x03f6]
[    0.306100] pci 0000:00:01.1: legacy IDE quirk: reg 0x18: [io  0x0170-0x0177]
[    0.306109] pci 0000:00:01.1: legacy IDE quirk: reg 0x1c: [io  0x0376]
[    0.306409] pci 0000:00:01.3: [8086:7113] type 00 class 0x068000
[    0.306876] pci 0000:00:01.3: quirk: [io  0x0600-0x063f] claimed by PIIX4 ACPI
[    0.306894] pci 0000:00:01.3: quirk: [io  0x0700-0x070f] claimed by PIIX4 SMB
[    0.307440] pci 0000:00:02.0: [1234:1111] type 00 class 0x030000
[    0.309353] pci 0000:00:02.0: reg 0x10: [mem 0xfd000000-0xfdffffff pref]
[    0.310792] pci 0000:00:02.0: reg 0x18: [mem 0xfebf0000-0xfebf0fff]
[    0.314794] pci 0000:00:02.0: reg 0x30: [mem 0xfebe0000-0xfebeffff pref]
[    0.315413] pci 0000:00:02.0: Video device with shadowed ROM at [mem 0x000c0000-0x000dffff]
[    0.318382] pci 0000:00:03.0: [8086:100e] type 00 class 0x020000
[    0.318966] pci 0000:00:03.0: reg 0x10: [mem 0xfebc0000-0xfebdffff]
[    0.319473] pci 0000:00:03.0: reg 0x14: [io  0xc000-0xc03f]
[    0.321682] pci 0000:00:03.0: reg 0x30: [mem 0xfeb80000-0xfebbffff pref]
[    0.333320] ACPI: PCI: Interrupt link LNKA configured for IRQ 10
[    0.333648] ACPI: PCI: Interrupt link LNKB configured for IRQ 10
[    0.333949] ACPI: PCI: Interrupt link LNKC configured for IRQ 11
[    0.334248] ACPI: PCI: Interrupt link LNKD configured for IRQ 11
[    0.334403] ACPI: PCI: Interrupt link LNKS configured for IRQ 9
[    0.335487] iommu: Default domain type: Translated 
[    0.335497] iommu: DMA domain TLB invalidation policy: lazy mode 
[    0.336263] SCSI subsystem initialized
[    0.336497] ACPI: bus type USB registered
[    0.336556] usbcore: registered new interface driver usbfs
[    0.336586] usbcore: registered new interface driver hub
[    0.336607] usbcore: registered new device driver usb
[    0.336693] pps_core: LinuxPPS API ver. 1 registered
[    0.336698] pps_core: Software ver. 5.3.6 - Copyright 2005-2007 Rodolfo Giometti <giometti@linux.it>
[    0.336718] PTP clock support registered
[    0.336835] EDAC MC: Ver: 3.0.0
[    0.337826] NetLabel: Initializing
[    0.337829] NetLabel:  domain hash size = 128
[    0.337834] NetLabel:  protocols = UNLABELED CIPSOv4 CALIPSO
[    0.337879] NetLabel:  unlabeled traffic allowed by default
[    0.337934] PCI: Using ACPI for IRQ routing
[    0.338422] pci 0000:00:02.0: vgaarb: setting as boot VGA device
[    0.338422] pci 0000:00:02.0: vgaarb: bridge control possible
[    0.338422] pci 0000:00:02.0: vgaarb: VGA device added: decodes=io+mem,owns=io+mem,locks=none
[    0.338422] vgaarb: loaded
[    0.338858] hpet0: at MMIO 0xfed00000, IRQs 2, 8, 0
[    0.338884] hpet0: 3 comparators, 64-bit 100.000000 MHz counter
[    0.342515] clocksource: Switched to clocksource kvm-clock
[    0.554775] VFS: Disk quotas dquot_6.6.0
[    0.554888] VFS: Dquot-cache hash table entries: 512 (order 0, 4096 bytes)
[    0.555167] pnp: PnP ACPI init
[    0.556689] pnp: PnP ACPI: found 6 devices
[    0.566446] clocksource: acpi_pm: mask: 0xffffff max_cycles: 0xffffff, max_idle_ns: 2085701024 ns
[    0.566860] NET: Registered PF_INET protocol family
[    0.567058] IP idents hash table entries: 32768 (order: 6, 262144 bytes, linear)
[    0.572505] tcp_listen_portaddr_hash hash table entries: 1024 (order: 2, 16384 bytes, linear)
[    0.572540] TCP established hash table entries: 16384 (order: 5, 131072 bytes, linear)
[    0.573883] TCP bind bhash tables hash table entries: 16384 (order: 6, 393216 bytes, linear)
[    0.573997] TCP: Hash tables configured (established 16384 bind 16384)
[    0.574074] UDP hash table entries: 1024 (order: 3, 32768 bytes, linear)
[    0.574095] UDP-Lite hash table entries: 1024 (order: 3, 32768 bytes, linear)
[    0.574219] NET: Registered PF_UNIX/PF_LOCAL protocol family
[    0.578771] RPC: Registered named UNIX socket transport module.
[    0.578777] RPC: Registered udp transport module.
[    0.578781] RPC: Registered tcp transport module.
[    0.578784] RPC: Registered tcp NFSv4.1 backchannel transport module.
[    0.578826] pci_bus 0000:00: resource 4 [io  0x0000-0x0cf7 window]
[    0.578839] pci_bus 0000:00: resource 5 [io  0x0d00-0xffff window]
[    0.578850] pci_bus 0000:00: resource 6 [mem 0x000a0000-0x000bffff window]
[    0.578862] pci_bus 0000:00: resource 7 [mem 0x80000000-0xfebfffff window]
[    0.578873] pci_bus 0000:00: resource 8 [mem 0x100000000-0x17fffffff window]
[    0.579091] pci 0000:00:01.0: PIIX3: Enabling Passive Release
[    0.579113] pci 0000:00:00.0: Limiting direct PCI/PCI transfers
[    0.579143] pci 0000:00:01.0: Activating ISA DMA hang workarounds
[    0.579243] PCI: CLS 0 bytes, default 64
[    0.579280] ACPI: bus type thunderbolt registered
[    0.579576] clocksource: tsc: mask: 0xffffffffffffffff max_cycles: 0x1128af0325d, max_idle_ns: 440795261011 ns
[    3.287013] Initialise system trusted keyrings
[    3.287064] Key type blacklist registered
[    3.287226] workingset: timestamp_bits=36 max_order=19 bucket_order=0
[    3.292787] zbud: loaded
[    3.293749] squashfs: version 4.0 (2009/01/31) Phillip Lougher
[    3.295384] NFS: Registering the id_resolver key type
[    3.295408] Key type id_resolver registered
[    3.295412] Key type id_legacy registered
[    3.295506] nfs4filelayout_init: NFSv4 File Layout Driver Registering...
[    3.295519] nfs4flexfilelayout_init: NFSv4 Flexfile Layout Driver Registering...
[    3.295637] fuse: init (API version 7.36)
[    3.295872] SGI XFS with ACLs, security attributes, realtime, quota, no debug enabled
[    3.297272] 9p: Installing v9fs 9p2000 file system support
[    3.306040] Key type asymmetric registered
[    3.306051] Asymmetric key parser 'x509' registered
[    3.307536] alg: self-tests for CTR-KDF (hmac(sha256)) passed
[    3.307592] Block layer SCSI generic (bsg) driver version 0.4 loaded (major 243)
[    3.307666] io scheduler mq-deadline registered
[    3.307700] io scheduler bfq registered
[    3.308417] shpchp: Standard Hot Plug PCI Controller Driver version: 0.4
[    3.308620] IPMI message handler: version 39.2
[    3.308638] ipmi device interface
[    3.309688] input: Power Button as /devices/LNXSYSTM:00/LNXPWRBN:00/input/input0
[    3.309791] ACPI: button: Power Button [PWRF]
[    3.310516] ERST DBG: ERST support is disabled.
[    3.310953] Serial: 8250/16550 driver, 32 ports, IRQ sharing enabled
[    3.312095] 00:04: ttyS0 at I/O 0x3f8 (irq = 4, base_baud = 115200) is a 16550A
[    3.318788] Linux agpgart interface v0.103
[    3.319382] ACPI: bus type drm_connector registered
[    3.336834] brd: module loaded
[    3.343451] loop: module loaded
[    3.347344] scsi host0: ata_piix
[    3.347879] scsi host1: ata_piix
[    3.348039] ata1: PATA max MWDMA2 cmd 0x1f0 ctl 0x3f6 bmdma 0xc040 irq 14
[    3.348048] ata2: PATA max MWDMA2 cmd 0x170 ctl 0x376 bmdma 0xc048 irq 15
[    3.348924] tun: Universal TUN/TAP device driver, 1.6
[    3.349074] e100: Intel(R) PRO/100 Network Driver
[    3.349078] e100: Copyright(c) 1999-2006 Intel Corporation
[    3.349127] e1000: Intel(R) PRO/1000 Network Driver
[    3.349131] e1000: Copyright (c) 1999-2006 Intel Corporation.
[    3.458830] ACPI: \_SB_.LNKC: Enabled at IRQ 11
[    3.506593] ata1: found unknown device (class 0)
[    3.507088] ata2: found unknown device (class 0)
[    3.507714] ata1.00: ATA-7: QEMU HARDDISK, 2.5+, max UDMA/100
[    3.507727] ata1.00: 16777216 sectors, multi 16: LBA48 
[    3.508572] ata2.00: ATAPI: QEMU DVD-ROM, 2.5+, max UDMA/100
[    3.509276] scsi 0:0:0:0: Direct-Access     ATA      QEMU HARDDISK    2.5+ PQ: 0 ANSI: 5
[    3.510597] sd 0:0:0:0: [sda] 16777216 512-byte logical blocks: (8.59 GB/8.00 GiB)
[    3.510634] sd 0:0:0:0: [sda] Write Protect is off
[    3.510686] sd 0:0:0:0: [sda] Write cache: enabled, read cache: enabled, doesn't support DPO or FUA
[    3.510747] sd 0:0:0:0: [sda] Preferred minimum I/O size 512 bytes
[    3.510885] sd 0:0:0:0: Attached scsi generic sg0 type 0
[    3.519906] scsi 1:0:0:0: CD-ROM            QEMU     QEMU DVD-ROM     2.5+ PQ: 0 ANSI: 5
[    3.531925] sd 0:0:0:0: [sda] Attached SCSI disk
[    3.547457] scsi 1:0:0:0: Attached scsi generic sg1 type 5
[    3.810034] e1000 0000:00:03.0 eth0: (PCI:33MHz:32-bit) 52:54:00:12:34:56
[    3.810062] e1000 0000:00:03.0 eth0: Intel(R) PRO/1000 Network Connection
[    3.810159] e1000e: Intel(R) PRO/1000 Network Driver
[    3.810165] e1000e: Copyright(c) 1999 - 2015 Intel Corporation.
[    3.810227] igb: Intel(R) Gigabit Ethernet Network Driver
[    3.810233] igb: Copyright (c) 2007-2014 Intel Corporation.
[    3.810314] PPP generic driver version 2.4.2
[    3.811967] VFIO - User Level meta-driver version: 0.3
[    3.812017] ehci_hcd: USB 2.0 'Enhanced' Host Controller (EHCI) Driver
[    3.812031] ehci-pci: EHCI PCI platform driver
[    3.812060] ehci-platform: EHCI generic platform driver
[    3.812086] ohci_hcd: USB 1.1 'Open' Host Controller (OHCI) Driver
[    3.812095] ohci-pci: OHCI PCI platform driver
[    3.812119] ohci-platform: OHCI generic platform driver
[    3.812135] uhci_hcd: USB Universal Host Controller Interface driver
[    3.812359] usbcore: registered new interface driver uas
[    3.812385] usbcore: registered new interface driver usb-storage
[    3.812487] i8042: PNP: PS/2 Controller [PNP0303:KBD,PNP0f13:MOU] at 0x60,0x64 irq 1,12
[    3.814260] serio: i8042 KBD port at 0x60,0x64 irq 1
[    3.814279] serio: i8042 AUX port at 0x60,0x64 irq 12
[    3.815735] mousedev: PS/2 mouse device common for all mice
[    3.817243] input: AT Translated Set 2 keyboard as /devices/platform/i8042/serio0/input/input1
[    3.818443] rtc_cmos 00:05: RTC can wake from S4
[    3.819443] rtc_cmos 00:05: registered as rtc0
[    3.819514] rtc_cmos 00:05: setting system clock to 2022-12-08T07:09:42 UTC (1670483382)
[    3.819638] rtc_cmos 00:05: alarms up to one day, y3k, 242 bytes nvram, hpet irqs
[    3.819665] i2c_dev: i2c /dev entries driver
[    3.820111] device-mapper: core: CONFIG_IMA_DISABLE_HTABLE is disabled. Duplicate IMA measurements will not be recorded in the IMA log.
[    3.820202] device-mapper: uevent: version 1.0.3
[    3.820332] device-mapper: ioctl: 4.46.0-ioctl (2022-02-22) initialised: dm-devel@redhat.com
[    3.820346] intel_pstate: CPU model not supported
[    3.820409] sdhci: Secure Digital Host Controller Interface driver
[    3.820414] sdhci: Copyright(c) Pierre Ossman
[    3.820475] sdhci-pltfm: SDHCI platform and OF driver helper
[    3.821114] input: VirtualPS/2 VMware VMMouse as /devices/platform/i8042/serio1/input/input4
[    3.821261] ledtrig-cpu: registered to indicate activity on CPUs
[    3.821472] drop_monitor: Initializing network drop monitor service
[    3.821921] NET: Registered PF_INET6 protocol family
[    3.823888] input: VirtualPS/2 VMware VMMouse as /devices/platform/i8042/serio1/input/input3
[    3.825748] Segment Routing with IPv6
[    3.825788] In-situ OAM (IOAM) with IPv6
[    3.825826] NET: Registered PF_PACKET protocol family
[    3.825973] 9pnet: Installing 9P2000 support
[    3.826016] Key type dns_resolver registered
[    3.827027] IPI shorthand broadcast: enabled
[    3.827064] sched_clock: Marking stable (3816928677, 9721365)->(3850874415, -24224373)
[    3.829899] registered taskstats version 1
[    3.830910] Loading compiled-in X.509 certificates
[    3.831066] zswap: loaded using pool lzo/zbud
[    3.834090] Key type ._fscrypt registered
[    3.834094] Key type .fscrypt registered
[    3.834097] Key type fscrypt-provisioning registered
[    3.849509] Key type encrypted registered
[    3.849546] ima: No TPM chip found, activating TPM-bypass!
[    3.849584] ima: Allocated hash algorithm: sha1
[    3.849621] ima: No architecture policies found
[    3.849653] evm: Initialising EVM extended attributes:
[    3.849656] evm: security.selinux
[    3.849660] evm: security.SMACK64
[    3.849664] evm: security.SMACK64EXEC
[    3.849668] evm: security.SMACK64TRANSMUTE
[    3.849672] evm: security.SMACK64MMAP
[    3.849676] evm: security.apparmor
[    3.849680] evm: security.ima
[    3.849683] evm: security.capability
[    3.849687] evm: HMAC attrs: 0x1
[    3.854991] PM:   Magic number: 2:993:166
[    3.855369] RAS: Correctable Errors collector initialized.
[    3.858108] md: Waiting for all devices to be available before autodetect
[    3.858111] md: If you don't use raid, use raid=noautodetect
[    3.858117] md: Autodetecting RAID arrays.
[    3.858121] md: autorun ...
[    3.858123] md: ... autorun DONE.
[    3.874137] EXT4-fs (sda): INFO: recovery required on readonly filesystem
[    3.874147] EXT4-fs (sda): write access will be enabled during recovery
[    3.994124] EXT4-fs (sda): recovery complete
[    3.999676] EXT4-fs (sda): mounted filesystem with ordered data mode. Quota mode: none.
[    3.999748] VFS: Mounted root (ext4 filesystem) readonly on device 8:0.
[    4.000817] devtmpfs: mounted
[    4.007251] Freeing unused decrypted memory: 2036K
[    4.009868] Freeing unused kernel image (initmem) memory: 3260K
[    4.009885] Write protecting the kernel read-only data: 40960k
[    4.014487] Freeing unused kernel image (text/rodata gap) memory: 2032K
[    4.015183] Freeing unused kernel image (rodata/data gap) memory: 396K
[    4.120545] x86/mm: Checked W+X mappings: passed, no W+X pages found.
[    4.120579] Run /sbin/init as init process
[    4.324969] systemd[1]: RTC configured in localtime, applying delta of 0 minutes to system time.
[    4.362504] systemd[1]: systemd 239 (239-49.el8) running in system mode. (+PAM +AUDIT +SELINUX +IMA -APPARMOR +SMACK +SYSVINIT +UTMP +LIBCRYPTSETUP +GCRYPT +GNUTLS +ACL +XZ +LZ4 +SECCOMP +BLKID +ELFUTILS +KMOD +IDN2 -IDN +PCRE2 default-hierarchy=legacy)
[    4.362616] systemd[1]: Detected virtualization kvm.
[    4.362628] systemd[1]: Detected architecture x86-64.

Welcome to [0;31mCentOS Stream 8[0m!

[    4.385114] systemd[1]: Set hostname to <test>.
[    6.222381] random: crng init done
[[0;32m  OK  [0m] Listening on Process Core Dump Socket.
[    6.404705] systemd[1]: Listening on Process Core Dump Socket.
[    6.406890] systemd[1]: Created slice system-sshd\x2dkeygen.slice.
[[0;32m  OK  [0m] Created slice system-sshd\x2dkeygen.slice.
[[0;32m  OK  [0m] Listening on LVM2 poll daemon socket.
[[0;32m  OK  [0m] Created slice User and Session Slice.
[[0;32m  OK  [0m] Listening on Device-mapper event daemon FIFOs.
[[0;32m  OK  [0m] Listening on initctl Compatibility Named Pipe.
[[0;32m  OK  [0m] Listening on[    6.408022] systemd[1]: Listening on LVM2 poll daemon socket.
 multipathd cont[    6.408886] systemd[1]: Created slice User and Session Slice.
rol socket.[    6.409383] systemd[1]: Listening on Device-mapper event daemon FIFOs.
[    6.409878] systemd[1]: Listening on initctl Compatibility Named Pipe.

[[0;32m  OK  [0m] Reached target Slices.
[[0;32m  OK  [0m] Started Forward Password Requests to Wall Directory Watch.
[[0;32m  OK  [0m] Created slice system-serial\x2dgetty.slice.
[[0;32m  OK  [0m] Set up automount Arbitrary Executabâ€¦rmats File System Automount Point.
[[0;32m  OK  [0m] Listening on udev Kernel Socket.
[[0;32m  OK  [0m] Listening on Journal Socket (/dev/log).
[[0;32m  OK  [0m] Listening on Journal Socket.
         Mounting Huge Pages File System...
         Starting Setup Virtual Console...
         Starting Journal Service...
         Starting Remount Root and Kernel File Systems...
         Starting Monitoring of LVM2 mirrorsâ€¦ng dmeventd or progress polling...
         Starting Load Kernel Modules...
         Mounting Kernel Debug File System...
[[0;32m  OK  [0m] Created slice system-getty.slice.
         Mounting POSIX Message Queue File System...
[[0;32m  OK  [0m] Listening on RPCbind Server Activation Socket.
[[0;32m  OK  [0m] Reached target RPC Port Mapper.
[[0;32m  OK  [0m] Listening on udev Control Socket.
         Starting udev Coldplug all Devices...
[[0;32m  OK  [0m] Reached target Swap.
[[0;32m  OK  [0m] Started Journal Service.
[[0;32m  OK  [[    6.578149] EXT4-fs (sda): re-mounted. Quota mode: none.
0m] Mounted Huge Pages File System.
[[0;32m  OK  [0m] Started Remount Root and Kernel File Systems.
[[0;32m  OK  [0m] Started Monitoring of LVM2 mirrors,â€¦sing dmeventd or progress polling.
[[0;1;31mFAILED[0m] Failed to start Load Kernel Modules.
See 'systemctl status systemd-modules-load.service' for details.
[[0;32m  OK  [0m] Mounted Kernel Debug File System.
[[0;32m  OK  [0m] Mounted POSIX Message Queue File System.
         Mounting FUSE Control File System...
         Mounting Kernel Configuration File System...
         Starting Apply Kernel Variables...
         Starting Load/Save Random Seed...
         Starting Create Static Device Nodes in /dev...
         Starting Flush Journal to Persistent Storage...
[[0;32m  OK  [0m] Mounted FUSE Control File System.
[[0;32m  OK  [0m] Mounted Kernel Configuration File System.
[[0;32m  OK  [0m] Started Apply Kernel Variables.
[[0;32m  OK  [0m] Started Load/Save Random Seed.
[[0;32m  OK  [0m] Started Create Static Device Nodes in /dev.
         Starting udev Kernel Device Manager...
[[0;32m  OK  [0m] Started Flush Journal to Persistent Storage.
[[0;32m  OK  [0m] Started Setup Virtual Console.
[[0;32m  OK  [0m] Started udev Coldplug all Devices.
         Starting udev Wait for Complete Device Initialization...
[[0;32m  OK  [0m] Started udev Kernel Device Manager.
         Starting Show Plymouth Boot Screen...
[[0;32m  OK  [0m] Started Show Plymouth Boot Screen.
[[0;32m  OK  [0m] Started Forward Password Requests to Plymouth Directory Watch.
[[0;32m  OK  [0m] Reached target Local Encrypted Volumes.
[[0;32m  OK  [0m] Reached target Paths.
[[0;32m  OK  [0m] Found device /dev/ttyS0.
[[0;32m  OK  [0m] Listening on Load/Save RF Kill Switch Status /dev/rfkill Watch.
[[0;32m  OK  [0m] Started udev Wait for Complete Device Initialization.
[[0;32m  OK  [0m] Reached target Local File Systems (Pre).
[[0;32m  OK  [0m] Reached target Local File Systems.
         Starting Restore /run/initramfs on shutdown...
         Starting Create Volatile Files and Directories...
         Starting Tell Plymouth To Write Out Runtime Data...
[[0;32m  OK  [0m] Started Restore /run/initramfs on shutdown.
[[0;32m  OK  [0m] Started Tell Plymouth To Write Out Runtime Data.
[[0;32m  OK  [0m] Started Create Volatile Files and Directories.
         Starting Security Auditing Service...
         Mounting RPC Pipe File System...
         Starting RPC Bind...
[[0;32m  OK  [0m] Mounted RPC Pipe File System.
[[0;32m  OK  [0m] Reached target rpc_pipefs.target.
[[0;32m  OK  [0m] Started RPC Bind.
[[0;32m  OK  [0m] Started Security Auditing Service.
         Starting Update UTMP about System Boot/Shutdown...
[[0;32m  OK  [0m] Started Update UTMP about System Boot/Shutdown.
[[0;32m  OK  [0m] Reached target System Initialization.
[[0;32m  OK  [0m] Listening on D-Bus System Message Bus Socket.
[[0;32m  OK  [0m] Started daily update of the root trust anchor for DNSSEC.
[[0;32m  OK  [0m] Started Daily Cleanup of Temporary Directories.
[[0;32m  OK  [0m] Listening on SSSD Kerberos Cache Manager responder socket.
[[0;32m  OK  [0m] Reached target Sockets.
[[0;32m  OK  [0m] Reached target Basic System.
         Starting Self Monitoring and Reporting Technology (SMART) Daemon...
         Starting Login Service...
         Starting NTP client/server...
[[0;32m  OK  [0m] Reached target sshd-keygen.target.
         Starting Authorization Manager...
[[0;32m  OK  [0m] Started D-Bus System Message Bus.
         Starting Network Manager...
[[0;32m  OK  [0m] Started dnf makecache --timer.
[[0;32m  OK  [0m] Reached target Timers.
[[0;32m  OK  [0m] Started irqbalance daemon.
[[0;32m  OK  [0m] Started Machine Check Exception Logging Daemon.
         Starting Auto-connect to subsystemsâ€¦-NVME devices found during boot...
         Starting update of the root trust aâ€¦or DNSSEC validation in unbound...
[[0;32m  OK  [0m] Started Auto-connect to subsystems â€¦FC-NVME devices found during boot.
[[0;32m  OK  [0m] Started Self Monitoring and Reporting Technology (SMART) Daemon.
[[0;32m  OK  [0m] Started Login Service.
[[0;32m  OK  [0m] Started NTP client/server.
[[0;32m  OK  [0m] Started update of the root trust anâ€¦ for DNSSEC validation in unbound.
[[0;32m  OK  [0m] Started Network Manager.
[[0;32m  OK  [0m] Reached target Network.
         Starting OpenSSH server daemon...
         Starting Dynamic System Tuning Daemon...
         Starting GSSAPI Proxy Daemon...
         Starting Network Manager Wait Online...
         Starting Hostname Service...
[[0;32m  OK  [0m] Started OpenSSH server daemon.
[[0;32m  OK  [0m] Started Authorization Manager.
[[0;32m  OK  [0m] Started GSSAPI Proxy Daemon.
[[0;32m  OK  [0m] Reached target NFS client services.
[[0;32m  OK  [0m] Reached target Remote File Systems (Pre).
[[0;32m  OK  [0m] Reached target Remote File Systems.
         Starting Permit User Sessions...
[[0;32m  OK  [0m] Started Permit User Sessions.
         Starting Hold until boot process finishes up...
[[0;32m  OK  [0m] Started Command Scheduler.
         Starting Terminate Plymouth Boot Screen...
[    7.974413] e1000: eth0 NIC Link is Up 1000 Mbps Full Duplex, Flow Control: RX
[    7.974789] IPv6: ADDRCONF(NETDEV_CHANGE): eth0: link becomes ready
[    8.331162] Spectre V2 : WARNING: Unprivileged eBPF is enabled with eIBRS on, data leaks possible via Spectre v2 BHB attacks!
[    8.331176] Spectre V2 : WARNING: Unprivileged eBPF is enabled with eIBRS on, data leaks possible via Spectre v2 BHB attacks!

CentOS Stream 8
Kernel 5.18.0-bf9095424d02+ on an x86_64

test login: [   30.656305] ------------[ cut here ]------------
[   30.656314] WARNING: CPU: 1 PID: 562 at mm/memory.c:874 copy_page_range+0x1858/0x2960
[   30.657397] Modules linked in:
[   30.657664] CPU: 1 PID: 562 Comm: repro Not tainted 5.18.0-bf9095424d02+ #1
[   30.658264] Hardware name: QEMU Standard PC (i440FX + PIIX, 1996), BIOS rel-1.14.0-0-g155821a1990b-prebuilt.qemu.org 04/01/2014
[   30.659258] RIP: 0010:copy_page_range+0x1858/0x2960
[   30.659772] Code: 5a e2 ff 41 83 fc 1f 0f 85 b1 fe ff ff e8 c0 59 e2 ff 31 ff 4c 89 ee e8 e6 5a e2 ff 4d 85 ed 0f 85 b6 fe ff ff e8 a8 59 e2 ff <0f> 0b e9 aa fe ff ff e8 9c 59 e2 ff 4c 8b 2d c5 ed 2b 02 49 81 e5
[   30.661339] RSP: 0018:ffffc90000cbbb08 EFLAGS: 00010246
[   30.661788] RAX: 0000000000000000 RBX: fffffffffffffc00 RCX: ffffffff814120ba
[   30.662415] RDX: 0000000000000000 RSI: ffff88800552b300 RDI: 0000000000000002
[   30.663064] RBP: ffffc90000cbbcb0 R08: 0000000000000040 R09: 0000000000000000
[   30.663657] R10: 0000000000000001 R11: ffffea0000455b00 R12: 000000000000001f
[   30.664257] R13: 0000000000000000 R14: 0000000000000004 R15: 0000000000000000
[   30.664853] FS:  00007f29e813f740(0000) GS:ffff88807dd00000(0000) knlGS:0000000000000000
[   30.665527] CS:  0010 DS: 0000 ES: 0000 CR0: 0000000080050033
[   30.666012] CR2: 00000000200000c0 CR3: 00000000095d0004 CR4: 0000000000770ee0
[   30.666656] DR0: 0000000000000000 DR1: 0000000000000000 DR2: 0000000000000000
[   30.667334] DR3: 0000000000000000 DR6: 00000000ffff07f0 DR7: 0000000000000400
[   30.667931] PKRU: 55555554
[   30.668172] Call Trace:
[   30.668393]  <TASK>
[   30.668589]  dup_mm+0x689/0x900
[   30.668878]  copy_process+0x1abb/0x23c0
[   30.669212]  ? mcopy_continue+0x517/0x1030
[   30.669577]  kernel_clone+0x90/0x670
[   30.669887]  ? userfaultfd_ioctl+0xd2/0x23c0
[   30.670259]  ? write_comp_data+0x2f/0x90
[   30.670624]  __do_sys_clone+0x90/0xc0
[   30.671033]  __x64_sys_clone+0x2f/0x40
[   30.671403]  do_syscall_64+0x3b/0x90
[   30.671721]  entry_SYSCALL_64_after_hwframe+0x46/0xb0
[   30.672163] RIP: 0033:0x7f29e826459d
[   30.672476] Code: 00 c3 66 2e 0f 1f 84 00 00 00 00 00 90 f3 0f 1e fa 48 89 f8 48 89 f7 48 89 d6 48 89 ca 4d 89 c2 4d 89 c8 4c 8b 4c 24 08 0f 05 <48> 3d 01 f0 ff ff 73 01 c3 48 8b 0d d3 08 0d 00 f7 d8 64 89 01 48
[   30.674005] RSP: 002b:00007fffc20130c8 EFLAGS: 00000202 ORIG_RAX: 0000000000000038
[   30.674656] RAX: ffffffffffffffda RBX: 0000000000000000 RCX: 00007f29e826459d
[   30.675319] RDX: 0000000000000000 RSI: 0000000000000000 RDI: 0000000000001000
[   30.675912] RBP: 00007fffc2013110 R08: 0000000000000000 R09: 0000000000000000
[   30.676510] R10: 0000000000000000 R11: 0000000000000202 R12: 0000000000401060
[   30.677104] R13: 00007fffc2013210 R14: 0000000000000000 R15: 0000000000000000
[   30.677700]  </TASK>
[   30.677894] ---[ end trace 0000000000000000 ]---
