c[?7l[2J[0mSeaBIOS (version rel-1.16.0-0-gd239552ce722-prebuilt.qemu.org)


iPXE (http://ipxe.org) 00:03.0 CA00 PCI2.10 PnP PMM+7FF91000+7FEF1000 CA00
Press Ctrl-B to configure iPXE (PCI 00:03.0)...                                                                               


Booting from ROM...
c[?7l[2J[    0.000000] Linux version 6.3.0-rc1-134231664868+ (root@p-rpls01) (gcc (GCC) 8.5.0 20210514 (Red Hat 8.5.0-18), GNU ld version 2.36.1-2.el8) #1 SMP PREEMPT_DYNAMIC Mon Mar 20 03:21:02 CST 2023
[    0.000000] Command line: console=ttyS0 root=/dev/sda earlyprintk=serial net.ifnames=0
[    0.000000] KERNEL supported cpus:
[    0.000000]   Intel GenuineIntel
[    0.000000]   AMD AuthenticAMD
[    0.000000]   Hygon HygonGenuine
[    0.000000]   Centaur CentaurHauls
[    0.000000]   zhaoxin   Shanghai  
[    0.000000] x86/fpu: Supporting XSAVE feature 0x001: 'x87 floating point registers'
[    0.000000] x86/fpu: Supporting XSAVE feature 0x002: 'SSE registers'
[    0.000000] x86/fpu: Supporting XSAVE feature 0x004: 'AVX registers'
[    0.000000] x86/fpu: Supporting XSAVE feature 0x200: 'Protection Keys User registers'
[    0.000000] x86/fpu: xstate_offset[2]:  576, xstate_sizes[2]:  256
[    0.000000] x86/fpu: xstate_offset[9]:  832, xstate_sizes[9]:    8
[    0.000000] x86/fpu: Enabled xstate features 0x207, context size is 840 bytes, using 'compacted' format.
[    0.000000] signal: max sigframe size: 3632
[    0.000000] BIOS-provided physical RAM map:
[    0.000000] BIOS-e820: [mem 0x0000000000000000-0x000000000009fbff] usable
[    0.000000] BIOS-e820: [mem 0x000000000009fc00-0x000000000009ffff] reserved
[    0.000000] BIOS-e820: [mem 0x00000000000f0000-0x00000000000fffff] reserved
[    0.000000] BIOS-e820: [mem 0x0000000000100000-0x000000007ffdffff] usable
[    0.000000] BIOS-e820: [mem 0x000000007ffe0000-0x000000007fffffff] reserved
[    0.000000] BIOS-e820: [mem 0x00000000feffc000-0x00000000feffffff] reserved
[    0.000000] BIOS-e820: [mem 0x00000000fffc0000-0x00000000ffffffff] reserved
[    0.000000] printk: bootconsole [earlyser0] enabled
[    0.000000] NX (Execute Disable) protection: active
[    0.000000] SMBIOS 2.8 present.
[    0.000000] DMI: QEMU Standard PC (i440FX + PIIX, 1996), BIOS rel-1.16.0-0-gd239552ce722-prebuilt.qemu.org 04/01/2014
[    0.000000] Hypervisor detected: KVM
[    0.000000] kvm-clock: Using msrs 4b564d01 and 4b564d00
[    0.000006] kvm-clock: using sched offset of 953027160 cycles
[    0.001497] clocksource: kvm-clock: mask: 0xffffffffffffffff max_cycles: 0x1cd42e4dffb, max_idle_ns: 881590591483 ns
[    0.004000] tsc: Detected 806.400 MHz processor
[    0.004000] last_pfn = 0x7ffe0 max_arch_pfn = 0x400000000
[    0.004000] x86/PAT: Configuration [0-7]: WB  WC  UC- UC  WB  WP  UC- WT  
[    0.004000] found SMP MP-table at [mem 0x000f5ba0-0x000f5baf]
[    0.004000] Using GB pages for direct mapping
[    0.004000] ACPI: Early table checksum verification disabled
[    0.004000] ACPI: RSDP 0x00000000000F59C0 000014 (v00 BOCHS )
[    0.004000] ACPI: RSDT 0x000000007FFE1951 000034 (v01 BOCHS  BXPC     00000001 BXPC 00000001)
[    0.004000] ACPI: FACP 0x000000007FFE17FD 000074 (v01 BOCHS  BXPC     00000001 BXPC 00000001)
[    0.004000] ACPI: DSDT 0x000000007FFE0040 0017BD (v01 BOCHS  BXPC     00000001 BXPC 00000001)
[    0.004000] ACPI: FACS 0x000000007FFE0000 000040
[    0.004000] ACPI: APIC 0x000000007FFE1871 000080 (v01 BOCHS  BXPC     00000001 BXPC 00000001)
[    0.004000] ACPI: HPET 0x000000007FFE18F1 000038 (v01 BOCHS  BXPC     00000001 BXPC 00000001)
[    0.004000] ACPI: WAET 0x000000007FFE1929 000028 (v01 BOCHS  BXPC     00000001 BXPC 00000001)
[    0.004000] ACPI: Reserving FACP table memory at [mem 0x7ffe17fd-0x7ffe1870]
[    0.004000] ACPI: Reserving DSDT table memory at [mem 0x7ffe0040-0x7ffe17fc]
[    0.004000] ACPI: Reserving FACS table memory at [mem 0x7ffe0000-0x7ffe003f]
[    0.004000] ACPI: Reserving APIC table memory at [mem 0x7ffe1871-0x7ffe18f0]
[    0.004000] ACPI: Reserving HPET table memory at [mem 0x7ffe18f1-0x7ffe1928]
[    0.004000] ACPI: Reserving WAET table memory at [mem 0x7ffe1929-0x7ffe1950]
[    0.004000] No NUMA configuration found
[    0.004000] Faking a node at [mem 0x0000000000000000-0x000000007ffdffff]
[    0.004000] NODE_DATA(0) allocated [mem 0x7ffb5000-0x7ffdffff]
[    0.004000] Zone ranges:
[    0.004000]   DMA      [mem 0x0000000000001000-0x0000000000ffffff]
[    0.004000]   DMA32    [mem 0x0000000001000000-0x000000007ffdffff]
[    0.004000]   Normal   empty
[    0.004000]   Device   empty
[    0.004000] Movable zone start for each node
[    0.004000] Early memory node ranges
[    0.004000]   node   0: [mem 0x0000000000001000-0x000000000009efff]
[    0.004000]   node   0: [mem 0x0000000000100000-0x000000007ffdffff]
[    0.004000] Initmem setup node 0 [mem 0x0000000000001000-0x000000007ffdffff]
[    0.004000] On node 0, zone DMA: 1 pages in unavailable ranges
[    0.004000] On node 0, zone DMA: 97 pages in unavailable ranges
[    0.004000] On node 0, zone DMA32: 32 pages in unavailable ranges
[    0.004000] ACPI: PM-Timer IO Port: 0x608
[    0.004000] ACPI: LAPIC_NMI (acpi_id[0xff] dfl dfl lint[0x1])
[    0.004000] IOAPIC[0]: apic_id 0, version 17, address 0xfec00000, GSI 0-23
[    0.004000] ACPI: INT_SRC_OVR (bus 0 bus_irq 0 global_irq 2 dfl dfl)
[    0.004000] ACPI: INT_SRC_OVR (bus 0 bus_irq 5 global_irq 5 high level)
[    0.004000] ACPI: INT_SRC_OVR (bus 0 bus_irq 9 global_irq 9 high level)
[    0.004000] ACPI: INT_SRC_OVR (bus 0 bus_irq 10 global_irq 10 high level)
[    0.004000] ACPI: INT_SRC_OVR (bus 0 bus_irq 11 global_irq 11 high level)
[    0.004000] ACPI: Using ACPI (MADT) for SMP configuration information
[    0.004000] ACPI: HPET id: 0x8086a201 base: 0xfed00000
[    0.004000] TSC deadline timer available
[    0.004000] smpboot: Allowing 2 CPUs, 0 hotplug CPUs
[    0.004000] kvm-guest: KVM setup pv remote TLB flush
[    0.004000] kvm-guest: setup PV sched yield
[    0.004000] PM: hibernation: Registered nosave memory: [mem 0x00000000-0x00000fff]
[    0.004000] PM: hibernation: Registered nosave memory: [mem 0x0009f000-0x0009ffff]
[    0.004000] PM: hibernation: Registered nosave memory: [mem 0x000a0000-0x000effff]
[    0.004000] PM: hibernation: Registered nosave memory: [mem 0x000f0000-0x000fffff]
[    0.004000] [mem 0x80000000-0xfeffbfff] available for PCI devices
[    0.004000] Booting paravirtualized kernel on KVM
[    0.004000] clocksource: refined-jiffies: mask: 0xffffffff max_cycles: 0xffffffff, max_idle_ns: 7645519600211568 ns
[    0.004000] setup_percpu: NR_CPUS:8192 nr_cpumask_bits:2 nr_cpu_ids:2 nr_node_ids:1
[    0.004000] percpu: Embedded 65 pages/cpu s229376 r8192 d28672 u1048576
[    0.004000] kvm-guest: PV spinlocks enabled
[    0.004000] PV qspinlock hash table entries: 256 (order: 0, 4096 bytes, linear)
[    0.004000] Fallback order for Node 0: 0 
[    0.004000] Built 1 zonelists, mobility grouping on.  Total pages: 515808
[    0.004000] Policy zone: DMA32
[    0.004000] Kernel command line: net.ifnames=0 console=ttyS0 root=/dev/sda earlyprintk=serial net.ifnames=0
[    0.004000] random: crng init done
[    0.004000] Dentry cache hash table entries: 262144 (order: 9, 2097152 bytes, linear)
[    0.004000] Inode-cache hash table entries: 131072 (order: 8, 1048576 bytes, linear)
[    0.004000] mem auto-init: stack:off, heap alloc:off, heap free:off
[    0.004000] Memory: 1964888K/2096632K available (36864K kernel code, 4578K rwdata, 9848K rodata, 10508K init, 31780K bss, 131488K reserved, 0K cma-reserved)
[    0.004000] SLUB: HWalign=64, Order=0-3, MinObjects=0, CPUs=2, Nodes=1
[    0.004000] kmemleak: Kernel memory leak detector disabled
[    0.004000] ftrace: allocating 68737 entries in 269 pages
[    0.004000] ftrace: allocated 269 pages with 4 groups
[    0.004000] Dynamic Preempt: voluntary
[    0.004000] Running RCU self tests
[    0.004000] Running RCU synchronous self tests
[    0.004000] rcu: Preemptible hierarchical RCU implementation.
[    0.004000] rcu: 	RCU lockdep checking is enabled.
[    0.004000] rcu: 	RCU restricting CPUs from NR_CPUS=8192 to nr_cpu_ids=2.
[    0.004000] 	Trampoline variant of Tasks RCU enabled.
[    0.004000] 	Rude variant of Tasks RCU enabled.
[    0.004000] 	Tracing variant of Tasks RCU enabled.
[    0.004000] rcu: RCU calculated value of scheduler-enlistment delay is 25 jiffies.
[    0.004000] rcu: Adjusting geometry for rcu_fanout_leaf=16, nr_cpu_ids=2
[    0.004000] Running RCU synchronous self tests
[    0.004000] NR_IRQS: 524544, nr_irqs: 440, preallocated irqs: 16
[    0.004000] rcu: srcu_init: Setting srcu_struct sizes based on contention.
[    0.004000] Console: colour VGA+ 80x25
[    0.004000] printk: console [ttyS0] enabled
[    0.004000] printk: console [ttyS0] enabled
[    0.004000] printk: bootconsole [earlyser0] disabled
[    0.004000] printk: bootconsole [earlyser0] disabled
[    0.004000] Lock dependency validator: Copyright (c) 2006 Red Hat, Inc., Ingo Molnar
[    0.004000] ... MAX_LOCKDEP_SUBCLASSES:  8
[    0.004000] ... MAX_LOCK_DEPTH:          48
[    0.004000] ... MAX_LOCKDEP_KEYS:        8192
[    0.004000] ... CLASSHASH_SIZE:          4096
[    0.004000] ... MAX_LOCKDEP_ENTRIES:     32768
[    0.004000] ... MAX_LOCKDEP_CHAINS:      65536
[    0.004000] ... CHAINHASH_SIZE:          32768
[    0.004000]  memory used by lock dependency info: 6365 kB
[    0.004000]  memory used for stack traces: 4224 kB
[    0.004000]  per task-struct memory footprint: 1920 bytes
[    0.004000] ACPI: Core revision 20221020
[    0.004000] clocksource: hpet: mask: 0xffffffff max_cycles: 0xffffffff, max_idle_ns: 19112604467 ns
[    0.004000] APIC: Switch to symmetric I/O mode setup
[    0.004000] x2apic enabled
[    0.004000] Switched APIC routing to physical x2apic.
[    0.004000] kvm-guest: setup PV IPIs
[    0.004000] ..TIMER: vector=0x30 apic1=0 pin1=2 apic2=-1 pin2=-1
[    0.004000] clocksource: tsc-early: mask: 0xffffffffffffffff max_cycles: 0xb9fb05486c, max_idle_ns: 440795231721 ns
[    0.498419] Calibrating delay loop (skipped) preset value.. 1612.80 BogoMIPS (lpj=3225600)
[    0.502397] pid_max: default: 32768 minimum: 301
[    0.503847] LSM: initializing lsm=capability,yama,integrity
[    0.506399] Yama: becoming mindful.
[    0.507764] Mount-cache hash table entries: 4096 (order: 3, 32768 bytes, linear)
[    0.510464] Mountpoint-cache hash table entries: 4096 (order: 3, 32768 bytes, linear)
[    0.515652] CPU0: Thermal monitoring enabled (TM1)
[    0.518631] x86/cpu: User Mode Instruction Prevention (UMIP) activated
[    0.523874] Last level iTLB entries: 4KB 0, 2MB 0, 4MB 0
[    0.526501] Last level dTLB entries: 4KB 0, 2MB 0, 4MB 0, 1GB 0
[    0.528314] Spectre V1 : Mitigation: usercopy/swapgs barriers and __user pointer sanitization
[    0.530399] Spectre V2 : WARNING: Unprivileged eBPF is enabled with eIBRS on, data leaks possible via Spectre v2 BHB attacks!
[    0.534407] Spectre V2 : Mitigation: Enhanced / Automatic IBRS
[    0.536034] Spectre V2 : Spectre v2 / SpectreRSB mitigation: Filling RSB on context switch
[    0.538397] Spectre V2 : Spectre v2 / PBRSB-eIBRS: Retire a single CALL on VMEXIT
[    0.540484] Spectre V2 : mitigation: Enabling conditional Indirect Branch Prediction Barrier
[    0.542397] Speculative Store Bypass: Mitigation: Speculative Store Bypass disabled via prctl
[    0.544759] MMIO Stale Data: Unknown: No mitigations
[    0.705663] Freeing SMP alternatives memory: 56K
[    0.706479] Running RCU synchronous self tests
[    0.707712] Running RCU synchronous self tests
[    0.710744] smpboot: CPU0: Genuine Intel(R) 0000 (family: 0x6, model: 0xb7, stepping: 0x0)
[    0.714194] cblist_init_generic: Setting adjustable number of callback queues.
[    0.714406] cblist_init_generic: Setting shift to 1 and lim to 1.
[    0.716210] cblist_init_generic: Setting shift to 1 and lim to 1.
[    0.717994] cblist_init_generic: Setting shift to 1 and lim to 1.
[    0.718529] Running RCU-tasks wait API self tests
[    0.822762] Performance Events: Alderlake Hybrid events, full-width counters, Intel PMU driver.
[    0.826311] core: cpu_core PMU driver: 
[    0.826412] ... version:                2
[    0.827510] ... bit width:              48
[    0.828634] ... generic registers:      6
[    0.829753] ... value mask:             0000ffffffffffff
[    0.830409] ... max period:             00007fffffffffff
[    0.831883] ... fixed-purpose events:   3
[    0.832991] ... event mask:             0001000f0000003f
[    0.835058] rcu: Hierarchical SRCU implementation.
[    0.836476] rcu: 	Max phase no-delay instances is 1000.
[    0.840325] unchecked MSR access error: WRMSR to 0x38f (tried to write 0x0001000f0000003f) at rIP: 0xffffffff810e0c2c (native_write_msr+0xc/0x30)
[    0.842393] Call Trace:
[    0.842393]  <TASK>
[    0.842393]  __intel_pmu_enable_all.constprop.49+0xb5/0x140
[    0.842393]  intel_pmu_enable_all+0x1e/0x30
[    0.842393]  x86_pmu_enable+0x46d/0x5a0
[    0.842393]  ? write_comp_data+0x2f/0x90
[    0.842393]  perf_pmu_enable+0x53/0x70
[    0.842393]  ctx_resched+0x14d/0x1e0
[    0.842393]  __perf_install_in_context+0x2f7/0x470
[    0.842393]  ? lock_is_held_type+0xe6/0x140
[    0.842393]  ? __pfx_remote_function+0x10/0x10
[    0.842393]  remote_function+0x80/0xa0
[    0.842393]  ? __pfx_remote_function+0x10/0x10
[    0.842393]  generic_exec_single+0x124/0x190
[    0.842393]  smp_call_function_single+0x11c/0x240
[    0.842393]  ? __pfx_remote_function+0x10/0x10
[    0.842393]  ? __sanitizer_cov_trace_pc+0x25/0x60
[    0.842393]  ? write_comp_data+0x2f/0x90
[    0.842393]  perf_install_in_context+0x2d8/0x300
[    0.842393]  ? __pfx___perf_install_in_context+0x10/0x10
[    0.842393]  perf_event_create_kernel_counter+0x284/0x2b0
[    0.842393]  ? __pfx_watchdog_overflow_callback+0x10/0x10
[    0.842393]  hardlockup_detector_event_create+0x46/0xd0
[    0.842393]  hardlockup_detector_perf_init+0x18/0x80
[    0.842393]  watchdog_nmi_probe+0x17/0x20
[    0.842393]  lockup_detector_init+0x40/0xb0
[    0.842393]  kernel_init_freeable+0x37e/0x8c0
[    0.842393]  ? __pfx_kernel_init+0x10/0x10
[    0.842393]  kernel_init+0x24/0x1e0
[    0.842393]  ? __pfx_kernel_init+0x10/0x10
[    0.842393]  ret_from_fork+0x29/0x50
[    0.842393]  </TASK>
[    0.842492] Callback from call_rcu_tasks_trace() invoked.
[    0.844625] smp: Bringing up secondary CPUs ...
[    0.848890] x86: Booting SMP configuration:
[    0.850172] .... node  #0, CPUs:      #1
[    0.851148] smp: Brought up 1 node, 2 CPUs
[    0.854442] smpboot: Max logical packages: 1
[    0.855615] smpboot: Total of 2 processors activated (3225.60 BogoMIPS)
[    0.874472] devtmpfs: initialized
[    0.875160] x86/mm: Memory block size: 128MB
[    0.879918] Running RCU synchronous self tests
[    0.882433] Running RCU synchronous self tests
[    0.883742] clocksource: jiffies: mask: 0xffffffff max_cycles: 0xffffffff, max_idle_ns: 7645041785100000 ns
[    0.886422] futex hash table entries: 512 (order: 4, 65536 bytes, linear)
[    0.888853] pinctrl core: initialized pinctrl subsystem
[    0.891290] 
[    0.891759] *************************************************************
[    0.893600] **     NOTICE NOTICE NOTICE NOTICE NOTICE NOTICE NOTICE    **
[    0.894414] **                                                         **
[    0.896256] **  IOMMU DebugFS SUPPORT HAS BEEN ENABLED IN THIS KERNEL  **
[    0.898101] **                                                         **
[    0.898409] ** This means that this kernel is built to expose internal **
[    0.900229] ** IOMMU data structures, which may compromise security on **
[    0.902078] ** your system.                                            **
[    0.902409] **                                                         **
[    0.904249] ** If you see this message and you are not debugging the   **
[    0.906071] ** kernel, report this immediately to your vendor!         **
[    0.906408] **                                                         **
[    0.908249] **     NOTICE NOTICE NOTICE NOTICE NOTICE NOTICE NOTICE    **
[    0.910077] *************************************************************
[    0.910624] PM: RTC time: 19:21:47, date: 2023-03-19
[    0.920302] NET: Registered PF_NETLINK/PF_ROUTE protocol family
[    0.922949] DMA: preallocated 256 KiB GFP_KERNEL pool for atomic allocations
[    0.924920] DMA: preallocated 256 KiB GFP_KERNEL|GFP_DMA pool for atomic allocations
[    0.926725] DMA: preallocated 256 KiB GFP_KERNEL|GFP_DMA32 pool for atomic allocations
[    0.926816] Callback from call_rcu_tasks_rude() invoked.
[    0.929037] audit: initializing netlink subsys (disabled)
[    0.930549] audit: type=2000 audit(1679253708.730:1): state=initialized audit_enabled=0 res=1
[    0.931961] thermal_sys: Registered thermal governor 'fair_share'
[    0.932957] thermal_sys: Registered thermal governor 'bang_bang'
[    0.934393] thermal_sys: Registered thermal governor 'step_wise'
[    0.934393] thermal_sys: Registered thermal governor 'user_space'
[    0.934616] cpuidle: using governor ladder
[    0.937378] cpuidle: using governor menu
[    0.939037] acpiphp: ACPI Hot Plug PCI Controller Driver version: 0.5
[    0.951146] PCI: Using configuration type 1 for base access
[    0.954117] kprobes: kprobe jump-optimization is enabled. All kprobes are optimized if possible.
[    0.958945] HugeTLB: registered 1.00 GiB page size, pre-allocated 0 pages
[    0.961122] HugeTLB: 16380 KiB vmemmap can be freed for a 1.00 GiB page
[    0.962417] HugeTLB: registered 2.00 MiB page size, pre-allocated 0 pages
[    0.964557] HugeTLB: 28 KiB vmemmap can be freed for a 2.00 MiB page
[    1.268739] Callback from call_rcu_tasks() invoked.
[    1.291904] ACPI: Added _OSI(Module Device)
[    1.292996] ACPI: Added _OSI(Processor Device)
[    1.294057] ACPI: Added _OSI(3.0 _SCP Extensions)
[    1.294414] ACPI: Added _OSI(Processor Aggregator Device)
[    1.307704] ACPI: 1 ACPI AML tables successfully acquired and loaded
[    5.072811] ACPI: Interpreter enabled
[    5.074089] ACPI: PM: (supports S0 S3 S4 S5)
[    5.074416] ACPI: Using IOAPIC for interrupt routing
[    5.075931] PCI: Using host bridge windows from ACPI; if necessary, use "pci=nocrs" and report a bug
[    5.078409] PCI: Using E820 reservations for host bridge windows
[    5.081286] ACPI: Enabled 2 GPEs in block 00 to 0F
[    5.122302] ACPI: PCI Root Bridge [PCI0] (domain 0000 [bus 00-ff])
[    5.126454] acpi PNP0A03:00: _OSC: OS supports [ASPM ClockPM Segments MSI EDR HPX-Type3]
[    5.128466] acpi PNP0A03:00: _OSC: not requesting OS control; OS requires [ExtendedConfig ASPM ClockPM MSI]
[    5.130595] acpi PNP0A03:00: fail to add MMCONFIG information, can't access extended configuration space under this bridge
[    5.139343] acpiphp: Slot [3] registered
[    5.140503] acpiphp: Slot [4] registered
[    5.141671] acpiphp: Slot [5] registered
[    5.142576] acpiphp: Slot [6] registered
[    5.143777] acpiphp: Slot [7] registered
[    5.144946] acpiphp: Slot [8] registered
[    5.146102] acpiphp: Slot [9] registered
[    5.146572] acpiphp: Slot [10] registered
[    5.147744] acpiphp: Slot [11] registered
[    5.148942] acpiphp: Slot [12] registered
[    5.150134] acpiphp: Slot [13] registered
[    5.150576] acpiphp: Slot [14] registered
[    5.151782] acpiphp: Slot [15] registered
[    5.152956] acpiphp: Slot [16] registered
[    5.154119] acpiphp: Slot [17] registered
[    5.154570] acpiphp: Slot [18] registered
[    5.155782] acpiphp: Slot [19] registered
[    5.156951] acpiphp: Slot [20] registered
[    5.158106] acpiphp: Slot [21] registered
[    5.158571] acpiphp: Slot [22] registered
[    5.159729] acpiphp: Slot [23] registered
[    5.160882] acpiphp: Slot [24] registered
[    5.162211] acpiphp: Slot [25] registered
[    5.166658] acpiphp: Slot [26] registered
[    5.168018] acpiphp: Slot [27] registered
[    5.169618] acpiphp: Slot [28] registered
[    5.170532] acpiphp: Slot [29] registered
[    5.172004] acpiphp: Slot [30] registered
[    5.173500] acpiphp: Slot [31] registered
[    5.174487] PCI host bridge to bus 0000:00
[    5.175521] pci_bus 0000:00: root bus resource [io  0x0000-0x0cf7 window]
[    5.177221] pci_bus 0000:00: root bus resource [io  0x0d00-0xffff window]
[    5.178411] pci_bus 0000:00: root bus resource [mem 0x000a0000-0x000bffff window]
[    5.180520] pci_bus 0000:00: root bus resource [mem 0x80000000-0xfebfffff window]
[    5.182417] pci_bus 0000:00: root bus resource [mem 0x100000000-0x17fffffff window]
[    5.184589] pci_bus 0000:00: root bus resource [bus 00-ff]
[    5.186420] pci 0000:00:00.0: [8086:1237] type 00 class 0x060000
[    5.193219] pci 0000:00:01.0: [8086:7000] type 00 class 0x060100
[    5.196237] pci 0000:00:01.1: [8086:7010] type 00 class 0x010180
[    5.200893] pci 0000:00:01.1: reg 0x20: [io  0xc040-0xc04f]
[    5.203635] pci 0000:00:01.1: legacy IDE quirk: reg 0x10: [io  0x01f0-0x01f7]
[    5.205614] pci 0000:00:01.1: legacy IDE quirk: reg 0x14: [io  0x03f6]
[    5.206413] pci 0000:00:01.1: legacy IDE quirk: reg 0x18: [io  0x0170-0x0177]
[    5.208943] pci 0000:00:01.1: legacy IDE quirk: reg 0x1c: [io  0x0376]
[    5.211108] pci 0000:00:01.3: [8086:7113] type 00 class 0x068000
[    5.213918] pci 0000:00:01.3: quirk: [io  0x0600-0x063f] claimed by PIIX4 ACPI
[    5.218432] pci 0000:00:01.3: quirk: [io  0x0700-0x070f] claimed by PIIX4 SMB
[    5.221153] pci 0000:00:02.0: [1234:1111] type 00 class 0x030000
[    5.227422] pci 0000:00:02.0: reg 0x10: [mem 0xfd000000-0xfdffffff pref]
[    5.233090] pci 0000:00:02.0: reg 0x18: [mem 0xfebf0000-0xfebf0fff]
[    5.244927] pci 0000:00:02.0: reg 0x30: [mem 0xfebe0000-0xfebeffff pref]
[    5.246792] pci 0000:00:02.0: Video device with shadowed ROM at [mem 0x000c0000-0x000dffff]
[    5.255835] pci 0000:00:03.0: [8086:100e] type 00 class 0x020000
[    5.258427] pci 0000:00:03.0: reg 0x10: [mem 0xfebc0000-0xfebdffff]
[    5.261419] pci 0000:00:03.0: reg 0x14: [io  0xc000-0xc03f]
[    5.268202] pci 0000:00:03.0: reg 0x30: [mem 0xfeb80000-0xfebbffff pref]
[    5.323456] ACPI: PCI: Interrupt link LNKA configured for IRQ 10
[    5.325741] ACPI: PCI: Interrupt link LNKB configured for IRQ 10
[    5.327073] ACPI: PCI: Interrupt link LNKC configured for IRQ 11
[    5.329323] ACPI: PCI: Interrupt link LNKD configured for IRQ 11
[    5.330689] ACPI: PCI: Interrupt link LNKS configured for IRQ 9
[    5.338736] iommu: Default domain type: Translated 
[    5.339726] iommu: DMA domain TLB invalidation policy: lazy mode 
[    5.344624] SCSI subsystem initialized
[    5.345612] ACPI: bus type USB registered
[    5.345612] usbcore: registered new interface driver usbfs
[    5.346508] usbcore: registered new interface driver hub
[    5.348277] usbcore: registered new device driver usb
[    5.350187] pps_core: LinuxPPS API ver. 1 registered
[    5.354428] pps_core: Software ver. 5.3.6 - Copyright 2005-2007 Rodolfo Giometti <giometti@linux.it>
[    5.357321] PTP clock support registered
[    5.358609] EDAC MC: Ver: 3.0.0
[    5.365272] NetLabel: Initializing
[    5.366149] NetLabel:  domain hash size = 128
[    5.366410] NetLabel:  protocols = UNLABELED CIPSOv4 CALIPSO
[    5.367993] NetLabel:  unlabeled traffic allowed by default
[    5.370684] PCI: Using ACPI for IRQ routing
[    5.372269] pci 0000:00:02.0: vgaarb: setting as boot VGA device
[    5.372269] pci 0000:00:02.0: vgaarb: bridge control possible
[    5.373464] pci 0000:00:02.0: vgaarb: VGA device added: decodes=io+mem,owns=io+mem,locks=none
[    5.374419] vgaarb: loaded
[    5.375150] hpet0: at MMIO 0xfed00000, IRQs 2, 8, 0
[    5.376685] hpet0: 3 comparators, 64-bit 100.000000 MHz counter
[    5.382466] clocksource: Switched to clocksource kvm-clock
[    5.389050] VFS: Disk quotas dquot_6.6.0
[    5.390303] VFS: Dquot-cache hash table entries: 512 (order 0, 4096 bytes)
[    5.392903] pnp: PnP ACPI init
[    5.396816] pnp: PnP ACPI: found 6 devices
[    5.412851] clocksource: acpi_pm: mask: 0xffffff max_cycles: 0xffffff, max_idle_ns: 2085701024 ns
[    5.416107] NET: Registered PF_INET protocol family
[    5.418705] IP idents hash table entries: 32768 (order: 6, 262144 bytes, linear)
[    5.422744] tcp_listen_portaddr_hash hash table entries: 1024 (order: 4, 73728 bytes, linear)
[    5.425342] Table-perturb hash table entries: 65536 (order: 6, 262144 bytes, linear)
[    5.427590] TCP established hash table entries: 16384 (order: 5, 131072 bytes, linear)
[    5.430559] TCP bind hash table entries: 16384 (order: 9, 2359296 bytes, linear)
[    5.441046] TCP: Hash tables configured (established 16384 bind 16384)
[    5.443703] UDP hash table entries: 1024 (order: 5, 163840 bytes, linear)
[    5.446020] UDP-Lite hash table entries: 1024 (order: 5, 163840 bytes, linear)
[    5.448753] NET: Registered PF_UNIX/PF_LOCAL protocol family
[    5.451492] RPC: Registered named UNIX socket transport module.
[    5.453162] RPC: Registered udp transport module.
[    5.454526] RPC: Registered tcp transport module.
[    5.455837] RPC: Registered tcp NFSv4.1 backchannel transport module.
[    5.457730] pci_bus 0000:00: resource 4 [io  0x0000-0x0cf7 window]
[    5.459501] pci_bus 0000:00: resource 5 [io  0x0d00-0xffff window]
[    5.461215] pci_bus 0000:00: resource 6 [mem 0x000a0000-0x000bffff window]
[    5.463141] pci_bus 0000:00: resource 7 [mem 0x80000000-0xfebfffff window]
[    5.465024] pci_bus 0000:00: resource 8 [mem 0x100000000-0x17fffffff window]
[    5.467406] pci 0000:00:01.0: PIIX3: Enabling Passive Release
[    5.469030] pci 0000:00:00.0: Limiting direct PCI/PCI transfers
[    5.470949] PCI: CLS 0 bytes, default 64
[    5.472929] ACPI: bus type thunderbolt registered
[    5.474893] clocksource: tsc: mask: 0xffffffffffffffff max_cycles: 0xb9fb05486c, max_idle_ns: 440795231721 ns
[    5.725378] Initialise system trusted keyrings
[    5.727373] Key type blacklist registered
[    5.729397] workingset: timestamp_bits=36 max_order=19 bucket_order=0
[    5.731593] zbud: loaded
[    5.733638] squashfs: version 4.0 (2009/01/31) Phillip Lougher
[    5.737250] NFS: Registering the id_resolver key type
[    5.738822] Key type id_resolver registered
[    5.739995] Key type id_legacy registered
[    5.741165] nfs4filelayout_init: NFSv4 File Layout Driver Registering...
[    5.743112] nfs4flexfilelayout_init: NFSv4 Flexfile Layout Driver Registering...
[    5.745370] fuse: init (API version 7.38)
[    5.746756] SGI XFS with ACLs, security attributes, realtime, quota, no debug enabled
[    5.749905] 9p: Installing v9fs 9p2000 file system support
[    5.761899] Key type asymmetric registered
[    5.763200] Asymmetric key parser 'x509' registered
[    5.764786] Block layer SCSI generic (bsg) driver version 0.4 loaded (major 243)
[    5.767652] io scheduler mq-deadline registered
[    5.769060] io scheduler bfq registered
[    5.771226] shpchp: Standard Hot Plug PCI Controller Driver version: 0.4
[    5.774002] IPMI message handler: version 39.2
[    5.775401] ipmi device interface
[    5.779126] input: Power Button as /devices/LNXSYSTM:00/LNXPWRBN:00/input/input0
[    5.781950] ACPI: button: Power Button [PWRF]
[    5.785340] ERST DBG: ERST support is disabled.
[    5.788070] Serial: 8250/16550 driver, 32 ports, IRQ sharing enabled
[    5.791492] 00:04: ttyS0 at I/O 0x3f8 (irq = 4, base_baud = 115200) is a 16550A
[    5.807070] Linux agpgart interface v0.103
[    5.809649] ACPI: bus type drm_connector registered
[    5.832405] brd: module loaded
[    5.847524] loop: module loaded
[    5.868610] scsi host0: ata_piix
[    5.870362] scsi host1: ata_piix
[    5.871554] ata1: PATA max MWDMA2 cmd 0x1f0 ctl 0x3f6 bmdma 0xc040 irq 14
[    5.873423] ata2: PATA max MWDMA2 cmd 0x170 ctl 0x376 bmdma 0xc048 irq 15
[    5.877543] tun: Universal TUN/TAP device driver, 1.6
[    5.879271] e100: Intel(R) PRO/100 Network Driver
[    5.880575] e100: Copyright(c) 1999-2006 Intel Corporation
[    5.882134] e1000: Intel(R) PRO/1000 Network Driver
[    5.883566] e1000: Copyright (c) 1999-2006 Intel Corporation.
[    6.034858] ata2: found unknown device (class 0)
[    6.036937] ata1: found unknown device (class 0)
[    6.039036] ata2.00: ATAPI: QEMU DVD-ROM, 2.5+, max UDMA/100
[    6.041309] ata1.00: ATA-7: QEMU HARDDISK, 2.5+, max UDMA/100
[    6.042782] ata1.00: 16777216 sectors, multi 16: LBA48 
[    6.047042] scsi 0:0:0:0: Direct-Access     ATA      QEMU HARDDISK    2.5+ PQ: 0 ANSI: 5
[    6.052796] sd 0:0:0:0: Attached scsi generic sg0 type 0
[    6.054547] sd 0:0:0:0: [sda] 16777216 512-byte logical blocks: (8.59 GB/8.00 GiB)
[    6.056690] sd 0:0:0:0: [sda] Write Protect is off
[    6.057692] scsi 1:0:0:0: CD-ROM            QEMU     QEMU DVD-ROM     2.5+ PQ: 0 ANSI: 5
[    6.060753] sd 0:0:0:0: [sda] Write cache: enabled, read cache: enabled, doesn't support DPO or FUA
[    6.063834] sd 0:0:0:0: [sda] Preferred minimum I/O size 512 bytes
[    6.083955] scsi 1:0:0:0: Attached scsi generic sg1 type 5
[    6.101562] sd 0:0:0:0: [sda] Attached SCSI disk
[    6.189881] ACPI: \_SB_.LNKC: Enabled at IRQ 11
[    6.585167] e1000 0000:00:03.0 eth0: (PCI:33MHz:32-bit) 52:54:00:12:34:56
[    6.587303] e1000 0000:00:03.0 eth0: Intel(R) PRO/1000 Network Connection
[    6.589410] e1000e: Intel(R) PRO/1000 Network Driver
[    6.590866] e1000e: Copyright(c) 1999 - 2015 Intel Corporation.
[    6.592643] igb: Intel(R) Gigabit Ethernet Network Driver
[    6.594192] igb: Copyright (c) 2007-2014 Intel Corporation.
[    6.596013] PPP generic driver version 2.4.2
[    6.598485] VFIO - User Level meta-driver version: 0.3
[    6.601016] usbcore: registered new interface driver uas
[    6.602736] usbcore: registered new interface driver usb-storage
[    6.604677] i8042: PNP: PS/2 Controller [PNP0303:KBD,PNP0f13:MOU] at 0x60,0x64 irq 1,12
[    6.608842] serio: i8042 KBD port at 0x60,0x64 irq 1
[    6.610368] serio: i8042 AUX port at 0x60,0x64 irq 12
[    6.613429] mousedev: PS/2 mouse device common for all mice
[    6.616950] rtc_cmos 00:05: RTC can wake from S4
[    6.620484] input: AT Translated Set 2 keyboard as /devices/platform/i8042/serio0/input/input1
[    6.623524] rtc_cmos 00:05: registered as rtc0
[    6.625339] rtc_cmos 00:05: setting system clock to 2023-03-19T19:21:53 UTC (1679253713)
[    6.625476] input: VirtualPS/2 VMware VMMouse as /devices/platform/i8042/serio1/input/input4
[    6.630184] rtc_cmos 00:05: alarms up to one day, y3k, 242 bytes nvram, hpet irqs
[    6.631091] input: VirtualPS/2 VMware VMMouse as /devices/platform/i8042/serio1/input/input3
[    6.632263] i2c_dev: i2c /dev entries driver
[    6.636208] device-mapper: core: CONFIG_IMA_DISABLE_HTABLE is disabled. Duplicate IMA measurements will not be recorded in the IMA log.
[    6.639144] device-mapper: uevent: version 1.0.3
[    6.640796] device-mapper: ioctl: 4.47.0-ioctl (2022-07-28) initialised: dm-devel@redhat.com
[    6.642880] intel_pstate: CPU model not supported
[    6.644243] sdhci: Secure Digital Host Controller Interface driver
[    6.645704] sdhci: Copyright(c) Pierre Ossman
[    6.646986] sdhci-pltfm: SDHCI platform and OF driver helper
[    6.648513] ledtrig-cpu: registered to indicate activity on CPUs
[    6.650965] drop_monitor: Initializing network drop monitor service
[    6.652907] NET: Registered PF_INET6 protocol family
[    6.660587] Segment Routing with IPv6
[    6.661573] In-situ OAM (IOAM) with IPv6
[    6.662675] NET: Registered PF_PACKET protocol family
[    6.664324] 9pnet: Installing 9P2000 support
[    6.665753] Key type dns_resolver registered
[    6.668621] IPI shorthand broadcast: enabled
[    6.691204] sched_clock: Marking stable (6208015642, 482393107)->(6784144884, -93736135)
[    6.695244] registered taskstats version 1
[    6.697115] Loading compiled-in X.509 certificates
[    6.698880] zswap: loaded using pool lzo/zbud
[    6.736977] Key type .fscrypt registered
[    6.737966] Key type fscrypt-provisioning registered
[    6.742226] Key type encrypted registered
[    6.743423] ima: No TPM chip found, activating TPM-bypass!
[    6.744768] ima: Allocated hash algorithm: sha1
[    6.745980] ima: No architecture policies found
[    6.747359] evm: Initialising EVM extended attributes:
[    6.748583] evm: security.selinux
[    6.749388] evm: security.SMACK64
[    6.750208] evm: security.SMACK64EXEC
[    6.751125] evm: security.SMACK64TRANSMUTE
[    6.752112] evm: security.SMACK64MMAP
[    6.753000] evm: security.apparmor
[    6.753830] evm: security.ima
[    6.754629] evm: security.capability
[    6.755501] evm: HMAC attrs: 0x1
[    6.759305] PM:   Magic number: 15:248:395
[    6.761559] RAS: Correctable Errors collector initialized.
[    6.765874] md: Waiting for all devices to be available before autodetect
[    6.767092] md: If you don't use raid, use raid=noautodetect
[    6.768040] md: Autodetecting RAID arrays.
[    6.768756] md: autorun ...
[    6.769232] md: ... autorun DONE.
[    6.783342] EXT4-fs (sda): mounted filesystem 23a53bb9-f815-47a5-b74c-5e08f7731193 with ordered data mode. Quota mode: none.
[    6.785718] VFS: Mounted root (ext4 filesystem) readonly on device 8:0.
[    6.790484] devtmpfs: mounted
[    6.807536] Freeing unused decrypted memory: 2036K
[    6.813750] Freeing unused kernel image (initmem) memory: 10508K
[    6.815094] Write protecting the kernel read-only data: 47104k
[    6.818359] Freeing unused kernel image (rodata/data gap) memory: 392K
[    6.956649] x86/mm: Checked W+X mappings: passed, no W+X pages found.
[    6.957925] Run /sbin/init as init process
[    7.140630] systemd[1]: RTC configured in localtime, applying delta of 0 minutes to system time.
[    7.207840] systemd[1]: systemd 239 (239-49.el8) running in system mode. (+PAM +AUDIT +SELINUX +IMA -APPARMOR +SMACK +SYSVINIT +UTMP +LIBCRYPTSETUP +GCRYPT +GNUTLS +ACL +XZ +LZ4 +SECCOMP +BLKID +ELFUTILS +KMOD +IDN2 -IDN +PCRE2 default-hierarchy=legacy)
[    7.212557] systemd[1]: Detected virtualization kvm.
[    7.213555] systemd[1]: Detected architecture x86-64.

Welcome to [0;31mCentOS Stream 8[0m!

[    7.305555] systemd[1]: Set hostname to <test>.
[    7.814013] systemd[1]: Listening on udev Control Socket.
[[0;32m  OK  [0m] Listening on udev Control Socket.
[    7.817146] systemd[1]: Started Forward Password Requests to Wall Directory Watch.
[[0;32m  OK  [0m] Started Forward Password Requests to Wall Directory Watch.
[    7.820628] systemd[1]: Listening on initctl Compatibility Named Pipe.
[[0;32m  OK  [0m] Listening on initctl Compatibility Named Pipe.
[    7.824005] systemd[1]: Listening on Journal Socket.
[[0;32m  OK  [0m] Listening on Journal Socket.
[    7.867063] systemd[1]: Mounting Kernel Debug File System...
         Mounting Kernel Debug File System...
[    7.878297] systemd[1]: Mounting Huge Pages File System...
         Mounting Huge Pages File System...
[[0;32m  OK  [0m] Listening on LVM2 poll daemon socket.
[[0;32m  OK  [0m] Listening on Journal Socket (/dev/log).
[[0;32m  OK  [0m] Listening on RPCbind Server Activation Socket.
[[0;32m  OK  [0m] Reached target RPC Port Mapper.
[[0;32m  OK  [0m] Set up automount Arbitrary Executabâ€¦rmats File System Automount Point.
[[0;32m  OK  [0m] Created slice system-serial\x2dgetty.slice.
         Starting Load Kernel Modules...
         Starting Remount Root and Kernel File Systems...
         Starting Setup Virtual Console...
         Mounting POSIX Message Queue File System...
[[0;32m  OK  [0m] Listening on Process Core Dump Socket.
[[0;32m  OK  [0m] Reached target Swap.
[[0;32m  OK  [0m] Listening on Device-mapper event daemon FIFOs.
         Starting Monitoring of LVM2 mirrorsâ€¦ng dmeventd or progress polling...
         Starting Journal Service...
[[0;32m  OK  [0m] Created slice system-sshd\x2dkeygen.slice.
[[0;32m  OK  [0m] Created slice system-getty.slice.
[[0;32m  OK  [0m] Listening on udev Kernel Socket.
[    8.430572] EXT4-fs (sda): re-mounted 23a53bb9-f815-47a5-b74c-5e08f7731193. Quota mode: none.
         Starting udev Coldplug all Devices...
[[0;32m  OK  [0m] Listening on multipathd control socket.
[[0;32m  OK  [0m] Created slice User and Session Slice.
[[0;32m  OK  [0m] Reached target Slices.
[[0;32m  OK  [0m] Mounted Kernel Debug File System.
[[0;32m  OK  [0m] Mounted Huge Pages File System.
[[0;1;31mFAILED[0m] Failed to start Load Kernel Modules.
See 'systemctl status systemd-modules-load.service' for details.
[[0;32m  OK  [0m] Started Remount Root and Kernel File Systems.
[[0;32m  OK  [0m] Mounted POSIX Message Queue File System.
         Starting Load/Save Random Seed...
         Starting Create Static Device Nodes in /dev...
         Mounting Kernel Configuration File System...
         Starting Apply Kernel Variables...
         Mounting FUSE Control File System...
[[0;32m  OK  [0m] Started Journal Service.
[[0;32m  OK  [0m] Started Setup Virtual Console.
[[0;32m  OK  [0m] Started Load/Save Random Seed.
[[0;32m  OK  [0m] Started Create Static Device Nodes in /dev.
[[0;32m  OK  [0m] Mounted Kernel Configuration File System.
[[0;32m  OK  [0m] Started Apply Kernel Variables.
[[0;32m  OK  [0m] Mounted FUSE Control File System.
         Starting udev Kernel Device Manager...
         Starting Flush Journal to Persistent Storage...
[[0;32m  OK  [0m] Started Flush Journal to Persistent Storage.
[[0;32m  OK  [0m] Started udev Kernel Device Manager.
[[0;32m  OK  [0m] Started udev Coldplug all Devices.
         Starting udev Wait for Complete Device Initialization...
         Starting Show Plymouth Boot Screen...
[[0;32m  OK  [0m] Started Show Plymouth Boot Screen.
[[0;32m  OK  [0m] Started Forward Password Requests to Plymouth Directory Watch.
[[0;32m  OK  [0m] Reached target Local Encrypted Volumes.
[[0;32m  OK  [0m] Reached target Paths.
[[0;32m  OK  [0m] Found device /dev/ttyS0.
[[0;32m  OK  [0m] Started Monitoring of LVM2 mirrors,â€¦sing dmeventd or progress polling.
[[0;32m  OK  [0m] Listening on Load/Save RF Kill Switch Status /dev/rfkill Watch.
[[0;32m  OK  [0m] Started udev Wait for Complete Device Initialization.
[[0;32m  OK  [0m] Reached target Local File Systems (Pre).
[[0;32m  OK  [0m] Reached target Local File Systems.
         Starting Restore /run/initramfs on shutdown...
         Starting Tell Plymouth To Write Out Runtime Data...
         Starting Create Volatile Files and Directories...
[[0;32m  OK  [0m] Started Restore /run/initramfs on shutdown.
[[0;32m  OK  [0m] Started Tell Plymouth To Write Out Runtime Data.
[[0;32m  OK  [0m] Started Create Volatile Files and Directories.
         Mounting RPC Pipe File System...
         Starting Security Auditing Service...
         Starting RPC Bind...
[[0;32m  OK  [0m] Mounted RPC Pipe File System.
[[0;32m  OK  [0m] Reached target rpc_pipefs.target.
[[0;32m  OK  [0m] Started RPC Bind.
[[0;32m  OK  [0m] Started Security Auditing Service.
         Starting Update UTMP about System Boot/Shutdown...
[[0;32m  OK  [0m] Started Update UTMP about System Boot/Shutdown.
[[0;32m  OK  [0m] Reached target System Initialization.
[[0;32m  OK  [0m] Listening on SSSD Kerberos Cache Manager responder socket.
[[0;32m  OK  [0m] Started daily update of the root trust anchor for DNSSEC.
[[0;32m  OK  [0m] Started Daily Cleanup of Temporary Directories.
[[0;32m  OK  [0m] Started dnf makecache --timer.
[[0;32m  OK  [0m] Reached target Timers.
[[0;32m  OK  [0m] Listening on D-Bus System Message Bus Socket.
[[0;32m  OK  [0m] Reached target Sockets.
[[0;32m  OK  [0m] Reached target Basic System.
         Starting NTP client/server...
[[0;32m  OK  [0m] Started Machine Check Exception Logging Daemon.
[[0;32m  OK  [0m] Started D-Bus System Message Bus.
[[0;32m  OK  [0m] Started irqbalance daemon.
         Starting Auto-connect to subsystemsâ€¦-NVME devices found during boot...
         Starting Login Service...
[[0;32m  OK  [0m] Reached target sshd-keygen.target.
         Starting Authorization Manager...
         Starting Network Manager...
         Starting Self Monitoring and Reporting Technology (SMART) Daemon...
[[0;32m  OK  [0m] Started Auto-connect to subsystems â€¦FC-NVME devices found during boot.
         Starting update of the root trust aâ€¦or DNSSEC validation in unbound...
[[0;32m  OK  [0m] Started Login Service.
[[0;32m  OK  [0m] Started Self Monitoring and Reporting Technology (SMART) Daemon.
[[0;32m  OK  [0m] Started NTP client/server.
[[0;32m  OK  [0m] Started Network Manager.
[[0;32m  OK  [0m] Reached target Network.
         Starting GSSAPI Proxy Daemon...
         Starting OpenSSH server daemon...
         Starting Dynamic System Tuning Daemon...
         Starting Network Manager Wait Online...
[[0;32m  OK  [0m] Started update of the root trust anâ€¦ for DNSSEC validation in unbound.
[[0;32m  OK  [0m] Started GSSAPI Proxy Daemon.
         Starting Hostname Service...
[[0;32m  OK  [0m] Reached target NFS client services.
[[0;32m  OK  [0m] Reached target Remote File Systems (Pre).
[[0;32m  OK  [0m] Reached target Remote File Systems.
         Starting Permit User Sessions...
[[0;32m  OK  [0m] Started OpenSSH server daemon.
[[0;32m  OK  [0m] Started Authorization Manager.
[[0;32m  OK  [0m] Started Permit User Sessions.
         Starting Hold until boot process finishes up...
[[0;32m  OK  [0m] Started Command Scheduler.
         Starting Terminate Plymouth Boot Screen...
[   13.351248] e1000: eth0 NIC Link is Up 1000 Mbps Full Duplex, Flow Control: RX
[   13.353452] IPv6: ADDRCONF(NETDEV_CHANGE): eth0: link becomes ready
[   14.033780] Spectre V2 : WARNING: Unprivileged eBPF is enabled with eIBRS on, data leaks possible via Spectre v2 BHB attacks!
[   14.036174] Spectre V2 : WARNING: Unprivileged eBPF is enabled with eIBRS on, data leaks possible via Spectre v2 BHB attacks!

CentOS Stream 8
Kernel 6.3.0-rc1-134231664868+ on an x86_64

test login: [   24.305355] memfd_create() without MFD_EXEC nor MFD_NOEXEC_SEAL, pid=330 'systemd'
[   29.673638] loop0: detected capacity change from 0 to 65536
[   29.679313] XFS (loop0): Mounting V5 Filesystem d6f69dbd-8c5d-46be-b88e-92c0ae88ceb2
[   29.691942] XFS (loop0): Ending clean mount
[   29.693869] XFS (loop0): Quotacheck needed: Please wait.
[   29.704057] XFS (loop0): Quotacheck: Done.
[   29.817089] XFS (loop0): Metadata CRC error detected at xfs_agf_read_verify+0x10e/0x140, xfs_agf block 0x8001 
[   29.818972] XFS (loop0): Unmount and run xfs_repair
[   29.819608] XFS (loop0): First 128 bytes of corrupted metadata buffer:
[   29.820436] 00000000: 58 41 47 46 00 00 00 01 00 00 00 01 00 00 40 00  XAGF..........@.
[   29.821436] 00000010: 00 00 00 02 00 00 00 03 00 00 00 00 00 00 00 01  ................
[   29.822802] 00000020: 00 00 00 01 00 00 00 00 00 00 00 01 00 00 00 04  ................
[   29.824063] 00000030: 00 00 00 04 00 00 3b 5f 00 00 3b 5c 00 00 00 00  ......;_..;\....
[   29.825302] 00000040: d6 f6 9d bd 8c 5d 46 be b8 8e 92 c0 ae 88 ce b2  .....]F.........
[   29.826590] 00000050: 00 00 00 00 00 00 00 00 00 00 00 00 00 00 00 00  ................
[   29.827839] 00000060: 00 00 00 00 00 00 00 00 00 00 00 00 00 00 00 00  ................
[   29.829081] 00000070: 00 00 00 00 00 00 00 00 00 00 00 00 00 00 00 00  ................
[   29.830649] XFS (loop0): metadata I/O error in "xfs_read_agf+0xd0/0x2c0" at daddr 0x8001 len 1 error 74
[   29.832336] XFS (loop0): page discard on page 000000000dec45fc, inode 0x46, pos 0.
[   29.886032] XFS (loop0): Unmounting Filesystem d6f69dbd-8c5d-46be-b88e-92c0ae88ceb2
[   29.910714] XFS (loop0): Internal error atomic_read(&pag->pag_active_ref) != 0 at line 257 of file fs/xfs/libxfs/xfs_ag.c.  Caller xfs_free_perag+0x10b/0x180
[   29.913166] CPU: 0 PID: 506 Comm: repro Not tainted 6.3.0-rc1-134231664868+ #1
[   29.914457] Hardware name: QEMU Standard PC (i440FX + PIIX, 1996), BIOS rel-1.16.0-0-gd239552ce722-prebuilt.qemu.org 04/01/2014
[   29.916421] Call Trace:
[   29.916870]  <TASK>
[   29.917285]  dump_stack_lvl+0xe0/0x110
[   29.917987]  dump_stack+0x19/0x20
[   29.918611]  xfs_corruption_error+0xd6/0xe0
[   29.919366]  ? xfs_free_perag+0x10b/0x180
[   29.920038]  xfs_free_perag+0x13e/0x180
[   29.920663]  ? xfs_free_perag+0x10b/0x180
[   29.921317]  xfs_unmountfs+0xfb/0x1f0
[   29.921921]  xfs_fs_put_super+0x5a/0x120
[   29.922567]  ? __pfx_xfs_fs_put_super+0x10/0x10
[   29.923304]  generic_shutdown_super+0xac/0x240
[   29.924033]  kill_block_super+0x43/0x80
[   29.924665]  deactivate_locked_super+0x52/0xb0
[   29.925394]  deactivate_super+0xb3/0xd0
[   29.926019]  cleanup_mnt+0x15e/0x1e0
[   29.926622]  __cleanup_mnt+0x1f/0x30
[   29.927211]  task_work_run+0xb6/0x120
[   29.927816]  do_exit+0x547/0x1360
[   29.928362]  ? __this_cpu_preempt_check+0x20/0x30
[   29.929124]  ? lockdep_hardirqs_on+0x8a/0x110
[   29.929839]  do_group_exit+0x5e/0xf0
[   29.930421]  __x64_sys_exit_group+0x25/0x30
[   29.931067]  do_syscall_64+0x3b/0x90
[   29.931669]  entry_SYSCALL_64_after_hwframe+0x72/0xdc
[   29.932479] RIP: 0033:0x7f9bad872cf6
[   29.933074] Code: Unable to access opcode bytes at 0x7f9bad872ccc.
[   29.934039] RSP: 002b:00007ffc877b7118 EFLAGS: 00000246 ORIG_RAX: 00000000000000e7
[   29.935215] RAX: ffffffffffffffda RBX: 00007f9bad97d490 RCX: 00007f9bad872cf6
[   29.936318] RDX: 0000000000000001 RSI: 000000000000003c RDI: 0000000000000001
[   29.937419] RBP: 0000000000000001 R08: 00000000000000e7 R09: ffffffffffffff80
[   29.938536] R10: 0000000000000004 R11: 0000000000000246 R12: 00007f9bad97d490
[   29.939643] R13: 0000000000000001 R14: 00007f9bad980e88 R15: 0000000000000000
[   29.940765]  </TASK>
[   29.941225] XFS (loop0): Corruption detected. Unmount and run xfs_repair
[   30.230879] loop0: detected capacity change from 0 to 65536
[   30.233545] XFS (loop0): Mounting V5 Filesystem d6f69dbd-8c5d-46be-b88e-92c0ae88ceb2
[   30.242743] XFS (loop0): Ending clean mount
[   30.243861] XFS (loop0): Quotacheck needed: Please wait.
[   30.251423] XFS (loop0): Quotacheck: Done.
[   30.342651] XFS (loop0): Metadata CRC error detected at xfs_agf_read_verify+0x10e/0x140, xfs_agf block 0x8001 
[   30.344355] XFS (loop0): Unmount and run xfs_repair
[   30.345108] XFS (loop0): First 128 bytes of corrupted metadata buffer:
[   30.346103] 00000000: 58 41 47 46 00 00 00 01 00 00 00 01 00 00 40 00  XAGF..........@.
[   30.347373] 00000010: 00 00 00 02 00 00 00 03 00 00 00 00 00 00 00 01  ................
[   30.348567] 00000020: 00 00 00 01 00 00 00 00 00 00 00 01 00 00 00 04  ................
[   30.349762] 00000030: 00 00 00 04 00 00 3b 5f 00 00 3b 5c 00 00 00 00  ......;_..;\....
[   30.351011] 00000040: d6 f6 9d bd 8c 5d 46 be b8 8e 92 c0 ae 88 ce b2  .....]F.........
[   30.352210] 00000050: 00 00 00 00 00 00 00 00 00 00 00 00 00 00 00 00  ................
[   30.353401] 00000060: 00 00 00 00 00 00 00 00 00 00 00 00 00 00 00 00  ................
[   30.354660] 00000070: 00 00 00 00 00 00 00 00 00 00 00 00 00 00 00 00  ................
[   30.356045] XFS (loop0): metadata I/O error in "xfs_read_agf+0xd0/0x2c0" at daddr 0x8001 len 1 error 74
[   30.357921] XFS (loop0): page discard on page 00000000ce8dbc98, inode 0x46, pos 0.
[   30.444580] XFS (loop0): Unmounting Filesystem d6f69dbd-8c5d-46be-b88e-92c0ae88ceb2
[   30.474627] XFS (loop0): Internal error atomic_read(&pag->pag_active_ref) != 0 at line 257 of file fs/xfs/libxfs/xfs_ag.c.  Caller xfs_free_perag+0x10b/0x180
[   30.476804] CPU: 0 PID: 520 Comm: repro Not tainted 6.3.0-rc1-134231664868+ #1
[   30.477887] Hardware name: QEMU Standard PC (i440FX + PIIX, 1996), BIOS rel-1.16.0-0-gd239552ce722-prebuilt.qemu.org 04/01/2014
[   30.479579] Call Trace:
[   30.479968]  <TASK>
[   30.480315]  dump_stack_lvl+0xe0/0x110
[   30.480912]  dump_stack+0x19/0x20
[   30.481443]  xfs_corruption_error+0xd6/0xe0
[   30.482106]  ? xfs_free_perag+0x10b/0x180
[   30.482780]  xfs_free_perag+0x13e/0x180
[   30.483385]  ? xfs_free_perag+0x10b/0x180
[   30.484028]  xfs_unmountfs+0xfb/0x1f0
[   30.484617]  xfs_fs_put_super+0x5a/0x120
[   30.485264]  ? __pfx_xfs_fs_put_super+0x10/0x10
[   30.485992]  generic_shutdown_super+0xac/0x240
[   30.486720]  kill_block_super+0x43/0x80
[   30.487345]  deactivate_locked_super+0x52/0xb0
[   30.488046]  deactivate_super+0xb3/0xd0
[   30.488655]  cleanup_mnt+0x15e/0x1e0
[   30.489245]  __cleanup_mnt+0x1f/0x30
[   30.489821]  task_work_run+0xb6/0x120
[   30.490694]  do_exit+0x547/0x1360
[   30.491380]  ? __this_cpu_preempt_check+0x20/0x30
[   30.492289]  ? lockdep_hardirqs_on+0x8a/0x110
[   30.493148]  do_group_exit+0x5e/0xf0
[   30.493850]  __x64_sys_exit_group+0x25/0x30
[   30.494675]  do_syscall_64+0x3b/0x90
[   30.495375]  entry_SYSCALL_64_after_hwframe+0x72/0xdc
[   30.496337] RIP: 0033:0x7f7b64fb3cf6
[   30.497030] Code: Unable to access opcode bytes at 0x7f7b64fb3ccc.
[   30.498173] RSP: 002b:00007ffec0664778 EFLAGS: 00000246 ORIG_RAX: 00000000000000e7
[   30.499584] RAX: ffffffffffffffda RBX: 00007f7b650be490 RCX: 00007f7b64fb3cf6
[   30.500905] RDX: 0000000000000001 RSI: 000000000000003c RDI: 0000000000000001
[   30.502234] RBP: 0000000000000001 R08: 00000000000000e7 R09: ffffffffffffff80
[   30.503583] R10: 0000000000000004 R11: 0000000000000246 R12: 00007f7b650be490
[   30.504899] R13: 0000000000000001 R14: 00007f7b650c1e88 R15: 0000000000000000
[   30.506256]  </TASK>
[   30.506824] XFS (loop0): Corruption detected. Unmount and run xfs_repair
[   30.790170] loop0: detected capacity change from 0 to 65536
[   30.792984] XFS (loop0): Mounting V5 Filesystem d6f69dbd-8c5d-46be-b88e-92c0ae88ceb2
[   30.802215] XFS (loop0): Ending clean mount
[   30.804066] XFS (loop0): Quotacheck needed: Please wait.
[   30.810505] XFS (loop0): Quotacheck: Done.
[   30.879206] XFS (loop0): Metadata CRC error detected at xfs_agf_read_verify+0x10e/0x140, xfs_agf block 0x8001 
[   30.881138] XFS (loop0): Unmount and run xfs_repair
[   30.881991] XFS (loop0): First 128 bytes of corrupted metadata buffer:
[   30.883195] 00000000: 58 41 47 46 00 00 00 01 00 00 00 01 00 00 40 00  XAGF..........@.
[   30.884559] 00000010: 00 00 00 02 00 00 00 03 00 00 00 00 00 00 00 01  ................
[   30.885943] 00000020: 00 00 00 01 00 00 00 00 00 00 00 01 00 00 00 04  ................
[   30.887410] 00000030: 00 00 00 04 00 00 3b 5f 00 00 3b 5c 00 00 00 00  ......;_..;\....
[   30.888781] 00000040: d6 f6 9d bd 8c 5d 46 be b8 8e 92 c0 ae 88 ce b2  .....]F.........
[   30.890147] 00000050: 00 00 00 00 00 00 00 00 00 00 00 00 00 00 00 00  ................
[   30.891559] 00000060: 00 00 00 00 00 00 00 00 00 00 00 00 00 00 00 00  ................
[   30.892943] 00000070: 00 00 00 00 00 00 00 00 00 00 00 00 00 00 00 00  ................
[   30.894386] XFS (loop0): metadata I/O error in "xfs_read_agf+0xd0/0x2c0" at daddr 0x8001 len 1 error 74
[   30.895860] XFS (loop0): page discard on page 000000000c426a18, inode 0x46, pos 0.
[   30.950288] XFS (loop0): Unmounting Filesystem d6f69dbd-8c5d-46be-b88e-92c0ae88ceb2
[   30.974536] XFS (loop0): Internal error atomic_read(&pag->pag_active_ref) != 0 at line 257 of file fs/xfs/libxfs/xfs_ag.c.  Caller xfs_free_perag+0x10b/0x180
[   30.976732] CPU: 1 PID: 534 Comm: repro Not tainted 6.3.0-rc1-134231664868+ #1
[   30.977850] Hardware name: QEMU Standard PC (i440FX + PIIX, 1996), BIOS rel-1.16.0-0-gd239552ce722-prebuilt.qemu.org 04/01/2014
[   30.979614] Call Trace:
[   30.980020]  <TASK>
[   30.980384]  dump_stack_lvl+0xe0/0x110
[   30.980989]  dump_stack+0x19/0x20
[   30.981542]  xfs_corruption_error+0xd6/0xe0
[   30.982225]  ? xfs_free_perag+0x10b/0x180
[   30.982877]  xfs_free_perag+0x13e/0x180
[   30.983488]  ? xfs_free_perag+0x10b/0x180
[   30.984132]  xfs_unmountfs+0xfb/0x1f0
[   30.984723]  xfs_fs_put_super+0x5a/0x120
[   30.985346]  ? __pfx_xfs_fs_put_super+0x10/0x10
[   30.986072]  generic_shutdown_super+0xac/0x240
[   30.986817]  kill_block_super+0x43/0x80
[   30.987444]  deactivate_locked_super+0x52/0xb0
[   30.988158]  deactivate_super+0xb3/0xd0
[   30.988763]  cleanup_mnt+0x15e/0x1e0
[   30.989352]  __cleanup_mnt+0x1f/0x30
[   30.989927]  task_work_run+0xb6/0x120
[   30.990536]  do_exit+0x547/0x1360
[   30.991069]  ? __this_cpu_preempt_check+0x20/0x30
[   30.991821]  ? lockdep_hardirqs_on+0x8a/0x110
[   30.992525]  do_group_exit+0x5e/0xf0
[   30.993097]  __x64_sys_exit_group+0x25/0x30
[   30.993758]  do_syscall_64+0x3b/0x90
[   30.994340]  entry_SYSCALL_64_after_hwframe+0x72/0xdc
[   30.995134] RIP: 0033:0x7f7acc50fcf6
[   30.995711] Code: Unable to access opcode bytes at 0x7f7acc50fccc.
[   30.996658] RSP: 002b:00007ffdcf9aa9b8 EFLAGS: 00000246 ORIG_RAX: 00000000000000e7
[   30.997812] RAX: ffffffffffffffda RBX: 00007f7acc61a490 RCX: 00007f7acc50fcf6
[   30.998922] RDX: 0000000000000001 RSI: 000000000000003c RDI: 0000000000000001
[   31.000017] RBP: 0000000000000001 R08: 00000000000000e7 R09: ffffffffffffff80
[   31.001115] R10: 0000000000000004 R11: 0000000000000246 R12: 00007f7acc61a490
[   31.002217] R13: 0000000000000001 R14: 00007f7acc61de88 R15: 0000000000000000
[   31.003326]  </TASK>
[   31.003766] XFS (loop0): Corruption detected. Unmount and run xfs_repair
[   31.369014] loop0: detected capacity change from 0 to 65536
[   31.372819] XFS (loop0): Mounting V5 Filesystem d6f69dbd-8c5d-46be-b88e-92c0ae88ceb2
[   31.383901] XFS (loop0): Ending clean mount
[   31.385223] XFS (loop0): Quotacheck needed: Please wait.
[   31.396548] XFS (loop0): Quotacheck: Done.
[   31.468375] XFS (loop0): Metadata CRC error detected at xfs_agf_read_verify+0x10e/0x140, xfs_agf block 0x8001 
[   31.470651] XFS (loop0): Unmount and run xfs_repair
[   31.471566] XFS (loop0): First 128 bytes of corrupted metadata buffer:
[   31.472757] 00000000: 58 41 47 46 00 00 00 01 00 00 00 01 00 00 40 00  XAGF..........@.
[   31.474210] 00000010: 00 00 00 02 00 00 00 03 00 00 00 00 00 00 00 01  ................
[   31.475684] 00000020: 00 00 00 01 00 00 00 00 00 00 00 01 00 00 00 04  ................
[   31.477126] 00000030: 00 00 00 04 00 00 3b 5f 00 00 3b 5c 00 00 00 00  ......;_..;\....
[   31.478617] 00000040: d6 f6 9d bd 8c 5d 46 be b8 8e 92 c0 ae 88 ce b2  .....]F.........
[   31.480082] 00000050: 00 00 00 00 00 00 00 00 00 00 00 00 00 00 00 00  ................
[   31.481555] 00000060: 00 00 00 00 00 00 00 00 00 00 00 00 00 00 00 00  ................
[   31.483086] 00000070: 00 00 00 00 00 00 00 00 00 00 00 00 00 00 00 00  ................
[   31.484644] XFS (loop0): metadata I/O error in "xfs_read_agf+0xd0/0x2c0" at daddr 0x8001 len 1 error 74
[   31.486651] XFS (loop0): page discard on page 0000000062b44865, inode 0x46, pos 0.
[   31.555429] XFS (loop0): Unmounting Filesystem d6f69dbd-8c5d-46be-b88e-92c0ae88ceb2
[   31.574660] XFS (loop0): Internal error atomic_read(&pag->pag_active_ref) != 0 at line 257 of file fs/xfs/libxfs/xfs_ag.c.  Caller xfs_free_perag+0x10b/0x180
[   31.577296] CPU: 0 PID: 548 Comm: repro Not tainted 6.3.0-rc1-134231664868+ #1
[   31.578640] Hardware name: QEMU Standard PC (i440FX + PIIX, 1996), BIOS rel-1.16.0-0-gd239552ce722-prebuilt.qemu.org 04/01/2014
[   31.580712] Call Trace:
[   31.581188]  <TASK>
[   31.581608]  dump_stack_lvl+0xe0/0x110
[   31.582340]  dump_stack+0x19/0x20
[   31.582979]  xfs_corruption_error+0xd6/0xe0
[   31.583775]  ? xfs_free_perag+0x10b/0x180
[   31.584542]  xfs_free_perag+0x13e/0x180
[   31.585275]  ? xfs_free_perag+0x10b/0x180
[   31.586041]  xfs_unmountfs+0xfb/0x1f0
[   31.586754]  xfs_fs_put_super+0x5a/0x120
[   31.587506]  ? __pfx_xfs_fs_put_super+0x10/0x10
[   31.588377]  generic_shutdown_super+0xac/0x240
[   31.589234]  kill_block_super+0x43/0x80
[   31.589979]  deactivate_locked_super+0x52/0xb0
[   31.590843]  deactivate_super+0xb3/0xd0
[   31.591578]  cleanup_mnt+0x15e/0x1e0
[   31.592275]  __cleanup_mnt+0x1f/0x30
[   31.592972]  task_work_run+0xb6/0x120
[   31.593684]  do_exit+0x547/0x1360
[   31.594337]  ? __this_cpu_preempt_check+0x20/0x30
[   31.595241]  ? lockdep_hardirqs_on+0x8a/0x110
[   31.596084]  do_group_exit+0x5e/0xf0
[   31.596773]  __x64_sys_exit_group+0x25/0x30
[   31.597562]  do_syscall_64+0x3b/0x90
[   31.598257]  entry_SYSCALL_64_after_hwframe+0x72/0xdc
[   31.599221] RIP: 0033:0x7f38e12f3cf6
[   31.599902] Code: Unable to access opcode bytes at 0x7f38e12f3ccc.
[   31.601038] RSP: 002b:00007ffc26690198 EFLAGS: 00000246 ORIG_RAX: 00000000000000e7
[   31.602460] RAX: ffffffffffffffda RBX: 00007f38e13fe490 RCX: 00007f38e12f3cf6
[   31.603782] RDX: 0000000000000001 RSI: 000000000000003c RDI: 0000000000000001
[   31.605090] RBP: 0000000000000001 R08: 00000000000000e7 R09: ffffffffffffff80
[   31.606411] R10: 0000000000000004 R11: 0000000000000246 R12: 00007f38e13fe490
[   31.607736] R13: 0000000000000001 R14: 00007f38e1401e88 R15: 0000000000000000
[   31.609075]  </TASK>
[   31.609629] XFS (loop0): Corruption detected. Unmount and run xfs_repair
[   31.921985] loop0: detected capacity change from 0 to 65536
[   31.925623] XFS (loop0): Mounting V5 Filesystem d6f69dbd-8c5d-46be-b88e-92c0ae88ceb2
[   31.938340] XFS (loop0): Ending clean mount
[   31.940318] XFS (loop0): Quotacheck needed: Please wait.
[   31.954236] XFS (loop0): Quotacheck: Done.
[   32.035754] XFS (loop0): Metadata CRC error detected at xfs_agf_read_verify+0x10e/0x140, xfs_agf block 0x8001 
[   32.037825] XFS (loop0): Unmount and run xfs_repair
[   32.039043] XFS (loop0): First 128 bytes of corrupted metadata buffer:
[   32.040220] 00000000: 58 41 47 46 00 00 00 01 00 00 00 01 00 00 40 00  XAGF..........@.
[   32.041641] 00000010: 00 00 00 02 00 00 00 03 00 00 00 00 00 00 00 01  ................
[   32.043151] 00000020: 00 00 00 01 00 00 00 00 00 00 00 01 00 00 00 04  ................
[   32.044571] 00000030: 00 00 00 04 00 00 3b 5f 00 00 3b 5c 00 00 00 00  ......;_..;\....
[   32.045986] 00000040: d6 f6 9d bd 8c 5d 46 be b8 8e 92 c0 ae 88 ce b2  .....]F.........
[   32.047443] 00000050: 00 00 00 00 00 00 00 00 00 00 00 00 00 00 00 00  ................
[   32.048850] 00000060: 00 00 00 00 00 00 00 00 00 00 00 00 00 00 00 00  ................
[   32.050279] 00000070: 00 00 00 00 00 00 00 00 00 00 00 00 00 00 00 00  ................
[   32.051831] XFS (loop0): metadata I/O error in "xfs_read_agf+0xd0/0x2c0" at daddr 0x8001 len 1 error 74
[   32.053542] XFS (loop0): page discard on page 00000000222ebff2, inode 0x46, pos 0.
[   32.115282] XFS (loop0): Unmounting Filesystem d6f69dbd-8c5d-46be-b88e-92c0ae88ceb2
[   32.142544] XFS (loop0): Internal error atomic_read(&pag->pag_active_ref) != 0 at line 257 of file fs/xfs/libxfs/xfs_ag.c.  Caller xfs_free_perag+0x10b/0x180
[   32.144765] CPU: 1 PID: 562 Comm: repro Not tainted 6.3.0-rc1-134231664868+ #1
[   32.145886] Hardware name: QEMU Standard PC (i440FX + PIIX, 1996), BIOS rel-1.16.0-0-gd239552ce722-prebuilt.qemu.org 04/01/2014
[   32.147640] Call Trace:
[   32.148043]  <TASK>
[   32.148400]  dump_stack_lvl+0xe0/0x110
[   32.149019]  dump_stack+0x19/0x20
[   32.149572]  xfs_corruption_error+0xd6/0xe0
[   32.150261]  ? xfs_free_perag+0x10b/0x180
[   32.150905]  xfs_free_perag+0x13e/0x180
[   32.151522]  ? xfs_free_perag+0x10b/0x180
[   32.152178]  xfs_unmountfs+0xfb/0x1f0
[   32.152781]  xfs_fs_put_super+0x5a/0x120
[   32.153428]  ? __pfx_xfs_fs_put_super+0x10/0x10
[   32.154158]  generic_shutdown_super+0xac/0x240
[   32.154907]  kill_block_super+0x43/0x80
[   32.155536]  deactivate_locked_super+0x52/0xb0
[   32.156239]  deactivate_super+0xb3/0xd0
[   32.156859]  cleanup_mnt+0x15e/0x1e0
[   32.157459]  __cleanup_mnt+0x1f/0x30
[   32.158057]  task_work_run+0xb6/0x120
[   32.158692]  do_exit+0x547/0x1360
[   32.159234]  ? __this_cpu_preempt_check+0x20/0x30
[   32.159993]  ? lockdep_hardirqs_on+0x8a/0x110
[   32.160697]  do_group_exit+0x5e/0xf0
[   32.161278]  __x64_sys_exit_group+0x25/0x30
[   32.161960]  do_syscall_64+0x3b/0x90
[   32.162582]  entry_SYSCALL_64_after_hwframe+0x72/0xdc
[   32.163388] RIP: 0033:0x7f8d1fde0cf6
[   32.163965] Code: Unable to access opcode bytes at 0x7f8d1fde0ccc.
[   32.164909] RSP: 002b:00007fff522bd898 EFLAGS: 00000246 ORIG_RAX: 00000000000000e7
[   32.166067] RAX: ffffffffffffffda RBX: 00007f8d1feeb490 RCX: 00007f8d1fde0cf6
[   32.167193] RDX: 0000000000000001 RSI: 000000000000003c RDI: 0000000000000001
[   32.168291] RBP: 0000000000000001 R08: 00000000000000e7 R09: ffffffffffffff80
[   32.169359] R10: 0000000000000004 R11: 0000000000000246 R12: 00007f8d1feeb490
[   32.170455] R13: 0000000000000001 R14: 00007f8d1feeee88 R15: 0000000000000000
[   32.171570]  </TASK>
[   32.172060] XFS (loop0): Corruption detected. Unmount and run xfs_repair
[   32.565780] loop0: detected capacity change from 0 to 65536
[   32.569838] XFS (loop0): Mounting V5 Filesystem d6f69dbd-8c5d-46be-b88e-92c0ae88ceb2
[   32.582528] XFS (loop0): Ending clean mount
[   32.583926] XFS (loop0): Quotacheck needed: Please wait.
[   32.594640] XFS (loop0): Quotacheck: Done.
[   32.686937] XFS (loop0): Metadata CRC error detected at xfs_agf_read_verify+0x10e/0x140, xfs_agf block 0x8001 
[   32.688701] XFS (loop0): Unmount and run xfs_repair
[   32.689478] XFS (loop0): First 128 bytes of corrupted metadata buffer:
[   32.690819] 00000000: 58 41 47 46 00 00 00 01 00 00 00 01 00 00 40 00  XAGF..........@.
[   32.692366] 00000010: 00 00 00 02 00 00 00 03 00 00 00 00 00 00 00 01  ................
[   32.693831] 00000020: 00 00 00 01 00 00 00 00 00 00 00 01 00 00 00 04  ................
[   32.695391] 00000030: 00 00 00 04 00 00 3b 5f 00 00 3b 5c 00 00 00 00  ......;_..;\....
[   32.696854] 00000040: d6 f6 9d bd 8c 5d 46 be b8 8e 92 c0 ae 88 ce b2  .....]F.........
[   32.698323] 00000050: 00 00 00 00 00 00 00 00 00 00 00 00 00 00 00 00  ................
[   32.699828] 00000060: 00 00 00 00 00 00 00 00 00 00 00 00 00 00 00 00  ................
[   32.701296] 00000070: 00 00 00 00 00 00 00 00 00 00 00 00 00 00 00 00  ................
[   32.702869] XFS (loop0): metadata I/O error in "xfs_read_agf+0xd0/0x2c0" at daddr 0x8001 len 1 error 74
[   32.704647] XFS (loop0): page discard on page 00000000e015443a, inode 0x46, pos 0.
[   32.766827] XFS (loop0): Unmounting Filesystem d6f69dbd-8c5d-46be-b88e-92c0ae88ceb2
[   32.794508] XFS (loop0): Internal error atomic_read(&pag->pag_active_ref) != 0 at line 257 of file fs/xfs/libxfs/xfs_ag.c.  Caller xfs_free_perag+0x10b/0x180
[   32.796711] CPU: 0 PID: 577 Comm: repro Not tainted 6.3.0-rc1-134231664868+ #1
[   32.797859] Hardware name: QEMU Standard PC (i440FX + PIIX, 1996), BIOS rel-1.16.0-0-gd239552ce722-prebuilt.qemu.org 04/01/2014
[   32.799976] Call Trace:
[   32.800444]  <TASK>
[   32.800845]  dump_stack_lvl+0xe0/0x110
[   32.801541]  dump_stack+0x19/0x20
[   32.802157]  xfs_corruption_error+0xd6/0xe0
[   32.802960]  ? xfs_free_perag+0x10b/0x180
[   32.803707]  xfs_free_perag+0x13e/0x180
[   32.804417]  ? xfs_free_perag+0x10b/0x180
[   32.805161]  xfs_unmountfs+0xfb/0x1f0
[   32.805848]  xfs_fs_put_super+0x5a/0x120
[   32.806589]  ? __pfx_xfs_fs_put_super+0x10/0x10
[   32.807422]  generic_shutdown_super+0xac/0x240
[   32.808244]  kill_block_super+0x43/0x80
[   32.808953]  deactivate_locked_super+0x52/0xb0
[   32.809754]  deactivate_super+0xb3/0xd0
[   32.810465]  cleanup_mnt+0x15e/0x1e0
[   32.811134]  __cleanup_mnt+0x1f/0x30
[   32.811794]  task_work_run+0xb6/0x120
[   32.812471]  do_exit+0x547/0x1360
[   32.813082]  ? __this_cpu_preempt_check+0x20/0x30
[   32.813938]  ? lockdep_hardirqs_on+0x8a/0x110
[   32.814747]  do_group_exit+0x5e/0xf0
[   32.815410]  __x64_sys_exit_group+0x25/0x30
[   32.816171]  do_syscall_64+0x3b/0x90
[   32.816844]  entry_SYSCALL_64_after_hwframe+0x72/0xdc
[   32.817782] RIP: 0033:0x7ff91888bcf6
[   32.818650] Code: Unable to access opcode bytes at 0x7ff91888bccc.
[   32.819762] RSP: 002b:00007fffbb582bb8 EFLAGS: 00000246 ORIG_RAX: 00000000000000e7
[   32.821169] RAX: ffffffffffffffda RBX: 00007ff918996490 RCX: 00007ff91888bcf6
[   32.822495] RDX: 0000000000000001 RSI: 000000000000003c RDI: 0000000000000001
[   32.823770] RBP: 0000000000000001 R08: 00000000000000e7 R09: ffffffffffffff80
[   32.825051] R10: 0000000000000004 R11: 0000000000000246 R12: 00007ff918996490
[   32.826342] R13: 0000000000000001 R14: 00007ff918999e88 R15: 0000000000000000
[   32.827667]  </TASK>
[   32.828231] XFS (loop0): Corruption detected. Unmount and run xfs_repair
[   33.134794] loop0: detected capacity change from 0 to 65536
[   33.139618] XFS (loop0): Mounting V5 Filesystem d6f69dbd-8c5d-46be-b88e-92c0ae88ceb2
[   33.154209] XFS (loop0): Ending clean mount
[   33.156298] XFS (loop0): Quotacheck needed: Please wait.
[   33.168726] XFS (loop0): Quotacheck: Done.
[   33.264182] XFS (loop0): Metadata CRC error detected at xfs_agf_read_verify+0x10e/0x140, xfs_agf block 0x8001 
[   33.266223] XFS (loop0): Unmount and run xfs_repair
[   33.267197] XFS (loop0): First 128 bytes of corrupted metadata buffer:
[   33.268397] 00000000: 58 41 47 46 00 00 00 01 00 00 00 01 00 00 40 00  XAGF..........@.
[   33.269851] 00000010: 00 00 00 02 00 00 00 03 00 00 00 00 00 00 00 01  ................
[   33.271365] 00000020: 00 00 00 01 00 00 00 00 00 00 00 01 00 00 00 04  ................
[   33.272834] 00000030: 00 00 00 04 00 00 3b 5f 00 00 3b 5c 00 00 00 00  ......;_..;\....
[   33.274313] 00000040: d6 f6 9d bd 8c 5d 46 be b8 8e 92 c0 ae 88 ce b2  .....]F.........
[   33.275817] 00000050: 00 00 00 00 00 00 00 00 00 00 00 00 00 00 00 00  ................
[   33.277285] 00000060: 00 00 00 00 00 00 00 00 00 00 00 00 00 00 00 00  ................
[   33.278807] 00000070: 00 00 00 00 00 00 00 00 00 00 00 00 00 00 00 00  ................
[   33.280354] XFS (loop0): metadata I/O error in "xfs_read_agf+0xd0/0x2c0" at daddr 0x8001 len 1 error 74
[   33.282528] XFS (loop0): page discard on page 00000000ba22a7ed, inode 0x46, pos 0.
[   33.346540] XFS (loop0): Unmounting Filesystem d6f69dbd-8c5d-46be-b88e-92c0ae88ceb2
[   33.370626] XFS (loop0): Internal error atomic_read(&pag->pag_active_ref) != 0 at line 257 of file fs/xfs/libxfs/xfs_ag.c.  Caller xfs_free_perag+0x10b/0x180
[   33.373231] CPU: 0 PID: 591 Comm: repro Not tainted 6.3.0-rc1-134231664868+ #1
[   33.374623] Hardware name: QEMU Standard PC (i440FX + PIIX, 1996), BIOS rel-1.16.0-0-gd239552ce722-prebuilt.qemu.org 04/01/2014
[   33.376695] Call Trace:
[   33.377180]  <TASK>
[   33.377605]  dump_stack_lvl+0xe0/0x110
[   33.378357]  dump_stack+0x19/0x20
[   33.379009]  xfs_corruption_error+0xd6/0xe0
[   33.379831]  ? xfs_free_perag+0x10b/0x180
[   33.380612]  xfs_free_perag+0x13e/0x180
[   33.381358]  ? xfs_free_perag+0x10b/0x180
[   33.382131]  xfs_unmountfs+0xfb/0x1f0
[   33.382849]  xfs_fs_put_super+0x5a/0x120
[   33.383606]  ? __pfx_xfs_fs_put_super+0x10/0x10
[   33.384482]  generic_shutdown_super+0xac/0x240
[   33.385345]  kill_block_super+0x43/0x80
[   33.386086]  deactivate_locked_super+0x52/0xb0
[   33.386957]  deactivate_super+0xb3/0xd0
[   33.387690]  cleanup_mnt+0x15e/0x1e0
[   33.388390]  __cleanup_mnt+0x1f/0x30
[   33.389083]  task_work_run+0xb6/0x120
[   33.389800]  do_exit+0x547/0x1360
[   33.390464]  ? __this_cpu_preempt_check+0x20/0x30
[   33.391322]  ? lockdep_hardirqs_on+0x8a/0x110
[   33.392166]  do_group_exit+0x5e/0xf0
[   33.392866]  __x64_sys_exit_group+0x25/0x30
[   33.393660]  do_syscall_64+0x3b/0x90
[   33.394371]  entry_SYSCALL_64_after_hwframe+0x72/0xdc
[   33.395340] RIP: 0033:0x7febe559ecf6
[   33.396036] Code: Unable to access opcode bytes at 0x7febe559eccc.
[   33.397193] RSP: 002b:00007ffc7ed7b458 EFLAGS: 00000246 ORIG_RAX: 00000000000000e7
[   33.398617] RAX: ffffffffffffffda RBX: 00007febe56a9490 RCX: 00007febe559ecf6
[   33.399930] RDX: 0000000000000001 RSI: 000000000000003c RDI: 0000000000000001
[   33.401236] RBP: 0000000000000001 R08: 00000000000000e7 R09: ffffffffffffff80
[   33.402554] R10: 0000000000000004 R11: 0000000000000246 R12: 00007febe56a9490
[   33.403863] R13: 0000000000000001 R14: 00007febe56ace88 R15: 0000000000000000
[   33.405192]  </TASK>
[   33.405686] XFS (loop0): Corruption detected. Unmount and run xfs_repair
[   33.716132] loop0: detected capacity change from 0 to 65536
[   33.720139] XFS (loop0): Mounting V5 Filesystem d6f69dbd-8c5d-46be-b88e-92c0ae88ceb2
[   33.732944] XFS (loop0): Ending clean mount
[   33.734353] XFS (loop0): Quotacheck needed: Please wait.
[   33.746465] XFS (loop0): Quotacheck: Done.
[   33.822058] XFS (loop0): Metadata CRC error detected at xfs_agf_read_verify+0x10e/0x140, xfs_agf block 0x8001 
[   33.824101] XFS (loop0): Unmount and run xfs_repair
[   33.825009] XFS (loop0): First 128 bytes of corrupted metadata buffer:
[   33.826218] 00000000: 58 41 47 46 00 00 00 01 00 00 00 01 00 00 40 00  XAGF..........@.
[   33.827730] 00000010: 00 00 00 02 00 00 00 03 00 00 00 00 00 00 00 01  ................
[   33.829210] 00000020: 00 00 00 01 00 00 00 00 00 00 00 01 00 00 00 04  ................
[   33.830719] 00000030: 00 00 00 04 00 00 3b 5f 00 00 3b 5c 00 00 00 00  ......;_..;\....
[   33.832173] 00000040: d6 f6 9d bd 8c 5d 46 be b8 8e 92 c0 ae 88 ce b2  .....]F.........
[   33.833620] 00000050: 00 00 00 00 00 00 00 00 00 00 00 00 00 00 00 00  ................
[   33.835123] 00000060: 00 00 00 00 00 00 00 00 00 00 00 00 00 00 00 00  ................
[   33.836571] 00000070: 00 00 00 00 00 00 00 00 00 00 00 00 00 00 00 00  ................
[   33.838123] XFS (loop0): metadata I/O error in "xfs_read_agf+0xd0/0x2c0" at daddr 0x8001 len 1 error 74
[   33.840100] XFS (loop0): page discard on page 000000008c10aaed, inode 0x46, pos 0.
[   33.907921] XFS (loop0): Unmounting Filesystem d6f69dbd-8c5d-46be-b88e-92c0ae88ceb2
[   33.942572] XFS (loop0): Internal error atomic_read(&pag->pag_active_ref) != 0 at line 257 of file fs/xfs/libxfs/xfs_ag.c.  Caller xfs_free_perag+0x10b/0x180
[   33.945242] CPU: 1 PID: 605 Comm: repro Not tainted 6.3.0-rc1-134231664868+ #1
[   33.946613] Hardware name: QEMU Standard PC (i440FX + PIIX, 1996), BIOS rel-1.16.0-0-gd239552ce722-prebuilt.qemu.org 04/01/2014
[   33.948695] Call Trace:
[   33.949183]  <TASK>
[   33.949625]  dump_stack_lvl+0xe0/0x110
[   33.950375]  dump_stack+0x19/0x20
[   33.951025]  xfs_corruption_error+0xd6/0xe0
[   33.951835]  ? xfs_free_perag+0x10b/0x180
[   33.952618]  xfs_free_perag+0x13e/0x180
[   33.953366]  ? xfs_free_perag+0x10b/0x180
[   33.954175]  xfs_unmountfs+0xfb/0x1f0
[   33.954919]  xfs_fs_put_super+0x5a/0x120
[   33.955688]  ? __pfx_xfs_fs_put_super+0x10/0x10
[   33.956564]  generic_shutdown_super+0xac/0x240
[   33.957431]  kill_block_super+0x43/0x80
[   33.958180]  deactivate_locked_super+0x52/0xb0
[   33.959077]  deactivate_super+0xb3/0xd0
[   33.959844]  cleanup_mnt+0x15e/0x1e0
[   33.960592]  __cleanup_mnt+0x1f/0x30
[   33.961305]  task_work_run+0xb6/0x120
[   33.962038]  do_exit+0x547/0x1360
[   33.962714]  ? __this_cpu_preempt_check+0x20/0x30
[   33.963622]  ? lockdep_hardirqs_on+0x8a/0x110
[   33.964460]  do_group_exit+0x5e/0xf0
[   33.965156]  __x64_sys_exit_group+0x25/0x30
[   33.965949]  do_syscall_64+0x3b/0x90
[   33.966674]  entry_SYSCALL_64_after_hwframe+0x72/0xdc
[   33.967633] RIP: 0033:0x7f28bbee2cf6
[   33.968327] Code: Unable to access opcode bytes at 0x7f28bbee2ccc.
[   33.969471] RSP: 002b:00007ffc6dca1dd8 EFLAGS: 00000246 ORIG_RAX: 00000000000000e7
[   33.970876] RAX: ffffffffffffffda RBX: 00007f28bbfed490 RCX: 00007f28bbee2cf6
[   33.972193] RDX: 0000000000000001 RSI: 000000000000003c RDI: 0000000000000001
[   33.973506] RBP: 0000000000000001 R08: 00000000000000e7 R09: ffffffffffffff80
[   33.974846] R10: 0000000000000004 R11: 0000000000000246 R12: 00007f28bbfed490
[   33.976165] R13: 0000000000000001 R14: 00007f28bbff0e88 R15: 0000000000000000
[   33.977498]  </TASK>
[   33.978020] XFS (loop0): Corruption detected. Unmount and run xfs_repair
[   34.343331] loop0: detected capacity change from 0 to 65536
[   34.347652] XFS (loop0): Mounting V5 Filesystem d6f69dbd-8c5d-46be-b88e-92c0ae88ceb2
[   34.359242] XFS (loop0): Ending clean mount
[   34.361119] XFS (loop0): Quotacheck needed: Please wait.
[   34.368040] XFS (loop0): Quotacheck: Done.
[   34.441938] XFS (loop0): Metadata CRC error detected at xfs_agf_read_verify+0x10e/0x140, xfs_agf block 0x8001 
[   34.443815] XFS (loop0): Unmount and run xfs_repair
[   34.444640] XFS (loop0): First 128 bytes of corrupted metadata buffer:
[   34.445716] 00000000: 58 41 47 46 00 00 00 01 00 00 00 01 00 00 40 00  XAGF..........@.
[   34.447342] 00000010: 00 00 00 02 00 00 00 03 00 00 00 00 00 00 00 01  ................
[   34.448821] 00000020: 00 00 00 01 00 00 00 00 00 00 00 01 00 00 00 04  ................
[   34.450304] 00000030: 00 00 00 04 00 00 3b 5f 00 00 3b 5c 00 00 00 00  ......;_..;\....
[   34.451860] 00000040: d6 f6 9d bd 8c 5d 46 be b8 8e 92 c0 ae 88 ce b2  .....]F.........
[   34.453331] 00000050: 00 00 00 00 00 00 00 00 00 00 00 00 00 00 00 00  ................
[   34.454843] 00000060: 00 00 00 00 00 00 00 00 00 00 00 00 00 00 00 00  ................
[   34.456314] 00000070: 00 00 00 00 00 00 00 00 00 00 00 00 00 00 00 00  ................
[   34.457973] XFS (loop0): metadata I/O error in "xfs_read_agf+0xd0/0x2c0" at daddr 0x8001 len 1 error 74
[   34.460057] XFS (loop0): page discard on page 000000004417257a, inode 0x46, pos 0.
[   34.528691] XFS (loop0): Unmounting Filesystem d6f69dbd-8c5d-46be-b88e-92c0ae88ceb2
[   34.554496] XFS (loop0): Internal error atomic_read(&pag->pag_active_ref) != 0 at line 257 of file fs/xfs/libxfs/xfs_ag.c.  Caller xfs_free_perag+0x10b/0x180
[   34.556699] CPU: 1 PID: 619 Comm: repro Not tainted 6.3.0-rc1-134231664868+ #1
[   34.557826] Hardware name: QEMU Standard PC (i440FX + PIIX, 1996), BIOS rel-1.16.0-0-gd239552ce722-prebuilt.qemu.org 04/01/2014
[   34.559602] Call Trace:
[   34.560012]  <TASK>
[   34.560377]  dump_stack_lvl+0xe0/0x110
[   34.561011]  dump_stack+0x19/0x20
[   34.561570]  xfs_corruption_error+0xd6/0xe0
[   34.562264]  ? xfs_free_perag+0x10b/0x180
[   34.562905]  xfs_free_perag+0x13e/0x180
[   34.563503]  ? xfs_free_perag+0x10b/0x180
[   34.564138]  xfs_unmountfs+0xfb/0x1f0
[   34.564715]  xfs_fs_put_super+0x5a/0x120
[   34.565341]  ? __pfx_xfs_fs_put_super+0x10/0x10
[   34.566062]  generic_shutdown_super+0xac/0x240
[   34.566800]  kill_block_super+0x43/0x80
[   34.567433]  deactivate_locked_super+0x52/0xb0
[   34.568132]  deactivate_super+0xb3/0xd0
[   34.568744]  cleanup_mnt+0x15e/0x1e0
[   34.569335]  __cleanup_mnt+0x1f/0x30
[   34.569920]  task_work_run+0xb6/0x120
[   34.570531]  do_exit+0x547/0x1360
[   34.571068]  ? __this_cpu_preempt_check+0x20/0x30
[   34.571843]  ? lockdep_hardirqs_on+0x8a/0x110
[   34.572547]  do_group_exit+0x5e/0xf0
[   34.573125]  __x64_sys_exit_group+0x25/0x30
[   34.573784]  do_syscall_64+0x3b/0x90
[   34.574372]  entry_SYSCALL_64_after_hwframe+0x72/0xdc
[   34.575165] RIP: 0033:0x7fb9c794ecf6
[   34.575732] Code: Unable to access opcode bytes at 0x7fb9c794eccc.
[   34.576659] RSP: 002b:00007ffe51009808 EFLAGS: 00000246 ORIG_RAX: 00000000000000e7
[   34.577804] RAX: ffffffffffffffda RBX: 00007fb9c7a59490 RCX: 00007fb9c794ecf6
[   34.578881] RDX: 0000000000000001 RSI: 000000000000003c RDI: 0000000000000001
[   34.579950] RBP: 0000000000000001 R08: 00000000000000e7 R09: ffffffffffffff80
[   34.581016] R10: 0000000000000004 R11: 0000000000000246 R12: 00007fb9c7a59490
[   34.582085] R13: 0000000000000001 R14: 00007fb9c7a5ce88 R15: 0000000000000000
[   34.583192]  </TASK>
[   34.583657] XFS (loop0): Corruption detected. Unmount and run xfs_repair
[   34.909020] loop0: detected capacity change from 0 to 65536
[   34.913389] XFS (loop0): Mounting V5 Filesystem d6f69dbd-8c5d-46be-b88e-92c0ae88ceb2
[   34.924322] XFS (loop0): Ending clean mount
[   34.925657] XFS (loop0): Quotacheck needed: Please wait.
[   34.934382] XFS (loop0): Quotacheck: Done.
[   35.019953] XFS (loop0): Metadata CRC error detected at xfs_agf_read_verify+0x10e/0x140, xfs_agf block 0x8001 
[   35.021692] XFS (loop0): Unmount and run xfs_repair
[   35.022606] XFS (loop0): First 128 bytes of corrupted metadata buffer:
[   35.023637] 00000000: 58 41 47 46 00 00 00 01 00 00 00 01 00 00 40 00  XAGF..........@.
[   35.024870] 00000010: 00 00 00 02 00 00 00 03 00 00 00 00 00 00 00 01  ................
[   35.026108] 00000020: 00 00 00 01 00 00 00 00 00 00 00 01 00 00 00 04  ................
[   35.027336] 00000030: 00 00 00 04 00 00 3b 5f 00 00 3b 5c 00 00 00 00  ......;_..;\....
[   35.028581] 00000040: d6 f6 9d bd 8c 5d 46 be b8 8e 92 c0 ae 88 ce b2  .....]F.........
[   35.029831] 00000050: 00 00 00 00 00 00 00 00 00 00 00 00 00 00 00 00  ................
[   35.031126] 00000060: 00 00 00 00 00 00 00 00 00 00 00 00 00 00 00 00  ................
[   35.032370] 00000070: 00 00 00 00 00 00 00 00 00 00 00 00 00 00 00 00  ................
[   35.033663] XFS (loop0): metadata I/O error in "xfs_read_agf+0xd0/0x2c0" at daddr 0x8001 len 1 error 74
[   35.035495] XFS (loop0): page discard on page 0000000000314b96, inode 0x46, pos 0.
[   35.117641] XFS (loop0): Unmounting Filesystem d6f69dbd-8c5d-46be-b88e-92c0ae88ceb2
[   35.142629] XFS (loop0): Internal error atomic_read(&pag->pag_active_ref) != 0 at line 257 of file fs/xfs/libxfs/xfs_ag.c.  Caller xfs_free_perag+0x10b/0x180
[   35.145746] CPU: 1 PID: 633 Comm: repro Not tainted 6.3.0-rc1-134231664868+ #1
[   35.147336] Hardware name: QEMU Standard PC (i440FX + PIIX, 1996), BIOS rel-1.16.0-0-gd239552ce722-prebuilt.qemu.org 04/01/2014
[   35.149752] Call Trace:
[   35.150322]  <TASK>
[   35.150818]  dump_stack_lvl+0xe0/0x110
[   35.151675]  dump_stack+0x19/0x20
[   35.152437]  xfs_corruption_error+0xd6/0xe0
[   35.153398]  ? xfs_free_perag+0x10b/0x180
[   35.154452]  xfs_free_perag+0x13e/0x180
[   35.155075]  ? xfs_free_perag+0x10b/0x180
[   35.155730]  xfs_unmountfs+0xfb/0x1f0
[   35.156329]  xfs_fs_put_super+0x5a/0x120
[   35.156964]  ? __pfx_xfs_fs_put_super+0x10/0x10
[   35.157684]  generic_shutdown_super+0xac/0x240
[   35.158416]  kill_block_super+0x43/0x80
[   35.159049]  deactivate_locked_super+0x52/0xb0
[   35.159751]  deactivate_super+0xb3/0xd0
[   35.160364]  cleanup_mnt+0x15e/0x1e0
[   35.160953]  __cleanup_mnt+0x1f/0x30
[   35.161536]  task_work_run+0xb6/0x120
[   35.162125]  do_exit+0x547/0x1360
[   35.162671]  ? __this_cpu_preempt_check+0x20/0x30
[   35.163420]  ? lockdep_hardirqs_on+0x8a/0x110
[   35.164124]  do_group_exit+0x5e/0xf0
[   35.164704]  __x64_sys_exit_group+0x25/0x30
[   35.165367]  do_syscall_64+0x3b/0x90
[   35.165949]  entry_SYSCALL_64_after_hwframe+0x72/0xdc
[   35.166759] RIP: 0033:0x7f84ced96cf6
[   35.167333] Code: Unable to access opcode bytes at 0x7f84ced96ccc.
[   35.168273] RSP: 002b:00007ffd0e9eafb8 EFLAGS: 00000246 ORIG_RAX: 00000000000000e7
[   35.169428] RAX: ffffffffffffffda RBX: 00007f84ceea1490 RCX: 00007f84ced96cf6
[   35.170544] RDX: 0000000000000001 RSI: 000000000000003c RDI: 0000000000000001
[   35.171627] RBP: 0000000000000001 R08: 00000000000000e7 R09: ffffffffffffff80
[   35.172704] R10: 0000000000000004 R11: 0000000000000246 R12: 00007f84ceea1490
[   35.173780] R13: 0000000000000001 R14: 00007f84ceea4e88 R15: 0000000000000000
[   35.174904]  </TASK>
[   35.175362] XFS (loop0): Corruption detected. Unmount and run xfs_repair
[   35.506302] loop0: detected capacity change from 0 to 65536
[   35.510087] XFS (loop0): Mounting V5 Filesystem d6f69dbd-8c5d-46be-b88e-92c0ae88ceb2
[   35.522535] XFS (loop0): Ending clean mount
[   35.524081] XFS (loop0): Quotacheck needed: Please wait.
[   35.540033] XFS (loop0): Quotacheck: Done.
[   35.637409] XFS (loop0): Metadata CRC error detected at xfs_agf_read_verify+0x10e/0x140, xfs_agf block 0x8001 
[   35.639581] XFS (loop0): Unmount and run xfs_repair
[   35.640385] XFS (loop0): First 128 bytes of corrupted metadata buffer:
[   35.641434] 00000000: 58 41 47 46 00 00 00 01 00 00 00 01 00 00 40 00  XAGF..........@.
[   35.643045] 00000010: 00 00 00 02 00 00 00 03 00 00 00 00 00 00 00 01  ................
[   35.644569] 00000020: 00 00 00 01 00 00 00 00 00 00 00 01 00 00 00 04  ................
[   35.646081] 00000030: 00 00 00 04 00 00 3b 5f 00 00 3b 5c 00 00 00 00  ......;_..;\....
[   35.647646] 00000040: d6 f6 9d bd 8c 5d 46 be b8 8e 92 c0 ae 88 ce b2  .....]F.........
[   35.649152] 00000050: 00 00 00 00 00 00 00 00 00 00 00 00 00 00 00 00  ................
[   35.650739] 00000060: 00 00 00 00 00 00 00 00 00 00 00 00 00 00 00 00  ................
[   35.652256] 00000070: 00 00 00 00 00 00 00 00 00 00 00 00 00 00 00 00  ................
[   35.653828] XFS (loop0): metadata I/O error in "xfs_read_agf+0xd0/0x2c0" at daddr 0x8001 len 1 error 74
[   35.655705] XFS (loop0): page discard on page 00000000ecae0123, inode 0x46, pos 0.
[   35.725794] XFS (loop0): Unmounting Filesystem d6f69dbd-8c5d-46be-b88e-92c0ae88ceb2
[   35.750681] XFS (loop0): Internal error atomic_read(&pag->pag_active_ref) != 0 at line 257 of file fs/xfs/libxfs/xfs_ag.c.  Caller xfs_free_perag+0x10b/0x180
[   35.752972] CPU: 1 PID: 647 Comm: repro Not tainted 6.3.0-rc1-134231664868+ #1
[   35.754155] Hardware name: QEMU Standard PC (i440FX + PIIX, 1996), BIOS rel-1.16.0-0-gd239552ce722-prebuilt.qemu.org 04/01/2014
[   35.756013] Call Trace:
[   35.756437]  <TASK>
[   35.756815]  dump_stack_lvl+0xe0/0x110
[   35.757467]  dump_stack+0x19/0x20
[   35.758043]  xfs_corruption_error+0xd6/0xe0
[   35.758779]  ? xfs_free_perag+0x10b/0x180
[   35.759475]  xfs_free_perag+0x13e/0x180
[   35.760133]  ? xfs_free_perag+0x10b/0x180
[   35.760827]  xfs_unmountfs+0xfb/0x1f0
[   35.761474]  xfs_fs_put_super+0x5a/0x120
[   35.762158]  ? __pfx_xfs_fs_put_super+0x10/0x10
[   35.762962]  generic_shutdown_super+0xac/0x240
[   35.763736]  kill_block_super+0x43/0x80
[   35.764415]  deactivate_locked_super+0x52/0xb0
[   35.765178]  deactivate_super+0xb3/0xd0
[   35.765843]  cleanup_mnt+0x15e/0x1e0
[   35.766499]  __cleanup_mnt+0x1f/0x30
[   35.767133]  task_work_run+0xb6/0x120
[   35.767779]  do_exit+0x547/0x1360
[   35.768354]  ? __this_cpu_preempt_check+0x20/0x30
[   35.769164]  ? lockdep_hardirqs_on+0x8a/0x110
[   35.769924]  do_group_exit+0x5e/0xf0
[   35.770565]  __x64_sys_exit_group+0x25/0x30
[   35.771274]  do_syscall_64+0x3b/0x90
[   35.771901]  entry_SYSCALL_64_after_hwframe+0x72/0xdc
[   35.772751] RIP: 0033:0x7ff46aa0ccf6
[   35.773363] Code: Unable to access opcode bytes at 0x7ff46aa0cccc.
[   35.774368] RSP: 002b:00007fffd93eb388 EFLAGS: 00000246 ORIG_RAX: 00000000000000e7
[   35.775601] RAX: ffffffffffffffda RBX: 00007ff46ab17490 RCX: 00007ff46aa0ccf6
[   35.776751] RDX: 0000000000000001 RSI: 000000000000003c RDI: 0000000000000001
[   35.777903] RBP: 0000000000000001 R08: 00000000000000e7 R09: ffffffffffffff80
[   35.779074] R10: 0000000000000004 R11: 0000000000000246 R12: 00007ff46ab17490
[   35.780228] R13: 0000000000000001 R14: 00007ff46ab1ae88 R15: 0000000000000000
[   35.781412]  </TASK>
[   35.781909] XFS (loop0): Corruption detected. Unmount and run xfs_repair
[   36.092643] loop0: detected capacity change from 0 to 65536
[   36.096315] XFS (loop0): Mounting V5 Filesystem d6f69dbd-8c5d-46be-b88e-92c0ae88ceb2
[   36.107994] XFS (loop0): Ending clean mount
[   36.109337] XFS (loop0): Quotacheck needed: Please wait.
[   36.117742] XFS (loop0): Quotacheck: Done.
[   36.205266] XFS (loop0): Metadata CRC error detected at xfs_agf_read_verify+0x10e/0x140, xfs_agf block 0x8001 
[   36.207439] XFS (loop0): Unmount and run xfs_repair
[   36.208387] XFS (loop0): First 128 bytes of corrupted metadata buffer:
[   36.209619] 00000000: 58 41 47 46 00 00 00 01 00 00 00 01 00 00 40 00  XAGF..........@.
[   36.211183] 00000010: 00 00 00 02 00 00 00 03 00 00 00 00 00 00 00 01  ................
[   36.212680] 00000020: 00 00 00 01 00 00 00 00 00 00 00 01 00 00 00 04  ................
[   36.214184] 00000030: 00 00 00 04 00 00 3b 5f 00 00 3b 5c 00 00 00 00  ......;_..;\....
[   36.215747] 00000040: d6 f6 9d bd 8c 5d 46 be b8 8e 92 c0 ae 88 ce b2  .....]F.........
[   36.217255] 00000050: 00 00 00 00 00 00 00 00 00 00 00 00 00 00 00 00  ................
[   36.218803] 00000060: 00 00 00 00 00 00 00 00 00 00 00 00 00 00 00 00  ................
[   36.220311] 00000070: 00 00 00 00 00 00 00 00 00 00 00 00 00 00 00 00  ................
[   36.221989] XFS (loop0): metadata I/O error in "xfs_read_agf+0xd0/0x2c0" at daddr 0x8001 len 1 error 74
[   36.223956] XFS (loop0): page discard on page 000000001429a695, inode 0x46, pos 0.
[   36.285171] XFS (loop0): Unmounting Filesystem d6f69dbd-8c5d-46be-b88e-92c0ae88ceb2
[   36.322670] XFS (loop0): Internal error atomic_read(&pag->pag_active_ref) != 0 at line 257 of file fs/xfs/libxfs/xfs_ag.c.  Caller xfs_free_perag+0x10b/0x180
[   36.324905] CPU: 0 PID: 662 Comm: repro Not tainted 6.3.0-rc1-134231664868+ #1
[   36.326028] Hardware name: QEMU Standard PC (i440FX + PIIX, 1996), BIOS rel-1.16.0-0-gd239552ce722-prebuilt.qemu.org 04/01/2014
[   36.327766] Call Trace:
[   36.328170]  <TASK>
[   36.328531]  dump_stack_lvl+0xe0/0x110
[   36.329151]  dump_stack+0x19/0x20
[   36.329700]  xfs_corruption_error+0xd6/0xe0
[   36.330414]  ? xfs_free_perag+0x10b/0x180
[   36.331075]  xfs_free_perag+0x13e/0x180
[   36.331705]  ? xfs_free_perag+0x10b/0x180
[   36.332366]  xfs_unmountfs+0xfb/0x1f0
[   36.332975]  xfs_fs_put_super+0x5a/0x120
[   36.333626]  ? __pfx_xfs_fs_put_super+0x10/0x10
[   36.334385]  generic_shutdown_super+0xac/0x240
[   36.335125]  kill_block_super+0x43/0x80
[   36.335771]  deactivate_locked_super+0x52/0xb0
[   36.336491]  deactivate_super+0xb3/0xd0
[   36.337123]  cleanup_mnt+0x15e/0x1e0
[   36.337728]  __cleanup_mnt+0x1f/0x30
[   36.338339]  task_work_run+0xb6/0x120
[   36.338957]  do_exit+0x547/0x1360
[   36.339512]  ? __this_cpu_preempt_check+0x20/0x30
[   36.340286]  ? lockdep_hardirqs_on+0x8a/0x110
[   36.341007]  do_group_exit+0x5e/0xf0
[   36.341597]  __x64_sys_exit_group+0x25/0x30
[   36.342278]  do_syscall_64+0x3b/0x90
[   36.342873]  entry_SYSCALL_64_after_hwframe+0x72/0xdc
[   36.343682] RIP: 0033:0x7fcb92d3dcf6
[   36.344265] Code: Unable to access opcode bytes at 0x7fcb92d3dccc.
[   36.345216] RSP: 002b:00007fffbd4de508 EFLAGS: 00000246 ORIG_RAX: 00000000000000e7
[   36.346395] RAX: ffffffffffffffda RBX: 00007fcb92e48490 RCX: 00007fcb92d3dcf6
[   36.347496] RDX: 0000000000000001 RSI: 000000000000003c RDI: 0000000000000001
[   36.348594] RBP: 0000000000000001 R08: 00000000000000e7 R09: ffffffffffffff80
[   36.349695] R10: 0000000000000004 R11: 0000000000000246 R12: 00007fcb92e48490
[   36.350804] R13: 0000000000000001 R14: 00007fcb92e4be88 R15: 0000000000000000
[   36.351930]  </TASK>
[   36.352427] XFS (loop0): Corruption detected. Unmount and run xfs_repair
[   36.684298] loop0: detected capacity change from 0 to 65536
[   36.688502] XFS (loop0): Mounting V5 Filesystem d6f69dbd-8c5d-46be-b88e-92c0ae88ceb2
[   36.699892] XFS (loop0): Ending clean mount
[   36.701291] XFS (loop0): Quotacheck needed: Please wait.
[   36.709762] XFS (loop0): Quotacheck: Done.
[   36.793518] XFS (loop0): Metadata CRC error detected at xfs_agf_read_verify+0x10e/0x140, xfs_agf block 0x8001 
[   36.795635] XFS (loop0): Unmount and run xfs_repair
[   36.796554] XFS (loop0): First 128 bytes of corrupted metadata buffer:
[   36.797778] 00000000: 58 41 47 46 00 00 00 01 00 00 00 01 00 00 40 00  XAGF..........@.
[   36.799336] 00000010: 00 00 00 02 00 00 00 03 00 00 00 00 00 00 00 01  ................
[   36.800839] 00000020: 00 00 00 01 00 00 00 00 00 00 00 01 00 00 00 04  ................
[   36.802353] 00000030: 00 00 00 04 00 00 3b 5f 00 00 3b 5c 00 00 00 00  ......;_..;\....
[   36.803895] 00000040: d6 f6 9d bd 8c 5d 46 be b8 8e 92 c0 ae 88 ce b2  .....]F.........
[   36.805391] 00000050: 00 00 00 00 00 00 00 00 00 00 00 00 00 00 00 00  ................
[   36.806948] 00000060: 00 00 00 00 00 00 00 00 00 00 00 00 00 00 00 00  ................
[   36.808447] 00000070: 00 00 00 00 00 00 00 00 00 00 00 00 00 00 00 00  ................
[   36.809994] XFS (loop0): metadata I/O error in "xfs_read_agf+0xd0/0x2c0" at daddr 0x8001 len 1 error 74
[   36.811695] XFS (loop0): page discard on page 00000000a80ff26e, inode 0x46, pos 0.
[   36.878849] XFS (loop0): Unmounting Filesystem d6f69dbd-8c5d-46be-b88e-92c0ae88ceb2
[   36.910539] XFS (loop0): Internal error atomic_read(&pag->pag_active_ref) != 0 at line 257 of file fs/xfs/libxfs/xfs_ag.c.  Caller xfs_free_perag+0x10b/0x180
[   36.913142] CPU: 1 PID: 676 Comm: repro Not tainted 6.3.0-rc1-134231664868+ #1
[   36.914509] Hardware name: QEMU Standard PC (i440FX + PIIX, 1996), BIOS rel-1.16.0-0-gd239552ce722-prebuilt.qemu.org 04/01/2014
[   36.916542] Call Trace:
[   36.917012]  <TASK>
[   36.917428]  dump_stack_lvl+0xe0/0x110
[   36.918147]  dump_stack+0x19/0x20
[   36.918805]  xfs_corruption_error+0xd6/0xe0
[   36.919597]  ? xfs_free_perag+0x10b/0x180
[   36.920346]  xfs_free_perag+0x13e/0x180
[   36.921059]  ? xfs_free_perag+0x10b/0x180
[   36.921804]  xfs_unmountfs+0xfb/0x1f0
[   36.922505]  xfs_fs_put_super+0x5a/0x120
[   36.923244]  ? __pfx_xfs_fs_put_super+0x10/0x10
[   36.924094]  generic_shutdown_super+0xac/0x240
[   36.924931]  kill_block_super+0x43/0x80
[   36.925656]  deactivate_locked_super+0x52/0xb0
[   36.926493]  deactivate_super+0xb3/0xd0
[   36.927210]  cleanup_mnt+0x15e/0x1e0
[   36.927893]  __cleanup_mnt+0x1f/0x30
[   36.928573]  task_work_run+0xb6/0x120
[   36.929265]  do_exit+0x547/0x1360
[   36.929891]  ? __this_cpu_preempt_check+0x20/0x30
[   36.930744]  ? lockdep_hardirqs_on+0x8a/0x110
[   36.931542]  do_group_exit+0x5e/0xf0
[   36.932210]  __x64_sys_exit_group+0x25/0x30
[   36.932971]  do_syscall_64+0x3b/0x90
[   36.933637]  entry_SYSCALL_64_after_hwframe+0x72/0xdc
[   36.934572] RIP: 0033:0x7f0ef1122cf6
[   36.935236] Code: Unable to access opcode bytes at 0x7f0ef1122ccc.
[   36.936330] RSP: 002b:00007ffe90875468 EFLAGS: 00000246 ORIG_RAX: 00000000000000e7
[   36.937671] RAX: ffffffffffffffda RBX: 00007f0ef122d490 RCX: 00007f0ef1122cf6
[   36.938950] RDX: 0000000000000001 RSI: 000000000000003c RDI: 0000000000000001
[   36.940223] RBP: 0000000000000001 R08: 00000000000000e7 R09: ffffffffffffff80
[   36.941466] R10: 0000000000000004 R11: 0000000000000246 R12: 00007f0ef122d490
[   36.942761] R13: 0000000000000001 R14: 00007f0ef1230e88 R15: 0000000000000000
[   36.944056]  </TASK>
[   36.944584] XFS (loop0): Corruption detected. Unmount and run xfs_repair
[   37.283332] loop0: detected capacity change from 0 to 65536
[   37.287668] XFS (loop0): Mounting V5 Filesystem d6f69dbd-8c5d-46be-b88e-92c0ae88ceb2
[   37.298701] XFS (loop0): Ending clean mount
[   37.300040] XFS (loop0): Quotacheck needed: Please wait.
[   37.305175] XFS (loop0): Quotacheck: Done.
[   37.375188] XFS (loop0): Metadata CRC error detected at xfs_agf_read_verify+0x10e/0x140, xfs_agf block 0x8001 
[   37.377239] XFS (loop0): Unmount and run xfs_repair
[   37.378178] XFS (loop0): First 128 bytes of corrupted metadata buffer:
[   37.379477] 00000000: 58 41 47 46 00 00 00 01 00 00 00 01 00 00 40 00  XAGF..........@.
[   37.380958] 00000010: 00 00 00 02 00 00 00 03 00 00 00 00 00 00 00 01  ................
[   37.382496] 00000020: 00 00 00 01 00 00 00 00 00 00 00 01 00 00 00 04  ................
[   37.383965] 00000030: 00 00 00 04 00 00 3b 5f 00 00 3b 5c 00 00 00 00  ......;_..;\....
[   37.385419] 00000040: d6 f6 9d bd 8c 5d 46 be b8 8e 92 c0 ae 88 ce b2  .....]F.........
[   37.386933] 00000050: 00 00 00 00 00 00 00 00 00 00 00 00 00 00 00 00  ................
[   37.388406] 00000060: 00 00 00 00 00 00 00 00 00 00 00 00 00 00 00 00  ................
[   37.389856] 00000070: 00 00 00 00 00 00 00 00 00 00 00 00 00 00 00 00  ................
[   37.391925] XFS (loop0): metadata I/O error in "xfs_read_agf+0xd0/0x2c0" at daddr 0x8001 len 1 error 74
[   37.393772] XFS (loop0): page discard on page 00000000fa393349, inode 0x46, pos 0.
[   37.466101] XFS (loop0): Unmounting Filesystem d6f69dbd-8c5d-46be-b88e-92c0ae88ceb2
[   37.486801] XFS (loop0): Internal error atomic_read(&pag->pag_active_ref) != 0 at line 257 of file fs/xfs/libxfs/xfs_ag.c.  Caller xfs_free_perag+0x10b/0x180
[   37.489135] CPU: 1 PID: 690 Comm: repro Not tainted 6.3.0-rc1-134231664868+ #1
[   37.490320] Hardware name: QEMU Standard PC (i440FX + PIIX, 1996), BIOS rel-1.16.0-0-gd239552ce722-prebuilt.qemu.org 04/01/2014
[   37.492127] Call Trace:
[   37.492545]  <TASK>
[   37.492919]  dump_stack_lvl+0xe0/0x110
[   37.493566]  dump_stack+0x19/0x20
[   37.494142]  xfs_corruption_error+0xd6/0xe0
[   37.494876]  ? xfs_free_perag+0x10b/0x180
[   37.495564]  xfs_free_perag+0x13e/0x180
[   37.496225]  ? xfs_free_perag+0x10b/0x180
[   37.496912]  xfs_unmountfs+0xfb/0x1f0
[   37.497547]  xfs_fs_put_super+0x5a/0x120
[   37.498241]  ? __pfx_xfs_fs_put_super+0x10/0x10
[   37.499023]  generic_shutdown_super+0xac/0x240
[   37.499798]  kill_block_super+0x43/0x80
[   37.500467]  deactivate_locked_super+0x52/0xb0
[   37.501218]  deactivate_super+0xb3/0xd0
[   37.501870]  cleanup_mnt+0x15e/0x1e0
[   37.502511]  __cleanup_mnt+0x1f/0x30
[   37.503149]  task_work_run+0xb6/0x120
[   37.503805]  do_exit+0x547/0x1360
[   37.504389]  ? __this_cpu_preempt_check+0x20/0x30
[   37.505201]  ? lockdep_hardirqs_on+0x8a/0x110
[   37.505963]  do_group_exit+0x5e/0xf0
[   37.506647]  __x64_sys_exit_group+0x25/0x30
[   37.507375]  do_syscall_64+0x3b/0x90
[   37.507993]  entry_SYSCALL_64_after_hwframe+0x72/0xdc
[   37.508836] RIP: 0033:0x7fedf45d4cf6
[   37.509439] Code: Unable to access opcode bytes at 0x7fedf45d4ccc.
[   37.510446] RSP: 002b:00007ffd069c7b48 EFLAGS: 00000246 ORIG_RAX: 00000000000000e7
[   37.511669] RAX: ffffffffffffffda RBX: 00007fedf46df490 RCX: 00007fedf45d4cf6
[   37.512813] RDX: 0000000000000001 RSI: 000000000000003c RDI: 0000000000000001
[   37.513961] RBP: 0000000000000001 R08: 00000000000000e7 R09: ffffffffffffff80
[   37.515123] R10: 0000000000000004 R11: 0000000000000246 R12: 00007fedf46df490
[   37.516275] R13: 0000000000000001 R14: 00007fedf46e2e88 R15: 0000000000000000
[   37.517449]  </TASK>
[   37.517984] XFS (loop0): Corruption detected. Unmount and run xfs_repair
[   37.891519] loop0: detected capacity change from 0 to 65536
[   37.894944] XFS (loop0): Mounting V5 Filesystem d6f69dbd-8c5d-46be-b88e-92c0ae88ceb2
[   37.906488] XFS (loop0): Ending clean mount
[   37.907997] XFS (loop0): Quotacheck needed: Please wait.
[   37.916694] XFS (loop0): Quotacheck: Done.
[   38.001836] XFS (loop0): Metadata CRC error detected at xfs_agf_read_verify+0x10e/0x140, xfs_agf block 0x8001 
[   38.004025] XFS (loop0): Unmount and run xfs_repair
[   38.004931] XFS (loop0): First 128 bytes of corrupted metadata buffer:
[   38.006130] 00000000: 58 41 47 46 00 00 00 01 00 00 00 01 00 00 40 00  XAGF..........@.
[   38.007681] 00000010: 00 00 00 02 00 00 00 03 00 00 00 00 00 00 00 01  ................
[   38.009173] 00000020: 00 00 00 01 00 00 00 00 00 00 00 01 00 00 00 04  ................
[   38.010740] 00000030: 00 00 00 04 00 00 3b 5f 00 00 3b 5c 00 00 00 00  ......;_..;\....
[   38.012233] 00000040: d6 f6 9d bd 8c 5d 46 be b8 8e 92 c0 ae 88 ce b2  .....]F.........
[   38.013726] 00000050: 00 00 00 00 00 00 00 00 00 00 00 00 00 00 00 00  ................
[   38.015282] 00000060: 00 00 00 00 00 00 00 00 00 00 00 00 00 00 00 00  ................
[   38.016758] 00000070: 00 00 00 00 00 00 00 00 00 00 00 00 00 00 00 00  ................
[   38.018301] XFS (loop0): metadata I/O error in "xfs_read_agf+0xd0/0x2c0" at daddr 0x8001 len 1 error 74
[   38.020038] XFS (loop0): page discard on page 00000000482b4ce6, inode 0x46, pos 0.
[   38.084239] XFS (loop0): Unmounting Filesystem d6f69dbd-8c5d-46be-b88e-92c0ae88ceb2
[   38.118668] XFS (loop0): Internal error atomic_read(&pag->pag_active_ref) != 0 at line 257 of file fs/xfs/libxfs/xfs_ag.c.  Caller xfs_free_perag+0x10b/0x180
[   38.120933] CPU: 1 PID: 704 Comm: repro Not tainted 6.3.0-rc1-134231664868+ #1
[   38.122074] Hardware name: QEMU Standard PC (i440FX + PIIX, 1996), BIOS rel-1.16.0-0-gd239552ce722-prebuilt.qemu.org 04/01/2014
[   38.123851] Call Trace:
[   38.124262]  <TASK>
[   38.124626]  dump_stack_lvl+0xe0/0x110
[   38.125257]  dump_stack+0x19/0x20
[   38.125800]  xfs_corruption_error+0xd6/0xe0
[   38.126503]  ? xfs_free_perag+0x10b/0x180
[   38.127152]  xfs_free_perag+0x13e/0x180
[   38.127763]  ? xfs_free_perag+0x10b/0x180
[   38.128408]  xfs_unmountfs+0xfb/0x1f0
[   38.129012]  xfs_fs_put_super+0x5a/0x120
[   38.129648]  ? __pfx_xfs_fs_put_super+0x10/0x10
[   38.130389]  generic_shutdown_super+0xac/0x240
[   38.131133]  kill_block_super+0x43/0x80
[   38.131761]  deactivate_locked_super+0x52/0xb0
[   38.132463]  deactivate_super+0xb3/0xd0
[   38.133078]  cleanup_mnt+0x15e/0x1e0
[   38.133667]  __cleanup_mnt+0x1f/0x30
[   38.134262]  task_work_run+0xb6/0x120
[   38.134869]  do_exit+0x547/0x1360
[   38.135410]  ? __this_cpu_preempt_check+0x20/0x30
[   38.136165]  ? lockdep_hardirqs_on+0x8a/0x110
[   38.136866]  do_group_exit+0x5e/0xf0
[   38.137447]  __x64_sys_exit_group+0x25/0x30
[   38.138104]  do_syscall_64+0x3b/0x90
[   38.138737]  entry_SYSCALL_64_after_hwframe+0x72/0xdc
[   38.139530] RIP: 0033:0x7f0e71fd4cf6
[   38.140102] Code: Unable to access opcode bytes at 0x7f0e71fd4ccc.
[   38.141036] RSP: 002b:00007fffa81f9ef8 EFLAGS: 00000246 ORIG_RAX: 00000000000000e7
[   38.142181] RAX: ffffffffffffffda RBX: 00007f0e720df490 RCX: 00007f0e71fd4cf6
[   38.143231] RDX: 0000000000000001 RSI: 000000000000003c RDI: 0000000000000001
[   38.144333] RBP: 0000000000000001 R08: 00000000000000e7 R09: ffffffffffffff80
[   38.145425] R10: 0000000000000004 R11: 0000000000000246 R12: 00007f0e720df490
[   38.146531] R13: 0000000000000001 R14: 00007f0e720e2e88 R15: 0000000000000000
[   38.147645]  </TASK>
[   38.148157] XFS (loop0): Corruption detected. Unmount and run xfs_repair
[   38.492048] loop0: detected capacity change from 0 to 65536
[   38.496148] XFS (loop0): Mounting V5 Filesystem d6f69dbd-8c5d-46be-b88e-92c0ae88ceb2
[   38.507979] XFS (loop0): Ending clean mount
[   38.509254] XFS (loop0): Quotacheck needed: Please wait.
[   38.521317] XFS (loop0): Quotacheck: Done.
[   38.612707] XFS (loop0): Metadata CRC error detected at xfs_agf_read_verify+0x10e/0x140, xfs_agf block 0x8001 
[   38.614848] XFS (loop0): Unmount and run xfs_repair
[   38.615684] XFS (loop0): First 128 bytes of corrupted metadata buffer:
[   38.616800] 00000000: 58 41 47 46 00 00 00 01 00 00 00 01 00 00 40 00  XAGF..........@.
[   38.618146] 00000010: 00 00 00 02 00 00 00 03 00 00 00 00 00 00 00 01  ................
[   38.619541] 00000020: 00 00 00 01 00 00 00 00 00 00 00 01 00 00 00 04  ................
