c[?7l[2J[0mSeaBIOS (version rel-1.16.0-0-gd239552ce722-prebuilt.qemu.org)


iPXE (http://ipxe.org) 00:03.0 CA00 PCI2.10 PnP PMM+7FF91000+7FEF1000 CA00
Press Ctrl-B to configure iPXE (PCI 00:03.0)...                                                                               


Booting from ROM...
c[?7l[2J[    0.000000] Linux version 6.1.0-1ca06f1c1ace+ (root@p-rpls01) (gcc (GCC) 8.5.0 20210514 (Red Hat 8.5.0-18), GNU ld version 2.36.1-2.el8) #1 SMP PREEMPT_DYNAMIC Mon Mar 13 23:21:07 CST 2023
[    0.000000] Command line: console=ttyS0 root=/dev/sda earlyprintk=serial net.ifnames=0
[    0.000000] KERNEL supported cpus:
[    0.000000]   Intel GenuineIntel
[    0.000000]   AMD AuthenticAMD
[    0.000000]   Hygon HygonGenuine
[    0.000000]   Centaur CentaurHauls
[    0.000000]   zhaoxin   Shanghai  
[    0.000000] x86/fpu: Supporting XSAVE feature 0x001: 'x87 floating point registers'
[    0.000000] x86/fpu: Supporting XSAVE feature 0x002: 'SSE registers'
[    0.000000] x86/fpu: Supporting XSAVE feature 0x004: 'AVX registers'
[    0.000000] x86/fpu: Supporting XSAVE feature 0x200: 'Protection Keys User registers'
[    0.000000] x86/fpu: xstate_offset[2]:  576, xstate_sizes[2]:  256
[    0.000000] x86/fpu: xstate_offset[9]:  832, xstate_sizes[9]:    8
[    0.000000] x86/fpu: Enabled xstate features 0x207, context size is 840 bytes, using 'compacted' format.
[    0.000000] signal: max sigframe size: 3632
[    0.000000] BIOS-provided physical RAM map:
[    0.000000] BIOS-e820: [mem 0x0000000000000000-0x000000000009fbff] usable
[    0.000000] BIOS-e820: [mem 0x000000000009fc00-0x000000000009ffff] reserved
[    0.000000] BIOS-e820: [mem 0x00000000000f0000-0x00000000000fffff] reserved
[    0.000000] BIOS-e820: [mem 0x0000000000100000-0x000000007ffdffff] usable
[    0.000000] BIOS-e820: [mem 0x000000007ffe0000-0x000000007fffffff] reserved
[    0.000000] BIOS-e820: [mem 0x00000000feffc000-0x00000000feffffff] reserved
[    0.000000] BIOS-e820: [mem 0x00000000fffc0000-0x00000000ffffffff] reserved
[    0.000000] printk: bootconsole [earlyser0] enabled
[    0.000000] NX (Execute Disable) protection: active
[    0.000000] SMBIOS 2.8 present.
[    0.000000] DMI: QEMU Standard PC (i440FX + PIIX, 1996), BIOS rel-1.16.0-0-gd239552ce722-prebuilt.qemu.org 04/01/2014
[    0.000000] Hypervisor detected: KVM
[    0.000000] kvm-clock: Using msrs 4b564d01 and 4b564d00
[    0.000008] kvm-clock: using sched offset of 1101783472 cycles
[    0.001526] clocksource: kvm-clock: mask: 0xffffffffffffffff max_cycles: 0x1cd42e4dffb, max_idle_ns: 881590591483 ns
[    0.006267] tsc: Detected 806.400 MHz processor
[    0.018090] last_pfn = 0x7ffe0 max_arch_pfn = 0x400000000
[    0.019927] x86/PAT: Configuration [0-7]: WB  WC  UC- UC  WB  WP  UC- WT  
[    0.037043] found SMP MP-table at [mem 0x000f5ba0-0x000f5baf]
[    0.039283] Using GB pages for direct mapping
[    0.043692] ACPI: Early table checksum verification disabled
[    0.045547] ACPI: RSDP 0x00000000000F59C0 000014 (v00 BOCHS )
[    0.047246] ACPI: RSDT 0x000000007FFE1951 000034 (v01 BOCHS  BXPC     00000001 BXPC 00000001)
[    0.049801] ACPI: FACP 0x000000007FFE17FD 000074 (v01 BOCHS  BXPC     00000001 BXPC 00000001)
[    0.052291] ACPI: DSDT 0x000000007FFE0040 0017BD (v01 BOCHS  BXPC     00000001 BXPC 00000001)
[    0.054778] ACPI: FACS 0x000000007FFE0000 000040
[    0.056132] ACPI: APIC 0x000000007FFE1871 000080 (v01 BOCHS  BXPC     00000001 BXPC 00000001)
[    0.058614] ACPI: HPET 0x000000007FFE18F1 000038 (v01 BOCHS  BXPC     00000001 BXPC 00000001)
[    0.061094] ACPI: WAET 0x000000007FFE1929 000028 (v01 BOCHS  BXPC     00000001 BXPC 00000001)
[    0.063566] ACPI: Reserving FACP table memory at [mem 0x7ffe17fd-0x7ffe1870]
[    0.065599] ACPI: Reserving DSDT table memory at [mem 0x7ffe0040-0x7ffe17fc]
[    0.067605] ACPI: Reserving FACS table memory at [mem 0x7ffe0000-0x7ffe003f]
[    0.069638] ACPI: Reserving APIC table memory at [mem 0x7ffe1871-0x7ffe18f0]
[    0.071644] ACPI: Reserving HPET table memory at [mem 0x7ffe18f1-0x7ffe1928]
[    0.073656] ACPI: Reserving WAET table memory at [mem 0x7ffe1929-0x7ffe1950]
[    0.077844] No NUMA configuration found
[    0.078940] Faking a node at [mem 0x0000000000000000-0x000000007ffdffff]
[    0.080985] NODE_DATA(0) allocated [mem 0x7ffb5000-0x7ffdffff]
[    0.087893] Zone ranges:
[    0.088637]   DMA      [mem 0x0000000000001000-0x0000000000ffffff]
[    0.090433]   DMA32    [mem 0x0000000001000000-0x000000007ffdffff]
[    0.092183]   Normal   empty
[    0.093007]   Device   empty
[    0.093835] Movable zone start for each node
[    0.095075] Early memory node ranges
[    0.096085]   node   0: [mem 0x0000000000001000-0x000000000009efff]
[    0.097880]   node   0: [mem 0x0000000000100000-0x000000007ffdffff]
[    0.099673] Initmem setup node 0 [mem 0x0000000000001000-0x000000007ffdffff]
[    0.102799] On node 0, zone DMA: 1 pages in unavailable ranges
[    0.103359] On node 0, zone DMA: 97 pages in unavailable ranges
[    0.200936] On node 0, zone DMA32: 32 pages in unavailable ranges
[    0.203710] ACPI: PM-Timer IO Port: 0x608
[    0.206733] ACPI: LAPIC_NMI (acpi_id[0xff] dfl dfl lint[0x1])
[    0.208630] IOAPIC[0]: apic_id 0, version 17, address 0xfec00000, GSI 0-23
[    0.210694] ACPI: INT_SRC_OVR (bus 0 bus_irq 0 global_irq 2 dfl dfl)
[    0.212516] ACPI: INT_SRC_OVR (bus 0 bus_irq 5 global_irq 5 high level)
[    0.214451] ACPI: INT_SRC_OVR (bus 0 bus_irq 9 global_irq 9 high level)
[    0.216369] ACPI: INT_SRC_OVR (bus 0 bus_irq 10 global_irq 10 high level)
[    0.218323] ACPI: INT_SRC_OVR (bus 0 bus_irq 11 global_irq 11 high level)
[    0.220297] ACPI: Using ACPI (MADT) for SMP configuration information
[    0.222147] ACPI: HPET id: 0x8086a201 base: 0xfed00000
[    0.223669] TSC deadline timer available
[    0.224844] smpboot: Allowing 2 CPUs, 0 hotplug CPUs
[    0.226646] kvm-guest: KVM setup pv remote TLB flush
[    0.228112] kvm-guest: setup PV sched yield
[    0.229601] PM: hibernation: Registered nosave memory: [mem 0x00000000-0x00000fff]
[    0.231782] PM: hibernation: Registered nosave memory: [mem 0x0009f000-0x0009ffff]
[    0.233964] PM: hibernation: Registered nosave memory: [mem 0x000a0000-0x000effff]
[    0.236122] PM: hibernation: Registered nosave memory: [mem 0x000f0000-0x000fffff]
[    0.238318] [mem 0x80000000-0xfeffbfff] available for PCI devices
[    0.240065] Booting paravirtualized kernel on KVM
[    0.241532] clocksource: refined-jiffies: mask: 0xffffffff max_cycles: 0xffffffff, max_idle_ns: 7645519600211568 ns
[    0.244559] setup_percpu: NR_CPUS:8192 nr_cpumask_bits:2 nr_cpu_ids:2 nr_node_ids:1
[    0.264384] percpu: Embedded 64 pages/cpu s225280 r8192 d28672 u1048576
[    0.266866] kvm-guest: PV spinlocks enabled
[    0.268071] PV qspinlock hash table entries: 256 (order: 0, 4096 bytes, linear)
[    0.270326] Fallback order for Node 0: 0 
[    0.271544] Built 1 zonelists, mobility grouping on.  Total pages: 515808
[    0.273517] Policy zone: DMA32
[    0.274394] Kernel command line: net.ifnames=0 console=ttyS0 root=/dev/sda earlyprintk=serial net.ifnames=0
[    0.279046] random: crng init done
[    0.289019] Dentry cache hash table entries: 262144 (order: 9, 2097152 bytes, linear)
[    0.291548] Inode-cache hash table entries: 131072 (order: 8, 1048576 bytes, linear)
[    0.294109] mem auto-init: stack:off, heap alloc:off, heap free:off
[    0.304867] Memory: 1983336K/2096632K available (32784K kernel code, 4700K rwdata, 8352K rodata, 3676K init, 22112K bss, 113040K reserved, 0K cma-reserved)
[    0.310567] SLUB: HWalign=64, Order=0-3, MinObjects=0, CPUs=2, Nodes=1
[    0.312416] kmemleak: Kernel memory leak detector disabled
[    0.314099] ftrace: allocating 67623 entries in 265 pages
[    0.401290] ftrace: allocated 265 pages with 3 groups
[    0.409905] Dynamic Preempt: voluntary
[    0.411393] Running RCU self tests
[    0.412399] rcu: Preemptible hierarchical RCU implementation.
[    0.414248] rcu: 	RCU lockdep checking is enabled.
[    0.415612] rcu: 	RCU restricting CPUs from NR_CPUS=8192 to nr_cpu_ids=2.
[    0.417584] 	Trampoline variant of Tasks RCU enabled.
[    0.419023] 	Rude variant of Tasks RCU enabled.
[    0.420303] 	Tracing variant of Tasks RCU enabled.
[    0.421671] rcu: RCU calculated value of scheduler-enlistment delay is 25 jiffies.
[    0.423811] rcu: Adjusting geometry for rcu_fanout_leaf=16, nr_cpu_ids=2
[    0.469640] NR_IRQS: 524544, nr_irqs: 440, preallocated irqs: 16
[    0.471949] rcu: srcu_init: Setting srcu_struct sizes based on contention.
[    0.499126] Console: colour VGA+ 80x25
[    0.500417] printk: console [ttyS0] enabled
[    0.500417] printk: console [ttyS0] enabled
[    0.502855] printk: bootconsole [earlyser0] disabled
[    0.502855] printk: bootconsole [earlyser0] disabled
[    0.505716] Lock dependency validator: Copyright (c) 2006 Red Hat, Inc., Ingo Molnar
[    0.507935] ... MAX_LOCKDEP_SUBCLASSES:  8
[    0.509138] ... MAX_LOCK_DEPTH:          48
[    0.510349] ... MAX_LOCKDEP_KEYS:        8192
[    0.511607] ... CLASSHASH_SIZE:          4096
[    0.512874] ... MAX_LOCKDEP_ENTRIES:     32768
[    0.514159] ... MAX_LOCKDEP_CHAINS:      65536
[    0.515443] ... CHAINHASH_SIZE:          32768
[    0.516724]  memory used by lock dependency info: 6365 kB
[    0.518293]  memory used for stack traces: 4224 kB
[    0.519671]  per task-struct memory footprint: 1920 bytes
[    0.521317] ACPI: Core revision 20221020
[    0.523020] clocksource: hpet: mask: 0xffffffff max_cycles: 0xffffffff, max_idle_ns: 19112604467 ns
[    0.525990] APIC: Switch to symmetric I/O mode setup
[    0.528205] x2apic enabled
[    0.529783] Switched APIC routing to physical x2apic.
[    0.531606] kvm-guest: setup PV IPIs
[    0.536142] ..TIMER: vector=0x30 apic1=0 pin1=2 apic2=-1 pin2=-1
[    0.538032] clocksource: tsc-early: mask: 0xffffffffffffffff max_cycles: 0xb9fb05486c, max_idle_ns: 440795231721 ns
[    0.541095] Calibrating delay loop (skipped) preset value.. 1612.80 BogoMIPS (lpj=3225600)
[    0.545078] pid_max: default: 32768 minimum: 301
[    0.546647] LSM: initializing lsm=capability,yama,integrity
[    0.549066] Yama: becoming mindful.
[    0.550596] Mount-cache hash table entries: 4096 (order: 3, 32768 bytes, linear)
[    0.553147] Mountpoint-cache hash table entries: 4096 (order: 3, 32768 bytes, linear)
[    0.559720] CPU0: Thermal monitoring enabled (TM1)
[    0.564755] x86/cpu: User Mode Instruction Prevention (UMIP) activated
[    0.570236] Last level iTLB entries: 4KB 0, 2MB 0, 4MB 0
[    0.572106] Last level dTLB entries: 4KB 0, 2MB 0, 4MB 0, 1GB 0
[    0.573340] Spectre V1 : Mitigation: usercopy/swapgs barriers and __user pointer sanitization
[    0.577098] Spectre V2 : WARNING: Unprivileged eBPF is enabled with eIBRS on, data leaks possible via Spectre v2 BHB attacks!
[    0.580358] Spectre V2 : Mitigation: Enhanced IBRS
[    0.581071] Spectre V2 : Spectre v2 / SpectreRSB mitigation: Filling RSB on context switch
[    0.583431] Spectre V2 : Spectre v2 / PBRSB-eIBRS: Retire a single CALL on VMEXIT
[    0.585101] Spectre V2 : mitigation: Enabling conditional Indirect Branch Prediction Barrier
[    0.589063] Speculative Store Bypass: Mitigation: Speculative Store Bypass disabled via prctl
[    0.591469] MMIO Stale Data: Unknown: No mitigations
[    0.806689] Freeing SMP alternatives memory: 56K
[    0.809677] smpboot: CPU0: Genuine Intel(R) 0000 (family: 0x6, model: 0xb7, stepping: 0x0)
[    0.813058] cblist_init_generic: Setting adjustable number of callback queues.
[    0.813071] cblist_init_generic: Setting shift to 1 and lim to 1.
[    0.814913] cblist_init_generic: Setting shift to 1 and lim to 1.
[    0.816768] cblist_init_generic: Setting shift to 1 and lim to 1.
[    0.817206] Running RCU-tasks wait API self tests
[    0.921340] Performance Events: Alderlake Hybrid events, full-width counters, Intel PMU driver.
[    0.925229] core: cpu_core PMU driver: 
[    0.926349] ... version:                2
[    0.927506] ... bit width:              48
[    0.928678] ... generic registers:      6
[    0.929071] ... value mask:             0000ffffffffffff
[    0.930572] ... max period:             00007fffffffffff
[    0.932091] ... fixed-purpose events:   3
[    0.933078] ... event mask:             0001000f0000003f
[    0.934607] Callback from call_rcu_tasks_trace() invoked.
[    0.936678] rcu: Hierarchical SRCU implementation.
[    0.937070] rcu: 	Max phase no-delay instances is 1000.
[    0.942681] unchecked MSR access error: WRMSR to 0x38f (tried to write 0x0001000f0000003f) at rIP: 0xffffffff810ce45c (native_write_msr+0xc/0x30)
[    0.945058] Call Trace:
[    0.945058]  <TASK>
[    0.945058]  __intel_pmu_enable_all.constprop.46+0xb5/0x140
[    0.945058]  intel_pmu_enable_all+0x1e/0x30
[    0.945058]  x86_pmu_enable+0x46d/0x5a0
[    0.945058]  ? write_comp_data+0x2f/0x90
[    0.945058]  perf_pmu_enable+0x53/0x70
[    0.945058]  ctx_resched+0x14d/0x1e0
[    0.945058]  __perf_install_in_context+0x2f7/0x450
[    0.945058]  ? perf_assert_pmu_disabled.isra.84+0x50/0x50
[    0.945058]  ? perf_assert_pmu_disabled.isra.84+0x50/0x50
[    0.945058]  remote_function+0x80/0xa0
[    0.945058]  ? perf_assert_pmu_disabled.isra.84+0x50/0x50
[    0.945058]  generic_exec_single+0x124/0x190
[    0.945058]  smp_call_function_single+0x11c/0x240
[    0.945058]  ? perf_assert_pmu_disabled.isra.84+0x50/0x50
[    0.945058]  ? __sanitizer_cov_trace_pc+0x25/0x60
[    0.945058]  ? write_comp_data+0x2f/0x90
[    0.945058]  perf_install_in_context+0x2d8/0x300
[    0.945058]  ? ctx_resched+0x1e0/0x1e0
[    0.945058]  perf_event_create_kernel_counter+0x278/0x2a0
[    0.945058]  ? find_next_bit+0x30/0x30
[    0.945058]  hardlockup_detector_event_create+0x46/0xd0
[    0.945058]  hardlockup_detector_perf_init+0x18/0x66
[    0.945058]  watchdog_nmi_probe+0x17/0x1d
[    0.945058]  lockup_detector_init+0x40/0xaf
[    0.945058]  kernel_init_freeable+0x264/0x422
[    0.945058]  ? rest_init+0x240/0x240
[    0.945058]  kernel_init+0x24/0x1e0
[    0.945058]  ? rest_init+0x240/0x240
[    0.945058]  ret_from_fork+0x1f/0x30
[    0.945058]  </TASK>
[    0.945673] smp: Bringing up secondary CPUs ...
[    0.948589] x86: Booting SMP configuration:
[    0.949087] .... node  #0, CPUs:      #1
[    0.950169] smp: Brought up 1 node, 2 CPUs
[    0.953108] smpboot: Max logical packages: 1
[    0.954322] smpboot: Total of 2 processors activated (3225.60 BogoMIPS)
[    0.967896] devtmpfs: initialized
[    0.970022] x86/mm: Memory block size: 128MB
[    0.978011] clocksource: jiffies: mask: 0xffffffff max_cycles: 0xffffffff, max_idle_ns: 7645041785100000 ns
[    0.981091] futex hash table entries: 512 (order: 4, 65536 bytes, linear)
[    0.983665] pinctrl core: initialized pinctrl subsystem
[    0.986193] 
[    0.986651] *************************************************************
[    0.988596] **     NOTICE NOTICE NOTICE NOTICE NOTICE NOTICE NOTICE    **
[    0.989073] **                                                         **
[    0.991014] **  IOMMU DebugFS SUPPORT HAS BEEN ENABLED IN THIS KERNEL  **
[    0.992960] **                                                         **
[    0.993074] ** This means that this kernel is built to expose internal **
[    0.995036] ** IOMMU data structures, which may compromise security on **
[    0.996995] ** your system.                                            **
[    0.997076] **                                                         **
[    0.999033] ** If you see this message and you are not debugging the   **
[    1.000977] ** kernel, report this immediately to your vendor!         **
[    1.001070] **                                                         **
[    1.003045] **     NOTICE NOTICE NOTICE NOTICE NOTICE NOTICE NOTICE    **
[    1.004950] *************************************************************
[    1.005292] PM: RTC time: 13:17:19, date: 2023-03-19
[    1.015786] NET: Registered PF_NETLINK/PF_ROUTE protocol family
[    1.018165] DMA: preallocated 256 KiB GFP_KERNEL pool for atomic allocations
[    1.020212] DMA: preallocated 256 KiB GFP_KERNEL|GFP_DMA pool for atomic allocations
[    1.021091] DMA: preallocated 256 KiB GFP_KERNEL|GFP_DMA32 pool for atomic allocations
[    1.023421] audit: initializing netlink subsys (disabled)
[    1.025816] Callback from call_rcu_tasks_rude() invoked.
[    1.025696] audit: type=2000 audit(1679231839.368:1): state=initialized audit_enabled=0 res=1
[    1.028547] thermal_sys: Registered thermal governor 'fair_share'
[    1.029076] thermal_sys: Registered thermal governor 'bang_bang'
[    1.030818] thermal_sys: Registered thermal governor 'step_wise'
[    1.032546] thermal_sys: Registered thermal governor 'user_space'
[    1.033153] cpuidle: using governor ladder
[    1.036120] cpuidle: using governor menu
[    1.037694] acpiphp: ACPI Hot Plug PCI Controller Driver version: 0.5
[    1.040344] PCI: Using configuration type 1 for base access
[    1.042669] kprobes: kprobe jump-optimization is enabled. All kprobes are optimized if possible.
[    1.417560] Callback from call_rcu_tasks() invoked.
[    1.419273] HugeTLB: registered 1.00 GiB page size, pre-allocated 0 pages
[    1.421085] HugeTLB: 16380 KiB vmemmap can be freed for a 1.00 GiB page
[    1.422985] HugeTLB: registered 2.00 MiB page size, pre-allocated 0 pages
[    1.424949] HugeTLB: 28 KiB vmemmap can be freed for a 2.00 MiB page
[    1.435479] ACPI: Added _OSI(Module Device)
[    1.436807] ACPI: Added _OSI(Processor Device)
[    1.437081] ACPI: Added _OSI(3.0 _SCP Extensions)
[    1.438478] ACPI: Added _OSI(Processor Aggregator Device)
[    1.449545] ACPI: 1 ACPI AML tables successfully acquired and loaded
[    1.457210] ACPI: Interpreter enabled
[    1.458543] ACPI: PM: (supports S0 S3 S4 S5)
[    1.459814] ACPI: Using IOAPIC for interrupt routing
[    1.461177] PCI: Using host bridge windows from ACPI; if necessary, use "pci=nocrs" and report a bug
[    1.463859] PCI: Using E820 reservations for host bridge windows
[    1.466259] ACPI: Enabled 2 GPEs in block 00 to 0F
[    1.494620] ACPI: PCI Root Bridge [PCI0] (domain 0000 [bus 00-ff])
[    1.496486] acpi PNP0A03:00: _OSC: OS supports [ASPM ClockPM Segments MSI EDR HPX-Type3]
[    1.497082] acpi PNP0A03:00: _OSC: not requesting OS control; OS requires [ExtendedConfig ASPM ClockPM MSI]
[    1.499971] acpi PNP0A03:00: fail to add MMCONFIG information, can't access extended PCI configuration space under this bridge.
[    1.505072] acpiphp: Slot [3] registered
[    1.506342] acpiphp: Slot [4] registered
[    1.507619] acpiphp: Slot [5] registered
[    1.508881] acpiphp: Slot [6] registered
[    1.509287] acpiphp: Slot [7] registered
[    1.510586] acpiphp: Slot [8] registered
[    1.511848] acpiphp: Slot [9] registered
[    1.513123] acpiphp: Slot [10] registered
[    1.514427] acpiphp: Slot [11] registered
[    1.515711] acpiphp: Slot [12] registered
[    1.517001] acpiphp: Slot [13] registered
[    1.517205] acpiphp: Slot [14] registered
[    1.518501] acpiphp: Slot [15] registered
[    1.519819] acpiphp: Slot [16] registered
[    1.521217] acpiphp: Slot [17] registered
[    1.522521] acpiphp: Slot [18] registered
[    1.523822] acpiphp: Slot [19] registered
[    1.525155] acpiphp: Slot [20] registered
[    1.526449] acpiphp: Slot [21] registered
[    1.527730] acpiphp: Slot [22] registered
[    1.529029] acpiphp: Slot [23] registered
[    1.529188] acpiphp: Slot [24] registered
[    1.530472] acpiphp: Slot [25] registered
[    1.531796] acpiphp: Slot [26] registered
[    1.533085] acpiphp: Slot [27] registered
[    1.534375] acpiphp: Slot [28] registered
[    1.535653] acpiphp: Slot [29] registered
[    1.536969] acpiphp: Slot [30] registered
[    1.537186] acpiphp: Slot [31] registered
[    1.538394] PCI host bridge to bus 0000:00
[    1.539600] pci_bus 0000:00: root bus resource [io  0x0000-0x0cf7 window]
[    1.541075] pci_bus 0000:00: root bus resource [io  0x0d00-0xffff window]
[    1.543051] pci_bus 0000:00: root bus resource [mem 0x000a0000-0x000bffff window]
[    1.545075] pci_bus 0000:00: root bus resource [mem 0x80000000-0xfebfffff window]
[    1.547239] pci_bus 0000:00: root bus resource [mem 0x100000000-0x17fffffff window]
[    1.549078] pci_bus 0000:00: root bus resource [bus 00-ff]
[    1.550958] pci 0000:00:00.0: [8086:1237] type 00 class 0x060000
[    1.558477] pci 0000:00:01.0: [8086:7000] type 00 class 0x060100
[    1.562147] pci 0000:00:01.1: [8086:7010] type 00 class 0x010180
[    1.566657] pci 0000:00:01.1: reg 0x20: [io  0xc040-0xc04f]
[    1.569502] pci 0000:00:01.1: legacy IDE quirk: reg 0x10: [io  0x01f0-0x01f7]
[    1.571559] pci 0000:00:01.1: legacy IDE quirk: reg 0x14: [io  0x03f6]
[    1.573075] pci 0000:00:01.1: legacy IDE quirk: reg 0x18: [io  0x0170-0x0177]
[    1.575393] pci 0000:00:01.1: legacy IDE quirk: reg 0x1c: [io  0x0376]
[    1.577771] pci 0000:00:01.3: [8086:7113] type 00 class 0x068000
[    1.580706] pci 0000:00:01.3: quirk: [io  0x0600-0x063f] claimed by PIIX4 ACPI
[    1.581099] pci 0000:00:01.3: quirk: [io  0x0700-0x070f] claimed by PIIX4 SMB
[    1.583972] pci 0000:00:02.0: [1234:1111] type 00 class 0x030000
[    1.589959] pci 0000:00:02.0: reg 0x10: [mem 0xfd000000-0xfdffffff pref]
[    1.596412] pci 0000:00:02.0: reg 0x18: [mem 0xfebf0000-0xfebf0fff]
[    1.605869] pci 0000:00:02.0: reg 0x30: [mem 0xfebe0000-0xfebeffff pref]
[    1.608444] pci 0000:00:02.0: Video device with shadowed ROM at [mem 0x000c0000-0x000dffff]
[    1.617507] pci 0000:00:03.0: [8086:100e] type 00 class 0x020000
[    1.620417] pci 0000:00:03.0: reg 0x10: [mem 0xfebc0000-0xfebdffff]
[    1.622284] pci 0000:00:03.0: reg 0x14: [io  0xc000-0xc03f]
[    1.630103] pci 0000:00:03.0: reg 0x30: [mem 0xfeb80000-0xfebbffff pref]
[    1.665633] ACPI: PCI: Interrupt link LNKA configured for IRQ 10
[    1.668225] ACPI: PCI: Interrupt link LNKB configured for IRQ 10
[    1.670018] ACPI: PCI: Interrupt link LNKC configured for IRQ 11
[    1.672471] ACPI: PCI: Interrupt link LNKD configured for IRQ 11
[    1.673525] ACPI: PCI: Interrupt link LNKS configured for IRQ 9
[    1.679150] iommu: Default domain type: Translated 
[    1.680426] iommu: DMA domain TLB invalidation policy: lazy mode 
[    1.684106] SCSI subsystem initialized
[    1.685976] ACPI: bus type USB registered
[    1.687177] usbcore: registered new interface driver usbfs
[    1.688645] usbcore: registered new interface driver hub
[    1.689167] usbcore: registered new device driver usb
[    1.690761] pps_core: LinuxPPS API ver. 1 registered
[    1.692028] pps_core: Software ver. 5.3.6 - Copyright 2005-2007 Rodolfo Giometti <giometti@linux.it>
[    1.693123] PTP clock support registered
[    1.694658] EDAC MC: Ver: 3.0.0
[    1.699528] NetLabel: Initializing
[    1.700426] NetLabel:  domain hash size = 128
[    1.701077] NetLabel:  protocols = UNLABELED CIPSOv4 CALIPSO
[    1.702687] NetLabel:  unlabeled traffic allowed by default
[    1.705076] PCI: Using ACPI for IRQ routing
[    1.706862] pci 0000:00:02.0: vgaarb: setting as boot VGA device
[    1.708421] pci 0000:00:02.0: vgaarb: bridge control possible
[    1.709058] pci 0000:00:02.0: vgaarb: VGA device added: decodes=io+mem,owns=io+mem,locks=none
[    1.709094] vgaarb: loaded
[    1.711460] hpet0: at MMIO 0xfed00000, IRQs 2, 8, 0
[    1.712815] hpet0: 3 comparators, 64-bit 100.000000 MHz counter
[    5.626059] clocksource: Switched to clocksource kvm-clock
[    6.051116] VFS: Disk quotas dquot_6.6.0
[    6.052429] VFS: Dquot-cache hash table entries: 512 (order 0, 4096 bytes)
[    6.055138] pnp: PnP ACPI init
[    6.059201] pnp: PnP ACPI: found 6 devices
[    6.083375] clocksource: acpi_pm: mask: 0xffffff max_cycles: 0xffffff, max_idle_ns: 2085701024 ns
[    6.086700] NET: Registered PF_INET protocol family
[    6.088986] IP idents hash table entries: 32768 (order: 6, 262144 bytes, linear)
[    6.093236] tcp_listen_portaddr_hash hash table entries: 1024 (order: 4, 73728 bytes, linear)
[    6.096031] Table-perturb hash table entries: 65536 (order: 6, 262144 bytes, linear)
[    6.098586] TCP established hash table entries: 16384 (order: 5, 131072 bytes, linear)
[    6.101539] TCP bind hash table entries: 16384 (order: 9, 2359296 bytes, linear)
[    6.111133] TCP: Hash tables configured (established 16384 bind 16384)
[    6.113676] UDP hash table entries: 1024 (order: 5, 163840 bytes, linear)
[    6.116018] UDP-Lite hash table entries: 1024 (order: 5, 163840 bytes, linear)
[    6.118850] NET: Registered PF_UNIX/PF_LOCAL protocol family
[    6.122143] RPC: Registered named UNIX socket transport module.
[    6.123745] RPC: Registered udp transport module.
[    6.124935] RPC: Registered tcp transport module.
[    6.126194] RPC: Registered tcp NFSv4.1 backchannel transport module.
[    6.127908] pci_bus 0000:00: resource 4 [io  0x0000-0x0cf7 window]
[    6.129534] pci_bus 0000:00: resource 5 [io  0x0d00-0xffff window]
[    6.131090] pci_bus 0000:00: resource 6 [mem 0x000a0000-0x000bffff window]
[    6.132820] pci_bus 0000:00: resource 7 [mem 0x80000000-0xfebfffff window]
[    6.134577] pci_bus 0000:00: resource 8 [mem 0x100000000-0x17fffffff window]
[    6.136940] pci 0000:00:01.0: PIIX3: Enabling Passive Release
[    6.138474] pci 0000:00:00.0: Limiting direct PCI/PCI transfers
[    6.140234] PCI: CLS 0 bytes, default 64
[    6.142220] ACPI: bus type thunderbolt registered
[    6.144291] clocksource: tsc: mask: 0xffffffffffffffff max_cycles: 0xb9fb05486c, max_idle_ns: 440795231721 ns
[    6.156658] Initialise system trusted keyrings
[    6.158226] Key type blacklist registered
[    6.159911] workingset: timestamp_bits=36 max_order=19 bucket_order=0
[    6.161917] zbud: loaded
[    6.163921] squashfs: version 4.0 (2009/01/31) Phillip Lougher
[    6.167714] NFS: Registering the id_resolver key type
[    6.169311] Key type id_resolver registered
[    6.170470] Key type id_legacy registered
[    6.171650] nfs4filelayout_init: NFSv4 File Layout Driver Registering...
[    6.173611] nfs4flexfilelayout_init: NFSv4 Flexfile Layout Driver Registering...
[    6.176020] fuse: init (API version 7.38)
[    6.177637] SGI XFS with ACLs, security attributes, realtime, quota, no debug enabled
[    6.181181] 9p: Installing v9fs 9p2000 file system support
[    6.192789] Key type asymmetric registered
[    6.194019] Asymmetric key parser 'x509' registered
[    6.200643] alg: self-tests for CTR-KDF (hmac(sha256)) passed
[    6.202586] Block layer SCSI generic (bsg) driver version 0.4 loaded (major 243)
[    6.205039] io scheduler mq-deadline registered
[    6.206422] io scheduler bfq registered
[    6.210110] shpchp: Standard Hot Plug PCI Controller Driver version: 0.4
[    6.212712] IPMI message handler: version 39.2
[    6.214185] ipmi device interface
[    6.217704] input: Power Button as /devices/LNXSYSTM:00/LNXPWRBN:00/input/input0
[    6.220122] ACPI: button: Power Button [PWRF]
[    6.223463] ERST DBG: ERST support is disabled.
[    6.225899] Serial: 8250/16550 driver, 32 ports, IRQ sharing enabled
[    6.229323] 00:04: ttyS0 at I/O 0x3f8 (irq = 4, base_baud = 115200) is a 16550A
[    6.244471] Linux agpgart interface v0.103
[    6.247027] ACPI: bus type drm_connector registered
[    6.269274] brd: module loaded
[    6.282965] loop: module loaded
[    6.292973] scsi host0: ata_piix
[    6.296206] scsi host1: ata_piix
[    6.297505] ata1: PATA max MWDMA2 cmd 0x1f0 ctl 0x3f6 bmdma 0xc040 irq 14
[    6.299346] ata2: PATA max MWDMA2 cmd 0x170 ctl 0x376 bmdma 0xc048 irq 15
[    6.303733] tun: Universal TUN/TAP device driver, 1.6
[    6.305443] e100: Intel(R) PRO/100 Network Driver
[    6.306741] e100: Copyright(c) 1999-2006 Intel Corporation
[    6.308274] e1000: Intel(R) PRO/1000 Network Driver
[    6.309666] e1000: Copyright (c) 1999-2006 Intel Corporation.
[    6.461540] ata1: found unknown device (class 0)
[    6.463999] ata1.00: ATA-7: QEMU HARDDISK, 2.5+, max UDMA/100
[    6.465548] ata1.00: 16777216 sectors, multi 16: LBA48 
[    6.467533] ata2: found unknown device (class 0)
[    6.469645] ata2.00: ATAPI: QEMU DVD-ROM, 2.5+, max UDMA/100
[    6.473268] scsi 0:0:0:0: Direct-Access     ATA      QEMU HARDDISK    2.5+ PQ: 0 ANSI: 5
[    6.478094] scsi 0:0:0:0: Attached scsi generic sg0 type 0
[    6.482247] scsi 1:0:0:0: CD-ROM            QEMU     QEMU DVD-ROM     2.5+ PQ: 0 ANSI: 5
[    6.486845] sd 0:0:0:0: [sda] 16777216 512-byte logical blocks: (8.59 GB/8.00 GiB)
[    6.488911] sd 0:0:0:0: [sda] Write Protect is off
[    6.490300] sd 0:0:0:0: [sda] Write cache: enabled, read cache: enabled, doesn't support DPO or FUA
[    6.492683] sd 0:0:0:0: [sda] Preferred minimum I/O size 512 bytes
[    6.508004] sd 0:0:0:0: [sda] Attached SCSI disk
[    6.514684] sd 1:0:0:0: Attached scsi generic sg1 type 5
[    6.666516] ACPI: \_SB_.LNKC: Enabled at IRQ 11
[    7.061961] e1000 0000:00:03.0 eth0: (PCI:33MHz:32-bit) 52:54:00:12:34:56
[    7.063685] e1000 0000:00:03.0 eth0: Intel(R) PRO/1000 Network Connection
[    7.065567] e1000e: Intel(R) PRO/1000 Network Driver
[    7.066775] e1000e: Copyright(c) 1999 - 2015 Intel Corporation.
[    7.068313] igb: Intel(R) Gigabit Ethernet Network Driver
[    7.069644] igb: Copyright (c) 2007-2014 Intel Corporation.
[    7.071215] PPP generic driver version 2.4.2
[    7.073692] VFIO - User Level meta-driver version: 0.3
[    7.076115] usbcore: registered new interface driver uas
[    7.077649] usbcore: registered new interface driver usb-storage
[    7.079467] i8042: PNP: PS/2 Controller [PNP0303:KBD,PNP0f13:MOU] at 0x60,0x64 irq 1,12
[    7.083379] serio: i8042 KBD port at 0x60,0x64 irq 1
[    7.084705] serio: i8042 AUX port at 0x60,0x64 irq 12
[    7.087791] mousedev: PS/2 mouse device common for all mice
[    7.091190] input: AT Translated Set 2 keyboard as /devices/platform/i8042/serio0/input/input1
[    7.094001] rtc_cmos 00:05: RTC can wake from S4
[    7.098038] input: VirtualPS/2 VMware VMMouse as /devices/platform/i8042/serio1/input/input4
[    7.098879] rtc_cmos 00:05: registered as rtc0
[    7.102051] rtc_cmos 00:05: setting system clock to 2023-03-19T13:17:25 UTC (1679231845)
[    7.104529] rtc_cmos 00:05: alarms up to one day, y3k, 242 bytes nvram, hpet irqs
[    7.104787] input: VirtualPS/2 VMware VMMouse as /devices/platform/i8042/serio1/input/input3
[    7.106663] i2c_dev: i2c /dev entries driver
[    7.110560] device-mapper: core: CONFIG_IMA_DISABLE_HTABLE is disabled. Duplicate IMA measurements will not be recorded in the IMA log.
[    7.113717] device-mapper: uevent: version 1.0.3
[    7.115526] device-mapper: ioctl: 4.47.0-ioctl (2022-07-28) initialised: dm-devel@redhat.com
[    7.117649] intel_pstate: CPU model not supported
[    7.119053] sdhci: Secure Digital Host Controller Interface driver
[    7.120540] sdhci: Copyright(c) Pierre Ossman
[    7.121847] sdhci-pltfm: SDHCI platform and OF driver helper
[    7.123424] ledtrig-cpu: registered to indicate activity on CPUs
[    7.125957] drop_monitor: Initializing network drop monitor service
[    7.128017] NET: Registered PF_INET6 protocol family
[    7.134807] Segment Routing with IPv6
[    7.135837] In-situ OAM (IOAM) with IPv6
[    7.136932] NET: Registered PF_PACKET protocol family
[    7.138642] 9pnet: Installing 9P2000 support
[    7.139881] Key type dns_resolver registered
[    7.143185] IPI shorthand broadcast: enabled
[    7.174625] sched_clock: Marking stable (7113950092, 59137094)->(7308822810, -135735624)
[    7.180087] registered taskstats version 1
[    7.181926] Loading compiled-in X.509 certificates
[    7.184036] zswap: loaded using pool lzo/zbud
[    7.211439] Key type .fscrypt registered
[    7.212497] Key type fscrypt-provisioning registered
[    7.217822] Key type encrypted registered
[    7.219041] ima: No TPM chip found, activating TPM-bypass!
[    7.220462] ima: Allocated hash algorithm: sha1
[    7.221855] ima: No architecture policies found
[    7.223190] evm: Initialising EVM extended attributes:
[    7.224470] evm: security.selinux
[    7.225362] evm: security.SMACK64
[    7.226202] evm: security.SMACK64EXEC
[    7.227141] evm: security.SMACK64TRANSMUTE
[    7.228171] evm: security.SMACK64MMAP
[    7.229128] evm: security.apparmor
[    7.229996] evm: security.ima
[    7.230757] evm: security.capability
[    7.231661] evm: HMAC attrs: 0x1
[    7.246468] PM:   Magic number: 15:506:281
[    7.247858] tty tty18: hash matches
[    7.249957] RAS: Correctable Errors collector initialized.
[    7.255112] md: Waiting for all devices to be available before autodetect
[    7.256300] md: If you don't use raid, use raid=noautodetect
[    7.257395] md: Autodetecting RAID arrays.
[    7.258179] md: autorun ...
[    7.258686] md: ... autorun DONE.
[    7.272559] EXT4-fs (sda): mounted filesystem 23a53bb9-f815-47a5-b74c-5e08f7731193 with ordered data mode. Quota mode: none.
[    7.275030] VFS: Mounted root (ext4 filesystem) readonly on device 8:0.
[    7.280483] devtmpfs: mounted
[    7.298196] Freeing unused decrypted memory: 2036K
[    7.306626] Freeing unused kernel image (initmem) memory: 3676K
[    7.307857] Write protecting the kernel read-only data: 45056k
[    7.316600] Freeing unused kernel image (text/rodata gap) memory: 2028K
[    7.323027] Freeing unused kernel image (rodata/data gap) memory: 1888K
[    7.469020] x86/mm: Checked W+X mappings: passed, no W+X pages found.
[    7.470596] Run /sbin/init as init process
[    7.687564] systemd[1]: RTC configured in localtime, applying delta of 0 minutes to system time.
[    7.755694] systemd[1]: systemd 239 (239-49.el8) running in system mode. (+PAM +AUDIT +SELINUX +IMA -APPARMOR +SMACK +SYSVINIT +UTMP +LIBCRYPTSETUP +GCRYPT +GNUTLS +ACL +XZ +LZ4 +SECCOMP +BLKID +ELFUTILS +KMOD +IDN2 -IDN +PCRE2 default-hierarchy=legacy)
[    7.760312] systemd[1]: Detected virtualization kvm.
[    7.761440] systemd[1]: Detected architecture x86-64.

Welcome to [0;31mCentOS Stream 8[0m!

[    7.817359] systemd[1]: Set hostname to <test>.
[    8.301445] systemd[1]: Listening on LVM2 poll daemon socket.
[[0;32m  OK  [0m] Listening on LVM2 poll daemon socket.
[    8.304551] systemd[1]: Listening on Device-mapper event daemon FIFOs.
[[0;32m  OK  [0m] Listening on Device-mapper event daemon FIFOs.
[    8.307393] systemd[1]: Reached target Swap.
[[0;32m  OK  [0m] Reached target Swap.
[    8.313775] systemd[1]: Created slice system-serial\x2dgetty.slice.
[[0;32m  OK  [0m] Created slice system-serial\x2dgetty.slice.
[    8.316839] systemd[1]: Listening on initctl Compatibility Named Pipe.
[[0;32m  OK  [0m] Listening on initctl Compatibility Named Pipe.
[    8.320970] systemd[1]: Created slice User and Session Slice.
[[0;32m  OK  [0m] Created slice User and Session Slice.
[[0;32m  OK  [0m] Listening on Process Core Dump Socket.
[[0;32m  OK  [0m] Listening on multipathd control socket.
[[0;32m  OK  [0m] Reached target Slices.
[[0;32m  OK  [0m] Created slice system-sshd\x2dkeygen.slice.
[[0;32m  OK  [0m] Listening on udev Control Socket.
[[0;32m  OK  [0m] Listening on Journal Socket (/dev/log).
[[0;32m  OK  [0m] Set up automount Arbitrary Executabâ€¦rmats File System Automount Point.
[[0;32m  OK  [0m] Listening on Journal Socket.
         Starting Setup Virtual Console...
         Mounting POSIX Message Queue File System...
         Starting Remount Root and Kernel File Systems...
         Starting Monitoring of LVM2 mirrorsâ€¦ng dmeventd or progress polling...
         Starting Load Kernel Modules...
         Mounting Kernel Debug File System...
         Starting Journal Service...
[    8.837176] EXT4-fs (sda): re-mounted 23a53bb9-f815-47a5-b74c-5e08f7731193. Quota mode: none.
[[0;32m  OK  [0m] Listening on RPCbind Server Activation Socket.
[[0;32m  OK  [0m] Reached target RPC Port Mapper.
[[0;32m  OK  [0m] Created slice system-getty.slice.
[[0;32m  OK  [0m] Listening on udev Kernel Socket.
         Starting udev Coldplug all Devices...
[[0;32m  OK  [0m] Started Forward Password Requests to Wall Directory Watch.
         Mounting Huge Pages File System...
[[0;32m  OK  [0m] Started Journal Service.
[[0;32m  OK  [0m] Mounted POSIX Message Queue File System.
[[0;32m  OK  [0m] Started Remount Root and Kernel File Systems.
[[0;1;31mFAILED[0m] Failed to start Load Kernel Modules.
See 'systemctl status systemd-modules-load.service' for details.
[[0;32m  OK  [0m] Mounted Kernel Debug File System.
[[0;32m  OK  [0m] Mounted Huge Pages File System.
         Mounting Kernel Configuration File System...
         Starting Apply Kernel Variables...
         Mounting FUSE Control File System...
         Starting Load/Save Random Seed...
         Starting Create Static Device Nodes in /dev...
         Starting Flush Journal to Persistent Storage...
[[0;32m  OK  [0m] Started Setup Virtual Console.
[[0;32m  OK  [0m] Mounted Kernel Configuration File System.
[[0;32m  OK  [0m] Started Apply Kernel Variables.
[[0;32m  OK  [0m] Mounted FUSE Control File System.
[[0;32m  OK  [0m] Started Load/Save Random Seed.
[[0;32m  OK  [0m] Started Create Static Device Nodes in /dev.
         Starting udev Kernel Device Manager...
[[0;32m  OK  [0m] Started Flush Journal to Persistent Storage.
[[0;32m  OK  [0m] Started udev Kernel Device Manager.
[[0;32m  OK  [0m] Started udev Coldplug all Devices.
         Starting Show Plymouth Boot Screen...
         Starting udev Wait for Complete Device Initialization...
[[0;32m  OK  [0m] Started Show Plymouth Boot Screen.
[[0;32m  OK  [0m] Started Forward Password Requests to Plymouth Directory Watch.
[[0;32m  OK  [0m] Reached target Local Encrypted Volumes.
[[0;32m  OK  [0m] Reached target Paths.
[[0;32m  OK  [0m] Started Monitoring of LVM2 mirrors,â€¦sing dmeventd or progress polling.
[[0;32m  OK  [0m] Started udev Wait for Complete Device Initialization.
[[0;32m  OK  [0m] Found device /dev/ttyS0.
[[0;32m  OK  [0m] Listening on Load/Save RF Kill Switch Status /dev/rfkill Watch.
[[0;32m  OK  [0m] Reached target Local File Systems (Pre).
[[0;32m  OK  [0m] Reached target Local File Systems.
         Starting Restore /run/initramfs on shutdown...
         Starting Tell Plymouth To Write Out Runtime Data...
         Starting Create Volatile Files and Directories...
[[0;32m  OK  [0m] Started Restore /run/initramfs on shutdown.
[[0;32m  OK  [0m] Started Tell Plymouth To Write Out Runtime Data.
[[0;32m  OK  [0m] Started Create Volatile Files and Directories.
         Starting RPC Bind...
         Starting Security Auditing Service...
         Mounting RPC Pipe File System...
[[0;32m  OK  [0m] Mounted RPC Pipe File System.
[[0;32m  OK  [0m] Reached target rpc_pipefs.target.
[[0;32m  OK  [0m] Started RPC Bind.
[[0;32m  OK  [0m] Started Security Auditing Service.
         Starting Update UTMP about System Boot/Shutdown...
[[0;32m  OK  [0m] Started Update UTMP about System Boot/Shutdown.
[[0;32m  OK  [0m] Reached target System Initialization.
[[0;32m  OK  [0m] Started daily update of the root trust anchor for DNSSEC.
[[0;32m  OK  [0m] Listening on SSSD Kerberos Cache Manager responder socket.
[[0;32m  OK  [0m] Started Daily Cleanup of Temporary Directories.
[[0;32m  OK  [0m] Started dnf makecache --timer.
[[0;32m  OK  [0m] Reached target Timers.
[[0;32m  OK  [0m] Listening on D-Bus System Message Bus Socket.
[[0;32m  OK  [0m] Reached target Sockets.
[[0;32m  OK  [0m] Reached target Basic System.
         Starting Authorization Manager...
[[0;32m  OK  [0m] Started irqbalance daemon.
         Starting Login Service...
         Starting NTP client/server...
         Starting Self Monitoring and Reporting Technology (SMART) Daemon...
         Starting Auto-connect to subsystemsâ€¦-NVME devices found during boot...
[[0;32m  OK  [0m] Started Machine Check Exception Logging Daemon.
[[0;32m  OK  [0m] Reached target sshd-keygen.target.
[[0;32m  OK  [0m] Started D-Bus System Message Bus.
         Starting Network Manager...
[[0;32m  OK  [0m] Started Auto-connect to subsystems â€¦FC-NVME devices found during boot.
         Starting update of the root trust aâ€¦or DNSSEC validation in unbound...
[[0;32m  OK  [0m] Started Login Service.
[[0;32m  OK  [0m] Started Self Monitoring and Reporting Technology (SMART) Daemon.
[[0;32m  OK  [0m] Started Network Manager.
         Starting Network Manager Wait Online...
[[0;32m  OK  [0m] Reached target Network.
         Starting OpenSSH server daemon...
         Starting Dynamic System Tuning Daemon...
         Starting GSSAPI Proxy Daemon...
[[0;32m  OK  [0m] Started NTP client/server.
[[0;32m  OK  [0m] Started OpenSSH server daemon.
         Starting Hostname Service...
[[0;32m  OK  [0m] Started update of the root trust anâ€¦ for DNSSEC validation in unbound.
[[0;32m  OK  [0m] Started GSSAPI Proxy Daemon.
[[0;32m  OK  [0m] Started Authorization Manager.
[[0;32m  OK  [0m] Reached target NFS client services.
[[0;32m  OK  [0m] Reached target Remote File Systems (Pre).
[[0;32m  OK  [0m] Reached target Remote File Systems.
         Starting Permit User Sessions...
[[0;32m  OK  [0m] Started Permit User Sessions.
[[0;32m  OK  [0m] Started Command Scheduler.
         Starting Terminate Plymouth Boot Screen...
         Starting Hold until boot process finishes up...
[[0;32m  OK  [0m] Started Terminate Plymouth Boot Screen.
[   13.698711] e1000: eth0 NIC Link is Up 1000 Mbps Full Duplex, Flow Control: RX
[   13.701341] IPv6: ADDRCONF(NETDEV_CHANGE): eth0: link becomes ready
[   14.318562] Spectre V2 : WARNING: Unprivileged eBPF is enabled with eIBRS on, data leaks possible via Spectre v2 BHB attacks!
[   14.321479] Spectre V2 : WARNING: Unprivileged eBPF is enabled with eIBRS on, data leaks possible via Spectre v2 BHB attacks!

CentOS Stream 8
Kernel 6.1.0-1ca06f1c1ace+ on an x86_64

test login: [   30.751481] loop0: detected capacity change from 0 to 65536
[   30.757567] XFS (loop0): Mounting V5 Filesystem
[   30.770749] XFS (loop0): Ending clean mount
[   30.773391] XFS (loop0): Quotacheck needed: Please wait.
[   30.784862] XFS (loop0): Quotacheck: Done.
[   31.032161] XFS (loop0): Metadata CRC error detected at xfs_agf_read_verify+0x10e/0x140, xfs_agf block 0x8001 
[   31.034209] XFS (loop0): Unmount and run xfs_repair
[   31.035074] XFS (loop0): First 128 bytes of corrupted metadata buffer:
[   31.036209] 00000000: 58 41 47 46 00 00 00 01 00 00 00 01 00 00 40 00  XAGF..........@.
[   31.037651] 00000010: 00 00 00 02 00 00 00 03 00 00 00 00 00 00 00 01  ................
[   31.039015] 00000020: 00 00 00 01 00 00 00 00 00 00 00 01 00 00 00 04  ................
[   31.040397] 00000030: 00 00 00 04 00 00 3b 5f 00 00 3b 5c 00 00 00 00  ......;_..;\....
[   31.041842] 00000040: d6 f6 9d bd 8c 5d 46 be b8 8e 92 c0 ae 88 ce b2  .....]F.........
[   31.043205] 00000050: 00 00 00 00 00 00 00 00 00 00 00 00 00 00 00 00  ................
[   31.044571] 00000060: 00 00 00 00 00 00 00 00 00 00 00 00 00 00 00 00  ................
[   31.045993] 00000070: 00 00 00 00 00 00 00 00 00 00 00 00 00 00 00 00  ................
[   31.047653] XFS (loop0): metadata I/O error in "xfs_read_agf+0xd0/0x290" at daddr 0x8001 len 1 error 74
[   31.049723] XFS (loop0): page discard on page 000000008181a448, inode 0x46, pos 0.
[   31.122947] XFS (loop0): Metadata CRC error detected at xfs_agf_read_verify+0x10e/0x140, xfs_agf block 0x8001 
[   31.124791] XFS (loop0): Unmount and run xfs_repair
[   31.125713] XFS (loop0): First 128 bytes of corrupted metadata buffer:
[   31.126857] 00000000: 58 41 47 46 00 00 00 01 00 00 00 01 00 00 40 00  XAGF..........@.
[   31.128175] 00000010: 00 00 00 02 00 00 00 03 00 00 00 00 00 00 00 01  ................
[   31.129607] 00000020: 00 00 00 01 00 00 00 00 00 00 00 01 00 00 00 04  ................
[   31.130995] 00000030: 00 00 00 04 00 00 3b 5f 00 00 3b 5c 00 00 00 00  ......;_..;\....
[   31.132378] 00000040: d6 f6 9d bd 8c 5d 46 be b8 8e 92 c0 ae 88 ce b2  .....]F.........
[   31.133799] 00000050: 00 00 00 00 00 00 00 00 00 00 00 00 00 00 00 00  ................
[   31.135194] 00000060: 00 00 00 00 00 00 00 00 00 00 00 00 00 00 00 00  ................
[   31.136573] 00000070: 00 00 00 00 00 00 00 00 00 00 00 00 00 00 00 00  ................
[   31.139557] XFS (loop0): metadata I/O error in "xfs_read_agf+0xd0/0x290" at daddr 0x8001 len 1 error 74
[   31.141561] XFS (loop0): page discard on page 00000000bd27b2e6, inode 0x46, pos 16724992.
[   31.144381] XFS (loop0): Metadata CRC error detected at xfs_agf_read_verify+0x10e/0x140, xfs_agf block 0x8001 
[   31.146233] XFS (loop0): Unmount and run xfs_repair
[   31.147100] XFS (loop0): First 128 bytes of corrupted metadata buffer:
[   31.148247] 00000000: 58 41 47 46 00 00 00 01 00 00 00 01 00 00 40 00  XAGF..........@.
[   31.149685] 00000010: 00 00 00 02 00 00 00 03 00 00 00 00 00 00 00 01  ................
[   31.151063] 00000020: 00 00 00 01 00 00 00 00 00 00 00 01 00 00 00 04  ................
[   31.152437] 00000030: 00 00 00 04 00 00 3b 5f 00 00 3b 5c 00 00 00 00  ......;_..;\....
[   31.153867] 00000040: d6 f6 9d bd 8c 5d 46 be b8 8e 92 c0 ae 88 ce b2  .....]F.........
[   31.155246] 00000050: 00 00 00 00 00 00 00 00 00 00 00 00 00 00 00 00  ................
[   31.156619] 00000060: 00 00 00 00 00 00 00 00 00 00 00 00 00 00 00 00  ................
[   31.157148] loop0: writeback error on inode 70, offset 16715776, sector 44
[   31.158034] 00000070: 00 00 00 00 00 00 00 00 00 00 00 00 00 00 00 00  ................
[   31.160585] XFS (loop0): metadata I/O error in "xfs_read_agf+0xd0/0x290" at daddr 0x8001 len 1 error 74
[   31.162307] XFS (loop0): page discard on page 000000009819beba, inode 0x46, pos 16728064.
[   31.164076] XFS (loop0): Metadata CRC error detected at xfs_agf_read_verify+0x10e/0x140, xfs_agf block 0x8001 
[   31.165887] XFS (loop0): Unmount and run xfs_repair
[   31.166740] XFS (loop0): First 128 bytes of corrupted metadata buffer:
[   31.167858] 00000000: 58 41 47 46 00 00 00 01 00 00 00 01 00 00 40 00  XAGF..........@.
[   31.169333] 00000010: 00 00 00 02 00 00 00 03 00 00 00 00 00 00 00 01  ................
[   31.170702] 00000020: 00 00 00 01 00 00 00 00 00 00 00 01 00 00 00 04  ................
[   31.172064] 00000030: 00 00 00 04 00 00 3b 5f 00 00 3b 5c 00 00 00 00  ......;_..;\....
[   31.173485] 00000040: d6 f6 9d bd 8c 5d 46 be b8 8e 92 c0 ae 88 ce b2  .....]F.........
[   31.174853] 00000050: 00 00 00 00 00 00 00 00 00 00 00 00 00 00 00 00  ................
[   31.176210] 00000060: 00 00 00 00 00 00 00 00 00 00 00 00 00 00 00 00  ................
[   31.177619] 00000070: 00 00 00 00 00 00 00 00 00 00 00 00 00 00 00 00  ................
[   31.179054] XFS (loop0): metadata I/O error in "xfs_read_agf+0xd0/0x290" at daddr 0x8001 len 1 error 74
[   31.180737] XFS (loop0): page discard on page 00000000838efa1a, inode 0x46, pos 16732160.
[   31.182445] XFS (loop0): Metadata CRC error detected at xfs_agf_read_verify+0x10e/0x140, xfs_agf block 0x8001 
[   31.184179] XFS (loop0): Unmount and run xfs_repair
[   31.185029] XFS (loop0): First 128 bytes of corrupted metadata buffer:
[   31.186222] 00000000: 58 41 47 46 00 00 00 01 00 00 00 01 00 00 40 00  XAGF..........@.
[   31.187579] 00000010: 00 00 00 02 00 00 00 03 00 00 00 00 00 00 00 01  ................
[   31.188968] 00000020: 00 00 00 01 00 00 00 00 00 00 00 01 00 00 00 04  ................
[   31.190387] 00000030: 00 00 00 04 00 00 3b 5f 00 00 3b 5c 00 00 00 00  ......;_..;\....
[   31.191752] 00000040: d6 f6 9d bd 8c 5d 46 be b8 8e 92 c0 ae 88 ce b2  .....]F.........
[   31.193159] 00000050: 00 00 00 00 00 00 00 00 00 00 00 00 00 00 00 00  ................
[   31.194539] 00000060: 00 00 00 00 00 00 00 00 00 00 00 00 00 00 00 00  ................
[   31.195903] 00000070: 00 00 00 00 00 00 00 00 00 00 00 00 00 00 00 00  ................
[   31.197694] XFS (loop0): metadata I/O error in "xfs_read_agf+0xd0/0x290" at daddr 0x8001 len 1 error 74
[   31.199365] XFS (loop0): page discard on page 000000006ecf0376, inode 0x46, pos 16736256.
[   31.200997] XFS (loop0): Metadata CRC error detected at xfs_agf_read_verify+0x10e/0x140, xfs_agf block 0x8001 
[   31.202798] XFS (loop0): Unmount and run xfs_repair
[   31.203647] XFS (loop0): First 128 bytes of corrupted metadata buffer:
[   31.204766] 00000000: 58 41 47 46 00 00 00 01 00 00 00 01 00 00 40 00  XAGF..........@.
[   31.206169] 00000010: 00 00 00 02 00 00 00 03 00 00 00 00 00 00 00 01  ................
[   31.207531] 00000020: 00 00 00 01 00 00 00 00 00 00 00 01 00 00 00 04  ................
[   31.208887] 00000030: 00 00 00 04 00 00 3b 5f 00 00 3b 5c 00 00 00 00  ......;_..;\....
[   31.210277] 00000040: d6 f6 9d bd 8c 5d 46 be b8 8e 92 c0 ae 88 ce b2  .....]F.........
[   31.211637] 00000050: 00 00 00 00 00 00 00 00 00 00 00 00 00 00 00 00  ................
[   31.212999] 00000060: 00 00 00 00 00 00 00 00 00 00 00 00 00 00 00 00  ................
[   31.214398] 00000070: 00 00 00 00 00 00 00 00 00 00 00 00 00 00 00 00  ................
[   31.215833] XFS (loop0): metadata I/O error in "xfs_read_agf+0xd0/0x290" at daddr 0x8001 len 1 error 74
[   31.217608] XFS (loop0): page discard on page 00000000ab5a8389, inode 0x46, pos 16740352.
[   31.219201] XFS (loop0): Metadata CRC error detected at xfs_agf_read_verify+0x10e/0x140, xfs_agf block 0x8001 
[   31.220950] XFS (loop0): Unmount and run xfs_repair
[   31.221884] XFS (loop0): First 128 bytes of corrupted metadata buffer:
[   31.223021] 00000000: 58 41 47 46 00 00 00 01 00 00 00 01 00 00 40 00  XAGF..........@.
[   31.224387] 00000010: 00 00 00 02 00 00 00 03 00 00 00 00 00 00 00 01  ................
[   31.225787] 00000020: 00 00 00 01 00 00 00 00 00 00 00 01 00 00 00 04  ................
[   31.227161] 00000030: 00 00 00 04 00 00 3b 5f 00 00 3b 5c 00 00 00 00  ......;_..;\....
[   31.228530] 00000040: d6 f6 9d bd 8c 5d 46 be b8 8e 92 c0 ae 88 ce b2  .....]F.........
[   31.229938] 00000050: 00 00 00 00 00 00 00 00 00 00 00 00 00 00 00 00  ................
[   31.231309] 00000060: 00 00 00 00 00 00 00 00 00 00 00 00 00 00 00 00  ................
[   31.232676] 00000070: 00 00 00 00 00 00 00 00 00 00 00 00 00 00 00 00  ................
[   31.234099] XFS (loop0): metadata I/O error in "xfs_read_agf+0xd0/0x290" at daddr 0x8001 len 1 error 74
[   31.235757] XFS (loop0): page discard on page 0000000056a18c92, inode 0x46, pos 16744448.
[   31.237355] XFS (loop0): Metadata CRC error detected at xfs_agf_read_verify+0x10e/0x140, xfs_agf block 0x8001 
[   31.239101] XFS (loop0): Unmount and run xfs_repair
[   31.239956] XFS (loop0): First 128 bytes of corrupted metadata buffer:
[   31.241178] 00000000: 58 41 47 46 00 00 00 01 00 00 00 01 00 00 40 00  XAGF..........@.
[   31.242550] 00000010: 00 00 00 02 00 00 00 03 00 00 00 00 00 00 00 01  ................
[   31.243912] 00000020: 00 00 00 01 00 00 00 00 00 00 00 01 00 00 00 04  ................
[   31.245317] 00000030: 00 00 00 04 00 00 3b 5f 00 00 3b 5c 00 00 00 00  ......;_..;\....
[   31.246706] 00000040: d6 f6 9d bd 8c 5d 46 be b8 8e 92 c0 ae 88 ce b2  .....]F.........
[   31.248079] 00000050: 00 00 00 00 00 00 00 00 00 00 00 00 00 00 00 00  ................
[   31.249490] 00000060: 00 00 00 00 00 00 00 00 00 00 00 00 00 00 00 00  ................
[   31.250863] 00000070: 00 00 00 00 00 00 00 00 00 00 00 00 00 00 00 00  ................
[   31.252239] XFS (loop0): metadata I/O error in "xfs_read_agf+0xd0/0x290" at daddr 0x8001 len 1 error 74
[   31.253961] XFS (loop0): page discard on page 000000001ec6df89, inode 0x46, pos 16748544.
[   31.255513] XFS (loop0): Metadata CRC error detected at xfs_agf_read_verify+0x10e/0x140, xfs_agf block 0x8001 
[   31.257321] XFS (loop0): Unmount and run xfs_repair
[   31.258181] XFS (loop0): First 128 bytes of corrupted metadata buffer:
[   31.259304] 00000000: 58 41 47 46 00 00 00 01 00 00 00 01 00 00 40 00  XAGF..........@.
[   31.260666] 00000010: 00 00 00 02 00 00 00 03 00 00 00 00 00 00 00 01  ................
[   31.262069] 00000020: 00 00 00 01 00 00 00 00 00 00 00 01 00 00 00 04  ................
[   31.263439] 00000030: 00 00 00 04 00 00 3b 5f 00 00 3b 5c 00 00 00 00  ......;_..;\....
[   31.264805] 00000040: d6 f6 9d bd 8c 5d 46 be b8 8e 92 c0 ae 88 ce b2  .....]F.........
[   31.266209] 00000050: 00 00 00 00 00 00 00 00 00 00 00 00 00 00 00 00  ................
[   31.267578] 00000060: 00 00 00 00 00 00 00 00 00 00 00 00 00 00 00 00  ................
[   31.268942] 00000070: 00 00 00 00 00 00 00 00 00 00 00 00 00 00 00 00  ................
[   31.270352] XFS (loop0): metadata I/O error in "xfs_read_agf+0xd0/0x290" at daddr 0x8001 len 1 error 74
[   31.271993] XFS (loop0): page discard on page 0000000032f09e42, inode 0x46, pos 16752640.
[   31.273611] XFS (loop0): Metadata CRC error detected at xfs_agf_read_verify+0x10e/0x140, xfs_agf block 0x8001 
[   31.275363] XFS (loop0): Unmount and run xfs_repair
[   31.276217] XFS (loop0): First 128 bytes of corrupted metadata buffer:
[   31.277399] 00000000: 58 41 47 46 00 00 00 01 00 00 00 01 00 00 40 00  XAGF..........@.
[   31.278772] 00000010: 00 00 00 02 00 00 00 03 00 00 00 00 00 00 00 01  ................
[   31.280141] 00000020: 00 00 00 01 00 00 00 00 00 00 00 01 00 00 00 04  ................
[   31.281549] 00000030: 00 00 00 04 00 00 3b 5f 00 00 3b 5c 00 00 00 00  ......;_..;\....
[   31.282916] 00000040: d6 f6 9d bd 8c 5d 46 be b8 8e 92 c0 ae 88 ce b2  .....]F.........
[   31.284277] 00000050: 00 00 00 00 00 00 00 00 00 00 00 00 00 00 00 00  ................
[   31.285673] 00000060: 00 00 00 00 00 00 00 00 00 00 00 00 00 00 00 00  ................
[   31.287041] 00000070: 00 00 00 00 00 00 00 00 00 00 00 00 00 00 00 00  ................
[   31.288411] XFS (loop0): metadata I/O error in "xfs_read_agf+0xd0/0x290" at daddr 0x8001 len 1 error 74
[   31.290105] XFS (loop0): page discard on page 00000000a6634ba9, inode 0x46, pos 16756736.
[   31.291717] XFS (loop0): Metadata CRC error detected at xfs_agf_read_verify+0x10e/0x140, xfs_agf block 0x8001 
[   31.293557] XFS (loop0): Unmount and run xfs_repair
[   31.294407] XFS (loop0): First 128 bytes of corrupted metadata buffer:
[   31.296076] 00000000: 58 41 47 46 00 00 00 01 00 00 00 01 00 00 40 00  XAGF..........@.
[   31.297500] 00000010: 00 00 00 02 00 00 00 03 00 00 00 00 00 00 00 01  ................
[   31.298857] 00000020: 00 00 00 01 00 00 00 00 00 00 00 01 00 00 00 04  ................
[   31.300215] 00000030: 00 00 00 04 00 00 3b 5f 00 00 3b 5c 00 00 00 00  ......;_..;\....
[   31.301622] 00000040: d6 f6 9d bd 8c 5d 46 be b8 8e 92 c0 ae 88 ce b2  .....]F.........
[   31.302982] 00000050: 00 00 00 00 00 00 00 00 00 00 00 00 00 00 00 00  ................
[   31.304344] 00000060: 00 00 00 00 00 00 00 00 00 00 00 00 00 00 00 00  ................
[   31.305756] 00000070: 00 00 00 00 00 00 00 00 00 00 00 00 00 00 00 00  ................
[   31.312044] XFS (loop0): Metadata CRC error detected at xfs_agf_read_verify+0x10e/0x140, xfs_agf block 0x8001 
[   31.313872] XFS (loop0): Unmount and run xfs_repair
[   31.314736] XFS (loop0): First 128 bytes of corrupted metadata buffer:
[   31.316076] 00000000: 58 41 47 46 00 00 00 01 00 00 00 01 00 00 40 00  XAGF..........@.
[   31.317668] 00000010: 00 00 00 02 00 00 00 03 00 00 00 00 00 00 00 01  ................
[   31.319100] 00000020: 00 00 00 01 00 00 00 00 00 00 00 01 00 00 00 04  ................
[   31.320650] 00000030: 00 00 00 04 00 00 3b 5f 00 00 3b 5c 00 00 00 00  ......;_..;\....
[   31.322170] 00000040: d6 f6 9d bd 8c 5d 46 be b8 8e 92 c0 ae 88 ce b2  .....]F.........
[   31.323676] 00000050: 00 00 00 00 00 00 00 00 00 00 00 00 00 00 00 00  ................
[   31.325223] 00000060: 00 00 00 00 00 00 00 00 00 00 00 00 00 00 00 00  ................
[   31.326647] 00000070: 00 00 00 00 00 00 00 00 00 00 00 00 00 00 00 00  ................
[   31.328726] XFS (loop0): Metadata CRC error detected at xfs_agf_read_verify+0x10e/0x140, xfs_agf block 0x8001 
[   31.330633] XFS (loop0): Unmount and run xfs_repair
[   31.331798] XFS (loop0): First 128 bytes of corrupted metadata buffer:
[   31.333266] 00000000: 58 41 47 46 00 00 00 01 00 00 00 01 00 00 40 00  XAGF..........@.
[   31.334647] 00000010: 00 00 00 02 00 00 00 03 00 00 00 00 00 00 00 01  ................
[   31.336027] 00000020: 00 00 00 01 00 00 00 00 00 00 00 01 00 00 00 04  ................
[   31.337449] 00000030: 00 00 00 04 00 00 3b 5f 00 00 3b 5c 00 00 00 00  ......;_..;\....
[   31.338824] 00000040: d6 f6 9d bd 8c 5d 46 be b8 8e 92 c0 ae 88 ce b2  .....]F.........
[   31.340203] 00000050: 00 00 00 00 00 00 00 00 00 00 00 00 00 00 00 00  ................
[   31.341643] 00000060: 00 00 00 00 00 00 00 00 00 00 00 00 00 00 00 00  ................
[   31.343031] 00000070: 00 00 00 00 00 00 00 00 00 00 00 00 00 00 00 00  ................
[   31.349483] XFS (loop0): Metadata CRC error detected at xfs_agf_read_verify+0x10e/0x140, xfs_agf block 0x8001 
[   31.351262] XFS (loop0): Unmount and run xfs_repair
[   31.352120] XFS (loop0): First 128 bytes of corrupted metadata buffer:
[   31.353370] 00000000: 58 41 47 46 00 00 00 01 00 00 00 01 00 00 40 00  XAGF..........@.
[   31.354756] 00000010: 00 00 00 02 00 00 00 03 00 00 00 00 00 00 00 01  ................
[   31.356120] 00000020: 00 00 00 01 00 00 00 00 00 00 00 01 00 00 00 04  ................
[   31.357535] 00000030: 00 00 00 04 00 00 3b 5f 00 00 3b 5c 00 00 00 00  ......;_..;\....
[   31.358905] 00000040: d6 f6 9d bd 8c 5d 46 be b8 8e 92 c0 ae 88 ce b2  .....]F.........
[   31.360272] 00000050: 00 00 00 00 00 00 00 00 00 00 00 00 00 00 00 00  ................
[   31.361683] 00000060: 00 00 00 00 00 00 00 00 00 00 00 00 00 00 00 00  ................
[   31.363057] 00000070: 00 00 00 00 00 00 00 00 00 00 00 00 00 00 00 00  ................
[   31.385881] XFS (loop0): Unmounting Filesystem
[   31.912262] loop0: detected capacity change from 0 to 65536
[   31.916628] XFS (loop0): Mounting V5 Filesystem
[   31.929759] XFS (loop0): Ending clean mount
[   31.931189] XFS (loop0): Quotacheck needed: Please wait.
[   31.942647] XFS (loop0): Quotacheck: Done.
[   32.071072] XFS (loop0): Metadata CRC error detected at xfs_agf_read_verify+0x10e/0x140, xfs_agf block 0x8001 
[   32.072970] XFS (loop0): Unmount and run xfs_repair
[   32.073933] XFS (loop0): First 128 bytes of corrupted metadata buffer:
[   32.075079] 00000000: 58 41 47 46 00 00 00 01 00 00 00 01 00 00 40 00  XAGF..........@.
[   32.076445] 00000010: 00 00 00 02 00 00 00 03 00 00 00 00 00 00 00 01  ................
[   32.077865] 00000020: 00 00 00 01 00 00 00 00 00 00 00 01 00 00 00 04  ................
[   32.079245] 00000030: 00 00 00 04 00 00 3b 5f 00 00 3b 5c 00 00 00 00  ......;_..;\....
[   32.080618] 00000040: d6 f6 9d bd 8c 5d 46 be b8 8e 92 c0 ae 88 ce b2  .....]F.........
[   32.081985] 00000050: 00 00 00 00 00 00 00 00 00 00 00 00 00 00 00 00  ................
[   32.083360] 00000060: 00 00 00 00 00 00 00 00 00 00 00 00 00 00 00 00  ................
[   32.084723] 00000070: 00 00 00 00 00 00 00 00 00 00 00 00 00 00 00 00  ................
[   32.086163] XFS (loop0): metadata I/O error in "xfs_read_agf+0xd0/0x290" at daddr 0x8001 len 1 error 74
[   32.125202] XFS (loop0): Metadata CRC error detected at xfs_agf_read_verify+0x10e/0x140, xfs_agf block 0x8001 
[   32.127028] XFS (loop0): Unmount and run xfs_repair
[   32.127881] XFS (loop0): First 128 bytes of corrupted metadata buffer:
[   32.129042] 00000000: 58 41 47 46 00 00 00 01 00 00 00 01 00 00 40 00  XAGF..........@.
[   32.130486] 00000010: 00 00 00 02 00 00 00 03 00 00 00 00 00 00 00 01  ................
[   32.131867] 00000020: 00 00 00 01 00 00 00 00 00 00 00 01 00 00 00 04  ................
[   32.133322] 00000030: 00 00 00 04 00 00 3b 5f 00 00 3b 5c 00 00 00 00  ......;_..;\....
[   32.134707] 00000040: d6 f6 9d bd 8c 5d 46 be b8 8e 92 c0 ae 88 ce b2  .....]F.........
[   32.136106] 00000050: 00 00 00 00 00 00 00 00 00 00 00 00 00 00 00 00  ................
[   32.137577] 00000060: 00 00 00 00 00 00 00 00 00 00 00 00 00 00 00 00  ................
[   32.138971] 00000070: 00 00 00 00 00 00 00 00 00 00 00 00 00 00 00 00  ................
[   32.140407] XFS (loop0): metadata I/O error in "xfs_read_agf+0xd0/0x290" at daddr 0x8001 len 1 error 74
[   32.142741] loop0: writeback error on inode 70, offset 16715776, sector 44
[   32.166438] XFS (loop0): Metadata CRC error detected at xfs_agf_read_verify+0x10e/0x140, xfs_agf block 0x8001 
[   32.169507] XFS (loop0): Unmount and run xfs_repair
[   32.170375] XFS (loop0): First 128 bytes of corrupted metadata buffer:
[   32.171498] 00000000: 58 41 47 46 00 00 00 01 00 00 00 01 00 00 40 00  XAGF..........@.
[   32.172862] 00000010: 00 00 00 02 00 00 00 03 00 00 00 00 00 00 00 01  ................
[   32.174281] 00000020: 00 00 00 01 00 00 00 00 00 00 00 01 00 00 00 04  ................
[   32.175659] 00000030: 00 00 00 04 00 00 3b 5f 00 00 3b 5c 00 00 00 00  ......;_..;\....
[   32.177032] 00000040: d6 f6 9d bd 8c 5d 46 be b8 8e 92 c0 ae 88 ce b2  .....]F.........
[   32.178454] 00000050: 00 00 00 00 00 00 00 00 00 00 00 00 00 00 00 00  ................
[   32.179825] 00000060: 00 00 00 00 00 00 00 00 00 00 00 00 00 00 00 00  ................
[   32.181243] 00000070: 00 00 00 00 00 00 00 00 00 00 00 00 00 00 00 00  ................
[   32.182858] XFS (loop0): metadata I/O error in "xfs_read_agf+0xd0/0x290" at daddr 0x8001 len 1 error 74
[   32.185462] XFS (loop0): Metadata CRC error detected at xfs_agf_read_verify+0x10e/0x140, xfs_agf block 0x8001 
[   32.188257] XFS (loop0): Unmount and run xfs_repair
[   32.189303] XFS (loop0): First 128 bytes of corrupted metadata buffer:
[   32.190511] 00000000: 58 41 47 46 00 00 00 01 00 00 00 01 00 00 40 00  XAGF..........@.
[   32.191974] 00000010: 00 00 00 02 00 00 00 03 00 00 00 00 00 00 00 01  ................
[   32.193487] 00000020: 00 00 00 01 00 00 00 00 00 00 00 01 00 00 00 04  ................
[   32.194949] 00000030: 00 00 00 04 00 00 3b 5f 00 00 3b 5c 00 00 00 00  ......;_..;\....
[   32.196402] 00000040: d6 f6 9d bd 8c 5d 46 be b8 8e 92 c0 ae 88 ce b2  .....]F.........
[   32.197936] 00000050: 00 00 00 00 00 00 00 00 00 00 00 00 00 00 00 00  ................
[   32.199428] 00000060: 00 00 00 00 00 00 00 00 00 00 00 00 00 00 00 00  ................
[   32.200912] 00000070: 00 00 00 00 00 00 00 00 00 00 00 00 00 00 00 00  ................
[   32.202802] XFS (loop0): metadata I/O error in "xfs_read_agf+0xd0/0x290" at daddr 0x8001 len 1 error 74
[   32.205666] XFS (loop0): Metadata CRC error detected at xfs_agf_read_verify+0x10e/0x140, xfs_agf block 0x8001 
[   32.207545] XFS (loop0): Unmount and run xfs_repair
[   32.208459] XFS (loop0): First 128 bytes of corrupted metadata buffer:
[   32.209729] 00000000: 58 41 47 46 00 00 00 01 00 00 00 01 00 00 40 00  XAGF..........@.
[   32.211182] 00000010: 00 00 00 02 00 00 00 03 00 00 00 00 00 00 00 01  ................
[   32.212641] 00000020: 00 00 00 01 00 00 00 00 00 00 00 01 00 00 00 04  ................
[   32.214142] 00000030: 00 00 00 04 00 00 3b 5f 00 00 3b 5c 00 00 00 00  ......;_..;\....
[   32.215604] 00000040: d6 f6 9d bd 8c 5d 46 be b8 8e 92 c0 ae 88 ce b2  .....]F.........
[   32.217129] 00000050: 00 00 00 00 00 00 00 00 00 00 00 00 00 00 00 00  ................
[   32.218591] 00000060: 00 00 00 00 00 00 00 00 00 00 00 00 00 00 00 00  ................
[   32.220051] 00000070: 00 00 00 00 00 00 00 00 00 00 00 00 00 00 00 00  ................
[   32.221588] XFS (loop0): metadata I/O error in "xfs_read_agf+0xd0/0x290" at daddr 0x8001 len 1 error 74
[   32.223997] XFS (loop0): Metadata CRC error detected at xfs_agf_read_verify+0x10e/0x140, xfs_agf block 0x8001 
[   32.226263] XFS (loop0): Unmount and run xfs_repair
[   32.227201] XFS (loop0): First 128 bytes of corrupted metadata buffer:
[   32.228411] 00000000: 58 41 47 46 00 00 00 01 00 00 00 01 00 00 40 00  XAGF..........@.
[   32.229936] 00000010: 00 00 00 02 00 00 00 03 00 00 00 00 00 00 00 01  ................
[   32.231395] 00000020: 00 00 00 01 00 00 00 00 00 00 00 01 00 00 00 04  ................
[   32.232876] 00000030: 00 00 00 04 00 00 3b 5f 00 00 3b 5c 00 00 00 00  ......;_..;\....
[   32.234415] 00000040: d6 f6 9d bd 8c 5d 46 be b8 8e 92 c0 ae 88 ce b2  .....]F.........
[   32.235887] 00000050: 00 00 00 00 00 00 00 00 00 00 00 00 00 00 00 00  ................
[   32.237408] 00000060: 00 00 00 00 00 00 00 00 00 00 00 00 00 00 00 00  ................
[   32.238880] 00000070: 00 00 00 00 00 00 00 00 00 00 00 00 00 00 00 00  ................
[   32.240727] XFS (loop0): metadata I/O error in "xfs_read_agf+0xd0/0x290" at daddr 0x8001 len 1 error 74
[   32.245295] XFS (loop0): Metadata CRC error detected at xfs_agf_read_verify+0x10e/0x140, xfs_agf block 0x8001 
[   32.247088] XFS (loop0): Unmount and run xfs_repair
[   32.247942] XFS (loop0): First 128 bytes of corrupted metadata buffer:
[   32.249156] 00000000: 58 41 47 46 00 00 00 01 00 00 00 01 00 00 40 00  XAGF..........@.
[   32.250534] 00000010: 00 00 00 02 00 00 00 03 00 00 00 00 00 00 00 01  ................
[   32.251892] 00000020: 00 00 00 01 00 00 00 00 00 00 00 01 00 00 00 04  ................
[   32.253373] 00000030: 00 00 00 04 00 00 3b 5f 00 00 3b 5c 00 00 00 00  ......;_..;\....
[   32.254748] 00000040: d6 f6 9d bd 8c 5d 46 be b8 8e 92 c0 ae 88 ce b2  .....]F.........
[   32.256113] 00000050: 00 00 00 00 00 00 00 00 00 00 00 00 00 00 00 00  ................
[   32.257549] 00000060: 00 00 00 00 00 00 00 00 00 00 00 00 00 00 00 00  ................
[   32.258925] 00000070: 00 00 00 00 00 00 00 00 00 00 00 00 00 00 00 00  ................
[   32.260489] XFS (loop0): metadata I/O error in "xfs_read_agf+0xd0/0x290" at daddr 0x8001 len 1 error 74
[   32.262717] XFS (loop0): Metadata CRC error detected at xfs_agf_read_verify+0x10e/0x140, xfs_agf block 0x8001 
[   32.264571] XFS (loop0): Unmount and run xfs_repair
[   32.265554] XFS (loop0): First 128 bytes of corrupted metadata buffer:
[   32.266756] 00000000: 58 41 47 46 00 00 00 01 00 00 00 01 00 00 40 00  XAGF..........@.
[   32.268205] 00000010: 00 00 00 02 00 00 00 03 00 00 00 00 00 00 00 01  ................
[   32.269704] 00000020: 00 00 00 01 00 00 00 00 00 00 00 01 00 00 00 04  ................
[   32.271166] 00000030: 00 00 00 04 00 00 3b 5f 00 00 3b 5c 00 00 00 00  ......;_..;\....
[   32.272621] 00000040: d6 f6 9d bd 8c 5d 46 be b8 8e 92 c0 ae 88 ce b2  .....]F.........
[   32.274280] 00000050: 00 00 00 00 00 00 00 00 00 00 00 00 00 00 00 00  ................
[   32.275647] 00000060: 00 00 00 00 00 00 00 00 00 00 00 00 00 00 00 00  ................
[   32.277000] 00000070: 00 00 00 00 00 00 00 00 00 00 00 00 00 00 00 00  ................
[   32.278444] XFS (loop0): metadata I/O error in "xfs_read_agf+0xd0/0x290" at daddr 0x8001 len 1 error 74
[   32.280376] XFS (loop0): Metadata CRC error detected at xfs_agf_read_verify+0x10e/0x140, xfs_agf block 0x8001 
[   32.282158] XFS (loop0): Unmount and run xfs_repair
[   32.283016] XFS (loop0): First 128 bytes of corrupted metadata buffer:
[   32.284137] 00000000: 58 41 47 46 00 00 00 01 00 00 00 01 00 00 40 00  XAGF..........@.
[   32.285945] 00000010: 00 00 00 02 00 00 00 03 00 00 00 00 00 00 00 01  ................
[   32.287475] 00000020: 00 00 00 01 00 00 00 00 00 00 00 01 00 00 00 04  ................
[   32.288981] 00000030: 00 00 00 04 00 00 3b 5f 00 00 3b 5c 00 00 00 00  ......;_..;\....
[   32.290550] 00000040: d6 f6 9d bd 8c 5d 46 be b8 8e 92 c0 ae 88 ce b2  .....]F.........
[   32.292029] 00000050: 00 00 00 00 00 00 00 00 00 00 00 00 00 00 00 00  ................
[   32.293557] 00000060: 00 00 00 00 00 00 00 00 00 00 00 00 00 00 00 00  ................
[   32.295086] 00000070: 00 00 00 00 00 00 00 00 00 00 00 00 00 00 00 00  ................
[   32.296605] XFS (loop0): metadata I/O error in "xfs_read_agf+0xd0/0x290" at daddr 0x8001 len 1 error 74
[   32.298783] XFS (loop0): Metadata CRC error detected at xfs_agf_read_verify+0x10e/0x140, xfs_agf block 0x8001 
[   32.300770] XFS (loop0): Unmount and run xfs_repair
[   32.301869] XFS (loop0): First 128 bytes of corrupted metadata buffer:
[   32.303193] 00000000: 58 41 47 46 00 00 00 01 00 00 00 01 00 00 40 00  XAGF..........@.
[   32.304789] 00000010: 00 00 00 02 00 00 00 03 00 00 00 00 00 00 00 01  ................
[   32.306478] 00000020: 00 00 00 01 00 00 00 00 00 00 00 01 00 00 00 04  ................
[   32.308163] 00000030: 00 00 00 04 00 00 3b 5f 00 00 3b 5c 00 00 00 00  ......;_..;\....
[   32.309761] 00000040: d6 f6 9d bd 8c 5d 46 be b8 8e 92 c0 ae 88 ce b2  .....]F.........
[   32.311273] 00000050: 00 00 00 00 00 00 00 00 00 00 00 00 00 00 00 00  ................
[   32.313073] 00000060: 00 00 00 00 00 00 00 00 00 00 00 00 00 00 00 00  ................
[   32.315208] 00000070: 00 00 00 00 00 00 00 00 00 00 00 00 00 00 00 00  ................
[   32.317558] XFS (loop0): metadata I/O error in "xfs_read_agf+0xd0/0x290" at daddr 0x8001 len 1 error 74
[   32.320292] XFS (loop0): Metadata CRC error detected at xfs_agf_read_verify+0x10e/0x140, xfs_agf block 0x8001 
[   32.322246] XFS (loop0): Unmount and run xfs_repair
[   32.323115] XFS (loop0): First 128 bytes of corrupted metadata buffer:
[   32.324253] 00000000: 58 41 47 46 00 00 00 01 00 00 00 01 00 00 40 00  XAGF..........@.
[   32.325716] 00000010: 00 00 00 02 00 00 00 03 00 00 00 00 00 00 00 01  ................
[   32.327099] 00000020: 00 00 00 01 00 00 00 00 00 00 00 01 00 00 00 04  ................
[   32.328484] 00000030: 00 00 00 04 00 00 3b 5f 00 00 3b 5c 00 00 00 00  ......;_..;\....
[   32.329938] 00000040: d6 f6 9d bd 8c 5d 46 be b8 8e 92 c0 ae 88 ce b2  .....]F.........
[   32.331319] 00000050: 00 00 00 00 00 00 00 00 00 00 00 00 00 00 00 00  ................
[   32.332677] 00000060: 00 00 00 00 00 00 00 00 00 00 00 00 00 00 00 00  ................
[   32.334104] 00000070: 00 00 00 00 00 00 00 00 00 00 00 00 00 00 00 00  ................
[   32.336071] XFS (loop0): Metadata CRC error detected at xfs_agf_read_verify+0x10e/0x140, xfs_agf block 0x8001 
[   32.337951] XFS (loop0): Unmount and run xfs_repair
[   32.338806] XFS (loop0): First 128 bytes of corrupted metadata buffer:
[   32.339927] 00000000: 58 41 47 46 00 00 00 01 00 00 00 01 00 00 40 00  XAGF..........@.
[   32.341338] 00000010: 00 00 00 02 00 00 00 03 00 00 00 00 00 00 00 01  ................
[   32.342706] 00000020: 00 00 00 01 00 00 00 00 00 00 00 01 00 00 00 04  ................
[   32.344061] 00000030: 00 00 00 04 00 00 3b 5f 00 00 3b 5c 00 00 00 00  ......;_..;\....
[   32.345471] 00000040: d6 f6 9d bd 8c 5d 46 be b8 8e 92 c0 ae 88 ce b2  .....]F.........
[   32.346833] 00000050: 00 00 00 00 00 00 00 00 00 00 00 00 00 00 00 00  ................
[   32.348196] 00000060: 00 00 00 00 00 00 00 00 00 00 00 00 00 00 00 00  ................
[   32.349649] 00000070: 00 00 00 00 00 00 00 00 00 00 00 00 00 00 00 00  ................
[   32.351466] XFS (loop0): Metadata CRC error detected at xfs_agf_read_verify+0x10e/0x140, xfs_agf block 0x8001 
[   32.353331] XFS (loop0): Unmount and run xfs_repair
[   32.354199] XFS (loop0): First 128 bytes of corrupted metadata buffer:
[   32.355339] 00000000: 58 41 47 46 00 00 00 01 00 00 00 01 00 00 40 00  XAGF..........@.
[   32.356698] 00000010: 00 00 00 02 00 00 00 03 00 00 00 00 00 00 00 01  ................
[   32.358145] 00000020: 00 00 00 01 00 00 00 00 00 00 00 01 00 00 00 04  ................
[   32.359517] 00000030: 00 00 00 04 00 00 3b 5f 00 00 3b 5c 00 00 00 00  ......;_..;\....
[   32.360878] 00000040: d6 f6 9d bd 8c 5d 46 be b8 8e 92 c0 ae 88 ce b2  .....]F.........
[   32.362288] 00000050: 00 00 00 00 00 00 00 00 00 00 00 00 00 00 00 00  ................
[   32.363652] 00000060: 00 00 00 00 00 00 00 00 00 00 00 00 00 00 00 00  ................
[   32.365013] 00000070: 00 00 00 00 00 00 00 00 00 00 00 00 00 00 00 00  ................
[   32.367223] XFS (loop0): Metadata CRC error detected at xfs_agf_read_verify+0x10e/0x140, xfs_agf block 0x8001 
[   32.369290] XFS (loop0): Unmount and run xfs_repair
[   32.370251] XFS (loop0): First 128 bytes of corrupted metadata buffer:
[   32.371492] 00000000: 58 41 47 46 00 00 00 01 00 00 00 01 00 00 40 00  XAGF..........@.
[   32.372995] 00000010: 00 00 00 02 00 00 00 03 00 00 00 00 00 00 00 01  ................
[   32.374587] 00000020: 00 00 00 01 00 00 00 00 00 00 00 01 00 00 00 04  ................
[   32.376090] 00000030: 00 00 00 04 00 00 3b 5f 00 00 3b 5c 00 00 00 00  ......;_..;\....
[   32.377653] 00000040: d6 f6 9d bd 8c 5d 46 be b8 8e 92 c0 ae 88 ce b2  .....]F.........
[   32.379172] 00000050: 00 00 00 00 00 00 00 00 00 00 00 00 00 00 00 00  ................
[   32.380673] 00000060: 00 00 00 00 00 00 00 00 00 00 00 00 00 00 00 00  ................
[   32.382236] 00000070: 00 00 00 00 00 00 00 00 00 00 00 00 00 00 00 00  ................
[   32.404040] XFS (loop0): Unmounting Filesystem
[   32.780743] loop0: detected capacity change from 0 to 65536
[   32.784965] XFS (loop0): Mounting V5 Filesystem
[   32.798055] XFS (loop0): Ending clean mount
[   32.800251] XFS (loop0): Quotacheck needed: Please wait.
[   32.810594] XFS (loop0): Quotacheck: Done.
[   32.938600] XFS (loop0): Metadata CRC error detected at xfs_agf_read_verify+0x10e/0x140, xfs_agf block 0x8001 
[   32.940505] XFS (loop0): Unmount and run xfs_repair
[   32.941430] XFS (loop0): First 128 bytes of corrupted metadata buffer:
[   32.942547] 00000000: 58 41 47 46 00 00 00 01 00 00 00 01 00 00 40 00  XAGF..........@.
[   32.943896] 00000010: 00 00 00 02 00 00 00 03 00 00 00 00 00 00 00 01  ................
[   32.945297] 00000020: 00 00 00 01 00 00 00 00 00 00 00 01 00 00 00 04  ................
[   32.946665] 00000030: 00 00 00 04 00 00 3b 5f 00 00 3b 5c 00 00 00 00  ......;_..;\....
[   32.948013] 00000040: d6 f6 9d bd 8c 5d 46 be b8 8e 92 c0 ae 88 ce b2  .....]F.........
[   32.949414] 00000050: 00 00 00 00 00 00 00 00 00 00 00 00 00 00 00 00  ................
[   32.950781] 00000060: 00 00 00 00 00 00 00 00 00 00 00 00 00 00 00 00  ................
[   32.952133] 00000070: 00 00 00 00 00 00 00 00 00 00 00 00 00 00 00 00  ................
[   32.953982] XFS (loop0): metadata I/O error in "xfs_read_agf+0xd0/0x290" at daddr 0x8001 len 1 error 74
[   33.005240] XFS (loop0): Metadata CRC error detected at xfs_agf_read_verify+0x10e/0x140, xfs_agf block 0x8001 
[   33.007052] XFS (loop0): Unmount and run xfs_repair
[   33.007945] XFS (loop0): First 128 bytes of corrupted metadata buffer:
[   33.009179] 00000000: 58 41 47 46 00 00 00 01 00 00 00 01 00 00 40 00  XAGF..........@.
[   33.010556] 00000010: 00 00 00 02 00 00 00 03 00 00 00 00 00 00 00 01  ................
[   33.011926] 00000020: 00 00 00 01 00 00 00 00 00 00 00 01 00 00 00 04  ................
[   33.013415] 00000030: 00 00 00 04 00 00 3b 5f 00 00 3b 5c 00 00 00 00  ......;_..;\....
[   33.014796] 00000040: d6 f6 9d bd 8c 5d 46 be b8 8e 92 c0 ae 88 ce b2  .....]F.........
[   33.016163] 00000050: 00 00 00 00 00 00 00 00 00 00 00 00 00 00 00 00  ................
[   33.017585] 00000060: 00 00 00 00 00 00 00 00 00 00 00 00 00 00 00 00  ................
[   33.018963] 00000070: 00 00 00 00 00 00 00 00 00 00 00 00 00 00 00 00  ................
[   33.020380] XFS (loop0): metadata I/O error in "xfs_read_agf+0xd0/0x290" at daddr 0x8001 len 1 error 74
[   33.022873] loop0: writeback error on inode 70, offset 16715776, sector 44
[   33.042296] XFS (loop0): Metadata CRC error detected at xfs_agf_read_verify+0x10e/0x140, xfs_agf block 0x8001 
[   33.045350] XFS (loop0): Unmount and run xfs_repair
[   33.046212] XFS (loop0): First 128 bytes of corrupted metadata buffer:
[   33.047340] 00000000: 58 41 47 46 00 00 00 01 00 00 00 01 00 00 40 00  XAGF..........@.
[   33.048697] 00000010: 00 00 00 02 00 00 00 03 00 00 00 00 00 00 00 01  ................
[   33.050049] 00000020: 00 00 00 01 00 00 00 00 00 00 00 01 00 00 00 04  ................
[   33.051417] 00000030: 00 00 00 04 00 00 3b 5f 00 00 3b 5c 00 00 00 00  ......;_..;\....
[   33.052807] 00000040: d6 f6 9d bd 8c 5d 46 be b8 8e 92 c0 ae 88 ce b2  .....]F.........
[   33.054203] 00000050: 00 00 00 00 00 00 00 00 00 00 00 00 00 00 00 00  ................
[   33.055562] 00000060: 00 00 00 00 00 00 00 00 00 00 00 00 00 00 00 00  ................
[   33.056925] 00000070: 00 00 00 00 00 00 00 00 00 00 00 00 00 00 00 00  ................
[   33.058424] XFS (loop0): metadata I/O error in "xfs_read_agf+0xd0/0x290" at daddr 0x8001 len 1 error 74
[   33.060400] XFS (loop0): Metadata CRC error detected at xfs_agf_read_verify+0x10e/0x140, xfs_agf block 0x8001 
[   33.062261] XFS (loop0): Unmount and run xfs_repair
[   33.063526] XFS (loop0): First 128 bytes of corrupted metadata buffer:
[   33.064671] 00000000: 58 41 47 46 00 00 00 01 00 00 00 01 00 00 40 00  XAGF..........@.
[   33.066079] 00000010: 00 00 00 02 00 00 00 03 00 00 00 00 00 00 00 01  ................
[   33.067443] 00000020: 00 00 00 01 00 00 00 00 00 00 00 01 00 00 00 04  ................
[   33.068802] 00000030: 00 00 00 04 00 00 3b 5f 00 00 3b 5c 00 00 00 00  ......;_..;\....
[   33.070200] 00000040: d6 f6 9d bd 8c 5d 46 be b8 8e 92 c0 ae 88 ce b2  .....]F.........
[   33.071561] 00000050: 00 00 00 00 00 00 00 00 00 00 00 00 00 00 00 00  ................
[   33.072903] 00000060: 00 00 00 00 00 00 00 00 00 00 00 00 00 00 00 00  ................
[   33.074312] 00000070: 00 00 00 00 00 00 00 00 00 00 00 00 00 00 00 00  ................
[   33.075956] XFS (loop0): metadata I/O error in "xfs_read_agf+0xd0/0x290" at daddr 0x8001 len 1 error 74
[   33.078554] XFS (loop0): Metadata CRC error detected at xfs_agf_read_verify+0x10e/0x140, xfs_agf block 0x8001 
[   33.080307] XFS (loop0): Unmount and run xfs_repair
[   33.081241] XFS (loop0): First 128 bytes of corrupted metadata buffer:
[   33.082378] 00000000: 58 41 47 46 00 00 00 01 00 00 00 01 00 00 40 00  XAGF..........@.
[   33.083757] 00000010: 00 00 00 02 00 00 00 03 00 00 00 00 00 00 00 01  ................
[   33.085193] 00000020: 00 00 00 01 00 00 00 00 00 00 00 01 00 00 00 04  ................
[   33.086555] 00000030: 00 00 00 04 00 00 3b 5f 00 00 3b 5c 00 00 00 00  ......;_..;\....
[   33.087909] 00000040: d6 f6 9d bd 8c 5d 46 be b8 8e 92 c0 ae 88 ce b2  .....]F.........
[   33.089292] 00000050: 00 00 00 00 00 00 00 00 00 00 00 00 00 00 00 00  ................
[   33.090655] 00000060: 00 00 00 00 00 00 00 00 00 00 00 00 00 00 00 00  ................
[   33.091983] 00000070: 00 00 00 00 00 00 00 00 00 00 00 00 00 00 00 00  ................
[   33.093426] XFS (loop0): metadata I/O error in "xfs_read_agf+0xd0/0x290" at daddr 0x8001 len 1 error 74
[   33.096277] XFS (loop0): Metadata CRC error detected at xfs_agf_read_verify+0x10e/0x140, xfs_agf block 0x8001 
[   33.098108] XFS (loop0): Unmount and run xfs_repair
[   33.098965] XFS (loop0): First 128 bytes of corrupted metadata buffer:
[   33.100198] 00000000: 58 41 47 46 00 00 00 01 00 00 00 01 00 00 40 00  XAGF..........@.
[   33.101790] 00000010: 00 00 00 02 00 00 00 03 00 00 00 00 00 00 00 01  ................
[   33.103403] 00000020: 00 00 00 01 00 00 00 00 00 00 00 01 00 00 00 04  ................
[   33.104763] 00000030: 00 00 00 04 00 00 3b 5f 00 00 3b 5c 00 00 00 00  ......;_..;\....
[   33.106173] 00000040: d6 f6 9d bd 8c 5d 46 be b8 8e 92 c0 ae 88 ce b2  .....]F.........
[   33.107543] 00000050: 00 00 00 00 00 00 00 00 00 00 00 00 00 00 00 00  ................
[   33.108900] 00000060: 00 00 00 00 00 00 00 00 00 00 00 00 00 00 00 00  ................
[   33.110320] 00000070: 00 00 00 00 00 00 00 00 00 00 00 00 00 00 00 00  ................
[   33.111698] XFS (loop0): metadata I/O error in "xfs_read_agf+0xd0/0x290" at daddr 0x8001 len 1 error 74
[   33.113630] XFS (loop0): Metadata CRC error detected at xfs_agf_read_verify+0x10e/0x140, xfs_agf block 0x8001 
[   33.115405] XFS (loop0): Unmount and run xfs_repair
[   33.116271] XFS (loop0): First 128 bytes of corrupted metadata buffer:
[   33.117517] 00000000: 58 41 47 46 00 00 00 01 00 00 00 01 00 00 40 00  XAGF..........@.
[   33.118896] 00000010: 00 00 00 02 00 00 00 03 00 00 00 00 00 00 00 01  ................
[   33.120274] 00000020: 00 00 00 01 00 00 00 00 00 00 00 01 00 00 00 04  ................
[   33.121732] 00000030: 00 00 00 04 00 00 3b 5f 00 00 3b 5c 00 00 00 00  ......;_..;\....
[   33.123104] 00000040: d6 f6 9d bd 8c 5d 46 be b8 8e 92 c0 ae 88 ce b2  .....]F.........
[   33.124476] 00000050: 00 00 00 00 00 00 00 00 00 00 00 00 00 00 00 00  ................
[   33.125918] 00000060: 00 00 00 00 00 00 00 00 00 00 00 00 00 00 00 00  ................
[   33.127303] 00000070: 00 00 00 00 00 00 00 00 00 00 00 00 00 00 00 00  ................
[   33.128776] XFS (loop0): metadata I/O error in "xfs_read_agf+0xd0/0x290" at daddr 0x8001 len 1 error 74
[   33.130872] XFS (loop0): Metadata CRC error detected at xfs_agf_read_verify+0x10e/0x140, xfs_agf block 0x8001 
[   33.132627] XFS (loop0): Unmount and run xfs_repair
[   33.133586] XFS (loop0): First 128 bytes of corrupted metadata buffer:
[   33.134725] 00000000: 58 41 47 46 00 00 00 01 00 00 00 01 00 00 40 00  XAGF..........@.
[   33.136096] 00000010: 00 00 00 02 00 00 00 03 00 00 00 00 00 00 00 01  ................
[   33.137513] 00000020: 00 00 00 01 00 00 00 00 00 00 00 01 00 00 00 04  ................
[   33.138887] 00000030: 00 00 00 04 00 00 3b 5f 00 00 3b 5c 00 00 00 00  ......;_..;\....
[   33.140261] 00000040: d6 f6 9d bd 8c 5d 46 be b8 8e 92 c0 ae 88 ce b2  .....]F.........
[   33.141674] 00000050: 00 00 00 00 00 00 00 00 00 00 00 00 00 00 00 00  ................
[   33.143045] 00000060: 00 00 00 00 00 00 00 00 00 00 00 00 00 00 00 00  ................
[   33.144416] 00000070: 00 00 00 00 00 00 00 00 00 00 00 00 00 00 00 00  ................
[   33.146226] XFS (loop0): metadata I/O error in "xfs_read_agf+0xd0/0x290" at daddr 0x8001 len 1 error 74
[   33.148135] XFS (loop0): Metadata CRC error detected at xfs_agf_read_verify+0x10e/0x140, xfs_agf block 0x8001 
[   33.150008] XFS (loop0): Unmount and run xfs_repair
[   33.150865] XFS (loop0): First 128 bytes of corrupted metadata buffer:
[   33.151996] 00000000: 58 41 47 46 00 00 00 01 00 00 00 01 00 00 40 00  XAGF..........@.
[   33.153416] 00000010: 00 00 00 02 00 00 00 03 00 00 00 00 00 00 00 01  ................
[   33.154778] 00000020: 00 00 00 01 00 00 00 00 00 00 00 01 00 00 00 04  ................
[   33.156151] 00000030: 00 00 00 04 00 00 3b 5f 00 00 3b 5c 00 00 00 00  ......;_..;\....
[   33.157557] 00000040: d6 f6 9d bd 8c 5d 46 be b8 8e 92 c0 ae 88 ce b2  .....]F.........
[   33.158938] 00000050: 00 00 00 00 00 00 00 00 00 00 00 00 00 00 00 00  ................
[   33.160301] 00000060: 00 00 00 00 00 00 00 00 00 00 00 00 00 00 00 00  ................
[   33.161701] 00000070: 00 00 00 00 00 00 00 00 00 00 00 00 00 00 00 00  ................
[   33.163084] XFS (loop0): metadata I/O error in "xfs_read_agf+0xd0/0x290" at daddr 0x8001 len 1 error 74
[   33.164957] XFS (loop0): Metadata CRC error detected at xfs_agf_read_verify+0x10e/0x140, xfs_agf block 0x8001 
[   33.166765] XFS (loop0): Unmount and run xfs_repair
[   33.167619] XFS (loop0): First 128 bytes of corrupted metadata buffer:
[   33.168746] 00000000: 58 41 47 46 00 00 00 01 00 00 00 01 00 00 40 00  XAGF..........@.
[   33.170200] 00000010: 00 00 00 02 00 00 00 03 00 00 00 00 00 00 00 01  ................
[   33.171594] 00000020: 00 00 00 01 00 00 00 00 00 00 00 01 00 00 00 04  ................
[   33.172958] 00000030: 00 00 00 04 00 00 3b 5f 00 00 3b 5c 00 00 00 00  ......;_..;\....
[   33.174417] 00000040: d6 f6 9d bd 8c 5d 46 be b8 8e 92 c0 ae 88 ce b2  .....]F.........
[   33.175778] 00000050: 00 00 00 00 00 00 00 00 00 00 00 00 00 00 00 00  ................
[   33.177195] 00000060: 00 00 00 00 00 00 00 00 00 00 00 00 00 00 00 00  ................
[   33.178551] 00000070: 00 00 00 00 00 00 00 00 00 00 00 00 00 00 00 00  ................
[   33.179931] XFS (loop0): metadata I/O error in "xfs_read_agf+0xd0/0x290" at daddr 0x8001 len 1 error 74
[   33.181890] XFS (loop0): Metadata CRC error detected at xfs_agf_read_verify+0x10e/0x140, xfs_agf block 0x8001 
[   33.183620] XFS (loop0): Unmount and run xfs_repair
[   33.184470] XFS (loop0): First 128 bytes of corrupted metadata buffer:
[   33.185670] 00000000: 58 41 47 46 00 00 00 01 00 00 00 01 00 00 40 00  XAGF..........@.
[   33.187058] 00000010: 00 00 00 02 00 00 00 03 00 00 00 00 00 00 00 01  ................
[   33.188421] 00000020: 00 00 00 01 00 00 00 00 00 00 00 01 00 00 00 04  ................
[   33.189829] 00000030: 00 00 00 04 00 00 3b 5f 00 00 3b 5c 00 00 00 00  ......;_..;\....
[   33.191191] 00000040: d6 f6 9d bd 8c 5d 46 be b8 8e 92 c0 ae 88 ce b2  .....]F.........
[   33.192550] 00000050: 00 00 00 00 00 00 00 00 00 00 00 00 00 00 00 00  ................
[   33.193969] 00000060: 00 00 00 00 00 00 00 00 00 00 00 00 00 00 00 00  ................
[   33.195336] 00000070: 00 00 00 00 00 00 00 00 00 00 00 00 00 00 00 00  ................
[   33.197020] XFS (loop0): Metadata CRC error detected at xfs_agf_read_verify+0x10e/0x140, xfs_agf block 0x8001 
[   33.198939] XFS (loop0): Unmount and run xfs_repair
[   33.199816] XFS (loop0): First 128 bytes of corrupted metadata buffer:
[   33.200940] 00000000: 58 41 47 46 00 00 00 01 00 00 00 01 00 00 40 00  XAGF..........@.
[   33.202464] 00000010: 00 00 00 02 00 00 00 03 00 00 00 00 00 00 00 01  ................
[   33.203804] 00000020: 00 00 00 01 00 00 00 00 00 00 00 01 00 00 00 04  ................
[   33.205204] 00000030: 00 00 00 04 00 00 3b 5f 00 00 3b 5c 00 00 00 00  ......;_..;\....
[   33.206566] 00000040: d6 f6 9d bd 8c 5d 46 be b8 8e 92 c0 ae 88 ce b2  .....]F.........
[   33.207924] 00000050: 00 00 00 00 00 00 00 00 00 00 00 00 00 00 00 00  ................
[   33.209325] 00000060: 00 00 00 00 00 00 00 00 00 00 00 00 00 00 00 00  ................
[   33.210687] 00000070: 00 00 00 00 00 00 00 00 00 00 00 00 00 00 00 00  ................
[   33.212626] XFS (loop0): Metadata CRC error detected at xfs_agf_read_verify+0x10e/0x140, xfs_agf block 0x8001 
[   33.214430] XFS (loop0): Unmount and run xfs_repair
[   33.215288] XFS (loop0): First 128 bytes of corrupted metadata buffer:
[   33.216404] 00000000: 58 41 47 46 00 00 00 01 00 00 00 01 00 00 40 00  XAGF..........@.
[   33.217804] 00000010: 00 00 00 02 00 00 00 03 00 00 00 00 00 00 00 01  ................
[   33.219171] 00000020: 00 00 00 01 00 00 00 00 00 00 00 01 00 00 00 04  ................
[   33.220522] 00000030: 00 00 00 04 00 00 3b 5f 00 00 3b 5c 00 00 00 00  ......;_..;\....
[   33.221924] 00000040: d6 f6 9d bd 8c 5d 46 be b8 8e 92 c0 ae 88 ce b2  .....]F.........
[   33.223290] 00000050: 00 00 00 00 00 00 00 00 00 00 00 00 00 00 00 00  ................
[   33.224650] 00000060: 00 00 00 00 00 00 00 00 00 00 00 00 00 00 00 00  ................
[   33.226057] 00000070: 00 00 00 00 00 00 00 00 00 00 00 00 00 00 00 00  ................
[   33.228140] XFS (loop0): Metadata CRC error detected at xfs_agf_read_verify+0x10e/0x140, xfs_agf block 0x8001 
[   33.230005] XFS (loop0): Unmount and run xfs_repair
[   33.230867] XFS (loop0): First 128 bytes of corrupted metadata buffer:
[   33.231988] 00000000: 58 41 47 46 00 00 00 01 00 00 00 01 00 00 40 00  XAGF..........@.
[   33.233389] 00000010: 00 00 00 02 00 00 00 03 00 00 00 00 00 00 00 01  ................
[   33.234762] 00000020: 00 00 00 01 00 00 00 00 00 00 00 01 00 00 00 04  ................
[   33.236124] 00000030: 00 00 00 04 00 00 3b 5f 00 00 3b 5c 00 00 00 00  ......;_..;\....
[   33.237544] 00000040: d6 f6 9d bd 8c 5d 46 be b8 8e 92 c0 ae 88 ce b2  .....]F.........
[   33.238910] 00000050: 00 00 00 00 00 00 00 00 00 00 00 00 00 00 00 00  ................
[   33.240271] 00000060: 00 00 00 00 00 00 00 00 00 00 00 00 00 00 00 00  ................
[   33.241678] 00000070: 00 00 00 00 00 00 00 00 00 00 00 00 00 00 00 00  ................
[   33.264044] XFS (loop0): Unmounting Filesystem
[   33.681803] loop0: detected capacity change from 0 to 65536
[   33.686260] XFS (loop0): Mounting V5 Filesystem
[   33.699032] XFS (loop0): Ending clean mount
[   33.700487] XFS (loop0): Quotacheck needed: Please wait.
[   33.709953] XFS (loop0): Quotacheck: Done.
[   33.818842] XFS (loop0): Metadata CRC error detected at xfs_agf_read_verify+0x10e/0x140, xfs_agf block 0x8001 
[   33.820762] XFS (loop0): Unmount and run xfs_repair
[   33.821716] XFS (loop0): First 128 bytes of corrupted metadata buffer:
[   33.822846] 00000000: 58 41 47 46 00 00 00 01 00 00 00 01 00 00 40 00  XAGF..........@.
[   33.824207] 00000010: 00 00 00 02 00 00 00 03 00 00 00 00 00 00 00 01  ................
[   33.825620] 00000020: 00 00 00 01 00 00 00 00 00 00 00 01 00 00 00 04  ................
[   33.826983] 00000030: 00 00 00 04 00 00 3b 5f 00 00 3b 5c 00 00 00 00  ......;_..;\....
[   33.828347] 00000040: d6 f6 9d bd 8c 5d 46 be b8 8e 92 c0 ae 88 ce b2  .....]F.........
[   33.829744] 00000050: 00 00 00 00 00 00 00 00 00 00 00 00 00 00 00 00  ................
[   33.831114] 00000060: 00 00 00 00 00 00 00 00 00 00 00 00 00 00 00 00  ................
[   33.832471] 00000070: 00 00 00 00 00 00 00 00 00 00 00 00 00 00 00 00  ................
[   33.834337] XFS (loop0): metadata I/O error in "xfs_read_agf+0xd0/0x290" at daddr 0x8001 len 1 error 74
[   33.886031] XFS (loop0): Metadata CRC error detected at xfs_agf_read_verify+0x10e/0x140, xfs_agf block 0x8001 
[   33.887945] XFS (loop0): Unmount and run xfs_repair
[   33.888812] XFS (loop0): First 128 bytes of corrupted metadata buffer:
[   33.890024] 00000000: 58 41 47 46 00 00 00 01 00 00 00 01 00 00 40 00  XAGF..........@.
[   33.891386] 00000010: 00 00 00 02 00 00 00 03 00 00 00 00 00 00 00 01  ................
[   33.892753] 00000020: 00 00 00 01 00 00 00 00 00 00 00 01 00 00 00 04  ................
[   33.894201] 00000030: 00 00 00 04 00 00 3b 5f 00 00 3b 5c 00 00 00 00  ......;_..;\....
[   33.895577] 00000040: d6 f6 9d bd 8c 5d 46 be b8 8e 92 c0 ae 88 ce b2  .....]F.........
[   33.896941] 00000050: 00 00 00 00 00 00 00 00 00 00 00 00 00 00 00 00  ................
[   33.898359] 00000060: 00 00 00 00 00 00 00 00 00 00 00 00 00 00 00 00  ................
[   33.899738] 00000070: 00 00 00 00 00 00 00 00 00 00 00 00 00 00 00 00  ................
[   33.901203] XFS (loop0): metadata I/O error in "xfs_read_agf+0xd0/0x290" at daddr 0x8001 len 1 error 74
[   33.903599] loop0: writeback error on inode 70, offset 16715776, sector 44
[   33.917307] XFS (loop0): Metadata CRC error detected at xfs_agf_read_verify+0x10e/0x140, xfs_agf block 0x8001 
[   33.920430] XFS (loop0): Unmount and run xfs_repair
[   33.921394] XFS (loop0): First 128 bytes of corrupted metadata buffer:
[   33.922532] 00000000: 58 41 47 46 00 00 00 01 00 00 00 01 00 00 40 00  XAGF..........@.
[   33.923984] 00000010: 00 00 00 02 00 00 00 03 00 00 00 00 00 00 00 01  ................
[   33.925409] 00000020: 00 00 00 01 00 00 00 00 00 00 00 01 00 00 00 04  ................
[   33.926794] 00000030: 00 00 00 04 00 00 3b 5f 00 00 3b 5c 00 00 00 00  ......;_..;\....
[   33.928556] 00000040: d6 f6 9d bd 8c 5d 46 be b8 8e 92 c0 ae 88 ce b2  .....]F.........
[   33.930128] 00000050: 00 00 00 00 00 00 00 00 00 00 00 00 00 00 00 00  ................
[   33.931507] 00000060: 00 00 00 00 00 00 00 00 00 00 00 00 00 00 00 00  ................
[   33.933521] 00000070: 00 00 00 00 00 00 00 00 00 00 00 00 00 00 00 00  ................
[   33.935384] XFS (loop0): metadata I/O error in "xfs_read_agf+0xd0/0x290" at daddr 0x8001 len 1 error 74
[   33.937498] XFS (loop0): Metadata CRC error detected at xfs_agf_read_verify+0x10e/0x140, xfs_agf block 0x8001 
[   33.939970] XFS (loop0): Unmount and run xfs_repair
[   33.940967] XFS (loop0): First 128 bytes of corrupted metadata buffer:
[   33.942475] 00000000: 58 41 47 46 00 00 00 01 00 00 00 01 00 00 40 00  XAGF..........@.
[   33.943868] 00000010: 00 00 00 02 00 00 00 03 00 00 00 00 00 00 00 01  ................
[   33.945336] 00000020: 00 00 00 01 00 00 00 00 00 00 00 01 00 00 00 04  ................
[   33.946742] 00000030: 00 00 00 04 00 00 3b 5f 00 00 3b 5c 00 00 00 00  ......;_..;\....
[   33.948134] 00000040: d6 f6 9d bd 8c 5d 46 be b8 8e 92 c0 ae 88 ce b2  .....]F.........
[   33.949581] 00000050: 00 00 00 00 00 00 00 00 00 00 00 00 00 00 00 00  ................
[   33.950982] 00000060: 00 00 00 00 00 00 00 00 00 00 00 00 00 00 00 00  ................
[   33.952410] 00000070: 00 00 00 00 00 00 00 00 00 00 00 00 00 00 00 00  ................
[   33.954234] XFS (loop0): metadata I/O error in "xfs_read_agf+0xd0/0x290" at daddr 0x8001 len 1 error 74
[   33.959364] XFS (loop0): Metadata CRC error detected at xfs_agf_read_verify+0x10e/0x140, xfs_agf block 0x8001 
[   33.961178] XFS (loop0): Unmount and run xfs_repair
[   33.962036] XFS (loop0): First 128 bytes of corrupted metadata buffer:
[   33.963162] 00000000: 58 41 47 46 00 00 00 01 00 00 00 01 00 00 40 00  XAGF..........@.
[   33.964519] 00000010: 00 00 00 02 00 00 00 03 00 00 00 00 00 00 00 01  ................
[   33.965922] 00000020: 00 00 00 01 00 00 00 00 00 00 00 01 00 00 00 04  ................
[   33.967291] 00000030: 00 00 00 04 00 00 3b 5f 00 00 3b 5c 00 00 00 00  ......;_..;\....
[   33.968653] 00000040: d6 f6 9d bd 8c 5d 46 be b8 8e 92 c0 ae 88 ce b2  .....]F.........
[   33.970066] 00000050: 00 00 00 00 00 00 00 00 00 00 00 00 00 00 00 00  ................
[   33.971430] 00000060: 00 00 00 00 00 00 00 00 00 00 00 00 00 00 00 00  ................
[   33.972786] 00000070: 00 00 00 00 00 00 00 00 00 00 00 00 00 00 00 00  ................
[   33.974248] XFS (loop0): metadata I/O error in "xfs_read_agf+0xd0/0x290" at daddr 0x8001 len 1 error 74
[   33.976310] XFS (loop0): Metadata CRC error detected at xfs_agf_read_verify+0x10e/0x140, xfs_agf block 0x8001 
[   33.978528] XFS (loop0): Unmount and run xfs_repair
[   33.979514] XFS (loop0): First 128 bytes of corrupted metadata buffer:
[   33.980807] 00000000: 58 41 47 46 00 00 00 01 00 00 00 01 00 00 40 00  XAGF..........@.
[   33.982432] 00000010: 00 00 00 02 00 00 00 03 00 00 00 00 00 00 00 01  ................
[   33.984005] 00000020: 00 00 00 01 00 00 00 00 00 00 00 01 00 00 00 04  ................
[   33.985640] 00000030: 00 00 00 04 00 00 3b 5f 00 00 3b 5c 00 00 00 00  ......;_..;\....
[   33.987209] 00000040: d6 f6 9d bd 8c 5d 46 be b8 8e 92 c0 ae 88 ce b2  .....]F.........
[   33.988784] 00000050: 00 00 00 00 00 00 00 00 00 00 00 00 00 00 00 00  ................
[   33.990413] 00000060: 00 00 00 00 00 00 00 00 00 00 00 00 00 00 00 00  ................
[   33.991982] 00000070: 00 00 00 00 00 00 00 00 00 00 00 00 00 00 00 00  ................
[   33.993936] XFS (loop0): metadata I/O error in "xfs_read_agf+0xd0/0x290" at daddr 0x8001 len 1 error 74
[   33.996000] XFS (loop0): Metadata CRC error detected at xfs_agf_read_verify+0x10e/0x140, xfs_agf block 0x8001 
[   33.998073] XFS (loop0): Unmount and run xfs_repair
[   33.999050] XFS (loop0): First 128 bytes of corrupted metadata buffer:
[   34.000343] 00000000: 58 41 47 46 00 00 00 01 00 00 00 01 00 00 40 00  XAGF..........@.
[   34.001972] 00000010: 00 00 00 02 00 00 00 03 00 00 00 00 00 00 00 01  ................
[   34.003546] 00000020: 00 00 00 01 00 00 00 00 00 00 00 01 00 00 00 04  ................
[   34.005158] 00000030: 00 00 00 04 00 00 3b 5f 00 00 3b 5c 00 00 00 00  ......;_..;\....
[   34.006725] 00000040: d6 f6 9d bd 8c 5d 46 be b8 8e 92 c0 ae 88 ce b2  .....]F.........
[   34.008292] 00000050: 00 00 00 00 00 00 00 00 00 00 00 00 00 00 00 00  ................
[   34.009929] 00000060: 00 00 00 00 00 00 00 00 00 00 00 00 00 00 00 00  ................
[   34.011502] 00000070: 00 00 00 00 00 00 00 00 00 00 00 00 00 00 00 00  ................
[   34.013142] XFS (loop0): metadata I/O error in "xfs_read_agf+0xd0/0x290" at daddr 0x8001 len 1 error 74
[   34.015114] XFS (loop0): Metadata CRC error detected at xfs_agf_read_verify+0x10e/0x140, xfs_agf block 0x8001 
[   34.017179] XFS (loop0): Unmount and run xfs_repair
[   34.018160] XFS (loop0): First 128 bytes of corrupted metadata buffer:
[   34.019451] 00000000: 58 41 47 46 00 00 00 01 00 00 00 01 00 00 40 00  XAGF..........@.
[   34.021019] 00000010: 00 00 00 02 00 00 00 03 00 00 00 00 00 00 00 01  ................
[   34.022663] 00000020: 00 00 00 01 00 00 00 00 00 00 00 01 00 00 00 04  ................
[   34.024235] 00000030: 00 00 00 04 00 00 3b 5f 00 00 3b 5c 00 00 00 00  ......;_..;\....
[   34.025853] 00000040: d6 f6 9d bd 8c 5d 46 be b8 8e 92 c0 ae 88 ce b2  .....]F.........
[   34.027421] 00000050: 00 00 00 00 00 00 00 00 00 00 00 00 00 00 00 00  ................
[   34.029004] 00000060: 00 00 00 00 00 00 00 00 00 00 00 00 00 00 00 00  ................
[   34.030653] 00000070: 00 00 00 00 00 00 00 00 00 00 00 00 00 00 00 00  ................
[   34.032237] XFS (loop0): metadata I/O error in "xfs_read_agf+0xd0/0x290" at daddr 0x8001 len 1 error 74
[   34.034283] XFS (loop0): Metadata CRC error detected at xfs_agf_read_verify+0x10e/0x140, xfs_agf block 0x8001 
[   34.036259] XFS (loop0): Unmount and run xfs_repair
[   34.037299] XFS (loop0): First 128 bytes of corrupted metadata buffer:
[   34.038594] 00000000: 58 41 47 46 00 00 00 01 00 00 00 01 00 00 40 00  XAGF..........@.
[   34.040165] 00000010: 00 00 00 02 00 00 00 03 00 00 00 00 00 00 00 01  ................
[   34.041784] 00000020: 00 00 00 01 00 00 00 00 00 00 00 01 00 00 00 04  ................
[   34.043354] 00000030: 00 00 00 04 00 00 3b 5f 00 00 3b 5c 00 00 00 00  ......;_..;\....
[   34.044929] 00000040: d6 f6 9d bd 8c 5d 46 be b8 8e 92 c0 ae 88 ce b2  .....]F.........
[   34.046562] 00000050: 00 00 00 00 00 00 00 00 00 00 00 00 00 00 00 00  ................
[   34.048136] 00000060: 00 00 00 00 00 00 00 00 00 00 00 00 00 00 00 00  ................
[   34.049773] 00000070: 00 00 00 00 00 00 00 00 00 00 00 00 00 00 00 00  ................
[   34.051356] XFS (loop0): metadata I/O error in "xfs_read_agf+0xd0/0x290" at daddr 0x8001 len 1 error 74
[   34.053410] XFS (loop0): Metadata CRC error detected at xfs_agf_read_verify+0x10e/0x140, xfs_agf block 0x8001 
[   34.055410] XFS (loop0): Unmount and run xfs_repair
[   34.056395] XFS (loop0): First 128 bytes of corrupted metadata buffer:
[   34.057749] 00000000: 58 41 47 46 00 00 00 01 00 00 00 01 00 00 40 00  XAGF..........@.
[   34.059322] 00000010: 00 00 00 02 00 00 00 03 00 00 00 00 00 00 00 01  ................
[   34.060891] 00000020: 00 00 00 01 00 00 00 00 00 00 00 01 00 00 00 04  ................
[   34.062524] 00000030: 00 00 00 04 00 00 3b 5f 00 00 3b 5c 00 00 00 00  ......;_..;\....
