c[?7l[2J[0mSeaBIOS (version rel-1.16.0-0-gd239552ce722-prebuilt.qemu.org)


iPXE (http://ipxe.org) 00:03.0 CA00 PCI2.10 PnP PMM+7FF91000+7FEF1000 CA00
Press Ctrl-B to configure iPXE (PCI 00:03.0)...                                                                               


Booting from ROM...
c[?7l[2J[    0.000000] Linux version 6.3.0-rc1-3b11717f95b1+ (root@p-rpls01) (gcc (GCC) 8.5.0 20210514 (Red Hat 8.5.0-18), GNU ld version 2.36.1-2.el8) #1 SMP PREEMPT_DYNAMIC Mon Mar 20 02:37:08 CST 2023
[    0.000000] Command line: console=ttyS0 root=/dev/sda earlyprintk=serial net.ifnames=0
[    0.000000] KERNEL supported cpus:
[    0.000000]   Intel GenuineIntel
[    0.000000]   AMD AuthenticAMD
[    0.000000]   Hygon HygonGenuine
[    0.000000]   Centaur CentaurHauls
[    0.000000]   zhaoxin   Shanghai  
[    0.000000] x86/fpu: Supporting XSAVE feature 0x001: 'x87 floating point registers'
[    0.000000] x86/fpu: Supporting XSAVE feature 0x002: 'SSE registers'
[    0.000000] x86/fpu: Supporting XSAVE feature 0x004: 'AVX registers'
[    0.000000] x86/fpu: Supporting XSAVE feature 0x200: 'Protection Keys User registers'
[    0.000000] x86/fpu: xstate_offset[2]:  576, xstate_sizes[2]:  256
[    0.000000] x86/fpu: xstate_offset[9]:  832, xstate_sizes[9]:    8
[    0.000000] x86/fpu: Enabled xstate features 0x207, context size is 840 bytes, using 'compacted' format.
[    0.000000] signal: max sigframe size: 3632
[    0.000000] BIOS-provided physical RAM map:
[    0.000000] BIOS-e820: [mem 0x0000000000000000-0x000000000009fbff] usable
[    0.000000] BIOS-e820: [mem 0x000000000009fc00-0x000000000009ffff] reserved
[    0.000000] BIOS-e820: [mem 0x00000000000f0000-0x00000000000fffff] reserved
[    0.000000] BIOS-e820: [mem 0x0000000000100000-0x000000007ffdffff] usable
[    0.000000] BIOS-e820: [mem 0x000000007ffe0000-0x000000007fffffff] reserved
[    0.000000] BIOS-e820: [mem 0x00000000feffc000-0x00000000feffffff] reserved
[    0.000000] BIOS-e820: [mem 0x00000000fffc0000-0x00000000ffffffff] reserved
[    0.000000] printk: bootconsole [earlyser0] enabled
[    0.000000] NX (Execute Disable) protection: active
[    0.000000] SMBIOS 2.8 present.
[    0.000000] DMI: QEMU Standard PC (i440FX + PIIX, 1996), BIOS rel-1.16.0-0-gd239552ce722-prebuilt.qemu.org 04/01/2014
[    0.000000] Hypervisor detected: KVM
[    0.000000] kvm-clock: Using msrs 4b564d01 and 4b564d00
[    0.000006] kvm-clock: using sched offset of 1407595884 cycles
[    0.001478] clocksource: kvm-clock: mask: 0xffffffffffffffff max_cycles: 0x1cd42e4dffb, max_idle_ns: 881590591483 ns
[    0.004000] tsc: Detected 806.400 MHz processor
[    0.004000] last_pfn = 0x7ffe0 max_arch_pfn = 0x400000000
[    0.004000] x86/PAT: Configuration [0-7]: WB  WC  UC- UC  WB  WP  UC- WT  
[    0.004000] found SMP MP-table at [mem 0x000f5ba0-0x000f5baf]
[    0.004000] Using GB pages for direct mapping
[    0.004000] ACPI: Early table checksum verification disabled
[    0.004000] ACPI: RSDP 0x00000000000F59C0 000014 (v00 BOCHS )
[    0.004000] ACPI: RSDT 0x000000007FFE1951 000034 (v01 BOCHS  BXPC     00000001 BXPC 00000001)
[    0.004000] ACPI: FACP 0x000000007FFE17FD 000074 (v01 BOCHS  BXPC     00000001 BXPC 00000001)
[    0.004000] ACPI: DSDT 0x000000007FFE0040 0017BD (v01 BOCHS  BXPC     00000001 BXPC 00000001)
[    0.004000] ACPI: FACS 0x000000007FFE0000 000040
[    0.004000] ACPI: APIC 0x000000007FFE1871 000080 (v01 BOCHS  BXPC     00000001 BXPC 00000001)
[    0.004000] ACPI: HPET 0x000000007FFE18F1 000038 (v01 BOCHS  BXPC     00000001 BXPC 00000001)
[    0.004000] ACPI: WAET 0x000000007FFE1929 000028 (v01 BOCHS  BXPC     00000001 BXPC 00000001)
[    0.004000] ACPI: Reserving FACP table memory at [mem 0x7ffe17fd-0x7ffe1870]
[    0.004000] ACPI: Reserving DSDT table memory at [mem 0x7ffe0040-0x7ffe17fc]
[    0.004000] ACPI: Reserving FACS table memory at [mem 0x7ffe0000-0x7ffe003f]
[    0.004000] ACPI: Reserving APIC table memory at [mem 0x7ffe1871-0x7ffe18f0]
[    0.004000] ACPI: Reserving HPET table memory at [mem 0x7ffe18f1-0x7ffe1928]
[    0.004000] ACPI: Reserving WAET table memory at [mem 0x7ffe1929-0x7ffe1950]
[    0.004000] No NUMA configuration found
[    0.004000] Faking a node at [mem 0x0000000000000000-0x000000007ffdffff]
[    0.004000] NODE_DATA(0) allocated [mem 0x7ffb5000-0x7ffdffff]
[    0.004000] Zone ranges:
[    0.004000]   DMA      [mem 0x0000000000001000-0x0000000000ffffff]
[    0.004000]   DMA32    [mem 0x0000000001000000-0x000000007ffdffff]
[    0.004000]   Normal   empty
[    0.004000]   Device   empty
[    0.004000] Movable zone start for each node
[    0.004000] Early memory node ranges
[    0.004000]   node   0: [mem 0x0000000000001000-0x000000000009efff]
[    0.004000]   node   0: [mem 0x0000000000100000-0x000000007ffdffff]
[    0.004000] Initmem setup node 0 [mem 0x0000000000001000-0x000000007ffdffff]
[    0.004000] On node 0, zone DMA: 1 pages in unavailable ranges
[    0.004000] On node 0, zone DMA: 97 pages in unavailable ranges
[    0.004000] On node 0, zone DMA32: 32 pages in unavailable ranges
[    0.004000] ACPI: PM-Timer IO Port: 0x608
[    0.004000] ACPI: LAPIC_NMI (acpi_id[0xff] dfl dfl lint[0x1])
[    0.004000] IOAPIC[0]: apic_id 0, version 17, address 0xfec00000, GSI 0-23
[    0.004000] ACPI: INT_SRC_OVR (bus 0 bus_irq 0 global_irq 2 dfl dfl)
[    0.004000] ACPI: INT_SRC_OVR (bus 0 bus_irq 5 global_irq 5 high level)
[    0.004000] ACPI: INT_SRC_OVR (bus 0 bus_irq 9 global_irq 9 high level)
[    0.004000] ACPI: INT_SRC_OVR (bus 0 bus_irq 10 global_irq 10 high level)
[    0.004000] ACPI: INT_SRC_OVR (bus 0 bus_irq 11 global_irq 11 high level)
[    0.004000] ACPI: Using ACPI (MADT) for SMP configuration information
[    0.004000] ACPI: HPET id: 0x8086a201 base: 0xfed00000
[    0.004000] TSC deadline timer available
[    0.004000] smpboot: Allowing 2 CPUs, 0 hotplug CPUs
[    0.004000] kvm-guest: KVM setup pv remote TLB flush
[    0.004000] kvm-guest: setup PV sched yield
[    0.004000] PM: hibernation: Registered nosave memory: [mem 0x00000000-0x00000fff]
[    0.004000] PM: hibernation: Registered nosave memory: [mem 0x0009f000-0x0009ffff]
[    0.004000] PM: hibernation: Registered nosave memory: [mem 0x000a0000-0x000effff]
[    0.004000] PM: hibernation: Registered nosave memory: [mem 0x000f0000-0x000fffff]
[    0.004000] [mem 0x80000000-0xfeffbfff] available for PCI devices
[    0.004000] Booting paravirtualized kernel on KVM
[    0.004000] clocksource: refined-jiffies: mask: 0xffffffff max_cycles: 0xffffffff, max_idle_ns: 7645519600211568 ns
[    0.004000] setup_percpu: NR_CPUS:8192 nr_cpumask_bits:2 nr_cpu_ids:2 nr_node_ids:1
[    0.004000] percpu: Embedded 65 pages/cpu s229376 r8192 d28672 u1048576
[    0.004000] kvm-guest: PV spinlocks enabled
[    0.004000] PV qspinlock hash table entries: 256 (order: 0, 4096 bytes, linear)
[    0.004000] Fallback order for Node 0: 0 
[    0.004000] Built 1 zonelists, mobility grouping on.  Total pages: 515808
[    0.004000] Policy zone: DMA32
[    0.004000] Kernel command line: net.ifnames=0 console=ttyS0 root=/dev/sda earlyprintk=serial net.ifnames=0
[    0.004000] random: crng init done
[    0.004000] Dentry cache hash table entries: 262144 (order: 9, 2097152 bytes, linear)
[    0.004000] Inode-cache hash table entries: 131072 (order: 8, 1048576 bytes, linear)
[    0.004000] mem auto-init: stack:off, heap alloc:off, heap free:off
[    0.004000] Memory: 1964888K/2096632K available (36864K kernel code, 4578K rwdata, 9848K rodata, 10508K init, 31780K bss, 131488K reserved, 0K cma-reserved)
[    0.004000] SLUB: HWalign=64, Order=0-3, MinObjects=0, CPUs=2, Nodes=1
[    0.004000] kmemleak: Kernel memory leak detector disabled
[    0.004000] ftrace: allocating 68737 entries in 269 pages
[    0.004000] ftrace: allocated 269 pages with 4 groups
[    0.004000] Dynamic Preempt: voluntary
[    0.004000] Running RCU self tests
[    0.004000] Running RCU synchronous self tests
[    0.004000] rcu: Preemptible hierarchical RCU implementation.
[    0.004000] rcu: 	RCU lockdep checking is enabled.
[    0.004000] rcu: 	RCU restricting CPUs from NR_CPUS=8192 to nr_cpu_ids=2.
[    0.004000] 	Trampoline variant of Tasks RCU enabled.
[    0.004000] 	Rude variant of Tasks RCU enabled.
[    0.004000] 	Tracing variant of Tasks RCU enabled.
[    0.004000] rcu: RCU calculated value of scheduler-enlistment delay is 25 jiffies.
[    0.004000] rcu: Adjusting geometry for rcu_fanout_leaf=16, nr_cpu_ids=2
[    0.004000] Running RCU synchronous self tests
[    0.004000] NR_IRQS: 524544, nr_irqs: 440, preallocated irqs: 16
[    0.004000] rcu: srcu_init: Setting srcu_struct sizes based on contention.
[    0.004000] Console: colour VGA+ 80x25
[    0.004000] printk: console [ttyS0] enabled
[    0.004000] printk: console [ttyS0] enabled
[    0.004000] printk: bootconsole [earlyser0] disabled
[    0.004000] printk: bootconsole [earlyser0] disabled
[    0.004000] Lock dependency validator: Copyright (c) 2006 Red Hat, Inc., Ingo Molnar
[    0.004000] ... MAX_LOCKDEP_SUBCLASSES:  8
[    0.004000] ... MAX_LOCK_DEPTH:          48
[    0.004000] ... MAX_LOCKDEP_KEYS:        8192
[    0.004000] ... CLASSHASH_SIZE:          4096
[    0.004000] ... MAX_LOCKDEP_ENTRIES:     32768
[    0.004000] ... MAX_LOCKDEP_CHAINS:      65536
[    0.004000] ... CHAINHASH_SIZE:          32768
[    0.004000]  memory used by lock dependency info: 6365 kB
[    0.004000]  memory used for stack traces: 4224 kB
[    0.004000]  per task-struct memory footprint: 1920 bytes
[    0.004000] ACPI: Core revision 20221020
[    0.004000] clocksource: hpet: mask: 0xffffffff max_cycles: 0xffffffff, max_idle_ns: 19112604467 ns
[    0.004000] APIC: Switch to symmetric I/O mode setup
[    0.004000] x2apic enabled
[    0.004000] Switched APIC routing to physical x2apic.
[    0.004000] kvm-guest: setup PV IPIs
[    0.004000] ..TIMER: vector=0x30 apic1=0 pin1=2 apic2=-1 pin2=-1
[    0.004000] clocksource: tsc-early: mask: 0xffffffffffffffff max_cycles: 0xb9fb05486c, max_idle_ns: 440795231721 ns
[    0.613331] Calibrating delay loop (skipped) preset value.. 1612.80 BogoMIPS (lpj=3225600)
[    0.617319] pid_max: default: 32768 minimum: 301
[    0.618796] LSM: initializing lsm=capability,yama,integrity
[    0.621321] Yama: becoming mindful.
[    0.622775] Mount-cache hash table entries: 4096 (order: 3, 32768 bytes, linear)
[    0.625386] Mountpoint-cache hash table entries: 4096 (order: 3, 32768 bytes, linear)
[    0.630771] CPU0: Thermal monitoring enabled (TM1)
[    0.637435] x86/cpu: User Mode Instruction Prevention (UMIP) activated
[    0.642689] Last level iTLB entries: 4KB 0, 2MB 0, 4MB 0
[    0.644483] Last level dTLB entries: 4KB 0, 2MB 0, 4MB 0, 1GB 0
[    0.645495] Spectre V1 : Mitigation: usercopy/swapgs barriers and __user pointer sanitization
[    0.649336] Spectre V2 : WARNING: Unprivileged eBPF is enabled with eIBRS on, data leaks possible via Spectre v2 BHB attacks!
[    0.652468] Spectre V2 : Mitigation: Enhanced / Automatic IBRS
[    0.653316] Spectre V2 : Spectre v2 / SpectreRSB mitigation: Filling RSB on context switch
[    0.655579] Spectre V2 : Spectre v2 / PBRSB-eIBRS: Retire a single CALL on VMEXIT
[    0.657339] Spectre V2 : mitigation: Enabling conditional Indirect Branch Prediction Barrier
[    0.659630] Speculative Store Bypass: Mitigation: Speculative Store Bypass disabled via prctl
[    0.661308] MMIO Stale Data: Unknown: No mitigations
[    0.859948] Freeing SMP alternatives memory: 56K
[    0.861425] Running RCU synchronous self tests
[    0.862680] Running RCU synchronous self tests
[    0.865520] smpboot: CPU0: Genuine Intel(R) 0000 (family: 0x6, model: 0xb7, stepping: 0x0)
[    0.869090] cblist_init_generic: Setting adjustable number of callback queues.
[    0.869318] cblist_init_generic: Setting shift to 1 and lim to 1.
[    0.871188] cblist_init_generic: Setting shift to 1 and lim to 1.
[    0.873010] cblist_init_generic: Setting shift to 1 and lim to 1.
[    0.873455] Running RCU-tasks wait API self tests
[    0.977840] Performance Events: Alderlake Hybrid events, full-width counters, Intel PMU driver.
[    0.982031] core: cpu_core PMU driver: 
[    0.983530] ... version:                2
[    0.984500] ... bit width:              48
[    0.985329] ... generic registers:      6
[    0.986272] ... value mask:             0000ffffffffffff
[    0.987521] ... max period:             00007fffffffffff
[    0.988755] ... fixed-purpose events:   3
[    0.989339] ... event mask:             0001000f0000003f
[    0.990654] Callback from call_rcu_tasks_trace() invoked.
[    0.992547] rcu: Hierarchical SRCU implementation.
[    0.993322] rcu: 	Max phase no-delay instances is 1000.
[    0.998595] unchecked MSR access error: WRMSR to 0x38f (tried to write 0x0001000f0000003f) at rIP: 0xffffffff810e0c2c (native_write_msr+0xc/0x30)
[    1.001304] Call Trace:
[    1.001304]  <TASK>
[    1.001304]  __intel_pmu_enable_all.constprop.49+0xb5/0x140
[    1.001304]  intel_pmu_enable_all+0x1e/0x30
[    1.001304]  x86_pmu_enable+0x46d/0x5a0
[    1.001304]  ? write_comp_data+0x2f/0x90
[    1.001304]  perf_pmu_enable+0x53/0x70
[    1.001304]  ctx_resched+0x14d/0x1e0
[    1.001304]  __perf_install_in_context+0x2f7/0x470
[    1.001304]  ? lock_is_held_type+0xe6/0x140
[    1.001304]  ? __pfx_remote_function+0x10/0x10
[    1.001304]  remote_function+0x80/0xa0
[    1.001304]  ? __pfx_remote_function+0x10/0x10
[    1.001304]  generic_exec_single+0x124/0x190
[    1.001304]  smp_call_function_single+0x11c/0x240
[    1.001304]  ? __pfx_remote_function+0x10/0x10
[    1.001304]  ? __sanitizer_cov_trace_pc+0x25/0x60
[    1.001304]  ? write_comp_data+0x2f/0x90
[    1.001304]  perf_install_in_context+0x2d8/0x300
[    1.001304]  ? __pfx___perf_install_in_context+0x10/0x10
[    1.001304]  perf_event_create_kernel_counter+0x284/0x2b0
[    1.001304]  ? __pfx_watchdog_overflow_callback+0x10/0x10
[    1.001304]  hardlockup_detector_event_create+0x46/0xd0
[    1.001304]  hardlockup_detector_perf_init+0x18/0x80
[    1.001304]  watchdog_nmi_probe+0x17/0x20
[    1.001304]  lockup_detector_init+0x40/0xb0
[    1.001304]  kernel_init_freeable+0x37e/0x8c0
[    1.001304]  ? __pfx_kernel_init+0x10/0x10
[    1.001304]  kernel_init+0x24/0x1e0
[    1.001304]  ? __pfx_kernel_init+0x10/0x10
[    1.001304]  ret_from_fork+0x29/0x50
[    1.001304]  </TASK>
[    1.002014] smp: Bringing up secondary CPUs ...
[    1.005930] x86: Booting SMP configuration:
[    1.007199] .... node  #0, CPUs:      #1
[    1.008212] smp: Brought up 1 node, 2 CPUs
[    1.010461] smpboot: Max logical packages: 1
[    1.011636] smpboot: Total of 2 processors activated (3225.60 BogoMIPS)
[    1.029874] devtmpfs: initialized
[    1.030185] x86/mm: Memory block size: 128MB
[    1.038181] Running RCU synchronous self tests
[    1.039555] Running RCU synchronous self tests
[    1.041424] clocksource: jiffies: mask: 0xffffffff max_cycles: 0xffffffff, max_idle_ns: 7645041785100000 ns
[    1.044159] futex hash table entries: 512 (order: 4, 65536 bytes, linear)
[    1.046108] pinctrl core: initialized pinctrl subsystem
[    1.048708] 
[    1.049175] *************************************************************
[    1.049325] **     NOTICE NOTICE NOTICE NOTICE NOTICE NOTICE NOTICE    **
[    1.051187] **                                                         **
[    1.053067] **  IOMMU DebugFS SUPPORT HAS BEEN ENABLED IN THIS KERNEL  **
[    1.053322] **                                                         **
[    1.055207] ** This means that this kernel is built to expose internal **
[    1.057080] ** IOMMU data structures, which may compromise security on **
[    1.057323] ** your system.                                            **
[    1.059195] **                                                         **
[    1.061059] ** If you see this message and you are not debugging the   **
[    1.061320] ** kernel, report this immediately to your vendor!         **
[    1.063180] **                                                         **
[    1.065051] **     NOTICE NOTICE NOTICE NOTICE NOTICE NOTICE NOTICE    **
[    1.065320] *************************************************************
[    1.067410] PM: RTC time: 18:38:12, date: 2023-03-19
[    1.077654] NET: Registered PF_NETLINK/PF_ROUTE protocol family
[    1.080456] DMA: preallocated 256 KiB GFP_KERNEL pool for atomic allocations
[    1.081523] DMA: preallocated 256 KiB GFP_KERNEL|GFP_DMA pool for atomic allocations
[    1.083779] Callback from call_rcu_tasks_rude() invoked.
[    1.083779] DMA: preallocated 256 KiB GFP_KERNEL|GFP_DMA32 pool for atomic allocations
[    1.085575] audit: initializing netlink subsys (disabled)
[    1.089375] audit: type=2000 audit(1679251092.545:1): state=initialized audit_enabled=0 res=1
[    1.090722] thermal_sys: Registered thermal governor 'fair_share'
[    1.091415] thermal_sys: Registered thermal governor 'bang_bang'
[    1.093196] thermal_sys: Registered thermal governor 'step_wise'
[    1.093323] thermal_sys: Registered thermal governor 'user_space'
[    1.095142] cpuidle: using governor ladder
[    1.097353] cpuidle: using governor menu
[    1.099143] acpiphp: ACPI Hot Plug PCI Controller Driver version: 0.5
[    1.101691] PCI: Using configuration type 1 for base access
[    1.104723] kprobes: kprobe jump-optimization is enabled. All kprobes are optimized if possible.
[    1.443479] Callback from call_rcu_tasks() invoked.
[    1.445711] HugeTLB: registered 1.00 GiB page size, pre-allocated 0 pages
[    1.447667] HugeTLB: 16380 KiB vmemmap can be freed for a 1.00 GiB page
[    1.449325] HugeTLB: registered 2.00 MiB page size, pre-allocated 0 pages
[    1.451271] HugeTLB: 28 KiB vmemmap can be freed for a 2.00 MiB page
[    1.462695] ACPI: Added _OSI(Module Device)
[    1.463968] ACPI: Added _OSI(Processor Device)
[    1.465224] ACPI: Added _OSI(3.0 _SCP Extensions)
[    1.465327] ACPI: Added _OSI(Processor Aggregator Device)
[    1.475065] ACPI: 1 ACPI AML tables successfully acquired and loaded
[    4.598811] ACPI: Interpreter enabled
[    4.600191] ACPI: PM: (supports S0 S3 S4 S5)
[    4.601327] ACPI: Using IOAPIC for interrupt routing
[    4.602762] PCI: Using host bridge windows from ACPI; if necessary, use "pci=nocrs" and report a bug
[    4.605160] PCI: Using E820 reservations for host bridge windows
[    4.606211] ACPI: Enabled 2 GPEs in block 00 to 0F
[    4.628008] ACPI: PCI Root Bridge [PCI0] (domain 0000 [bus 00-ff])
[    4.629339] acpi PNP0A03:00: _OSC: OS supports [ASPM ClockPM Segments MSI EDR HPX-Type3]
[    4.631491] acpi PNP0A03:00: _OSC: not requesting OS control; OS requires [ExtendedConfig ASPM ClockPM MSI]
[    4.633405] acpi PNP0A03:00: fail to add MMCONFIG information, can't access extended configuration space under this bridge
[    4.639362] acpiphp: Slot [3] registered
[    4.640540] acpiphp: Slot [4] registered
[    4.641403] acpiphp: Slot [5] registered
[    4.642554] acpiphp: Slot [6] registered
[    4.643693] acpiphp: Slot [7] registered
[    4.644868] acpiphp: Slot [8] registered
[    4.645405] acpiphp: Slot [9] registered
[    4.646551] acpiphp: Slot [10] registered
[    4.647725] acpiphp: Slot [11] registered
[    4.648892] acpiphp: Slot [12] registered
[    4.649401] acpiphp: Slot [13] registered
[    4.650583] acpiphp: Slot [14] registered
[    4.651755] acpiphp: Slot [15] registered
[    4.652926] acpiphp: Slot [16] registered
[    4.653404] acpiphp: Slot [17] registered
[    4.654583] acpiphp: Slot [18] registered
[    4.655742] acpiphp: Slot [19] registered
[    4.656923] acpiphp: Slot [20] registered
[    4.657400] acpiphp: Slot [21] registered
[    4.658559] acpiphp: Slot [22] registered
[    4.659724] acpiphp: Slot [23] registered
[    4.660889] acpiphp: Slot [24] registered
[    4.661403] acpiphp: Slot [25] registered
[    4.662577] acpiphp: Slot [26] registered
[    4.663739] acpiphp: Slot [27] registered
[    4.664915] acpiphp: Slot [28] registered
[    4.665433] acpiphp: Slot [29] registered
[    4.666596] acpiphp: Slot [30] registered
[    4.667756] acpiphp: Slot [31] registered
[    4.668885] PCI host bridge to bus 0000:00
[    4.669318] pci_bus 0000:00: root bus resource [io  0x0000-0x0cf7 window]
[    4.671120] pci_bus 0000:00: root bus resource [io  0x0d00-0xffff window]
[    4.672929] pci_bus 0000:00: root bus resource [mem 0x000a0000-0x000bffff window]
[    4.673317] pci_bus 0000:00: root bus resource [mem 0x80000000-0xfebfffff window]
[    4.675319] pci_bus 0000:00: root bus resource [mem 0x100000000-0x17fffffff window]
[    4.677319] pci_bus 0000:00: root bus resource [bus 00-ff]
[    4.679005] pci 0000:00:00.0: [8086:1237] type 00 class 0x060000
[    4.685020] pci 0000:00:01.0: [8086:7000] type 00 class 0x060100
[    4.686954] pci 0000:00:01.1: [8086:7010] type 00 class 0x010180
[    4.690818] pci 0000:00:01.1: reg 0x20: [io  0xc040-0xc04f]
[    4.693376] pci 0000:00:01.1: legacy IDE quirk: reg 0x10: [io  0x01f0-0x01f7]
[    4.695280] pci 0000:00:01.1: legacy IDE quirk: reg 0x14: [io  0x03f6]
[    4.697024] pci 0000:00:01.1: legacy IDE quirk: reg 0x18: [io  0x0170-0x0177]
[    4.697347] pci 0000:00:01.1: legacy IDE quirk: reg 0x1c: [io  0x0376]
[    4.700424] pci 0000:00:01.3: [8086:7113] type 00 class 0x068000
[    4.702398] pci 0000:00:01.3: quirk: [io  0x0600-0x063f] claimed by PIIX4 ACPI
[    4.704363] pci 0000:00:01.3: quirk: [io  0x0700-0x070f] claimed by PIIX4 SMB
[    4.705930] pci 0000:00:02.0: [1234:1111] type 00 class 0x030000
[    4.710390] pci 0000:00:02.0: reg 0x10: [mem 0xfd000000-0xfdffffff pref]
[    4.716512] pci 0000:00:02.0: reg 0x18: [mem 0xfebf0000-0xfebf0fff]
[    4.724348] pci 0000:00:02.0: reg 0x30: [mem 0xfebe0000-0xfebeffff pref]
[    4.726254] pci 0000:00:02.0: Video device with shadowed ROM at [mem 0x000c0000-0x000dffff]
[    4.734105] pci 0000:00:03.0: [8086:100e] type 00 class 0x020000
[    4.736847] pci 0000:00:03.0: reg 0x10: [mem 0xfebc0000-0xfebdffff]
[    4.738228] pci 0000:00:03.0: reg 0x14: [io  0xc000-0xc03f]
[    4.744391] pci 0000:00:03.0: reg 0x30: [mem 0xfeb80000-0xfebbffff pref]
[    4.792954] ACPI: PCI: Interrupt link LNKA configured for IRQ 10
[    4.793804] ACPI: PCI: Interrupt link LNKB configured for IRQ 10
[    4.795701] ACPI: PCI: Interrupt link LNKC configured for IRQ 11
[    4.797588] ACPI: PCI: Interrupt link LNKD configured for IRQ 11
[    4.799265] ACPI: PCI: Interrupt link LNKS configured for IRQ 9
[    4.803368] iommu: Default domain type: Translated 
[    4.803368] iommu: DMA domain TLB invalidation policy: lazy mode 
[    4.807963] SCSI subsystem initialized
[    4.809758] ACPI: bus type USB registered
[    4.810914] usbcore: registered new interface driver usbfs
[    4.813401] usbcore: registered new interface driver hub
[    4.814733] usbcore: registered new device driver usb
[    4.816144] pps_core: LinuxPPS API ver. 1 registered
[    4.817315] pps_core: Software ver. 5.3.6 - Copyright 2005-2007 Rodolfo Giometti <giometti@linux.it>
[    4.819498] PTP clock support registered
[    4.820576] EDAC MC: Ver: 3.0.0
[    4.823718] NetLabel: Initializing
[    4.825322] NetLabel:  domain hash size = 128
[    4.826362] NetLabel:  protocols = UNLABELED CIPSOv4 CALIPSO
[    4.827814] NetLabel:  unlabeled traffic allowed by default
[    4.829771] PCI: Using ACPI for IRQ routing
[    4.831124] pci 0000:00:02.0: vgaarb: setting as boot VGA device
[    4.831124] pci 0000:00:02.0: vgaarb: bridge control possible
[    4.832125] pci 0000:00:02.0: vgaarb: VGA device added: decodes=io+mem,owns=io+mem,locks=none
[    4.837328] vgaarb: loaded
[    4.838584] hpet0: at MMIO 0xfed00000, IRQs 2, 8, 0
[    4.841340] hpet0: 3 comparators, 64-bit 100.000000 MHz counter
[    4.845869] clocksource: Switched to clocksource kvm-clock
[    5.036566] VFS: Disk quotas dquot_6.6.0
[    5.037858] VFS: Dquot-cache hash table entries: 512 (order 0, 4096 bytes)
[    5.040478] pnp: PnP ACPI init
[    5.044073] pnp: PnP ACPI: found 6 devices
[    5.066213] clocksource: acpi_pm: mask: 0xffffff max_cycles: 0xffffff, max_idle_ns: 2085701024 ns
[    5.069214] NET: Registered PF_INET protocol family
[    5.071382] IP idents hash table entries: 32768 (order: 6, 262144 bytes, linear)
[    5.075327] tcp_listen_portaddr_hash hash table entries: 1024 (order: 4, 73728 bytes, linear)
[    5.077926] Table-perturb hash table entries: 65536 (order: 6, 262144 bytes, linear)
[    5.080241] TCP established hash table entries: 16384 (order: 5, 131072 bytes, linear)
[    5.083134] TCP bind hash table entries: 16384 (order: 9, 2359296 bytes, linear)
[    5.092157] TCP: Hash tables configured (established 16384 bind 16384)
[    5.094564] UDP hash table entries: 1024 (order: 5, 163840 bytes, linear)
[    5.096855] UDP-Lite hash table entries: 1024 (order: 5, 163840 bytes, linear)
[    5.099567] NET: Registered PF_UNIX/PF_LOCAL protocol family
[    5.102979] RPC: Registered named UNIX socket transport module.
[    5.104700] RPC: Registered udp transport module.
[    5.106036] RPC: Registered tcp transport module.
[    5.107298] RPC: Registered tcp NFSv4.1 backchannel transport module.
[    5.109108] pci_bus 0000:00: resource 4 [io  0x0000-0x0cf7 window]
[    5.110790] pci_bus 0000:00: resource 5 [io  0x0d00-0xffff window]
[    5.112451] pci_bus 0000:00: resource 6 [mem 0x000a0000-0x000bffff window]
[    5.114310] pci_bus 0000:00: resource 7 [mem 0x80000000-0xfebfffff window]
[    5.116149] pci_bus 0000:00: resource 8 [mem 0x100000000-0x17fffffff window]
[    5.118405] pci 0000:00:01.0: PIIX3: Enabling Passive Release
[    5.119981] pci 0000:00:00.0: Limiting direct PCI/PCI transfers
[    5.121833] PCI: CLS 0 bytes, default 64
[    5.123648] ACPI: bus type thunderbolt registered
[    5.125636] clocksource: tsc: mask: 0xffffffffffffffff max_cycles: 0xb9fb05486c, max_idle_ns: 440795231721 ns
[    5.136140] Initialise system trusted keyrings
[    5.137691] Key type blacklist registered
[    5.139219] workingset: timestamp_bits=36 max_order=19 bucket_order=0
[    5.141053] zbud: loaded
[    5.142935] squashfs: version 4.0 (2009/01/31) Phillip Lougher
[    5.145867] NFS: Registering the id_resolver key type
[    5.147257] Key type id_resolver registered
[    5.148391] Key type id_legacy registered
[    5.149589] nfs4filelayout_init: NFSv4 File Layout Driver Registering...
[    5.151455] nfs4flexfilelayout_init: NFSv4 Flexfile Layout Driver Registering...
[    5.153975] fuse: init (API version 7.38)
[    5.155583] SGI XFS with ACLs, security attributes, realtime, quota, no debug enabled
[    5.159145] 9p: Installing v9fs 9p2000 file system support
[    5.169639] Key type asymmetric registered
[    5.170808] Asymmetric key parser 'x509' registered
[    5.172375] Block layer SCSI generic (bsg) driver version 0.4 loaded (major 243)
[    5.174852] io scheduler mq-deadline registered
[    5.176149] io scheduler bfq registered
[    5.178058] shpchp: Standard Hot Plug PCI Controller Driver version: 0.4
[    5.180649] IPMI message handler: version 39.2
[    5.182003] ipmi device interface
[    5.185505] input: Power Button as /devices/LNXSYSTM:00/LNXPWRBN:00/input/input0
[    5.188016] ACPI: button: Power Button [PWRF]
[    5.191146] ERST DBG: ERST support is disabled.
[    5.193682] Serial: 8250/16550 driver, 32 ports, IRQ sharing enabled
[    5.196917] 00:04: ttyS0 at I/O 0x3f8 (irq = 4, base_baud = 115200) is a 16550A
[    5.215575] Linux agpgart interface v0.103
[    5.218640] ACPI: bus type drm_connector registered
[    5.274101] brd: module loaded
[    5.312382] loop: module loaded
[    5.320998] scsi host0: ata_piix
[    5.322873] scsi host1: ata_piix
[    5.324014] ata1: PATA max MWDMA2 cmd 0x1f0 ctl 0x3f6 bmdma 0xc040 irq 14
[    5.325951] ata2: PATA max MWDMA2 cmd 0x170 ctl 0x376 bmdma 0xc048 irq 15
[    5.330183] tun: Universal TUN/TAP device driver, 1.6
[    5.332029] e100: Intel(R) PRO/100 Network Driver
[    5.333410] e100: Copyright(c) 1999-2006 Intel Corporation
[    5.334966] e1000: Intel(R) PRO/1000 Network Driver
[    5.336322] e1000: Copyright (c) 1999-2006 Intel Corporation.
[    5.485835] ata1: found unknown device (class 0)
[    5.488155] ata1.00: ATA-7: QEMU HARDDISK, 2.5+, max UDMA/100
[    5.489539] ata1.00: 16777216 sectors, multi 16: LBA48 
[    5.491357] ata2: found unknown device (class 0)
[    5.494513] ata2.00: ATAPI: QEMU DVD-ROM, 2.5+, max UDMA/100
[    5.505900] scsi 0:0:0:0: Direct-Access     ATA      QEMU HARDDISK    2.5+ PQ: 0 ANSI: 5
[    5.509850] scsi 0:0:0:0: Attached scsi generic sg0 type 0
[    5.512560] scsi 1:0:0:0: CD-ROM            QEMU     QEMU DVD-ROM     2.5+ PQ: 0 ANSI: 5
[    5.513097] sd 0:0:0:0: [sda] 16777216 512-byte logical blocks: (8.59 GB/8.00 GiB)
[    5.517921] sd 0:0:0:0: [sda] Write Protect is off
[    5.519359] sd 0:0:0:0: [sda] Write cache: enabled, read cache: enabled, doesn't support DPO or FUA
[    5.522043] sd 0:0:0:0: [sda] Preferred minimum I/O size 512 bytes
[    5.547186] scsi 1:0:0:0: Attached scsi generic sg1 type 5
[    5.556499] sd 0:0:0:0: [sda] Attached SCSI disk
[    5.619433] ACPI: \_SB_.LNKC: Enabled at IRQ 11
[    6.023571] e1000 0000:00:03.0 eth0: (PCI:33MHz:32-bit) 52:54:00:12:34:56
[    6.025544] e1000 0000:00:03.0 eth0: Intel(R) PRO/1000 Network Connection
[    6.027547] e1000e: Intel(R) PRO/1000 Network Driver
[    6.028887] e1000e: Copyright(c) 1999 - 2015 Intel Corporation.
[    6.030592] igb: Intel(R) Gigabit Ethernet Network Driver
[    6.032047] igb: Copyright (c) 2007-2014 Intel Corporation.
[    6.033719] PPP generic driver version 2.4.2
[    6.036282] VFIO - User Level meta-driver version: 0.3
[    6.038642] usbcore: registered new interface driver uas
[    6.040149] usbcore: registered new interface driver usb-storage
[    6.042170] i8042: PNP: PS/2 Controller [PNP0303:KBD,PNP0f13:MOU] at 0x60,0x64 irq 1,12
[    6.046320] serio: i8042 KBD port at 0x60,0x64 irq 1
[    6.047841] serio: i8042 AUX port at 0x60,0x64 irq 12
[    6.050841] mousedev: PS/2 mouse device common for all mice
[    6.054097] input: AT Translated Set 2 keyboard as /devices/platform/i8042/serio0/input/input1
[    6.054142] rtc_cmos 00:05: RTC can wake from S4
[    6.059468] input: VirtualPS/2 VMware VMMouse as /devices/platform/i8042/serio1/input/input4
[    6.060677] rtc_cmos 00:05: registered as rtc0
[    6.063201] rtc_cmos 00:05: setting system clock to 2023-03-19T18:38:17 UTC (1679251097)
[    6.066196] rtc_cmos 00:05: alarms up to one day, y3k, 242 bytes nvram, hpet irqs
[    6.066392] input: VirtualPS/2 VMware VMMouse as /devices/platform/i8042/serio1/input/input3
[    6.068369] i2c_dev: i2c /dev entries driver
[    6.072272] device-mapper: core: CONFIG_IMA_DISABLE_HTABLE is disabled. Duplicate IMA measurements will not be recorded in the IMA log.
[    6.075895] device-mapper: uevent: version 1.0.3
[    6.077759] device-mapper: ioctl: 4.47.0-ioctl (2022-07-28) initialised: dm-devel@redhat.com
[    6.080161] intel_pstate: CPU model not supported
[    6.081703] sdhci: Secure Digital Host Controller Interface driver
[    6.083444] sdhci: Copyright(c) Pierre Ossman
[    6.084831] sdhci-pltfm: SDHCI platform and OF driver helper
[    6.086825] ledtrig-cpu: registered to indicate activity on CPUs
[    6.089565] drop_monitor: Initializing network drop monitor service
[    6.091758] NET: Registered PF_INET6 protocol family
[    6.102122] Segment Routing with IPv6
[    6.103283] In-situ OAM (IOAM) with IPv6
[    6.104538] NET: Registered PF_PACKET protocol family
[    6.106559] 9pnet: Installing 9P2000 support
[    6.108037] Key type dns_resolver registered
[    6.111293] IPI shorthand broadcast: enabled
[    6.132823] sched_clock: Marking stable (5532018549, 597304152)->(6274770267, -145447566)
[    6.136575] registered taskstats version 1
[    6.138359] Loading compiled-in X.509 certificates
[    6.141176] zswap: loaded using pool lzo/zbud
[    6.165472] Key type .fscrypt registered
[    6.166659] Key type fscrypt-provisioning registered
[    6.172152] Key type encrypted registered
[    6.173526] ima: No TPM chip found, activating TPM-bypass!
[    6.175059] ima: Allocated hash algorithm: sha1
[    6.176442] ima: No architecture policies found
[    6.177805] evm: Initialising EVM extended attributes:
[    6.179216] evm: security.selinux
[    6.180138] evm: security.SMACK64
[    6.181068] evm: security.SMACK64EXEC
[    6.182107] evm: security.SMACK64TRANSMUTE
[    6.183238] evm: security.SMACK64MMAP
[    6.184273] evm: security.apparmor
[    6.185240] evm: security.ima
[    6.186107] evm: security.capability
[    6.187099] evm: HMAC attrs: 0x1
[    6.190770] PM:   Magic number: 15:898:645
[    6.193141] RAS: Correctable Errors collector initialized.
[    6.197569] md: Waiting for all devices to be available before autodetect
[    6.198849] md: If you don't use raid, use raid=noautodetect
[    6.199926] md: Autodetecting RAID arrays.
[    6.200730] md: autorun ...
[    6.201301] md: ... autorun DONE.
[    6.218245] EXT4-fs (sda): mounted filesystem 23a53bb9-f815-47a5-b74c-5e08f7731193 with ordered data mode. Quota mode: none.
[    6.220561] VFS: Mounted root (ext4 filesystem) readonly on device 8:0.
[    6.225568] devtmpfs: mounted
[    6.241606] Freeing unused decrypted memory: 2036K
[    6.264577] Freeing unused kernel image (initmem) memory: 10508K
[    6.265922] Write protecting the kernel read-only data: 47104k
[    6.269983] Freeing unused kernel image (rodata/data gap) memory: 392K
[    6.398161] x86/mm: Checked W+X mappings: passed, no W+X pages found.
[    6.399395] Run /sbin/init as init process
[    6.639584] systemd[1]: RTC configured in localtime, applying delta of 0 minutes to system time.
[    6.700641] systemd[1]: systemd 239 (239-49.el8) running in system mode. (+PAM +AUDIT +SELINUX +IMA -APPARMOR +SMACK +SYSVINIT +UTMP +LIBCRYPTSETUP +GCRYPT +GNUTLS +ACL +XZ +LZ4 +SECCOMP +BLKID +ELFUTILS +KMOD +IDN2 -IDN +PCRE2 default-hierarchy=legacy)
[    6.705357] systemd[1]: Detected virtualization kvm.
[    6.706317] systemd[1]: Detected architecture x86-64.

Welcome to [0;31mCentOS Stream 8[0m!

[    6.776537] systemd[1]: Set hostname to <test>.
[    7.331948] systemd[1]: Set up automount Arbitrary Executable File Formats File System Automount Point.
[[0;32m  OK  [0m] Set up automount Arbitrary Executabâ€¦rmats File System Automount Point.
[    7.336346] systemd[1]: Started Forward Password Requests to Wall Directory Watch.
[[0;32m  OK  [0m] Started Forward Password Requests to Wall Directory Watch.
[    7.340034] systemd[1]: Listening on Journal Socket.
[[0;32m  OK  [0m] Listening on Journal Socket.
[    7.385820] systemd[1]: Mounting Huge Pages File System...
         Mounting Huge Pages File System...
[    7.388689] systemd[1]: Listening on multipathd control socket.
[[0;32m  OK  [0m] Listening on multipathd control socket.
[    7.392354] systemd[1]: Listening on Journal Socket (/dev/log).
[[0;32m  OK  [0m] Listening on Journal Socket (/dev/log).
         Starting Journal Service...
[[0;32m  OK  [0m] Listening on Device-mapper event daemon FIFOs.
         Starting Remount Root and Kernel File Systems...
         Mounting POSIX Message Queue File System...
[[0;32m  OK  [0m] Listening on udev Kernel Socket.
[[0;32m  OK  [0m] Created slice system-serial\x2dgetty.slice.
         Mounting Kernel Debug File System...
         Starting Load Kernel Modules...
[[0;32m  OK  [0m] Created slice system-getty.slice.
         Starting Monitoring of LVM2 mirrorsâ€¦ng dmeventd or progress polling...
[[0;32m  OK  [0m] Listening on RPCbind Server Activation Socket.
         Starting Setup Virtual Console...
[[0;32m  OK  [0m] Created slice system-sshd\x2dkeygen.slice.
[[0;32m  OK  [0m] Listening on LVM2 poll daemon socket.
[[0;32m  OK  [0m] Listening on initctl Compatibility Named Pipe.
[[0;32m  OK  [0m] Created slice User and Session Slice.
[[0;32m  OK  [0m] Reached target Slices.
[[0;32m  OK  [0m] Listening on udev Control Socket.
         Starting udev Coldplug all Devices...
[[0;32m  OK  [0m] Listening on Process Core Dump Socket.
[[0;32m  OK  [0m] Reached target RPC Port Mapper.
[[0;32m  OK  [0m] Reached target Swap.
[    7.869438] EXT4-fs (sda): re-mounted 23a53bb9-f815-47a5-b74c-5e08f7731193. Quota mode: none.
[[0;32m  OK  [0m] Started Journal Service.
[[0;32m  OK  [0m] Mounted Huge Pages File System.
[[0;32m  OK  [0m] Started Remount Root and Kernel File Systems.
[[0;32m  OK  [0m] Mounted POSIX Message Queue File System.
[[0;32m  OK  [0m] Mounted Kernel Debug File System.
[[0;1;31mFAILED[0m] Failed to start Load Kernel Modules.
See 'systemctl status systemd-modules-load.service' for details.
[[0;32m  OK  [0m] Started Monitoring of LVM2 mirrors,â€¦sing dmeventd or progress polling.
         Starting Apply Kernel Variables...
         Mounting FUSE Control File System...
         Mounting Kernel Configuration File System...
         Starting Create Static Device Nodes in /dev...
         Starting Load/Save Random Seed...
         Starting Flush Journal to Persistent Storage...
[[0;32m  OK  [0m] Started Setup Virtual Console.
[[0;32m  OK  [0m] Started udev Coldplug all Devices.
[[0;32m  OK  [0m] Started Apply Kernel Variables.
[[0;32m  OK  [0m] Mounted FUSE Control File System.
[[0;32m  OK  [0m] Mounted Kernel Configuration File System.
[[0;32m  OK  [0m] Started Create Static Device Nodes in /dev.
[[0;32m  OK  [0m] Started Load/Save Random Seed.
         Starting udev Kernel Device Manager...
         Starting udev Wait for Complete Device Initialization...
[[0;32m  OK  [0m] Started Flush Journal to Persistent Storage.
[[0;32m  OK  [0m] Started udev Kernel Device Manager.
         Starting Show Plymouth Boot Screen...
[[0;32m  OK  [0m] Started Show Plymouth Boot Screen.
[[0;32m  OK  [0m] Started Forward Password Requests to Plymouth Directory Watch.
[[0;32m  OK  [0m] Reached target Paths.
[[0;32m  OK  [0m] Reached target Local Encrypted Volumes.
[[0;32m  OK  [0m] Found device /dev/ttyS0.
[[0;32m  OK  [0m] Listening on Load/Save RF Kill Switch Status /dev/rfkill Watch.
[[0;32m  OK  [0m] Started udev Wait for Complete Device Initialization.
[[0;32m  OK  [0m] Reached target Local File Systems (Pre).
[[0;32m  OK  [0m] Reached target Local File Systems.
         Starting Restore /run/initramfs on shutdown...
         Starting Tell Plymouth To Write Out Runtime Data...
         Starting Create Volatile Files and Directories...
[[0;32m  OK  [0m] Started Restore /run/initramfs on shutdown.
[[0;32m  OK  [0m] Started Tell Plymouth To Write Out Runtime Data.
[[0;32m  OK  [0m] Started Create Volatile Files and Directories.
         Starting RPC Bind...
         Starting Security Auditing Service...
         Mounting RPC Pipe File System...
[[0;32m  OK  [0m] Mounted RPC Pipe File System.
[[0;32m  OK  [0m] Started RPC Bind.
[[0;32m  OK  [0m] Reached target rpc_pipefs.target.
[[0;32m  OK  [0m] Started Security Auditing Service.
         Starting Update UTMP about System Boot/Shutdown...
[[0;32m  OK  [0m] Started Update UTMP about System Boot/Shutdown.
[[0;32m  OK  [0m] Reached target System Initialization.
[[0;32m  OK  [0m] Listening on D-Bus System Message Bus Socket.
[[0;32m  OK  [0m] Started Daily Cleanup of Temporary Directories.
[[0;32m  OK  [0m] Started dnf makecache --timer.
[[0;32m  OK  [0m] Started daily update of the root trust anchor for DNSSEC.
[[0;32m  OK  [0m] Reached target Timers.
[[0;32m  OK  [0m] Listening on SSSD Kerberos Cache Manager responder socket.
[[0;32m  OK  [0m] Reached target Sockets.
[[0;32m  OK  [0m] Reached target Basic System.
         Starting Login Service...
[[0;32m  OK  [0m] Started Machine Check Exception Logging Daemon.
         Starting Self Monitoring and Reporting Technology (SMART) Daemon...
[[0;32m  OK  [0m] Started D-Bus System Message Bus.
[[0;32m  OK  [0m] Started irqbalance daemon.
         Starting Authorization Manager...
         Starting Auto-connect to subsystemsâ€¦-NVME devices found during boot...
[[0;32m  OK  [0m] Reached target sshd-keygen.target.
         Starting NTP client/server...
         Starting Network Manager...
[[0;32m  OK  [0m] Started Self Monitoring and Reporting Technology (SMART) Daemon.
[[0;32m  OK  [0m] Started Auto-connect to subsystems â€¦FC-NVME devices found during boot.
         Starting update of the root trust aâ€¦or DNSSEC validation in unbound...
[[0;32m  OK  [0m] Started Login Service.
[[0;32m  OK  [0m] Started NTP client/server.
[[0;32m  OK  [0m] Started Network Manager.
         Starting Network Manager Wait Online...
[[0;32m  OK  [0m] Reached target Network.
         Starting Dynamic System Tuning Daemon...
         Starting OpenSSH server daemon...
         Starting GSSAPI Proxy Daemon...
[[0;32m  OK  [0m] Started update of the root trust anâ€¦ for DNSSEC validation in unbound.
[[0;32m  OK  [0m] Started Authorization Manager.
         Starting Hostname Service...
[[0;32m  OK  [0m] Started OpenSSH server daemon.
[[0;32m  OK  [0m] Started GSSAPI Proxy Daemon.
[[0;32m  OK  [0m] Reached target NFS client services.
[[0;32m  OK  [0m] Reached target Remote File Systems (Pre).
[[0;32m  OK  [0m] Reached target Remote File Systems.
         Starting Permit User Sessions...
[[0;32m  OK  [0m] Started Permit User Sessions.
         Starting Hold until boot process finishes up...
         Starting Terminate Plymouth Boot Screen...
[[0;32m  OK  [0m] Started Command Scheduler.
[[0;32m  OK  [0m] Started Hold until boot process finishes up.
[[0;32m  OK  [0m] Started Terminate Plymouth Boot Screen.
[   11.753708] e1000: eth0 NIC Link is Up 1000 Mbps Full Duplex, Flow Control: RX
[   11.756419] IPv6: ADDRCONF(NETDEV_CHANGE): eth0: link becomes ready
[   12.153677] Spectre V2 : WARNING: Unprivileged eBPF is enabled with eIBRS on, data leaks possible via Spectre v2 BHB attacks!
[   12.156236] Spectre V2 : WARNING: Unprivileged eBPF is enabled with eIBRS on, data leaks possible via Spectre v2 BHB attacks!

CentOS Stream 8
Kernel 6.3.0-rc1-3b11717f95b1+ on an x86_64

test login: [   23.659489] memfd_create() without MFD_EXEC nor MFD_NOEXEC_SEAL, pid=333 'systemd'
[   28.642178] loop0: detected capacity change from 0 to 65536
[   28.646837] XFS (loop0): Mounting V5 Filesystem d6f69dbd-8c5d-46be-b88e-92c0ae88ceb2
[   28.657468] XFS (loop0): Ending clean mount
[   28.659572] XFS (loop0): Quotacheck needed: Please wait.
[   28.670139] XFS (loop0): Quotacheck: Done.
[   28.766856] XFS (loop0): Metadata CRC error detected at xfs_agf_read_verify+0x10e/0x140, xfs_agf block 0x8001 
[   28.768826] XFS (loop0): Unmount and run xfs_repair
[   28.769768] XFS (loop0): First 128 bytes of corrupted metadata buffer:
[   28.770937] 00000000: 58 41 47 46 00 00 00 01 00 00 00 01 00 00 40 00  XAGF..........@.
[   28.772364] 00000010: 00 00 00 02 00 00 00 03 00 00 00 00 00 00 00 01  ................
[   28.773796] 00000020: 00 00 00 01 00 00 00 00 00 00 00 01 00 00 00 04  ................
[   28.775192] 00000030: 00 00 00 04 00 00 3b 5f 00 00 3b 5c 00 00 00 00  ......;_..;\....
[   28.776609] 00000040: d6 f6 9d bd 8c 5d 46 be b8 8e 92 c0 ae 88 ce b2  .....]F.........
[   28.778054] 00000050: 00 00 00 00 00 00 00 00 00 00 00 00 00 00 00 00  ................
[   28.779466] 00000060: 00 00 00 00 00 00 00 00 00 00 00 00 00 00 00 00  ................
[   28.780889] 00000070: 00 00 00 00 00 00 00 00 00 00 00 00 00 00 00 00  ................
[   28.782591] XFS (loop0): metadata I/O error in "xfs_read_agf+0xd0/0x2c0" at daddr 0x8001 len 1 error 74
[   28.784453] XFS (loop0): page discard on page 000000001f48b3cf, inode 0x46, pos 0.
[   28.843181] XFS (loop0): Unmounting Filesystem d6f69dbd-8c5d-46be-b88e-92c0ae88ceb2
[   28.869538] XFS (loop0): Internal error atomic_read(&pag->pag_active_ref) != 0 at line 257 of file fs/xfs/libxfs/xfs_ag.c.  Caller xfs_free_perag+0x10b/0x180
[   28.872091] CPU: 0 PID: 517 Comm: repro Not tainted 6.3.0-rc1-3b11717f95b1+ #1
[   28.873404] Hardware name: QEMU Standard PC (i440FX + PIIX, 1996), BIOS rel-1.16.0-0-gd239552ce722-prebuilt.qemu.org 04/01/2014
[   28.875431] Call Trace:
[   28.875887]  <TASK>
[   28.876321]  dump_stack_lvl+0xe0/0x110
[   28.877085]  dump_stack+0x19/0x20
[   28.877722]  xfs_corruption_error+0xd6/0xe0
[   28.878521]  ? xfs_free_perag+0x10b/0x180
[   28.879286]  xfs_free_perag+0x13e/0x180
[   28.880018]  ? xfs_free_perag+0x10b/0x180
[   28.880781]  xfs_unmountfs+0xfb/0x1f0
[   28.881492]  xfs_fs_put_super+0x5a/0x120
[   28.882261]  ? __pfx_xfs_fs_put_super+0x10/0x10
[   28.883124]  generic_shutdown_super+0xac/0x240
[   28.883975]  kill_block_super+0x43/0x80
[   28.884724]  deactivate_locked_super+0x52/0xb0
[   28.885573]  deactivate_super+0xb3/0xd0
[   28.886296]  cleanup_mnt+0x15e/0x1e0
[   28.887005]  __cleanup_mnt+0x1f/0x30
[   28.887708]  task_work_run+0xb6/0x120
[   28.888463]  do_exit+0x547/0x1360
[   28.889138]  ? __this_cpu_preempt_check+0x20/0x30
[   28.890062]  ? lockdep_hardirqs_on+0x8a/0x110
[   28.890900]  do_group_exit+0x5e/0xf0
[   28.891564]  __x64_sys_exit_group+0x25/0x30
[   28.892359]  do_syscall_64+0x3b/0x90
[   28.893051]  entry_SYSCALL_64_after_hwframe+0x72/0xdc
[   28.894024] RIP: 0033:0x7fe915e91cf6
[   28.894696] Code: Unable to access opcode bytes at 0x7fe915e91ccc.
[   28.895805] RSP: 002b:00007ffc6b966988 EFLAGS: 00000246 ORIG_RAX: 00000000000000e7
[   28.897171] RAX: ffffffffffffffda RBX: 00007fe915f9c490 RCX: 00007fe915e91cf6
[   28.898480] RDX: 0000000000000001 RSI: 000000000000003c RDI: 0000000000000001
[   28.899765] RBP: 0000000000000001 R08: 00000000000000e7 R09: ffffffffffffff80
[   28.901064] R10: 0000000000000004 R11: 0000000000000246 R12: 00007fe915f9c490
[   28.902357] R13: 0000000000000001 R14: 00007fe915f9fe88 R15: 0000000000000000
[   28.903661]  </TASK>
[   28.904174] XFS (loop0): Corruption detected. Unmount and run xfs_repair
[   29.208562] loop0: detected capacity change from 0 to 65536
[   29.212042] XFS (loop0): Mounting V5 Filesystem d6f69dbd-8c5d-46be-b88e-92c0ae88ceb2
[   29.222949] XFS (loop0): Ending clean mount
[   29.224634] XFS (loop0): Quotacheck needed: Please wait.
[   29.233271] XFS (loop0): Quotacheck: Done.
[   29.323757] XFS (loop0): Metadata CRC error detected at xfs_agf_read_verify+0x10e/0x140, xfs_agf block 0x8001 
[   29.325708] XFS (loop0): Unmount and run xfs_repair
[   29.326588] XFS (loop0): First 128 bytes of corrupted metadata buffer:
[   29.327888] 00000000: 58 41 47 46 00 00 00 01 00 00 00 01 00 00 40 00  XAGF..........@.
[   29.329451] 00000010: 00 00 00 02 00 00 00 03 00 00 00 00 00 00 00 01  ................
[   29.330873] 00000020: 00 00 00 01 00 00 00 00 00 00 00 01 00 00 00 04  ................
[   29.332301] 00000030: 00 00 00 04 00 00 3b 5f 00 00 3b 5c 00 00 00 00  ......;_..;\....
[   29.333957] 00000040: d6 f6 9d bd 8c 5d 46 be b8 8e 92 c0 ae 88 ce b2  .....]F.........
[   29.335557] 00000050: 00 00 00 00 00 00 00 00 00 00 00 00 00 00 00 00  ................
[   29.337156] 00000060: 00 00 00 00 00 00 00 00 00 00 00 00 00 00 00 00  ................
[   29.338545] 00000070: 00 00 00 00 00 00 00 00 00 00 00 00 00 00 00 00  ................
[   29.340047] XFS (loop0): metadata I/O error in "xfs_read_agf+0xd0/0x2c0" at daddr 0x8001 len 1 error 74
[   29.342003] XFS (loop0): page discard on page 0000000050017440, inode 0x46, pos 0.
[   29.400608] XFS (loop0): Unmounting Filesystem d6f69dbd-8c5d-46be-b88e-92c0ae88ceb2
[   29.425591] XFS (loop0): Internal error atomic_read(&pag->pag_active_ref) != 0 at line 257 of file fs/xfs/libxfs/xfs_ag.c.  Caller xfs_free_perag+0x10b/0x180
[   29.428126] CPU: 0 PID: 531 Comm: repro Not tainted 6.3.0-rc1-3b11717f95b1+ #1
[   29.429420] Hardware name: QEMU Standard PC (i440FX + PIIX, 1996), BIOS rel-1.16.0-0-gd239552ce722-prebuilt.qemu.org 04/01/2014
[   29.431359] Call Trace:
[   29.431804]  <TASK>
[   29.432196]  dump_stack_lvl+0xe0/0x110
[   29.432893]  dump_stack+0x19/0x20
[   29.433501]  xfs_corruption_error+0xd6/0xe0
[   29.434247]  ? xfs_free_perag+0x10b/0x180
[   29.434967]  xfs_free_perag+0x13e/0x180
[   29.435654]  ? xfs_free_perag+0x10b/0x180
[   29.436376]  xfs_unmountfs+0xfb/0x1f0
[   29.437029]  xfs_fs_put_super+0x5a/0x120
[   29.437726]  ? __pfx_xfs_fs_put_super+0x10/0x10
[   29.438526]  generic_shutdown_super+0xac/0x240
[   29.439316]  kill_block_super+0x43/0x80
[   29.439996]  deactivate_locked_super+0x52/0xb0
[   29.440790]  deactivate_super+0xb3/0xd0
[   29.441469]  cleanup_mnt+0x15e/0x1e0
[   29.442124]  __cleanup_mnt+0x1f/0x30
[   29.442775]  task_work_run+0xb6/0x120
[   29.443454]  do_exit+0x547/0x1360
[   29.444087]  ? __this_cpu_preempt_check+0x20/0x30
[   29.444929]  ? lockdep_hardirqs_on+0x8a/0x110
[   29.445708]  do_group_exit+0x5e/0xf0
[   29.446346]  __x64_sys_exit_group+0x25/0x30
[   29.447078]  do_syscall_64+0x3b/0x90
[   29.447717]  entry_SYSCALL_64_after_hwframe+0x72/0xdc
[   29.448622] RIP: 0033:0x7f0d2a105cf6
[   29.449253] Code: Unable to access opcode bytes at 0x7f0d2a105ccc.
[   29.450303] RSP: 002b:00007ffc4858db78 EFLAGS: 00000246 ORIG_RAX: 00000000000000e7
[   29.451584] RAX: ffffffffffffffda RBX: 00007f0d2a210490 RCX: 00007f0d2a105cf6
[   29.452802] RDX: 0000000000000001 RSI: 000000000000003c RDI: 0000000000000001
[   29.454016] RBP: 0000000000000001 R08: 00000000000000e7 R09: ffffffffffffff80
[   29.455242] R10: 0000000000000004 R11: 0000000000000246 R12: 00007f0d2a210490
[   29.456464] R13: 0000000000000001 R14: 00007f0d2a213e88 R15: 0000000000000000
[   29.457693]  </TASK>
[   29.458213] XFS (loop0): Corruption detected. Unmount and run xfs_repair
[   29.789751] loop0: detected capacity change from 0 to 65536
[   29.793407] XFS (loop0): Mounting V5 Filesystem d6f69dbd-8c5d-46be-b88e-92c0ae88ceb2
[   29.803572] XFS (loop0): Ending clean mount
[   29.804863] XFS (loop0): Quotacheck needed: Please wait.
[   29.813673] XFS (loop0): Quotacheck: Done.
[   29.878836] XFS (loop0): Metadata CRC error detected at xfs_agf_read_verify+0x10e/0x140, xfs_agf block 0x8001 
[   29.880855] XFS (loop0): Unmount and run xfs_repair
[   29.881851] XFS (loop0): First 128 bytes of corrupted metadata buffer:
[   29.883014] 00000000: 58 41 47 46 00 00 00 01 00 00 00 01 00 00 40 00  XAGF..........@.
[   29.884440] 00000010: 00 00 00 02 00 00 00 03 00 00 00 00 00 00 00 01  ................
[   29.885877] 00000020: 00 00 00 01 00 00 00 00 00 00 00 01 00 00 00 04  ................
[   29.887292] 00000030: 00 00 00 04 00 00 3b 5f 00 00 3b 5c 00 00 00 00  ......;_..;\....
[   29.888716] 00000040: d6 f6 9d bd 8c 5d 46 be b8 8e 92 c0 ae 88 ce b2  .....]F.........
[   29.890141] 00000050: 00 00 00 00 00 00 00 00 00 00 00 00 00 00 00 00  ................
[   29.891568] 00000060: 00 00 00 00 00 00 00 00 00 00 00 00 00 00 00 00  ................
[   29.893001] 00000070: 00 00 00 00 00 00 00 00 00 00 00 00 00 00 00 00  ................
[   29.894904] XFS (loop0): metadata I/O error in "xfs_read_agf+0xd0/0x2c0" at daddr 0x8001 len 1 error 74
[   29.896720] XFS (loop0): page discard on page 00000000d7162ae7, inode 0x46, pos 0.
[   29.954118] XFS (loop0): Unmounting Filesystem d6f69dbd-8c5d-46be-b88e-92c0ae88ceb2
[   29.977485] XFS (loop0): Internal error atomic_read(&pag->pag_active_ref) != 0 at line 257 of file fs/xfs/libxfs/xfs_ag.c.  Caller xfs_free_perag+0x10b/0x180
[   29.980019] CPU: 0 PID: 545 Comm: repro Not tainted 6.3.0-rc1-3b11717f95b1+ #1
[   29.981330] Hardware name: QEMU Standard PC (i440FX + PIIX, 1996), BIOS rel-1.16.0-0-gd239552ce722-prebuilt.qemu.org 04/01/2014
[   29.983336] Call Trace:
[   29.983803]  <TASK>
[   29.984208]  dump_stack_lvl+0xe0/0x110
[   29.984914]  dump_stack+0x19/0x20
[   29.985538]  xfs_corruption_error+0xd6/0xe0
[   29.986314]  ? xfs_free_perag+0x10b/0x180
[   29.987056]  xfs_free_perag+0x13e/0x180
[   29.987761]  ? xfs_free_perag+0x10b/0x180
[   29.988545]  xfs_unmountfs+0xfb/0x1f0
[   29.989228]  xfs_fs_put_super+0x5a/0x120
[   29.989978]  ? __pfx_xfs_fs_put_super+0x10/0x10
[   29.990819]  generic_shutdown_super+0xac/0x240
[   29.991648]  kill_block_super+0x43/0x80
[   29.992377]  deactivate_locked_super+0x52/0xb0
[   29.993190]  deactivate_super+0xb3/0xd0
[   29.993899]  cleanup_mnt+0x15e/0x1e0
[   29.994576]  __cleanup_mnt+0x1f/0x30
[   29.995242]  task_work_run+0xb6/0x120
[   29.995928]  do_exit+0x547/0x1360
[   29.996563]  ? __this_cpu_preempt_check+0x20/0x30
[   29.997424]  ? lockdep_hardirqs_on+0x8a/0x110
[   29.998235]  do_group_exit+0x5e/0xf0
[   29.998901]  __x64_sys_exit_group+0x25/0x30
[   29.999664]  do_syscall_64+0x3b/0x90
[   30.000339]  entry_SYSCALL_64_after_hwframe+0x72/0xdc
[   30.001254] RIP: 0033:0x7fb5dd607cf6
[   30.001915] Code: Unable to access opcode bytes at 0x7fb5dd607ccc.
[   30.003007] RSP: 002b:00007ffd3cad29c8 EFLAGS: 00000246 ORIG_RAX: 00000000000000e7
[   30.004362] RAX: ffffffffffffffda RBX: 00007fb5dd712490 RCX: 00007fb5dd607cf6
[   30.005636] RDX: 0000000000000001 RSI: 000000000000003c RDI: 0000000000000001
[   30.006885] RBP: 0000000000000001 R08: 00000000000000e7 R09: ffffffffffffff80
[   30.008135] R10: 0000000000000004 R11: 0000000000000246 R12: 00007fb5dd712490
[   30.009410] R13: 0000000000000001 R14: 00007fb5dd715e88 R15: 0000000000000000
[   30.010691]  </TASK>
[   30.011246] XFS (loop0): Corruption detected. Unmount and run xfs_repair
[   30.310341] loop0: detected capacity change from 0 to 65536
[   30.314185] XFS (loop0): Mounting V5 Filesystem d6f69dbd-8c5d-46be-b88e-92c0ae88ceb2
[   30.325070] XFS (loop0): Ending clean mount
[   30.327117] XFS (loop0): Quotacheck needed: Please wait.
[   30.332431] XFS (loop0): Quotacheck: Done.
[   30.455206] XFS (loop0): Metadata CRC error detected at xfs_agf_read_verify+0x10e/0x140, xfs_agf block 0x8001 
[   30.457250] XFS (loop0): Unmount and run xfs_repair
[   30.458454] XFS (loop0): First 128 bytes of corrupted metadata buffer:
[   30.459686] 00000000: 58 41 47 46 00 00 00 01 00 00 00 01 00 00 40 00  XAGF..........@.
[   30.461187] 00000010: 00 00 00 02 00 00 00 03 00 00 00 00 00 00 00 01  ................
[   30.462705] 00000020: 00 00 00 01 00 00 00 00 00 00 00 01 00 00 00 04  ................
[   30.464188] 00000030: 00 00 00 04 00 00 3b 5f 00 00 3b 5c 00 00 00 00  ......;_..;\....
[   30.465696] 00000040: d6 f6 9d bd 8c 5d 46 be b8 8e 92 c0 ae 88 ce b2  .....]F.........
[   30.467156] 00000050: 00 00 00 00 00 00 00 00 00 00 00 00 00 00 00 00  ................
[   30.468633] 00000060: 00 00 00 00 00 00 00 00 00 00 00 00 00 00 00 00  ................
[   30.470138] 00000070: 00 00 00 00 00 00 00 00 00 00 00 00 00 00 00 00  ................
[   30.471782] XFS (loop0): metadata I/O error in "xfs_read_agf+0xd0/0x2c0" at daddr 0x8001 len 1 error 74
[   30.473871] XFS (loop0): page discard on page 00000000d7fb5eb0, inode 0x46, pos 0.
[   30.537180] XFS (loop0): Unmounting Filesystem d6f69dbd-8c5d-46be-b88e-92c0ae88ceb2
[   30.561604] XFS (loop0): Internal error atomic_read(&pag->pag_active_ref) != 0 at line 257 of file fs/xfs/libxfs/xfs_ag.c.  Caller xfs_free_perag+0x10b/0x180
[   30.564293] CPU: 0 PID: 559 Comm: repro Not tainted 6.3.0-rc1-3b11717f95b1+ #1
[   30.565651] Hardware name: QEMU Standard PC (i440FX + PIIX, 1996), BIOS rel-1.16.0-0-gd239552ce722-prebuilt.qemu.org 04/01/2014
[   30.567728] Call Trace:
[   30.568205]  <TASK>
[   30.568631]  dump_stack_lvl+0xe0/0x110
[   30.569360]  dump_stack+0x19/0x20
[   30.570003]  xfs_corruption_error+0xd6/0xe0
[   30.570805]  ? xfs_free_perag+0x10b/0x180
[   30.571583]  xfs_free_perag+0x13e/0x180
[   30.572322]  ? xfs_free_perag+0x10b/0x180
[   30.573091]  xfs_unmountfs+0xfb/0x1f0
[   30.573801]  xfs_fs_put_super+0x5a/0x120
[   30.574559]  ? __pfx_xfs_fs_put_super+0x10/0x10
[   30.575427]  generic_shutdown_super+0xac/0x240
[   30.576296]  kill_block_super+0x43/0x80
[   30.577038]  deactivate_locked_super+0x52/0xb0
[   30.577883]  deactivate_super+0xb3/0xd0
[   30.578617]  cleanup_mnt+0x15e/0x1e0
[   30.579315]  __cleanup_mnt+0x1f/0x30
[   30.580007]  task_work_run+0xb6/0x120
[   30.580722]  do_exit+0x547/0x1360
[   30.581364]  ? __this_cpu_preempt_check+0x20/0x30
[   30.582260]  ? lockdep_hardirqs_on+0x8a/0x110
[   30.583101]  do_group_exit+0x5e/0xf0
[   30.583792]  __x64_sys_exit_group+0x25/0x30
[   30.584598]  do_syscall_64+0x3b/0x90
[   30.585287]  entry_SYSCALL_64_after_hwframe+0x72/0xdc
[   30.586246] RIP: 0033:0x7f54f19a0cf6
[   30.586941] Code: Unable to access opcode bytes at 0x7f54f19a0ccc.
[   30.588092] RSP: 002b:00007ffeb7319008 EFLAGS: 00000246 ORIG_RAX: 00000000000000e7
[   30.589509] RAX: ffffffffffffffda RBX: 00007f54f1aab490 RCX: 00007f54f19a0cf6
[   30.590826] RDX: 0000000000000001 RSI: 000000000000003c RDI: 0000000000000001
[   30.592142] RBP: 0000000000000001 R08: 00000000000000e7 R09: ffffffffffffff80
[   30.593466] R10: 0000000000000004 R11: 0000000000000246 R12: 00007f54f1aab490
[   30.594776] R13: 0000000000000001 R14: 00007f54f1aaee88 R15: 0000000000000000
[   30.596107]  </TASK>
[   30.596637] XFS (loop0): Corruption detected. Unmount and run xfs_repair
[   30.910693] loop0: detected capacity change from 0 to 65536
[   30.914320] XFS (loop0): Mounting V5 Filesystem d6f69dbd-8c5d-46be-b88e-92c0ae88ceb2
[   30.925289] XFS (loop0): Ending clean mount
[   30.927098] XFS (loop0): Quotacheck needed: Please wait.
[   30.936092] XFS (loop0): Quotacheck: Done.
[   31.038417] XFS (loop0): Metadata CRC error detected at xfs_agf_read_verify+0x10e/0x140, xfs_agf block 0x8001 
[   31.040406] XFS (loop0): Unmount and run xfs_repair
[   31.041626] XFS (loop0): First 128 bytes of corrupted metadata buffer:
[   31.043135] 00000000: 58 41 47 46 00 00 00 01 00 00 00 01 00 00 40 00  XAGF..........@.
[   31.044902] 00000010: 00 00 00 02 00 00 00 03 00 00 00 00 00 00 00 01  ................
[   31.046742] 00000020: 00 00 00 01 00 00 00 00 00 00 00 01 00 00 00 04  ................
[   31.048456] 00000030: 00 00 00 04 00 00 3b 5f 00 00 3b 5c 00 00 00 00  ......;_..;\....
[   31.050179] 00000040: d6 f6 9d bd 8c 5d 46 be b8 8e 92 c0 ae 88 ce b2  .....]F.........
[   31.051834] 00000050: 00 00 00 00 00 00 00 00 00 00 00 00 00 00 00 00  ................
[   31.053580] 00000060: 00 00 00 00 00 00 00 00 00 00 00 00 00 00 00 00  ................
[   31.055252] 00000070: 00 00 00 00 00 00 00 00 00 00 00 00 00 00 00 00  ................
[   31.057056] XFS (loop0): metadata I/O error in "xfs_read_agf+0xd0/0x2c0" at daddr 0x8001 len 1 error 74
[   31.059086] XFS (loop0): page discard on page 000000003169e9c5, inode 0x46, pos 0.
[   31.116660] XFS (loop0): Unmounting Filesystem d6f69dbd-8c5d-46be-b88e-92c0ae88ceb2
[   31.137786] XFS (loop0): Internal error atomic_read(&pag->pag_active_ref) != 0 at line 257 of file fs/xfs/libxfs/xfs_ag.c.  Caller xfs_free_perag+0x10b/0x180
[   31.140412] CPU: 1 PID: 573 Comm: repro Not tainted 6.3.0-rc1-3b11717f95b1+ #1
[   31.141724] Hardware name: QEMU Standard PC (i440FX + PIIX, 1996), BIOS rel-1.16.0-0-gd239552ce722-prebuilt.qemu.org 04/01/2014
[   31.143742] Call Trace:
[   31.144209]  <TASK>
[   31.144621]  dump_stack_lvl+0xe0/0x110
[   31.145316]  dump_stack+0x19/0x20
[   31.145947]  xfs_corruption_error+0xd6/0xe0
[   31.146731]  ? xfs_free_perag+0x10b/0x180
[   31.147480]  xfs_free_perag+0x13e/0x180
[   31.148199]  ? xfs_free_perag+0x10b/0x180
[   31.148971]  xfs_unmountfs+0xfb/0x1f0
[   31.149667]  xfs_fs_put_super+0x5a/0x120
[   31.150405]  ? __pfx_xfs_fs_put_super+0x10/0x10
[   31.151250]  generic_shutdown_super+0xac/0x240
[   31.152089]  kill_block_super+0x43/0x80
[   31.152829]  deactivate_locked_super+0x52/0xb0
[   31.153657]  deactivate_super+0xb3/0xd0
[   31.154376]  cleanup_mnt+0x15e/0x1e0
[   31.155060]  __cleanup_mnt+0x1f/0x30
[   31.155737]  task_work_run+0xb6/0x120
[   31.156445]  do_exit+0x547/0x1360
[   31.157075]  ? __this_cpu_preempt_check+0x20/0x30
[   31.157952]  ? lockdep_hardirqs_on+0x8a/0x110
[   31.158768]  do_group_exit+0x5e/0xf0
[   31.159441]  __x64_sys_exit_group+0x25/0x30
[   31.160216]  do_syscall_64+0x3b/0x90
[   31.160897]  entry_SYSCALL_64_after_hwframe+0x72/0xdc
[   31.161825] RIP: 0033:0x7efc91900cf6
[   31.162495] Code: Unable to access opcode bytes at 0x7efc91900ccc.
[   31.163589] RSP: 002b:00007ffd5a384d08 EFLAGS: 00000246 ORIG_RAX: 00000000000000e7
[   31.164940] RAX: ffffffffffffffda RBX: 00007efc91a0b490 RCX: 00007efc91900cf6
[   31.166209] RDX: 0000000000000001 RSI: 000000000000003c RDI: 0000000000000001
[   31.167484] RBP: 0000000000000001 R08: 00000000000000e7 R09: ffffffffffffff80
[   31.168765] R10: 0000000000000004 R11: 0000000000000246 R12: 00007efc91a0b490
[   31.170024] R13: 0000000000000001 R14: 00007efc91a0ee88 R15: 0000000000000000
[   31.171306]  </TASK>
[   31.171849] XFS (loop0): Corruption detected. Unmount and run xfs_repair
[   31.475038] loop0: detected capacity change from 0 to 65536
[   31.478419] XFS (loop0): Mounting V5 Filesystem d6f69dbd-8c5d-46be-b88e-92c0ae88ceb2
[   31.488241] XFS (loop0): Ending clean mount
[   31.490092] XFS (loop0): Quotacheck needed: Please wait.
[   31.498985] XFS (loop0): Quotacheck: Done.
[   31.580532] XFS (loop0): Metadata CRC error detected at xfs_agf_read_verify+0x10e/0x140, xfs_agf block 0x8001 
[   31.582604] XFS (loop0): Unmount and run xfs_repair
[   31.583541] XFS (loop0): First 128 bytes of corrupted metadata buffer:
[   31.584763] 00000000: 58 41 47 46 00 00 00 01 00 00 00 01 00 00 40 00  XAGF..........@.
[   31.586282] 00000010: 00 00 00 02 00 00 00 03 00 00 00 00 00 00 00 01  ................
[   31.587745] 00000020: 00 00 00 01 00 00 00 00 00 00 00 01 00 00 00 04  ................
[   31.589208] 00000030: 00 00 00 04 00 00 3b 5f 00 00 3b 5c 00 00 00 00  ......;_..;\....
[   31.590697] 00000040: d6 f6 9d bd 8c 5d 46 be b8 8e 92 c0 ae 88 ce b2  .....]F.........
[   31.592159] 00000050: 00 00 00 00 00 00 00 00 00 00 00 00 00 00 00 00  ................
[   31.593655] 00000060: 00 00 00 00 00 00 00 00 00 00 00 00 00 00 00 00  ................
[   31.595149] 00000070: 00 00 00 00 00 00 00 00 00 00 00 00 00 00 00 00  ................
[   31.596787] XFS (loop0): metadata I/O error in "xfs_read_agf+0xd0/0x2c0" at daddr 0x8001 len 1 error 74
[   31.598763] XFS (loop0): page discard on page 00000000c8653602, inode 0x46, pos 0.
[   31.659437] XFS (loop0): Unmounting Filesystem d6f69dbd-8c5d-46be-b88e-92c0ae88ceb2
[   31.689602] XFS (loop0): Internal error atomic_read(&pag->pag_active_ref) != 0 at line 257 of file fs/xfs/libxfs/xfs_ag.c.  Caller xfs_free_perag+0x10b/0x180
[   31.692288] CPU: 0 PID: 587 Comm: repro Not tainted 6.3.0-rc1-3b11717f95b1+ #1
[   31.693638] Hardware name: QEMU Standard PC (i440FX + PIIX, 1996), BIOS rel-1.16.0-0-gd239552ce722-prebuilt.qemu.org 04/01/2014
[   31.695721] Call Trace:
[   31.696207]  <TASK>
[   31.696648]  dump_stack_lvl+0xe0/0x110
[   31.697383]  dump_stack+0x19/0x20
[   31.698030]  xfs_corruption_error+0xd6/0xe0
[   31.698834]  ? xfs_free_perag+0x10b/0x180
[   31.699610]  xfs_free_perag+0x13e/0x180
[   31.700361]  ? xfs_free_perag+0x10b/0x180
[   31.701138]  xfs_unmountfs+0xfb/0x1f0
[   31.701852]  xfs_fs_put_super+0x5a/0x120
[   31.702620]  ? __pfx_xfs_fs_put_super+0x10/0x10
[   31.703498]  generic_shutdown_super+0xac/0x240
[   31.704381]  kill_block_super+0x43/0x80
[   31.705131]  deactivate_locked_super+0x52/0xb0
[   31.705985]  deactivate_super+0xb3/0xd0
[   31.706722]  cleanup_mnt+0x15e/0x1e0
[   31.707427]  __cleanup_mnt+0x1f/0x30
[   31.708124]  task_work_run+0xb6/0x120
[   31.708845]  do_exit+0x547/0x1360
[   31.709496]  ? __this_cpu_preempt_check+0x20/0x30
[   31.710398]  ? lockdep_hardirqs_on+0x8a/0x110
[   31.711246]  do_group_exit+0x5e/0xf0
[   31.711937]  __x64_sys_exit_group+0x25/0x30
[   31.712738]  do_syscall_64+0x3b/0x90
[   31.713456]  entry_SYSCALL_64_after_hwframe+0x72/0xdc
[   31.714410] RIP: 0033:0x7f42e1b16cf6
[   31.715095] Code: Unable to access opcode bytes at 0x7f42e1b16ccc.
[   31.716245] RSP: 002b:00007ffd85530978 EFLAGS: 00000246 ORIG_RAX: 00000000000000e7
[   31.717654] RAX: ffffffffffffffda RBX: 00007f42e1c21490 RCX: 00007f42e1b16cf6
[   31.718976] RDX: 0000000000000001 RSI: 000000000000003c RDI: 0000000000000001
[   31.720299] RBP: 0000000000000001 R08: 00000000000000e7 R09: ffffffffffffff80
[   31.721606] R10: 0000000000000004 R11: 0000000000000246 R12: 00007f42e1c21490
[   31.722939] R13: 0000000000000001 R14: 00007f42e1c24e88 R15: 0000000000000000
[   31.724317]  </TASK>
[   31.724893] XFS (loop0): Corruption detected. Unmount and run xfs_repair
[   32.044982] loop0: detected capacity change from 0 to 65536
[   32.048997] XFS (loop0): Mounting V5 Filesystem d6f69dbd-8c5d-46be-b88e-92c0ae88ceb2
[   32.060180] XFS (loop0): Ending clean mount
[   32.062402] XFS (loop0): Quotacheck needed: Please wait.
[   32.071352] XFS (loop0): Quotacheck: Done.
[   32.150153] XFS (loop0): Metadata CRC error detected at xfs_agf_read_verify+0x10e/0x140, xfs_agf block 0x8001 
[   32.152164] XFS (loop0): Unmount and run xfs_repair
[   32.153135] XFS (loop0): First 128 bytes of corrupted metadata buffer:
[   32.154445] 00000000: 58 41 47 46 00 00 00 01 00 00 00 01 00 00 40 00  XAGF..........@.
[   32.155972] 00000010: 00 00 00 02 00 00 00 03 00 00 00 00 00 00 00 01  ................
[   32.157580] 00000020: 00 00 00 01 00 00 00 00 00 00 00 01 00 00 00 04  ................
[   32.159102] 00000030: 00 00 00 04 00 00 3b 5f 00 00 3b 5c 00 00 00 00  ......;_..;\....
[   32.160634] 00000040: d6 f6 9d bd 8c 5d 46 be b8 8e 92 c0 ae 88 ce b2  .....]F.........
[   32.162196] 00000050: 00 00 00 00 00 00 00 00 00 00 00 00 00 00 00 00  ................
[   32.163718] 00000060: 00 00 00 00 00 00 00 00 00 00 00 00 00 00 00 00  ................
[   32.165259] 00000070: 00 00 00 00 00 00 00 00 00 00 00 00 00 00 00 00  ................
[   32.167298] XFS (loop0): metadata I/O error in "xfs_read_agf+0xd0/0x2c0" at daddr 0x8001 len 1 error 74
[   32.169229] XFS (loop0): page discard on page 00000000f0ce872a, inode 0x46, pos 0.
[   32.235562] XFS (loop0): Unmounting Filesystem d6f69dbd-8c5d-46be-b88e-92c0ae88ceb2
[   32.265556] XFS (loop0): Internal error atomic_read(&pag->pag_active_ref) != 0 at line 257 of file fs/xfs/libxfs/xfs_ag.c.  Caller xfs_free_perag+0x10b/0x180
[   32.268258] CPU: 1 PID: 601 Comm: repro Not tainted 6.3.0-rc1-3b11717f95b1+ #1
[   32.269635] Hardware name: QEMU Standard PC (i440FX + PIIX, 1996), BIOS rel-1.16.0-0-gd239552ce722-prebuilt.qemu.org 04/01/2014
[   32.271724] Call Trace:
[   32.272205]  <TASK>
[   32.272644]  dump_stack_lvl+0xe0/0x110
[   32.273376]  dump_stack+0x19/0x20
[   32.274026]  xfs_corruption_error+0xd6/0xe0
[   32.274833]  ? xfs_free_perag+0x10b/0x180
[   32.275608]  xfs_free_perag+0x13e/0x180
[   32.276357]  ? xfs_free_perag+0x10b/0x180
[   32.277131]  xfs_unmountfs+0xfb/0x1f0
[   32.277842]  xfs_fs_put_super+0x5a/0x120
[   32.278599]  ? __pfx_xfs_fs_put_super+0x10/0x10
[   32.279470]  generic_shutdown_super+0xac/0x240
[   32.280348]  kill_block_super+0x43/0x80
[   32.281104]  deactivate_locked_super+0x52/0xb0
[   32.281955]  deactivate_super+0xb3/0xd0
[   32.282694]  cleanup_mnt+0x15e/0x1e0
[   32.283391]  __cleanup_mnt+0x1f/0x30
[   32.284086]  task_work_run+0xb6/0x120
[   32.284806]  do_exit+0x547/0x1360
[   32.285452]  ? __this_cpu_preempt_check+0x20/0x30
[   32.286354]  ? lockdep_hardirqs_on+0x8a/0x110
[   32.287193]  do_group_exit+0x5e/0xf0
[   32.287886]  __x64_sys_exit_group+0x25/0x30
[   32.288690]  do_syscall_64+0x3b/0x90
[   32.289381]  entry_SYSCALL_64_after_hwframe+0x72/0xdc
[   32.290334] RIP: 0033:0x7f6241f63cf6
[   32.291020] Code: Unable to access opcode bytes at 0x7f6241f63ccc.
[   32.292160] RSP: 002b:00007fffdbd77ee8 EFLAGS: 00000246 ORIG_RAX: 00000000000000e7
[   32.293585] RAX: ffffffffffffffda RBX: 00007f624206e490 RCX: 00007f6241f63cf6
[   32.294913] RDX: 0000000000000001 RSI: 000000000000003c RDI: 0000000000000001
[   32.296234] RBP: 0000000000000001 R08: 00000000000000e7 R09: ffffffffffffff80
[   32.297570] R10: 0000000000000004 R11: 0000000000000246 R12: 00007f624206e490
[   32.298894] R13: 0000000000000001 R14: 00007f6242071e88 R15: 0000000000000000
[   32.300238]  </TASK>
[   32.300773] XFS (loop0): Corruption detected. Unmount and run xfs_repair
[   32.614886] loop0: detected capacity change from 0 to 65536
[   32.619091] XFS (loop0): Mounting V5 Filesystem d6f69dbd-8c5d-46be-b88e-92c0ae88ceb2
[   32.631786] XFS (loop0): Ending clean mount
[   32.633260] XFS (loop0): Quotacheck needed: Please wait.
[   32.643875] XFS (loop0): Quotacheck: Done.
[   32.733899] XFS (loop0): Metadata CRC error detected at xfs_agf_read_verify+0x10e/0x140, xfs_agf block 0x8001 
[   32.735985] XFS (loop0): Unmount and run xfs_repair
[   32.736954] XFS (loop0): First 128 bytes of corrupted metadata buffer:
[   32.738254] 00000000: 58 41 47 46 00 00 00 01 00 00 00 01 00 00 40 00  XAGF..........@.
[   32.739778] 00000010: 00 00 00 02 00 00 00 03 00 00 00 00 00 00 00 01  ................
[   32.741300] 00000020: 00 00 00 01 00 00 00 00 00 00 00 01 00 00 00 04  ................
[   32.742866] 00000030: 00 00 00 04 00 00 3b 5f 00 00 3b 5c 00 00 00 00  ......;_..;\....
[   32.744391] 00000040: d6 f6 9d bd 8c 5d 46 be b8 8e 92 c0 ae 88 ce b2  .....]F.........
[   32.745987] 00000050: 00 00 00 00 00 00 00 00 00 00 00 00 00 00 00 00  ................
[   32.747486] 00000060: 00 00 00 00 00 00 00 00 00 00 00 00 00 00 00 00  ................
[   32.748986] 00000070: 00 00 00 00 00 00 00 00 00 00 00 00 00 00 00 00  ................
[   32.750977] XFS (loop0): metadata I/O error in "xfs_read_agf+0xd0/0x2c0" at daddr 0x8001 len 1 error 74
[   32.752861] XFS (loop0): page discard on page 00000000086fcb3e, inode 0x46, pos 0.
[   32.812604] XFS (loop0): Unmounting Filesystem d6f69dbd-8c5d-46be-b88e-92c0ae88ceb2
[   32.833653] XFS (loop0): Internal error atomic_read(&pag->pag_active_ref) != 0 at line 257 of file fs/xfs/libxfs/xfs_ag.c.  Caller xfs_free_perag+0x10b/0x180
[   32.836383] CPU: 1 PID: 615 Comm: repro Not tainted 6.3.0-rc1-3b11717f95b1+ #1
[   32.837749] Hardware name: QEMU Standard PC (i440FX + PIIX, 1996), BIOS rel-1.16.0-0-gd239552ce722-prebuilt.qemu.org 04/01/2014
[   32.839818] Call Trace:
[   32.840296]  <TASK>
[   32.840716]  dump_stack_lvl+0xe0/0x110
[   32.841458]  dump_stack+0x19/0x20
[   32.842101]  xfs_corruption_error+0xd6/0xe0
[   32.842893]  ? xfs_free_perag+0x10b/0x180
[   32.843649]  xfs_free_perag+0x13e/0x180
[   32.844397]  ? xfs_free_perag+0x10b/0x180
[   32.845155]  xfs_unmountfs+0xfb/0x1f0
[   32.845855]  xfs_fs_put_super+0x5a/0x120
[   32.846602]  ? __pfx_xfs_fs_put_super+0x10/0x10
[   32.847457]  generic_shutdown_super+0xac/0x240
[   32.848318]  kill_block_super+0x43/0x80
[   32.849051]  deactivate_locked_super+0x52/0xb0
[   32.849879]  deactivate_super+0xb3/0xd0
[   32.850604]  cleanup_mnt+0x15e/0x1e0
[   32.851293]  __cleanup_mnt+0x1f/0x30
[   32.851978]  task_work_run+0xb6/0x120
[   32.852701]  do_exit+0x547/0x1360
[   32.853332]  ? __this_cpu_preempt_check+0x20/0x30
[   32.854214]  ? lockdep_hardirqs_on+0x8a/0x110
[   32.855038]  do_group_exit+0x5e/0xf0
[   32.855717]  __x64_sys_exit_group+0x25/0x30
[   32.856513]  do_syscall_64+0x3b/0x90
[   32.857201]  entry_SYSCALL_64_after_hwframe+0x72/0xdc
[   32.858146] RIP: 0033:0x7f3101fa5cf6
[   32.858828] Code: Unable to access opcode bytes at 0x7f3101fa5ccc.
[   32.859955] RSP: 002b:00007fffa7b69828 EFLAGS: 00000246 ORIG_RAX: 00000000000000e7
[   32.861339] RAX: ffffffffffffffda RBX: 00007f31020b0490 RCX: 00007f3101fa5cf6
[   32.862624] RDX: 0000000000000001 RSI: 000000000000003c RDI: 0000000000000001
[   32.863909] RBP: 0000000000000001 R08: 00000000000000e7 R09: ffffffffffffff80
[   32.865212] R10: 0000000000000004 R11: 0000000000000246 R12: 00007f31020b0490
[   32.866511] R13: 0000000000000001 R14: 00007f31020b3e88 R15: 0000000000000000
[   32.867820]  </TASK>
[   32.868358] XFS (loop0): Corruption detected. Unmount and run xfs_repair
[   33.168700] loop0: detected capacity change from 0 to 65536
[   33.172774] XFS (loop0): Mounting V5 Filesystem d6f69dbd-8c5d-46be-b88e-92c0ae88ceb2
[   33.182722] XFS (loop0): Ending clean mount
[   33.183964] XFS (loop0): Quotacheck needed: Please wait.
[   33.192322] XFS (loop0): Quotacheck: Done.
[   33.265567] XFS (loop0): Metadata CRC error detected at xfs_agf_read_verify+0x10e/0x140, xfs_agf block 0x8001 
[   33.267465] XFS (loop0): Unmount and run xfs_repair
[   33.268358] XFS (loop0): First 128 bytes of corrupted metadata buffer:
[   33.269563] 00000000: 58 41 47 46 00 00 00 01 00 00 00 01 00 00 40 00  XAGF..........@.
[   33.270972] 00000010: 00 00 00 02 00 00 00 03 00 00 00 00 00 00 00 01  ................
[   33.272384] 00000020: 00 00 00 01 00 00 00 00 00 00 00 01 00 00 00 04  ................
[   33.273817] 00000030: 00 00 00 04 00 00 3b 5f 00 00 3b 5c 00 00 00 00  ......;_..;\....
[   33.275222] 00000040: d6 f6 9d bd 8c 5d 46 be b8 8e 92 c0 ae 88 ce b2  .....]F.........
[   33.276613] 00000050: 00 00 00 00 00 00 00 00 00 00 00 00 00 00 00 00  ................
[   33.278035] 00000060: 00 00 00 00 00 00 00 00 00 00 00 00 00 00 00 00  ................
[   33.279409] 00000070: 00 00 00 00 00 00 00 00 00 00 00 00 00 00 00 00  ................
[   33.280879] XFS (loop0): metadata I/O error in "xfs_read_agf+0xd0/0x2c0" at daddr 0x8001 len 1 error 74
[   33.282703] XFS (loop0): page discard on page 00000000999e40e7, inode 0x46, pos 0.
[   33.343547] XFS (loop0): Unmounting Filesystem d6f69dbd-8c5d-46be-b88e-92c0ae88ceb2
[   33.365668] XFS (loop0): Internal error atomic_read(&pag->pag_active_ref) != 0 at line 257 of file fs/xfs/libxfs/xfs_ag.c.  Caller xfs_free_perag+0x10b/0x180
[   33.368134] CPU: 1 PID: 629 Comm: repro Not tainted 6.3.0-rc1-3b11717f95b1+ #1
[   33.369427] Hardware name: QEMU Standard PC (i440FX + PIIX, 1996), BIOS rel-1.16.0-0-gd239552ce722-prebuilt.qemu.org 04/01/2014
[   33.371381] Call Trace:
[   33.371829]  <TASK>
[   33.372230]  dump_stack_lvl+0xe0/0x110
[   33.372920]  dump_stack+0x19/0x20
[   33.373530]  xfs_corruption_error+0xd6/0xe0
[   33.374288]  ? xfs_free_perag+0x10b/0x180
[   33.375019]  xfs_free_perag+0x13e/0x180
[   33.375712]  ? xfs_free_perag+0x10b/0x180
[   33.376439]  xfs_unmountfs+0xfb/0x1f0
[   33.377108]  xfs_fs_put_super+0x5a/0x120
[   33.377826]  ? __pfx_xfs_fs_put_super+0x10/0x10
[   33.378645]  generic_shutdown_super+0xac/0x240
[   33.379458]  kill_block_super+0x43/0x80
[   33.380161]  deactivate_locked_super+0x52/0xb0
[   33.380977]  deactivate_super+0xb3/0xd0
[   33.381677]  cleanup_mnt+0x15e/0x1e0
[   33.382335]  __cleanup_mnt+0x1f/0x30
[   33.382992]  task_work_run+0xb6/0x120
[   33.383670]  do_exit+0x547/0x1360
[   33.384316]  ? __this_cpu_preempt_check+0x20/0x30
[   33.385173]  ? lockdep_hardirqs_on+0x8a/0x110
[   33.385976]  do_group_exit+0x5e/0xf0
[   33.386634]  __x64_sys_exit_group+0x25/0x30
[   33.387393]  do_syscall_64+0x3b/0x90
[   33.388047]  entry_SYSCALL_64_after_hwframe+0x72/0xdc
[   33.388954] RIP: 0033:0x7fd3bf1eacf6
[   33.389605] Code: Unable to access opcode bytes at 0x7fd3bf1eaccc.
[   33.390685] RSP: 002b:00007fff38a36cd8 EFLAGS: 00000246 ORIG_RAX: 00000000000000e7
[   33.392006] RAX: ffffffffffffffda RBX: 00007fd3bf2f5490 RCX: 00007fd3bf1eacf6
[   33.393253] RDX: 0000000000000001 RSI: 000000000000003c RDI: 0000000000000001
[   33.394399] RBP: 0000000000000001 R08: 00000000000000e7 R09: ffffffffffffff80
[   33.395512] R10: 0000000000000004 R11: 0000000000000246 R12: 00007fd3bf2f5490
[   33.396637] R13: 0000000000000001 R14: 00007fd3bf2f8e88 R15: 0000000000000000
[   33.397782]  </TASK>
[   33.398215] XFS (loop0): Corruption detected. Unmount and run xfs_repair
[   33.713282] loop0: detected capacity change from 0 to 65536
[   33.717299] XFS (loop0): Mounting V5 Filesystem d6f69dbd-8c5d-46be-b88e-92c0ae88ceb2
[   33.727708] XFS (loop0): Ending clean mount
[   33.729115] XFS (loop0): Quotacheck needed: Please wait.
[   33.737854] XFS (loop0): Quotacheck: Done.
[   33.801876] XFS (loop0): Metadata CRC error detected at xfs_agf_read_verify+0x10e/0x140, xfs_agf block 0x8001 
[   33.803857] XFS (loop0): Unmount and run xfs_repair
[   33.804800] XFS (loop0): First 128 bytes of corrupted metadata buffer:
[   33.806092] 00000000: 58 41 47 46 00 00 00 01 00 00 00 01 00 00 40 00  XAGF..........@.
[   33.807547] 00000010: 00 00 00 02 00 00 00 03 00 00 00 00 00 00 00 01  ................
[   33.809016] 00000020: 00 00 00 01 00 00 00 00 00 00 00 01 00 00 00 04  ................
[   33.810509] 00000030: 00 00 00 04 00 00 3b 5f 00 00 3b 5c 00 00 00 00  ......;_..;\....
[   33.811975] 00000040: d6 f6 9d bd 8c 5d 46 be b8 8e 92 c0 ae 88 ce b2  .....]F.........
[   33.813472] 00000050: 00 00 00 00 00 00 00 00 00 00 00 00 00 00 00 00  ................
[   33.814924] 00000060: 00 00 00 00 00 00 00 00 00 00 00 00 00 00 00 00  ................
[   33.816368] 00000070: 00 00 00 00 00 00 00 00 00 00 00 00 00 00 00 00  ................
[   33.818052] XFS (loop0): metadata I/O error in "xfs_read_agf+0xd0/0x2c0" at daddr 0x8001 len 1 error 74
[   33.819798] XFS (loop0): page discard on page 00000000d1885130, inode 0x46, pos 0.
[   33.876666] XFS (loop0): Unmounting Filesystem d6f69dbd-8c5d-46be-b88e-92c0ae88ceb2
[   33.897748] XFS (loop0): Internal error atomic_read(&pag->pag_active_ref) != 0 at line 257 of file fs/xfs/libxfs/xfs_ag.c.  Caller xfs_free_perag+0x10b/0x180
[   33.900346] CPU: 1 PID: 643 Comm: repro Not tainted 6.3.0-rc1-3b11717f95b1+ #1
[   33.901659] Hardware name: QEMU Standard PC (i440FX + PIIX, 1996), BIOS rel-1.16.0-0-gd239552ce722-prebuilt.qemu.org 04/01/2014
[   33.903701] Call Trace:
[   33.904171]  <TASK>
[   33.904602]  dump_stack_lvl+0xe0/0x110
[   33.905315]  dump_stack+0x19/0x20
[   33.905954]  xfs_corruption_error+0xd6/0xe0
[   33.906737]  ? xfs_free_perag+0x10b/0x180
[   33.907492]  xfs_free_perag+0x13e/0x180
[   33.908208]  ? xfs_free_perag+0x10b/0x180
[   33.908977]  xfs_unmountfs+0xfb/0x1f0
[   33.909672]  xfs_fs_put_super+0x5a/0x120
[   33.910412]  ? __pfx_xfs_fs_put_super+0x10/0x10
[   33.911259]  generic_shutdown_super+0xac/0x240
[   33.912109]  kill_block_super+0x43/0x80
[   33.912850]  deactivate_locked_super+0x52/0xb0
[   33.913682]  deactivate_super+0xb3/0xd0
[   33.914398]  cleanup_mnt+0x15e/0x1e0
[   33.915083]  __cleanup_mnt+0x1f/0x30
[   33.915763]  task_work_run+0xb6/0x120
[   33.916483]  do_exit+0x547/0x1360
[   33.917110]  ? __this_cpu_preempt_check+0x20/0x30
[   33.917992]  ? lockdep_hardirqs_on+0x8a/0x110
[   33.918813]  do_group_exit+0x5e/0xf0
[   33.919488]  __x64_sys_exit_group+0x25/0x30
[   33.920259]  do_syscall_64+0x3b/0x90
[   33.920955]  entry_SYSCALL_64_after_hwframe+0x72/0xdc
[   33.921887] RIP: 0033:0x7f1911b5fcf6
[   33.922558] Code: Unable to access opcode bytes at 0x7f1911b5fccc.
[   33.923670] RSP: 002b:00007fff5dbb74a8 EFLAGS: 00000246 ORIG_RAX: 00000000000000e7
[   33.925068] RAX: ffffffffffffffda RBX: 00007f1911c6a490 RCX: 00007f1911b5fcf6
[   33.926350] RDX: 0000000000000001 RSI: 000000000000003c RDI: 0000000000000001
[   33.927640] RBP: 0000000000000001 R08: 00000000000000e7 R09: ffffffffffffff80
[   33.928926] R10: 0000000000000004 R11: 0000000000000246 R12: 00007f1911c6a490
[   33.930210] R13: 0000000000000001 R14: 00007f1911c6de88 R15: 0000000000000000
[   33.931522]  </TASK>
[   33.932008] XFS (loop0): Corruption detected. Unmount and run xfs_repair
[   34.238498] loop0: detected capacity change from 0 to 65536
[   34.241666] XFS (loop0): Mounting V5 Filesystem d6f69dbd-8c5d-46be-b88e-92c0ae88ceb2
[   34.251867] XFS (loop0): Ending clean mount
[   34.253146] XFS (loop0): Quotacheck needed: Please wait.
[   34.261292] XFS (loop0): Quotacheck: Done.
[   34.324655] XFS (loop0): Metadata CRC error detected at xfs_agf_read_verify+0x10e/0x140, xfs_agf block 0x8001 
[   34.326682] XFS (loop0): Unmount and run xfs_repair
[   34.327594] XFS (loop0): First 128 bytes of corrupted metadata buffer:
[   34.328802] 00000000: 58 41 47 46 00 00 00 01 00 00 00 01 00 00 40 00  XAGF..........@.
[   34.330302] 00000010: 00 00 00 02 00 00 00 03 00 00 00 00 00 00 00 01  ................
[   34.331764] 00000020: 00 00 00 01 00 00 00 00 00 00 00 01 00 00 00 04  ................
[   34.333223] 00000030: 00 00 00 04 00 00 3b 5f 00 00 3b 5c 00 00 00 00  ......;_..;\....
[   34.334710] 00000040: d6 f6 9d bd 8c 5d 46 be b8 8e 92 c0 ae 88 ce b2  .....]F.........
[   34.336164] 00000050: 00 00 00 00 00 00 00 00 00 00 00 00 00 00 00 00  ................
[   34.337666] 00000060: 00 00 00 00 00 00 00 00 00 00 00 00 00 00 00 00  ................
[   34.339135] 00000070: 00 00 00 00 00 00 00 00 00 00 00 00 00 00 00 00  ................
[   34.340722] XFS (loop0): metadata I/O error in "xfs_read_agf+0xd0/0x2c0" at daddr 0x8001 len 1 error 74
[   34.342996] XFS (loop0): page discard on page 00000000ad273d27, inode 0x46, pos 0.
[   34.402047] XFS (loop0): Unmounting Filesystem d6f69dbd-8c5d-46be-b88e-92c0ae88ceb2
[   34.421565] XFS (loop0): Internal error atomic_read(&pag->pag_active_ref) != 0 at line 257 of file fs/xfs/libxfs/xfs_ag.c.  Caller xfs_free_perag+0x10b/0x180
[   34.424144] CPU: 0 PID: 657 Comm: repro Not tainted 6.3.0-rc1-3b11717f95b1+ #1
[   34.425479] Hardware name: QEMU Standard PC (i440FX + PIIX, 1996), BIOS rel-1.16.0-0-gd239552ce722-prebuilt.qemu.org 04/01/2014
[   34.427524] Call Trace:
[   34.427994]  <TASK>
[   34.428440]  dump_stack_lvl+0xe0/0x110
[   34.429157]  dump_stack+0x19/0x20
[   34.429794]  xfs_corruption_error+0xd6/0xe0
[   34.430583]  ? xfs_free_perag+0x10b/0x180
[   34.431343]  xfs_free_perag+0x13e/0x180
[   34.432064]  ? xfs_free_perag+0x10b/0x180
[   34.432832]  xfs_unmountfs+0xfb/0x1f0
[   34.433537]  xfs_fs_put_super+0x5a/0x120
[   34.434280]  ? __pfx_xfs_fs_put_super+0x10/0x10
[   34.435127]  generic_shutdown_super+0xac/0x240
[   34.435962]  kill_block_super+0x43/0x80
[   34.436699]  deactivate_locked_super+0x52/0xb0
[   34.437523]  deactivate_super+0xb3/0xd0
[   34.438238]  cleanup_mnt+0x15e/0x1e0
[   34.438924]  __cleanup_mnt+0x1f/0x30
[   34.439593]  task_work_run+0xb6/0x120
[   34.440325]  do_exit+0x547/0x1360
[   34.440953]  ? __this_cpu_preempt_check+0x20/0x30
[   34.441823]  ? lockdep_hardirqs_on+0x8a/0x110
[   34.442640]  do_group_exit+0x5e/0xf0
[   34.443310]  __x64_sys_exit_group+0x25/0x30
[   34.444077]  do_syscall_64+0x3b/0x90
[   34.444763]  entry_SYSCALL_64_after_hwframe+0x72/0xdc
[   34.445686] RIP: 0033:0x7f787b8c9cf6
[   34.446351] Code: Unable to access opcode bytes at 0x7f787b8c9ccc.
[   34.447460] RSP: 002b:00007ffcf2028d58 EFLAGS: 00000246 ORIG_RAX: 00000000000000e7
[   34.448819] RAX: ffffffffffffffda RBX: 00007f787b9d4490 RCX: 00007f787b8c9cf6
[   34.450094] RDX: 0000000000000001 RSI: 000000000000003c RDI: 0000000000000001
[   34.451368] RBP: 0000000000000001 R08: 00000000000000e7 R09: ffffffffffffff80
[   34.452661] R10: 0000000000000004 R11: 0000000000000246 R12: 00007f787b9d4490
[   34.453931] R13: 0000000000000001 R14: 00007f787b9d7e88 R15: 0000000000000000
[   34.455224]  </TASK>
[   34.455733] XFS (loop0): Corruption detected. Unmount and run xfs_repair
[   34.787579] loop0: detected capacity change from 0 to 65536
[   34.791211] XFS (loop0): Mounting V5 Filesystem d6f69dbd-8c5d-46be-b88e-92c0ae88ceb2
[   34.797000] XFS (loop0): Ending clean mount
[   34.798679] XFS (loop0): Quotacheck needed: Please wait.
[   34.803247] XFS (loop0): Quotacheck: Done.
[   34.876766] XFS (loop0): Metadata CRC error detected at xfs_agf_read_verify+0x10e/0x140, xfs_agf block 0x8001 
[   34.878780] XFS (loop0): Unmount and run xfs_repair
[   34.879703] XFS (loop0): First 128 bytes of corrupted metadata buffer:
[   34.880913] 00000000: 58 41 47 46 00 00 00 01 00 00 00 01 00 00 40 00  XAGF..........@.
[   34.882390] 00000010: 00 00 00 02 00 00 00 03 00 00 00 00 00 00 00 01  ................
[   34.883826] 00000020: 00 00 00 01 00 00 00 00 00 00 00 01 00 00 00 04  ................
[   34.885263] 00000030: 00 00 00 04 00 00 3b 5f 00 00 3b 5c 00 00 00 00  ......;_..;\....
[   34.886733] 00000040: d6 f6 9d bd 8c 5d 46 be b8 8e 92 c0 ae 88 ce b2  .....]F.........
[   34.888165] 00000050: 00 00 00 00 00 00 00 00 00 00 00 00 00 00 00 00  ................
[   34.889639] 00000060: 00 00 00 00 00 00 00 00 00 00 00 00 00 00 00 00  ................
[   34.891064] 00000070: 00 00 00 00 00 00 00 00 00 00 00 00 00 00 00 00  ................
[   34.892631] XFS (loop0): metadata I/O error in "xfs_read_agf+0xd0/0x2c0" at daddr 0x8001 len 1 error 74
[   34.894613] XFS (loop0): page discard on page 0000000007ff1b6f, inode 0x46, pos 0.
[   34.950510] XFS (loop0): Unmounting Filesystem d6f69dbd-8c5d-46be-b88e-92c0ae88ceb2
[   34.973628] XFS (loop0): Internal error atomic_read(&pag->pag_active_ref) != 0 at line 257 of file fs/xfs/libxfs/xfs_ag.c.  Caller xfs_free_perag+0x10b/0x180
[   34.976168] CPU: 1 PID: 671 Comm: repro Not tainted 6.3.0-rc1-3b11717f95b1+ #1
[   34.977499] Hardware name: QEMU Standard PC (i440FX + PIIX, 1996), BIOS rel-1.16.0-0-gd239552ce722-prebuilt.qemu.org 04/01/2014
[   34.979528] Call Trace:
[   34.979995]  <TASK>
[   34.980413]  dump_stack_lvl+0xe0/0x110
[   34.981121]  dump_stack+0x19/0x20
[   34.981742]  xfs_corruption_error+0xd6/0xe0
[   34.982512]  ? xfs_free_perag+0x10b/0x180
[   34.983253]  xfs_free_perag+0x13e/0x180
[   34.983979]  ? xfs_free_perag+0x10b/0x180
[   34.984728]  xfs_unmountfs+0xfb/0x1f0
[   34.985412]  xfs_fs_put_super+0x5a/0x120
[   34.986140]  ? __pfx_xfs_fs_put_super+0x10/0x10
[   34.986978]  generic_shutdown_super+0xac/0x240
[   34.987813]  kill_block_super+0x43/0x80
[   34.988543]  deactivate_locked_super+0x52/0xb0
[   34.989367]  deactivate_super+0xb3/0xd0
[   34.990055]  cleanup_mnt+0x15e/0x1e0
[   34.990732]  __cleanup_mnt+0x1f/0x30
[   34.991402]  task_work_run+0xb6/0x120
[   34.992099]  do_exit+0x547/0x1360
[   34.992735]  ? __this_cpu_preempt_check+0x20/0x30
[   34.993604]  ? lockdep_hardirqs_on+0x8a/0x110
[   34.994416]  do_group_exit+0x5e/0xf0
[   34.995083]  __x64_sys_exit_group+0x25/0x30
[   34.995853]  do_syscall_64+0x3b/0x90
[   34.996525]  entry_SYSCALL_64_after_hwframe+0x72/0xdc
[   34.997449] RIP: 0033:0x7ff734a86cf6
[   34.998117] Code: Unable to access opcode bytes at 0x7ff734a86ccc.
[   34.999215] RSP: 002b:00007fffad879378 EFLAGS: 00000246 ORIG_RAX: 00000000000000e7
[   35.000565] RAX: ffffffffffffffda RBX: 00007ff734b91490 RCX: 00007ff734a86cf6
[   35.001823] RDX: 0000000000000001 RSI: 000000000000003c RDI: 0000000000000001
[   35.003090] RBP: 0000000000000001 R08: 00000000000000e7 R09: ffffffffffffff80
[   35.004358] R10: 0000000000000004 R11: 0000000000000246 R12: 00007ff734b91490
[   35.005628] R13: 0000000000000001 R14: 00007ff734b94e88 R15: 0000000000000000
[   35.006907]  </TASK>
[   35.007393] XFS (loop0): Corruption detected. Unmount and run xfs_repair
[   35.288054] loop0: detected capacity change from 0 to 65536
[   35.291260] XFS (loop0): Mounting V5 Filesystem d6f69dbd-8c5d-46be-b88e-92c0ae88ceb2
[   35.302485] XFS (loop0): Ending clean mount
[   35.303774] XFS (loop0): Quotacheck needed: Please wait.
[   35.310026] XFS (loop0): Quotacheck: Done.
[   35.378922] XFS (loop0): Metadata CRC error detected at xfs_agf_read_verify+0x10e/0x140, xfs_agf block 0x8001 
[   35.380801] XFS (loop0): Unmount and run xfs_repair
[   35.381709] XFS (loop0): First 128 bytes of corrupted metadata buffer:
[   35.382872] 00000000: 58 41 47 46 00 00 00 01 00 00 00 01 00 00 40 00  XAGF..........@.
[   35.384258] 00000010: 00 00 00 02 00 00 00 03 00 00 00 00 00 00 00 01  ................
[   35.385682] 00000020: 00 00 00 01 00 00 00 00 00 00 00 01 00 00 00 04  ................
[   35.387064] 00000030: 00 00 00 04 00 00 3b 5f 00 00 3b 5c 00 00 00 00  ......;_..;\....
[   35.388457] 00000040: d6 f6 9d bd 8c 5d 46 be b8 8e 92 c0 ae 88 ce b2  .....]F.........
[   35.389877] 00000050: 00 00 00 00 00 00 00 00 00 00 00 00 00 00 00 00  ................
[   35.391266] 00000060: 00 00 00 00 00 00 00 00 00 00 00 00 00 00 00 00  ................
[   35.392666] 00000070: 00 00 00 00 00 00 00 00 00 00 00 00 00 00 00 00  ................
[   35.394603] XFS (loop0): metadata I/O error in "xfs_read_agf+0xd0/0x2c0" at daddr 0x8001 len 1 error 74
[   35.395976] XFS (loop0): page discard on page 00000000a175385f, inode 0x46, pos 0.
[   35.449437] XFS (loop0): Unmounting Filesystem d6f69dbd-8c5d-46be-b88e-92c0ae88ceb2
[   35.469620] XFS (loop0): Internal error atomic_read(&pag->pag_active_ref) != 0 at line 257 of file fs/xfs/libxfs/xfs_ag.c.  Caller xfs_free_perag+0x10b/0x180
[   35.472246] CPU: 1 PID: 685 Comm: repro Not tainted 6.3.0-rc1-3b11717f95b1+ #1
[   35.473611] Hardware name: QEMU Standard PC (i440FX + PIIX, 1996), BIOS rel-1.16.0-0-gd239552ce722-prebuilt.qemu.org 04/01/2014
[   35.475671] Call Trace:
[   35.476145]  <TASK>
[   35.476578]  dump_stack_lvl+0xe0/0x110
[   35.477302]  dump_stack+0x19/0x20
[   35.477941]  xfs_corruption_error+0xd6/0xe0
[   35.478732]  ? xfs_free_perag+0x10b/0x180
[   35.479496]  xfs_free_perag+0x13e/0x180
[   35.480220]  ? xfs_free_perag+0x10b/0x180
[   35.480986]  xfs_unmountfs+0xfb/0x1f0
[   35.481689]  xfs_fs_put_super+0x5a/0x120
[   35.482438]  ? __pfx_xfs_fs_put_super+0x10/0x10
[   35.483297]  generic_shutdown_super+0xac/0x240
[   35.484149]  kill_block_super+0x43/0x80
[   35.484904]  deactivate_locked_super+0x52/0xb0
[   35.485750]  deactivate_super+0xb3/0xd0
[   35.486476]  cleanup_mnt+0x15e/0x1e0
[   35.487170]  __cleanup_mnt+0x1f/0x30
[   35.487857]  task_work_run+0xb6/0x120
[   35.488589]  do_exit+0x547/0x1360
[   35.489226]  ? __this_cpu_preempt_check+0x20/0x30
[   35.490118]  ? lockdep_hardirqs_on+0x8a/0x110
[   35.490953]  do_group_exit+0x5e/0xf0
[   35.491635]  __x64_sys_exit_group+0x25/0x30
[   35.492444]  do_syscall_64+0x3b/0x90
[   35.493131]  entry_SYSCALL_64_after_hwframe+0x72/0xdc
[   35.494084] RIP: 0033:0x7f8dc6c36cf6
[   35.494764] Code: Unable to access opcode bytes at 0x7f8dc6c36ccc.
[   35.495896] RSP: 002b:00007ffed6650078 EFLAGS: 00000246 ORIG_RAX: 00000000000000e7
[   35.497292] RAX: ffffffffffffffda RBX: 00007f8dc6d41490 RCX: 00007f8dc6c36cf6
[   35.498590] RDX: 0000000000000001 RSI: 000000000000003c RDI: 0000000000000001
[   35.499883] RBP: 0000000000000001 R08: 00000000000000e7 R09: ffffffffffffff80
[   35.501192] R10: 0000000000000004 R11: 0000000000000246 R12: 00007f8dc6d41490
[   35.502491] R13: 0000000000000001 R14: 00007f8dc6d44e88 R15: 0000000000000000
[   35.503805]  </TASK>
[   35.504376] XFS (loop0): Corruption detected. Unmount and run xfs_repair
[   35.839265] loop0: detected capacity change from 0 to 65536
[   35.843047] XFS (loop0): Mounting V5 Filesystem d6f69dbd-8c5d-46be-b88e-92c0ae88ceb2
[   35.854140] XFS (loop0): Ending clean mount
[   35.856066] XFS (loop0): Quotacheck needed: Please wait.
[   35.865779] XFS (loop0): Quotacheck: Done.
[   35.948975] XFS (loop0): Metadata CRC error detected at xfs_agf_read_verify+0x10e/0x140, xfs_agf block 0x8001 
[   35.950909] XFS (loop0): Unmount and run xfs_repair
[   35.951863] XFS (loop0): First 128 bytes of corrupted metadata buffer:
[   35.953132] 00000000: 58 41 47 46 00 00 00 01 00 00 00 01 00 00 40 00  XAGF..........@.
[   35.954706] 00000010: 00 00 00 02 00 00 00 03 00 00 00 00 00 00 00 01  ................
[   35.956211] 00000020: 00 00 00 01 00 00 00 00 00 00 00 01 00 00 00 04  ................
[   35.957759] 00000030: 00 00 00 04 00 00 3b 5f 00 00 3b 5c 00 00 00 00  ......;_..;\....
[   35.959257] 00000040: d6 f6 9d bd 8c 5d 46 be b8 8e 92 c0 ae 88 ce b2  .....]F.........
[   35.960781] 00000050: 00 00 00 00 00 00 00 00 00 00 00 00 00 00 00 00  ................
[   35.962346] 00000060: 00 00 00 00 00 00 00 00 00 00 00 00 00 00 00 00  ................
[   35.963872] 00000070: 00 00 00 00 00 00 00 00 00 00 00 00 00 00 00 00  ................
[   35.965762] XFS (loop0): metadata I/O error in "xfs_read_agf+0xd0/0x2c0" at daddr 0x8001 len 1 error 74
[   35.968100] XFS (loop0): page discard on page 00000000845c1d20, inode 0x46, pos 0.
[   36.044970] XFS (loop0): Unmounting Filesystem d6f69dbd-8c5d-46be-b88e-92c0ae88ceb2
[   36.073574] XFS (loop0): Internal error atomic_read(&pag->pag_active_ref) != 0 at line 257 of file fs/xfs/libxfs/xfs_ag.c.  Caller xfs_free_perag+0x10b/0x180
[   36.076385] CPU: 1 PID: 699 Comm: repro Not tainted 6.3.0-rc1-3b11717f95b1+ #1
[   36.077800] Hardware name: QEMU Standard PC (i440FX + PIIX, 1996), BIOS rel-1.16.0-0-gd239552ce722-prebuilt.qemu.org 04/01/2014
[   36.079979] Call Trace:
[   36.080497]  <TASK>
[   36.080938]  dump_stack_lvl+0xe0/0x110
[   36.081702]  dump_stack+0x19/0x20
[   36.082383]  xfs_corruption_error+0xd6/0xe0
[   36.083225]  ? xfs_free_perag+0x10b/0x180
[   36.084034]  xfs_free_perag+0x13e/0x180
[   36.084820]  ? xfs_free_perag+0x10b/0x180
[   36.085635]  xfs_unmountfs+0xfb/0x1f0
[   36.086383]  xfs_fs_put_super+0x5a/0x120
[   36.087183]  ? __pfx_xfs_fs_put_super+0x10/0x10
[   36.088105]  generic_shutdown_super+0xac/0x240
[   36.089011]  kill_block_super+0x43/0x80
[   36.089810]  deactivate_locked_super+0x52/0xb0
[   36.090698]  deactivate_super+0xb3/0xd0
[   36.091460]  cleanup_mnt+0x15e/0x1e0
[   36.092191]  __cleanup_mnt+0x1f/0x30
[   36.092929]  task_work_run+0xb6/0x120
[   36.093672]  do_exit+0x547/0x1360
[   36.094348]  ? __this_cpu_preempt_check+0x20/0x30
[   36.095289]  ? lockdep_hardirqs_on+0x8a/0x110
[   36.096167]  do_group_exit+0x5e/0xf0
[   36.096894]  __x64_sys_exit_group+0x25/0x30
[   36.097715]  do_syscall_64+0x3b/0x90
[   36.098437]  entry_SYSCALL_64_after_hwframe+0x72/0xdc
[   36.099433] RIP: 0033:0x7f05d73f3cf6
[   36.100148] Code: Unable to access opcode bytes at 0x7f05d73f3ccc.
[   36.101341] RSP: 002b:00007ffd5adabc38 EFLAGS: 00000246 ORIG_RAX: 00000000000000e7
[   36.102783] RAX: ffffffffffffffda RBX: 00007f05d74fe490 RCX: 00007f05d73f3cf6
[   36.104139] RDX: 0000000000000001 RSI: 000000000000003c RDI: 0000000000000001
[   36.105523] RBP: 0000000000000001 R08: 00000000000000e7 R09: ffffffffffffff80
[   36.106884] R10: 0000000000000004 R11: 0000000000000246 R12: 00007f05d74fe490
[   36.108244] R13: 0000000000000001 R14: 00007f05d7501e88 R15: 0000000000000000
[   36.109662]  </TASK>
[   36.110230] XFS (loop0): Corruption detected. Unmount and run xfs_repair
[   36.426898] loop0: detected capacity change from 0 to 65536
[   36.430340] XFS (loop0): Mounting V5 Filesystem d6f69dbd-8c5d-46be-b88e-92c0ae88ceb2
[   36.438053] XFS (loop0): Ending clean mount
[   36.439276] XFS (loop0): Quotacheck needed: Please wait.
[   36.444131] XFS (loop0): Quotacheck: Done.
[   36.516522] XFS (loop0): Metadata CRC error detected at xfs_agf_read_verify+0x10e/0x140, xfs_agf block 0x8001 
[   36.518674] XFS (loop0): Unmount and run xfs_repair
[   36.519626] XFS (loop0): First 128 bytes of corrupted metadata buffer:
[   36.520884] 00000000: 58 41 47 46 00 00 00 01 00 00 00 01 00 00 40 00  XAGF..........@.
[   36.522472] 00000010: 00 00 00 02 00 00 00 03 00 00 00 00 00 00 00 01  ................
[   36.523991] 00000020: 00 00 00 01 00 00 00 00 00 00 00 01 00 00 00 04  ................
[   36.525587] 00000030: 00 00 00 04 00 00 3b 5f 00 00 3b 5c 00 00 00 00  ......;_..;\....
[   36.527128] 00000040: d6 f6 9d bd 8c 5d 46 be b8 8e 92 c0 ae 88 ce b2  .....]F.........
[   36.528679] 00000050: 00 00 00 00 00 00 00 00 00 00 00 00 00 00 00 00  ................
[   36.530284] 00000060: 00 00 00 00 00 00 00 00 00 00 00 00 00 00 00 00  ................
[   36.531801] 00000070: 00 00 00 00 00 00 00 00 00 00 00 00 00 00 00 00  ................
[   36.533643] XFS (loop0): metadata I/O error in "xfs_read_agf+0xd0/0x2c0" at daddr 0x8001 len 1 error 74
[   36.535520] XFS (loop0): page discard on page 00000000e2835421, inode 0x46, pos 0.
[   36.597734] XFS (loop0): Unmounting Filesystem d6f69dbd-8c5d-46be-b88e-92c0ae88ceb2
[   36.621561] XFS (loop0): Internal error atomic_read(&pag->pag_active_ref) != 0 at line 257 of file fs/xfs/libxfs/xfs_ag.c.  Caller xfs_free_perag+0x10b/0x180
[   36.624298] CPU: 0 PID: 713 Comm: repro Not tainted 6.3.0-rc1-3b11717f95b1+ #1
[   36.625690] Hardware name: QEMU Standard PC (i440FX + PIIX, 1996), BIOS rel-1.16.0-0-gd239552ce722-prebuilt.qemu.org 04/01/2014
[   36.627840] Call Trace:
[   36.628340]  <TASK>
[   36.628778]  dump_stack_lvl+0xe0/0x110
[   36.629533]  dump_stack+0x19/0x20
[   36.630197]  xfs_corruption_error+0xd6/0xe0
[   36.631023]  ? xfs_free_perag+0x10b/0x180
[   36.631821]  xfs_free_perag+0x13e/0x180
[   36.632587]  ? xfs_free_perag+0x10b/0x180
[   36.633382]  xfs_unmountfs+0xfb/0x1f0
[   36.634125]  xfs_fs_put_super+0x5a/0x120
[   36.634920]  ? __pfx_xfs_fs_put_super+0x10/0x10
[   36.635825]  generic_shutdown_super+0xac/0x240
[   36.636738]  kill_block_super+0x43/0x80
[   36.637512]  deactivate_locked_super+0x52/0xb0
[   36.638396]  deactivate_super+0xb3/0xd0
[   36.639168]  cleanup_mnt+0x15e/0x1e0
[   36.639901]  __cleanup_mnt+0x1f/0x30
[   36.640649]  task_work_run+0xb6/0x120
[   36.641392]  do_exit+0x547/0x1360
[   36.642064]  ? __this_cpu_preempt_check+0x20/0x30
[   36.643003]  ? lockdep_hardirqs_on+0x8a/0x110
[   36.643884]  do_group_exit+0x5e/0xf0
[   36.644646]  __x64_sys_exit_group+0x25/0x30
[   36.645501]  do_syscall_64+0x3b/0x90
[   36.646227]  entry_SYSCALL_64_after_hwframe+0x72/0xdc
[   36.647230] RIP: 0033:0x7f0145df5cf6
[   36.647953] Code: Unable to access opcode bytes at 0x7f0145df5ccc.
[   36.649178] RSP: 002b:00007fff5b587128 EFLAGS: 00000246 ORIG_RAX: 00000000000000e7
[   36.650631] RAX: ffffffffffffffda RBX: 00007f0145f00490 RCX: 00007f0145df5cf6
[   36.651992] RDX: 0000000000000001 RSI: 000000000000003c RDI: 0000000000000001
[   36.653363] RBP: 0000000000000001 R08: 00000000000000e7 R09: ffffffffffffff80
[   36.654718] R10: 0000000000000004 R11: 0000000000000246 R12: 00007f0145f00490
[   36.656091] R13: 0000000000000001 R14: 00007f0145f03e88 R15: 0000000000000000
[   36.657509]  </TASK>
[   36.658084] XFS (loop0): Corruption detected. Unmount and run xfs_repair
[   36.986210] loop0: detected capacity change from 0 to 65536
[   36.989670] XFS (loop0): Mounting V5 Filesystem d6f69dbd-8c5d-46be-b88e-92c0ae88ceb2
[   36.999629] XFS (loop0): Ending clean mount
[   37.000994] XFS (loop0): Quotacheck needed: Please wait.
[   37.009596] XFS (loop0): Quotacheck: Done.
[   37.079651] XFS (loop0): Metadata CRC error detected at xfs_agf_read_verify+0x10e/0x140, xfs_agf block 0x8001 
[   37.081699] XFS (loop0): Unmount and run xfs_repair
[   37.082611] XFS (loop0): First 128 bytes of corrupted metadata buffer:
[   37.083807] 00000000: 58 41 47 46 00 00 00 01 00 00 00 01 00 00 40 00  XAGF..........@.
