c[?7l[2J[0mSeaBIOS (version rel-1.16.0-0-gd239552ce722-prebuilt.qemu.org)


iPXE (http://ipxe.org) 00:03.0 CA00 PCI2.10 PnP PMM+7FF91000+7FEF1000 CA00
Press Ctrl-B to configure iPXE (PCI 00:03.0)...                                                                               


Booting from ROM...
c[?7l[2J[    0.000000] Linux version 6.3.0-rc1-80a6c216b16d+ (root@p-rpls01) (gcc (GCC) 8.5.0 20210514 (Red Hat 8.5.0-18), GNU ld version 2.36.1-2.el8) #1 SMP PREEMPT_DYNAMIC Mon Mar 20 04:02:55 CST 2023
[    0.000000] Command line: console=ttyS0 root=/dev/sda earlyprintk=serial net.ifnames=0
[    0.000000] KERNEL supported cpus:
[    0.000000]   Intel GenuineIntel
[    0.000000]   AMD AuthenticAMD
[    0.000000]   Hygon HygonGenuine
[    0.000000]   Centaur CentaurHauls
[    0.000000]   zhaoxin   Shanghai  
[    0.000000] x86/fpu: Supporting XSAVE feature 0x001: 'x87 floating point registers'
[    0.000000] x86/fpu: Supporting XSAVE feature 0x002: 'SSE registers'
[    0.000000] x86/fpu: Supporting XSAVE feature 0x004: 'AVX registers'
[    0.000000] x86/fpu: Supporting XSAVE feature 0x200: 'Protection Keys User registers'
[    0.000000] x86/fpu: xstate_offset[2]:  576, xstate_sizes[2]:  256
[    0.000000] x86/fpu: xstate_offset[9]:  832, xstate_sizes[9]:    8
[    0.000000] x86/fpu: Enabled xstate features 0x207, context size is 840 bytes, using 'compacted' format.
[    0.000000] signal: max sigframe size: 3632
[    0.000000] BIOS-provided physical RAM map:
[    0.000000] BIOS-e820: [mem 0x0000000000000000-0x000000000009fbff] usable
[    0.000000] BIOS-e820: [mem 0x000000000009fc00-0x000000000009ffff] reserved
[    0.000000] BIOS-e820: [mem 0x00000000000f0000-0x00000000000fffff] reserved
[    0.000000] BIOS-e820: [mem 0x0000000000100000-0x000000007ffdffff] usable
[    0.000000] BIOS-e820: [mem 0x000000007ffe0000-0x000000007fffffff] reserved
[    0.000000] BIOS-e820: [mem 0x00000000feffc000-0x00000000feffffff] reserved
[    0.000000] BIOS-e820: [mem 0x00000000fffc0000-0x00000000ffffffff] reserved
[    0.000000] printk: bootconsole [earlyser0] enabled
[    0.000000] NX (Execute Disable) protection: active
[    0.000000] SMBIOS 2.8 present.
[    0.000000] DMI: QEMU Standard PC (i440FX + PIIX, 1996), BIOS rel-1.16.0-0-gd239552ce722-prebuilt.qemu.org 04/01/2014
[    0.000000] Hypervisor detected: KVM
[    0.000000] kvm-clock: Using msrs 4b564d01 and 4b564d00
[    0.000007] kvm-clock: using sched offset of 973870831 cycles
[    0.001570] clocksource: kvm-clock: mask: 0xffffffffffffffff max_cycles: 0x1cd42e4dffb, max_idle_ns: 881590591483 ns
[    0.004000] tsc: Detected 806.400 MHz processor
[    0.004000] last_pfn = 0x7ffe0 max_arch_pfn = 0x400000000
[    0.004000] x86/PAT: Configuration [0-7]: WB  WC  UC- UC  WB  WP  UC- WT  
[    0.004000] found SMP MP-table at [mem 0x000f5ba0-0x000f5baf]
[    0.004000] Using GB pages for direct mapping
[    0.004000] ACPI: Early table checksum verification disabled
[    0.004000] ACPI: RSDP 0x00000000000F59C0 000014 (v00 BOCHS )
[    0.004000] ACPI: RSDT 0x000000007FFE1951 000034 (v01 BOCHS  BXPC     00000001 BXPC 00000001)
[    0.004000] ACPI: FACP 0x000000007FFE17FD 000074 (v01 BOCHS  BXPC     00000001 BXPC 00000001)
[    0.004000] ACPI: DSDT 0x000000007FFE0040 0017BD (v01 BOCHS  BXPC     00000001 BXPC 00000001)
[    0.004000] ACPI: FACS 0x000000007FFE0000 000040
[    0.004000] ACPI: APIC 0x000000007FFE1871 000080 (v01 BOCHS  BXPC     00000001 BXPC 00000001)
[    0.004000] ACPI: HPET 0x000000007FFE18F1 000038 (v01 BOCHS  BXPC     00000001 BXPC 00000001)
[    0.004000] ACPI: WAET 0x000000007FFE1929 000028 (v01 BOCHS  BXPC     00000001 BXPC 00000001)
[    0.004000] ACPI: Reserving FACP table memory at [mem 0x7ffe17fd-0x7ffe1870]
[    0.004000] ACPI: Reserving DSDT table memory at [mem 0x7ffe0040-0x7ffe17fc]
[    0.004000] ACPI: Reserving FACS table memory at [mem 0x7ffe0000-0x7ffe003f]
[    0.004000] ACPI: Reserving APIC table memory at [mem 0x7ffe1871-0x7ffe18f0]
[    0.004000] ACPI: Reserving HPET table memory at [mem 0x7ffe18f1-0x7ffe1928]
[    0.004000] ACPI: Reserving WAET table memory at [mem 0x7ffe1929-0x7ffe1950]
[    0.004000] No NUMA configuration found
[    0.004000] Faking a node at [mem 0x0000000000000000-0x000000007ffdffff]
[    0.004000] NODE_DATA(0) allocated [mem 0x7ffb5000-0x7ffdffff]
[    0.004000] Zone ranges:
[    0.004000]   DMA      [mem 0x0000000000001000-0x0000000000ffffff]
[    0.004000]   DMA32    [mem 0x0000000001000000-0x000000007ffdffff]
[    0.004000]   Normal   empty
[    0.004000]   Device   empty
[    0.004000] Movable zone start for each node
[    0.004000] Early memory node ranges
[    0.004000]   node   0: [mem 0x0000000000001000-0x000000000009efff]
[    0.004000]   node   0: [mem 0x0000000000100000-0x000000007ffdffff]
[    0.004000] Initmem setup node 0 [mem 0x0000000000001000-0x000000007ffdffff]
[    0.004000] On node 0, zone DMA: 1 pages in unavailable ranges
[    0.004000] On node 0, zone DMA: 97 pages in unavailable ranges
[    0.004000] On node 0, zone DMA32: 32 pages in unavailable ranges
[    0.004000] ACPI: PM-Timer IO Port: 0x608
[    0.004000] ACPI: LAPIC_NMI (acpi_id[0xff] dfl dfl lint[0x1])
[    0.004000] IOAPIC[0]: apic_id 0, version 17, address 0xfec00000, GSI 0-23
[    0.004000] ACPI: INT_SRC_OVR (bus 0 bus_irq 0 global_irq 2 dfl dfl)
[    0.004000] ACPI: INT_SRC_OVR (bus 0 bus_irq 5 global_irq 5 high level)
[    0.004000] ACPI: INT_SRC_OVR (bus 0 bus_irq 9 global_irq 9 high level)
[    0.004000] ACPI: INT_SRC_OVR (bus 0 bus_irq 10 global_irq 10 high level)
[    0.004000] ACPI: INT_SRC_OVR (bus 0 bus_irq 11 global_irq 11 high level)
[    0.004000] ACPI: Using ACPI (MADT) for SMP configuration information
[    0.004000] ACPI: HPET id: 0x8086a201 base: 0xfed00000
[    0.004000] TSC deadline timer available
[    0.004000] smpboot: Allowing 2 CPUs, 0 hotplug CPUs
[    0.004000] kvm-guest: KVM setup pv remote TLB flush
[    0.004000] kvm-guest: setup PV sched yield
[    0.004000] PM: hibernation: Registered nosave memory: [mem 0x00000000-0x00000fff]
[    0.004000] PM: hibernation: Registered nosave memory: [mem 0x0009f000-0x0009ffff]
[    0.004000] PM: hibernation: Registered nosave memory: [mem 0x000a0000-0x000effff]
[    0.004000] PM: hibernation: Registered nosave memory: [mem 0x000f0000-0x000fffff]
[    0.004000] [mem 0x80000000-0xfeffbfff] available for PCI devices
[    0.004000] Booting paravirtualized kernel on KVM
[    0.004000] clocksource: refined-jiffies: mask: 0xffffffff max_cycles: 0xffffffff, max_idle_ns: 7645519600211568 ns
[    0.004000] setup_percpu: NR_CPUS:8192 nr_cpumask_bits:2 nr_cpu_ids:2 nr_node_ids:1
[    0.004000] percpu: Embedded 65 pages/cpu s229376 r8192 d28672 u1048576
[    0.004000] kvm-guest: PV spinlocks enabled
[    0.004000] PV qspinlock hash table entries: 256 (order: 0, 4096 bytes, linear)
[    0.004000] Fallback order for Node 0: 0 
[    0.004000] Built 1 zonelists, mobility grouping on.  Total pages: 515808
[    0.004000] Policy zone: DMA32
[    0.004000] Kernel command line: net.ifnames=0 console=ttyS0 root=/dev/sda earlyprintk=serial net.ifnames=0
[    0.004000] random: crng init done
[    0.004000] Dentry cache hash table entries: 262144 (order: 9, 2097152 bytes, linear)
[    0.004000] Inode-cache hash table entries: 131072 (order: 8, 1048576 bytes, linear)
[    0.004000] mem auto-init: stack:off, heap alloc:off, heap free:off
[    0.004000] Memory: 1964884K/2096632K available (36864K kernel code, 4578K rwdata, 9848K rodata, 10508K init, 31780K bss, 131492K reserved, 0K cma-reserved)
[    0.004000] SLUB: HWalign=64, Order=0-3, MinObjects=0, CPUs=2, Nodes=1
[    0.004000] kmemleak: Kernel memory leak detector disabled
[    0.004000] ftrace: allocating 68737 entries in 269 pages
[    0.004000] ftrace: allocated 269 pages with 4 groups
[    0.004000] Dynamic Preempt: voluntary
[    0.004000] Running RCU self tests
[    0.004000] Running RCU synchronous self tests
[    0.004000] rcu: Preemptible hierarchical RCU implementation.
[    0.004000] rcu: 	RCU lockdep checking is enabled.
[    0.004000] rcu: 	RCU restricting CPUs from NR_CPUS=8192 to nr_cpu_ids=2.
[    0.004000] 	Trampoline variant of Tasks RCU enabled.
[    0.004000] 	Rude variant of Tasks RCU enabled.
[    0.004000] 	Tracing variant of Tasks RCU enabled.
[    0.004000] rcu: RCU calculated value of scheduler-enlistment delay is 25 jiffies.
[    0.004000] rcu: Adjusting geometry for rcu_fanout_leaf=16, nr_cpu_ids=2
[    0.004000] Running RCU synchronous self tests
[    0.004000] NR_IRQS: 524544, nr_irqs: 440, preallocated irqs: 16
[    0.004000] rcu: srcu_init: Setting srcu_struct sizes based on contention.
[    0.004000] Console: colour VGA+ 80x25
[    0.004000] printk: console [ttyS0] enabled
[    0.004000] printk: console [ttyS0] enabled
[    0.004000] printk: bootconsole [earlyser0] disabled
[    0.004000] printk: bootconsole [earlyser0] disabled
[    0.004000] Lock dependency validator: Copyright (c) 2006 Red Hat, Inc., Ingo Molnar
[    0.004000] ... MAX_LOCKDEP_SUBCLASSES:  8
[    0.004000] ... MAX_LOCK_DEPTH:          48
[    0.004000] ... MAX_LOCKDEP_KEYS:        8192
[    0.004000] ... CLASSHASH_SIZE:          4096
[    0.004000] ... MAX_LOCKDEP_ENTRIES:     32768
[    0.004000] ... MAX_LOCKDEP_CHAINS:      65536
[    0.004000] ... CHAINHASH_SIZE:          32768
[    0.004000]  memory used by lock dependency info: 6365 kB
[    0.004000]  memory used for stack traces: 4224 kB
[    0.004000]  per task-struct memory footprint: 1920 bytes
[    0.004000] ACPI: Core revision 20221020
[    0.004000] clocksource: hpet: mask: 0xffffffff max_cycles: 0xffffffff, max_idle_ns: 19112604467 ns
[    0.004000] APIC: Switch to symmetric I/O mode setup
[    0.004000] x2apic enabled
[    0.004000] Switched APIC routing to physical x2apic.
[    0.004000] kvm-guest: setup PV IPIs
[    0.004000] ..TIMER: vector=0x30 apic1=0 pin1=2 apic2=-1 pin2=-1
[    0.004000] clocksource: tsc-early: mask: 0xffffffffffffffff max_cycles: 0xb9fb05486c, max_idle_ns: 440795231721 ns
[    0.469499] Calibrating delay loop (skipped) preset value.. 1612.80 BogoMIPS (lpj=3225600)
[    0.473483] pid_max: default: 32768 minimum: 301
[    0.474980] LSM: initializing lsm=capability,yama,integrity
[    0.477493] Yama: becoming mindful.
[    0.479000] Mount-cache hash table entries: 4096 (order: 3, 32768 bytes, linear)
[    0.481558] Mountpoint-cache hash table entries: 4096 (order: 3, 32768 bytes, linear)
[    0.487653] CPU0: Thermal monitoring enabled (TM1)
[    0.489765] x86/cpu: User Mode Instruction Prevention (UMIP) activated
[    0.497995] Last level iTLB entries: 4KB 0, 2MB 0, 4MB 0
[    0.499765] Last level dTLB entries: 4KB 0, 2MB 0, 4MB 0, 1GB 0
[    0.501663] Spectre V1 : Mitigation: usercopy/swapgs barriers and __user pointer sanitization
[    0.504176] Spectre V2 : WARNING: Unprivileged eBPF is enabled with eIBRS on, data leaks possible via Spectre v2 BHB attacks!
[    0.505498] Spectre V2 : Mitigation: Enhanced / Automatic IBRS
[    0.509478] Spectre V2 : Spectre v2 / SpectreRSB mitigation: Filling RSB on context switch
[    0.511831] Spectre V2 : Spectre v2 / PBRSB-eIBRS: Retire a single CALL on VMEXIT
[    0.513514] Spectre V2 : mitigation: Enabling conditional Indirect Branch Prediction Barrier
[    0.515982] Speculative Store Bypass: Mitigation: Speculative Store Bypass disabled via prctl
[    0.517479] MMIO Stale Data: Unknown: No mitigations
[    0.705318] Freeing SMP alternatives memory: 56K
[    0.705595] Running RCU synchronous self tests
[    0.706932] Running RCU synchronous self tests
[    0.710729] smpboot: CPU0: Genuine Intel(R) 0000 (family: 0x6, model: 0xb7, stepping: 0x0)
[    0.713474] cblist_init_generic: Setting adjustable number of callback queues.
[    0.713489] cblist_init_generic: Setting shift to 1 and lim to 1.
[    0.715445] cblist_init_generic: Setting shift to 1 and lim to 1.
[    0.717384] cblist_init_generic: Setting shift to 1 and lim to 1.
[    0.717617] Running RCU-tasks wait API self tests
[    0.821942] Performance Events: Alderlake Hybrid events, full-width counters, Intel PMU driver.
[    0.825850] core: cpu_core PMU driver: 
[    0.826802] ... version:                2
[    0.827791] ... bit width:              48
[    0.828774] ... generic registers:      6
[    0.829490] ... value mask:             0000ffffffffffff
[    0.830747] ... max period:             00007fffffffffff
[    0.832000] ... fixed-purpose events:   3
[    0.832966] ... event mask:             0001000f0000003f
[    0.833540] Callback from call_rcu_tasks_trace() invoked.
[    0.835396] rcu: Hierarchical SRCU implementation.
[    0.836557] rcu: 	Max phase no-delay instances is 1000.
[    0.841542] unchecked MSR access error: WRMSR to 0x38f (tried to write 0x0001000f0000003f) at rIP: 0xffffffff810e0c2c (native_write_msr+0xc/0x30)
[    0.844683] Call Trace:
[    0.845292]  <TASK>
[    0.845474]  __intel_pmu_enable_all.constprop.49+0xb5/0x140
[    0.845474]  intel_pmu_enable_all+0x1e/0x30
[    0.845474]  x86_pmu_enable+0x46d/0x5a0
[    0.845474]  ? write_comp_data+0x2f/0x90
[    0.845474]  perf_pmu_enable+0x53/0x70
[    0.845474]  ctx_resched+0x14d/0x1e0
[    0.845474]  __perf_install_in_context+0x2f7/0x470
[    0.845474]  ? lock_is_held_type+0xe6/0x140
[    0.845474]  ? __pfx_remote_function+0x10/0x10
[    0.845474]  remote_function+0x80/0xa0
[    0.845474]  ? __pfx_remote_function+0x10/0x10
[    0.845474]  generic_exec_single+0x124/0x190
[    0.845474]  smp_call_function_single+0x11c/0x240
[    0.845474]  ? __pfx_remote_function+0x10/0x10
[    0.845474]  ? __sanitizer_cov_trace_pc+0x25/0x60
[    0.845474]  ? write_comp_data+0x2f/0x90
[    0.845474]  perf_install_in_context+0x2d8/0x300
[    0.845474]  ? __pfx___perf_install_in_context+0x10/0x10
[    0.845474]  perf_event_create_kernel_counter+0x284/0x2b0
[    0.845474]  ? __pfx_watchdog_overflow_callback+0x10/0x10
[    0.845474]  hardlockup_detector_event_create+0x46/0xd0
[    0.845474]  hardlockup_detector_perf_init+0x18/0x80
[    0.845474]  watchdog_nmi_probe+0x17/0x20
[    0.845474]  lockup_detector_init+0x40/0xb0
[    0.845474]  kernel_init_freeable+0x37e/0x8c0
[    0.845474]  ? __pfx_kernel_init+0x10/0x10
[    0.845474]  kernel_init+0x24/0x1e0
[    0.845474]  ? __pfx_kernel_init+0x10/0x10
[    0.845474]  ret_from_fork+0x29/0x50
[    0.845474]  </TASK>
[    0.846172] smp: Bringing up secondary CPUs ...
[    0.850369] x86: Booting SMP configuration:
[    0.851656] .... node  #0, CPUs:      #1
[    0.853549] smp: Brought up 1 node, 2 CPUs
[    0.855907] smpboot: Max logical packages: 1
[    0.857180] smpboot: Total of 2 processors activated (3225.60 BogoMIPS)
[    0.871911] devtmpfs: initialized
[    0.873626] x86/mm: Memory block size: 128MB
[    0.882316] Running RCU synchronous self tests
[    0.883707] Running RCU synchronous self tests
[    0.885094] clocksource: jiffies: mask: 0xffffffff max_cycles: 0xffffffff, max_idle_ns: 7645041785100000 ns
[    0.885504] futex hash table entries: 512 (order: 4, 65536 bytes, linear)
[    0.888301] pinctrl core: initialized pinctrl subsystem
[    0.890628] 
[    0.891127] *************************************************************
[    0.893140] **     NOTICE NOTICE NOTICE NOTICE NOTICE NOTICE NOTICE    **
[    0.893493] **                                                         **
[    0.895470] **  IOMMU DebugFS SUPPORT HAS BEEN ENABLED IN THIS KERNEL  **
[    0.897429] **                                                         **
[    0.897487] ** This means that this kernel is built to expose internal **
[    0.899438] ** IOMMU data structures, which may compromise security on **
[    0.901425] ** your system.                                            **
[    0.901489] **                                                         **
[    0.903477] ** If you see this message and you are not debugging the   **
[    0.905390] ** kernel, report this immediately to your vendor!         **
[    0.905490] **                                                         **
[    0.907426] **     NOTICE NOTICE NOTICE NOTICE NOTICE NOTICE NOTICE    **
[    0.909380] *************************************************************
[    0.909708] PM: RTC time: 20:04:02, date: 2023-03-19
[    0.919862] NET: Registered PF_NETLINK/PF_ROUTE protocol family
[    0.922546] DMA: preallocated 256 KiB GFP_KERNEL pool for atomic allocations
[    0.924613] DMA: preallocated 256 KiB GFP_KERNEL|GFP_DMA pool for atomic allocations
[    0.925780] DMA: preallocated 256 KiB GFP_KERNEL|GFP_DMA32 pool for atomic allocations
[    0.925951] Callback from call_rcu_tasks_rude() invoked.
[    0.928219] audit: initializing netlink subsys (disabled)
[    0.929622] audit: type=2000 audit(1679256243.429:1): state=initialized audit_enabled=0 res=1
[    0.931388] thermal_sys: Registered thermal governor 'fair_share'
[    0.932139] thermal_sys: Registered thermal governor 'bang_bang'
[    0.933474] thermal_sys: Registered thermal governor 'step_wise'
[    0.933474] thermal_sys: Registered thermal governor 'user_space'
[    0.933686] cpuidle: using governor ladder
[    0.936208] cpuidle: using governor menu
[    0.937962] acpiphp: ACPI Hot Plug PCI Controller Driver version: 0.5
[    0.954466] PCI: Using configuration type 1 for base access
[    0.958126] kprobes: kprobe jump-optimization is enabled. All kprobes are optimized if possible.
[    0.962784] HugeTLB: registered 1.00 GiB page size, pre-allocated 0 pages
[    0.965497] HugeTLB: 16380 KiB vmemmap can be freed for a 1.00 GiB page
[    0.967427] HugeTLB: registered 2.00 MiB page size, pre-allocated 0 pages
[    0.969378] HugeTLB: 28 KiB vmemmap can be freed for a 2.00 MiB page
[    1.373475] Callback from call_rcu_tasks() invoked.
[    1.383980] ACPI: Added _OSI(Module Device)
[    1.385099] ACPI: Added _OSI(Processor Device)
[    1.385503] ACPI: Added _OSI(3.0 _SCP Extensions)
[    1.386685] ACPI: Added _OSI(Processor Aggregator Device)
[    1.400453] ACPI: 1 ACPI AML tables successfully acquired and loaded
[    4.969074] ACPI: Interpreter enabled
[    4.969669] ACPI: PM: (supports S0 S3 S4 S5)
[    4.970752] ACPI: Using IOAPIC for interrupt routing
[    4.972122] PCI: Using host bridge windows from ACPI; if necessary, use "pci=nocrs" and report a bug
[    4.977494] PCI: Using E820 reservations for host bridge windows
[    4.980698] ACPI: Enabled 2 GPEs in block 00 to 0F
[    5.021311] ACPI: PCI Root Bridge [PCI0] (domain 0000 [bus 00-ff])
[    5.021524] acpi PNP0A03:00: _OSC: OS supports [ASPM ClockPM Segments MSI EDR HPX-Type3]
[    5.023537] acpi PNP0A03:00: _OSC: not requesting OS control; OS requires [ExtendedConfig ASPM ClockPM MSI]
[    5.025645] acpi PNP0A03:00: fail to add MMCONFIG information, can't access extended configuration space under this bridge
[    5.034195] acpiphp: Slot [3] registered
[    5.035360] acpiphp: Slot [4] registered
[    5.036507] acpiphp: Slot [5] registered
[    5.037649] acpiphp: Slot [6] registered
[    5.038819] acpiphp: Slot [7] registered
[    5.039970] acpiphp: Slot [8] registered
[    5.041121] acpiphp: Slot [9] registered
[    5.041650] acpiphp: Slot [10] registered
[    5.042815] acpiphp: Slot [11] registered
[    5.043987] acpiphp: Slot [12] registered
[    5.045185] acpiphp: Slot [13] registered
[    5.049665] acpiphp: Slot [14] registered
[    5.050834] acpiphp: Slot [15] registered
[    5.052010] acpiphp: Slot [16] registered
[    5.053192] acpiphp: Slot [17] registered
[    5.053649] acpiphp: Slot [18] registered
[    5.054834] acpiphp: Slot [19] registered
[    5.056005] acpiphp: Slot [20] registered
[    5.057173] acpiphp: Slot [21] registered
[    5.057648] acpiphp: Slot [22] registered
[    5.058825] acpiphp: Slot [23] registered
[    5.059986] acpiphp: Slot [24] registered
[    5.061160] acpiphp: Slot [25] registered
[    5.061647] acpiphp: Slot [26] registered
[    5.062808] acpiphp: Slot [27] registered
[    5.063972] acpiphp: Slot [28] registered
[    5.065133] acpiphp: Slot [29] registered
[    5.065647] acpiphp: Slot [30] registered
[    5.066816] acpiphp: Slot [31] registered
[    5.067891] PCI host bridge to bus 0000:00
[    5.068936] pci_bus 0000:00: root bus resource [io  0x0000-0x0cf7 window]
[    5.069527] pci_bus 0000:00: root bus resource [io  0x0d00-0xffff window]
[    5.071221] pci_bus 0000:00: root bus resource [mem 0x000a0000-0x000bffff window]
[    5.073090] pci_bus 0000:00: root bus resource [mem 0x80000000-0xfebfffff window]
[    5.077495] pci_bus 0000:00: root bus resource [mem 0x100000000-0x17fffffff window]
[    5.079801] pci_bus 0000:00: root bus resource [bus 00-ff]
[    5.081783] pci 0000:00:00.0: [8086:1237] type 00 class 0x060000
[    5.088780] pci 0000:00:01.0: [8086:7000] type 00 class 0x060100
[    5.091278] pci 0000:00:01.1: [8086:7010] type 00 class 0x010180
[    5.095968] pci 0000:00:01.1: reg 0x20: [io  0xc040-0xc04f]
[    5.098631] pci 0000:00:01.1: legacy IDE quirk: reg 0x10: [io  0x01f0-0x01f7]
[    5.100604] pci 0000:00:01.1: legacy IDE quirk: reg 0x14: [io  0x03f6]
[    5.101492] pci 0000:00:01.1: legacy IDE quirk: reg 0x18: [io  0x0170-0x0177]
[    5.104092] pci 0000:00:01.1: legacy IDE quirk: reg 0x1c: [io  0x0376]
[    5.106109] pci 0000:00:01.3: [8086:7113] type 00 class 0x068000
[    5.108888] pci 0000:00:01.3: quirk: [io  0x0600-0x063f] claimed by PIIX4 ACPI
[    5.109520] pci 0000:00:01.3: quirk: [io  0x0700-0x070f] claimed by PIIX4 SMB
[    5.112228] pci 0000:00:02.0: [1234:1111] type 00 class 0x030000
[    5.121677] pci 0000:00:02.0: reg 0x10: [mem 0xfd000000-0xfdffffff pref]
[    5.127758] pci 0000:00:02.0: reg 0x18: [mem 0xfebf0000-0xfebf0fff]
[    5.136687] pci 0000:00:02.0: reg 0x30: [mem 0xfebe0000-0xfebeffff pref]
[    5.138094] pci 0000:00:02.0: Video device with shadowed ROM at [mem 0x000c0000-0x000dffff]
[    5.146027] pci 0000:00:03.0: [8086:100e] type 00 class 0x020000
[    5.149444] pci 0000:00:03.0: reg 0x10: [mem 0xfebc0000-0xfebdffff]
[    5.154465] pci 0000:00:03.0: reg 0x14: [io  0xc000-0xc03f]
[    5.160569] pci 0000:00:03.0: reg 0x30: [mem 0xfeb80000-0xfebbffff pref]
[    5.215743] ACPI: PCI: Interrupt link LNKA configured for IRQ 10
[    5.218089] ACPI: PCI: Interrupt link LNKB configured for IRQ 10
[    5.220567] ACPI: PCI: Interrupt link LNKC configured for IRQ 11
[    5.222047] ACPI: PCI: Interrupt link LNKD configured for IRQ 11
[    5.224058] ACPI: PCI: Interrupt link LNKS configured for IRQ 9
[    5.230256] iommu: Default domain type: Translated 
[    5.230851] iommu: DMA domain TLB invalidation policy: lazy mode 
[    5.236670] SCSI subsystem initialized
[    5.238020] ACPI: bus type USB registered
[    5.238020] usbcore: registered new interface driver usbfs
[    5.239207] usbcore: registered new interface driver hub
[    5.240815] usbcore: registered new device driver usb
[    5.241741] pps_core: LinuxPPS API ver. 1 registered
[    5.243117] pps_core: Software ver. 5.3.6 - Copyright 2005-2007 Rodolfo Giometti <giometti@linux.it>
[    5.245528] PTP clock support registered
[    5.249736] EDAC MC: Ver: 3.0.0
[    5.256198] NetLabel: Initializing
[    5.257039] NetLabel:  domain hash size = 128
[    5.257493] NetLabel:  protocols = UNLABELED CIPSOv4 CALIPSO
[    5.258997] NetLabel:  unlabeled traffic allowed by default
[    5.260668] PCI: Using ACPI for IRQ routing
[    5.263032] pci 0000:00:02.0: vgaarb: setting as boot VGA device
[    5.263036] pci 0000:00:02.0: vgaarb: bridge control possible
[    5.264367] pci 0000:00:02.0: vgaarb: VGA device added: decodes=io+mem,owns=io+mem,locks=none
[    5.265507] vgaarb: loaded
[    5.267187] hpet0: at MMIO 0xfed00000, IRQs 2, 8, 0
[    5.268899] hpet0: 3 comparators, 64-bit 100.000000 MHz counter
[    5.275212] clocksource: Switched to clocksource kvm-clock
[    5.289174] VFS: Disk quotas dquot_6.6.0
[    5.290597] VFS: Dquot-cache hash table entries: 512 (order 0, 4096 bytes)
[    5.293357] pnp: PnP ACPI init
[    5.297062] pnp: PnP ACPI: found 6 devices
[    5.311663] clocksource: acpi_pm: mask: 0xffffff max_cycles: 0xffffff, max_idle_ns: 2085701024 ns
[    5.315057] NET: Registered PF_INET protocol family
[    5.316863] IP idents hash table entries: 32768 (order: 6, 262144 bytes, linear)
[    5.320825] tcp_listen_portaddr_hash hash table entries: 1024 (order: 4, 73728 bytes, linear)
[    5.323307] Table-perturb hash table entries: 65536 (order: 6, 262144 bytes, linear)
[    5.325456] TCP established hash table entries: 16384 (order: 5, 131072 bytes, linear)
[    5.328059] TCP bind hash table entries: 16384 (order: 9, 2359296 bytes, linear)
[    5.354659] TCP: Hash tables configured (established 16384 bind 16384)
[    5.357398] UDP hash table entries: 1024 (order: 5, 163840 bytes, linear)
[    5.359899] UDP-Lite hash table entries: 1024 (order: 5, 163840 bytes, linear)
[    5.362734] NET: Registered PF_UNIX/PF_LOCAL protocol family
[    5.365419] RPC: Registered named UNIX socket transport module.
[    5.367264] RPC: Registered udp transport module.
[    5.368694] RPC: Registered tcp transport module.
[    5.370143] RPC: Registered tcp NFSv4.1 backchannel transport module.
[    5.372240] pci_bus 0000:00: resource 4 [io  0x0000-0x0cf7 window]
[    5.374112] pci_bus 0000:00: resource 5 [io  0x0d00-0xffff window]
[    5.375969] pci_bus 0000:00: resource 6 [mem 0x000a0000-0x000bffff window]
[    5.378008] pci_bus 0000:00: resource 7 [mem 0x80000000-0xfebfffff window]
[    5.379979] pci_bus 0000:00: resource 8 [mem 0x100000000-0x17fffffff window]
[    5.382352] pci 0000:00:01.0: PIIX3: Enabling Passive Release
[    5.383997] pci 0000:00:00.0: Limiting direct PCI/PCI transfers
[    5.385922] PCI: CLS 0 bytes, default 64
[    5.387886] ACPI: bus type thunderbolt registered
[    5.389916] clocksource: tsc: mask: 0xffffffffffffffff max_cycles: 0xb9fb05486c, max_idle_ns: 440795231721 ns
[    5.570454] Initialise system trusted keyrings
[    5.571917] Key type blacklist registered
[    5.573654] workingset: timestamp_bits=36 max_order=19 bucket_order=0
[    5.575535] zbud: loaded
[    5.577416] squashfs: version 4.0 (2009/01/31) Phillip Lougher
[    5.580969] NFS: Registering the id_resolver key type
[    5.582511] Key type id_resolver registered
[    5.583647] Key type id_legacy registered
[    5.584798] nfs4filelayout_init: NFSv4 File Layout Driver Registering...
[    5.586705] nfs4flexfilelayout_init: NFSv4 Flexfile Layout Driver Registering...
[    5.588918] fuse: init (API version 7.38)
[    5.590281] SGI XFS with ACLs, security attributes, realtime, quota, no debug enabled
[    5.593643] 9p: Installing v9fs 9p2000 file system support
[    5.604849] Key type asymmetric registered
[    5.606063] Asymmetric key parser 'x509' registered
[    5.607596] Block layer SCSI generic (bsg) driver version 0.4 loaded (major 243)
[    5.610347] io scheduler mq-deadline registered
[    5.611721] io scheduler bfq registered
[    5.613952] shpchp: Standard Hot Plug PCI Controller Driver version: 0.4
[    5.616535] IPMI message handler: version 39.2
[    5.617834] ipmi device interface
[    5.621718] input: Power Button as /devices/LNXSYSTM:00/LNXPWRBN:00/input/input0
[    5.624533] ACPI: button: Power Button [PWRF]
[    5.627910] ERST DBG: ERST support is disabled.
[    5.630788] Serial: 8250/16550 driver, 32 ports, IRQ sharing enabled
[    5.634106] 00:04: ttyS0 at I/O 0x3f8 (irq = 4, base_baud = 115200) is a 16550A
[    5.650269] Linux agpgart interface v0.103
[    5.652843] ACPI: bus type drm_connector registered
[    5.674314] brd: module loaded
[    5.688718] loop: module loaded
[    5.701524] scsi host0: ata_piix
[    5.703689] scsi host1: ata_piix
[    5.704906] ata1: PATA max MWDMA2 cmd 0x1f0 ctl 0x3f6 bmdma 0xc040 irq 14
[    5.706836] ata2: PATA max MWDMA2 cmd 0x170 ctl 0x376 bmdma 0xc048 irq 15
[    5.711836] tun: Universal TUN/TAP device driver, 1.6
[    5.713569] e100: Intel(R) PRO/100 Network Driver
[    5.714687] e100: Copyright(c) 1999-2006 Intel Corporation
[    5.716030] e1000: Intel(R) PRO/1000 Network Driver
[    5.717151] e1000: Copyright (c) 1999-2006 Intel Corporation.
[    5.870118] ata1: found unknown device (class 0)
[    5.873126] ata1.00: ATA-7: QEMU HARDDISK, 2.5+, max UDMA/100
[    5.875098] ata1.00: 16777216 sectors, multi 16: LBA48 
[    5.877715] ata2: found unknown device (class 0)
[    5.880050] ata2.00: ATAPI: QEMU DVD-ROM, 2.5+, max UDMA/100
[    5.883562] scsi 0:0:0:0: Direct-Access     ATA      QEMU HARDDISK    2.5+ PQ: 0 ANSI: 5
[    5.887372] scsi 0:0:0:0: Attached scsi generic sg0 type 0
[    5.890133] scsi 1:0:0:0: CD-ROM            QEMU     QEMU DVD-ROM     2.5+ PQ: 0 ANSI: 5
[    5.890177] sd 0:0:0:0: [sda] 16777216 512-byte logical blocks: (8.59 GB/8.00 GiB)
[    5.895450] sd 0:0:0:0: [sda] Write Protect is off
[    5.896981] sd 0:0:0:0: [sda] Write cache: enabled, read cache: enabled, doesn't support DPO or FUA
[    5.899675] sd 0:0:0:0: [sda] Preferred minimum I/O size 512 bytes
[    5.911185] scsi 1:0:0:0: Attached scsi generic sg1 type 5
[    5.920751] sd 0:0:0:0: [sda] Attached SCSI disk
[    6.027732] ACPI: \_SB_.LNKC: Enabled at IRQ 11
[    6.431888] e1000 0000:00:03.0 eth0: (PCI:33MHz:32-bit) 52:54:00:12:34:56
[    6.433878] e1000 0000:00:03.0 eth0: Intel(R) PRO/1000 Network Connection
[    6.435921] e1000e: Intel(R) PRO/1000 Network Driver
[    6.437285] e1000e: Copyright(c) 1999 - 2015 Intel Corporation.
[    6.439026] igb: Intel(R) Gigabit Ethernet Network Driver
[    6.440501] igb: Copyright (c) 2007-2014 Intel Corporation.
[    6.442207] PPP generic driver version 2.4.2
[    6.444931] VFIO - User Level meta-driver version: 0.3
[    6.447651] usbcore: registered new interface driver uas
[    6.449272] usbcore: registered new interface driver usb-storage
[    6.451326] i8042: PNP: PS/2 Controller [PNP0303:KBD,PNP0f13:MOU] at 0x60,0x64 irq 1,12
[    6.455593] serio: i8042 KBD port at 0x60,0x64 irq 1
[    6.457079] serio: i8042 AUX port at 0x60,0x64 irq 12
[    6.460212] mousedev: PS/2 mouse device common for all mice
[    6.463668] input: AT Translated Set 2 keyboard as /devices/platform/i8042/serio0/input/input1
[    6.466238] rtc_cmos 00:05: RTC can wake from S4
[    6.469743] input: VirtualPS/2 VMware VMMouse as /devices/platform/i8042/serio1/input/input4
[    6.470675] rtc_cmos 00:05: registered as rtc0
[    6.473625] rtc_cmos 00:05: setting system clock to 2023-03-19T20:04:08 UTC (1679256248)
[    6.476321] input: VirtualPS/2 VMware VMMouse as /devices/platform/i8042/serio1/input/input3
[    6.476392] rtc_cmos 00:05: alarms up to one day, y3k, 242 bytes nvram, hpet irqs
[    6.480715] i2c_dev: i2c /dev entries driver
[    6.482289] device-mapper: core: CONFIG_IMA_DISABLE_HTABLE is disabled. Duplicate IMA measurements will not be recorded in the IMA log.
[    6.485357] device-mapper: uevent: version 1.0.3
[    6.487117] device-mapper: ioctl: 4.47.0-ioctl (2022-07-28) initialised: dm-devel@redhat.com
[    6.489169] intel_pstate: CPU model not supported
[    6.490683] sdhci: Secure Digital Host Controller Interface driver
[    6.492176] sdhci: Copyright(c) Pierre Ossman
[    6.493441] sdhci-pltfm: SDHCI platform and OF driver helper
[    6.495108] ledtrig-cpu: registered to indicate activity on CPUs
[    6.497720] drop_monitor: Initializing network drop monitor service
[    6.499787] NET: Registered PF_INET6 protocol family
[    6.509182] Segment Routing with IPv6
[    6.510253] In-situ OAM (IOAM) with IPv6
[    6.511372] NET: Registered PF_PACKET protocol family
[    6.513093] 9pnet: Installing 9P2000 support
[    6.514419] Key type dns_resolver registered
[    6.517746] IPI shorthand broadcast: enabled
[    6.549402] sched_clock: Marking stable (6088023522, 457474318)->(6647445252, -101947412)
[    6.553074] registered taskstats version 1
[    6.554880] Loading compiled-in X.509 certificates
[    6.558054] zswap: loaded using pool lzo/zbud
[    6.582729] Key type .fscrypt registered
[    6.583870] Key type fscrypt-provisioning registered
[    6.589031] Key type encrypted registered
[    6.590434] ima: No TPM chip found, activating TPM-bypass!
[    6.591998] ima: Allocated hash algorithm: sha1
[    6.593336] ima: No architecture policies found
[    6.594860] evm: Initialising EVM extended attributes:
[    6.596280] evm: security.selinux
[    6.597209] evm: security.SMACK64
[    6.598213] evm: security.SMACK64EXEC
[    6.599235] evm: security.SMACK64TRANSMUTE
[    6.600375] evm: security.SMACK64MMAP
[    6.601405] evm: security.apparmor
[    6.602414] evm: security.ima
[    6.603252] evm: security.capability
[    6.604248] evm: HMAC attrs: 0x1
[    6.608042] PM:   Magic number: 15:45:94
[    6.610269] RAS: Correctable Errors collector initialized.
[    6.614095] md: Waiting for all devices to be available before autodetect
[    6.615381] md: If you don't use raid, use raid=noautodetect
[    6.616461] md: Autodetecting RAID arrays.
[    6.617252] md: autorun ...
[    6.617821] md: ... autorun DONE.
[    6.636567] EXT4-fs (sda): mounted filesystem 23a53bb9-f815-47a5-b74c-5e08f7731193 with ordered data mode. Quota mode: none.
[    6.638714] VFS: Mounted root (ext4 filesystem) readonly on device 8:0.
[    6.643906] devtmpfs: mounted
[    6.654410] Freeing unused decrypted memory: 2036K
[    6.671462] Freeing unused kernel image (initmem) memory: 10508K
[    6.672615] Write protecting the kernel read-only data: 47104k
[    6.677257] Freeing unused kernel image (rodata/data gap) memory: 392K
[    6.862604] x86/mm: Checked W+X mappings: passed, no W+X pages found.
[    6.863928] Run /sbin/init as init process
[    7.093670] systemd[1]: RTC configured in localtime, applying delta of 0 minutes to system time.
[    7.149055] systemd[1]: systemd 239 (239-49.el8) running in system mode. (+PAM +AUDIT +SELINUX +IMA -APPARMOR +SMACK +SYSVINIT +UTMP +LIBCRYPTSETUP +GCRYPT +GNUTLS +ACL +XZ +LZ4 +SECCOMP +BLKID +ELFUTILS +KMOD +IDN2 -IDN +PCRE2 default-hierarchy=legacy)
[    7.153855] systemd[1]: Detected virtualization kvm.
[    7.154861] systemd[1]: Detected architecture x86-64.

Welcome to [0;31mCentOS Stream 8[0m!

[    7.234104] systemd[1]: Set hostname to <test>.
[    7.724017] systemd[1]: Created slice system-sshd\x2dkeygen.slice.
[[0;32m  OK  [0m] Created slice system-sshd\x2dkeygen.slice.
[    7.727756] systemd[1]: Listening on multipathd control socket.
[[0;32m  OK  [0m] Listening on multipathd control socket.
[    7.730318] systemd[1]: Reached target Swap.
[[0;32m  OK  [0m] Reached target Swap.
[    7.733777] systemd[1]: Created slice User and Session Slice.
[[0;32m  OK  [0m] Created slice User and Session Slice.
[    7.736841] systemd[1]: Listening on LVM2 poll daemon socket.
[[0;32m  OK  [0m] Listening on LVM2 poll daemon socket.
[    7.739540] systemd[1]: Listening on initctl Compatibility Named Pipe.
[[0;32m  OK  [0m] Listening on initctl Compatibility Named Pipe.
[[0;32m  OK  [0m] Listening on Journal Socket (/dev/log).
[[0;32m  OK  [0m] Set up automount Arbitrary Executabâ€¦rmats File System Automount Point.
[[0;32m  OK  [0m] Created slice system-getty.slice.
[[0;32m  OK  [0m] Listening on Journal Socket.
         Mounting Huge Pages File System...
         Starting Setup Virtual Console...
         Starting Remount Root and Kernel File Systems...
         Starting Journal Service...
[[0;32m  OK  [0m] Listening on RPCbind Server Activation Socket.
[[0;32m  OK  [0m] Reached target RPC Port Mapper.
[[0;32m  OK  [0m] Listening on udev Control Socket.
         Mounting Kernel Debug File System...
[[0;32m  OK  [0m] Listening on udev Kernel Socket.
[[0;32m  OK  [0m] Listening on Process Core Dump Socket.
         Mounting POSIX Message Queue File System...
[[0;32m  OK  [0m] Started Forward Password Requests to Wall Directory Watch.
[[0;32m  OK  [0m] Created slice system-serial\x2dgetty.slice.
[    8.198083] EXT4-fs (sda): re-mounted 23a53bb9-f815-47a5-b74c-5e08f7731193. Quota mode: none.
         Starting Load Kernel Modules...
[[0;32m  OK  [0m] Reached target Slices.
         Starting udev Coldplug all Devices...
[[0;32m  OK  [0m] Listening on Device-mapper event daemon FIFOs.
         Starting Monitoring of LVM2 mirrorsâ€¦ng dmeventd or progress polling...
[[0;32m  OK  [0m] Started Journal Service.
[[0;32m  OK  [0m] Mounted Huge Pages File System.
[[0;32m  OK  [0m] Started Remount Root and Kernel File Systems.
[[0;32m  OK  [0m] Started Setup Virtual Console.
[[0;32m  OK  [0m] Mounted Kernel Debug File System.
[[0;32m  OK  [0m] Mounted POSIX Message Queue File System.
[[0;1;31mFAILED[0m] Failed to start Load Kernel Modules.
See 'systemctl status systemd-modules-load.service' for details.
         Starting Apply Kernel Variables...
         Mounting Kernel Configuration File System...
         Mounting FUSE Control File System...
         Starting Create Static Device Nodes in /dev...
         Starting Load/Save Random Seed...
         Starting Flush Journal to Persistent Storage...
[[0;32m  OK  [0m] Started Apply Kernel Variables.
[[0;32m  OK  [0m] Mounted Kernel Configuration File System.
[[0;32m  OK  [0m] Mounted FUSE Control File System.
[[0;32m  OK  [0m] Started Load/Save Random Seed.
[[0;32m  OK  [0m] Started Create Static Device Nodes in /dev.
         Starting udev Kernel Device Manager...
[[0;32m  OK  [0m] Started Flush Journal to Persistent Storage.
[[0;32m  OK  [0m] Started udev Coldplug all Devices.
         Starting udev Wait for Complete Device Initialization...
[[0;32m  OK  [0m] Started udev Kernel Device Manager.
         Starting Show Plymouth Boot Screen...
[[0;32m  OK  [0m] Started Show Plymouth Boot Screen.
[[0;32m  OK  [0m] Started Forward Password Requests to Plymouth Directory Watch.
[[0;32m  OK  [0m] Reached target Paths.
[[0;32m  OK  [0m] Reached target Local Encrypted Volumes.
[[0;32m  OK  [0m] Found device /dev/ttyS0.
[[0;32m  OK  [0m] Started Monitoring of LVM2 mirrors,â€¦sing dmeventd or progress polling.
[[0;32m  OK  [0m] Listening on Load/Save RF Kill Switch Status /dev/rfkill Watch.
[[0;32m  OK  [0m] Started udev Wait for Complete Device Initialization.
[[0;32m  OK  [0m] Reached target Local File Systems (Pre).
[[0;32m  OK  [0m] Reached target Local File Systems.
         Starting Restore /run/initramfs on shutdown...
         Starting Create Volatile Files and Directories...
         Starting Tell Plymouth To Write Out Runtime Data...
[[0;32m  OK  [0m] Started Restore /run/initramfs on shutdown.
[[0;32m  OK  [0m] Started Create Volatile Files and Directories.
[[0;32m  OK  [0m] Started Tell Plymouth To Write Out Runtime Data.
         Mounting RPC Pipe File System...
         Starting RPC Bind...
         Starting Security Auditing Service...
[[0;32m  OK  [0m] Mounted RPC Pipe File System.
[[0;32m  OK  [0m] Reached target rpc_pipefs.target.
[[0;32m  OK  [0m] Started RPC Bind.
[[0;32m  OK  [0m] Started Security Auditing Service.
         Starting Update UTMP about System Boot/Shutdown...
[[0;32m  OK  [0m] Started Update UTMP about System Boot/Shutdown.
[[0;32m  OK  [0m] Reached target System Initialization.
[[0;32m  OK  [0m] Listening on D-Bus System Message Bus Socket.
[[0;32m  OK  [0m] Started daily update of the root trust anchor for DNSSEC.
[[0;32m  OK  [0m] Started dnf makecache --timer.
[[0;32m  OK  [0m] Listening on SSSD Kerberos Cache Manager responder socket.
[[0;32m  OK  [0m] Reached target Sockets.
[[0;32m  OK  [0m] Reached target Basic System.
[[0;32m  OK  [0m] Started D-Bus System Message Bus.
[[0;32m  OK  [0m] Started irqbalance daemon.
         Starting Network Manager...
         Starting Login Service...
         Starting Auto-connect to subsystemsâ€¦-NVME devices found during boot...
         Starting Self Monitoring and Reporting Technology (SMART) Daemon...
[[0;32m  OK  [0m] Started Machine Check Exception Logging Daemon.
         Starting Authorization Manager...
         Starting NTP client/server...
[[0;32m  OK  [0m] Reached target sshd-keygen.target.
[[0;32m  OK  [0m] Started Daily Cleanup of Temporary Directories.
[[0;32m  OK  [0m] Reached target Timers.
[[0;32m  OK  [0m] Started Auto-connect to subsystems â€¦FC-NVME devices found during boot.
         Starting update of the root trust aâ€¦or DNSSEC validation in unbound...
[[0;32m  OK  [0m] Started Self Monitoring and Reporting Technology (SMART) Daemon.
[[0;32m  OK  [0m] Started Login Service.
[[0;32m  OK  [0m] Started Network Manager.
         Starting Network Manager Wait Online...
[[0;32m  OK  [0m] Reached target Network.
         Starting GSSAPI Proxy Daemon...
         Starting OpenSSH server daemon...
         Starting Dynamic System Tuning Daemon...
         Starting Hostname Service...
[[0;32m  OK  [0m] Started NTP client/server.
[[0;32m  OK  [0m] Started GSSAPI Proxy Daemon.
[[0;32m  OK  [0m] Reached target NFS client services.
[[0;32m  OK  [0m] Reached target Remote File Systems (Pre).
[[0;32m  OK  [0m] Reached target Remote File Systems.
         Starting Permit User Sessions...
[[0;32m  OK  [0m] Started OpenSSH server daemon.
[[0;32m  OK  [0m] Started update of the root trust anâ€¦ for DNSSEC validation in unbound.
[[0;32m  OK  [0m] Started Permit User Sessions.
[[0;32m  OK  [0m] Started Authorization Manager.
         Starting Hold until boot process finishes up...
[[0;32m  OK  [0m] Started Command Scheduler.
         Starting Terminate Plymouth Boot Screen...
[   12.569853] e1000: eth0 NIC Link is Up 1000 Mbps Full Duplex, Flow Control: RX
[   12.572359] IPv6: ADDRCONF(NETDEV_CHANGE): eth0: link becomes ready
[   13.130281] Spectre V2 : WARNING: Unprivileged eBPF is enabled with eIBRS on, data leaks possible via Spectre v2 BHB attacks!
[   13.132990] Spectre V2 : WARNING: Unprivileged eBPF is enabled with eIBRS on, data leaks possible via Spectre v2 BHB attacks!

CentOS Stream 8
Kernel 6.3.0-rc1-80a6c216b16d+ on an x86_64

test login: [   24.256116] memfd_create() without MFD_EXEC nor MFD_NOEXEC_SEAL, pid=328 'systemd'
[   30.127580] loop0: detected capacity change from 0 to 65536
[   30.133214] XFS (loop0): Mounting V5 Filesystem d6f69dbd-8c5d-46be-b88e-92c0ae88ceb2
[   30.151538] XFS (loop0): Ending clean mount
[   30.154572] XFS (loop0): Quotacheck needed: Please wait.
[   30.162598] XFS (loop0): Quotacheck: Done.
[   30.254301] XFS (loop0): Metadata CRC error detected at xfs_agf_read_verify+0x10e/0x140, xfs_agf block 0x8001 
[   30.255834] XFS (loop0): Unmount and run xfs_repair
[   30.256515] XFS (loop0): First 128 bytes of corrupted metadata buffer:
[   30.257405] 00000000: 58 41 47 46 00 00 00 01 00 00 00 01 00 00 40 00  XAGF..........@.
[   30.258543] 00000010: 00 00 00 02 00 00 00 03 00 00 00 00 00 00 00 01  ................
[   30.259622] 00000020: 00 00 00 01 00 00 00 00 00 00 00 01 00 00 00 04  ................
[   30.260701] 00000030: 00 00 00 04 00 00 3b 5f 00 00 3b 5c 00 00 00 00  ......;_..;\....
[   30.261817] 00000040: d6 f6 9d bd 8c 5d 46 be b8 8e 92 c0 ae 88 ce b2  .....]F.........
[   30.262902] 00000050: 00 00 00 00 00 00 00 00 00 00 00 00 00 00 00 00  ................
[   30.263976] 00000060: 00 00 00 00 00 00 00 00 00 00 00 00 00 00 00 00  ................
[   30.265041] 00000070: 00 00 00 00 00 00 00 00 00 00 00 00 00 00 00 00  ................
[   30.266732] XFS (loop0): metadata I/O error in "xfs_read_agf+0xd0/0x2c0" at daddr 0x8001 len 1 error 74
[   30.268589] XFS (loop0): page discard on page 00000000a70c3531, inode 0x46, pos 0.
[   30.297006] BUG: kernel NULL pointer dereference, address: 0000000000000010
[   30.298276] #PF: supervisor write access in kernel mode
[   30.299168] #PF: error_code(0x0002) - not-present page
[   30.300032] PGD 0 P4D 0 
[   30.300473] Oops: 0002 [#1] PREEMPT SMP NOPTI
[   30.301224] CPU: 0 PID: 32 Comm: kworker/u4:1 Not tainted 6.3.0-rc1-80a6c216b16d+ #1
[   30.302540] Hardware name: QEMU Standard PC (i440FX + PIIX, 1996), BIOS rel-1.16.0-0-gd239552ce722-prebuilt.qemu.org 04/01/2014
[   30.304440] Workqueue: writeback wb_workfn (flush-7:0)
[   30.305356] RIP: 0010:xfs_filestream_select_ag+0x5d5/0xce0
[   30.306313] Code: 80 ff 49 89 5d 18 be 08 00 00 00 bf 20 00 00 00 e8 80 f9 03 00 48 89 c3 48 85 c0 0f 84 3a 05 00 00 e8 5f 8b 80 ff 49 8b 45 18 <f0> ff 40 10 49 8b 45 18 48 8b 75 b8 48 89 da 48 89 43 18 48 8b 45
[   30.309349] RSP: 0018:ffffc900001174c0 EFLAGS: 00010246
[   30.310233] RAX: 0000000000000000 RBX: ffff8880139f9d20 RCX: 0000000000000000
[   30.311410] RDX: 0000000000000000 RSI: ffff8880079a0000 RDI: 0000000000000002
[   30.312478] RBP: ffffc90000117548 R08: ffffc90000117400 R09: 0000000000000000
[   30.313537] R10: 0000000000000000 R11: 0000000000000000 R12: 0000000000000000
[   30.314604] R13: ffffc90000117588 R14: 0000000000000001 R15: ffffc90000117708
[   30.315672] FS:  0000000000000000(0000) GS:ffff88807dc00000(0000) knlGS:0000000000000000
[   30.316861] CS:  0010 DS: 0000 ES: 0000 CR0: 0000000080050033
[   30.317726] CR2: 0000000000000010 CR3: 00000000093ac001 CR4: 0000000000770ef0
[   30.318807] PKRU: 55555554
[   30.319228] Call Trace:
[   30.319607]  <TASK>
[   30.319956]  xfs_bmap_btalloc+0x706/0xb90
[   30.320574]  ? user_exc_vmm_communication+0x48/0x60
[   30.321349]  xfs_bmapi_allocate+0x25b/0x5e0
[   30.321995]  ? __sanitizer_cov_trace_pc+0x25/0x60
[   30.322727]  xfs_bmapi_convert_delalloc+0x335/0x6c0
[   30.323469]  xfs_map_blocks+0x2ff/0x8a0
[   30.324063]  iomap_do_writepage+0x43f/0x1070
[   30.324734]  write_cache_pages+0x2b8/0x8a0
[   30.325373]  ? __pfx_iomap_do_writepage+0x10/0x10
[   30.326102]  ? __pfx_pv_native_set_debugreg+0xf/0x10
[   30.326855]  iomap_writepages+0x3e/0x80
[   30.327451]  xfs_vm_writepages+0x97/0xe0
[   30.328065]  ? __pfx_xfs_vm_writepages+0x10/0x10
[   30.328768]  do_writepages+0x10f/0x240
[   30.329345]  ? write_comp_data+0x2f/0x90
[   30.329968]  __writeback_single_inode+0x9f/0xb20
[   30.330671]  ? write_comp_data+0x2f/0x90
[   30.331274]  writeback_sb_inodes+0x301/0x8b0
[   30.331938]  wb_writeback+0x18b/0x7c0
[   30.332506]  ? __this_cpu_preempt_check+0x20/0x30
[   30.333226]  wb_workfn+0xc0/0xad0
[   30.333752]  ? __this_cpu_preempt_check+0x20/0x30
[   30.334475]  ? lock_is_held_type+0xe6/0x140
[   30.335112]  ? write_comp_data+0x2f/0x90
[   30.335717]  process_one_work+0x3b1/0x9e0
[   30.336344]  worker_thread+0x52/0x660
[   30.336910]  ? __pfx_worker_thread+0x10/0x10
[   30.337571]  kthread+0x161/0x1a0
[   30.338086]  ? __pfx_kthread+0x10/0x10
[   30.338663]  ret_from_fork+0x29/0x50
[   30.339237]  </TASK>
[   30.339582] Modules linked in:
[   30.340063] CR2: 0000000000000010
[   30.340574] ---[ end trace 0000000000000000 ]---
[   30.341272] RIP: 0010:xfs_filestream_select_ag+0x5d5/0xce0
[   30.342100] Code: 80 ff 49 89 5d 18 be 08 00 00 00 bf 20 00 00 00 e8 80 f9 03 00 48 89 c3 48 85 c0 0f 84 3a 05 00 00 e8 5f 8b 80 ff 49 8b 45 18 <f0> ff 40 10 49 8b 45 18 48 8b 75 b8 48 89 da 48 89 43 18 48 8b 45
[   30.344785] RSP: 0018:ffffc900001174c0 EFLAGS: 00010246
[   30.345571] RAX: 0000000000000000 RBX: ffff8880139f9d20 RCX: 0000000000000000
[   30.346633] RDX: 0000000000000000 RSI: ffff8880079a0000 RDI: 0000000000000002
[   30.347684] RBP: ffffc90000117548 R08: ffffc90000117400 R09: 0000000000000000
[   30.348732] R10: 0000000000000000 R11: 0000000000000000 R12: 0000000000000000
[   30.349783] R13: ffffc90000117588 R14: 0000000000000001 R15: ffffc90000117708
[   30.350839] FS:  0000000000000000(0000) GS:ffff88807dc00000(0000) knlGS:0000000000000000
[   30.352017] CS:  0010 DS: 0000 ES: 0000 CR0: 0000000080050033
[   30.352865] CR2: 0000000000000010 CR3: 00000000093ac001 CR4: 0000000000770ef0
[   30.353930] PKRU: 55555554
[   30.354346] note: kworker/u4:1[32] exited with irqs disabled
[   30.355300] ------------[ cut here ]------------
[   30.356115] WARNING: CPU: 0 PID: 32 at kernel/exit.c:814 do_exit+0xf68/0x1360
[   30.357398] Modules linked in:
[   30.358139] CPU: 0 PID: 32 Comm: kworker/u4:1 Tainted: G      D            6.3.0-rc1-80a6c216b16d+ #1
[   30.359597] Hardware name: QEMU Standard PC (i440FX + PIIX, 1996), BIOS rel-1.16.0-0-gd239552ce722-prebuilt.qemu.org 04/01/2014
[   30.361337] Workqueue: writeback wb_workfn (flush-7:0)
[   30.362214] RIP: 0010:do_exit+0xf68/0x1360
[   30.362878] Code: ff ff e8 db 7c 1b 00 4c 89 ee bf 05 06 00 00 e8 7e c1 01 00 e9 a7 f2 ff ff e8 c4 7c 1b 00 0f 0b e9 f8 f0 ff ff e8 b8 7c 1b 00 <0f> 0b e9 60 f1 ff ff e8 ac 7c 1b 00 48 89 df e8 04 fe 1a 00 e9 ec
[   30.365759] RSP: 0018:ffffc90000117eb0 EFLAGS: 00010246
[   30.366590] RAX: 0000000000000000 RBX: ffff8880079a0000 RCX: 0000000000000001
[   30.367705] RDX: 0000000000000000 RSI: ffff8880079a0000 RDI: 0000000000000002
[   30.368832] RBP: ffffc90000117f18 R08: 0000000000000000 R09: 0000000000000000
[   30.369979] R10: 34752f72656b726f R11: 776b203a65746f6e R12: 0000000000000000
[   30.371093] R13: 0000000000000009 R14: ffff8880073f5dc0 R15: ffff8880079abd40
[   30.372209] FS:  0000000000000000(0000) GS:ffff88807dc00000(0000) knlGS:0000000000000000
[   30.373498] CS:  0010 DS: 0000 ES: 0000 CR0: 0000000080050033
[   30.374431] CR2: 0000000000000010 CR3: 00000000093ac001 CR4: 0000000000770ef0
[   30.375563] PKRU: 55555554
[   30.376010] Call Trace:
[   30.376419]  <TASK>
[   30.376782]  ? write_comp_data+0x2f/0x90
[   30.377432]  make_task_dead+0x100/0x290
[   30.378102]  rewind_stack_and_make_dead+0x17/0x20
[   30.378880]  </TASK>
[   30.379258] irq event stamp: 218556
[   30.379830] hardirqs last  enabled at (218555): [<ffffffff821806ad>] get_random_u32+0x1dd/0x360
[   30.381236] hardirqs last disabled at (218556): [<ffffffff8300082e>] exc_page_fault+0x4e/0x500
[   30.382643] softirqs last  enabled at (211816): [<ffffffff83024a4c>] __do_softirq+0x31c/0x49c
[   30.384173] softirqs last disabled at (211787): [<ffffffff8112b5a4>] irq_exit_rcu+0xc4/0x100
[   30.385855] ---[ end trace 0000000000000000 ]---
