c[?7l[2J[0mSeaBIOS (version rel-1.16.0-0-gd239552ce722-prebuilt.qemu.org)


iPXE (http://ipxe.org) 00:03.0 CA00 PCI2.10 PnP PMM+7FF91000+7FEF1000 CA00
Press Ctrl-B to configure iPXE (PCI 00:03.0)...                                                                               


Booting from ROM...
c[?7l[2J[    0.000000] Linux version 6.2.0-8ca8d89b43ca+ (root@p-rpls01) (gcc (GCC) 8.5.0 20210514 (Red Hat 8.5.0-18), GNU ld version 2.36.1-2.el8) #1 SMP PREEMPT_DYNAMIC Wed Mar 15 10:39:54 CST 2023
[    0.000000] Command line: console=ttyS0 root=/dev/sda earlyprintk=serial net.ifnames=0
[    0.000000] KERNEL supported cpus:
[    0.000000]   Intel GenuineIntel
[    0.000000]   AMD AuthenticAMD
[    0.000000]   Hygon HygonGenuine
[    0.000000]   Centaur CentaurHauls
[    0.000000]   zhaoxin   Shanghai  
[    0.000000] x86/fpu: Supporting XSAVE feature 0x001: 'x87 floating point registers'
[    0.000000] x86/fpu: Supporting XSAVE feature 0x002: 'SSE registers'
[    0.000000] x86/fpu: Supporting XSAVE feature 0x004: 'AVX registers'
[    0.000000] x86/fpu: Supporting XSAVE feature 0x200: 'Protection Keys User registers'
[    0.000000] x86/fpu: xstate_offset[2]:  576, xstate_sizes[2]:  256
[    0.000000] x86/fpu: xstate_offset[9]:  832, xstate_sizes[9]:    8
[    0.000000] x86/fpu: Enabled xstate features 0x207, context size is 840 bytes, using 'compacted' format.
[    0.000000] signal: max sigframe size: 3632
[    0.000000] BIOS-provided physical RAM map:
[    0.000000] BIOS-e820: [mem 0x0000000000000000-0x000000000009fbff] usable
[    0.000000] BIOS-e820: [mem 0x000000000009fc00-0x000000000009ffff] reserved
[    0.000000] BIOS-e820: [mem 0x00000000000f0000-0x00000000000fffff] reserved
[    0.000000] BIOS-e820: [mem 0x0000000000100000-0x000000007ffdffff] usable
[    0.000000] BIOS-e820: [mem 0x000000007ffe0000-0x000000007fffffff] reserved
[    0.000000] BIOS-e820: [mem 0x00000000feffc000-0x00000000feffffff] reserved
[    0.000000] BIOS-e820: [mem 0x00000000fffc0000-0x00000000ffffffff] reserved
[    0.000000] printk: bootconsole [earlyser0] enabled
[    0.000000] NX (Execute Disable) protection: active
[    0.000000] SMBIOS 2.8 present.
[    0.000000] DMI: QEMU Standard PC (i440FX + PIIX, 1996), BIOS rel-1.16.0-0-gd239552ce722-prebuilt.qemu.org 04/01/2014
[    0.000000] Hypervisor detected: KVM
[    0.000000] kvm-clock: Using msrs 4b564d01 and 4b564d00
[    0.000010] kvm-clock: using sched offset of 1172412237 cycles
[    0.001326] clocksource: kvm-clock: mask: 0xffffffffffffffff max_cycles: 0x1cd42e4dffb, max_idle_ns: 881590591483 ns
[    0.004000] tsc: Detected 806.400 MHz processor
[    0.004000] last_pfn = 0x7ffe0 max_arch_pfn = 0x400000000
[    0.004000] x86/PAT: Configuration [0-7]: WB  WC  UC- UC  WB  WP  UC- WT  
[    0.004000] found SMP MP-table at [mem 0x000f5ba0-0x000f5baf]
[    0.004000] Using GB pages for direct mapping
[    0.004000] ACPI: Early table checksum verification disabled
[    0.004000] ACPI: RSDP 0x00000000000F59C0 000014 (v00 BOCHS )
[    0.004000] ACPI: RSDT 0x000000007FFE1951 000034 (v01 BOCHS  BXPC     00000001 BXPC 00000001)
[    0.004000] ACPI: FACP 0x000000007FFE17FD 000074 (v01 BOCHS  BXPC     00000001 BXPC 00000001)
[    0.004000] ACPI: DSDT 0x000000007FFE0040 0017BD (v01 BOCHS  BXPC     00000001 BXPC 00000001)
[    0.004000] ACPI: FACS 0x000000007FFE0000 000040
[    0.004000] ACPI: APIC 0x000000007FFE1871 000080 (v01 BOCHS  BXPC     00000001 BXPC 00000001)
[    0.004000] ACPI: HPET 0x000000007FFE18F1 000038 (v01 BOCHS  BXPC     00000001 BXPC 00000001)
[    0.004000] ACPI: WAET 0x000000007FFE1929 000028 (v01 BOCHS  BXPC     00000001 BXPC 00000001)
[    0.004000] ACPI: Reserving FACP table memory at [mem 0x7ffe17fd-0x7ffe1870]
[    0.004000] ACPI: Reserving DSDT table memory at [mem 0x7ffe0040-0x7ffe17fc]
[    0.004000] ACPI: Reserving FACS table memory at [mem 0x7ffe0000-0x7ffe003f]
[    0.004000] ACPI: Reserving APIC table memory at [mem 0x7ffe1871-0x7ffe18f0]
[    0.004000] ACPI: Reserving HPET table memory at [mem 0x7ffe18f1-0x7ffe1928]
[    0.004000] ACPI: Reserving WAET table memory at [mem 0x7ffe1929-0x7ffe1950]
[    0.004000] No NUMA configuration found
[    0.004000] Faking a node at [mem 0x0000000000000000-0x000000007ffdffff]
[    0.004000] NODE_DATA(0) allocated [mem 0x7ffb5000-0x7ffdffff]
[    0.004000] Zone ranges:
[    0.004000]   DMA      [mem 0x0000000000001000-0x0000000000ffffff]
[    0.004000]   DMA32    [mem 0x0000000001000000-0x000000007ffdffff]
[    0.004000]   Normal   empty
[    0.004000]   Device   empty
[    0.004000] Movable zone start for each node
[    0.004000] Early memory node ranges
[    0.004000]   node   0: [mem 0x0000000000001000-0x000000000009efff]
[    0.004000]   node   0: [mem 0x0000000000100000-0x000000007ffdffff]
[    0.004000] Initmem setup node 0 [mem 0x0000000000001000-0x000000007ffdffff]
[    0.004000] On node 0, zone DMA: 1 pages in unavailable ranges
[    0.004000] On node 0, zone DMA: 97 pages in unavailable ranges
[    0.004000] On node 0, zone DMA32: 32 pages in unavailable ranges
[    0.004000] ACPI: PM-Timer IO Port: 0x608
[    0.004000] ACPI: LAPIC_NMI (acpi_id[0xff] dfl dfl lint[0x1])
[    0.004000] IOAPIC[0]: apic_id 0, version 17, address 0xfec00000, GSI 0-23
[    0.004000] ACPI: INT_SRC_OVR (bus 0 bus_irq 0 global_irq 2 dfl dfl)
[    0.004000] ACPI: INT_SRC_OVR (bus 0 bus_irq 5 global_irq 5 high level)
[    0.004000] ACPI: INT_SRC_OVR (bus 0 bus_irq 9 global_irq 9 high level)
[    0.004000] ACPI: INT_SRC_OVR (bus 0 bus_irq 10 global_irq 10 high level)
[    0.004000] ACPI: INT_SRC_OVR (bus 0 bus_irq 11 global_irq 11 high level)
[    0.004000] ACPI: Using ACPI (MADT) for SMP configuration information
[    0.004000] ACPI: HPET id: 0x8086a201 base: 0xfed00000
[    0.004000] TSC deadline timer available
[    0.004000] smpboot: Allowing 2 CPUs, 0 hotplug CPUs
[    0.004000] kvm-guest: KVM setup pv remote TLB flush
[    0.004000] kvm-guest: setup PV sched yield
[    0.004000] PM: hibernation: Registered nosave memory: [mem 0x00000000-0x00000fff]
[    0.004000] PM: hibernation: Registered nosave memory: [mem 0x0009f000-0x0009ffff]
[    0.004000] PM: hibernation: Registered nosave memory: [mem 0x000a0000-0x000effff]
[    0.004000] PM: hibernation: Registered nosave memory: [mem 0x000f0000-0x000fffff]
[    0.004000] [mem 0x80000000-0xfeffbfff] available for PCI devices
[    0.004000] Booting paravirtualized kernel on KVM
[    0.004000] clocksource: refined-jiffies: mask: 0xffffffff max_cycles: 0xffffffff, max_idle_ns: 7645519600211568 ns
[    0.004000] setup_percpu: NR_CPUS:8192 nr_cpumask_bits:2 nr_cpu_ids:2 nr_node_ids:1
[    0.004000] percpu: Embedded 64 pages/cpu s225280 r8192 d28672 u1048576
[    0.004000] kvm-guest: PV spinlocks enabled
[    0.004000] PV qspinlock hash table entries: 256 (order: 0, 4096 bytes, linear)
[    0.004000] Fallback order for Node 0: 0 
[    0.004000] Built 1 zonelists, mobility grouping on.  Total pages: 515808
[    0.004000] Policy zone: DMA32
[    0.004000] Kernel command line: net.ifnames=0 console=ttyS0 root=/dev/sda earlyprintk=serial net.ifnames=0
[    0.004000] random: crng init done
[    0.004000] Dentry cache hash table entries: 262144 (order: 9, 2097152 bytes, linear)
[    0.004000] Inode-cache hash table entries: 131072 (order: 8, 1048576 bytes, linear)
[    0.004000] mem auto-init: stack:off, heap alloc:off, heap free:off
[    0.004000] Memory: 1966944K/2096632K available (34816K kernel code, 4558K rwdata, 9880K rodata, 10184K init, 32124K bss, 129432K reserved, 0K cma-reserved)
[    0.004000] SLUB: HWalign=64, Order=0-3, MinObjects=0, CPUs=2, Nodes=1
[    0.004000] kmemleak: Kernel memory leak detector disabled
[    0.004000] ftrace: allocating 68285 entries in 267 pages
[    0.004000] ftrace: allocated 267 pages with 4 groups
[    0.004000] Dynamic Preempt: voluntary
[    0.004000] Running RCU self tests
[    0.004000] rcu: Preemptible hierarchical RCU implementation.
[    0.004000] rcu: 	RCU lockdep checking is enabled.
[    0.004000] rcu: 	RCU restricting CPUs from NR_CPUS=8192 to nr_cpu_ids=2.
[    0.004000] 	Trampoline variant of Tasks RCU enabled.
[    0.004000] 	Rude variant of Tasks RCU enabled.
[    0.004000] 	Tracing variant of Tasks RCU enabled.
[    0.004000] rcu: RCU calculated value of scheduler-enlistment delay is 25 jiffies.
[    0.004000] rcu: Adjusting geometry for rcu_fanout_leaf=16, nr_cpu_ids=2
[    0.004000] NR_IRQS: 524544, nr_irqs: 440, preallocated irqs: 16
[    0.004000] rcu: srcu_init: Setting srcu_struct sizes based on contention.
[    0.004000] Console: colour VGA+ 80x25
[    0.004000] printk: console [ttyS0] enabled
[    0.004000] printk: console [ttyS0] enabled
[    0.004000] printk: bootconsole [earlyser0] disabled
[    0.004000] printk: bootconsole [earlyser0] disabled
[    0.004000] Lock dependency validator: Copyright (c) 2006 Red Hat, Inc., Ingo Molnar
[    0.004000] ... MAX_LOCKDEP_SUBCLASSES:  8
[    0.004000] ... MAX_LOCK_DEPTH:          48
[    0.004000] ... MAX_LOCKDEP_KEYS:        8192
[    0.004000] ... CLASSHASH_SIZE:          4096
[    0.004000] ... MAX_LOCKDEP_ENTRIES:     32768
[    0.004000] ... MAX_LOCKDEP_CHAINS:      65536
[    0.004000] ... CHAINHASH_SIZE:          32768
[    0.004000]  memory used by lock dependency info: 6365 kB
[    0.004000]  memory used for stack traces: 4224 kB
[    0.004000]  per task-struct memory footprint: 1920 bytes
[    0.004000] ACPI: Core revision 20221020
[    0.004000] clocksource: hpet: mask: 0xffffffff max_cycles: 0xffffffff, max_idle_ns: 19112604467 ns
[    0.004000] APIC: Switch to symmetric I/O mode setup
[    0.004000] x2apic enabled
[    0.004000] Switched APIC routing to physical x2apic.
[    0.004000] kvm-guest: setup PV IPIs
[    0.004000] ..TIMER: vector=0x30 apic1=0 pin1=2 apic2=-1 pin2=-1
[    0.004000] clocksource: tsc-early: mask: 0xffffffffffffffff max_cycles: 0xb9fb05486c, max_idle_ns: 440795231721 ns
[    0.546720] Calibrating delay loop (skipped) preset value.. 1612.80 BogoMIPS (lpj=3225600)
[    0.550691] pid_max: default: 32768 minimum: 301
[    0.552183] LSM: initializing lsm=capability,yama,integrity
[    0.554693] Yama: becoming mindful.
[    0.556180] Mount-cache hash table entries: 4096 (order: 3, 32768 bytes, linear)
[    0.558755] Mountpoint-cache hash table entries: 4096 (order: 3, 32768 bytes, linear)
[    0.564579] CPU0: Thermal monitoring enabled (TM1)
[    0.566989] x86/cpu: User Mode Instruction Prevention (UMIP) activated
[    0.572539] Last level iTLB entries: 4KB 0, 2MB 0, 4MB 0
[    0.574704] Last level dTLB entries: 4KB 0, 2MB 0, 4MB 0, 1GB 0
[    0.576670] Spectre V1 : Mitigation: usercopy/swapgs barriers and __user pointer sanitization
[    0.578721] Spectre V2 : WARNING: Unprivileged eBPF is enabled with eIBRS on, data leaks possible via Spectre v2 BHB attacks!
[    0.582697] Spectre V2 : Mitigation: Enhanced IBRS
[    0.584099] Spectre V2 : Spectre v2 / SpectreRSB mitigation: Filling RSB on context switch
[    0.586688] Spectre V2 : Spectre v2 / PBRSB-eIBRS: Retire a single CALL on VMEXIT
[    0.588852] Spectre V2 : mitigation: Enabling conditional Indirect Branch Prediction Barrier
[    0.590689] Speculative Store Bypass: Mitigation: Speculative Store Bypass disabled via prctl
[    0.593158] MMIO Stale Data: Unknown: No mitigations
[    0.813795] Freeing SMP alternatives memory: 56K
[    0.816209] smpboot: CPU0: Genuine Intel(R) 0000 (family: 0x6, model: 0xb7, stepping: 0x0)
[    0.818683] cblist_init_generic: Setting adjustable number of callback queues.
[    0.818700] cblist_init_generic: Setting shift to 1 and lim to 1.
[    0.820590] cblist_init_generic: Setting shift to 1 and lim to 1.
[    0.822488] cblist_init_generic: Setting shift to 1 and lim to 1.
[    0.822831] Running RCU-tasks wait API self tests
[    0.927042] Performance Events: Alderlake Hybrid events, full-width counters, Intel PMU driver.
[    0.931067] core: cpu_core PMU driver: 
[    0.932081] ... version:                2
[    0.933099] ... bit width:              48
[    0.934125] ... generic registers:      6
[    0.934699] ... value mask:             0000ffffffffffff
[    0.936012] ... max period:             00007fffffffffff
[    0.937315] ... fixed-purpose events:   3
[    0.938331] ... event mask:             0001000f0000003f
[    0.938749] Callback from call_rcu_tasks_trace() invoked.
[    0.940748] rcu: Hierarchical SRCU implementation.
[    0.941970] rcu: 	Max phase no-delay instances is 1000.
[    0.946683] unchecked MSR access error: WRMSR to 0x38f (tried to write 0x0001000f0000003f) at rIP: 0xffffffff810dd87c (native_write_msr+0xc/0x30)
[    0.946683] Call Trace:
[    0.946683]  <TASK>
[    0.946683]  __intel_pmu_enable_all.constprop.47+0xb5/0x140
[    0.946683]  intel_pmu_enable_all+0x1e/0x30
[    0.946683]  x86_pmu_enable+0x46d/0x5a0
[    0.946683]  ? write_comp_data+0x2f/0x90
[    0.946683]  perf_pmu_enable+0x53/0x70
[    0.946683]  ctx_resched+0x14d/0x1e0
[    0.946683]  __perf_install_in_context+0x2f7/0x450
[    0.946683]  ? lock_is_held_type+0xe6/0x140
[    0.946683]  ? __pfx_remote_function+0x10/0x10
[    0.946683]  remote_function+0x80/0xa0
[    0.946683]  ? __pfx_remote_function+0x10/0x10
[    0.946683]  generic_exec_single+0x124/0x190
[    0.946683]  smp_call_function_single+0x11c/0x240
[    0.946683]  ? __pfx_remote_function+0x10/0x10
[    0.946683]  ? __sanitizer_cov_trace_pc+0x25/0x60
[    0.946683]  ? write_comp_data+0x2f/0x90
[    0.946683]  perf_install_in_context+0x2d8/0x300
[    0.946683]  ? __pfx___perf_install_in_context+0x10/0x10
[    0.946683]  perf_event_create_kernel_counter+0x284/0x2b0
[    0.946683]  ? __pfx_watchdog_overflow_callback+0x10/0x10
[    0.946683]  hardlockup_detector_event_create+0x46/0xd0
[    0.946683]  hardlockup_detector_perf_init+0x18/0x66
[    0.946683]  watchdog_nmi_probe+0x17/0x1d
[    0.946683]  lockup_detector_init+0x40/0xaf
[    0.946683]  kernel_init_freeable+0x264/0x422
[    0.946683]  ? __pfx_kernel_init+0x10/0x10
[    0.946683]  kernel_init+0x24/0x1e0
[    0.946683]  ? __pfx_kernel_init+0x10/0x10
[    0.946683]  ret_from_fork+0x29/0x50
[    0.946683]  </TASK>
[    0.947297] smp: Bringing up secondary CPUs ...
[    0.949881] x86: Booting SMP configuration:
[    0.950712] .... node  #0, CPUs:      #1
[    0.951719] smp: Brought up 1 node, 2 CPUs
[    0.952922] smpboot: Max logical packages: 1
[    0.954709] smpboot: Total of 2 processors activated (3225.60 BogoMIPS)
[    0.966888] devtmpfs: initialized
[    0.968390] x86/mm: Memory block size: 128MB
[    0.975598] clocksource: jiffies: mask: 0xffffffff max_cycles: 0xffffffff, max_idle_ns: 7645041785100000 ns
[    0.978027] futex hash table entries: 512 (order: 4, 65536 bytes, linear)
[    0.979420] pinctrl core: initialized pinctrl subsystem
[    0.982135] 
[    0.982545] *************************************************************
[    0.982698] **     NOTICE NOTICE NOTICE NOTICE NOTICE NOTICE NOTICE    **
[    0.984366] **                                                         **
[    0.986026] **  IOMMU DebugFS SUPPORT HAS BEEN ENABLED IN THIS KERNEL  **
[    0.986696] **                                                         **
[    0.988365] ** This means that this kernel is built to expose internal **
[    0.990038] ** IOMMU data structures, which may compromise security on **
[    0.990695] ** your system.                                            **
[    0.992356] **                                                         **
[    0.994033] ** If you see this message and you are not debugging the   **
[    0.994695] ** kernel, report this immediately to your vendor!         **
[    0.996371] **                                                         **
[    0.998038] **     NOTICE NOTICE NOTICE NOTICE NOTICE NOTICE NOTICE    **
[    0.998695] *************************************************************
[    1.000516] PM: RTC time: 13:20:36, date: 2023-03-19
[    1.010336] NET: Registered PF_NETLINK/PF_ROUTE protocol family
[    1.012064] DMA: preallocated 256 KiB GFP_KERNEL pool for atomic allocations
[    1.014702] DMA: preallocated 256 KiB GFP_KERNEL|GFP_DMA pool for atomic allocations
[    1.016659] DMA: preallocated 256 KiB GFP_KERNEL|GFP_DMA32 pool for atomic allocations
[    1.018791] audit: initializing netlink subsys (disabled)
[    1.020210] audit: type=2000 audit(1679232037.098:1): state=initialized audit_enabled=0 res=1
[    1.020462] thermal_sys: Registered thermal governor 'fair_share'
[    1.020984] thermal_sys: Registered thermal governor 'bang_bang'
[    1.022706] thermal_sys: Registered thermal governor 'step_wise'
[    1.024222] thermal_sys: Registered thermal governor 'user_space'
[    1.026863] cpuidle: using governor ladder
[    1.029316] cpuidle: using governor menu
[    1.030927] Callback from call_rcu_tasks_rude() invoked.
[    1.032498] acpiphp: ACPI Hot Plug PCI Controller Driver version: 0.5
[    1.034905] PCI: Using configuration type 1 for base access
[    1.038334] kprobes: kprobe jump-optimization is enabled. All kprobes are optimized if possible.
[    1.039997] HugeTLB: registered 1.00 GiB page size, pre-allocated 0 pages
[    1.041684] HugeTLB: 16380 KiB vmemmap can be freed for a 1.00 GiB page
[    1.042683] HugeTLB: registered 2.00 MiB page size, pre-allocated 0 pages
[    1.042683] HugeTLB: 28 KiB vmemmap can be freed for a 2.00 MiB page
[    1.395088] Callback from call_rcu_tasks() invoked.
[    1.406027] ACPI: Added _OSI(Module Device)
[    1.406710] ACPI: Added _OSI(Processor Device)
[    1.408032] ACPI: Added _OSI(3.0 _SCP Extensions)
[    1.409448] ACPI: Added _OSI(Processor Aggregator Device)
[    1.418569] ACPI: 1 ACPI AML tables successfully acquired and loaded
[    1.423874] ACPI: Interpreter enabled
[    1.425137] ACPI: PM: (supports S0 S3 S4 S5)
[    1.426394] ACPI: Using IOAPIC for interrupt routing
[    1.426770] PCI: Using host bridge windows from ACPI; if necessary, use "pci=nocrs" and report a bug
[    1.429416] PCI: Using E820 reservations for host bridge windows
[    1.431741] ACPI: Enabled 2 GPEs in block 00 to 0F
[    1.457761] ACPI: PCI Root Bridge [PCI0] (domain 0000 [bus 00-ff])
[    1.458729] acpi PNP0A03:00: _OSC: OS supports [ASPM ClockPM Segments MSI EDR HPX-Type3]
[    1.461096] acpi PNP0A03:00: _OSC: not requesting OS control; OS requires [ExtendedConfig ASPM ClockPM MSI]
[    1.462808] acpi PNP0A03:00: fail to add MMCONFIG information, can't access extended configuration space under this bridge
[    1.469578] acpiphp: Slot [3] registered
[    1.470802] acpiphp: Slot [4] registered
[    1.472077] acpiphp: Slot [5] registered
[    1.473358] acpiphp: Slot [6] registered
[    1.474639] acpiphp: Slot [7] registered
[    1.474799] acpiphp: Slot [8] registered
[    1.476062] acpiphp: Slot [9] registered
[    1.477406] acpiphp: Slot [10] registered
[    1.478708] acpiphp: Slot [11] registered
[    1.480029] acpiphp: Slot [12] registered
[    1.481324] acpiphp: Slot [13] registered
[    1.482613] acpiphp: Slot [14] registered
[    1.482800] acpiphp: Slot [15] registered
[    1.484097] acpiphp: Slot [16] registered
[    1.485382] acpiphp: Slot [17] registered
[    1.486682] acpiphp: Slot [18] registered
[    1.487974] acpiphp: Slot [19] registered
[    1.489266] acpiphp: Slot [20] registered
[    1.490551] acpiphp: Slot [21] registered
[    1.490802] acpiphp: Slot [22] registered
[    1.492098] acpiphp: Slot [23] registered
[    1.493398] acpiphp: Slot [24] registered
[    1.494683] acpiphp: Slot [25] registered
[    1.495991] acpiphp: Slot [26] registered
[    1.497279] acpiphp: Slot [27] registered
[    1.498565] acpiphp: Slot [28] registered
[    1.498850] acpiphp: Slot [29] registered
[    1.500157] acpiphp: Slot [30] registered
[    1.501437] acpiphp: Slot [31] registered
[    1.502695] PCI host bridge to bus 0000:00
[    1.503913] pci_bus 0000:00: root bus resource [io  0x0000-0x0cf7 window]
[    1.505906] pci_bus 0000:00: root bus resource [io  0x0d00-0xffff window]
[    1.506698] pci_bus 0000:00: root bus resource [mem 0x000a0000-0x000bffff window]
[    1.508885] pci_bus 0000:00: root bus resource [mem 0x80000000-0xfebfffff window]
[    1.510697] pci_bus 0000:00: root bus resource [mem 0x100000000-0x17fffffff window]
[    1.512925] pci_bus 0000:00: root bus resource [bus 00-ff]
[    1.514765] pci 0000:00:00.0: [8086:1237] type 00 class 0x060000
[    1.521679] pci 0000:00:01.0: [8086:7000] type 00 class 0x060100
[    1.524567] pci 0000:00:01.1: [8086:7010] type 00 class 0x010180
[    1.528948] pci 0000:00:01.1: reg 0x20: [io  0xc040-0xc04f]
[    1.531640] pci 0000:00:01.1: legacy IDE quirk: reg 0x10: [io  0x01f0-0x01f7]
[    1.533774] pci 0000:00:01.1: legacy IDE quirk: reg 0x14: [io  0x03f6]
[    1.534700] pci 0000:00:01.1: legacy IDE quirk: reg 0x18: [io  0x0170-0x0177]
[    1.537380] pci 0000:00:01.1: legacy IDE quirk: reg 0x1c: [io  0x0376]
[    1.539391] pci 0000:00:01.3: [8086:7113] type 00 class 0x068000
[    1.542373] pci 0000:00:01.3: quirk: [io  0x0600-0x063f] claimed by PIIX4 ACPI
[    1.542721] pci 0000:00:01.3: quirk: [io  0x0700-0x070f] claimed by PIIX4 SMB
[    1.545662] pci 0000:00:02.0: [1234:1111] type 00 class 0x030000
[    1.551676] pci 0000:00:02.0: reg 0x10: [mem 0xfd000000-0xfdffffff pref]
[    1.558450] pci 0000:00:02.0: reg 0x18: [mem 0xfebf0000-0xfebf0fff]
[    1.567432] pci 0000:00:02.0: reg 0x30: [mem 0xfebe0000-0xfebeffff pref]
[    1.570576] pci 0000:00:02.0: Video device with shadowed ROM at [mem 0x000c0000-0x000dffff]
[    1.578721] pci 0000:00:03.0: [8086:100e] type 00 class 0x020000
[    1.581699] pci 0000:00:03.0: reg 0x10: [mem 0xfebc0000-0xfebdffff]
[    1.583900] pci 0000:00:03.0: reg 0x14: [io  0xc000-0xc03f]
[    1.591581] pci 0000:00:03.0: reg 0x30: [mem 0xfeb80000-0xfebbffff pref]
[    1.626034] ACPI: PCI: Interrupt link LNKA configured for IRQ 10
[    1.627606] ACPI: PCI: Interrupt link LNKB configured for IRQ 10
[    1.629977] ACPI: PCI: Interrupt link LNKC configured for IRQ 11
[    1.631583] ACPI: PCI: Interrupt link LNKD configured for IRQ 11
[    1.633508] ACPI: PCI: Interrupt link LNKS configured for IRQ 9
[    1.638588] iommu: Default domain type: Translated 
[    1.638708] iommu: DMA domain TLB invalidation policy: lazy mode 
[    1.643156] SCSI subsystem initialized
[    1.645019] ACPI: bus type USB registered
[    1.646199] usbcore: registered new interface driver usbfs
[    1.646813] usbcore: registered new interface driver hub
[    1.648248] usbcore: registered new device driver usb
[    1.649776] pps_core: LinuxPPS API ver. 1 registered
[    1.650700] pps_core: Software ver. 5.3.6 - Copyright 2005-2007 Rodolfo Giometti <giometti@linux.it>
[    1.652996] PTP clock support registered
[    1.654423] EDAC MC: Ver: 3.0.0
[    1.659279] NetLabel: Initializing
[    1.660163] NetLabel:  domain hash size = 128
[    1.661260] NetLabel:  protocols = UNLABELED CIPSOv4 CALIPSO
[    1.662836] NetLabel:  unlabeled traffic allowed by default
[    1.665165] PCI: Using ACPI for IRQ routing
[    1.666904] pci 0000:00:02.0: vgaarb: setting as boot VGA device
[    1.668456] pci 0000:00:02.0: vgaarb: bridge control possible
[    1.669831] pci 0000:00:02.0: vgaarb: VGA device added: decodes=io+mem,owns=io+mem,locks=none
[    1.670700] vgaarb: loaded
[    1.672689] hpet0: at MMIO 0xfed00000, IRQs 2, 8, 0
[    1.673955] hpet0: 3 comparators, 64-bit 100.000000 MHz counter
[    4.972592] clocksource: Switched to clocksource kvm-clock
[    5.410082] VFS: Disk quotas dquot_6.6.0
[    5.411288] VFS: Dquot-cache hash table entries: 512 (order 0, 4096 bytes)
[    5.413765] pnp: PnP ACPI init
[    5.419117] pnp: PnP ACPI: found 6 devices
[    5.446198] clocksource: acpi_pm: mask: 0xffffff max_cycles: 0xffffff, max_idle_ns: 2085701024 ns
[    5.449150] NET: Registered PF_INET protocol family
[    5.451005] IP idents hash table entries: 32768 (order: 6, 262144 bytes, linear)
[    5.455519] tcp_listen_portaddr_hash hash table entries: 1024 (order: 4, 73728 bytes, linear)
[    5.457752] Table-perturb hash table entries: 65536 (order: 6, 262144 bytes, linear)
[    5.459825] TCP established hash table entries: 16384 (order: 5, 131072 bytes, linear)
[    5.462489] TCP bind hash table entries: 16384 (order: 9, 2359296 bytes, linear)
[    5.470466] TCP: Hash tables configured (established 16384 bind 16384)
[    5.472646] UDP hash table entries: 1024 (order: 5, 163840 bytes, linear)
[    5.474674] UDP-Lite hash table entries: 1024 (order: 5, 163840 bytes, linear)
[    5.477139] NET: Registered PF_UNIX/PF_LOCAL protocol family
[    5.480215] RPC: Registered named UNIX socket transport module.
[    5.481722] RPC: Registered udp transport module.
[    5.482913] RPC: Registered tcp transport module.
[    5.484074] RPC: Registered tcp NFSv4.1 backchannel transport module.
[    5.485730] pci_bus 0000:00: resource 4 [io  0x0000-0x0cf7 window]
[    5.487309] pci_bus 0000:00: resource 5 [io  0x0d00-0xffff window]
[    5.488870] pci_bus 0000:00: resource 6 [mem 0x000a0000-0x000bffff window]
[    5.490581] pci_bus 0000:00: resource 7 [mem 0x80000000-0xfebfffff window]
[    5.492297] pci_bus 0000:00: resource 8 [mem 0x100000000-0x17fffffff window]
[    5.494587] pci 0000:00:01.0: PIIX3: Enabling Passive Release
[    5.496076] pci 0000:00:00.0: Limiting direct PCI/PCI transfers
[    5.497807] PCI: CLS 0 bytes, default 64
[    5.499808] ACPI: bus type thunderbolt registered
[    5.501790] clocksource: tsc: mask: 0xffffffffffffffff max_cycles: 0xb9fb05486c, max_idle_ns: 440795231721 ns
[    5.513224] Initialise system trusted keyrings
[    5.514835] Key type blacklist registered
[    5.516677] workingset: timestamp_bits=36 max_order=19 bucket_order=0
[    5.518657] zbud: loaded
[    5.520647] squashfs: version 4.0 (2009/01/31) Phillip Lougher
[    5.524675] NFS: Registering the id_resolver key type
[    5.526245] Key type id_resolver registered
[    5.527557] Key type id_legacy registered
[    5.528821] nfs4filelayout_init: NFSv4 File Layout Driver Registering...
[    5.530663] nfs4flexfilelayout_init: NFSv4 Flexfile Layout Driver Registering...
[    5.532901] fuse: init (API version 7.38)
[    5.534249] SGI XFS with ACLs, security attributes, realtime, quota, no debug enabled
[    5.538093] 9p: Installing v9fs 9p2000 file system support
[    5.550410] Key type asymmetric registered
[    5.551692] Asymmetric key parser 'x509' registered
[    5.553338] Block layer SCSI generic (bsg) driver version 0.4 loaded (major 243)
[    5.556094] io scheduler mq-deadline registered
[    5.557592] io scheduler bfq registered
[    5.559801] shpchp: Standard Hot Plug PCI Controller Driver version: 0.4
[    5.562728] IPMI message handler: version 39.2
[    5.564136] ipmi device interface
[    5.568483] input: Power Button as /devices/LNXSYSTM:00/LNXPWRBN:00/input/input0
[    5.571112] ACPI: button: Power Button [PWRF]
[    5.574651] ERST DBG: ERST support is disabled.
[    5.577489] Serial: 8250/16550 driver, 32 ports, IRQ sharing enabled
[    5.581007] 00:04: ttyS0 at I/O 0x3f8 (irq = 4, base_baud = 115200) is a 16550A
[    5.596637] Linux agpgart interface v0.103
[    5.599361] ACPI: bus type drm_connector registered
[    5.622266] brd: module loaded
[    5.637149] loop: module loaded
[    5.647438] scsi host0: ata_piix
[    5.649445] scsi host1: ata_piix
[    5.650674] ata1: PATA max MWDMA2 cmd 0x1f0 ctl 0x3f6 bmdma 0xc040 irq 14
[    5.652706] ata2: PATA max MWDMA2 cmd 0x170 ctl 0x376 bmdma 0xc048 irq 15
[    5.657252] tun: Universal TUN/TAP device driver, 1.6
[    5.659033] e100: Intel(R) PRO/100 Network Driver
[    5.660389] e100: Copyright(c) 1999-2006 Intel Corporation
[    5.662049] e1000: Intel(R) PRO/1000 Network Driver
[    5.663498] e1000: Copyright (c) 1999-2006 Intel Corporation.
[    5.815139] ata1: found unknown device (class 0)
[    5.817555] ata1.00: ATA-7: QEMU HARDDISK, 2.5+, max UDMA/100
[    5.819028] ata1.00: 16777216 sectors, multi 16: LBA48 
[    5.820981] ata2: found unknown device (class 0)
[    5.823004] ata2.00: ATAPI: QEMU DVD-ROM, 2.5+, max UDMA/100
[    5.826405] scsi 0:0:0:0: Direct-Access     ATA      QEMU HARDDISK    2.5+ PQ: 0 ANSI: 5
[    5.830526] scsi 0:0:0:0: Attached scsi generic sg0 type 0
[    5.833484] sd 0:0:0:0: [sda] 16777216 512-byte logical blocks: (8.59 GB/8.00 GiB)
[    5.835506] sd 0:0:0:0: [sda] Write Protect is off
[    5.836854] sd 0:0:0:0: [sda] Write cache: enabled, read cache: enabled, doesn't support DPO or FUA
[    5.841806] scsi 1:0:0:0: CD-ROM            QEMU     QEMU DVD-ROM     2.5+ PQ: 0 ANSI: 5
[    5.844191] sd 0:0:0:0: [sda] Preferred minimum I/O size 512 bytes
[    5.864352] scsi 1:0:0:0: Attached scsi generic sg1 type 5
[    5.869026] sd 0:0:0:0: [sda] Attached SCSI disk
[    6.035285] ACPI: \_SB_.LNKC: Enabled at IRQ 11
[    6.415971] e1000 0000:00:03.0 eth0: (PCI:33MHz:32-bit) 52:54:00:12:34:56
[    6.417743] e1000 0000:00:03.0 eth0: Intel(R) PRO/1000 Network Connection
[    6.419675] e1000e: Intel(R) PRO/1000 Network Driver
[    6.420940] e1000e: Copyright(c) 1999 - 2015 Intel Corporation.
[    6.422539] igb: Intel(R) Gigabit Ethernet Network Driver
[    6.423902] igb: Copyright (c) 2007-2014 Intel Corporation.
[    6.425502] PPP generic driver version 2.4.2
[    6.428002] VFIO - User Level meta-driver version: 0.3
[    6.430512] usbcore: registered new interface driver uas
[    6.432009] usbcore: registered new interface driver usb-storage
[    6.433886] i8042: PNP: PS/2 Controller [PNP0303:KBD,PNP0f13:MOU] at 0x60,0x64 irq 1,12
[    6.437683] serio: i8042 KBD port at 0x60,0x64 irq 1
[    6.439056] serio: i8042 AUX port at 0x60,0x64 irq 12
[    6.442018] mousedev: PS/2 mouse device common for all mice
[    6.445392] input: AT Translated Set 2 keyboard as /devices/platform/i8042/serio0/input/input1
[    6.447300] rtc_cmos 00:05: RTC can wake from S4
[    6.451077] input: VirtualPS/2 VMware VMMouse as /devices/platform/i8042/serio1/input/input4
[    6.451992] rtc_cmos 00:05: registered as rtc0
[    6.454637] rtc_cmos 00:05: setting system clock to 2023-03-19T13:20:41 UTC (1679232041)
[    6.457306] rtc_cmos 00:05: alarms up to one day, y3k, 242 bytes nvram, hpet irqs
[    6.457313] input: VirtualPS/2 VMware VMMouse as /devices/platform/i8042/serio1/input/input3
[    6.459256] i2c_dev: i2c /dev entries driver
[    6.462645] device-mapper: core: CONFIG_IMA_DISABLE_HTABLE is disabled. Duplicate IMA measurements will not be recorded in the IMA log.
[    6.465828] device-mapper: uevent: version 1.0.3
[    6.467452] device-mapper: ioctl: 4.47.0-ioctl (2022-07-28) initialised: dm-devel@redhat.com
[    6.469542] intel_pstate: CPU model not supported
[    6.470924] sdhci: Secure Digital Host Controller Interface driver
[    6.472427] sdhci: Copyright(c) Pierre Ossman
[    6.473703] sdhci-pltfm: SDHCI platform and OF driver helper
[    6.475323] ledtrig-cpu: registered to indicate activity on CPUs
[    6.477626] drop_monitor: Initializing network drop monitor service
[    6.479733] NET: Registered PF_INET6 protocol family
[    6.488370] Segment Routing with IPv6
[    6.489390] In-situ OAM (IOAM) with IPv6
[    6.490470] NET: Registered PF_PACKET protocol family
[    6.492173] 9pnet: Installing 9P2000 support
[    6.493362] Key type dns_resolver registered
[    6.496202] IPI shorthand broadcast: enabled
[    6.528756] sched_clock: Marking stable (5996008463, 530683865)->(6638848727, -112156399)
[    6.532566] registered taskstats version 1
[    6.534189] Loading compiled-in X.509 certificates
[    6.535852] zswap: loaded using pool lzo/zbud
[    6.572416] Key type .fscrypt registered
[    6.573453] Key type fscrypt-provisioning registered
[    6.577766] Key type encrypted registered
[    6.578912] ima: No TPM chip found, activating TPM-bypass!
[    6.580309] ima: Allocated hash algorithm: sha1
[    6.581580] ima: No architecture policies found
[    6.582942] evm: Initialising EVM extended attributes:
[    6.584224] evm: security.selinux
[    6.585071] evm: security.SMACK64
[    6.585908] evm: security.SMACK64EXEC
[    6.586848] evm: security.SMACK64TRANSMUTE
[    6.587873] evm: security.SMACK64MMAP
[    6.588800] evm: security.apparmor
[    6.589657] evm: security.ima
[    6.590408] evm: security.capability
[    6.591345] evm: HMAC attrs: 0x1
[    6.595410] PM:   Magic number: 15:59:332
[    6.596592] tty tty53: hash matches
[    6.598505] RAS: Correctable Errors collector initialized.
[    6.602874] md: Waiting for all devices to be available before autodetect
[    6.604052] md: If you don't use raid, use raid=noautodetect
[    6.605049] md: Autodetecting RAID arrays.
[    6.605781] md: autorun ...
[    6.606299] md: ... autorun DONE.
[    6.619827] EXT4-fs (sda): mounted filesystem 23a53bb9-f815-47a5-b74c-5e08f7731193 with ordered data mode. Quota mode: none.
[    6.621984] VFS: Mounted root (ext4 filesystem) readonly on device 8:0.
[    6.627172] devtmpfs: mounted
[    6.639503] Freeing unused decrypted memory: 2036K
[    6.655125] Freeing unused kernel image (initmem) memory: 10184K
[    6.656348] Write protecting the kernel read-only data: 45056k
[    6.660859] Freeing unused kernel image (rodata/data gap) memory: 360K
[    6.860466] x86/mm: Checked W+X mappings: passed, no W+X pages found.
[    6.861611] Run /sbin/init as init process
[    7.073024] systemd[1]: RTC configured in localtime, applying delta of 0 minutes to system time.
[    7.143026] systemd[1]: systemd 239 (239-49.el8) running in system mode. (+PAM +AUDIT +SELINUX +IMA -APPARMOR +SMACK +SYSVINIT +UTMP +LIBCRYPTSETUP +GCRYPT +GNUTLS +ACL +XZ +LZ4 +SECCOMP +BLKID +ELFUTILS +KMOD +IDN2 -IDN +PCRE2 default-hierarchy=legacy)
[    7.147327] systemd[1]: Detected virtualization kvm.
[    7.148214] systemd[1]: Detected architecture x86-64.

Welcome to [0;31mCentOS Stream 8[0m!

[    7.223600] systemd[1]: Set hostname to <test>.
[    7.870768] systemd[1]: Created slice User and Session Slice.
[[0;32m  OK  [0m] Created slice User and Session Slice.
[    7.873965] systemd[1]: Listening on initctl Compatibility Named Pipe.
[[0;32m  OK  [0m] Listening on initctl Compatibility Named Pipe.
[    7.876691] systemd[1]: Reached target Slices.
[[0;32m  OK  [0m] Reached target Slices.
[    7.879299] systemd[1]: Listening on udev Control Socket.
[[0;32m  OK  [0m] Listening on udev Control Socket.
[    7.881923] systemd[1]: Listening on multipathd control socket.
[[0;32m  OK  [0m] Listening on multipathd control socket.
[    7.885882] systemd[1]: Listening on RPCbind Server Activation Socket.
[[0;32m  OK  [0m] Listening on RPCbind Server Activation Socket.
[[0;32m  OK  [0m] Reached target RPC Port Mapper.
[[0;32m  OK  [0m] Listening on udev Kernel Socket.
[[0;32m  OK  [0m] Reached target Swap.
[[0;32m  OK  [0m] Listening on Journal Socket (/dev/log).
[[0;32m  OK  [0m] Listening on Device-mapper event daemon FIFOs.
[[0;32m  OK  [0m] Listening on Process Core Dump Socket.
[[0;32m  OK  [0m] Set up automount Arbitrary Executabâ€¦rmats File System Automount Point.
[[0;32m  OK  [0m] Created slice system-sshd\x2dkeygen.slice.
[[0;32m  OK  [0m] Listening on Journal Socket.
         Starting Remount Root and Kernel File Systems...
         Mounting Kernel Debug File System...
         Mounting POSIX Message Queue File System...
         Starting Journal Service...
         Mounting Huge Pages File System...
[[0;32m  OK  [0m] Listening on LVM2 poll daemon socket.
[[0;32m  OK  [0m] Started Forward Password Requests to Wall Directory Watch.
         Starting Load Kernel Modules...
         Starting Monitoring of LVM2 mirrorsâ€¦ng dmeventd or progress polling...
[[0;32m  OK  [0m] Created slice system-serial\x2dgetty.slice.
         Starting Setup Virtual Console...
[[0;32m  OK  [0m] Created slice system-getty.slice.
         Starting udev Coldplug all Devices...
[[0;32m  OK  [0m] Mounted Kernel Debug File System.
[[0;32m  OK  [0m] Mounted POSIX Message Queue File System.
[[0;32m  OK  [0m] Mounted Huge Pages File System.
[[0;1;31mFAILED[0m] Failed to start Load Kernel Modules.
See 'systemctl status systemd-modules-load.service' for details.
         Mounting Kernel Configuration File System...
         Mounting FUSE Control File System...
         Starting Apply Kernel Variables...
[[0;32m  OK  [0m] Started Journal Service.
[    8.658931] EXT4-fs (sda): re-mounted 23a53bb9-f815-47a5-b74c-5e08f7731193. Quota mode: none.
[[0;32m  OK  [0m] Mounted Kernel Configuration File System.
[[0;32m  OK  [0m] Started Remount Root and Kernel File Systems.
[[0;32m  OK  [0m] Mounted FUSE Control File System.
[[0;32m  OK  [0m] Started Apply Kernel Variables.
         Starting Load/Save Random Seed...
         Starting Create Static Device Nodes in /dev...
         Starting Flush Journal to Persistent Storage...
[[0;32m  OK  [0m] Started Load/Save Random Seed.
[[0;32m  OK  [0m] Started Flush Journal to Persistent Storage.
[[0;32m  OK  [0m] Started Create Static Device Nodes in /dev.
[[0;32m  OK  [0m] Started udev Coldplug all Devices.
         Starting udev Wait for Complete Device Initialization...
         Starting udev Kernel Device Manager...
[[0;32m  OK  [0m] Started Setup Virtual Console.
[[0;32m  OK  [0m] Started udev Kernel Device Manager.
         Starting Show Plymouth Boot Screen...
[[0;32m  OK  [0m] Started Show Plymouth Boot Screen.
[[0;32m  OK  [0m] Reached target Paths.
[[0;32m  OK  [0m] Reached target Local Encrypted Volumes.
[[0;32m  OK  [0m] Started Forward Password Requests to Plymouth Directory Watch.
[[0;32m  OK  [0m] Found device /dev/ttyS0.
[[0;32m  OK  [0m] Listening on Load/Save RF Kill Switch Status /dev/rfkill Watch.
[[0;32m  OK  [0m] Started Monitoring of LVM2 mirrors,â€¦sing dmeventd or progress polling.
[[0;32m  OK  [0m] Started udev Wait for Complete Device Initialization.
[[0;32m  OK  [0m] Reached target Local File Systems (Pre).
[[0;32m  OK  [0m] Reached target Local File Systems.
         Starting Tell Plymouth To Write Out Runtime Data...
         Starting Restore /run/initramfs on shutdown...
         Starting Create Volatile Files and Directories...
[[0;32m  OK  [0m] Started Tell Plymouth To Write Out Runtime Data.
[[0;32m  OK  [0m] Started Restore /run/initramfs on shutdown.
[[0;32m  OK  [0m] Started Create Volatile Files and Directories.
         Starting RPC Bind...
         Starting Security Auditing Service...
         Mounting RPC Pipe File System...
[[0;32m  OK  [0m] Mounted RPC Pipe File System.
[[0;32m  OK  [0m] Reached target rpc_pipefs.target.
[[0;32m  OK  [0m] Started RPC Bind.
[[0;32m  OK  [0m] Started Security Auditing Service.
         Starting Update UTMP about System Boot/Shutdown...
[[0;32m  OK  [0m] Started Update UTMP about System Boot/Shutdown.
[[0;32m  OK  [0m] Reached target System Initialization.
[[0;32m  OK  [0m] Listening on D-Bus System Message Bus Socket.
[[0;32m  OK  [0m] Started dnf makecache --timer.
[[0;32m  OK  [0m] Started Daily Cleanup of Temporary Directories.
[[0;32m  OK  [0m] Started daily update of the root trust anchor for DNSSEC.
[[0;32m  OK  [0m] Reached target Timers.
[[0;32m  OK  [0m] Listening on SSSD Kerberos Cache Manager responder socket.
[[0;32m  OK  [0m] Reached target Sockets.
[[0;32m  OK  [0m] Reached target Basic System.
         Starting NTP client/server...
[[0;32m  OK  [0m] Started D-Bus System Message Bus.
         Starting Auto-connect to subsystemsâ€¦-NVME devices found during boot...
         Starting Authorization Manager...
         Starting Network Manager...
[[0;32m  OK  [0m] Reached target sshd-keygen.target.
[[0;32m  OK  [0m] Started Machine Check Exception Logging Daemon.
[[0;32m  OK  [0m] Started irqbalance daemon.
         Starting Self Monitoring and Reporting Technology (SMART) Daemon...
         Starting Login Service...
[[0;32m  OK  [0m] Started Auto-connect to subsystems â€¦FC-NVME devices found during boot.
         Starting update of the root trust aâ€¦or DNSSEC validation in unbound...
[[0;32m  OK  [0m] Started Self Monitoring and Reporting Technology (SMART) Daemon.
[[0;32m  OK  [0m] Started NTP client/server.
[[0;32m  OK  [0m] Started Login Service.
[[0;32m  OK  [0m] Started Network Manager.
         Starting Network Manager Wait Online...
[[0;32m  OK  [0m] Reached target Network.
         Starting OpenSSH server daemon...
         Starting Dynamic System Tuning Daemon...
         Starting GSSAPI Proxy Daemon...
[[0;32m  OK  [0m] Started update of the root trust anâ€¦ for DNSSEC validation in unbound.
         Starting Hostname Service...
[[0;32m  OK  [0m] Started OpenSSH server daemon.
[[0;32m  OK  [0m] Started Authorization Manager.
[[0;32m  OK  [0m] Started GSSAPI Proxy Daemon.
[[0;32m  OK  [0m] Reached target NFS client services.
[[0;32m  OK  [0m] Reached target Remote File Systems (Pre).
[[0;32m  OK  [0m] Reached target Remote File Systems.
         Starting Permit User Sessions...
[[0;32m  OK  [0m] Started Permit User Sessions.
         Starting Hold until boot process finishes up...
[[0;32m  OK  [0m] Started Command Scheduler.
         Starting Terminate Plymouth Boot Screen...
[   13.012580] e1000: eth0 NIC Link is Up 1000 Mbps Full Duplex, Flow Control: RX
[   13.015234] IPv6: ADDRCONF(NETDEV_CHANGE): eth0: link becomes ready
[   13.471504] Spectre V2 : WARNING: Unprivileged eBPF is enabled with eIBRS on, data leaks possible via Spectre v2 BHB attacks!
[   13.473854] Spectre V2 : WARNING: Unprivileged eBPF is enabled with eIBRS on, data leaks possible via Spectre v2 BHB attacks!

CentOS Stream 8
Kernel 6.2.0-8ca8d89b43ca+ on an x86_64

test login: [   29.521532] loop0: detected capacity change from 0 to 65536
[   29.527665] XFS (loop0): Mounting V5 Filesystem d6f69dbd-8c5d-46be-b88e-92c0ae88ceb2
[   29.540896] XFS (loop0): Ending clean mount
[   29.543674] XFS (loop0): Quotacheck needed: Please wait.
[   29.551984] XFS (loop0): Quotacheck: Done.
[   29.651927] XFS (loop0): Metadata CRC error detected at xfs_agf_read_verify+0x10e/0x140, xfs_agf block 0x8001 
[   29.653923] XFS (loop0): Unmount and run xfs_repair
[   29.655125] XFS (loop0): First 128 bytes of corrupted metadata buffer:
[   29.656359] 00000000: 58 41 47 46 00 00 00 01 00 00 00 01 00 00 40 00  XAGF..........@.
[   29.657802] 00000010: 00 00 00 02 00 00 00 03 00 00 00 00 00 00 00 01  ................
[   29.659232] 00000020: 00 00 00 01 00 00 00 00 00 00 00 01 00 00 00 04  ................
[   29.660674] 00000030: 00 00 00 04 00 00 3b 5f 00 00 3b 5c 00 00 00 00  ......;_..;\....
[   29.662087] 00000040: d6 f6 9d bd 8c 5d 46 be b8 8e 92 c0 ae 88 ce b2  .....]F.........
[   29.663530] 00000050: 00 00 00 00 00 00 00 00 00 00 00 00 00 00 00 00  ................
[   29.665002] 00000060: 00 00 00 00 00 00 00 00 00 00 00 00 00 00 00 00  ................
[   29.666413] 00000070: 00 00 00 00 00 00 00 00 00 00 00 00 00 00 00 00  ................
[   29.668209] XFS (loop0): metadata I/O error in "xfs_read_agf+0xd0/0x290" at daddr 0x8001 len 1 error 74
[   29.670430] XFS (loop0): page discard on page 0000000022870b52, inode 0x46, pos 0.
[   29.727234] XFS (loop0): Unmounting Filesystem d6f69dbd-8c5d-46be-b88e-92c0ae88ceb2
[   30.022529] loop0: detected capacity change from 0 to 65536
[   30.025702] XFS (loop0): Mounting V5 Filesystem d6f69dbd-8c5d-46be-b88e-92c0ae88ceb2
[   30.033317] XFS (loop0): Ending clean mount
[   30.034467] XFS (loop0): Quotacheck needed: Please wait.
[   30.041336] XFS (loop0): Quotacheck: Done.
[   30.095769] XFS (loop0): Metadata CRC error detected at xfs_agf_read_verify+0x10e/0x140, xfs_agf block 0x8001 
[   30.097534] XFS (loop0): Unmount and run xfs_repair
[   30.098357] XFS (loop0): First 128 bytes of corrupted metadata buffer:
[   30.099513] 00000000: 58 41 47 46 00 00 00 01 00 00 00 01 00 00 40 00  XAGF..........@.
[   30.100847] 00000010: 00 00 00 02 00 00 00 03 00 00 00 00 00 00 00 01  ................
[   30.102170] 00000020: 00 00 00 01 00 00 00 00 00 00 00 01 00 00 00 04  ................
[   30.103702] 00000030: 00 00 00 04 00 00 3b 5f 00 00 3b 5c 00 00 00 00  ......;_..;\....
[   30.105072] 00000040: d6 f6 9d bd 8c 5d 46 be b8 8e 92 c0 ae 88 ce b2  .....]F.........
[   30.106374] 00000050: 00 00 00 00 00 00 00 00 00 00 00 00 00 00 00 00  ................
[   30.107714] 00000060: 00 00 00 00 00 00 00 00 00 00 00 00 00 00 00 00  ................
[   30.109071] 00000070: 00 00 00 00 00 00 00 00 00 00 00 00 00 00 00 00  ................
[   30.110400] XFS (loop0): metadata I/O error in "xfs_read_agf+0xd0/0x290" at daddr 0x8001 len 1 error 74
[   30.112178] XFS (loop0): page discard on page 000000007605e8e6, inode 0x46, pos 0.
[   30.160438] XFS (loop0): Unmounting Filesystem d6f69dbd-8c5d-46be-b88e-92c0ae88ceb2
[   30.477115] loop0: detected capacity change from 0 to 65536
[   30.480507] XFS (loop0): Mounting V5 Filesystem d6f69dbd-8c5d-46be-b88e-92c0ae88ceb2
[   30.493300] XFS (loop0): Ending clean mount
[   30.495136] XFS (loop0): Quotacheck needed: Please wait.
[   30.501971] XFS (loop0): Quotacheck: Done.
[   30.567221] XFS (loop0): Metadata CRC error detected at xfs_agf_read_verify+0x10e/0x140, xfs_agf block 0x8001 
[   30.569167] XFS (loop0): Unmount and run xfs_repair
[   30.570097] XFS (loop0): First 128 bytes of corrupted metadata buffer:
[   30.571365] 00000000: 58 41 47 46 00 00 00 01 00 00 00 01 00 00 40 00  XAGF..........@.
[   30.572866] 00000010: 00 00 00 02 00 00 00 03 00 00 00 00 00 00 00 01  ................
[   30.574362] 00000020: 00 00 00 01 00 00 00 00 00 00 00 01 00 00 00 04  ................
[   30.575889] 00000030: 00 00 00 04 00 00 3b 5f 00 00 3b 5c 00 00 00 00  ......;_..;\....
[   30.577408] 00000040: d6 f6 9d bd 8c 5d 46 be b8 8e 92 c0 ae 88 ce b2  .....]F.........
[   30.578949] 00000050: 00 00 00 00 00 00 00 00 00 00 00 00 00 00 00 00  ................
[   30.580442] 00000060: 00 00 00 00 00 00 00 00 00 00 00 00 00 00 00 00  ................
[   30.581941] 00000070: 00 00 00 00 00 00 00 00 00 00 00 00 00 00 00 00  ................
[   30.583931] XFS (loop0): metadata I/O error in "xfs_read_agf+0xd0/0x290" at daddr 0x8001 len 1 error 74
[   30.585779] XFS (loop0): page discard on page 0000000046b45e6c, inode 0x46, pos 0.
[   30.641901] XFS (loop0): Unmounting Filesystem d6f69dbd-8c5d-46be-b88e-92c0ae88ceb2
[   30.944975] loop0: detected capacity change from 0 to 65536
[   30.947676] XFS (loop0): Mounting V5 Filesystem d6f69dbd-8c5d-46be-b88e-92c0ae88ceb2
[   30.956364] XFS (loop0): Ending clean mount
[   30.957364] XFS (loop0): Quotacheck needed: Please wait.
[   30.961587] XFS (loop0): Quotacheck: Done.
[   31.023746] XFS (loop0): Metadata CRC error detected at xfs_agf_read_verify+0x10e/0x140, xfs_agf block 0x8001 
[   31.025428] XFS (loop0): Unmount and run xfs_repair
[   31.026213] XFS (loop0): First 128 bytes of corrupted metadata buffer:
[   31.027295] 00000000: 58 41 47 46 00 00 00 01 00 00 00 01 00 00 40 00  XAGF..........@.
[   31.028557] 00000010: 00 00 00 02 00 00 00 03 00 00 00 00 00 00 00 01  ................
[   31.029810] 00000020: 00 00 00 01 00 00 00 00 00 00 00 01 00 00 00 04  ................
[   31.031103] 00000030: 00 00 00 04 00 00 3b 5f 00 00 3b 5c 00 00 00 00  ......;_..;\....
[   31.032354] 00000040: d6 f6 9d bd 8c 5d 46 be b8 8e 92 c0 ae 88 ce b2  .....]F.........
[   31.033630] 00000050: 00 00 00 00 00 00 00 00 00 00 00 00 00 00 00 00  ................
[   31.034923] 00000060: 00 00 00 00 00 00 00 00 00 00 00 00 00 00 00 00  ................
[   31.036178] 00000070: 00 00 00 00 00 00 00 00 00 00 00 00 00 00 00 00  ................
[   31.037607] XFS (loop0): metadata I/O error in "xfs_read_agf+0xd0/0x290" at daddr 0x8001 len 1 error 74
[   31.039193] XFS (loop0): page discard on page 00000000f9d86d35, inode 0x46, pos 0.
[   31.090449] XFS (loop0): Unmounting Filesystem d6f69dbd-8c5d-46be-b88e-92c0ae88ceb2
[   31.411481] loop0: detected capacity change from 0 to 65536
[   31.415488] XFS (loop0): Mounting V5 Filesystem d6f69dbd-8c5d-46be-b88e-92c0ae88ceb2
[   31.428713] XFS (loop0): Ending clean mount
[   31.430166] XFS (loop0): Quotacheck needed: Please wait.
[   31.438862] XFS (loop0): Quotacheck: Done.
[   31.508311] XFS (loop0): Metadata CRC error detected at xfs_agf_read_verify+0x10e/0x140, xfs_agf block 0x8001 
[   31.510279] XFS (loop0): Unmount and run xfs_repair
[   31.511228] XFS (loop0): First 128 bytes of corrupted metadata buffer:
[   31.512400] 00000000: 58 41 47 46 00 00 00 01 00 00 00 01 00 00 40 00  XAGF..........@.
[   31.513854] 00000010: 00 00 00 02 00 00 00 03 00 00 00 00 00 00 00 01  ................
[   31.515324] 00000020: 00 00 00 01 00 00 00 00 00 00 00 01 00 00 00 04  ................
[   31.516758] 00000030: 00 00 00 04 00 00 3b 5f 00 00 3b 5c 00 00 00 00  ......;_..;\....
[   31.518174] 00000040: d6 f6 9d bd 8c 5d 46 be b8 8e 92 c0 ae 88 ce b2  .....]F.........
[   31.519622] 00000050: 00 00 00 00 00 00 00 00 00 00 00 00 00 00 00 00  ................
[   31.521064] 00000060: 00 00 00 00 00 00 00 00 00 00 00 00 00 00 00 00  ................
[   31.522483] 00000070: 00 00 00 00 00 00 00 00 00 00 00 00 00 00 00 00  ................
[   31.524480] XFS (loop0): metadata I/O error in "xfs_read_agf+0xd0/0x290" at daddr 0x8001 len 1 error 74
[   31.526381] XFS (loop0): page discard on page 00000000ede23e17, inode 0x46, pos 0.
[   31.585713] XFS (loop0): Unmounting Filesystem d6f69dbd-8c5d-46be-b88e-92c0ae88ceb2
[   31.937896] loop0: detected capacity change from 0 to 65536
[   31.941503] XFS (loop0): Mounting V5 Filesystem d6f69dbd-8c5d-46be-b88e-92c0ae88ceb2
[   31.953693] XFS (loop0): Ending clean mount
[   31.955766] XFS (loop0): Quotacheck needed: Please wait.
[   31.962255] XFS (loop0): Quotacheck: Done.
[   32.068451] XFS (loop0): Metadata CRC error detected at xfs_agf_read_verify+0x10e/0x140, xfs_agf block 0x8001 
[   32.070420] XFS (loop0): Unmount and run xfs_repair
[   32.071383] XFS (loop0): First 128 bytes of corrupted metadata buffer:
[   32.072670] 00000000: 58 41 47 46 00 00 00 01 00 00 00 01 00 00 40 00  XAGF..........@.
[   32.074099] 00000010: 00 00 00 02 00 00 00 03 00 00 00 00 00 00 00 01  ................
[   32.075579] 00000020: 00 00 00 01 00 00 00 00 00 00 00 01 00 00 00 04  ................
[   32.077088] 00000030: 00 00 00 04 00 00 3b 5f 00 00 3b 5c 00 00 00 00  ......;_..;\....
[   32.078524] 00000040: d6 f6 9d bd 8c 5d 46 be b8 8e 92 c0 ae 88 ce b2  .....]F.........
[   32.080017] 00000050: 00 00 00 00 00 00 00 00 00 00 00 00 00 00 00 00  ................
[   32.081532] 00000060: 00 00 00 00 00 00 00 00 00 00 00 00 00 00 00 00  ................
[   32.083009] 00000070: 00 00 00 00 00 00 00 00 00 00 00 00 00 00 00 00  ................
[   32.084509] XFS (loop0): metadata I/O error in "xfs_read_agf+0xd0/0x290" at daddr 0x8001 len 1 error 74
[   32.086274] XFS (loop0): page discard on page 000000001ac92f40, inode 0x46, pos 0.
[   32.159809] XFS (loop0): Unmounting Filesystem d6f69dbd-8c5d-46be-b88e-92c0ae88ceb2
[   32.564171] loop0: detected capacity change from 0 to 65536
[   32.568169] XFS (loop0): Mounting V5 Filesystem d6f69dbd-8c5d-46be-b88e-92c0ae88ceb2
[   32.581461] XFS (loop0): Ending clean mount
[   32.583245] XFS (loop0): Quotacheck needed: Please wait.
[   32.590074] XFS (loop0): Quotacheck: Done.
[   32.674211] XFS (loop0): Metadata CRC error detected at xfs_agf_read_verify+0x10e/0x140, xfs_agf block 0x8001 
[   32.676265] XFS (loop0): Unmount and run xfs_repair
[   32.677204] XFS (loop0): First 128 bytes of corrupted metadata buffer:
[   32.678437] 00000000: 58 41 47 46 00 00 00 01 00 00 00 01 00 00 40 00  XAGF..........@.
[   32.679955] 00000010: 00 00 00 02 00 00 00 03 00 00 00 00 00 00 00 01  ................
[   32.681434] 00000020: 00 00 00 01 00 00 00 00 00 00 00 01 00 00 00 04  ................
[   32.682941] 00000030: 00 00 00 04 00 00 3b 5f 00 00 3b 5c 00 00 00 00  ......;_..;\....
[   32.684426] 00000040: d6 f6 9d bd 8c 5d 46 be b8 8e 92 c0 ae 88 ce b2  .....]F.........
[   32.685912] 00000050: 00 00 00 00 00 00 00 00 00 00 00 00 00 00 00 00  ................
[   32.687432] 00000060: 00 00 00 00 00 00 00 00 00 00 00 00 00 00 00 00  ................
[   32.688905] 00000070: 00 00 00 00 00 00 00 00 00 00 00 00 00 00 00 00  ................
[   32.690451] XFS (loop0): metadata I/O error in "xfs_read_agf+0xd0/0x290" at daddr 0x8001 len 1 error 74
[   32.692119] XFS (loop0): page discard on page 0000000030178b03, inode 0x46, pos 0.
[   32.755819] XFS (loop0): Unmounting Filesystem d6f69dbd-8c5d-46be-b88e-92c0ae88ceb2
[   33.102583] loop0: detected capacity change from 0 to 65536
[   33.105970] XFS (loop0): Mounting V5 Filesystem d6f69dbd-8c5d-46be-b88e-92c0ae88ceb2
[   33.116305] XFS (loop0): Ending clean mount
[   33.118294] XFS (loop0): Quotacheck needed: Please wait.
[   33.127264] XFS (loop0): Quotacheck: Done.
[   33.217636] XFS (loop0): Metadata CRC error detected at xfs_agf_read_verify+0x10e/0x140, xfs_agf block 0x8001 
[   33.219750] XFS (loop0): Unmount and run xfs_repair
[   33.220702] XFS (loop0): First 128 bytes of corrupted metadata buffer:
[   33.221944] 00000000: 58 41 47 46 00 00 00 01 00 00 00 01 00 00 40 00  XAGF..........@.
[   33.223483] 00000010: 00 00 00 02 00 00 00 03 00 00 00 00 00 00 00 01  ................
[   33.225001] 00000020: 00 00 00 01 00 00 00 00 00 00 00 01 00 00 00 04  ................
[   33.226496] 00000030: 00 00 00 04 00 00 3b 5f 00 00 3b 5c 00 00 00 00  ......;_..;\....
[   33.228029] 00000040: d6 f6 9d bd 8c 5d 46 be b8 8e 92 c0 ae 88 ce b2  .....]F.........
[   33.229533] 00000050: 00 00 00 00 00 00 00 00 00 00 00 00 00 00 00 00  ................
[   33.231070] 00000060: 00 00 00 00 00 00 00 00 00 00 00 00 00 00 00 00  ................
[   33.232579] 00000070: 00 00 00 00 00 00 00 00 00 00 00 00 00 00 00 00  ................
[   33.234170] XFS (loop0): metadata I/O error in "xfs_read_agf+0xd0/0x290" at daddr 0x8001 len 1 error 74
[   33.235900] XFS (loop0): page discard on page 000000003cec1576, inode 0x46, pos 0.
[   33.311556] XFS (loop0): Unmounting Filesystem d6f69dbd-8c5d-46be-b88e-92c0ae88ceb2
[   33.661820] loop0: detected capacity change from 0 to 65536
[   33.665611] XFS (loop0): Mounting V5 Filesystem d6f69dbd-8c5d-46be-b88e-92c0ae88ceb2
[   33.676134] XFS (loop0): Ending clean mount
[   33.677519] XFS (loop0): Quotacheck needed: Please wait.
[   33.682908] XFS (loop0): Quotacheck: Done.
[   33.774781] XFS (loop0): Metadata CRC error detected at xfs_agf_read_verify+0x10e/0x140, xfs_agf block 0x8001 
[   33.777135] XFS (loop0): Unmount and run xfs_repair
[   33.778079] XFS (loop0): First 128 bytes of corrupted metadata buffer:
[   33.779375] 00000000: 58 41 47 46 00 00 00 01 00 00 00 01 00 00 40 00  XAGF..........@.
[   33.780898] 00000010: 00 00 00 02 00 00 00 03 00 00 00 00 00 00 00 01  ................
[   33.782398] 00000020: 00 00 00 01 00 00 00 00 00 00 00 01 00 00 00 04  ................
[   33.783941] 00000030: 00 00 00 04 00 00 3b 5f 00 00 3b 5c 00 00 00 00  ......;_..;\....
[   33.785459] 00000040: d6 f6 9d bd 8c 5d 46 be b8 8e 92 c0 ae 88 ce b2  .....]F.........
[   33.786998] 00000050: 00 00 00 00 00 00 00 00 00 00 00 00 00 00 00 00  ................
[   33.788499] 00000060: 00 00 00 00 00 00 00 00 00 00 00 00 00 00 00 00  ................
[   33.790056] 00000070: 00 00 00 00 00 00 00 00 00 00 00 00 00 00 00 00  ................
[   33.791991] XFS (loop0): metadata I/O error in "xfs_read_agf+0xd0/0x290" at daddr 0x8001 len 1 error 74
[   33.793644] XFS (loop0): page discard on page 00000000bf0ebb2d, inode 0x46, pos 0.
[   33.881806] XFS (loop0): Unmounting Filesystem d6f69dbd-8c5d-46be-b88e-92c0ae88ceb2
[   34.268567] loop0: detected capacity change from 0 to 65536
[   34.272331] XFS (loop0): Mounting V5 Filesystem d6f69dbd-8c5d-46be-b88e-92c0ae88ceb2
[   34.283798] XFS (loop0): Ending clean mount
[   34.285199] XFS (loop0): Quotacheck needed: Please wait.
[   34.290842] XFS (loop0): Quotacheck: Done.
[   34.383262] XFS (loop0): Metadata CRC error detected at xfs_agf_read_verify+0x10e/0x140, xfs_agf block 0x8001 
[   34.385336] XFS (loop0): Unmount and run xfs_repair
[   34.386294] XFS (loop0): First 128 bytes of corrupted metadata buffer:
[   34.387601] 00000000: 58 41 47 46 00 00 00 01 00 00 00 01 00 00 40 00  XAGF..........@.
[   34.389134] 00000010: 00 00 00 02 00 00 00 03 00 00 00 00 00 00 00 01  ................
[   34.390655] 00000020: 00 00 00 01 00 00 00 00 00 00 00 01 00 00 00 04  ................
[   34.392248] 00000030: 00 00 00 04 00 00 3b 5f 00 00 3b 5c 00 00 00 00  ......;_..;\....
[   34.393773] 00000040: d6 f6 9d bd 8c 5d 46 be b8 8e 92 c0 ae 88 ce b2  .....]F.........
[   34.395336] 00000050: 00 00 00 00 00 00 00 00 00 00 00 00 00 00 00 00  ................
[   34.396880] 00000060: 00 00 00 00 00 00 00 00 00 00 00 00 00 00 00 00  ................
[   34.398407] 00000070: 00 00 00 00 00 00 00 00 00 00 00 00 00 00 00 00  ................
[   34.400363] XFS (loop0): metadata I/O error in "xfs_read_agf+0xd0/0x290" at daddr 0x8001 len 1 error 74
[   34.402132] XFS (loop0): page discard on page 00000000b3605782, inode 0x46, pos 0.
[   34.472484] XFS (loop0): Unmounting Filesystem d6f69dbd-8c5d-46be-b88e-92c0ae88ceb2
[   34.847315] loop0: detected capacity change from 0 to 65536
[   34.851106] XFS (loop0): Mounting V5 Filesystem d6f69dbd-8c5d-46be-b88e-92c0ae88ceb2
[   34.863545] XFS (loop0): Ending clean mount
[   34.864973] XFS (loop0): Quotacheck needed: Please wait.
[   34.875913] XFS (loop0): Quotacheck: Done.
[   34.967267] XFS (loop0): Metadata CRC error detected at xfs_agf_read_verify+0x10e/0x140, xfs_agf block 0x8001 
[   34.969049] XFS (loop0): Unmount and run xfs_repair
[   34.969851] XFS (loop0): First 128 bytes of corrupted metadata buffer:
[   34.970965] 00000000: 58 41 47 46 00 00 00 01 00 00 00 01 00 00 40 00  XAGF..........@.
[   34.972252] 00000010: 00 00 00 02 00 00 00 03 00 00 00 00 00 00 00 01  ................
[   34.973539] 00000020: 00 00 00 01 00 00 00 00 00 00 00 01 00 00 00 04  ................
[   34.974885] 00000030: 00 00 00 04 00 00 3b 5f 00 00 3b 5c 00 00 00 00  ......;_..;\....
[   34.976172] 00000040: d6 f6 9d bd 8c 5d 46 be b8 8e 92 c0 ae 88 ce b2  .....]F.........
[   34.977464] 00000050: 00 00 00 00 00 00 00 00 00 00 00 00 00 00 00 00  ................
[   34.978775] 00000060: 00 00 00 00 00 00 00 00 00 00 00 00 00 00 00 00  ................
[   34.980056] 00000070: 00 00 00 00 00 00 00 00 00 00 00 00 00 00 00 00  ................
[   34.981527] XFS (loop0): metadata I/O error in "xfs_read_agf+0xd0/0x290" at daddr 0x8001 len 1 error 74
[   34.983577] XFS (loop0): page discard on page 00000000379606c2, inode 0x46, pos 0.
[   35.041292] XFS (loop0): Unmounting Filesystem d6f69dbd-8c5d-46be-b88e-92c0ae88ceb2
[   35.430243] loop0: detected capacity change from 0 to 65536
[   35.433828] XFS (loop0): Mounting V5 Filesystem d6f69dbd-8c5d-46be-b88e-92c0ae88ceb2
[   35.444148] XFS (loop0): Ending clean mount
[   35.445459] XFS (loop0): Quotacheck needed: Please wait.
[   35.450624] XFS (loop0): Quotacheck: Done.
[   35.529141] XFS (loop0): Metadata CRC error detected at xfs_agf_read_verify+0x10e/0x140, xfs_agf block 0x8001 
[   35.531189] XFS (loop0): Unmount and run xfs_repair
[   35.532100] XFS (loop0): First 128 bytes of corrupted metadata buffer:
[   35.533323] 00000000: 58 41 47 46 00 00 00 01 00 00 00 01 00 00 40 00  XAGF..........@.
[   35.534827] 00000010: 00 00 00 02 00 00 00 03 00 00 00 00 00 00 00 01  ................
[   35.536284] 00000020: 00 00 00 01 00 00 00 00 00 00 00 01 00 00 00 04  ................
[   35.537770] 00000030: 00 00 00 04 00 00 3b 5f 00 00 3b 5c 00 00 00 00  ......;_..;\....
[   35.539268] 00000040: d6 f6 9d bd 8c 5d 46 be b8 8e 92 c0 ae 88 ce b2  .....]F.........
[   35.540731] 00000050: 00 00 00 00 00 00 00 00 00 00 00 00 00 00 00 00  ................
[   35.542199] 00000060: 00 00 00 00 00 00 00 00 00 00 00 00 00 00 00 00  ................
[   35.543690] 00000070: 00 00 00 00 00 00 00 00 00 00 00 00 00 00 00 00  ................
[   35.545243] XFS (loop0): metadata I/O error in "xfs_read_agf+0xd0/0x290" at daddr 0x8001 len 1 error 74
[   35.546886] XFS (loop0): page discard on page 0000000076b64e4a, inode 0x46, pos 0.
[   35.608367] XFS (loop0): Unmounting Filesystem d6f69dbd-8c5d-46be-b88e-92c0ae88ceb2
[   35.937495] loop0: detected capacity change from 0 to 65536
[   35.940782] XFS (loop0): Mounting V5 Filesystem d6f69dbd-8c5d-46be-b88e-92c0ae88ceb2
[   35.951374] XFS (loop0): Ending clean mount
[   35.952746] XFS (loop0): Quotacheck needed: Please wait.
[   35.959236] XFS (loop0): Quotacheck: Done.
[   36.030513] XFS (loop0): Metadata CRC error detected at xfs_agf_read_verify+0x10e/0x140, xfs_agf block 0x8001 
[   36.032674] XFS (loop0): Unmount and run xfs_repair
[   36.033662] XFS (loop0): First 128 bytes of corrupted metadata buffer:
[   36.034944] 00000000: 58 41 47 46 00 00 00 01 00 00 00 01 00 00 40 00  XAGF..........@.
[   36.036450] 00000010: 00 00 00 02 00 00 00 03 00 00 00 00 00 00 00 01  ................
[   36.037960] 00000020: 00 00 00 01 00 00 00 00 00 00 00 01 00 00 00 04  ................
[   36.039488] 00000030: 00 00 00 04 00 00 3b 5f 00 00 3b 5c 00 00 00 00  ......;_..;\....
[   36.041009] 00000040: d6 f6 9d bd 8c 5d 46 be b8 8e 92 c0 ae 88 ce b2  .....]F.........
[   36.042514] 00000050: 00 00 00 00 00 00 00 00 00 00 00 00 00 00 00 00  ................
[   36.044064] 00000060: 00 00 00 00 00 00 00 00 00 00 00 00 00 00 00 00  ................
[   36.045589] 00000070: 00 00 00 00 00 00 00 00 00 00 00 00 00 00 00 00  ................
[   36.047461] XFS (loop0): metadata I/O error in "xfs_read_agf+0xd0/0x290" at daddr 0x8001 len 1 error 74
[   36.049333] XFS (loop0): page discard on page 00000000c6b27131, inode 0x46, pos 0.
[   36.105323] XFS (loop0): Unmounting Filesystem d6f69dbd-8c5d-46be-b88e-92c0ae88ceb2
[   36.415412] loop0: detected capacity change from 0 to 65536
[   36.420049] XFS (loop0): Mounting V5 Filesystem d6f69dbd-8c5d-46be-b88e-92c0ae88ceb2
[   36.431472] XFS (loop0): Ending clean mount
[   36.432801] XFS (loop0): Quotacheck needed: Please wait.
[   36.437740] XFS (loop0): Quotacheck: Done.
[   36.512993] XFS (loop0): Metadata CRC error detected at xfs_agf_read_verify+0x10e/0x140, xfs_agf block 0x8001 
[   36.515016] XFS (loop0): Unmount and run xfs_repair
[   36.515929] XFS (loop0): First 128 bytes of corrupted metadata buffer:
[   36.517132] 00000000: 58 41 47 46 00 00 00 01 00 00 00 01 00 00 40 00  XAGF..........@.
[   36.518583] 00000010: 00 00 00 02 00 00 00 03 00 00 00 00 00 00 00 01  ................
[   36.520090] 00000020: 00 00 00 01 00 00 00 00 00 00 00 01 00 00 00 04  ................
[   36.521567] 00000030: 00 00 00 04 00 00 3b 5f 00 00 3b 5c 00 00 00 00  ......;_..;\....
[   36.523055] 00000040: d6 f6 9d bd 8c 5d 46 be b8 8e 92 c0 ae 88 ce b2  .....]F.........
[   36.524509] 00000050: 00 00 00 00 00 00 00 00 00 00 00 00 00 00 00 00  ................
[   36.526004] 00000060: 00 00 00 00 00 00 00 00 00 00 00 00 00 00 00 00  ................
[   36.527495] 00000070: 00 00 00 00 00 00 00 00 00 00 00 00 00 00 00 00  ................
[   36.529146] XFS (loop0): metadata I/O error in "xfs_read_agf+0xd0/0x290" at daddr 0x8001 len 1 error 74
[   36.531218] XFS (loop0): page discard on page 00000000618a93a8, inode 0x46, pos 0.
[   36.587732] XFS (loop0): Unmounting Filesystem d6f69dbd-8c5d-46be-b88e-92c0ae88ceb2
[   36.931133] loop0: detected capacity change from 0 to 65536
[   36.934941] XFS (loop0): Mounting V5 Filesystem d6f69dbd-8c5d-46be-b88e-92c0ae88ceb2
[   36.945183] XFS (loop0): Ending clean mount
[   36.946644] XFS (loop0): Quotacheck needed: Please wait.
[   36.955811] XFS (loop0): Quotacheck: Done.
[   37.033327] XFS (loop0): Metadata CRC error detected at xfs_agf_read_verify+0x10e/0x140, xfs_agf block 0x8001 
[   37.035392] XFS (loop0): Unmount and run xfs_repair
[   37.036342] XFS (loop0): First 128 bytes of corrupted metadata buffer:
[   37.037609] 00000000: 58 41 47 46 00 00 00 01 00 00 00 01 00 00 40 00  XAGF..........@.
[   37.039184] 00000010: 00 00 00 02 00 00 00 03 00 00 00 00 00 00 00 01  ................
[   37.040718] 00000020: 00 00 00 01 00 00 00 00 00 00 00 01 00 00 00 04  ................
[   37.042235] 00000030: 00 00 00 04 00 00 3b 5f 00 00 3b 5c 00 00 00 00  ......;_..;\....
[   37.043787] 00000040: d6 f6 9d bd 8c 5d 46 be b8 8e 92 c0 ae 88 ce b2  .....]F.........
[   37.045339] 00000050: 00 00 00 00 00 00 00 00 00 00 00 00 00 00 00 00  ................
[   37.046886] 00000060: 00 00 00 00 00 00 00 00 00 00 00 00 00 00 00 00  ................
[   37.048399] 00000070: 00 00 00 00 00 00 00 00 00 00 00 00 00 00 00 00  ................
[   37.050096] XFS (loop0): metadata I/O error in "xfs_read_agf+0xd0/0x290" at daddr 0x8001 len 1 error 74
[   37.052079] XFS (loop0): page discard on page 00000000624ed15c, inode 0x46, pos 0.
[   37.109511] XFS (loop0): Unmounting Filesystem d6f69dbd-8c5d-46be-b88e-92c0ae88ceb2
[   37.423743] loop0: detected capacity change from 0 to 65536
[   37.427280] XFS (loop0): Mounting V5 Filesystem d6f69dbd-8c5d-46be-b88e-92c0ae88ceb2
[   37.433458] XFS (loop0): Ending clean mount
[   37.434980] XFS (loop0): Quotacheck needed: Please wait.
[   37.439357] XFS (loop0): Quotacheck: Done.
[   37.528602] XFS (loop0): Metadata CRC error detected at xfs_agf_read_verify+0x10e/0x140, xfs_agf block 0x8001 
[   37.530400] XFS (loop0): Unmount and run xfs_repair
[   37.531266] XFS (loop0): First 128 bytes of corrupted metadata buffer:
[   37.532336] 00000000: 58 41 47 46 00 00 00 01 00 00 00 01 00 00 40 00  XAGF..........@.
[   37.533663] 00000010: 00 00 00 02 00 00 00 03 00 00 00 00 00 00 00 01  ................
[   37.535001] 00000020: 00 00 00 01 00 00 00 00 00 00 00 01 00 00 00 04  ................
[   37.536289] 00000030: 00 00 00 04 00 00 3b 5f 00 00 3b 5c 00 00 00 00  ......;_..;\....
[   37.537578] 00000040: d6 f6 9d bd 8c 5d 46 be b8 8e 92 c0 ae 88 ce b2  .....]F.........
[   37.538894] 00000050: 00 00 00 00 00 00 00 00 00 00 00 00 00 00 00 00  ................
[   37.540180] 00000060: 00 00 00 00 00 00 00 00 00 00 00 00 00 00 00 00  ................
[   37.541468] 00000070: 00 00 00 00 00 00 00 00 00 00 00 00 00 00 00 00  ................
[   37.543212] XFS (loop0): metadata I/O error in "xfs_read_agf+0xd0/0x290" at daddr 0x8001 len 1 error 74
[   37.545162] XFS (loop0): page discard on page 00000000aa031c7d, inode 0x46, pos 0.
[   37.620139] XFS (loop0): Unmounting Filesystem d6f69dbd-8c5d-46be-b88e-92c0ae88ceb2
[   37.984449] loop0: detected capacity change from 0 to 65536
[   37.987618] XFS (loop0): Mounting V5 Filesystem d6f69dbd-8c5d-46be-b88e-92c0ae88ceb2
[   37.998613] XFS (loop0): Ending clean mount
[   38.000154] XFS (loop0): Quotacheck needed: Please wait.
[   38.011353] XFS (loop0): Quotacheck: Done.
[   38.105049] XFS (loop0): Metadata CRC error detected at xfs_agf_read_verify+0x10e/0x140, xfs_agf block 0x8001 
[   38.107000] XFS (loop0): Unmount and run xfs_repair
[   38.107844] XFS (loop0): First 128 bytes of corrupted metadata buffer:
[   38.108983] 00000000: 58 41 47 46 00 00 00 01 00 00 00 01 00 00 40 00  XAGF..........@.
[   38.110326] 00000010: 00 00 00 02 00 00 00 03 00 00 00 00 00 00 00 01  ................
[   38.111719] 00000020: 00 00 00 01 00 00 00 00 00 00 00 01 00 00 00 04  ................
[   38.113079] 00000030: 00 00 00 04 00 00 3b 5f 00 00 3b 5c 00 00 00 00  ......;_..;\....
[   38.114423] 00000040: d6 f6 9d bd 8c 5d 46 be b8 8e 92 c0 ae 88 ce b2  .....]F.........
[   38.115796] 00000050: 00 00 00 00 00 00 00 00 00 00 00 00 00 00 00 00  ................
[   38.117154] 00000060: 00 00 00 00 00 00 00 00 00 00 00 00 00 00 00 00  ................
[   38.118492] 00000070: 00 00 00 00 00 00 00 00 00 00 00 00 00 00 00 00  ................
[   38.120370] XFS (loop0): metadata I/O error in "xfs_read_agf+0xd0/0x290" at daddr 0x8001 len 1 error 74
[   38.122389] XFS (loop0): page discard on page 00000000b3e30a1e, inode 0x46, pos 0.
[   38.202352] XFS (loop0): Unmounting Filesystem d6f69dbd-8c5d-46be-b88e-92c0ae88ceb2
[   38.560761] loop0: detected capacity change from 0 to 65536
[   38.563823] XFS (loop0): Mounting V5 Filesystem d6f69dbd-8c5d-46be-b88e-92c0ae88ceb2
[   38.575166] XFS (loop0): Ending clean mount
[   38.577060] XFS (loop0): Quotacheck needed: Please wait.
[   38.583727] XFS (loop0): Quotacheck: Done.
[   38.685944] XFS (loop0): Metadata CRC error detected at xfs_agf_read_verify+0x10e/0x140, xfs_agf block 0x8001 
[   38.688058] XFS (loop0): Unmount and run xfs_repair
[   38.689028] XFS (loop0): First 128 bytes of corrupted metadata buffer:
[   38.690275] 00000000: 58 41 47 46 00 00 00 01 00 00 00 01 00 00 40 00  XAGF..........@.
[   38.691856] 00000010: 00 00 00 02 00 00 00 03 00 00 00 00 00 00 00 01  ................
[   38.693714] 00000020: 00 00 00 01 00 00 00 00 00 00 00 01 00 00 00 04  ................
[   38.695145] 00000030: 00 00 00 04 00 00 3b 5f 00 00 3b 5c 00 00 00 00  ......;_..;\....
[   38.696492] 00000040: d6 f6 9d bd 8c 5d 46 be b8 8e 92 c0 ae 88 ce b2  .....]F.........
[   38.697836] 00000050: 00 00 00 00 00 00 00 00 00 00 00 00 00 00 00 00  ................
[   38.699205] 00000060: 00 00 00 00 00 00 00 00 00 00 00 00 00 00 00 00  ................
[   38.700555] 00000070: 00 00 00 00 00 00 00 00 00 00 00 00 00 00 00 00  ................
[   38.702077] XFS (loop0): metadata I/O error in "xfs_read_agf+0xd0/0x290" at daddr 0x8001 len 1 error 74
[   38.704116] XFS (loop0): page discard on page 00000000bb081a13, inode 0x46, pos 0.
[   38.777254] XFS (loop0): Unmounting Filesystem d6f69dbd-8c5d-46be-b88e-92c0ae88ceb2
[   39.177496] loop0: detected capacity change from 0 to 65536
[   39.180574] XFS (loop0): Mounting V5 Filesystem d6f69dbd-8c5d-46be-b88e-92c0ae88ceb2
[   39.191266] XFS (loop0): Ending clean mount
[   39.192679] XFS (loop0): Quotacheck needed: Please wait.
[   39.203812] XFS (loop0): Quotacheck: Done.
[   39.321010] XFS (loop0): Metadata CRC error detected at xfs_agf_read_verify+0x10e/0x140, xfs_agf block 0x8001 
[   39.323607] XFS (loop0): Unmount and run xfs_repair
[   39.324796] XFS (loop0): First 128 bytes of corrupted metadata buffer:
[   39.326306] 00000000: 58 41 47 46 00 00 00 01 00 00 00 01 00 00 40 00  XAGF..........@.
[   39.328214] 00000010: 00 00 00 02 00 00 00 03 00 00 00 00 00 00 00 01  ................
[   39.329903] 00000020: 00 00 00 01 00 00 00 00 00 00 00 01 00 00 00 04  ................
[   39.331501] 00000030: 00 00 00 04 00 00 3b 5f 00 00 3b 5c 00 00 00 00  ......;_..;\....
[   39.333073] 00000040: d6 f6 9d bd 8c 5d 46 be b8 8e 92 c0 ae 88 ce b2  .....]F.........
[   39.334627] 00000050: 00 00 00 00 00 00 00 00 00 00 00 00 00 00 00 00  ................
[   39.336223] 00000060: 00 00 00 00 00 00 00 00 00 00 00 00 00 00 00 00  ................
[   39.337793] 00000070: 00 00 00 00 00 00 00 00 00 00 00 00 00 00 00 00  ................
[   39.339796] XFS (loop0): metadata I/O error in "xfs_read_agf+0xd0/0x290" at daddr 0x8001 len 1 error 74
[   39.341841] XFS (loop0): page discard on page 00000000cb1bfca7, inode 0x46, pos 0.
[   39.411579] XFS (loop0): Unmounting Filesystem d6f69dbd-8c5d-46be-b88e-92c0ae88ceb2
[   39.793961] loop0: detected capacity change from 0 to 65536
[   39.797439] XFS (loop0): Mounting V5 Filesystem d6f69dbd-8c5d-46be-b88e-92c0ae88ceb2
[   39.808021] XFS (loop0): Ending clean mount
[   39.809378] XFS (loop0): Quotacheck needed: Please wait.
[   39.817764] XFS (loop0): Quotacheck: Done.
[   39.885808] XFS (loop0): Metadata CRC error detected at xfs_agf_read_verify+0x10e/0x140, xfs_agf block 0x8001 
[   39.887994] XFS (loop0): Unmount and run xfs_repair
[   39.888985] XFS (loop0): First 128 bytes of corrupted metadata buffer:
[   39.890276] 00000000: 58 41 47 46 00 00 00 01 00 00 00 01 00 00 40 00  XAGF..........@.
[   39.891882] 00000010: 00 00 00 02 00 00 00 03 00 00 00 00 00 00 00 01  ................
[   39.893466] 00000020: 00 00 00 01 00 00 00 00 00 00 00 01 00 00 00 04  ................
[   39.895072] 00000030: 00 00 00 04 00 00 3b 5f 00 00 3b 5c 00 00 00 00  ......;_..;\....
[   39.896645] 00000040: d6 f6 9d bd 8c 5d 46 be b8 8e 92 c0 ae 88 ce b2  .....]F.........
[   39.898203] 00000050: 00 00 00 00 00 00 00 00 00 00 00 00 00 00 00 00  ................
[   39.899800] 00000060: 00 00 00 00 00 00 00 00 00 00 00 00 00 00 00 00  ................
[   39.901392] 00000070: 00 00 00 00 00 00 00 00 00 00 00 00 00 00 00 00  ................
[   39.903322] XFS (loop0): metadata I/O error in "xfs_read_agf+0xd0/0x290" at daddr 0x8001 len 1 error 74
[   39.905244] XFS (loop0): page discard on page 000000009f465d92, inode 0x46, pos 0.
[   39.982629] XFS (loop0): Unmounting Filesystem d6f69dbd-8c5d-46be-b88e-92c0ae88ceb2
[   40.347103] loop0: detected capacity change from 0 to 65536
[   40.351501] XFS (loop0): Mounting V5 Filesystem d6f69dbd-8c5d-46be-b88e-92c0ae88ceb2
[   40.358495] XFS (loop0): Ending clean mount
[   40.359808] XFS (loop0): Quotacheck needed: Please wait.
[   40.365886] XFS (loop0): Quotacheck: Done.
[   40.429607] XFS (loop0): Metadata CRC error detected at xfs_agf_read_verify+0x10e/0x140, xfs_agf block 0x8001 
[   40.431729] XFS (loop0): Unmount and run xfs_repair
[   40.432722] XFS (loop0): First 128 bytes of corrupted metadata buffer:
[   40.433967] 00000000: 58 41 47 46 00 00 00 01 00 00 00 01 00 00 40 00  XAGF..........@.
[   40.435547] 00000010: 00 00 00 02 00 00 00 03 00 00 00 00 00 00 00 01  ................
[   40.437093] 00000020: 00 00 00 01 00 00 00 00 00 00 00 01 00 00 00 04  ................
[   40.438615] 00000030: 00 00 00 04 00 00 3b 5f 00 00 3b 5c 00 00 00 00  ......;_..;\....
[   40.440161] 00000040: d6 f6 9d bd 8c 5d 46 be b8 8e 92 c0 ae 88 ce b2  .....]F.........
[   40.441682] 00000050: 00 00 00 00 00 00 00 00 00 00 00 00 00 00 00 00  ................
[   40.443242] 00000060: 00 00 00 00 00 00 00 00 00 00 00 00 00 00 00 00  ................
[   40.444785] 00000070: 00 00 00 00 00 00 00 00 00 00 00 00 00 00 00 00  ................
[   40.446505] XFS (loop0): metadata I/O error in "xfs_read_agf+0xd0/0x290" at daddr 0x8001 len 1 error 74
[   40.448620] XFS (loop0): page discard on page 00000000938c4d03, inode 0x46, pos 0.
[   40.508619] XFS (loop0): Unmounting Filesystem d6f69dbd-8c5d-46be-b88e-92c0ae88ceb2
[   40.890942] loop0: detected capacity change from 0 to 65536
[   40.894941] XFS (loop0): Mounting V5 Filesystem d6f69dbd-8c5d-46be-b88e-92c0ae88ceb2
[   40.905961] XFS (loop0): Ending clean mount
[   40.907457] XFS (loop0): Quotacheck needed: Please wait.
[   40.915894] XFS (loop0): Quotacheck: Done.
[   41.032924] XFS (loop0): Metadata CRC error detected at xfs_agf_read_verify+0x10e/0x140, xfs_agf block 0x8001 
[   41.035072] XFS (loop0): Unmount and run xfs_repair
[   41.036026] XFS (loop0): First 128 bytes of corrupted metadata buffer:
[   41.037301] 00000000: 58 41 47 46 00 00 00 01 00 00 00 01 00 00 40 00  XAGF..........@.
[   41.038866] 00000010: 00 00 00 02 00 00 00 03 00 00 00 00 00 00 00 01  ................
[   41.040382] 00000020: 00 00 00 01 00 00 00 00 00 00 00 01 00 00 00 04  ................
[   41.041904] 00000030: 00 00 00 04 00 00 3b 5f 00 00 3b 5c 00 00 00 00  ......;_..;\....
[   41.043458] 00000040: d6 f6 9d bd 8c 5d 46 be b8 8e 92 c0 ae 88 ce b2  .....]F.........
[   41.044978] 00000050: 00 00 00 00 00 00 00 00 00 00 00 00 00 00 00 00  ................
[   41.046511] 00000060: 00 00 00 00 00 00 00 00 00 00 00 00 00 00 00 00  ................
[   41.048079] 00000070: 00 00 00 00 00 00 00 00 00 00 00 00 00 00 00 00  ................
[   41.049658] XFS (loop0): metadata I/O error in "xfs_read_agf+0xd0/0x290" at daddr 0x8001 len 1 error 74
[   41.051432] XFS (loop0): page discard on page 00000000d49a47ec, inode 0x46, pos 0.
[   41.116396] XFS (loop0): Unmounting Filesystem d6f69dbd-8c5d-46be-b88e-92c0ae88ceb2
[   41.457802] loop0: detected capacity change from 0 to 65536
[   41.461467] XFS (loop0): Mounting V5 Filesystem d6f69dbd-8c5d-46be-b88e-92c0ae88ceb2
[   41.473030] XFS (loop0): Ending clean mount
[   41.474376] XFS (loop0): Quotacheck needed: Please wait.
[   41.479338] XFS (loop0): Quotacheck: Done.
[   41.541547] XFS (loop0): Metadata CRC error detected at xfs_agf_read_verify+0x10e/0x140, xfs_agf block 0x8001 
[   41.543611] XFS (loop0): Unmount and run xfs_repair
[   41.544551] XFS (loop0): First 128 bytes of corrupted metadata buffer:
[   41.545769] 00000000: 58 41 47 46 00 00 00 01 00 00 00 01 00 00 40 00  XAGF..........@.
[   41.547324] 00000010: 00 00 00 02 00 00 00 03 00 00 00 00 00 00 00 01  ................
[   41.548846] 00000020: 00 00 00 01 00 00 00 00 00 00 00 01 00 00 00 04  ................
[   41.550325] 00000030: 00 00 00 04 00 00 3b 5f 00 00 3b 5c 00 00 00 00  ......;_..;\....
[   41.551857] 00000040: d6 f6 9d bd 8c 5d 46 be b8 8e 92 c0 ae 88 ce b2  .....]F.........
[   41.553337] 00000050: 00 00 00 00 00 00 00 00 00 00 00 00 00 00 00 00  ................
[   41.554858] 00000060: 00 00 00 00 00 00 00 00 00 00 00 00 00 00 00 00  ................
[   41.556336] 00000070: 00 00 00 00 00 00 00 00 00 00 00 00 00 00 00 00  ................
[   41.558965] XFS (loop0): metadata I/O error in "xfs_read_agf+0xd0/0x290" at daddr 0x8001 len 1 error 74
[   41.560864] XFS (loop0): page discard on page 00000000b5761adf, inode 0x46, pos 0.
[   41.630316] XFS (loop0): Unmounting Filesystem d6f69dbd-8c5d-46be-b88e-92c0ae88ceb2
[   42.094011] loop0: detected capacity change from 0 to 65536
[   42.098256] XFS (loop0): Mounting V5 Filesystem d6f69dbd-8c5d-46be-b88e-92c0ae88ceb2
[   42.110848] XFS (loop0): Ending clean mount
[   42.112294] XFS (loop0): Quotacheck needed: Please wait.
[   42.119102] XFS (loop0): Quotacheck: Done.
[   42.194960] XFS (loop0): Metadata CRC error detected at xfs_agf_read_verify+0x10e/0x140, xfs_agf block 0x8001 
[   42.196889] XFS (loop0): Unmount and run xfs_repair
[   42.197739] XFS (loop0): First 128 bytes of corrupted metadata buffer:
[   42.198926] 00000000: 58 41 47 46 00 00 00 01 00 00 00 01 00 00 40 00  XAGF..........@.
[   42.200278] 00000010: 00 00 00 02 00 00 00 03 00 00 00 00 00 00 00 01  ................
[   42.201630] 00000020: 00 00 00 01 00 00 00 00 00 00 00 01 00 00 00 04  ................
[   42.202996] 00000030: 00 00 00 04 00 00 3b 5f 00 00 3b 5c 00 00 00 00  ......;_..;\....
[   42.204354] 00000040: d6 f6 9d bd 8c 5d 46 be b8 8e 92 c0 ae 88 ce b2  .....]F.........
[   42.205701] 00000050: 00 00 00 00 00 00 00 00 00 00 00 00 00 00 00 00  ................
[   42.207092] 00000060: 00 00 00 00 00 00 00 00 00 00 00 00 00 00 00 00  ................
[   42.208446] 00000070: 00 00 00 00 00 00 00 00 00 00 00 00 00 00 00 00  ................
[   42.209816] XFS (loop0): metadata I/O error in "xfs_read_agf+0xd0/0x290" at daddr 0x8001 len 1 error 74
[   42.211917] XFS (loop0): page discard on page 000000000e132513, inode 0x46, pos 0.
[   42.296784] XFS (loop0): Unmounting Filesystem d6f69dbd-8c5d-46be-b88e-92c0ae88ceb2
[   42.654776] loop0: detected capacity change from 0 to 65536
[   42.658152] XFS (loop0): Mounting V5 Filesystem d6f69dbd-8c5d-46be-b88e-92c0ae88ceb2
[   42.665175] XFS (loop0): Ending clean mount
[   42.666514] XFS (loop0): Quotacheck needed: Please wait.
[   42.671065] XFS (loop0): Quotacheck: Done.
[   42.745363] XFS (loop0): Metadata CRC error detected at xfs_agf_read_verify+0x10e/0x140, xfs_agf block 0x8001 
[   42.747383] XFS (loop0): Unmount and run xfs_repair
[   42.748336] XFS (loop0): First 128 bytes of corrupted metadata buffer:
[   42.749598] 00000000: 58 41 47 46 00 00 00 01 00 00 00 01 00 00 40 00  XAGF..........@.
[   42.751154] 00000010: 00 00 00 02 00 00 00 03 00 00 00 00 00 00 00 01  ................
[   42.752676] 00000020: 00 00 00 01 00 00 00 00 00 00 00 01 00 00 00 04  ................
[   42.754191] 00000030: 00 00 00 04 00 00 3b 5f 00 00 3b 5c 00 00 00 00  ......;_..;\....
[   42.755740] 00000040: d6 f6 9d bd 8c 5d 46 be b8 8e 92 c0 ae 88 ce b2  .....]F.........
[   42.757265] 00000050: 00 00 00 00 00 00 00 00 00 00 00 00 00 00 00 00  ................
[   42.758810] 00000060: 00 00 00 00 00 00 00 00 00 00 00 00 00 00 00 00  ................
[   42.760319] 00000070: 00 00 00 00 00 00 00 00 00 00 00 00 00 00 00 00  ................
[   42.762028] XFS (loop0): metadata I/O error in "xfs_read_agf+0xd0/0x290" at daddr 0x8001 len 1 error 74
[   42.764024] XFS (loop0): page discard on page 0000000097821eb1, inode 0x46, pos 0.
[   42.825241] XFS (loop0): Unmounting Filesystem d6f69dbd-8c5d-46be-b88e-92c0ae88ceb2
[   43.203478] loop0: detected capacity change from 0 to 65536
[   43.207814] XFS (loop0): Mounting V5 Filesystem d6f69dbd-8c5d-46be-b88e-92c0ae88ceb2
[   43.221256] XFS (loop0): Ending clean mount
[   43.222781] XFS (loop0): Quotacheck needed: Please wait.
[   43.227477] XFS (loop0): Quotacheck: Done.
[   43.304732] XFS (loop0): Metadata CRC error detected at xfs_agf_read_verify+0x10e/0x140, xfs_agf block 0x8001 
[   43.306846] XFS (loop0): Unmount and run xfs_repair
[   43.307787] XFS (loop0): First 128 bytes of corrupted metadata buffer:
[   43.309063] 00000000: 58 41 47 46 00 00 00 01 00 00 00 01 00 00 40 00  XAGF..........@.
[   43.310566] 00000010: 00 00 00 02 00 00 00 03 00 00 00 00 00 00 00 01  ................
[   43.312108] 00000020: 00 00 00 01 00 00 00 00 00 00 00 01 00 00 00 04  ................
[   43.313631] 00000030: 00 00 00 04 00 00 3b 5f 00 00 3b 5c 00 00 00 00  ......;_..;\....
[   43.315147] 00000040: d6 f6 9d bd 8c 5d 46 be b8 8e 92 c0 ae 88 ce b2  .....]F.........
[   43.316653] 00000050: 00 00 00 00 00 00 00 00 00 00 00 00 00 00 00 00  ................
[   43.318142] 00000060: 00 00 00 00 00 00 00 00 00 00 00 00 00 00 00 00  ................
[   43.319676] 00000070: 00 00 00 00 00 00 00 00 00 00 00 00 00 00 00 00  ................
[   43.321252] XFS (loop0): metadata I/O error in "xfs_read_agf+0xd0/0x290" at daddr 0x8001 len 1 error 74
[   43.323702] XFS (loop0): page discard on page 00000000e4834b77, inode 0x46, pos 0.
[   43.388164] XFS (loop0): Unmounting Filesystem d6f69dbd-8c5d-46be-b88e-92c0ae88ceb2
[   43.769205] loop0: detected capacity change from 0 to 65536
[   43.772762] XFS (loop0): Mounting V5 Filesystem d6f69dbd-8c5d-46be-b88e-92c0ae88ceb2
[   43.779925] XFS (loop0): Ending clean mount
[   43.781429] XFS (loop0): Quotacheck needed: Please wait.
[   43.799749] XFS (loop0): Quotacheck: Done.
[   43.937530] XFS (loop0): Metadata CRC error detected at xfs_agf_read_verify+0x10e/0x140, xfs_agf block 0x8001 
[   43.939520] XFS (loop0): Unmount and run xfs_repair
[   43.940363] XFS (loop0): First 128 bytes of corrupted metadata buffer:
[   43.941485] 00000000: 58 41 47 46 00 00 00 01 00 00 00 01 00 00 40 00  XAGF..........@.
[   43.942874] 00000010: 00 00 00 02 00 00 00 03 00 00 00 00 00 00 00 01  ................
[   43.944207] 00000020: 00 00 00 01 00 00 00 00 00 00 00 01 00 00 00 04  ................
[   43.945554] 00000030: 00 00 00 04 00 00 3b 5f 00 00 3b 5c 00 00 00 00  ......;_..;\....
[   43.946927] 00000040: d6 f6 9d bd 8c 5d 46 be b8 8e 92 c0 ae 88 ce b2  .....]F.........
[   43.948265] 00000050: 00 00 00 00 00 00 00 00 00 00 00 00 00 00 00 00  ................
[   43.949623] 00000060: 00 00 00 00 00 00 00 00 00 00 00 00 00 00 00 00  ................
[   43.950992] 00000070: 00 00 00 00 00 00 00 00 00 00 00 00 00 00 00 00  ................
[   43.952367] XFS (loop0): metadata I/O error in "xfs_read_agf+0xd0/0x290" at daddr 0x8001 len 1 error 74
[   43.954320] XFS (loop0): page discard on page 000000009ba5baf0, inode 0x46, pos 0.
[   44.013240] XFS (loop0): Unmounting Filesystem d6f69dbd-8c5d-46be-b88e-92c0ae88ceb2
[   44.434190] loop0: detected capacity change from 0 to 65536
[   44.437981] XFS (loop0): Mounting V5 Filesystem d6f69dbd-8c5d-46be-b88e-92c0ae88ceb2
[   44.450295] XFS (loop0): Ending clean mount
[   44.451885] XFS (loop0): Quotacheck needed: Please wait.
[   44.460185] XFS (loop0): Quotacheck: Done.
[   44.571427] XFS (loop0): Metadata CRC error detected at xfs_agf_read_verify+0x10e/0x140, xfs_agf block 0x8001 
[   44.573625] XFS (loop0): Unmount and run xfs_repair
[   44.574621] XFS (loop0): First 128 bytes of corrupted metadata buffer:
[   44.576019] 00000000: 58 41 47 46 00 00 00 01 00 00 00 01 00 00 40 00  XAGF..........@.
[   44.577658] 00000010: 00 00 00 02 00 00 00 03 00 00 00 00 00 00 00 01  ................
[   44.579303] 00000020: 00 00 00 01 00 00 00 00 00 00 00 01 00 00 00 04  ................
[   44.580898] 00000030: 00 00 00 04 00 00 3b 5f 00 00 3b 5c 00 00 00 00  ......;_..;\....
[   44.582473] 00000040: d6 f6 9d bd 8c 5d 46 be b8 8e 92 c0 ae 88 ce b2  .....]F.........
[   44.584091] 00000050: 00 00 00 00 00 00 00 00 00 00 00 00 00 00 00 00  ................
[   44.585687] 00000060: 00 00 00 00 00 00 00 00 00 00 00 00 00 00 00 00  ................
[   44.587311] 00000070: 00 00 00 00 00 00 00 00 00 00 00 00 00 00 00 00  ................
[   44.589029] XFS (loop0): metadata I/O error in "xfs_read_agf+0xd0/0x290" at daddr 0x8001 len 1 error 74
[   44.590812] XFS (loop0): page discard on page 0000000057aefb9a, inode 0x46, pos 0.
[   44.670528] XFS (loop0): Unmounting Filesystem d6f69dbd-8c5d-46be-b88e-92c0ae88ceb2
[   45.053770] loop0: detected capacity change from 0 to 65536
[   45.057783] XFS (loop0): Mounting V5 Filesystem d6f69dbd-8c5d-46be-b88e-92c0ae88ceb2
[   45.068507] XFS (loop0): Ending clean mount
[   45.069909] XFS (loop0): Quotacheck needed: Please wait.
[   45.079070] XFS (loop0): Quotacheck: Done.
[   45.186065] XFS (loop0): Metadata CRC error detected at xfs_agf_read_verify+0x10e/0x140, xfs_agf block 0x8001 
[   45.188009] XFS (loop0): Unmount and run xfs_repair
[   45.188888] XFS (loop0): First 128 bytes of corrupted metadata buffer:
[   45.189997] 00000000: 58 41 47 46 00 00 00 01 00 00 00 01 00 00 40 00  XAGF..........@.
[   45.191384] 00000010: 00 00 00 02 00 00 00 03 00 00 00 00 00 00 00 01  ................
[   45.192740] 00000020: 00 00 00 01 00 00 00 00 00 00 00 01 00 00 00 04  ................
[   45.194079] 00000030: 00 00 00 04 00 00 3b 5f 00 00 3b 5c 00 00 00 00  ......;_..;\....
[   45.195450] 00000040: d6 f6 9d bd 8c 5d 46 be b8 8e 92 c0 ae 88 ce b2  .....]F.........
[   45.196793] 00000050: 00 00 00 00 00 00 00 00 00 00 00 00 00 00 00 00  ................
[   45.198123] 00000060: 00 00 00 00 00 00 00 00 00 00 00 00 00 00 00 00  ................
[   45.199488] 00000070: 00 00 00 00 00 00 00 00 00 00 00 00 00 00 00 00  ................
[   45.201039] XFS (loop0): metadata I/O error in "xfs_read_agf+0xd0/0x290" at daddr 0x8001 len 1 error 74
[   45.203092] XFS (loop0): page discard on page 0000000094e2d2de, inode 0x46, pos 0.
[   45.291785] XFS (loop0): Unmounting Filesystem d6f69dbd-8c5d-46be-b88e-92c0ae88ceb2
[   45.685312] loop0: detected capacity change from 0 to 65536
[   45.688510] XFS (loop0): Mounting V5 Filesystem d6f69dbd-8c5d-46be-b88e-92c0ae88ceb2
[   45.699306] XFS (loop0): Ending clean mount
[   45.700705] XFS (loop0): Quotacheck needed: Please wait.
[   45.707161] XFS (loop0): Quotacheck: Done.
[   45.792019] XFS (loop0): Metadata CRC error detected at xfs_agf_read_verify+0x10e/0x140, xfs_agf block 0x8001 
[   45.794159] XFS (loop0): Unmount and run xfs_repair
[   45.795197] XFS (loop0): First 128 bytes of corrupted metadata buffer:
[   45.796476] 00000000: 58 41 47 46 00 00 00 01 00 00 00 01 00 00 40 00  XAGF..........@.
[   45.798047] 00000010: 00 00 00 02 00 00 00 03 00 00 00 00 00 00 00 01  ................
[   45.799632] 00000020: 00 00 00 01 00 00 00 00 00 00 00 01 00 00 00 04  ................
[   45.801186] 00000030: 00 00 00 04 00 00 3b 5f 00 00 3b 5c 00 00 00 00  ......;_..;\....
[   45.802768] 00000040: d6 f6 9d bd 8c 5d 46 be b8 8e 92 c0 ae 88 ce b2  .....]F.........
[   45.804321] 00000050: 00 00 00 00 00 00 00 00 00 00 00 00 00 00 00 00  ................
[   45.805878] 00000060: 00 00 00 00 00 00 00 00 00 00 00 00 00 00 00 00  ................
[   45.807460] 00000070: 00 00 00 00 00 00 00 00 00 00 00 00 00 00 00 00  ................
[   45.809043] XFS (loop0): metadata I/O error in "xfs_read_agf+0xd0/0x290" at daddr 0x8001 len 1 error 74
[   45.810952] XFS (loop0): page discard on page 0000000046b782fe, inode 0x46, pos 0.
[   45.882039] XFS (loop0): Unmounting Filesystem d6f69dbd-8c5d-46be-b88e-92c0ae88ceb2
[   46.237331] loop0: detected capacity change from 0 to 65536
[   46.240401] XFS (loop0): Mounting V5 Filesystem d6f69dbd-8c5d-46be-b88e-92c0ae88ceb2
[   46.250520] XFS (loop0): Ending clean mount
[   46.251947] XFS (loop0): Quotacheck needed: Please wait.
[   46.261219] XFS (loop0): Quotacheck: Done.
[   46.347815] XFS (loop0): Metadata CRC error detected at xfs_agf_read_verify+0x10e/0x140, xfs_agf block 0x8001 
[   46.349932] XFS (loop0): Unmount and run xfs_repair
[   46.350978] XFS (loop0): First 128 bytes of corrupted metadata buffer:
[   46.352277] 00000000: 58 41 47 46 00 00 00 01 00 00 00 01 00 00 40 00  XAGF..........@.
[   46.353827] 00000010: 00 00 00 02 00 00 00 03 00 00 00 00 00 00 00 01  ................
[   46.355422] 00000020: 00 00 00 01 00 00 00 00 00 00 00 01 00 00 00 04  ................
[   46.356980] 00000030: 00 00 00 04 00 00 3b 5f 00 00 3b 5c 00 00 00 00  ......;_..;\....
[   46.358518] 00000040: d6 f6 9d bd 8c 5d 46 be b8 8e 92 c0 ae 88 ce b2  .....]F.........
[   46.360102] 00000050: 00 00 00 00 00 00 00 00 00 00 00 00 00 00 00 00  ................
[   46.361665] 00000060: 00 00 00 00 00 00 00 00 00 00 00 00 00 00 00 00  ................
[   46.363244] 00000070: 00 00 00 00 00 00 00 00 00 00 00 00 00 00 00 00  ................
[   46.364803] XFS (loop0): metadata I/O error in "xfs_read_agf+0xd0/0x290" at daddr 0x8001 len 1 error 74
[   46.366642] XFS (loop0): page discard on page 000000000c8c1dfa, inode 0x46, pos 0.
[   46.432236] XFS (loop0): Unmounting Filesystem d6f69dbd-8c5d-46be-b88e-92c0ae88ceb2
[   46.770342] loop0: detected capacity change from 0 to 65536
[   46.773945] XFS (loop0): Mounting V5 Filesystem d6f69dbd-8c5d-46be-b88e-92c0ae88ceb2
[   46.787830] XFS (loop0): Ending clean mount
[   46.789290] XFS (loop0): Quotacheck needed: Please wait.
[   46.794506] XFS (loop0): Quotacheck: Done.
[   46.875829] XFS (loop0): Metadata CRC error detected at xfs_agf_read_verify+0x10e/0x140, xfs_agf block 0x8001 
[   46.877985] XFS (loop0): Unmount and run xfs_repair
[   46.879034] XFS (loop0): First 128 bytes of corrupted metadata buffer:
[   46.880296] 00000000: 58 41 47 46 00 00 00 01 00 00 00 01 00 00 40 00  XAGF..........@.
[   46.881833] 00000010: 00 00 00 02 00 00 00 03 00 00 00 00 00 00 00 01  ................
[   46.883418] 00000020: 00 00 00 01 00 00 00 00 00 00 00 01 00 00 00 04  ................
[   46.884955] 00000030: 00 00 00 04 00 00 3b 5f 00 00 3b 5c 00 00 00 00  ......;_..;\....
[   46.886485] 00000040: d6 f6 9d bd 8c 5d 46 be b8 8e 92 c0 ae 88 ce b2  .....]F.........
[   46.888094] 00000050: 00 00 00 00 00 00 00 00 00 00 00 00 00 00 00 00  ................
[   46.889638] 00000060: 00 00 00 00 00 00 00 00 00 00 00 00 00 00 00 00  ................
[   46.891220] 00000070: 00 00 00 00 00 00 00 00 00 00 00 00 00 00 00 00  ................
[   46.892895] XFS (loop0): metadata I/O error in "xfs_read_agf+0xd0/0x290" at daddr 0x8001 len 1 error 74
[   46.894625] XFS (loop0): page discard on page 0000000099998bef, inode 0x46, pos 0.
[   46.973587] XFS (loop0): Unmounting Filesystem d6f69dbd-8c5d-46be-b88e-92c0ae88ceb2
[   47.348777] loop0: detected capacity change from 0 to 65536
[   47.352201] XFS (loop0): Mounting V5 Filesystem d6f69dbd-8c5d-46be-b88e-92c0ae88ceb2
[   47.364084] XFS (loop0): Ending clean mount
[   47.365477] XFS (loop0): Quotacheck needed: Please wait.
[   47.374250] XFS (loop0): Quotacheck: Done.
[   47.447675] XFS (loop0): Metadata CRC error detected at xfs_agf_read_verify+0x10e/0x140, xfs_agf block 0x8001 
[   47.449693] XFS (loop0): Unmount and run xfs_repair
[   47.450607] XFS (loop0): First 128 bytes of corrupted metadata buffer:
[   47.451894] 00000000: 58 41 47 46 00 00 00 01 00 00 00 01 00 00 40 00  XAGF..........@.
[   47.453387] 00000010: 00 00 00 02 00 00 00 03 00 00 00 00 00 00 00 01  ................
[   47.454882] 00000020: 00 00 00 01 00 00 00 00 00 00 00 01 00 00 00 04  ................
[   47.456346] 00000030: 00 00 00 04 00 00 3b 5f 00 00 3b 5c 00 00 00 00  ......;_..;\....
[   47.457831] 00000040: d6 f6 9d bd 8c 5d 46 be b8 8e 92 c0 ae 88 ce b2  .....]F.........
[   47.459320] 00000050: 00 00 00 00 00 00 00 00 00 00 00 00 00 00 00 00  ................
[   47.460795] 00000060: 00 00 00 00 00 00 00 00 00 00 00 00 00 00 00 00  ................
[   47.462250] 00000070: 00 00 00 00 00 00 00 00 00 00 00 00 00 00 00 00  ................
[   47.464173] XFS (loop0): metadata I/O error in "xfs_read_agf+0xd0/0x290" at daddr 0x8001 len 1 error 74
[   47.466053] XFS (loop0): page discard on page 00000000c4853489, inode 0x46, pos 0.
[   47.528283] XFS (loop0): Unmounting Filesystem d6f69dbd-8c5d-46be-b88e-92c0ae88ceb2
[   47.897441] loop0: detected capacity change from 0 to 65536
[   47.900928] XFS (loop0): Mounting V5 Filesystem d6f69dbd-8c5d-46be-b88e-92c0ae88ceb2
[   47.913676] XFS (loop0): Ending clean mount
[   47.915978] XFS (loop0): Quotacheck needed: Please wait.
[   47.920936] XFS (loop0): Quotacheck: Done.
[   48.002032] XFS (loop0): Metadata CRC error detected at xfs_agf_read_verify+0x10e/0x140, xfs_agf block 0x8001 
[   48.004191] XFS (loop0): Unmount and run xfs_repair
[   48.005164] XFS (loop0): First 128 bytes of corrupted metadata buffer:
[   48.006432] 00000000: 58 41 47 46 00 00 00 01 00 00 00 01 00 00 40 00  XAGF..........@.
[   48.008044] 00000010: 00 00 00 02 00 00 00 03 00 00 00 00 00 00 00 01  ................
[   48.009593] 00000020: 00 00 00 01 00 00 00 00 00 00 00 01 00 00 00 04  ................
[   48.011172] 00000030: 00 00 00 04 00 00 3b 5f 00 00 3b 5c 00 00 00 00  ......;_..;\....
[   48.012737] 00000040: d6 f6 9d bd 8c 5d 46 be b8 8e 92 c0 ae 88 ce b2  .....]F.........
[   48.014281] 00000050: 00 00 00 00 00 00 00 00 00 00 00 00 00 00 00 00  ................
[   48.015877] 00000060: 00 00 00 00 00 00 00 00 00 00 00 00 00 00 00 00  ................
[   48.017444] 00000070: 00 00 00 00 00 00 00 00 00 00 00 00 00 00 00 00  ................
[   48.019310] XFS (loop0): metadata I/O error in "xfs_read_agf+0xd0/0x290" at daddr 0x8001 len 1 error 74
[   48.021063] XFS (loop0): page discard on page 0000000056071703, inode 0x46, pos 0.
[   48.086724] XFS (loop0): Unmounting Filesystem d6f69dbd-8c5d-46be-b88e-92c0ae88ceb2
[   48.433634] loop0: detected capacity change from 0 to 65536
[   48.437698] XFS (loop0): Mounting V5 Filesystem d6f69dbd-8c5d-46be-b88e-92c0ae88ceb2
[   48.450553] XFS (loop0): Ending clean mount
[   48.452045] XFS (loop0): Quotacheck needed: Please wait.
[   48.457419] XFS (loop0): Quotacheck: Done.
[   48.541209] XFS (loop0): Metadata CRC error detected at xfs_agf_read_verify+0x10e/0x140, xfs_agf block 0x8001 
[   48.543363] XFS (loop0): Unmount and run xfs_repair
[   48.544328] XFS (loop0): First 128 bytes of corrupted metadata buffer:
[   48.545601] 00000000: 58 41 47 46 00 00 00 01 00 00 00 01 00 00 40 00  XAGF..........@.
[   48.547189] 00000010: 00 00 00 02 00 00 00 03 00 00 00 00 00 00 00 01  ................
[   48.548741] 00000020: 00 00 00 01 00 00 00 00 00 00 00 01 00 00 00 04  ................
[   48.550282] 00000030: 00 00 00 04 00 00 3b 5f 00 00 3b 5c 00 00 00 00  ......;_..;\....
[   48.551863] 00000040: d6 f6 9d bd 8c 5d 46 be b8 8e 92 c0 ae 88 ce b2  .....]F.........
[   48.553427] 00000050: 00 00 00 00 00 00 00 00 00 00 00 00 00 00 00 00  ................
[   48.555011] 00000060: 00 00 00 00 00 00 00 00 00 00 00 00 00 00 00 00  ................
[   48.556598] 00000070: 00 00 00 00 00 00 00 00 00 00 00 00 00 00 00 00  ................
[   48.558308] XFS (loop0): metadata I/O error in "xfs_read_agf+0xd0/0x290" at daddr 0x8001 len 1 error 74
[   48.560368] XFS (loop0): page discard on page 00000000864e0c85, inode 0x46, pos 0.
[   48.627164] XFS (loop0): Unmounting Filesystem d6f69dbd-8c5d-46be-b88e-92c0ae88ceb2
[   48.988460] loop0: detected capacity change from 0 to 65536
[   48.992332] XFS (loop0): Mounting V5 Filesystem d6f69dbd-8c5d-46be-b88e-92c0ae88ceb2
[   49.005367] XFS (loop0): Ending clean mount
[   49.007189] XFS (loop0): Quotacheck needed: Please wait.
[   49.012284] XFS (loop0): Quotacheck: Done.
[   49.096075] XFS (loop0): Metadata CRC error detected at xfs_agf_read_verify+0x10e/0x140, xfs_agf block 0x8001 
[   49.098218] XFS (loop0): Unmount and run xfs_repair
[   49.099287] XFS (loop0): First 128 bytes of corrupted metadata buffer:
[   49.100595] 00000000: 58 41 47 46 00 00 00 01 00 00 00 01 00 00 40 00  XAGF..........@.
[   49.102196] 00000010: 00 00 00 02 00 00 00 03 00 00 00 00 00 00 00 01  ................
[   49.103830] 00000020: 00 00 00 01 00 00 00 00 00 00 00 01 00 00 00 04  ................
[   49.105417] 00000030: 00 00 00 04 00 00 3b 5f 00 00 3b 5c 00 00 00 00  ......;_..;\....
[   49.107029] 00000040: d6 f6 9d bd 8c 5d 46 be b8 8e 92 c0 ae 88 ce b2  .....]F.........
[   49.108643] 00000050: 00 00 00 00 00 00 00 00 00 00 00 00 00 00 00 00  ................
[   49.110228] 00000060: 00 00 00 00 00 00 00 00 00 00 00 00 00 00 00 00  ................
[   49.111859] 00000070: 00 00 00 00 00 00 00 00 00 00 00 00 00 00 00 00  ................
[   49.113565] XFS (loop0): metadata I/O error in "xfs_read_agf+0xd0/0x290" at daddr 0x8001 len 1 error 74
[   49.115369] XFS (loop0): page discard on page 0000000071c7e322, inode 0x46, pos 0.
[   49.183640] XFS (loop0): Unmounting Filesystem d6f69dbd-8c5d-46be-b88e-92c0ae88ceb2
[   49.598996] loop0: detected capacity change from 0 to 65536
[   49.602758] XFS (loop0): Mounting V5 Filesystem d6f69dbd-8c5d-46be-b88e-92c0ae88ceb2
[   49.615647] XFS (loop0): Ending clean mount
[   49.617081] XFS (loop0): Quotacheck needed: Please wait.
[   49.622663] XFS (loop0): Quotacheck: Done.
[   49.704674] XFS (loop0): Metadata CRC error detected at xfs_agf_read_verify+0x10e/0x140, xfs_agf block 0x8001 
[   49.706879] XFS (loop0): Unmount and run xfs_repair
[   49.707861] XFS (loop0): First 128 bytes of corrupted metadata buffer:
[   49.709164] 00000000: 58 41 47 46 00 00 00 01 00 00 00 01 00 00 40 00  XAGF..........@.
[   49.710776] 00000010: 00 00 00 02 00 00 00 03 00 00 00 00 00 00 00 01  ................
[   49.712348] 00000020: 00 00 00 01 00 00 00 00 00 00 00 01 00 00 00 04  ................
[   49.713911] 00000030: 00 00 00 04 00 00 3b 5f 00 00 3b 5c 00 00 00 00  ......;_..;\....
