c[?7l[2J[0mSeaBIOS (version rel-1.16.0-0-gd239552ce722-prebuilt.qemu.org)


iPXE (http://ipxe.org) 00:03.0 CA00 PCI2.10 PnP PMM+7FF91000+7FEF1000 CA00
Press Ctrl-B to configure iPXE (PCI 00:03.0)...                                                                               


Booting from ROM...
c[?7l[2J[    0.000000] Linux version 6.3.0-rc1-b0d14d2aaf7d+ (root@p-rpls01) (gcc (GCC) 8.5.0 20210514 (Red Hat 8.5.0-18), GNU ld version 2.36.1-2.el8) #1 SMP PREEMPT_DYNAMIC Mon Mar 20 01:06:03 CST 2023
[    0.000000] Command line: console=ttyS0 root=/dev/sda earlyprintk=serial net.ifnames=0
[    0.000000] KERNEL supported cpus:
[    0.000000]   Intel GenuineIntel
[    0.000000]   AMD AuthenticAMD
[    0.000000]   Hygon HygonGenuine
[    0.000000]   Centaur CentaurHauls
[    0.000000]   zhaoxin   Shanghai  
[    0.000000] x86/fpu: Supporting XSAVE feature 0x001: 'x87 floating point registers'
[    0.000000] x86/fpu: Supporting XSAVE feature 0x002: 'SSE registers'
[    0.000000] x86/fpu: Supporting XSAVE feature 0x004: 'AVX registers'
[    0.000000] x86/fpu: Supporting XSAVE feature 0x200: 'Protection Keys User registers'
[    0.000000] x86/fpu: xstate_offset[2]:  576, xstate_sizes[2]:  256
[    0.000000] x86/fpu: xstate_offset[9]:  832, xstate_sizes[9]:    8
[    0.000000] x86/fpu: Enabled xstate features 0x207, context size is 840 bytes, using 'compacted' format.
[    0.000000] signal: max sigframe size: 3632
[    0.000000] BIOS-provided physical RAM map:
[    0.000000] BIOS-e820: [mem 0x0000000000000000-0x000000000009fbff] usable
[    0.000000] BIOS-e820: [mem 0x000000000009fc00-0x000000000009ffff] reserved
[    0.000000] BIOS-e820: [mem 0x00000000000f0000-0x00000000000fffff] reserved
[    0.000000] BIOS-e820: [mem 0x0000000000100000-0x000000007ffdffff] usable
[    0.000000] BIOS-e820: [mem 0x000000007ffe0000-0x000000007fffffff] reserved
[    0.000000] BIOS-e820: [mem 0x00000000feffc000-0x00000000feffffff] reserved
[    0.000000] BIOS-e820: [mem 0x00000000fffc0000-0x00000000ffffffff] reserved
[    0.000000] printk: bootconsole [earlyser0] enabled
[    0.000000] NX (Execute Disable) protection: active
[    0.000000] SMBIOS 2.8 present.
[    0.000000] DMI: QEMU Standard PC (i440FX + PIIX, 1996), BIOS rel-1.16.0-0-gd239552ce722-prebuilt.qemu.org 04/01/2014
[    0.000000] Hypervisor detected: KVM
[    0.000000] kvm-clock: Using msrs 4b564d01 and 4b564d00
[    0.000006] kvm-clock: using sched offset of 1046950573 cycles
[    0.001470] clocksource: kvm-clock: mask: 0xffffffffffffffff max_cycles: 0x1cd42e4dffb, max_idle_ns: 881590591483 ns
[    0.004000] tsc: Detected 806.400 MHz processor
[    0.004000] last_pfn = 0x7ffe0 max_arch_pfn = 0x400000000
[    0.004000] x86/PAT: Configuration [0-7]: WB  WC  UC- UC  WB  WP  UC- WT  
[    0.004000] found SMP MP-table at [mem 0x000f5ba0-0x000f5baf]
[    0.004000] Using GB pages for direct mapping
[    0.004000] ACPI: Early table checksum verification disabled
[    0.004000] ACPI: RSDP 0x00000000000F59C0 000014 (v00 BOCHS )
[    0.004000] ACPI: RSDT 0x000000007FFE1951 000034 (v01 BOCHS  BXPC     00000001 BXPC 00000001)
[    0.004000] ACPI: FACP 0x000000007FFE17FD 000074 (v01 BOCHS  BXPC     00000001 BXPC 00000001)
[    0.004000] ACPI: DSDT 0x000000007FFE0040 0017BD (v01 BOCHS  BXPC     00000001 BXPC 00000001)
[    0.004000] ACPI: FACS 0x000000007FFE0000 000040
[    0.004000] ACPI: APIC 0x000000007FFE1871 000080 (v01 BOCHS  BXPC     00000001 BXPC 00000001)
[    0.004000] ACPI: HPET 0x000000007FFE18F1 000038 (v01 BOCHS  BXPC     00000001 BXPC 00000001)
[    0.004000] ACPI: WAET 0x000000007FFE1929 000028 (v01 BOCHS  BXPC     00000001 BXPC 00000001)
[    0.004000] ACPI: Reserving FACP table memory at [mem 0x7ffe17fd-0x7ffe1870]
[    0.004000] ACPI: Reserving DSDT table memory at [mem 0x7ffe0040-0x7ffe17fc]
[    0.004000] ACPI: Reserving FACS table memory at [mem 0x7ffe0000-0x7ffe003f]
[    0.004000] ACPI: Reserving APIC table memory at [mem 0x7ffe1871-0x7ffe18f0]
[    0.004000] ACPI: Reserving HPET table memory at [mem 0x7ffe18f1-0x7ffe1928]
[    0.004000] ACPI: Reserving WAET table memory at [mem 0x7ffe1929-0x7ffe1950]
[    0.004000] No NUMA configuration found
[    0.004000] Faking a node at [mem 0x0000000000000000-0x000000007ffdffff]
[    0.004000] NODE_DATA(0) allocated [mem 0x7ffb5000-0x7ffdffff]
[    0.004000] Zone ranges:
[    0.004000]   DMA      [mem 0x0000000000001000-0x0000000000ffffff]
[    0.004000]   DMA32    [mem 0x0000000001000000-0x000000007ffdffff]
[    0.004000]   Normal   empty
[    0.004000]   Device   empty
[    0.004000] Movable zone start for each node
[    0.004000] Early memory node ranges
[    0.004000]   node   0: [mem 0x0000000000001000-0x000000000009efff]
[    0.004000]   node   0: [mem 0x0000000000100000-0x000000007ffdffff]
[    0.004000] Initmem setup node 0 [mem 0x0000000000001000-0x000000007ffdffff]
[    0.004000] On node 0, zone DMA: 1 pages in unavailable ranges
[    0.004000] On node 0, zone DMA: 97 pages in unavailable ranges
[    0.004000] On node 0, zone DMA32: 32 pages in unavailable ranges
[    0.004000] ACPI: PM-Timer IO Port: 0x608
[    0.004000] ACPI: LAPIC_NMI (acpi_id[0xff] dfl dfl lint[0x1])
[    0.004000] IOAPIC[0]: apic_id 0, version 17, address 0xfec00000, GSI 0-23
[    0.004000] ACPI: INT_SRC_OVR (bus 0 bus_irq 0 global_irq 2 dfl dfl)
[    0.004000] ACPI: INT_SRC_OVR (bus 0 bus_irq 5 global_irq 5 high level)
[    0.004000] ACPI: INT_SRC_OVR (bus 0 bus_irq 9 global_irq 9 high level)
[    0.004000] ACPI: INT_SRC_OVR (bus 0 bus_irq 10 global_irq 10 high level)
[    0.004000] ACPI: INT_SRC_OVR (bus 0 bus_irq 11 global_irq 11 high level)
[    0.004000] ACPI: Using ACPI (MADT) for SMP configuration information
[    0.004000] ACPI: HPET id: 0x8086a201 base: 0xfed00000
[    0.004000] TSC deadline timer available
[    0.004000] smpboot: Allowing 2 CPUs, 0 hotplug CPUs
[    0.004000] kvm-guest: KVM setup pv remote TLB flush
[    0.004000] kvm-guest: setup PV sched yield
[    0.004000] PM: hibernation: Registered nosave memory: [mem 0x00000000-0x00000fff]
[    0.004000] PM: hibernation: Registered nosave memory: [mem 0x0009f000-0x0009ffff]
[    0.004000] PM: hibernation: Registered nosave memory: [mem 0x000a0000-0x000effff]
[    0.004000] PM: hibernation: Registered nosave memory: [mem 0x000f0000-0x000fffff]
[    0.004000] [mem 0x80000000-0xfeffbfff] available for PCI devices
[    0.004000] Booting paravirtualized kernel on KVM
[    0.004000] clocksource: refined-jiffies: mask: 0xffffffff max_cycles: 0xffffffff, max_idle_ns: 7645519600211568 ns
[    0.004000] setup_percpu: NR_CPUS:8192 nr_cpumask_bits:2 nr_cpu_ids:2 nr_node_ids:1
[    0.004000] percpu: Embedded 65 pages/cpu s229376 r8192 d28672 u1048576
[    0.004000] kvm-guest: PV spinlocks enabled
[    0.004000] PV qspinlock hash table entries: 256 (order: 0, 4096 bytes, linear)
[    0.004000] Fallback order for Node 0: 0 
[    0.004000] Built 1 zonelists, mobility grouping on.  Total pages: 515808
[    0.004000] Policy zone: DMA32
[    0.004000] Kernel command line: net.ifnames=0 console=ttyS0 root=/dev/sda earlyprintk=serial net.ifnames=0
[    0.004000] random: crng init done
[    0.004000] Dentry cache hash table entries: 262144 (order: 9, 2097152 bytes, linear)
[    0.004000] Inode-cache hash table entries: 131072 (order: 8, 1048576 bytes, linear)
[    0.004000] mem auto-init: stack:off, heap alloc:off, heap free:off
[    0.004000] Memory: 1964888K/2096632K available (36864K kernel code, 4578K rwdata, 9848K rodata, 10508K init, 31780K bss, 131488K reserved, 0K cma-reserved)
[    0.004000] SLUB: HWalign=64, Order=0-3, MinObjects=0, CPUs=2, Nodes=1
[    0.004000] kmemleak: Kernel memory leak detector disabled
[    0.004000] ftrace: allocating 68736 entries in 269 pages
[    0.004000] ftrace: allocated 269 pages with 4 groups
[    0.004000] Dynamic Preempt: voluntary
[    0.004000] Running RCU self tests
[    0.004000] Running RCU synchronous self tests
[    0.004000] rcu: Preemptible hierarchical RCU implementation.
[    0.004000] rcu: 	RCU lockdep checking is enabled.
[    0.004000] rcu: 	RCU restricting CPUs from NR_CPUS=8192 to nr_cpu_ids=2.
[    0.004000] 	Trampoline variant of Tasks RCU enabled.
[    0.004000] 	Rude variant of Tasks RCU enabled.
[    0.004000] 	Tracing variant of Tasks RCU enabled.
[    0.004000] rcu: RCU calculated value of scheduler-enlistment delay is 25 jiffies.
[    0.004000] rcu: Adjusting geometry for rcu_fanout_leaf=16, nr_cpu_ids=2
[    0.004000] Running RCU synchronous self tests
[    0.004000] NR_IRQS: 524544, nr_irqs: 440, preallocated irqs: 16
[    0.004000] rcu: srcu_init: Setting srcu_struct sizes based on contention.
[    0.004000] Console: colour VGA+ 80x25
[    0.004000] printk: console [ttyS0] enabled
[    0.004000] printk: console [ttyS0] enabled
[    0.004000] printk: bootconsole [earlyser0] disabled
[    0.004000] printk: bootconsole [earlyser0] disabled
[    0.004000] Lock dependency validator: Copyright (c) 2006 Red Hat, Inc., Ingo Molnar
[    0.004000] ... MAX_LOCKDEP_SUBCLASSES:  8
[    0.004000] ... MAX_LOCK_DEPTH:          48
[    0.004000] ... MAX_LOCKDEP_KEYS:        8192
[    0.004000] ... CLASSHASH_SIZE:          4096
[    0.004000] ... MAX_LOCKDEP_ENTRIES:     32768
[    0.004000] ... MAX_LOCKDEP_CHAINS:      65536
[    0.004000] ... CHAINHASH_SIZE:          32768
[    0.004000]  memory used by lock dependency info: 6365 kB
[    0.004000]  memory used for stack traces: 4224 kB
[    0.004000]  per task-struct memory footprint: 1920 bytes
[    0.004000] ACPI: Core revision 20221020
[    0.004000] clocksource: hpet: mask: 0xffffffff max_cycles: 0xffffffff, max_idle_ns: 19112604467 ns
[    0.004000] APIC: Switch to symmetric I/O mode setup
[    0.004000] x2apic enabled
[    0.004000] Switched APIC routing to physical x2apic.
[    0.004000] kvm-guest: setup PV IPIs
[    0.004000] ..TIMER: vector=0x30 apic1=0 pin1=2 apic2=-1 pin2=-1
[    0.004000] clocksource: tsc-early: mask: 0xffffffffffffffff max_cycles: 0xb9fb05486c, max_idle_ns: 440795231721 ns
[    0.425562] Calibrating delay loop (skipped) preset value.. 1612.80 BogoMIPS (lpj=3225600)
[    0.429549] pid_max: default: 32768 minimum: 301
[    0.430603] LSM: initializing lsm=capability,yama,integrity
[    0.431765] Yama: becoming mindful.
[    0.432748] Mount-cache hash table entries: 4096 (order: 3, 32768 bytes, linear)
[    0.433552] Mountpoint-cache hash table entries: 4096 (order: 3, 32768 bytes, linear)
[    0.437891] CPU0: Thermal monitoring enabled (TM1)
[    0.440858] x86/cpu: User Mode Instruction Prevention (UMIP) activated
[    0.443186] Last level iTLB entries: 4KB 0, 2MB 0, 4MB 0
[    0.445647] Last level dTLB entries: 4KB 0, 2MB 0, 4MB 0, 1GB 0
[    0.447013] Spectre V1 : Mitigation: usercopy/swapgs barriers and __user pointer sanitization
[    0.448765] Spectre V2 : WARNING: Unprivileged eBPF is enabled with eIBRS on, data leaks possible via Spectre v2 BHB attacks!
[    0.449554] Spectre V2 : Mitigation: Enhanced / Automatic IBRS
[    0.450721] Spectre V2 : Spectre v2 / SpectreRSB mitigation: Filling RSB on context switch
[    0.453547] Spectre V2 : Spectre v2 / PBRSB-eIBRS: Retire a single CALL on VMEXIT
[    0.455050] Spectre V2 : mitigation: Enabling conditional Indirect Branch Prediction Barrier
[    0.457548] Speculative Store Bypass: Mitigation: Speculative Store Bypass disabled via prctl
[    0.459254] MMIO Stale Data: Unknown: No mitigations
[    0.617874] Freeing SMP alternatives memory: 56K
[    0.618954] Running RCU synchronous self tests
[    0.619860] Running RCU synchronous self tests
[    0.621490] smpboot: CPU0: Genuine Intel(R) 0000 (family: 0x6, model: 0xb7, stepping: 0x0)
[    0.621544] cblist_init_generic: Setting adjustable number of callback queues.
[    0.621544] cblist_init_generic: Setting shift to 1 and lim to 1.
[    0.621632] cblist_init_generic: Setting shift to 1 and lim to 1.
[    0.622917] cblist_init_generic: Setting shift to 1 and lim to 1.
[    0.624189] Running RCU-tasks wait API self tests
[    0.725800] Performance Events: Alderlake Hybrid events, full-width counters, Intel PMU driver.
[    0.728268] core: cpu_core PMU driver: 
[    0.729005] ... version:                2
[    0.729556] ... bit width:              48
[    0.730321] ... generic registers:      6
[    0.731071] ... value mask:             0000ffffffffffff
[    0.732064] ... max period:             00007fffffffffff
[    0.733047] ... fixed-purpose events:   3
[    0.733558] ... event mask:             0001000f0000003f
[    0.734570] Callback from call_rcu_tasks_trace() invoked.
[    0.735901] rcu: Hierarchical SRCU implementation.
[    0.736798] rcu: 	Max phase no-delay instances is 1000.
[    0.740068] unchecked MSR access error: WRMSR to 0x38f (tried to write 0x0001000f0000003f) at rIP: 0xffffffff810e0c2c (native_write_msr+0xc/0x30)
[    0.741544] Call Trace:
[    0.741544]  <TASK>
[    0.741544]  __intel_pmu_enable_all.constprop.49+0xb5/0x140
[    0.741544]  intel_pmu_enable_all+0x1e/0x30
[    0.741544]  x86_pmu_enable+0x46d/0x5a0
[    0.741544]  ? write_comp_data+0x2f/0x90
[    0.741544]  perf_pmu_enable+0x53/0x70
[    0.741544]  ctx_resched+0x14d/0x1e0
[    0.741544]  __perf_install_in_context+0x2f7/0x470
[    0.741544]  ? lock_is_held_type+0xe6/0x140
[    0.741544]  ? __pfx_remote_function+0x10/0x10
[    0.741544]  remote_function+0x80/0xa0
[    0.741544]  ? __pfx_remote_function+0x10/0x10
[    0.741544]  generic_exec_single+0x124/0x190
[    0.741544]  smp_call_function_single+0x11c/0x240
[    0.741544]  ? __pfx_remote_function+0x10/0x10
[    0.741544]  ? __sanitizer_cov_trace_pc+0x25/0x60
[    0.741544]  ? write_comp_data+0x2f/0x90
[    0.741544]  perf_install_in_context+0x2d8/0x300
[    0.741544]  ? __pfx___perf_install_in_context+0x10/0x10
[    0.741544]  perf_event_create_kernel_counter+0x284/0x2b0
[    0.741544]  ? __pfx_watchdog_overflow_callback+0x10/0x10
[    0.741544]  hardlockup_detector_event_create+0x46/0xd0
[    0.741544]  hardlockup_detector_perf_init+0x18/0x80
[    0.741544]  watchdog_nmi_probe+0x17/0x20
[    0.741544]  lockup_detector_init+0x40/0xb0
[    0.741544]  kernel_init_freeable+0x37e/0x8c0
[    0.741544]  ? __pfx_kernel_init+0x10/0x10
[    0.741544]  kernel_init+0x24/0x1e0
[    0.741544]  ? __pfx_kernel_init+0x10/0x10
[    0.741544]  ret_from_fork+0x29/0x50
[    0.741544]  </TASK>
[    0.741767] smp: Bringing up secondary CPUs ...
[    0.744243] x86: Booting SMP configuration:
[    0.745092] .... node  #0, CPUs:      #1
[    0.745821] smp: Brought up 1 node, 2 CPUs
[    0.747300] smpboot: Max logical packages: 1
[    0.748125] smpboot: Total of 2 processors activated (3225.60 BogoMIPS)
[    0.756183] devtmpfs: initialized
[    0.757805] x86/mm: Memory block size: 128MB
[    0.761709] Running RCU synchronous self tests
[    0.762579] Running RCU synchronous self tests
[    0.763480] clocksource: jiffies: mask: 0xffffffff max_cycles: 0xffffffff, max_idle_ns: 7645041785100000 ns
[    0.765356] futex hash table entries: 512 (order: 4, 65536 bytes, linear)
[    0.765935] pinctrl core: initialized pinctrl subsystem
[    0.767587] 
[    0.767902] *************************************************************
[    0.769200] **     NOTICE NOTICE NOTICE NOTICE NOTICE NOTICE NOTICE    **
[    0.769553] **                                                         **
[    0.770853] **  IOMMU DebugFS SUPPORT HAS BEEN ENABLED IN THIS KERNEL  **
[    0.772150] **                                                         **
[    0.773440] ** This means that this kernel is built to expose internal **
[    0.773551] ** IOMMU data structures, which may compromise security on **
[    0.774845] ** your system.                                            **
[    0.776135] **                                                         **
[    0.777430] ** If you see this message and you are not debugging the   **
[    0.777555] ** kernel, report this immediately to your vendor!         **
[    0.778848] **                                                         **
[    0.780142] **     NOTICE NOTICE NOTICE NOTICE NOTICE NOTICE NOTICE    **
[    0.781434] *************************************************************
[    0.781682] PM: RTC time: 17:07:03, date: 2023-03-19
[    0.786148] NET: Registered PF_NETLINK/PF_ROUTE protocol family
[    0.788034] DMA: preallocated 256 KiB GFP_KERNEL pool for atomic allocations
[    0.789417] DMA: preallocated 256 KiB GFP_KERNEL|GFP_DMA pool for atomic allocations
[    0.789562] DMA: preallocated 256 KiB GFP_KERNEL|GFP_DMA32 pool for atomic allocations
[    0.791125] audit: initializing netlink subsys (disabled)
[    0.792243] audit: type=2000 audit(1679245624.501:1): state=initialized audit_enabled=0 res=1
[    0.792243] thermal_sys: Registered thermal governor 'fair_share'
[    0.793558] thermal_sys: Registered thermal governor 'bang_bang'
[    0.794733] thermal_sys: Registered thermal governor 'step_wise'
[    0.795889] thermal_sys: Registered thermal governor 'user_space'
[    0.797119] cpuidle: using governor ladder
[    0.798365] cpuidle: using governor menu
[    0.799605] acpiphp: ACPI Hot Plug PCI Controller Driver version: 0.5
[    0.801255] PCI: Using configuration type 1 for base access
[    0.802593] kprobes: kprobe jump-optimization is enabled. All kprobes are optimized if possible.
[    1.100215] HugeTLB: registered 1.00 GiB page size, pre-allocated 0 pages
[    1.101568] HugeTLB: 16380 KiB vmemmap can be freed for a 1.00 GiB page
[    1.103363] HugeTLB: registered 2.00 MiB page size, pre-allocated 0 pages
[    1.105178] HugeTLB: 28 KiB vmemmap can be freed for a 2.00 MiB page
[    1.107894] ACPI: Added _OSI(Module Device)
[    1.109080] ACPI: Added _OSI(Processor Device)
[    1.109563] ACPI: Added _OSI(3.0 _SCP Extensions)
[    1.110832] ACPI: Added _OSI(Processor Aggregator Device)
[    1.119301] ACPI: 1 ACPI AML tables successfully acquired and loaded
[    4.221589] Callback from call_rcu_tasks_rude() invoked.
[    4.294255] ACPI: Interpreter enabled
[    4.295537] ACPI: PM: (supports S0 S3 S4 S5)
[    4.296735] ACPI: Using IOAPIC for interrupt routing
[    4.297643] PCI: Using host bridge windows from ACPI; if necessary, use "pci=nocrs" and report a bug
[    4.300135] PCI: Using E820 reservations for host bridge windows
[    4.302526] ACPI: Enabled 2 GPEs in block 00 to 0F
[    4.305658] Callback from call_rcu_tasks() invoked.
[    4.327016] ACPI: PCI Root Bridge [PCI0] (domain 0000 [bus 00-ff])
[    4.328772] acpi PNP0A03:00: _OSC: OS supports [ASPM ClockPM Segments MSI EDR HPX-Type3]
[    4.329567] acpi PNP0A03:00: _OSC: not requesting OS control; OS requires [ExtendedConfig ASPM ClockPM MSI]
[    4.332265] acpi PNP0A03:00: fail to add MMCONFIG information, can't access extended configuration space under this bridge
[    4.336750] acpiphp: Slot [3] registered
[    4.337655] acpiphp: Slot [4] registered
[    4.338811] acpiphp: Slot [5] registered
[    4.340011] acpiphp: Slot [6] registered
[    4.341173] acpiphp: Slot [7] registered
[    4.341652] acpiphp: Slot [8] registered
[    4.342814] acpiphp: Slot [9] registered
[    4.343986] acpiphp: Slot [10] registered
[    4.345184] acpiphp: Slot [11] registered
[    4.345649] acpiphp: Slot [12] registered
[    4.346850] acpiphp: Slot [13] registered
[    4.348056] acpiphp: Slot [14] registered
[    4.349254] acpiphp: Slot [15] registered
[    4.349654] acpiphp: Slot [16] registered
[    4.350862] acpiphp: Slot [17] registered
[    4.352070] acpiphp: Slot [18] registered
[    4.353266] acpiphp: Slot [19] registered
[    4.353649] acpiphp: Slot [20] registered
[    4.354846] acpiphp: Slot [21] registered
[    4.356052] acpiphp: Slot [22] registered
[    4.357255] acpiphp: Slot [23] registered
[    4.357650] acpiphp: Slot [24] registered
[    4.358845] acpiphp: Slot [25] registered
[    4.360072] acpiphp: Slot [26] registered
[    4.361273] acpiphp: Slot [27] registered
[    4.361652] acpiphp: Slot [28] registered
[    4.362870] acpiphp: Slot [29] registered
[    4.364068] acpiphp: Slot [30] registered
[    4.365270] acpiphp: Slot [31] registered
[    4.365603] PCI host bridge to bus 0000:00
[    4.366737] pci_bus 0000:00: root bus resource [io  0x0000-0x0cf7 window]
[    4.368588] pci_bus 0000:00: root bus resource [io  0x0d00-0xffff window]
[    4.369576] pci_bus 0000:00: root bus resource [mem 0x000a0000-0x000bffff window]
[    4.371631] pci_bus 0000:00: root bus resource [mem 0x80000000-0xfebfffff window]
[    4.373561] pci_bus 0000:00: root bus resource [mem 0x100000000-0x17fffffff window]
[    4.375655] pci_bus 0000:00: root bus resource [bus 00-ff]
[    4.377378] pci 0000:00:00.0: [8086:1237] type 00 class 0x060000
[    4.382170] pci 0000:00:01.0: [8086:7000] type 00 class 0x060100
[    4.385488] pci 0000:00:01.1: [8086:7010] type 00 class 0x010180
[    4.387920] pci 0000:00:01.1: reg 0x20: [io  0xc040-0xc04f]
[    4.390416] pci 0000:00:01.1: legacy IDE quirk: reg 0x10: [io  0x01f0-0x01f7]
[    4.392370] pci 0000:00:01.1: legacy IDE quirk: reg 0x14: [io  0x03f6]
[    4.393561] pci 0000:00:01.1: legacy IDE quirk: reg 0x18: [io  0x0170-0x0177]
[    4.395532] pci 0000:00:01.1: legacy IDE quirk: reg 0x1c: [io  0x0376]
[    4.398203] pci 0000:00:01.3: [8086:7113] type 00 class 0x068000
[    4.400927] pci 0000:00:01.3: quirk: [io  0x0600-0x063f] claimed by PIIX4 ACPI
[    4.401580] pci 0000:00:01.3: quirk: [io  0x0700-0x070f] claimed by PIIX4 SMB
[    4.404115] pci 0000:00:02.0: [1234:1111] type 00 class 0x030000
[    4.410092] pci 0000:00:02.0: reg 0x10: [mem 0xfd000000-0xfdffffff pref]
[    4.416615] pci 0000:00:02.0: reg 0x18: [mem 0xfebf0000-0xfebf0fff]
[    4.425540] pci 0000:00:02.0: reg 0x30: [mem 0xfebe0000-0xfebeffff pref]
[    4.426386] pci 0000:00:02.0: Video device with shadowed ROM at [mem 0x000c0000-0x000dffff]
[    4.434737] pci 0000:00:03.0: [8086:100e] type 00 class 0x020000
[    4.438597] pci 0000:00:03.0: reg 0x10: [mem 0xfebc0000-0xfebdffff]
[    4.441381] pci 0000:00:03.0: reg 0x14: [io  0xc000-0xc03f]
[    4.446073] pci 0000:00:03.0: reg 0x30: [mem 0xfeb80000-0xfebbffff pref]
[    4.500253] ACPI: PCI: Interrupt link LNKA configured for IRQ 10
[    4.502085] ACPI: PCI: Interrupt link LNKB configured for IRQ 10
[    4.504197] ACPI: PCI: Interrupt link LNKC configured for IRQ 11
[    4.506087] ACPI: PCI: Interrupt link LNKD configured for IRQ 11
[    4.508030] ACPI: PCI: Interrupt link LNKS configured for IRQ 9
[    4.511870] iommu: Default domain type: Translated 
[    4.511870] iommu: DMA domain TLB invalidation policy: lazy mode 
[    4.515968] SCSI subsystem initialized
[    4.517964] ACPI: bus type USB registered
[    4.519155] usbcore: registered new interface driver usbfs
[    4.521615] usbcore: registered new interface driver hub
[    4.523023] usbcore: registered new device driver usb
[    4.524491] pps_core: LinuxPPS API ver. 1 registered
[    4.525554] pps_core: Software ver. 5.3.6 - Copyright 2005-2007 Rodolfo Giometti <giometti@linux.it>
[    4.527912] PTP clock support registered
[    4.529074] EDAC MC: Ver: 3.0.0
[    4.531944] NetLabel: Initializing
[    4.532875] NetLabel:  domain hash size = 128
[    4.534683] NetLabel:  protocols = UNLABELED CIPSOv4 CALIPSO
[    4.536277] NetLabel:  unlabeled traffic allowed by default
[    4.537955] PCI: Using ACPI for IRQ routing
[    4.541698] pci 0000:00:02.0: vgaarb: setting as boot VGA device
[    4.543250] pci 0000:00:02.0: vgaarb: bridge control possible
[    4.544762] pci 0000:00:02.0: vgaarb: VGA device added: decodes=io+mem,owns=io+mem,locks=none
[    4.545574] vgaarb: loaded
[    4.549816] hpet0: at MMIO 0xfed00000, IRQs 2, 8, 0
[    4.551220] hpet0: 3 comparators, 64-bit 100.000000 MHz counter
[    4.557126] clocksource: Switched to clocksource kvm-clock
[    4.560109] VFS: Disk quotas dquot_6.6.0
[    4.561334] VFS: Dquot-cache hash table entries: 512 (order 0, 4096 bytes)
[    4.563854] pnp: PnP ACPI init
[    4.567228] pnp: PnP ACPI: found 6 devices
[    4.580429] clocksource: acpi_pm: mask: 0xffffff max_cycles: 0xffffff, max_idle_ns: 2085701024 ns
[    4.583448] NET: Registered PF_INET protocol family
[    4.585077] IP idents hash table entries: 32768 (order: 6, 262144 bytes, linear)
[    4.588778] tcp_listen_portaddr_hash hash table entries: 1024 (order: 4, 73728 bytes, linear)
[    4.591206] Table-perturb hash table entries: 65536 (order: 6, 262144 bytes, linear)
[    4.593324] TCP established hash table entries: 16384 (order: 5, 131072 bytes, linear)
[    4.595999] TCP bind hash table entries: 16384 (order: 9, 2359296 bytes, linear)
[    4.605948] TCP: Hash tables configured (established 16384 bind 16384)
[    4.608375] UDP hash table entries: 1024 (order: 5, 163840 bytes, linear)
[    4.610756] UDP-Lite hash table entries: 1024 (order: 5, 163840 bytes, linear)
[    4.613616] NET: Registered PF_UNIX/PF_LOCAL protocol family
[    4.616553] RPC: Registered named UNIX socket transport module.
[    4.618506] RPC: Registered udp transport module.
[    4.619784] RPC: Registered tcp transport module.
[    4.621061] RPC: Registered tcp NFSv4.1 backchannel transport module.
[    4.622963] pci_bus 0000:00: resource 4 [io  0x0000-0x0cf7 window]
[    4.624611] pci_bus 0000:00: resource 5 [io  0x0d00-0xffff window]
[    4.626259] pci_bus 0000:00: resource 6 [mem 0x000a0000-0x000bffff window]
[    4.628043] pci_bus 0000:00: resource 7 [mem 0x80000000-0xfebfffff window]
[    4.629889] pci_bus 0000:00: resource 8 [mem 0x100000000-0x17fffffff window]
[    4.632128] pci 0000:00:01.0: PIIX3: Enabling Passive Release
[    4.633771] pci 0000:00:00.0: Limiting direct PCI/PCI transfers
[    4.635603] PCI: CLS 0 bytes, default 64
[    4.637412] ACPI: bus type thunderbolt registered
[    4.639333] clocksource: tsc: mask: 0xffffffffffffffff max_cycles: 0xb9fb05486c, max_idle_ns: 440795231721 ns
[    4.783967] Initialise system trusted keyrings
[    4.785525] Key type blacklist registered
[    4.787248] workingset: timestamp_bits=36 max_order=19 bucket_order=0
[    4.789251] zbud: loaded
[    4.791367] squashfs: version 4.0 (2009/01/31) Phillip Lougher
[    4.794708] NFS: Registering the id_resolver key type
[    4.796147] Key type id_resolver registered
[    4.797346] Key type id_legacy registered
[    4.798568] nfs4filelayout_init: NFSv4 File Layout Driver Registering...
[    4.800466] nfs4flexfilelayout_init: NFSv4 Flexfile Layout Driver Registering...
[    4.802993] fuse: init (API version 7.38)
[    4.804624] SGI XFS with ACLs, security attributes, realtime, quota, no debug enabled
[    4.808348] 9p: Installing v9fs 9p2000 file system support
[    4.818662] Key type asymmetric registered
[    4.819872] Asymmetric key parser 'x509' registered
[    4.821374] Block layer SCSI generic (bsg) driver version 0.4 loaded (major 243)
[    4.824392] io scheduler mq-deadline registered
[    4.825990] io scheduler bfq registered
[    4.827945] shpchp: Standard Hot Plug PCI Controller Driver version: 0.4
[    4.830610] IPMI message handler: version 39.2
[    4.831925] ipmi device interface
[    4.835631] input: Power Button as /devices/LNXSYSTM:00/LNXPWRBN:00/input/input0
[    4.838432] ACPI: button: Power Button [PWRF]
[    4.842055] ERST DBG: ERST support is disabled.
[    4.844639] Serial: 8250/16550 driver, 32 ports, IRQ sharing enabled
[    4.847999] 00:04: ttyS0 at I/O 0x3f8 (irq = 4, base_baud = 115200) is a 16550A
[    4.867577] Linux agpgart interface v0.103
[    4.870648] ACPI: bus type drm_connector registered
[    4.894136] brd: module loaded
[    4.909667] loop: module loaded
[    4.919510] scsi host0: ata_piix
[    4.921531] scsi host1: ata_piix
[    4.922842] ata1: PATA max MWDMA2 cmd 0x1f0 ctl 0x3f6 bmdma 0xc040 irq 14
[    4.924695] ata2: PATA max MWDMA2 cmd 0x170 ctl 0x376 bmdma 0xc048 irq 15
[    4.928195] tun: Universal TUN/TAP device driver, 1.6
[    4.930041] e100: Intel(R) PRO/100 Network Driver
[    4.931331] e100: Copyright(c) 1999-2006 Intel Corporation
[    4.932928] e1000: Intel(R) PRO/1000 Network Driver
[    4.934312] e1000: Copyright (c) 1999-2006 Intel Corporation.
[    5.086155] ata1: found unknown device (class 0)
[    5.088514] ata2: found unknown device (class 0)
[    5.090931] ata1.00: ATA-7: QEMU HARDDISK, 2.5+, max UDMA/100
[    5.092545] ata1.00: 16777216 sectors, multi 16: LBA48 
[    5.094966] ata2.00: ATAPI: QEMU DVD-ROM, 2.5+, max UDMA/100
[    5.099322] scsi 0:0:0:0: Direct-Access     ATA      QEMU HARDDISK    2.5+ PQ: 0 ANSI: 5
[    5.103005] scsi 0:0:0:0: Attached scsi generic sg0 type 0
[    5.114609] sd 0:0:0:0: [sda] 16777216 512-byte logical blocks: (8.59 GB/8.00 GiB)
[    5.114614] scsi 1:0:0:0: CD-ROM            QEMU     QEMU DVD-ROM     2.5+ PQ: 0 ANSI: 5
[    5.119832] sd 0:0:0:0: [sda] Write Protect is off
[    5.121237] sd 0:0:0:0: [sda] Write cache: enabled, read cache: enabled, doesn't support DPO or FUA
[    5.123857] sd 0:0:0:0: [sda] Preferred minimum I/O size 512 bytes
[    5.143052] scsi 1:0:0:0: Attached scsi generic sg1 type 5
[    5.153102] sd 0:0:0:0: [sda] Attached SCSI disk
[    5.249171] ACPI: \_SB_.LNKC: Enabled at IRQ 11
[    5.651547] e1000 0000:00:03.0 eth0: (PCI:33MHz:32-bit) 52:54:00:12:34:56
[    5.653504] e1000 0000:00:03.0 eth0: Intel(R) PRO/1000 Network Connection
[    5.655522] e1000e: Intel(R) PRO/1000 Network Driver
[    5.656883] e1000e: Copyright(c) 1999 - 2015 Intel Corporation.
[    5.658604] igb: Intel(R) Gigabit Ethernet Network Driver
[    5.660054] igb: Copyright (c) 2007-2014 Intel Corporation.
[    5.661694] PPP generic driver version 2.4.2
[    5.664327] VFIO - User Level meta-driver version: 0.3
[    5.666997] usbcore: registered new interface driver uas
[    5.668447] usbcore: registered new interface driver usb-storage
[    5.670378] i8042: PNP: PS/2 Controller [PNP0303:KBD,PNP0f13:MOU] at 0x60,0x64 irq 1,12
[    5.674414] serio: i8042 KBD port at 0x60,0x64 irq 1
[    5.675812] serio: i8042 AUX port at 0x60,0x64 irq 12
[    5.678927] mousedev: PS/2 mouse device common for all mice
[    5.682130] rtc_cmos 00:05: RTC can wake from S4
[    5.682455] input: AT Translated Set 2 keyboard as /devices/platform/i8042/serio0/input/input1
[    5.686328] rtc_cmos 00:05: registered as rtc0
[    5.687904] rtc_cmos 00:05: setting system clock to 2023-03-19T17:07:08 UTC (1679245628)
[    5.690757] rtc_cmos 00:05: alarms up to one day, y3k, 242 bytes nvram, hpet irqs
[    5.691383] input: VirtualPS/2 VMware VMMouse as /devices/platform/i8042/serio1/input/input4
[    5.692884] i2c_dev: i2c /dev entries driver
[    5.696696] device-mapper: core: CONFIG_IMA_DISABLE_HTABLE is disabled. Duplicate IMA measurements will not be recorded in the IMA log.
[    5.697024] input: VirtualPS/2 VMware VMMouse as /devices/platform/i8042/serio1/input/input3
[    5.700157] device-mapper: uevent: version 1.0.3
[    5.703932] device-mapper: ioctl: 4.47.0-ioctl (2022-07-28) initialised: dm-devel@redhat.com
[    5.706263] intel_pstate: CPU model not supported
[    5.707651] sdhci: Secure Digital Host Controller Interface driver
[    5.709282] sdhci: Copyright(c) Pierre Ossman
[    5.710598] sdhci-pltfm: SDHCI platform and OF driver helper
[    5.712238] ledtrig-cpu: registered to indicate activity on CPUs
[    5.714537] drop_monitor: Initializing network drop monitor service
[    5.716732] NET: Registered PF_INET6 protocol family
[    5.724280] Segment Routing with IPv6
[    5.725385] In-situ OAM (IOAM) with IPv6
[    5.726623] NET: Registered PF_PACKET protocol family
[    5.728278] 9pnet: Installing 9P2000 support
[    5.729644] Key type dns_resolver registered
[    5.732408] IPI shorthand broadcast: enabled
[    5.753816] sched_clock: Marking stable (5340010802, 413544547)->(5944842830, -191287481)
[    5.757100] registered taskstats version 1
[    5.758810] Loading compiled-in X.509 certificates
[    5.761769] zswap: loaded using pool lzo/zbud
[    5.785125] Key type .fscrypt registered
[    5.786294] Key type fscrypt-provisioning registered
[    5.789543] Key type encrypted registered
[    5.790743] ima: No TPM chip found, activating TPM-bypass!
[    5.792217] ima: Allocated hash algorithm: sha1
[    5.793540] ima: No architecture policies found
[    5.794907] evm: Initialising EVM extended attributes:
[    5.796255] evm: security.selinux
[    5.797151] evm: security.SMACK64
[    5.798072] evm: security.SMACK64EXEC
[    5.799056] evm: security.SMACK64TRANSMUTE
[    5.800157] evm: security.SMACK64MMAP
[    5.801155] evm: security.apparmor
[    5.802100] evm: security.ima
[    5.802905] evm: security.capability
[    5.803867] evm: HMAC attrs: 0x1
[    5.807240] PM:   Magic number: 15:277:138
[    5.808428] block ram3: hash matches
[    5.810108] RAS: Correctable Errors collector initialized.
[    5.813955] md: Waiting for all devices to be available before autodetect
[    5.815209] md: If you don't use raid, use raid=noautodetect
[    5.816269] md: Autodetecting RAID arrays.
[    5.817059] md: autorun ...
[    5.817657] md: ... autorun DONE.
[    5.831383] EXT4-fs (sda): mounted filesystem 23a53bb9-f815-47a5-b74c-5e08f7731193 with ordered data mode. Quota mode: none.
[    5.833659] VFS: Mounted root (ext4 filesystem) readonly on device 8:0.
[    5.838822] devtmpfs: mounted
[    5.851588] Freeing unused decrypted memory: 2036K
[    5.873822] Freeing unused kernel image (initmem) memory: 10508K
[    5.874988] Write protecting the kernel read-only data: 47104k
[    5.878626] Freeing unused kernel image (rodata/data gap) memory: 392K
[    6.012523] x86/mm: Checked W+X mappings: passed, no W+X pages found.
[    6.013776] Run /sbin/init as init process
[    6.211210] systemd[1]: RTC configured in localtime, applying delta of 0 minutes to system time.
[    6.275207] systemd[1]: systemd 239 (239-49.el8) running in system mode. (+PAM +AUDIT +SELINUX +IMA -APPARMOR +SMACK +SYSVINIT +UTMP +LIBCRYPTSETUP +GCRYPT +GNUTLS +ACL +XZ +LZ4 +SECCOMP +BLKID +ELFUTILS +KMOD +IDN2 -IDN +PCRE2 default-hierarchy=legacy)
[    6.279178] systemd[1]: Detected virtualization kvm.
[    6.280015] systemd[1]: Detected architecture x86-64.

Welcome to [0;31mCentOS Stream 8[0m!

[    6.359716] systemd[1]: Set hostname to <test>.
[    6.836397] systemd[1]: Listening on multipathd control socket.
[[0;32m  OK  [0m] Listening on multipathd control socket.
[    6.839866] systemd[1]: Listening on Journal Socket.
[[0;32m  OK  [0m] Listening on Journal Socket.
[    6.843019] systemd[1]: Set up automount Arbitrary Executable File Formats File System Automount Point.
[[0;32m  OK  [0m] Set up automount Arbitrary Executabâ€¦rmats File System Automount Point.
[    6.847319] systemd[1]: Listening on Device-mapper event daemon FIFOs.
[[0;32m  OK  [0m] Listening on Device-mapper event daemon FIFOs.
[    6.882343] systemd[1]: Starting Monitoring of LVM2 mirrors, snapshots etc. using dmeventd or progress polling...
         Starting Monitoring of LVM2 mirrorsâ€¦ng dmeventd or progress polling...
[    6.891216] systemd[1]: Starting Remount Root and Kernel File Systems...
         Starting Remount Root and Kernel File Systems...
         Mounting Huge Pages File System...
[[0;32m  OK  [0m] Created slice User and Session Slice.
         Mounting POSIX Message Queue File System...
[[0;32m  OK  [0m] Created slice system-serial\x2dgetty.slice.
         Starting Load Kernel Modules...
[[0;32m  OK  [0m] Reached target Swap.
[[0;32m  OK  [0m] Listening on udev Kernel Socket.
[[0;32m  OK  [0m] Listening on udev Control Socket.
[[0;32m  OK  [0m] Listening on LVM2 poll daemon socket.
[[0;32m  OK  [0m] Listening on initctl Compatibility Named Pipe.
[[0;32m  OK  [0m] Reached target Slices.
[[0;32m  OK  [0m] Created slice system-getty.slice.
[[0;32m  OK  [0m] Listening on RPCbind Server Activation Socket.
[[0;32m  OK  [0m] Reached target RPC Port Mapper.
         Starting udev Coldplug all Devices...
[[0;32m  OK  [0m] Created slice system-sshd\x2dkeygen.slice.
[[0;32m  OK  [0m] Listening on Process Core Dump Socket.
[[0;32m  OK  [0m] Started Forward Password Requests to Wall Directory Watch.
         Starting Setup Virtual Console...
         Mounting Kernel Debug File System...
[[0;32m  OK  [0m] Listening on Journal Socket (/dev/log).
         Starting Journal Service...
[    7.246234] EXT4-fs (sda): re-mounted 23a53bb9-f815-47a5-b74c-5e08f7731193. Quota mode: none.
[[0;32m  OK  [0m] Started Monitoring of LVM2 mirrors,â€¦sing dmeventd or progress polling.
[[0;32m  OK  [0m] Started Journal Service.
[[0;32m  OK  [0m] Started Remount Root and Kernel File Systems.
[[0;32m  OK  [0m] Mounted Huge Pages File System.
[[0;32m  OK  [0m] Mounted POSIX Message Queue File System.
[[0;1;31mFAILED[0m] Failed to start Load Kernel Modules.
See 'systemctl status systemd-modules-load.service' for details.
[[0;32m  OK  [0m] Mounted Kernel Debug File System.
         Starting Apply Kernel Variables...
         Mounting Kernel Configuration File System...
         Mounting FUSE Control File System...
         Starting Create Static Device Nodes in /dev...
         Starting Load/Save Random Seed...
         Starting Flush Journal to Persistent Storage...
[[0;32m  OK  [0m] Started Setup Virtual Console.
[[0;32m  OK  [0m] Started udev Coldplug all Devices.
[[0;32m  OK  [0m] Started Apply Kernel Variables.
[[0;32m  OK  [0m] Mounted Kernel Configuration File System.
[[0;32m  OK  [0m] Mounted FUSE Control File System.
[[0;32m  OK  [0m] Started Create Static Device Nodes in /dev.
[[0;32m  OK  [0m] Started Load/Save Random Seed.
         Starting udev Kernel Device Manager...
         Starting udev Wait for Complete Device Initialization...
[[0;32m  OK  [0m] Started Flush Journal to Persistent Storage.
[[0;32m  OK  [0m] Started udev Kernel Device Manager.
         Starting Show Plymouth Boot Screen...
[[0;32m  OK  [0m] Started Show Plymouth Boot Screen.
[[0;32m  OK  [0m] Started Forward Password Requests to Plymouth Directory Watch.
[[0;32m  OK  [0m] Reached target Paths.
[[0;32m  OK  [0m] Reached target Local Encrypted Volumes.
[[0;32m  OK  [0m] Found device /dev/ttyS0.
[[0;32m  OK  [0m] Started udev Wait for Complete Device Initialization.
[[0;32m  OK  [0m] Reached target Local File Systems (Pre).
[[0;32m  OK  [0m] Reached target Local File Systems.
         Starting Tell Plymouth To Write Out Runtime Data...
         Starting Create Volatile Files and Directories...
         Starting Restore /run/initramfs on shutdown...
[[0;32m  OK  [0m] Listening on Load/Save RF Kill Switch Status /dev/rfkill Watch.
[[0;32m  OK  [0m] Started Tell Plymouth To Write Out Runtime Data.
[[0;32m  OK  [0m] Started Create Volatile Files and Directories.
[[0;32m  OK  [0m] Started Restore /run/initramfs on shutdown.
         Starting RPC Bind...
         Starting Security Auditing Service...
         Mounting RPC Pipe File System...
[[0;32m  OK  [0m] Mounted RPC Pipe File System.
[[0;32m  OK  [0m] Reached target rpc_pipefs.target.
[[0;32m  OK  [0m] Started RPC Bind.
[[0;32m  OK  [0m] Started Security Auditing Service.
         Starting Update UTMP about System Boot/Shutdown...
[[0;32m  OK  [0m] Started Update UTMP about System Boot/Shutdown.
[[0;32m  OK  [0m] Reached target System Initialization.
[[0;32m  OK  [0m] Listening on SSSD Kerberos Cache Manager responder socket.
[[0;32m  OK  [0m] Started Daily Cleanup of Temporary Directories.
[[0;32m  OK  [0m] Started daily update of the root trust anchor for DNSSEC.
[[0;32m  OK  [0m] Started dnf makecache --timer.
[[0;32m  OK  [0m] Reached target Timers.
[[0;32m  OK  [0m] Listening on D-Bus System Message Bus Socket.
[[0;32m  OK  [0m] Reached target Sockets.
[[0;32m  OK  [0m] Reached target Basic System.
         Starting NTP client/server...
[[0;32m  OK  [0m] Started Machine Check Exception Logging Daemon.
         Starting Auto-connect to subsystemsâ€¦-NVME devices found during boot...
         Starting Self Monitoring and Reporting Technology (SMART) Daemon...
         Starting Authorization Manager...
[[0;32m  OK  [0m] Reached target sshd-keygen.target.
[[0;32m  OK  [0m] Started irqbalance daemon.
         Starting Login Service...
[[0;32m  OK  [0m] Started D-Bus System Message Bus.
         Starting Network Manager...
[[0;32m  OK  [0m] Started Self Monitoring and Reporting Technology (SMART) Daemon.
[[0;32m  OK  [0m] Started Auto-connect to subsystems â€¦FC-NVME devices found during boot.
         Starting update of the root trust aâ€¦or DNSSEC validation in unbound...
[[0;32m  OK  [0m] Started Login Service.
[[0;32m  OK  [0m] Started NTP client/server.
[[0;32m  OK  [0m] Started Network Manager.
[[0;32m  OK  [0m] Reached target Network.
         Starting Dynamic System Tuning Daemon...
         Starting GSSAPI Proxy Daemon...
         Starting OpenSSH server daemon...
         Starting Network Manager Wait Online...
[[0;32m  OK  [0m] Started update of the root trust anâ€¦ for DNSSEC validation in unbound.
[[0;32m  OK  [0m] Started GSSAPI Proxy Daemon.
[[0;32m  OK  [0m] Reached target NFS client services.
[[0;32m  OK  [0m] Reached target Remote File Systems (Pre).
[[0;32m  OK  [0m] Reached target Remote File Systems.
         Starting Permit User Sessions...
         Starting Hostname Service...
[[0;32m  OK  [0m] Started Authorization Manager.
[[0;32m  OK  [0m] Started OpenSSH server daemon.
[[0;32m  OK  [0m] Started Permit User Sessions.
         Starting Hold until boot process finishes up...
         Starting Terminate Plymouth Boot Screen...
[[0;32m  OK  [0m] Started Command Scheduler.
[[0;32m  OK  [0m] Started Hold until boot process finishes up.
[[0;32m  OK  [0m] Started Terminate Plymouth Boot Screen.
[   11.198025] e1000: eth0 NIC Link is Up 1000 Mbps Full Duplex, Flow Control: RX
[   11.200701] IPv6: ADDRCONF(NETDEV_CHANGE): eth0: link becomes ready
[   11.655804] Spectre V2 : WARNING: Unprivileged eBPF is enabled with eIBRS on, data leaks possible via Spectre v2 BHB attacks!
[   11.657924] Spectre V2 : WARNING: Unprivileged eBPF is enabled with eIBRS on, data leaks possible via Spectre v2 BHB attacks!

CentOS Stream 8
Kernel 6.3.0-rc1-b0d14d2aaf7d+ on an x86_64

test login: [   24.079976] memfd_create() without MFD_EXEC nor MFD_NOEXEC_SEAL, pid=336 'systemd'
[   29.029809] loop0: detected capacity change from 0 to 65536
[   29.035438] XFS (loop0): Mounting V5 Filesystem d6f69dbd-8c5d-46be-b88e-92c0ae88ceb2
[   29.047698] XFS (loop0): Ending clean mount
[   29.050047] XFS (loop0): Quotacheck needed: Please wait.
[   29.058536] XFS (loop0): Quotacheck: Done.
[   29.130940] XFS (loop0): Metadata CRC error detected at xfs_agf_read_verify+0x10e/0x140, xfs_agf block 0x8001 
[   29.132918] XFS (loop0): Unmount and run xfs_repair
[   29.133889] XFS (loop0): First 128 bytes of corrupted metadata buffer:
[   29.135090] 00000000: 58 41 47 46 00 00 00 01 00 00 00 01 00 00 40 00  XAGF..........@.
[   29.136535] 00000010: 00 00 00 02 00 00 00 03 00 00 00 00 00 00 00 01  ................
[   29.138020] 00000020: 00 00 00 01 00 00 00 00 00 00 00 01 00 00 00 04  ................
[   29.139470] 00000030: 00 00 00 04 00 00 3b 5f 00 00 3b 5c 00 00 00 00  ......;_..;\....
[   29.140927] 00000040: d6 f6 9d bd 8c 5d 46 be b8 8e 92 c0 ae 88 ce b2  .....]F.........
[   29.142402] 00000050: 00 00 00 00 00 00 00 00 00 00 00 00 00 00 00 00  ................
[   29.143848] 00000060: 00 00 00 00 00 00 00 00 00 00 00 00 00 00 00 00  ................
[   29.145293] 00000070: 00 00 00 00 00 00 00 00 00 00 00 00 00 00 00 00  ................
[   29.146799] XFS (loop0): metadata I/O error in "xfs_read_agf+0xd0/0x2c0" at daddr 0x8001 len 1 error 74
[   29.148684] XFS (loop0): page discard on page 000000009b5de0de, inode 0x46, pos 0.
[   29.215234] XFS (loop0): Unmounting Filesystem d6f69dbd-8c5d-46be-b88e-92c0ae88ceb2
[   29.241776] XFS (loop0): Internal error atomic_read(&pag->pag_active_ref) != 0 at line 257 of file fs/xfs/libxfs/xfs_ag.c.  Caller xfs_free_perag+0x10b/0x180
[   29.244292] CPU: 1 PID: 528 Comm: repro Not tainted 6.3.0-rc1-b0d14d2aaf7d+ #1
[   29.245620] Hardware name: QEMU Standard PC (i440FX + PIIX, 1996), BIOS rel-1.16.0-0-gd239552ce722-prebuilt.qemu.org 04/01/2014
[   29.247657] Call Trace:
[   29.248121]  <TASK>
[   29.248544]  dump_stack_lvl+0xe0/0x110
[   29.249304]  dump_stack+0x19/0x20
[   29.249934]  xfs_corruption_error+0xd6/0xe0
[   29.250743]  ? xfs_free_perag+0x10b/0x180
[   29.251496]  xfs_free_perag+0x13e/0x180
[   29.252210]  ? xfs_free_perag+0x10b/0x180
[   29.252970]  xfs_unmountfs+0xfb/0x1f0
[   29.253669]  xfs_fs_put_super+0x5a/0x120
[   29.254418]  ? __pfx_xfs_fs_put_super+0x10/0x10
[   29.255262]  generic_shutdown_super+0xac/0x240
[   29.256117]  kill_block_super+0x43/0x80
[   29.256856]  deactivate_locked_super+0x52/0xb0
[   29.257683]  deactivate_super+0xb3/0xd0
[   29.258402]  cleanup_mnt+0x15e/0x1e0
[   29.259098]  __cleanup_mnt+0x1f/0x30
[   29.259775]  task_work_run+0xb6/0x120
[   29.260489]  do_exit+0x547/0x1360
[   29.261141]  ? __this_cpu_preempt_check+0x20/0x30
[   29.262034]  ? lockdep_hardirqs_on+0x8a/0x110
[   29.262850]  do_group_exit+0x5e/0xf0
[   29.263522]  __x64_sys_exit_group+0x25/0x30
[   29.264291]  do_syscall_64+0x3b/0x90
[   29.264980]  entry_SYSCALL_64_after_hwframe+0x72/0xdc
[   29.265956] RIP: 0033:0x7fcb5fc07cf6
[   29.266639] Code: Unable to access opcode bytes at 0x7fcb5fc07ccc.
[   29.267748] RSP: 002b:00007ffcd7d3e538 EFLAGS: 00000246 ORIG_RAX: 00000000000000e7
[   29.269131] RAX: ffffffffffffffda RBX: 00007fcb5fd12490 RCX: 00007fcb5fc07cf6
[   29.270410] RDX: 0000000000000001 RSI: 000000000000003c RDI: 0000000000000001
[   29.271689] RBP: 0000000000000001 R08: 00000000000000e7 R09: ffffffffffffff80
[   29.272976] R10: 0000000000000004 R11: 0000000000000246 R12: 00007fcb5fd12490
[   29.274257] R13: 0000000000000001 R14: 00007fcb5fd15e88 R15: 0000000000000000
[   29.275553]  </TASK>
[   29.276045] XFS (loop0): Corruption detected. Unmount and run xfs_repair
[   29.667100] loop0: detected capacity change from 0 to 65536
[   29.670815] XFS (loop0): Mounting V5 Filesystem d6f69dbd-8c5d-46be-b88e-92c0ae88ceb2
[   29.683434] XFS (loop0): Ending clean mount
[   29.685448] XFS (loop0): Quotacheck needed: Please wait.
[   29.696739] XFS (loop0): Quotacheck: Done.
[   29.821270] XFS (loop0): Metadata CRC error detected at xfs_agf_read_verify+0x10e/0x140, xfs_agf block 0x8001 
[   29.823140] XFS (loop0): Unmount and run xfs_repair
[   29.823959] XFS (loop0): First 128 bytes of corrupted metadata buffer:
[   29.825046] 00000000: 58 41 47 46 00 00 00 01 00 00 00 01 00 00 40 00  XAGF..........@.
[   29.826398] 00000010: 00 00 00 02 00 00 00 03 00 00 00 00 00 00 00 01  ................
[   29.827699] 00000020: 00 00 00 01 00 00 00 00 00 00 00 01 00 00 00 04  ................
[   29.829006] 00000030: 00 00 00 04 00 00 3b 5f 00 00 3b 5c 00 00 00 00  ......;_..;\....
[   29.830336] 00000040: d6 f6 9d bd 8c 5d 46 be b8 8e 92 c0 ae 88 ce b2  .....]F.........
[   29.831635] 00000050: 00 00 00 00 00 00 00 00 00 00 00 00 00 00 00 00  ................
[   29.832941] 00000060: 00 00 00 00 00 00 00 00 00 00 00 00 00 00 00 00  ................
[   29.834268] 00000070: 00 00 00 00 00 00 00 00 00 00 00 00 00 00 00 00  ................
[   29.835734] XFS (loop0): metadata I/O error in "xfs_read_agf+0xd0/0x2c0" at daddr 0x8001 len 1 error 74
[   29.837747] XFS (loop0): page discard on page 00000000d8cb63f6, inode 0x46, pos 0.
[   29.903129] XFS (loop0): Unmounting Filesystem d6f69dbd-8c5d-46be-b88e-92c0ae88ceb2
[   29.925881] XFS (loop0): Internal error atomic_read(&pag->pag_active_ref) != 0 at line 257 of file fs/xfs/libxfs/xfs_ag.c.  Caller xfs_free_perag+0x10b/0x180
[   29.928608] CPU: 1 PID: 542 Comm: repro Not tainted 6.3.0-rc1-b0d14d2aaf7d+ #1
[   29.930002] Hardware name: QEMU Standard PC (i440FX + PIIX, 1996), BIOS rel-1.16.0-0-gd239552ce722-prebuilt.qemu.org 04/01/2014
[   29.932132] Call Trace:
[   29.932632]  <TASK>
[   29.933063]  dump_stack_lvl+0xe0/0x110
[   29.933805]  dump_stack+0x19/0x20
[   29.934459]  xfs_corruption_error+0xd6/0xe0
[   29.935284]  ? xfs_free_perag+0x10b/0x180
[   29.936072]  xfs_free_perag+0x13e/0x180
[   29.936868]  ? xfs_free_perag+0x10b/0x180
[   29.937655]  xfs_unmountfs+0xfb/0x1f0
[   29.938386]  xfs_fs_put_super+0x5a/0x120
[   29.939160]  ? __pfx_xfs_fs_put_super+0x10/0x10
[   29.939999]  generic_shutdown_super+0xac/0x240
[   29.940890]  kill_block_super+0x43/0x80
[   29.941656]  deactivate_locked_super+0x52/0xb0
[   29.942514]  deactivate_super+0xb3/0xd0
[   29.943260]  cleanup_mnt+0x15e/0x1e0
[   29.943974]  __cleanup_mnt+0x1f/0x30
[   29.944687]  task_work_run+0xb6/0x120
[   29.945439]  do_exit+0x547/0x1360
[   29.946095]  ? __this_cpu_preempt_check+0x20/0x30
[   29.947005]  ? lockdep_hardirqs_on+0x8a/0x110
[   29.947862]  do_group_exit+0x5e/0xf0
[   29.948568]  __x64_sys_exit_group+0x25/0x30
[   29.949391]  do_syscall_64+0x3b/0x90
[   29.950092]  entry_SYSCALL_64_after_hwframe+0x72/0xdc
[   29.951063] RIP: 0033:0x7fa439b4fcf6
[   29.951761] Code: Unable to access opcode bytes at 0x7fa439b4fccc.
[   29.952927] RSP: 002b:00007ffc31937e98 EFLAGS: 00000246 ORIG_RAX: 00000000000000e7
[   29.954345] RAX: ffffffffffffffda RBX: 00007fa439c5a490 RCX: 00007fa439b4fcf6
[   29.955676] RDX: 0000000000000001 RSI: 000000000000003c RDI: 0000000000000001
[   29.957027] RBP: 0000000000000001 R08: 00000000000000e7 R09: ffffffffffffff80
[   29.958360] R10: 0000000000000004 R11: 0000000000000246 R12: 00007fa439c5a490
[   29.959692] R13: 0000000000000001 R14: 00007fa439c5de88 R15: 0000000000000000
[   29.961046]  </TASK>
[   29.961578] XFS (loop0): Corruption detected. Unmount and run xfs_repair
[   30.342319] loop0: detected capacity change from 0 to 65536
[   30.346596] XFS (loop0): Mounting V5 Filesystem d6f69dbd-8c5d-46be-b88e-92c0ae88ceb2
[   30.358209] XFS (loop0): Ending clean mount
[   30.360119] XFS (loop0): Quotacheck needed: Please wait.
[   30.369348] XFS (loop0): Quotacheck: Done.
[   30.477492] XFS (loop0): Metadata CRC error detected at xfs_agf_read_verify+0x10e/0x140, xfs_agf block 0x8001 
[   30.479466] XFS (loop0): Unmount and run xfs_repair
[   30.480321] XFS (loop0): First 128 bytes of corrupted metadata buffer:
[   30.481457] 00000000: 58 41 47 46 00 00 00 01 00 00 00 01 00 00 40 00  XAGF..........@.
[   30.482851] 00000010: 00 00 00 02 00 00 00 03 00 00 00 00 00 00 00 01  ................
[   30.484208] 00000020: 00 00 00 01 00 00 00 00 00 00 00 01 00 00 00 04  ................
[   30.485597] 00000030: 00 00 00 04 00 00 3b 5f 00 00 3b 5c 00 00 00 00  ......;_..;\....
[   30.486950] 00000040: d6 f6 9d bd 8c 5d 46 be b8 8e 92 c0 ae 88 ce b2  .....]F.........
[   30.488301] 00000050: 00 00 00 00 00 00 00 00 00 00 00 00 00 00 00 00  ................
[   30.489697] 00000060: 00 00 00 00 00 00 00 00 00 00 00 00 00 00 00 00  ................
[   30.491051] 00000070: 00 00 00 00 00 00 00 00 00 00 00 00 00 00 00 00  ................
[   30.492568] XFS (loop0): metadata I/O error in "xfs_read_agf+0xd0/0x2c0" at daddr 0x8001 len 1 error 74
[   30.494784] XFS (loop0): page discard on page 00000000b8b9492d, inode 0x46, pos 0.
[   30.584906] XFS (loop0): Unmounting Filesystem d6f69dbd-8c5d-46be-b88e-92c0ae88ceb2
[   30.617971] XFS (loop0): Internal error atomic_read(&pag->pag_active_ref) != 0 at line 257 of file fs/xfs/libxfs/xfs_ag.c.  Caller xfs_free_perag+0x10b/0x180
[   30.620415] CPU: 1 PID: 556 Comm: repro Not tainted 6.3.0-rc1-b0d14d2aaf7d+ #1
[   30.621678] Hardware name: QEMU Standard PC (i440FX + PIIX, 1996), BIOS rel-1.16.0-0-gd239552ce722-prebuilt.qemu.org 04/01/2014
[   30.623604] Call Trace:
[   30.624055]  <TASK>
[   30.624454]  dump_stack_lvl+0xe0/0x110
[   30.625153]  dump_stack+0x19/0x20
[   30.625769]  xfs_corruption_error+0xd6/0xe0
[   30.626531]  ? xfs_free_perag+0x10b/0x180
[   30.627233]  xfs_free_perag+0x13e/0x180
[   30.627928]  ? xfs_free_perag+0x10b/0x180
[   30.628637]  xfs_unmountfs+0xfb/0x1f0
[   30.629286]  xfs_fs_put_super+0x5a/0x120
[   30.629979]  ? __pfx_xfs_fs_put_super+0x10/0x10
[   30.630773]  generic_shutdown_super+0xac/0x240
[   30.631564]  kill_block_super+0x43/0x80
[   30.632248]  deactivate_locked_super+0x52/0xb0
[   30.633038]  deactivate_super+0xb3/0xd0
[   30.633710]  cleanup_mnt+0x15e/0x1e0
[   30.634356]  __cleanup_mnt+0x1f/0x30
[   30.634996]  task_work_run+0xb6/0x120
[   30.635651]  do_exit+0x547/0x1360
[   30.636231]  ? __this_cpu_preempt_check+0x20/0x30
[   30.637059]  ? lockdep_hardirqs_on+0x8a/0x110
[   30.637827]  do_group_exit+0x5e/0xf0
[   30.638456]  __x64_sys_exit_group+0x25/0x30
[   30.639171]  do_syscall_64+0x3b/0x90
[   30.639801]  entry_SYSCALL_64_after_hwframe+0x72/0xdc
[   30.640669] RIP: 0033:0x7f66c9800cf6
[   30.641283] Code: Unable to access opcode bytes at 0x7f66c9800ccc.
[   30.642298] RSP: 002b:00007ffc6a5ffe48 EFLAGS: 00000246 ORIG_RAX: 00000000000000e7
[   30.643540] RAX: ffffffffffffffda RBX: 00007f66c990b490 RCX: 00007f66c9800cf6
[   30.644839] RDX: 0000000000000001 RSI: 000000000000003c RDI: 0000000000000001
[   30.646011] RBP: 0000000000000001 R08: 00000000000000e7 R09: ffffffffffffff80
[   30.647171] R10: 0000000000000004 R11: 0000000000000246 R12: 00007f66c990b490
[   30.648331] R13: 0000000000000001 R14: 00007f66c990ee88 R15: 0000000000000000
[   30.649545]  </TASK>
[   30.649996] XFS (loop0): Corruption detected. Unmount and run xfs_repair
[   30.987695] loop0: detected capacity change from 0 to 65536
[   30.991761] XFS (loop0): Mounting V5 Filesystem d6f69dbd-8c5d-46be-b88e-92c0ae88ceb2
[   31.002316] XFS (loop0): Ending clean mount
[   31.003620] XFS (loop0): Quotacheck needed: Please wait.
[   31.012331] XFS (loop0): Quotacheck: Done.
[   31.089737] XFS (loop0): Metadata CRC error detected at xfs_agf_read_verify+0x10e/0x140, xfs_agf block 0x8001 
[   31.091708] XFS (loop0): Unmount and run xfs_repair
[   31.092644] XFS (loop0): First 128 bytes of corrupted metadata buffer:
[   31.093931] 00000000: 58 41 47 46 00 00 00 01 00 00 00 01 00 00 40 00  XAGF..........@.
[   31.095404] 00000010: 00 00 00 02 00 00 00 03 00 00 00 00 00 00 00 01  ................
[   31.096893] 00000020: 00 00 00 01 00 00 00 00 00 00 00 01 00 00 00 04  ................
[   31.098375] 00000030: 00 00 00 04 00 00 3b 5f 00 00 3b 5c 00 00 00 00  ......;_..;\....
[   31.099822] 00000040: d6 f6 9d bd 8c 5d 46 be b8 8e 92 c0 ae 88 ce b2  .....]F.........
[   31.101274] 00000050: 00 00 00 00 00 00 00 00 00 00 00 00 00 00 00 00  ................
[   31.102748] 00000060: 00 00 00 00 00 00 00 00 00 00 00 00 00 00 00 00  ................
[   31.104200] 00000070: 00 00 00 00 00 00 00 00 00 00 00 00 00 00 00 00  ................
[   31.105718] XFS (loop0): metadata I/O error in "xfs_read_agf+0xd0/0x2c0" at daddr 0x8001 len 1 error 74
[   31.107467] XFS (loop0): page discard on page 00000000e02d4313, inode 0x46, pos 0.
[   31.167469] XFS (loop0): Unmounting Filesystem d6f69dbd-8c5d-46be-b88e-92c0ae88ceb2
[   31.190084] XFS (loop0): Internal error atomic_read(&pag->pag_active_ref) != 0 at line 257 of file fs/xfs/libxfs/xfs_ag.c.  Caller xfs_free_perag+0x10b/0x180
[   31.192828] CPU: 0 PID: 570 Comm: repro Not tainted 6.3.0-rc1-b0d14d2aaf7d+ #1
[   31.194207] Hardware name: QEMU Standard PC (i440FX + PIIX, 1996), BIOS rel-1.16.0-0-gd239552ce722-prebuilt.qemu.org 04/01/2014
[   31.196328] Call Trace:
[   31.196826]  <TASK>
[   31.197265]  dump_stack_lvl+0xe0/0x110
[   31.198014]  dump_stack+0x19/0x20
[   31.198672]  xfs_corruption_error+0xd6/0xe0
[   31.199488]  ? xfs_free_perag+0x10b/0x180
[   31.200277]  xfs_free_perag+0x13e/0x180
[   31.201041]  ? xfs_free_perag+0x10b/0x180
[   31.201823]  xfs_unmountfs+0xfb/0x1f0
[   31.202543]  xfs_fs_put_super+0x5a/0x120
[   31.203311]  ? __pfx_xfs_fs_put_super+0x10/0x10
[   31.204197]  generic_shutdown_super+0xac/0x240
[   31.205077]  kill_block_super+0x43/0x80
[   31.205833]  deactivate_locked_super+0x52/0xb0
[   31.206695]  deactivate_super+0xb3/0xd0
[   31.207441]  cleanup_mnt+0x15e/0x1e0
[   31.208154]  __cleanup_mnt+0x1f/0x30
[   31.208888]  task_work_run+0xb6/0x120
[   31.209617]  do_exit+0x547/0x1360
[   31.210279]  ? __this_cpu_preempt_check+0x20/0x30
[   31.211200]  ? lockdep_hardirqs_on+0x8a/0x110
[   31.212063]  do_group_exit+0x5e/0xf0
[   31.212777]  __x64_sys_exit_group+0x25/0x30
[   31.213586]  do_syscall_64+0x3b/0x90
[   31.214293]  entry_SYSCALL_64_after_hwframe+0x72/0xdc
[   31.215263] RIP: 0033:0x7f5871509cf6
[   31.215960] Code: Unable to access opcode bytes at 0x7f5871509ccc.
[   31.217145] RSP: 002b:00007ffc14962128 EFLAGS: 00000246 ORIG_RAX: 00000000000000e7
[   31.218569] RAX: ffffffffffffffda RBX: 00007f5871614490 RCX: 00007f5871509cf6
[   31.219906] RDX: 0000000000000001 RSI: 000000000000003c RDI: 0000000000000001
[   31.221259] RBP: 0000000000000001 R08: 00000000000000e7 R09: ffffffffffffff80
[   31.222594] R10: 0000000000000004 R11: 0000000000000246 R12: 00007f5871614490
[   31.223933] R13: 0000000000000001 R14: 00007f5871617e88 R15: 0000000000000000
[   31.225298]  </TASK>
[   31.225826] XFS (loop0): Corruption detected. Unmount and run xfs_repair
[   31.565505] loop0: detected capacity change from 0 to 65536
[   31.569640] XFS (loop0): Mounting V5 Filesystem d6f69dbd-8c5d-46be-b88e-92c0ae88ceb2
[   31.583689] XFS (loop0): Ending clean mount
[   31.586098] XFS (loop0): Quotacheck needed: Please wait.
[   31.592269] XFS (loop0): Quotacheck: Done.
[   31.705123] XFS (loop0): Metadata CRC error detected at xfs_agf_read_verify+0x10e/0x140, xfs_agf block 0x8001 
[   31.707261] XFS (loop0): Unmount and run xfs_repair
[   31.708236] XFS (loop0): First 128 bytes of corrupted metadata buffer:
[   31.709537] 00000000: 58 41 47 46 00 00 00 01 00 00 00 01 00 00 40 00  XAGF..........@.
[   31.711166] 00000010: 00 00 00 02 00 00 00 03 00 00 00 00 00 00 00 01  ................
[   31.712728] 00000020: 00 00 00 01 00 00 00 00 00 00 00 01 00 00 00 04  ................
[   31.714336] 00000030: 00 00 00 04 00 00 3b 5f 00 00 3b 5c 00 00 00 00  ......;_..;\....
[   31.715891] 00000040: d6 f6 9d bd 8c 5d 46 be b8 8e 92 c0 ae 88 ce b2  .....]F.........
[   31.717458] 00000050: 00 00 00 00 00 00 00 00 00 00 00 00 00 00 00 00  ................
[   31.719043] 00000060: 00 00 00 00 00 00 00 00 00 00 00 00 00 00 00 00  ................
[   31.720615] 00000070: 00 00 00 00 00 00 00 00 00 00 00 00 00 00 00 00  ................
[   31.722229] XFS (loop0): metadata I/O error in "xfs_read_agf+0xd0/0x2c0" at daddr 0x8001 len 1 error 74
[   31.724106] XFS (loop0): page discard on page 00000000196a4724, inode 0x46, pos 0.
[   31.797474] XFS (loop0): Unmounting Filesystem d6f69dbd-8c5d-46be-b88e-92c0ae88ceb2
[   31.829964] XFS (loop0): Internal error atomic_read(&pag->pag_active_ref) != 0 at line 257 of file fs/xfs/libxfs/xfs_ag.c.  Caller xfs_free_perag+0x10b/0x180
[   31.832716] CPU: 1 PID: 584 Comm: repro Not tainted 6.3.0-rc1-b0d14d2aaf7d+ #1
[   31.834135] Hardware name: QEMU Standard PC (i440FX + PIIX, 1996), BIOS rel-1.16.0-0-gd239552ce722-prebuilt.qemu.org 04/01/2014
[   31.836318] Call Trace:
[   31.836831]  <TASK>
[   31.837279]  dump_stack_lvl+0xe0/0x110
[   31.838042]  dump_stack+0x19/0x20
[   31.838716]  xfs_corruption_error+0xd6/0xe0
[   31.839557]  ? xfs_free_perag+0x10b/0x180
[   31.840368]  xfs_free_perag+0x13e/0x180
[   31.841324]  ? xfs_free_perag+0x10b/0x180
[   31.842287]  xfs_unmountfs+0xfb/0x1f0
[   31.843102]  xfs_fs_put_super+0x5a/0x120
[   31.844009]  ? __pfx_xfs_fs_put_super+0x10/0x10
[   31.845058]  generic_shutdown_super+0xac/0x240
[   31.846095]  kill_block_super+0x43/0x80
[   31.847010]  deactivate_locked_super+0x52/0xb0
[   31.848209]  deactivate_super+0xb3/0xd0
[   31.848957]  cleanup_mnt+0x15e/0x1e0
[   31.849633]  __cleanup_mnt+0x1f/0x30
[   31.850298]  task_work_run+0xb6/0x120
[   31.850978]  do_exit+0x547/0x1360
[   31.851587]  ? __this_cpu_preempt_check+0x20/0x30
[   31.852442]  ? lockdep_hardirqs_on+0x8a/0x110
[   31.853254]  do_group_exit+0x5e/0xf0
[   31.853913]  __x64_sys_exit_group+0x25/0x30
[   31.854659]  do_syscall_64+0x3b/0x90
[   31.855315]  entry_SYSCALL_64_after_hwframe+0x72/0xdc
[   31.856215] RIP: 0033:0x7f46aceddcf6
[   31.856874] Code: Unable to access opcode bytes at 0x7f46aceddccc.
[   31.857935] RSP: 002b:00007ffe5f7f6c18 EFLAGS: 00000246 ORIG_RAX: 00000000000000e7
[   31.859230] RAX: ffffffffffffffda RBX: 00007f46acfe8490 RCX: 00007f46aceddcf6
[   31.860448] RDX: 0000000000000001 RSI: 000000000000003c RDI: 0000000000000001
[   31.861669] RBP: 0000000000000001 R08: 00000000000000e7 R09: ffffffffffffff80
[   31.862888] R10: 0000000000000004 R11: 0000000000000246 R12: 00007f46acfe8490
[   31.864108] R13: 0000000000000001 R14: 00007f46acfebe88 R15: 0000000000000000
[   31.865390]  </TASK>
[   31.865939] XFS (loop0): Corruption detected. Unmount and run xfs_repair
[   32.194734] loop0: detected capacity change from 0 to 65536
[   32.199771] XFS (loop0): Mounting V5 Filesystem d6f69dbd-8c5d-46be-b88e-92c0ae88ceb2
[   32.213329] XFS (loop0): Ending clean mount
[   32.215056] XFS (loop0): Quotacheck needed: Please wait.
[   32.221751] XFS (loop0): Quotacheck: Done.
[   32.315957] XFS (loop0): Metadata CRC error detected at xfs_agf_read_verify+0x10e/0x140, xfs_agf block 0x8001 
[   32.318047] XFS (loop0): Unmount and run xfs_repair
[   32.318987] XFS (loop0): First 128 bytes of corrupted metadata buffer:
[   32.320197] 00000000: 58 41 47 46 00 00 00 01 00 00 00 01 00 00 40 00  XAGF..........@.
[   32.321734] 00000010: 00 00 00 02 00 00 00 03 00 00 00 00 00 00 00 01  ................
[   32.323206] 00000020: 00 00 00 01 00 00 00 00 00 00 00 01 00 00 00 04  ................
[   32.324689] 00000030: 00 00 00 04 00 00 3b 5f 00 00 3b 5c 00 00 00 00  ......;_..;\....
[   32.326189] 00000040: d6 f6 9d bd 8c 5d 46 be b8 8e 92 c0 ae 88 ce b2  .....]F.........
[   32.327663] 00000050: 00 00 00 00 00 00 00 00 00 00 00 00 00 00 00 00  ................
[   32.329144] 00000060: 00 00 00 00 00 00 00 00 00 00 00 00 00 00 00 00  ................
[   32.330649] 00000070: 00 00 00 00 00 00 00 00 00 00 00 00 00 00 00 00  ................
[   32.332178] XFS (loop0): metadata I/O error in "xfs_read_agf+0xd0/0x2c0" at daddr 0x8001 len 1 error 74
[   32.334613] XFS (loop0): page discard on page 0000000040c4152f, inode 0x46, pos 0.
[   32.412988] XFS (loop0): Unmounting Filesystem d6f69dbd-8c5d-46be-b88e-92c0ae88ceb2
[   32.441769] XFS (loop0): Internal error atomic_read(&pag->pag_active_ref) != 0 at line 257 of file fs/xfs/libxfs/xfs_ag.c.  Caller xfs_free_perag+0x10b/0x180
[   32.444203] CPU: 0 PID: 598 Comm: repro Not tainted 6.3.0-rc1-b0d14d2aaf7d+ #1
[   32.445428] Hardware name: QEMU Standard PC (i440FX + PIIX, 1996), BIOS rel-1.16.0-0-gd239552ce722-prebuilt.qemu.org 04/01/2014
[   32.447338] Call Trace:
[   32.447785]  <TASK>
[   32.448182]  dump_stack_lvl+0xe0/0x110
[   32.448898]  dump_stack+0x19/0x20
[   32.449507]  xfs_corruption_error+0xd6/0xe0
[   32.450267]  ? xfs_free_perag+0x10b/0x180
[   32.450995]  xfs_free_perag+0x13e/0x180
[   32.451686]  ? xfs_free_perag+0x10b/0x180
[   32.452413]  xfs_unmountfs+0xfb/0x1f0
[   32.453092]  xfs_fs_put_super+0x5a/0x120
[   32.453812]  ? __pfx_xfs_fs_put_super+0x10/0x10
[   32.454631]  generic_shutdown_super+0xac/0x240
[   32.455445]  kill_block_super+0x43/0x80
[   32.456157]  deactivate_locked_super+0x52/0xb0
[   32.456963]  deactivate_super+0xb3/0xd0
[   32.457656]  cleanup_mnt+0x15e/0x1e0
[   32.458326]  __cleanup_mnt+0x1f/0x30
[   32.458986]  task_work_run+0xb6/0x120
[   32.459664]  do_exit+0x547/0x1360
[   32.460272]  ? __this_cpu_preempt_check+0x20/0x30
[   32.461138]  ? lockdep_hardirqs_on+0x8a/0x110
[   32.461939]  do_group_exit+0x5e/0xf0
[   32.462591]  __x64_sys_exit_group+0x25/0x30
[   32.463356]  do_syscall_64+0x3b/0x90
[   32.464007]  entry_SYSCALL_64_after_hwframe+0x72/0xdc
[   32.464911] RIP: 0033:0x7f19f51b0cf6
[   32.465553] Code: Unable to access opcode bytes at 0x7f19f51b0ccc.
[   32.466599] RSP: 002b:00007fff0bc55328 EFLAGS: 00000246 ORIG_RAX: 00000000000000e7
[   32.467886] RAX: ffffffffffffffda RBX: 00007f19f52bb490 RCX: 00007f19f51b0cf6
[   32.469101] RDX: 0000000000000001 RSI: 000000000000003c RDI: 0000000000000001
[   32.470312] RBP: 0000000000000001 R08: 00000000000000e7 R09: ffffffffffffff80
[   32.471521] R10: 0000000000000004 R11: 0000000000000246 R12: 00007f19f52bb490
[   32.472746] R13: 0000000000000001 R14: 00007f19f52bee88 R15: 0000000000000000
[   32.473982]  </TASK>
[   32.474477] XFS (loop0): Corruption detected. Unmount and run xfs_repair
[   32.847096] loop0: detected capacity change from 0 to 65536
[   32.851702] XFS (loop0): Mounting V5 Filesystem d6f69dbd-8c5d-46be-b88e-92c0ae88ceb2
[   32.864023] XFS (loop0): Ending clean mount
[   32.865508] XFS (loop0): Quotacheck needed: Please wait.
[   32.876330] XFS (loop0): Quotacheck: Done.
[   32.954007] XFS (loop0): Metadata CRC error detected at xfs_agf_read_verify+0x10e/0x140, xfs_agf block 0x8001 
[   32.956000] XFS (loop0): Unmount and run xfs_repair
[   32.956867] XFS (loop0): First 128 bytes of corrupted metadata buffer:
[   32.958329] 00000000: 58 41 47 46 00 00 00 01 00 00 00 01 00 00 40 00  XAGF..........@.
[   32.959693] 00000010: 00 00 00 02 00 00 00 03 00 00 00 00 00 00 00 01  ................
[   32.961060] 00000020: 00 00 00 01 00 00 00 00 00 00 00 01 00 00 00 04  ................
[   32.962458] 00000030: 00 00 00 04 00 00 3b 5f 00 00 3b 5c 00 00 00 00  ......;_..;\....
[   32.963813] 00000040: d6 f6 9d bd 8c 5d 46 be b8 8e 92 c0 ae 88 ce b2  .....]F.........
[   32.965175] 00000050: 00 00 00 00 00 00 00 00 00 00 00 00 00 00 00 00  ................
[   32.966568] 00000060: 00 00 00 00 00 00 00 00 00 00 00 00 00 00 00 00  ................
[   32.967922] 00000070: 00 00 00 00 00 00 00 00 00 00 00 00 00 00 00 00  ................
[   32.969384] XFS (loop0): metadata I/O error in "xfs_read_agf+0xd0/0x2c0" at daddr 0x8001 len 1 error 74
[   32.971493] XFS (loop0): page discard on page 000000006ca9b593, inode 0x46, pos 0.
[   33.041275] XFS (loop0): Unmounting Filesystem d6f69dbd-8c5d-46be-b88e-92c0ae88ceb2
[   33.065832] XFS (loop0): Internal error atomic_read(&pag->pag_active_ref) != 0 at line 257 of file fs/xfs/libxfs/xfs_ag.c.  Caller xfs_free_perag+0x10b/0x180
[   33.068509] CPU: 1 PID: 612 Comm: repro Not tainted 6.3.0-rc1-b0d14d2aaf7d+ #1
[   33.069911] Hardware name: QEMU Standard PC (i440FX + PIIX, 1996), BIOS rel-1.16.0-0-gd239552ce722-prebuilt.qemu.org 04/01/2014
[   33.072031] Call Trace:
[   33.072520]  <TASK>
[   33.072968]  dump_stack_lvl+0xe0/0x110
[   33.073716]  dump_stack+0x19/0x20
[   33.074374]  xfs_corruption_error+0xd6/0xe0
[   33.075192]  ? xfs_free_perag+0x10b/0x180
[   33.075981]  xfs_free_perag+0x13e/0x180
[   33.076748]  ? xfs_free_perag+0x10b/0x180
[   33.077537]  xfs_unmountfs+0xfb/0x1f0
[   33.078265]  xfs_fs_put_super+0x5a/0x120
[   33.079038]  ? __pfx_xfs_fs_put_super+0x10/0x10
[   33.079925]  generic_shutdown_super+0xac/0x240
[   33.080843]  kill_block_super+0x43/0x80
[   33.081607]  deactivate_locked_super+0x52/0xb0
[   33.082477]  deactivate_super+0xb3/0xd0
[   33.083228]  cleanup_mnt+0x15e/0x1e0
[   33.083946]  __cleanup_mnt+0x1f/0x30
[   33.084678]  task_work_run+0xb6/0x120
[   33.085409]  do_exit+0x547/0x1360
[   33.086077]  ? __this_cpu_preempt_check+0x20/0x30
[   33.087004]  ? lockdep_hardirqs_on+0x8a/0x110
[   33.087866]  do_group_exit+0x5e/0xf0
[   33.088571]  __x64_sys_exit_group+0x25/0x30
[   33.089404]  do_syscall_64+0x3b/0x90
[   33.090117]  entry_SYSCALL_64_after_hwframe+0x72/0xdc
[   33.091095] RIP: 0033:0x7f5f3bd9bcf6
[   33.091809] Code: Unable to access opcode bytes at 0x7f5f3bd9bccc.
[   33.092980] RSP: 002b:00007ffe1f57e468 EFLAGS: 00000246 ORIG_RAX: 00000000000000e7
[   33.094412] RAX: ffffffffffffffda RBX: 00007f5f3bea6490 RCX: 00007f5f3bd9bcf6
[   33.095790] RDX: 0000000000000001 RSI: 000000000000003c RDI: 0000000000000001
[   33.097154] RBP: 0000000000000001 R08: 00000000000000e7 R09: ffffffffffffff80
[   33.098511] R10: 0000000000000004 R11: 0000000000000246 R12: 00007f5f3bea6490
[   33.099846] R13: 0000000000000001 R14: 00007f5f3bea9e88 R15: 0000000000000000
[   33.101221]  </TASK>
[   33.101772] XFS (loop0): Corruption detected. Unmount and run xfs_repair
[   33.455997] loop0: detected capacity change from 0 to 65536
[   33.459384] XFS (loop0): Mounting V5 Filesystem d6f69dbd-8c5d-46be-b88e-92c0ae88ceb2
[   33.469898] XFS (loop0): Ending clean mount
[   33.471507] XFS (loop0): Quotacheck needed: Please wait.
[   33.481355] XFS (loop0): Quotacheck: Done.
[   33.561056] XFS (loop0): Metadata CRC error detected at xfs_agf_read_verify+0x10e/0x140, xfs_agf block 0x8001 
[   33.563158] XFS (loop0): Unmount and run xfs_repair
[   33.564101] XFS (loop0): First 128 bytes of corrupted metadata buffer:
[   33.565347] 00000000: 58 41 47 46 00 00 00 01 00 00 00 01 00 00 40 00  XAGF..........@.
[   33.566919] 00000010: 00 00 00 02 00 00 00 03 00 00 00 00 00 00 00 01  ................
[   33.568426] 00000020: 00 00 00 01 00 00 00 00 00 00 00 01 00 00 00 04  ................
[   33.569975] 00000030: 00 00 00 04 00 00 3b 5f 00 00 3b 5c 00 00 00 00  ......;_..;\....
[   33.571483] 00000040: d6 f6 9d bd 8c 5d 46 be b8 8e 92 c0 ae 88 ce b2  .....]F.........
[   33.573009] 00000050: 00 00 00 00 00 00 00 00 00 00 00 00 00 00 00 00  ................
[   33.574540] 00000060: 00 00 00 00 00 00 00 00 00 00 00 00 00 00 00 00  ................
[   33.576033] 00000070: 00 00 00 00 00 00 00 00 00 00 00 00 00 00 00 00  ................
[   33.577855] XFS (loop0): metadata I/O error in "xfs_read_agf+0xd0/0x2c0" at daddr 0x8001 len 1 error 74
[   33.579742] XFS (loop0): page discard on page 0000000070271c5a, inode 0x46, pos 0.
[   33.649406] XFS (loop0): Unmounting Filesystem d6f69dbd-8c5d-46be-b88e-92c0ae88ceb2
[   33.673623] XFS (loop0): Internal error atomic_read(&pag->pag_active_ref) != 0 at line 257 of file fs/xfs/libxfs/xfs_ag.c.  Caller xfs_free_perag+0x10b/0x180
[   33.676451] CPU: 0 PID: 626 Comm: repro Not tainted 6.3.0-rc1-b0d14d2aaf7d+ #1
[   33.677963] Hardware name: QEMU Standard PC (i440FX + PIIX, 1996), BIOS rel-1.16.0-0-gd239552ce722-prebuilt.qemu.org 04/01/2014
[   33.680233] Call Trace:
[   33.680755]  <TASK>
[   33.681229]  dump_stack_lvl+0xe0/0x110
[   33.682033]  dump_stack+0x19/0x20
[   33.682749]  xfs_corruption_error+0xd6/0xe0
[   33.683564]  ? xfs_free_perag+0x10b/0x180
[   33.684409]  xfs_free_perag+0x13e/0x180
[   33.685241]  ? xfs_free_perag+0x10b/0x180
[   33.686057]  xfs_unmountfs+0xfb/0x1f0
[   33.686820]  xfs_fs_put_super+0x5a/0x120
[   33.687630]  ? __pfx_xfs_fs_put_super+0x10/0x10
[   33.688554]  generic_shutdown_super+0xac/0x240
[   33.689511]  kill_block_super+0x43/0x80
[   33.690203]  deactivate_locked_super+0x52/0xb0
[   33.690967]  deactivate_super+0xb3/0xd0
[   33.691630]  cleanup_mnt+0x15e/0x1e0
[   33.692265]  __cleanup_mnt+0x1f/0x30
[   33.692909]  task_work_run+0xb6/0x120
[   33.693546]  do_exit+0x547/0x1360
[   33.694134]  ? __this_cpu_preempt_check+0x20/0x30
[   33.694949]  ? lockdep_hardirqs_on+0x8a/0x110
[   33.695709]  do_group_exit+0x5e/0xf0
[   33.696332]  __x64_sys_exit_group+0x25/0x30
[   33.697050]  do_syscall_64+0x3b/0x90
[   33.697676]  entry_SYSCALL_64_after_hwframe+0x72/0xdc
[   33.698518] RIP: 0033:0x7f835053dcf6
[   33.699135] Code: Unable to access opcode bytes at 0x7f835053dccc.
[   33.700136] RSP: 002b:00007fffdc88d8c8 EFLAGS: 00000246 ORIG_RAX: 00000000000000e7
[   33.701397] RAX: ffffffffffffffda RBX: 00007f8350648490 RCX: 00007f835053dcf6
[   33.702750] RDX: 0000000000000001 RSI: 000000000000003c RDI: 0000000000000001
[   33.704127] RBP: 0000000000000001 R08: 00000000000000e7 R09: ffffffffffffff80
[   33.705494] R10: 0000000000000004 R11: 0000000000000246 R12: 00007f8350648490
[   33.706845] R13: 0000000000000001 R14: 00007f835064be88 R15: 0000000000000000
[   33.708256]  </TASK>
[   33.708830] XFS (loop0): Corruption detected. Unmount and run xfs_repair
[   34.039483] loop0: detected capacity change from 0 to 65536
[   34.044245] XFS (loop0): Mounting V5 Filesystem d6f69dbd-8c5d-46be-b88e-92c0ae88ceb2
[   34.057997] XFS (loop0): Ending clean mount
[   34.059817] XFS (loop0): Quotacheck needed: Please wait.
[   34.065226] XFS (loop0): Quotacheck: Done.
[   34.151791] XFS (loop0): Metadata CRC error detected at xfs_agf_read_verify+0x10e/0x140, xfs_agf block 0x8001 
[   34.153940] XFS (loop0): Unmount and run xfs_repair
[   34.154892] XFS (loop0): First 128 bytes of corrupted metadata buffer:
[   34.156140] 00000000: 58 41 47 46 00 00 00 01 00 00 00 01 00 00 40 00  XAGF..........@.
[   34.157713] 00000010: 00 00 00 02 00 00 00 03 00 00 00 00 00 00 00 01  ................
[   34.159230] 00000020: 00 00 00 01 00 00 00 00 00 00 00 01 00 00 00 04  ................
[   34.160774] 00000030: 00 00 00 04 00 00 3b 5f 00 00 3b 5c 00 00 00 00  ......;_..;\....
[   34.162321] 00000040: d6 f6 9d bd 8c 5d 46 be b8 8e 92 c0 ae 88 ce b2  .....]F.........
[   34.163858] 00000050: 00 00 00 00 00 00 00 00 00 00 00 00 00 00 00 00  ................
[   34.165338] 00000060: 00 00 00 00 00 00 00 00 00 00 00 00 00 00 00 00  ................
[   34.166873] 00000070: 00 00 00 00 00 00 00 00 00 00 00 00 00 00 00 00  ................
[   34.168482] XFS (loop0): metadata I/O error in "xfs_read_agf+0xd0/0x2c0" at daddr 0x8001 len 1 error 74
[   34.170556] XFS (loop0): page discard on page 000000001f1d180a, inode 0x46, pos 0.
[   34.244122] XFS (loop0): Unmounting Filesystem d6f69dbd-8c5d-46be-b88e-92c0ae88ceb2
[   34.265808] XFS (loop0): Internal error atomic_read(&pag->pag_active_ref) != 0 at line 257 of file fs/xfs/libxfs/xfs_ag.c.  Caller xfs_free_perag+0x10b/0x180
[   34.268412] CPU: 0 PID: 640 Comm: repro Not tainted 6.3.0-rc1-b0d14d2aaf7d+ #1
[   34.269794] Hardware name: QEMU Standard PC (i440FX + PIIX, 1996), BIOS rel-1.16.0-0-gd239552ce722-prebuilt.qemu.org 04/01/2014
[   34.271891] Call Trace:
[   34.272378]  <TASK>
[   34.272813]  dump_stack_lvl+0xe0/0x110
[   34.273548]  dump_stack+0x19/0x20
[   34.274202]  xfs_corruption_error+0xd6/0xe0
[   34.275018]  ? xfs_free_perag+0x10b/0x180
[   34.275802]  xfs_free_perag+0x13e/0x180
[   34.276547]  ? xfs_free_perag+0x10b/0x180
[   34.277341]  xfs_unmountfs+0xfb/0x1f0
[   34.278062]  xfs_fs_put_super+0x5a/0x120
[   34.278836]  ? __pfx_xfs_fs_put_super+0x10/0x10
[   34.279720]  generic_shutdown_super+0xac/0x240
[   34.280603]  kill_block_super+0x43/0x80
[   34.281353]  deactivate_locked_super+0x52/0xb0
[   34.282208]  deactivate_super+0xb3/0xd0
[   34.282954]  cleanup_mnt+0x15e/0x1e0
[   34.283664]  __cleanup_mnt+0x1f/0x30
[   34.284370]  task_work_run+0xb6/0x120
[   34.285111]  do_exit+0x547/0x1360
[   34.285764]  ? __this_cpu_preempt_check+0x20/0x30
[   34.286674]  ? lockdep_hardirqs_on+0x8a/0x110
[   34.287523]  do_group_exit+0x5e/0xf0
[   34.288220]  __x64_sys_exit_group+0x25/0x30
[   34.289028]  do_syscall_64+0x3b/0x90
[   34.289735]  entry_SYSCALL_64_after_hwframe+0x72/0xdc
[   34.290687] RIP: 0033:0x7f1ad2b8fcf6
[   34.291375] Code: Unable to access opcode bytes at 0x7f1ad2b8fccc.
[   34.292508] RSP: 002b:00007ffe8df8da08 EFLAGS: 00000246 ORIG_RAX: 00000000000000e7
[   34.293916] RAX: ffffffffffffffda RBX: 00007f1ad2c9a490 RCX: 00007f1ad2b8fcf6
[   34.295221] RDX: 0000000000000001 RSI: 000000000000003c RDI: 0000000000000001
[   34.296532] RBP: 0000000000000001 R08: 00000000000000e7 R09: ffffffffffffff80
[   34.297872] R10: 0000000000000004 R11: 0000000000000246 R12: 00007f1ad2c9a490
[   34.299196] R13: 0000000000000001 R14: 00007f1ad2c9de88 R15: 0000000000000000
[   34.300517]  </TASK>
[   34.301051] XFS (loop0): Corruption detected. Unmount and run xfs_repair
[   34.608371] loop0: detected capacity change from 0 to 65536
[   34.611773] XFS (loop0): Mounting V5 Filesystem d6f69dbd-8c5d-46be-b88e-92c0ae88ceb2
[   34.623324] XFS (loop0): Ending clean mount
[   34.624666] XFS (loop0): Quotacheck needed: Please wait.
[   34.635920] XFS (loop0): Quotacheck: Done.
[   34.713890] XFS (loop0): Metadata CRC error detected at xfs_agf_read_verify+0x10e/0x140, xfs_agf block 0x8001 
[   34.715969] XFS (loop0): Unmount and run xfs_repair
[   34.716940] XFS (loop0): First 128 bytes of corrupted metadata buffer:
[   34.718250] 00000000: 58 41 47 46 00 00 00 01 00 00 00 01 00 00 40 00  XAGF..........@.
[   34.719785] 00000010: 00 00 00 02 00 00 00 03 00 00 00 00 00 00 00 01  ................
[   34.721327] 00000020: 00 00 00 01 00 00 00 00 00 00 00 01 00 00 00 04  ................
[   34.722898] 00000030: 00 00 00 04 00 00 3b 5f 00 00 3b 5c 00 00 00 00  ......;_..;\....
[   34.724435] 00000040: d6 f6 9d bd 8c 5d 46 be b8 8e 92 c0 ae 88 ce b2  .....]F.........
[   34.726022] 00000050: 00 00 00 00 00 00 00 00 00 00 00 00 00 00 00 00  ................
[   34.727551] 00000060: 00 00 00 00 00 00 00 00 00 00 00 00 00 00 00 00  ................
[   34.729091] 00000070: 00 00 00 00 00 00 00 00 00 00 00 00 00 00 00 00  ................
[   34.731013] XFS (loop0): metadata I/O error in "xfs_read_agf+0xd0/0x2c0" at daddr 0x8001 len 1 error 74
[   34.732942] XFS (loop0): page discard on page 000000004c3bf1cd, inode 0x46, pos 0.
[   34.797653] XFS (loop0): Unmounting Filesystem d6f69dbd-8c5d-46be-b88e-92c0ae88ceb2
[   34.821777] XFS (loop0): Internal error atomic_read(&pag->pag_active_ref) != 0 at line 257 of file fs/xfs/libxfs/xfs_ag.c.  Caller xfs_free_perag+0x10b/0x180
[   34.824543] CPU: 1 PID: 654 Comm: repro Not tainted 6.3.0-rc1-b0d14d2aaf7d+ #1
[   34.825978] Hardware name: QEMU Standard PC (i440FX + PIIX, 1996), BIOS rel-1.16.0-0-gd239552ce722-prebuilt.qemu.org 04/01/2014
[   34.828151] Call Trace:
[   34.828663]  <TASK>
[   34.829109]  dump_stack_lvl+0xe0/0x110
[   34.829871]  dump_stack+0x19/0x20
[   34.830539]  xfs_corruption_error+0xd6/0xe0
[   34.831332]  ? xfs_free_perag+0x10b/0x180
[   34.832123]  xfs_free_perag+0x13e/0x180
[   34.832895]  ? xfs_free_perag+0x10b/0x180
[   34.833839]  xfs_unmountfs+0xfb/0x1f0
[   34.834613]  xfs_fs_put_super+0x5a/0x120
[   34.835422]  ? __pfx_xfs_fs_put_super+0x10/0x10
[   34.836384]  generic_shutdown_super+0xac/0x240
[   34.837317]  kill_block_super+0x43/0x80
[   34.838104]  deactivate_locked_super+0x52/0xb0
[   34.839001]  deactivate_super+0xb3/0xd0
[   34.839776]  cleanup_mnt+0x15e/0x1e0
[   34.840517]  __cleanup_mnt+0x1f/0x30
[   34.841264]  task_work_run+0xb6/0x120
[   34.842017]  do_exit+0x547/0x1360
[   34.842697]  ? __this_cpu_preempt_check+0x20/0x30
[   34.843642]  ? lockdep_hardirqs_on+0x8a/0x110
[   34.844529]  do_group_exit+0x5e/0xf0
[   34.845275]  __x64_sys_exit_group+0x25/0x30
[   34.846111]  do_syscall_64+0x3b/0x90
[   34.846841]  entry_SYSCALL_64_after_hwframe+0x72/0xdc
[   34.847846] RIP: 0033:0x7fc53ce5ccf6
[   34.848585] Code: Unable to access opcode bytes at 0x7fc53ce5cccc.
[   34.849811] RSP: 002b:00007fffa74b2ee8 EFLAGS: 00000246 ORIG_RAX: 00000000000000e7
[   34.851275] RAX: ffffffffffffffda RBX: 00007fc53cf67490 RCX: 00007fc53ce5ccf6
[   34.852766] RDX: 0000000000000001 RSI: 000000000000003c RDI: 0000000000000001
[   34.854244] RBP: 0000000000000001 R08: 00000000000000e7 R09: ffffffffffffff80
[   34.855736] R10: 0000000000000004 R11: 0000000000000246 R12: 00007fc53cf67490
[   34.857281] R13: 0000000000000001 R14: 00007fc53cf6ae88 R15: 0000000000000000
[   34.858563]  </TASK>
[   34.859102] XFS (loop0): Corruption detected. Unmount and run xfs_repair
[   35.179953] loop0: detected capacity change from 0 to 65536
[   35.184180] XFS (loop0): Mounting V5 Filesystem d6f69dbd-8c5d-46be-b88e-92c0ae88ceb2
[   35.197244] XFS (loop0): Ending clean mount
[   35.198845] XFS (loop0): Quotacheck needed: Please wait.
[   35.210299] XFS (loop0): Quotacheck: Done.
[   35.280112] XFS (loop0): Metadata CRC error detected at xfs_agf_read_verify+0x10e/0x140, xfs_agf block 0x8001 
[   35.282110] XFS (loop0): Unmount and run xfs_repair
[   35.282964] XFS (loop0): First 128 bytes of corrupted metadata buffer:
[   35.284090] 00000000: 58 41 47 46 00 00 00 01 00 00 00 01 00 00 40 00  XAGF..........@.
[   35.285458] 00000010: 00 00 00 02 00 00 00 03 00 00 00 00 00 00 00 01  ................
[   35.286878] 00000020: 00 00 00 01 00 00 00 00 00 00 00 01 00 00 00 04  ................
[   35.288243] 00000030: 00 00 00 04 00 00 3b 5f 00 00 3b 5c 00 00 00 00  ......;_..;\....
[   35.289659] 00000040: d6 f6 9d bd 8c 5d 46 be b8 8e 92 c0 ae 88 ce b2  .....]F.........
[   35.291018] 00000050: 00 00 00 00 00 00 00 00 00 00 00 00 00 00 00 00  ................
[   35.292377] 00000060: 00 00 00 00 00 00 00 00 00 00 00 00 00 00 00 00  ................
[   35.293835] 00000070: 00 00 00 00 00 00 00 00 00 00 00 00 00 00 00 00  ................
[   35.295291] XFS (loop0): metadata I/O error in "xfs_read_agf+0xd0/0x2c0" at daddr 0x8001 len 1 error 74
[   35.297245] XFS (loop0): page discard on page 000000009bf2c62f, inode 0x46, pos 0.
[   35.381287] XFS (loop0): Unmounting Filesystem d6f69dbd-8c5d-46be-b88e-92c0ae88ceb2
[   35.397855] XFS (loop0): Internal error atomic_read(&pag->pag_active_ref) != 0 at line 257 of file fs/xfs/libxfs/xfs_ag.c.  Caller xfs_free_perag+0x10b/0x180
[   35.400288] CPU: 0 PID: 668 Comm: repro Not tainted 6.3.0-rc1-b0d14d2aaf7d+ #1
[   35.401559] Hardware name: QEMU Standard PC (i440FX + PIIX, 1996), BIOS rel-1.16.0-0-gd239552ce722-prebuilt.qemu.org 04/01/2014
[   35.403480] Call Trace:
[   35.403925]  <TASK>
[   35.404324]  dump_stack_lvl+0xe0/0x110
[   35.405024]  dump_stack+0x19/0x20
[   35.405631]  xfs_corruption_error+0xd6/0xe0
[   35.406389]  ? xfs_free_perag+0x10b/0x180
[   35.407121]  xfs_free_perag+0x13e/0x180
[   35.407820]  ? xfs_free_perag+0x10b/0x180
[   35.408549]  xfs_unmountfs+0xfb/0x1f0
[   35.409468]  xfs_fs_put_super+0x5a/0x120
[   35.410251]  ? __pfx_xfs_fs_put_super+0x10/0x10
[   35.411125]  generic_shutdown_super+0xac/0x240
[   35.411988]  kill_block_super+0x43/0x80
[   35.412756]  deactivate_locked_super+0x52/0xb0
[   35.413607]  deactivate_super+0xb3/0xd0
[   35.414345]  cleanup_mnt+0x15e/0x1e0
[   35.415053]  __cleanup_mnt+0x1f/0x30
[   35.415778]  task_work_run+0xb6/0x120
[   35.416496]  do_exit+0x547/0x1360
[   35.417163]  ? __this_cpu_preempt_check+0x20/0x30
[   35.418067]  ? lockdep_hardirqs_on+0x8a/0x110
[   35.418914]  do_group_exit+0x5e/0xf0
[   35.419613]  __x64_sys_exit_group+0x25/0x30
[   35.420412]  do_syscall_64+0x3b/0x90
[   35.421136]  entry_SYSCALL_64_after_hwframe+0x72/0xdc
[   35.422107] RIP: 0033:0x7f79085c2cf6
[   35.422802] Code: Unable to access opcode bytes at 0x7f79085c2ccc.
[   35.423946] RSP: 002b:00007fffda8751a8 EFLAGS: 00000246 ORIG_RAX: 00000000000000e7
[   35.425354] RAX: ffffffffffffffda RBX: 00007f79086cd490 RCX: 00007f79085c2cf6
[   35.426683] RDX: 0000000000000001 RSI: 000000000000003c RDI: 0000000000000001
[   35.428005] RBP: 0000000000000001 R08: 00000000000000e7 R09: ffffffffffffff80
[   35.429336] R10: 0000000000000004 R11: 0000000000000246 R12: 00007f79086cd490
[   35.430657] R13: 0000000000000001 R14: 00007f79086d0e88 R15: 0000000000000000
[   35.431987]  </TASK>
[   35.432531] XFS (loop0): Corruption detected. Unmount and run xfs_repair
[   35.782225] loop0: detected capacity change from 0 to 65536
[   35.786313] XFS (loop0): Mounting V5 Filesystem d6f69dbd-8c5d-46be-b88e-92c0ae88ceb2
[   35.800513] XFS (loop0): Ending clean mount
[   35.802182] XFS (loop0): Quotacheck needed: Please wait.
[   35.807360] XFS (loop0): Quotacheck: Done.
[   35.889918] XFS (loop0): Metadata CRC error detected at xfs_agf_read_verify+0x10e/0x140, xfs_agf block 0x8001 
[   35.892017] XFS (loop0): Unmount and run xfs_repair
[   35.892997] XFS (loop0): First 128 bytes of corrupted metadata buffer:
[   35.894352] 00000000: 58 41 47 46 00 00 00 01 00 00 00 01 00 00 40 00  XAGF..........@.
[   35.895861] 00000010: 00 00 00 02 00 00 00 03 00 00 00 00 00 00 00 01  ................
[   35.897388] 00000020: 00 00 00 01 00 00 00 00 00 00 00 01 00 00 00 04  ................
[   35.898936] 00000030: 00 00 00 04 00 00 3b 5f 00 00 3b 5c 00 00 00 00  ......;_..;\....
[   35.900444] 00000040: d6 f6 9d bd 8c 5d 46 be b8 8e 92 c0 ae 88 ce b2  .....]F.........
[   35.902017] 00000050: 00 00 00 00 00 00 00 00 00 00 00 00 00 00 00 00  ................
[   35.903525] 00000060: 00 00 00 00 00 00 00 00 00 00 00 00 00 00 00 00  ................
[   35.905077] 00000070: 00 00 00 00 00 00 00 00 00 00 00 00 00 00 00 00  ................
[   35.907139] XFS (loop0): metadata I/O error in "xfs_read_agf+0xd0/0x2c0" at daddr 0x8001 len 1 error 74
[   35.908905] XFS (loop0): page discard on page 000000002881d448, inode 0x46, pos 0.
[   35.983112] XFS (loop0): Unmounting Filesystem d6f69dbd-8c5d-46be-b88e-92c0ae88ceb2
[   36.005841] XFS (loop0): Internal error atomic_read(&pag->pag_active_ref) != 0 at line 257 of file fs/xfs/libxfs/xfs_ag.c.  Caller xfs_free_perag+0x10b/0x180
[   36.008606] CPU: 0 PID: 682 Comm: repro Not tainted 6.3.0-rc1-b0d14d2aaf7d+ #1
[   36.010011] Hardware name: QEMU Standard PC (i440FX + PIIX, 1996), BIOS rel-1.16.0-0-gd239552ce722-prebuilt.qemu.org 04/01/2014
[   36.012170] Call Trace:
[   36.012682]  <TASK>
[   36.013124]  dump_stack_lvl+0xe0/0x110
[   36.013887]  dump_stack+0x19/0x20
[   36.014559]  xfs_corruption_error+0xd6/0xe0
[   36.015394]  ? xfs_free_perag+0x10b/0x180
[   36.016222]  xfs_free_perag+0x13e/0x180
[   36.017043]  ? xfs_free_perag+0x10b/0x180
[   36.017853]  xfs_unmountfs+0xfb/0x1f0
[   36.018595]  xfs_fs_put_super+0x5a/0x120
[   36.019384]  ? __pfx_xfs_fs_put_super+0x10/0x10
[   36.020296]  generic_shutdown_super+0xac/0x240
[   36.021216]  kill_block_super+0x43/0x80
[   36.021995]  deactivate_locked_super+0x52/0xb0
[   36.022881]  deactivate_super+0xb3/0xd0
[   36.023650]  cleanup_mnt+0x15e/0x1e0
[   36.024381]  __cleanup_mnt+0x1f/0x30
[   36.025137]  task_work_run+0xb6/0x120
[   36.025906]  do_exit+0x547/0x1360
[   36.026582]  ? __this_cpu_preempt_check+0x20/0x30
[   36.027526]  ? lockdep_hardirqs_on+0x8a/0x110
[   36.028410]  do_group_exit+0x5e/0xf0
[   36.029148]  __x64_sys_exit_group+0x25/0x30
[   36.029969]  do_syscall_64+0x3b/0x90
[   36.030686]  entry_SYSCALL_64_after_hwframe+0x72/0xdc
[   36.031673] RIP: 0033:0x7f47c0ec6cf6
[   36.032385] Code: Unable to access opcode bytes at 0x7f47c0ec6ccc.
[   36.033591] RSP: 002b:00007ffcbbb9bb18 EFLAGS: 00000246 ORIG_RAX: 00000000000000e7
[   36.035059] RAX: ffffffffffffffda RBX: 00007f47c0fd1490 RCX: 00007f47c0ec6cf6
[   36.036433] RDX: 0000000000000001 RSI: 000000000000003c RDI: 0000000000000001
[   36.037819] RBP: 0000000000000001 R08: 00000000000000e7 R09: ffffffffffffff80
[   36.039194] R10: 0000000000000004 R11: 0000000000000246 R12: 00007f47c0fd1490
[   36.040592] R13: 0000000000000001 R14: 00007f47c0fd4e88 R15: 0000000000000000
[   36.041986]  </TASK>
[   36.042548] XFS (loop0): Corruption detected. Unmount and run xfs_repair
[   36.424496] loop0: detected capacity change from 0 to 65536
[   36.428706] XFS (loop0): Mounting V5 Filesystem d6f69dbd-8c5d-46be-b88e-92c0ae88ceb2
[   36.440258] XFS (loop0): Ending clean mount
[   36.441989] XFS (loop0): Quotacheck needed: Please wait.
[   36.449424] XFS (loop0): Quotacheck: Done.
[   36.533741] XFS (loop0): Metadata CRC error detected at xfs_agf_read_verify+0x10e/0x140, xfs_agf block 0x8001 
[   36.535789] XFS (loop0): Unmount and run xfs_repair
[   36.536755] XFS (loop0): First 128 bytes of corrupted metadata buffer:
[   36.538063] 00000000: 58 41 47 46 00 00 00 01 00 00 00 01 00 00 40 00  XAGF..........@.
[   36.539576] 00000010: 00 00 00 02 00 00 00 03 00 00 00 00 00 00 00 01  ................
[   36.541088] 00000020: 00 00 00 01 00 00 00 00 00 00 00 01 00 00 00 04  ................
[   36.542654] 00000030: 00 00 00 04 00 00 3b 5f 00 00 3b 5c 00 00 00 00  ......;_..;\....
[   36.544162] 00000040: d6 f6 9d bd 8c 5d 46 be b8 8e 92 c0 ae 88 ce b2  .....]F.........
[   36.545828] 00000050: 00 00 00 00 00 00 00 00 00 00 00 00 00 00 00 00  ................
[   36.547350] 00000060: 00 00 00 00 00 00 00 00 00 00 00 00 00 00 00 00  ................
[   36.548866] 00000070: 00 00 00 00 00 00 00 00 00 00 00 00 00 00 00 00  ................
[   36.551249] XFS (loop0): metadata I/O error in "xfs_read_agf+0xd0/0x2c0" at daddr 0x8001 len 1 error 74
[   36.553103] XFS (loop0): page discard on page 00000000af476e89, inode 0x46, pos 0.
[   36.627883] XFS (loop0): Unmounting Filesystem d6f69dbd-8c5d-46be-b88e-92c0ae88ceb2
[   36.674021] XFS (loop0): Internal error atomic_read(&pag->pag_active_ref) != 0 at line 257 of file fs/xfs/libxfs/xfs_ag.c.  Caller xfs_free_perag+0x10b/0x180
[   36.676458] CPU: 0 PID: 696 Comm: repro Not tainted 6.3.0-rc1-b0d14d2aaf7d+ #1
[   36.677723] Hardware name: QEMU Standard PC (i440FX + PIIX, 1996), BIOS rel-1.16.0-0-gd239552ce722-prebuilt.qemu.org 04/01/2014
[   36.679602] Call Trace:
[   36.680040]  <TASK>
[   36.680428]  dump_stack_lvl+0xe0/0x110
[   36.681115]  dump_stack+0x19/0x20
[   36.681715]  xfs_corruption_error+0xd6/0xe0
[   36.682462]  ? xfs_free_perag+0x10b/0x180
[   36.683183]  xfs_free_perag+0x13e/0x180
[   36.683868]  ? xfs_free_perag+0x10b/0x180
[   36.684599]  xfs_unmountfs+0xfb/0x1f0
[   36.685265]  xfs_fs_put_super+0x5a/0x120
[   36.685975]  ? __pfx_xfs_fs_put_super+0x10/0x10
[   36.686789]  generic_shutdown_super+0xac/0x240
[   36.687595]  kill_block_super+0x43/0x80
[   36.688296]  deactivate_locked_super+0x52/0xb0
[   36.689098]  deactivate_super+0xb3/0xd0
[   36.689783]  cleanup_mnt+0x15e/0x1e0
[   36.690442]  __cleanup_mnt+0x1f/0x30
[   36.691094]  task_work_run+0xb6/0x120
[   36.691765]  do_exit+0x547/0x1360
[   36.692365]  ? __this_cpu_preempt_check+0x20/0x30
[   36.693218]  ? lockdep_hardirqs_on+0x8a/0x110
[   36.694006]  do_group_exit+0x5e/0xf0
[   36.694652]  __x64_sys_exit_group+0x25/0x30
[   36.695388]  do_syscall_64+0x3b/0x90
[   36.696035]  entry_SYSCALL_64_after_hwframe+0x72/0xdc
[   36.696929] RIP: 0033:0x7f215c017cf6
[   36.697563] Code: Unable to access opcode bytes at 0x7f215c017ccc.
[   36.698601] RSP: 002b:00007fffc9ec9738 EFLAGS: 00000246 ORIG_RAX: 00000000000000e7
[   36.699867] RAX: ffffffffffffffda RBX: 00007f215c122490 RCX: 00007f215c017cf6
[   36.701066] RDX: 0000000000000001 RSI: 000000000000003c RDI: 0000000000000001
[   36.702261] RBP: 0000000000000001 R08: 00000000000000e7 R09: ffffffffffffff80
[   36.703456] R10: 0000000000000004 R11: 0000000000000246 R12: 00007f215c122490
[   36.704660] R13: 0000000000000001 R14: 00007f215c125e88 R15: 0000000000000000
[   36.705879]  </TASK>
[   36.706414] XFS (loop0): Corruption detected. Unmount and run xfs_repair
[   37.135520] loop0: detected capacity change from 0 to 65536
[   37.139978] XFS (loop0): Mounting V5 Filesystem d6f69dbd-8c5d-46be-b88e-92c0ae88ceb2
[   37.151455] XFS (loop0): Ending clean mount
[   37.152911] XFS (loop0): Quotacheck needed: Please wait.
[   37.161957] XFS (loop0): Quotacheck: Done.
[   37.289204] XFS (loop0): Metadata CRC error detected at xfs_agf_read_verify+0x10e/0x140, xfs_agf block 0x8001 
[   37.291453] XFS (loop0): Unmount and run xfs_repair
[   37.292439] XFS (loop0): First 128 bytes of corrupted metadata buffer:
[   37.293850] 00000000: 58 41 47 46 00 00 00 01 00 00 00 01 00 00 40 00  XAGF..........@.
[   37.295432] 00000010: 00 00 00 02 00 00 00 03 00 00 00 00 00 00 00 01  ................
[   37.297083] 00000020: 00 00 00 01 00 00 00 00 00 00 00 01 00 00 00 04  ................
[   37.298692] 00000030: 00 00 00 04 00 00 3b 5f 00 00 3b 5c 00 00 00 00  ......;_..;\....
[   37.300264] 00000040: d6 f6 9d bd 8c 5d 46 be b8 8e 92 c0 ae 88 ce b2  .....]F.........
[   37.301897] 00000050: 00 00 00 00 00 00 00 00 00 00 00 00 00 00 00 00  ................
[   37.303468] 00000060: 00 00 00 00 00 00 00 00 00 00 00 00 00 00 00 00  ................
[   37.305029] 00000070: 00 00 00 00 00 00 00 00 00 00 00 00 00 00 00 00  ................
[   37.307084] XFS (loop0): metadata I/O error in "xfs_read_agf+0xd0/0x2c0" at daddr 0x8001 len 1 error 74
[   37.308854] XFS (loop0): page discard on page 00000000aedffe06, inode 0x46, pos 0.
[   37.384163] XFS (loop0): Unmounting Filesystem d6f69dbd-8c5d-46be-b88e-92c0ae88ceb2
[   37.405780] XFS (loop0): Internal error atomic_read(&pag->pag_active_ref) != 0 at line 257 of file fs/xfs/libxfs/xfs_ag.c.  Caller xfs_free_perag+0x10b/0x180
[   37.408600] CPU: 0 PID: 710 Comm: repro Not tainted 6.3.0-rc1-b0d14d2aaf7d+ #1
[   37.410036] Hardware name: QEMU Standard PC (i440FX + PIIX, 1996), BIOS rel-1.16.0-0-gd239552ce722-prebuilt.qemu.org 04/01/2014
[   37.412254] Call Trace:
[   37.412773]  <TASK>
[   37.413224]  dump_stack_lvl+0xe0/0x110
[   37.413997]  dump_stack+0x19/0x20
[   37.414681]  xfs_corruption_error+0xd6/0xe0
[   37.415533]  ? xfs_free_perag+0x10b/0x180
[   37.416350]  xfs_free_perag+0x13e/0x180
[   37.417152]  ? xfs_free_perag+0x10b/0x180
[   37.417979]  xfs_unmountfs+0xfb/0x1f0
[   37.418738]  xfs_fs_put_super+0x5a/0x120
[   37.419538]  ? __pfx_xfs_fs_put_super+0x10/0x10
[   37.420476]  generic_shutdown_super+0xac/0x240
[   37.421409]  kill_block_super+0x43/0x80
[   37.422196]  deactivate_locked_super+0x52/0xb0
[   37.423110]  deactivate_super+0xb3/0xd0
[   37.423897]  cleanup_mnt+0x15e/0x1e0
[   37.424688]  __cleanup_mnt+0x1f/0x30
[   37.425431]  task_work_run+0xb6/0x120
[   37.426198]  do_exit+0x547/0x1360
[   37.426879]  ? __this_cpu_preempt_check+0x20/0x30
[   37.427844]  ? lockdep_hardirqs_on+0x8a/0x110
[   37.428758]  do_group_exit+0x5e/0xf0
[   37.429494]  __x64_sys_exit_group+0x25/0x30
[   37.430337]  do_syscall_64+0x3b/0x90
[   37.431076]  entry_SYSCALL_64_after_hwframe+0x72/0xdc
[   37.432084] RIP: 0033:0x7fbdebe70cf6
[   37.432827] Code: Unable to access opcode bytes at 0x7fbdebe70ccc.
[   37.434028] RSP: 002b:00007ffce61668f8 EFLAGS: 00000246 ORIG_RAX: 00000000000000e7
[   37.435502] RAX: ffffffffffffffda RBX: 00007fbdebf7b490 RCX: 00007fbdebe70cf6
[   37.436911] RDX: 0000000000000001 RSI: 000000000000003c RDI: 0000000000000001
[   37.438308] RBP: 0000000000000001 R08: 00000000000000e7 R09: ffffffffffffff80
[   37.439708] R10: 0000000000000004 R11: 0000000000000246 R12: 00007fbdebf7b490
[   37.441145] R13: 0000000000000001 R14: 00007fbdebf7ee88 R15: 0000000000000000
[   37.442563]  </TASK>
[   37.443234] XFS (loop0): Corruption detected. Unmount and run xfs_repair
[   37.785768] loop0: detected capacity change from 0 to 65536
[   37.790032] XFS (loop0): Mounting V5 Filesystem d6f69dbd-8c5d-46be-b88e-92c0ae88ceb2
[   37.802417] XFS (loop0): Ending clean mount
[   37.803921] XFS (loop0): Quotacheck needed: Please wait.
[   37.810625] XFS (loop0): Quotacheck: Done.
[   37.901414] XFS (loop0): Metadata CRC error detected at xfs_agf_read_verify+0x10e/0x140, xfs_agf block 0x8001 
[   37.903675] XFS (loop0): Unmount and run xfs_repair
[   37.904528] XFS (loop0): First 128 bytes of corrupted metadata buffer:
[   37.905720] 00000000: 58 41 47 46 00 00 00 01 00 00 00 01 00 00 40 00  XAGF..........@.
[   37.907070] 00000010: 00 00 00 02 00 00 00 03 00 00 00 00 00 00 00 01  ................
[   37.908411] 00000020: 00 00 00 01 00 00 00 00 00 00 00 01 00 00 00 04  ................
[   37.909799] 00000030: 00 00 00 04 00 00 3b 5f 00 00 3b 5c 00 00 00 00  ......;_..;\....
[   37.911137] 00000040: d6 f6 9d bd 8c 5d 46 be b8 8e 92 c0 ae 88 ce b2  .....]F.........
[   37.912467] 00000050: 00 00 00 00 00 00 00 00 00 00 00 00 00 00 00 00  ................
[   37.913868] 00000060: 00 00 00 00 00 00 00 00 00 00 00 00 00 00 00 00  ................
[   37.915223] 00000070: 00 00 00 00 00 00 00 00 00 00 00 00 00 00 00 00  ................
[   37.916767] XFS (loop0): metadata I/O error in "xfs_read_agf+0xd0/0x2c0" at daddr 0x8001 len 1 error 74
[   37.918936] XFS (loop0): page discard on page 00000000a63f728a, inode 0x46, pos 0.
[   38.003292] XFS (loop0): Unmounting Filesystem d6f69dbd-8c5d-46be-b88e-92c0ae88ceb2
[   38.029713] XFS (loop0): Internal error atomic_read(&pag->pag_active_ref) != 0 at line 257 of file fs/xfs/libxfs/xfs_ag.c.  Caller xfs_free_perag+0x10b/0x180
[   38.032525] CPU: 0 PID: 724 Comm: repro Not tainted 6.3.0-rc1-b0d14d2aaf7d+ #1
[   38.034022] Hardware name: QEMU Standard PC (i440FX + PIIX, 1996), BIOS rel-1.16.0-0-gd239552ce722-prebuilt.qemu.org 04/01/2014
[   38.036222] Call Trace:
[   38.036738]  <TASK>
[   38.037187]  dump_stack_lvl+0xe0/0x110
[   38.037960]  dump_stack+0x19/0x20
[   38.038640]  xfs_corruption_error+0xd6/0xe0
[   38.039493]  ? xfs_free_perag+0x10b/0x180
[   38.040310]  xfs_free_perag+0x13e/0x180
[   38.041101]  ? xfs_free_perag+0x10b/0x180
[   38.041931]  xfs_unmountfs+0xfb/0x1f0
[   38.042682]  xfs_fs_put_super+0x5a/0x120
[   38.043486]  ? __pfx_xfs_fs_put_super+0x10/0x10
[   38.044412]  generic_shutdown_super+0xac/0x240
[   38.045343]  kill_block_super+0x43/0x80
[   38.046138]  deactivate_locked_super+0x52/0xb0
[   38.047051]  deactivate_super+0xb3/0xd0
[   38.047832]  cleanup_mnt+0x15e/0x1e0
[   38.048608]  __cleanup_mnt+0x1f/0x30
[   38.049348]  task_work_run+0xb6/0x120
[   38.050106]  do_exit+0x547/0x1360
[   38.050796]  ? __this_cpu_preempt_check+0x20/0x30
[   38.051763]  ? lockdep_hardirqs_on+0x8a/0x110
[   38.052691]  do_group_exit+0x5e/0xf0
[   38.053456]  __x64_sys_exit_group+0x25/0x30
[   38.054312]  do_syscall_64+0x3b/0x90
[   38.055045]  entry_SYSCALL_64_after_hwframe+0x72/0xdc
[   38.056055] RIP: 0033:0x7f168b844cf6
[   38.056788] Code: Unable to access opcode bytes at 0x7f168b844ccc.
[   38.058000] RSP: 002b:00007ffdf478ec88 EFLAGS: 00000246 ORIG_RAX: 00000000000000e7
[   38.059481] RAX: ffffffffffffffda RBX: 00007f168b94f490 RCX: 00007f168b844cf6
[   38.060888] RDX: 0000000000000001 RSI: 000000000000003c RDI: 0000000000000001
[   38.062292] RBP: 0000000000000001 R08: 00000000000000e7 R09: ffffffffffffff80
[   38.063683] R10: 0000000000000004 R11: 0000000000000246 R12: 00007f168b94f490
[   38.065101] R13: 0000000000000001 R14: 00007f168b952e88 R15: 0000000000000000
[   38.066516]  </TASK>
[   38.067069] XFS (loop0): Corruption detected. Unmount and run xfs_repair
[   38.578362] loop0: detected capacity change from 0 to 65536
[   38.584156] XFS (loop0): Mounting V5 Filesystem d6f69dbd-8c5d-46be-b88e-92c0ae88ceb2
[   38.597013] XFS (loop0): Ending clean mount
[   38.598785] XFS (loop0): Quotacheck needed: Please wait.
[   38.605992] XFS (loop0): Quotacheck: Done.
[   38.739325] XFS (loop0): Metadata CRC error detected at xfs_agf_read_verify+0x10e/0x140, xfs_agf block 0x8001 
[   38.741406] XFS (loop0): Unmount and run xfs_repair
[   38.742429] XFS (loop0): First 128 bytes of corrupted metadata buffer:
