c[?7l[2J[0mSeaBIOS (version rel-1.16.0-0-gd239552ce722-prebuilt.qemu.org)


iPXE (http://ipxe.org) 00:03.0 CA00 PCI2.10 PnP PMM+7FF91000+7FEF1000 CA00
Press Ctrl-B to configure iPXE (PCI 00:03.0)...                                                                               


Booting from ROM..c[?7l[2J[0m.[    0.000000] Linux version 6.2.0-d0a32f5520a3+ (root@p-rpls01) (gcc (GCC) 8.5.0 20210514 (Red Hat 8.5.0-18), GNU ld version 2.36.1-2.el8) #1 SMP PREEMPT_DYNAMIC Wed Mar 15 12:47:33 CST 2023
[    0.000000] Command line: console=ttyS0 root=/dev/sda earlyprintk=serial net.ifnames=0
[    0.000000] KERNEL supported cpus:
[    0.000000]   Intel GenuineIntel
[    0.000000]   AMD AuthenticAMD
[    0.000000]   Hygon HygonGenuine
[    0.000000]   Centaur CentaurHauls
[    0.000000]   zhaoxin   Shanghai  
[    0.000000] x86/fpu: Supporting XSAVE feature 0x001: 'x87 floating point registers'
[    0.000000] x86/fpu: Supporting XSAVE feature 0x002: 'SSE registers'
[    0.000000] x86/fpu: Supporting XSAVE feature 0x004: 'AVX registers'
[    0.000000] x86/fpu: Supporting XSAVE feature 0x200: 'Protection Keys User registers'
[    0.000000] x86/fpu: xstate_offset[2]:  576, xstate_sizes[2]:  256
[    0.000000] x86/fpu: xstate_offset[9]:  832, xstate_sizes[9]:    8
[    0.000000] x86/fpu: Enabled xstate features 0x207, context size is 840 bytes, using 'compacted' format.
[    0.000000] signal: max sigframe size: 3632
[    0.000000] BIOS-provided physical RAM map:
[    0.000000] BIOS-e820: [mem 0x0000000000000000-0x000000000009fbff] usable
[    0.000000] BIOS-e820: [mem 0x000000000009fc00-0x000000000009ffff] reserved
[    0.000000] BIOS-e820: [mem 0x00000000000f0000-0x00000000000fffff] reserved
[    0.000000] BIOS-e820: [mem 0x0000000000100000-0x000000007ffdffff] usable
[    0.000000] BIOS-e820: [mem 0x000000007ffe0000-0x000000007fffffff] reserved
[    0.000000] BIOS-e820: [mem 0x00000000feffc000-0x00000000feffffff] reserved
[    0.000000] BIOS-e820: [mem 0x00000000fffc0000-0x00000000ffffffff] reserved
[    0.000000] printk: bootconsole [earlyser0] enabled
[    0.000000] NX (Execute Disable) protection: active
[    0.000000] SMBIOS 2.8 present.
[    0.000000] DMI: QEMU Standard PC (i440FX + PIIX, 1996), BIOS rel-1.16.0-0-gd239552ce722-prebuilt.qemu.org 04/01/2014
[    0.000000] Hypervisor detected: KVM
[    0.000000] kvm-clock: Using msrs 4b564d01 and 4b564d00
[    0.000005] kvm-clock: using sched offset of 724705108 cycles
[    0.001460] clocksource: kvm-clock: mask: 0xffffffffffffffff max_cycles: 0x1cd42e4dffb, max_idle_ns: 881590591483 ns
[    0.004000] tsc: Detected 806.400 MHz processor
[    0.004000] last_pfn = 0x7ffe0 max_arch_pfn = 0x400000000
[    0.004000] x86/PAT: Configuration [0-7]: WB  WC  UC- UC  WB  WP  UC- WT  
[    0.004000] found SMP MP-table at [mem 0x000f5ba0-0x000f5baf]
[    0.004000] Using GB pages for direct mapping
[    0.004000] ACPI: Early table checksum verification disabled
[    0.004000] ACPI: RSDP 0x00000000000F59C0 000014 (v00 BOCHS )
[    0.004000] ACPI: RSDT 0x000000007FFE1951 000034 (v01 BOCHS  BXPC     00000001 BXPC 00000001)
[    0.004000] ACPI: FACP 0x000000007FFE17FD 000074 (v01 BOCHS  BXPC     00000001 BXPC 00000001)
[    0.004000] ACPI: DSDT 0x000000007FFE0040 0017BD (v01 BOCHS  BXPC     00000001 BXPC 00000001)
[    0.004000] ACPI: FACS 0x000000007FFE0000 000040
[    0.004000] ACPI: APIC 0x000000007FFE1871 000080 (v01 BOCHS  BXPC     00000001 BXPC 00000001)
[    0.004000] ACPI: HPET 0x000000007FFE18F1 000038 (v01 BOCHS  BXPC     00000001 BXPC 00000001)
[    0.004000] ACPI: WAET 0x000000007FFE1929 000028 (v01 BOCHS  BXPC     00000001 BXPC 00000001)
[    0.004000] ACPI: Reserving FACP table memory at [mem 0x7ffe17fd-0x7ffe1870]
[    0.004000] ACPI: Reserving DSDT table memory at [mem 0x7ffe0040-0x7ffe17fc]
[    0.004000] ACPI: Reserving FACS table memory at [mem 0x7ffe0000-0x7ffe003f]
[    0.004000] ACPI: Reserving APIC table memory at [mem 0x7ffe1871-0x7ffe18f0]
[    0.004000] ACPI: Reserving HPET table memory at [mem 0x7ffe18f1-0x7ffe1928]
[    0.004000] ACPI: Reserving WAET table memory at [mem 0x7ffe1929-0x7ffe1950]
[    0.004000] No NUMA configuration found
[    0.004000] Faking a node at [mem 0x0000000000000000-0x000000007ffdffff]
[    0.004000] NODE_DATA(0) allocated [mem 0x7ffb5000-0x7ffdffff]
[    0.004000] Zone ranges:
[    0.004000]   DMA      [mem 0x0000000000001000-0x0000000000ffffff]
[    0.004000]   DMA32    [mem 0x0000000001000000-0x000000007ffdffff]
[    0.004000]   Normal   empty
[    0.004000]   Device   empty
[    0.004000] Movable zone start for each node
[    0.004000] Early memory node ranges
[    0.004000]   node   0: [mem 0x0000000000001000-0x000000000009efff]
[    0.004000]   node   0: [mem 0x0000000000100000-0x000000007ffdffff]
[    0.004000] Initmem setup node 0 [mem 0x0000000000001000-0x000000007ffdffff]
[    0.004000] On node 0, zone DMA: 1 pages in unavailable ranges
[    0.004000] On node 0, zone DMA: 97 pages in unavailable ranges
[    0.004000] On node 0, zone DMA32: 32 pages in unavailable ranges
[    0.004000] ACPI: PM-Timer IO Port: 0x608
[    0.004000] ACPI: LAPIC_NMI (acpi_id[0xff] dfl dfl lint[0x1])
[    0.004000] IOAPIC[0]: apic_id 0, version 17, address 0xfec00000, GSI 0-23
[    0.004000] ACPI: INT_SRC_OVR (bus 0 bus_irq 0 global_irq 2 dfl dfl)
[    0.004000] ACPI: INT_SRC_OVR (bus 0 bus_irq 5 global_irq 5 high level)
[    0.004000] ACPI: INT_SRC_OVR (bus 0 bus_irq 9 global_irq 9 high level)
[    0.004000] ACPI: INT_SRC_OVR (bus 0 bus_irq 10 global_irq 10 high level)
[    0.004000] ACPI: INT_SRC_OVR (bus 0 bus_irq 11 global_irq 11 high level)
[    0.004000] ACPI: Using ACPI (MADT) for SMP configuration information
[    0.004000] ACPI: HPET id: 0x8086a201 base: 0xfed00000
[    0.004000] TSC deadline timer available
[    0.004000] smpboot: Allowing 2 CPUs, 0 hotplug CPUs
[    0.004000] kvm-guest: KVM setup pv remote TLB flush
[    0.004000] kvm-guest: setup PV sched yield
[    0.004000] PM: hibernation: Registered nosave memory: [mem 0x00000000-0x00000fff]
[    0.004000] PM: hibernation: Registered nosave memory: [mem 0x0009f000-0x0009ffff]
[    0.004000] PM: hibernation: Registered nosave memory: [mem 0x000a0000-0x000effff]
[    0.004000] PM: hibernation: Registered nosave memory: [mem 0x000f0000-0x000fffff]
[    0.004000] [mem 0x80000000-0xfeffbfff] available for PCI devices
[    0.004000] Booting paravirtualized kernel on KVM
[    0.004000] clocksource: refined-jiffies: mask: 0xffffffff max_cycles: 0xffffffff, max_idle_ns: 7645519600211568 ns
[    0.004000] setup_percpu: NR_CPUS:8192 nr_cpumask_bits:2 nr_cpu_ids:2 nr_node_ids:1
[    0.004000] percpu: Embedded 65 pages/cpu s229376 r8192 d28672 u1048576
[    0.004000] kvm-guest: PV spinlocks enabled
[    0.004000] PV qspinlock hash table entries: 256 (order: 0, 4096 bytes, linear)
[    0.004000] Fallback order for Node 0: 0 
[    0.004000] Built 1 zonelists, mobility grouping on.  Total pages: 515808
[    0.004000] Policy zone: DMA32
[    0.004000] Kernel command line: net.ifnames=0 console=ttyS0 root=/dev/sda earlyprintk=serial net.ifnames=0
[    0.004000] random: crng init done
[    0.004000] Dentry cache hash table entries: 262144 (order: 9, 2097152 bytes, linear)
[    0.004000] Inode-cache hash table entries: 131072 (order: 8, 1048576 bytes, linear)
[    0.004000] mem auto-init: stack:off, heap alloc:off, heap free:off
[    0.004000] Memory: 1964888K/2096632K available (36864K kernel code, 4579K rwdata, 9848K rodata, 10504K init, 31784K bss, 131488K reserved, 0K cma-reserved)
[    0.004000] SLUB: HWalign=64, Order=0-3, MinObjects=0, CPUs=2, Nodes=1
[    0.004000] kmemleak: Kernel memory leak detector disabled
[    0.004000] ftrace: allocating 68740 entries in 269 pages
[    0.004000] ftrace: allocated 269 pages with 4 groups
[    0.004000] Dynamic Preempt: voluntary
[    0.004000] Running RCU self tests
[    0.004000] Running RCU synchronous self tests
[    0.004000] rcu: Preemptible hierarchical RCU implementation.
[    0.004000] rcu: 	RCU lockdep checking is enabled.
[    0.004000] rcu: 	RCU restricting CPUs from NR_CPUS=8192 to nr_cpu_ids=2.
[    0.004000] 	Trampoline variant of Tasks RCU enabled.
[    0.004000] 	Rude variant of Tasks RCU enabled.
[    0.004000] 	Tracing variant of Tasks RCU enabled.
[    0.004000] rcu: RCU calculated value of scheduler-enlistment delay is 25 jiffies.
[    0.004000] rcu: Adjusting geometry for rcu_fanout_leaf=16, nr_cpu_ids=2
[    0.004000] Running RCU synchronous self tests
[    0.004000] NR_IRQS: 524544, nr_irqs: 440, preallocated irqs: 16
[    0.004000] rcu: srcu_init: Setting srcu_struct sizes based on contention.
[    0.004000] Console: colour VGA+ 80x25
[    0.004000] printk: console [ttyS0] enabled
[    0.004000] printk: console [ttyS0] enabled
[    0.004000] printk: bootconsole [earlyser0] disabled
[    0.004000] printk: bootconsole [earlyser0] disabled
[    0.004000] Lock dependency validator: Copyright (c) 2006 Red Hat, Inc., Ingo Molnar
[    0.004000] ... MAX_LOCKDEP_SUBCLASSES:  8
[    0.004000] ... MAX_LOCK_DEPTH:          48
[    0.004000] ... MAX_LOCKDEP_KEYS:        8192
[    0.004000] ... CLASSHASH_SIZE:          4096
[    0.004000] ... MAX_LOCKDEP_ENTRIES:     32768
[    0.004000] ... MAX_LOCKDEP_CHAINS:      65536
[    0.004000] ... CHAINHASH_SIZE:          32768
[    0.004000]  memory used by lock dependency info: 6365 kB
[    0.004000]  memory used for stack traces: 4224 kB
[    0.004000]  per task-struct memory footprint: 1920 bytes
[    0.004000] ACPI: Core revision 20221020
[    0.004000] clocksource: hpet: mask: 0xffffffff max_cycles: 0xffffffff, max_idle_ns: 19112604467 ns
[    0.004000] APIC: Switch to symmetric I/O mode setup
[    0.004000] x2apic enabled
[    0.004000] Switched APIC routing to physical x2apic.
[    0.004000] kvm-guest: setup PV IPIs
[    0.004000] ..TIMER: vector=0x30 apic1=0 pin1=2 apic2=-1 pin2=-1
[    0.004000] clocksource: tsc-early: mask: 0xffffffffffffffff max_cycles: 0xb9fb05486c, max_idle_ns: 440795231721 ns
[    0.343638] Calibrating delay loop (skipped) preset value.. 1612.80 BogoMIPS (lpj=3225600)
[    0.347623] pid_max: default: 32768 minimum: 301
[    0.349256] LSM: initializing lsm=capability,yama,integrity
[    0.351620] Yama: becoming mindful.
[    0.352896] Mount-cache hash table entries: 4096 (order: 3, 32768 bytes, linear)
[    0.355624] Mountpoint-cache hash table entries: 4096 (order: 3, 32768 bytes, linear)
[    0.360632] CPU0: Thermal monitoring enabled (TM1)
[    0.362370] x86/cpu: User Mode Instruction Prevention (UMIP) activated
[    0.364333] Last level iTLB entries: 4KB 0, 2MB 0, 4MB 0
[    0.365943] Last level dTLB entries: 4KB 0, 2MB 0, 4MB 0, 1GB 0
[    0.367647] Spectre V1 : Mitigation: usercopy/swapgs barriers and __user pointer sanitization
[    0.370114] Spectre V2 : WARNING: Unprivileged eBPF is enabled with eIBRS on, data leaks possible via Spectre v2 BHB attacks!
[    0.371641] Spectre V2 : Mitigation: Enhanced / Automatic IBRS
[    0.375624] Spectre V2 : Spectre v2 / SpectreRSB mitigation: Filling RSB on context switch
[    0.379621] Spectre V2 : Spectre v2 / PBRSB-eIBRS: Retire a single CALL on VMEXIT
[    0.381757] Spectre V2 : mitigation: Enabling conditional Indirect Branch Prediction Barrier
[    0.383628] Speculative Store Bypass: Mitigation: Speculative Store Bypass disabled via prctl
[    0.385737] MMIO Stale Data: Unknown: No mitigations
[    0.562937] Freeing SMP alternatives memory: 56K
[    0.563697] Running RCU synchronous self tests
[    0.564801] Running RCU synchronous self tests
[    0.566490] smpboot: CPU0: Genuine Intel(R) 0000 (family: 0x6, model: 0xb7, stepping: 0x0)
[    0.567612] cblist_init_generic: Setting adjustable number of callback queues.
[    0.567633] cblist_init_generic: Setting shift to 1 and lim to 1.
[    0.569255] cblist_init_generic: Setting shift to 1 and lim to 1.
[    0.570874] cblist_init_generic: Setting shift to 1 and lim to 1.
[    0.571740] Running RCU-tasks wait API self tests
[    0.676028] Performance Events: Alderlake Hybrid events, full-width counters, Intel PMU driver.
[    0.679606] core: cpu_core PMU driver: 
[    0.680615] ... version:                2
[    0.681617] ... bit width:              48
[    0.682632] ... generic registers:      6
[    0.683630] ... value mask:             0000ffffffffffff
[    0.684947] ... max period:             00007fffffffffff
[    0.686252] ... fixed-purpose events:   3
[    0.687270] ... event mask:             0001000f0000003f
[    0.688106] rcu: Hierarchical SRCU implementation.
[    0.689289] rcu: 	Max phase no-delay instances is 1000.
[    0.693498] unchecked MSR access error: WRMSR to 0x38f (tried to write 0x0001000f0000003f) at rIP: 0xffffffff810e0e6c (native_write_msr+0xc/0x30)
[    0.695612] Call Trace:
[    0.695612]  <TASK>
[    0.695612]  __intel_pmu_enable_all.constprop.49+0xb5/0x140
[    0.695612]  intel_pmu_enable_all+0x1e/0x30
[    0.695612]  x86_pmu_enable+0x46d/0x5a0
[    0.695612]  ? write_comp_data+0x2f/0x90
[    0.695612]  perf_pmu_enable+0x53/0x70
[    0.695612]  ctx_resched+0x14d/0x1e0
[    0.695612]  __perf_install_in_context+0x2f7/0x470
[    0.695612]  ? lock_is_held_type+0xe6/0x140
[    0.695612]  ? __pfx_remote_function+0x10/0x10
[    0.695612]  remote_function+0x80/0xa0
[    0.695612]  ? __pfx_remote_function+0x10/0x10
[    0.695612]  generic_exec_single+0x124/0x190
[    0.695612]  smp_call_function_single+0x11c/0x240
[    0.695612]  ? __pfx_remote_function+0x10/0x10
[    0.695612]  ? __sanitizer_cov_trace_pc+0x25/0x60
[    0.695612]  ? write_comp_data+0x2f/0x90
[    0.695612]  perf_install_in_context+0x2d8/0x300
[    0.695612]  ? __pfx___perf_install_in_context+0x10/0x10
[    0.695612]  perf_event_create_kernel_counter+0x284/0x2b0
[    0.695612]  ? __pfx_watchdog_overflow_callback+0x10/0x10
[    0.695612]  hardlockup_detector_event_create+0x46/0xd0
[    0.695612]  hardlockup_detector_perf_init+0x18/0x80
[    0.695612]  watchdog_nmi_probe+0x17/0x20
[    0.695612]  lockup_detector_init+0x40/0xb0
[    0.695612]  kernel_init_freeable+0x37e/0x8c0
[    0.695612]  ? __pfx_kernel_init+0x10/0x10
[    0.695612]  kernel_init+0x24/0x1e0
[    0.695612]  ? __pfx_kernel_init+0x10/0x10
[    0.695612]  ret_from_fork+0x29/0x50
[    0.695612]  </TASK>
[    0.695728] Callback from call_rcu_tasks_trace() invoked.
[    0.697736] smp: Bringing up secondary CPUs ...
[    0.700172] x86: Booting SMP configuration:
[    0.701520] .... node  #0, CPUs:      #1
[    0.702539] smp: Brought up 1 node, 2 CPUs
[    0.704848] smpboot: Max logical packages: 1
[    0.706113] smpboot: Total of 2 processors activated (3225.60 BogoMIPS)
[    0.708800] devtmpfs: initialized
[    0.709066] x86/mm: Memory block size: 128MB
[    0.714356] Running RCU synchronous self tests
[    0.715665] Running RCU synchronous self tests
[    0.717064] clocksource: jiffies: mask: 0xffffffff max_cycles: 0xffffffff, max_idle_ns: 7645041785100000 ns
[    0.719642] futex hash table entries: 512 (order: 4, 65536 bytes, linear)
[    0.722005] pinctrl core: initialized pinctrl subsystem
[    0.724290] 
[    0.724760] *************************************************************
[    0.726732] **     NOTICE NOTICE NOTICE NOTICE NOTICE NOTICE NOTICE    **
[    0.727634] **                                                         **
[    0.729618] **  IOMMU DebugFS SUPPORT HAS BEEN ENABLED IN THIS KERNEL  **
[    0.731606] **                                                         **
[    0.731629] ** This means that this kernel is built to expose internal **
[    0.733579] ** IOMMU data structures, which may compromise security on **
[    0.735562] ** your system.                                            **
[    0.735652] **                                                         **
[    0.737634] ** If you see this message and you are not debugging the   **
[    0.739587] ** kernel, report this immediately to your vendor!         **
[    0.739624] **                                                         **
[    0.741572] **     NOTICE NOTICE NOTICE NOTICE NOTICE NOTICE NOTICE    **
[    0.743547] *************************************************************
[    0.743845] PM: RTC time: 13:27:00, date: 2023-03-19
[    0.748681] NET: Registered PF_NETLINK/PF_ROUTE protocol family
[    0.751359] DMA: preallocated 256 KiB GFP_KERNEL pool for atomic allocations
[    0.751642] DMA: preallocated 256 KiB GFP_KERNEL|GFP_DMA pool for atomic allocations
[    0.753898] DMA: preallocated 256 KiB GFP_KERNEL|GFP_DMA32 pool for atomic allocations
[    0.755721] audit: initializing netlink subsys (disabled)
[    0.757470] audit: type=2000 audit(1679232420.604:1): state=initialized audit_enabled=0 res=1
[    0.757470] thermal_sys: Registered thermal governor 'fair_share'
[    0.759637] thermal_sys: Registered thermal governor 'bang_bang'
[    0.761439] thermal_sys: Registered thermal governor 'step_wise'
[    0.763166] thermal_sys: Registered thermal governor 'user_space'
[    0.763712] cpuidle: using governor ladder
[    0.766748] cpuidle: using governor menu
[    0.768118] acpiphp: ACPI Hot Plug PCI Controller Driver version: 0.5
[    0.770524] PCI: Using configuration type 1 for base access
[    0.772931] kprobes: kprobe jump-optimization is enabled. All kprobes are optimized if possible.
[    1.118647] HugeTLB: registered 1.00 GiB page size, pre-allocated 0 pages
[    1.119634] HugeTLB: 16380 KiB vmemmap can be freed for a 1.00 GiB page
[    1.121272] HugeTLB: registered 2.00 MiB page size, pre-allocated 0 pages
[    1.122941] HugeTLB: 28 KiB vmemmap can be freed for a 2.00 MiB page
[    4.899825] ACPI: Added _OSI(Module Device)
[    4.900919] ACPI: Added _OSI(Processor Device)
[    4.901984] ACPI: Added _OSI(3.0 _SCP Extensions)
[    4.903146] ACPI: Added _OSI(Processor Aggregator Device)
[    4.914908] ACPI: 1 ACPI AML tables successfully acquired and loaded
[    4.963775] Callback from call_rcu_tasks_rude() invoked.
[    4.965549] ACPI: Interpreter enabled
[    4.967786] ACPI: PM: (supports S0 S3 S4 S5)
[    4.969048] ACPI: Using IOAPIC for interrupt routing
[    4.970544] PCI: Using host bridge windows from ACPI; if necessary, use "pci=nocrs" and report a bug
[    4.971629] PCI: Using E820 reservations for host bridge windows
[    4.974367] ACPI: Enabled 2 GPEs in block 00 to 0F
[    4.999245] ACPI: PCI Root Bridge [PCI0] (domain 0000 [bus 00-ff])
[    4.999649] acpi PNP0A03:00: _OSC: OS supports [ASPM ClockPM Segments MSI EDR HPX-Type3]
[    5.001885] acpi PNP0A03:00: _OSC: not requesting OS control; OS requires [ExtendedConfig ASPM ClockPM MSI]
[    5.007723] acpi PNP0A03:00: fail to add MMCONFIG information, can't access extended configuration space under this bridge
[    5.014165] acpiphp: Slot [3] registered
[    5.015385] acpiphp: Slot [4] registered
[    5.015728] acpiphp: Slot [5] registered
[    5.016909] acpiphp: Slot [6] registered
[    5.018112] acpiphp: Slot [7] registered
[    5.019294] acpiphp: Slot [8] registered
[    5.019726] acpiphp: Slot [9] registered
[    5.020900] acpiphp: Slot [10] registered
[    5.022143] acpiphp: Slot [11] registered
[    5.023356] acpiphp: Slot [12] registered
[    5.023725] acpiphp: Slot [13] registered
[    5.024961] acpiphp: Slot [14] registered
[    5.026178] acpiphp: Slot [15] registered
[    5.027392] acpiphp: Slot [16] registered
[    5.027723] acpiphp: Slot [17] registered
[    5.028947] acpiphp: Slot [18] registered
[    5.030179] acpiphp: Slot [19] registered
[    5.031416] acpiphp: Slot [20] registered
[    5.035723] acpiphp: Slot [21] registered
[    5.036945] acpiphp: Slot [22] registered
[    5.038183] acpiphp: Slot [23] registered
[    5.039426] acpiphp: Slot [24] registered
[    5.039736] acpiphp: Slot [25] registered
[    5.040948] acpiphp: Slot [26] registered
[    5.042189] acpiphp: Slot [27] registered
[    5.043424] acpiphp: Slot [28] registered
[    5.043732] acpiphp: Slot [29] registered
[    5.044991] acpiphp: Slot [30] registered
[    5.046225] acpiphp: Slot [31] registered
[    5.047378] PCI host bridge to bus 0000:00
[    5.047658] pci_bus 0000:00: root bus resource [io  0x0000-0x0cf7 window]
[    5.049550] pci_bus 0000:00: root bus resource [io  0x0d00-0xffff window]
[    5.051445] pci_bus 0000:00: root bus resource [mem 0x000a0000-0x000bffff window]
[    5.055640] pci_bus 0000:00: root bus resource [mem 0x80000000-0xfebfffff window]
[    5.057739] pci_bus 0000:00: root bus resource [mem 0x100000000-0x17fffffff window]
[    5.059633] pci_bus 0000:00: root bus resource [bus 00-ff]
[    5.061407] pci 0000:00:00.0: [8086:1237] type 00 class 0x060000
[    5.067854] Callback from call_rcu_tasks() invoked.
[    5.068066] pci 0000:00:01.0: [8086:7000] type 00 class 0x060100
[    5.071846] pci 0000:00:01.1: [8086:7010] type 00 class 0x010180
[    5.076518] pci 0000:00:01.1: reg 0x20: [io  0xc040-0xc04f]
[    5.079294] pci 0000:00:01.1: legacy IDE quirk: reg 0x10: [io  0x01f0-0x01f7]
[    5.079631] pci 0000:00:01.1: legacy IDE quirk: reg 0x14: [io  0x03f6]
[    5.081450] pci 0000:00:01.1: legacy IDE quirk: reg 0x18: [io  0x0170-0x0177]
[    5.083627] pci 0000:00:01.1: legacy IDE quirk: reg 0x1c: [io  0x0376]
[    5.086049] pci 0000:00:01.3: [8086:7113] type 00 class 0x068000
[    5.088714] pci 0000:00:01.3: quirk: [io  0x0600-0x063f] claimed by PIIX4 ACPI
[    5.090748] pci 0000:00:01.3: quirk: [io  0x0700-0x070f] claimed by PIIX4 SMB
[    5.092284] pci 0000:00:02.0: [1234:1111] type 00 class 0x030000
[    5.099648] pci 0000:00:02.0: reg 0x10: [mem 0xfd000000-0xfdffffff pref]
[    5.104388] pci 0000:00:02.0: reg 0x18: [mem 0xfebf0000-0xfebf0fff]
[    5.114552] pci 0000:00:02.0: reg 0x30: [mem 0xfebe0000-0xfebeffff pref]
[    5.115818] pci 0000:00:02.0: Video device with shadowed ROM at [mem 0x000c0000-0x000dffff]
[    5.124512] pci 0000:00:03.0: [8086:100e] type 00 class 0x020000
[    5.128533] pci 0000:00:03.0: reg 0x10: [mem 0xfebc0000-0xfebdffff]
[    5.131363] pci 0000:00:03.0: reg 0x14: [io  0xc000-0xc03f]
[    5.136188] pci 0000:00:03.0: reg 0x30: [mem 0xfeb80000-0xfebbffff pref]
[    5.191682] ACPI: PCI: Interrupt link LNKA configured for IRQ 10
[    5.194004] ACPI: PCI: Interrupt link LNKB configured for IRQ 10
[    5.196183] ACPI: PCI: Interrupt link LNKC configured for IRQ 11
[    5.198599] ACPI: PCI: Interrupt link LNKD configured for IRQ 11
[    5.199897] ACPI: PCI: Interrupt link LNKS configured for IRQ 9
[    5.203829] iommu: Default domain type: Translated 
[    5.207635] iommu: DMA domain TLB invalidation policy: lazy mode 
[    5.211245] SCSI subsystem initialized
[    5.212118] ACPI: bus type USB registered
[    5.212118] usbcore: registered new interface driver usbfs
[    5.213265] usbcore: registered new interface driver hub
[    5.214659] usbcore: registered new device driver usb
[    5.215883] pps_core: LinuxPPS API ver. 1 registered
[    5.217113] pps_core: Software ver. 5.3.6 - Copyright 2005-2007 Rodolfo Giometti <giometti@linux.it>
[    5.219347] PTP clock support registered
[    5.219773] EDAC MC: Ver: 3.0.0
[    5.225913] NetLabel: Initializing
[    5.227637] NetLabel:  domain hash size = 128
[    5.228736] NetLabel:  protocols = UNLABELED CIPSOv4 CALIPSO
[    5.230266] NetLabel:  unlabeled traffic allowed by default
[    5.231941] PCI: Using ACPI for IRQ routing
[    5.233330] pci 0000:00:02.0: vgaarb: setting as boot VGA device
[    5.233330] pci 0000:00:02.0: vgaarb: bridge control possible
[    5.234636] pci 0000:00:02.0: vgaarb: VGA device added: decodes=io+mem,owns=io+mem,locks=none
[    5.235634] vgaarb: loaded
[    5.236351] hpet0: at MMIO 0xfed00000, IRQs 2, 8, 0
[    5.237660] hpet0: 3 comparators, 64-bit 100.000000 MHz counter
[    5.240045] clocksource: Switched to clocksource kvm-clock
[    5.243437] VFS: Disk quotas dquot_6.6.0
[    5.244728] VFS: Dquot-cache hash table entries: 512 (order 0, 4096 bytes)
[    5.247157] pnp: PnP ACPI init
[    5.250726] pnp: PnP ACPI: found 6 devices
[    5.264904] clocksource: acpi_pm: mask: 0xffffff max_cycles: 0xffffff, max_idle_ns: 2085701024 ns
[    5.268025] NET: Registered PF_INET protocol family
[    5.269636] IP idents hash table entries: 32768 (order: 6, 262144 bytes, linear)
[    5.273192] tcp_listen_portaddr_hash hash table entries: 1024 (order: 4, 73728 bytes, linear)
[    5.275676] Table-perturb hash table entries: 65536 (order: 6, 262144 bytes, linear)
[    5.277872] TCP established hash table entries: 16384 (order: 5, 131072 bytes, linear)
[    5.280624] TCP bind hash table entries: 16384 (order: 9, 2359296 bytes, linear)
[    5.284334] TCP: Hash tables configured (established 16384 bind 16384)
[    5.286439] UDP hash table entries: 1024 (order: 5, 163840 bytes, linear)
[    5.288523] UDP-Lite hash table entries: 1024 (order: 5, 163840 bytes, linear)
[    5.290804] NET: Registered PF_UNIX/PF_LOCAL protocol family
[    5.293127] RPC: Registered named UNIX socket transport module.
[    5.294867] RPC: Registered udp transport module.
[    5.296256] RPC: Registered tcp transport module.
[    5.297609] RPC: Registered tcp NFSv4.1 backchannel transport module.
[    5.299539] pci_bus 0000:00: resource 4 [io  0x0000-0x0cf7 window]
[    5.301111] pci_bus 0000:00: resource 5 [io  0x0d00-0xffff window]
[    5.302669] pci_bus 0000:00: resource 6 [mem 0x000a0000-0x000bffff window]
[    5.304396] pci_bus 0000:00: resource 7 [mem 0x80000000-0xfebfffff window]
[    5.306134] pci_bus 0000:00: resource 8 [mem 0x100000000-0x17fffffff window]
[    5.308598] pci 0000:00:01.0: PIIX3: Enabling Passive Release
[    5.310083] pci 0000:00:00.0: Limiting direct PCI/PCI transfers
[    5.311822] PCI: CLS 0 bytes, default 64
[    5.312971] ACPI: bus type thunderbolt registered
[    5.314809] clocksource: tsc: mask: 0xffffffffffffffff max_cycles: 0xb9fb05486c, max_idle_ns: 440795231721 ns
[    5.451432] Initialise system trusted keyrings
[    5.452845] Key type blacklist registered
[    5.454355] workingset: timestamp_bits=36 max_order=19 bucket_order=0
[    5.456135] zbud: loaded
[    5.458307] squashfs: version 4.0 (2009/01/31) Phillip Lougher
[    5.461545] NFS: Registering the id_resolver key type
[    5.463227] Key type id_resolver registered
[    5.464538] Key type id_legacy registered
[    5.465787] nfs4filelayout_init: NFSv4 File Layout Driver Registering...
[    5.467840] nfs4flexfilelayout_init: NFSv4 Flexfile Layout Driver Registering...
[    5.470216] fuse: init (API version 7.38)
[    5.471644] SGI XFS with ACLs, security attributes, realtime, quota, no debug enabled
[    5.474918] 9p: Installing v9fs 9p2000 file system support
[    5.488541] Key type asymmetric registered
[    5.490125] Asymmetric key parser 'x509' registered
[    5.492038] Block layer SCSI generic (bsg) driver version 0.4 loaded (major 243)
[    5.495040] io scheduler mq-deadline registered
[    5.496354] io scheduler bfq registered
[    5.498364] shpchp: Standard Hot Plug PCI Controller Driver version: 0.4
[    5.500866] IPMI message handler: version 39.2
[    5.502084] ipmi device interface
[    5.505877] input: Power Button as /devices/LNXSYSTM:00/LNXPWRBN:00/input/input0
[    5.508553] ACPI: button: Power Button [PWRF]
[    5.511195] ERST DBG: ERST support is disabled.
[    5.513460] Serial: 8250/16550 driver, 32 ports, IRQ sharing enabled
[    5.516596] 00:04: ttyS0 at I/O 0x3f8 (irq = 4, base_baud = 115200) is a 16550A
[    5.530824] Linux agpgart interface v0.103
[    5.533355] ACPI: bus type drm_connector registered
[    5.552157] brd: module loaded
[    5.562837] loop: module loaded
[    5.570644] scsi host0: ata_piix
[    5.572447] scsi host1: ata_piix
[    5.573625] ata1: PATA max MWDMA2 cmd 0x1f0 ctl 0x3f6 bmdma 0xc040 irq 14
[    5.575609] ata2: PATA max MWDMA2 cmd 0x170 ctl 0x376 bmdma 0xc048 irq 15
[    5.579002] tun: Universal TUN/TAP device driver, 1.6
[    5.580762] e100: Intel(R) PRO/100 Network Driver
[    5.582162] e100: Copyright(c) 1999-2006 Intel Corporation
[    5.583869] e1000: Intel(R) PRO/1000 Network Driver
[    5.585293] e1000: Copyright (c) 1999-2006 Intel Corporation.
[    5.736134] ata1: found unknown device (class 0)
[    5.738183] ata2: found unknown device (class 0)
[    5.740266] ata1.00: ATA-7: QEMU HARDDISK, 2.5+, max UDMA/100
[    5.741682] ata1.00: 16777216 sectors, multi 16: LBA48 
[    5.743865] ata2.00: ATAPI: QEMU DVD-ROM, 2.5+, max UDMA/100
[    5.747316] scsi 0:0:0:0: Direct-Access     ATA      QEMU HARDDISK    2.5+ PQ: 0 ANSI: 5
[    5.752231] scsi 0:0:0:0: Attached scsi generic sg0 type 0
[    5.755819] sd 0:0:0:0: [sda] 16777216 512-byte logical blocks: (8.59 GB/8.00 GiB)
[    5.755956] scsi 1:0:0:0: CD-ROM            QEMU     QEMU DVD-ROM     2.5+ PQ: 0 ANSI: 5
[    5.757848] sd 0:0:0:0: [sda] Write Protect is off
[    5.762004] sd 0:0:0:0: [sda] Write cache: enabled, read cache: enabled, doesn't support DPO or FUA
[    5.764773] sd 0:0:0:0: [sda] Preferred minimum I/O size 512 bytes
[    5.777242] scsi 1:0:0:0: Attached scsi generic sg1 type 5
[    5.795494] sd 0:0:0:0: [sda] Attached SCSI disk
[    5.882246] ACPI: \_SB_.LNKC: Enabled at IRQ 11
[    6.290298] e1000 0000:00:03.0 eth0: (PCI:33MHz:32-bit) 52:54:00:12:34:56
[    6.292403] e1000 0000:00:03.0 eth0: Intel(R) PRO/1000 Network Connection
[    6.294504] e1000e: Intel(R) PRO/1000 Network Driver
[    6.295953] e1000e: Copyright(c) 1999 - 2015 Intel Corporation.
[    6.297725] igb: Intel(R) Gigabit Ethernet Network Driver
[    6.299281] igb: Copyright (c) 2007-2014 Intel Corporation.
[    6.301006] PPP generic driver version 2.4.2
[    6.303488] VFIO - User Level meta-driver version: 0.3
[    6.305751] usbcore: registered new interface driver uas
[    6.307384] usbcore: registered new interface driver usb-storage
[    6.309361] i8042: PNP: PS/2 Controller [PNP0303:KBD,PNP0f13:MOU] at 0x60,0x64 irq 1,12
[    6.313393] serio: i8042 KBD port at 0x60,0x64 irq 1
[    6.314913] serio: i8042 AUX port at 0x60,0x64 irq 12
[    6.317530] mousedev: PS/2 mouse device common for all mice
[    6.321083] input: AT Translated Set 2 keyboard as /devices/platform/i8042/serio0/input/input1
[    6.323865] rtc_cmos 00:05: RTC can wake from S4
[    6.325691] input: VirtualPS/2 VMware VMMouse as /devices/platform/i8042/serio1/input/input4
[    6.328220] rtc_cmos 00:05: registered as rtc0
[    6.329793] input: VirtualPS/2 VMware VMMouse as /devices/platform/i8042/serio1/input/input3
[    6.330103] rtc_cmos 00:05: setting system clock to 2023-03-19T13:27:06 UTC (1679232426)
[    6.334764] rtc_cmos 00:05: alarms up to one day, y3k, 242 bytes nvram, hpet irqs
[    6.336698] i2c_dev: i2c /dev entries driver
[    6.338160] device-mapper: core: CONFIG_IMA_DISABLE_HTABLE is disabled. Duplicate IMA measurements will not be recorded in the IMA log.
[    6.341164] device-mapper: uevent: version 1.0.3
[    6.342888] device-mapper: ioctl: 4.47.0-ioctl (2022-07-28) initialised: dm-devel@redhat.com
[    6.344999] intel_pstate: CPU model not supported
[    6.346411] sdhci: Secure Digital Host Controller Interface driver
[    6.347947] sdhci: Copyright(c) Pierre Ossman
[    6.349184] sdhci-pltfm: SDHCI platform and OF driver helper
[    6.350753] ledtrig-cpu: registered to indicate activity on CPUs
[    6.353113] drop_monitor: Initializing network drop monitor service
[    6.355066] NET: Registered PF_INET6 protocol family
[    6.361671] Segment Routing with IPv6
[    6.362699] In-situ OAM (IOAM) with IPv6
[    6.363811] NET: Registered PF_PACKET protocol family
[    6.365474] 9pnet: Installing 9P2000 support
[    6.366956] Key type dns_resolver registered
[    6.369809] IPI shorthand broadcast: enabled
[    6.391816] sched_clock: Marking stable (6060012601, 331612389)->(6546485405, -154860415)
[    6.395488] registered taskstats version 1
[    6.397232] Loading compiled-in X.509 certificates
[    6.399465] zswap: loaded using pool lzo/zbud
[    6.432801] Key type .fscrypt registered
[    6.433999] Key type fscrypt-provisioning registered
[    6.437514] Key type encrypted registered
[    6.438745] ima: No TPM chip found, activating TPM-bypass!
[    6.440218] ima: Allocated hash algorithm: sha1
[    6.441483] ima: No architecture policies found
[    6.442750] evm: Initialising EVM extended attributes:
[    6.444052] evm: security.selinux
[    6.444895] evm: security.SMACK64
[    6.445731] evm: security.SMACK64EXEC
[    6.446662] evm: security.SMACK64TRANSMUTE
[    6.447713] evm: security.SMACK64MMAP
[    6.448637] evm: security.apparmor
[    6.449486] evm: security.ima
[    6.450254] evm: security.capability
[    6.451150] evm: HMAC attrs: 0x1
[    6.454669] PM:   Magic number: 15:712:483
[    6.456622] RAS: Correctable Errors collector initialized.
[    6.460407] md: Waiting for all devices to be available before autodetect
[    6.461728] md: If you don't use raid, use raid=noautodetect
[    6.462889] md: Autodetecting RAID arrays.
[    6.463760] md: autorun ...
[    6.464327] md: ... autorun DONE.
[    6.475230] EXT4-fs (sda): mounted filesystem 23a53bb9-f815-47a5-b74c-5e08f7731193 with ordered data mode. Quota mode: none.
[    6.477547] VFS: Mounted root (ext4 filesystem) readonly on device 8:0.
[    6.482297] devtmpfs: mounted
[    6.495149] Freeing unused decrypted memory: 2036K
[    6.500748] Freeing unused kernel image (initmem) memory: 10504K
[    6.502043] Write protecting the kernel read-only data: 47104k
[    6.504966] Freeing unused kernel image (rodata/data gap) memory: 392K
[    6.636246] x86/mm: Checked W+X mappings: passed, no W+X pages found.
[    6.637568] Run /sbin/init as init process
[    6.826827] systemd[1]: RTC configured in localtime, applying delta of 0 minutes to system time.
[    6.872148] systemd[1]: systemd 239 (239-49.el8) running in system mode. (+PAM +AUDIT +SELINUX +IMA -APPARMOR +SMACK +SYSVINIT +UTMP +LIBCRYPTSETUP +GCRYPT +GNUTLS +ACL +XZ +LZ4 +SECCOMP +BLKID +ELFUTILS +KMOD +IDN2 -IDN +PCRE2 default-hierarchy=legacy)
[    6.876729] systemd[1]: Detected virtualization kvm.
[    6.877716] systemd[1]: Detected architecture x86-64.

Welcome to [0;31mCentOS Stream 8[0m!

[    6.957169] systemd[1]: Set hostname to <test>.
[    7.392004] systemd[1]: Listening on LVM2 poll daemon socket.
[[0;32m  OK  [0m] Listening on LVM2 poll daemon socket.
[    7.398699] systemd[1]: Created slice system-sshd\x2dkeygen.slice.
[[0;32m  OK  [0m] Created slice system-sshd\x2dkeygen.slice.
[    7.402307] systemd[1]: Listening on RPCbind Server Activation Socket.
[[0;32m  OK  [0m] Listening on RPCbind Server Activation Socket.
[    7.416302] systemd[1]: Listening on Process Core Dump Socket.
[[0;32m  OK  [0m] Listening on Process Core Dump Socket.
[    7.419164] systemd[1]: Listening on multipathd control socket.
[[0;32m  OK  [0m] Listening on multipathd control socket.
[    7.422222] systemd[1]: Listening on Journal Socket.
[[0;32m  OK  [0m] Listening on Journal Socket.
[[0;32m  OK  [0m] Created slice system-serial\x2dgetty.slice.
[[0;32m  OK  [0m] Listening on Journal Socket (/dev/log).
[[0;32m  OK  [0m] Listening on udev Kernel Socket.
[[0;32m  OK  [0m] Reached target Swap.
[[0;32m  OK  [0m] Reached target RPC Port Mapper.
[[0;32m  OK  [0m] Created slice system-getty.slice.
         Mounting Kernel Debug File System...
         Mounting POSIX Message Queue File System...
[[0;32m  OK  [0m] Created slice User and Session Slice.
         Starting Journal Service...
[[0;32m  OK  [0m] Set up automount Arbitrary Executabâ€¦rmats File System Automount Point.
         Starting Setup Virtual Console...
         Starting Remount Root and Kernel File Systems...
         Mounting Huge Pages File System...
         Starting Load Kernel Modules...
[[0;32m  OK  [0m] Listening on Device-mapper event daemon FIFOs.
         Starting Monitoring of LVM2 mirrorsâ€¦ng dmeventd or progress polling...
[[0;32m  OK  [0m] Listening on udev Control Socket.
         Starting udev Coldplug all Devices...
[[0;32m  OK  [0m] Listening on initctl Compatibility Named Pipe.
[[0;32m  OK  [0m] Started Forward Password Requests to Wall Directory Watch.
[[0;32m  OK  [0m] Reached target Slices.
[    8.030993] EXT4-fs (sda): re-mounted 23a53bb9-f815-47a5-b74c-5e08f7731193. Quota mode: none.
[[0;32m  OK  [0m] Started Journal Service.
[[0;32m  OK  [0m] Mounted Kernel Debug File System.
[[0;32m  OK  [0m] Mounted POSIX Message Queue File System.
[[0;32m  OK  [0m] Started Remount Root and Kernel File Systems.
[[0;32m  OK  [0m] Mounted Huge Pages File System.
[[0;1;31mFAILED[0m] Failed to start Load Kernel Modules.
See 'systemctl status systemd-modules-load.service' for details.
         Starting Apply Kernel Variables...
         Mounting FUSE Control File System...
         Mounting Kernel Configuration File System...
         Starting Load/Save Random Seed...
         Starting Create Static Device Nodes in /dev...
         Starting Flush Journal to Persistent Storage...
[[0;32m  OK  [0m] Started Setup Virtual Console.
[[0;32m  OK  [0m] Started Apply Kernel Variables.
[[0;32m  OK  [0m] Mounted FUSE Control File System.
[[0;32m  OK  [0m] Mounted Kernel Configuration File System.
[[0;32m  OK  [0m] Started Load/Save Random Seed.
[[0;32m  OK  [0m] Started Flush Journal to Persistent Storage.
[[0;32m  OK  [0m] Started Create Static Device Nodes in /dev.
         Starting udev Kernel Device Manager...
[[0;32m  OK  [0m] Started udev Coldplug all Devices.
         Starting udev Wait for Complete Device Initialization...
[[0;32m  OK  [0m] Started udev Kernel Device Manager.
         Starting Show Plymouth Boot Screen...
[[0;32m  OK  [0m] Started Show Plymouth Boot Screen.
[[0;32m  OK  [0m] Reached target Local Encrypted Volumes.
[[0;32m  OK  [0m] Reached target Paths.
[[0;32m  OK  [0m] Started Forward Password Requests to Plymouth Directory Watch.
[[0;32m  OK  [0m] Started Monitoring of LVM2 mirrors,â€¦sing dmeventd or progress polling.
[[0;32m  OK  [0m] Found device /dev/ttyS0.
[[0;32m  OK  [0m] Started udev Wait for Complete Device Initialization.
[[0;32m  OK  [0m] Listening on Load/Save RF Kill Switch Status /dev/rfkill Watch.
[[0;32m  OK  [0m] Reached target Local File Systems (Pre).
[[0;32m  OK  [0m] Reached target Local File Systems.
         Starting Create Volatile Files and Directories...
         Starting Restore /run/initramfs on shutdown...
         Starting Tell Plymouth To Write Out Runtime Data...
[[0;32m  OK  [0m] Started Create Volatile Files and Directories.
[[0;32m  OK  [0m] Started Restore /run/initramfs on shutdown.
[[0;32m  OK  [0m] Started Tell Plymouth To Write Out Runtime Data.
         Starting Security Auditing Service...
         Starting RPC Bind...
         Mounting RPC Pipe File System...
[[0;32m  OK  [0m] Mounted RPC Pipe File System.
[[0;32m  OK  [0m] Reached target rpc_pipefs.target.
[[0;32m  OK  [0m] Started RPC Bind.
[[0;32m  OK  [0m] Started Security Auditing Service.
         Starting Update UTMP about System Boot/Shutdown...
[[0;32m  OK  [0m] Started Update UTMP about System Boot/Shutdown.
[[0;32m  OK  [0m] Reached target System Initialization.
[[0;32m  OK  [0m] Started dnf makecache --timer.
[[0;32m  OK  [0m] Listening on SSSD Kerberos Cache Manager responder socket.
[[0;32m  OK  [0m] Listening on D-Bus System Message Bus Socket.
[[0;32m  OK  [0m] Reached target Sockets.
[[0;32m  OK  [0m] Reached target Basic System.
         Starting Auto-connect to subsystemsâ€¦-NVME devices found during boot...
[[0;32m  OK  [0m] Started Machine Check Exception Logging Daemon.
         Starting Self Monitoring and Reporting Technology (SMART) Daemon...
         Starting NTP client/server...
         Starting Login Service...
         Starting Authorization Manager...
[[0;32m  OK  [0m] Started daily update of the root trust anchor for DNSSEC.
[[0;32m  OK  [0m] Started Daily Cleanup of Temporary Directories.
[[0;32m  OK  [0m] Reached target Timers.
[[0;32m  OK  [0m] Started D-Bus System Message Bus.
         Starting Network Manager...
[[0;32m  OK  [0m] Reached target sshd-keygen.target.
[[0;32m  OK  [0m] Started irqbalance daemon.
[[0;32m  OK  [0m] Started Self Monitoring and Reporting Technology (SMART) Daemon.
[[0;32m  OK  [0m] Started Auto-connect to subsystems â€¦FC-NVME devices found during boot.
         Starting update of the root trust aâ€¦or DNSSEC validation in unbound...
[[0;32m  OK  [0m] Started Login Service.
[[0;32m  OK  [0m] Started update of the root trust anâ€¦ for DNSSEC validation in unbound.
[[0;32m  OK  [0m] Started Network Manager.
         Starting Network Manager Wait Online...
[[0;32m  OK  [0m] Reached target Network.
         Starting Dynamic System Tuning Daemon...
         Starting GSSAPI Proxy Daemon...
         Starting OpenSSH server daemon...
[[0;32m  OK  [0m] Started NTP client/server.
[[0;32m  OK  [0m] Started Authorization Manager.
         Starting Hostname Service...
[[0;32m  OK  [0m] Started OpenSSH server daemon.
[[0;32m  OK  [0m] Started GSSAPI Proxy Daemon.
[[0;32m  OK  [0m] Reached target NFS client services.
[[0;32m  OK  [0m] Reached target Remote File Systems (Pre).
[[0;32m  OK  [0m] Reached target Remote File Systems.
         Starting Permit User Sessions...
[[0;32m  OK  [0m] Started Permit User Sessions.
         Starting Terminate Plymouth Boot Screen...
         Starting Hold until boot process finishes up...
[[0;32m  OK  [0m] Started Command Scheduler.
[[0;32m  OK  [0m] Started Terminate Plymouth Boot Screen.
[[0;32m  OK  [0m] Started Hold until boot process finishes up.
[   12.312166] e1000: eth0 NIC Link is Up 1000 Mbps Full Duplex, Flow Control: RX
[   12.315049] IPv6: ADDRCONF(NETDEV_CHANGE): eth0: link becomes ready
[   12.893311] Spectre V2 : WARNING: Unprivileged eBPF is enabled with eIBRS on, data leaks possible via Spectre v2 BHB attacks!
[   12.895691] Spectre V2 : WARNING: Unprivileged eBPF is enabled with eIBRS on, data leaks possible via Spectre v2 BHB attacks!

CentOS Stream 8
Kernel 6.2.0-d0a32f5520a3+ on an x86_64

test login: [   24.481985] memfd_create() without MFD_EXEC nor MFD_NOEXEC_SEAL, pid=331 'systemd'
[   29.847265] loop0: detected capacity change from 0 to 65536
[   29.853110] XFS (loop0): Mounting V5 Filesystem d6f69dbd-8c5d-46be-b88e-92c0ae88ceb2
[   29.865660] XFS (loop0): Ending clean mount
[   29.867608] XFS (loop0): Quotacheck needed: Please wait.
[   29.875906] XFS (loop0): Quotacheck: Done.
[   29.987964] XFS (loop0): Metadata CRC error detected at xfs_agf_read_verify+0x10e/0x140, xfs_agf block 0x8001 
[   29.989923] XFS (loop0): Unmount and run xfs_repair
[   29.990858] XFS (loop0): First 128 bytes of corrupted metadata buffer:
[   29.992122] 00000000: 58 41 47 46 00 00 00 01 00 00 00 01 00 00 40 00  XAGF..........@.
[   29.993602] 00000010: 00 00 00 02 00 00 00 03 00 00 00 00 00 00 00 01  ................
[   29.995085] 00000020: 00 00 00 01 00 00 00 00 00 00 00 01 00 00 00 04  ................
[   29.996594] 00000030: 00 00 00 04 00 00 3b 5f 00 00 3b 5c 00 00 00 00  ......;_..;\....
[   29.998069] 00000040: d6 f6 9d bd 8c 5d 46 be b8 8e 92 c0 ae 88 ce b2  .....]F.........
[   29.999529] 00000050: 00 00 00 00 00 00 00 00 00 00 00 00 00 00 00 00  ................
[   30.001033] 00000060: 00 00 00 00 00 00 00 00 00 00 00 00 00 00 00 00  ................
[   30.002523] 00000070: 00 00 00 00 00 00 00 00 00 00 00 00 00 00 00 00  ................
[   30.004351] XFS (loop0): metadata I/O error in "xfs_read_agf+0xd0/0x2c0" at daddr 0x8001 len 1 error 74
[   30.006180] XFS (loop0): page discard on page 00000000cc82e103, inode 0x46, pos 0.
[   30.080618] XFS (loop0): Unmounting Filesystem d6f69dbd-8c5d-46be-b88e-92c0ae88ceb2
[   30.466512] loop0: detected capacity change from 0 to 65536
[   30.470432] XFS (loop0): Mounting V5 Filesystem d6f69dbd-8c5d-46be-b88e-92c0ae88ceb2
[   30.481554] XFS (loop0): Ending clean mount
[   30.483544] XFS (loop0): Quotacheck needed: Please wait.
[   30.492729] XFS (loop0): Quotacheck: Done.
[   30.561806] XFS (loop0): Metadata CRC error detected at xfs_agf_read_verify+0x10e/0x140, xfs_agf block 0x8001 
[   30.563887] XFS (loop0): Unmount and run xfs_repair
[   30.564806] XFS (loop0): First 128 bytes of corrupted metadata buffer:
[   30.566035] 00000000: 58 41 47 46 00 00 00 01 00 00 00 01 00 00 40 00  XAGF..........@.
[   30.567509] 00000010: 00 00 00 02 00 00 00 03 00 00 00 00 00 00 00 01  ................
[   30.568954] 00000020: 00 00 00 01 00 00 00 00 00 00 00 01 00 00 00 04  ................
[   30.570405] 00000030: 00 00 00 04 00 00 3b 5f 00 00 3b 5c 00 00 00 00  ......;_..;\....
[   30.571876] 00000040: d6 f6 9d bd 8c 5d 46 be b8 8e 92 c0 ae 88 ce b2  .....]F.........
[   30.573317] 00000050: 00 00 00 00 00 00 00 00 00 00 00 00 00 00 00 00  ................
[   30.574765] 00000060: 00 00 00 00 00 00 00 00 00 00 00 00 00 00 00 00  ................
[   30.576255] 00000070: 00 00 00 00 00 00 00 00 00 00 00 00 00 00 00 00  ................
[   30.577740] XFS (loop0): metadata I/O error in "xfs_read_agf+0xd0/0x2c0" at daddr 0x8001 len 1 error 74
[   30.579352] XFS (loop0): page discard on page 00000000446c1d55, inode 0x46, pos 0.
[   30.657712] XFS (loop0): Unmounting Filesystem d6f69dbd-8c5d-46be-b88e-92c0ae88ceb2
[   31.067990] loop0: detected capacity change from 0 to 65536
[   31.071540] XFS (loop0): Mounting V5 Filesystem d6f69dbd-8c5d-46be-b88e-92c0ae88ceb2
[   31.084422] XFS (loop0): Ending clean mount
[   31.085877] XFS (loop0): Quotacheck needed: Please wait.
[   31.091575] XFS (loop0): Quotacheck: Done.
[   31.168746] XFS (loop0): Metadata CRC error detected at xfs_agf_read_verify+0x10e/0x140, xfs_agf block 0x8001 
[   31.170795] XFS (loop0): Unmount and run xfs_repair
[   31.171790] XFS (loop0): First 128 bytes of corrupted metadata buffer:
[   31.173028] 00000000: 58 41 47 46 00 00 00 01 00 00 00 01 00 00 40 00  XAGF..........@.
[   31.174534] 00000010: 00 00 00 02 00 00 00 03 00 00 00 00 00 00 00 01  ................
[   31.176085] 00000020: 00 00 00 01 00 00 00 00 00 00 00 01 00 00 00 04  ................
[   31.177584] 00000030: 00 00 00 04 00 00 3b 5f 00 00 3b 5c 00 00 00 00  ......;_..;\....
[   31.179078] 00000040: d6 f6 9d bd 8c 5d 46 be b8 8e 92 c0 ae 88 ce b2  .....]F.........
[   31.180598] 00000050: 00 00 00 00 00 00 00 00 00 00 00 00 00 00 00 00  ................
[   31.182101] 00000060: 00 00 00 00 00 00 00 00 00 00 00 00 00 00 00 00  ................
[   31.183593] 00000070: 00 00 00 00 00 00 00 00 00 00 00 00 00 00 00 00  ................
[   31.185574] XFS (loop0): metadata I/O error in "xfs_read_agf+0xd0/0x2c0" at daddr 0x8001 len 1 error 74
[   31.187545] XFS (loop0): page discard on page 000000000bcb8eeb, inode 0x46, pos 0.
[   31.248537] XFS (loop0): Unmounting Filesystem d6f69dbd-8c5d-46be-b88e-92c0ae88ceb2
[   31.612221] loop0: detected capacity change from 0 to 65536
[   31.616456] XFS (loop0): Mounting V5 Filesystem d6f69dbd-8c5d-46be-b88e-92c0ae88ceb2
[   31.627323] XFS (loop0): Ending clean mount
[   31.628708] XFS (loop0): Quotacheck needed: Please wait.
[   31.637234] XFS (loop0): Quotacheck: Done.
[   31.755851] XFS (loop0): Metadata CRC error detected at xfs_agf_read_verify+0x10e/0x140, xfs_agf block 0x8001 
[   31.757709] XFS (loop0): Unmount and run xfs_repair
[   31.758585] XFS (loop0): First 128 bytes of corrupted metadata buffer:
[   31.759755] 00000000: 58 41 47 46 00 00 00 01 00 00 00 01 00 00 40 00  XAGF..........@.
[   31.761116] 00000010: 00 00 00 02 00 00 00 03 00 00 00 00 00 00 00 01  ................
[   31.762478] 00000020: 00 00 00 01 00 00 00 00 00 00 00 01 00 00 00 04  ................
[   31.763864] 00000030: 00 00 00 04 00 00 3b 5f 00 00 3b 5c 00 00 00 00  ......;_..;\....
[   31.765212] 00000040: d6 f6 9d bd 8c 5d 46 be b8 8e 92 c0 ae 88 ce b2  .....]F.........
[   31.766561] 00000050: 00 00 00 00 00 00 00 00 00 00 00 00 00 00 00 00  ................
[   31.767939] 00000060: 00 00 00 00 00 00 00 00 00 00 00 00 00 00 00 00  ................
[   31.769291] 00000070: 00 00 00 00 00 00 00 00 00 00 00 00 00 00 00 00  ................
[   31.770833] XFS (loop0): metadata I/O error in "xfs_read_agf+0xd0/0x2c0" at daddr 0x8001 len 1 error 74
[   31.772820] XFS (loop0): page discard on page 00000000ab594b08, inode 0x46, pos 0.
[   31.844057] XFS (loop0): Unmounting Filesystem d6f69dbd-8c5d-46be-b88e-92c0ae88ceb2
[   32.194867] loop0: detected capacity change from 0 to 65536
[   32.198480] XFS (loop0): Mounting V5 Filesystem d6f69dbd-8c5d-46be-b88e-92c0ae88ceb2
[   32.209029] XFS (loop0): Ending clean mount
[   32.210584] XFS (loop0): Quotacheck needed: Please wait.
[   32.220217] XFS (loop0): Quotacheck: Done.
[   32.287325] XFS (loop0): Metadata CRC error detected at xfs_agf_read_verify+0x10e/0x140, xfs_agf block 0x8001 
[   32.289416] XFS (loop0): Unmount and run xfs_repair
[   32.290366] XFS (loop0): First 128 bytes of corrupted metadata buffer:
[   32.291601] 00000000: 58 41 47 46 00 00 00 01 00 00 00 01 00 00 40 00  XAGF..........@.
[   32.293138] 00000010: 00 00 00 02 00 00 00 03 00 00 00 00 00 00 00 01  ................
[   32.294641] 00000020: 00 00 00 01 00 00 00 00 00 00 00 01 00 00 00 04  ................
[   32.296170] 00000030: 00 00 00 04 00 00 3b 5f 00 00 3b 5c 00 00 00 00  ......;_..;\....
[   32.297669] 00000040: d6 f6 9d bd 8c 5d 46 be b8 8e 92 c0 ae 88 ce b2  .....]F.........
[   32.299179] 00000050: 00 00 00 00 00 00 00 00 00 00 00 00 00 00 00 00  ................
[   32.300708] 00000060: 00 00 00 00 00 00 00 00 00 00 00 00 00 00 00 00  ................
[   32.302208] 00000070: 00 00 00 00 00 00 00 00 00 00 00 00 00 00 00 00  ................
[   32.304048] XFS (loop0): metadata I/O error in "xfs_read_agf+0xd0/0x2c0" at daddr 0x8001 len 1 error 74
[   32.305905] XFS (loop0): page discard on page 00000000c9fa07b8, inode 0x46, pos 0.
[   32.365217] XFS (loop0): Unmounting Filesystem d6f69dbd-8c5d-46be-b88e-92c0ae88ceb2
[   32.725038] loop0: detected capacity change from 0 to 65536
[   32.729400] XFS (loop0): Mounting V5 Filesystem d6f69dbd-8c5d-46be-b88e-92c0ae88ceb2
[   32.741867] XFS (loop0): Ending clean mount
[   32.743273] XFS (loop0): Quotacheck needed: Please wait.
[   32.752362] XFS (loop0): Quotacheck: Done.
[   32.858388] XFS (loop0): Metadata CRC error detected at xfs_agf_read_verify+0x10e/0x140, xfs_agf block 0x8001 
[   32.860481] XFS (loop0): Unmount and run xfs_repair
[   32.861434] XFS (loop0): First 128 bytes of corrupted metadata buffer:
[   32.862733] 00000000: 58 41 47 46 00 00 00 01 00 00 00 01 00 00 40 00  XAGF..........@.
[   32.864321] 00000010: 00 00 00 02 00 00 00 03 00 00 00 00 00 00 00 01  ................
[   32.865842] 00000020: 00 00 00 01 00 00 00 00 00 00 00 01 00 00 00 04  ................
[   32.867369] 00000030: 00 00 00 04 00 00 3b 5f 00 00 3b 5c 00 00 00 00  ......;_..;\....
[   32.868932] 00000040: d6 f6 9d bd 8c 5d 46 be b8 8e 92 c0 ae 88 ce b2  .....]F.........
[   32.870467] 00000050: 00 00 00 00 00 00 00 00 00 00 00 00 00 00 00 00  ................
[   32.872039] 00000060: 00 00 00 00 00 00 00 00 00 00 00 00 00 00 00 00  ................
[   32.873565] 00000070: 00 00 00 00 00 00 00 00 00 00 00 00 00 00 00 00  ................
[   32.875200] XFS (loop0): metadata I/O error in "xfs_read_agf+0xd0/0x2c0" at daddr 0x8001 len 1 error 74
[   32.876988] XFS (loop0): page discard on page 00000000acb8e251, inode 0x46, pos 0.
[   32.942162] XFS (loop0): Unmounting Filesystem d6f69dbd-8c5d-46be-b88e-92c0ae88ceb2
[   33.318408] loop0: detected capacity change from 0 to 65536
[   33.321824] XFS (loop0): Mounting V5 Filesystem d6f69dbd-8c5d-46be-b88e-92c0ae88ceb2
[   33.334077] XFS (loop0): Ending clean mount
[   33.336035] XFS (loop0): Quotacheck needed: Please wait.
[   33.345624] XFS (loop0): Quotacheck: Done.
[   33.436899] XFS (loop0): Metadata CRC error detected at xfs_agf_read_verify+0x10e/0x140, xfs_agf block 0x8001 
[   33.439041] XFS (loop0): Unmount and run xfs_repair
[   33.440080] XFS (loop0): First 128 bytes of corrupted metadata buffer:
[   33.441337] 00000000: 58 41 47 46 00 00 00 01 00 00 00 01 00 00 40 00  XAGF..........@.
[   33.442860] 00000010: 00 00 00 02 00 00 00 03 00 00 00 00 00 00 00 01  ................
[   33.444420] 00000020: 00 00 00 01 00 00 00 00 00 00 00 01 00 00 00 04  ................
[   33.445946] 00000030: 00 00 00 04 00 00 3b 5f 00 00 3b 5c 00 00 00 00  ......;_..;\....
[   33.447483] 00000040: d6 f6 9d bd 8c 5d 46 be b8 8e 92 c0 ae 88 ce b2  .....]F.........
[   33.449076] 00000050: 00 00 00 00 00 00 00 00 00 00 00 00 00 00 00 00  ................
[   33.450610] 00000060: 00 00 00 00 00 00 00 00 00 00 00 00 00 00 00 00  ................
[   33.452185] 00000070: 00 00 00 00 00 00 00 00 00 00 00 00 00 00 00 00  ................
[   33.453810] XFS (loop0): metadata I/O error in "xfs_read_agf+0xd0/0x2c0" at daddr 0x8001 len 1 error 74
[   33.455585] XFS (loop0): page discard on page 0000000083df43d8, inode 0x46, pos 0.
[   33.522615] XFS (loop0): Unmounting Filesystem d6f69dbd-8c5d-46be-b88e-92c0ae88ceb2
[   33.892334] loop0: detected capacity change from 0 to 65536
[   33.896470] XFS (loop0): Mounting V5 Filesystem d6f69dbd-8c5d-46be-b88e-92c0ae88ceb2
[   33.909144] XFS (loop0): Ending clean mount
[   33.910689] XFS (loop0): Quotacheck needed: Please wait.
[   33.920209] XFS (loop0): Quotacheck: Done.
[   34.019058] XFS (loop0): Metadata CRC error detected at xfs_agf_read_verify+0x10e/0x140, xfs_agf block 0x8001 
[   34.021190] XFS (loop0): Unmount and run xfs_repair
[   34.022146] XFS (loop0): First 128 bytes of corrupted metadata buffer:
[   34.023377] 00000000: 58 41 47 46 00 00 00 01 00 00 00 01 00 00 40 00  XAGF..........@.
[   34.024941] 00000010: 00 00 00 02 00 00 00 03 00 00 00 00 00 00 00 01  ................
[   34.026456] 00000020: 00 00 00 01 00 00 00 00 00 00 00 01 00 00 00 04  ................
[   34.028017] 00000030: 00 00 00 04 00 00 3b 5f 00 00 3b 5c 00 00 00 00  ......;_..;\....
[   34.029525] 00000040: d6 f6 9d bd 8c 5d 46 be b8 8e 92 c0 ae 88 ce b2  .....]F.........
[   34.031068] 00000050: 00 00 00 00 00 00 00 00 00 00 00 00 00 00 00 00  ................
[   34.032629] 00000060: 00 00 00 00 00 00 00 00 00 00 00 00 00 00 00 00  ................
[   34.034156] 00000070: 00 00 00 00 00 00 00 00 00 00 00 00 00 00 00 00  ................
[   34.035736] XFS (loop0): metadata I/O error in "xfs_read_agf+0xd0/0x2c0" at daddr 0x8001 len 1 error 74
[   34.037556] XFS (loop0): page discard on page 0000000069dd4e77, inode 0x46, pos 0.
[   34.130269] XFS (loop0): Unmounting Filesystem d6f69dbd-8c5d-46be-b88e-92c0ae88ceb2
[   34.495908] loop0: detected capacity change from 0 to 65536
[   34.499574] XFS (loop0): Mounting V5 Filesystem d6f69dbd-8c5d-46be-b88e-92c0ae88ceb2
[   34.510530] XFS (loop0): Ending clean mount
[   34.512530] XFS (loop0): Quotacheck needed: Please wait.
[   34.519485] XFS (loop0): Quotacheck: Done.
[   34.603273] XFS (loop0): Metadata CRC error detected at xfs_agf_read_verify+0x10e/0x140, xfs_agf block 0x8001 
[   34.605425] XFS (loop0): Unmount and run xfs_repair
[   34.606387] XFS (loop0): First 128 bytes of corrupted metadata buffer:
[   34.607682] 00000000: 58 41 47 46 00 00 00 01 00 00 00 01 00 00 40 00  XAGF..........@.
[   34.609204] 00000010: 00 00 00 02 00 00 00 03 00 00 00 00 00 00 00 01  ................
[   34.610755] 00000020: 00 00 00 01 00 00 00 00 00 00 00 01 00 00 00 04  ................
[   34.612293] 00000030: 00 00 00 04 00 00 3b 5f 00 00 3b 5c 00 00 00 00  ......;_..;\....
[   34.613798] 00000040: d6 f6 9d bd 8c 5d 46 be b8 8e 92 c0 ae 88 ce b2  .....]F.........
[   34.615307] 00000050: 00 00 00 00 00 00 00 00 00 00 00 00 00 00 00 00  ................
[   34.616863] 00000060: 00 00 00 00 00 00 00 00 00 00 00 00 00 00 00 00  ................
[   34.618395] 00000070: 00 00 00 00 00 00 00 00 00 00 00 00 00 00 00 00  ................
[   34.620193] XFS (loop0): metadata I/O error in "xfs_read_agf+0xd0/0x2c0" at daddr 0x8001 len 1 error 74
[   34.621835] XFS (loop0): page discard on page 000000000610f074, inode 0x46, pos 0.
[   34.688377] XFS (loop0): Unmounting Filesystem d6f69dbd-8c5d-46be-b88e-92c0ae88ceb2
[   35.044222] loop0: detected capacity change from 0 to 65536
[   35.048365] XFS (loop0): Mounting V5 Filesystem d6f69dbd-8c5d-46be-b88e-92c0ae88ceb2
[   35.059671] XFS (loop0): Ending clean mount
[   35.061026] XFS (loop0): Quotacheck needed: Please wait.
[   35.069582] XFS (loop0): Quotacheck: Done.
[   35.164191] XFS (loop0): Metadata CRC error detected at xfs_agf_read_verify+0x10e/0x140, xfs_agf block 0x8001 
[   35.166072] XFS (loop0): Unmount and run xfs_repair
[   35.166919] XFS (loop0): First 128 bytes of corrupted metadata buffer:
[   35.168080] 00000000: 58 41 47 46 00 00 00 01 00 00 00 01 00 00 40 00  XAGF..........@.
[   35.169429] 00000010: 00 00 00 02 00 00 00 03 00 00 00 00 00 00 00 01  ................
[   35.170780] 00000020: 00 00 00 01 00 00 00 00 00 00 00 01 00 00 00 04  ................
[   35.172159] 00000030: 00 00 00 04 00 00 3b 5f 00 00 3b 5c 00 00 00 00  ......;_..;\....
[   35.173508] 00000040: d6 f6 9d bd 8c 5d 46 be b8 8e 92 c0 ae 88 ce b2  .....]F.........
[   35.174855] 00000050: 00 00 00 00 00 00 00 00 00 00 00 00 00 00 00 00  ................
[   35.176230] 00000060: 00 00 00 00 00 00 00 00 00 00 00 00 00 00 00 00  ................
[   35.177574] 00000070: 00 00 00 00 00 00 00 00 00 00 00 00 00 00 00 00  ................
[   35.179029] XFS (loop0): metadata I/O error in "xfs_read_agf+0xd0/0x2c0" at daddr 0x8001 len 1 error 74
[   35.181092] XFS (loop0): page discard on page 00000000d47469d5, inode 0x46, pos 0.
[   35.260725] XFS (loop0): Unmounting Filesystem d6f69dbd-8c5d-46be-b88e-92c0ae88ceb2
[   35.601132] loop0: detected capacity change from 0 to 65536
[   35.604842] XFS (loop0): Mounting V5 Filesystem d6f69dbd-8c5d-46be-b88e-92c0ae88ceb2
[   35.616369] XFS (loop0): Ending clean mount
[   35.618265] XFS (loop0): Quotacheck needed: Please wait.
[   35.623680] XFS (loop0): Quotacheck: Done.
[   35.757003] XFS (loop0): Metadata CRC error detected at xfs_agf_read_verify+0x10e/0x140, xfs_agf block 0x8001 
[   35.758886] XFS (loop0): Unmount and run xfs_repair
[   35.759799] XFS (loop0): First 128 bytes of corrupted metadata buffer:
[   35.760921] 00000000: 58 41 47 46 00 00 00 01 00 00 00 01 00 00 40 00  XAGF..........@.
[   35.762274] 00000010: 00 00 00 02 00 00 00 03 00 00 00 00 00 00 00 01  ................
[   35.763611] 00000020: 00 00 00 01 00 00 00 00 00 00 00 01 00 00 00 04  ................
[   35.764991] 00000030: 00 00 00 04 00 00 3b 5f 00 00 3b 5c 00 00 00 00  ......;_..;\....
[   35.766334] 00000040: d6 f6 9d bd 8c 5d 46 be b8 8e 92 c0 ae 88 ce b2  .....]F.........
[   35.767709] 00000050: 00 00 00 00 00 00 00 00 00 00 00 00 00 00 00 00  ................
[   35.769058] 00000060: 00 00 00 00 00 00 00 00 00 00 00 00 00 00 00 00  ................
[   35.770406] 00000070: 00 00 00 00 00 00 00 00 00 00 00 00 00 00 00 00  ................
[   35.771811] XFS (loop0): metadata I/O error in "xfs_read_agf+0xd0/0x2c0" at daddr 0x8001 len 1 error 74
[   35.773440] XFS (loop0): page discard on page 0000000018057a0d, inode 0x46, pos 0.
[   35.852051] XFS (loop0): Unmounting Filesystem d6f69dbd-8c5d-46be-b88e-92c0ae88ceb2
[   36.264163] loop0: detected capacity change from 0 to 65536
[   36.268462] XFS (loop0): Mounting V5 Filesystem d6f69dbd-8c5d-46be-b88e-92c0ae88ceb2
[   36.281038] XFS (loop0): Ending clean mount
[   36.282469] XFS (loop0): Quotacheck needed: Please wait.
[   36.291458] XFS (loop0): Quotacheck: Done.
[   36.374930] XFS (loop0): Metadata CRC error detected at xfs_agf_read_verify+0x10e/0x140, xfs_agf block 0x8001 
[   36.376999] XFS (loop0): Unmount and run xfs_repair
[   36.377923] XFS (loop0): First 128 bytes of corrupted metadata buffer:
[   36.379157] 00000000: 58 41 47 46 00 00 00 01 00 00 00 01 00 00 40 00  XAGF..........@.
[   36.380682] 00000010: 00 00 00 02 00 00 00 03 00 00 00 00 00 00 00 01  ................
[   36.382157] 00000020: 00 00 00 01 00 00 00 00 00 00 00 01 00 00 00 04  ................
[   36.383703] 00000030: 00 00 00 04 00 00 3b 5f 00 00 3b 5c 00 00 00 00  ......;_..;\....
[   36.385178] 00000040: d6 f6 9d bd 8c 5d 46 be b8 8e 92 c0 ae 88 ce b2  .....]F.........
[   36.386653] 00000050: 00 00 00 00 00 00 00 00 00 00 00 00 00 00 00 00  ................
[   36.388168] 00000060: 00 00 00 00 00 00 00 00 00 00 00 00 00 00 00 00  ................
[   36.389636] 00000070: 00 00 00 00 00 00 00 00 00 00 00 00 00 00 00 00  ................
[   36.391165] XFS (loop0): metadata I/O error in "xfs_read_agf+0xd0/0x2c0" at daddr 0x8001 len 1 error 74
[   36.392806] XFS (loop0): page discard on page 00000000adf4a423, inode 0x46, pos 0.
[   36.460650] XFS (loop0): Unmounting Filesystem d6f69dbd-8c5d-46be-b88e-92c0ae88ceb2
[   36.849039] loop0: detected capacity change from 0 to 65536
[   36.853419] XFS (loop0): Mounting V5 Filesystem d6f69dbd-8c5d-46be-b88e-92c0ae88ceb2
[   36.867148] XFS (loop0): Ending clean mount
[   36.868846] XFS (loop0): Quotacheck needed: Please wait.
[   36.874107] XFS (loop0): Quotacheck: Done.
[   36.952311] XFS (loop0): Metadata CRC error detected at xfs_agf_read_verify+0x10e/0x140, xfs_agf block 0x8001 
[   36.954357] XFS (loop0): Unmount and run xfs_repair
[   36.955291] XFS (loop0): First 128 bytes of corrupted metadata buffer:
[   36.956574] 00000000: 58 41 47 46 00 00 00 01 00 00 00 01 00 00 40 00  XAGF..........@.
[   36.958068] 00000010: 00 00 00 02 00 00 00 03 00 00 00 00 00 00 00 01  ................
[   36.959548] 00000020: 00 00 00 01 00 00 00 00 00 00 00 01 00 00 00 04  ................
[   36.961082] 00000030: 00 00 00 04 00 00 3b 5f 00 00 3b 5c 00 00 00 00  ......;_..;\....
[   36.962580] 00000040: d6 f6 9d bd 8c 5d 46 be b8 8e 92 c0 ae 88 ce b2  .....]F.........
[   36.964096] 00000050: 00 00 00 00 00 00 00 00 00 00 00 00 00 00 00 00  ................
[   36.965575] 00000060: 00 00 00 00 00 00 00 00 00 00 00 00 00 00 00 00  ................
[   36.967054] 00000070: 00 00 00 00 00 00 00 00 00 00 00 00 00 00 00 00  ................
[   36.968994] XFS (loop0): metadata I/O error in "xfs_read_agf+0xd0/0x2c0" at daddr 0x8001 len 1 error 74
[   36.970994] XFS (loop0): page discard on page 00000000a4371ad2, inode 0x46, pos 0.
[   37.041594] XFS (loop0): Unmounting Filesystem d6f69dbd-8c5d-46be-b88e-92c0ae88ceb2
[   37.414776] loop0: detected capacity change from 0 to 65536
[   37.418076] XFS (loop0): Mounting V5 Filesystem d6f69dbd-8c5d-46be-b88e-92c0ae88ceb2
[   37.428615] XFS (loop0): Ending clean mount
[   37.430016] XFS (loop0): Quotacheck needed: Please wait.
[   37.436807] XFS (loop0): Quotacheck: Done.
[   37.518604] XFS (loop0): Metadata CRC error detected at xfs_agf_read_verify+0x10e/0x140, xfs_agf block 0x8001 
[   37.520814] XFS (loop0): Unmount and run xfs_repair
[   37.521661] XFS (loop0): First 128 bytes of corrupted metadata buffer:
[   37.523126] 00000000: 58 41 47 46 00 00 00 01 00 00 00 01 00 00 40 00  XAGF..........@.
[   37.524740] 00000010: 00 00 00 02 00 00 00 03 00 00 00 00 00 00 00 01  ................
[   37.526282] 00000020: 00 00 00 01 00 00 00 00 00 00 00 01 00 00 00 04  ................
[   37.527858] 00000030: 00 00 00 04 00 00 3b 5f 00 00 3b 5c 00 00 00 00  ......;_..;\....
[   37.529523] 00000040: d6 f6 9d bd 8c 5d 46 be b8 8e 92 c0 ae 88 ce b2  .....]F.........
[   37.531053] 00000050: 00 00 00 00 00 00 00 00 00 00 00 00 00 00 00 00  ................
[   37.532633] 00000060: 00 00 00 00 00 00 00 00 00 00 00 00 00 00 00 00  ................
[   37.534237] 00000070: 00 00 00 00 00 00 00 00 00 00 00 00 00 00 00 00  ................
[   37.535997] XFS (loop0): metadata I/O error in "xfs_read_agf+0xd0/0x2c0" at daddr 0x8001 len 1 error 74
[   37.537937] XFS (loop0): page discard on page 00000000c76b4aeb, inode 0x46, pos 0.
[   37.608539] XFS (loop0): Unmounting Filesystem d6f69dbd-8c5d-46be-b88e-92c0ae88ceb2
[   38.006314] loop0: detected capacity change from 0 to 65536
[   38.009982] XFS (loop0): Mounting V5 Filesystem d6f69dbd-8c5d-46be-b88e-92c0ae88ceb2
[   38.022936] XFS (loop0): Ending clean mount
[   38.024535] XFS (loop0): Quotacheck needed: Please wait.
[   38.031331] XFS (loop0): Quotacheck: Done.
[   38.133645] XFS (loop0): Metadata CRC error detected at xfs_agf_read_verify+0x10e/0x140, xfs_agf block 0x8001 
[   38.135810] XFS (loop0): Unmount and run xfs_repair
[   38.136766] XFS (loop0): First 128 bytes of corrupted metadata buffer:
[   38.138022] 00000000: 58 41 47 46 00 00 00 01 00 00 00 01 00 00 40 00  XAGF..........@.
[   38.139558] 00000010: 00 00 00 02 00 00 00 03 00 00 00 00 00 00 00 01  ................
[   38.141125] 00000020: 00 00 00 01 00 00 00 00 00 00 00 01 00 00 00 04  ................
[   38.142677] 00000030: 00 00 00 04 00 00 3b 5f 00 00 3b 5c 00 00 00 00  ......;_..;\....
[   38.144340] 00000040: d6 f6 9d bd 8c 5d 46 be b8 8e 92 c0 ae 88 ce b2  .....]F.........
[   38.145967] 00000050: 00 00 00 00 00 00 00 00 00 00 00 00 00 00 00 00  ................
[   38.147503] 00000060: 00 00 00 00 00 00 00 00 00 00 00 00 00 00 00 00  ................
[   38.149088] 00000070: 00 00 00 00 00 00 00 00 00 00 00 00 00 00 00 00  ................
[   38.150722] XFS (loop0): metadata I/O error in "xfs_read_agf+0xd0/0x2c0" at daddr 0x8001 len 1 error 74
[   38.152776] XFS (loop0): page discard on page 000000008971cec1, inode 0x46, pos 0.
[   38.223701] XFS (loop0): Unmounting Filesystem d6f69dbd-8c5d-46be-b88e-92c0ae88ceb2
[   38.660276] loop0: detected capacity change from 0 to 65536
[   38.664411] XFS (loop0): Mounting V5 Filesystem d6f69dbd-8c5d-46be-b88e-92c0ae88ceb2
[   38.675876] XFS (loop0): Ending clean mount
[   38.677252] XFS (loop0): Quotacheck needed: Please wait.
[   38.683697] XFS (loop0): Quotacheck: Done.
[   38.767083] XFS (loop0): Metadata CRC error detected at xfs_agf_read_verify+0x10e/0x140, xfs_agf block 0x8001 
[   38.769177] XFS (loop0): Unmount and run xfs_repair
[   38.770141] XFS (loop0): First 128 bytes of corrupted metadata buffer:
[   38.771380] 00000000: 58 41 47 46 00 00 00 01 00 00 00 01 00 00 40 00  XAGF..........@.
[   38.772921] 00000010: 00 00 00 02 00 00 00 03 00 00 00 00 00 00 00 01  ................
[   38.774419] 00000020: 00 00 00 01 00 00 00 00 00 00 00 01 00 00 00 04  ................
[   38.775940] 00000030: 00 00 00 04 00 00 3b 5f 00 00 3b 5c 00 00 00 00  ......;_..;\....
[   38.777435] 00000040: d6 f6 9d bd 8c 5d 46 be b8 8e 92 c0 ae 88 ce b2  .....]F.........
[   38.779025] 00000050: 00 00 00 00 00 00 00 00 00 00 00 00 00 00 00 00  ................
[   38.780599] 00000060: 00 00 00 00 00 00 00 00 00 00 00 00 00 00 00 00  ................
[   38.782130] 00000070: 00 00 00 00 00 00 00 00 00 00 00 00 00 00 00 00  ................
[   38.783857] XFS (loop0): metadata I/O error in "xfs_read_agf+0xd0/0x2c0" at daddr 0x8001 len 1 error 74
[   38.785783] XFS (loop0): page discard on page 00000000a9ecfa8d, inode 0x46, pos 0.
[   38.858347] XFS (loop0): Unmounting Filesystem d6f69dbd-8c5d-46be-b88e-92c0ae88ceb2
[   39.221139] loop0: detected capacity change from 0 to 65536
[   39.225664] XFS (loop0): Mounting V5 Filesystem d6f69dbd-8c5d-46be-b88e-92c0ae88ceb2
[   39.238672] XFS (loop0): Ending clean mount
[   39.240580] XFS (loop0): Quotacheck needed: Please wait.
[   39.248145] XFS (loop0): Quotacheck: Done.
[   39.325620] XFS (loop0): Metadata CRC error detected at xfs_agf_read_verify+0x10e/0x140, xfs_agf block 0x8001 
[   39.327756] XFS (loop0): Unmount and run xfs_repair
[   39.328706] XFS (loop0): First 128 bytes of corrupted metadata buffer:
[   39.329958] 00000000: 58 41 47 46 00 00 00 01 00 00 00 01 00 00 40 00  XAGF..........@.
[   39.331484] 00000010: 00 00 00 02 00 00 00 03 00 00 00 00 00 00 00 01  ................
[   39.333045] 00000020: 00 00 00 01 00 00 00 00 00 00 00 01 00 00 00 04  ................
[   39.334575] 00000030: 00 00 00 04 00 00 3b 5f 00 00 3b 5c 00 00 00 00  ......;_..;\....
[   39.336120] 00000040: d6 f6 9d bd 8c 5d 46 be b8 8e 92 c0 ae 88 ce b2  .....]F.........
[   39.337637] 00000050: 00 00 00 00 00 00 00 00 00 00 00 00 00 00 00 00  ................
[   39.339164] 00000060: 00 00 00 00 00 00 00 00 00 00 00 00 00 00 00 00  ................
[   39.340711] 00000070: 00 00 00 00 00 00 00 00 00 00 00 00 00 00 00 00  ................
[   39.342298] XFS (loop0): metadata I/O error in "xfs_read_agf+0xd0/0x2c0" at daddr 0x8001 len 1 error 74
[   39.344208] XFS (loop0): page discard on page 00000000733b83d3, inode 0x46, pos 0.
[   39.417635] XFS (loop0): Unmounting Filesystem d6f69dbd-8c5d-46be-b88e-92c0ae88ceb2
[   39.845468] loop0: detected capacity change from 0 to 65536
[   39.849466] XFS (loop0): Mounting V5 Filesystem d6f69dbd-8c5d-46be-b88e-92c0ae88ceb2
[   39.859903] XFS (loop0): Ending clean mount
[   39.861180] XFS (loop0): Quotacheck needed: Please wait.
[   39.867530] XFS (loop0): Quotacheck: Done.
[   39.964886] XFS (loop0): Metadata CRC error detected at xfs_agf_read_verify+0x10e/0x140, xfs_agf block 0x8001 
[   39.966763] XFS (loop0): Unmount and run xfs_repair
[   39.967602] XFS (loop0): First 128 bytes of corrupted metadata buffer:
[   39.968787] 00000000: 58 41 47 46 00 00 00 01 00 00 00 01 00 00 40 00  XAGF..........@.
[   39.970135] 00000010: 00 00 00 02 00 00 00 03 00 00 00 00 00 00 00 01  ................
[   39.971474] 00000020: 00 00 00 01 00 00 00 00 00 00 00 01 00 00 00 04  ................
[   39.972895] 00000030: 00 00 00 04 00 00 3b 5f 00 00 3b 5c 00 00 00 00  ......;_..;\....
[   39.974251] 00000040: d6 f6 9d bd 8c 5d 46 be b8 8e 92 c0 ae 88 ce b2  .....]F.........
[   39.975587] 00000050: 00 00 00 00 00 00 00 00 00 00 00 00 00 00 00 00  ................
[   39.976961] 00000060: 00 00 00 00 00 00 00 00 00 00 00 00 00 00 00 00  ................
[   39.978316] 00000070: 00 00 00 00 00 00 00 00 00 00 00 00 00 00 00 00  ................
[   39.979863] XFS (loop0): metadata I/O error in "xfs_read_agf+0xd0/0x2c0" at daddr 0x8001 len 1 error 74
[   39.981764] XFS (loop0): page discard on page 000000005716129a, inode 0x46, pos 0.
[   40.063775] XFS (loop0): Unmounting Filesystem d6f69dbd-8c5d-46be-b88e-92c0ae88ceb2
[   40.455725] loop0: detected capacity change from 0 to 65536
[   40.459560] XFS (loop0): Mounting V5 Filesystem d6f69dbd-8c5d-46be-b88e-92c0ae88ceb2
[   40.472463] XFS (loop0): Ending clean mount
[   40.473944] XFS (loop0): Quotacheck needed: Please wait.
[   40.479284] XFS (loop0): Quotacheck: Done.
[   40.584368] XFS (loop0): Metadata CRC error detected at xfs_agf_read_verify+0x10e/0x140, xfs_agf block 0x8001 
[   40.586257] XFS (loop0): Unmount and run xfs_repair
[   40.587336] XFS (loop0): First 128 bytes of corrupted metadata buffer:
[   40.588695] 00000000: 58 41 47 46 00 00 00 01 00 00 00 01 00 00 40 00  XAGF..........@.
[   40.590227] 00000010: 00 00 00 02 00 00 00 03 00 00 00 00 00 00 00 01  ................
[   40.591782] 00000020: 00 00 00 01 00 00 00 00 00 00 00 01 00 00 00 04  ................
[   40.593290] 00000030: 00 00 00 04 00 00 3b 5f 00 00 3b 5c 00 00 00 00  ......;_..;\....
[   40.594799] 00000040: d6 f6 9d bd 8c 5d 46 be b8 8e 92 c0 ae 88 ce b2  .....]F.........
[   40.596367] 00000050: 00 00 00 00 00 00 00 00 00 00 00 00 00 00 00 00  ................
[   40.597870] 00000060: 00 00 00 00 00 00 00 00 00 00 00 00 00 00 00 00  ................
[   40.599390] 00000070: 00 00 00 00 00 00 00 00 00 00 00 00 00 00 00 00  ................
[   40.601331] XFS (loop0): metadata I/O error in "xfs_read_agf+0xd0/0x2c0" at daddr 0x8001 len 1 error 74
[   40.603039] XFS (loop0): page discard on page 00000000029d4a4d, inode 0x46, pos 0.
[   40.676106] XFS (loop0): Unmounting Filesystem d6f69dbd-8c5d-46be-b88e-92c0ae88ceb2
[   41.072255] loop0: detected capacity change from 0 to 65536
[   41.076733] XFS (loop0): Mounting V5 Filesystem d6f69dbd-8c5d-46be-b88e-92c0ae88ceb2
[   41.090162] XFS (loop0): Ending clean mount
[   41.091972] XFS (loop0): Quotacheck needed: Please wait.
[   41.099165] XFS (loop0): Quotacheck: Done.
[   41.212260] XFS (loop0): Metadata CRC error detected at xfs_agf_read_verify+0x10e/0x140, xfs_agf block 0x8001 
[   41.214395] XFS (loop0): Unmount and run xfs_repair
[   41.215349] XFS (loop0): First 128 bytes of corrupted metadata buffer:
[   41.216692] 00000000: 58 41 47 46 00 00 00 01 00 00 00 01 00 00 40 00  XAGF..........@.
[   41.218219] 00000010: 00 00 00 02 00 00 00 03 00 00 00 00 00 00 00 01  ................
[   41.219786] 00000020: 00 00 00 01 00 00 00 00 00 00 00 01 00 00 00 04  ................
[   41.221423] 00000030: 00 00 00 04 00 00 3b 5f 00 00 3b 5c 00 00 00 00  ......;_..;\....
[   41.223175] 00000040: d6 f6 9d bd 8c 5d 46 be b8 8e 92 c0 ae 88 ce b2  .....]F.........
[   41.224759] 00000050: 00 00 00 00 00 00 00 00 00 00 00 00 00 00 00 00  ................
[   41.226295] 00000060: 00 00 00 00 00 00 00 00 00 00 00 00 00 00 00 00  ................
[   41.227851] 00000070: 00 00 00 00 00 00 00 00 00 00 00 00 00 00 00 00  ................
[   41.229587] XFS (loop0): metadata I/O error in "xfs_read_agf+0xd0/0x2c0" at daddr 0x8001 len 1 error 74
[   41.231366] XFS (loop0): page discard on page 00000000dbfb0b0e, inode 0x46, pos 0.
[   41.296700] XFS (loop0): Unmounting Filesystem d6f69dbd-8c5d-46be-b88e-92c0ae88ceb2
[   41.697253] loop0: detected capacity change from 0 to 65536
[   41.701192] XFS (loop0): Mounting V5 Filesystem d6f69dbd-8c5d-46be-b88e-92c0ae88ceb2
[   41.712219] XFS (loop0): Ending clean mount
[   41.713554] XFS (loop0): Quotacheck needed: Please wait.
[   41.719914] XFS (loop0): Quotacheck: Done.
[   41.826388] XFS (loop0): Metadata CRC error detected at xfs_agf_read_verify+0x10e/0x140, xfs_agf block 0x8001 
[   41.828341] XFS (loop0): Unmount and run xfs_repair
[   41.829198] XFS (loop0): First 128 bytes of corrupted metadata buffer:
[   41.830328] 00000000: 58 41 47 46 00 00 00 01 00 00 00 01 00 00 40 00  XAGF..........@.
[   41.831737] 00000010: 00 00 00 02 00 00 00 03 00 00 00 00 00 00 00 01  ................
[   41.833123] 00000020: 00 00 00 01 00 00 00 00 00 00 00 01 00 00 00 04  ................
[   41.834563] 00000030: 00 00 00 04 00 00 3b 5f 00 00 3b 5c 00 00 00 00  ......;_..;\....
[   41.836024] 00000040: d6 f6 9d bd 8c 5d 46 be b8 8e 92 c0 ae 88 ce b2  .....]F.........
[   41.837456] 00000050: 00 00 00 00 00 00 00 00 00 00 00 00 00 00 00 00  ................
[   41.838889] 00000060: 00 00 00 00 00 00 00 00 00 00 00 00 00 00 00 00  ................
[   41.840343] 00000070: 00 00 00 00 00 00 00 00 00 00 00 00 00 00 00 00  ................
[   41.841994] XFS (loop0): metadata I/O error in "xfs_read_agf+0xd0/0x2c0" at daddr 0x8001 len 1 error 74
[   41.843891] XFS (loop0): page discard on page 0000000069df2c4f, inode 0x46, pos 0.
[   41.913792] XFS (loop0): Unmounting Filesystem d6f69dbd-8c5d-46be-b88e-92c0ae88ceb2
[   42.330720] loop0: detected capacity change from 0 to 65536
[   42.334608] XFS (loop0): Mounting V5 Filesystem d6f69dbd-8c5d-46be-b88e-92c0ae88ceb2
[   42.345330] XFS (loop0): Ending clean mount
[   42.346973] XFS (loop0): Quotacheck needed: Please wait.
[   42.356130] XFS (loop0): Quotacheck: Done.
[   42.437602] XFS (loop0): Metadata CRC error detected at xfs_agf_read_verify+0x10e/0x140, xfs_agf block 0x8001 
[   42.439882] XFS (loop0): Unmount and run xfs_repair
[   42.440875] XFS (loop0): First 128 bytes of corrupted metadata buffer:
[   42.442189] 00000000: 58 41 47 46 00 00 00 01 00 00 00 01 00 00 40 00  XAGF..........@.
[   42.443819] 00000010: 00 00 00 02 00 00 00 03 00 00 00 00 00 00 00 01  ................
[   42.445405] 00000020: 00 00 00 01 00 00 00 00 00 00 00 01 00 00 00 04  ................
[   42.446998] 00000030: 00 00 00 04 00 00 3b 5f 00 00 3b 5c 00 00 00 00  ......;_..;\....
[   42.448618] 00000040: d6 f6 9d bd 8c 5d 46 be b8 8e 92 c0 ae 88 ce b2  .....]F.........
[   42.450210] 00000050: 00 00 00 00 00 00 00 00 00 00 00 00 00 00 00 00  ................
[   42.451829] 00000060: 00 00 00 00 00 00 00 00 00 00 00 00 00 00 00 00  ................
[   42.453416] 00000070: 00 00 00 00 00 00 00 00 00 00 00 00 00 00 00 00  ................
[   42.455243] XFS (loop0): metadata I/O error in "xfs_read_agf+0xd0/0x2c0" at daddr 0x8001 len 1 error 74
[   42.457138] XFS (loop0): page discard on page 00000000e51876fc, inode 0x46, pos 0.
[   42.522474] XFS (loop0): Unmounting Filesystem d6f69dbd-8c5d-46be-b88e-92c0ae88ceb2
[   42.910454] loop0: detected capacity change from 0 to 65536
[   42.914289] XFS (loop0): Mounting V5 Filesystem d6f69dbd-8c5d-46be-b88e-92c0ae88ceb2
[   42.925201] XFS (loop0): Ending clean mount
[   42.926532] XFS (loop0): Quotacheck needed: Please wait.
[   42.936324] XFS (loop0): Quotacheck: Done.
[   43.005985] XFS (loop0): Metadata CRC error detected at xfs_agf_read_verify+0x10e/0x140, xfs_agf block 0x8001 
[   43.008225] XFS (loop0): Unmount and run xfs_repair
[   43.009156] XFS (loop0): First 128 bytes of corrupted metadata buffer:
[   43.010387] 00000000: 58 41 47 46 00 00 00 01 00 00 00 01 00 00 40 00  XAGF..........@.
[   43.011920] 00000010: 00 00 00 02 00 00 00 03 00 00 00 00 00 00 00 01  ................
[   43.013413] 00000020: 00 00 00 01 00 00 00 00 00 00 00 01 00 00 00 04  ................
[   43.014926] 00000030: 00 00 00 04 00 00 3b 5f 00 00 3b 5c 00 00 00 00  ......;_..;\....
[   43.016440] 00000040: d6 f6 9d bd 8c 5d 46 be b8 8e 92 c0 ae 88 ce b2  .....]F.........
[   43.017924] 00000050: 00 00 00 00 00 00 00 00 00 00 00 00 00 00 00 00  ................
[   43.019416] 00000060: 00 00 00 00 00 00 00 00 00 00 00 00 00 00 00 00  ................
[   43.020939] 00000070: 00 00 00 00 00 00 00 00 00 00 00 00 00 00 00 00  ................
[   43.022491] XFS (loop0): metadata I/O error in "xfs_read_agf+0xd0/0x2c0" at daddr 0x8001 len 1 error 74
[   43.024370] XFS (loop0): page discard on page 00000000b432818a, inode 0x46, pos 0.
[   43.119184] XFS (loop0): Unmounting Filesystem d6f69dbd-8c5d-46be-b88e-92c0ae88ceb2
[   43.473922] loop0: detected capacity change from 0 to 65536
[   43.478403] XFS (loop0): Mounting V5 Filesystem d6f69dbd-8c5d-46be-b88e-92c0ae88ceb2
[   43.491752] XFS (loop0): Ending clean mount
[   43.493464] XFS (loop0): Quotacheck needed: Please wait.
[   43.501218] XFS (loop0): Quotacheck: Done.
[   43.582780] XFS (loop0): Metadata CRC error detected at xfs_agf_read_verify+0x10e/0x140, xfs_agf block 0x8001 
[   43.584734] XFS (loop0): Unmount and run xfs_repair
[   43.585593] XFS (loop0): First 128 bytes of corrupted metadata buffer:
[   43.586745] 00000000: 58 41 47 46 00 00 00 01 00 00 00 01 00 00 40 00  XAGF..........@.
[   43.588162] 00000010: 00 00 00 02 00 00 00 03 00 00 00 00 00 00 00 01  ................
[   43.589538] 00000020: 00 00 00 01 00 00 00 00 00 00 00 01 00 00 00 04  ................
[   43.590922] 00000030: 00 00 00 04 00 00 3b 5f 00 00 3b 5c 00 00 00 00  ......;_..;\....
[   43.592315] 00000040: d6 f6 9d bd 8c 5d 46 be b8 8e 92 c0 ae 88 ce b2  .....]F.........
[   43.593682] 00000050: 00 00 00 00 00 00 00 00 00 00 00 00 00 00 00 00  ................
[   43.595053] 00000060: 00 00 00 00 00 00 00 00 00 00 00 00 00 00 00 00  ................
[   43.596445] 00000070: 00 00 00 00 00 00 00 00 00 00 00 00 00 00 00 00  ................
[   43.597885] XFS (loop0): metadata I/O error in "xfs_read_agf+0xd0/0x2c0" at daddr 0x8001 len 1 error 74
[   43.599928] XFS (loop0): page discard on page 00000000dae56984, inode 0x46, pos 0.
[   43.682660] XFS (loop0): Unmounting Filesystem d6f69dbd-8c5d-46be-b88e-92c0ae88ceb2
[   44.057344] loop0: detected capacity change from 0 to 65536
[   44.062017] XFS (loop0): Mounting V5 Filesystem d6f69dbd-8c5d-46be-b88e-92c0ae88ceb2
[   44.074803] XFS (loop0): Ending clean mount
[   44.076493] XFS (loop0): Quotacheck needed: Please wait.
[   44.081697] XFS (loop0): Quotacheck: Done.
[   44.159293] XFS (loop0): Metadata CRC error detected at xfs_agf_read_verify+0x10e/0x140, xfs_agf block 0x8001 
[   44.161468] XFS (loop0): Unmount and run xfs_repair
[   44.162429] XFS (loop0): First 128 bytes of corrupted metadata buffer:
[   44.163725] 00000000: 58 41 47 46 00 00 00 01 00 00 00 01 00 00 40 00  XAGF..........@.
[   44.165253] 00000010: 00 00 00 02 00 00 00 03 00 00 00 00 00 00 00 01  ................
[   44.166791] 00000020: 00 00 00 01 00 00 00 00 00 00 00 01 00 00 00 04  ................
[   44.168349] 00000030: 00 00 00 04 00 00 3b 5f 00 00 3b 5c 00 00 00 00  ......;_..;\....
[   44.169896] 00000040: d6 f6 9d bd 8c 5d 46 be b8 8e 92 c0 ae 88 ce b2  .....]F.........
[   44.171455] 00000050: 00 00 00 00 00 00 00 00 00 00 00 00 00 00 00 00  ................
[   44.173069] 00000060: 00 00 00 00 00 00 00 00 00 00 00 00 00 00 00 00  ................
[   44.174605] 00000070: 00 00 00 00 00 00 00 00 00 00 00 00 00 00 00 00  ................
[   44.176197] XFS (loop0): metadata I/O error in "xfs_read_agf+0xd0/0x2c0" at daddr 0x8001 len 1 error 74
[   44.178023] XFS (loop0): page discard on page 000000006ba00e4d, inode 0x46, pos 0.
[   44.261234] XFS (loop0): Unmounting Filesystem d6f69dbd-8c5d-46be-b88e-92c0ae88ceb2
[   44.644675] loop0: detected capacity change from 0 to 65536
[   44.648463] XFS (loop0): Mounting V5 Filesystem d6f69dbd-8c5d-46be-b88e-92c0ae88ceb2
[   44.661513] XFS (loop0): Ending clean mount
[   44.662940] XFS (loop0): Quotacheck needed: Please wait.
[   44.671237] XFS (loop0): Quotacheck: Done.
[   44.743149] XFS (loop0): Metadata CRC error detected at xfs_agf_read_verify+0x10e/0x140, xfs_agf block 0x8001 
[   44.745249] XFS (loop0): Unmount and run xfs_repair
[   44.746201] XFS (loop0): First 128 bytes of corrupted metadata buffer:
[   44.747439] 00000000: 58 41 47 46 00 00 00 01 00 00 00 01 00 00 40 00  XAGF..........@.
[   44.749036] 00000010: 00 00 00 02 00 00 00 03 00 00 00 00 00 00 00 01  ................
[   44.750556] 00000020: 00 00 00 01 00 00 00 00 00 00 00 01 00 00 00 04  ................
[   44.752088] 00000030: 00 00 00 04 00 00 3b 5f 00 00 3b 5c 00 00 00 00  ......;_..;\....
[   44.753599] 00000040: d6 f6 9d bd 8c 5d 46 be b8 8e 92 c0 ae 88 ce b2  .....]F.........
[   44.755141] 00000050: 00 00 00 00 00 00 00 00 00 00 00 00 00 00 00 00  ................
[   44.756686] 00000060: 00 00 00 00 00 00 00 00 00 00 00 00 00 00 00 00  ................
[   44.758216] 00000070: 00 00 00 00 00 00 00 00 00 00 00 00 00 00 00 00  ................
[   44.760913] XFS (loop0): metadata I/O error in "xfs_read_agf+0xd0/0x2c0" at daddr 0x8001 len 1 error 74
[   44.762749] XFS (loop0): page discard on page 00000000b7b39285, inode 0x46, pos 0.
[   44.824222] XFS (loop0): Unmounting Filesystem d6f69dbd-8c5d-46be-b88e-92c0ae88ceb2
[   45.194131] loop0: detected capacity change from 0 to 65536
[   45.197790] XFS (loop0): Mounting V5 Filesystem d6f69dbd-8c5d-46be-b88e-92c0ae88ceb2
[   45.204904] XFS (loop0): Ending clean mount
[   45.206168] XFS (loop0): Quotacheck needed: Please wait.
[   45.211131] XFS (loop0): Quotacheck: Done.
[   45.326108] XFS (loop0): Metadata CRC error detected at xfs_agf_read_verify+0x10e/0x140, xfs_agf block 0x8001 
[   45.328306] XFS (loop0): Unmount and run xfs_repair
[   45.329276] XFS (loop0): First 128 bytes of corrupted metadata buffer:
[   45.330583] 00000000: 58 41 47 46 00 00 00 01 00 00 00 01 00 00 40 00  XAGF..........@.
[   45.332207] 00000010: 00 00 00 02 00 00 00 03 00 00 00 00 00 00 00 01  ................
[   45.333778] 00000020: 00 00 00 01 00 00 00 00 00 00 00 01 00 00 00 04  ................
[   45.335349] 00000030: 00 00 00 04 00 00 3b 5f 00 00 3b 5c 00 00 00 00  ......;_..;\....
[   45.336963] 00000040: d6 f6 9d bd 8c 5d 46 be b8 8e 92 c0 ae 88 ce b2  .....]F.........
[   45.338536] 00000050: 00 00 00 00 00 00 00 00 00 00 00 00 00 00 00 00  ................
[   45.340145] 00000060: 00 00 00 00 00 00 00 00 00 00 00 00 00 00 00 00  ................
[   45.341756] 00000070: 00 00 00 00 00 00 00 00 00 00 00 00 00 00 00 00  ................
[   45.343556] XFS (loop0): metadata I/O error in "xfs_read_agf+0xd0/0x2c0" at daddr 0x8001 len 1 error 74
[   45.345423] XFS (loop0): page discard on page 00000000bbf75f50, inode 0x46, pos 0.
[   45.416697] XFS (loop0): Unmounting Filesystem d6f69dbd-8c5d-46be-b88e-92c0ae88ceb2
[   45.790655] loop0: detected capacity change from 0 to 65536
[   45.794430] XFS (loop0): Mounting V5 Filesystem d6f69dbd-8c5d-46be-b88e-92c0ae88ceb2
[   45.807329] XFS (loop0): Ending clean mount
[   45.809467] XFS (loop0): Quotacheck needed: Please wait.
[   45.816352] XFS (loop0): Quotacheck: Done.
[   45.885598] XFS (loop0): Metadata CRC error detected at xfs_agf_read_verify+0x10e/0x140, xfs_agf block 0x8001 
[   45.887716] XFS (loop0): Unmount and run xfs_repair
[   45.888648] XFS (loop0): First 128 bytes of corrupted metadata buffer:
[   45.889857] 00000000: 58 41 47 46 00 00 00 01 00 00 00 01 00 00 40 00  XAGF..........@.
[   45.891363] 00000010: 00 00 00 02 00 00 00 03 00 00 00 00 00 00 00 01  ................
[   45.892887] 00000020: 00 00 00 01 00 00 00 00 00 00 00 01 00 00 00 04  ................
[   45.894390] 00000030: 00 00 00 04 00 00 3b 5f 00 00 3b 5c 00 00 00 00  ......;_..;\....
[   45.895927] 00000040: d6 f6 9d bd 8c 5d 46 be b8 8e 92 c0 ae 88 ce b2  .....]F.........
[   45.897412] 00000050: 00 00 00 00 00 00 00 00 00 00 00 00 00 00 00 00  ................
[   45.898910] 00000060: 00 00 00 00 00 00 00 00 00 00 00 00 00 00 00 00  ................
[   45.900431] 00000070: 00 00 00 00 00 00 00 00 00 00 00 00 00 00 00 00  ................
[   45.901974] XFS (loop0): metadata I/O error in "xfs_read_agf+0xd0/0x2c0" at daddr 0x8001 len 1 error 74
[   45.903940] XFS (loop0): page discard on page 0000000028ab8879, inode 0x46, pos 0.
[   45.990902] XFS (loop0): Unmounting Filesystem d6f69dbd-8c5d-46be-b88e-92c0ae88ceb2
[   46.352349] loop0: detected capacity change from 0 to 65536
[   46.355989] XFS (loop0): Mounting V5 Filesystem d6f69dbd-8c5d-46be-b88e-92c0ae88ceb2
[   46.369435] XFS (loop0): Ending clean mount
[   46.371491] XFS (loop0): Quotacheck needed: Please wait.
[   46.379178] XFS (loop0): Quotacheck: Done.
[   46.465530] XFS (loop0): Metadata CRC error detected at xfs_agf_read_verify+0x10e/0x140, xfs_agf block 0x8001 
[   46.467714] XFS (loop0): Unmount and run xfs_repair
[   46.468676] XFS (loop0): First 128 bytes of corrupted metadata buffer:
[   46.469939] 00000000: 58 41 47 46 00 00 00 01 00 00 00 01 00 00 40 00  XAGF..........@.
[   46.471493] 00000010: 00 00 00 02 00 00 00 03 00 00 00 00 00 00 00 01  ................
[   46.473077] 00000020: 00 00 00 01 00 00 00 00 00 00 00 01 00 00 00 04  ................
[   46.474627] 00000030: 00 00 00 04 00 00 3b 5f 00 00 3b 5c 00 00 00 00  ......;_..;\....
[   46.476197] 00000040: d6 f6 9d bd 8c 5d 46 be b8 8e 92 c0 ae 88 ce b2  .....]F.........
[   46.477731] 00000050: 00 00 00 00 00 00 00 00 00 00 00 00 00 00 00 00  ................
[   46.479272] 00000060: 00 00 00 00 00 00 00 00 00 00 00 00 00 00 00 00  ................
[   46.480839] 00000070: 00 00 00 00 00 00 00 00 00 00 00 00 00 00 00 00  ................
[   46.482498] XFS (loop0): metadata I/O error in "xfs_read_agf+0xd0/0x2c0" at daddr 0x8001 len 1 error 74
[   46.484517] XFS (loop0): page discard on page 00000000490d3228, inode 0x46, pos 0.
[   46.559314] XFS (loop0): Unmounting Filesystem d6f69dbd-8c5d-46be-b88e-92c0ae88ceb2
[   46.960006] loop0: detected capacity change from 0 to 65536
[   46.964013] XFS (loop0): Mounting V5 Filesystem d6f69dbd-8c5d-46be-b88e-92c0ae88ceb2
[   46.975800] XFS (loop0): Ending clean mount
[   46.977439] XFS (loop0): Quotacheck needed: Please wait.
[   46.983782] XFS (loop0): Quotacheck: Done.
[   47.078097] XFS (loop0): Metadata CRC error detected at xfs_agf_read_verify+0x10e/0x140, xfs_agf block 0x8001 
[   47.080191] XFS (loop0): Unmount and run xfs_repair
[   47.081051] XFS (loop0): First 128 bytes of corrupted metadata buffer:
[   47.082177] 00000000: 58 41 47 46 00 00 00 01 00 00 00 01 00 00 40 00  XAGF..........@.
[   47.083528] 00000010: 00 00 00 02 00 00 00 03 00 00 00 00 00 00 00 01  ................
[   47.084924] 00000020: 00 00 00 01 00 00 00 00 00 00 00 01 00 00 00 04  ................
[   47.086282] 00000030: 00 00 00 04 00 00 3b 5f 00 00 3b 5c 00 00 00 00  ......;_..;\....
[   47.087658] 00000040: d6 f6 9d bd 8c 5d 46 be b8 8e 92 c0 ae 88 ce b2  .....]F.........
[   47.089050] 00000050: 00 00 00 00 00 00 00 00 00 00 00 00 00 00 00 00  ................
[   47.090477] 00000060: 00 00 00 00 00 00 00 00 00 00 00 00 00 00 00 00  ................
[   47.091925] 00000070: 00 00 00 00 00 00 00 00 00 00 00 00 00 00 00 00  ................
[   47.093522] XFS (loop0): metadata I/O error in "xfs_read_agf+0xd0/0x2c0" at daddr 0x8001 len 1 error 74
[   47.095482] XFS (loop0): page discard on page 00000000c999ab60, inode 0x46, pos 0.
[   47.198918] XFS (loop0): Unmounting Filesystem d6f69dbd-8c5d-46be-b88e-92c0ae88ceb2
[   47.585812] loop0: detected capacity change from 0 to 65536
[   47.590293] XFS (loop0): Mounting V5 Filesystem d6f69dbd-8c5d-46be-b88e-92c0ae88ceb2
[   47.601878] XFS (loop0): Ending clean mount
[   47.603288] XFS (loop0): Quotacheck needed: Please wait.
[   47.613518] XFS (loop0): Quotacheck: Done.
[   47.725246] XFS (loop0): Metadata CRC error detected at xfs_agf_read_verify+0x10e/0x140, xfs_agf block 0x8001 
[   47.727463] XFS (loop0): Unmount and run xfs_repair
[   47.728540] XFS (loop0): First 128 bytes of corrupted metadata buffer:
[   47.729856] 00000000: 58 41 47 46 00 00 00 01 00 00 00 01 00 00 40 00  XAGF..........@.
[   47.731453] 00000010: 00 00 00 02 00 00 00 03 00 00 00 00 00 00 00 01  ................
[   47.733095] 00000020: 00 00 00 01 00 00 00 00 00 00 00 01 00 00 00 04  ................
[   47.734700] 00000030: 00 00 00 04 00 00 3b 5f 00 00 3b 5c 00 00 00 00  ......;_..;\....
[   47.736355] 00000040: d6 f6 9d bd 8c 5d 46 be b8 8e 92 c0 ae 88 ce b2  .....]F.........
[   47.737949] 00000050: 00 00 00 00 00 00 00 00 00 00 00 00 00 00 00 00  ................
[   47.739542] 00000060: 00 00 00 00 00 00 00 00 00 00 00 00 00 00 00 00  ................
[   47.741186] 00000070: 00 00 00 00 00 00 00 00 00 00 00 00 00 00 00 00  ................
[   47.742912] XFS (loop0): metadata I/O error in "xfs_read_agf+0xd0/0x2c0" at daddr 0x8001 len 1 error 74
[   47.744694] XFS (loop0): page discard on page 0000000084fbf47b, inode 0x46, pos 0.
[   47.829057] XFS (loop0): Unmounting Filesystem d6f69dbd-8c5d-46be-b88e-92c0ae88ceb2
[   48.342243] loop0: detected capacity change from 0 to 65536
[   48.346631] XFS (loop0): Mounting V5 Filesystem d6f69dbd-8c5d-46be-b88e-92c0ae88ceb2
[   48.360586] XFS (loop0): Ending clean mount
[   48.362040] XFS (loop0): Quotacheck needed: Please wait.
[   48.369462] XFS (loop0): Quotacheck: Done.
[   48.516869] XFS (loop0): Metadata CRC error detected at xfs_agf_read_verify+0x10e/0x140, xfs_agf block 0x8001 
[   48.518779] XFS (loop0): Unmount and run xfs_repair
[   48.519720] XFS (loop0): First 128 bytes of corrupted metadata buffer:
[   48.520865] 00000000: 58 41 47 46 00 00 00 01 00 00 00 01 00 00 40 00  XAGF..........@.
[   48.522245] 00000010: 00 00 00 02 00 00 00 03 00 00 00 00 00 00 00 01  ................
[   48.523676] 00000020: 00 00 00 01 00 00 00 00 00 00 00 01 00 00 00 04  ................
[   48.525051] 00000030: 00 00 00 04 00 00 3b 5f 00 00 3b 5c 00 00 00 00  ......;_..;\....
[   48.526425] 00000040: d6 f6 9d bd 8c 5d 46 be b8 8e 92 c0 ae 88 ce b2  .....]F.........
[   48.527880] 00000050: 00 00 00 00 00 00 00 00 00 00 00 00 00 00 00 00  ................
[   48.529253] 00000060: 00 00 00 00 00 00 00 00 00 00 00 00 00 00 00 00  ................
[   48.530657] 00000070: 00 00 00 00 00 00 00 00 00 00 00 00 00 00 00 00  ................
[   48.532790] XFS (loop0): metadata I/O error in "xfs_read_agf+0xd0/0x2c0" at daddr 0x8001 len 1 error 74
[   48.534645] XFS (loop0): page discard on page 000000004c426455, inode 0x46, pos 0.
[   48.637262] XFS (loop0): Unmounting Filesystem d6f69dbd-8c5d-46be-b88e-92c0ae88ceb2
[   49.032447] loop0: detected capacity change from 0 to 65536
[   49.036782] XFS (loop0): Mounting V5 Filesystem d6f69dbd-8c5d-46be-b88e-92c0ae88ceb2
[   49.050165] XFS (loop0): Ending clean mount
[   49.051722] XFS (loop0): Quotacheck needed: Please wait.
[   49.056976] XFS (loop0): Quotacheck: Done.
[   49.165037] XFS (loop0): Metadata CRC error detected at xfs_agf_read_verify+0x10e/0x140, xfs_agf block 0x8001 
[   49.166937] XFS (loop0): Unmount and run xfs_repair
[   49.167873] XFS (loop0): First 128 bytes of corrupted metadata buffer:
[   49.169015] 00000000: 58 41 47 46 00 00 00 01 00 00 00 01 00 00 40 00  XAGF..........@.
[   49.170405] 00000010: 00 00 00 02 00 00 00 03 00 00 00 00 00 00 00 01  ................
[   49.171812] 00000020: 00 00 00 01 00 00 00 00 00 00 00 01 00 00 00 04  ................
[   49.173180] 00000030: 00 00 00 04 00 00 3b 5f 00 00 3b 5c 00 00 00 00  ......;_..;\....
[   49.174563] 00000040: d6 f6 9d bd 8c 5d 46 be b8 8e 92 c0 ae 88 ce b2  .....]F.........
[   49.175960] 00000050: 00 00 00 00 00 00 00 00 00 00 00 00 00 00 00 00  ................
[   49.177331] 00000060: 00 00 00 00 00 00 00 00 00 00 00 00 00 00 00 00  ................
[   49.178710] 00000070: 00 00 00 00 00 00 00 00 00 00 00 00 00 00 00 00  ................
[   49.180538] XFS (loop0): metadata I/O error in "xfs_read_agf+0xd0/0x2c0" at daddr 0x8001 len 1 error 74
[   49.182606] XFS (loop0): page discard on page 00000000bb60fab2, inode 0x46, pos 0.
[   49.264473] XFS (loop0): Unmounting Filesystem d6f69dbd-8c5d-46be-b88e-92c0ae88ceb2
[   49.805721] loop0: detected capacity change from 0 to 65536
[   49.809397] XFS (loop0): Mounting V5 Filesystem d6f69dbd-8c5d-46be-b88e-92c0ae88ceb2
[   49.819896] XFS (loop0): Ending clean mount
[   49.821476] XFS (loop0): Quotacheck needed: Please wait.
[   49.828900] XFS (loop0): Quotacheck: Done.
[   49.966428] XFS (loop0): Metadata CRC error detected at xfs_agf_read_verify+0x10e/0x140, xfs_agf block 0x8001 
[   49.968368] XFS (loop0): Unmount and run xfs_repair
[   49.969231] XFS (loop0): First 128 bytes of corrupted metadata buffer:
[   49.970367] 00000000: 58 41 47 46 00 00 00 01 00 00 00 01 00 00 40 00  XAGF..........@.
[   49.971716] 00000010: 00 00 00 02 00 00 00 03 00 00 00 00 00 00 00 01  ................
[   49.973078] 00000020: 00 00 00 01 00 00 00 00 00 00 00 01 00 00 00 04  ................
[   49.974446] 00000030: 00 00 00 04 00 00 3b 5f 00 00 3b 5c 00 00 00 00  ......;_..;\....
[   49.975827] 00000040: d6 f6 9d bd 8c 5d 46 be b8 8e 92 c0 ae 88 ce b2  .....]F.........
[   49.977177] 00000050: 00 00 00 00 00 00 00 00 00 00 00 00 00 00 00 00  ................
[   49.978561] 00000060: 00 00 00 00 00 00 00 00 00 00 00 00 00 00 00 00  ................
[   49.979951] 00000070: 00 00 00 00 00 00 00 00 00 00 00 00 00 00 00 00  ................
[   49.981372] XFS (loop0): metadata I/O error in "xfs_read_agf+0xd0/0x2c0" at daddr 0x8001 len 1 error 74
[   49.983361] XFS (loop0): page discard on page 00000000bc34fc6d, inode 0x46, pos 0.
[   50.084136] XFS (loop0): Unmounting Filesystem d6f69dbd-8c5d-46be-b88e-92c0ae88ceb2
[   50.600400] loop0: detected capacity change from 0 to 65536
[   50.605610] XFS (loop0): Mounting V5 Filesystem d6f69dbd-8c5d-46be-b88e-92c0ae88ceb2
[   50.620235] XFS (loop0): Ending clean mount
[   50.621861] XFS (loop0): Quotacheck needed: Please wait.
[   50.628883] XFS (loop0): Quotacheck: Done.
[   50.741482] XFS (loop0): Metadata CRC error detected at xfs_agf_read_verify+0x10e/0x140, xfs_agf block 0x8001 
[   50.743370] XFS (loop0): Unmount and run xfs_repair
[   50.744279] XFS (loop0): First 128 bytes of corrupted metadata buffer:
[   50.745406] 00000000: 58 41 47 46 00 00 00 01 00 00 00 01 00 00 40 00  XAGF..........@.
[   50.746762] 00000010: 00 00 00 02 00 00 00 03 00 00 00 00 00 00 00 01  ................
[   50.748144] 00000020: 00 00 00 01 00 00 00 00 00 00 00 01 00 00 00 04  ................
[   50.749492] 00000030: 00 00 00 04 00 00 3b 5f 00 00 3b 5c 00 00 00 00  ......;_..;\....
[   50.750854] 00000040: d6 f6 9d bd 8c 5d 46 be b8 8e 92 c0 ae 88 ce b2  .....]F.........
[   50.752235] 00000050: 00 00 00 00 00 00 00 00 00 00 00 00 00 00 00 00  ................
[   50.753581] 00000060: 00 00 00 00 00 00 00 00 00 00 00 00 00 00 00 00  ................
[   50.754951] 00000070: 00 00 00 00 00 00 00 00 00 00 00 00 00 00 00 00  ................
[   50.756722] XFS (loop0): metadata I/O error in "xfs_read_agf+0xd0/0x2c0" at daddr 0x8001 len 1 error 74
[   50.758686] XFS (loop0): page discard on page 0000000016deea79, inode 0x46, pos 0.
[   50.832971] XFS (loop0): Unmounting Filesystem d6f69dbd-8c5d-46be-b88e-92c0ae88ceb2
[   51.195575] loop0: detected capacity change from 0 to 65536
[   51.200290] XFS (loop0): Mounting V5 Filesystem d6f69dbd-8c5d-46be-b88e-92c0ae88ceb2
[   51.212369] XFS (loop0): Ending clean mount
[   51.213781] XFS (loop0): Quotacheck needed: Please wait.
[   51.223466] XFS (loop0): Quotacheck: Done.
[   51.302155] XFS (loop0): Metadata CRC error detected at xfs_agf_read_verify+0x10e/0x140, xfs_agf block 0x8001 
[   51.304454] XFS (loop0): Unmount and run xfs_repair
[   51.305418] XFS (loop0): First 128 bytes of corrupted metadata buffer:
[   51.306692] 00000000: 58 41 47 46 00 00 00 01 00 00 00 01 00 00 40 00  XAGF..........@.
[   51.308255] 00000010: 00 00 00 02 00 00 00 03 00 00 00 00 00 00 00 01  ................
[   51.309780] 00000020: 00 00 00 01 00 00 00 00 00 00 00 01 00 00 00 04  ................
[   51.311317] 00000030: 00 00 00 04 00 00 3b 5f 00 00 3b 5c 00 00 00 00  ......;_..;\....
[   51.312891] 00000040: d6 f6 9d bd 8c 5d 46 be b8 8e 92 c0 ae 88 ce b2  .....]F.........
[   51.314436] 00000050: 00 00 00 00 00 00 00 00 00 00 00 00 00 00 00 00  ................
[   51.315998] 00000060: 00 00 00 00 00 00 00 00 00 00 00 00 00 00 00 00  ................
[   51.317530] 00000070: 00 00 00 00 00 00 00 00 00 00 00 00 00 00 00 00  ................
[   51.319265] XFS (loop0): metadata I/O error in "xfs_read_agf+0xd0/0x2c0" at daddr 0x8001 len 1 error 74
[   51.321222] XFS (loop0): page discard on page 00000000d192584f, inode 0x46, pos 0.
[   51.382706] XFS (loop0): Unmounting Filesystem d6f69dbd-8c5d-46be-b88e-92c0ae88ceb2
[   51.724665] loop0: detected capacity change from 0 to 65536
[   51.728779] XFS (loop0): Mounting V5 Filesystem d6f69dbd-8c5d-46be-b88e-92c0ae88ceb2
[   51.742630] XFS (loop0): Ending clean mount
[   51.744560] XFS (loop0): Quotacheck needed: Please wait.
[   51.752785] XFS (loop0): Quotacheck: Done.
[   51.853064] XFS (loop0): Metadata CRC error detected at xfs_agf_read_verify+0x10e/0x140, xfs_agf block 0x8001 
[   51.855213] XFS (loop0): Unmount and run xfs_repair
