c[?7l[2J[0mSeaBIOS (version rel-1.16.0-0-gd239552ce722-prebuilt.qemu.org)


iPXE (http://ipxe.org) 00:03.0 CA00 PCI2.10 PnP PMM+7FF91000+7FEF1000 CA00
Press Ctrl-B to configure iPXE (PCI 00:03.0)...                                                                               


Booting from ROM..c[?7l[2J[0m.[    0.000000] Linux version 5.17.0-rc8-e243f39685af+ (root@p-rpls01) (gcc (GCC) 8.5.0 20210514 (Red Hat 8.5.0-18), GNU ld version 2.36.1-2.el8) #1 SMP PREEMPT Mon Mar 13 22:02:37 CST 2023
[    0.000000] Command line: console=ttyS0 root=/dev/sda earlyprintk=serial net.ifnames=0
[    0.000000] KERNEL supported cpus:
[    0.000000]   Intel GenuineIntel
[    0.000000]   AMD AuthenticAMD
[    0.000000]   Hygon HygonGenuine
[    0.000000]   Centaur CentaurHauls
[    0.000000]   zhaoxin   Shanghai  
[    0.000000] x86/fpu: Supporting XSAVE feature 0x001: 'x87 floating point registers'
[    0.000000] x86/fpu: Supporting XSAVE feature 0x002: 'SSE registers'
[    0.000000] x86/fpu: Supporting XSAVE feature 0x004: 'AVX registers'
[    0.000000] x86/fpu: Supporting XSAVE feature 0x200: 'Protection Keys User registers'
[    0.000000] x86/fpu: xstate_offset[2]:  576, xstate_sizes[2]:  256
[    0.000000] x86/fpu: xstate_offset[9]:  832, xstate_sizes[9]:    8
[    0.000000] x86/fpu: Enabled xstate features 0x207, context size is 840 bytes, using 'compacted' format.
[    0.000000] signal: max sigframe size: 3632
[    0.000000] BIOS-provided physical RAM map:
[    0.000000] BIOS-e820: [mem 0x0000000000000000-0x000000000009fbff] usable
[    0.000000] BIOS-e820: [mem 0x000000000009fc00-0x000000000009ffff] reserved
[    0.000000] BIOS-e820: [mem 0x00000000000f0000-0x00000000000fffff] reserved
[    0.000000] BIOS-e820: [mem 0x0000000000100000-0x000000007ffdffff] usable
[    0.000000] BIOS-e820: [mem 0x000000007ffe0000-0x000000007fffffff] reserved
[    0.000000] BIOS-e820: [mem 0x00000000feffc000-0x00000000feffffff] reserved
[    0.000000] BIOS-e820: [mem 0x00000000fffc0000-0x00000000ffffffff] reserved
[    0.000000] printk: bootconsole [earlyser0] enabled
[    0.000000] NX (Execute Disable) protection: active
[    0.000000] SMBIOS 2.8 present.
[    0.000000] DMI: QEMU Standard PC (i440FX + PIIX, 1996), BIOS rel-1.16.0-0-gd239552ce722-prebuilt.qemu.org 04/01/2014
[    0.000000] Hypervisor detected: KVM
[    0.000000] kvm-clock: Using msrs 4b564d01 and 4b564d00
[    0.000006] kvm-clock: using sched offset of 534079492 cycles
[    0.001435] clocksource: kvm-clock: mask: 0xffffffffffffffff max_cycles: 0x1cd42e4dffb, max_idle_ns: 881590591483 ns
[    0.005900] tsc: Detected 806.400 MHz processor
[    0.015034] last_pfn = 0x7ffe0 max_arch_pfn = 0x400000000
[    0.016771] x86/PAT: Configuration [0-7]: WB  WC  UC- UC  WB  WP  UC- WT  
[    0.025297] found SMP MP-table at [mem 0x000f5ba0-0x000f5baf]
[    0.027018] Using GB pages for direct mapping
[    0.029462] ACPI: Early table checksum verification disabled
[    0.030989] ACPI: RSDP 0x00000000000F59C0 000014 (v00 BOCHS )
[    0.032559] ACPI: RSDT 0x000000007FFE1951 000034 (v01 BOCHS  BXPC     00000001 BXPC 00000001)
[    0.034893] ACPI: FACP 0x000000007FFE17FD 000074 (v01 BOCHS  BXPC     00000001 BXPC 00000001)
[    0.037210] ACPI: DSDT 0x000000007FFE0040 0017BD (v01 BOCHS  BXPC     00000001 BXPC 00000001)
[    0.039532] ACPI: FACS 0x000000007FFE0000 000040
[    0.040805] ACPI: APIC 0x000000007FFE1871 000080 (v01 BOCHS  BXPC     00000001 BXPC 00000001)
[    0.043109] ACPI: HPET 0x000000007FFE18F1 000038 (v01 BOCHS  BXPC     00000001 BXPC 00000001)
[    0.045421] ACPI: WAET 0x000000007FFE1929 000028 (v01 BOCHS  BXPC     00000001 BXPC 00000001)
[    0.047754] ACPI: Reserving FACP table memory at [mem 0x7ffe17fd-0x7ffe1870]
[    0.049647] ACPI: Reserving DSDT table memory at [mem 0x7ffe0040-0x7ffe17fc]
[    0.051599] ACPI: Reserving FACS table memory at [mem 0x7ffe0000-0x7ffe003f]
[    0.053514] ACPI: Reserving APIC table memory at [mem 0x7ffe1871-0x7ffe18f0]
[    0.055422] ACPI: Reserving HPET table memory at [mem 0x7ffe18f1-0x7ffe1928]
[    0.057332] ACPI: Reserving WAET table memory at [mem 0x7ffe1929-0x7ffe1950]
[    0.060537] No NUMA configuration found
[    0.061587] Faking a node at [mem 0x0000000000000000-0x000000007ffdffff]
[    0.063478] NODE_DATA(0) allocated [mem 0x7ffb5000-0x7ffdffff]
[    0.069275] Zone ranges:
[    0.069977]   DMA      [mem 0x0000000000001000-0x0000000000ffffff]
[    0.071650]   DMA32    [mem 0x0000000001000000-0x000000007ffdffff]
[    0.073323]   Normal   empty
[    0.074112]   Device   empty
[    0.074894] Movable zone start for each node
[    0.076082] Early memory node ranges
[    0.077062]   node   0: [mem 0x0000000000001000-0x000000000009efff]
[    0.078759]   node   0: [mem 0x0000000000100000-0x000000007ffdffff]
[    0.080465] Initmem setup node 0 [mem 0x0000000000001000-0x000000007ffdffff]
[    0.082852] On node 0, zone DMA: 1 pages in unavailable ranges
[    0.082876] On node 0, zone DMA: 97 pages in unavailable ranges
[    0.094706] On node 0, zone DMA32: 32 pages in unavailable ranges
[    0.097321] ACPI: PM-Timer IO Port: 0x608
[    0.100151] ACPI: LAPIC_NMI (acpi_id[0xff] dfl dfl lint[0x1])
[    0.101831] IOAPIC[0]: apic_id 0, version 17, address 0xfec00000, GSI 0-23
[    0.103756] ACPI: INT_SRC_OVR (bus 0 bus_irq 0 global_irq 2 dfl dfl)
[    0.105509] ACPI: INT_SRC_OVR (bus 0 bus_irq 5 global_irq 5 high level)
[    0.107316] ACPI: INT_SRC_OVR (bus 0 bus_irq 9 global_irq 9 high level)
[    0.109123] ACPI: INT_SRC_OVR (bus 0 bus_irq 10 global_irq 10 high level)
[    0.110978] ACPI: INT_SRC_OVR (bus 0 bus_irq 11 global_irq 11 high level)
[    0.112893] ACPI: Using ACPI (MADT) for SMP configuration information
[    0.114679] ACPI: HPET id: 0x8086a201 base: 0xfed00000
[    0.116133] TSC deadline timer available
[    0.117210] smpboot: Allowing 2 CPUs, 0 hotplug CPUs
[    0.118652] kvm-guest: KVM setup pv remote TLB flush
[    0.120080] kvm-guest: setup PV sched yield
[    0.121306] PM: hibernation: Registered nosave memory: [mem 0x00000000-0x00000fff]
[    0.123396] PM: hibernation: Registered nosave memory: [mem 0x0009f000-0x0009ffff]
[    0.125473] PM: hibernation: Registered nosave memory: [mem 0x000a0000-0x000effff]
[    0.127556] PM: hibernation: Registered nosave memory: [mem 0x000f0000-0x000fffff]
[    0.129682] [mem 0x80000000-0xfeffbfff] available for PCI devices
[    0.131385] Booting paravirtualized kernel on KVM
[    0.132715] clocksource: refined-jiffies: mask: 0xffffffff max_cycles: 0xffffffff, max_idle_ns: 7645519600211568 ns
[    0.135627] setup_percpu: NR_CPUS:8192 nr_cpumask_bits:2 nr_cpu_ids:2 nr_node_ids:1
[    0.138343] percpu: Embedded 63 pages/cpu s221184 r8192 d28672 u1048576
[    0.140516] kvm-guest: PV spinlocks enabled
[    0.141686] PV qspinlock hash table entries: 256 (order: 0, 4096 bytes, linear)
[    0.143750] Fallback order for Node 0: 0 
[    0.144878] Built 1 zonelists, mobility grouping on.  Total pages: 515808
[    0.146752] Policy zone: DMA32
[    0.147611] Kernel command line: net.ifnames=0 console=ttyS0 root=/dev/sda earlyprintk=serial net.ifnames=0
[    0.151244] Dentry cache hash table entries: 262144 (order: 9, 2097152 bytes, linear)
[    0.153678] Inode-cache hash table entries: 131072 (order: 8, 1048576 bytes, linear)
[    0.156025] mem auto-init: stack:off, heap alloc:off, heap free:off
[    0.164515] Memory: 1985392K/2096632K available (32784K kernel code, 5336K rwdata, 7916K rodata, 3180K init, 21976K bss, 110984K reserved, 0K cma-reserved)
[    0.168347] random: get_random_u64 called from __kmem_cache_create+0x2f/0x4e0 with crng_init=0
[    0.169076] SLUB: HWalign=64, Order=0-3, MinObjects=0, CPUs=2, Nodes=1
[    0.173251] kmemleak: Kernel memory leak detector disabled
[    0.174786] ftrace: allocating 65886 entries in 258 pages
[    0.205634] ftrace: allocated 258 pages with 2 groups
[    0.211516] Dynamic Preempt: voluntary
[    0.212745] Running RCU self tests
[    0.213674] rcu: Preemptible hierarchical RCU implementation.
[    0.215213] rcu: 	RCU lockdep checking is enabled.
[    0.216522] rcu: 	RCU restricting CPUs from NR_CPUS=8192 to nr_cpu_ids=2.
[    0.218344] 	Trampoline variant of Tasks RCU enabled.
[    0.219710] 	Rude variant of Tasks RCU enabled.
[    0.220923] 	Tracing variant of Tasks RCU enabled.
[    0.222218] rcu: RCU calculated value of scheduler-enlistment delay is 25 jiffies.
[    0.224280] rcu: Adjusting geometry for rcu_fanout_leaf=16, nr_cpu_ids=2
[    0.254491] NR_IRQS: 524544, nr_irqs: 440, preallocated irqs: 16
[    0.281294] Console: colour VGA+ 80x25
[    0.282449] printk: console [ttyS0] enabled
[    0.282449] printk: console [ttyS0] enabled
[    0.284807] printk: bootconsole [earlyser0] disabled
[    0.284807] printk: bootconsole [earlyser0] disabled
[    0.287607] Lock dependency validator: Copyright (c) 2006 Red Hat, Inc., Ingo Molnar
[    0.289789] ... MAX_LOCKDEP_SUBCLASSES:  8
[    0.290978] ... MAX_LOCK_DEPTH:          48
[    0.292199] ... MAX_LOCKDEP_KEYS:        8192
[    0.293442] ... CLASSHASH_SIZE:          4096
[    0.294688] ... MAX_LOCKDEP_ENTRIES:     32768
[    0.295968] ... MAX_LOCKDEP_CHAINS:      65536
[    0.297222] ... CHAINHASH_SIZE:          32768
[    0.298482]  memory used by lock dependency info: 6365 kB
[    0.300015]  memory used for stack traces: 4224 kB
[    0.301366]  per task-struct memory footprint: 1920 bytes
[    0.302947] ACPI: Core revision 20211217
[    0.304479] clocksource: hpet: mask: 0xffffffff max_cycles: 0xffffffff, max_idle_ns: 19112604467 ns
[    0.307293] APIC: Switch to symmetric I/O mode setup
[    0.309461] x2apic enabled
[    0.311014] Switched APIC routing to physical x2apic.
[    0.312544] kvm-guest: setup PV IPIs
[    0.316915] ..TIMER: vector=0x30 apic1=0 pin1=2 apic2=-1 pin2=-1
[    0.318704] clocksource: tsc-early: mask: 0xffffffffffffffff max_cycles: 0xb9fb05486c, max_idle_ns: 440795231721 ns
[    0.321709] Calibrating delay loop (skipped) preset value.. 1612.80 BogoMIPS (lpj=3225600)
[    0.325690] pid_max: default: 32768 minimum: 301
[    0.327098] LSM: Security Framework initializing
[    0.328424] Yama: becoming mindful.
[    0.329872] Mount-cache hash table entries: 4096 (order: 3, 32768 bytes, linear)
[    0.331970] Mountpoint-cache hash table entries: 4096 (order: 3, 32768 bytes, linear)
[    0.335333] CPU0: Thermal monitoring enabled (TM1)
[    0.337975] x86/cpu: User Mode Instruction Prevention (UMIP) activated
[    0.340617] Last level iTLB entries: 4KB 0, 2MB 0, 4MB 0
[    0.341690] Last level dTLB entries: 4KB 0, 2MB 0, 4MB 0, 1GB 0
[    0.343409] Spectre V1 : Mitigation: usercopy/swapgs barriers and __user pointer sanitization
[    0.345690] Spectre V2 : WARNING: Unprivileged eBPF is enabled with eIBRS on, data leaks possible via Spectre v2 BHB attacks!
[    0.349698] Spectre V2 : Mitigation: Enhanced IBRS
[    0.351062] Spectre V2 : Spectre v2 / SpectreRSB mitigation: Filling RSB on context switch
[    0.353364] Spectre V2 : mitigation: Enabling conditional Indirect Branch Prediction Barrier
[    0.353689] Speculative Store Bypass: Mitigation: Speculative Store Bypass disabled via prctl
[    0.413643] Freeing SMP alternatives memory: 56K
[    0.414205] smpboot: CPU0: Genuine Intel(R) 0000 (family: 0x6, model: 0xb7, stepping: 0x0)
[    0.417112] cblist_init_generic: Setting adjustable number of callback queues.
[    0.417698] cblist_init_generic: Setting shift to 1 and lim to 1.
[    0.419449] cblist_init_generic: Setting shift to 1 and lim to 1.
[    0.421258] cblist_init_generic: Setting shift to 1 and lim to 1.
[    0.421752] Running RCU-tasks wait API self tests
[    0.526080] Performance Events: generic architected perfmon, full-width counters, Intel PMU driver.
[    0.528504] ... version:                2
[    0.529494] ... bit width:              48
[    0.529699] ... generic registers:      6
[    0.530707] ... value mask:             0000ffffffffffff
[    0.532013] ... max period:             00007fffffffffff
[    0.533318] ... fixed-purpose events:   3
[    0.533697] ... event mask:             000000070000003f
[    0.535776] rcu: Hierarchical SRCU implementation.
[    0.541796] Callback from call_rcu_tasks_trace() invoked.
[    0.543857] smp: Bringing up secondary CPUs ...
[    0.545852] x86: Booting SMP configuration:
[    0.547027] .... node  #0, CPUs:      #1
[    0.547981] smp: Brought up 1 node, 2 CPUs
[    0.550849] smpboot: Max logical packages: 1
[    0.552053] smpboot: Total of 2 processors activated (3225.60 BogoMIPS)
[    0.555172] devtmpfs: initialized
[    0.555172] x86/mm: Memory block size: 128MB
[    0.562385] clocksource: jiffies: mask: 0xffffffff max_cycles: 0xffffffff, max_idle_ns: 7645041785100000 ns
[    0.565717] futex hash table entries: 512 (order: 4, 65536 bytes, linear)
[    0.567957] pinctrl core: initialized pinctrl subsystem
[    0.570161] 
[    0.570599] *************************************************************
[    0.572450] **     NOTICE NOTICE NOTICE NOTICE NOTICE NOTICE NOTICE    **
[    0.573700] **                                                         **
[    0.575559] **  IOMMU DebugFS SUPPORT HAS BEEN ENABLED IN THIS KERNEL  **
[    0.577495] **                                                         **
[    0.577705] ** This means that this kernel is built to expose internal **
[    0.579606] ** IOMMU data structures, which may compromise security on **
[    0.581473] ** your system.                                            **
[    0.581700] **                                                         **
[    0.583579] ** If you see this message and you are not debugging the   **
[    0.585447] ** kernel, report this immediately to your vendor!         **
[    0.585700] **                                                         **
[    0.587565] **     NOTICE NOTICE NOTICE NOTICE NOTICE NOTICE NOTICE    **
[    0.589440] *************************************************************
[    0.589901] PM: RTC time: 13:10:28, date: 2023-03-19
[    0.593358] NET: Registered PF_NETLINK/PF_ROUTE protocol family
[    0.594571] DMA: preallocated 256 KiB GFP_KERNEL pool for atomic allocations
[    0.596605] DMA: preallocated 256 KiB GFP_KERNEL|GFP_DMA pool for atomic allocations
[    0.597710] DMA: preallocated 256 KiB GFP_KERNEL|GFP_DMA32 pool for atomic allocations
[    0.599992] audit: initializing netlink subsys (disabled)
[    0.601760] audit: type=2000 audit(1679231428.748:1): state=initialized audit_enabled=0 res=1
[    0.602589] thermal_sys: Registered thermal governor 'fair_share'
[    0.603705] thermal_sys: Registered thermal governor 'bang_bang'
[    0.605192] thermal_sys: Registered thermal governor 'step_wise'
[    0.605699] thermal_sys: Registered thermal governor 'user_space'
[    0.607252] cpuidle: using governor ladder
[    0.610911] cpuidle: using governor menu
[    0.612476] acpiphp: ACPI Hot Plug PCI Controller Driver version: 0.5
[    0.614246] PCI: Using configuration type 1 for base access
[    0.629896] Callback from call_rcu_tasks_rude() invoked.
[    0.635251] kprobes: kprobe jump-optimization is enabled. All kprobes are optimized if possible.
[    0.637884] HugeTLB registered 1.00 GiB page size, pre-allocated 0 pages
[    0.639356] HugeTLB registered 2.00 MiB page size, pre-allocated 0 pages
[    0.646362] ACPI: Added _OSI(Module Device)
[    0.647621] ACPI: Added _OSI(Processor Device)
[    0.648905] ACPI: Added _OSI(3.0 _SCP Extensions)
[    0.649723] ACPI: Added _OSI(Processor Aggregator Device)
[    0.651252] ACPI: Added _OSI(Linux-Dell-Video)
[    0.652538] ACPI: Added _OSI(Linux-Lenovo-NV-HDMI-Audio)
[    0.653709] ACPI: Added _OSI(Linux-HPI-Hybrid-Graphics)
[    0.662761] ACPI: 1 ACPI AML tables successfully acquired and loaded
[    0.669625] ACPI: Interpreter enabled
[    0.669814] ACPI: PM: (supports S0 S3 S4 S5)
[    0.671070] ACPI: Using IOAPIC for interrupt routing
[    0.672547] PCI: Using host bridge windows from ACPI; if necessary, use "pci=nocrs" and report a bug
[    0.674694] ACPI: Enabled 2 GPEs in block 00 to 0F
[    0.698853] ACPI: PCI Root Bridge [PCI0] (domain 0000 [bus 00-ff])
[    0.700623] acpi PNP0A03:00: _OSC: OS supports [ASPM ClockPM Segments MSI EDR HPX-Type3]
[    0.701722] acpi PNP0A03:00: _OSC: not requesting OS control; OS requires [ExtendedConfig ASPM ClockPM MSI]
[    0.704553] acpi PNP0A03:00: fail to add MMCONFIG information, can't access extended PCI configuration space under this bridge.
[    0.708418] acpiphp: Slot [3] registered
[    0.709643] acpiphp: Slot [4] registered
[    0.709806] acpiphp: Slot [5] registered
[    0.711301] acpiphp: Slot [6] registered
[    0.712507] acpiphp: Slot [7] registered
[    0.713720] acpiphp: Slot [8] registered
[    0.714940] acpiphp: Slot [9] registered
[    0.716153] acpiphp: Slot [10] registered
[    0.717429] acpiphp: Slot [11] registered
[    0.717805] acpiphp: Slot [12] registered
[    0.719071] acpiphp: Slot [13] registered
[    0.720411] acpiphp: Slot [14] registered
[    0.721663] acpiphp: Slot [15] registered
[    0.721798] acpiphp: Slot [16] registered
[    0.723077] acpiphp: Slot [17] registered
[    0.724325] acpiphp: Slot [18] registered
[    0.725558] acpiphp: Slot [19] registered
[    0.725799] acpiphp: Slot [20] registered
[    0.727034] acpiphp: Slot [21] registered
[    0.728279] acpiphp: Slot [22] registered
[    0.729543] acpiphp: Slot [23] registered
[    0.729805] acpiphp: Slot [24] registered
[    0.731045] acpiphp: Slot [25] registered
[    0.732286] acpiphp: Slot [26] registered
[    0.733525] acpiphp: Slot [27] registered
[    0.733939] acpiphp: Slot [28] registered
[    0.733905] Callback from call_rcu_tasks() invoked.
[    0.735199] acpiphp: Slot [29] registered
[    0.737553] acpiphp: Slot [30] registered
[    0.737803] acpiphp: Slot [31] registered
[    0.738995] PCI host bridge to bus 0000:00
[    0.740160] pci_bus 0000:00: root bus resource [io  0x0000-0x0cf7 window]
[    0.741701] pci_bus 0000:00: root bus resource [io  0x0d00-0xffff window]
[    0.743604] pci_bus 0000:00: root bus resource [mem 0x000a0000-0x000bffff window]
[    0.745666] pci_bus 0000:00: root bus resource [mem 0x80000000-0xfebfffff window]
[    0.745704] pci_bus 0000:00: root bus resource [mem 0x100000000-0x17fffffff window]
[    0.747852] pci_bus 0000:00: root bus resource [bus 00-ff]
[    0.749565] pci 0000:00:00.0: [8086:1237] type 00 class 0x060000
[    0.756110] pci 0000:00:01.0: [8086:7000] type 00 class 0x060100
[    0.759408] pci 0000:00:01.1: [8086:7010] type 00 class 0x010180
[    0.763753] pci 0000:00:01.1: reg 0x20: [io  0xc040-0xc04f]
[    0.766335] pci 0000:00:01.1: legacy IDE quirk: reg 0x10: [io  0x01f0-0x01f7]
[    0.768315] pci 0000:00:01.1: legacy IDE quirk: reg 0x14: [io  0x03f6]
[    0.769703] pci 0000:00:01.1: legacy IDE quirk: reg 0x18: [io  0x0170-0x0177]
[    0.772301] pci 0000:00:01.1: legacy IDE quirk: reg 0x1c: [io  0x0376]
[    0.774292] pci 0000:00:01.3: [8086:7113] type 00 class 0x068000
[    0.777091] pci 0000:00:01.3: quirk: [io  0x0600-0x063f] claimed by PIIX4 ACPI
[    0.777722] pci 0000:00:01.3: quirk: [io  0x0700-0x070f] claimed by PIIX4 SMB
[    0.782098] pci 0000:00:02.0: [1234:1111] type 00 class 0x030000
[    0.785738] pci 0000:00:02.0: reg 0x10: [mem 0xfd000000-0xfdffffff pref]
[    0.790392] pci 0000:00:02.0: reg 0x18: [mem 0xfebf0000-0xfebf0fff]
[    0.796756] pci 0000:00:02.0: reg 0x30: [mem 0xfebe0000-0xfebeffff pref]
[    0.797887] pci 0000:00:02.0: Video device with shadowed ROM at [mem 0x000c0000-0x000dffff]
[    0.806648] pci 0000:00:03.0: [8086:100e] type 00 class 0x020000
[    0.809429] pci 0000:00:03.0: reg 0x10: [mem 0xfebc0000-0xfebdffff]
[    0.811064] pci 0000:00:03.0: reg 0x14: [io  0xc000-0xc03f]
[    0.820478] pci 0000:00:03.0: reg 0x30: [mem 0xfeb80000-0xfebbffff pref]
[    0.854375] ACPI: PCI: Interrupt link LNKA configured for IRQ 10
[    0.856798] ACPI: PCI: Interrupt link LNKB configured for IRQ 10
[    0.858553] ACPI: PCI: Interrupt link LNKC configured for IRQ 11
[    0.860889] ACPI: PCI: Interrupt link LNKD configured for IRQ 11
[    0.862125] ACPI: PCI: Interrupt link LNKS configured for IRQ 9
[    0.865900] iommu: Default domain type: Translated 
[    0.865900] iommu: DMA domain TLB invalidation policy: lazy mode 
[    0.867576] pci 0000:00:02.0: vgaarb: setting as boot VGA device
[    0.867576] pci 0000:00:02.0: vgaarb: VGA device added: decodes=io+mem,owns=io+mem,locks=none
[    0.869713] pci 0000:00:02.0: vgaarb: bridge control possible
[    0.871134] vgaarb: loaded
[    0.873857] SCSI subsystem initialized
[    0.878218] ACPI: bus type USB registered
[    0.879449] usbcore: registered new interface driver usbfs
[    0.881791] usbcore: registered new interface driver hub
[    0.883189] usbcore: registered new device driver usb
[    0.884702] pps_core: LinuxPPS API ver. 1 registered
[    0.885703] pps_core: Software ver. 5.3.6 - Copyright 2005-2007 Rodolfo Giometti <giometti@linux.it>
[    0.887999] PTP clock support registered
[    0.889154] EDAC MC: Ver: 3.0.0
[    0.890432] NetLabel: Initializing
[    0.891318] NetLabel:  domain hash size = 128
[    0.892424] NetLabel:  protocols = UNLABELED CIPSOv4 CALIPSO
[    0.893824] NetLabel:  unlabeled traffic allowed by default
[    0.897857] PCI: Using ACPI for IRQ routing
[    0.899263] hpet0: at MMIO 0xfed00000, IRQs 2, 8, 0
[    0.901709] hpet0: 3 comparators, 64-bit 100.000000 MHz counter
[    0.906143] clocksource: Switched to clocksource kvm-clock
[    1.173457] VFS: Disk quotas dquot_6.6.0
[    1.174855] VFS: Dquot-cache hash table entries: 512 (order 0, 4096 bytes)
[    1.177470] pnp: PnP ACPI init
[    1.181505] pnp: PnP ACPI: found 6 devices
[    1.202799] clocksource: acpi_pm: mask: 0xffffff max_cycles: 0xffffff, max_idle_ns: 2085701024 ns
[    1.205955] NET: Registered PF_INET protocol family
[    1.207529] IP idents hash table entries: 32768 (order: 6, 262144 bytes, linear)
[    1.210725] tcp_listen_portaddr_hash hash table entries: 1024 (order: 4, 81920 bytes, linear)
[    1.213291] TCP established hash table entries: 16384 (order: 5, 131072 bytes, linear)
[    1.215952] TCP bind hash table entries: 16384 (order: 8, 1179648 bytes, linear)
[    1.221881] TCP: Hash tables configured (established 16384 bind 16384)
[    1.224136] UDP hash table entries: 1024 (order: 5, 163840 bytes, linear)
[    1.226262] UDP-Lite hash table entries: 1024 (order: 5, 163840 bytes, linear)
[    1.228602] NET: Registered PF_UNIX/PF_LOCAL protocol family
[    1.231065] RPC: Registered named UNIX socket transport module.
[    1.232830] RPC: Registered udp transport module.
[    1.234314] RPC: Registered tcp transport module.
[    1.235709] RPC: Registered tcp NFSv4.1 backchannel transport module.
[    1.237767] pci_bus 0000:00: resource 4 [io  0x0000-0x0cf7 window]
[    1.239607] pci_bus 0000:00: resource 5 [io  0x0d00-0xffff window]
[    1.241418] pci_bus 0000:00: resource 6 [mem 0x000a0000-0x000bffff window]
[    1.243505] pci_bus 0000:00: resource 7 [mem 0x80000000-0xfebfffff window]
[    1.245514] pci_bus 0000:00: resource 8 [mem 0x100000000-0x17fffffff window]
[    1.248264] pci 0000:00:01.0: PIIX3: Enabling Passive Release
[    1.250062] pci 0000:00:00.0: Limiting direct PCI/PCI transfers
[    1.251842] pci 0000:00:01.0: Activating ISA DMA hang workarounds
[    1.253879] PCI: CLS 0 bytes, default 64
[    1.255575] ACPI: bus type thunderbolt registered
[    1.257404] clocksource: tsc: mask: 0xffffffffffffffff max_cycles: 0xb9fb05486c, max_idle_ns: 440795231721 ns
[    5.360591] Initialise system trusted keyrings
[    5.361974] Key type blacklist registered
[    5.363542] workingset: timestamp_bits=36 max_order=19 bucket_order=0
[    5.381904] zbud: loaded
[    5.385670] squashfs: version 4.0 (2009/01/31) Phillip Lougher
[    5.390108] NFS: Registering the id_resolver key type
[    5.391647] Key type id_resolver registered
[    5.392902] Key type id_legacy registered
[    5.394352] nfs4filelayout_init: NFSv4 File Layout Driver Registering...
[    5.396336] nfs4flexfilelayout_init: NFSv4 Flexfile Layout Driver Registering...
[    5.399072] fuse: init (API version 7.36)
[    5.400891] SGI XFS with ACLs, security attributes, realtime, quota, no debug enabled
[    5.406824] 9p: Installing v9fs 9p2000 file system support
[    5.418269] Key type asymmetric registered
[    5.419491] Asymmetric key parser 'x509' registered
[    5.424748] alg: self-tests for CTR-KDF (hmac(sha256)) passed
[    5.426371] Block layer SCSI generic (bsg) driver version 0.4 loaded (major 243)
[    5.428724] io scheduler mq-deadline registered
[    5.430389] io scheduler bfq registered
[    5.433614] shpchp: Standard Hot Plug PCI Controller Driver version: 0.4
[    5.436234] IPMI message handler: version 39.2
[    5.437505] ipmi device interface
[    5.441255] input: Power Button as /devices/LNXSYSTM:00/LNXPWRBN:00/input/input0
[    5.444094] ACPI: button: Power Button [PWRF]
[    5.447346] ERST DBG: ERST support is disabled.
[    5.449669] Serial: 8250/16550 driver, 32 ports, IRQ sharing enabled
[    5.452504] 00:04: ttyS0 at I/O 0x3f8 (irq = 4, base_baud = 115200) is a 16550A
[    5.513560] Linux agpgart interface v0.103
[    5.516927] ACPI: bus type drm_connector registered
[    5.539514] brd: module loaded
[    5.552295] loop: module loaded
[    5.562476] scsi host0: ata_piix
[    5.564960] scsi host1: ata_piix
[    5.566348] ata1: PATA max MWDMA2 cmd 0x1f0 ctl 0x3f6 bmdma 0xc040 irq 14
[    5.568299] ata2: PATA max MWDMA2 cmd 0x170 ctl 0x376 bmdma 0xc048 irq 15
[    5.573294] tun: Universal TUN/TAP device driver, 1.6
[    5.575056] e100: Intel(R) PRO/100 Network Driver
[    5.576228] e100: Copyright(c) 1999-2006 Intel Corporation
[    5.577739] e1000: Intel(R) PRO/1000 Network Driver
[    5.578954] e1000: Copyright (c) 1999-2006 Intel Corporation.
[    5.730106] ata2: found unknown device (class 0)
[    5.732170] ata1: found unknown device (class 0)
[    5.734284] ata2.00: ATAPI: QEMU DVD-ROM, 2.5+, max UDMA/100
[    5.736564] ata1.00: ATA-7: QEMU HARDDISK, 2.5+, max UDMA/100
[    5.738042] ata1.00: 16777216 sectors, multi 16: LBA48 
[    5.742539] scsi 0:0:0:0: Direct-Access     ATA      QEMU HARDDISK    2.5+ PQ: 0 ANSI: 5
[    5.746515] scsi 0:0:0:0: Attached scsi generic sg0 type 0
[    5.749423] scsi 1:0:0:0: CD-ROM            QEMU     QEMU DVD-ROM     2.5+ PQ: 0 ANSI: 5
[    5.754040] scsi 1:0:0:0: Attached scsi generic sg1 type 5
[    5.756168] sd 0:0:0:0: [sda] 16777216 512-byte logical blocks: (8.59 GB/8.00 GiB)
[    5.758536] sd 0:0:0:0: [sda] Write Protect is off
[    5.760092] sd 0:0:0:0: [sda] Write cache: enabled, read cache: enabled, doesn't support DPO or FUA
[    5.798141] sd 0:0:0:0: [sda] Attached SCSI disk
[    5.867020] ACPI: \_SB_.LNKC: Enabled at IRQ 11
[    6.274983] e1000 0000:00:03.0 eth0: (PCI:33MHz:32-bit) 52:54:00:12:34:56
[    6.276821] e1000 0000:00:03.0 eth0: Intel(R) PRO/1000 Network Connection
[    6.278864] e1000e: Intel(R) PRO/1000 Network Driver
[    6.280119] e1000e: Copyright(c) 1999 - 2015 Intel Corporation.
[    6.281808] igb: Intel(R) Gigabit Ethernet Network Driver
[    6.283158] igb: Copyright (c) 2007-2014 Intel Corporation.
[    6.284766] PPP generic driver version 2.4.2
[    6.286989] VFIO - User Level meta-driver version: 0.3
[    6.288367] ehci_hcd: USB 2.0 'Enhanced' Host Controller (EHCI) Driver
[    6.290075] ehci-pci: EHCI PCI platform driver
[    6.291258] ehci-platform: EHCI generic platform driver
[    6.292611] ohci_hcd: USB 1.1 'Open' Host Controller (OHCI) Driver
[    6.294208] ohci-pci: OHCI PCI platform driver
[    6.295385] ohci-platform: OHCI generic platform driver
[    6.296770] uhci_hcd: USB Universal Host Controller Interface driver
[    6.299228] usbcore: registered new interface driver uas
[    6.301262] usbcore: registered new interface driver usb-storage
[    6.303697] i8042: PNP: PS/2 Controller [PNP0303:KBD,PNP0f13:MOU] at 0x60,0x64 irq 1,12
[    6.308719] serio: i8042 KBD port at 0x60,0x64 irq 1
[    6.310663] serio: i8042 AUX port at 0x60,0x64 irq 12
[    6.314012] mousedev: PS/2 mouse device common for all mice
[    6.318310] input: AT Translated Set 2 keyboard as /devices/platform/i8042/serio0/input/input1
[    6.322292] rtc_cmos 00:05: RTC can wake from S4
[    6.324152] input: VirtualPS/2 VMware VMMouse as /devices/platform/i8042/serio1/input/input4
[    6.327129] rtc_cmos 00:05: registered as rtc0
[    6.328388] input: VirtualPS/2 VMware VMMouse as /devices/platform/i8042/serio1/input/input3
[    6.328727] rtc_cmos 00:05: setting system clock to 2023-03-19T13:10:33 UTC (1679231433)
[    6.332997] rtc_cmos 00:05: alarms up to one day, y3k, 242 bytes nvram, hpet irqs
[    6.334991] i2c_dev: i2c /dev entries driver
[    6.336472] device-mapper: core: CONFIG_IMA_DISABLE_HTABLE is disabled. Duplicate IMA measurements will not be recorded in the IMA log.
[    6.339758] device-mapper: uevent: version 1.0.3
[    6.341729] device-mapper: ioctl: 4.45.0-ioctl (2021-03-22) initialised: dm-devel@redhat.com
[    6.343808] intel_pstate: CPU model not supported
[    6.345205] sdhci: Secure Digital Host Controller Interface driver
[    6.346777] sdhci: Copyright(c) Pierre Ossman
[    6.348038] sdhci-pltfm: SDHCI platform and OF driver helper
[    6.349571] ledtrig-cpu: registered to indicate activity on CPUs
[    6.351644] drop_monitor: Initializing network drop monitor service
[    6.354239] NET: Registered PF_INET6 protocol family
[    6.359572] Segment Routing with IPv6
[    6.360567] In-situ OAM (IOAM) with IPv6
[    6.361623] NET: Registered PF_PACKET protocol family
[    6.363524] 9pnet: Installing 9P2000 support
[    6.364722] Key type dns_resolver registered
[    6.367440] IPI shorthand broadcast: enabled
[    6.368604] sched_clock: Marking stable (6313850532, 53161516)->(6416994658, -49982610)
[    6.371804] registered taskstats version 1
[    6.373074] Loading compiled-in X.509 certificates
[    6.374886] zswap: loaded using pool lzo/zbud
[    6.377885] Key type ._fscrypt registered
[    6.378922] Key type .fscrypt registered
[    6.379891] Key type fscrypt-provisioning registered
[    6.383524] Key type encrypted registered
[    6.384607] ima: No TPM chip found, activating TPM-bypass!
[    6.386048] ima: Allocated hash algorithm: sha1
[    6.387253] ima: No architecture policies found
[    6.388513] evm: Initialising EVM extended attributes:
[    6.389847] evm: security.selinux
[    6.390690] evm: security.SMACK64
[    6.391535] evm: security.SMACK64EXEC
[    6.392458] evm: security.SMACK64TRANSMUTE
[    6.393488] evm: security.SMACK64MMAP
[    6.394448] evm: security.apparmor
[    6.395308] evm: security.ima
[    6.396060] evm: security.capability
[    6.396958] evm: HMAC attrs: 0x1
[    6.412052] PM:   Magic number: 15:403:180
[    6.414596] RAS: Correctable Errors collector initialized.
[    6.418520] md: Waiting for all devices to be available before autodetect
[    6.420219] md: If you don't use raid, use raid=noautodetect
[    6.421637] md: Autodetecting RAID arrays.
[    6.422727] md: autorun ...
[    6.423446] md: ... autorun DONE.
[    6.434888] EXT4-fs (sda): mounted filesystem with ordered data mode. Quota mode: none.
[    6.437074] VFS: Mounted root (ext4 filesystem) readonly on device 8:0.
[    6.441724] devtmpfs: mounted
[    6.452712] Freeing unused decrypted memory: 2036K
[    6.456369] Freeing unused kernel image (initmem) memory: 3180K
[    6.458113] Write protecting the kernel read-only data: 43008k
[    6.464555] Freeing unused kernel image (text/rodata gap) memory: 2028K
[    6.466750] Freeing unused kernel image (rodata/data gap) memory: 276K
[    6.606752] x86/mm: Checked W+X mappings: passed, no W+X pages found.
[    6.608740] Run /sbin/init as init process
[    6.746480] random: fast init done
[    6.804897] systemd[1]: RTC configured in localtime, applying delta of 0 minutes to system time.
[    6.867164] systemd[1]: systemd 239 (239-49.el8) running in system mode. (+PAM +AUDIT +SELINUX +IMA -APPARMOR +SMACK +SYSVINIT +UTMP +LIBCRYPTSETUP +GCRYPT +GNUTLS +ACL +XZ +LZ4 +SECCOMP +BLKID +ELFUTILS +KMOD +IDN2 -IDN +PCRE2 default-hierarchy=legacy)
[    6.874171] systemd[1]: Detected virtualization kvm.
[    6.875679] systemd[1]: Detected architecture x86-64.

Welcome to [0;31mCentOS Stream 8[0m!

[    6.904205] systemd[1]: Set hostname to <test>.
[    7.150735] random: lvmconfig: uninitialized urandom read (4 bytes read)
[    7.320303] random: systemd: uninitialized urandom read (16 bytes read)
[    7.327013] systemd[1]: Created slice system-getty.slice.
[[0;32m  OK  [0m] Created slice system-getty.slice.
[    7.330306] random: systemd: uninitialized urandom read (16 bytes read)
[    7.332555] systemd[1]: Listening on multipathd control socket.
[[0;32m  OK  [0m] Listening on multipathd control socket.
[    7.336658] systemd[1]: Set up automount Arbitrary Executable File Formats File System Automount Point.
[[0;32m  OK  [0m] Set up automount Arbitrary Executabâ€¦rmats File System Automount Point.
[    7.341957] systemd[1]: Listening on udev Control Socket.
[[0;32m  OK  [0m] Listening on udev Control Socket.
[    7.345186] systemd[1]: Listening on Journal Socket (/dev/log).
[[0;32m  OK  [0m] Listening on Journal Socket (/dev/log).
[    7.348399] systemd[1]: Listening on initctl Compatibility Named Pipe.
[[0;32m  OK  [0m] Listening on initctl Compatibility Named Pipe.
[[0;32m  OK  [0m] Listening on Journal Socket.
         Mounting Kernel Debug File System...
         Starting Setup Virtual Console...
         Starting Journal Service...
         Starting Remount Root and Kernel File Systems...
         Mounting Huge Pages File System...
[[0;32m  OK  [0m] Listening on Process Core Dump Socket.
[[0;32m  OK  [0m] Reached target Swap.
[[0;32m  OK  [0m] Started Forward Password Requests to Wall Directory Watch.
[    7.682068] EXT4-fs (sda): re-mounted. Quota mode: none.
[[0;32m  OK  [0m] Listening on udev Kernel Socket.
[[0;32m  OK  [0m] Created slice User and Session Slice.
         Mounting POSIX Message Queue File System...
[[0;32m  OK  [0m] Listening on Device-mapper event daemon FIFOs.
         Starting Monitoring of LVM2 mirrorsâ€¦ng dmeventd or progress polling...
[[0;32m  OK  [0m] Listening on LVM2 poll daemon socket.
[[0;32m  OK  [0m] Listening on RPCbind Server Activation Socket.
[[0;32m  OK  [0m] Reached target RPC Port Mapper.
[[0;32m  OK  [0m] Created slice system-sshd\x2dkeygen.slice.
         Starting Load Kernel Modules...
[[0;32m  OK  [0m] Created slice system-serial\x2dgetty.slice.
         Starting udev Coldplug all Devices...
[[0;32m  OK  [0m] Reached target Slices.
[[0;32m  OK  [0m] Started Journal Service.
[[0;32m  OK  [0m] Mounted Kernel Debug File System.
[[0;32m  OK  [0m] Started Remount Root and Kernel File Systems.
[[0;32m  OK  [0m] Mounted Huge Pages File System.
[[0;32m  OK  [0m] Mounted POSIX Message Queue File System.
[[0;1;31mFAILED[0m] Failed to start Load Kernel Modules.
See 'systemctl status systemd-modules-load.service' for details.
[[0;32m  OK  [0m] Started Setup Virtual Console.
         Starting Apply Kernel Variables...
         Mounting FUSE Control File System...
         Mounting Kernel Configuration File System...
         Starting Create Static Device Nodes in /dev...
         Starting Load/Save Random Seed...
         Starting Flush Journal to Persistent Storage...
[[0;32m  OK  [0m] Started Apply Kernel Variables.
[[0;32m  OK  [0m] Mounted FUSE Control File System.
[[0;32m  OK  [0m] Mounted Kernel Configuration File System.
[[0;32m  OK  [0m] Started Create Static Device Nodes in /dev.
[[0;32m  OK  [0m] Started Load/Save Random Seed.
         Starting udev Kernel Device Manager...
[[0;32m  OK  [0m] Started Flush Journal to Persistent Storage.
[[0;32m  OK  [0m] Started udev Coldplug all Devices.
         Starting udev Wait for Complete Device Initialization...
[[0;32m  OK  [0m] Started udev Kernel Device Manager.
         Starting Show Plymouth Boot Screen...
[[0;32m  OK  [0m] Started Show Plymouth Boot Screen.
[[0;32m  OK  [0m] Started Forward Password Requests to Plymouth Directory Watch.
[[0;32m  OK  [0m] Reached target Local Encrypted Volumes.
[[0;32m  OK  [0m] Reached target Paths.
[[0;32m  OK  [0m] Started Monitoring of LVM2 mirrors,â€¦sing dmeventd or progress polling.
[[0;32m  OK  [0m] Found device /dev/ttyS0.
[[0;32m  OK  [0m] Listening on Load/Save RF Kill Switch Status /dev/rfkill Watch.
[[0;32m  OK  [0m] Started udev Wait for Complete Device Initialization.
[[0;32m  OK  [0m] Reached target Local File Systems (Pre).
[[0;32m  OK  [0m] Reached target Local File Systems.
         Starting Create Volatile Files and Directories...
         Starting Tell Plymouth To Write Out Runtime Data...
         Starting Restore /run/initramfs on shutdown...
[[0;32m  OK  [0m] Started Create Volatile Files and Directories.
[[0;32m  OK  [0m] Started Tell Plymouth To Write Out Runtime Data.
[[0;32m  OK  [0m] Started Restore /run/initramfs on shutdown.
         Starting RPC Bind...
         Starting Security Auditing Service...
         Mounting RPC Pipe File System...
[[0;32m  OK  [0m] Mounted RPC Pipe File System.
[[0;32m  OK  [0m] Reached target rpc_pipefs.target.
[[0;32m  OK  [0m] Started RPC Bind.
[[0;32m  OK  [0m] Started Security Auditing Service.
         Starting Update UTMP about System Boot/Shutdown...
[[0;32m  OK  [0m] Started Update UTMP about System Boot/Shutdown.
[[0;32m  OK  [0m] Reached target System Initialization.
[[0;32m  OK  [0m] Listening on SSSD Kerberos Cache Manager responder socket.
[[0;32m  OK  [0m] Started Daily Cleanup of Temporary Directories.
[[0;32m  OK  [0m] Started daily update of the root trust anchor for DNSSEC.
[[0;32m  OK  [0m] Listening on D-Bus System Message Bus Socket.
[[0;32m  OK  [0m] Reached target Sockets.
[[0;32m  OK  [0m] Reached target Basic System.
         Starting Self Monitoring and Reporting Technology (SMART) Daemon...
         Starting NTP client/server...
[[0;32m  OK  [0m] Reached target sshd-keygen.target.
[[0;32m  OK  [0m] Started Machine Check Exception Logging Daemon.
         Starting Auto-connect to subsystemsâ€¦-NVME devices found during boot...
[[0;32m  OK  [0m] Started irqbalance daemon.
[[0;32m  OK  [0m] Started D-Bus System Message Bus.
         Starting Network Manager...
         Starting Login Service...
         Starting Authorization Manager...
[[0;32m  OK  [0m] Started dnf makecache --timer.
[[0;32m  OK  [0m] Reached target Timers.
[[0;32m  OK  [0m] Started Auto-connect to subsystems â€¦FC-NVME devices found during boot.
[[0;32m  OK  [0m] Started Self Monitoring and Reporting Technology (SMART) Daemon.
         Starting update of the root trust aâ€¦or DNSSEC validation in unbound...
[[0;32m  OK  [0m] Started Login Service.
[[0;32m  OK  [0m] Started NTP client/server.
[[0;32m  OK  [0m] Started Network Manager.
[[0;32m  OK  [0m] Reached target Network.
[   10.522092] random: crng init done
[   10.523005] random: 7 urandom warning(s) missed due to ratelimiting
         Starting Dynamic System Tuning Daemon...
         Starting OpenSSH server daemon...
         Starting GSSAPI Proxy Daemon...
         Starting Network Manager Wait Online...
[[0;32m  OK  [0m] Started update of the root trust anâ€¦ for DNSSEC validation in unbound.
         Starting Hostname Service...
[[0;32m  OK  [0m] Started OpenSSH server daemon.
[[0;32m  OK  [0m] Started GSSAPI Proxy Daemon.
[[0;32m  OK  [0m] Reached target NFS client services.
[[0;32m  OK  [0m] Reached target Remote File Systems (Pre).
[[0;32m  OK  [0m] Reached target Remote File Systems.
         Starting Permit User Sessions...
[[0;32m  OK  [0m] Started Authorization Manager.
[[0;32m  OK  [0m] Started Permit User Sessions.
         Starting Hold until boot process finishes up...
         Starting Terminate Plymouth Boot Screen...
[[0;32m  OK  [0m] Started Command Scheduler.
[[0;32m  OK  [0m] Started Hold until boot process finishes up.
[[0;32m  OK  [0m] Started Terminate Plymouth Boot Screen.
[   11.240990] e1000: eth0 NIC Link is Up 1000 Mbps Full Duplex, Flow Control: RX
[   11.243869] IPv6: ADDRCONF(NETDEV_CHANGE): eth0: link becomes ready
[   11.656711] Spectre V2 : WARNING: Unprivileged eBPF is enabled with eIBRS on, data leaks possible via Spectre v2 BHB attacks!
[   11.660550] Spectre V2 : WARNING: Unprivileged eBPF is enabled with eIBRS on, data leaks possible via Spectre v2 BHB attacks!

CentOS Stream 8
Kernel 5.17.0-rc8-e243f39685af+ on an x86_64

test login: [   29.680532] loop0: detected capacity change from 0 to 65536
[   29.688530] XFS (loop0): Mounting V5 Filesystem
[   29.718184] XFS (loop0): Ending clean mount
[   29.727164] XFS (loop0): Quotacheck needed: Please wait.
[   29.742043] XFS (loop0): Quotacheck: Done.
[   29.853017] XFS (loop0): Metadata CRC error detected at xfs_agf_read_verify+0x102/0x130, xfs_agf block 0x8001 
[   29.856048] XFS (loop0): Unmount and run xfs_repair
[   29.857269] XFS (loop0): First 128 bytes of corrupted metadata buffer:
[   29.858965] 00000000: 58 41 47 46 00 00 00 01 00 00 00 01 00 00 40 00  XAGF..........@.
[   29.860951] 00000010: 00 00 00 02 00 00 00 03 00 00 00 00 00 00 00 01  ................
[   29.862984] 00000020: 00 00 00 01 00 00 00 00 00 00 00 01 00 00 00 04  ................
[   29.864939] 00000030: 00 00 00 04 00 00 3b 5f 00 00 3b 5c 00 00 00 00  ......;_..;\....
[   29.866956] 00000040: d6 f6 9d bd 8c 5d 46 be b8 8e 92 c0 ae 88 ce b2  .....]F.........
[   29.868931] 00000050: 00 00 00 00 00 00 00 00 00 00 00 00 00 00 00 00  ................
[   29.870963] 00000060: 00 00 00 00 00 00 00 00 00 00 00 00 00 00 00 00  ................
[   29.872940] 00000070: 00 00 00 00 00 00 00 00 00 00 00 00 00 00 00 00  ................
[   29.875179] XFS (loop0): metadata I/O error in "xfs_read_agf+0xcb/0x280" at daddr 0x8001 len 1 error 74
[   29.877892] XFS (loop0): page discard on page 000000005690f867, inode 0x46, pos 0.
[   29.967191] XFS (loop0): Metadata CRC error detected at xfs_agf_read_verify+0x102/0x130, xfs_agf block 0x8001 
[   29.969899] XFS (loop0): Unmount and run xfs_repair
[   29.971130] XFS (loop0): First 128 bytes of corrupted metadata buffer:
[   29.972743] 00000000: 58 41 47 46 00 00 00 01 00 00 00 01 00 00 40 00  XAGF..........@.
[   29.974780] 00000010: 00 00 00 02 00 00 00 03 00 00 00 00 00 00 00 01  ................
[   29.976745] 00000020: 00 00 00 01 00 00 00 00 00 00 00 01 00 00 00 04  ................
[   29.979454] 00000030: 00 00 00 04 00 00 3b 5f 00 00 3b 5c 00 00 00 00  ......;_..;\....
[   29.981428] 00000040: d6 f6 9d bd 8c 5d 46 be b8 8e 92 c0 ae 88 ce b2  .....]F.........
[   29.983461] 00000050: 00 00 00 00 00 00 00 00 00 00 00 00 00 00 00 00  ................
[   29.985429] 00000060: 00 00 00 00 00 00 00 00 00 00 00 00 00 00 00 00  ................
[   29.987451] 00000070: 00 00 00 00 00 00 00 00 00 00 00 00 00 00 00 00  ................
[   29.989475] XFS (loop0): metadata I/O error in "xfs_read_agf+0xcb/0x280" at daddr 0x8001 len 1 error 74
[   29.992270] XFS (loop0): page discard on page 00000000bf9e4ce9, inode 0x46, pos 16724992.
[   29.998802] XFS (loop0): Metadata CRC error detected at xfs_agf_read_verify+0x102/0x130, xfs_agf block 0x8001 
[   30.001328] XFS (loop0): Unmount and run xfs_repair
[   30.002658] XFS (loop0): First 128 bytes of corrupted metadata buffer:
[   30.004262] 00000000: 58 41 47 46 00 00 00 01 00 00 00 01 00 00 40 00  XAGF..........@.
[   30.006273] 00000010: 00 00 00 02 00 00 00 03 00 00 00 00 00 00 00 01  ................
[   30.008226] 00000020: 00 00 00 01 00 00 00 00 00 00 00 01 00 00 00 04  ................
[   30.009905] loop0: writeback error on inode 70, offset 16715776, sector 44
[   30.010254] 00000030: 00 00 00 04 00 00 3b 5f 00 00 3b 5c 00 00 00 00  ......;_..;\....
[   30.014080] 00000040: d6 f6 9d bd 8c 5d 46 be b8 8e 92 c0 ae 88 ce b2  .....]F.........
[   30.016107] 00000050: 00 00 00 00 00 00 00 00 00 00 00 00 00 00 00 00  ................
[   30.018179] 00000060: 00 00 00 00 00 00 00 00 00 00 00 00 00 00 00 00  ................
[   30.020162] 00000070: 00 00 00 00 00 00 00 00 00 00 00 00 00 00 00 00  ................
[   30.022230] XFS (loop0): metadata I/O error in "xfs_read_agf+0xcb/0x280" at daddr 0x8001 len 1 error 74
[   30.024630] XFS (loop0): page discard on page 0000000021ae18e1, inode 0x46, pos 16728064.
[   30.027085] XFS (loop0): Metadata CRC error detected at xfs_agf_read_verify+0x102/0x130, xfs_agf block 0x8001 
[   30.029627] XFS (loop0): Unmount and run xfs_repair
[   30.030926] XFS (loop0): First 128 bytes of corrupted metadata buffer:
[   30.032545] 00000000: 58 41 47 46 00 00 00 01 00 00 00 01 00 00 40 00  XAGF..........@.
[   30.034590] 00000010: 00 00 00 02 00 00 00 03 00 00 00 00 00 00 00 01  ................
[   30.036563] 00000020: 00 00 00 01 00 00 00 00 00 00 00 01 00 00 00 04  ................
[   30.038621] 00000030: 00 00 00 04 00 00 3b 5f 00 00 3b 5c 00 00 00 00  ......;_..;\....
[   30.040604] 00000040: d6 f6 9d bd 8c 5d 46 be b8 8e 92 c0 ae 88 ce b2  .....]F.........
[   30.042647] 00000050: 00 00 00 00 00 00 00 00 00 00 00 00 00 00 00 00  ................
[   30.044625] 00000060: 00 00 00 00 00 00 00 00 00 00 00 00 00 00 00 00  ................
[   30.046683] 00000070: 00 00 00 00 00 00 00 00 00 00 00 00 00 00 00 00  ................
[   30.048704] XFS (loop0): metadata I/O error in "xfs_read_agf+0xcb/0x280" at daddr 0x8001 len 1 error 74
[   30.051184] XFS (loop0): page discard on page 00000000c6c68293, inode 0x46, pos 16732160.
[   30.053551] XFS (loop0): Metadata CRC error detected at xfs_agf_read_verify+0x102/0x130, xfs_agf block 0x8001 
[   30.056212] XFS (loop0): Unmount and run xfs_repair
[   30.057436] XFS (loop0): First 128 bytes of corrupted metadata buffer:
[   30.059180] 00000000: 58 41 47 46 00 00 00 01 00 00 00 01 00 00 40 00  XAGF..........@.
[   30.061117] 00000010: 00 00 00 02 00 00 00 03 00 00 00 00 00 00 00 01  ................
[   30.063149] 00000020: 00 00 00 01 00 00 00 00 00 00 00 01 00 00 00 04  ................
[   30.065111] 00000030: 00 00 00 04 00 00 3b 5f 00 00 3b 5c 00 00 00 00  ......;_..;\....
[   30.067132] 00000040: d6 f6 9d bd 8c 5d 46 be b8 8e 92 c0 ae 88 ce b2  .....]F.........
[   30.069091] 00000050: 00 00 00 00 00 00 00 00 00 00 00 00 00 00 00 00  ................
[   30.071122] 00000060: 00 00 00 00 00 00 00 00 00 00 00 00 00 00 00 00  ................
[   30.073084] 00000070: 00 00 00 00 00 00 00 00 00 00 00 00 00 00 00 00  ................
[   30.075227] XFS (loop0): metadata I/O error in "xfs_read_agf+0xcb/0x280" at daddr 0x8001 len 1 error 74
[   30.077682] XFS (loop0): page discard on page 00000000f3cace97, inode 0x46, pos 16736256.
[   30.080053] XFS (loop0): Metadata CRC error detected at xfs_agf_read_verify+0x102/0x130, xfs_agf block 0x8001 
[   30.082640] XFS (loop0): Unmount and run xfs_repair
[   30.083869] XFS (loop0): First 128 bytes of corrupted metadata buffer:
[   30.085489] 00000000: 58 41 47 46 00 00 00 01 00 00 00 01 00 00 40 00  XAGF..........@.
[   30.087526] 00000010: 00 00 00 02 00 00 00 03 00 00 00 00 00 00 00 01  ................
[   30.089505] 00000020: 00 00 00 01 00 00 00 00 00 00 00 01 00 00 00 04  ................
[   30.091534] 00000030: 00 00 00 04 00 00 3b 5f 00 00 3b 5c 00 00 00 00  ......;_..;\....
[   30.093519] 00000040: d6 f6 9d bd 8c 5d 46 be b8 8e 92 c0 ae 88 ce b2  .....]F.........
[   30.095559] 00000050: 00 00 00 00 00 00 00 00 00 00 00 00 00 00 00 00  ................
[   30.097535] 00000060: 00 00 00 00 00 00 00 00 00 00 00 00 00 00 00 00  ................
[   30.099565] 00000070: 00 00 00 00 00 00 00 00 00 00 00 00 00 00 00 00  ................
[   30.101570] XFS (loop0): metadata I/O error in "xfs_read_agf+0xcb/0x280" at daddr 0x8001 len 1 error 74
[   30.104013] XFS (loop0): page discard on page 00000000ef10e78b, inode 0x46, pos 16740352.
[   30.106442] XFS (loop0): Metadata CRC error detected at xfs_agf_read_verify+0x102/0x130, xfs_agf block 0x8001 
[   30.108986] XFS (loop0): Unmount and run xfs_repair
[   30.110298] XFS (loop0): First 128 bytes of corrupted metadata buffer:
[   30.111920] 00000000: 58 41 47 46 00 00 00 01 00 00 00 01 00 00 40 00  XAGF..........@.
[   30.113978] 00000010: 00 00 00 02 00 00 00 03 00 00 00 00 00 00 00 01  ................
[   30.115949] 00000020: 00 00 00 01 00 00 00 00 00 00 00 01 00 00 00 04  ................
[   30.117994] 00000030: 00 00 00 04 00 00 3b 5f 00 00 3b 5c 00 00 00 00  ......;_..;\....
[   30.119961] 00000040: d6 f6 9d bd 8c 5d 46 be b8 8e 92 c0 ae 88 ce b2  .....]F.........
[   30.122017] 00000050: 00 00 00 00 00 00 00 00 00 00 00 00 00 00 00 00  ................
[   30.123983] 00000060: 00 00 00 00 00 00 00 00 00 00 00 00 00 00 00 00  ................
[   30.126019] 00000070: 00 00 00 00 00 00 00 00 00 00 00 00 00 00 00 00  ................
[   30.128094] XFS (loop0): metadata I/O error in "xfs_read_agf+0xcb/0x280" at daddr 0x8001 len 1 error 74
[   30.130648] XFS (loop0): page discard on page 0000000055e261e2, inode 0x46, pos 16744448.
[   30.133013] XFS (loop0): Metadata CRC error detected at xfs_agf_read_verify+0x102/0x130, xfs_agf block 0x8001 
[   30.135600] XFS (loop0): Unmount and run xfs_repair
[   30.136814] XFS (loop0): First 128 bytes of corrupted metadata buffer:
[   30.138489] 00000000: 58 41 47 46 00 00 00 01 00 00 00 01 00 00 40 00  XAGF..........@.
[   30.140457] 00000010: 00 00 00 02 00 00 00 03 00 00 00 00 00 00 00 01  ................
[   30.142474] 00000020: 00 00 00 01 00 00 00 00 00 00 00 01 00 00 00 04  ................
[   30.144434] 00000030: 00 00 00 04 00 00 3b 5f 00 00 3b 5c 00 00 00 00  ......;_..;\....
[   30.146452] 00000040: d6 f6 9d bd 8c 5d 46 be b8 8e 92 c0 ae 88 ce b2  .....]F.........
[   30.148414] 00000050: 00 00 00 00 00 00 00 00 00 00 00 00 00 00 00 00  ................
[   30.150429] 00000060: 00 00 00 00 00 00 00 00 00 00 00 00 00 00 00 00  ................
[   30.152396] 00000070: 00 00 00 00 00 00 00 00 00 00 00 00 00 00 00 00  ................
[   30.154612] XFS (loop0): metadata I/O error in "xfs_read_agf+0xcb/0x280" at daddr 0x8001 len 1 error 74
[   30.157090] XFS (loop0): page discard on page 000000008be137d1, inode 0x46, pos 16748544.
[   30.159587] XFS (loop0): Metadata CRC error detected at xfs_agf_read_verify+0x102/0x130, xfs_agf block 0x8001 
[   30.162170] XFS (loop0): Unmount and run xfs_repair
[   30.163388] XFS (loop0): First 128 bytes of corrupted metadata buffer:
[   30.164989] 00000000: 58 41 47 46 00 00 00 01 00 00 00 01 00 00 40 00  XAGF..........@.
[   30.167007] 00000010: 00 00 00 02 00 00 00 03 00 00 00 00 00 00 00 01  ................
[   30.168966] 00000020: 00 00 00 01 00 00 00 00 00 00 00 01 00 00 00 04  ................
[   30.171333] 00000030: 00 00 00 04 00 00 3b 5f 00 00 3b 5c 00 00 00 00  ......;_..;\....
[   30.173574] 00000040: d6 f6 9d bd 8c 5d 46 be b8 8e 92 c0 ae 88 ce b2  .....]F.........
[   30.175868] 00000050: 00 00 00 00 00 00 00 00 00 00 00 00 00 00 00 00  ................
[   30.178340] 00000060: 00 00 00 00 00 00 00 00 00 00 00 00 00 00 00 00  ................
[   30.180560] 00000070: 00 00 00 00 00 00 00 00 00 00 00 00 00 00 00 00  ................
[   30.183052] XFS (loop0): metadata I/O error in "xfs_read_agf+0xcb/0x280" at daddr 0x8001 len 1 error 74
[   30.185523] XFS (loop0): page discard on page 000000000bcfa76e, inode 0x46, pos 16752640.
[   30.188037] XFS (loop0): Metadata CRC error detected at xfs_agf_read_verify+0x102/0x130, xfs_agf block 0x8001 
[   30.191015] XFS (loop0): Unmount and run xfs_repair
[   30.192388] XFS (loop0): First 128 bytes of corrupted metadata buffer:
[   30.194282] 00000000: 58 41 47 46 00 00 00 01 00 00 00 01 00 00 40 00  XAGF..........@.
[   30.196492] 00000010: 00 00 00 02 00 00 00 03 00 00 00 00 00 00 00 01  ................
[   30.198755] 00000020: 00 00 00 01 00 00 00 00 00 00 00 01 00 00 00 04  ................
[   30.200983] 00000030: 00 00 00 04 00 00 3b 5f 00 00 3b 5c 00 00 00 00  ......;_..;\....
[   30.203271] 00000040: d6 f6 9d bd 8c 5d 46 be b8 8e 92 c0 ae 88 ce b2  .....]F.........
[   30.205487] 00000050: 00 00 00 00 00 00 00 00 00 00 00 00 00 00 00 00  ................
[   30.207742] 00000060: 00 00 00 00 00 00 00 00 00 00 00 00 00 00 00 00  ................
[   30.210047] 00000070: 00 00 00 00 00 00 00 00 00 00 00 00 00 00 00 00  ................
[   30.212489] XFS (loop0): metadata I/O error in "xfs_read_agf+0xcb/0x280" at daddr 0x8001 len 1 error 74
[   30.215083] XFS (loop0): page discard on page 00000000cc099215, inode 0x46, pos 16756736.
[   30.217583] XFS (loop0): Metadata CRC error detected at xfs_agf_read_verify+0x102/0x130, xfs_agf block 0x8001 
[   30.220557] XFS (loop0): Unmount and run xfs_repair
[   30.222015] XFS (loop0): First 128 bytes of corrupted metadata buffer:
[   30.223849] 00000000: 58 41 47 46 00 00 00 01 00 00 00 01 00 00 40 00  XAGF..........@.
[   30.226147] 00000010: 00 00 00 02 00 00 00 03 00 00 00 00 00 00 00 01  ................
[   30.228374] 00000020: 00 00 00 01 00 00 00 00 00 00 00 01 00 00 00 04  ................
[   30.230644] 00000030: 00 00 00 04 00 00 3b 5f 00 00 3b 5c 00 00 00 00  ......;_..;\....
[   30.233450] 00000040: d6 f6 9d bd 8c 5d 46 be b8 8e 92 c0 ae 88 ce b2  .....]F.........
[   30.236156] 00000050: 00 00 00 00 00 00 00 00 00 00 00 00 00 00 00 00  ................
[   30.238634] 00000060: 00 00 00 00 00 00 00 00 00 00 00 00 00 00 00 00  ................
[   30.240990] 00000070: 00 00 00 00 00 00 00 00 00 00 00 00 00 00 00 00  ................
[   30.243777] XFS (loop0): Metadata CRC error detected at xfs_agf_read_verify+0x102/0x130, xfs_agf block 0x8001 
[   30.246975] XFS (loop0): Unmount and run xfs_repair
[   30.248356] XFS (loop0): First 128 bytes of corrupted metadata buffer:
[   30.250428] 00000000: 58 41 47 46 00 00 00 01 00 00 00 01 00 00 40 00  XAGF..........@.
[   30.252951] 00000010: 00 00 00 02 00 00 00 03 00 00 00 00 00 00 00 01  ................
[   30.255398] 00000020: 00 00 00 01 00 00 00 00 00 00 00 01 00 00 00 04  ................
[   30.258145] 00000030: 00 00 00 04 00 00 3b 5f 00 00 3b 5c 00 00 00 00  ......;_..;\....
[   30.260879] 00000040: d6 f6 9d bd 8c 5d 46 be b8 8e 92 c0 ae 88 ce b2  .....]F.........
[   30.263536] 00000050: 00 00 00 00 00 00 00 00 00 00 00 00 00 00 00 00  ................
[   30.266027] 00000060: 00 00 00 00 00 00 00 00 00 00 00 00 00 00 00 00  ................
[   30.268446] 00000070: 00 00 00 00 00 00 00 00 00 00 00 00 00 00 00 00  ................
[   30.271168] XFS (loop0): Metadata CRC error detected at xfs_agf_read_verify+0x102/0x130, xfs_agf block 0x8001 
[   30.274299] XFS (loop0): Unmount and run xfs_repair
[   30.275707] XFS (loop0): First 128 bytes of corrupted metadata buffer:
[   30.277570] 00000000: 58 41 47 46 00 00 00 01 00 00 00 01 00 00 40 00  XAGF..........@.
[   30.279918] 00000010: 00 00 00 02 00 00 00 03 00 00 00 00 00 00 00 01  ................
[   30.282251] 00000020: 00 00 00 01 00 00 00 00 00 00 00 01 00 00 00 04  ................
[   30.284524] 00000030: 00 00 00 04 00 00 3b 5f 00 00 3b 5c 00 00 00 00  ......;_..;\....
[   30.286874] 00000040: d6 f6 9d bd 8c 5d 46 be b8 8e 92 c0 ae 88 ce b2  .....]F.........
[   30.289180] 00000050: 00 00 00 00 00 00 00 00 00 00 00 00 00 00 00 00  ................
[   30.291541] 00000060: 00 00 00 00 00 00 00 00 00 00 00 00 00 00 00 00  ................
[   30.293921] 00000070: 00 00 00 00 00 00 00 00 00 00 00 00 00 00 00 00  ................
[   30.310542] XFS (loop0): Unmounting Filesystem
[   30.737142] loop0: detected capacity change from 0 to 65536
[   30.742602] XFS (loop0): Mounting V5 Filesystem
[   30.751480] XFS (loop0): Ending clean mount
[   30.753262] XFS (loop0): Quotacheck needed: Please wait.
[   30.770129] XFS (loop0): Quotacheck: Done.
[   30.855441] XFS (loop0): Metadata CRC error detected at xfs_agf_read_verify+0x102/0x130, xfs_agf block 0x8001 
[   30.858213] XFS (loop0): Unmount and run xfs_repair
[   30.859460] XFS (loop0): First 128 bytes of corrupted metadata buffer:
[   30.861105] 00000000: 58 41 47 46 00 00 00 01 00 00 00 01 00 00 40 00  XAGF..........@.
[   30.863176] 00000010: 00 00 00 02 00 00 00 03 00 00 00 00 00 00 00 01  ................
[   30.865187] 00000020: 00 00 00 01 00 00 00 00 00 00 00 01 00 00 00 04  ................
[   30.867270] 00000030: 00 00 00 04 00 00 3b 5f 00 00 3b 5c 00 00 00 00  ......;_..;\....
[   30.869272] 00000040: d6 f6 9d bd 8c 5d 46 be b8 8e 92 c0 ae 88 ce b2  .....]F.........
[   30.871380] 00000050: 00 00 00 00 00 00 00 00 00 00 00 00 00 00 00 00  ................
[   30.873408] 00000060: 00 00 00 00 00 00 00 00 00 00 00 00 00 00 00 00  ................
[   30.875551] 00000070: 00 00 00 00 00 00 00 00 00 00 00 00 00 00 00 00  ................
[   30.877668] XFS (loop0): metadata I/O error in "xfs_read_agf+0xcb/0x280" at daddr 0x8001 len 1 error 74
[   30.945970] XFS (loop0): Metadata CRC error detected at xfs_agf_read_verify+0x102/0x130, xfs_agf block 0x8001 
[   30.949060] XFS (loop0): Unmount and run xfs_repair
[   30.950602] XFS (loop0): First 128 bytes of corrupted metadata buffer:
[   30.952518] 00000000: 58 41 47 46 00 00 00 01 00 00 00 01 00 00 40 00  XAGF..........@.
[   30.954911] 00000010: 00 00 00 02 00 00 00 03 00 00 00 00 00 00 00 01  ................
[   30.957240] 00000020: 00 00 00 01 00 00 00 00 00 00 00 01 00 00 00 04  ................
[   30.959590] 00000030: 00 00 00 04 00 00 3b 5f 00 00 3b 5c 00 00 00 00  ......;_..;\....
[   30.961941] 00000040: d6 f6 9d bd 8c 5d 46 be b8 8e 92 c0 ae 88 ce b2  .....]F.........
[   30.964257] 00000050: 00 00 00 00 00 00 00 00 00 00 00 00 00 00 00 00  ................
[   30.966667] 00000060: 00 00 00 00 00 00 00 00 00 00 00 00 00 00 00 00  ................
[   30.968996] 00000070: 00 00 00 00 00 00 00 00 00 00 00 00 00 00 00 00  ................
[   30.971411] XFS (loop0): metadata I/O error in "xfs_read_agf+0xcb/0x280" at daddr 0x8001 len 1 error 74
[   30.978254] XFS (loop0): Metadata CRC error detected at xfs_agf_read_verify+0x102/0x130, xfs_agf block 0x8001 
[   30.981917] XFS (loop0): Unmount and run xfs_repair
[   30.983614] XFS (loop0): First 128 bytes of corrupted metadata buffer:
[   30.983740] loop0: writeback error on inode 70, offset 16715776, sector 44
[   30.985949] 00000000: 58 41 47 46 00 00 00 01 00 00 00 01 00 00 40 00  XAGF..........@.
[   30.991169] 00000010: 00 00 00 02 00 00 00 03 00 00 00 00 00 00 00 01  ................
[   30.993830] 00000020: 00 00 00 01 00 00 00 00 00 00 00 01 00 00 00 04  ................
[   30.996199] 00000030: 00 00 00 04 00 00 3b 5f 00 00 3b 5c 00 00 00 00  ......;_..;\....
[   30.998619] 00000040: d6 f6 9d bd 8c 5d 46 be b8 8e 92 c0 ae 88 ce b2  .....]F.........
[   31.001813] 00000050: 00 00 00 00 00 00 00 00 00 00 00 00 00 00 00 00  ................
[   31.004715] 00000060: 00 00 00 00 00 00 00 00 00 00 00 00 00 00 00 00  ................
[   31.007286] 00000070: 00 00 00 00 00 00 00 00 00 00 00 00 00 00 00 00  ................
[   31.009750] XFS (loop0): metadata I/O error in "xfs_read_agf+0xcb/0x280" at daddr 0x8001 len 1 error 74
[   31.012809] XFS (loop0): Metadata CRC error detected at xfs_agf_read_verify+0x102/0x130, xfs_agf block 0x8001 
[   31.015830] XFS (loop0): Unmount and run xfs_repair
[   31.017273] XFS (loop0): First 128 bytes of corrupted metadata buffer:
[   31.019222] 00000000: 58 41 47 46 00 00 00 01 00 00 00 01 00 00 40 00  XAGF..........@.
[   31.021548] 00000010: 00 00 00 02 00 00 00 03 00 00 00 00 00 00 00 01  ................
[   31.023965] 00000020: 00 00 00 01 00 00 00 00 00 00 00 01 00 00 00 04  ................
[   31.026385] 00000030: 00 00 00 04 00 00 3b 5f 00 00 3b 5c 00 00 00 00  ......;_..;\....
[   31.028716] 00000040: d6 f6 9d bd 8c 5d 46 be b8 8e 92 c0 ae 88 ce b2  .....]F.........
[   31.031109] 00000050: 00 00 00 00 00 00 00 00 00 00 00 00 00 00 00 00  ................
[   31.033461] 00000060: 00 00 00 00 00 00 00 00 00 00 00 00 00 00 00 00  ................
[   31.035904] 00000070: 00 00 00 00 00 00 00 00 00 00 00 00 00 00 00 00  ................
[   31.038369] XFS (loop0): metadata I/O error in "xfs_read_agf+0xcb/0x280" at daddr 0x8001 len 1 error 74
[   31.041462] XFS (loop0): Metadata CRC error detected at xfs_agf_read_verify+0x102/0x130, xfs_agf block 0x8001 
[   31.044590] XFS (loop0): Unmount and run xfs_repair
[   31.046128] XFS (loop0): First 128 bytes of corrupted metadata buffer:
[   31.048071] 00000000: 58 41 47 46 00 00 00 01 00 00 00 01 00 00 40 00  XAGF..........@.
[   31.050497] 00000010: 00 00 00 02 00 00 00 03 00 00 00 00 00 00 00 01  ................
[   31.052856] 00000020: 00 00 00 01 00 00 00 00 00 00 00 01 00 00 00 04  ................
[   31.055257] 00000030: 00 00 00 04 00 00 3b 5f 00 00 3b 5c 00 00 00 00  ......;_..;\....
[   31.057600] 00000040: d6 f6 9d bd 8c 5d 46 be b8 8e 92 c0 ae 88 ce b2  .....]F.........
[   31.060000] 00000050: 00 00 00 00 00 00 00 00 00 00 00 00 00 00 00 00  ................
[   31.062402] 00000060: 00 00 00 00 00 00 00 00 00 00 00 00 00 00 00 00  ................
[   31.064732] 00000070: 00 00 00 00 00 00 00 00 00 00 00 00 00 00 00 00  ................
[   31.067270] XFS (loop0): metadata I/O error in "xfs_read_agf+0xcb/0x280" at daddr 0x8001 len 1 error 74
[   31.070569] XFS (loop0): Metadata CRC error detected at xfs_agf_read_verify+0x102/0x130, xfs_agf block 0x8001 
[   31.073586] XFS (loop0): Unmount and run xfs_repair
[   31.075161] XFS (loop0): First 128 bytes of corrupted metadata buffer:
[   31.077121] 00000000: 58 41 47 46 00 00 00 01 00 00 00 01 00 00 40 00  XAGF..........@.
[   31.079590] 00000010: 00 00 00 02 00 00 00 03 00 00 00 00 00 00 00 01  ................
[   31.082018] 00000020: 00 00 00 01 00 00 00 00 00 00 00 01 00 00 00 04  ................
[   31.084379] 00000030: 00 00 00 04 00 00 3b 5f 00 00 3b 5c 00 00 00 00  ......;_..;\....
[   31.086783] 00000040: d6 f6 9d bd 8c 5d 46 be b8 8e 92 c0 ae 88 ce b2  .....]F.........
[   31.089131] 00000050: 00 00 00 00 00 00 00 00 00 00 00 00 00 00 00 00  ................
[   31.091515] 00000060: 00 00 00 00 00 00 00 00 00 00 00 00 00 00 00 00  ................
[   31.093932] 00000070: 00 00 00 00 00 00 00 00 00 00 00 00 00 00 00 00  ................
[   31.096286] XFS (loop0): metadata I/O error in "xfs_read_agf+0xcb/0x280" at daddr 0x8001 len 1 error 74
[   31.099278] XFS (loop0): Metadata CRC error detected at xfs_agf_read_verify+0x102/0x130, xfs_agf block 0x8001 
[   31.102282] XFS (loop0): Unmount and run xfs_repair
[   31.103678] XFS (loop0): First 128 bytes of corrupted metadata buffer:
[   31.105541] 00000000: 58 41 47 46 00 00 00 01 00 00 00 01 00 00 40 00  XAGF..........@.
[   31.107920] 00000010: 00 00 00 02 00 00 00 03 00 00 00 00 00 00 00 01  ................
[   31.110281] 00000020: 00 00 00 01 00 00 00 00 00 00 00 01 00 00 00 04  ................
[   31.112603] 00000030: 00 00 00 04 00 00 3b 5f 00 00 3b 5c 00 00 00 00  ......;_..;\....
[   31.114968] 00000040: d6 f6 9d bd 8c 5d 46 be b8 8e 92 c0 ae 88 ce b2  .....]F.........
[   31.117245] 00000050: 00 00 00 00 00 00 00 00 00 00 00 00 00 00 00 00  ................
[   31.119620] 00000060: 00 00 00 00 00 00 00 00 00 00 00 00 00 00 00 00  ................
[   31.121999] 00000070: 00 00 00 00 00 00 00 00 00 00 00 00 00 00 00 00  ................
[   31.124332] XFS (loop0): metadata I/O error in "xfs_read_agf+0xcb/0x280" at daddr 0x8001 len 1 error 74
[   31.127265] XFS (loop0): Metadata CRC error detected at xfs_agf_read_verify+0x102/0x130, xfs_agf block 0x8001 
[   31.130223] XFS (loop0): Unmount and run xfs_repair
[   31.131644] XFS (loop0): First 128 bytes of corrupted metadata buffer:
[   31.133526] 00000000: 58 41 47 46 00 00 00 01 00 00 00 01 00 00 40 00  XAGF..........@.
[   31.135845] 00000010: 00 00 00 02 00 00 00 03 00 00 00 00 00 00 00 01  ................
[   31.138169] 00000020: 00 00 00 01 00 00 00 00 00 00 00 01 00 00 00 04  ................
[   31.140448] 00000030: 00 00 00 04 00 00 3b 5f 00 00 3b 5c 00 00 00 00  ......;_..;\....
[   31.142801] 00000040: d6 f6 9d bd 8c 5d 46 be b8 8e 92 c0 ae 88 ce b2  .....]F.........
[   31.145110] 00000050: 00 00 00 00 00 00 00 00 00 00 00 00 00 00 00 00  ................
[   31.147480] 00000060: 00 00 00 00 00 00 00 00 00 00 00 00 00 00 00 00  ................
[   31.149836] 00000070: 00 00 00 00 00 00 00 00 00 00 00 00 00 00 00 00  ................
[   31.152159] XFS (loop0): metadata I/O error in "xfs_read_agf+0xcb/0x280" at daddr 0x8001 len 1 error 74
[   31.155056] XFS (loop0): Metadata CRC error detected at xfs_agf_read_verify+0x102/0x130, xfs_agf block 0x8001 
[   31.158003] XFS (loop0): Unmount and run xfs_repair
[   31.159412] XFS (loop0): First 128 bytes of corrupted metadata buffer:
[   31.161293] 00000000: 58 41 47 46 00 00 00 01 00 00 00 01 00 00 40 00  XAGF..........@.
[   31.163654] 00000010: 00 00 00 02 00 00 00 03 00 00 00 00 00 00 00 01  ................
[   31.166018] 00000020: 00 00 00 01 00 00 00 00 00 00 00 01 00 00 00 04  ................
[   31.168329] 00000030: 00 00 00 04 00 00 3b 5f 00 00 3b 5c 00 00 00 00  ......;_..;\....
[   31.170705] 00000040: d6 f6 9d bd 8c 5d 46 be b8 8e 92 c0 ae 88 ce b2  .....]F.........
[   31.173011] 00000050: 00 00 00 00 00 00 00 00 00 00 00 00 00 00 00 00  ................
[   31.175360] 00000060: 00 00 00 00 00 00 00 00 00 00 00 00 00 00 00 00  ................
[   31.177771] 00000070: 00 00 00 00 00 00 00 00 00 00 00 00 00 00 00 00  ................
[   31.180145] XFS (loop0): metadata I/O error in "xfs_read_agf+0xcb/0x280" at daddr 0x8001 len 1 error 74
[   31.183122] XFS (loop0): Metadata CRC error detected at xfs_agf_read_verify+0x102/0x130, xfs_agf block 0x8001 
[   31.186085] XFS (loop0): Unmount and run xfs_repair
[   31.187512] XFS (loop0): First 128 bytes of corrupted metadata buffer:
[   31.189399] 00000000: 58 41 47 46 00 00 00 01 00 00 00 01 00 00 40 00  XAGF..........@.
[   31.191781] 00000010: 00 00 00 02 00 00 00 03 00 00 00 00 00 00 00 01  ................
[   31.194153] 00000020: 00 00 00 01 00 00 00 00 00 00 00 01 00 00 00 04  ................
[   31.196484] 00000030: 00 00 00 04 00 00 3b 5f 00 00 3b 5c 00 00 00 00  ......;_..;\....
[   31.198849] 00000040: d6 f6 9d bd 8c 5d 46 be b8 8e 92 c0 ae 88 ce b2  .....]F.........
[   31.201162] 00000050: 00 00 00 00 00 00 00 00 00 00 00 00 00 00 00 00  ................
[   31.203529] 00000060: 00 00 00 00 00 00 00 00 00 00 00 00 00 00 00 00  ................
[   31.205917] 00000070: 00 00 00 00 00 00 00 00 00 00 00 00 00 00 00 00  ................
[   31.208221] XFS (loop0): metadata I/O error in "xfs_read_agf+0xcb/0x280" at daddr 0x8001 len 1 error 74
[   31.211164] XFS (loop0): Metadata CRC error detected at xfs_agf_read_verify+0x102/0x130, xfs_agf block 0x8001 
[   31.214548] XFS (loop0): Unmount and run xfs_repair
[   31.215946] XFS (loop0): First 128 bytes of corrupted metadata buffer:
[   31.217923] 00000000: 58 41 47 46 00 00 00 01 00 00 00 01 00 00 40 00  XAGF..........@.
[   31.220223] 00000010: 00 00 00 02 00 00 00 03 00 00 00 00 00 00 00 01  ................
[   31.222558] 00000020: 00 00 00 01 00 00 00 00 00 00 00 01 00 00 00 04  ................
[   31.224854] 00000030: 00 00 00 04 00 00 3b 5f 00 00 3b 5c 00 00 00 00  ......;_..;\....
[   31.227248] 00000040: d6 f6 9d bd 8c 5d 46 be b8 8e 92 c0 ae 88 ce b2  .....]F.........
[   31.229545] 00000050: 00 00 00 00 00 00 00 00 00 00 00 00 00 00 00 00  ................
[   31.231899] 00000060: 00 00 00 00 00 00 00 00 00 00 00 00 00 00 00 00  ................
[   31.234277] 00000070: 00 00 00 00 00 00 00 00 00 00 00 00 00 00 00 00  ................
[   31.236944] XFS (loop0): Metadata CRC error detected at xfs_agf_read_verify+0x102/0x130, xfs_agf block 0x8001 
[   31.239909] XFS (loop0): Unmount and run xfs_repair
[   31.241335] XFS (loop0): First 128 bytes of corrupted metadata buffer:
[   31.243297] 00000000: 58 41 47 46 00 00 00 01 00 00 00 01 00 00 40 00  XAGF..........@.
[   31.245606] 00000010: 00 00 00 02 00 00 00 03 00 00 00 00 00 00 00 01  ................
[   31.247986] 00000020: 00 00 00 01 00 00 00 00 00 00 00 01 00 00 00 04  ................
[   31.250380] 00000030: 00 00 00 04 00 00 3b 5f 00 00 3b 5c 00 00 00 00  ......;_..;\....
[   31.252688] 00000040: d6 f6 9d bd 8c 5d 46 be b8 8e 92 c0 ae 88 ce b2  .....]F.........
[   31.255043] 00000050: 00 00 00 00 00 00 00 00 00 00 00 00 00 00 00 00  ................
[   31.257660] 00000060: 00 00 00 00 00 00 00 00 00 00 00 00 00 00 00 00  ................
[   31.260422] 00000070: 00 00 00 00 00 00 00 00 00 00 00 00 00 00 00 00  ................
[   31.263467] XFS (loop0): Metadata CRC error detected at xfs_agf_read_verify+0x102/0x130, xfs_agf block 0x8001 
[   31.266701] XFS (loop0): Unmount and run xfs_repair
[   31.268155] XFS (loop0): First 128 bytes of corrupted metadata buffer:
[   31.270228] 00000000: 58 41 47 46 00 00 00 01 00 00 00 01 00 00 40 00  XAGF..........@.
[   31.272649] 00000010: 00 00 00 02 00 00 00 03 00 00 00 00 00 00 00 01  ................
[   31.275119] 00000020: 00 00 00 01 00 00 00 00 00 00 00 01 00 00 00 04  ................
[   31.277635] 00000030: 00 00 00 04 00 00 3b 5f 00 00 3b 5c 00 00 00 00  ......;_..;\....
[   31.280196] 00000040: d6 f6 9d bd 8c 5d 46 be b8 8e 92 c0 ae 88 ce b2  .....]F.........
[   31.282733] 00000050: 00 00 00 00 00 00 00 00 00 00 00 00 00 00 00 00  ................
[   31.285164] 00000060: 00 00 00 00 00 00 00 00 00 00 00 00 00 00 00 00  ................
[   31.287549] 00000070: 00 00 00 00 00 00 00 00 00 00 00 00 00 00 00 00  ................
[   31.302647] XFS (loop0): Unmounting Filesystem
[   31.691843] loop0: detected capacity change from 0 to 65536
[   31.697096] XFS (loop0): Mounting V5 Filesystem
[   31.718434] XFS (loop0): Ending clean mount
[   31.720701] XFS (loop0): Quotacheck needed: Please wait.
[   31.731205] XFS (loop0): Quotacheck: Done.
[   31.808655] XFS (loop0): Metadata CRC error detected at xfs_agf_read_verify+0x102/0x130, xfs_agf block 0x8001 
[   31.811343] XFS (loop0): Unmount and run xfs_repair
[   31.812562] XFS (loop0): First 128 bytes of corrupted metadata buffer:
[   31.814270] 00000000: 58 41 47 46 00 00 00 01 00 00 00 01 00 00 40 00  XAGF..........@.
[   31.816257] 00000010: 00 00 00 02 00 00 00 03 00 00 00 00 00 00 00 01  ................
[   31.818275] 00000020: 00 00 00 01 00 00 00 00 00 00 00 01 00 00 00 04  ................
[   31.820243] 00000030: 00 00 00 04 00 00 3b 5f 00 00 3b 5c 00 00 00 00  ......;_..;\....
[   31.822240] 00000040: d6 f6 9d bd 8c 5d 46 be b8 8e 92 c0 ae 88 ce b2  .....]F.........
[   31.824209] 00000050: 00 00 00 00 00 00 00 00 00 00 00 00 00 00 00 00  ................
[   31.826230] 00000060: 00 00 00 00 00 00 00 00 00 00 00 00 00 00 00 00  ................
[   31.828189] 00000070: 00 00 00 00 00 00 00 00 00 00 00 00 00 00 00 00  ................
[   31.830759] XFS (loop0): metadata I/O error in "xfs_read_agf+0xcb/0x280" at daddr 0x8001 len 1 error 74
[   31.888960] XFS (loop0): Metadata CRC error detected at xfs_agf_read_verify+0x102/0x130, xfs_agf block 0x8001 
[   31.892035] XFS (loop0): Unmount and run xfs_repair
[   31.893474] XFS (loop0): First 128 bytes of corrupted metadata buffer:
[   31.895450] 00000000: 58 41 47 46 00 00 00 01 00 00 00 01 00 00 40 00  XAGF..........@.
[   31.897840] 00000010: 00 00 00 02 00 00 00 03 00 00 00 00 00 00 00 01  ................
[   31.900170] 00000020: 00 00 00 01 00 00 00 00 00 00 00 01 00 00 00 04  ................
[   31.902564] 00000030: 00 00 00 04 00 00 3b 5f 00 00 3b 5c 00 00 00 00  ......;_..;\....
[   31.904891] 00000040: d6 f6 9d bd 8c 5d 46 be b8 8e 92 c0 ae 88 ce b2  .....]F.........
[   31.907272] 00000050: 00 00 00 00 00 00 00 00 00 00 00 00 00 00 00 00  ................
[   31.909619] 00000060: 00 00 00 00 00 00 00 00 00 00 00 00 00 00 00 00  ................
[   31.911970] 00000070: 00 00 00 00 00 00 00 00 00 00 00 00 00 00 00 00  ................
[   31.914347] XFS (loop0): metadata I/O error in "xfs_read_agf+0xcb/0x280" at daddr 0x8001 len 1 error 74
[   31.918193] XFS (loop0): Metadata CRC error detected at xfs_agf_read_verify+0x102/0x130, xfs_agf block 0x8001 
[   31.921243] XFS (loop0): Unmount and run xfs_repair
[   31.922788] XFS (loop0): First 128 bytes of corrupted metadata buffer:
[   31.924722] 00000000: 58 41 47 46 00 00 00 01 00 00 00 01 00 00 40 00  XAGF..........@.
[   31.927136] 00000010: 00 00 00 02 00 00 00 03 00 00 00 00 00 00 00 01  ................
[   31.929495] 00000020: 00 00 00 01 00 00 00 00 00 00 00 01 00 00 00 04  ................
[   31.931296] loop0: writeback error on inode 70, offset 16715776, sector 44
[   31.931885] 00000030: 00 00 00 04 00 00 3b 5f 00 00 3b 5c 00 00 00 00  ......;_..;\....
[   31.936339] 00000040: d6 f6 9d bd 8c 5d 46 be b8 8e 92 c0 ae 88 ce b2  .....]F.........
[   31.938758] 00000050: 00 00 00 00 00 00 00 00 00 00 00 00 00 00 00 00  ................
[   31.941151] 00000060: 00 00 00 00 00 00 00 00 00 00 00 00 00 00 00 00  ................
[   31.943598] 00000070: 00 00 00 00 00 00 00 00 00 00 00 00 00 00 00 00  ................
[   31.946085] XFS (loop0): metadata I/O error in "xfs_read_agf+0xcb/0x280" at daddr 0x8001 len 1 error 74
[   31.949831] XFS (loop0): Metadata CRC error detected at xfs_agf_read_verify+0x102/0x130, xfs_agf block 0x8001 
[   31.952858] XFS (loop0): Unmount and run xfs_repair
[   31.954395] XFS (loop0): First 128 bytes of corrupted metadata buffer:
[   31.956345] 00000000: 58 41 47 46 00 00 00 01 00 00 00 01 00 00 40 00  XAGF..........@.
[   31.958763] 00000010: 00 00 00 02 00 00 00 03 00 00 00 00 00 00 00 01  ................
[   31.961142] 00000020: 00 00 00 01 00 00 00 00 00 00 00 01 00 00 00 04  ................
[   31.963567] 00000030: 00 00 00 04 00 00 3b 5f 00 00 3b 5c 00 00 00 00  ......;_..;\....
[   31.965987] 00000040: d6 f6 9d bd 8c 5d 46 be b8 8e 92 c0 ae 88 ce b2  .....]F.........
[   31.968322] 00000050: 00 00 00 00 00 00 00 00 00 00 00 00 00 00 00 00  ................
[   31.970774] 00000060: 00 00 00 00 00 00 00 00 00 00 00 00 00 00 00 00  ................
[   31.973185] 00000070: 00 00 00 00 00 00 00 00 00 00 00 00 00 00 00 00  ................
[   31.975762] XFS (loop0): metadata I/O error in "xfs_read_agf+0xcb/0x280" at daddr 0x8001 len 1 error 74
[   31.979651] XFS (loop0): Metadata CRC error detected at xfs_agf_read_verify+0x102/0x130, xfs_agf block 0x8001 
[   31.983001] XFS (loop0): Unmount and run xfs_repair
[   31.984544] XFS (loop0): First 128 bytes of corrupted metadata buffer:
[   31.986580] 00000000: 58 41 47 46 00 00 00 01 00 00 00 01 00 00 40 00  XAGF..........@.
[   31.988874] 00000010: 00 00 00 02 00 00 00 03 00 00 00 00 00 00 00 01  ................
[   31.991242] 00000020: 00 00 00 01 00 00 00 00 00 00 00 01 00 00 00 04  ................
[   31.993558] 00000030: 00 00 00 04 00 00 3b 5f 00 00 3b 5c 00 00 00 00  ......;_..;\....
[   31.995959] 00000040: d6 f6 9d bd 8c 5d 46 be b8 8e 92 c0 ae 88 ce b2  .....]F.........
[   31.998380] 00000050: 00 00 00 00 00 00 00 00 00 00 00 00 00 00 00 00  ................
[   32.000767] 00000060: 00 00 00 00 00 00 00 00 00 00 00 00 00 00 00 00  ................
[   32.003152] 00000070: 00 00 00 00 00 00 00 00 00 00 00 00 00 00 00 00  ................
[   32.005551] XFS (loop0): metadata I/O error in "xfs_read_agf+0xcb/0x280" at daddr 0x8001 len 1 error 74
[   32.008321] XFS (loop0): Metadata CRC error detected at xfs_agf_read_verify+0x102/0x130, xfs_agf block 0x8001 
[   32.010801] XFS (loop0): Unmount and run xfs_repair
[   32.011981] XFS (loop0): First 128 bytes of corrupted metadata buffer:
[   32.013528] 00000000: 58 41 47 46 00 00 00 01 00 00 00 01 00 00 40 00  XAGF..........@.
[   32.016040] 00000010: 00 00 00 02 00 00 00 03 00 00 00 00 00 00 00 01  ................
[   32.018699] 00000020: 00 00 00 01 00 00 00 00 00 00 00 01 00 00 00 04  ................
[   32.020917] 00000030: 00 00 00 04 00 00 3b 5f 00 00 3b 5c 00 00 00 00  ......;_..;\....
[   32.023205] 00000040: d6 f6 9d bd 8c 5d 46 be b8 8e 92 c0 ae 88 ce b2  .....]F.........
[   32.025451] 00000050: 00 00 00 00 00 00 00 00 00 00 00 00 00 00 00 00  ................
[   32.027749] 00000060: 00 00 00 00 00 00 00 00 00 00 00 00 00 00 00 00  ................
[   32.030030] 00000070: 00 00 00 00 00 00 00 00 00 00 00 00 00 00 00 00  ................
[   32.032291] XFS (loop0): metadata I/O error in "xfs_read_agf+0xcb/0x280" at daddr 0x8001 len 1 error 74
[   32.035461] XFS (loop0): Metadata CRC error detected at xfs_agf_read_verify+0x102/0x130, xfs_agf block 0x8001 
[   32.038997] XFS (loop0): Unmount and run xfs_repair
[   32.040662] XFS (loop0): First 128 bytes of corrupted metadata buffer:
[   32.042943] 00000000: 58 41 47 46 00 00 00 01 00 00 00 01 00 00 40 00  XAGF..........@.
[   32.045658] 00000010: 00 00 00 02 00 00 00 03 00 00 00 00 00 00 00 01  ................
[   32.048395] 00000020: 00 00 00 01 00 00 00 00 00 00 00 01 00 00 00 04  ................
[   32.051148] 00000030: 00 00 00 04 00 00 3b 5f 00 00 3b 5c 00 00 00 00  ......;_..;\....
[   32.053903] 00000040: d6 f6 9d bd 8c 5d 46 be b8 8e 92 c0 ae 88 ce b2  .....]F.........
[   32.056591] 00000050: 00 00 00 00 00 00 00 00 00 00 00 00 00 00 00 00  ................
[   32.059118] 00000060: 00 00 00 00 00 00 00 00 00 00 00 00 00 00 00 00  ................
[   32.061398] 00000070: 00 00 00 00 00 00 00 00 00 00 00 00 00 00 00 00  ................
[   32.063841] XFS (loop0): metadata I/O error in "xfs_read_agf+0xcb/0x280" at daddr 0x8001 len 1 error 74
[   32.067100] XFS (loop0): Metadata CRC error detected at xfs_agf_read_verify+0x102/0x130, xfs_agf block 0x8001 
[   32.070143] XFS (loop0): Unmount and run xfs_repair
[   32.071549] XFS (loop0): First 128 bytes of corrupted metadata buffer:
[   32.073414] 00000000: 58 41 47 46 00 00 00 01 00 00 00 01 00 00 40 00  XAGF..........@.
[   32.075767] 00000010: 00 00 00 02 00 00 00 03 00 00 00 00 00 00 00 01  ................
[   32.078114] 00000020: 00 00 00 01 00 00 00 00 00 00 00 01 00 00 00 04  ................
[   32.080382] 00000030: 00 00 00 04 00 00 3b 5f 00 00 3b 5c 00 00 00 00  ......;_..;\....
[   32.082706] 00000040: d6 f6 9d bd 8c 5d 46 be b8 8e 92 c0 ae 88 ce b2  .....]F.........
[   32.084989] 00000050: 00 00 00 00 00 00 00 00 00 00 00 00 00 00 00 00  ................
[   32.087339] 00000060: 00 00 00 00 00 00 00 00 00 00 00 00 00 00 00 00  ................
[   32.089663] 00000070: 00 00 00 00 00 00 00 00 00 00 00 00 00 00 00 00  ................
[   32.092121] XFS (loop0): metadata I/O error in "xfs_read_agf+0xcb/0x280" at daddr 0x8001 len 1 error 74
[   32.095175] XFS (loop0): Metadata CRC error detected at xfs_agf_read_verify+0x102/0x130, xfs_agf block 0x8001 
[   32.098115] XFS (loop0): Unmount and run xfs_repair
[   32.099533] XFS (loop0): First 128 bytes of corrupted metadata buffer:
[   32.101406] 00000000: 58 41 47 46 00 00 00 01 00 00 00 01 00 00 40 00  XAGF..........@.
[   32.103757] 00000010: 00 00 00 02 00 00 00 03 00 00 00 00 00 00 00 01  ................
[   32.106074] 00000020: 00 00 00 01 00 00 00 00 00 00 00 01 00 00 00 04  ................
[   32.108341] 00000030: 00 00 00 04 00 00 3b 5f 00 00 3b 5c 00 00 00 00  ......;_..;\....
[   32.110658] 00000040: d6 f6 9d bd 8c 5d 46 be b8 8e 92 c0 ae 88 ce b2  .....]F.........
[   32.112925] 00000050: 00 00 00 00 00 00 00 00 00 00 00 00 00 00 00 00  ................
[   32.115245] 00000060: 00 00 00 00 00 00 00 00 00 00 00 00 00 00 00 00  ................
[   32.117517] 00000070: 00 00 00 00 00 00 00 00 00 00 00 00 00 00 00 00  ................
[   32.119833] XFS (loop0): metadata I/O error in "xfs_read_agf+0xcb/0x280" at daddr 0x8001 len 1 error 74
[   32.122789] XFS (loop0): Metadata CRC error detected at xfs_agf_read_verify+0x102/0x130, xfs_agf block 0x8001 
[   32.126380] XFS (loop0): Unmount and run xfs_repair
[   32.127569] XFS (loop0): First 128 bytes of corrupted metadata buffer:
[   32.129111] 00000000: 58 41 47 46 00 00 00 01 00 00 00 01 00 00 40 00  XAGF..........@.
[   32.131099] 00000010: 00 00 00 02 00 00 00 03 00 00 00 00 00 00 00 01  ................
[   32.132989] 00000020: 00 00 00 01 00 00 00 00 00 00 00 01 00 00 00 04  ................
[   32.134920] 00000030: 00 00 00 04 00 00 3b 5f 00 00 3b 5c 00 00 00 00  ......;_..;\....
[   32.136812] 00000040: d6 f6 9d bd 8c 5d 46 be b8 8e 92 c0 ae 88 ce b2  .....]F.........
[   32.138748] 00000050: 00 00 00 00 00 00 00 00 00 00 00 00 00 00 00 00  ................
[   32.140638] 00000060: 00 00 00 00 00 00 00 00 00 00 00 00 00 00 00 00  ................
[   32.142574] 00000070: 00 00 00 00 00 00 00 00 00 00 00 00 00 00 00 00  ................
[   32.144511] XFS (loop0): metadata I/O error in "xfs_read_agf+0xcb/0x280" at daddr 0x8001 len 1 error 74
[   32.147729] XFS (loop0): Metadata CRC error detected at xfs_agf_read_verify+0x102/0x130, xfs_agf block 0x8001 
[   32.150693] XFS (loop0): Unmount and run xfs_repair
[   32.152123] XFS (loop0): First 128 bytes of corrupted metadata buffer:
[   32.154107] 00000000: 58 41 47 46 00 00 00 01 00 00 00 01 00 00 40 00  XAGF..........@.
[   32.156429] 00000010: 00 00 00 02 00 00 00 03 00 00 00 00 00 00 00 01  ................
[   32.158844] 00000020: 00 00 00 01 00 00 00 00 00 00 00 01 00 00 00 04  ................
[   32.161141] 00000030: 00 00 00 04 00 00 3b 5f 00 00 3b 5c 00 00 00 00  ......;_..;\....
[   32.163507] 00000040: d6 f6 9d bd 8c 5d 46 be b8 8e 92 c0 ae 88 ce b2  .....]F.........
[   32.165859] 00000050: 00 00 00 00 00 00 00 00 00 00 00 00 00 00 00 00  ................
[   32.168119] 00000060: 00 00 00 00 00 00 00 00 00 00 00 00 00 00 00 00  ................
[   32.170439] 00000070: 00 00 00 00 00 00 00 00 00 00 00 00 00 00 00 00  ................
[   32.173040] XFS (loop0): Metadata CRC error detected at xfs_agf_read_verify+0x102/0x130, xfs_agf block 0x8001 
[   32.175547] XFS (loop0): Unmount and run xfs_repair
[   32.176725] XFS (loop0): First 128 bytes of corrupted metadata buffer:
[   32.178658] 00000000: 58 41 47 46 00 00 00 01 00 00 00 01 00 00 40 00  XAGF..........@.
[   32.180883] 00000010: 00 00 00 02 00 00 00 03 00 00 00 00 00 00 00 01  ................
[   32.183145] 00000020: 00 00 00 01 00 00 00 00 00 00 00 01 00 00 00 04  ................
[   32.185362] 00000030: 00 00 00 04 00 00 3b 5f 00 00 3b 5c 00 00 00 00  ......;_..;\....
[   32.187635] 00000040: d6 f6 9d bd 8c 5d 46 be b8 8e 92 c0 ae 88 ce b2  .....]F.........
[   32.189908] 00000050: 00 00 00 00 00 00 00 00 00 00 00 00 00 00 00 00  ................
[   32.192153] 00000060: 00 00 00 00 00 00 00 00 00 00 00 00 00 00 00 00  ................
[   32.194421] 00000070: 00 00 00 00 00 00 00 00 00 00 00 00 00 00 00 00  ................
[   32.196976] XFS (loop0): Metadata CRC error detected at xfs_agf_read_verify+0x102/0x130, xfs_agf block 0x8001 
[   32.200384] XFS (loop0): Unmount and run xfs_repair
[   32.202047] XFS (loop0): First 128 bytes of corrupted metadata buffer:
[   32.203896] 00000000: 58 41 47 46 00 00 00 01 00 00 00 01 00 00 40 00  XAGF..........@.
[   32.206207] 00000010: 00 00 00 02 00 00 00 03 00 00 00 00 00 00 00 01  ................
[   32.208462] 00000020: 00 00 00 01 00 00 00 00 00 00 00 01 00 00 00 04  ................
[   32.210766] 00000030: 00 00 00 04 00 00 3b 5f 00 00 3b 5c 00 00 00 00  ......;_..;\....
[   32.213019] 00000040: d6 f6 9d bd 8c 5d 46 be b8 8e 92 c0 ae 88 ce b2  .....]F.........
[   32.215330] 00000050: 00 00 00 00 00 00 00 00 00 00 00 00 00 00 00 00  ................
[   32.217600] 00000060: 00 00 00 00 00 00 00 00 00 00 00 00 00 00 00 00  ................
[   32.219894] 00000070: 00 00 00 00 00 00 00 00 00 00 00 00 00 00 00 00  ................
[   32.235191] XFS (loop0): Unmounting Filesystem
[   32.626187] loop0: detected capacity change from 0 to 65536
[   32.630737] XFS (loop0): Mounting V5 Filesystem
[   32.640550] XFS (loop0): Ending clean mount
[   32.642363] XFS (loop0): Quotacheck needed: Please wait.
[   32.650362] XFS (loop0): Quotacheck: Done.
[   32.726675] XFS (loop0): Metadata CRC error detected at xfs_agf_read_verify+0x102/0x130, xfs_agf block 0x8001 
[   32.730094] XFS (loop0): Unmount and run xfs_repair
[   32.731578] XFS (loop0): First 128 bytes of corrupted metadata buffer:
[   32.733948] 00000000: 58 41 47 46 00 00 00 01 00 00 00 01 00 00 40 00  XAGF..........@.
[   32.736577] 00000010: 00 00 00 02 00 00 00 03 00 00 00 00 00 00 00 01  ................
[   32.739179] 00000020: 00 00 00 01 00 00 00 00 00 00 00 01 00 00 00 04  ................
[   32.742109] 00000030: 00 00 00 04 00 00 3b 5f 00 00 3b 5c 00 00 00 00  ......;_..;\....
[   32.744082] 00000040: d6 f6 9d bd 8c 5d 46 be b8 8e 92 c0 ae 88 ce b2  .....]F.........
[   32.746098] 00000050: 00 00 00 00 00 00 00 00 00 00 00 00 00 00 00 00  ................
[   32.748058] 00000060: 00 00 00 00 00 00 00 00 00 00 00 00 00 00 00 00  ................
[   32.750074] 00000070: 00 00 00 00 00 00 00 00 00 00 00 00 00 00 00 00  ................
[   32.752077] XFS (loop0): metadata I/O error in "xfs_read_agf+0xcb/0x280" at daddr 0x8001 len 1 error 74
[   32.828264] XFS (loop0): Metadata CRC error detected at xfs_agf_read_verify+0x102/0x130, xfs_agf block 0x8001 
[   32.830881] XFS (loop0): Unmount and run xfs_repair
[   32.832089] XFS (loop0): First 128 bytes of corrupted metadata buffer:
[   32.833677] 00000000: 58 41 47 46 00 00 00 01 00 00 00 01 00 00 40 00  XAGF..........@.
[   32.835694] 00000010: 00 00 00 02 00 00 00 03 00 00 00 00 00 00 00 01  ................
[   32.837663] 00000020: 00 00 00 01 00 00 00 00 00 00 00 01 00 00 00 04  ................
[   32.839659] 00000030: 00 00 00 04 00 00 3b 5f 00 00 3b 5c 00 00 00 00  ......;_..;\....
[   32.841626] 00000040: d6 f6 9d bd 8c 5d 46 be b8 8e 92 c0 ae 88 ce b2  .....]F.........
[   32.843613] 00000050: 00 00 00 00 00 00 00 00 00 00 00 00 00 00 00 00  ................
[   32.845564] 00000060: 00 00 00 00 00 00 00 00 00 00 00 00 00 00 00 00  ................
[   32.847561] 00000070: 00 00 00 00 00 00 00 00 00 00 00 00 00 00 00 00  ................
[   32.849534] XFS (loop0): metadata I/O error in "xfs_read_agf+0xcb/0x280" at daddr 0x8001 len 1 error 74
[   32.854225] XFS (loop0): Metadata CRC error detected at xfs_agf_read_verify+0x102/0x130, xfs_agf block 0x8001 
[   32.857227] XFS (loop0): Unmount and run xfs_repair
[   32.858732] XFS (loop0): First 128 bytes of corrupted metadata buffer:
[   32.860629] 00000000: 58 41 47 46 00 00 00 01 00 00 00 01 00 00 40 00  XAGF..........@.
[   32.863217] 00000010: 00 00 00 02 00 00 00 03 00 00 00 00 00 00 00 01  ................
[   32.866016] 00000020: 00 00 00 01 00 00 00 00 00 00 00 01 00 00 00 04  ................
[   32.867017] loop0: writeback error on inode 70, offset 16715776, sector 44
[   32.868716] 00000030: 00 00 00 04 00 00 3b 5f 00 00 3b 5c 00 00 00 00  ......;_..;\....
[   32.873202] 00000040: d6 f6 9d bd 8c 5d 46 be b8 8e 92 c0 ae 88 ce b2  .....]F.........
[   32.875534] 00000050: 00 00 00 00 00 00 00 00 00 00 00 00 00 00 00 00  ................
[   32.877865] 00000060: 00 00 00 00 00 00 00 00 00 00 00 00 00 00 00 00  ................
[   32.880137] 00000070: 00 00 00 00 00 00 00 00 00 00 00 00 00 00 00 00  ................
[   32.882528] XFS (loop0): metadata I/O error in "xfs_read_agf+0xcb/0x280" at daddr 0x8001 len 1 error 74
[   32.886956] XFS (loop0): Metadata CRC error detected at xfs_agf_read_verify+0x102/0x130, xfs_agf block 0x8001 
[   32.889458] XFS (loop0): Unmount and run xfs_repair
[   32.890751] XFS (loop0): First 128 bytes of corrupted metadata buffer:
[   32.892737] 00000000: 58 41 47 46 00 00 00 01 00 00 00 01 00 00 40 00  XAGF..........@.
[   32.895068] 00000010: 00 00 00 02 00 00 00 03 00 00 00 00 00 00 00 01  ................
[   32.897029] 00000020: 00 00 00 01 00 00 00 00 00 00 00 01 00 00 00 04  ................
[   32.899037] 00000030: 00 00 00 04 00 00 3b 5f 00 00 3b 5c 00 00 00 00  ......;_..;\....
[   32.900994] 00000040: d6 f6 9d bd 8c 5d 46 be b8 8e 92 c0 ae 88 ce b2  .....]F.........
[   32.903358] 00000050: 00 00 00 00 00 00 00 00 00 00 00 00 00 00 00 00  ................
[   32.905734] 00000060: 00 00 00 00 00 00 00 00 00 00 00 00 00 00 00 00  ................
[   32.908135] 00000070: 00 00 00 00 00 00 00 00 00 00 00 00 00 00 00 00  ................
[   32.910664] XFS (loop0): metadata I/O error in "xfs_read_agf+0xcb/0x280" at daddr 0x8001 len 1 error 74
[   32.913608] XFS (loop0): Metadata CRC error detected at xfs_agf_read_verify+0x102/0x130, xfs_agf block 0x8001 
[   32.916775] XFS (loop0): Unmount and run xfs_repair
[   32.918377] XFS (loop0): First 128 bytes of corrupted metadata buffer:
[   32.920367] 00000000: 58 41 47 46 00 00 00 01 00 00 00 01 00 00 40 00  XAGF..........@.
[   32.922835] 00000010: 00 00 00 02 00 00 00 03 00 00 00 00 00 00 00 01  ................
[   32.925192] 00000020: 00 00 00 01 00 00 00 00 00 00 00 01 00 00 00 04  ................
[   32.927680] 00000030: 00 00 00 04 00 00 3b 5f 00 00 3b 5c 00 00 00 00  ......;_..;\....
[   32.930139] 00000040: d6 f6 9d bd 8c 5d 46 be b8 8e 92 c0 ae 88 ce b2  .....]F.........
[   32.932563] 00000050: 00 00 00 00 00 00 00 00 00 00 00 00 00 00 00 00  ................
[   32.935015] 00000060: 00 00 00 00 00 00 00 00 00 00 00 00 00 00 00 00  ................
[   32.937351] 00000070: 00 00 00 00 00 00 00 00 00 00 00 00 00 00 00 00  ................
[   32.939833] XFS (loop0): metadata I/O error in "xfs_read_agf+0xcb/0x280" at daddr 0x8001 len 1 error 74
[   32.942804] XFS (loop0): Metadata CRC error detected at xfs_agf_read_verify+0x102/0x130, xfs_agf block 0x8001 
[   32.945749] XFS (loop0): Unmount and run xfs_repair
[   32.947162] XFS (loop0): First 128 bytes of corrupted metadata buffer:
[   32.949044] 00000000: 58 41 47 46 00 00 00 01 00 00 00 01 00 00 40 00  XAGF..........@.
[   32.951412] 00000010: 00 00 00 02 00 00 00 03 00 00 00 00 00 00 00 01  ................
[   32.953736] 00000020: 00 00 00 01 00 00 00 00 00 00 00 01 00 00 00 04  ................
[   32.955996] 00000030: 00 00 00 04 00 00 3b 5f 00 00 3b 5c 00 00 00 00  ......;_..;\....
[   32.958356] 00000040: d6 f6 9d bd 8c 5d 46 be b8 8e 92 c0 ae 88 ce b2  .....]F.........
[   32.960609] 00000050: 00 00 00 00 00 00 00 00 00 00 00 00 00 00 00 00  ................
[   32.962927] 00000060: 00 00 00 00 00 00 00 00 00 00 00 00 00 00 00 00  ................
[   32.965179] 00000070: 00 00 00 00 00 00 00 00 00 00 00 00 00 00 00 00  ................
[   32.967512] XFS (loop0): metadata I/O error in "xfs_read_agf+0xcb/0x280" at daddr 0x8001 len 1 error 74
[   32.970399] XFS (loop0): Metadata CRC error detected at xfs_agf_read_verify+0x102/0x130, xfs_agf block 0x8001 
[   32.973268] XFS (loop0): Unmount and run xfs_repair
[   32.974754] XFS (loop0): First 128 bytes of corrupted metadata buffer:
[   32.976600] 00000000: 58 41 47 46 00 00 00 01 00 00 00 01 00 00 40 00  XAGF..........@.
[   32.978924] 00000010: 00 00 00 02 00 00 00 03 00 00 00 00 00 00 00 01  ................
[   32.981171] 00000020: 00 00 00 01 00 00 00 00 00 00 00 01 00 00 00 04  ................
[   32.983475] 00000030: 00 00 00 04 00 00 3b 5f 00 00 3b 5c 00 00 00 00  ......;_..;\....
[   32.985757] 00000040: d6 f6 9d bd 8c 5d 46 be b8 8e 92 c0 ae 88 ce b2  .....]F.........
[   32.987970] 00000050: 00 00 00 00 00 00 00 00 00 00 00 00 00 00 00 00  ................
[   32.990231] 00000060: 00 00 00 00 00 00 00 00 00 00 00 00 00 00 00 00  ................
[   32.992441] 00000070: 00 00 00 00 00 00 00 00 00 00 00 00 00 00 00 00  ................
[   32.994967] XFS (loop0): metadata I/O error in "xfs_read_agf+0xcb/0x280" at daddr 0x8001 len 1 error 74
[   32.997826] XFS (loop0): Metadata CRC error detected at xfs_agf_read_verify+0x102/0x130, xfs_agf block 0x8001 
[   33.000610] XFS (loop0): Unmount and run xfs_repair
[   33.002034] XFS (loop0): First 128 bytes of corrupted metadata buffer:
[   33.003849] 00000000: 58 41 47 46 00 00 00 01 00 00 00 01 00 00 40 00  XAGF..........@.
[   33.006114] 00000010: 00 00 00 02 00 00 00 03 00 00 00 00 00 00 00 01  ................
[   33.008327] 00000020: 00 00 00 01 00 00 00 00 00 00 00 01 00 00 00 04  ................
[   33.010582] 00000030: 00 00 00 04 00 00 3b 5f 00 00 3b 5c 00 00 00 00  ......;_..;\....
[   33.012775] 00000040: d6 f6 9d bd 8c 5d 46 be b8 8e 92 c0 ae 88 ce b2  .....]F.........
[   33.015037] 00000050: 00 00 00 00 00 00 00 00 00 00 00 00 00 00 00 00  ................
[   33.017233] 00000060: 00 00 00 00 00 00 00 00 00 00 00 00 00 00 00 00  ................
[   33.019507] 00000070: 00 00 00 00 00 00 00 00 00 00 00 00 00 00 00 00  ................
[   33.021792] XFS (loop0): metadata I/O error in "xfs_read_agf+0xcb/0x280" at daddr 0x8001 len 1 error 74
[   33.024642] XFS (loop0): Metadata CRC error detected at xfs_agf_read_verify+0x102/0x130, xfs_agf block 0x8001 
[   33.028079] XFS (loop0): Unmount and run xfs_repair
[   33.029774] XFS (loop0): First 128 bytes of corrupted metadata buffer:
[   33.031939] 00000000: 58 41 47 46 00 00 00 01 00 00 00 01 00 00 40 00  XAGF..........@.
[   33.034630] 00000010: 00 00 00 02 00 00 00 03 00 00 00 00 00 00 00 01  ................
[   33.037017] 00000020: 00 00 00 01 00 00 00 00 00 00 00 01 00 00 00 04  ................
[   33.039324] 00000030: 00 00 00 04 00 00 3b 5f 00 00 3b 5c 00 00 00 00  ......;_..;\....
[   33.041601] 00000040: d6 f6 9d bd 8c 5d 46 be b8 8e 92 c0 ae 88 ce b2  .....]F.........
[   33.043913] 00000050: 00 00 00 00 00 00 00 00 00 00 00 00 00 00 00 00  ................
[   33.046240] 00000060: 00 00 00 00 00 00 00 00 00 00 00 00 00 00 00 00  ................
[   33.048529] 00000070: 00 00 00 00 00 00 00 00 00 00 00 00 00 00 00 00  ................
[   33.050981] XFS (loop0): metadata I/O error in "xfs_read_agf+0xcb/0x280" at daddr 0x8001 len 1 error 74
[   33.053977] XFS (loop0): Metadata CRC error detected at xfs_agf_read_verify+0x102/0x130, xfs_agf block 0x8001 
[   33.056751] XFS (loop0): Unmount and run xfs_repair
[   33.058206] XFS (loop0): First 128 bytes of corrupted metadata buffer:
[   33.060010] 00000000: 58 41 47 46 00 00 00 01 00 00 00 01 00 00 40 00  XAGF..........@.
[   33.062258] 00000010: 00 00 00 02 00 00 00 03 00 00 00 00 00 00 00 01  ................
[   33.064457] 00000020: 00 00 00 01 00 00 00 00 00 00 00 01 00 00 00 04  ................
[   33.066710] 00000030: 00 00 00 04 00 00 3b 5f 00 00 3b 5c 00 00 00 00  ......;_..;\....
[   33.068918] 00000040: d6 f6 9d bd 8c 5d 46 be b8 8e 92 c0 ae 88 ce b2  .....]F.........
[   33.071172] 00000050: 00 00 00 00 00 00 00 00 00 00 00 00 00 00 00 00  ................
[   33.073368] 00000060: 00 00 00 00 00 00 00 00 00 00 00 00 00 00 00 00  ................
[   33.075624] 00000070: 00 00 00 00 00 00 00 00 00 00 00 00 00 00 00 00  ................
[   33.077885] XFS (loop0): metadata I/O error in "xfs_read_agf+0xcb/0x280" at daddr 0x8001 len 1 error 74
[   33.080785] XFS (loop0): Metadata CRC error detected at xfs_agf_read_verify+0x102/0x130, xfs_agf block 0x8001 
[   33.083739] XFS (loop0): Unmount and run xfs_repair
[   33.085134] XFS (loop0): First 128 bytes of corrupted metadata buffer:
[   33.087100] 00000000: 58 41 47 46 00 00 00 01 00 00 00 01 00 00 40 00  XAGF..........@.
[   33.089369] 00000010: 00 00 00 02 00 00 00 03 00 00 00 00 00 00 00 01  ................
[   33.091695] 00000020: 00 00 00 01 00 00 00 00 00 00 00 01 00 00 00 04  ................
[   33.094027] 00000030: 00 00 00 04 00 00 3b 5f 00 00 3b 5c 00 00 00 00  ......;_..;\....
[   33.096571] 00000040: d6 f6 9d bd 8c 5d 46 be b8 8e 92 c0 ae 88 ce b2  .....]F.........
[   33.099322] 00000050: 00 00 00 00 00 00 00 00 00 00 00 00 00 00 00 00  ................
[   33.102100] 00000060: 00 00 00 00 00 00 00 00 00 00 00 00 00 00 00 00  ................
[   33.104773] 00000070: 00 00 00 00 00 00 00 00 00 00 00 00 00 00 00 00  ................
[   33.107468] XFS (loop0): Metadata CRC error detected at xfs_agf_read_verify+0x102/0x130, xfs_agf block 0x8001 
[   33.110472] XFS (loop0): Unmount and run xfs_repair
[   33.111850] XFS (loop0): First 128 bytes of corrupted metadata buffer:
[   33.113744] 00000000: 58 41 47 46 00 00 00 01 00 00 00 01 00 00 40 00  XAGF..........@.
[   33.115983] 00000010: 00 00 00 02 00 00 00 03 00 00 00 00 00 00 00 01  ................
[   33.118284] 00000020: 00 00 00 01 00 00 00 00 00 00 00 01 00 00 00 04  ................
[   33.120520] 00000030: 00 00 00 04 00 00 3b 5f 00 00 3b 5c 00 00 00 00  ......;_..;\....
[   33.122815] 00000040: d6 f6 9d bd 8c 5d 46 be b8 8e 92 c0 ae 88 ce b2  .....]F.........
[   33.125054] 00000050: 00 00 00 00 00 00 00 00 00 00 00 00 00 00 00 00  ................
[   33.127338] 00000060: 00 00 00 00 00 00 00 00 00 00 00 00 00 00 00 00  ................
[   33.129576] 00000070: 00 00 00 00 00 00 00 00 00 00 00 00 00 00 00 00  ................
[   33.132075] XFS (loop0): Metadata CRC error detected at xfs_agf_read_verify+0x102/0x130, xfs_agf block 0x8001 
[   33.134952] XFS (loop0): Unmount and run xfs_repair
[   33.136334] XFS (loop0): First 128 bytes of corrupted metadata buffer:
[   33.138232] 00000000: 58 41 47 46 00 00 00 01 00 00 00 01 00 00 40 00  XAGF..........@.
[   33.140469] 00000010: 00 00 00 02 00 00 00 03 00 00 00 00 00 00 00 01  ................
[   33.142775] 00000020: 00 00 00 01 00 00 00 00 00 00 00 01 00 00 00 04  ................
[   33.145530] 00000030: 00 00 00 04 00 00 3b 5f 00 00 3b 5c 00 00 00 00  ......;_..;\....
[   33.148215] 00000040: d6 f6 9d bd 8c 5d 46 be b8 8e 92 c0 ae 88 ce b2  .....]F.........
[   33.150775] 00000050: 00 00 00 00 00 00 00 00 00 00 00 00 00 00 00 00  ................
[   33.153267] 00000060: 00 00 00 00 00 00 00 00 00 00 00 00 00 00 00 00  ................
[   33.155791] 00000070: 00 00 00 00 00 00 00 00 00 00 00 00 00 00 00 00  ................
[   33.170647] XFS (loop0): Unmounting Filesystem
[   33.518156] loop0: detected capacity change from 0 to 65536
[   33.522583] XFS (loop0): Mounting V5 Filesystem
[   33.534402] XFS (loop0): Ending clean mount
[   33.536021] XFS (loop0): Quotacheck needed: Please wait.
[   33.554184] XFS (loop0): Quotacheck: Done.
[   33.670277] XFS (loop0): Metadata CRC error detected at xfs_agf_read_verify+0x102/0x130, xfs_agf block 0x8001 
[   33.672914] XFS (loop0): Unmount and run xfs_repair
[   33.674201] XFS (loop0): First 128 bytes of corrupted metadata buffer:
[   33.675809] 00000000: 58 41 47 46 00 00 00 01 00 00 00 01 00 00 40 00  XAGF..........@.
[   33.677824] 00000010: 00 00 00 02 00 00 00 03 00 00 00 00 00 00 00 01  ................
