c[?7l[2J[0mSeaBIOS (version rel-1.16.0-0-gd239552ce722-prebuilt.qemu.org)


iPXE (http://ipxe.org) 00:03.0 CA00 PCI2.10 PnP PMM+7FF91000+7FEF1000 CA00
Press Ctrl-B to configure iPXE (PCI 00:03.0)...                                                                               


Booting from ROM...
c[?7l[2J[    0.000000] Linux version 6.3.0-rc2-eeac8ede1755-8ac5b996bf51-revert+ (root@p-rpls01) (gcc (GCC) 8.5.0 20210514 (Red Hat 8.5.0-18), GNU ld version 2.36.1-2.el8) #1 SMP PREEMPT_DYNAMIC Mon Mar 20 06:17:28 CST 2023
[    0.000000] Command line: console=ttyS0 root=/dev/sda earlyprintk=serial net.ifnames=0
[    0.000000] KERNEL supported cpus:
[    0.000000]   Intel GenuineIntel
[    0.000000]   AMD AuthenticAMD
[    0.000000]   Hygon HygonGenuine
[    0.000000]   Centaur CentaurHauls
[    0.000000]   zhaoxin   Shanghai  
[    0.000000] x86/fpu: Supporting XSAVE feature 0x001: 'x87 floating point registers'
[    0.000000] x86/fpu: Supporting XSAVE feature 0x002: 'SSE registers'
[    0.000000] x86/fpu: Supporting XSAVE feature 0x004: 'AVX registers'
[    0.000000] x86/fpu: Supporting XSAVE feature 0x200: 'Protection Keys User registers'
[    0.000000] x86/fpu: xstate_offset[2]:  576, xstate_sizes[2]:  256
[    0.000000] x86/fpu: xstate_offset[9]:  832, xstate_sizes[9]:    8
[    0.000000] x86/fpu: Enabled xstate features 0x207, context size is 840 bytes, using 'compacted' format.
[    0.000000] signal: max sigframe size: 3632
[    0.000000] BIOS-provided physical RAM map:
[    0.000000] BIOS-e820: [mem 0x0000000000000000-0x000000000009fbff] usable
[    0.000000] BIOS-e820: [mem 0x000000000009fc00-0x000000000009ffff] reserved
[    0.000000] BIOS-e820: [mem 0x00000000000f0000-0x00000000000fffff] reserved
[    0.000000] BIOS-e820: [mem 0x0000000000100000-0x000000007ffdffff] usable
[    0.000000] BIOS-e820: [mem 0x000000007ffe0000-0x000000007fffffff] reserved
[    0.000000] BIOS-e820: [mem 0x00000000feffc000-0x00000000feffffff] reserved
[    0.000000] BIOS-e820: [mem 0x00000000fffc0000-0x00000000ffffffff] reserved
[    0.000000] printk: bootconsole [earlyser0] enabled
[    0.000000] NX (Execute Disable) protection: active
[    0.000000] SMBIOS 2.8 present.
[    0.000000] DMI: QEMU Standard PC (i440FX + PIIX, 1996), BIOS rel-1.16.0-0-gd239552ce722-prebuilt.qemu.org 04/01/2014
[    0.000000] Hypervisor detected: KVM
[    0.000000] kvm-clock: Using msrs 4b564d01 and 4b564d00
[    0.000003] kvm-clock: using sched offset of 707703756 cycles
[    0.001118] clocksource: kvm-clock: mask: 0xffffffffffffffff max_cycles: 0x1cd42e4dffb, max_idle_ns: 881590591483 ns
[    0.004000] tsc: Detected 806.400 MHz processor
[    0.004000] last_pfn = 0x7ffe0 max_arch_pfn = 0x400000000
[    0.004000] x86/PAT: Configuration [0-7]: WB  WC  UC- UC  WB  WP  UC- WT  
[    0.004000] found SMP MP-table at [mem 0x000f5ba0-0x000f5baf]
[    0.004000] Using GB pages for direct mapping
[    0.004000] ACPI: Early table checksum verification disabled
[    0.004000] ACPI: RSDP 0x00000000000F59C0 000014 (v00 BOCHS )
[    0.004000] ACPI: RSDT 0x000000007FFE1951 000034 (v01 BOCHS  BXPC     00000001 BXPC 00000001)
[    0.004000] ACPI: FACP 0x000000007FFE17FD 000074 (v01 BOCHS  BXPC     00000001 BXPC 00000001)
[    0.004000] ACPI: DSDT 0x000000007FFE0040 0017BD (v01 BOCHS  BXPC     00000001 BXPC 00000001)
[    0.004000] ACPI: FACS 0x000000007FFE0000 000040
[    0.004000] ACPI: APIC 0x000000007FFE1871 000080 (v01 BOCHS  BXPC     00000001 BXPC 00000001)
[    0.004000] ACPI: HPET 0x000000007FFE18F1 000038 (v01 BOCHS  BXPC     00000001 BXPC 00000001)
[    0.004000] ACPI: WAET 0x000000007FFE1929 000028 (v01 BOCHS  BXPC     00000001 BXPC 00000001)
[    0.004000] ACPI: Reserving FACP table memory at [mem 0x7ffe17fd-0x7ffe1870]
[    0.004000] ACPI: Reserving DSDT table memory at [mem 0x7ffe0040-0x7ffe17fc]
[    0.004000] ACPI: Reserving FACS table memory at [mem 0x7ffe0000-0x7ffe003f]
[    0.004000] ACPI: Reserving APIC table memory at [mem 0x7ffe1871-0x7ffe18f0]
[    0.004000] ACPI: Reserving HPET table memory at [mem 0x7ffe18f1-0x7ffe1928]
[    0.004000] ACPI: Reserving WAET table memory at [mem 0x7ffe1929-0x7ffe1950]
[    0.004000] No NUMA configuration found
[    0.004000] Faking a node at [mem 0x0000000000000000-0x000000007ffdffff]
[    0.004000] NODE_DATA(0) allocated [mem 0x7ffb5000-0x7ffdffff]
[    0.004000] Zone ranges:
[    0.004000]   DMA      [mem 0x0000000000001000-0x0000000000ffffff]
[    0.004000]   DMA32    [mem 0x0000000001000000-0x000000007ffdffff]
[    0.004000]   Normal   empty
[    0.004000]   Device   empty
[    0.004000] Movable zone start for each node
[    0.004000] Early memory node ranges
[    0.004000]   node   0: [mem 0x0000000000001000-0x000000000009efff]
[    0.004000]   node   0: [mem 0x0000000000100000-0x000000007ffdffff]
[    0.004000] Initmem setup node 0 [mem 0x0000000000001000-0x000000007ffdffff]
[    0.004000] On node 0, zone DMA: 1 pages in unavailable ranges
[    0.004000] On node 0, zone DMA: 97 pages in unavailable ranges
[    0.004000] On node 0, zone DMA32: 32 pages in unavailable ranges
[    0.004000] ACPI: PM-Timer IO Port: 0x608
[    0.004000] ACPI: LAPIC_NMI (acpi_id[0xff] dfl dfl lint[0x1])
[    0.004000] IOAPIC[0]: apic_id 0, version 17, address 0xfec00000, GSI 0-23
[    0.004000] ACPI: INT_SRC_OVR (bus 0 bus_irq 0 global_irq 2 dfl dfl)
[    0.004000] ACPI: INT_SRC_OVR (bus 0 bus_irq 5 global_irq 5 high level)
[    0.004000] ACPI: INT_SRC_OVR (bus 0 bus_irq 9 global_irq 9 high level)
[    0.004000] ACPI: INT_SRC_OVR (bus 0 bus_irq 10 global_irq 10 high level)
[    0.004000] ACPI: INT_SRC_OVR (bus 0 bus_irq 11 global_irq 11 high level)
[    0.004000] ACPI: Using ACPI (MADT) for SMP configuration information
[    0.004000] ACPI: HPET id: 0x8086a201 base: 0xfed00000
[    0.004000] TSC deadline timer available
[    0.004000] smpboot: Allowing 2 CPUs, 0 hotplug CPUs
[    0.004000] kvm-guest: KVM setup pv remote TLB flush
[    0.004000] kvm-guest: setup PV sched yield
[    0.004000] PM: hibernation: Registered nosave memory: [mem 0x00000000-0x00000fff]
[    0.004000] PM: hibernation: Registered nosave memory: [mem 0x0009f000-0x0009ffff]
[    0.004000] PM: hibernation: Registered nosave memory: [mem 0x000a0000-0x000effff]
[    0.004000] PM: hibernation: Registered nosave memory: [mem 0x000f0000-0x000fffff]
[    0.004000] [mem 0x80000000-0xfeffbfff] available for PCI devices
[    0.004000] Booting paravirtualized kernel on KVM
[    0.004000] clocksource: refined-jiffies: mask: 0xffffffff max_cycles: 0xffffffff, max_idle_ns: 7645519600211568 ns
[    0.004000] setup_percpu: NR_CPUS:8192 nr_cpumask_bits:2 nr_cpu_ids:2 nr_node_ids:1
[    0.004000] percpu: Embedded 65 pages/cpu s229376 r8192 d28672 u1048576
[    0.004000] kvm-guest: PV spinlocks enabled
[    0.004000] PV qspinlock hash table entries: 256 (order: 0, 4096 bytes, linear)
[    0.004000] Fallback order for Node 0: 0 
[    0.004000] Built 1 zonelists, mobility grouping on.  Total pages: 515808
[    0.004000] Policy zone: DMA32
[    0.004000] Kernel command line: net.ifnames=0 console=ttyS0 root=/dev/sda earlyprintk=serial net.ifnames=0
[    0.004000] random: crng init done
[    0.004000] Dentry cache hash table entries: 262144 (order: 9, 2097152 bytes, linear)
[    0.004000] Inode-cache hash table entries: 131072 (order: 8, 1048576 bytes, linear)
[    0.004000] mem auto-init: stack:off, heap alloc:off, heap free:off
[    0.004000] Memory: 1964888K/2096632K available (36864K kernel code, 4578K rwdata, 9848K rodata, 10508K init, 31780K bss, 131488K reserved, 0K cma-reserved)
[    0.004000] SLUB: HWalign=64, Order=0-3, MinObjects=0, CPUs=2, Nodes=1
[    0.004000] kmemleak: Kernel memory leak detector disabled
[    0.004000] ftrace: allocating 68737 entries in 269 pages
[    0.004000] ftrace: allocated 269 pages with 4 groups
[    0.004000] Dynamic Preempt: voluntary
[    0.004000] Running RCU self tests
[    0.004000] Running RCU synchronous self tests
[    0.004000] rcu: Preemptible hierarchical RCU implementation.
[    0.004000] rcu: 	RCU lockdep checking is enabled.
[    0.004000] rcu: 	RCU restricting CPUs from NR_CPUS=8192 to nr_cpu_ids=2.
[    0.004000] 	Trampoline variant of Tasks RCU enabled.
[    0.004000] 	Rude variant of Tasks RCU enabled.
[    0.004000] 	Tracing variant of Tasks RCU enabled.
[    0.004000] rcu: RCU calculated value of scheduler-enlistment delay is 25 jiffies.
[    0.004000] rcu: Adjusting geometry for rcu_fanout_leaf=16, nr_cpu_ids=2
[    0.004000] Running RCU synchronous self tests
[    0.004000] NR_IRQS: 524544, nr_irqs: 440, preallocated irqs: 16
[    0.004000] rcu: srcu_init: Setting srcu_struct sizes based on contention.
[    0.004000] Console: colour VGA+ 80x25
[    0.004000] printk: console [ttyS0] enabled
[    0.004000] printk: console [ttyS0] enabled
[    0.004000] printk: bootconsole [earlyser0] disabled
[    0.004000] printk: bootconsole [earlyser0] disabled
[    0.004000] Lock dependency validator: Copyright (c) 2006 Red Hat, Inc., Ingo Molnar
[    0.004000] ... MAX_LOCKDEP_SUBCLASSES:  8
[    0.004000] ... MAX_LOCK_DEPTH:          48
[    0.004000] ... MAX_LOCKDEP_KEYS:        8192
[    0.004000] ... CLASSHASH_SIZE:          4096
[    0.004000] ... MAX_LOCKDEP_ENTRIES:     32768
[    0.004000] ... MAX_LOCKDEP_CHAINS:      65536
[    0.004000] ... CHAINHASH_SIZE:          32768
[    0.004000]  memory used by lock dependency info: 6365 kB
[    0.004000]  memory used for stack traces: 4224 kB
[    0.004000]  per task-struct memory footprint: 1920 bytes
[    0.004000] ACPI: Core revision 20221020
[    0.004000] clocksource: hpet: mask: 0xffffffff max_cycles: 0xffffffff, max_idle_ns: 19112604467 ns
[    0.004000] APIC: Switch to symmetric I/O mode setup
[    0.004000] x2apic enabled
[    0.004000] Switched APIC routing to physical x2apic.
[    0.004000] kvm-guest: setup PV IPIs
[    0.004000] ..TIMER: vector=0x30 apic1=0 pin1=2 apic2=-1 pin2=-1
[    0.004000] clocksource: tsc-early: mask: 0xffffffffffffffff max_cycles: 0xb9fb05486c, max_idle_ns: 440795231721 ns
[    0.353758] Calibrating delay loop (skipped) preset value.. 1612.80 BogoMIPS (lpj=3225600)
[    0.357742] pid_max: default: 32768 minimum: 301
[    0.358847] LSM: initializing lsm=capability,yama,integrity
[    0.360066] Yama: becoming mindful.
[    0.361984] Mount-cache hash table entries: 4096 (order: 3, 32768 bytes, linear)
[    0.363571] Mountpoint-cache hash table entries: 4096 (order: 3, 32768 bytes, linear)
[    0.367239] CPU0: Thermal monitoring enabled (TM1)
[    0.369806] x86/cpu: User Mode Instruction Prevention (UMIP) activated
[    0.372568] Last level iTLB entries: 4KB 0, 2MB 0, 4MB 0
[    0.373775] Last level dTLB entries: 4KB 0, 2MB 0, 4MB 0, 1GB 0
[    0.375115] Spectre V1 : Mitigation: usercopy/swapgs barriers and __user pointer sanitization
[    0.376953] Spectre V2 : WARNING: Unprivileged eBPF is enabled with eIBRS on, data leaks possible via Spectre v2 BHB attacks!
[    0.377748] Spectre V2 : Mitigation: Enhanced / Automatic IBRS
[    0.378965] Spectre V2 : Spectre v2 / SpectreRSB mitigation: Filling RSB on context switch
[    0.381741] Spectre V2 : Spectre v2 / PBRSB-eIBRS: Retire a single CALL on VMEXIT
[    0.383300] Spectre V2 : mitigation: Enabling conditional Indirect Branch Prediction Barrier
[    0.385742] Speculative Store Bypass: Mitigation: Speculative Store Bypass disabled via prctl
[    0.387502] MMIO Stale Data: Unknown: No mitigations
[    0.541487] Freeing SMP alternatives memory: 56K
[    0.541815] Running RCU synchronous self tests
[    0.542849] Running RCU synchronous self tests
[    0.544422] smpboot: CPU0: Genuine Intel(R) 0000 (family: 0x6, model: 0xb7, stepping: 0x0)
[    0.545738] cblist_init_generic: Setting adjustable number of callback queues.
[    0.545752] cblist_init_generic: Setting shift to 1 and lim to 1.
[    0.547207] cblist_init_generic: Setting shift to 1 and lim to 1.
[    0.548672] cblist_init_generic: Setting shift to 1 and lim to 1.
[    0.549801] Running RCU-tasks wait API self tests
[    0.654008] Performance Events: Alderlake Hybrid events, full-width counters, Intel PMU driver.
[    0.656796] core: cpu_core PMU driver: 
[    0.657612] ... version:                2
[    0.657751] ... bit width:              48
[    0.658615] ... generic registers:      6
[    0.659468] ... value mask:             0000ffffffffffff
[    0.660587] ... max period:             00007fffffffffff
[    0.661709] ... fixed-purpose events:   3
[    0.661748] ... event mask:             0001000f0000003f
[    0.663305] rcu: Hierarchical SRCU implementation.
[    0.664313] rcu: 	Max phase no-delay instances is 1000.
[    0.668150] unchecked MSR access error: WRMSR to 0x38f (tried to write 0x0001000f0000003f) at rIP: 0xffffffff810e0c2c (native_write_msr+0xc/0x30)
[    0.669738] Call Trace:
[    0.669738]  <TASK>
[    0.669738]  __intel_pmu_enable_all.constprop.49+0xb5/0x140
[    0.669738]  intel_pmu_enable_all+0x1e/0x30
[    0.669738]  x86_pmu_enable+0x46d/0x5a0
[    0.669738]  ? write_comp_data+0x2f/0x90
[    0.669738]  perf_pmu_enable+0x53/0x70
[    0.669738]  ctx_resched+0x14d/0x1e0
[    0.669738]  __perf_install_in_context+0x2f7/0x470
[    0.669738]  ? lock_is_held_type+0xe6/0x140
[    0.669738]  ? __pfx_remote_function+0x10/0x10
[    0.669738]  remote_function+0x80/0xa0
[    0.669738]  ? __pfx_remote_function+0x10/0x10
[    0.669738]  generic_exec_single+0x124/0x190
[    0.669738]  smp_call_function_single+0x11c/0x240
[    0.669738]  ? __pfx_remote_function+0x10/0x10
[    0.669738]  ? __sanitizer_cov_trace_pc+0x25/0x60
[    0.669738]  ? write_comp_data+0x2f/0x90
[    0.669738]  perf_install_in_context+0x2d8/0x300
[    0.669738]  ? __pfx___perf_install_in_context+0x10/0x10
[    0.669738]  perf_event_create_kernel_counter+0x284/0x2b0
[    0.669738]  ? __pfx_watchdog_overflow_callback+0x10/0x10
[    0.669738]  hardlockup_detector_event_create+0x46/0xd0
[    0.669738]  hardlockup_detector_perf_init+0x18/0x80
[    0.669738]  watchdog_nmi_probe+0x17/0x20
[    0.669738]  lockup_detector_init+0x40/0xb0
[    0.669738]  kernel_init_freeable+0x37e/0x8c0
[    0.669738]  ? __pfx_kernel_init+0x10/0x10
[    0.669738]  kernel_init+0x24/0x1e0
[    0.669738]  ? __pfx_kernel_init+0x10/0x10
[    0.669738]  ret_from_fork+0x29/0x50
[    0.669738]  </TASK>
[    0.669793] Callback from call_rcu_tasks_trace() invoked.
[    0.671078] smp: Bringing up secondary CPUs ...
[    0.674174] x86: Booting SMP configuration:
[    0.675058] .... node  #0, CPUs:      #1
[    0.675917] smp: Brought up 1 node, 2 CPUs
[    0.677769] smpboot: Max logical packages: 1
[    0.678637] smpboot: Total of 2 processors activated (3225.60 BogoMIPS)
[    0.681759] devtmpfs: initialized
[    0.682894] x86/mm: Memory block size: 128MB
[    0.686916] Running RCU synchronous self tests
[    0.687197] Running RCU synchronous self tests
[    0.688187] clocksource: jiffies: mask: 0xffffffff max_cycles: 0xffffffff, max_idle_ns: 7645041785100000 ns
[    0.689765] futex hash table entries: 512 (order: 4, 65536 bytes, linear)
[    0.691558] pinctrl core: initialized pinctrl subsystem
[    0.693309] 
[    0.693657] *************************************************************
[    0.693748] **     NOTICE NOTICE NOTICE NOTICE NOTICE NOTICE NOTICE    **
[    0.695147] **                                                         **
[    0.696576] **  IOMMU DebugFS SUPPORT HAS BEEN ENABLED IN THIS KERNEL  **
[    0.697747] **                                                         **
[    0.699147] ** This means that this kernel is built to expose internal **
[    0.700549] ** IOMMU data structures, which may compromise security on **
[    0.701746] ** your system.                                            **
[    0.703075] **                                                         **
[    0.704410] ** If you see this message and you are not debugging the   **
[    0.705746] ** kernel, report this immediately to your vendor!         **
[    0.707072] **                                                         **
[    0.708410] **     NOTICE NOTICE NOTICE NOTICE NOTICE NOTICE NOTICE    **
[    0.709746] *************************************************************
[    0.711220] PM: RTC time: 22:18:14, date: 2023-03-19
[    0.715334] NET: Registered PF_NETLINK/PF_ROUTE protocol family
[    0.717238] DMA: preallocated 256 KiB GFP_KERNEL pool for atomic allocations
[    0.717767] DMA: preallocated 256 KiB GFP_KERNEL|GFP_DMA pool for atomic allocations
[    0.719300] DMA: preallocated 256 KiB GFP_KERNEL|GFP_DMA32 pool for atomic allocations
[    0.720905] audit: initializing netlink subsys (disabled)
[    0.721846] audit: type=2000 audit(1679264295.037:1): state=initialized audit_enabled=0 res=1
[    0.722655] thermal_sys: Registered thermal governor 'fair_share'
[    0.723325] thermal_sys: Registered thermal governor 'bang_bang'
[    0.724564] thermal_sys: Registered thermal governor 'step_wise'
[    0.725754] thermal_sys: Registered thermal governor 'user_space'
[    0.727000] cpuidle: using governor ladder
[    0.729036] cpuidle: using governor menu
[    0.730211] acpiphp: ACPI Hot Plug PCI Controller Driver version: 0.5
[    0.731898] PCI: Using configuration type 1 for base access
[    0.734080] kprobes: kprobe jump-optimization is enabled. All kprobes are optimized if possible.
[    1.003939] HugeTLB: registered 1.00 GiB page size, pre-allocated 0 pages
[    1.005412] HugeTLB: 16380 KiB vmemmap can be freed for a 1.00 GiB page
[    1.005756] HugeTLB: registered 2.00 MiB page size, pre-allocated 0 pages
[    1.007185] HugeTLB: 28 KiB vmemmap can be freed for a 2.00 MiB page
[    1.010992] ACPI: Added _OSI(Module Device)
[    1.011923] ACPI: Added _OSI(Processor Device)
[    1.012864] ACPI: Added _OSI(3.0 _SCP Extensions)
[    1.013754] ACPI: Added _OSI(Processor Aggregator Device)
[    1.021001] ACPI: 1 ACPI AML tables successfully acquired and loaded
[    3.485774] Callback from call_rcu_tasks_rude() invoked.
[    3.535816] ACPI: Interpreter enabled
[    3.535816] ACPI: PM: (supports S0 S3 S4 S5)
[    3.537751] ACPI: Using IOAPIC for interrupt routing
[    3.538594] PCI: Using host bridge windows from ACPI; if necessary, use "pci=nocrs" and report a bug
[    3.540004] PCI: Using E820 reservations for host bridge windows
[    3.541607] ACPI: Enabled 2 GPEs in block 00 to 0F
[    3.557421] ACPI: PCI Root Bridge [PCI0] (domain 0000 [bus 00-ff])
[    3.557760] acpi PNP0A03:00: _OSC: OS supports [ASPM ClockPM Segments MSI EDR HPX-Type3]
[    3.559047] acpi PNP0A03:00: _OSC: not requesting OS control; OS requires [ExtendedConfig ASPM ClockPM MSI]
[    3.560650] acpi PNP0A03:00: fail to add MMCONFIG information, can't access extended configuration space under this bridge
[    3.564065] acpiphp: Slot [3] registered
[    3.564788] acpiphp: Slot [4] registered
[    3.565509] acpiphp: Slot [5] registered
[    3.565814] acpiphp: Slot [6] registered
[    3.566544] acpiphp: Slot [7] registered
[    3.567261] acpiphp: Slot [8] registered
[    3.567985] acpiphp: Slot [9] registered
[    3.568693] acpiphp: Slot [10] registered
[    3.569415] acpiphp: Slot [11] registered
[    3.569811] acpiphp: Slot [12] registered
[    3.570533] acpiphp: Slot [13] registered
[    3.571259] acpiphp: Slot [14] registered
[    3.571981] acpiphp: Slot [15] registered
[    3.572701] acpiphp: Slot [16] registered
[    3.573421] acpiphp: Slot [17] registered
[    3.573811] acpiphp: Slot [18] registered
[    3.574532] acpiphp: Slot [19] registered
[    3.575263] acpiphp: Slot [20] registered
[    3.575985] acpiphp: Slot [21] registered
[    3.576705] acpiphp: Slot [22] registered
[    3.577430] acpiphp: Slot [23] registered
[    3.577810] acpiphp: Slot [24] registered
[    3.578541] acpiphp: Slot [25] registered
[    3.579271] acpiphp: Slot [26] registered
[    3.579991] acpiphp: Slot [27] registered
[    3.580715] acpiphp: Slot [28] registered
[    3.581436] acpiphp: Slot [29] registered
[    3.581810] acpiphp: Slot [30] registered
[    3.582545] acpiphp: Slot [31] registered
[    3.583231] PCI host bridge to bus 0000:00
[    3.583903] pci_bus 0000:00: root bus resource [io  0x0000-0x0cf7 window]
[    3.585000] pci_bus 0000:00: root bus resource [io  0x0d00-0xffff window]
[    3.585746] pci_bus 0000:00: root bus resource [mem 0x000a0000-0x000bffff window]
[    3.586966] pci_bus 0000:00: root bus resource [mem 0x80000000-0xfebfffff window]
[    3.588173] pci_bus 0000:00: root bus resource [mem 0x100000000-0x17fffffff window]
[    3.589414] pci_bus 0000:00: root bus resource [bus 00-ff]
[    3.593925] pci 0000:00:00.0: [8086:1237] type 00 class 0x060000
[    3.598115] pci 0000:00:01.0: [8086:7000] type 00 class 0x060100
[    3.600186] pci 0000:00:01.1: [8086:7010] type 00 class 0x010180
[    3.602920] pci 0000:00:01.1: reg 0x20: [io  0xc040-0xc04f]
[    3.604531] pci 0000:00:01.1: legacy IDE quirk: reg 0x10: [io  0x01f0-0x01f7]
[    3.605693] pci 0000:00:01.1: legacy IDE quirk: reg 0x14: [io  0x03f6]
[    3.605748] pci 0000:00:01.1: legacy IDE quirk: reg 0x18: [io  0x0170-0x0177]
[    3.606892] pci 0000:00:01.1: legacy IDE quirk: reg 0x1c: [io  0x0376]
[    3.608320] pci 0000:00:01.3: [8086:7113] type 00 class 0x068000
[    3.609969] pci 0000:00:01.3: quirk: [io  0x0600-0x063f] claimed by PIIX4 ACPI
[    3.611403] pci 0000:00:01.3: quirk: [io  0x0700-0x070f] claimed by PIIX4 SMB
[    3.613039] pci 0000:00:02.0: [1234:1111] type 00 class 0x030000
[    3.616540] pci 0000:00:02.0: reg 0x10: [mem 0xfd000000-0xfdffffff pref]
[    3.619755] pci 0000:00:02.0: reg 0x18: [mem 0xfebf0000-0xfebf0fff]
[    3.624257] pci 0000:00:02.0: reg 0x30: [mem 0xfebe0000-0xfebeffff pref]
[    3.625783] pci 0000:00:02.0: Video device with shadowed ROM at [mem 0x000c0000-0x000dffff]
[    3.630864] pci 0000:00:03.0: [8086:100e] type 00 class 0x020000
[    3.632378] pci 0000:00:03.0: reg 0x10: [mem 0xfebc0000-0xfebdffff]
[    3.633747] pci 0000:00:03.0: reg 0x14: [io  0xc000-0xc03f]
[    3.637716] pci 0000:00:03.0: reg 0x30: [mem 0xfeb80000-0xfebbffff pref]
[    3.661892] Callback from call_rcu_tasks() invoked.
[    3.669922] ACPI: PCI: Interrupt link LNKA configured for IRQ 10
[    3.671331] ACPI: PCI: Interrupt link LNKB configured for IRQ 10
[    3.672678] ACPI: PCI: Interrupt link LNKC configured for IRQ 11
[    3.674031] ACPI: PCI: Interrupt link LNKD configured for IRQ 11
[    3.675200] ACPI: PCI: Interrupt link LNKS configured for IRQ 9
[    3.677916] iommu: Default domain type: Translated 
[    3.678592] iommu: DMA domain TLB invalidation policy: lazy mode 
[    3.682632] SCSI subsystem initialized
[    3.683272] ACPI: bus type USB registered
[    3.683272] usbcore: registered new interface driver usbfs
[    3.683671] usbcore: registered new interface driver hub
[    3.684562] usbcore: registered new device driver usb
[    3.685511] pps_core: LinuxPPS API ver. 1 registered
[    3.685745] pps_core: Software ver. 5.3.6 - Copyright 2005-2007 Rodolfo Giometti <giometti@linux.it>
[    3.687198] PTP clock support registered
[    3.689828] EDAC MC: Ver: 3.0.0
[    3.691280] NetLabel: Initializing
[    3.691833] NetLabel:  domain hash size = 128
[    3.693749] NetLabel:  protocols = UNLABELED CIPSOv4 CALIPSO
[    3.694700] NetLabel:  unlabeled traffic allowed by default
[    3.695681] PCI: Using ACPI for IRQ routing
[    3.695681] pci 0000:00:02.0: vgaarb: setting as boot VGA device
[    3.695681] pci 0000:00:02.0: vgaarb: bridge control possible
[    3.695681] pci 0000:00:02.0: vgaarb: VGA device added: decodes=io+mem,owns=io+mem,locks=none
[    3.697749] vgaarb: loaded
[    3.698546] hpet0: at MMIO 0xfed00000, IRQs 2, 8, 0
[    3.699360] hpet0: 3 comparators, 64-bit 100.000000 MHz counter
[    3.701983] clocksource: Switched to clocksource kvm-clock
[    3.703738] VFS: Disk quotas dquot_6.6.0
[    3.704417] VFS: Dquot-cache hash table entries: 512 (order 0, 4096 bytes)
[    3.705606] pnp: PnP ACPI init
[    3.707911] pnp: PnP ACPI: found 6 devices
[    3.719473] clocksource: acpi_pm: mask: 0xffffff max_cycles: 0xffffff, max_idle_ns: 2085701024 ns
[    3.721312] NET: Registered PF_INET protocol family
[    3.722252] IP idents hash table entries: 32768 (order: 6, 262144 bytes, linear)
[    3.724543] tcp_listen_portaddr_hash hash table entries: 1024 (order: 4, 73728 bytes, linear)
[    3.725992] Table-perturb hash table entries: 65536 (order: 6, 262144 bytes, linear)
[    3.727275] TCP established hash table entries: 16384 (order: 5, 131072 bytes, linear)
[    3.728778] TCP bind hash table entries: 16384 (order: 9, 2359296 bytes, linear)
[    3.732024] TCP: Hash tables configured (established 16384 bind 16384)
[    3.733270] UDP hash table entries: 1024 (order: 5, 163840 bytes, linear)
[    3.734562] UDP-Lite hash table entries: 1024 (order: 5, 163840 bytes, linear)
[    3.735953] NET: Registered PF_UNIX/PF_LOCAL protocol family
[    3.737400] RPC: Registered named UNIX socket transport module.
[    3.738450] RPC: Registered udp transport module.
[    3.739254] RPC: Registered tcp transport module.
[    3.740057] RPC: Registered tcp NFSv4.1 backchannel transport module.
[    3.741196] pci_bus 0000:00: resource 4 [io  0x0000-0x0cf7 window]
[    3.742262] pci_bus 0000:00: resource 5 [io  0x0d00-0xffff window]
[    3.743307] pci_bus 0000:00: resource 6 [mem 0x000a0000-0x000bffff window]
[    3.744469] pci_bus 0000:00: resource 7 [mem 0x80000000-0xfebfffff window]
[    3.745636] pci_bus 0000:00: resource 8 [mem 0x100000000-0x17fffffff window]
[    3.747131] pci 0000:00:01.0: PIIX3: Enabling Passive Release
[    3.748138] pci 0000:00:00.0: Limiting direct PCI/PCI transfers
[    3.749337] PCI: CLS 0 bytes, default 64
[    3.750160] ACPI: bus type thunderbolt registered
[    3.751358] clocksource: tsc: mask: 0xffffffffffffffff max_cycles: 0xb9fb05486c, max_idle_ns: 440795231721 ns
[    3.832289] Initialise system trusted keyrings
[    3.833211] Key type blacklist registered
[    3.834142] workingset: timestamp_bits=36 max_order=19 bucket_order=0
[    3.835312] zbud: loaded
[    3.836438] squashfs: version 4.0 (2009/01/31) Phillip Lougher
[    3.838325] NFS: Registering the id_resolver key type
[    3.839224] Key type id_resolver registered
[    3.839941] Key type id_legacy registered
[    3.840667] nfs4filelayout_init: NFSv4 File Layout Driver Registering...
[    3.841877] nfs4flexfilelayout_init: NFSv4 Flexfile Layout Driver Registering...
[    3.843269] fuse: init (API version 7.38)
[    3.844112] SGI XFS with ACLs, security attributes, realtime, quota, no debug enabled
[    3.846189] 9p: Installing v9fs 9p2000 file system support
[    3.853789] Key type asymmetric registered
[    3.854532] Asymmetric key parser 'x509' registered
[    3.855428] Block layer SCSI generic (bsg) driver version 0.4 loaded (major 243)
[    3.857048] io scheduler mq-deadline registered
[    3.857941] io scheduler bfq registered
[    3.859246] shpchp: Standard Hot Plug PCI Controller Driver version: 0.4
[    3.860803] IPMI message handler: version 39.2
[    3.861629] ipmi device interface
[    3.864021] input: Power Button as /devices/LNXSYSTM:00/LNXPWRBN:00/input/input0
[    3.865592] ACPI: button: Power Button [PWRF]
[    3.867486] ERST DBG: ERST support is disabled.
[    3.868972] Serial: 8250/16550 driver, 32 ports, IRQ sharing enabled
[    3.870987] 00:04: ttyS0 at I/O 0x3f8 (irq = 4, base_baud = 115200) is a 16550A
[    3.880252] Linux agpgart interface v0.103
[    3.881792] ACPI: bus type drm_connector registered
[    3.899409] brd: module loaded
[    3.908457] loop: module loaded
[    3.914561] scsi host0: ata_piix
[    3.921924] scsi host1: ata_piix
[    3.922662] ata1: PATA max MWDMA2 cmd 0x1f0 ctl 0x3f6 bmdma 0xc040 irq 14
[    3.923777] ata2: PATA max MWDMA2 cmd 0x170 ctl 0x376 bmdma 0xc048 irq 15
[    3.925990] tun: Universal TUN/TAP device driver, 1.6
[    3.926977] e100: Intel(R) PRO/100 Network Driver
[    3.927756] e100: Copyright(c) 1999-2006 Intel Corporation
[    3.928698] e1000: Intel(R) PRO/1000 Network Driver
[    3.929507] e1000: Copyright (c) 1999-2006 Intel Corporation.
[    4.082075] ata1: found unknown device (class 0)
[    4.083599] ata1.00: ATA-7: QEMU HARDDISK, 2.5+, max UDMA/100
[    4.084506] ata1.00: 16777216 sectors, multi 16: LBA48 
[    4.086045] ata2: found unknown device (class 0)
[    4.087364] ata2.00: ATAPI: QEMU DVD-ROM, 2.5+, max UDMA/100
[    4.089082] scsi 0:0:0:0: Direct-Access     ATA      QEMU HARDDISK    2.5+ PQ: 0 ANSI: 5
[    4.091466] scsi 0:0:0:0: Attached scsi generic sg0 type 0
[    4.093155] sd 0:0:0:0: [sda] 16777216 512-byte logical blocks: (8.59 GB/8.00 GiB)
[    4.094665] sd 0:0:0:0: [sda] Write Protect is off
[    4.095461] scsi 1:0:0:0: CD-ROM            QEMU     QEMU DVD-ROM     2.5+ PQ: 0 ANSI: 5
[    4.097165] sd 0:0:0:0: [sda] Write cache: enabled, read cache: enabled, doesn't support DPO or FUA
[    4.099142] sd 0:0:0:0: [sda] Preferred minimum I/O size 512 bytes
[    4.114641] scsi 1:0:0:0: Attached scsi generic sg1 type 5
[    4.120240] sd 0:0:0:0: [sda] Attached SCSI disk
[    4.126467] ACPI: \_SB_.LNKC: Enabled at IRQ 11
[    4.479352] e1000 0000:00:03.0 eth0: (PCI:33MHz:32-bit) 52:54:00:12:34:56
[    4.480379] e1000 0000:00:03.0 eth0: Intel(R) PRO/1000 Network Connection
[    4.481458] e1000e: Intel(R) PRO/1000 Network Driver
[    4.482200] e1000e: Copyright(c) 1999 - 2015 Intel Corporation.
[    4.483117] igb: Intel(R) Gigabit Ethernet Network Driver
[    4.483905] igb: Copyright (c) 2007-2014 Intel Corporation.
[    4.484802] PPP generic driver version 2.4.2
[    4.486233] VFIO - User Level meta-driver version: 0.3
[    4.487592] usbcore: registered new interface driver uas
[    4.488423] usbcore: registered new interface driver usb-storage
[    4.489435] i8042: PNP: PS/2 Controller [PNP0303:KBD,PNP0f13:MOU] at 0x60,0x64 irq 1,12
[    4.491813] serio: i8042 KBD port at 0x60,0x64 irq 1
[    4.492588] serio: i8042 AUX port at 0x60,0x64 irq 12
[    4.494118] mousedev: PS/2 mouse device common for all mice
[    4.495830] input: AT Translated Set 2 keyboard as /devices/platform/i8042/serio0/input/input1
[    4.498314] input: VirtualPS/2 VMware VMMouse as /devices/platform/i8042/serio1/input/input4
[    4.499687] rtc_cmos 00:05: RTC can wake from S4
[    4.501622] input: VirtualPS/2 VMware VMMouse as /devices/platform/i8042/serio1/input/input3
[    4.503179] rtc_cmos 00:05: registered as rtc0
[    4.503946] rtc_cmos 00:05: setting system clock to 2023-03-19T22:18:18 UTC (1679264298)
[    4.505345] rtc_cmos 00:05: alarms up to one day, y3k, 242 bytes nvram, hpet irqs
[    4.506482] i2c_dev: i2c /dev entries driver
[    4.507417] device-mapper: core: CONFIG_IMA_DISABLE_HTABLE is disabled. Duplicate IMA measurements will not be recorded in the IMA log.
[    4.509191] device-mapper: uevent: version 1.0.3
[    4.510069] device-mapper: ioctl: 4.47.0-ioctl (2022-07-28) initialised: dm-devel@redhat.com
[    4.511310] intel_pstate: CPU model not supported
[    4.512082] sdhci: Secure Digital Host Controller Interface driver
[    4.512985] sdhci: Copyright(c) Pierre Ossman
[    4.513711] sdhci-pltfm: SDHCI platform and OF driver helper
[    4.514634] ledtrig-cpu: registered to indicate activity on CPUs
[    4.515850] drop_monitor: Initializing network drop monitor service
[    4.517041] NET: Registered PF_INET6 protocol family
[    4.520821] Segment Routing with IPv6
[    4.521434] In-situ OAM (IOAM) with IPv6
[    4.522109] NET: Registered PF_PACKET protocol family
[    4.523041] 9pnet: Installing 9P2000 support
[    4.523737] Key type dns_resolver registered
[    4.525214] IPI shorthand broadcast: enabled
[    4.539218] sched_clock: Marking stable (4196003600, 341738323)->(4642888783, -105146860)
[    4.541011] registered taskstats version 1
[    4.541892] Loading compiled-in X.509 certificates
[    4.543530] zswap: loaded using pool lzo/zbud
[    4.558000] Key type .fscrypt registered
[    4.558585] Key type fscrypt-provisioning registered
[    4.560272] Key type encrypted registered
[    4.560904] ima: No TPM chip found, activating TPM-bypass!
[    4.561847] ima: Allocated hash algorithm: sha1
[    4.562558] ima: No architecture policies found
[    4.563265] evm: Initialising EVM extended attributes:
[    4.563982] evm: security.selinux
[    4.564450] evm: security.SMACK64
[    4.564911] evm: security.SMACK64EXEC
[    4.565423] evm: security.SMACK64TRANSMUTE
[    4.566004] evm: security.SMACK64MMAP
[    4.566517] evm: security.apparmor
[    4.566990] evm: security.ima
[    4.567406] evm: security.capability
[    4.567902] evm: HMAC attrs: 0x1
[    4.569760] PM:   Magic number: 15:16:351
[    4.570904] RAS: Correctable Errors collector initialized.
[    4.572860] md: Waiting for all devices to be available before autodetect
[    4.573476] md: If you don't use raid, use raid=noautodetect
[    4.574027] md: Autodetecting RAID arrays.
[    4.574404] md: autorun ...
[    4.574662] md: ... autorun DONE.
[    4.587160] EXT4-fs (sda): mounted filesystem 23a53bb9-f815-47a5-b74c-5e08f7731193 with ordered data mode. Quota mode: none.
[    4.588127] VFS: Mounted root (ext4 filesystem) readonly on device 8:0.
[    4.590840] devtmpfs: mounted
[    4.595324] Freeing unused decrypted memory: 2036K
[    4.598464] Freeing unused kernel image (initmem) memory: 10508K
[    4.605872] Write protecting the kernel read-only data: 47104k
[    4.607693] Freeing unused kernel image (rodata/data gap) memory: 392K
[    4.683692] x86/mm: Checked W+X mappings: passed, no W+X pages found.
[    4.684239] Run /sbin/init as init process
[    4.772421] systemd[1]: RTC configured in localtime, applying delta of 0 minutes to system time.
[    4.798748] systemd[1]: systemd 239 (239-49.el8) running in system mode. (+PAM +AUDIT +SELINUX +IMA -APPARMOR +SMACK +SYSVINIT +UTMP +LIBCRYPTSETUP +GCRYPT +GNUTLS +ACL +XZ +LZ4 +SECCOMP +BLKID +ELFUTILS +KMOD +IDN2 -IDN +PCRE2 default-hierarchy=legacy)
[    4.800646] systemd[1]: Detected virtualization kvm.
[    4.801056] systemd[1]: Detected architecture x86-64.

Welcome to [0;31mCentOS Stream 8[0m!

[    4.879875] systemd[1]: Set hostname to <test>.
[    5.099849] systemd[1]: Set up automount Arbitrary Executable File Formats File System Automount Point.
[[0;32m  OK  [0m] Set up automount Arbitrary Executabâ€¦rmats File System Automount Point.
[    5.101716] systemd[1]: Listening on Device-mapper event daemon FIFOs.
[[0;32m  OK  [0m] Listening on Device-mapper event daemon FIFOs.
[    5.103500] systemd[1]: Listening on RPCbind Server Activation Socket.
[[0;32m  OK  [0m] Listening on RPCbind Server Activation Socket.
[    5.111351] systemd[1]: Listening on Process Core Dump Socket.
[[0;32m  OK  [0m] Listening on Process Core Dump Socket.
[    5.112548] systemd[1]: Listening on multipathd control socket.
[[0;32m  OK  [0m] Listening on multipathd control socket.
[    5.113856] systemd[1]: Listening on udev Control Socket.
[[0;32m  OK  [0m] Listening on udev Control Socket.
[[0;32m  OK  [0m] Created slice system-getty.slice.
[[0;32m  OK  [0m] Created slice system-sshd\x2dkeygen.slice.
[[0;32m  OK  [0m] Listening on udev Kernel Socket.
[[0;32m  OK  [0m] Listening on Journal Socket.
         Starting udev Coldplug all Devices...
         Mounting Huge Pages File System...
         Starting Load Kernel Modules...
         Mounting POSIX Message Queue File System...
         Starting Remount Root and Kernel File Systems...
[[0;32m  OK  [0m] Reached target Swap.
[[0;32m  OK  [0m] Listening on LVM2 poll daemon socket.
[[0;32m  OK  [0m] Listening on Journal Socket (/dev/log).
         Starting Journal Service...
[[0;32m  OK  [0m] Created slice User and Session Slice.
[[0;32m  OK  [0m] Reached target Slices.
[[0;32m  OK  [0m] Reached target RPC Port Mapper.
         Mounting Kernel Debug File System...
         Starting Monitoring of LVM2 mirrorsâ€¦ng dmeventd or progress polling...
[[0;32m  OK  [0m] Created slice system-serial\x2dgetty.slice.
[[0;32m  OK  [0m] Listening on initctl Compatibility Named Pipe.
         Starting Setup Virtual Console...
[[0;32m  OK  [0m] Started Forward Password Requests to Wall Directory Watch.
[[0;32m  OK  [0m] Mounted Huge Pages File System.
[[0;1;31mFAILED[0m] Failed to start Load Kernel Modules.
See 'systemctl status systemd-modules-load.service' for details.
[[0;32m  OK  [0m] Mounted POSIX Message Queue File System.
[[0;32m  OK  [0m] Started Journal Service.
[[0;32m  OK  [0m] Mounted Kernel Debug File System.
[    5.469108] EXT4-fs (sda): re-mounted 23a53bb9-f815-47a5-b74c-5e08f7731193. Quota mode: none.
         Starting Apply Kernel Variables...
         Mounting FUSE Control File System...
         Mounting Kernel Configuration File System...
[[0;32m  OK  [0m] Started Remount Root and Kernel File Systems.
[[0;32m  OK  [0m] Started udev Coldplug all Devices.
[[0;32m  OK  [0m] Mounted FUSE Control File System.
[[0;32m  OK  [0m] Mounted Kernel Configuration File System.
         Starting udev Wait for Complete Device Initialization...
         Starting Load/Save Random Seed...
         Starting Flush Journal to Persistent Storage...
         Starting Create Static Device Nodes in /dev...
[[0;32m  OK  [0m] Started Apply Kernel Variables.
[[0;32m  OK  [0m] Started Load/Save Random Seed.
[[0;32m  OK  [0m] Started Create Static Device Nodes in /dev.
[[0;32m  OK  [0m] Started Setup Virtual Console.
[[0;32m  OK  [0m] Started Flush Journal to Persistent Storage.
         Starting udev Kernel Device Manager...
[[0;32m  OK  [0m] Started udev Kernel Device Manager.
         Starting Show Plymouth Boot Screen...
[[0;32m  OK  [0m] Started Show Plymouth Boot Screen.
[[0;32m  OK  [0m] Reached target Local Encrypted Volumes.
[[0;32m  OK  [0m] Reached target Paths.
[[0;32m  OK  [0m] Started Forward Password Requests to Plymouth Directory Watch.
[[0;32m  OK  [0m] Found device /dev/ttyS0.
[[0;32m  OK  [0m] Started Monitoring of LVM2 mirrors,â€¦sing dmeventd or progress polling.
[[0;32m  OK  [0m] Started udev Wait for Complete Device Initialization.
[[0;32m  OK  [0m] Listening on Load/Save RF Kill Switch Status /dev/rfkill Watch.
[[0;32m  OK  [0m] Reached target Local File Systems (Pre).
[[0;32m  OK  [0m] Reached target Local File Systems.
         Starting Tell Plymouth To Write Out Runtime Data...
         Starting Restore /run/initramfs on shutdown...
         Starting Create Volatile Files and Directories...
[[0;32m  OK  [0m] Started Tell Plymouth To Write Out Runtime Data.
[[0;32m  OK  [0m] Started Restore /run/initramfs on shutdown.
[[0;32m  OK  [0m] Started Create Volatile Files and Directories.
         Starting Security Auditing Service...
         Starting RPC Bind...
         Mounting RPC Pipe File System...
[[0;32m  OK  [0m] Mounted RPC Pipe File System.
[[0;32m  OK  [0m] Reached target rpc_pipefs.target.
[[0;32m  OK  [0m] Started RPC Bind.
[[0;32m  OK  [0m] Started Security Auditing Service.
         Starting Update UTMP about System Boot/Shutdown...
[[0;32m  OK  [0m] Started Update UTMP about System Boot/Shutdown.
[[0;32m  OK  [0m] Reached target System Initialization.
[[0;32m  OK  [0m] Started dnf makecache --timer.
[[0;32m  OK  [0m] Started Daily Cleanup of Temporary Directories.
[[0;32m  OK  [0m] Started daily update of the root trust anchor for DNSSEC.
[[0;32m  OK  [0m] Reached target Timers.
[[0;32m  OK  [0m] Listening on D-Bus System Message Bus Socket.
[[0;32m  OK  [0m] Listening on SSSD Kerberos Cache Manager responder socket.
[[0;32m  OK  [0m] Reached target Sockets.
[[0;32m  OK  [0m] Reached target Basic System.
         Starting Self Monitoring and Reporting Technology (SMART) Daemon...
[[0;32m  OK  [0m] Started D-Bus System Message Bus.
         Starting NTP client/server...
[[0;32m  OK  [0m] Started irqbalance daemon.
         Starting Network Manager...
         Starting Auto-connect to subsystemsâ€¦-NVME devices found during boot...
[[0;32m  OK  [0m] Started Machine Check Exception Logging Daemon.
[[0;32m  OK  [0m] Reached target sshd-keygen.target.
         Starting Login Service...
         Starting Authorization Manager...
[[0;32m  OK  [0m] Started Auto-connect to subsystems â€¦FC-NVME devices found during boot.
         Starting update of the root trust aâ€¦or DNSSEC validation in unbound...
[[0;32m  OK  [0m] Started Self Monitoring and Reporting Technology (SMART) Daemon.
[[0;32m  OK  [0m] Started NTP client/server.
[[0;32m  OK  [0m] Started Login Service.
[[0;32m  OK  [0m] Started Network Manager.
         Starting Network Manager Wait Online...
[[0;32m  OK  [0m] Reached target Network.
         Starting OpenSSH server daemon...
         Starting GSSAPI Proxy Daemon...
         Starting Dynamic System Tuning Daemon...
[[0;32m  OK  [0m] Started update of the root trust anâ€¦ for DNSSEC validation in unbound.
[[0;32m  OK  [0m] Started OpenSSH server daemon.
[[0;32m  OK  [0m] Started Authorization Manager.
         Starting Hostname Service...
[[0;32m  OK  [0m] Started GSSAPI Proxy Daemon.
[[0;32m  OK  [0m] Reached target NFS client services.
[[0;32m  OK  [0m] Reached target Remote File Systems (Pre).
[[0;32m  OK  [0m] Reached target Remote File Systems.
         Starting Permit User Sessions...
[[0;32m  OK  [0m] Started Permit User Sessions.
[[0;32m  OK  [0m] Started Command Scheduler.
         Starting Terminate Plymouth Boot Screen...
         Starting Hold until boot process finishes up...
[    7.561868] e1000: eth0 NIC Link is Up 1000 Mbps Full Duplex, Flow Control: RX
[    7.563226] IPv6: ADDRCONF(NETDEV_CHANGE): eth0: link becomes ready
[    7.751971] Spectre V2 : WARNING: Unprivileged eBPF is enabled with eIBRS on, data leaks possible via Spectre v2 BHB attacks!
[    7.752966] Spectre V2 : WARNING: Unprivileged eBPF is enabled with eIBRS on, data leaks possible via Spectre v2 BHB attacks!

CentOS Stream 8
Kernel 6.3.0-rc2-eeac8ede1755-8ac5b996bf51-revert+ on an x86_64

test login: [   24.482907] memfd_create() without MFD_EXEC nor MFD_NOEXEC_SEAL, pid=336 'systemd'
[   28.268284] loop0: detected capacity change from 0 to 65536
[   28.271763] XFS (loop0): Mounting V5 Filesystem d6f69dbd-8c5d-46be-b88e-92c0ae88ceb2
[   28.277502] XFS (loop0): Ending clean mount
[   28.278740] XFS (loop0): Quotacheck needed: Please wait.
[   28.284730] XFS (loop0): Quotacheck: Done.
[   28.334223] XFS (loop0): Metadata CRC error detected at xfs_agf_read_verify+0x10e/0x140, xfs_agf block 0x8001 
[   28.335223] XFS (loop0): Unmount and run xfs_repair
[   28.335683] XFS (loop0): First 128 bytes of corrupted metadata buffer:
[   28.336285] 00000000: 58 41 47 46 00 00 00 01 00 00 00 01 00 00 40 00  XAGF..........@.
[   28.337016] 00000010: 00 00 00 02 00 00 00 03 00 00 00 00 00 00 00 01  ................
[   28.337784] 00000020: 00 00 00 01 00 00 00 00 00 00 00 01 00 00 00 04  ................
[   28.338515] 00000030: 00 00 00 04 00 00 3b 5f 00 00 3b 5c 00 00 00 00  ......;_..;\....
[   28.339245] 00000040: d6 f6 9d bd 8c 5d 46 be b8 8e 92 c0 ae 88 ce b2  .....]F.........
[   28.339975] 00000050: 00 00 00 00 00 00 00 00 00 00 00 00 00 00 00 00  ................
[   28.340704] 00000060: 00 00 00 00 00 00 00 00 00 00 00 00 00 00 00 00  ................
[   28.341436] 00000070: 00 00 00 00 00 00 00 00 00 00 00 00 00 00 00 00  ................
[   28.342567] XFS (loop0): metadata I/O error in "xfs_read_agf+0xd0/0x2c0" at daddr 0x8001 len 1 error 74
[   28.343555] XFS (loop0): page discard on page 0000000056d491dc, inode 0x46, pos 0.
[   28.380965] XFS (loop0): Unmounting Filesystem d6f69dbd-8c5d-46be-b88e-92c0ae88ceb2
[   28.397939] XFS (loop0): Internal error atomic_read(&pag->pag_active_ref) != 0 at line 257 of file fs/xfs/libxfs/xfs_ag.c.  Caller xfs_free_perag+0x10b/0x180
[   28.399144] CPU: 0 PID: 534 Comm: repro Not tainted 6.3.0-rc2-eeac8ede1755-8ac5b996bf51-revert+ #1
[   28.399903] Hardware name: QEMU Standard PC (i440FX + PIIX, 1996), BIOS rel-1.16.0-0-gd239552ce722-prebuilt.qemu.org 04/01/2014
[   28.400861] Call Trace:
[   28.401087]  <TASK>
[   28.401282]  dump_stack_lvl+0xe0/0x110
[   28.401638]  dump_stack+0x19/0x20
[   28.401941]  xfs_corruption_error+0xd6/0xe0
[   28.402312]  ? xfs_free_perag+0x10b/0x180
[   28.402673]  xfs_free_perag+0x13e/0x180
[   28.403016]  ? xfs_free_perag+0x10b/0x180
[   28.403373]  xfs_unmountfs+0xfb/0x1f0
[   28.403708]  xfs_fs_put_super+0x5a/0x120
[   28.404069]  ? __pfx_xfs_fs_put_super+0x10/0x10
[   28.404474]  generic_shutdown_super+0xac/0x240
[   28.404884]  kill_block_super+0x43/0x80
[   28.405242]  deactivate_locked_super+0x52/0xb0
[   28.405636]  deactivate_super+0xb3/0xd0
[   28.405979]  cleanup_mnt+0x15e/0x1e0
[   28.406315]  __cleanup_mnt+0x1f/0x30
[   28.406640]  task_work_run+0xb6/0x120
[   28.406981]  do_exit+0x547/0x1360
[   28.407285]  ? __this_cpu_preempt_check+0x20/0x30
[   28.407711]  ? lockdep_hardirqs_on+0x8a/0x110
[   28.408104]  do_group_exit+0x5e/0xf0
[   28.408428]  __x64_sys_exit_group+0x25/0x30
[   28.408795]  do_syscall_64+0x3b/0x90
[   28.409124]  entry_SYSCALL_64_after_hwframe+0x72/0xdc
[   28.409586] RIP: 0033:0x7f844d16dcf6
[   28.409905] Code: Unable to access opcode bytes at 0x7f844d16dccc.
[   28.410431] RSP: 002b:00007ffde3714768 EFLAGS: 00000246 ORIG_RAX: 00000000000000e7
[   28.411073] RAX: ffffffffffffffda RBX: 00007f844d278490 RCX: 00007f844d16dcf6
[   28.411682] RDX: 0000000000000001 RSI: 000000000000003c RDI: 0000000000000001
[   28.412287] RBP: 0000000000000001 R08: 00000000000000e7 R09: ffffffffffffff80
[   28.412894] R10: 0000000000000004 R11: 0000000000000246 R12: 00007f844d278490
[   28.413504] R13: 0000000000000001 R14: 00007f844d27be88 R15: 0000000000000000
[   28.414122]  </TASK>
[   28.414348] XFS (loop0): Corruption detected. Unmount and run xfs_repair
[   28.646268] loop0: detected capacity change from 0 to 65536
[   28.647889] XFS (loop0): Mounting V5 Filesystem d6f69dbd-8c5d-46be-b88e-92c0ae88ceb2
[   28.655103] XFS (loop0): Ending clean mount
[   28.655688] XFS (loop0): Quotacheck needed: Please wait.
[   28.657940] XFS (loop0): Quotacheck: Done.
[   28.697625] XFS (loop0): Metadata CRC error detected at xfs_agf_read_verify+0x10e/0x140, xfs_agf block 0x8001 
[   28.698478] XFS (loop0): Unmount and run xfs_repair
[   28.698874] XFS (loop0): First 128 bytes of corrupted metadata buffer:
[   28.699394] 00000000: 58 41 47 46 00 00 00 01 00 00 00 01 00 00 40 00  XAGF..........@.
[   28.700023] 00000010: 00 00 00 02 00 00 00 03 00 00 00 00 00 00 00 01  ................
[   28.700651] 00000020: 00 00 00 01 00 00 00 00 00 00 00 01 00 00 00 04  ................
[   28.701288] 00000030: 00 00 00 04 00 00 3b 5f 00 00 3b 5c 00 00 00 00  ......;_..;\....
[   28.701938] 00000040: d6 f6 9d bd 8c 5d 46 be b8 8e 92 c0 ae 88 ce b2  .....]F.........
[   28.702566] 00000050: 00 00 00 00 00 00 00 00 00 00 00 00 00 00 00 00  ................
[   28.703194] 00000060: 00 00 00 00 00 00 00 00 00 00 00 00 00 00 00 00  ................
[   28.703821] 00000070: 00 00 00 00 00 00 00 00 00 00 00 00 00 00 00 00  ................
[   28.704557] XFS (loop0): metadata I/O error in "xfs_read_agf+0xd0/0x2c0" at daddr 0x8001 len 1 error 74
[   28.705342] XFS (loop0): page discard on page 00000000a38c984b, inode 0x46, pos 0.
[   28.741109] XFS (loop0): Unmounting Filesystem d6f69dbd-8c5d-46be-b88e-92c0ae88ceb2
[   28.757973] XFS (loop0): Internal error atomic_read(&pag->pag_active_ref) != 0 at line 257 of file fs/xfs/libxfs/xfs_ag.c.  Caller xfs_free_perag+0x10b/0x180
[   28.759077] CPU: 0 PID: 548 Comm: repro Not tainted 6.3.0-rc2-eeac8ede1755-8ac5b996bf51-revert+ #1
[   28.759778] Hardware name: QEMU Standard PC (i440FX + PIIX, 1996), BIOS rel-1.16.0-0-gd239552ce722-prebuilt.qemu.org 04/01/2014
[   28.760661] Call Trace:
[   28.760868]  <TASK>
[   28.761056]  dump_stack_lvl+0xe0/0x110
[   28.761374]  dump_stack+0x19/0x20
[   28.761655]  xfs_corruption_error+0xd6/0xe0
[   28.762008]  ? xfs_free_perag+0x10b/0x180
[   28.762345]  xfs_free_perag+0x13e/0x180
[   28.762665]  ? xfs_free_perag+0x10b/0x180
[   28.762998]  xfs_unmountfs+0xfb/0x1f0
[   28.763305]  xfs_fs_put_super+0x5a/0x120
[   28.763633]  ? __pfx_xfs_fs_put_super+0x10/0x10
[   28.764009]  generic_shutdown_super+0xac/0x240
[   28.764382]  kill_block_super+0x43/0x80
[   28.764705]  deactivate_locked_super+0x52/0xb0
[   28.765075]  deactivate_super+0xb3/0xd0
[   28.765398]  cleanup_mnt+0x15e/0x1e0
[   28.765706]  __cleanup_mnt+0x1f/0x30
[   28.766012]  task_work_run+0xb6/0x120
[   28.766320]  do_exit+0x547/0x1360
[   28.766603]  ? __this_cpu_preempt_check+0x20/0x30
[   28.766993]  ? lockdep_hardirqs_on+0x8a/0x110
[   28.767357]  do_group_exit+0x5e/0xf0
[   28.767656]  __x64_sys_exit_group+0x25/0x30
[   28.767998]  do_syscall_64+0x3b/0x90
[   28.768297]  entry_SYSCALL_64_after_hwframe+0x72/0xdc
[   28.768707] RIP: 0033:0x7fc4fb1f3cf6
[   28.769001] Code: Unable to access opcode bytes at 0x7fc4fb1f3ccc.
[   28.769495] RSP: 002b:00007ffeb6a9d4e8 EFLAGS: 00000246 ORIG_RAX: 00000000000000e7
[   28.770096] RAX: ffffffffffffffda RBX: 00007fc4fb2fe490 RCX: 00007fc4fb1f3cf6
[   28.770656] RDX: 0000000000000001 RSI: 000000000000003c RDI: 0000000000000001
[   28.771216] RBP: 0000000000000001 R08: 00000000000000e7 R09: ffffffffffffff80
[   28.771777] R10: 0000000000000004 R11: 0000000000000246 R12: 00007fc4fb2fe490
[   28.772337] R13: 0000000000000001 R14: 00007fc4fb301e88 R15: 0000000000000000
[   28.772909]  </TASK>
[   28.773121] XFS (loop0): Corruption detected. Unmount and run xfs_repair
[   28.985964] loop0: detected capacity change from 0 to 65536
[   28.987274] XFS (loop0): Mounting V5 Filesystem d6f69dbd-8c5d-46be-b88e-92c0ae88ceb2
[   28.993210] XFS (loop0): Ending clean mount
[   28.994002] XFS (loop0): Quotacheck needed: Please wait.
[   28.997665] XFS (loop0): Quotacheck: Done.
[   29.040329] XFS (loop0): Metadata CRC error detected at xfs_agf_read_verify+0x10e/0x140, xfs_agf block 0x8001 
[   29.041156] XFS (loop0): Unmount and run xfs_repair
[   29.041549] XFS (loop0): First 128 bytes of corrupted metadata buffer:
[   29.042142] 00000000: 58 41 47 46 00 00 00 01 00 00 00 01 00 00 40 00  XAGF..........@.
[   29.042773] 00000010: 00 00 00 02 00 00 00 03 00 00 00 00 00 00 00 01  ................
[   29.043395] 00000020: 00 00 00 01 00 00 00 00 00 00 00 01 00 00 00 04  ................
[   29.044018] 00000030: 00 00 00 04 00 00 3b 5f 00 00 3b 5c 00 00 00 00  ......;_..;\....
[   29.044639] 00000040: d6 f6 9d bd 8c 5d 46 be b8 8e 92 c0 ae 88 ce b2  .....]F.........
[   29.045265] 00000050: 00 00 00 00 00 00 00 00 00 00 00 00 00 00 00 00  ................
[   29.045898] 00000060: 00 00 00 00 00 00 00 00 00 00 00 00 00 00 00 00  ................
[   29.046519] 00000070: 00 00 00 00 00 00 00 00 00 00 00 00 00 00 00 00  ................
[   29.047198] XFS (loop0): metadata I/O error in "xfs_read_agf+0xd0/0x2c0" at daddr 0x8001 len 1 error 74
[   29.047992] XFS (loop0): page discard on page 000000009747a23c, inode 0x46, pos 0.
[   29.086561] XFS (loop0): Unmounting Filesystem d6f69dbd-8c5d-46be-b88e-92c0ae88ceb2
[   29.105807] XFS (loop0): Internal error atomic_read(&pag->pag_active_ref) != 0 at line 257 of file fs/xfs/libxfs/xfs_ag.c.  Caller xfs_free_perag+0x10b/0x180
[   29.106893] CPU: 0 PID: 562 Comm: repro Not tainted 6.3.0-rc2-eeac8ede1755-8ac5b996bf51-revert+ #1
[   29.107579] Hardware name: QEMU Standard PC (i440FX + PIIX, 1996), BIOS rel-1.16.0-0-gd239552ce722-prebuilt.qemu.org 04/01/2014
[   29.108444] Call Trace:
[   29.108644]  <TASK>
[   29.108821]  dump_stack_lvl+0xe0/0x110
[   29.109130]  dump_stack+0x19/0x20
[   29.109403]  xfs_corruption_error+0xd6/0xe0
[   29.109744]  ? xfs_free_perag+0x10b/0x180
[   29.110070]  xfs_free_perag+0x13e/0x180
[   29.110380]  ? xfs_free_perag+0x10b/0x180
[   29.110714]  xfs_unmountfs+0xfb/0x1f0
[   29.111014]  xfs_fs_put_super+0x5a/0x120
[   29.111336]  ? __pfx_xfs_fs_put_super+0x10/0x10
[   29.111705]  generic_shutdown_super+0xac/0x240
[   29.112070]  kill_block_super+0x43/0x80
[   29.112388]  deactivate_locked_super+0x52/0xb0
[   29.112748]  deactivate_super+0xb3/0xd0
[   29.113067]  cleanup_mnt+0x15e/0x1e0
[   29.113369]  __cleanup_mnt+0x1f/0x30
[   29.113672]  task_work_run+0xb6/0x120
[   29.113971]  do_exit+0x547/0x1360
[   29.114247]  ? __this_cpu_preempt_check+0x20/0x30
[   29.114634]  ? lockdep_hardirqs_on+0x8a/0x110
[   29.114996]  do_group_exit+0x5e/0xf0
[   29.115294]  __x64_sys_exit_group+0x25/0x30
[   29.115633]  do_syscall_64+0x3b/0x90
[   29.115931]  entry_SYSCALL_64_after_hwframe+0x72/0xdc
[   29.116340] RIP: 0033:0x7fb5691b0cf6
[   29.116633] Code: Unable to access opcode bytes at 0x7fb5691b0ccc.
[   29.117124] RSP: 002b:00007ffcc75024f8 EFLAGS: 00000246 ORIG_RAX: 00000000000000e7
[   29.117724] RAX: ffffffffffffffda RBX: 00007fb5692bb490 RCX: 00007fb5691b0cf6
[   29.118289] RDX: 0000000000000001 RSI: 000000000000003c RDI: 0000000000000001
[   29.118852] RBP: 0000000000000001 R08: 00000000000000e7 R09: ffffffffffffff80
[   29.119416] R10: 0000000000000004 R11: 0000000000000246 R12: 00007fb5692bb490
[   29.119981] R13: 0000000000000001 R14: 00007fb5692bee88 R15: 0000000000000000
[   29.120552]  </TASK>
[   29.120760] XFS (loop0): Corruption detected. Unmount and run xfs_repair
[   29.330733] loop0: detected capacity change from 0 to 65536
[   29.332427] XFS (loop0): Mounting V5 Filesystem d6f69dbd-8c5d-46be-b88e-92c0ae88ceb2
[   29.337733] XFS (loop0): Ending clean mount
[   29.338571] XFS (loop0): Quotacheck needed: Please wait.
[   29.342773] XFS (loop0): Quotacheck: Done.
[   29.386351] XFS (loop0): Metadata CRC error detected at xfs_agf_read_verify+0x10e/0x140, xfs_agf block 0x8001 
[   29.387171] XFS (loop0): Unmount and run xfs_repair
[   29.387558] XFS (loop0): First 128 bytes of corrupted metadata buffer:
[   29.388067] 00000000: 58 41 47 46 00 00 00 01 00 00 00 01 00 00 40 00  XAGF..........@.
[   29.388683] 00000010: 00 00 00 02 00 00 00 03 00 00 00 00 00 00 00 01  ................
[   29.389314] 00000020: 00 00 00 01 00 00 00 00 00 00 00 01 00 00 00 04  ................
[   29.389953] 00000030: 00 00 00 04 00 00 3b 5f 00 00 3b 5c 00 00 00 00  ......;_..;\....
[   29.390577] 00000040: d6 f6 9d bd 8c 5d 46 be b8 8e 92 c0 ae 88 ce b2  .....]F.........
[   29.391193] 00000050: 00 00 00 00 00 00 00 00 00 00 00 00 00 00 00 00  ................
[   29.391809] 00000060: 00 00 00 00 00 00 00 00 00 00 00 00 00 00 00 00  ................
[   29.392429] 00000070: 00 00 00 00 00 00 00 00 00 00 00 00 00 00 00 00  ................
[   29.393138] XFS (loop0): metadata I/O error in "xfs_read_agf+0xd0/0x2c0" at daddr 0x8001 len 1 error 74
[   29.393943] XFS (loop0): page discard on page 000000000fea85c0, inode 0x46, pos 0.
[   29.433514] XFS (loop0): Unmounting Filesystem d6f69dbd-8c5d-46be-b88e-92c0ae88ceb2
[   29.461904] XFS (loop0): Internal error atomic_read(&pag->pag_active_ref) != 0 at line 257 of file fs/xfs/libxfs/xfs_ag.c.  Caller xfs_free_perag+0x10b/0x180
[   29.463002] CPU: 1 PID: 576 Comm: repro Not tainted 6.3.0-rc2-eeac8ede1755-8ac5b996bf51-revert+ #1
[   29.463697] Hardware name: QEMU Standard PC (i440FX + PIIX, 1996), BIOS rel-1.16.0-0-gd239552ce722-prebuilt.qemu.org 04/01/2014
[   29.464574] Call Trace:
[   29.464780]  <TASK>
[   29.464968]  dump_stack_lvl+0xe0/0x110
[   29.465289]  dump_stack+0x19/0x20
[   29.465569]  xfs_corruption_error+0xd6/0xe0
[   29.465920]  ? xfs_free_perag+0x10b/0x180
[   29.466252]  xfs_free_perag+0x13e/0x180
[   29.466567]  ? xfs_free_perag+0x10b/0x180
[   29.466897]  xfs_unmountfs+0xfb/0x1f0
[   29.467202]  xfs_fs_put_super+0x5a/0x120
[   29.467529]  ? __pfx_xfs_fs_put_super+0x10/0x10
[   29.467902]  generic_shutdown_super+0xac/0x240
[   29.468272]  kill_block_super+0x43/0x80
[   29.468593]  deactivate_locked_super+0x52/0xb0
[   29.468956]  deactivate_super+0xb3/0xd0
[   29.469275]  cleanup_mnt+0x15e/0x1e0
[   29.469578]  __cleanup_mnt+0x1f/0x30
[   29.469877]  task_work_run+0xb6/0x120
[   29.470184]  do_exit+0x547/0x1360
[   29.470460]  ? __this_cpu_preempt_check+0x20/0x30
[   29.470846]  ? lockdep_hardirqs_on+0x8a/0x110
[   29.471207]  do_group_exit+0x5e/0xf0
[   29.471504]  __x64_sys_exit_group+0x25/0x30
[   29.471842]  do_syscall_64+0x3b/0x90
[   29.472140]  entry_SYSCALL_64_after_hwframe+0x72/0xdc
[   29.472546] RIP: 0033:0x7f8092e36cf6
[   29.472838] Code: Unable to access opcode bytes at 0x7f8092e36ccc.
[   29.473339] RSP: 002b:00007ffe345d20f8 EFLAGS: 00000246 ORIG_RAX: 00000000000000e7
[   29.473938] RAX: ffffffffffffffda RBX: 00007f8092f41490 RCX: 00007f8092e36cf6
[   29.474495] RDX: 0000000000000001 RSI: 000000000000003c RDI: 0000000000000001
[   29.475051] RBP: 0000000000000001 R08: 00000000000000e7 R09: ffffffffffffff80
[   29.475608] R10: 0000000000000004 R11: 0000000000000246 R12: 00007f8092f41490
[   29.476163] R13: 0000000000000001 R14: 00007f8092f44e88 R15: 0000000000000000
[   29.476731]  </TASK>
[   29.476939] XFS (loop0): Corruption detected. Unmount and run xfs_repair
[   29.718679] loop0: detected capacity change from 0 to 65536
[   29.720202] XFS (loop0): Mounting V5 Filesystem d6f69dbd-8c5d-46be-b88e-92c0ae88ceb2
[   29.725845] XFS (loop0): Ending clean mount
[   29.726431] XFS (loop0): Quotacheck needed: Please wait.
[   29.728379] XFS (loop0): Quotacheck: Done.
[   29.768843] XFS (loop0): Metadata CRC error detected at xfs_agf_read_verify+0x10e/0x140, xfs_agf block 0x8001 
[   29.769671] XFS (loop0): Unmount and run xfs_repair
[   29.770084] XFS (loop0): First 128 bytes of corrupted metadata buffer:
[   29.770606] 00000000: 58 41 47 46 00 00 00 01 00 00 00 01 00 00 40 00  XAGF..........@.
[   29.771237] 00000010: 00 00 00 02 00 00 00 03 00 00 00 00 00 00 00 01  ................
[   29.771874] 00000020: 00 00 00 01 00 00 00 00 00 00 00 01 00 00 00 04  ................
[   29.772504] 00000030: 00 00 00 04 00 00 3b 5f 00 00 3b 5c 00 00 00 00  ......;_..;\....
[   29.773139] 00000040: d6 f6 9d bd 8c 5d 46 be b8 8e 92 c0 ae 88 ce b2  .....]F.........
[   29.773782] 00000050: 00 00 00 00 00 00 00 00 00 00 00 00 00 00 00 00  ................
[   29.774414] 00000060: 00 00 00 00 00 00 00 00 00 00 00 00 00 00 00 00  ................
[   29.775045] 00000070: 00 00 00 00 00 00 00 00 00 00 00 00 00 00 00 00  ................
[   29.775726] XFS (loop0): metadata I/O error in "xfs_read_agf+0xd0/0x2c0" at daddr 0x8001 len 1 error 74
[   29.776505] XFS (loop0): page discard on page 00000000c909173d, inode 0x46, pos 0.
[   29.811958] XFS (loop0): Unmounting Filesystem d6f69dbd-8c5d-46be-b88e-92c0ae88ceb2
[   29.837780] XFS (loop0): Internal error atomic_read(&pag->pag_active_ref) != 0 at line 257 of file fs/xfs/libxfs/xfs_ag.c.  Caller xfs_free_perag+0x10b/0x180
[   29.838883] CPU: 1 PID: 590 Comm: repro Not tainted 6.3.0-rc2-eeac8ede1755-8ac5b996bf51-revert+ #1
[   29.839583] Hardware name: QEMU Standard PC (i440FX + PIIX, 1996), BIOS rel-1.16.0-0-gd239552ce722-prebuilt.qemu.org 04/01/2014
[   29.840467] Call Trace:
[   29.840672]  <TASK>
[   29.840854]  dump_stack_lvl+0xe0/0x110
[   29.841173]  dump_stack+0x19/0x20
[   29.841454]  xfs_corruption_error+0xd6/0xe0
[   29.841808]  ? xfs_free_perag+0x10b/0x180
[   29.842144]  xfs_free_perag+0x13e/0x180
[   29.842461]  ? xfs_free_perag+0x10b/0x180
[   29.842795]  xfs_unmountfs+0xfb/0x1f0
[   29.843102]  xfs_fs_put_super+0x5a/0x120
[   29.843430]  ? __pfx_xfs_fs_put_super+0x10/0x10
[   29.843806]  generic_shutdown_super+0xac/0x240
[   29.844185]  kill_block_super+0x43/0x80
[   29.844510]  deactivate_locked_super+0x52/0xb0
[   29.844871]  deactivate_super+0xb3/0xd0
[   29.845192]  cleanup_mnt+0x15e/0x1e0
[   29.845500]  __cleanup_mnt+0x1f/0x30
[   29.845802]  task_work_run+0xb6/0x120
[   29.846113]  do_exit+0x547/0x1360
[   29.846393]  ? __this_cpu_preempt_check+0x20/0x30
[   29.846783]  ? lockdep_hardirqs_on+0x8a/0x110
[   29.847150]  do_group_exit+0x5e/0xf0
[   29.847450]  __x64_sys_exit_group+0x25/0x30
[   29.847793]  do_syscall_64+0x3b/0x90
[   29.848093]  entry_SYSCALL_64_after_hwframe+0x72/0xdc
[   29.848506] RIP: 0033:0x7f6d453eecf6
[   29.848802] Code: Unable to access opcode bytes at 0x7f6d453eeccc.
[   29.849293] RSP: 002b:00007ffe11b99a88 EFLAGS: 00000246 ORIG_RAX: 00000000000000e7
[   29.849891] RAX: ffffffffffffffda RBX: 00007f6d454f9490 RCX: 00007f6d453eecf6
[   29.850446] RDX: 0000000000000001 RSI: 000000000000003c RDI: 0000000000000001
[   29.851001] RBP: 0000000000000001 R08: 00000000000000e7 R09: ffffffffffffff80
[   29.851555] R10: 0000000000000004 R11: 0000000000000246 R12: 00007f6d454f9490
[   29.852110] R13: 0000000000000001 R14: 00007f6d454fce88 R15: 0000000000000000
[   29.852676]  </TASK>
[   29.852922] XFS (loop0): Corruption detected. Unmount and run xfs_repair
[   30.069487] loop0: detected capacity change from 0 to 65536
[   30.071047] XFS (loop0): Mounting V5 Filesystem d6f69dbd-8c5d-46be-b88e-92c0ae88ceb2
[   30.078605] XFS (loop0): Ending clean mount
[   30.079168] XFS (loop0): Quotacheck needed: Please wait.
[   30.082929] XFS (loop0): Quotacheck: Done.
[   30.128001] XFS (loop0): Metadata CRC error detected at xfs_agf_read_verify+0x10e/0x140, xfs_agf block 0x8001 
[   30.128819] XFS (loop0): Unmount and run xfs_repair
[   30.129210] XFS (loop0): First 128 bytes of corrupted metadata buffer:
[   30.129718] 00000000: 58 41 47 46 00 00 00 01 00 00 00 01 00 00 40 00  XAGF..........@.
[   30.130365] 00000010: 00 00 00 02 00 00 00 03 00 00 00 00 00 00 00 01  ................
[   30.130990] 00000020: 00 00 00 01 00 00 00 00 00 00 00 01 00 00 00 04  ................
[   30.131613] 00000030: 00 00 00 04 00 00 3b 5f 00 00 3b 5c 00 00 00 00  ......;_..;\....
[   30.132236] 00000040: d6 f6 9d bd 8c 5d 46 be b8 8e 92 c0 ae 88 ce b2  .....]F.........
[   30.132859] 00000050: 00 00 00 00 00 00 00 00 00 00 00 00 00 00 00 00  ................
[   30.133484] 00000060: 00 00 00 00 00 00 00 00 00 00 00 00 00 00 00 00  ................
[   30.134126] 00000070: 00 00 00 00 00 00 00 00 00 00 00 00 00 00 00 00  ................
[   30.134759] XFS (loop0): metadata I/O error in "xfs_read_agf+0xd0/0x2c0" at daddr 0x8001 len 1 error 74
[   30.135536] XFS (loop0): page discard on page 000000002a5803ec, inode 0x46, pos 0.
[   30.171051] XFS (loop0): Unmounting Filesystem d6f69dbd-8c5d-46be-b88e-92c0ae88ceb2
[   30.185862] XFS (loop0): Internal error atomic_read(&pag->pag_active_ref) != 0 at line 257 of file fs/xfs/libxfs/xfs_ag.c.  Caller xfs_free_perag+0x10b/0x180
[   30.186980] CPU: 1 PID: 604 Comm: repro Not tainted 6.3.0-rc2-eeac8ede1755-8ac5b996bf51-revert+ #1
[   30.187698] Hardware name: QEMU Standard PC (i440FX + PIIX, 1996), BIOS rel-1.16.0-0-gd239552ce722-prebuilt.qemu.org 04/01/2014
[   30.188579] Call Trace:
[   30.188806]  <TASK>
[   30.188987]  dump_stack_lvl+0xe0/0x110
[   30.189304]  dump_stack+0x19/0x20
[   30.189580]  xfs_corruption_error+0xd6/0xe0
[   30.189950]  ? xfs_free_perag+0x10b/0x180
[   30.190281]  xfs_free_perag+0x13e/0x180
[   30.190604]  ? xfs_free_perag+0x10b/0x180
[   30.190958]  xfs_unmountfs+0xfb/0x1f0
[   30.191263]  xfs_fs_put_super+0x5a/0x120
[   30.191589]  ? __pfx_xfs_fs_put_super+0x10/0x10
[   30.191986]  generic_shutdown_super+0xac/0x240
[   30.192359]  kill_block_super+0x43/0x80
[   30.192693]  deactivate_locked_super+0x52/0xb0
[   30.193083]  deactivate_super+0xb3/0xd0
[   30.193401]  cleanup_mnt+0x15e/0x1e0
[   30.193704]  __cleanup_mnt+0x1f/0x30
[   30.194030]  task_work_run+0xb6/0x120
[   30.194345]  do_exit+0x547/0x1360
[   30.194621]  ? __this_cpu_preempt_check+0x20/0x30
[   30.195007]  ? lockdep_hardirqs_on+0x8a/0x110
[   30.195397]  do_group_exit+0x5e/0xf0
[   30.195698]  __x64_sys_exit_group+0x25/0x30
[   30.196037]  do_syscall_64+0x3b/0x90
[   30.196362]  entry_SYSCALL_64_after_hwframe+0x72/0xdc
[   30.196784] RIP: 0033:0x7fe014051cf6
[   30.197086] Code: Unable to access opcode bytes at 0x7fe014051ccc.
[   30.197598] RSP: 002b:00007ffde398d8f8 EFLAGS: 00000246 ORIG_RAX: 00000000000000e7
[   30.198198] RAX: ffffffffffffffda RBX: 00007fe01415c490 RCX: 00007fe014051cf6
[   30.198784] RDX: 0000000000000001 RSI: 000000000000003c RDI: 0000000000000001
[   30.199354] RBP: 0000000000000001 R08: 00000000000000e7 R09: ffffffffffffff80
[   30.199939] R10: 0000000000000004 R11: 0000000000000246 R12: 00007fe01415c490
[   30.200525] R13: 0000000000000001 R14: 00007fe01415fe88 R15: 0000000000000000
[   30.201115]  </TASK>
[   30.201344] XFS (loop0): Corruption detected. Unmount and run xfs_repair
[   30.442193] loop0: detected capacity change from 0 to 65536
[   30.443512] XFS (loop0): Mounting V5 Filesystem d6f69dbd-8c5d-46be-b88e-92c0ae88ceb2
[   30.448047] XFS (loop0): Ending clean mount
[   30.448736] XFS (loop0): Quotacheck needed: Please wait.
[   30.451029] XFS (loop0): Quotacheck: Done.
[   30.490382] XFS (loop0): Metadata CRC error detected at xfs_agf_read_verify+0x10e/0x140, xfs_agf block 0x8001 
[   30.491204] XFS (loop0): Unmount and run xfs_repair
[   30.491593] XFS (loop0): First 128 bytes of corrupted metadata buffer:
[   30.492102] 00000000: 58 41 47 46 00 00 00 01 00 00 00 01 00 00 40 00  XAGF..........@.
[   30.492719] 00000010: 00 00 00 02 00 00 00 03 00 00 00 00 00 00 00 01  ................
[   30.493344] 00000020: 00 00 00 01 00 00 00 00 00 00 00 01 00 00 00 04  ................
[   30.493991] 00000030: 00 00 00 04 00 00 3b 5f 00 00 3b 5c 00 00 00 00  ......;_..;\....
[   30.494619] 00000040: d6 f6 9d bd 8c 5d 46 be b8 8e 92 c0 ae 88 ce b2  .....]F.........
[   30.495235] 00000050: 00 00 00 00 00 00 00 00 00 00 00 00 00 00 00 00  ................
[   30.495851] 00000060: 00 00 00 00 00 00 00 00 00 00 00 00 00 00 00 00  ................
[   30.496467] 00000070: 00 00 00 00 00 00 00 00 00 00 00 00 00 00 00 00  ................
[   30.497160] XFS (loop0): metadata I/O error in "xfs_read_agf+0xd0/0x2c0" at daddr 0x8001 len 1 error 74
[   30.498025] XFS (loop0): page discard on page 00000000d3c357de, inode 0x46, pos 0.
[   30.534617] XFS (loop0): Unmounting Filesystem d6f69dbd-8c5d-46be-b88e-92c0ae88ceb2
[   30.549939] XFS (loop0): Internal error atomic_read(&pag->pag_active_ref) != 0 at line 257 of file fs/xfs/libxfs/xfs_ag.c.  Caller xfs_free_perag+0x10b/0x180
[   30.551029] CPU: 1 PID: 618 Comm: repro Not tainted 6.3.0-rc2-eeac8ede1755-8ac5b996bf51-revert+ #1
[   30.551716] Hardware name: QEMU Standard PC (i440FX + PIIX, 1996), BIOS rel-1.16.0-0-gd239552ce722-prebuilt.qemu.org 04/01/2014
[   30.552583] Call Trace:
[   30.552784]  <TASK>
[   30.552962]  dump_stack_lvl+0xe0/0x110
[   30.553276]  dump_stack+0x19/0x20
[   30.553549]  xfs_corruption_error+0xd6/0xe0
[   30.553891]  ? xfs_free_perag+0x10b/0x180
[   30.554215]  xfs_free_perag+0x13e/0x180
[   30.554521]  ? xfs_free_perag+0x10b/0x180
[   30.554843]  xfs_unmountfs+0xfb/0x1f0
[   30.555140]  xfs_fs_put_super+0x5a/0x120
[   30.555457]  ? __pfx_xfs_fs_put_super+0x10/0x10
[   30.555821]  generic_shutdown_super+0xac/0x240
[   30.556182]  kill_block_super+0x43/0x80
[   30.556500]  deactivate_locked_super+0x52/0xb0
[   30.556852]  deactivate_super+0xb3/0xd0
[   30.557166]  cleanup_mnt+0x15e/0x1e0
[   30.557464]  __cleanup_mnt+0x1f/0x30
[   30.557759]  task_work_run+0xb6/0x120
[   30.558061]  do_exit+0x547/0x1360
[   30.558330]  ? __this_cpu_preempt_check+0x20/0x30
[   30.558705]  ? lockdep_hardirqs_on+0x8a/0x110
[   30.559056]  do_group_exit+0x5e/0xf0
[   30.559345]  __x64_sys_exit_group+0x25/0x30
[   30.559674]  do_syscall_64+0x3b/0x90
[   30.559963]  entry_SYSCALL_64_after_hwframe+0x72/0xdc
[   30.560359] RIP: 0033:0x7f5d01480cf6
[   30.560644] Code: Unable to access opcode bytes at 0x7f5d01480ccc.
[   30.561116] RSP: 002b:00007ffc343d52b8 EFLAGS: 00000246 ORIG_RAX: 00000000000000e7
[   30.561699] RAX: ffffffffffffffda RBX: 00007f5d0158b490 RCX: 00007f5d01480cf6
[   30.562243] RDX: 0000000000000001 RSI: 000000000000003c RDI: 0000000000000001
[   30.562784] RBP: 0000000000000001 R08: 00000000000000e7 R09: ffffffffffffff80
[   30.563325] R10: 0000000000000004 R11: 0000000000000246 R12: 00007f5d0158b490
[   30.563866] R13: 0000000000000001 R14: 00007f5d0158ee88 R15: 0000000000000000
[   30.564418]  </TASK>
[   30.564620] XFS (loop0): Corruption detected. Unmount and run xfs_repair
[   30.770261] loop0: detected capacity change from 0 to 65536
[   30.772126] XFS (loop0): Mounting V5 Filesystem d6f69dbd-8c5d-46be-b88e-92c0ae88ceb2
[   30.776250] XFS (loop0): Ending clean mount
[   30.776780] XFS (loop0): Quotacheck needed: Please wait.
[   30.781900] XFS (loop0): Quotacheck: Done.
[   30.827314] XFS (loop0): Metadata CRC error detected at xfs_agf_read_verify+0x10e/0x140, xfs_agf block 0x8001 
[   30.828180] XFS (loop0): Unmount and run xfs_repair
[   30.828578] XFS (loop0): First 128 bytes of corrupted metadata buffer:
[   30.829107] 00000000: 58 41 47 46 00 00 00 01 00 00 00 01 00 00 40 00  XAGF..........@.
[   30.829762] 00000010: 00 00 00 02 00 00 00 03 00 00 00 00 00 00 00 01  ................
[   30.830396] 00000020: 00 00 00 01 00 00 00 00 00 00 00 01 00 00 00 04  ................
[   30.831029] 00000030: 00 00 00 04 00 00 3b 5f 00 00 3b 5c 00 00 00 00  ......;_..;\....
[   30.831661] 00000040: d6 f6 9d bd 8c 5d 46 be b8 8e 92 c0 ae 88 ce b2  .....]F.........
[   30.832294] 00000050: 00 00 00 00 00 00 00 00 00 00 00 00 00 00 00 00  ................
[   30.832926] 00000060: 00 00 00 00 00 00 00 00 00 00 00 00 00 00 00 00  ................
[   30.833568] 00000070: 00 00 00 00 00 00 00 00 00 00 00 00 00 00 00 00  ................
[   30.834599] XFS (loop0): metadata I/O error in "xfs_read_agf+0xd0/0x2c0" at daddr 0x8001 len 1 error 74
[   30.835369] XFS (loop0): page discard on page 0000000039f55f33, inode 0x46, pos 0.
[   30.870490] XFS (loop0): Unmounting Filesystem d6f69dbd-8c5d-46be-b88e-92c0ae88ceb2
[   30.889844] XFS (loop0): Internal error atomic_read(&pag->pag_active_ref) != 0 at line 257 of file fs/xfs/libxfs/xfs_ag.c.  Caller xfs_free_perag+0x10b/0x180
[   30.890965] CPU: 1 PID: 632 Comm: repro Not tainted 6.3.0-rc2-eeac8ede1755-8ac5b996bf51-revert+ #1
[   30.891677] Hardware name: QEMU Standard PC (i440FX + PIIX, 1996), BIOS rel-1.16.0-0-gd239552ce722-prebuilt.qemu.org 04/01/2014
[   30.892573] Call Trace:
[   30.892781]  <TASK>
[   30.892965]  dump_stack_lvl+0xe0/0x110
[   30.893293]  dump_stack+0x19/0x20
[   30.893575]  xfs_corruption_error+0xd6/0xe0
[   30.893929]  ? xfs_free_perag+0x10b/0x180
[   30.894267]  xfs_free_perag+0x13e/0x180
[   30.894589]  ? xfs_free_perag+0x10b/0x180
[   30.894927]  xfs_unmountfs+0xfb/0x1f0
[   30.895238]  xfs_fs_put_super+0x5a/0x120
[   30.895571]  ? __pfx_xfs_fs_put_super+0x10/0x10
[   30.895952]  generic_shutdown_super+0xac/0x240
[   30.896331]  kill_block_super+0x43/0x80
[   30.896658]  deactivate_locked_super+0x52/0xb0
[   30.897030]  deactivate_super+0xb3/0xd0
[   30.897355]  cleanup_mnt+0x15e/0x1e0
[   30.897662]  __cleanup_mnt+0x1f/0x30
[   30.897968]  task_work_run+0xb6/0x120
[   30.898281]  do_exit+0x547/0x1360
[   30.898563]  ? __this_cpu_preempt_check+0x20/0x30
[   30.898957]  ? lockdep_hardirqs_on+0x8a/0x110
[   30.899326]  do_group_exit+0x5e/0xf0
[   30.899629]  __x64_sys_exit_group+0x25/0x30
[   30.899973]  do_syscall_64+0x3b/0x90
[   30.900277]  entry_SYSCALL_64_after_hwframe+0x72/0xdc
[   30.900692] RIP: 0033:0x7ffb034fecf6
[   30.900991] Code: Unable to access opcode bytes at 0x7ffb034feccc.
[   30.901488] RSP: 002b:00007ffd7e8ae848 EFLAGS: 00000246 ORIG_RAX: 00000000000000e7
[   30.902092] RAX: ffffffffffffffda RBX: 00007ffb03609490 RCX: 00007ffb034fecf6
[   30.902661] RDX: 0000000000000001 RSI: 000000000000003c RDI: 0000000000000001
[   30.903227] RBP: 0000000000000001 R08: 00000000000000e7 R09: ffffffffffffff80
[   30.903796] R10: 0000000000000004 R11: 0000000000000246 R12: 00007ffb03609490
[   30.904364] R13: 0000000000000001 R14: 00007ffb0360ce88 R15: 0000000000000000
[   30.904944]  </TASK>
[   30.905158] XFS (loop0): Corruption detected. Unmount and run xfs_repair
[   31.120177] loop0: detected capacity change from 0 to 65536
[   31.121446] XFS (loop0): Mounting V5 Filesystem d6f69dbd-8c5d-46be-b88e-92c0ae88ceb2
[   31.126813] XFS (loop0): Ending clean mount
[   31.127341] XFS (loop0): Quotacheck needed: Please wait.
[   31.131197] XFS (loop0): Quotacheck: Done.
[   31.173879] XFS (loop0): Metadata CRC error detected at xfs_agf_read_verify+0x10e/0x140, xfs_agf block 0x8001 
[   31.174701] XFS (loop0): Unmount and run xfs_repair
[   31.175092] XFS (loop0): First 128 bytes of corrupted metadata buffer:
[   31.175607] 00000000: 58 41 47 46 00 00 00 01 00 00 00 01 00 00 40 00  XAGF..........@.
[   31.176230] 00000010: 00 00 00 02 00 00 00 03 00 00 00 00 00 00 00 01  ................
[   31.176853] 00000020: 00 00 00 01 00 00 00 00 00 00 00 01 00 00 00 04  ................
[   31.177495] 00000030: 00 00 00 04 00 00 3b 5f 00 00 3b 5c 00 00 00 00  ......;_..;\....
[   31.178142] 00000040: d6 f6 9d bd 8c 5d 46 be b8 8e 92 c0 ae 88 ce b2  .....]F.........
[   31.178765] 00000050: 00 00 00 00 00 00 00 00 00 00 00 00 00 00 00 00  ................
[   31.179394] 00000060: 00 00 00 00 00 00 00 00 00 00 00 00 00 00 00 00  ................
[   31.180017] 00000070: 00 00 00 00 00 00 00 00 00 00 00 00 00 00 00 00  ................
[   31.180676] XFS (loop0): metadata I/O error in "xfs_read_agf+0xd0/0x2c0" at daddr 0x8001 len 1 error 74
[   31.181469] XFS (loop0): page discard on page 0000000055e80322, inode 0x46, pos 0.
[   31.220286] XFS (loop0): Unmounting Filesystem d6f69dbd-8c5d-46be-b88e-92c0ae88ceb2
[   31.257887] XFS (loop0): Internal error atomic_read(&pag->pag_active_ref) != 0 at line 257 of file fs/xfs/libxfs/xfs_ag.c.  Caller xfs_free_perag+0x10b/0x180
[   31.258987] CPU: 1 PID: 646 Comm: repro Not tainted 6.3.0-rc2-eeac8ede1755-8ac5b996bf51-revert+ #1
[   31.259685] Hardware name: QEMU Standard PC (i440FX + PIIX, 1996), BIOS rel-1.16.0-0-gd239552ce722-prebuilt.qemu.org 04/01/2014
[   31.260571] Call Trace:
[   31.260776]  <TASK>
[   31.260959]  dump_stack_lvl+0xe0/0x110
[   31.261281]  dump_stack+0x19/0x20
[   31.261561]  xfs_corruption_error+0xd6/0xe0
[   31.261914]  ? xfs_free_perag+0x10b/0x180
[   31.262247]  xfs_free_perag+0x13e/0x180
[   31.262564]  ? xfs_free_perag+0x10b/0x180
[   31.262895]  xfs_unmountfs+0xfb/0x1f0
[   31.263201]  xfs_fs_put_super+0x5a/0x120
[   31.263529]  ? __pfx_xfs_fs_put_super+0x10/0x10
[   31.263908]  generic_shutdown_super+0xac/0x240
[   31.264283]  kill_block_super+0x43/0x80
[   31.264606]  deactivate_locked_super+0x52/0xb0
[   31.264970]  deactivate_super+0xb3/0xd0
[   31.265298]  cleanup_mnt+0x15e/0x1e0
[   31.265601]  __cleanup_mnt+0x1f/0x30
[   31.265902]  task_work_run+0xb6/0x120
[   31.266210]  do_exit+0x547/0x1360
[   31.266487]  ? __this_cpu_preempt_check+0x20/0x30
[   31.266874]  ? lockdep_hardirqs_on+0x8a/0x110
[   31.267237]  do_group_exit+0x5e/0xf0
[   31.267535]  __x64_sys_exit_group+0x25/0x30
[   31.267875]  do_syscall_64+0x3b/0x90
[   31.268177]  entry_SYSCALL_64_after_hwframe+0x72/0xdc
[   31.268588] RIP: 0033:0x7fbe6ba85cf6
[   31.268881] Code: Unable to access opcode bytes at 0x7fbe6ba85ccc.
[   31.269371] RSP: 002b:00007ffcdbd89fa8 EFLAGS: 00000246 ORIG_RAX: 00000000000000e7
[   31.269964] RAX: ffffffffffffffda RBX: 00007fbe6bb90490 RCX: 00007fbe6ba85cf6
[   31.270523] RDX: 0000000000000001 RSI: 000000000000003c RDI: 0000000000000001
[   31.271082] RBP: 0000000000000001 R08: 00000000000000e7 R09: ffffffffffffff80
[   31.271647] R10: 0000000000000004 R11: 0000000000000246 R12: 00007fbe6bb90490
[   31.272205] R13: 0000000000000001 R14: 00007fbe6bb93e88 R15: 0000000000000000
[   31.272774]  </TASK>
[   31.272981] XFS (loop0): Corruption detected. Unmount and run xfs_repair
[   31.509491] loop0: detected capacity change from 0 to 65536
[   31.510939] XFS (loop0): Mounting V5 Filesystem d6f69dbd-8c5d-46be-b88e-92c0ae88ceb2
[   31.514799] XFS (loop0): Ending clean mount
[   31.517247] XFS (loop0): Quotacheck needed: Please wait.
[   31.520864] XFS (loop0): Quotacheck: Done.
[   31.565892] XFS (loop0): Metadata CRC error detected at xfs_agf_read_verify+0x10e/0x140, xfs_agf block 0x8001 
[   31.566714] XFS (loop0): Unmount and run xfs_repair
[   31.567108] XFS (loop0): First 128 bytes of corrupted metadata buffer:
[   31.567635] 00000000: 58 41 47 46 00 00 00 01 00 00 00 01 00 00 40 00  XAGF..........@.
[   31.568292] 00000010: 00 00 00 02 00 00 00 03 00 00 00 00 00 00 00 01  ................
[   31.568965] 00000020: 00 00 00 01 00 00 00 00 00 00 00 01 00 00 00 04  ................
[   31.569635] 00000030: 00 00 00 04 00 00 3b 5f 00 00 3b 5c 00 00 00 00  ......;_..;\....
[   31.570329] 00000040: d6 f6 9d bd 8c 5d 46 be b8 8e 92 c0 ae 88 ce b2  .....]F.........
[   31.570968] 00000050: 00 00 00 00 00 00 00 00 00 00 00 00 00 00 00 00  ................
[   31.571610] 00000060: 00 00 00 00 00 00 00 00 00 00 00 00 00 00 00 00  ................
[   31.572252] 00000070: 00 00 00 00 00 00 00 00 00 00 00 00 00 00 00 00  ................
[   31.572913] XFS (loop0): metadata I/O error in "xfs_read_agf+0xd0/0x2c0" at daddr 0x8001 len 1 error 74
[   31.573792] XFS (loop0): page discard on page 00000000d8e59645, inode 0x46, pos 0.
[   31.608733] XFS (loop0): Unmounting Filesystem d6f69dbd-8c5d-46be-b88e-92c0ae88ceb2
[   31.629888] XFS (loop0): Internal error atomic_read(&pag->pag_active_ref) != 0 at line 257 of file fs/xfs/libxfs/xfs_ag.c.  Caller xfs_free_perag+0x10b/0x180
[   31.630960] CPU: 1 PID: 660 Comm: repro Not tainted 6.3.0-rc2-eeac8ede1755-8ac5b996bf51-revert+ #1
[   31.631643] Hardware name: QEMU Standard PC (i440FX + PIIX, 1996), BIOS rel-1.16.0-0-gd239552ce722-prebuilt.qemu.org 04/01/2014
[   31.632498] Call Trace:
[   31.632699]  <TASK>
[   31.632877]  dump_stack_lvl+0xe0/0x110
[   31.633194]  dump_stack+0x19/0x20
[   31.633470]  xfs_corruption_error+0xd6/0xe0
[   31.633815]  ? xfs_free_perag+0x10b/0x180
[   31.634146]  xfs_free_perag+0x13e/0x180
[   31.634459]  ? xfs_free_perag+0x10b/0x180
[   31.634788]  xfs_unmountfs+0xfb/0x1f0
[   31.635093]  xfs_fs_put_super+0x5a/0x120
[   31.635418]  ? __pfx_xfs_fs_put_super+0x10/0x10
[   31.635789]  generic_shutdown_super+0xac/0x240
[   31.636159]  kill_block_super+0x43/0x80
[   31.636481]  deactivate_locked_super+0x52/0xb0
[   31.636840]  deactivate_super+0xb3/0xd0
[   31.637158]  cleanup_mnt+0x15e/0x1e0
[   31.637460]  __cleanup_mnt+0x1f/0x30
[   31.637759]  task_work_run+0xb6/0x120
[   31.638066]  do_exit+0x547/0x1360
[   31.638340]  ? __this_cpu_preempt_check+0x20/0x30
[   31.638722]  ? lockdep_hardirqs_on+0x8a/0x110
[   31.639082]  do_group_exit+0x5e/0xf0
[   31.639377]  __x64_sys_exit_group+0x25/0x30
[   31.639711]  do_syscall_64+0x3b/0x90
[   31.640006]  entry_SYSCALL_64_after_hwframe+0x72/0xdc
[   31.640407] RIP: 0033:0x7ff6b21cfcf6
[   31.640696] Code: Unable to access opcode bytes at 0x7ff6b21cfccc.
[   31.641170] RSP: 002b:00007fffb9c79398 EFLAGS: 00000246 ORIG_RAX: 00000000000000e7
[   31.641760] RAX: ffffffffffffffda RBX: 00007ff6b22da490 RCX: 00007ff6b21cfcf6
[   31.642303] RDX: 0000000000000001 RSI: 000000000000003c RDI: 0000000000000001
[   31.642844] RBP: 0000000000000001 R08: 00000000000000e7 R09: ffffffffffffff80
[   31.643385] R10: 0000000000000004 R11: 0000000000000246 R12: 00007ff6b22da490
[   31.643927] R13: 0000000000000001 R14: 00007ff6b22dde88 R15: 0000000000000000
[   31.644483]  </TASK>
[   31.644688] XFS (loop0): Corruption detected. Unmount and run xfs_repair
[   31.861400] loop0: detected capacity change from 0 to 65536
[   31.862874] XFS (loop0): Mounting V5 Filesystem d6f69dbd-8c5d-46be-b88e-92c0ae88ceb2
[   31.868743] XFS (loop0): Ending clean mount
[   31.869332] XFS (loop0): Quotacheck needed: Please wait.
[   31.873424] XFS (loop0): Quotacheck: Done.
[   31.917479] XFS (loop0): Metadata CRC error detected at xfs_agf_read_verify+0x10e/0x140, xfs_agf block 0x8001 
[   31.918339] XFS (loop0): Unmount and run xfs_repair
[   31.918758] XFS (loop0): First 128 bytes of corrupted metadata buffer:
[   31.919275] 00000000: 58 41 47 46 00 00 00 01 00 00 00 01 00 00 40 00  XAGF..........@.
[   31.919924] 00000010: 00 00 00 02 00 00 00 03 00 00 00 00 00 00 00 01  ................
[   31.920548] 00000020: 00 00 00 01 00 00 00 00 00 00 00 01 00 00 00 04  ................
[   31.921210] 00000030: 00 00 00 04 00 00 3b 5f 00 00 3b 5c 00 00 00 00  ......;_..;\....
[   31.921976] 00000040: d6 f6 9d bd 8c 5d 46 be b8 8e 92 c0 ae 88 ce b2  .....]F.........
[   31.922608] 00000050: 00 00 00 00 00 00 00 00 00 00 00 00 00 00 00 00  ................
[   31.923258] 00000060: 00 00 00 00 00 00 00 00 00 00 00 00 00 00 00 00  ................
[   31.923906] 00000070: 00 00 00 00 00 00 00 00 00 00 00 00 00 00 00 00  ................
[   31.924642] XFS (loop0): metadata I/O error in "xfs_read_agf+0xd0/0x2c0" at daddr 0x8001 len 1 error 74
[   31.960881] XFS (loop0): Unmounting Filesystem d6f69dbd-8c5d-46be-b88e-92c0ae88ceb2
[   31.985950] XFS (loop0): Internal error atomic_read(&pag->pag_active_ref) != 0 at line 257 of file fs/xfs/libxfs/xfs_ag.c.  Caller xfs_free_perag+0x10b/0x180
[   31.987081] CPU: 1 PID: 674 Comm: repro Not tainted 6.3.0-rc2-eeac8ede1755-8ac5b996bf51-revert+ #1
[   31.987806] Hardware name: QEMU Standard PC (i440FX + PIIX, 1996), BIOS rel-1.16.0-0-gd239552ce722-prebuilt.qemu.org 04/01/2014
[   31.988724] Call Trace:
[   31.988930]  <TASK>
[   31.989119]  dump_stack_lvl+0xe0/0x110
[   31.989437]  dump_stack+0x19/0x20
[   31.989746]  xfs_corruption_error+0xd6/0xe0
[   31.990095]  ? xfs_free_perag+0x10b/0x180
[   31.990429]  xfs_free_perag+0x13e/0x180
[   31.990771]  ? xfs_free_perag+0x10b/0x180
[   31.991104]  xfs_unmountfs+0xfb/0x1f0
[   31.991411]  xfs_fs_put_super+0x5a/0x120
[   31.991750]  ? __pfx_xfs_fs_put_super+0x10/0x10
[   31.992142]  generic_shutdown_super+0xac/0x240
[   31.992516]  kill_block_super+0x43/0x80
[   31.992868]  deactivate_locked_super+0x52/0xb0
[   31.993250]  deactivate_super+0xb3/0xd0
[   31.993572]  cleanup_mnt+0x15e/0x1e0
[   31.993887]  __cleanup_mnt+0x1f/0x30
[   31.994212]  task_work_run+0xb6/0x120
[   31.994522]  do_exit+0x547/0x1360
[   31.994806]  ? __this_cpu_preempt_check+0x20/0x30
[   31.995220]  ? lockdep_hardirqs_on+0x8a/0x110
[   31.995584]  do_group_exit+0x5e/0xf0
[   31.995883]  __x64_sys_exit_group+0x25/0x30
[   31.996250]  do_syscall_64+0x3b/0x90
[   31.996550]  entry_SYSCALL_64_after_hwframe+0x72/0xdc
[   31.996971] RIP: 0033:0x7fd42f567cf6
[   31.997312] Code: Unable to access opcode bytes at 0x7fd42f567ccc.
[   31.997797] RSP: 002b:00007ffeef977278 EFLAGS: 00000246 ORIG_RAX: 00000000000000e7
[   31.998386] RAX: ffffffffffffffda RBX: 00007fd42f672490 RCX: 00007fd42f567cf6
[   31.998933] RDX: 0000000000000001 RSI: 000000000000003c RDI: 0000000000000001
[   31.999481] RBP: 0000000000000001 R08: 00000000000000e7 R09: ffffffffffffff80
[   32.000030] R10: 0000000000000004 R11: 0000000000000246 R12: 00007fd42f672490
[   32.000578] R13: 0000000000000001 R14: 00007fd42f675e88 R15: 0000000000000000
[   32.001148]  </TASK>
[   32.001359] XFS (loop0): Corruption detected. Unmount and run xfs_repair
[   32.238977] loop0: detected capacity change from 0 to 65536
[   32.240600] XFS (loop0): Mounting V5 Filesystem d6f69dbd-8c5d-46be-b88e-92c0ae88ceb2
[   32.246585] XFS (loop0): Ending clean mount
[   32.247086] XFS (loop0): Quotacheck needed: Please wait.
[   32.250906] XFS (loop0): Quotacheck: Done.
[   32.297974] XFS (loop0): Metadata CRC error detected at xfs_agf_read_verify+0x10e/0x140, xfs_agf block 0x8001 
[   32.298815] XFS (loop0): Unmount and run xfs_repair
[   32.299200] XFS (loop0): First 128 bytes of corrupted metadata buffer:
[   32.299710] 00000000: 58 41 47 46 00 00 00 01 00 00 00 01 00 00 40 00  XAGF..........@.
[   32.300327] 00000010: 00 00 00 02 00 00 00 03 00 00 00 00 00 00 00 01  ................
[   32.300944] 00000020: 00 00 00 01 00 00 00 00 00 00 00 01 00 00 00 04  ................
[   32.301562] 00000030: 00 00 00 04 00 00 3b 5f 00 00 3b 5c 00 00 00 00  ......;_..;\....
[   32.302200] 00000040: d6 f6 9d bd 8c 5d 46 be b8 8e 92 c0 ae 88 ce b2  .....]F.........
[   32.302813] 00000050: 00 00 00 00 00 00 00 00 00 00 00 00 00 00 00 00  ................
[   32.303426] 00000060: 00 00 00 00 00 00 00 00 00 00 00 00 00 00 00 00  ................
[   32.304040] 00000070: 00 00 00 00 00 00 00 00 00 00 00 00 00 00 00 00  ................
[   32.304764] XFS (loop0): metadata I/O error in "xfs_read_agf+0xd0/0x2c0" at daddr 0x8001 len 1 error 74
[   32.340275] XFS (loop0): Unmounting Filesystem d6f69dbd-8c5d-46be-b88e-92c0ae88ceb2
[   32.361901] XFS (loop0): Internal error atomic_read(&pag->pag_active_ref) != 0 at line 257 of file fs/xfs/libxfs/xfs_ag.c.  Caller xfs_free_perag+0x10b/0x180
[   32.363039] CPU: 0 PID: 688 Comm: repro Not tainted 6.3.0-rc2-eeac8ede1755-8ac5b996bf51-revert+ #1
[   32.363763] Hardware name: QEMU Standard PC (i440FX + PIIX, 1996), BIOS rel-1.16.0-0-gd239552ce722-prebuilt.qemu.org 04/01/2014
[   32.364678] Call Trace:
[   32.364884]  <TASK>
[   32.365071]  dump_stack_lvl+0xe0/0x110
[   32.365388]  dump_stack+0x19/0x20
[   32.365693]  xfs_corruption_error+0xd6/0xe0
[   32.366045]  ? xfs_free_perag+0x10b/0x180
[   32.366378]  xfs_free_perag+0x13e/0x180
[   32.366719]  ? xfs_free_perag+0x10b/0x180
[   32.367051]  xfs_unmountfs+0xfb/0x1f0
[   32.367363]  xfs_fs_put_super+0x5a/0x120
[   32.367699]  ? __pfx_xfs_fs_put_super+0x10/0x10
[   32.368094]  generic_shutdown_super+0xac/0x240
[   32.368466]  kill_block_super+0x43/0x80
[   32.368815]  deactivate_locked_super+0x52/0xb0
[   32.369200]  deactivate_super+0xb3/0xd0
[   32.369521]  cleanup_mnt+0x15e/0x1e0
[   32.369833]  __cleanup_mnt+0x1f/0x30
[   32.370160]  task_work_run+0xb6/0x120
[   32.370468]  do_exit+0x547/0x1360
[   32.370745]  ? __this_cpu_preempt_check+0x20/0x30
[   32.371157]  ? lockdep_hardirqs_on+0x8a/0x110
[   32.371521]  do_group_exit+0x5e/0xf0
[   32.371819]  __x64_sys_exit_group+0x25/0x30
[   32.372182]  do_syscall_64+0x3b/0x90
[   32.372481]  entry_SYSCALL_64_after_hwframe+0x72/0xdc
[   32.372903] RIP: 0033:0x7fe604a34cf6
[   32.373226] Code: Unable to access opcode bytes at 0x7fe604a34ccc.
[   32.373718] RSP: 002b:00007ffcb9fe73c8 EFLAGS: 00000246 ORIG_RAX: 00000000000000e7
[   32.374342] RAX: ffffffffffffffda RBX: 00007fe604b3f490 RCX: 00007fe604a34cf6
[   32.374902] RDX: 0000000000000001 RSI: 000000000000003c RDI: 0000000000000001
[   32.375490] RBP: 0000000000000001 R08: 00000000000000e7 R09: ffffffffffffff80
[   32.376050] R10: 0000000000000004 R11: 0000000000000246 R12: 00007fe604b3f490
[   32.376646] R13: 0000000000000001 R14: 00007fe604b42e88 R15: 0000000000000000
[   32.377231]  </TASK>
[   32.377465] XFS (loop0): Corruption detected. Unmount and run xfs_repair
[   32.621144] loop0: detected capacity change from 0 to 65536
[   32.623441] XFS (loop0): Mounting V5 Filesystem d6f69dbd-8c5d-46be-b88e-92c0ae88ceb2
[   32.627549] XFS (loop0): Ending clean mount
[   32.628069] XFS (loop0): Quotacheck needed: Please wait.
[   32.631681] XFS (loop0): Quotacheck: Done.
[   32.671379] XFS (loop0): Metadata CRC error detected at xfs_agf_read_verify+0x10e/0x140, xfs_agf block 0x8001 
[   32.672205] XFS (loop0): Unmount and run xfs_repair
[   32.672597] XFS (loop0): First 128 bytes of corrupted metadata buffer:
[   32.673116] 00000000: 58 41 47 46 00 00 00 01 00 00 00 01 00 00 40 00  XAGF..........@.
[   32.673772] 00000010: 00 00 00 02 00 00 00 03 00 00 00 00 00 00 00 01  ................
[   32.674406] 00000020: 00 00 00 01 00 00 00 00 00 00 00 01 00 00 00 04  ................
[   32.675032] 00000030: 00 00 00 04 00 00 3b 5f 00 00 3b 5c 00 00 00 00  ......;_..;\....
[   32.675656] 00000040: d6 f6 9d bd 8c 5d 46 be b8 8e 92 c0 ae 88 ce b2  .....]F.........
[   32.676282] 00000050: 00 00 00 00 00 00 00 00 00 00 00 00 00 00 00 00  ................
[   32.676906] 00000060: 00 00 00 00 00 00 00 00 00 00 00 00 00 00 00 00  ................
[   32.677541] 00000070: 00 00 00 00 00 00 00 00 00 00 00 00 00 00 00 00  ................
[   32.678568] XFS (loop0): metadata I/O error in "xfs_read_agf+0xd0/0x2c0" at daddr 0x8001 len 1 error 74
[   32.714537] XFS (loop0): Unmounting Filesystem d6f69dbd-8c5d-46be-b88e-92c0ae88ceb2
[   32.729901] XFS (loop0): Internal error atomic_read(&pag->pag_active_ref) != 0 at line 257 of file fs/xfs/libxfs/xfs_ag.c.  Caller xfs_free_perag+0x10b/0x180
[   32.730994] CPU: 1 PID: 702 Comm: repro Not tainted 6.3.0-rc2-eeac8ede1755-8ac5b996bf51-revert+ #1
[   32.731686] Hardware name: QEMU Standard PC (i440FX + PIIX, 1996), BIOS rel-1.16.0-0-gd239552ce722-prebuilt.qemu.org 04/01/2014
[   32.732564] Call Trace:
[   32.732766]  <TASK>
[   32.732946]  dump_stack_lvl+0xe0/0x110
[   32.733258]  dump_stack+0x19/0x20
[   32.733528]  xfs_corruption_error+0xd6/0xe0
[   32.733867]  ? xfs_free_perag+0x10b/0x180
[   32.734191]  xfs_free_perag+0x13e/0x180
[   32.734498]  ? xfs_free_perag+0x10b/0x180
[   32.734821]  xfs_unmountfs+0xfb/0x1f0
[   32.735119]  xfs_fs_put_super+0x5a/0x120
[   32.735438]  ? __pfx_xfs_fs_put_super+0x10/0x10
[   32.735803]  generic_shutdown_super+0xac/0x240
[   32.736164]  kill_block_super+0x43/0x80
[   32.736478]  deactivate_locked_super+0x52/0xb0
[   32.736832]  deactivate_super+0xb3/0xd0
[   32.737143]  cleanup_mnt+0x15e/0x1e0
[   32.737439]  __cleanup_mnt+0x1f/0x30
[   32.737732]  task_work_run+0xb6/0x120
[   32.738033]  do_exit+0x547/0x1360
[   32.738302]  ? __this_cpu_preempt_check+0x20/0x30
[   32.738679]  ? lockdep_hardirqs_on+0x8a/0x110
[   32.739032]  do_group_exit+0x5e/0xf0
[   32.739323]  __x64_sys_exit_group+0x25/0x30
[   32.739653]  do_syscall_64+0x3b/0x90
[   32.739944]  entry_SYSCALL_64_after_hwframe+0x72/0xdc
[   32.740342] RIP: 0033:0x7f382f021cf6
[   32.740628] Code: Unable to access opcode bytes at 0x7f382f021ccc.
[   32.741102] RSP: 002b:00007ffee61771c8 EFLAGS: 00000246 ORIG_RAX: 00000000000000e7
[   32.741680] RAX: ffffffffffffffda RBX: 00007f382f12c490 RCX: 00007f382f021cf6
[   32.742224] RDX: 0000000000000001 RSI: 000000000000003c RDI: 0000000000000001
[   32.742767] RBP: 0000000000000001 R08: 00000000000000e7 R09: ffffffffffffff80
[   32.743310] R10: 0000000000000004 R11: 0000000000000246 R12: 00007f382f12c490
[   32.743853] R13: 0000000000000001 R14: 00007f382f12fe88 R15: 0000000000000000
[   32.744407]  </TASK>
[   32.744614] XFS (loop0): Corruption detected. Unmount and run xfs_repair
[   32.961131] loop0: detected capacity change from 0 to 65536
[   32.962907] XFS (loop0): Mounting V5 Filesystem d6f69dbd-8c5d-46be-b88e-92c0ae88ceb2
[   32.967617] XFS (loop0): Ending clean mount
[   32.968182] XFS (loop0): Quotacheck needed: Please wait.
[   32.971394] XFS (loop0): Quotacheck: Done.
[   33.016195] XFS (loop0): Metadata CRC error detected at xfs_agf_read_verify+0x10e/0x140, xfs_agf block 0x8001 
[   33.017029] XFS (loop0): Unmount and run xfs_repair
[   33.017424] XFS (loop0): First 128 bytes of corrupted metadata buffer:
[   33.017963] 00000000: 58 41 47 46 00 00 00 01 00 00 00 01 00 00 40 00  XAGF..........@.
[   33.018588] 00000010: 00 00 00 02 00 00 00 03 00 00 00 00 00 00 00 01  ................
[   33.019214] 00000020: 00 00 00 01 00 00 00 00 00 00 00 01 00 00 00 04  ................
[   33.019839] 00000030: 00 00 00 04 00 00 3b 5f 00 00 3b 5c 00 00 00 00  ......;_..;\....
[   33.020473] 00000040: d6 f6 9d bd 8c 5d 46 be b8 8e 92 c0 ae 88 ce b2  .....]F.........
[   33.021103] 00000050: 00 00 00 00 00 00 00 00 00 00 00 00 00 00 00 00  ................
[   33.021729] 00000060: 00 00 00 00 00 00 00 00 00 00 00 00 00 00 00 00  ................
[   33.022368] 00000070: 00 00 00 00 00 00 00 00 00 00 00 00 00 00 00 00  ................
[   33.023005] XFS (loop0): metadata I/O error in "xfs_read_agf+0xd0/0x2c0" at daddr 0x8001 len 1 error 74
[   33.057885] XFS (loop0): Unmounting Filesystem d6f69dbd-8c5d-46be-b88e-92c0ae88ceb2
[   33.077924] XFS (loop0): Internal error atomic_read(&pag->pag_active_ref) != 0 at line 257 of file fs/xfs/libxfs/xfs_ag.c.  Caller xfs_free_perag+0x10b/0x180
[   33.079036] CPU: 0 PID: 716 Comm: repro Not tainted 6.3.0-rc2-eeac8ede1755-8ac5b996bf51-revert+ #1
[   33.079739] Hardware name: QEMU Standard PC (i440FX + PIIX, 1996), BIOS rel-1.16.0-0-gd239552ce722-prebuilt.qemu.org 04/01/2014
[   33.080626] Call Trace:
[   33.080833]  <TASK>
[   33.081016]  dump_stack_lvl+0xe0/0x110
[   33.081385]  dump_stack+0x19/0x20
[   33.081667]  xfs_corruption_error+0xd6/0xe0
[   33.082014]  ? xfs_free_perag+0x10b/0x180
[   33.082349]  xfs_free_perag+0x13e/0x180
[   33.082662]  ? xfs_free_perag+0x10b/0x180
[   33.082991]  xfs_unmountfs+0xfb/0x1f0
[   33.083297]  xfs_fs_put_super+0x5a/0x120
[   33.083622]  ? __pfx_xfs_fs_put_super+0x10/0x10
[   33.083996]  generic_shutdown_super+0xac/0x240
[   33.084365]  kill_block_super+0x43/0x80
[   33.084688]  deactivate_locked_super+0x52/0xb0
[   33.085050]  deactivate_super+0xb3/0xd0
[   33.085367]  cleanup_mnt+0x15e/0x1e0
[   33.085671]  __cleanup_mnt+0x1f/0x30
[   33.085970]  task_work_run+0xb6/0x120
[   33.086278]  do_exit+0x547/0x1360
[   33.086552]  ? __this_cpu_preempt_check+0x20/0x30
[   33.086936]  ? lockdep_hardirqs_on+0x8a/0x110
[   33.087299]  do_group_exit+0x5e/0xf0
[   33.087595]  __x64_sys_exit_group+0x25/0x30
[   33.087931]  do_syscall_64+0x3b/0x90
[   33.088227]  entry_SYSCALL_64_after_hwframe+0x72/0xdc
[   33.088629] RIP: 0033:0x7fc6a3519cf6
[   33.088921] Code: Unable to access opcode bytes at 0x7fc6a3519ccc.
[   33.089398] RSP: 002b:00007fffe893f818 EFLAGS: 00000246 ORIG_RAX: 00000000000000e7
[   33.089983] RAX: ffffffffffffffda RBX: 00007fc6a3624490 RCX: 00007fc6a3519cf6
[   33.090530] RDX: 0000000000000001 RSI: 000000000000003c RDI: 0000000000000001
[   33.091075] RBP: 0000000000000001 R08: 00000000000000e7 R09: ffffffffffffff80
[   33.091619] R10: 0000000000000004 R11: 0000000000000246 R12: 00007fc6a3624490
[   33.092164] R13: 0000000000000001 R14: 00007fc6a3627e88 R15: 0000000000000000
[   33.092725]  </TASK>
[   33.092934] XFS (loop0): Corruption detected. Unmount and run xfs_repair
[   33.337663] loop0: detected capacity change from 0 to 65536
[   33.339264] XFS (loop0): Mounting V5 Filesystem d6f69dbd-8c5d-46be-b88e-92c0ae88ceb2
[   33.344039] XFS (loop0): Ending clean mount
[   33.344659] XFS (loop0): Quotacheck needed: Please wait.
[   33.346757] XFS (loop0): Quotacheck: Done.
[   33.393274] XFS (loop0): Metadata CRC error detected at xfs_agf_read_verify+0x10e/0x140, xfs_agf block 0x8001 
[   33.394159] XFS (loop0): Unmount and run xfs_repair
[   33.394555] XFS (loop0): First 128 bytes of corrupted metadata buffer:
[   33.395076] 00000000: 58 41 47 46 00 00 00 01 00 00 00 01 00 00 40 00  XAGF..........@.
[   33.395706] 00000010: 00 00 00 02 00 00 00 03 00 00 00 00 00 00 00 01  ................
[   33.396337] 00000020: 00 00 00 01 00 00 00 00 00 00 00 01 00 00 00 04  ................
[   33.396967] 00000030: 00 00 00 04 00 00 3b 5f 00 00 3b 5c 00 00 00 00  ......;_..;\....
[   33.397657] 00000040: d6 f6 9d bd 8c 5d 46 be b8 8e 92 c0 ae 88 ce b2  .....]F.........
[   33.398310] 00000050: 00 00 00 00 00 00 00 00 00 00 00 00 00 00 00 00  ................
[   33.398967] 00000060: 00 00 00 00 00 00 00 00 00 00 00 00 00 00 00 00  ................
[   33.399612] 00000070: 00 00 00 00 00 00 00 00 00 00 00 00 00 00 00 00  ................
[   33.400346] XFS (loop0): metadata I/O error in "xfs_read_agf+0xd0/0x2c0" at daddr 0x8001 len 1 error 74
[   33.401122] xfs_discard_folio: 4 callbacks suppressed
[   33.401127] XFS (loop0): page discard on page 0000000033d7d460, inode 0x46, pos 0.
[   33.437377] XFS (loop0): Unmounting Filesystem d6f69dbd-8c5d-46be-b88e-92c0ae88ceb2
[   33.449866] XFS (loop0): Internal error atomic_read(&pag->pag_active_ref) != 0 at line 257 of file fs/xfs/libxfs/xfs_ag.c.  Caller xfs_free_perag+0x10b/0x180
[   33.450952] CPU: 1 PID: 730 Comm: repro Not tainted 6.3.0-rc2-eeac8ede1755-8ac5b996bf51-revert+ #1
[   33.451632] Hardware name: QEMU Standard PC (i440FX + PIIX, 1996), BIOS rel-1.16.0-0-gd239552ce722-prebuilt.qemu.org 04/01/2014
[   33.452491] Call Trace:
[   33.452690]  <TASK>
[   33.452866]  dump_stack_lvl+0xe0/0x110
[   33.453172]  dump_stack+0x19/0x20
[   33.453443]  xfs_corruption_error+0xd6/0xe0
[   33.453785]  ? xfs_free_perag+0x10b/0x180
[   33.454110]  xfs_free_perag+0x13e/0x180
[   33.454418]  ? xfs_free_perag+0x10b/0x180
[   33.454742]  xfs_unmountfs+0xfb/0x1f0
[   33.455041]  xfs_fs_put_super+0x5a/0x120
[   33.455360]  ? __pfx_xfs_fs_put_super+0x10/0x10
[   33.455726]  generic_shutdown_super+0xac/0x240
[   33.456090]  kill_block_super+0x43/0x80
[   33.456404]  deactivate_locked_super+0x52/0xb0
[   33.456758]  deactivate_super+0xb3/0xd0
[   33.457070]  cleanup_mnt+0x15e/0x1e0
[   33.457366]  __cleanup_mnt+0x1f/0x30
[   33.457659]  task_work_run+0xb6/0x120
[   33.457961]  do_exit+0x547/0x1360
[   33.458231]  ? __this_cpu_preempt_check+0x20/0x30
[   33.458609]  ? lockdep_hardirqs_on+0x8a/0x110
[   33.458963]  do_group_exit+0x5e/0xf0
[   33.459254]  __x64_sys_exit_group+0x25/0x30
[   33.459585]  do_syscall_64+0x3b/0x90
[   33.459876]  entry_SYSCALL_64_after_hwframe+0x72/0xdc
[   33.460276] RIP: 0033:0x7f849f5a4cf6
[   33.460569] Code: Unable to access opcode bytes at 0x7f849f5a4ccc.
[   33.461043] RSP: 002b:00007ffe67489c58 EFLAGS: 00000246 ORIG_RAX: 00000000000000e7
[   33.461621] RAX: ffffffffffffffda RBX: 00007f849f6af490 RCX: 00007f849f5a4cf6
[   33.462165] RDX: 0000000000000001 RSI: 000000000000003c RDI: 0000000000000001
[   33.462710] RBP: 0000000000000001 R08: 00000000000000e7 R09: ffffffffffffff80
[   33.463253] R10: 0000000000000004 R11: 0000000000000246 R12: 00007f849f6af490
[   33.463798] R13: 0000000000000001 R14: 00007f849f6b2e88 R15: 0000000000000000
[   33.464353]  </TASK>
[   33.464553] XFS (loop0): Corruption detected. Unmount and run xfs_repair
[   33.693977] loop0: detected capacity change from 0 to 65536
[   33.695407] XFS (loop0): Mounting V5 Filesystem d6f69dbd-8c5d-46be-b88e-92c0ae88ceb2
[   33.703030] XFS (loop0): Ending clean mount
[   33.703751] XFS (loop0): Quotacheck needed: Please wait.
[   33.707625] XFS (loop0): Quotacheck: Done.
[   33.760286] XFS (loop0): Metadata CRC error detected at xfs_agf_read_verify+0x10e/0x140, xfs_agf block 0x8001 
[   33.761184] XFS (loop0): Unmount and run xfs_repair
[   33.761598] XFS (loop0): First 128 bytes of corrupted metadata buffer:
[   33.762146] 00000000: 58 41 47 46 00 00 00 01 00 00 00 01 00 00 40 00  XAGF..........@.
[   33.762791] 00000010: 00 00 00 02 00 00 00 03 00 00 00 00 00 00 00 01  ................
