c[?7l[2J[0mSeaBIOS (version rel-1.16.0-0-gd239552ce722-prebuilt.qemu.org)


iPXE (http://ipxe.org) 00:03.0 CA00 PCI2.10 PnP PMM+7FF91000+7FEF1000 CA00
Press Ctrl-B to configure iPXE (PCI 00:03.0)...                                                                               


Booting from ROM..c[?7l[2J[    0.000000] Linux version 6.3.0-rc3-kvm-e8d018dd (root@xpf.sh.intel.com) (gcc (GCC) 8.5.0 20210514 (Red Hat 8.5.0-18), GNU ld version 2.36.1-2.el8) #1 SMP PREEMPT_DYNAMIC Mon Mar 20 14:24:22 CST 2023
[    0.000000] Command line: console=ttyS0 root=/dev/sda earlyprintk=serial net.ifnames=0 thunderbolt.dyndbg
[    0.000000] KERNEL supported cpus:
[    0.000000]   Intel GenuineIntel
[    0.000000]   AMD AuthenticAMD
[    0.000000]   Hygon HygonGenuine
[    0.000000]   Centaur CentaurHauls
[    0.000000]   zhaoxin   Shanghai  
[    0.000000] x86/fpu: Supporting XSAVE feature 0x001: 'x87 floating point registers'
[    0.000000] x86/fpu: Supporting XSAVE feature 0x002: 'SSE registers'
[    0.000000] x86/fpu: Supporting XSAVE feature 0x004: 'AVX registers'
[    0.000000] x86/fpu: Supporting XSAVE feature 0x200: 'Protection Keys User registers'
[    0.000000] x86/fpu: xstate_offset[2]:  576, xstate_sizes[2]:  256
[    0.000000] x86/fpu: xstate_offset[9]:  832, xstate_sizes[9]:    8
[    0.000000] x86/fpu: Enabled xstate features 0x207, context size is 840 bytes, using 'compacted' format.
[    0.000000] signal: max sigframe size: 3632
[    0.000000] BIOS-provided physical RAM map:
[    0.000000] BIOS-e820: [mem 0x0000000000000000-0x000000000009fbff] usable
[    0.000000] BIOS-e820: [mem 0x000000000009fc00-0x000000000009ffff] reserved
[    0.000000] BIOS-e820: [mem 0x00000000000f0000-0x00000000000fffff] reserved
[    0.000000] BIOS-e820: [mem 0x0000000000100000-0x000000007ffdffff] usable
[    0.000000] BIOS-e820: [mem 0x000000007ffe0000-0x000000007fffffff] reserved
[    0.000000] BIOS-e820: [mem 0x00000000feffc000-0x00000000feffffff] reserved
[    0.000000] BIOS-e820: [mem 0x00000000fffc0000-0x00000000ffffffff] reserved
[    0.000000] printk: bootconsole [earlyser0] enabled
[    0.000000] NX (Execute Disable) protection: active
[    0.000000] SMBIOS 2.8 present.
[    0.000000] DMI: QEMU Standard PC (i440FX + PIIX, 1996), BIOS rel-1.16.0-0-gd239552ce722-prebuilt.qemu.org 04/01/2014
[    0.000000] Hypervisor detected: KVM
[    0.000000] kvm-clock: Using msrs 4b564d01 and 4b564d00
[    0.000002] kvm-clock: using sched offset of 331996802 cycles
[    0.000651] clocksource: kvm-clock: mask: 0xffffffffffffffff max_cycles: 0x1cd42e4dffb, max_idle_ns: 881590591483 ns
[    0.002678] tsc: Detected 806.400 MHz processor
[    0.004000] last_pfn = 0x7ffe0 max_arch_pfn = 0x400000000
[    0.004000] x86/PAT: Configuration [0-7]: WB  WC  UC- UC  WB  WP  UC- WT  
[    0.004000] found SMP MP-table at [mem 0x000f5ba0-0x000f5baf]
[    0.004000] Using GB pages for direct mapping
[    0.004000] ACPI: Early table checksum verification disabled
[    0.004000] ACPI: RSDP 0x00000000000F59C0 000014 (v00 BOCHS )
[    0.004000] ACPI: RSDT 0x000000007FFE1951 000034 (v01 BOCHS  BXPC     00000001 BXPC 00000001)
[    0.004000] ACPI: FACP 0x000000007FFE17FD 000074 (v01 BOCHS  BXPC     00000001 BXPC 00000001)
[    0.004000] ACPI: DSDT 0x000000007FFE0040 0017BD (v01 BOCHS  BXPC     00000001 BXPC 00000001)
[    0.004000] ACPI: FACS 0x000000007FFE0000 000040
[    0.004000] ACPI: APIC 0x000000007FFE1871 000080 (v01 BOCHS  BXPC     00000001 BXPC 00000001)
[    0.004000] ACPI: HPET 0x000000007FFE18F1 000038 (v01 BOCHS  BXPC     00000001 BXPC 00000001)
[    0.004000] ACPI: WAET 0x000000007FFE1929 000028 (v01 BOCHS  BXPC     00000001 BXPC 00000001)
[    0.004000] ACPI: Reserving FACP table memory at [mem 0x7ffe17fd-0x7ffe1870]
[    0.004000] ACPI: Reserving DSDT table memory at [mem 0x7ffe0040-0x7ffe17fc]
[    0.004000] ACPI: Reserving FACS table memory at [mem 0x7ffe0000-0x7ffe003f]
[    0.004000] ACPI: Reserving APIC table memory at [mem 0x7ffe1871-0x7ffe18f0]
[    0.004000] ACPI: Reserving HPET table memory at [mem 0x7ffe18f1-0x7ffe1928]
[    0.004000] ACPI: Reserving WAET table memory at [mem 0x7ffe1929-0x7ffe1950]
[    0.004000] No NUMA configuration found
[    0.004000] Faking a node at [mem 0x0000000000000000-0x000000007ffdffff]
[    0.004000] NODE_DATA(0) allocated [mem 0x7ffb5000-0x7ffdffff]
[    0.004000] Zone ranges:
[    0.004000]   DMA      [mem 0x0000000000001000-0x0000000000ffffff]
[    0.004000]   DMA32    [mem 0x0000000001000000-0x000000007ffdffff]
[    0.004000]   Normal   empty
[    0.004000]   Device   empty
[    0.004000] Movable zone start for each node
[    0.004000] Early memory node ranges
[    0.004000]   node   0: [mem 0x0000000000001000-0x000000000009efff]
[    0.004000]   node   0: [mem 0x0000000000100000-0x000000007ffdffff]
[    0.004000] Initmem setup node 0 [mem 0x0000000000001000-0x000000007ffdffff]
[    0.004000] On node 0, zone DMA: 1 pages in unavailable ranges
[    0.004000] On node 0, zone DMA: 97 pages in unavailable ranges
[    0.004000] On node 0, zone DMA32: 32 pages in unavailable ranges
[    0.004000] ACPI: PM-Timer IO Port: 0x608
[    0.004000] ACPI: LAPIC_NMI (acpi_id[0xff] dfl dfl lint[0x1])
[    0.004000] IOAPIC[0]: apic_id 0, version 17, address 0xfec00000, GSI 0-23
[    0.004000] ACPI: INT_SRC_OVR (bus 0 bus_irq 0 global_irq 2 dfl dfl)
[    0.004000] ACPI: INT_SRC_OVR (bus 0 bus_irq 5 global_irq 5 high level)
[    0.004000] ACPI: INT_SRC_OVR (bus 0 bus_irq 9 global_irq 9 high level)
[    0.004000] ACPI: INT_SRC_OVR (bus 0 bus_irq 10 global_irq 10 high level)
[    0.004000] ACPI: INT_SRC_OVR (bus 0 bus_irq 11 global_irq 11 high level)
[    0.004000] ACPI: Using ACPI (MADT) for SMP configuration information
[    0.004000] ACPI: HPET id: 0x8086a201 base: 0xfed00000
[    0.004000] TSC deadline timer available
[    0.004000] smpboot: Allowing 2 CPUs, 0 hotplug CPUs
[    0.004000] kvm-guest: KVM setup pv remote TLB flush
[    0.004000] kvm-guest: setup PV sched yield
[    0.004000] PM: hibernation: Registered nosave memory: [mem 0x00000000-0x00000fff]
[    0.004000] PM: hibernation: Registered nosave memory: [mem 0x0009f000-0x0009ffff]
[    0.004000] PM: hibernation: Registered nosave memory: [mem 0x000a0000-0x000effff]
[    0.004000] PM: hibernation: Registered nosave memory: [mem 0x000f0000-0x000fffff]
[    0.004000] [mem 0x80000000-0xfeffbfff] available for PCI devices
[    0.004000] Booting paravirtualized kernel on KVM
[    0.004000] clocksource: refined-jiffies: mask: 0xffffffff max_cycles: 0xffffffff, max_idle_ns: 7645519600211568 ns
[    0.004000] setup_percpu: NR_CPUS:8192 nr_cpumask_bits:2 nr_cpu_ids:2 nr_node_ids:1
[    0.004000] percpu: Embedded 65 pages/cpu s229376 r8192 d28672 u1048576
[    0.004000] kvm-guest: PV spinlocks enabled
[    0.004000] PV qspinlock hash table entries: 256 (order: 0, 4096 bytes, linear)
[    0.004000] Fallback order for Node 0: 0 
[    0.004000] Built 1 zonelists, mobility grouping on.  Total pages: 515808
[    0.004000] Policy zone: DMA32
[    0.004000] Kernel command line: net.ifnames=0 console=ttyS0 root=/dev/sda earlyprintk=serial net.ifnames=0 thunderbolt.dyndbg
[    0.004000] random: crng init done
[    0.004000] Dentry cache hash table entries: 262144 (order: 9, 2097152 bytes, linear)
[    0.004000] Inode-cache hash table entries: 131072 (order: 8, 1048576 bytes, linear)
[    0.004000] mem auto-init: stack:off, heap alloc:off, heap free:off
[    0.004000] Memory: 1966936K/2096632K available (34816K kernel code, 4577K rwdata, 9800K rodata, 10384K init, 31872K bss, 129440K reserved, 0K cma-reserved)
[    0.004000] SLUB: HWalign=64, Order=0-3, MinObjects=0, CPUs=2, Nodes=1
[    0.004000] kmemleak: Kernel memory leak detector disabled
[    0.004000] ftrace: allocating 68738 entries in 269 pages
[    0.004000] ftrace: allocated 269 pages with 4 groups
[    0.004000] Dynamic Preempt: voluntary
[    0.004000] Running RCU self tests
[    0.004000] Running RCU synchronous self tests
[    0.004000] rcu: Preemptible hierarchical RCU implementation.
[    0.004000] rcu: 	RCU lockdep checking is enabled.
[    0.004000] rcu: 	RCU restricting CPUs from NR_CPUS=8192 to nr_cpu_ids=2.
[    0.004000] 	Trampoline variant of Tasks RCU enabled.
[    0.004000] 	Rude variant of Tasks RCU enabled.
[    0.004000] 	Tracing variant of Tasks RCU enabled.
[    0.004000] rcu: RCU calculated value of scheduler-enlistment delay is 25 jiffies.
[    0.004000] rcu: Adjusting geometry for rcu_fanout_leaf=16, nr_cpu_ids=2
[    0.004000] Running RCU synchronous self tests
[    0.004000] NR_IRQS: 524544, nr_irqs: 440, preallocated irqs: 16
[    0.004000] rcu: srcu_init: Setting srcu_struct sizes based on contention.
[    0.004000] Console: colour VGA+ 80x25
[    0.004000] printk: console [ttyS0] enabled
[    0.004000] printk: console [ttyS0] enabled
[    0.004000] printk: bootconsole [earlyser0] disabled
[    0.004000] printk: bootconsole [earlyser0] disabled
[    0.004000] Lock dependency validator: Copyright (c) 2006 Red Hat, Inc., Ingo Molnar
[    0.004000] ... MAX_LOCKDEP_SUBCLASSES:  8
[    0.004000] ... MAX_LOCK_DEPTH:          48
[    0.004000] ... MAX_LOCKDEP_KEYS:        8192
[    0.004000] ... CLASSHASH_SIZE:          4096
[    0.004000] ... MAX_LOCKDEP_ENTRIES:     32768
[    0.004000] ... MAX_LOCKDEP_CHAINS:      65536
[    0.004000] ... CHAINHASH_SIZE:          32768
[    0.004000]  memory used by lock dependency info: 6365 kB
[    0.004000]  memory used for stack traces: 4224 kB
[    0.004000]  per task-struct memory footprint: 1920 bytes
[    0.004000] ACPI: Core revision 20221020
[    0.004000] clocksource: hpet: mask: 0xffffffff max_cycles: 0xffffffff, max_idle_ns: 19112604467 ns
[    0.004000] APIC: Switch to symmetric I/O mode setup
[    0.004000] x2apic enabled
[    0.004000] Switched APIC routing to physical x2apic.
[    0.004000] kvm-guest: setup PV IPIs
[    0.004000] ..TIMER: vector=0x30 apic1=0 pin1=2 apic2=-1 pin2=-1
[    0.004000] clocksource: tsc-early: mask: 0xffffffffffffffff max_cycles: 0xb9fb05486c, max_idle_ns: 440795231721 ns
[    0.159642] Calibrating delay loop (skipped) preset value.. 1612.80 BogoMIPS (lpj=3225600)
[    0.160654] pid_max: default: 32768 minimum: 301
[    0.163665] LSM: initializing lsm=capability,yama,integrity
[    0.164363] Yama: becoming mindful.
[    0.164899] Mount-cache hash table entries: 4096 (order: 3, 32768 bytes, linear)
[    0.165806] Mountpoint-cache hash table entries: 4096 (order: 3, 32768 bytes, linear)
[    0.167679] CPU0: Thermal monitoring enabled (TM1)
[    0.168369] x86/cpu: User Mode Instruction Prevention (UMIP) activated
[    0.169479] Last level iTLB entries: 4KB 0, 2MB 0, 4MB 0
[    0.170145] Last level dTLB entries: 4KB 0, 2MB 0, 4MB 0, 1GB 0
[    0.170891] Spectre V1 : Mitigation: usercopy/swapgs barriers and __user pointer sanitization
[    0.171636] Spectre V2 : WARNING: Unprivileged eBPF is enabled with eIBRS on, data leaks possible via Spectre v2 BHB attacks!
[    0.173001] Spectre V2 : Mitigation: Enhanced / Automatic IBRS
[    0.173705] Spectre V2 : Spectre v2 / SpectreRSB mitigation: Filling RSB on context switch
[    0.174702] Spectre V2 : Spectre v2 / PBRSB-eIBRS: Retire a single CALL on VMEXIT
[    0.175636] Spectre V2 : mitigation: Enabling conditional Indirect Branch Prediction Barrier
[    0.176644] Speculative Store Bypass: Mitigation: Speculative Store Bypass disabled via prctl
[    0.177663] MMIO Stale Data: Unknown: No mitigations
[    0.261665] Freeing SMP alternatives memory: 56K
[    0.262299] Running RCU synchronous self tests
[    0.262855] Running RCU synchronous self tests
[    0.263580] smpboot: CPU0: Genuine Intel(R) 0000 (family: 0x6, model: 0xb7, stepping: 0x0)
[    0.263632] cblist_init_generic: Setting adjustable number of callback queues.
[    0.263632] cblist_init_generic: Setting shift to 1 and lim to 1.
[    0.263632] cblist_init_generic: Setting shift to 1 and lim to 1.
[    0.263632] cblist_init_generic: Setting shift to 1 and lim to 1.
[    0.263667] Running RCU-tasks wait API self tests
[    0.367729] Performance Events: Alderlake Hybrid events, full-width counters, Intel PMU driver.
[    0.369214] core: cpu_core PMU driver: 
[    0.369690] ... version:                2
[    0.370176] ... bit width:              48
[    0.370673] ... generic registers:      6
[    0.371159] ... value mask:             0000ffffffffffff
[    0.371638] ... max period:             00007fffffffffff
[    0.372277] ... fixed-purpose events:   3
[    0.372763] ... event mask:             0001000f0000003f
[    0.373524] rcu: Hierarchical SRCU implementation.
[    0.374103] rcu: 	Max phase no-delay instances is 1000.
[    0.376563] unchecked MSR access error: WRMSR to 0x38f (tried to write 0x0001000f0000003f) at rIP: 0xffffffff810dcc2c (native_write_msr+0xc/0x30)
[    0.378124] Call Trace:
[    0.378428]  <TASK>
[    0.378692]  __intel_pmu_enable_all.constprop.49+0xb5/0x140
[    0.379377]  intel_pmu_enable_all+0x1e/0x30
[    0.379632]  x86_pmu_enable+0x46d/0x5a0
[    0.379632]  ? write_comp_data+0x2f/0x90
[    0.379632]  perf_pmu_enable+0x53/0x70
[    0.379632]  ctx_resched+0x14d/0x1e0
[    0.379632]  __perf_install_in_context+0x2f7/0x470
[    0.379632]  ? __pfx_remote_function+0x10/0x10
[    0.379632]  ? __pfx_remote_function+0x10/0x10
[    0.379632]  remote_function+0x80/0xa0
[    0.379632]  ? __pfx_remote_function+0x10/0x10
[    0.379632]  generic_exec_single+0x124/0x190
[    0.379632]  smp_call_function_single+0x11c/0x240
[    0.379632]  ? __pfx_remote_function+0x10/0x10
[    0.379632]  ? __sanitizer_cov_trace_pc+0x25/0x60
[    0.379632]  ? write_comp_data+0x2f/0x90
[    0.379632]  perf_install_in_context+0x2d8/0x300
[    0.379632]  ? __pfx___perf_install_in_context+0x10/0x10
[    0.379632]  perf_event_create_kernel_counter+0x284/0x2b0
[    0.379632]  ? __pfx_watchdog_overflow_callback+0x10/0x10
[    0.379632]  hardlockup_detector_event_create+0x46/0xd0
[    0.379632]  hardlockup_detector_perf_init+0x18/0x80
[    0.379632]  watchdog_nmi_probe+0x17/0x20
[    0.379632]  lockup_detector_init+0x40/0xb0
[    0.379632]  kernel_init_freeable+0x37e/0x760
[    0.379632]  ? __pfx_kernel_init+0x10/0x10
[    0.379632]  kernel_init+0x24/0x1e0
[    0.379632]  ? __pfx_kernel_init+0x10/0x10
[    0.379632]  ret_from_fork+0x29/0x50
[    0.379632]  </TASK>
[    0.379647] Callback from call_rcu_tasks_trace() invoked.
[    0.380409] smp: Bringing up secondary CPUs ...
[    0.381250] x86: Booting SMP configuration:
[    0.381772] .... node  #0, CPUs:      #1
[    0.382525] smp: Brought up 1 node, 2 CPUs
[    0.383641] smpboot: Max logical packages: 1
[    0.384168] smpboot: Total of 2 processors activated (3225.60 BogoMIPS)
[    0.385757] devtmpfs: initialized
[    0.385757] x86/mm: Memory block size: 128MB
[    0.388404] Running RCU synchronous self tests
[    0.388496] Running RCU synchronous self tests
[    0.389069] clocksource: jiffies: mask: 0xffffffff max_cycles: 0xffffffff, max_idle_ns: 7645041785100000 ns
[    0.390245] futex hash table entries: 512 (order: 4, 65536 bytes, linear)
[    0.391787] pinctrl core: initialized pinctrl subsystem
[    0.392783] 
[    0.392982] *************************************************************
[    0.393805] **     NOTICE NOTICE NOTICE NOTICE NOTICE NOTICE NOTICE    **
[    0.394628] **                                                         **
[    0.395451] **  IOMMU DebugFS SUPPORT HAS BEEN ENABLED IN THIS KERNEL  **
[    0.395638] **                                                         **
[    0.396463] ** This means that this kernel is built to expose internal **
[    0.397286] ** IOMMU data structures, which may compromise security on **
[    0.398111] ** your system.                                            **
[    0.398937] **                                                         **
[    0.399637] ** If you see this message and you are not debugging the   **
[    0.400460] ** kernel, report this immediately to your vendor!         **
[    0.401283] **                                                         **
[    0.402106] **     NOTICE NOTICE NOTICE NOTICE NOTICE NOTICE NOTICE    **
[    0.402932] *************************************************************
[    0.403718] PM: RTC time: 06:16:39, date: 2023-03-20
[    0.405953] NET: Registered PF_NETLINK/PF_ROUTE protocol family
[    0.407131] DMA: preallocated 256 KiB GFP_KERNEL pool for atomic allocations
[    0.407643] DMA: preallocated 256 KiB GFP_KERNEL|GFP_DMA pool for atomic allocations
[    0.408588] DMA: preallocated 256 KiB GFP_KERNEL|GFP_DMA32 pool for atomic allocations
[    0.409570] audit: initializing netlink subsys (disabled)
[    0.410264] audit: type=2000 audit(1679293000.122:1): state=initialized audit_enabled=0 res=1
[    0.410264] thermal_sys: Registered thermal governor 'fair_share'
[    0.410264] thermal_sys: Registered thermal governor 'bang_bang'
[    0.411640] thermal_sys: Registered thermal governor 'step_wise'
[    0.412365] thermal_sys: Registered thermal governor 'user_space'
[    0.413121] cpuidle: using governor ladder
[    0.414371] cpuidle: using governor menu
[    0.415076] acpiphp: ACPI Hot Plug PCI Controller Driver version: 0.5
[    0.415859] PCI: Using configuration type 1 for base access
[    0.417237] kprobes: kprobe jump-optimization is enabled. All kprobes are optimized if possible.
[    0.605163] HugeTLB: registered 1.00 GiB page size, pre-allocated 0 pages
[    0.605980] HugeTLB: 16380 KiB vmemmap can be freed for a 1.00 GiB page
[    0.606800] HugeTLB: registered 2.00 MiB page size, pre-allocated 0 pages
[    0.607629] HugeTLB: 28 KiB vmemmap can be freed for a 2.00 MiB page
[    0.609751] ACPI: Added _OSI(Module Device)
[    0.610279] ACPI: Added _OSI(Processor Device)
[    0.610828] ACPI: Added _OSI(3.0 _SCP Extensions)
[    0.611408] ACPI: Added _OSI(Processor Aggregator Device)
[    0.615666] ACPI: 1 ACPI AML tables successfully acquired and loaded
[    2.480357] Callback from call_rcu_tasks_rude() invoked.
[    2.484572] ACPI: Interpreter enabled
[    2.485084] ACPI: PM: (supports S0 S3 S4 S5)
[    2.485590] ACPI: Using IOAPIC for interrupt routing
[    2.486221] PCI: Using host bridge windows from ACPI; if necessary, use "pci=nocrs" and report a bug
[    2.487283] PCI: Using E820 reservations for host bridge windows
[    2.488135] ACPI: Enabled 2 GPEs in block 00 to 0F
[    2.500427] ACPI: PCI Root Bridge [PCI0] (domain 0000 [bus 00-ff])
[    2.501204] acpi PNP0A03:00: _OSC: OS supports [ASPM ClockPM Segments MSI EDR HPX-Type3]
[    2.502159] acpi PNP0A03:00: _OSC: not requesting OS control; OS requires [ExtendedConfig ASPM ClockPM MSI]
[    2.503335] acpi PNP0A03:00: fail to add MMCONFIG information, can't access extended configuration space under this bridge
[    2.505307] acpiphp: Slot [3] registered
[    2.505827] acpiphp: Slot [4] registered
[    2.506343] acpiphp: Slot [5] registered
[    2.506859] acpiphp: Slot [6] registered
[    2.507373] acpiphp: Slot [7] registered
[    2.507689] acpiphp: Slot [8] registered
[    2.508203] acpiphp: Slot [9] registered
[    2.508724] acpiphp: Slot [10] registered
[    2.509252] acpiphp: Slot [11] registered
[    2.509775] acpiphp: Slot [12] registered
[    2.510303] acpiphp: Slot [13] registered
[    2.510826] acpiphp: Slot [14] registered
[    2.511361] acpiphp: Slot [15] registered
[    2.511686] acpiphp: Slot [16] registered
[    2.512213] acpiphp: Slot [17] registered
[    2.512742] acpiphp: Slot [18] registered
[    2.513266] acpiphp: Slot [19] registered
[    2.513791] acpiphp: Slot [20] registered
[    2.514315] acpiphp: Slot [21] registered
[    2.514840] acpiphp: Slot [22] registered
[    2.515373] acpiphp: Slot [23] registered
[    2.515686] acpiphp: Slot [24] registered
[    2.516214] acpiphp: Slot [25] registered
[    2.516739] acpiphp: Slot [26] registered
[    2.517262] acpiphp: Slot [27] registered
[    2.517786] acpiphp: Slot [28] registered
[    2.518313] acpiphp: Slot [29] registered
[    2.518837] acpiphp: Slot [30] registered
[    2.519360] acpiphp: Slot [31] registered
[    2.519654] PCI host bridge to bus 0000:00
[    2.520153] pci_bus 0000:00: root bus resource [io  0x0000-0x0cf7 window]
[    2.520950] pci_bus 0000:00: root bus resource [io  0x0d00-0xffff window]
[    2.521747] pci_bus 0000:00: root bus resource [mem 0x000a0000-0x000bffff window]
[    2.522621] pci_bus 0000:00: root bus resource [mem 0x80000000-0xfebfffff window]
[    2.523500] pci_bus 0000:00: root bus resource [mem 0x100000000-0x17fffffff window]
[    2.523638] pci_bus 0000:00: root bus resource [bus 00-ff]
[    2.524373] pci 0000:00:00.0: [8086:1237] type 00 class 0x060000
[    2.527435] pci 0000:00:01.0: [8086:7000] type 00 class 0x060100
[    2.528419] pci 0000:00:01.1: [8086:7010] type 00 class 0x010180
[    2.530341] pci 0000:00:01.1: reg 0x20: [io  0xc040-0xc04f]
[    2.531556] pci 0000:00:01.1: legacy IDE quirk: reg 0x10: [io  0x01f0-0x01f7]
[    2.531639] pci 0000:00:01.1: legacy IDE quirk: reg 0x14: [io  0x03f6]
[    2.532407] pci 0000:00:01.1: legacy IDE quirk: reg 0x18: [io  0x0170-0x0177]
[    2.533242] pci 0000:00:01.1: legacy IDE quirk: reg 0x1c: [io  0x0376]
[    2.534270] pci 0000:00:01.3: [8086:7113] type 00 class 0x068000
[    2.535452] pci 0000:00:01.3: quirk: [io  0x0600-0x063f] claimed by PIIX4 ACPI
[    2.535647] pci 0000:00:01.3: quirk: [io  0x0700-0x070f] claimed by PIIX4 SMB
[    2.536769] pci 0000:00:02.0: [1234:1111] type 00 class 0x030000
[    2.539151] pci 0000:00:02.0: reg 0x10: [mem 0xfd000000-0xfdffffff pref]
[    2.540736] pci 0000:00:02.0: reg 0x18: [mem 0xfebf0000-0xfebf0fff]
[    2.543651] pci 0000:00:02.0: reg 0x30: [mem 0xfebe0000-0xfebeffff pref]
[    2.544557] pci 0000:00:02.0: Video device with shadowed ROM at [mem 0x000c0000-0x000dffff]
[    2.547630] pci 0000:00:03.0: [8086:100e] type 00 class 0x020000
[    2.549040] pci 0000:00:03.0: reg 0x10: [mem 0xfebc0000-0xfebdffff]
[    2.550167] pci 0000:00:03.0: reg 0x14: [io  0xc000-0xc03f]
[    2.552496] pci 0000:00:03.0: reg 0x30: [mem 0xfeb80000-0xfebbffff pref]
[    2.576343] ACPI: PCI: Interrupt link LNKA configured for IRQ 10
[    2.577381] ACPI: PCI: Interrupt link LNKB configured for IRQ 10
[    2.578391] ACPI: PCI: Interrupt link LNKC configured for IRQ 11
[    2.579399] ACPI: PCI: Interrupt link LNKD configured for IRQ 11
[    2.579778] ACPI: PCI: Interrupt link LNKS configured for IRQ 9
[    2.581173] iommu: Default domain type: Translated 
[    2.581173] iommu: DMA domain TLB invalidation policy: lazy mode 
[    2.581599] SCSI subsystem initialized
[    2.583667] Callback from call_rcu_tasks() invoked.
[    2.584290] ACPI: bus type USB registered
[    2.584290] usbcore: registered new interface driver usbfs
[    2.584945] usbcore: registered new interface driver hub
[    2.585606] usbcore: registered new device driver usb
[    2.586281] pps_core: LinuxPPS API ver. 1 registered
[    2.586883] pps_core: Software ver. 5.3.6 - Copyright 2005-2007 Rodolfo Giometti <giometti@linux.it>
[    2.587651] PTP clock support registered
[    2.588176] EDAC MC: Ver: 3.0.0
[    2.588374] NetLabel: Initializing
[    2.588798] NetLabel:  domain hash size = 128
[    2.589327] NetLabel:  protocols = UNLABELED CIPSOv4 CALIPSO
[    2.590056] NetLabel:  unlabeled traffic allowed by default
[    2.591733] PCI: Using ACPI for IRQ routing
[    2.592373] pci 0000:00:02.0: vgaarb: setting as boot VGA device
[    2.592398] pci 0000:00:02.0: vgaarb: bridge control possible
[    2.593091] pci 0000:00:02.0: vgaarb: VGA device added: decodes=io+mem,owns=io+mem,locks=none
[    2.594123] vgaarb: loaded
[    2.595802] hpet0: at MMIO 0xfed00000, IRQs 2, 8, 0
[    2.596409] hpet0: 3 comparators, 64-bit 100.000000 MHz counter
[    2.599289] clocksource: Switched to clocksource kvm-clock
[    2.599632] VFS: Disk quotas dquot_6.6.0
[    2.599632] VFS: Dquot-cache hash table entries: 512 (order 0, 4096 bytes)
[    2.599632] pnp: PnP ACPI init
[    2.600233] pnp: PnP ACPI: found 6 devices
[    2.609151] clocksource: acpi_pm: mask: 0xffffff max_cycles: 0xffffff, max_idle_ns: 2085701024 ns
[    2.610464] NET: Registered PF_INET protocol family
[    2.611141] IP idents hash table entries: 32768 (order: 6, 262144 bytes, linear)
[    2.612741] tcp_listen_portaddr_hash hash table entries: 1024 (order: 4, 73728 bytes, linear)
[    2.613782] Table-perturb hash table entries: 65536 (order: 6, 262144 bytes, linear)
[    2.614722] TCP established hash table entries: 16384 (order: 5, 131072 bytes, linear)
[    2.615839] TCP bind hash table entries: 16384 (order: 9, 2359296 bytes, linear)
[    2.617349] TCP: Hash tables configured (established 16384 bind 16384)
[    2.618190] UDP hash table entries: 1024 (order: 5, 163840 bytes, linear)
[    2.619046] UDP-Lite hash table entries: 1024 (order: 5, 163840 bytes, linear)
[    2.620044] NET: Registered PF_UNIX/PF_LOCAL protocol family
[    2.620930] RPC: Registered named UNIX socket transport module.
[    2.621653] RPC: Registered udp transport module.
[    2.622223] RPC: Registered tcp transport module.
[    2.622799] RPC: Registered tcp NFSv4.1 backchannel transport module.
[    2.623583] pci_bus 0000:00: resource 4 [io  0x0000-0x0cf7 window]
[    2.624346] pci_bus 0000:00: resource 5 [io  0x0d00-0xffff window]
[    2.625094] pci_bus 0000:00: resource 6 [mem 0x000a0000-0x000bffff window]
[    2.625924] pci_bus 0000:00: resource 7 [mem 0x80000000-0xfebfffff window]
[    2.626756] pci_bus 0000:00: resource 8 [mem 0x100000000-0x17fffffff window]
[    2.627811] pci 0000:00:01.0: PIIX3: Enabling Passive Release
[    2.628515] pci 0000:00:00.0: Limiting direct PCI/PCI transfers
[    2.629336] PCI: CLS 0 bytes, default 64
[    2.630030] ACPI: bus type thunderbolt registered
[    2.630843] clocksource: tsc: mask: 0xffffffffffffffff max_cycles: 0xb9fb05486c, max_idle_ns: 440795231721 ns
[    2.662834] Initialise system trusted keyrings
[    2.663455] Key type blacklist registered
[    2.664088] workingset: timestamp_bits=36 max_order=19 bucket_order=0
[    2.664903] zbud: loaded
[    2.665695] squashfs: version 4.0 (2009/01/31) Phillip Lougher
[    2.666949] NFS: Registering the id_resolver key type
[    2.667571] Key type id_resolver registered
[    2.668096] Key type id_legacy registered
[    2.668606] nfs4filelayout_init: NFSv4 File Layout Driver Registering...
[    2.669425] nfs4flexfilelayout_init: NFSv4 Flexfile Layout Driver Registering...
[    2.670378] fuse: init (API version 7.38)
[    2.670961] SGI XFS with ACLs, security attributes, realtime, quota, no debug enabled
[    2.672235] 9p: Installing v9fs 9p2000 file system support
[    2.678405] Key type asymmetric registered
[    2.678933] Asymmetric key parser 'x509' registered
[    2.679558] Block layer SCSI generic (bsg) driver version 0.4 loaded (major 243)
[    2.680536] io scheduler mq-deadline registered
[    2.681109] io scheduler bfq registered
[    2.681842] shpchp: Standard Hot Plug PCI Controller Driver version: 0.4
[    2.682920] IPMI message handler: version 39.2
[    2.683495] ipmi device interface
[    2.685008] input: Power Button as /devices/LNXSYSTM:00/LNXPWRBN:00/input/input0
[    2.686052] ACPI: button: Power Button [PWRF]
[    2.687235] ERST DBG: ERST support is disabled.
[    2.688214] Serial: 8250/16550 driver, 32 ports, IRQ sharing enabled
[    2.689601] 00:04: ttyS0 at I/O 0x3f8 (irq = 4, base_baud = 115200) is a 16550A
[    2.696148] Linux agpgart interface v0.103
[    2.697168] ACPI: bus type drm_connector registered
[    2.705951] brd: module loaded
[    2.710800] loop: module loaded
[    2.714020] scsi host0: ata_piix
[    2.714769] scsi host1: ata_piix
[    2.715272] ata1: PATA max MWDMA2 cmd 0x1f0 ctl 0x3f6 bmdma 0xc040 irq 14
[    2.716125] ata2: PATA max MWDMA2 cmd 0x170 ctl 0x376 bmdma 0xc048 irq 15
[    2.717913] tun: Universal TUN/TAP device driver, 1.6
[    2.718613] e100: Intel(R) PRO/100 Network Driver
[    2.719193] e100: Copyright(c) 1999-2006 Intel Corporation
[    2.719908] e1000: Intel(R) PRO/1000 Network Driver
[    2.720498] e1000: Copyright (c) 1999-2006 Intel Corporation.
[    2.840088] ACPI: \_SB_.LNKC: Enabled at IRQ 11
[    2.875948] ata1: found unknown device (class 0)
[    2.876852] ata2: found unknown device (class 0)
[    2.878127] ata1.00: ATA-7: QEMU HARDDISK, 2.5+, max UDMA/100
[    2.878852] ata1.00: 16777216 sectors, multi 16: LBA48 
[    2.879744] ata2.00: ATAPI: QEMU DVD-ROM, 2.5+, max UDMA/100
[    2.881459] scsi 0:0:0:0: Direct-Access     ATA      QEMU HARDDISK    2.5+ PQ: 0 ANSI: 5
[    2.883020] scsi 0:0:0:0: Attached scsi generic sg0 type 0
[    2.884111] sd 0:0:0:0: [sda] 16777216 512-byte logical blocks: (8.59 GB/8.00 GiB)
[    2.885058] sd 0:0:0:0: [sda] Write Protect is off
[    2.885675] sd 0:0:0:0: [sda] Write cache: enabled, read cache: enabled, doesn't support DPO or FUA
[    2.886813] sd 0:0:0:0: [sda] Preferred minimum I/O size 512 bytes
[    2.888589] scsi 1:0:0:0: CD-ROM            QEMU     QEMU DVD-ROM     2.5+ PQ: 0 ANSI: 5
[    2.916290] scsi 1:0:0:0: Attached scsi generic sg1 type 5
[    2.918544] sd 0:0:0:0: [sda] Attached SCSI disk
[    3.188147] e1000 0000:00:03.0 eth0: (PCI:33MHz:32-bit) 52:54:00:12:34:56
[    3.188986] e1000 0000:00:03.0 eth0: Intel(R) PRO/1000 Network Connection
[    3.189864] e1000e: Intel(R) PRO/1000 Network Driver
[    3.190464] e1000e: Copyright(c) 1999 - 2015 Intel Corporation.
[    3.191217] igb: Intel(R) Gigabit Ethernet Network Driver
[    3.191877] igb: Copyright (c) 2007-2014 Intel Corporation.
[    3.192610] PPP generic driver version 2.4.2
[    3.193715] VFIO - User Level meta-driver version: 0.3
[    3.194839] usbcore: registered new interface driver uas
[    3.195513] usbcore: registered new interface driver usb-storage
[    3.196347] i8042: PNP: PS/2 Controller [PNP0303:KBD,PNP0f13:MOU] at 0x60,0x64 irq 1,12
[    3.198095] serio: i8042 KBD port at 0x60,0x64 irq 1
[    3.198728] serio: i8042 AUX port at 0x60,0x64 irq 12
[    3.200121] mousedev: PS/2 mouse device common for all mice
[    3.201516] rtc_cmos 00:05: RTC can wake from S4
[    3.203021] input: AT Translated Set 2 keyboard as /devices/platform/i8042/serio0/input/input1
[    3.203960] rtc_cmos 00:05: registered as rtc0
[    3.204896] rtc_cmos 00:05: setting system clock to 2023-03-20T06:16:42 UTC (1679293002)
[    3.204919] input: VirtualPS/2 VMware VMMouse as /devices/platform/i8042/serio1/input/input4
[    3.207065] rtc_cmos 00:05: alarms up to one day, y3k, 242 bytes nvram, hpet irqs
[    3.207367] input: VirtualPS/2 VMware VMMouse as /devices/platform/i8042/serio1/input/input3
[    3.208020] i2c_dev: i2c /dev entries driver
[    3.209620] device-mapper: core: CONFIG_IMA_DISABLE_HTABLE is disabled. Duplicate IMA measurements will not be recorded in the IMA log.
[    3.211082] device-mapper: uevent: version 1.0.3
[    3.211820] device-mapper: ioctl: 4.47.0-ioctl (2022-07-28) initialised: dm-devel@redhat.com
[    3.212841] intel_pstate: CPU model not supported
[    3.213476] sdhci: Secure Digital Host Controller Interface driver
[    3.214222] sdhci: Copyright(c) Pierre Ossman
[    3.214811] sdhci-pltfm: SDHCI platform and OF driver helper
[    3.215586] ledtrig-cpu: registered to indicate activity on CPUs
[    3.216560] drop_monitor: Initializing network drop monitor service
[    3.217441] NET: Registered PF_INET6 protocol family
[    3.219698] Segment Routing with IPv6
[    3.220182] In-situ OAM (IOAM) with IPv6
[    3.220699] NET: Registered PF_PACKET protocol family
[    3.221456] 9pnet: Installing 9P2000 support
[    3.222025] Key type dns_resolver registered
[    3.223172] IPI shorthand broadcast: enabled
[    3.234086] sched_clock: Marking stable (3080001969, 151632367)->(3293187771, -61553435)
[    3.235748] registered taskstats version 1
[    3.236414] Loading compiled-in X.509 certificates
[    3.237111] zswap: loaded using pool lzo/zbud
[    3.247933] Key type .fscrypt registered
[    3.248425] Key type fscrypt-provisioning registered
[    3.249710] Key type encrypted registered
[    3.250246] ima: No TPM chip found, activating TPM-bypass!
[    3.250927] ima: Allocated hash algorithm: sha1
[    3.251516] ima: No architecture policies found
[    3.252131] evm: Initialising EVM extended attributes:
[    3.252757] evm: security.selinux
[    3.253169] evm: security.SMACK64
[    3.253580] evm: security.SMACK64EXEC
[    3.254034] evm: security.SMACK64TRANSMUTE
[    3.254537] evm: security.SMACK64MMAP
[    3.254995] evm: security.apparmor
[    3.255417] evm: security.ima
[    3.255797] evm: security.capability
[    3.256239] evm: HMAC attrs: 0x1
[    3.257556] PM:   Magic number: 15:836:266
[    3.258338] RAS: Correctable Errors collector initialized.
[    3.260004] md: Waiting for all devices to be available before autodetect
[    3.260530] md: If you don't use raid, use raid=noautodetect
[    3.260972] md: Autodetecting RAID arrays.
[    3.261299] md: autorun ...
[    3.261525] md: ... autorun DONE.
[    3.280766] EXT4-fs (sda): mounted filesystem 23a53bb9-f815-47a5-b74c-5e08f7731193 with ordered data mode. Quota mode: none.
[    3.281683] VFS: Mounted root (ext4 filesystem) readonly on device 8:0.
[    3.285021] devtmpfs: mounted
[    3.291228] Freeing unused decrypted memory: 2036K
[    3.293437] Freeing unused kernel image (initmem) memory: 10384K
[    3.295792] Write protecting the kernel read-only data: 45056k
[    3.297218] Freeing unused kernel image (rodata/data gap) memory: 440K
[    3.375980] x86/mm: Checked W+X mappings: passed, no W+X pages found.
[    3.376495] Run /sbin/init as init process
[    3.492446] systemd[1]: RTC configured in localtime, applying delta of 0 minutes to system time.
[    3.517720] systemd[1]: systemd 239 (239-49.el8) running in system mode. (+PAM +AUDIT +SELINUX +IMA -APPARMOR +SMACK +SYSVINIT +UTMP +LIBCRYPTSETUP +GCRYPT +GNUTLS +ACL +XZ +LZ4 +SECCOMP +BLKID +ELFUTILS +KMOD +IDN2 -IDN +PCRE2 default-hierarchy=legacy)
[    3.519604] systemd[1]: Detected virtualization kvm.
[    3.520026] systemd[1]: Detected architecture x86-64.

Welcome to [0;31mCentOS Stream 8[0m!

[    3.574762] systemd[1]: Set hostname to <test>.
[    3.787840] systemd[1]: Listening on multipathd control socket.
[[0;32m  OK  [0m] Listening on multipathd control socket.
[    3.789191] systemd[1]: Listening on Device-mapper event daemon FIFOs.
[[0;32m  OK  [0m] Listening on Device-mapper event daemon FIFOs.
[    3.790554] systemd[1]: Listening on Journal Socket.
[[0;32m  OK  [0m] Listening on Journal Socket.
[    3.823861] systemd[1]: Mounting Kernel Debug File System...
         Mounting Kernel Debug File System...
[    3.830769] systemd[1]: Starting Load Kernel Modules...
         Starting Load Kernel Modules...
[    3.832438] systemd[1]: Reached target Swap.
[[0;32m  OK  [0m] Reached target Swap.
[[0;32m  OK  [0m] Set up automount Arbitrary Executabâ€¦rmats File System Automount Point.
         Starting Monitoring of LVM2 mirrorsâ€¦ng dmeventd or progress polling...
         Mounting Huge Pages File System...
         Starting Setup Virtual Console...
         Starting Remount Root and Kernel File Systems...
[[0;32m  OK  [0m] Listening on RPCbind Server Activation Socket.
[[0;32m  OK  [0m] Reached target RPC Port Mapper.
[[0;32m  OK  [0m] Listening on Journal Socket (/dev/log).
         Starting Journal Service...
[[0;32m  OK  [0m] Created slice User and Session Slice.
[[0;32m  OK  [0m] Listening on Process Core Dump Socket.
[[0;32m  OK  [0m] Created slice system-serial\x2dgetty.slice.
[[0;32m  OK  [0m] Created slice system-getty.slice.
[[0;32m  OK  [0m] Reached target Slices.
[[0;32m  OK  [0m] Listening on initctl Compatibility Named Pipe.
[[0;32m  OK  [0m] Listening on udev Kernel Socket.
[[0;32m  OK  [0m] Listening on LVM2 poll daemon socket.
         Mounting POSIX Message Queue File System...
[[0;32m  OK  [0m] Started Forward Password Requests to Wall Directory Watch.
[[0;32m  OK  [0m] Created slice system-sshd\x2dkeygen.slice.
[[0;32m  OK  [0m] Listening on udev Control Socket.
[    4.021608] EXT4-fs (sda): re-mounted 23a53bb9-f815-47a5-b74c-5e08f7731193. Quota mode: none.
         Starting udev Coldplug all Devices...
[[0;32m  OK  [0m] Started Journal Service.
[[0;32m  OK  [0m] Mounted Kernel Debug File System.
[[0;1;31mFAILED[0m] Failed to start Load Kernel Modules.
See 'systemctl status systemd-modules-load.service' for details.
[[0;32m  OK  [0m] Started Monitoring of LVM2 mirrors,â€¦sing dmeventd or progress polling.
[[0;32m  OK  [0m] Mounted Huge Pages File System.
[[0;32m  OK  [0m] Started Setup Virtual Console.
[[0;32m  OK  [0m] Started Remount Root and Kernel File Systems.
[[0;32m  OK  [0m] Mounted POSIX Message Queue File System.
         Starting Load/Save Random Seed...
         Starting Create Static Device Nodes in /dev...
         Starting Apply Kernel Variables...
         Mounting Kernel Configuration File System...
         Mounting FUSE Control File System...
         Starting Flush Journal to Persistent Storage...
[[0;32m  OK  [0m] Started Load/Save Random Seed.
[[0;32m  OK  [0m] Started Create Static Device Nodes in /dev.
[[0;32m  OK  [0m] Started Apply Kernel Variables.
[[0;32m  OK  [0m] Mounted Kernel Configuration File System.
[[0;32m  OK  [0m] Mounted FUSE Control File System.
         Starting udev Kernel Device Manager...
[[0;32m  OK  [0m] Started Flush Journal to Persistent Storage.
[[0;32m  OK  [0m] Started udev Coldplug all Devices.
         Starting udev Wait for Complete Device Initialization...
[[0;32m  OK  [0m] Started udev Kernel Device Manager.
         Starting Show Plymouth Boot Screen...
[[0;32m  OK  [0m] Started Show Plymouth Boot Screen.
[[0;32m  OK  [0m] Started Forward Password Requests to Plymouth Directory Watch.
[[0;32m  OK  [0m] Reached target Paths.
[[0;32m  OK  [0m] Reached target Local Encrypted Volumes.
[[0;32m  OK  [0m] Found device /dev/ttyS0.
[[0;32m  OK  [0m] Started udev Wait for Complete Device Initialization.
[[0;32m  OK  [0m] Reached target Local File Systems (Pre).
[[0;32m  OK  [0m] Reached target Local File Systems.
         Starting Tell Plymouth To Write Out Runtime Data...
         Starting Restore /run/initramfs on shutdown...
         Starting Create Volatile Files and Directories...
[[0;32m  OK  [0m] Listening on Load/Save RF Kill Switch Status /dev/rfkill Watch.
[[0;32m  OK  [0m] Started Tell Plymouth To Write Out Runtime Data.
[[0;32m  OK  [0m] Started Restore /run/initramfs on shutdown.
[[0;32m  OK  [0m] Started Create Volatile Files and Directories.
         Starting RPC Bind...
         Mounting RPC Pipe File System...
         Starting Security Auditing Service...
[[0;32m  OK  [0m] Mounted RPC Pipe File System.
[[0;32m  OK  [0m] Reached target rpc_pipefs.target.
[[0;32m  OK  [0m] Started RPC Bind.
[[0;32m  OK  [0m] Started Security Auditing Service.
         Starting Update UTMP about System Boot/Shutdown...
[[0;32m  OK  [0m] Started Update UTMP about System Boot/Shutdown.
[[0;32m  OK  [0m] Reached target System Initialization.
[[0;32m  OK  [0m] Started Daily Cleanup of Temporary Directories.
[[0;32m  OK  [0m] Started dnf makecache --timer.
[[0;32m  OK  [0m] Started daily update of the root trust anchor for DNSSEC.
[[0;32m  OK  [0m] Reached target Timers.
[[0;32m  OK  [0m] Listening on D-Bus System Message Bus Socket.
[[0;32m  OK  [0m] Listening on SSSD Kerberos Cache Manager responder socket.
[[0;32m  OK  [0m] Reached target Sockets.
[[0;32m  OK  [0m] Reached target Basic System.
[[0;32m  OK  [0m] Reached target sshd-keygen.target.
[[0;32m  OK  [0m] Started Machine Check Exception Logging Daemon.
[[0;32m  OK  [0m] Started irqbalance daemon.
         Starting Authorization Manager...
[[0;32m  OK  [0m] Started D-Bus System Message Bus.
         Starting Auto-connect to subsystemsâ€¦-NVME devices found during boot...
         Starting Self Monitoring and Reporting Technology (SMART) Daemon...
         Starting NTP client/server...
         Starting Login Service...
         Starting Network Manager...
[[0;32m  OK  [0m] Started Auto-connect to subsystems â€¦FC-NVME devices found during boot.
         Starting update of the root trust aâ€¦or DNSSEC validation in unbound...
[[0;32m  OK  [0m] Started Self Monitoring and Reporting Technology (SMART) Daemon.
[[0;32m  OK  [0m] Started Login Service.
[[0;32m  OK  [0m] Started NTP client/server.
[[0;32m  OK  [0m] Started update of the root trust anâ€¦ for DNSSEC validation in unbound.
[[0;32m  OK  [0m] Started Network Manager.
         Starting Network Manager Wait Online...
[[0;32m  OK  [0m] Reached target Network.
         Starting OpenSSH server daemon...
         Starting GSSAPI Proxy Daemon...
         Starting Dynamic System Tuning Daemon...
[[0;32m  OK  [0m] Started Authorization Manager.
         Starting Hostname Service...
[[0;32m  OK  [0m] Started OpenSSH server daemon.
[[0;32m  OK  [0m] Started GSSAPI Proxy Daemon.
[[0;32m  OK  [0m] Reached target NFS client services.
[[0;32m  OK  [0m] Reached target Remote File Systems (Pre).
[[0;32m  OK  [0m] Reached target Remote File Systems.
         Starting Permit User Sessions...
[[0;32m  OK  [0m] Started Permit User Sessions.
[[0;32m  OK  [0m] Started Command Scheduler.
         Starting Hold until boot process finishes up...
         Starting Terminate Plymouth Boot Screen...
[    5.625904] e1000: eth0 NIC Link is Up 1000 Mbps Full Duplex, Flow Control: RX
[    5.627307] IPv6: ADDRCONF(NETDEV_CHANGE): eth0: link becomes ready
[    5.777724] Spectre V2 : WARNING: Unprivileged eBPF is enabled with eIBRS on, data leaks possible via Spectre v2 BHB attacks!
[    5.778793] Spectre V2 : WARNING: Unprivileged eBPF is enabled with eIBRS on, data leaks possible via Spectre v2 BHB attacks!

CentOS Stream 8
Kernel 6.3.0-rc3-kvm-e8d018dd on an x86_64

test login: root
[    9.600588] memfd_create() without MFD_EXEC nor MFD_NOEXEC_SEAL, pid=342 'systemd'
Last login: Fri Mar 10 01:40:17 on ttyS0
*******************************************************
Welcome to the Embargoed Overlay on CentOS

This content is for INTEL INTERNAL USE ONLY.

For support issues, please submit a request:
https://jira.devtools.intel.com/browse/LNXO
*******************************************************
[root@test ~]# 
[root@test ~]# ls
1.log		 file1			    repro.sh	      syzkaller.ocGHuS
anaconda-ks.cfg  Install_kernel_record.log  shadow_test_fork  syzkaller.rowofn
cet_ibt		 quick_test		    syzkaller.DCHtNz  syzkaller.VmkFCp
cpuid		 quick_test.c		    syzkaller.IhT9ax  syzkaller.XLPDaL
cpuid.c		 repro			    syzkaller.ML6NuD
file0		 repro.c		    syzkaller.NzE41L
[root@test ~]# rm -rf repro
[root@test ~]# uname -r 
6.3.0-rc3-kvm-e8d018dd
[root@test ~]# ./repro
[   62.318653] loop0: detected capacity change from 0 to 65536
[   62.320459] XFS (loop0): Mounting V5 Filesystem d6f69dbd-8c5d-46be-b88e-92c0ae88ceb2
[   62.325152] XFS (loop0): Ending clean mount
[   62.326049] XFS (loop0): Quotacheck needed: Please wait.
[   62.328884] XFS (loop0): Quotacheck: Done.
[   62.363656] XFS (loop0): Metadata CRC error detected at xfs_agf_read_verify+0x10e/0x140, xfs_agf block 0x8001 
[   62.364489] XFS (loop0): Unmount and run xfs_repair
[   62.364881] XFS (loop0): First 128 bytes of corrupted metadata buffer:
[   62.365398] 00000000: 58 41 47 46 00 00 00 01 00 00 00 01 00 00 40 00  XAGF..........@.
[   62.366026] 00000010: 00 00 00 02 00 00 00 03 00 00 00 00 00 00 00 01  ................
[   62.366657] 00000020: 00 00 00 01 00 00 00 00 00 00 00 01 00 00 00 04  ................
[   62.367285] 00000030: 00 00 00 04 00 00 3b 5f 00 00 3b 5c 00 00 00 00  ......;_..;\....
[   62.367927] 00000040: d6 f6 9d bd 8c 5d 46 be b8 8e 92 c0 ae 88 ce b2  .....]F.........
[   62.368554] 00000050: 00 00 00 00 00 00 00 00 00 00 00 00 00 00 00 00  ................
[   62.369180] 00000060: 00 00 00 00 00 00 00 00 00 00 00 00 00 00 00 00  ................
[   62.369806] 00000070: 00 00 00 00 00 00 00 00 00 00 00 00 00 00 00 00  ................
[   62.370471] XFS (loop0): metadata I/O error in "xfs_read_agf+0xd0/0x200" at daddr 0x8001 len 1 error 74
[   62.371312] XFS (loop0): page discard on page 00000000a6a1237b, inode 0x46, pos 0.
[   62.385968] BUG: kernel NULL pointer dereference, address: 0000000000000010
[   62.386541] #PF: supervisor write access in kernel mode
[   62.386960] #PF: error_code(0x0002) - not-present page
[   62.387370] PGD 0 P4D 0 
[   62.387588] Oops: 0002 [#1] PREEMPT SMP NOPTI
[   62.387945] CPU: 1 PID: 74 Comm: kworker/u4:3 Not tainted 6.3.0-rc3-kvm-e8d018dd #1
[   62.388545] Hardware name: QEMU Standard PC (i440FX + PIIX, 1996), BIOS rel-1.16.0-0-gd239552ce722-prebuilt.qemu.org 04/01/2014
[   62.389426] Workqueue: writeback wb_workfn (flush-7:0)
[   62.389845] RIP: 0010:xfs_filestream_select_ag+0x5d5/0xac0
[   62.390285] Code: 83 ff 49 89 5d 18 be 08 00 00 00 bf 20 00 00 00 e8 20 94 03 00 48 89 c3 48 85 c0 0f 84 57 04 00 00 e8 2f 30 83 ff 49 8b 45 18 <f0> ff 40 10 49 8b 45 18 48 8b 75 b8 48 89 da 48 89 43 18 48 8b 45
[   62.391712] RSP: 0018:ffffc9000092f4c0 EFLAGS: 00010246
[   62.392128] RAX: 0000000000000000 RBX: ffff88800b858940 RCX: 0000000000006cc0
[   62.392688] RDX: 0000000000000000 RSI: ffff88800a02a340 RDI: 0000000000000002
[   62.393246] RBP: ffffc9000092f548 R08: ffffc9000092f400 R09: 0000000000000000
[   62.393805] R10: 0000000000000000 R11: 0000000000000000 R12: 0000000000000001
[   62.394363] R13: ffffc9000092f588 R14: 0000000000000001 R15: ffffc9000092f708
[   62.394924] FS:  0000000000000000(0000) GS:ffff88807dd00000(0000) knlGS:0000000000000000
[   62.395553] CS:  0010 DS: 0000 ES: 0000 CR0: 0000000080050033
[   62.396008] CR2: 0000000000000010 CR3: 000000000ad7c003 CR4: 0000000000770ee0
[   62.396569] PKRU: 55555554
[   62.396793] Call Trace:
[   62.396996]  <TASK>
[   62.397179]  xfs_bmap_btalloc+0x706/0xb90
[   62.397512]  xfs_bmapi_allocate+0x25b/0x5e0
[   62.397850]  ? __sanitizer_cov_trace_pc+0x25/0x60
[   62.398239]  xfs_bmapi_convert_delalloc+0x335/0x6c0
[   62.398649]  xfs_map_blocks+0x2ff/0x740
[   62.398971]  ? __sanitizer_cov_trace_pc+0x25/0x60
[   62.399362]  iomap_do_writepage+0x43f/0xf10
[   62.399709]  write_cache_pages+0x2b8/0x7e0
[   62.400047]  ? __pfx_iomap_do_writepage+0x10/0x10
[   62.400438]  iomap_writepages+0x3e/0x80
[   62.400757]  xfs_vm_writepages+0x97/0xe0
[   62.401088]  ? __pfx_xfs_vm_writepages+0x10/0x10
[   62.401470]  do_writepages+0x10f/0x240
[   62.401783]  ? write_comp_data+0x2f/0x90
[   62.402112]  __writeback_single_inode+0x9f/0x780
[   62.402492]  ? write_comp_data+0x2f/0x90
[   62.402823]  writeback_sb_inodes+0x301/0x800
[   62.403184]  wb_writeback+0x18b/0x580
[   62.403495]  wb_workfn+0xca/0x880
[   62.403778]  ? __this_cpu_preempt_check+0x20/0x30
[   62.404171]  ? lock_acquire+0xe6/0x2b0
[   62.404484]  ? __this_cpu_preempt_check+0x20/0x30
[   62.404872]  ? write_comp_data+0x2f/0x90
[   62.405202]  process_one_work+0x3b1/0x860
[   62.405538]  worker_thread+0x52/0x660
[   62.405846]  ? __pfx_worker_thread+0x10/0x10
[   62.406202]  kthread+0x161/0x1a0
[   62.406475]  ? __pfx_kthread+0x10/0x10
[   62.406787]  ret_from_fork+0x29/0x50
[   62.407094]  </TASK>
[   62.407281] Modules linked in:
[   62.407535] CR2: 0000000000000010
[   62.407808] ---[ end trace 0000000000000000 ]---
[   62.408178] RIP: 0010:xfs_filestream_select_ag+0x5d5/0xac0
[   62.408619] Code: 83 ff 49 89 5d 18 be 08 00 00 00 bf 20 00 00 00 e8 20 94 03 00 48 89 c3 48 85 c0 0f 84 57 04 00 00 e8 2f 30 83 ff 49 8b 45 18 <f0> ff 40 10 49 8b 45 18 48 8b 75 b8 48 89 da 48 89 43 18 48 8b 45
[   62.410052] RSP: 0018:ffffc9000092f4c0 EFLAGS: 00010246
[   62.410469] RAX: 0000000000000000 RBX: ffff88800b858940 RCX: 0000000000006cc0
[   62.411032] RDX: 0000000000000000 RSI: ffff88800a02a340 RDI: 0000000000000002
[   62.411594] RBP: ffffc9000092f548 R08: ffffc9000092f400 R09: 0000000000000000
[   62.412155] R10: 0000000000000000 R11: 0000000000000000 R12: 0000000000000001
[   62.412716] R13: ffffc9000092f588 R14: 0000000000000001 R15: ffffc9000092f708
[   62.413278] FS:  0000000000000000(0000) GS:ffff88807dd00000(0000) knlGS:0000000000000000
[   62.413909] CS:  0010 DS: 0000 ES: 0000 CR0: 0000000080050033
[   62.414368] CR2: 0000000000000010 CR3: 000000000ad7c003 CR4: 0000000000770ee0
[   62.414934] PKRU: 55555554
[   62.415159] note: kworker/u4:3[74] exited with irqs disabled
[   62.415642] ------------[ cut here ]------------
[   62.416012] WARNING: CPU: 1 PID: 74 at kernel/exit.c:814 do_exit+0xe8a/0x12b0
[   62.416580] Modules linked in:
[   62.416833] CPU: 1 PID: 74 Comm: kworker/u4:3 Tainted: G      D            6.3.0-rc3-kvm-e8d018dd #1
[   62.417546] Hardware name: QEMU Standard PC (i440FX + PIIX, 1996), BIOS rel-1.16.0-0-gd239552ce722-prebuilt.qemu.org 04/01/2014
[   62.418432] Workqueue: writeback wb_workfn (flush-7:0)
[   62.418861] RIP: 0010:do_exit+0xe8a/0x12b0
[   62.419197] Code: 00 65 01 05 b4 ba f0 7e e9 f4 fd ff ff e8 be 1e 1b 00 48 8b bb 98 09 00 00 31 f6 e8 30 b0 ff ff e9 74 fb ff ff e8 a6 1e 1b 00 <0f> 0b e9 3e f2 ff ff e8 9a 1e 1b 00 4c 89 ee bf 05 06 00 00 e8 bd
[   62.420652] RSP: 0018:ffffc9000092feb0 EFLAGS: 00010246
[   62.421072] RAX: 0000000000000000 RBX: ffff88800a02a340 RCX: 0000000000000001
[   62.421635] RDX: 0000000000000000 RSI: ffff88800a02a340 RDI: 0000000000000002
[   62.422195] RBP: ffffc9000092ff18 R08: 0000000000000000 R09: 0000000000000000
[   62.422758] R10: 34752f72656b726f R11: 776b203a65746f6e R12: 0000000000000000
[   62.423323] R13: 0000000000000009 R14: ffff88800a009900 R15: ffff8880093a1180
[   62.423902] FS:  0000000000000000(0000) GS:ffff88807dd00000(0000) knlGS:0000000000000000
[   62.424539] CS:  0010 DS: 0000 ES: 0000 CR0: 0000000080050033
[   62.425000] CR2: 0000000000000010 CR3: 000000000ad7c003 CR4: 0000000000770ee0
[   62.425568] PKRU: 55555554
[   62.425794] Call Trace:
[   62.426000]  <TASK>
[   62.426183]  ? write_comp_data+0x2f/0x90
[   62.426513]  make_task_dead+0x100/0x290
[   62.426832]  rewind_stack_and_make_dead+0x17/0x20
[   62.427227]  </TASK>
[   62.427414] irq event stamp: 122544
[   62.427715] hardirqs last  enabled at (122543): [<ffffffff821395dd>] get_random_u32+0x1dd/0x360
[   62.428409] hardirqs last disabled at (122544): [<ffffffff82f8d76e>] exc_page_fault+0x4e/0x3b0
[   62.429094] softirqs last  enabled at (114870): [<ffffffff82fb01a9>] __do_softirq+0x2d9/0x3c3
[   62.429771] softirqs last disabled at (114849): [<ffffffff81126724>] irq_exit_rcu+0xc4/0x100
[   62.430443] ---[ end trace 0000000000000000 ]---
qQEMU: Terminated
