c[?7l[2J[0mSeaBIOS (version rel-1.16.0-0-gd239552ce722-prebuilt.qemu.org)


iPXE (http://ipxe.org) 00:03.0 CA00 PCI2.10 PnP PMM+7FF91000+7FEF1000 CA00
Press Ctrl-B to configure iPXE (PCI 00:03.0)...                                                                               


Booting from ROM..c[?7l[2J[    0.000000] Linux version 6.1.0-rc3-bf1269766228+ (root@p-rpls01) (gcc (GCC) 8.5.0 20210514 (Red Hat 8.5.0-17), GNU ld version 2.36.1-2.el8) #1 SMP PREEMPT_DYNAMIC Thu Nov 24 15:09:27 CST 2022
[    0.000000] Command line: console=ttyS0 root=/dev/sda earlyprintk=serial net.ifnames=0
[    0.000000] KERNEL supported cpus:
[    0.000000]   Intel GenuineIntel
[    0.000000]   AMD AuthenticAMD
[    0.000000]   Hygon HygonGenuine
[    0.000000]   Centaur CentaurHauls
[    0.000000]   zhaoxin   Shanghai  
[    0.000000] x86/fpu: Supporting XSAVE feature 0x001: 'x87 floating point registers'
[    0.000000] x86/fpu: Supporting XSAVE feature 0x002: 'SSE registers'
[    0.000000] x86/fpu: Supporting XSAVE feature 0x004: 'AVX registers'
[    0.000000] x86/fpu: Supporting XSAVE feature 0x200: 'Protection Keys User registers'
[    0.000000] x86/fpu: xstate_offset[2]:  576, xstate_sizes[2]:  256
[    0.000000] x86/fpu: xstate_offset[9]:  832, xstate_sizes[9]:    8
[    0.000000] x86/fpu: Enabled xstate features 0x207, context size is 840 bytes, using 'compacted' format.
[    0.000000] signal: max sigframe size: 3632
[    0.000000] BIOS-provided physical RAM map:
[    0.000000] BIOS-e820: [mem 0x0000000000000000-0x000000000009fbff] usable
[    0.000000] BIOS-e820: [mem 0x000000000009fc00-0x000000000009ffff] reserved
[    0.000000] BIOS-e820: [mem 0x00000000000f0000-0x00000000000fffff] reserved
[    0.000000] BIOS-e820: [mem 0x0000000000100000-0x000000007ffdffff] usable
[    0.000000] BIOS-e820: [mem 0x000000007ffe0000-0x000000007fffffff] reserved
[    0.000000] BIOS-e820: [mem 0x00000000feffc000-0x00000000feffffff] reserved
[    0.000000] BIOS-e820: [mem 0x00000000fffc0000-0x00000000ffffffff] reserved
[    0.000000] printk: bootconsole [earlyser0] enabled
[    0.000000] NX (Execute Disable) protection: active
[    0.000000] SMBIOS 2.8 present.
[    0.000000] DMI: QEMU Standard PC (i440FX + PIIX, 1996), BIOS rel-1.16.0-0-gd239552ce722-prebuilt.qemu.org 04/01/2014
[    0.000000] Hypervisor detected: KVM
[    0.000000] kvm-clock: Using msrs 4b564d01 and 4b564d00
[    0.000002] kvm-clock: using sched offset of 288679380 cycles
[    0.000362] clocksource: kvm-clock: mask: 0xffffffffffffffff max_cycles: 0x1cd42e4dffb, max_idle_ns: 881590591483 ns
[    0.001472] tsc: Detected 806.400 MHz processor
[    0.008650] last_pfn = 0x7ffe0 max_arch_pfn = 0x400000000
[    0.009093] x86/PAT: Configuration [0-7]: WB  WC  UC- UC  WB  WP  UC- WT  
[    0.014597] found SMP MP-table at [mem 0x000f5ba0-0x000f5baf]
[    0.015076] Using GB pages for direct mapping
[    0.016427] ACPI: Early table checksum verification disabled
[    0.016832] ACPI: RSDP 0x00000000000F59C0 000014 (v00 BOCHS )
[    0.017250] ACPI: RSDT 0x000000007FFE1951 000034 (v01 BOCHS  BXPC     00000001 BXPC 00000001)
[    0.017865] ACPI: FACP 0x000000007FFE17FD 000074 (v01 BOCHS  BXPC     00000001 BXPC 00000001)
[    0.018486] ACPI: DSDT 0x000000007FFE0040 0017BD (v01 BOCHS  BXPC     00000001 BXPC 00000001)
[    0.019096] ACPI: FACS 0x000000007FFE0000 000040
[    0.019432] ACPI: APIC 0x000000007FFE1871 000080 (v01 BOCHS  BXPC     00000001 BXPC 00000001)
[    0.020046] ACPI: HPET 0x000000007FFE18F1 000038 (v01 BOCHS  BXPC     00000001 BXPC 00000001)
[    0.020657] ACPI: WAET 0x000000007FFE1929 000028 (v01 BOCHS  BXPC     00000001 BXPC 00000001)
[    0.021265] ACPI: Reserving FACP table memory at [mem 0x7ffe17fd-0x7ffe1870]
[    0.021749] ACPI: Reserving DSDT table memory at [mem 0x7ffe0040-0x7ffe17fc]
[    0.022286] ACPI: Reserving FACS table memory at [mem 0x7ffe0000-0x7ffe003f]
[    0.022781] ACPI: Reserving APIC table memory at [mem 0x7ffe1871-0x7ffe18f0]
[    0.023276] ACPI: Reserving HPET table memory at [mem 0x7ffe18f1-0x7ffe1928]
[    0.023770] ACPI: Reserving WAET table memory at [mem 0x7ffe1929-0x7ffe1950]
[    0.024823] No NUMA configuration found
[    0.025094] Faking a node at [mem 0x0000000000000000-0x000000007ffdffff]
[    0.025625] NODE_DATA(0) allocated [mem 0x7ffb5000-0x7ffdffff]
[    0.029229] Zone ranges:
[    0.029425]   DMA      [mem 0x0000000000001000-0x0000000000ffffff]
[    0.029863]   DMA32    [mem 0x0000000001000000-0x000000007ffdffff]
[    0.030306]   Normal   empty
[    0.030512]   Device   empty
[    0.030718] Movable zone start for each node
[    0.031018] Early memory node ranges
[    0.031268]   node   0: [mem 0x0000000000001000-0x000000000009efff]
[    0.031710]   node   0: [mem 0x0000000000100000-0x000000007ffdffff]
[    0.032153] Initmem setup node 0 [mem 0x0000000000001000-0x000000007ffdffff]
[    0.032858] On node 0, zone DMA: 1 pages in unavailable ranges
[    0.032875] On node 0, zone DMA: 97 pages in unavailable ranges
[    0.037385] On node 0, zone DMA32: 32 pages in unavailable ranges
[    0.038055] ACPI: PM-Timer IO Port: 0x608
[    0.038788] ACPI: LAPIC_NMI (acpi_id[0xff] dfl dfl lint[0x1])
[    0.039231] IOAPIC[0]: apic_id 0, version 17, address 0xfec00000, GSI 0-23
[    0.039727] ACPI: INT_SRC_OVR (bus 0 bus_irq 0 global_irq 2 dfl dfl)
[    0.040182] ACPI: INT_SRC_OVR (bus 0 bus_irq 5 global_irq 5 high level)
[    0.040652] ACPI: INT_SRC_OVR (bus 0 bus_irq 9 global_irq 9 high level)
[    0.041124] ACPI: INT_SRC_OVR (bus 0 bus_irq 10 global_irq 10 high level)
[    0.041609] ACPI: INT_SRC_OVR (bus 0 bus_irq 11 global_irq 11 high level)
[    0.042111] ACPI: Using ACPI (MADT) for SMP configuration information
[    0.042565] ACPI: HPET id: 0x8086a201 base: 0xfed00000
[    0.042941] TSC deadline timer available
[    0.043218] smpboot: Allowing 2 CPUs, 0 hotplug CPUs
[    0.043593] kvm-guest: KVM setup pv remote TLB flush
[    0.043945] kvm-guest: setup PV sched yield
[    0.044277] PM: hibernation: Registered nosave memory: [mem 0x00000000-0x00000fff]
[    0.044817] PM: hibernation: Registered nosave memory: [mem 0x0009f000-0x0009ffff]
[    0.045353] PM: hibernation: Registered nosave memory: [mem 0x000a0000-0x000effff]
[    0.045887] PM: hibernation: Registered nosave memory: [mem 0x000f0000-0x000fffff]
[    0.046428] [mem 0x80000000-0xfeffbfff] available for PCI devices
[    0.046860] Booting paravirtualized kernel on KVM
[    0.047195] clocksource: refined-jiffies: mask: 0xffffffff max_cycles: 0xffffffff, max_idle_ns: 7645519600211568 ns
[    0.047946] setup_percpu: NR_CPUS:8192 nr_cpumask_bits:2 nr_cpu_ids:2 nr_node_ids:1
[    0.048794] percpu: Embedded 62 pages/cpu s217088 r8192 d28672 u1048576
[    0.049471] kvm-guest: PV spinlocks enabled
[    0.049782] PV qspinlock hash table entries: 256 (order: 0, 4096 bytes, linear)
[    0.050322] Fallback order for Node 0: 0 
[    0.050618] Built 1 zonelists, mobility grouping on.  Total pages: 515808
[    0.051106] Policy zone: DMA32
[    0.051328] Kernel command line: net.ifnames=0 console=ttyS0 root=/dev/sda earlyprintk=serial net.ifnames=0
[    0.052582] Dentry cache hash table entries: 262144 (order: 9, 2097152 bytes, linear)
[    0.053254] Inode-cache hash table entries: 131072 (order: 8, 1048576 bytes, linear)
[    0.053940] mem auto-init: stack:off, heap alloc:off, heap free:off
[    0.057700] Memory: 1999728K/2096632K available (30736K kernel code, 4079K rwdata, 7536K rodata, 3624K init, 10528K bss, 96648K reserved, 0K cma-reserved)
[    0.059536] SLUB: HWalign=64, Order=0-3, MinObjects=0, CPUs=2, Nodes=1
[    0.059991] kmemleak: Kernel memory leak detector disabled
[    0.060407] ftrace: allocating 66329 entries in 260 pages
[    0.079215] ftrace: allocated 260 pages with 2 groups
[    0.080853] Dynamic Preempt: voluntary
[    0.081183] rcu: Preemptible hierarchical RCU implementation.
[    0.081576] rcu: 	RCU restricting CPUs from NR_CPUS=8192 to nr_cpu_ids=2.
[    0.082048] 	Trampoline variant of Tasks RCU enabled.
[    0.082394] 	Rude variant of Tasks RCU enabled.
[    0.082702] 	Tracing variant of Tasks RCU enabled.
[    0.083026] rcu: RCU calculated value of scheduler-enlistment delay is 25 jiffies.
[    0.083540] rcu: Adjusting geometry for rcu_fanout_leaf=16, nr_cpu_ids=2
[    0.108439] NR_IRQS: 524544, nr_irqs: 440, preallocated irqs: 16
[    0.109121] rcu: srcu_init: Setting srcu_struct sizes based on contention.
[    0.115668] Console: colour VGA+ 80x25
[    0.115964] printk: console [ttyS0] enabled
[    0.115964] printk: console [ttyS0] enabled
[    0.116548] printk: bootconsole [earlyser0] disabled
[    0.116548] printk: bootconsole [earlyser0] disabled
[    0.117271] ACPI: Core revision 20220331
[    0.117748] clocksource: hpet: mask: 0xffffffff max_cycles: 0xffffffff, max_idle_ns: 19112604467 ns
[    0.118463] APIC: Switch to symmetric I/O mode setup
[    0.119039] x2apic enabled
[    0.119387] Switched APIC routing to physical x2apic.
[    0.119746] kvm-guest: setup PV IPIs
[    0.120712] ..TIMER: vector=0x30 apic1=0 pin1=2 apic2=-1 pin2=-1
[    0.121153] clocksource: tsc-early: mask: 0xffffffffffffffff max_cycles: 0xb9fb05486c, max_idle_ns: 440795231721 ns
[    0.121890] Calibrating delay loop (skipped) preset value.. 1612.80 BogoMIPS (lpj=3225600)
[    0.125889] pid_max: default: 32768 minimum: 301
[    0.126343] LSM: Security Framework initializing
[    0.126672] Yama: becoming mindful.
[    0.127057] Mount-cache hash table entries: 4096 (order: 3, 32768 bytes, linear)
[    0.127582] Mountpoint-cache hash table entries: 4096 (order: 3, 32768 bytes, linear)
[    0.128692] x86/cpu: User Mode Instruction Prevention (UMIP) activated
[    0.129280] Last level iTLB entries: 4KB 0, 2MB 0, 4MB 0
[    0.129669] Last level dTLB entries: 4KB 0, 2MB 0, 4MB 0, 1GB 0
[    0.129894] Spectre V1 : Mitigation: usercopy/swapgs barriers and __user pointer sanitization
[    0.130485] Spectre V2 : WARNING: Unprivileged eBPF is enabled with eIBRS on, data leaks possible via Spectre v2 BHB attacks!
[    0.131263] Spectre V2 : Mitigation: Enhanced IBRS
[    0.131586] Spectre V2 : Spectre v2 / SpectreRSB mitigation: Filling RSB on context switch
[    0.132132] Spectre V2 : Spectre v2 / PBRSB-eIBRS: Retire a single CALL on VMEXIT
[    0.132630] Spectre V2 : mitigation: Enabling conditional Indirect Branch Prediction Barrier
[    0.133195] Speculative Store Bypass: Mitigation: Speculative Store Bypass disabled via prctl
[    0.133885] MMIO Stale Data: Unknown: No mitigations
[    0.223237] Freeing SMP alternatives memory: 56K
[    0.223728] smpboot: CPU0: Genuine Intel(R) 0000 (family: 0x6, model: 0xb7, stepping: 0x0)
[    0.224447] cblist_init_generic: Setting adjustable number of callback queues.
[    0.224928] cblist_init_generic: Setting shift to 1 and lim to 1.
[    0.225367] cblist_init_generic: Setting shift to 1 and lim to 1.
[    0.225795] cblist_init_generic: Setting shift to 1 and lim to 1.
[    0.225883] Performance Events: Alderlake Hybrid events, full-width counters, Intel PMU driver.
[    0.225883] core: cpu_core PMU driver: 
[    0.225883] ... version:                2
[    0.225883] ... bit width:              48
[    0.225886] ... generic registers:      6
[    0.226156] ... value mask:             0000ffffffffffff
[    0.226511] ... max period:             00007fffffffffff
[    0.226865] ... fixed-purpose events:   3
[    0.227135] ... event mask:             0001000f0000003f
[    0.227555] rcu: Hierarchical SRCU implementation.
[    0.227876] rcu: 	Max phase no-delay instances is 1000.
[    0.230087] unchecked MSR access error: WRMSR to 0x38f (tried to write 0x0001000f0000003f) at rIP: 0xffffffff810c30bc (native_write_msr+0xc/0x30)
[    0.230960] Call Trace:
[    0.231129]  <TASK>
[    0.231276]  __intel_pmu_enable_all.constprop.46+0xb5/0x140
[    0.231669]  intel_pmu_enable_all+0x1e/0x30
[    0.231957]  x86_pmu_enable+0x46d/0x5a0
[    0.232233]  ? write_comp_data+0x2f/0x90
[    0.232506]  perf_pmu_enable+0x53/0x70
[    0.232770]  ctx_resched+0xab/0xf0
[    0.233012]  __perf_install_in_context+0x210/0x390
[    0.233345]  ? __sanitizer_cov_trace_pc+0x25/0x60
[    0.233668]  ? perf_duration_warn+0x50/0x50
[    0.233883]  remote_function+0x80/0xa0
[    0.233883]  ? perf_duration_warn+0x50/0x50
[    0.233883]  generic_exec_single+0xea/0x150
[    0.233883]  ? perf_duration_warn+0x50/0x50
[    0.233883]  smp_call_function_single+0x11c/0x240
[    0.233883]  ? perf_duration_warn+0x50/0x50
[    0.233883]  ? __sanitizer_cov_trace_pc+0x25/0x60
[    0.233883]  ? write_comp_data+0x2f/0x90
[    0.233883]  perf_install_in_context+0x292/0x2c0
[    0.233883]  ? ctx_resched+0xf0/0xf0
[    0.233883]  perf_event_create_kernel_counter+0x168/0x200
[    0.233883]  ? find_next_bit+0x30/0x30
[    0.233883]  hardlockup_detector_event_create+0x46/0xd0
[    0.233883]  hardlockup_detector_perf_init+0x18/0x66
[    0.233883]  watchdog_nmi_probe+0x17/0x1d
[    0.233883]  lockup_detector_init+0x40/0xad
[    0.233883]  kernel_init_freeable+0x1b0/0x37a
[    0.233883]  ? rest_init+0xe0/0xe0
[    0.233883]  kernel_init+0x24/0x1e0
[    0.233883]  ? rest_init+0xe0/0xe0
[    0.233883]  ret_from_fork+0x1f/0x30
[    0.233883]  </TASK>
[    0.233967] smp: Bringing up secondary CPUs ...
[    0.234411] x86: Booting SMP configuration:
[    0.234693] .... node  #0, CPUs:      #1
[    0.234970] smp: Brought up 1 node, 2 CPUs
[    0.234970] smpboot: Max logical packages: 1
[    0.234970] smpboot: Total of 2 processors activated (3225.60 BogoMIPS)
[    0.235570] devtmpfs: initialized
[    0.235570] x86/mm: Memory block size: 128MB
[    0.238491] clocksource: jiffies: mask: 0xffffffff max_cycles: 0xffffffff, max_idle_ns: 7645041785100000 ns
[    0.238776] futex hash table entries: 512 (order: 3, 32768 bytes, linear)
[    0.239312] pinctrl core: initialized pinctrl subsystem
[    0.239845] 
[    0.239953] *************************************************************
[    0.240407] **     NOTICE NOTICE NOTICE NOTICE NOTICE NOTICE NOTICE    **
[    0.240854] **                                                         **
[    0.241886] **  IOMMU DebugFS SUPPORT HAS BEEN ENABLED IN THIS KERNEL  **
[    0.242334] **                                                         **
[    0.242783] ** This means that this kernel is built to expose internal **
[    0.243231] ** IOMMU data structures, which may compromise security on **
[    0.243677] ** your system.                                            **
[    0.244124] **                                                         **
[    0.244572] ** If you see this message and you are not debugging the   **
[    0.245022] ** kernel, report this immediately to your vendor!         **
[    0.245469] **                                                         **
[    0.245888] **     NOTICE NOTICE NOTICE NOTICE NOTICE NOTICE NOTICE    **
[    0.246334] *************************************************************
[    0.246819] PM: RTC time: 10:54:51, date: 2022-11-25
[    0.248962] NET: Registered PF_NETLINK/PF_ROUTE protocol family
[    0.249722] DMA: preallocated 256 KiB GFP_KERNEL pool for atomic allocations
[    0.249892] DMA: preallocated 256 KiB GFP_KERNEL|GFP_DMA pool for atomic allocations
[    0.250411] DMA: preallocated 256 KiB GFP_KERNEL|GFP_DMA32 pool for atomic allocations
[    0.250959] audit: initializing netlink subsys (disabled)
[    0.251357] audit: type=2000 audit(1669373692.345:1): state=initialized audit_enabled=0 res=1
[    0.251357] thermal_sys: Registered thermal governor 'fair_share'
[    0.251357] thermal_sys: Registered thermal governor 'bang_bang'
[    0.251357] thermal_sys: Registered thermal governor 'step_wise'
[    0.251357] thermal_sys: Registered thermal governor 'user_space'
[    0.251767] cpuidle: using governor ladder
[    0.253888] cpuidle: using governor menu
[    0.254359] acpiphp: ACPI Hot Plug PCI Controller Driver version: 0.5
[    0.254968] PCI: Using configuration type 1 for base access
[    0.263295] kprobes: kprobe jump-optimization is enabled. All kprobes are optimized if possible.
[    0.499974] HugeTLB: registered 1.00 GiB page size, pre-allocated 0 pages
[    0.500529] HugeTLB: 16380 KiB vmemmap can be freed for a 1.00 GiB page
[    0.501043] HugeTLB: registered 2.00 MiB page size, pre-allocated 0 pages
[    0.501566] HugeTLB: 28 KiB vmemmap can be freed for a 2.00 MiB page
[    0.502520] ACPI: Added _OSI(Module Device)
[    0.502838] ACPI: Added _OSI(Processor Device)
[    0.503190] ACPI: Added _OSI(3.0 _SCP Extensions)
[    0.503563] ACPI: Added _OSI(Processor Aggregator Device)
[    0.509010] ACPI: 1 ACPI AML tables successfully acquired and loaded
[    0.512132] ACPI: Interpreter enabled
[    0.512506] ACPI: PM: (supports S0 S3 S4 S5)
[    0.512856] ACPI: Using IOAPIC for interrupt routing
[    0.513288] PCI: Using host bridge windows from ACPI; if necessary, use "pci=nocrs" and report a bug
[    0.513889] PCI: Using E820 reservations for host bridge windows
[    0.514915] ACPI: Enabled 2 GPEs in block 00 to 0F
[    0.527224] ACPI: PCI Root Bridge [PCI0] (domain 0000 [bus 00-ff])
[    0.527759] acpi PNP0A03:00: _OSC: OS supports [ASPM ClockPM Segments MSI EDR HPX-Type3]
[    0.528440] acpi PNP0A03:00: _OSC: not requesting OS control; OS requires [ExtendedConfig ASPM ClockPM MSI]
[    0.529275] acpi PNP0A03:00: fail to add MMCONFIG information, can't access extended PCI configuration space under this bridge.
[    0.531477] acpiphp: Slot [3] registered
[    0.531827] acpiphp: Slot [4] registered
[    0.532193] acpiphp: Slot [5] registered
[    0.532568] acpiphp: Slot [6] registered
[    0.532940] acpiphp: Slot [7] registered
[    0.533319] acpiphp: Slot [8] registered
[    0.533692] acpiphp: Slot [9] registered
[    0.533943] acpiphp: Slot [10] registered
[    0.534322] acpiphp: Slot [11] registered
[    0.534700] acpiphp: Slot [12] registered
[    0.535080] acpiphp: Slot [13] registered
[    0.535465] acpiphp: Slot [14] registered
[    0.535847] acpiphp: Slot [15] registered
[    0.536231] acpiphp: Slot [16] registered
[    0.536611] acpiphp: Slot [17] registered
[    0.536990] acpiphp: Slot [18] registered
[    0.537368] acpiphp: Slot [19] registered
[    0.537747] acpiphp: Slot [20] registered
[    0.537936] acpiphp: Slot [21] registered
[    0.538316] acpiphp: Slot [22] registered
[    0.538699] acpiphp: Slot [23] registered
[    0.539079] acpiphp: Slot [24] registered
[    0.539464] acpiphp: Slot [25] registered
[    0.539847] acpiphp: Slot [26] registered
[    0.540226] acpiphp: Slot [27] registered
[    0.540609] acpiphp: Slot [28] registered
[    0.540993] acpiphp: Slot [29] registered
[    0.541372] acpiphp: Slot [30] registered
[    0.541750] acpiphp: Slot [31] registered
[    0.541900] PCI host bridge to bus 0000:00
[    0.542236] pci_bus 0000:00: root bus resource [io  0x0000-0x0cf7 window]
[    0.542792] pci_bus 0000:00: root bus resource [io  0x0d00-0xffff window]
[    0.543353] pci_bus 0000:00: root bus resource [mem 0x000a0000-0x000bffff window]
[    0.543960] pci_bus 0000:00: root bus resource [mem 0x80000000-0xfebfffff window]
[    0.544566] pci_bus 0000:00: root bus resource [mem 0x100000000-0x17fffffff window]
[    0.545188] pci_bus 0000:00: root bus resource [bus 00-ff]
[    0.545697] pci 0000:00:00.0: [8086:1237] type 00 class 0x060000
[    0.548169] pci 0000:00:01.0: [8086:7000] type 00 class 0x060100
[    0.549192] pci 0000:00:01.1: [8086:7010] type 00 class 0x010180
[    0.551120] pci 0000:00:01.1: reg 0x20: [io  0xc040-0xc04f]
[    0.552199] pci 0000:00:01.1: legacy IDE quirk: reg 0x10: [io  0x01f0-0x01f7]
[    0.552780] pci 0000:00:01.1: legacy IDE quirk: reg 0x14: [io  0x03f6]
[    0.553309] pci 0000:00:01.1: legacy IDE quirk: reg 0x18: [io  0x0170-0x0177]
[    0.553889] pci 0000:00:01.1: legacy IDE quirk: reg 0x1c: [io  0x0376]
[    0.554649] pci 0000:00:01.3: [8086:7113] type 00 class 0x068000
[    0.555436] pci 0000:00:01.3: quirk: [io  0x0600-0x063f] claimed by PIIX4 ACPI
[    0.556033] pci 0000:00:01.3: quirk: [io  0x0700-0x070f] claimed by PIIX4 SMB
[    0.556823] pci 0000:00:02.0: [1234:1111] type 00 class 0x030000
[    0.558212] pci 0000:00:02.0: reg 0x10: [mem 0xfd000000-0xfdffffff pref]
[    0.560769] pci 0000:00:02.0: reg 0x18: [mem 0xfebf0000-0xfebf0fff]
[    0.563098] pci 0000:00:02.0: reg 0x30: [mem 0xfebe0000-0xfebeffff pref]
[    0.563722] pci 0000:00:02.0: Video device with shadowed ROM at [mem 0x000c0000-0x000dffff]
[    0.566749] pci 0000:00:03.0: [8086:100e] type 00 class 0x020000
[    0.567698] pci 0000:00:03.0: reg 0x10: [mem 0xfebc0000-0xfebdffff]
[    0.568709] pci 0000:00:03.0: reg 0x14: [io  0xc000-0xc03f]
[    0.572069] pci 0000:00:03.0: reg 0x30: [mem 0xfeb80000-0xfebbffff pref]
[    0.582353] ACPI: PCI: Interrupt link LNKA configured for IRQ 10
[    0.583176] ACPI: PCI: Interrupt link LNKB configured for IRQ 10
[    0.583993] ACPI: PCI: Interrupt link LNKC configured for IRQ 11
[    0.584768] ACPI: PCI: Interrupt link LNKD configured for IRQ 11
[    0.585398] ACPI: PCI: Interrupt link LNKS configured for IRQ 9
[    0.586665] iommu: Default domain type: Translated 
[    0.587081] iommu: DMA domain TLB invalidation policy: lazy mode 
[    0.588086] SCSI subsystem initialized
[    0.588525] ACPI: bus type USB registered
[    0.588891] usbcore: registered new interface driver usbfs
[    0.589354] usbcore: registered new interface driver hub
[    0.589796] usbcore: registered new device driver usb
[    0.589963] pps_core: LinuxPPS API ver. 1 registered
[    0.590365] pps_core: Software ver. 5.3.6 - Copyright 2005-2007 Rodolfo Giometti <giometti@linux.it>
[    0.591100] PTP clock support registered
[    0.591502] EDAC MC: Ver: 3.0.0
[    0.592451] NetLabel: Initializing
[    0.592732] NetLabel:  domain hash size = 128
[    0.593087] NetLabel:  protocols = UNLABELED CIPSOv4 CALIPSO
[    0.593577] NetLabel:  unlabeled traffic allowed by default
[    0.593981] PCI: Using ACPI for IRQ routing
[    0.594473] pci 0000:00:02.0: vgaarb: setting as boot VGA device
[    0.594963] pci 0000:00:02.0: vgaarb: bridge control possible
[    0.595428] pci 0000:00:02.0: vgaarb: VGA device added: decodes=io+mem,owns=io+mem,locks=none
[    0.596114] vgaarb: loaded
[    0.596620] hpet0: at MMIO 0xfed00000, IRQs 2, 8, 0
[    0.597030] hpet0: 3 comparators, 64-bit 100.000000 MHz counter
[    3.349872] clocksource: Switched to clocksource kvm-clock
[    3.437330] VFS: Disk quotas dquot_6.6.0
[    3.437714] VFS: Dquot-cache hash table entries: 512 (order 0, 4096 bytes)
[    3.438363] pnp: PnP ACPI init
[    3.439932] pnp: PnP ACPI: found 6 devices
[    3.449777] clocksource: acpi_pm: mask: 0xffffff max_cycles: 0xffffff, max_idle_ns: 2085701024 ns
[    3.450732] NET: Registered PF_INET protocol family
[    3.451380] IP idents hash table entries: 32768 (order: 6, 262144 bytes, linear)
[    3.453114] tcp_listen_portaddr_hash hash table entries: 1024 (order: 2, 16384 bytes, linear)
[    3.453758] Table-perturb hash table entries: 65536 (order: 6, 262144 bytes, linear)
[    3.454344] TCP established hash table entries: 16384 (order: 5, 131072 bytes, linear)
[    3.454998] TCP bind hash table entries: 16384 (order: 7, 524288 bytes, linear)
[    3.455631] TCP: Hash tables configured (established 16384 bind 16384)
[    3.456135] UDP hash table entries: 1024 (order: 3, 32768 bytes, linear)
[    3.456638] UDP-Lite hash table entries: 1024 (order: 3, 32768 bytes, linear)
[    3.457220] NET: Registered PF_UNIX/PF_LOCAL protocol family
[    3.457908] RPC: Registered named UNIX socket transport module.
[    3.458343] RPC: Registered udp transport module.
[    3.458687] RPC: Registered tcp transport module.
[    3.459036] RPC: Registered tcp NFSv4.1 backchannel transport module.
[    3.459520] pci_bus 0000:00: resource 4 [io  0x0000-0x0cf7 window]
[    3.459978] pci_bus 0000:00: resource 5 [io  0x0d00-0xffff window]
[    3.460427] pci_bus 0000:00: resource 6 [mem 0x000a0000-0x000bffff window]
[    3.460937] pci_bus 0000:00: resource 7 [mem 0x80000000-0xfebfffff window]
[    3.461446] pci_bus 0000:00: resource 8 [mem 0x100000000-0x17fffffff window]
[    3.462136] pci 0000:00:01.0: PIIX3: Enabling Passive Release
[    3.462570] pci 0000:00:00.0: Limiting direct PCI/PCI transfers
[    3.463105] PCI: CLS 0 bytes, default 64
[    3.463598] clocksource: tsc: mask: 0xffffffffffffffff max_cycles: 0xb9fb05486c, max_idle_ns: 440795231721 ns
[    3.466257] Initialise system trusted keyrings
[    3.466615] Key type blacklist registered
[    3.467087] workingset: timestamp_bits=36 max_order=19 bucket_order=0
[    3.472291] zbud: loaded
[    3.473430] squashfs: version 4.0 (2009/01/31) Phillip Lougher
[    3.474645] NFS: Registering the id_resolver key type
[    3.475033] Key type id_resolver registered
[    3.475342] Key type id_legacy registered
[    3.475687] nfs4filelayout_init: NFSv4 File Layout Driver Registering...
[    3.476180] nfs4flexfilelayout_init: NFSv4 Flexfile Layout Driver Registering...
[    3.476913] fuse: init (API version 7.37)
[    3.477413] SGI XFS with ACLs, security attributes, realtime, quota, no debug enabled
[    3.478795] 9p: Installing v9fs 9p2000 file system support
[    3.486101] Key type asymmetric registered
[    3.486413] Asymmetric key parser 'x509' registered
[    3.487297] alg: self-tests for CTR-KDF (hmac(sha256)) passed
[    3.487741] Block layer SCSI generic (bsg) driver version 0.4 loaded (major 243)
[    3.488338] io scheduler mq-deadline registered
[    3.488729] io scheduler bfq registered
[    3.489453] shpchp: Standard Hot Plug PCI Controller Driver version: 0.4
[    3.490106] IPMI message handler: version 39.2
[    3.490443] ipmi device interface
[    3.491613] input: Power Button as /devices/LNXSYSTM:00/LNXPWRBN:00/input/input0
[    3.492247] ACPI: button: Power Button [PWRF]
[    3.493127] ERST DBG: ERST support is disabled.
[    3.493777] Serial: 8250/16550 driver, 32 ports, IRQ sharing enabled
[    3.494549] 00:04: ttyS0 at I/O 0x3f8 (irq = 4, base_baud = 115200) is a 16550A
[    3.499559] Linux agpgart interface v0.103
[    3.500175] ACPI: bus type drm_connector registered
[    3.508336] brd: module loaded
[    3.512753] loop: module loaded
[    3.515060] scsi host0: ata_piix
[    3.515561] scsi host1: ata_piix
[    3.515883] ata1: PATA max MWDMA2 cmd 0x1f0 ctl 0x3f6 bmdma 0xc040 irq 14
[    3.516382] ata2: PATA max MWDMA2 cmd 0x170 ctl 0x376 bmdma 0xc048 irq 15
[    3.517749] tun: Universal TUN/TAP device driver, 1.6
[    3.518258] e100: Intel(R) PRO/100 Network Driver
[    3.518608] e100: Copyright(c) 1999-2006 Intel Corporation
[    3.519043] e1000: Intel(R) PRO/1000 Network Driver
[    3.519405] e1000: Copyright (c) 1999-2006 Intel Corporation.
[    3.611615] ACPI: \_SB_.LNKC: Enabled at IRQ 11
[    3.674065] ata2: found unknown device (class 0)
[    3.674583] ata1: found unknown device (class 0)
[    3.675221] ata2.00: ATAPI: QEMU DVD-ROM, 2.5+, max UDMA/100
[    3.675908] ata1.00: ATA-7: QEMU HARDDISK, 2.5+, max UDMA/100
[    3.676276] ata1.00: 16777216 sectors, multi 16: LBA48 
[    3.677325] scsi 0:0:0:0: Direct-Access     ATA      QEMU HARDDISK    2.5+ PQ: 0 ANSI: 5
[    3.678142] scsi 0:0:0:0: Attached scsi generic sg0 type 0
[    3.678879] sd 0:0:0:0: [sda] 16777216 512-byte logical blocks: (8.59 GB/8.00 GiB)
[    3.679385] scsi 1:0:0:0: CD-ROM            QEMU     QEMU DVD-ROM     2.5+ PQ: 0 ANSI: 5
[    3.679991] sd 0:0:0:0: [sda] Write Protect is off
[    3.680460] sd 0:0:0:0: [sda] Write cache: enabled, read cache: enabled, doesn't support DPO or FUA
[    3.681255] sd 0:0:0:0: [sda] Preferred minimum I/O size 512 bytes
[    3.703290] sd 0:0:0:0: [sda] Attached SCSI disk
[    3.710418] scsi 1:0:0:0: Attached scsi generic sg1 type 5
[    3.932251] e1000 0000:00:03.0 eth0: (PCI:33MHz:32-bit) 52:54:00:12:34:56
[    3.932696] e1000 0000:00:03.0 eth0: Intel(R) PRO/1000 Network Connection
[    3.933175] e1000e: Intel(R) PRO/1000 Network Driver
[    3.933489] e1000e: Copyright(c) 1999 - 2015 Intel Corporation.
[    3.933909] igb: Intel(R) Gigabit Ethernet Network Driver
[    3.934250] igb: Copyright (c) 2007-2014 Intel Corporation.
[    3.934665] PPP generic driver version 2.4.2
[    3.935261] VFIO - User Level meta-driver version: 0.3
[    3.935897] usbcore: registered new interface driver uas
[    3.936257] usbcore: registered new interface driver usb-storage
[    3.936697] i8042: PNP: PS/2 Controller [PNP0303:KBD,PNP0f13:MOU] at 0x60,0x64 irq 1,12
[    3.937648] serio: i8042 KBD port at 0x60,0x64 irq 1
[    3.937972] serio: i8042 AUX port at 0x60,0x64 irq 12
[    3.938741] mousedev: PS/2 mouse device common for all mice
[    3.939404] rtc_cmos 00:05: RTC can wake from S4
[    3.939857] input: AT Translated Set 2 keyboard as /devices/platform/i8042/serio0/input/input1
[    3.940865] input: VirtualPS/2 VMware VMMouse as /devices/platform/i8042/serio1/input/input4
[    3.941650] input: VirtualPS/2 VMware VMMouse as /devices/platform/i8042/serio1/input/input3
[    3.942391] rtc_cmos 00:05: registered as rtc0
[    3.942717] rtc_cmos 00:05: setting system clock to 2022-11-25T10:54:55 UTC (1669373695)
[    3.943312] rtc_cmos 00:05: alarms up to one day, y3k, 242 bytes nvram, hpet irqs
[    3.943833] i2c_dev: i2c /dev entries driver
[    3.944124] device-mapper: core: CONFIG_IMA_DISABLE_HTABLE is disabled. Duplicate IMA measurements will not be recorded in the IMA log.
[    3.944944] device-mapper: uevent: version 1.0.3
[    3.945388] device-mapper: ioctl: 4.47.0-ioctl (2022-07-28) initialised: dm-devel@redhat.com
[    3.945931] intel_pstate: CPU model not supported
[    3.946271] sdhci: Secure Digital Host Controller Interface driver
[    3.946661] sdhci: Copyright(c) Pierre Ossman
[    3.946988] sdhci-pltfm: SDHCI platform and OF driver helper
[    3.947487] ledtrig-cpu: registered to indicate activity on CPUs
[    3.947992] drop_monitor: Initializing network drop monitor service
[    3.948734] NET: Registered PF_INET6 protocol family
[    3.949909] Segment Routing with IPv6
[    3.950174] In-situ OAM (IOAM) with IPv6
[    3.950444] NET: Registered PF_PACKET protocol family
[    3.950901] 9pnet: Installing 9P2000 support
[    3.951191] Key type dns_resolver registered
[    3.952005] IPI shorthand broadcast: enabled
[    3.952313] sched_clock: Marking stable (3943495622, 8283975)->(3966746765, -14967168)
[    3.953016] registered taskstats version 1
[    3.953323] Loading compiled-in X.509 certificates
[    3.953964] zswap: loaded using pool lzo/zbud
[    3.954430] Key type .fscrypt registered
[    3.954671] Key type fscrypt-provisioning registered
[    3.955366] Key type encrypted registered
[    3.955619] ima: No TPM chip found, activating TPM-bypass!
[    3.955951] ima: Allocated hash algorithm: sha1
[    3.956274] ima: No architecture policies found
[    3.956577] evm: Initialising EVM extended attributes:
[    3.956884] evm: security.selinux
[    3.957091] evm: security.SMACK64
[    3.957297] evm: security.SMACK64EXEC
[    3.957524] evm: security.SMACK64TRANSMUTE
[    3.957777] evm: security.SMACK64MMAP
[    3.958018] evm: security.apparmor
[    3.958229] evm: security.ima
[    3.958415] evm: security.capability
[    3.958638] evm: HMAC attrs: 0x1
[    3.960711] PM:   Magic number: 14:859:932
[    3.961190] RAS: Correctable Errors collector initialized.
[    3.961745] md: Waiting for all devices to be available before autodetect
[    3.962045] md: If you don't use raid, use raid=noautodetect
[    3.962289] md: Autodetecting RAID arrays.
[    3.962468] md: autorun ...
[    3.962592] md: ... autorun DONE.
[    3.965480] EXT4-fs (sda): INFO: recovery required on readonly filesystem
[    3.965774] EXT4-fs (sda): write access will be enabled during recovery
[    4.030949] EXT4-fs (sda): recovery complete
[    4.032399] EXT4-fs (sda): mounted filesystem with ordered data mode. Quota mode: none.
[    4.032827] VFS: Mounted root (ext4 filesystem) readonly on device 8:0.
[    4.033484] devtmpfs: mounted
[    4.040582] Freeing unused decrypted memory: 2036K
[    4.042344] Freeing unused kernel image (initmem) memory: 3624K
[    4.042642] Write protecting the kernel read-only data: 40960k
[    4.044810] Freeing unused kernel image (text/rodata gap) memory: 2028K
[    4.045440] Freeing unused kernel image (rodata/data gap) memory: 656K
[    4.141037] x86/mm: Checked W+X mappings: passed, no W+X pages found.
[    4.141369] Run /sbin/init as init process
[    4.193967] systemd[1]: RTC configured in localtime, applying delta of 0 minutes to system time.
[    4.207528] systemd[1]: systemd 239 (239-49.el8) running in system mode. (+PAM +AUDIT +SELINUX +IMA -APPARMOR +SMACK +SYSVINIT +UTMP +LIBCRYPTSETUP +GCRYPT +GNUTLS +ACL +XZ +LZ4 +SECCOMP +BLKID +ELFUTILS +KMOD +IDN2 -IDN +PCRE2 default-hierarchy=legacy)
[    4.208653] systemd[1]: Detected virtualization kvm.
[    4.208901] systemd[1]: Detected architecture x86-64.

Welcome to [0;31mCentOS Stream 8[0m!

[    4.272967] systemd[1]: Set hostname to <test>.
[    5.277895] random: crng init done
[    5.342259] systemd[1]: Started Forward Password Requests to Wall Directory Watch.
[[0;32m  OK  [0m] Started Forward Password Requests to Wall Directory Watch.
[    5.343301] systemd[1]: Listening on Journal Socket.
[[0;32m  OK  [0m] Listening on Journal Socket.
[    5.358093] systemd[1]: Mounting POSIX Message Queue File System...
         Mounting POSIX Message Queue File System...
[    5.360594] systemd[1]: Mounting Huge Pages File System...
         Mounting Huge Pages File System...
[    5.366419] systemd[1]: Listening on Process Core Dump Socket.
[[0;32m  OK  [0m] Listening on Process Core Dump Socket.
[    5.367768] systemd[1]: Listening on LVM2 poll daemon socket.
[[0;32m  OK  [0m] Listening on LVM2 poll daemon socket.
[[0;32m  OK  [0m] Listening on multipathd control socket.
         Starting Setup Virtual Console...
[[0;32m  OK  [0m] Listening on udev Kernel Socket.
[[0;32m  OK  [0m] Created slice system-getty.slice.
[[0;32m  OK  [0m] Created slice system-serial\x2dgetty.slice.
         Starting Load Kernel Modules...
         Mounting Kernel Debug File System...
[[0;32m  OK  [0m] Listening on initctl Compatibility Named Pipe.
[[0;32m  OK  [0m] Set up automount Arbitrary Executabâ€¦rmats File System Automount Point.
[[0;32m  OK  [0m] Created slice User and Session Slice.
[[0;32m  OK  [0m] Reached target Slices.
[[0;32m  OK  [0m] Listening on RPCbind Server Activation Socket.
[[0;32m  OK  [0m] Reached target RPC Port Mapper.
[[0;32m  OK  [0m] Listening on Journal Socket (/dev/log).
         Starting Journal Service...
[[0;32m  OK  [0m] Listening on udev Control Socket.
         Starting udev Coldplug all Devices...
[[0;32m  OK  [0m] Created slice system-sshd\x2dkeygen.slice.
[[0;32m  OK  [0m] Reached target Swap.
[[0;32m  OK  [0m] Listening on Device-mapper event daemon FIFOs.
         Starting Monitoring of LVM2 mirrorsâ€¦ng dmeventd or progress polling...
         Starting Remount Root and Kernel File Systems...
[[0;32m  OK  [0m] Started Journal Service.
[[0;32m  OK  [[    5.570222] EXT4-fs (sda): re-mounted. Quota mode: none.
0m] Mounted POSIX Message Queue File System.
[[0;32m  OK  [0m] Mounted Huge Pages File System.
[[0;1;31mFAILED[0m] Failed to start Load Kernel Modules.
See 'systemctl status systemd-modules-load.service' for details.
[[0;32m  OK  [0m] Mounted Kernel Debug File System.
[[0;32m  OK  [0m] Started Setup Virtual Console.
[[0;32m  OK  [0m] Started Remount Root and Kernel File Systems.
         Starting Create Static Device Nodes in /dev...
         Starting Load/Save Random Seed...
         Mounting Kernel Configuration File System...
         Mounting FUSE Control File System...
         Starting Apply Kernel Variables...
         Starting Flush Journal to Persistent Storage...
[[0;32m  OK  [0m] Started Create Static Device Nodes in /dev.
[[0;32m  OK  [0m] Started Load/Save Random Seed.
[[0;32m  OK  [0m] Mounted Kernel Configuration File System.
[[0;32m  OK  [0m] Mounted FUSE Control File System.
[[0;32m  OK  [0m] Started Apply Kernel Variables.
         Starting udev Kernel Device Manager...
[[0;32m  OK  [0m] Started Flush Journal to Persistent Storage.
[[0;32m  OK  [0m] Started udev Coldplug all Devices.
         Starting udev Wait for Complete Device Initialization...
[[0;32m  OK  [0m] Started udev Kernel Device Manager.
         Starting Show Plymouth Boot Screen...
[[0;32m  OK  [0m] Started Show Plymouth Boot Screen.
[[0;32m  OK  [0m] Reached target Paths.
[[0;32m  OK  [0m] Reached target Local Encrypted Volumes.
[[0;32m  OK  [0m] Started Forward Password Requests to Plymouth Directory Watch.
[[0;32m  OK  [0m] Found device /dev/ttyS0.
[[0;32m  OK  [0m] Started Monitoring of LVM2 mirrors,â€¦sing dmeventd or progress polling.
[[0;32m  OK  [0m] Listening on Load/Save RF Kill Switch Status /dev/rfkill Watch.
[[0;32m  OK  [0m] Started udev Wait for Complete Device Initialization.
[[0;32m  OK  [0m] Reached target Local File Systems (Pre).
[[0;32m  OK  [0m] Reached target Local File Systems.
         Starting Create Volatile Files and Directories...
         Starting Restore /run/initramfs on shutdown...
         Starting Tell Plymouth To Write Out Runtime Data...
[[0;32m  OK  [0m] Started Create Volatile Files and Directories.
[[0;32m  OK  [0m] Started Restore /run/initramfs on shutdown.
[[0;32m  OK  [0m] Started Tell Plymouth To Write Out Runtime Data.
         Starting Security Auditing Service...
         Mounting RPC Pipe File System...
         Starting RPC Bind...
[[0;32m  OK  [0m] Mounted RPC Pipe File System.
[[0;32m  OK  [0m] Reached target rpc_pipefs.target.
[[0;32m  OK  [0m] Started RPC Bind.
[[0;32m  OK  [0m] Started Security Auditing Service.
         Starting Update UTMP about System Boot/Shutdown...
[[0;32m  OK  [0m] Started Update UTMP about System Boot/Shutdown.
[[0;32m  OK  [0m] Reached target System Initialization.
[[0;32m  OK  [0m] Started dnf makecache --timer.
[[0;32m  OK  [0m] Listening on SSSD Kerberos Cache Manager responder socket.
[[0;32m  OK  [0m] Started Daily Cleanup of Temporary Directories.
[[0;32m  OK  [0m] Started daily update of the root trust anchor for DNSSEC.
[[0;32m  OK  [0m] Reached target Timers.
[[0;32m  OK  [0m] Listening on D-Bus System Message Bus Socket.
[[0;32m  OK  [0m] Reached target Sockets.
[[0;32m  OK  [0m] Reached target Basic System.
         Starting Auto-connect to subsystemsâ€¦-NVME devices found during boot...
[[0;32m  OK  [0m] Started Machine Check Exception Logging Daemon.
[[0;32m  OK  [0m] Started D-Bus System Message Bus.
         Starting Login Service...
         Starting Self Monitoring and Reporting Technology (SMART) Daemon...
         Starting Network Manager...
         Starting Authorization Manager...
[[0;32m  OK  [0m] Reached target sshd-keygen.target.
         Starting NTP client/server...
[[0;32m  OK  [0m] Started irqbalance daemon.
[[0;32m  OK  [0m] Started Self Monitoring and Reporting Technology (SMART) Daemon.
[[0;32m  OK  [0m] Started Auto-connect to subsystems â€¦FC-NVME devices found during boot.
[[0;32m  OK  [0m] Started Login Service.
[[0;32m  OK  [0m] Started Network Manager.
         Starting Network Manager Wait Online...
[[0;32m  OK  [0m] Reached target Network.
         Starting OpenSSH server daemon...
         Starting Dynamic System Tuning Daemon...
         Starting GSSAPI Proxy Daemon...
         Starting Hostname Service...
[[0;32m  OK  [0m] Started OpenSSH server daemon.
[[0;32m  OK  [0m] Started GSSAPI Proxy Daemon.
[[0;32m  OK  [0m] Reached target NFS client services.
[[0;32m  OK  [0m] Reached target Remote File Systems (Pre).
[[0;32m  OK  [0m] Reached target Remote File Systems.
         Starting Permit User Sessions...
[[0;32m  OK  [0m] Started Authorization Manager.
[[0;32m  OK  [0m] Started NTP client/server.
[[0;32m  OK  [0m] Started Permit User Sessions.
         Starting Hold until boot process finishes up...
[[0;32m  OK  [0m] Started Command Scheduler.
         Starting Terminate Plymouth Boot Screen...
[    6.709947] e1000: eth0 NIC Link is Up 1000 Mbps Full Duplex, Flow Control: RX
[    6.710768] IPv6: ADDRCONF(NETDEV_CHANGE): eth0: link becomes ready
[    6.857431] Spectre V2 : WARNING: Unprivileged eBPF is enabled with eIBRS on, data leaks possible via Spectre v2 BHB attacks!
[    6.858074] Spectre V2 : WARNING: Unprivileged eBPF is enabled with eIBRS on, data leaks possible via Spectre v2 BHB attacks!

CentOS Stream 8
Kernel 6.1.0-rc3-bf1269766228+ on an x86_64

test login: 