c[?7l[2J[0mSeaBIOS (version rel-1.16.0-0-gd239552ce722-prebuilt.qemu.org)


iPXE (http://ipxe.org) 00:03.0 CA00 PCI2.10 PnP PMM+7FF91000+7FEF1000 CA00
Press Ctrl-B to configure iPXE (PCI 00:03.0)...                                                                               


Booting from ROM...
c[?7l[2J[    0.000000] Linux version 6.1.0-rc1-e57ef2ed97c1+ (root@p-rpls01) (gcc (GCC) 8.5.0 20210514 (Red Hat 8.5.0-17), GNU ld version 2.36.1-2.el8) #1 SMP PREEMPT_DYNAMIC Thu Nov 24 14:20:30 CST 2022
[    0.000000] Command line: console=ttyS0 root=/dev/sda earlyprintk=serial net.ifnames=0
[    0.000000] KERNEL supported cpus:
[    0.000000]   Intel GenuineIntel
[    0.000000]   AMD AuthenticAMD
[    0.000000]   Hygon HygonGenuine
[    0.000000]   Centaur CentaurHauls
[    0.000000]   zhaoxin   Shanghai  
[    0.000000] x86/fpu: Supporting XSAVE feature 0x001: 'x87 floating point registers'
[    0.000000] x86/fpu: Supporting XSAVE feature 0x002: 'SSE registers'
[    0.000000] x86/fpu: Supporting XSAVE feature 0x004: 'AVX registers'
[    0.000000] x86/fpu: Supporting XSAVE feature 0x200: 'Protection Keys User registers'
[    0.000000] x86/fpu: xstate_offset[2]:  576, xstate_sizes[2]:  256
[    0.000000] x86/fpu: xstate_offset[9]:  832, xstate_sizes[9]:    8
[    0.000000] x86/fpu: Enabled xstate features 0x207, context size is 840 bytes, using 'compacted' format.
[    0.000000] signal: max sigframe size: 3632
[    0.000000] BIOS-provided physical RAM map:
[    0.000000] BIOS-e820: [mem 0x0000000000000000-0x000000000009fbff] usable
[    0.000000] BIOS-e820: [mem 0x000000000009fc00-0x000000000009ffff] reserved
[    0.000000] BIOS-e820: [mem 0x00000000000f0000-0x00000000000fffff] reserved
[    0.000000] BIOS-e820: [mem 0x0000000000100000-0x000000007ffdffff] usable
[    0.000000] BIOS-e820: [mem 0x000000007ffe0000-0x000000007fffffff] reserved
[    0.000000] BIOS-e820: [mem 0x00000000feffc000-0x00000000feffffff] reserved
[    0.000000] BIOS-e820: [mem 0x00000000fffc0000-0x00000000ffffffff] reserved
[    0.000000] printk: bootconsole [earlyser0] enabled
[    0.000000] NX (Execute Disable) protection: active
[    0.000000] SMBIOS 2.8 present.
[    0.000000] DMI: QEMU Standard PC (i440FX + PIIX, 1996), BIOS rel-1.16.0-0-gd239552ce722-prebuilt.qemu.org 04/01/2014
[    0.000000] Hypervisor detected: KVM
[    0.000000] kvm-clock: Using msrs 4b564d01 and 4b564d00
[    0.000005] kvm-clock: using sched offset of 535059917 cycles
[    0.000648] clocksource: kvm-clock: mask: 0xffffffffffffffff max_cycles: 0x1cd42e4dffb, max_idle_ns: 881590591483 ns
[    0.002632] tsc: Detected 806.400 MHz processor
[    0.013723] last_pfn = 0x7ffe0 max_arch_pfn = 0x400000000
[    0.014467] x86/PAT: Configuration [0-7]: WB  WC  UC- UC  WB  WP  UC- WT  
[    0.027727] found SMP MP-table at [mem 0x000f5ba0-0x000f5baf]
[    0.028568] Using GB pages for direct mapping
[    0.030620] ACPI: Early table checksum verification disabled
[    0.031301] ACPI: RSDP 0x00000000000F59C0 000014 (v00 BOCHS )
[    0.032003] ACPI: RSDT 0x000000007FFE1951 000034 (v01 BOCHS  BXPC     00000001 BXPC 00000001)
[    0.033019] ACPI: FACP 0x000000007FFE17FD 000074 (v01 BOCHS  BXPC     00000001 BXPC 00000001)
[    0.034041] ACPI: DSDT 0x000000007FFE0040 0017BD (v01 BOCHS  BXPC     00000001 BXPC 00000001)
[    0.035056] ACPI: FACS 0x000000007FFE0000 000040
[    0.035633] ACPI: APIC 0x000000007FFE1871 000080 (v01 BOCHS  BXPC     00000001 BXPC 00000001)
[    0.036653] ACPI: HPET 0x000000007FFE18F1 000038 (v01 BOCHS  BXPC     00000001 BXPC 00000001)
[    0.037666] ACPI: WAET 0x000000007FFE1929 000028 (v01 BOCHS  BXPC     00000001 BXPC 00000001)
[    0.038678] ACPI: Reserving FACP table memory at [mem 0x7ffe17fd-0x7ffe1870]
[    0.039514] ACPI: Reserving DSDT table memory at [mem 0x7ffe0040-0x7ffe17fc]
[    0.040331] ACPI: Reserving FACS table memory at [mem 0x7ffe0000-0x7ffe003f]
[    0.041147] ACPI: Reserving APIC table memory at [mem 0x7ffe1871-0x7ffe18f0]
[    0.041967] ACPI: Reserving HPET table memory at [mem 0x7ffe18f1-0x7ffe1928]
[    0.042788] ACPI: Reserving WAET table memory at [mem 0x7ffe1929-0x7ffe1950]
[    0.044483] No NUMA configuration found
[    0.044940] Faking a node at [mem 0x0000000000000000-0x000000007ffdffff]
[    0.045815] NODE_DATA(0) allocated [mem 0x7ffb5000-0x7ffdffff]
[    0.051043] Zone ranges:
[    0.051361]   DMA      [mem 0x0000000000001000-0x0000000000ffffff]
[    0.052076]   DMA32    [mem 0x0000000001000000-0x000000007ffdffff]
[    0.052786]   Normal   empty
[    0.053118]   Device   empty
[    0.053454] Movable zone start for each node
[    0.053941] Early memory node ranges
[    0.054349]   node   0: [mem 0x0000000000001000-0x000000000009efff]
[    0.055069]   node   0: [mem 0x0000000000100000-0x000000007ffdffff]
[    0.055803] Initmem setup node 0 [mem 0x0000000000001000-0x000000007ffdffff]
[    0.062423] On node 0, zone DMA: 1 pages in unavailable ranges
[    0.062459] On node 0, zone DMA: 97 pages in unavailable ranges
[    0.145917] On node 0, zone DMA32: 32 pages in unavailable ranges
[    0.147043] ACPI: PM-Timer IO Port: 0x608
[    0.148287] ACPI: LAPIC_NMI (acpi_id[0xff] dfl dfl lint[0x1])
[    0.149025] IOAPIC[0]: apic_id 0, version 17, address 0xfec00000, GSI 0-23
[    0.149847] ACPI: INT_SRC_OVR (bus 0 bus_irq 0 global_irq 2 dfl dfl)
[    0.150607] ACPI: INT_SRC_OVR (bus 0 bus_irq 5 global_irq 5 high level)
[    0.151395] ACPI: INT_SRC_OVR (bus 0 bus_irq 9 global_irq 9 high level)
[    0.152178] ACPI: INT_SRC_OVR (bus 0 bus_irq 10 global_irq 10 high level)
[    0.152978] ACPI: INT_SRC_OVR (bus 0 bus_irq 11 global_irq 11 high level)
[    0.153804] ACPI: Using ACPI (MADT) for SMP configuration information
[    0.154564] ACPI: HPET id: 0x8086a201 base: 0xfed00000
[    0.155213] TSC deadline timer available
[    0.155678] smpboot: Allowing 2 CPUs, 0 hotplug CPUs
[    0.156351] kvm-guest: KVM setup pv remote TLB flush
[    0.156943] kvm-guest: setup PV sched yield
[    0.157503] PM: hibernation: Registered nosave memory: [mem 0x00000000-0x00000fff]
[    0.158402] PM: hibernation: Registered nosave memory: [mem 0x0009f000-0x0009ffff]
[    0.159307] PM: hibernation: Registered nosave memory: [mem 0x000a0000-0x000effff]
[    0.160204] PM: hibernation: Registered nosave memory: [mem 0x000f0000-0x000fffff]
[    0.161080] [mem 0x80000000-0xfeffbfff] available for PCI devices
[    0.161798] Booting paravirtualized kernel on KVM
[    0.162367] clocksource: refined-jiffies: mask: 0xffffffff max_cycles: 0xffffffff, max_idle_ns: 7645519600211568 ns
[    0.163655] setup_percpu: NR_CPUS:8192 nr_cpumask_bits:2 nr_cpu_ids:2 nr_node_ids:1
[    0.173327] percpu: Embedded 62 pages/cpu s217088 r8192 d28672 u1048576
[    0.174469] kvm-guest: PV spinlocks enabled
[    0.174991] PV qspinlock hash table entries: 256 (order: 0, 4096 bytes, linear)
[    0.175896] Fallback order for Node 0: 0 
[    0.176397] Built 1 zonelists, mobility grouping on.  Total pages: 515808
[    0.177213] Policy zone: DMA32
[    0.177587] Kernel command line: net.ifnames=0 console=ttyS0 root=/dev/sda earlyprintk=serial net.ifnames=0
[    0.182498] Dentry cache hash table entries: 262144 (order: 9, 2097152 bytes, linear)
[    0.183679] Inode-cache hash table entries: 131072 (order: 8, 1048576 bytes, linear)
[    0.184776] mem auto-init: stack:off, heap alloc:off, heap free:off
[    0.192188] Memory: 2001784K/2096632K available (30720K kernel code, 4078K rwdata, 7524K rodata, 3628K init, 10528K bss, 94592K reserved, 0K cma-reserved)
[    0.194983] SLUB: HWalign=64, Order=0-3, MinObjects=0, CPUs=2, Nodes=1
[    0.195746] kmemleak: Kernel memory leak detector disabled
[    0.196383] ftrace: allocating 66311 entries in 260 pages
[    0.230576] ftrace: allocated 260 pages with 2 groups
[    0.233782] Dynamic Preempt: voluntary
[    0.234337] rcu: Preemptible hierarchical RCU implementation.
[    0.234977] rcu: 	RCU restricting CPUs from NR_CPUS=8192 to nr_cpu_ids=2.
[    0.235754] 	Trampoline variant of Tasks RCU enabled.
[    0.236314] 	Rude variant of Tasks RCU enabled.
[    0.236819] 	Tracing variant of Tasks RCU enabled.
[    0.237348] rcu: RCU calculated value of scheduler-enlistment delay is 25 jiffies.
[    0.238192] rcu: Adjusting geometry for rcu_fanout_leaf=16, nr_cpu_ids=2
[    0.273156] NR_IRQS: 524544, nr_irqs: 440, preallocated irqs: 16
[    0.274235] rcu: srcu_init: Setting srcu_struct sizes based on contention.
[    0.284093] Console: colour VGA+ 80x25
[    0.284577] printk: console [ttyS0] enabled
[    0.284577] printk: console [ttyS0] enabled
[    0.285530] printk: bootconsole [earlyser0] disabled
[    0.285530] printk: bootconsole [earlyser0] disabled
[    0.286710] ACPI: Core revision 20220331
[    0.287440] clocksource: hpet: mask: 0xffffffff max_cycles: 0xffffffff, max_idle_ns: 19112604467 ns
[    0.288612] APIC: Switch to symmetric I/O mode setup
[    0.289430] x2apic enabled
[    0.289962] Switched APIC routing to physical x2apic.
[    0.290552] kvm-guest: setup PV IPIs
[    0.291938] ..TIMER: vector=0x30 apic1=0 pin1=2 apic2=-1 pin2=-1
[    0.292703] clocksource: tsc-early: mask: 0xffffffffffffffff max_cycles: 0xb9fb05486c, max_idle_ns: 440795231721 ns
[    0.293915] Calibrating delay loop (skipped) preset value.. 1612.80 BogoMIPS (lpj=3225600)
[    0.294864] pid_max: default: 32768 minimum: 301
[    0.295597] LSM: Security Framework initializing
[    0.296136] Yama: becoming mindful.
[    0.298078] Mount-cache hash table entries: 4096 (order: 3, 32768 bytes, linear)
[    0.298962] Mountpoint-cache hash table entries: 4096 (order: 3, 32768 bytes, linear)
[    0.301869] x86/cpu: User Mode Instruction Prevention (UMIP) activated
[    0.302927] Last level iTLB entries: 4KB 0, 2MB 0, 4MB 0
[    0.303582] Last level dTLB entries: 4KB 0, 2MB 0, 4MB 0, 1GB 0
[    0.304326] Spectre V1 : Mitigation: usercopy/swapgs barriers and __user pointer sanitization
[    0.305329] Spectre V2 : WARNING: Unprivileged eBPF is enabled with eIBRS on, data leaks possible via Spectre v2 BHB attacks!
[    0.305924] Spectre V2 : Mitigation: Enhanced IBRS
[    0.306461] Spectre V2 : Spectre v2 / SpectreRSB mitigation: Filling RSB on context switch
[    0.307384] Spectre V2 : Spectre v2 / PBRSB-eIBRS: Retire a single CALL on VMEXIT
[    0.308246] Spectre V2 : mitigation: Enabling conditional Indirect Branch Prediction Barrier
[    0.309904] Speculative Store Bypass: Mitigation: Speculative Store Bypass disabled via prctl
[    0.310847] MMIO Stale Data: Unknown: No mitigations
[    0.448357] Freeing SMP alternatives memory: 56K
[    0.449274] smpboot: CPU0: Genuine Intel(R) 0000 (family: 0x6, model: 0xb7, stepping: 0x0)
[    0.449901] cblist_init_generic: Setting adjustable number of callback queues.
[    0.449901] cblist_init_generic: Setting shift to 1 and lim to 1.
[    0.449901] cblist_init_generic: Setting shift to 1 and lim to 1.
[    0.449901] cblist_init_generic: Setting shift to 1 and lim to 1.
[    0.449942] Performance Events: Alderlake Hybrid events, full-width counters, Intel PMU driver.
[    0.451396] core: cpu_core PMU driver: 
[    0.451835] ... version:                2
[    0.452291] ... bit width:              48
[    0.452760] ... generic registers:      6
[    0.453182] ... value mask:             0000ffffffffffff
[    0.453764] ... max period:             00007fffffffffff
[    0.453906] ... fixed-purpose events:   3
[    0.454346] ... event mask:             0001000f0000003f
[    0.455050] rcu: Hierarchical SRCU implementation.
[    0.455584] rcu: 	Max phase no-delay instances is 1000.
[    0.458952] unchecked MSR access error: WRMSR to 0x38f (tried to write 0x0001000f0000003f) at rIP: 0xffffffff810c30ac (native_write_msr+0xc/0x30)
[    0.460398] Call Trace:
[    0.460674]  <TASK>
[    0.460919]  __intel_pmu_enable_all.constprop.46+0xb5/0x140
[    0.461555]  intel_pmu_enable_all+0x1e/0x30
[    0.461901]  x86_pmu_enable+0x46d/0x5a0
[    0.461901]  ? write_comp_data+0x2f/0x90
[    0.461901]  perf_pmu_enable+0x53/0x70
[    0.461901]  ctx_resched+0xab/0xf0
[    0.461901]  __perf_install_in_context+0x210/0x390
[    0.461901]  ? __sanitizer_cov_trace_pc+0x25/0x60
[    0.461901]  ? perf_duration_warn+0x50/0x50
[    0.461901]  remote_function+0x80/0xa0
[    0.461901]  ? perf_duration_warn+0x50/0x50
[    0.461901]  generic_exec_single+0xea/0x150
[    0.461901]  ? perf_duration_warn+0x50/0x50
[    0.461901]  smp_call_function_single+0x11c/0x240
[    0.461901]  ? perf_duration_warn+0x50/0x50
[    0.461901]  ? __sanitizer_cov_trace_pc+0x25/0x60
[    0.461901]  ? write_comp_data+0x2f/0x90
[    0.461901]  perf_install_in_context+0x292/0x2c0
[    0.461901]  ? ctx_resched+0xf0/0xf0
[    0.461901]  perf_event_create_kernel_counter+0x168/0x200
[    0.461901]  ? find_next_bit+0x30/0x30
[    0.461901]  hardlockup_detector_event_create+0x46/0xd0
[    0.461901]  hardlockup_detector_perf_init+0x18/0x66
[    0.461901]  watchdog_nmi_probe+0x17/0x1d
[    0.461901]  lockup_detector_init+0x40/0xad
[    0.461901]  kernel_init_freeable+0x1b0/0x37a
[    0.461901]  ? rest_init+0xe0/0xe0
[    0.461901]  kernel_init+0x24/0x1e0
[    0.461901]  ? rest_init+0xe0/0xe0
[    0.461901]  ret_from_fork+0x1f/0x30
[    0.461901]  </TASK>
[    0.462072] smp: Bringing up secondary CPUs ...
[    0.462839] x86: Booting SMP configuration:
[    0.463302] .... node  #0, CPUs:      #1
[    0.464159] smp: Brought up 1 node, 2 CPUs
[    0.464159] smpboot: Max logical packages: 1
[    0.464159] smpboot: Total of 2 processors activated (3225.60 BogoMIPS)
[    0.469919] devtmpfs: initialized
[    0.470492] x86/mm: Memory block size: 128MB
[    0.472415] clocksource: jiffies: mask: 0xffffffff max_cycles: 0xffffffff, max_idle_ns: 7645041785100000 ns
[    0.473920] futex hash table entries: 512 (order: 3, 32768 bytes, linear)
[    0.474835] pinctrl core: initialized pinctrl subsystem
[    0.475795] 
[    0.475975] *************************************************************
[    0.476708] **     NOTICE NOTICE NOTICE NOTICE NOTICE NOTICE NOTICE    **
[    0.477450] **                                                         **
[    0.477907] **  IOMMU DebugFS SUPPORT HAS BEEN ENABLED IN THIS KERNEL  **
[    0.478645] **                                                         **
[    0.479378] ** This means that this kernel is built to expose internal **
[    0.480111] ** IOMMU data structures, which may compromise security on **
[    0.480844] ** your system.                                            **
[    0.481592] **                                                         **
[    0.481906] ** If you see this message and you are not debugging the   **
[    0.482641] ** kernel, report this immediately to your vendor!         **
[    0.483378] **                                                         **
[    0.484114] **     NOTICE NOTICE NOTICE NOTICE NOTICE NOTICE NOTICE    **
[    0.484855] *************************************************************
[    0.485657] PM: RTC time: 10:48:28, date: 2022-11-25
[    0.491144] NET: Registered PF_NETLINK/PF_ROUTE protocol family
[    0.492426] DMA: preallocated 256 KiB GFP_KERNEL pool for atomic allocations
[    0.493202] DMA: preallocated 256 KiB GFP_KERNEL|GFP_DMA pool for atomic allocations
[    0.493916] DMA: preallocated 256 KiB GFP_KERNEL|GFP_DMA32 pool for atomic allocations
[    0.494835] audit: initializing netlink subsys (disabled)
[    0.495532] audit: type=2000 audit(1669373308.390:1): state=initialized audit_enabled=0 res=1
[    0.495532] thermal_sys: Registered thermal governor 'fair_share'
[    0.495990] thermal_sys: Registered thermal governor 'bang_bang'
[    0.497907] thermal_sys: Registered thermal governor 'step_wise'
[    0.498559] thermal_sys: Registered thermal governor 'user_space'
[    0.499237] cpuidle: using governor ladder
[    0.500350] cpuidle: using governor menu
[    0.501142] acpiphp: ACPI Hot Plug PCI Controller Driver version: 0.5
[    0.502185] PCI: Using configuration type 1 for base access
[    0.514529] kprobes: kprobe jump-optimization is enabled. All kprobes are optimized if possible.
[    0.837944] HugeTLB: registered 1.00 GiB page size, pre-allocated 0 pages
[    0.838809] HugeTLB: 16380 KiB vmemmap can be freed for a 1.00 GiB page
[    0.839584] HugeTLB: registered 2.00 MiB page size, pre-allocated 0 pages
[    0.840365] HugeTLB: 28 KiB vmemmap can be freed for a 2.00 MiB page
[    0.842554] ACPI: Added _OSI(Module Device)
[    0.843109] ACPI: Added _OSI(Processor Device)
[    0.843643] ACPI: Added _OSI(3.0 _SCP Extensions)
[    0.844217] ACPI: Added _OSI(Processor Aggregator Device)
[    0.851824] ACPI: 1 ACPI AML tables successfully acquired and loaded
[    0.856256] ACPI: Interpreter enabled
[    0.856811] ACPI: PM: (supports S0 S3 S4 S5)
[    0.857336] ACPI: Using IOAPIC for interrupt routing
[    0.857955] PCI: Using host bridge windows from ACPI; if necessary, use "pci=nocrs" and report a bug
[    0.859039] PCI: Using E820 reservations for host bridge windows
[    0.860509] ACPI: Enabled 2 GPEs in block 00 to 0F
[    0.877808] ACPI: PCI Root Bridge [PCI0] (domain 0000 [bus 00-ff])
[    0.877929] acpi PNP0A03:00: _OSC: OS supports [ASPM ClockPM Segments MSI EDR HPX-Type3]
[    0.878916] acpi PNP0A03:00: _OSC: not requesting OS control; OS requires [ExtendedConfig ASPM ClockPM MSI]
[    0.880122] acpi PNP0A03:00: fail to add MMCONFIG information, can't access extended PCI configuration space under this bridge.
[    0.883625] acpiphp: Slot [3] registered
[    0.884190] acpiphp: Slot [4] registered
[    0.884737] acpiphp: Slot [5] registered
[    0.885302] acpiphp: Slot [6] registered
[    0.885847] acpiphp: Slot [7] registered
[    0.885990] acpiphp: Slot [8] registered
[    0.886538] acpiphp: Slot [9] registered
[    0.887101] acpiphp: Slot [10] registered
[    0.887658] acpiphp: Slot [11] registered
[    0.888216] acpiphp: Slot [12] registered
[    0.888780] acpiphp: Slot [13] registered
[    0.889341] acpiphp: Slot [14] registered
[    0.889908] acpiphp: Slot [15] registered
[    0.890492] acpiphp: Slot [16] registered
[    0.891050] acpiphp: Slot [17] registered
[    0.891612] acpiphp: Slot [18] registered
[    0.892168] acpiphp: Slot [19] registered
[    0.892734] acpiphp: Slot [20] registered
[    0.893292] acpiphp: Slot [21] registered
[    0.893850] acpiphp: Slot [22] registered
[    0.893997] acpiphp: Slot [23] registered
[    0.894556] acpiphp: Slot [24] registered
[    0.895115] acpiphp: Slot [25] registered
[    0.895681] acpiphp: Slot [26] registered
[    0.896244] acpiphp: Slot [27] registered
[    0.896795] acpiphp: Slot [28] registered
[    0.897359] acpiphp: Slot [29] registered
[    0.897918] acpiphp: Slot [30] registered
[    0.898478] acpiphp: Slot [31] registered
[    0.898985] PCI host bridge to bus 0000:00
[    0.899488] pci_bus 0000:00: root bus resource [io  0x0000-0x0cf7 window]
[    0.900316] pci_bus 0000:00: root bus resource [io  0x0d00-0xffff window]
[    0.901135] pci_bus 0000:00: root bus resource [mem 0x000a0000-0x000bffff window]
[    0.901908] pci_bus 0000:00: root bus resource [mem 0x80000000-0xfebfffff window]
[    0.902809] pci_bus 0000:00: root bus resource [mem 0x100000000-0x17fffffff window]
[    0.903969] pci_bus 0000:00: root bus resource [bus 00-ff]
[    0.904768] pci 0000:00:00.0: [8086:1237] type 00 class 0x060000
[    0.908827] pci 0000:00:01.0: [8086:7000] type 00 class 0x060100
[    0.910338] pci 0000:00:01.1: [8086:7010] type 00 class 0x010180
[    0.912809] pci 0000:00:01.1: reg 0x20: [io  0xc040-0xc04f]
[    0.914462] pci 0000:00:01.1: legacy IDE quirk: reg 0x10: [io  0x01f0-0x01f7]
[    0.915333] pci 0000:00:01.1: legacy IDE quirk: reg 0x14: [io  0x03f6]
[    0.916130] pci 0000:00:01.1: legacy IDE quirk: reg 0x18: [io  0x0170-0x0177]
[    0.916970] pci 0000:00:01.1: legacy IDE quirk: reg 0x1c: [io  0x0376]
[    0.918078] pci 0000:00:01.3: [8086:7113] type 00 class 0x068000
[    0.919182] pci 0000:00:01.3: quirk: [io  0x0600-0x063f] claimed by PIIX4 ACPI
[    0.920051] pci 0000:00:01.3: quirk: [io  0x0700-0x070f] claimed by PIIX4 SMB
[    0.921176] pci 0000:00:02.0: [1234:1111] type 00 class 0x030000
[    0.925405] pci 0000:00:02.0: reg 0x10: [mem 0xfd000000-0xfdffffff pref]
[    0.929015] pci 0000:00:02.0: reg 0x18: [mem 0xfebf0000-0xfebf0fff]
[    0.935879] pci 0000:00:02.0: reg 0x30: [mem 0xfebe0000-0xfebeffff pref]
[    0.937759] pci 0000:00:02.0: Video device with shadowed ROM at [mem 0x000c0000-0x000dffff]
[    0.943098] pci 0000:00:03.0: [8086:100e] type 00 class 0x020000
[    0.945854] pci 0000:00:03.0: reg 0x10: [mem 0xfebc0000-0xfebdffff]
[    0.947056] pci 0000:00:03.0: reg 0x14: [io  0xc000-0xc03f]
[    0.953920] pci 0000:00:03.0: reg 0x30: [mem 0xfeb80000-0xfebbffff pref]
[    0.971035] ACPI: PCI: Interrupt link LNKA configured for IRQ 10
[    0.972295] ACPI: PCI: Interrupt link LNKB configured for IRQ 10
[    0.973411] ACPI: PCI: Interrupt link LNKC configured for IRQ 11
[    0.974318] ACPI: PCI: Interrupt link LNKD configured for IRQ 11
[    0.975240] ACPI: PCI: Interrupt link LNKS configured for IRQ 9
[    0.977232] iommu: Default domain type: Translated 
[    0.977852] iommu: DMA domain TLB invalidation policy: lazy mode 
[    0.978646] SCSI subsystem initialized
[    0.979318] ACPI: bus type USB registered
[    0.979859] usbcore: registered new interface driver usbfs
[    0.980542] usbcore: registered new interface driver hub
[    0.981204] usbcore: registered new device driver usb
[    0.981914] pps_core: LinuxPPS API ver. 1 registered
[    0.982472] pps_core: Software ver. 5.3.6 - Copyright 2005-2007 Rodolfo Giometti <giometti@linux.it>
[    0.983545] PTP clock support registered
[    0.984163] EDAC MC: Ver: 3.0.0
[    0.985651] NetLabel: Initializing
[    0.985909] NetLabel:  domain hash size = 128
[    0.986433] NetLabel:  protocols = UNLABELED CIPSOv4 CALIPSO
[    0.987156] NetLabel:  unlabeled traffic allowed by default
[    0.987990] PCI: Using ACPI for IRQ routing
[    0.988715] pci 0000:00:02.0: vgaarb: setting as boot VGA device
[    0.989447] pci 0000:00:02.0: vgaarb: bridge control possible
[    0.989901] pci 0000:00:02.0: vgaarb: VGA device added: decodes=io+mem,owns=io+mem,locks=none
[    0.989911] vgaarb: loaded
[    0.990678] hpet0: at MMIO 0xfed00000, IRQs 2, 8, 0
[    0.991288] hpet0: 3 comparators, 64-bit 100.000000 MHz counter
[    4.912633] clocksource: Switched to clocksource kvm-clock
[    4.913802] VFS: Disk quotas dquot_6.6.0
[    4.913901] VFS: Dquot-cache hash table entries: 512 (order 0, 4096 bytes)
[    4.913901] pnp: PnP ACPI init
[    4.915371] pnp: PnP ACPI: found 6 devices
[    4.925662] clocksource: acpi_pm: mask: 0xffffff max_cycles: 0xffffff, max_idle_ns: 2085701024 ns
[    4.927293] NET: Registered PF_INET protocol family
[    4.928197] IP idents hash table entries: 32768 (order: 6, 262144 bytes, linear)
[    4.938554] tcp_listen_portaddr_hash hash table entries: 1024 (order: 2, 16384 bytes, linear)
[    4.939652] Table-perturb hash table entries: 65536 (order: 6, 262144 bytes, linear)
[    4.940534] TCP established hash table entries: 16384 (order: 5, 131072 bytes, linear)
[    4.948437] TCP bind hash table entries: 16384 (order: 7, 524288 bytes, linear)
[    4.949471] TCP: Hash tables configured (established 16384 bind 16384)
[    4.950349] UDP hash table entries: 1024 (order: 3, 32768 bytes, linear)
[    4.951145] UDP-Lite hash table entries: 1024 (order: 3, 32768 bytes, linear)
[    4.952136] NET: Registered PF_UNIX/PF_LOCAL protocol family
[    4.989990] RPC: Registered named UNIX socket transport module.
[    4.990762] RPC: Registered udp transport module.
[    4.991323] RPC: Registered tcp transport module.
[    4.991890] RPC: Registered tcp NFSv4.1 backchannel transport module.
[    4.992680] pci_bus 0000:00: resource 4 [io  0x0000-0x0cf7 window]
[    4.993425] pci_bus 0000:00: resource 5 [io  0x0d00-0xffff window]
[    4.994191] pci_bus 0000:00: resource 6 [mem 0x000a0000-0x000bffff window]
[    4.995015] pci_bus 0000:00: resource 7 [mem 0x80000000-0xfebfffff window]
[    4.995845] pci_bus 0000:00: resource 8 [mem 0x100000000-0x17fffffff window]
[    4.996973] pci 0000:00:01.0: PIIX3: Enabling Passive Release
[    4.997680] pci 0000:00:00.0: Limiting direct PCI/PCI transfers
[    4.998542] PCI: CLS 0 bytes, default 64
[    4.999381] clocksource: tsc: mask: 0xffffffffffffffff max_cycles: 0xb9fb05486c, max_idle_ns: 440795231721 ns
[    5.098625] Initialise system trusted keyrings
[    5.100055] Key type blacklist registered
[    5.100892] workingset: timestamp_bits=36 max_order=19 bucket_order=0
[    5.108756] zbud: loaded
[    5.111744] squashfs: version 4.0 (2009/01/31) Phillip Lougher
[    5.114042] NFS: Registering the id_resolver key type
[    5.114744] Key type id_resolver registered
[    5.115249] Key type id_legacy registered
[    5.115852] nfs4filelayout_init: NFSv4 File Layout Driver Registering...
[    5.116656] nfs4flexfilelayout_init: NFSv4 Flexfile Layout Driver Registering...
[    5.117650] fuse: init (API version 7.37)
[    5.118369] SGI XFS with ACLs, security attributes, realtime, quota, no debug enabled
[    5.120713] 9p: Installing v9fs 9p2000 file system support
[    5.130776] Key type asymmetric registered
[    5.131295] Asymmetric key parser 'x509' registered
[    5.133726] alg: self-tests for CTR-KDF (hmac(sha256)) passed
[    5.134565] Block layer SCSI generic (bsg) driver version 0.4 loaded (major 243)
[    5.135531] io scheduler mq-deadline registered
[    5.136121] io scheduler bfq registered
[    5.137609] shpchp: Standard Hot Plug PCI Controller Driver version: 0.4
[    5.138622] IPMI message handler: version 39.2
[    5.139155] ipmi device interface
[    5.140993] input: Power Button as /devices/LNXSYSTM:00/LNXPWRBN:00/input/input0
[    5.141975] ACPI: button: Power Button [PWRF]
[    5.143380] ERST DBG: ERST support is disabled.
[    5.144475] Serial: 8250/16550 driver, 32 ports, IRQ sharing enabled
[    5.145897] 00:04: ttyS0 at I/O 0x3f8 (irq = 4, base_baud = 115200) is a 16550A
[    5.153280] Linux agpgart interface v0.103
[    5.154362] ACPI: bus type drm_connector registered
[    5.166485] brd: module loaded
[    5.175335] loop: module loaded
[    5.180253] scsi host0: ata_piix
[    5.181238] scsi host1: ata_piix
[    5.181745] ata1: PATA max MWDMA2 cmd 0x1f0 ctl 0x3f6 bmdma 0xc040 irq 14
[    5.182552] ata2: PATA max MWDMA2 cmd 0x170 ctl 0x376 bmdma 0xc048 irq 15
[    5.185224] tun: Universal TUN/TAP device driver, 1.6
[    5.186753] e100: Intel(R) PRO/100 Network Driver
[    5.187823] e100: Copyright(c) 1999-2006 Intel Corporation
[    5.189171] e1000: Intel(R) PRO/1000 Network Driver
[    5.190328] e1000: Copyright (c) 1999-2006 Intel Corporation.
[    5.341992] ACPI: \_SB_.LNKC: Enabled at IRQ 11
[    5.342612] ata1: found unknown device (class 0)
[    5.344934] ata2: found unknown device (class 0)
[    5.346506] ata1.00: ATA-7: QEMU HARDDISK, 2.5+, max UDMA/100
[    5.347952] ata1.00: 16777216 sectors, multi 16: LBA48 
[    5.349514] ata2.00: ATAPI: QEMU DVD-ROM, 2.5+, max UDMA/100
[    5.351760] scsi 0:0:0:0: Direct-Access     ATA      QEMU HARDDISK    2.5+ PQ: 0 ANSI: 5
[    5.354518] sd 0:0:0:0: Attached scsi generic sg0 type 0
[    5.354827] sd 0:0:0:0: [sda] 16777216 512-byte logical blocks: (8.59 GB/8.00 GiB)
[    5.356947] sd 0:0:0:0: [sda] Write Protect is off
[    5.356967] scsi 1:0:0:0: CD-ROM            QEMU     QEMU DVD-ROM     2.5+ PQ: 0 ANSI: 5
[    5.359397] sd 0:0:0:0: [sda] Write cache: enabled, read cache: enabled, doesn't support DPO or FUA
[    5.360770] sd 0:0:0:0: [sda] Preferred minimum I/O size 512 bytes
[    5.388768] sd 0:0:0:0: [sda] Attached SCSI disk
[    5.394836] scsi 1:0:0:0: Attached scsi generic sg1 type 5
[    5.677743] e1000 0000:00:03.0 eth0: (PCI:33MHz:32-bit) 52:54:00:12:34:56
[    5.678525] e1000 0000:00:03.0 eth0: Intel(R) PRO/1000 Network Connection
[    5.679359] e1000e: Intel(R) PRO/1000 Network Driver
[    5.679899] e1000e: Copyright(c) 1999 - 2015 Intel Corporation.
[    5.680593] igb: Intel(R) Gigabit Ethernet Network Driver
[    5.681180] igb: Copyright (c) 2007-2014 Intel Corporation.
[    5.681898] PPP generic driver version 2.4.2
[    5.682908] VFIO - User Level meta-driver version: 0.3
[    5.684006] usbcore: registered new interface driver uas
[    5.685213] usbcore: registered new interface driver usb-storage
[    5.686667] i8042: PNP: PS/2 Controller [PNP0303:KBD,PNP0f13:MOU] at 0x60,0x64 irq 1,12
[    5.689072] serio: i8042 KBD port at 0x60,0x64 irq 1
[    5.689630] serio: i8042 AUX port at 0x60,0x64 irq 12
[    5.690889] mousedev: PS/2 mouse device common for all mice
[    5.692746] input: AT Translated Set 2 keyboard as /devices/platform/i8042/serio0/input/input1
[    5.694360] rtc_cmos 00:05: registered as rtc0
[    5.694528] input: VirtualPS/2 VMware VMMouse as /devices/platform/i8042/serio1/input/input4
[    5.695666] rtc_cmos 00:05: setting system clock to 2022-11-25T10:48:33 UTC (1669373313)
[    5.697051] input: VirtualPS/2 VMware VMMouse as /devices/platform/i8042/serio1/input/input3
[    5.699391] rtc_cmos 00:05: alarms up to one day, 242 bytes nvram, hpet irqs
[    5.701045] rtc_cmos 00:05: RTC can wake from S4
[    5.702372] i2c_dev: i2c /dev entries driver
[    5.703417] device-mapper: core: CONFIG_IMA_DISABLE_HTABLE is disabled. Duplicate IMA measurements will not be recorded in the IMA log.
[    5.706311] device-mapper: uevent: version 1.0.3
[    5.707810] device-mapper: ioctl: 4.47.0-ioctl (2022-07-28) initialised: dm-devel@redhat.com
[    5.709795] intel_pstate: CPU model not supported
[    5.711031] sdhci: Secure Digital Host Controller Interface driver
[    5.712431] sdhci: Copyright(c) Pierre Ossman
[    5.713616] sdhci-pltfm: SDHCI platform and OF driver helper
[    5.715019] ledtrig-cpu: registered to indicate activity on CPUs
[    5.716872] drop_monitor: Initializing network drop monitor service
[    5.719214] NET: Registered PF_INET6 protocol family
[    5.723021] Segment Routing with IPv6
[    5.723504] In-situ OAM (IOAM) with IPv6
[    5.724046] NET: Registered PF_PACKET protocol family
[    5.725075] 9pnet: Installing 9P2000 support
[    5.726193] Key type dns_resolver registered
[    5.728524] IPI shorthand broadcast: enabled
[    5.729590] sched_clock: Marking stable (5713215078, 14880943)->(5771610541, -43514520)
[    5.732188] registered taskstats version 1
[    5.733227] Loading compiled-in X.509 certificates
[    5.734941] zswap: loaded using pool lzo/zbud
[    5.738522] Key type .fscrypt registered
[    5.739048] Key type fscrypt-provisioning registered
[    5.741126] Key type encrypted registered
[    5.742136] ima: No TPM chip found, activating TPM-bypass!
[    5.743345] ima: Allocated hash algorithm: sha1
[    5.744372] ima: No architecture policies found
[    5.745420] evm: Initialising EVM extended attributes:
[    5.746575] evm: security.selinux
[    5.747316] evm: security.SMACK64
[    5.748068] evm: security.SMACK64EXEC
[    5.748882] evm: security.SMACK64TRANSMUTE
[    5.749801] evm: security.SMACK64MMAP
[    5.750644] evm: security.apparmor
[    5.751400] evm: security.ima
[    5.752073] evm: security.capability
[    5.752864] evm: HMAC attrs: 0x1
[    5.760240] PM:   Magic number: 14:756:831
[    5.760813] scsi target0:0:0: hash matches
[    5.761763] RAS: Correctable Errors collector initialized.
[    5.762879] md: Waiting for all devices to be available before autodetect
[    5.763424] md: If you don't use raid, use raid=noautodetect
[    5.763956] md: Autodetecting RAID arrays.
[    5.764286] md: autorun ...
[    5.764516] md: ... autorun DONE.
[    5.769562] EXT4-fs (sda): INFO: recovery required on readonly filesystem
[    5.770203] EXT4-fs (sda): write access will be enabled during recovery
[    5.944763] EXT4-fs (sda): recovery complete
[    5.946764] EXT4-fs (sda): mounted filesystem with ordered data mode. Quota mode: none.
[    5.947443] VFS: Mounted root (ext4 filesystem) readonly on device 8:0.
[    5.948418] devtmpfs: mounted
[    5.959040] Freeing unused decrypted memory: 2036K
[    5.962067] Freeing unused kernel image (initmem) memory: 3628K
[    5.962574] Write protecting the kernel read-only data: 38912k
[    5.964420] Freeing unused kernel image (rodata/data gap) memory: 668K
[    6.107844] x86/mm: Checked W+X mappings: passed, no W+X pages found.
[    6.108374] Run /sbin/init as init process
[    6.220997] systemd[1]: RTC configured in localtime, applying delta of 0 minutes to system time.
[    6.247486] systemd[1]: systemd 239 (239-49.el8) running in system mode. (+PAM +AUDIT +SELINUX +IMA -APPARMOR +SMACK +SYSVINIT +UTMP +LIBCRYPTSETUP +GCRYPT +GNUTLS +ACL +XZ +LZ4 +SECCOMP +BLKID +ELFUTILS +KMOD +IDN2 -IDN +PCRE2 default-hierarchy=legacy)
[    6.249364] systemd[1]: Detected virtualization kvm.
[    6.249772] systemd[1]: Detected architecture x86-64.

Welcome to [0;31mCentOS Stream 8[0m!

[    6.305723] systemd[1]: Set hostname to <test>.
[    7.285920] random: crng init done
[    7.408838] systemd[1]: Listening on Journal Socket.
[[0;32m  OK  [0m] Listening on Journal Socket.
[    7.442474] systemd[1]: Starting Remount Root and Kernel File Systems...
         Starting Remount Root and Kernel File Systems...
[    7.449949] systemd[1]: Starting Load Kernel Modules...
         Starting Load Kernel Modules...
[    7.462439] systemd[1]: Mounting POSIX Message Queue File System...
         Mounting POSIX Message Queue File System...
[    7.464095] systemd[1]: Listening on udev Control Socket.
[[0;32m  OK  [0m] Listening on udev Control Socket.
[    7.465304] systemd[1]: Listening on Device-mapper event daemon FIFOs.
[[0;32m  OK  [0m] Listening on Device-mapper event daemon FIFOs.
[[0;32m  OK  [0m] Reached target Swap.
[[0;32m  OK  [0m] Created slice system-sshd\x2dkeygen.slice.
[[0;32m  OK  [0m] Listening on udev Kernel Socket.
         Starting udev Coldplug all Devices...
[[0;32m  OK  [0m] Listening on initctl Compatibility Named Pipe.
         Mounting Kernel Debug File System...
[[0;32m  OK  [0m] Created slice system-getty.slice.
[[0;32m  OK  [0m] Started Forward Password Requests to Wall Directory Watch.
[[0;32m  OK  [0m] Set up automount Arbitrary Executabâ€¦rmats File System Automount Point.
[[0;32m  OK  [0m] Listening on Journal Socket (/dev/log).
         Starting Journal Service...
         Starting Monitoring of LVM2 mirrorsâ€¦ng dmeventd or progress polling...
[[0;32m  OK  [0m] Listening on Process Core Dump Socket.
[[0;32m  OK  [0m] Listening on LVM2 poll daemon socket.
         Mounting Huge Pages File System...
[[0;32m  OK  [0m] Listening on RPCbind Server Activation Socket.
[[0;32m  OK  [0m] Reached target RPC Port Mapper.
[[0;32m  OK  [0m] Created slice system-serial\x2dgetty.slice.
[[0;32m  OK  [0m] Created slice User and Session Slice.
[[0;32m  OK  [0m] Reached target Slices.
[[0;32m  OK  [0m] Listening on multipathd control socket.
[    7.650791] EXT4-fs (sda): re-mounted. Quota mode: none.
         Starting Setup Virtual Console...
[[0;32m  OK  [0m] Started Remount Root and Kernel File Systems.
[[0;1;31mFAILED[0m] Failed to start Load Kernel Modules.
See 'systemctl status systemd-modules-load.service' for details.
[[0;32m  OK  [0m] Mounted POSIX Message Queue File System.
[[0;32m  OK  [0m] Mounted Kernel Debug File System.
[[0;32m  OK  [0m] Mounted Huge Pages File System.
         Mounting FUSE Control File System...
         Mounting Kernel Configuration File System...
         Starting Apply Kernel Variables...
         Starting Load/Save Random Seed...
         Starting Create Static Device Nodes in /dev...
[[0;32m  OK  [0m] Started Journal Service.
[[0;32m  OK  [0m] Mounted FUSE Control File System.
[[0;32m  OK  [0m] Mounted Kernel Configuration File System.
[[0;32m  OK  [0m] Started Apply Kernel Variables.
[[0;32m  OK  [0m] Started Load/Save Random Seed.
[[0;32m  OK  [0m] Started Create Static Device Nodes in /dev.
         Starting udev Kernel Device Manager...
         Starting Flush Journal to Persistent Storage...
[[0;32m  OK  [0m] Started Flush Journal to Persistent Storage.
[[0;32m  OK  [0m] Started udev Coldplug all Devices.
         Starting udev Wait for Complete Device Initialization...
[[0;32m  OK  [0m] Started udev Kernel Device Manager.
[[0;32m  OK  [0m] Started Setup Virtual Console.
         Starting Show Plymouth Boot Screen...
[[0;32m  OK  [0m] Started Show Plymouth Boot Screen.
[[0;32m  OK  [0m] Started Forward Password Requests to Plymouth Directory Watch.
[[0;32m  OK  [0m] Reached target Paths.
[[0;32m  OK  [0m] Reached target Local Encrypted Volumes.
[[0;32m  OK  [0m] Found device /dev/ttyS0.
[[0;32m  OK  [0m] Started Monitoring of LVM2 mirrors,â€¦sing dmeventd or progress polling.
[[0;32m  OK  [0m] Listening on Load/Save RF Kill Switch Status /dev/rfkill Watch.
[[0;32m  OK  [0m] Started udev Wait for Complete Device Initialization.
[[0;32m  OK  [0m] Reached target Local File Systems (Pre).
[[0;32m  OK  [0m] Reached target Local File Systems.
         Starting Tell Plymouth To Write Out Runtime Data...
         Starting Restore /run/initramfs on shutdown...
         Starting Create Volatile Files and Directories...
[[0;32m  OK  [0m] Started Tell Plymouth To Write Out Runtime Data.
[[0;32m  OK  [0m] Started Restore /run/initramfs on shutdown.
[[0;32m  OK  [0m] Started Create Volatile Files and Directories.
         Starting RPC Bind...
         Mounting RPC Pipe File System...
         Starting Security Auditing Service...
[[0;32m  OK  [0m] Mounted RPC Pipe File System.
[[0;32m  OK  [0m] Reached target rpc_pipefs.target.
[[0;32m  OK  [0m] Started RPC Bind.
[[0;32m  OK  [0m] Started Security Auditing Service.
         Starting Update UTMP about System Boot/Shutdown...
[[0;32m  OK  [0m] Started Update UTMP about System Boot/Shutdown.
[[0;32m  OK  [0m] Reached target System Initialization.
[[0;32m  OK  [0m] Started dnf makecache --timer.
[[0;32m  OK  [0m] Listening on SSSD Kerberos Cache Manager responder socket.
[[0;32m  OK  [0m] Started Daily Cleanup of Temporary Directories.
[[0;32m  OK  [0m] Listening on D-Bus System Message Bus Socket.
[[0;32m  OK  [0m] Reached target Sockets.
[[0;32m  OK  [0m] Reached target Basic System.
         Starting Login Service...
         Starting Authorization Manager...
         Starting NTP client/server...
[[0;32m  OK  [0m] Started daily update of the root trust anchor for DNSSEC.
[[0;32m  OK  [0m] Reached target Timers.
[[0;32m  OK  [0m] Started Machine Check Exception Logging Daemon.
[[0;32m  OK  [0m] Started irqbalance daemon.
         Starting Self Monitoring and Reporting Technology (SMART) Daemon...
         Starting Auto-connect to subsystemsâ€¦-NVME devices found during boot...
[[0;32m  OK  [0m] Started D-Bus System Message Bus.
         Starting Network Manager...
[[0;32m  OK  [0m] Reached target sshd-keygen.target.
[[0;32m  OK  [0m] Started Auto-connect to subsystems â€¦FC-NVME devices found during boot.
[[0;32m  OK  [0m] Started Login Service.
[[0;32m  OK  [0m] Started Self Monitoring and Reporting Technology (SMART) Daemon.
[[0;32m  OK  [0m] Started Network Manager.
         Starting Network Manager Wait Online...
[[0;32m  OK  [0m] Reached target Network.
         Starting GSSAPI Proxy Daemon...
         Starting Dynamic System Tuning Daemon...
         Starting OpenSSH server daemon...
[[0;32m  OK  [0m] Started NTP client/server.
[[0;32m  OK  [0m] Started Authorization Manager.
         Starting Hostname Service...
[[0;32m  OK  [0m] Started GSSAPI Proxy Daemon.
[[0;32m  OK  [0m] Reached target NFS client services.
[[0;32m  OK  [0m] Reached target Remote File Systems (Pre).
[[0;32m  OK  [0m] Reached target Remote File Systems.
         Starting Permit User Sessions...
[[0;32m  OK  [0m] Started OpenSSH server daemon.
[[0;32m  OK  [0m] Started Permit User Sessions.
         Starting Hold until boot process finishes up...
         Starting Terminate Plymouth Boot Screen...
[[0;32m  OK  [0m] Started Command Scheduler.
[    9.771331] e1000: eth0 NIC Link is Up 1000 Mbps Full Duplex, Flow Control: RX
[    9.772445] IPv6: ADDRCONF(NETDEV_CHANGE): eth0: link becomes ready
[   10.137502] Spectre V2 : WARNING: Unprivileged eBPF is enabled with eIBRS on, data leaks possible via Spectre v2 BHB attacks!
[   10.138920] Spectre V2 : WARNING: Unprivileged eBPF is enabled with eIBRS on, data leaks possible via Spectre v2 BHB attacks!

CentOS Stream 8
Kernel 6.1.0-rc1-e57ef2ed97c1+ on an x86_64

test login: 