c[?7l[2J[0mSeaBIOS (version rel-1.16.0-0-gd239552ce722-prebuilt.qemu.org)


iPXE (http://ipxe.org) 00:03.0 CA00 PCI2.10 PnP PMM+7FF91000+7FEF1000 CA00
Press Ctrl-B to configure iPXE (PCI 00:03.0)...                                                                               


Booting from ROM..c[?7l[2J[    0.000000] Linux version 6.2.0-rc1-9aedeaed6fc6+ (root@p-adls01) (gcc (GCC) 8.5.0 20210514 (Red Hat 8.5.0-18), GNU ld version 2.36.1-2.el8) #1 SMP PREEMPT_DYNAMIC Wed Feb 22 11:47:45 CST 2023
[    0.000000] Command line: console=ttyS0 root=/dev/sda earlyprintk=serial net.ifnames=0
[    0.000000] KERNEL supported cpus:
[    0.000000]   Intel GenuineIntel
[    0.000000]   AMD AuthenticAMD
[    0.000000]   Hygon HygonGenuine
[    0.000000]   Centaur CentaurHauls
[    0.000000]   zhaoxin   Shanghai  
[    0.000000] x86/fpu: Supporting XSAVE feature 0x001: 'x87 floating point registers'
[    0.000000] x86/fpu: Supporting XSAVE feature 0x002: 'SSE registers'
[    0.000000] x86/fpu: Supporting XSAVE feature 0x004: 'AVX registers'
[    0.000000] x86/fpu: Supporting XSAVE feature 0x200: 'Protection Keys User registers'
[    0.000000] x86/fpu: xstate_offset[2]:  576, xstate_sizes[2]:  256
[    0.000000] x86/fpu: xstate_offset[9]:  832, xstate_sizes[9]:    8
[    0.000000] x86/fpu: Enabled xstate features 0x207, context size is 840 bytes, using 'compacted' format.
[    0.000000] signal: max sigframe size: 3632
[    0.000000] BIOS-provided physical RAM map:
[    0.000000] BIOS-e820: [mem 0x0000000000000000-0x000000000009fbff] usable
[    0.000000] BIOS-e820: [mem 0x000000000009fc00-0x000000000009ffff] reserved
[    0.000000] BIOS-e820: [mem 0x00000000000f0000-0x00000000000fffff] reserved
[    0.000000] BIOS-e820: [mem 0x0000000000100000-0x000000007ffdffff] usable
[    0.000000] BIOS-e820: [mem 0x000000007ffe0000-0x000000007fffffff] reserved
[    0.000000] BIOS-e820: [mem 0x00000000feffc000-0x00000000feffffff] reserved
[    0.000000] BIOS-e820: [mem 0x00000000fffc0000-0x00000000ffffffff] reserved
[    0.000000] printk: bootconsole [earlyser0] enabled
[    0.000000] NX (Execute Disable) protection: active
[    0.000000] SMBIOS 2.8 present.
[    0.000000] DMI: QEMU Standard PC (i440FX + PIIX, 1996), BIOS rel-1.16.0-0-gd239552ce722-prebuilt.qemu.org 04/01/2014
[    0.000000] Hypervisor detected: KVM
[    0.000000] kvm-clock: Using msrs 4b564d01 and 4b564d00
[    0.000003] kvm-clock: using sched offset of 377603162 cycles
[    0.000308] clocksource: kvm-clock: mask: 0xffffffffffffffff max_cycles: 0x1cd42e4dffb, max_idle_ns: 881590591483 ns
[    0.001259] tsc: Detected 3609.600 MHz processor
[    0.008033] last_pfn = 0x7ffe0 max_arch_pfn = 0x400000000
[    0.008387] x86/PAT: Configuration [0-7]: WB  WC  UC- UC  WB  WP  UC- WT  
[    0.015807] found SMP MP-table at [mem 0x000f5ba0-0x000f5baf]
[    0.016242] Using GB pages for direct mapping
[    0.017520] ACPI: Early table checksum verification disabled
[    0.017901] ACPI: RSDP 0x00000000000F59C0 000014 (v00 BOCHS )
[    0.018254] ACPI: RSDT 0x000000007FFE1951 000034 (v01 BOCHS  BXPC     00000001 BXPC 00000001)
[    0.018775] ACPI: FACP 0x000000007FFE17FD 000074 (v01 BOCHS  BXPC     00000001 BXPC 00000001)
[    0.019305] ACPI: DSDT 0x000000007FFE0040 0017BD (v01 BOCHS  BXPC     00000001 BXPC 00000001)
[    0.019817] ACPI: FACS 0x000000007FFE0000 000040
[    0.020100] ACPI: APIC 0x000000007FFE1871 000080 (v01 BOCHS  BXPC     00000001 BXPC 00000001)
[    0.020610] ACPI: HPET 0x000000007FFE18F1 000038 (v01 BOCHS  BXPC     00000001 BXPC 00000001)
[    0.021120] ACPI: WAET 0x000000007FFE1929 000028 (v01 BOCHS  BXPC     00000001 BXPC 00000001)
[    0.021628] ACPI: Reserving FACP table memory at [mem 0x7ffe17fd-0x7ffe1870]
[    0.022039] ACPI: Reserving DSDT table memory at [mem 0x7ffe0040-0x7ffe17fc]
[    0.022455] ACPI: Reserving FACS table memory at [mem 0x7ffe0000-0x7ffe003f]
[    0.022868] ACPI: Reserving APIC table memory at [mem 0x7ffe1871-0x7ffe18f0]
[    0.023280] ACPI: Reserving HPET table memory at [mem 0x7ffe18f1-0x7ffe1928]
[    0.023689] ACPI: Reserving WAET table memory at [mem 0x7ffe1929-0x7ffe1950]
[    0.024622] No NUMA configuration found
[    0.024848] Faking a node at [mem 0x0000000000000000-0x000000007ffdffff]
[    0.025288] NODE_DATA(0) allocated [mem 0x7ffb5000-0x7ffdffff]
[    0.028347] Zone ranges:
[    0.028494]   DMA      [mem 0x0000000000001000-0x0000000000ffffff]
[    0.028858]   DMA32    [mem 0x0000000001000000-0x000000007ffdffff]
[    0.029221]   Normal   empty
[    0.029393]   Device   empty
[    0.029565] Movable zone start for each node
[    0.029813] Early memory node ranges
[    0.030022]   node   0: [mem 0x0000000000001000-0x000000000009efff]
[    0.030390]   node   0: [mem 0x0000000000100000-0x000000007ffdffff]
[    0.030758] Initmem setup node 0 [mem 0x0000000000001000-0x000000007ffdffff]
[    0.031479] On node 0, zone DMA: 1 pages in unavailable ranges
[    0.031585] On node 0, zone DMA: 97 pages in unavailable ranges
[    0.054848] On node 0, zone DMA32: 32 pages in unavailable ranges
[    0.055422] ACPI: PM-Timer IO Port: 0x608
[    0.056032] ACPI: LAPIC_NMI (acpi_id[0xff] dfl dfl lint[0x1])
[    0.056412] IOAPIC[0]: apic_id 0, version 17, address 0xfec00000, GSI 0-23
[    0.056831] ACPI: INT_SRC_OVR (bus 0 bus_irq 0 global_irq 2 dfl dfl)
[    0.057204] ACPI: INT_SRC_OVR (bus 0 bus_irq 5 global_irq 5 high level)
[    0.057591] ACPI: INT_SRC_OVR (bus 0 bus_irq 9 global_irq 9 high level)
[    0.057980] ACPI: INT_SRC_OVR (bus 0 bus_irq 10 global_irq 10 high level)
[    0.058377] ACPI: INT_SRC_OVR (bus 0 bus_irq 11 global_irq 11 high level)
[    0.058785] ACPI: Using ACPI (MADT) for SMP configuration information
[    0.059163] ACPI: HPET id: 0x8086a201 base: 0xfed00000
[    0.059477] TSC deadline timer available
[    0.059709] smpboot: Allowing 2 CPUs, 0 hotplug CPUs
[    0.060040] kvm-guest: KVM setup pv remote TLB flush
[    0.060330] kvm-guest: setup PV sched yield
[    0.060622] PM: hibernation: Registered nosave memory: [mem 0x00000000-0x00000fff]
[    0.061065] PM: hibernation: Registered nosave memory: [mem 0x0009f000-0x0009ffff]
[    0.061508] PM: hibernation: Registered nosave memory: [mem 0x000a0000-0x000effff]
[    0.061947] PM: hibernation: Registered nosave memory: [mem 0x000f0000-0x000fffff]
[    0.062389] [mem 0x80000000-0xfeffbfff] available for PCI devices
[    0.062745] Booting paravirtualized kernel on KVM
[    0.063032] clocksource: refined-jiffies: mask: 0xffffffff max_cycles: 0xffffffff, max_idle_ns: 7645519600211568 ns
[    0.063653] setup_percpu: NR_CPUS:8192 nr_cpumask_bits:2 nr_cpu_ids:2 nr_node_ids:1
[    0.065209] percpu: Embedded 64 pages/cpu s225280 r8192 d28672 u1048576
[    0.065789] kvm-guest: PV spinlocks enabled
[    0.066044] PV qspinlock hash table entries: 256 (order: 0, 4096 bytes, linear)
[    0.066496] Fallback order for Node 0: 0 
[    0.066755] Built 1 zonelists, mobility grouping on.  Total pages: 515808
[    0.067160] Policy zone: DMA32
[    0.067343] Kernel command line: net.ifnames=0 console=ttyS0 root=/dev/sda earlyprintk=serial net.ifnames=0
[    0.068235] random: crng init done
[    0.070253] Dentry cache hash table entries: 262144 (order: 9, 2097152 bytes, linear)
[    0.070796] Inode-cache hash table entries: 131072 (order: 8, 1048576 bytes, linear)
[    0.071377] mem auto-init: stack:off, heap alloc:off, heap free:off
[    0.074549] Memory: 1979232K/2096632K available (34816K kernel code, 4629K rwdata, 10000K rodata, 10172K init, 19780K bss, 117144K reserved, 0K cma-reserved)
[    0.075743] SLUB: HWalign=64, Order=0-3, MinObjects=0, CPUs=2, Nodes=1
[    0.076115] kmemleak: Kernel memory leak detector disabled
[    0.076483] ftrace: allocating 68232 entries in 267 pages
[    0.093871] ftrace: allocated 267 pages with 4 groups
[    0.096579] Dynamic Preempt: voluntary
[    0.096961] Running RCU self tests
[    0.097163] rcu: Preemptible hierarchical RCU implementation.
[    0.097485] rcu: 	RCU lockdep checking is enabled.
[    0.097754] rcu: 	RCU restricting CPUs from NR_CPUS=8192 to nr_cpu_ids=2.
[    0.098136] 	Trampoline variant of Tasks RCU enabled.
[    0.098419] 	Rude variant of Tasks RCU enabled.
[    0.098673] 	Tracing variant of Tasks RCU enabled.
[    0.098946] rcu: RCU calculated value of scheduler-enlistment delay is 25 jiffies.
[    0.099370] rcu: Adjusting geometry for rcu_fanout_leaf=16, nr_cpu_ids=2
[    0.123751] NR_IRQS: 524544, nr_irqs: 440, preallocated irqs: 16
[    0.124380] rcu: srcu_init: Setting srcu_struct sizes based on contention.
[    0.130181] Console: colour VGA+ 80x25
[    0.130445] printk: console [ttyS0] enabled
[    0.130445] printk: console [ttyS0] enabled
[    0.130932] printk: bootconsole [earlyser0] disabled
[    0.130932] printk: bootconsole [earlyser0] disabled
[    0.131505] Lock dependency validator: Copyright (c) 2006 Red Hat, Inc., Ingo Molnar
[    0.131950] ... MAX_LOCKDEP_SUBCLASSES:  8
[    0.132190] ... MAX_LOCK_DEPTH:          48
[    0.132436] ... MAX_LOCKDEP_KEYS:        8192
[    0.132692] ... CLASSHASH_SIZE:          4096
[    0.132947] ... MAX_LOCKDEP_ENTRIES:     32768
[    0.133208] ... MAX_LOCKDEP_CHAINS:      65536
[    0.133469] ... CHAINHASH_SIZE:          32768
[    0.133730]  memory used by lock dependency info: 6365 kB
[    0.134043]  memory used for stack traces: 4224 kB
[    0.134323]  per task-struct memory footprint: 1920 bytes
[    0.134667] ACPI: Core revision 20221020
[    0.135065] clocksource: hpet: mask: 0xffffffff max_cycles: 0xffffffff, max_idle_ns: 19112604467 ns
[    0.135698] APIC: Switch to symmetric I/O mode setup
[    0.136113] x2apic enabled
[    0.136404] Switched APIC routing to physical x2apic.
[    0.136700] kvm-guest: setup PV IPIs
[    0.137593] ..TIMER: vector=0x30 apic1=0 pin1=2 apic2=-1 pin2=-1
[    0.137961] clocksource: tsc-early: mask: 0xffffffffffffffff max_cycles: 0x3407c077a8d, max_idle_ns: 440795342283 ns
[    0.138581] Calibrating delay loop (skipped) preset value.. 7219.20 BogoMIPS (lpj=14438400)
[    0.139069] pid_max: default: 32768 minimum: 301
[    0.139402] LSM: initializing lsm=capability,yama,integrity
[    0.142585] Yama: becoming mindful.
[    0.142918] Mount-cache hash table entries: 4096 (order: 3, 32768 bytes, linear)
[    0.143351] Mountpoint-cache hash table entries: 4096 (order: 3, 32768 bytes, linear)
[    0.145356] x86/cpu: User Mode Instruction Prevention (UMIP) activated
[    0.145938] Last level iTLB entries: 4KB 0, 2MB 0, 4MB 0
[    0.146272] Last level dTLB entries: 4KB 0, 2MB 0, 4MB 0, 1GB 0
[    0.146593] Spectre V1 : Mitigation: usercopy/swapgs barriers and __user pointer sanitization
[    0.147083] Spectre V2 : WARNING: Unprivileged eBPF is enabled with eIBRS on, data leaks possible via Spectre v2 BHB attacks!
[    0.147722] Spectre V2 : Mitigation: Enhanced IBRS
[    0.147990] Spectre V2 : Spectre v2 / SpectreRSB mitigation: Filling RSB on context switch
[    0.148443] Spectre V2 : Spectre v2 / PBRSB-eIBRS: Retire a single CALL on VMEXIT
[    0.148856] Spectre V2 : mitigation: Enabling conditional Indirect Branch Prediction Barrier
[    0.149318] Speculative Store Bypass: Mitigation: Speculative Store Bypass disabled via prctl
[    0.241131] Freeing SMP alternatives memory: 56K
[    0.241695] smpboot: CPU0: 12th Gen Intel(R) Core(TM) i7-12700K (family: 0x6, model: 0x97, stepping: 0x2)
[    0.242551] cblist_init_generic: Setting adjustable number of callback queues.
[    0.242568] cblist_init_generic: Setting shift to 1 and lim to 1.
[    0.242568] cblist_init_generic: Setting shift to 1 and lim to 1.
[    0.242568] cblist_init_generic: Setting shift to 1 and lim to 1.
[    0.242568] Running RCU-tasks wait API self tests
[    0.342716] Performance Events: Alderlake Hybrid events, full-width counters, Intel PMU driver.
[    0.344397] core: cpu_core PMU driver: 
[    0.344835] ... version:                2
[    0.345268] ... bit width:              48
[    0.345709] ... generic registers:      6
[    0.346149] ... value mask:             0000ffffffffffff
[    0.346465] ... max period:             00007fffffffffff
[    0.346575] ... fixed-purpose events:   3
[    0.346813] ... event mask:             0001000f0000003f
[    0.347318] rcu: Hierarchical SRCU implementation.
[    0.347603] rcu: 	Max phase no-delay instances is 1000.
[    0.349069] unchecked MSR access error: WRMSR to 0x38f (tried to write 0x0001000f0000003f) at rIP: 0xffffffff810db97c (native_write_msr+0xc/0x30)
[    0.349838] Call Trace:
[    0.349990]  <TASK>
[    0.350122]  __intel_pmu_enable_all.constprop.46+0xb5/0x140
[    0.350460]  intel_pmu_enable_all+0x1e/0x30
[    0.350568]  x86_pmu_enable+0x46d/0x5a0
[    0.350568]  ? write_comp_data+0x2f/0x90
[    0.350568]  perf_pmu_enable+0x53/0x70
[    0.350568]  ctx_resched+0x14d/0x1e0
[    0.350568]  __perf_install_in_context+0x2f7/0x450
[    0.350568]  ? lock_is_held_type+0xe6/0x140
[    0.350568]  ? __pfx_remote_function+0x10/0x10
[    0.350568]  remote_function+0x80/0xa0
[    0.350568]  ? __pfx_remote_function+0x10/0x10
[    0.350568]  generic_exec_single+0x124/0x190
[    0.350568]  smp_call_function_single+0x11c/0x240
[    0.350568]  ? __pfx_remote_function+0x10/0x10
[    0.350568]  ? __sanitizer_cov_trace_pc+0x25/0x60
[    0.350568]  ? write_comp_data+0x2f/0x90
[    0.350568]  perf_install_in_context+0x2d8/0x300
[    0.350568]  ? __pfx___perf_install_in_context+0x10/0x10
[    0.350568]  perf_event_create_kernel_counter+0x278/0x2a0
[    0.350568]  ? __pfx_watchdog_overflow_callback+0x10/0x10
[    0.350568]  hardlockup_detector_event_create+0x46/0xd0
[    0.350568]  hardlockup_detector_perf_init+0x18/0x66
[    0.350568]  watchdog_nmi_probe+0x17/0x1d
[    0.350568]  lockup_detector_init+0x40/0xaf
[    0.350568]  kernel_init_freeable+0x264/0x422
[    0.350568]  ? __pfx_kernel_init+0x10/0x10
[    0.350568]  kernel_init+0x24/0x1e0
[    0.350568]  ? __pfx_kernel_init+0x10/0x10
[    0.350568]  ret_from_fork+0x29/0x50
[    0.350568]  </TASK>
[    0.350728] smp: Bringing up secondary CPUs ...
[    0.351340] x86: Booting SMP configuration:
[    0.351598] .... node  #0, CPUs:      #1
[    0.351861] smp: Brought up 1 node, 2 CPUs
[    0.351861] smpboot: Max logical packages: 1
[    0.351861] smpboot: Total of 2 processors activated (14438.40 BogoMIPS)
[    0.355040] devtmpfs: initialized
[    0.355040] x86/mm: Memory block size: 128MB
[    0.356649] clocksource: jiffies: mask: 0xffffffff max_cycles: 0xffffffff, max_idle_ns: 7645041785100000 ns
[    0.356649] futex hash table entries: 512 (order: 4, 65536 bytes, linear)
[    0.358740] pinctrl core: initialized pinctrl subsystem
[    0.359471] 
[    0.359569] *************************************************************
[    0.359969] **     NOTICE NOTICE NOTICE NOTICE NOTICE NOTICE NOTICE    **
[    0.360366] **                                                         **
[    0.360764] **  IOMMU DebugFS SUPPORT HAS BEEN ENABLED IN THIS KERNEL  **
[    0.361161] **                                                         **
[    0.361558] ** This means that this kernel is built to expose internal **
[    0.361955] ** IOMMU data structures, which may compromise security on **
[    0.362356] ** your system.                                            **
[    0.362583] **                                                         **
[    0.362980] ** If you see this message and you are not debugging the   **
[    0.363377] ** kernel, report this immediately to your vendor!         **
[    0.363377] Callback from call_rcu_tasks_trace() invoked.
[    0.363775] **                                                         **
[    0.363778] **     NOTICE NOTICE NOTICE NOTICE NOTICE NOTICE NOTICE    **
[    0.365195] *************************************************************
[    0.365629] PM: RTC time: 03:48:27, date: 2023-02-22
[    0.367997] NET: Registered PF_NETLINK/PF_ROUTE protocol family
[    0.368861] DMA: preallocated 256 KiB GFP_KERNEL pool for atomic allocations
[    0.369291] DMA: preallocated 256 KiB GFP_KERNEL|GFP_DMA pool for atomic allocations
[    0.369760] DMA: preallocated 256 KiB GFP_KERNEL|GFP_DMA32 pool for atomic allocations
[    0.370263] audit: initializing netlink subsys (disabled)
[    0.370632] audit: type=2000 audit(1677037707.963:1): state=initialized audit_enabled=0 res=1
[    0.371079] thermal_sys: Registered thermal governor 'fair_share'
[    0.371567] thermal_sys: Registered thermal governor 'bang_bang'
[    0.371931] thermal_sys: Registered thermal governor 'step_wise'
[    0.372284] thermal_sys: Registered thermal governor 'user_space'
[    0.372674] cpuidle: using governor ladder
[    0.373287] cpuidle: using governor menu
[    0.373749] acpiphp: ACPI Hot Plug PCI Controller Driver version: 0.5
[    0.374348] PCI: Using configuration type 1 for base access
[    0.375323] kprobes: kprobe jump-optimization is enabled. All kprobes are optimized if possible.
[    0.570988] HugeTLB: registered 1.00 GiB page size, pre-allocated 0 pages
[    0.571397] HugeTLB: 16380 KiB vmemmap can be freed for a 1.00 GiB page
[    0.571780] HugeTLB: registered 2.00 MiB page size, pre-allocated 0 pages
[    0.572169] HugeTLB: 28 KiB vmemmap can be freed for a 2.00 MiB page
[    0.575190] ACPI: Added _OSI(Module Device)
[    0.575451] ACPI: Added _OSI(Processor Device)
[    0.575710] ACPI: Added _OSI(3.0 _SCP Extensions)
[    0.575983] ACPI: Added _OSI(Processor Aggregator Device)
[    0.580751] ACPI: 1 ACPI AML tables successfully acquired and loaded
[    0.583729] ACPI: Interpreter enabled
[    0.584028] ACPI: PM: (supports S0 S3 S4 S5)
[    0.584277] ACPI: Using IOAPIC for interrupt routing
[    0.584594] PCI: Using host bridge windows from ACPI; if necessary, use "pci=nocrs" and report a bug
[    0.585110] PCI: Using E820 reservations for host bridge windows
[    0.586026] ACPI: Enabled 2 GPEs in block 00 to 0F
[    0.599525] ACPI: PCI Root Bridge [PCI0] (domain 0000 [bus 00-ff])
[    0.599901] acpi PNP0A03:00: _OSC: OS supports [ASPM ClockPM Segments MSI EDR HPX-Type3]
[    0.600357] acpi PNP0A03:00: _OSC: not requesting OS control; OS requires [ExtendedConfig ASPM ClockPM MSI]
[    0.600946] acpi PNP0A03:00: fail to add MMCONFIG information, can't access extended configuration space under this bridge
[    0.603484] acpiphp: Slot [3] registered
[    0.603761] acpiphp: Slot [4] registered
[    0.604040] acpiphp: Slot [5] registered
[    0.604331] acpiphp: Slot [6] registered
[    0.604623] acpiphp: Slot [7] registered
[    0.604961] acpiphp: Slot [8] registered
[    0.605259] acpiphp: Slot [9] registered
[    0.605562] acpiphp: Slot [10] registered
[    0.605932] acpiphp: Slot [11] registered
[    0.606343] acpiphp: Slot [12] registered
[    0.606626] acpiphp: Slot [13] registered
[    0.607019] acpiphp: Slot [14] registered
[    0.607421] acpiphp: Slot [15] registered
[    0.607726] acpiphp: Slot [16] registered
[    0.608011] acpiphp: Slot [17] registered
[    0.608303] acpiphp: Slot [18] registered
[    0.608585] acpiphp: Slot [19] registered
[    0.608868] acpiphp: Slot [20] registered
[    0.609164] acpiphp: Slot [21] registered
[    0.609455] acpiphp: Slot [22] registered
[    0.609746] acpiphp: Slot [23] registered
[    0.610041] acpiphp: Slot [24] registered
[    0.610332] acpiphp: Slot [25] registered
[    0.610624] acpiphp: Slot [26] registered
[    0.610918] acpiphp: Slot [27] registered
[    0.611209] acpiphp: Slot [28] registered
[    0.611500] acpiphp: Slot [29] registered
[    0.611794] acpiphp: Slot [30] registered
[    0.612086] acpiphp: Slot [31] registered
[    0.612342] PCI host bridge to bus 0000:00
[    0.612587] pci_bus 0000:00: root bus resource [io  0x0000-0x0cf7 window]
[    0.612990] pci_bus 0000:00: root bus resource [io  0x0d00-0xffff window]
[    0.613396] pci_bus 0000:00: root bus resource [mem 0x000a0000-0x000bffff window]
[    0.613836] pci_bus 0000:00: root bus resource [mem 0x80000000-0xfebfffff window]
[    0.614277] pci_bus 0000:00: root bus resource [mem 0x100000000-0x17fffffff window]
[    0.614573] pci_bus 0000:00: root bus resource [bus 00-ff]
[    0.614987] pci 0000:00:00.0: [8086:1237] type 00 class 0x060000
[    0.617805] pci 0000:00:01.0: [8086:7000] type 00 class 0x060100
[    0.618728] pci 0000:00:01.1: [8086:7010] type 00 class 0x010180
[    0.620035] pci 0000:00:01.1: reg 0x20: [io  0xc040-0xc04f]
[    0.620783] pci 0000:00:01.1: legacy IDE quirk: reg 0x10: [io  0x01f0-0x01f7]
[    0.621211] pci 0000:00:01.1: legacy IDE quirk: reg 0x14: [io  0x03f6]
[    0.621594] pci 0000:00:01.1: legacy IDE quirk: reg 0x18: [io  0x0170-0x0177]
[    0.622012] pci 0000:00:01.1: legacy IDE quirk: reg 0x1c: [io  0x0376]
[    0.622615] pci 0000:00:01.3: [8086:7113] type 00 class 0x068000
[    0.623212] pci 0000:00:01.3: quirk: [io  0x0600-0x063f] claimed by PIIX4 ACPI
[    0.623641] pci 0000:00:01.3: quirk: [io  0x0700-0x070f] claimed by PIIX4 SMB
[    0.624285] pci 0000:00:02.0: [1234:1111] type 00 class 0x030000
[    0.625804] pci 0000:00:02.0: reg 0x10: [mem 0xfd000000-0xfdffffff pref]
[    0.627011] pci 0000:00:02.0: reg 0x18: [mem 0xfebf0000-0xfebf0fff]
[    0.629533] pci 0000:00:02.0: reg 0x30: [mem 0xfebe0000-0xfebeffff pref]
[    0.630078] pci 0000:00:02.0: Video device with shadowed ROM at [mem 0x000c0000-0x000dffff]
[    0.633006] pci 0000:00:03.0: [8086:100e] type 00 class 0x020000
[    0.633725] pci 0000:00:03.0: reg 0x10: [mem 0xfebc0000-0xfebdffff]
[    0.634415] pci 0000:00:03.0: reg 0x14: [io  0xc000-0xc03f]
[    0.636005] pci 0000:00:03.0: reg 0x30: [mem 0xfeb80000-0xfebbffff pref]
[    0.644106] ACPI: PCI: Interrupt link LNKA configured for IRQ 10
[    0.644792] ACPI: PCI: Interrupt link LNKB configured for IRQ 10
[    0.645443] ACPI: PCI: Interrupt link LNKC configured for IRQ 11
[    0.646093] ACPI: PCI: Interrupt link LNKD configured for IRQ 11
[    0.646611] ACPI: PCI: Interrupt link LNKS configured for IRQ 9
[    0.647904] iommu: Default domain type: Translated 
[    0.648205] iommu: DMA domain TLB invalidation policy: lazy mode 
[    0.649344] SCSI subsystem initialized
[    0.649777] ACPI: bus type USB registered
[    0.650055] usbcore: registered new interface driver usbfs
[    0.650400] usbcore: registered new interface driver hub
[    0.650600] usbcore: registered new device driver usb
[    0.650980] pps_core: LinuxPPS API ver. 1 registered
[    0.651273] pps_core: Software ver. 5.3.6 - Copyright 2005-2007 Rodolfo Giometti <giometti@linux.it>
[    0.651804] PTP clock support registered
[    0.652174] EDAC MC: Ver: 3.0.0
[    0.653582] NetLabel: Initializing
[    0.653796] NetLabel:  domain hash size = 128
[    0.654059] NetLabel:  protocols = UNLABELED CIPSOv4 CALIPSO
[    0.654437] NetLabel:  unlabeled traffic allowed by default
[    0.654828] PCI: Using ACPI for IRQ routing
[    0.655269] pci 0000:00:02.0: vgaarb: setting as boot VGA device
[    0.655633] pci 0000:00:02.0: vgaarb: bridge control possible
[    0.655972] pci 0000:00:02.0: vgaarb: VGA device added: decodes=io+mem,owns=io+mem,locks=none
[    0.656472] vgaarb: loaded
[    0.656921] hpet0: at MMIO 0xfed00000, IRQs 2, 8, 0
[    0.657225] hpet0: 3 comparators, 64-bit 100.000000 MHz counter
[    2.642097] clocksource: Switched to clocksource kvm-clock
[    2.642534] Callback from call_rcu_tasks_rude() invoked.
[    2.742778] Callback from call_rcu_tasks() invoked.
[    2.788722] VFS: Disk quotas dquot_6.6.0
[    2.789131] VFS: Dquot-cache hash table entries: 512 (order 0, 4096 bytes)
[    2.789781] pnp: PnP ACPI init
[    2.791525] pnp: PnP ACPI: found 6 devices
[    2.802448] clocksource: acpi_pm: mask: 0xffffff max_cycles: 0xffffff, max_idle_ns: 2085701024 ns
[    2.803278] NET: Registered PF_INET protocol family
[    2.803727] IP idents hash table entries: 32768 (order: 6, 262144 bytes, linear)
[    2.804906] tcp_listen_portaddr_hash hash table entries: 1024 (order: 4, 73728 bytes, linear)
[    2.805451] Table-perturb hash table entries: 65536 (order: 6, 262144 bytes, linear)
[    2.805958] TCP established hash table entries: 16384 (order: 5, 131072 bytes, linear)
[    2.806628] TCP bind hash table entries: 16384 (order: 9, 2359296 bytes, linear)
[    2.808617] TCP: Hash tables configured (established 16384 bind 16384)
[    2.809120] UDP hash table entries: 1024 (order: 5, 163840 bytes, linear)
[    2.809606] UDP-Lite hash table entries: 1024 (order: 5, 163840 bytes, linear)
[    2.810188] NET: Registered PF_UNIX/PF_LOCAL protocol family
[    2.810932] RPC: Registered named UNIX socket transport module.
[    2.811299] RPC: Registered udp transport module.
[    2.811579] RPC: Registered tcp transport module.
[    2.811858] RPC: Registered tcp NFSv4.1 backchannel transport module.
[    2.812255] pci_bus 0000:00: resource 4 [io  0x0000-0x0cf7 window]
[    2.812629] pci_bus 0000:00: resource 5 [io  0x0d00-0xffff window]
[    2.812999] pci_bus 0000:00: resource 6 [mem 0x000a0000-0x000bffff window]
[    2.813408] pci_bus 0000:00: resource 7 [mem 0x80000000-0xfebfffff window]
[    2.813820] pci_bus 0000:00: resource 8 [mem 0x100000000-0x17fffffff window]
[    2.814438] pci 0000:00:01.0: PIIX3: Enabling Passive Release
[    2.814812] pci 0000:00:00.0: Limiting direct PCI/PCI transfers
[    2.815247] PCI: CLS 0 bytes, default 64
[    2.815523] ACPI: bus type thunderbolt registered
[    2.816070] clocksource: tsc: mask: 0xffffffffffffffff max_cycles: 0x3407c077a8d, max_idle_ns: 440795342283 ns
[    2.819066] Initialise system trusted keyrings
[    2.819397] Key type blacklist registered
[    2.819795] workingset: timestamp_bits=36 max_order=19 bucket_order=0
[    2.820240] zbud: loaded
[    2.820934] squashfs: version 4.0 (2009/01/31) Phillip Lougher
[    2.821812] NFS: Registering the id_resolver key type
[    2.822127] Key type id_resolver registered
[    2.822377] Key type id_legacy registered
[    2.822656] nfs4filelayout_init: NFSv4 File Layout Driver Registering...
[    2.823066] nfs4flexfilelayout_init: NFSv4 Flexfile Layout Driver Registering...
[    2.823587] fuse: init (API version 7.38)
[    2.823946] SGI XFS with ACLs, security attributes, realtime, quota, no debug enabled
[    2.824835] 9p: Installing v9fs 9p2000 file system support
[    2.830733] Key type asymmetric registered
[    2.831008] Asymmetric key parser 'x509' registered
[    2.831363] Block layer SCSI generic (bsg) driver version 0.4 loaded (major 243)
[    2.832028] io scheduler mq-deadline registered
[    2.832350] io scheduler bfq registered
[    2.832918] shpchp: Standard Hot Plug PCI Controller Driver version: 0.4
[    2.833646] IPMI message handler: version 39.2
[    2.833959] ipmi device interface
[    2.835567] input: Power Button as /devices/LNXSYSTM:00/LNXPWRBN:00/input/input0
[    2.836195] ACPI: button: Power Button [PWRF]
[    2.837225] ERST DBG: ERST support is disabled.
[    2.837966] Serial: 8250/16550 driver, 32 ports, IRQ sharing enabled
[    2.838769] 00:04: ttyS0 at I/O 0x3f8 (irq = 4, base_baud = 115200) is a 16550A
[    2.845654] Linux agpgart interface v0.103
[    2.846583] ACPI: bus type drm_connector registered
[    2.858046] brd: module loaded
[    2.864385] loop: module loaded
[    2.867779] scsi host0: ata_piix
[    2.868706] scsi host1: ata_piix
[    2.869045] ata1: PATA max MWDMA2 cmd 0x1f0 ctl 0x3f6 bmdma 0xc040 irq 14
[    2.869445] ata2: PATA max MWDMA2 cmd 0x170 ctl 0x376 bmdma 0xc048 irq 15
[    2.870844] tun: Universal TUN/TAP device driver, 1.6
[    2.871309] e100: Intel(R) PRO/100 Network Driver
[    2.871589] e100: Copyright(c) 1999-2006 Intel Corporation
[    2.871964] e1000: Intel(R) PRO/1000 Network Driver
[    2.872251] e1000: Copyright (c) 1999-2006 Intel Corporation.
[    3.026802] ata1: found unknown device (class 0)
[    3.027525] ata1.00: ATA-7: QEMU HARDDISK, 2.5+, max UDMA/100
[    3.027872] ata1.00: 16777216 sectors, multi 16: LBA48 
[    3.028849] scsi 0:0:0:0: Direct-Access     ATA      QEMU HARDDISK    2.5+ PQ: 0 ANSI: 5
[    3.030025] scsi 0:0:0:0: Attached scsi generic sg0 type 0
[    3.030923] sd 0:0:0:0: [sda] 16777216 512-byte logical blocks: (8.59 GB/8.00 GiB)
[    3.031399] sd 0:0:0:0: [sda] Write Protect is off
[    3.031719] sd 0:0:0:0: [sda] Write cache: enabled, read cache: enabled, doesn't support DPO or FUA
[    3.032279] sd 0:0:0:0: [sda] Preferred minimum I/O size 512 bytes
[    3.033904] ata2: found unknown device (class 0)
[    3.034588] ata2.00: ATAPI: QEMU DVD-ROM, 2.5+, max UDMA/100
[    3.035609] scsi 1:0:0:0: CD-ROM            QEMU     QEMU DVD-ROM     2.5+ PQ: 0 ANSI: 5
[    3.037661] ACPI: \_SB_.LNKC: Enabled at IRQ 11
[    3.051842] sd 0:0:0:0: [sda] Attached SCSI disk
[    3.063433] scsi 1:0:0:0: Attached scsi generic sg1 type 5
[    3.353164] e1000 0000:00:03.0 eth0: (PCI:33MHz:32-bit) 52:54:00:12:34:56
[    3.353620] e1000 0000:00:03.0 eth0: Intel(R) PRO/1000 Network Connection
[    3.354126] e1000e: Intel(R) PRO/1000 Network Driver
[    3.354420] e1000e: Copyright(c) 1999 - 2015 Intel Corporation.
[    3.354845] igb: Intel(R) Gigabit Ethernet Network Driver
[    3.355162] igb: Copyright (c) 2007-2014 Intel Corporation.
[    3.355570] PPP generic driver version 2.4.2
[    3.356351] VFIO - User Level meta-driver version: 0.3
[    3.357069] usbcore: registered new interface driver uas
[    3.357416] usbcore: registered new interface driver usb-storage
[    3.357892] i8042: PNP: PS/2 Controller [PNP0303:KBD,PNP0f13:MOU] at 0x60,0x64 irq 1,12
[    3.358926] serio: i8042 KBD port at 0x60,0x64 irq 1
[    3.359255] serio: i8042 AUX port at 0x60,0x64 irq 12
[    3.360157] mousedev: PS/2 mouse device common for all mice
[    3.361209] input: AT Translated Set 2 keyboard as /devices/platform/i8042/serio0/input/input1
[    3.362444] input: VirtualPS/2 VMware VMMouse as /devices/platform/i8042/serio1/input/input4
[    3.362725] rtc_cmos 00:05: RTC can wake from S4
[    3.363402] input: VirtualPS/2 VMware VMMouse as /devices/platform/i8042/serio1/input/input3
[    3.364214] rtc_cmos 00:05: registered as rtc0
[    3.364541] rtc_cmos 00:05: setting system clock to 2023-02-22T03:48:30 UTC (1677037710)
[    3.365163] rtc_cmos 00:05: alarms up to one day, y3k, 242 bytes nvram, hpet irqs
[    3.365627] i2c_dev: i2c /dev entries driver
[    3.365934] device-mapper: core: CONFIG_IMA_DISABLE_HTABLE is disabled. Duplicate IMA measurements will not be recorded in the IMA log.
[    3.366679] device-mapper: uevent: version 1.0.3
[    3.367131] device-mapper: ioctl: 4.47.0-ioctl (2022-07-28) initialised: dm-devel@redhat.com
[    3.367636] intel_pstate: CPU model not supported
[    3.367988] sdhci: Secure Digital Host Controller Interface driver
[    3.368349] sdhci: Copyright(c) Pierre Ossman
[    3.368660] sdhci-pltfm: SDHCI platform and OF driver helper
[    3.369069] ledtrig-cpu: registered to indicate activity on CPUs
[    3.369707] drop_monitor: Initializing network drop monitor service
[    3.370239] NET: Registered PF_INET6 protocol family
[    3.372764] Segment Routing with IPv6
[    3.373025] In-situ OAM (IOAM) with IPv6
[    3.373290] NET: Registered PF_PACKET protocol family
[    3.373712] 9pnet: Installing 9P2000 support
[    3.374024] Key type dns_resolver registered
[    3.374923] IPI shorthand broadcast: enabled
[    3.386830] sched_clock: Marking stable (3376774861, 9798761)->(3402882573, -16308951)
[    3.387843] registered taskstats version 1
[    3.388217] Loading compiled-in X.509 certificates
[    3.389389] zswap: loaded using pool lzo/zbud
[    3.401799] Key type .fscrypt registered
[    3.402054] Key type fscrypt-provisioning registered
[    3.403030] Key type encrypted registered
[    3.403312] ima: No TPM chip found, activating TPM-bypass!
[    3.403648] ima: Allocated hash algorithm: sha1
[    3.403961] ima: No architecture policies found
[    3.404292] evm: Initialising EVM extended attributes:
[    3.404596] evm: security.selinux
[    3.404797] evm: security.SMACK64
[    3.404998] evm: security.SMACK64EXEC
[    3.405219] evm: security.SMACK64TRANSMUTE
[    3.405466] evm: security.SMACK64MMAP
[    3.405688] evm: security.apparmor
[    3.405895] evm: security.ima
[    3.406077] evm: security.capability
[    3.406292] evm: HMAC attrs: 0x1
[    3.407547] PM:   Magic number: 11:730:816
[    3.408172] RAS: Correctable Errors collector initialized.
[    3.409450] md: Waiting for all devices to be available before autodetect
[    3.409725] md: If you don't use raid, use raid=noautodetect
[    3.409955] md: Autodetecting RAID arrays.
[    3.410129] md: autorun ...
[    3.410250] md: ... autorun DONE.
[    3.438688] EXT4-fs (sda): mounted filesystem 23a53bb9-f815-47a5-b74c-5e08f7731193 with ordered data mode. Quota mode: none.
[    3.439613] VFS: Mounted root (ext4 filesystem) readonly on device 8:0.
[    3.442154] devtmpfs: mounted
[    3.452196] Freeing unused decrypted memory: 2036K
[    3.455217] Freeing unused kernel image (initmem) memory: 10172K
[    3.455540] Write protecting the kernel read-only data: 45056k
[    3.456793] Freeing unused kernel image (rodata/data gap) memory: 240K
[    3.536515] x86/mm: Checked W+X mappings: passed, no W+X pages found.
[    3.536827] Run /sbin/init as init process
[    3.618955] systemd[1]: RTC configured in localtime, applying delta of 0 minutes to system time.
[    3.641207] systemd[1]: systemd 239 (239-49.el8) running in system mode. (+PAM +AUDIT +SELINUX +IMA -APPARMOR +SMACK +SYSVINIT +UTMP +LIBCRYPTSETUP +GCRYPT +GNUTLS +ACL +XZ +LZ4 +SECCOMP +BLKID +ELFUTILS +KMOD +IDN2 -IDN +PCRE2 default-hierarchy=legacy)
[    3.642242] systemd[1]: Detected virtualization kvm.
[    3.642454] systemd[1]: Detected architecture x86-64.

Welcome to [0;31mCentOS Stream 8[0m!

[    3.689693] systemd[1]: Set hostname to <test>.
[    3.917649] systemd[1]: Listening on RPCbind Server Activation Socket.
[[0;32m  OK  [0m] Listening on RPCbind Server Activation Socket.
[    3.918599] systemd[1]: Listening on Device-mapper event daemon FIFOs.
[[0;32m  OK  [0m] Listening on Device-mapper event daemon FIFOs.
[    3.919245] systemd[1]: Reached target RPC Port Mapper.
[[0;32m  OK  [0m] Reached target RPC Port Mapper.
[    3.925761] systemd[1]: Listening on Process Core Dump Socket.
[[0;32m  OK  [0m] Listening on Process Core Dump Socket.
[    3.928431] systemd[1]: Created slice system-sshd\x2dkeygen.slice.
[[0;32m  OK  [0m] Created slice system-sshd\x2dkeygen.slice.
[    3.929258] systemd[1]: Listening on LVM2 poll daemon socket.
[[0;32m  OK  [0m] Listening on LVM2 poll daemon socket.
[[0;32m  OK  [0m] Listening on udev Kernel Socket.
[[0;32m  OK  [0m] Set up automount Arbitrary Executabâ€¦rmats File System Automount Point.
[[0;32m  OK  [0m] Listening on multipathd control socket.
[[0;32m  OK  [0m] Listening on Journal Socket.
         Mounting Kernel Debug File System...
         Mounting POSIX Message Queue File System...
         Starting Setup Virtual Console...
         Starting Load Kernel Modules...
[[0;32m  OK  [0m] Listening on Journal Socket (/dev/log).
         Starting Journal Service...
[[0;32m  OK  [0m] Started Forward Password Requests to Wall Directory Watch.
[[0;32m  OK  [0m] Reached target Swap.
         Starting Monitoring of LVM2 mirrorsâ€¦ng dmeventd or progress polling...
[[0;32m  OK  [0m] Listening on initctl Compatibility Named Pipe.
[[0;32m  OK  [0m] Created slice system-serial\x2dgetty.slice.
         Starting Remount Root and Kernel File Systems...
[[0;32m  OK  [0m] Created slice system-getty.slice.
[[0;32m  OK  [0m] Listening on udev Control Socket.
         Starting udev Coldplug all Devices...
[[0;32m  OK  [0m] Created slice User and Session Slice.
[[0;32m  OK  [0m] Reached target Slices.
         Mounting Huge Pages File System...
[[0;32m  OK  [0m] Mounted Kernel Debug File System.
[[0;32m  OK  [0m] Mounted POSIX Message Queue File System.
[[0;1;31mFAILED[0m] Failed to start Load Kernel Modules.
See 'systemctl status systemd-modules-load.service' for details.
[[0;32m  OK  [0m] Started Monitoring of LVM2 mirrors,â€¦sing dmeventd or progress polling.
[[0;32m  OK  [0m] Mounted Huge Pages File System.
         Mounting FUSE Control File System...
[    4.260565] EXT4-fs (sda): re-mounted 23a53bb9-f815-47a5-b74c-5e08f7731193. Quota mode: none.
         Starting Apply Kernel Variables...
         Mounting Kernel Configuration File System...
[[0;32m  OK  [0m] Started Journal Service.
[[0;32m  OK  [0m] Started Setup Virtual Console.
[[0;32m  OK  [0m] Started Remount Root and Kernel File Systems.
[[0;32m  OK  [0m] Mounted FUSE Control File System.
[[0;32m  OK  [0m] Started Apply Kernel Variables.
[[0;32m  OK  [0m] Mounted Kernel Configuration File System.
         Starting Create Static Device Nodes in /dev...
         Starting Load/Save Random Seed...
         Starting Flush Journal to Persistent Storage...
[[0;32m  OK  [0m] Started Load/Save Random Seed.
[[0;32m  OK  [0m] Started Create Static Device Nodes in /dev.
         Starting udev Kernel Device Manager...
[[0;32m  OK  [0m] Started Flush Journal to Persistent Storage.
[[0;32m  OK  [0m] Started udev Kernel Device Manager.
[[0;32m  OK  [0m] Started udev Coldplug all Devices.
         Starting Show Plymouth Boot Screen...
         Starting udev Wait for Complete Device Initialization...
[[0;32m  OK  [0m] Started Show Plymouth Boot Screen.
[[0;32m  OK  [0m] Reached target Paths.
[[0;32m  OK  [0m] Reached target Local Encrypted Volumes.
[[0;32m  OK  [0m] Started Forward Password Requests to Plymouth Directory Watch.
[[0;32m  OK  [0m] Found device /dev/ttyS0.
[[0;32m  OK  [0m] Listening on Load/Save RF Kill Switch Status /dev/rfkill Watch.
[[0;32m  OK  [0m] Started udev Wait for Complete Device Initialization.
[[0;32m  OK  [0m] Reached target Local File Systems (Pre).
[[0;32m  OK  [0m] Reached target Local File Systems.
         Starting Restore /run/initramfs on shutdown...
         Starting Tell Plymouth To Write Out Runtime Data...
         Starting Create Volatile Files and Directories...
[[0;32m  OK  [0m] Started Restore /run/initramfs on shutdown.
[[0;32m  OK  [0m] Started Tell Plymouth To Write Out Runtime Data.
[[0;32m  OK  [0m] Started Create Volatile Files and Directories.
         Starting Security Auditing Service...
         Mounting RPC Pipe File System...
         Starting RPC Bind...
[[0;32m  OK  [0m] Mounted RPC Pipe File System.
[[0;32m  OK  [0m] Reached target rpc_pipefs.target.
[[0;32m  OK  [0m] Started RPC Bind.
[[0;32m  OK  [0m] Started Security Auditing Service.
         Starting Update UTMP about System Boot/Shutdown...
[[0;32m  OK  [0m] Started Update UTMP about System Boot/Shutdown.
[[0;32m  OK  [0m] Reached target System Initialization.
[[0;32m  OK  [0m] Started dnf makecache --timer.
[[0;32m  OK  [0m] Listening on SSSD Kerberos Cache Manager responder socket.
[[0;32m  OK  [0m] Started Daily Cleanup of Temporary Directories.
[[0;32m  OK  [0m] Started daily update of the root trust anchor for DNSSEC.
[[0;32m  OK  [0m] Reached target Timers.
[[0;32m  OK  [0m] Listening on D-Bus System Message Bus Socket.
[[0;32m  OK  [0m] Reached target Sockets.
[[0;32m  OK  [0m] Reached target Basic System.
[[0;32m  OK  [0m] Started D-Bus System Message Bus.
[[0;32m  OK  [0m] Started irqbalance daemon.
         Starting Network Manager...
         Starting Self Monitoring and Reporting Technology (SMART) Daemon...
[[0;32m  OK  [0m] Reached target sshd-keygen.target.
         Starting Auto-connect to subsystemsâ€¦-NVME devices found during boot...
         Starting NTP client/server...
         Starting Login Service...
         Starting Authorization Manager...
[[0;32m  OK  [0m] Started Machine Check Exception Logging Daemon.
[[0;32m  OK  [0m] Started Auto-connect to subsystems â€¦FC-NVME devices found during boot.
         Starting update of the root trust aâ€¦or DNSSEC validation in unbound...
[[0;32m  OK  [0m] Started Self Monitoring and Reporting Technology (SMART) Daemon.
[[0;32m  OK  [0m] Started Network Manager.
[[0;32m  OK  [0m] Reached target Network.
         Starting Dynamic System Tuning Daemon...
         Starting OpenSSH server daemon...
         Starting GSSAPI Proxy Daemon...
         Starting Network Manager Wait Online...
[[0;32m  OK  [0m] Started OpenSSH server daemon.
[[0;32m  OK  [0m] Started update of the root trust anâ€¦ for DNSSEC validation in unbound.
[[0;32m  OK  [0m] Started Login Service.
         Starting Hostname Service...
[[0;32m  OK  [0m] Started GSSAPI Proxy Daemon.
[[0;32m  OK  [0m] Reached target NFS client services.
[[0;32m  OK  [0m] Reached target Remote File Systems (Pre).
[[0;32m  OK  [0m] Reached target Remote File Systems.
         Starting Permit User Sessions...
[[0;32m  OK  [0m] Started Authorization Manager.
[[0;32m  OK  [0m] Started Permit User Sessions.
         Starting Terminate Plymouth Boot Screen...
         Starting Hold until boot process finishes up...
[[0;32m  OK  [0m] Started Command Scheduler.
[[0;32m  OK  [0m] Started NTP client/server.
[[0;32m  OK  [0m] Started Terminate Plymouth Boot Screen.
[[0;32m  OK  [0m] Started Hold until boot process finishes up.
[    6.014737] e1000: eth0 NIC Link is Up 1000 Mbps Full Duplex, Flow Control: RX
[    6.015395] IPv6: ADDRCONF(NETDEV_CHANGE): eth0: link becomes ready
[    6.196015] Spectre V2 : WARNING: Unprivileged eBPF is enabled with eIBRS on, data leaks possible via Spectre v2 BHB attacks!
[    6.196677] Spectre V2 : WARNING: Unprivileged eBPF is enabled with eIBRS on, data leaks possible via Spectre v2 BHB attacks!

CentOS Stream 8
Kernel 6.2.0-rc1-9aedeaed6fc6+ on an x86_64

test login: [   52.350692] watchdog: BUG: soft lockup - CPU#0 stuck for 22s! [repro:533]
[   52.353907] Modules linked in:
[   52.354713] irq event stamp: 792006
[   52.355339] hardirqs last  enabled at (792005): [<ffffffff8107442c>] __text_poke+0x2ec/0x4e0
[   52.356330] hardirqs last disabled at (792006): [<ffffffff82f7d083>] sysvec_apic_timer_interrupt+0x13/0xe0
[   52.357404] softirqs last  enabled at (505638): [<ffffffff82f9e613>] __do_softirq+0x323/0x489
[   52.358395] softirqs last disabled at (505619): [<ffffffff81122224>] irq_exit_rcu+0xc4/0x100
[   52.359393] CPU: 0 PID: 533 Comm: repro Not tainted 6.2.0-rc1-9aedeaed6fc6+ #1
[   52.360276] Hardware name: QEMU Standard PC (i440FX + PIIX, 1996), BIOS rel-1.16.0-0-gd239552ce722-prebuilt.qemu.org 04/01/2014
[   52.361457] RIP: 0010:__sanitizer_cov_trace_pc+0x5/0x60
[   52.362240] Code: 00 00 c3 cc cc cc cc 31 c0 5d c3 cc cc cc cc 66 0f 1f 44 00 00 90 90 90 90 90 90 90 90 90 90 90 90 90 90 90 90 f3 0f 1e fa 55 <bf> 02 00 00 00 48 89 e5 41 54 53 4c 8b 65 08 65 48 8b 1c 25 00 3c
[   52.363889] RSP: 0018:ffffc90000f87840 EFLAGS: 00000246
[   52.364832] RAX: 0000000000000000 RBX: ffffe8ffffc42600 RCX: ffffffff8133be17
[   52.365701] RDX: 0000000000000000 RSI: ffff8880131aa340 RDI: 0000000000000003
[   52.366575] RBP: ffffc90000f87948 R08: ffffc90000f87870 R09: ffffc90000f87868
[   52.367456] R10: ffffc90000f87840 R11: 0000000000000001 R12: fffffffffffffff7
[   52.368339] R13: ffffc90000f87870 R14: 0000000000000000 R15: 0000000000000000
[   52.369219] FS:  00007ff7449ca740(0000) GS:ffff88807dc00000(0000) knlGS:0000000000000000
[   52.370165] CS:  0010 DS: 0000 ES: 0000 CR0: 0000000080050033
[   52.370949] CR2: 00007f2810519098 CR3: 000000000c64a001 CR4: 0000000000770ef0
[   52.371825] PKRU: 55555554
[   52.372402] Call Trace:
[   52.372974]  <TASK>
[   52.373589]  ? perf_ftrace_function_call+0x154/0x280
[   52.374348]  ? __text_poke+0x2fb/0x4e0
[   52.375031]  ? _raw_spin_unlock+0x4/0x50
[   52.377121]  ? 0xffffffffa02010b1
[   52.378523]  ? gss_upcall_callback+0x4/0x70
[   52.379318]  0xffffffffa02010b1
[   52.381256]  ? _raw_spin_unlock+0x9/0x50
[   52.382025]  ? __this_cpu_preempt_check+0x20/0x30
[   52.383001]  _raw_spin_unlock+0x9/0x50
[   52.383771]  __text_poke+0x2fb/0x4e0
[   52.384522]  ? _raw_spin_unlock+0x9/0x50
[   52.385219]  ? __text_poke+0x2fb/0x4e0
[   52.386280]  ? __pfx_text_poke_memcpy+0x10/0x10
[   52.387246]  ? gss_upcall_callback+0x4/0x70
[   52.388339]  text_poke+0x3a/0x60
[   52.389297]  text_poke_bp_batch+0x91/0x2c0
[   52.390234]  ? call_commit_handler+0x4/0x90
[   52.391329]  text_poke_queue+0x93/0xb0
[   52.392401]  ftrace_replace_code+0x12a/0x1b0
[   52.393669]  ftrace_modify_all_code+0x1b9/0x2a0
[   52.394800]  arch_ftrace_update_code+0xd/0x20
[   52.395607]  ftrace_startup_enable+0x67/0xa0
[   52.396565]  ftrace_startup+0x124/0x200
[   52.397637]  register_ftrace_function_nolock+0x43/0x90
[   52.398670]  register_ftrace_function+0x1e1/0x270
[   52.399683]  ? __sanitizer_cov_trace_switch+0x57/0xa0
[   52.400947]  perf_ftrace_event_register+0xcd/0xf0
[   52.401953]  perf_trace_event_init+0x98/0x4b0
[   52.403182]  perf_trace_init+0xde/0x170
[   52.404265]  perf_tp_event_init+0x60/0xa0
[   52.405217]  perf_try_init_event+0x88/0x280
[   52.406480]  perf_event_alloc+0xf3b/0x1c80
[   52.407508]  ? perf_event_alloc+0x5/0x1c80
[   52.409019]  __do_sys_perf_event_open+0x3b6/0x1840
[   52.412475]  __x64_sys_perf_event_open+0x2f/0x40
[   52.413418]  do_syscall_64+0x3b/0x90
[   52.414266]  entry_SYSCALL_64_after_hwframe+0x72/0xdc
[   52.415070] RIP: 0033:0x7ff744aef59d
[   52.415812] Code: 00 c3 66 2e 0f 1f 84 00 00 00 00 00 90 f3 0f 1e fa 48 89 f8 48 89 f7 48 89 d6 48 89 ca 4d 89 c2 4d 89 c8 4c 8b 4c 24 08 0f 05 <48> 3d 01 f0 ff ff 73 01 c3 48 8b 0d d3 08 0d 00 f7 d8 64 89 01 48
[   52.417492] RSP: 002b:00007ffc30e3f0b8 EFLAGS: 00000246 ORIG_RAX: 000000000000012a
[   52.418616] RAX: ffffffffffffffda RBX: 0000000000000000 RCX: 00007ff744aef59d
[   52.419510] RDX: 0000000000000000 RSI: 00000000ffffffff RDI: 00000000200004c0
[   52.420403] RBP: 00007ffc30e3f0e0 R08: 0000000000000000 R09: 00000000004023c0
[   52.421294] R10: 00000000ffffffff R11: 0000000000000246 R12: 0000000000401060
[   52.422181] R13: 00007ffc30e3f1c0 R14: 0000000000000000 R15: 0000000000000000
[   52.424738]  </TASK>
[   52.425300] Kernel panic - not syncing: softlockup: hung tasks
[   52.426129] CPU: 0 PID: 533 Comm: repro Tainted: G             L     6.2.0-rc1-9aedeaed6fc6+ #1
[   52.427128] Hardware name: QEMU Standard PC (i440FX + PIIX, 1996), BIOS rel-1.16.0-0-gd239552ce722-prebuilt.qemu.org 04/01/2014
[   52.428318] Call Trace:
[   52.428900]  <IRQ>
[   52.429519]  dump_stack_lvl+0xa7/0xdb
[   52.430536]  dump_stack+0x19/0x1f
[   52.431293]  panic+0x1cc/0x483
[   52.432527]  ? watchdog_timer_fn+0x322/0x380
[   52.433905]  watchdog_timer_fn.cold.11+0x11/0x20
[   52.435098]  ? __pfx_watchdog_timer_fn+0x10/0x10
[   52.435972]  __hrtimer_run_queues+0x2ed/0x7c0
[   52.437831]  hrtimer_interrupt+0x134/0x2c0
[   52.439483]  __sysvec_apic_timer_interrupt+0x9c/0x270
[   52.440493]  sysvec_apic_timer_interrupt+0xab/0xe0
[   52.441342]  </IRQ>
[   52.441892]  <TASK>
[   52.442682]  asm_sysvec_apic_timer_interrupt+0x1f/0x30
[   52.443486] RIP: 0010:__sanitizer_cov_trace_pc+0x5/0x60
[   52.444276] Code: 00 00 c3 cc cc cc cc 31 c0 5d c3 cc cc cc cc 66 0f 1f 44 00 00 90 90 90 90 90 90 90 90 90 90 90 90 90 90 90 90 f3 0f 1e fa 55 <bf> 02 00 00 00 48 89 e5 41 54 53 4c 8b 65 08 65 48 8b 1c 25 00 3c
[   52.445989] RSP: 0018:ffffc90000f87840 EFLAGS: 00000246
[   52.446974] RAX: 0000000000000000 RBX: ffffe8ffffc42600 RCX: ffffffff8133be17
[   52.447880] RDX: 0000000000000000 RSI: ffff8880131aa340 RDI: 0000000000000003
[   52.448770] RBP: ffffc90000f87948 R08: ffffc90000f87870 R09: ffffc90000f87868
[   52.449657] R10: ffffc90000f87840 R11: 0000000000000001 R12: fffffffffffffff7
[   52.450563] R13: ffffc90000f87870 R14: 0000000000000000 R15: 0000000000000000
[   52.452345]  ? perf_ftrace_function_call+0x147/0x280
[   52.453841]  ? perf_ftrace_function_call+0x154/0x280
[   52.454619]  ? __text_poke+0x2fb/0x4e0
[   52.455328]  ? _raw_spin_unlock+0x4/0x50
[   52.457514]  ? 0xffffffffa02010b1
[   52.458953]  ? gss_upcall_callback+0x4/0x70
[   52.459773]  0xffffffffa02010b1
[   52.461764]  ? _raw_spin_unlock+0x9/0x50
[   52.462550]  ? __this_cpu_preempt_check+0x20/0x30
[   52.463554]  _raw_spin_unlock+0x9/0x50
[   52.464342]  __text_poke+0x2fb/0x4e0
[   52.465094]  ? _raw_spin_unlock+0x9/0x50
[   52.465788]  ? __text_poke+0x2fb/0x4e0
[   52.466858]  ? __pfx_text_poke_memcpy+0x10/0x10
[   52.467821]  ? gss_upcall_callback+0x4/0x70
[   52.468913]  text_poke+0x3a/0x60
[   52.469880]  text_poke_bp_batch+0x91/0x2c0
[   52.470839]  ? call_commit_handler+0x4/0x90
[   52.471959]  text_poke_queue+0x93/0xb0
[   52.473055]  ftrace_replace_code+0x12a/0x1b0
[   52.474353]  ftrace_modify_all_code+0x1b9/0x2a0
[   52.475518]  arch_ftrace_update_code+0xd/0x20
[   52.476350]  ftrace_startup_enable+0x67/0xa0
[   52.477336]  ftrace_startup+0x124/0x200
[   52.478468]  register_ftrace_function_nolock+0x43/0x90
[   52.479506]  register_ftrace_function+0x1e1/0x270
[   52.480508]  ? __sanitizer_cov_trace_switch+0x57/0xa0
[   52.481773]  perf_ftrace_event_register+0xcd/0xf0
[   52.482835]  perf_trace_event_init+0x98/0x4b0
[   52.484089]  perf_trace_init+0xde/0x170
[   52.485218]  perf_tp_event_init+0x60/0xa0
[   52.486205]  perf_try_init_event+0x88/0x280
[   52.487493]  perf_event_alloc+0xf3b/0x1c80
[   52.488541]  ? perf_event_alloc+0x5/0x1c80
[   52.490059]  __do_sys_perf_event_open+0x3b6/0x1840
[   52.493519]  __x64_sys_perf_event_open+0x2f/0x40
[   52.494457]  do_syscall_64+0x3b/0x90
[   52.495310]  entry_SYSCALL_64_after_hwframe+0x72/0xdc
[   52.496112] RIP: 0033:0x7ff744aef59d
[   52.496865] Code: 00 c3 66 2e 0f 1f 84 00 00 00 00 00 90 f3 0f 1e fa 48 89 f8 48 89 f7 48 89 d6 48 89 ca 4d 89 c2 4d 89 c8 4c 8b 4c 24 08 0f 05 <48> 3d 01 f0 ff ff 73 01 c3 48 8b 0d d3 08 0d 00 f7 d8 64 89 01 48
[   52.498547] RSP: 002b:00007ffc30e3f0b8 EFLAGS: 00000246 ORIG_RAX: 000000000000012a
[   52.499691] RAX: ffffffffffffffda RBX: 0000000000000000 RCX: 00007ff744aef59d
[   52.500580] RDX: 0000000000000000 RSI: 00000000ffffffff RDI: 00000000200004c0
[   52.501468] RBP: 00007ffc30e3f0e0 R08: 0000000000000000 R09: 00000000004023c0
[   52.502354] R10: 00000000ffffffff R11: 0000000000000246 R12: 0000000000401060
[   52.503244] R13: 00007ffc30e3f1c0 R14: 0000000000000000 R15: 0000000000000000
[   52.505807]  </TASK>
[   52.506500] Kernel Offset: disabled
[   52.507542] ---[ end Kernel panic - not syncing: softlockup: hung tasks ]---
