c[?7l[2J[0mSeaBIOS (version rel-1.16.0-0-gd239552ce722-prebuilt.qemu.org)


iPXE (http://ipxe.org) 00:03.0 CA00 PCI2.10 PnP PMM+7FF91000+7FEF1000 CA00
Press Ctrl-B to configure iPXE (PCI 00:03.0)...                                                                               


Booting from ROM..c[?7l[2Jearly console in extract_kernel
input_data: 0x000000000bf3a2c8
input_len: 0x00000000044c6cc2
output: 0x0000000001000000
output_len: 0x000000000e01bb28
kernel_total_size: 0x000000000f426000
needed_size: 0x000000000f600000
trampoline_32bit: 0x000000000009d000

Decompressing Linux... Parsing ELF... done.
Booting the kernel.
[    0.000000][    T0] Linux version 5.6.0-rc3-08ddddda667b-00017-g08ddddda667b (root@xpf.sh.intel.com) (gcc version 8.5.0 20210514 (Red Hat 8.5.0-20) (GCC)) #1 SMP PREEMPT Sat Dec 2 11:49:40 CST 2023
[    0.000000][    T0] Command line: console=ttyS0 root=/dev/sda1 earlyprintk=serial net.ifnames=0 thunderbolt.dyndbg plymouth.enable=0
[    0.000000][    T0] KERNEL supported cpus:
[    0.000000][    T0]   Intel GenuineIntel
[    0.000000][    T0]   AMD AuthenticAMD
[    0.000000][    T0] x86/fpu: Supporting XSAVE feature 0x001: 'x87 floating point registers'
[    0.000000][    T0] x86/fpu: Supporting XSAVE feature 0x002: 'SSE registers'
[    0.000000][    T0] x86/fpu: Supporting XSAVE feature 0x004: 'AVX registers'
[    0.000000][    T0] x86/fpu: Supporting XSAVE feature 0x008: 'MPX bounds registers'
[    0.000000][    T0] x86/fpu: Supporting XSAVE feature 0x010: 'MPX CSR'
[    0.000000][    T0] x86/fpu: Supporting XSAVE feature 0x020: 'AVX-512 opmask'
[    0.000000][    T0] x86/fpu: Supporting XSAVE feature 0x040: 'AVX-512 Hi256'
[    0.000000][    T0] x86/fpu: Supporting XSAVE feature 0x080: 'AVX-512 ZMM_Hi256'
[    0.000000][    T0] x86/fpu: xstate_offset[2]:  576, xstate_sizes[2]:  256
[    0.000000][    T0] x86/fpu: xstate_offset[3]:  832, xstate_sizes[3]:   64
[    0.000000][    T0] x86/fpu: xstate_offset[4]:  896, xstate_sizes[4]:   64
[    0.000000][    T0] x86/fpu: xstate_offset[5]:  960, xstate_sizes[5]:   64
[    0.000000][    T0] x86/fpu: xstate_offset[6]: 1024, xstate_sizes[6]:  512
[    0.000000][    T0] x86/fpu: xstate_offset[7]: 1536, xstate_sizes[7]: 1024
[    0.000000][    T0] x86/fpu: Enabled xstate features 0xff, context size is 2560 bytes, using 'compacted' format.
[    0.000000][    T0] BIOS-provided physical RAM map:
[    0.000000][    T0] BIOS-e820: [mem 0x0000000000000000-0x000000000009fbff] usable
[    0.000000][    T0] BIOS-e820: [mem 0x000000000009fc00-0x000000000009ffff] reserved
[    0.000000][    T0] BIOS-e820: [mem 0x00000000000f0000-0x00000000000fffff] reserved
[    0.000000][    T0] BIOS-e820: [mem 0x0000000000100000-0x000000007ffdffff] usable
[    0.000000][    T0] BIOS-e820: [mem 0x000000007ffe0000-0x000000007fffffff] reserved
[    0.000000][    T0] BIOS-e820: [mem 0x00000000feffc000-0x00000000feffffff] reserved
[    0.000000][    T0] BIOS-e820: [mem 0x00000000fffc0000-0x00000000ffffffff] reserved
[    0.000000][    T0] printk: bootconsole [earlyser0] enabled
[    0.000000][    T0] ERROR: earlyprintk= earlyser already used
[    0.000000][    T0] ERROR: earlyprintk= earlyser already used
[    0.000000][    T0] ERROR: earlyprintk= earlyser already used
[    0.000000][    T0] Malformed early option 'vsyscall'
[    0.000000][    T0] nopcid: PCID feature disabled
[    0.000000][    T0] NX (Execute Disable) protection: active
[    0.000000][    T0] SMBIOS 2.8 present.
[    0.000000][    T0] DMI: QEMU Standard PC (i440FX + PIIX, 1996), BIOS rel-1.16.0-0-gd239552ce722-prebuilt.qemu.org 04/01/2014
[    0.000000][    T0] Hypervisor detected: KVM
[    0.000000][    T0] kvm-clock: Using msrs 4b564d01 and 4b564d00
[    0.000002][    T0] kvm-clock: cpu 0, msr ec42001, primary cpu clock
[    0.000002][    T0] kvm-clock: using sched offset of 856403907 cycles
[    0.000536][    T0] clocksource: kvm-clock: mask: 0xffffffffffffffff max_cycles: 0x1cd42e4dffb, max_idle_ns: 881590591483 ns
[    0.002014][    T0] tsc: Detected 2999.998 MHz processor
[    0.007363][    T0] last_pfn = 0x7ffe0 max_arch_pfn = 0x400000000
[    0.007955][    T0] x86/PAT: Configuration [0-7]: WB  WC  UC- UC  WB  WP  UC- WT  
[    0.015895][    T0] found SMP MP-table at [mem 0x000f5ba0-0x000f5baf]
[    0.016479][    T0] Using GB pages for direct mapping
[    0.017523][    T0] ACPI: Early table checksum verification disabled
[    0.018070][    T0] ACPI: RSDP 0x00000000000F59C0 000014 (v00 BOCHS )
[    0.018809][    T0] ACPI: RSDT 0x000000007FFE1951 000034 (v01 BOCHS  BXPC     00000001 BXPC 00000001)
[    0.019820][    T0] ACPI: FACP 0x000000007FFE17FD 000074 (v01 BOCHS  BXPC     00000001 BXPC 00000001)
[    0.020696][    T0] ACPI: DSDT 0x000000007FFE0040 0017BD (v01 BOCHS  BXPC     00000001 BXPC 00000001)
[    0.021562][    T0] ACPI: FACS 0x000000007FFE0000 000040
[    0.022081][    T0] ACPI: APIC 0x000000007FFE1871 000080 (v01 BOCHS  BXPC     00000001 BXPC 00000001)
[    0.022926][    T0] ACPI: HPET 0x000000007FFE18F1 000038 (v01 BOCHS  BXPC     00000001 BXPC 00000001)
[    0.023776][    T0] ACPI: WAET 0x000000007FFE1929 000028 (v01 BOCHS  BXPC     00000001 BXPC 00000001)
[    0.025346][    T0] No NUMA configuration found
[    0.025759][    T0] Faking a node at [mem 0x0000000000000000-0x000000007ffdffff]
[    0.026441][    T0] Faking node 0 at [mem 0x0000000000000000-0x000000003fffffff] (1024MB)
[    0.027178][    T0] Faking node 1 at [mem 0x0000000040000000-0x000000007ffdffff] (1023MB)
[    0.028159][    T0] NODE_DATA(0) allocated [mem 0x3fffb000-0x3fffffff]
[    0.028845][    T0] NODE_DATA(1) allocated [mem 0x7ffda000-0x7ffdefff]
[    0.032945][    T0] Zone ranges:
[    0.033257][    T0]   DMA      [mem 0x0000000000001000-0x0000000000ffffff]
[    0.033832][    T0]   DMA32    [mem 0x0000000001000000-0x000000007ffdffff]
[    0.034400][    T0]   Normal   empty
[    0.034698][    T0]   Device   empty
[    0.034997][    T0] Movable zone start for each node
[    0.035408][    T0] Early memory node ranges
[    0.035765][    T0]   node   0: [mem 0x0000000000001000-0x000000000009efff]
[    0.036341][    T0]   node   0: [mem 0x0000000000100000-0x000000003fffffff]
[    0.036922][    T0]   node   1: [mem 0x0000000040000000-0x000000007ffdffff]
[    0.037509][    T0] Zeroed struct page in unavailable ranges: 130 pages
[    0.037513][    T0] Initmem setup node 0 [mem 0x0000000000001000-0x000000003fffffff]
[    0.049059][    T0] Initmem setup node 1 [mem 0x0000000040000000-0x000000007ffdffff]
[    0.349635][    T0] kasan: KernelAddressSanitizer initialized
[    0.350380][    T0] ACPI: PM-Timer IO Port: 0x608
[    0.350800][    T0] ACPI: LAPIC_NMI (acpi_id[0xff] dfl dfl lint[0x1])
[    0.351386][    T0] IOAPIC[0]: apic_id 0, version 17, address 0xfec00000, GSI 0-23
[    0.352031][    T0] ACPI: INT_SRC_OVR (bus 0 bus_irq 0 global_irq 2 dfl dfl)
[    0.352620][    T0] ACPI: INT_SRC_OVR (bus 0 bus_irq 5 global_irq 5 high level)
[    0.353230][    T0] ACPI: INT_SRC_OVR (bus 0 bus_irq 9 global_irq 9 high level)
[    0.353846][    T0] ACPI: INT_SRC_OVR (bus 0 bus_irq 10 global_irq 10 high level)
[    0.354473][    T0] ACPI: INT_SRC_OVR (bus 0 bus_irq 11 global_irq 11 high level)
[    0.355120][    T0] Using ACPI (MADT) for SMP configuration information
[    0.355670][    T0] ACPI: HPET id: 0x8086a201 base: 0xfed00000
[    0.356169][    T0] smpboot: Allowing 2 CPUs, 0 hotplug CPUs
[    0.356663][    T0] KVM setup pv sched yield
[    0.357064][    T0] PM: hibernation: Registered nosave memory: [mem 0x00000000-0x00000fff]
[    0.357762][    T0] PM: hibernation: Registered nosave memory: [mem 0x0009f000-0x0009ffff]
[    0.358450][    T0] PM: hibernation: Registered nosave memory: [mem 0x000a0000-0x000effff]
[    0.359139][    T0] PM: hibernation: Registered nosave memory: [mem 0x000f0000-0x000fffff]
[    0.359828][    T0] [mem 0x80000000-0xfeffbfff] available for PCI devices
[    0.360391][    T0] Booting paravirtualized kernel on KVM
[    0.360894][    T0] clocksource: refined-jiffies: mask: 0xffffffff max_cycles: 0xffffffff, max_idle_ns: 19112604462750000 ns
[    0.404662][    T0] setup_percpu: NR_CPUS:8 nr_cpumask_bits:8 nr_cpu_ids:2 nr_node_ids:2
[    0.410393][    T0] percpu: Embedded 65 pages/cpu s227592 r8192 d30456 u2097152
[    0.411348][    T0] KVM setup async PF for cpu 0
[    0.411824][    T0] kvm-stealtime: cpu 0, msr 2ce21a80
[    0.412336][    T0] PV qspinlock hash table entries: 256 (order: 0, 4096 bytes, linear)
[    0.413096][    T0] Built 2 zonelists, mobility grouping on.  Total pages: 515945
[    0.413788][    T0] Policy zone: DMA32
[    0.414133][    T0] Kernel command line: earlyprintk=serial net.ifnames=0 sysctl.kernel.hung_task_all_cpu_backtrace=1 ima_policy=tcb nf-conntrack-ftp.ports=20000 nf-conntrack-tftp.ports=20000 nf-conntrack-sip.ports=20000 nf-conntrack-irc.ports=20000 nf-conntrack-sane.ports=20000 binder.debug_mask=0 rcupdate.rcu_expedited=1 rcupdate.rcu_cpu_stall_cputime=1 no_hash_pointers page_owner=on sysctl.vm.nr_hugepages=4 sysctl.vm.nr_overcommit_hugepages=4 secretmem.enable=1 sysctl.max_rcu_stall_to_panic=1 msr.allow_writes=off coredump_filter=0xffff root=/dev/sda console=ttyS0 vsyscall=native numa=fake=2 kvm-intel.nested=1 spec_store_bypass_disable=prctl nopcid vivid.n_devs=16 vivid.multiplanar=1,2,1,2,1,2,1,2,1,2,1,2,1,2,1,2 netrom.nr_ndevs=16 rose.rose_ndevs=16 smp.csd_lock_timeout=100000 watchdog_thresh=55 workqueue.watchdog_thresh=140 sysctl.net.core.netdev_unregister_timeout_secs=140 dummy_hcd.num=8 panic_on_warn=1 console=ttyS0 root=/dev/sda1 earlyprintk=serial net.ifnames=0 thunderb
[    0.417451][    T0] mem auto-init: stack:off, heap alloc:on, heap free:off
[    0.534870][    T0] Memory: 1519572K/2096632K available (133130K kernel code, 40627K rwdata, 27172K rodata, 2588K init, 24468K bss, 577060K reserved, 0K cma-reserved)
[    0.540097][    T0] SLUB: HWalign=64, Order=0-3, MinObjects=0, CPUs=2, Nodes=2
[    0.543845][    T0] Running RCU self tests
[    0.544202][    T0] rcu: Preemptible hierarchical RCU implementation.
[    0.544719][    T0] rcu: 	RCU lockdep checking is enabled.
[    0.545167][    T0] rcu: 	RCU restricting CPUs from NR_CPUS=8 to nr_cpu_ids=2.
[    0.545749][    T0] rcu: 	RCU callback double-/use-after-free debug enabled.
[    0.546320][    T0] rcu: 	RCU debug extended QS entry/exit.
[    0.546770][    T0] 	All grace periods are expedited (rcu_expedited).
[    0.547478][    T0] 	Tasks RCU enabled.
[    0.547934][    T0] rcu: RCU calculated value of scheduler-enlistment delay is 10 jiffies.
[    0.548721][    T0] rcu: Adjusting geometry for rcu_fanout_leaf=16, nr_cpu_ids=2
[    0.553630][    T0] NR_IRQS: 4352, nr_irqs: 440, preallocated irqs: 16
[    0.554732][    T0] random: get_random_bytes called from start_kernel+0x521/0x85a with crng_init=0
[    0.559360][    T0] Console: colour VGA+ 80x25
[    0.560490][    T0] printk: console [ttyS0] enabled
[    0.560490][    T0] printk: console [ttyS0] enabled
[    0.561311][    T0] printk: bootconsole [earlyser0] disabled
[    0.561311][    T0] printk: bootconsole [earlyser0] disabled
[    0.562320][    T0] Lock dependency validator: Copyright (c) 2006 Red Hat, Inc., Ingo Molnar
[    0.563146][    T0] ... MAX_LOCKDEP_SUBCLASSES:  8
[    0.563786][    T0] ... MAX_LOCK_DEPTH:          48
[    0.564317][    T0] ... MAX_LOCKDEP_KEYS:        8192
[    0.564793][    T0] ... CLASSHASH_SIZE:          4096
[    0.565264][    T0] ... MAX_LOCKDEP_ENTRIES:     32768
[    0.565742][    T0] ... MAX_LOCKDEP_CHAINS:      65536
[    0.566229][    T0] ... CHAINHASH_SIZE:          32768
[    0.566699][    T0]  memory used by lock dependency info: 6237 kB
[    0.567249][    T0]  memory used for stack traces: 4224 kB
[    0.567745][    T0]  per task-struct memory footprint: 1920 bytes
[    0.568387][    T0] mempolicy: Enabling automatic NUMA balancing. Configure with numa_balancing= or the kernel.numa_balancing sysctl
[    0.569482][    T0] ACPI: Core revision 20200110
[    0.570326][    T0] clocksource: hpet: mask: 0xffffffff max_cycles: 0xffffffff, max_idle_ns: 19112604467 ns
[    0.571325][    T0] APIC: Switch to symmetric I/O mode setup
[    0.571952][    T0] x2apic enabled
[    0.572407][    T0] Switched APIC routing to physical x2apic.
[    0.572890][    T0] KVM setup pv IPIs
[    0.574246][    T0] ..TIMER: vector=0x30 apic1=0 pin1=2 apic2=-1 pin2=-1
[    0.574829][    T0] clocksource: tsc-early: mask: 0xffffffffffffffff max_cycles: 0x2b3e43c8763, max_idle_ns: 440795360101 ns
[    0.575764][    T0] Calibrating delay loop (skipped) preset value.. 5999.99 BogoMIPS (lpj=29999980)
[    0.576506][    T0] pid_max: default: 32768 minimum: 301
[    0.577113][    T0] LSM: Security Framework initializing
[    0.577595][    T0] Yama: becoming mindful.
[    0.578015][    T0] TOMOYO Linux initialized
[    0.578560][    T0] AppArmor: AppArmor initialized
[    0.585851][    T0] Dentry cache hash table entries: 262144 (order: 9, 2097152 bytes, vmalloc)
[    0.586939][    T0] Inode-cache hash table entries: 131072 (order: 8, 1048576 bytes, vmalloc)
[    0.587728][    T0] Mount-cache hash table entries: 4096 (order: 3, 32768 bytes, vmalloc)
[    0.588423][    T0] Mountpoint-cache hash table entries: 4096 (order: 3, 32768 bytes, vmalloc)
[    0.589227][    T0] *** VALIDATE tmpfs ***
[    0.591934][    T0] *** VALIDATE proc ***
[    0.592812][    T0] *** VALIDATE cgroup ***
[    0.593175][    T0] *** VALIDATE cgroup2 ***
[    0.593730][    T0] x86/cpu: User Mode Instruction Prevention (UMIP) activated
[    0.594434][    T0] Last level iTLB entries: 4KB 0, 2MB 0, 4MB 0
[    0.594931][    T0] Last level dTLB entries: 4KB 0, 2MB 0, 4MB 0, 1GB 0
[    0.595500][    T0] Spectre V1 : Mitigation: usercopy/swapgs barriers and __user pointer sanitization
[    0.595810][    T0] Spectre V2 : Mitigation: Enhanced IBRS
[    0.596271][    T0] Spectre V2 : Spectre v2 / SpectreRSB mitigation: Filling RSB on context switch
[    0.597014][    T0] Spectre V2 : mitigation: Enabling conditional Indirect Branch Prediction Barrier
[    0.598099][    T0] Speculative Store Bypass: Mitigation: Speculative Store Bypass disabled via prctl
[    0.598954][    T0] TAA: Mitigation: Clear CPU buffers
[    0.600377][    T0] Freeing SMP alternatives memory: 100K
[    0.603274][    T1] smpboot: CPU0: Intel(R) Core(TM) i9-10980XE CPU @ 3.00GHz (family: 0x6, model: 0x55, stepping: 0x7)
[    0.665810][    T1] Performance Events: Skylake events, full-width counters, Intel PMU driver.
[    0.666558][    T1] ... version:                2
[    0.666928][    T1] ... bit width:              48
[    0.667302][    T1] ... generic registers:      4
[    0.667675][    T1] ... value mask:             0000ffffffffffff
[    0.668140][    T1] ... max period:             00007fffffffffff
[    0.668609][    T1] ... fixed-purpose events:   3
[    0.668979][    T1] ... event mask:             000000070000000f
[    0.685786][    T1] rcu: Hierarchical SRCU implementation.
[    0.735786][    T1] smp: Bringing up secondary CPUs ...
[    0.815937][    T1] x86: Booting SMP configuration:
[    0.816373][    T1] .... node  #1, CPUs:      #1
[    0.021167][    T0] kvm-clock: cpu 1, msr ec42041, secondary cpu clock
[    0.817958][   T15] KVM setup async PF for cpu 1
[    0.817958][   T15] kvm-stealtime: cpu 1, msr 7ec21a80
[    0.817958][    T1] smp: Brought up 2 nodes, 2 CPUs
[    0.817958][    T1] smpboot: Max logical packages: 1
[    0.817958][    T1] smpboot: Total of 2 processors activated (11999.99 BogoMIPS)
[    0.831930][    T1] allocated 12582912 bytes of page_ext
[    0.832489][    T1] Node 0, zone      DMA: page owner found early allocated 0 pages
[    0.836186][    T1] Node 0, zone    DMA32: page owner found early allocated 2661 pages
[    0.837079][    T1] Node 1, zone    DMA32: page owner found early allocated 2636 pages
[    0.838153][    T1] devtmpfs: initialized
[    0.838153][    T1] x86/mm: Memory block size: 128MB
[    0.857736][    T1] clocksource: jiffies: mask: 0xffffffff max_cycles: 0xffffffff, max_idle_ns: 19112604462750000 ns
[    0.858643][    T1] futex hash table entries: 512 (order: 4, 65536 bytes, vmalloc)
[    0.859689][    T1] xor: automatically using best checksumming function   avx       
[    0.861089][   T24] kworker/u5:0 (24) used greatest stack depth: 27480 bytes left
[    0.863065][    T1] PM: RTC time: 03:57:51, date: 2023-12-02
[    0.863547][    T1] thermal_sys: Registered thermal governor 'step_wise'
[    0.863550][    T1] thermal_sys: Registered thermal governor 'user_space'
[    0.865331][    T1] NET: Registered protocol family 16
[    0.866393][   T31] kworker/u5:1 (31) used greatest stack depth: 27064 bytes left
[    0.870853][    T1] audit: initializing netlink subsys (disabled)
[    0.871446][   T34] audit: type=2000 audit(1701489472.188:1): state=initialized audit_enabled=0 res=1
[    0.876497][    T1] cpuidle: using governor menu
[    0.879525][    T1] KVM setup pv remote TLB flush
[    0.879932][    T1] ACPI: bus type PCI registered
[    0.880959][    T1] dca service started, version 1.12.1
[    0.881483][    T1] PCI: Using configuration type 1 for base access
[    0.935345][  T152] kworker/u5:1 (152) used greatest stack depth: 26968 bytes left
[    1.300459][    T1] HugeTLB registered 1.00 GiB page size, pre-allocated 0 pages
[    1.300459][    T1] HugeTLB registered 2.00 MiB page size, pre-allocated 0 pages
[    1.314739][    T1] cryptd: max_cpu_qlen set to 1000
[    1.339149][    T1] raid6: skip pq benchmark and using algorithm avx512x4
[    1.339715][    T1] raid6: using avx512x2 recovery algorithm
[    1.347391][    T1] ACPI: Added _OSI(Module Device)
[    1.347808][    T1] ACPI: Added _OSI(Processor Device)
[    1.348211][    T1] ACPI: Added _OSI(3.0 _SCP Extensions)
[    1.348633][    T1] ACPI: Added _OSI(Processor Aggregator Device)
[    1.349119][    T1] ACPI: Added _OSI(Linux-Dell-Video)
[    1.349529][    T1] ACPI: Added _OSI(Linux-Lenovo-NV-HDMI-Audio)
[    1.350014][    T1] ACPI: Added _OSI(Linux-HPI-Hybrid-Graphics)
[    1.371508][    T1] ACPI: 1 ACPI AML tables successfully acquired and loaded
[    1.411384][    T1] ACPI: Interpreter enabled
[    1.411384][    T1] ACPI: (supports S0 S3 S4 S5)
[    1.411384][    T1] ACPI: Using IOAPIC for interrupt routing
[    1.411384][    T1] PCI: Using host bridge windows from ACPI; if necessary, use "pci=nocrs" and report a bug
[    1.412725][    T1] ACPI: Enabled 2 GPEs in block 00 to 0F
[    1.477623][    T1] ACPI: PCI Root Bridge [PCI0] (domain 0000 [bus 00-ff])
[    1.478223][    T1] acpi PNP0A03:00: _OSC: OS supports [ASPM ClockPM Segments MSI HPX-Type3]
[    1.479120][    T1] acpi PNP0A03:00: fail to add MMCONFIG information, can't access extended PCI configuration space under this bridge.
[    1.480835][    T1] PCI host bridge to bus 0000:00
[    1.481236][    T1] pci_bus 0000:00: Unknown NUMA node; performance will be reduced
[    1.481842][    T1] pci_bus 0000:00: root bus resource [io  0x0000-0x0cf7 window]
[    1.482567][    T1] pci_bus 0000:00: root bus resource [io  0x0d00-0xffff window]
[    1.483160][    T1] pci_bus 0000:00: root bus resource [mem 0x000a0000-0x000bffff window]
[    1.483801][    T1] pci_bus 0000:00: root bus resource [mem 0x80000000-0xfebfffff window]
[    1.484452][    T1] pci_bus 0000:00: root bus resource [mem 0x100000000-0x17fffffff window]
[    1.485108][    T1] pci_bus 0000:00: root bus resource [bus 00-ff]
[    1.485747][    T1] pci 0000:00:00.0: [8086:1237] type 00 class 0x060000
[    1.489881][    T1] pci 0000:00:01.0: [8086:7000] type 00 class 0x060100
[    1.490745][    T1] pci 0000:00:01.1: [8086:7010] type 00 class 0x010180
[    1.490745][    T1] pci 0000:00:01.1: reg 0x20: [io  0xc040-0xc04f]
[    1.495817][    T1] pci 0000:00:01.1: legacy IDE quirk: reg 0x10: [io  0x01f0-0x01f7]
[    1.495817][    T1] pci 0000:00:01.1: legacy IDE quirk: reg 0x14: [io  0x03f6]
[    1.495817][    T1] pci 0000:00:01.1: legacy IDE quirk: reg 0x18: [io  0x0170-0x0177]
[    1.495817][    T1] pci 0000:00:01.1: legacy IDE quirk: reg 0x1c: [io  0x0376]
[    1.495994][    T1] pci 0000:00:01.3: [8086:7113] type 00 class 0x068000
[    1.496867][    T1] pci 0000:00:01.3: quirk: [io  0x0600-0x063f] claimed by PIIX4 ACPI
[    1.497484][    T1] pci 0000:00:01.3: quirk: [io  0x0700-0x070f] claimed by PIIX4 SMB
[    1.499829][    T1] pci 0000:00:02.0: [1234:1111] type 00 class 0x030000
[    1.506414][    T1] pci 0000:00:02.0: reg 0x10: [mem 0xfd000000-0xfdffffff pref]
[    1.508300][    T1] pci 0000:00:02.0: reg 0x18: [mem 0xfebf0000-0xfebf0fff]
[    1.511368][    T1] pci 0000:00:02.0: reg 0x30: [mem 0xfebe0000-0xfebeffff pref]
[    1.515708][    T1] pci 0000:00:03.0: [8086:100e] type 00 class 0x020000
[    1.516407][    T1] pci 0000:00:03.0: reg 0x10: [mem 0xfebc0000-0xfebdffff]
[    1.517503][    T1] pci 0000:00:03.0: reg 0x14: [io  0xc000-0xc03f]
[    1.520222][    T1] pci 0000:00:03.0: reg 0x30: [mem 0xfeb80000-0xfebbffff pref]
[    1.530227][    T1] ACPI: PCI Interrupt Link [LNKA] (IRQs 5 *10 11)
[    1.532249][    T1] ACPI: PCI Interrupt Link [LNKB] (IRQs 5 *10 11)
[    1.533973][    T1] ACPI: PCI Interrupt Link [LNKC] (IRQs 5 10 *11)
[    1.535788][    T1] ACPI: PCI Interrupt Link [LNKD] (IRQs 5 10 *11)
[    1.537525][    T1] ACPI: PCI Interrupt Link [LNKS] (IRQs *9)
[    1.542207][    T1] iommu: Default domain type: Translated 
[    1.543289][    T1] pci 0000:00:02.0: vgaarb: setting as boot VGA device
[    1.543289][    T1] pci 0000:00:02.0: vgaarb: VGA device added: decodes=io+mem,owns=io+mem,locks=none
[    1.543289][    T1] pci 0000:00:02.0: vgaarb: bridge control possible
[    1.545805][    T1] vgaarb: loaded
[    1.550716][    T1] SCSI subsystem initialized
[    1.552820][    T1] ACPI: bus type USB registered
[    1.553746][    T1] usbcore: registered new interface driver usbfs
[    1.554629][    T1] usbcore: registered new interface driver hub
[    1.555437][    T1] usbcore: registered new device driver usb
[    1.557449][    T1] mc: Linux media interface: v0.10
[    1.563153][    T1] videodev: Linux video capture interface: v2.00
[    1.564637][    T1] pps_core: LinuxPPS API ver. 1 registered
[    1.565217][    T1] pps_core: Software ver. 5.3.6 - Copyright 2005-2007 Rodolfo Giometti <giometti@linux.it>
[    1.565920][    T1] PTP clock support registered
[    1.567031][    T1] EDAC MC: Ver: 3.0.0
[    1.569946][    T1] Advanced Linux Sound Architecture Driver Initialized.
[    1.570970][    T1] PCI: Using ACPI for IRQ routing
[    1.575214][    T1] Bluetooth: Core ver 2.22
[    1.575869][    T1] NET: Registered protocol family 31
[    1.576409][    T1] Bluetooth: HCI device and connection manager initialized
[    1.577358][    T1] Bluetooth: HCI socket layer initialized
[    1.577928][    T1] Bluetooth: L2CAP socket layer initialized
[    1.578616][    T1] Bluetooth: SCO socket layer initialized
[    1.579272][    T1] NET: Registered protocol family 8
[    1.579785][    T1] NET: Registered protocol family 20
[    1.580946][    T1] NetLabel: Initializing
[    1.581370][    T1] NetLabel:  domain hash size = 128
[    1.581882][    T1] NetLabel:  protocols = UNLABELED CIPSOv4 CALIPSO
[    1.582686][    T1] NetLabel:  unlabeled traffic allowed by default
[    1.583641][    T1] nfc: nfc_init: NFC Core ver 0.1
[    1.583641][    T1] NET: Registered protocol family 39
[    1.588491][    T1] hpet0: at MMIO 0xfed00000, IRQs 2, 8, 0
[    1.589064][    T1] hpet0: 3 comparators, 64-bit 100.000000 MHz counter
[    1.595591][    T1] clocksource: Switched to clocksource kvm-clock
[    3.070114][    T1] *** VALIDATE bpf ***
[    3.071393][    T1] VFS: Disk quotas dquot_6.6.0
[    3.071889][    T1] VFS: Dquot-cache hash table entries: 512 (order 0, 4096 bytes)
[    3.073419][    T1] FS-Cache: Loaded
[    3.073746][    T1] *** VALIDATE ramfs ***
[    3.074117][    T1] *** VALIDATE hugetlbfs ***
[    3.075199][    T1] CacheFiles: Loaded
[    3.075757][    T1] TOMOYO: 2.6.0
[    3.076089][    T1] Mandatory Access Control activated.
[    3.077538][    T1] AppArmor: AppArmor Filesystem Enabled
[    3.078286][    T1] pnp: PnP ACPI init
[    3.084418][    T1] pnp: PnP ACPI: found 6 devices
[    3.123126][    T1] clocksource: acpi_pm: mask: 0xffffff max_cycles: 0xffffff, max_idle_ns: 2085701024 ns
[    3.124609][    T1] pci_bus 0000:00: resource 4 [io  0x0000-0x0cf7 window]
[    3.125165][    T1] pci_bus 0000:00: resource 5 [io  0x0d00-0xffff window]
[    3.125706][    T1] pci_bus 0000:00: resource 6 [mem 0x000a0000-0x000bffff window]
[    3.126719][    T1] pci_bus 0000:00: resource 7 [mem 0x80000000-0xfebfffff window]
[    3.127323][    T1] pci_bus 0000:00: resource 8 [mem 0x100000000-0x17fffffff window]
[    3.128560][    T1] NET: Registered protocol family 2
[    3.130833][    T1] tcp_listen_portaddr_hash hash table entries: 1024 (order: 4, 73728 bytes, vmalloc)
[    3.131873][    T1] TCP established hash table entries: 16384 (order: 5, 131072 bytes, vmalloc)
[    3.133606][    T1] TCP bind hash table entries: 16384 (order: 8, 1048576 bytes, vmalloc)
[    3.134691][    T1] TCP: Hash tables configured (established 16384 bind 16384)
[    3.135619][    T1] UDP hash table entries: 1024 (order: 5, 163840 bytes, vmalloc)
[    3.138131][    T1] UDP-Lite hash table entries: 1024 (order: 5, 163840 bytes, vmalloc)
[    3.139121][    T1] NET: Registered protocol family 1
[    3.140385][    T1] RPC: Registered named UNIX socket transport module.
[    3.140957][    T1] RPC: Registered udp transport module.
[    3.141413][    T1] RPC: Registered tcp transport module.
[    3.141856][    T1] RPC: Registered tcp NFSv4.1 backchannel transport module.
[    3.143251][    T1] NET: Registered protocol family 44
[    3.143740][    T1] pci 0000:00:01.0: PIIX3: Enabling Passive Release
[    3.144277][    T1] pci 0000:00:00.0: Limiting direct PCI/PCI transfers
[    3.144808][    T1] pci 0000:00:01.0: Activating ISA DMA hang workarounds
[    3.145405][    T1] pci 0000:00:02.0: Video device with shadowed ROM at [mem 0x000c0000-0x000dffff]
[    3.146235][    T1] PCI: CLS 0 bytes, default 64
[    3.152003][    T1] RAPL PMU: API unit is 2^-32 Joules, 0 fixed counters, 10737418240 ms ovfl timer
[    3.152722][    T1] kvm: no hardware support
[    3.153066][    T1] has_svm: not amd or hygon
[    3.153412][    T1] kvm: no hardware support
[    3.153757][    T1] clocksource: tsc: mask: 0xffffffffffffffff max_cycles: 0x2b3e43c8763, max_idle_ns: 440795360101 ns
[    3.222572][    T1] Initialise system trusted keyrings
[    3.224813][    T1] workingset: timestamp_bits=40 max_order=19 bucket_order=0
[    3.290734][    T1] DLM installed
[    3.300455][    T1] squashfs: version 4.0 (2009/01/31) Phillip Lougher
[    3.309549][    T1] FS-Cache: Netfs 'nfs' registered for caching
[    3.312207][    T1] *** VALIDATE nfs ***
[    3.312563][    T1] *** VALIDATE nfs4 ***
[    3.312954][    T1] NFS: Registering the id_resolver key type
[    3.313442][    T1] Key type id_resolver registered
[    3.313839][    T1] Key type id_legacy registered
[    3.314223][    T1] nfs4filelayout_init: NFSv4 File Layout Driver Registering...
[    3.314839][    T1] Installing knfsd (copyright (C) 1996 okir@monad.swb.de).
[    3.321933][    T1] FS-Cache: Netfs 'cifs' registered for caching
[    3.325040][    T1] Key type cifs.spnego registered
[    3.325457][    T1] Key type cifs.idmap registered
[    3.327233][    T1] ntfs: driver 2.1.32 [Flags: R/W].
[    3.329313][    T1] efs: 1.0a - http://aeschi.ch.eu.org/efs/
[    3.330039][    T1] jffs2: version 2.2. (NAND) (SUMMARY)  Â© 2001-2006 Red Hat, Inc.
[    3.333933][    T1] *** VALIDATE jffs2 ***
[    3.336496][    T1] romfs: ROMFS MTD (C) 2007 Red Hat, Inc.
[    3.337429][    T1] QNX4 filesystem 0.2.3 registered.
[    3.338114][    T1] qnx6: QNX6 filesystem 1.0.0 registered.
[    3.339174][    T1] fuse: init (API version 7.31)
[    3.339829][    T1] *** VALIDATE fuseblk ***
[    3.340171][    T1] *** VALIDATE fuse ***
[    3.342849][    T1] orangefs_debugfs_init: called with debug mask: :none: :0:
[    3.343649][    T1] orangefs_init: module version upstream loaded
[    3.345053][    T1] JFS: nTxBlock = 8192, nTxLock = 65536
[    3.354916][    T1] SGI XFS with ACLs, security attributes, realtime, quota, no debug enabled
[    3.363506][    T1] *** VALIDATE xfs ***
[    3.363847][    T1] 9p: Installing v9fs 9p2000 file system support
[    3.364624][    T1] FS-Cache: Netfs '9p' registered for caching
[    3.368239][    T1] NILFS version 2 loaded
[    3.368575][    T1] befs: version: 0.9.3
[    3.370377][    T1] ocfs2: Registered cluster interface o2cb
[    3.371137][    T1] ocfs2: Registered cluster interface user
[    3.372199][    T1] OCFS2 User DLM kernel interface loaded
[    3.379903][    T1] *** VALIDATE gfs2 ***
[    3.380942][    T1] gfs2: GFS2 installed
[    3.391903][    T1] FS-Cache: Netfs 'ceph' registered for caching
[    3.392407][    T1] ceph: loaded (mds proto 32)
[    3.400039][    T1] NET: Registered protocol family 38
[    3.400818][    T1] async_tx: api initialized (async)
[    3.401233][    T1] Key type asymmetric registered
[    3.401635][    T1] Asymmetric key parser 'x509' registered
[    3.402088][    T1] Asymmetric key parser 'pkcs8' registered
[    3.402537][    T1] Key type pkcs7_test registered
[    3.403081][    T1] Block layer SCSI generic (bsg) driver version 0.4 loaded (major 241)
[    3.403954][    T1] io scheduler mq-deadline registered
[    3.404371][    T1] io scheduler kyber registered
[    3.405347][    T1] io scheduler bfq registered
[    3.410003][    T1] vga16fb: mapped to 0x0000000011da229d
[    3.876656][    T1] Console: switching to colour frame buffer device 80x30
[    4.133533][    T1] fb0: VGA16 VGA frame buffer device
[    4.134981][    T1] input: Power Button as /devices/LNXSYSTM:00/LNXPWRBN:00/input/input0
[    4.147096][    T1] ACPI: Power Button [PWRF]
[    4.151552][    T1] ioatdma: Intel(R) QuickData Technology Driver 5.00
[    4.327127][    T1] HDLC line discipline maxframe=4096
[    4.327566][    T1] N_HDLC line discipline registered.
[    4.328005][    T1] Serial: 8250/16550 driver, 4 ports, IRQ sharing enabled
[    4.328956][    T1] 00:04: ttyS0 at I/O 0x3f8 (irq = 4, base_baud = 115200) is a 16550A
[    4.336320][    T1] Initializing Nozomi driver 2.1d
[    4.339310][    T1] Non-volatile memory driver v1.3
[    4.340509][    T1] Linux agpgart interface v0.103
[    4.340657][ T3230] kworker/u5:3 (3230) used greatest stack depth: 26744 bytes left
[    4.353231][    T1] [drm] Initialized vgem 1.0.0 20120112 for vgem on minor 0
[    4.354080][    T1] [drm] Supports vblank timestamp caching Rev 2 (21.10.2013).
[    4.354661][    T1] [drm] Driver supports precise vblank timestamp query.
[    4.358020][    T1] [drm] Initialized vkms 1.0.0 20180514 for vkms on minor 1
[    4.358870][    T1] usbcore: registered new interface driver udl
[    4.359472][    T1] fb0: switching to bochsdrmfb from VGA16 VGA
[    4.508176][    T1] Console: switching to colour VGA+ 80x25
[    4.511421][    T1] bochs-drm 0000:00:02.0: vgaarb: deactivate vga console
[    4.517636][    T1] Console: switching to colour dummy device 80x25
[    4.520539][    T1] [drm] Found bochs VGA, ID 0xb0c5.
[    4.520939][    T1] [drm] Framebuffer size 16384 kB @ 0xfd000000, mmio @ 0xfebf0000.
[    4.522101][    T1] [TTM] Zone  kernel: Available graphics memory: 759836 KiB
[    4.522959][    T1] [TTM] Initializing pool allocator
[    4.523557][    T1] [TTM] Initializing DMA pool allocator
[    4.525341][    T1] [drm] Found EDID data blob.
[    4.527134][    T1] [drm] Initialized bochs-drm 1.0.0 20130925 for 0000:00:02.0 on minor 2
[    4.535119][    T1] fbcon: bochs-drmdrmfb (fb0) is primary device
[    4.559109][    T1] Console: switching to colour frame buffer device 160x50
[    4.573986][    T1] bochs-drm 0000:00:02.0: fb0: bochs-drmdrmfb frame buffer device
[    4.602822][    T1] brd: module loaded
[    4.644831][    T1] loop: module loaded
[    4.729841][    T1] zram: Added device: zram0
[    4.733273][    T1] null_blk: module loaded
[    4.733853][    T1] Guest personality initialized and is inactive
[    4.734889][    T1] VMCI host device registered (name=vmci, major=10, minor=56)
[    4.735482][    T1] Initialized host personality
[    4.736490][    T1] usbcore: registered new interface driver rtsx_usb
[    4.737607][    T1] usbcore: registered new interface driver viperboard
[    4.738418][    T1] usbcore: registered new interface driver dln2
[    4.739234][    T1] usbcore: registered new interface driver pn533_usb
[    4.743994][    T1] nfcsim 0.2 initialized
[    4.744716][    T1] usbcore: registered new interface driver port100
[    4.745600][    T1] usbcore: registered new interface driver nfcmrvl
[    4.750078][    T1] Loading iSCSI transport class v2.0-870.
[    4.754280][    T1] st: Version 20160209, fixed bufsize 32768, s/g segs 256
[    4.773668][    T1] scsi host0: ata_piix
[    4.775460][    T1] scsi host1: ata_piix
[    4.776419][    T1] ata1: PATA max MWDMA2 cmd 0x1f0 ctl 0x3f6 bmdma 0xc040 irq 14
[    4.777013][    T1] ata2: PATA max MWDMA2 cmd 0x170 ctl 0x376 bmdma 0xc048 irq 15
[    4.783666][    T1] Rounding down aligned max_sectors from 4294967295 to 4294967288
[    4.784926][    T1] db_root: cannot open: /etc/target
[    4.786711][    T1] slram: not enough parameters.
[    4.788805][    T1] ftl_cs: FTL header not found.
[    4.797784][    T1] Ethernet Channel Bonding Driver: v3.7.1 (April 27, 2011)
[    4.812699][    T1] wireguard: WireGuard 1.0.0 loaded. See www.wireguard.com for information.
[    4.813561][    T1] wireguard: Copyright (C) 2015-2019 Jason A. Donenfeld <Jason@zx2c4.com>. All Rights Reserved.
[    4.814575][    T1] eql: Equalizer2002: Simon Janes (simon@ncm.com) and David S. Miller (davem@redhat.com)
[    4.823822][    T1] MACsec IEEE 802.1AE
[    4.825730][    T1] libphy: Fixed MDIO Bus: probed
[    4.829130][    T1] tun: Universal TUN/TAP device driver, 1.6
[    4.833976][    T1] vcan: Virtual CAN interface driver
[    4.834512][    T1] vxcan: Virtual CAN Tunnel driver
[    4.835010][    T1] slcan: serial line CAN interface driver
[    4.835570][    T1] slcan: 10 dynamic interface channels.
[    4.836180][    T1] CAN device driver interface
[    4.836948][    T1] usbcore: registered new interface driver usb_8dev
[    4.837835][    T1] usbcore: registered new interface driver ems_usb
[    4.838706][    T1] usbcore: registered new interface driver gs_usb
[    4.839572][    T1] usbcore: registered new interface driver kvaser_usb
[    4.840451][    T1] usbcore: registered new interface driver mcba_usb
[    4.841325][    T1] usbcore: registered new interface driver peak_usb
[    4.842594][    T1] e100: Intel(R) PRO/100 Network Driver, 3.5.24-k2-NAPI
[    4.843283][    T1] e100: Copyright(c) 1999-2006 Intel Corporation
[    4.844236][    T1] e1000: Intel(R) PRO/1000 Network Driver - version 7.3.21-k8-NAPI
[    4.845019][    T1] e1000: Copyright (c) 1999-2006 Intel Corporation.
[    4.947093][ T3489] ata1.00: ATA-7: QEMU HARDDISK, 2.5+, max UDMA/100
[    4.947625][ T3489] ata1.00: 2097458 sectors, multi 16: LBA48 
[    4.948274][ T3494] ata2.00: ATAPI: QEMU DVD-ROM, 2.5+, max UDMA/100
[    4.950571][   T23] scsi 0:0:0:0: Direct-Access     ATA      QEMU HARDDISK    2.5+ PQ: 0 ANSI: 5
[    4.953641][ T3552] sd 0:0:0:0: [sda] 2097458 512-byte logical blocks: (1.07 GB/1.00 GiB)
[    4.954567][ T3552] sd 0:0:0:0: [sda] Write Protect is off
[    4.955245][ T3552] sd 0:0:0:0: [sda] Write cache: enabled, read cache: enabled, doesn't support DPO or FUA
[    4.957910][   T23] sd 0:0:0:0: Attached scsi generic sg0 type 0
[    4.961166][ T3552]  sda: sda1
[    4.963120][  T181] scsi 1:0:0:0: CD-ROM            QEMU     QEMU DVD-ROM     2.5+ PQ: 0 ANSI: 5
[    4.968004][ T3552] sd 0:0:0:0: [sda] Attached SCSI disk
[    5.056506][  T181] sr 1:0:0:0: [sr0] scsi3-mmc drive: 4x/4x cd/rw xa/form2 tray
[    5.057288][  T181] cdrom: Uniform CD-ROM driver Revision: 3.20
[    5.061225][  T181] sr 1:0:0:0: Attached scsi generic sg1 type 5
[    5.945128][    T1] PCI Interrupt Link [LNKC] enabled at IRQ 11
[    6.319087][    T1] e1000 0000:00:03.0 eth0: (PCI:33MHz:32-bit) 52:54:00:12:34:56
[    6.319705][    T1] e1000 0000:00:03.0 eth0: Intel(R) PRO/1000 Network Connection
[    6.320702][    T1] e1000e: Intel(R) PRO/1000 Network Driver - 3.2.6-k
[    6.321220][    T1] e1000e: Copyright(c) 1999 - 2015 Intel Corporation.
[    6.322338][    T1] mkiss: AX.25 Multikiss, Hans Albas PE1AYX
[    6.322804][    T1] AX.25: 6pack driver, Revision: 0.3.0
[    6.323240][    T1] AX.25: bpqether driver version 004
[    6.323642][    T1] PPP generic driver version 2.4.2
[    6.324563][    T1] PPP BSD Compression module registered
[    6.325005][    T1] PPP Deflate Compression module registered
[    6.325506][    T1] PPP MPPE Compression module registered
[    6.326904][    T1] NET: Registered protocol family 24
[    6.327355][    T1] PPTP driver version 0.8.5
[    6.328141][    T1] SLIP: version 0.8.4-NET3.019-NEWTTY (dynamic channels, max=256) (6 bit encapsulation enabled).
[    6.328943][    T1] CSLIP: code copyright 1989 Regents of the University of California.
[    6.329568][    T1] SLIP linefill/keepalive option.
[    6.329953][    T1] hdlc: HDLC support module revision 1.22
[    6.330404][    T1] LAPB Ethernet driver version 0.02
[    6.331695][    T1] usbcore: registered new interface driver ath9k_htc
[    6.332611][    T1] usbcore: registered new interface driver carl9170
[    6.333448][    T1] usbcore: registered new interface driver ath6kl_usb
[    6.334345][    T1] usbcore: registered new interface driver ar5523
[    6.335351][    T1] usbcore: registered new interface driver ath10k_usb
[    6.336372][    T1] mac80211_hwsim: initializing netlink
[    6.348242][    T1] usbcore: registered new interface driver atusb
[    6.355338][    T1] mac802154_hwsim mac802154_hwsim: Added 2 mac802154 hwsim hardware radios
[    6.356632][    T1] VMware vmxnet3 virtual NIC driver - version 1.4.17.0-k-NAPI
[    6.357651][    T1] usbcore: registered new interface driver catc
[    6.358391][    T1] usbcore: registered new interface driver kaweth
[    6.358977][    T1] pegasus: v0.9.3 (2013/04/25), Pegasus/Pegasus II USB Ethernet driver
[    6.360065][    T1] usbcore: registered new interface driver pegasus
[    6.362145][    T1] usbcore: registered new interface driver rtl8150
[    6.362920][    T1] usbcore: registered new interface driver r8152
[    6.363514][    T1] hso: drivers/net/usb/hso.c: Option Wireless
[    6.364246][    T1] usbcore: registered new interface driver hso
[    6.364956][    T1] usbcore: registered new interface driver lan78xx
[    6.365714][    T1] usbcore: registered new interface driver asix
[    6.366520][    T1] usbcore: registered new interface driver ax88179_178a
[    6.367276][    T1] usbcore: registered new interface driver cdc_ether
[    6.368038][    T1] usbcore: registered new interface driver cdc_eem
[    6.368791][    T1] usbcore: registered new interface driver dm9601
[    6.369561][    T1] usbcore: registered new interface driver sr9700
[    6.370632][    T1] usbcore: registered new interface driver CoreChips
[    6.371615][    T1] usbcore: registered new interface driver smsc75xx
[    6.373196][    T1] usbcore: registered new interface driver smsc95xx
[    6.373886][    T1] usbcore: registered new interface driver gl620a
[    6.374613][    T1] usbcore: registered new interface driver net1080
[    6.375332][    T1] usbcore: registered new interface driver plusb
[    6.376278][    T1] usbcore: registered new interface driver rndis_host
[    6.377036][    T1] usbcore: registered new interface driver cdc_subset
[    6.377803][    T1] usbcore: registered new interface driver zaurus
[    6.378795][    T1] usbcore: registered new interface driver MOSCHIP usb-ethernet driver
[    6.379744][    T1] usbcore: registered new interface driver int51x1
[    6.380473][    T1] usbcore: registered new interface driver cdc_phonet
[    6.382716][    T1] usbcore: registered new interface driver kalmia
[    6.383432][    T1] usbcore: registered new interface driver ipheth
[    6.384106][    T1] usbcore: registered new interface driver sierra_net
[    6.384843][    T1] usbcore: registered new interface driver cx82310_eth
[    6.385600][    T1] usbcore: registered new interface driver cdc_ncm
[    6.387146][    T1] usbcore: registered new interface driver huawei_cdc_ncm
[    6.387894][    T1] usbcore: registered new interface driver lg-vl600
[    6.388549][    T1] usbcore: registered new interface driver qmi_wwan
[    6.389198][    T1] usbcore: registered new interface driver cdc_mbim
[    6.389859][    T1] usbcore: registered new interface driver ch9200
[    6.393956][    T1] VFIO - User Level meta-driver version: 0.3
[    6.397366][    T1] aoe: AoE v85 initialised.
[    6.403744][    T1] ehci_hcd: USB 2.0 'Enhanced' Host Controller (EHCI) Driver
[    6.404334][    T1] ehci-pci: EHCI PCI platform driver
[    6.409163][    T1] ehci-platform: EHCI generic platform driver
[    6.410342][    T1] ohci_hcd: USB 1.1 'Open' Host Controller (OHCI) Driver
[    6.410949][    T1] ohci-pci: OHCI PCI platform driver
[    6.411594][    T1] ohci-platform: OHCI generic platform driver
[    6.412207][    T1] uhci_hcd: USB Universal Host Controller Interface driver
[    6.414818][    T1] usbcore: registered new interface driver cdc_acm
[    6.415315][    T1] cdc_acm: USB Abstract Control Model driver for USB modems and ISDN adapters
[    6.416993][    T1] usbcore: registered new interface driver usblp
[    6.417635][    T1] usbcore: registered new interface driver cdc_wdm
[    6.418580][    T1] usbcore: registered new interface driver usbtmc
[    6.419412][    T1] usbcore: registered new interface driver uas
[    6.421830][    T1] usbcore: registered new interface driver usb-storage
[    6.422483][    T1] usbcore: registered new interface driver ums-alauda
[    6.423099][    T1] usbcore: registered new interface driver ums-cypress
[    6.423772][    T1] usbcore: registered new interface driver ums-datafab
[    6.424437][    T1] usbcore: registered new interface driver ums_eneub6250
[    6.425115][    T1] usbcore: registered new interface driver ums-freecom
[    6.427085][    T1] usbcore: registered new interface driver ums-isd200
[    6.427976][    T1] usbcore: registered new interface driver ums-jumpshot
[    6.428649][    T1] usbcore: registered new interface driver ums-karma
[    6.429292][    T1] usbcore: registered new interface driver ums-onetouch
[    6.429982][    T1] usbcore: registered new interface driver ums-realtek
[    6.430934][    T1] usbcore: registered new interface driver ums-sddr09
[    6.432569][    T1] usbcore: registered new interface driver ums-sddr55
[    6.433209][    T1] usbcore: registered new interface driver ums-usbat
[    6.433861][    T1] usbcore: registered new interface driver mdc800
[    6.434347][    T1] mdc800: v0.7.5 (30/10/2000):USB Driver for Mustek MDC800 Digital Camera
[    6.435145][    T1] usbcore: registered new interface driver microtekX6
[    6.436186][    T1] usbcore: registered new interface driver usbserial_generic
[    6.437054][    T1] usbserial: USB Serial support registered for generic
[    6.437765][    T1] usbcore: registered new interface driver aircable
[    6.438426][    T1] usbserial: USB Serial support registered for aircable
[    6.439395][    T1] usbcore: registered new interface driver ark3116
[    6.440413][    T1] usbserial: USB Serial support registered for ark3116
[    6.442237][    T1] usbcore: registered new interface driver belkin_sa
[    6.442929][    T1] usbserial: USB Serial support registered for Belkin / Peracom / GoHubs USB Serial Adapter
[    6.443879][    T1] usbcore: registered new interface driver ch341
[    6.444498][    T1] usbserial: USB Serial support registered for ch341-uart
[    6.445200][    T1] usbcore: registered new interface driver cp210x
[    6.445917][    T1] usbserial: USB Serial support registered for cp210x
[    6.446647][    T1] usbcore: registered new interface driver cyberjack
[    6.447348][    T1] usbserial: USB Serial support registered for Reiner SCT Cyberjack USB card reader
[    6.448287][    T1] usbcore: registered new interface driver cypress_m8
[    6.448979][    T1] usbserial: USB Serial support registered for DeLorme Earthmate USB
[    6.449909][    T1] usbserial: USB Serial support registered for HID->COM RS232 Adapter
[    6.451750][    T1] usbserial: USB Serial support registered for Nokia CA-42 V2 Adapter
[    6.452499][    T1] usbcore: registered new interface driver usb_debug
[    6.453127][    T1] usbserial: USB Serial support registered for debug
[    6.453827][    T1] usbserial: USB Serial support registered for xhci_dbc
[    6.454509][    T1] usbcore: registered new interface driver digi_acceleport
[    6.455190][    T1] usbserial: USB Serial support registered for Digi 2 port USB adapter
[    6.457582][    T1] usbserial: USB Serial support registered for Digi 4 port USB adapter
[    6.458384][    T1] usbcore: registered new interface driver io_edgeport
[    6.459043][    T1] usbserial: USB Serial support registered for Edgeport 2 port adapter
[    6.459814][    T1] usbserial: USB Serial support registered for Edgeport 4 port adapter
[    6.460866][    T1] usbserial: USB Serial support registered for Edgeport 8 port adapter
[    6.461795][    T1] usbserial: USB Serial support registered for EPiC device
[    6.463234][    T1] usbcore: registered new interface driver io_ti
[    6.463831][    T1] usbserial: USB Serial support registered for Edgeport TI 1 port adapter
[    6.464583][    T1] usbserial: USB Serial support registered for Edgeport TI 2 port adapter
[    6.465380][    T1] usbcore: registered new interface driver empeg
[    6.466018][    T1] usbserial: USB Serial support registered for empeg
[    6.466686][    T1] usbcore: registered new interface driver f81232
[    6.467306][    T1] usbserial: USB Serial support registered for f81232
[    6.467992][    T1] usbcore: registered new interface driver f81534
[    6.468624][    T1] usbserial: USB Serial support registered for Fintek F81532/F81534
[    6.469614][    T1] usbcore: registered new interface driver ftdi_sio
[    6.470509][    T1] usbserial: USB Serial support registered for FTDI USB Serial Device
[    6.472761][    T1] usbcore: registered new interface driver garmin_gps
[    6.473591][    T1] usbserial: USB Serial support registered for Garmin GPS usb/tty
[    6.474477][    T1] usbcore: registered new interface driver ipaq
[    6.475228][    T1] usbserial: USB Serial support registered for PocketPC PDA
[    6.476359][    T1] usbcore: registered new interface driver ipw
[    6.477052][    T1] usbserial: USB Serial support registered for IPWireless converter
[    6.477897][    T1] usbcore: registered new interface driver ir_usb
[    6.478592][    T1] usbserial: USB Serial support registered for IR Dongle
[    6.479275][    T1] usbcore: registered new interface driver iuu_phoenix
[    6.479938][    T1] usbserial: USB Serial support registered for iuu_phoenix
[    6.480663][    T1] usbcore: registered new interface driver keyspan
[    6.481288][    T1] usbserial: USB Serial support registered for Keyspan - (without firmware)
[    6.482079][    T1] usbserial: USB Serial support registered for Keyspan 1 port adapter
[    6.482841][    T1] usbserial: USB Serial support registered for Keyspan 2 port adapter
[    6.485017][    T1] usbserial: USB Serial support registered for Keyspan 4 port adapter
[    6.485802][    T1] usbcore: registered new interface driver keyspan_pda
[    6.486425][    T1] usbserial: USB Serial support registered for Keyspan PDA
[    6.487110][    T1] usbserial: USB Serial support registered for Keyspan PDA - (prerenumeration)
[    6.487951][    T1] usbcore: registered new interface driver kl5kusb105
[    6.488600][    T1] usbserial: USB Serial support registered for KL5KUSB105D / PalmConnect
[    6.489395][    T1] usbcore: registered new interface driver kobil_sct
[    6.490042][    T1] usbserial: USB Serial support registered for KOBIL USB smart card terminal
[    6.490865][    T1] usbcore: registered new interface driver mct_u232
[    6.491506][    T1] usbserial: USB Serial support registered for MCT U232
[    6.492284][    T1] usbcore: registered new interface driver metro_usb
[    6.493200][    T1] usbserial: USB Serial support registered for Metrologic USB to Serial
[    6.494168][    T1] usbcore: registered new interface driver mos7720
[    6.495559][    T1] usbserial: USB Serial support registered for Moschip 2 port adapter
[    6.496324][    T1] usbcore: registered new interface driver mos7840
[    6.496922][    T1] usbserial: USB Serial support registered for Moschip 7840/7820 USB Serial Driver
[    6.497983][    T1] usbcore: registered new interface driver mxuport
[    6.498680][    T1] usbserial: USB Serial support registered for MOXA UPort
[    6.499499][    T1] usbcore: registered new interface driver navman
[    6.500601][    T1] usbserial: USB Serial support registered for navman
[    6.501889][    T1] usbcore: registered new interface driver omninet
[    6.502989][    T1] usbserial: USB Serial support registered for ZyXEL - omni.net lcd plus usb
[    6.504205][    T1] usbcore: registered new interface driver opticon
[    6.505019][    T1] usbserial: USB Serial support registered for opticon
[    6.505734][    T1] usbcore: registered new interface driver option
[    6.506507][    T1] usbserial: USB Serial support registered for GSM modem (1-port)
[    6.507406][    T1] usbcore: registered new interface driver oti6858
[    6.508068][    T1] usbserial: USB Serial support registered for oti6858
[    6.509002][    T1] usbcore: registered new interface driver pl2303
[    6.509660][    T1] usbserial: USB Serial support registered for pl2303
[    6.510383][    T1] usbcore: registered new interface driver qcaux
[    6.511137][    T1] usbserial: USB Serial support registered for qcaux
[    6.511778][    T1] usbcore: registered new interface driver qcserial
[    6.512553][    T1] usbserial: USB Serial support registered for Qualcomm USB modem
[    6.513353][    T1] usbcore: registered new interface driver quatech2
[    6.513956][    T1] usbserial: USB Serial support registered for Quatech 2nd gen USB to Serial Driver
[    6.514947][    T1] usbcore: registered new interface driver safe_serial
[    6.515662][    T1] usbserial: USB Serial support registered for safe_serial
[    6.517536][    T1] usbcore: registered new interface driver sierra
[    6.518214][    T1] usbserial: USB Serial support registered for Sierra USB modem
[    6.519028][    T1] usbcore: registered new interface driver usb_serial_simple
[    6.519790][    T1] usbserial: USB Serial support registered for carelink
[    6.520454][    T1] usbserial: USB Serial support registered for zio
[    6.521082][    T1] usbserial: USB Serial support registered for funsoft
[    6.521737][    T1] usbserial: USB Serial support registered for flashloader
[    6.522458][    T1] usbserial: USB Serial support registered for google
[    6.523164][    T1] usbserial: USB Serial support registered for libtransistor
[    6.523893][    T1] usbserial: USB Serial support registered for vivopay
[    6.525798][    T1] usbserial: USB Serial support registered for moto_modem
[    6.526723][    T1] usbserial: USB Serial support registered for motorola_tetra
[    6.527459][    T1] usbserial: USB Serial support registered for novatel_gps
[    6.528152][    T1] usbserial: USB Serial support registered for hp4x
[    6.528788][    T1] usbserial: USB Serial support registered for suunto
[    6.529444][    T1] usbserial: USB Serial support registered for siemens_mpi
[    6.530351][    T1] usbcore: registered new interface driver spcp8x5
[    6.531229][    T1] usbserial: USB Serial support registered for SPCP8x5
[    6.532006][    T1] usbcore: registered new interface driver ssu100
[    6.532712][    T1] usbserial: USB Serial support registered for Quatech SSU-100 USB to Serial Driver
[    6.534020][    T1] usbcore: registered new interface driver symbolserial
[    6.535727][    T1] usbserial: USB Serial support registered for symbol
[    6.536480][    T1] usbcore: registered new interface driver ti_usb_3410_5052
[    6.537194][    T1] usbserial: USB Serial support registered for TI USB 3410 1 port adapter
[    6.538047][    T1] usbserial: USB Serial support registered for TI USB 5052 2 port adapter
[    6.538939][    T1] usbcore: registered new interface driver upd78f0730
[    6.539656][    T1] usbserial: USB Serial support registered for upd78f0730
[    6.540407][    T1] usbcore: registered new interface driver visor
[    6.541124][    T1] usbserial: USB Serial support registered for Handspring Visor / Palm OS
[    6.541975][    T1] usbserial: USB Serial support registered for Sony Clie 5.0
[    6.542665][    T1] usbserial: USB Serial support registered for Sony Clie 3.5
[    6.543556][    T1] usbcore: registered new interface driver wishbone_serial
[    6.545204][    T1] usbserial: USB Serial support registered for wishbone_serial
[    6.546274][    T1] usbcore: registered new interface driver whiteheat
[    6.546949][    T1] usbserial: USB Serial support registered for Connect Tech - WhiteHEAT - (prerenumeration)
[    6.547932][    T1] usbserial: USB Serial support registered for Connect Tech - WhiteHEAT
[    6.548748][    T1] usbcore: registered new interface driver xsens_mt
[    6.549397][    T1] usbserial: USB Serial support registered for xsens_mt
[    6.550098][    T1] usbcore: registered new interface driver adutux
[    6.550804][    T1] usbcore: registered new interface driver appledisplay
[    6.551544][    T1] usbcore: registered new interface driver cypress_cy7c63
[    6.552240][    T1] usbcore: registered new interface driver cytherm
[    6.553004][    T1] usbcore: registered new interface driver emi26 - firmware loader
[    6.554027][    T1] usbcore: registered new interface driver emi62 - firmware loader
[    6.555940][    T1] usbcore: registered new interface driver idmouse
[    6.556648][    T1] usbcore: registered new interface driver iowarrior
[    6.557334][    T1] usbcore: registered new interface driver isight_firmware
[    6.558099][    T1] usbcore: registered new interface driver usblcd
[    6.558777][    T1] usbcore: registered new interface driver ldusb
[    6.559416][    T1] usbcore: registered new interface driver legousbtower
[    6.560144][    T1] usbcore: registered new interface driver usbtest
[    6.561140][    T1] usbcore: registered new interface driver usb_ehset_test
[    6.562026][    T1] usbcore: registered new interface driver trancevibrator
[    6.562819][    T1] usbcore: registered new interface driver uss720
[    6.563368][    T1] uss720: USB Parport Cable driver for Cables using the Lucent Technologies USS720 Chip
[    6.564188][    T1] uss720: NOTE: this is a special purpose driver to allow nonstandard
[    6.564864][    T1] uss720: protocols (eg. bitbang) over USS720 usb to parallel cables
[    6.565531][    T1] uss720: If you just want to connect to a printer, use usblp instead
[    6.568098][    T1] usbcore: registered new interface driver usbsevseg
[    6.568786][    T1] usbcore: registered new interface driver yurex
[    6.570029][    T1] usbcore: registered new interface driver chaoskey
[    6.570702][    T1] usbcore: registered new interface driver sisusb
[    6.571343][    T1] usbcore: registered new interface driver lvs
[    6.571966][    T1] usbcore: registered new interface driver cxacru
[    6.572646][    T1] usbcore: registered new interface driver speedtch
[    6.573318][    T1] usbcore: registered new interface driver ueagle-atm
[    6.573840][    T1] xusbatm: malformed module parameters
[    6.576866][    T1] dummy_hcd dummy_hcd.0: USB Host+Gadget Emulator, driver 02 May 2005
[    6.577536][    T1] dummy_hcd dummy_hcd.0: Dummy host controller
[    6.578775][    T1] dummy_hcd dummy_hcd.0: new USB bus registered, assigned bus number 1
[    6.580064][    T1] usb usb1: New USB device found, idVendor=1d6b, idProduct=0002, bcdDevice= 5.06
[    6.580794][    T1] usb usb1: New USB device strings: Mfr=3, Product=2, SerialNumber=1
[    6.581411][    T1] usb usb1: Product: Dummy host controller
[    6.581853][    T1] usb usb1: Manufacturer: Linux 5.6.0-rc3-08ddddda667b-00017-g08ddddda667b dummy_hcd
[    6.582572][    T1] usb usb1: SerialNumber: dummy_hcd.0
[    6.584495][    T1] hub 1-0:1.0: USB hub found
[    6.585073][    T1] hub 1-0:1.0: 1 port detected
[    6.588601][    T1] dummy_hcd dummy_hcd.1: USB Host+Gadget Emulator, driver 02 May 2005
[    6.589259][    T1] dummy_hcd dummy_hcd.1: Dummy host controller
[    6.590131][    T1] dummy_hcd dummy_hcd.1: new USB bus registered, assigned bus number 2
[    6.591300][    T1] usb usb2: New USB device found, idVendor=1d6b, idProduct=0002, bcdDevice= 5.06
[    6.592365][    T1] usb usb2: New USB device strings: Mfr=3, Product=2, SerialNumber=1
[    6.593081][    T1] usb usb2: Product: Dummy host controller
[    6.593577][    T1] usb usb2: Manufacturer: Linux 5.6.0-rc3-08ddddda667b-00017-g08ddddda667b dummy_hcd
[    6.594380][    T1] usb usb2: SerialNumber: dummy_hcd.1
[    6.596593][    T1] hub 2-0:1.0: USB hub found
[    6.597087][    T1] hub 2-0:1.0: 1 port detected
[    6.598879][    T1] dummy_hcd dummy_hcd.2: USB Host+Gadget Emulator, driver 02 May 2005
[    6.599594][    T1] dummy_hcd dummy_hcd.2: Dummy host controller
[    6.600486][    T1] dummy_hcd dummy_hcd.2: new USB bus registered, assigned bus number 3
[    6.601612][    T1] usb usb3: New USB device found, idVendor=1d6b, idProduct=0002, bcdDevice= 5.06
[    6.602375][    T1] usb usb3: New USB device strings: Mfr=3, Product=2, SerialNumber=1
[    6.603044][    T1] usb usb3: Product: Dummy host controller
[    6.603535][    T1] usb usb3: Manufacturer: Linux 5.6.0-rc3-08ddddda667b-00017-g08ddddda667b dummy_hcd
[    6.604316][    T1] usb usb3: SerialNumber: dummy_hcd.2
[    6.606436][    T1] hub 3-0:1.0: USB hub found
[    6.606923][    T1] hub 3-0:1.0: 1 port detected
[    6.608549][    T1] dummy_hcd dummy_hcd.3: USB Host+Gadget Emulator, driver 02 May 2005
[    6.609205][    T1] dummy_hcd dummy_hcd.3: Dummy host controller
[    6.610013][    T1] dummy_hcd dummy_hcd.3: new USB bus registered, assigned bus number 4
[    6.611040][    T1] usb usb4: New USB device found, idVendor=1d6b, idProduct=0002, bcdDevice= 5.06
[    6.611797][    T1] usb usb4: New USB device strings: Mfr=3, Product=2, SerialNumber=1
[    6.612431][    T1] usb usb4: Product: Dummy host controller
[    6.612873][    T1] usb usb4: Manufacturer: Linux 5.6.0-rc3-08ddddda667b-00017-g08ddddda667b dummy_hcd
[    6.613584][    T1] usb usb4: SerialNumber: dummy_hcd.3
[    6.615656][    T1] hub 4-0:1.0: USB hub found
[    6.616186][    T1] hub 4-0:1.0: 1 port detected
[    6.617873][    T1] dummy_hcd dummy_hcd.4: USB Host+Gadget Emulator, driver 02 May 2005
[    6.618520][    T1] dummy_hcd dummy_hcd.4: Dummy host controller
[    6.619327][    T1] dummy_hcd dummy_hcd.4: new USB bus registered, assigned bus number 5
[    6.620322][    T1] usb usb5: New USB device found, idVendor=1d6b, idProduct=0002, bcdDevice= 5.06
[    6.621085][    T1] usb usb5: New USB device strings: Mfr=3, Product=2, SerialNumber=1
[    6.621760][    T1] usb usb5: Product: Dummy host controller
[    6.622430][    T1] usb usb5: Manufacturer: Linux 5.6.0-rc3-08ddddda667b-00017-g08ddddda667b dummy_hcd
[    6.623646][    T1] usb usb5: SerialNumber: dummy_hcd.4
[    6.626472][    T1] hub 5-0:1.0: USB hub found
[    6.626978][    T1] hub 5-0:1.0: 1 port detected
[    6.628684][    T1] dummy_hcd dummy_hcd.5: USB Host+Gadget Emulator, driver 02 May 2005
[    6.629395][    T1] dummy_hcd dummy_hcd.5: Dummy host controller
[    6.630284][    T1] dummy_hcd dummy_hcd.5: new USB bus registered, assigned bus number 6
[    6.631736][    T1] usb usb6: New USB device found, idVendor=1d6b, idProduct=0002, bcdDevice= 5.06
[    6.632808][    T1] usb usb6: New USB device strings: Mfr=3, Product=2, SerialNumber=1
[    6.633709][    T1] usb usb6: Product: Dummy host controller
[    6.634329][    T1] usb usb6: Manufacturer: Linux 5.6.0-rc3-08ddddda667b-00017-g08ddddda667b dummy_hcd
[    6.635367][    T1] usb usb6: SerialNumber: dummy_hcd.5
[    6.638002][    T1] hub 6-0:1.0: USB hub found
[    6.638591][    T1] hub 6-0:1.0: 1 port detected
[    6.640363][    T1] dummy_hcd dummy_hcd.6: USB Host+Gadget Emulator, driver 02 May 2005
[    6.641311][    T1] dummy_hcd dummy_hcd.6: Dummy host controller
[    6.642448][    T1] dummy_hcd dummy_hcd.6: new USB bus registered, assigned bus number 7
[    6.643843][    T1] usb usb7: New USB device found, idVendor=1d6b, idProduct=0002, bcdDevice= 5.06
[    6.644813][    T1] usb usb7: New USB device strings: Mfr=3, Product=2, SerialNumber=1
[    6.645679][    T1] usb usb7: Product: Dummy host controller
[    6.647199][    T1] usb usb7: Manufacturer: Linux 5.6.0-rc3-08ddddda667b-00017-g08ddddda667b dummy_hcd
[    6.648211][    T1] usb usb7: SerialNumber: dummy_hcd.6
[    6.649696][    T1] hub 7-0:1.0: USB hub found
[    6.650302][    T1] hub 7-0:1.0: 1 port detected
[    6.652186][    T1] dummy_hcd dummy_hcd.7: USB Host+Gadget Emulator, driver 02 May 2005
[    6.653191][    T1] dummy_hcd dummy_hcd.7: Dummy host controller
[    6.654298][    T1] dummy_hcd dummy_hcd.7: new USB bus registered, assigned bus number 8
[    6.655547][    T1] usb usb8: New USB device found, idVendor=1d6b, idProduct=0002, bcdDevice= 5.06
[    6.657069][    T1] usb usb8: New USB device strings: Mfr=3, Product=2, SerialNumber=1
[    6.657761][    T1] usb usb8: Product: Dummy host controller
[    6.658257][    T1] usb usb8: Manufacturer: Linux 5.6.0-rc3-08ddddda667b-00017-g08ddddda667b dummy_hcd
[    6.659065][    T1] usb usb8: SerialNumber: dummy_hcd.7
[    6.661241][    T1] hub 8-0:1.0: USB hub found
[    6.661731][    T1] hub 8-0:1.0: 1 port detected
[    6.671534][    T1] gadgetfs: USB Gadget filesystem, version 24 Aug 2004
[    6.674230][    T1] vhci_hcd vhci_hcd.0: USB/IP Virtual Host Controller
[    6.675179][    T1] vhci_hcd vhci_hcd.0: new USB bus registered, assigned bus number 9
[    6.676172][    T1] vhci_hcd: created sysfs vhci_hcd.0
[    6.678917][    T1] usb usb9: New USB device found, idVendor=1d6b, idProduct=0002, bcdDevice= 5.06
[    6.679626][    T1] usb usb9: New USB device strings: Mfr=3, Product=2, SerialNumber=1
[    6.680237][    T1] usb usb9: Product: USB/IP Virtual Host Controller
[    6.680738][    T1] usb usb9: Manufacturer: Linux 5.6.0-rc3-08ddddda667b-00017-g08ddddda667b vhci_hcd
[    6.681454][    T1] usb usb9: SerialNumber: vhci_hcd.0
[    6.683029][    T1] hub 9-0:1.0: USB hub found
[    6.683570][    T1] hub 9-0:1.0: 8 ports detected
[    6.688750][    T1] vhci_hcd vhci_hcd.0: USB/IP Virtual Host Controller
[    6.689705][    T1] vhci_hcd vhci_hcd.0: new USB bus registered, assigned bus number 10
[    6.690581][    T1] usb usb10: We don't know the algorithms for LPM for this host, disabling LPM.
[    6.691700][    T1] usb usb10: New USB device found, idVendor=1d6b, idProduct=0003, bcdDevice= 5.06
[    6.692476][    T1] usb usb10: New USB device strings: Mfr=3, Product=2, SerialNumber=1
[    6.693108][    T1] usb usb10: Product: USB/IP Virtual Host Controller
[    6.693619][    T1] usb usb10: Manufacturer: Linux 5.6.0-rc3-08ddddda667b-00017-g08ddddda667b vhci_hcd
[    6.694329][    T1] usb usb10: SerialNumber: vhci_hcd.0
[    6.695937][    T1] hub 10-0:1.0: USB hub found
[    6.696426][    T1] hub 10-0:1.0: 8 ports detected
[    6.699990][    T1] vhci_hcd vhci_hcd.1: USB/IP Virtual Host Controller
[    6.700938][    T1] vhci_hcd vhci_hcd.1: new USB bus registered, assigned bus number 11
[    6.702111][    T1] usb usb11: New USB device found, idVendor=1d6b, idProduct=0002, bcdDevice= 5.06
[    6.702813][    T1] usb usb11: New USB device strings: Mfr=3, Product=2, SerialNumber=1
[    6.703431][    T1] usb usb11: Product: USB/IP Virtual Host Controller
[    6.703934][    T1] usb usb11: Manufacturer: Linux 5.6.0-rc3-08ddddda667b-00017-g08ddddda667b vhci_hcd
[    6.704646][    T1] usb usb11: SerialNumber: vhci_hcd.1
[    6.707229][    T1] hub 11-0:1.0: USB hub found
[    6.707706][    T1] hub 11-0:1.0: 8 ports detected
[    6.710490][    T1] vhci_hcd vhci_hcd.1: USB/IP Virtual Host Controller
[    6.711551][    T1] vhci_hcd vhci_hcd.1: new USB bus registered, assigned bus number 12
[    6.712323][    T1] usb usb12: We don't know the algorithms for LPM for this host, disabling LPM.
[    6.713315][    T1] usb usb12: New USB device found, idVendor=1d6b, idProduct=0003, bcdDevice= 5.06
[    6.714214][    T1] usb usb12: New USB device strings: Mfr=3, Product=2, SerialNumber=1
[    6.715036][    T1] usb usb12: Product: USB/IP Virtual Host Controller
[    6.715608][    T1] usb usb12: Manufacturer: Linux 5.6.0-rc3-08ddddda667b-00017-g08ddddda667b vhci_hcd
[    6.716982][    T1] usb usb12: SerialNumber: vhci_hcd.1
[    6.718386][    T1] hub 12-0:1.0: USB hub found
[    6.718859][    T1] hub 12-0:1.0: 8 ports detected
[    6.722227][    T1] vhci_hcd vhci_hcd.2: USB/IP Virtual Host Controller
[    6.723231][    T1] vhci_hcd vhci_hcd.2: new USB bus registered, assigned bus number 13
[    6.724571][    T1] usb usb13: New USB device found, idVendor=1d6b, idProduct=0002, bcdDevice= 5.06
[    6.725273][    T1] usb usb13: New USB device strings: Mfr=3, Product=2, SerialNumber=1
[    6.725909][    T1] usb usb13: Product: USB/IP Virtual Host Controller
[    6.726420][    T1] usb usb13: Manufacturer: Linux 5.6.0-rc3-08ddddda667b-00017-g08ddddda667b vhci_hcd
[    6.727133][    T1] usb usb13: SerialNumber: vhci_hcd.2
[    6.728626][    T1] hub 13-0:1.0: USB hub found
[    6.729076][    T1] hub 13-0:1.0: 8 ports detected
[    6.731818][    T1] vhci_hcd vhci_hcd.2: USB/IP Virtual Host Controller
[    6.732711][    T1] vhci_hcd vhci_hcd.2: new USB bus registered, assigned bus number 14
[    6.733573][    T1] usb usb14: We don't know the algorithms for LPM for this host, disabling LPM.
[    6.734766][    T1] usb usb14: New USB device found, idVendor=1d6b, idProduct=0003, bcdDevice= 5.06
[    6.735466][    T1] usb usb14: New USB device strings: Mfr=3, Product=2, SerialNumber=1
[    6.736341][    T1] usb usb14: Product: USB/IP Virtual Host Controller
[    6.736856][    T1] usb usb14: Manufacturer: Linux 5.6.0-rc3-08ddddda667b-00017-g08ddddda667b vhci_hcd
[    6.737568][    T1] usb usb14: SerialNumber: vhci_hcd.2
[    6.739076][    T1] hub 14-0:1.0: USB hub found
[    6.739527][    T1] hub 14-0:1.0: 8 ports detected
[    6.742864][    T1] vhci_hcd vhci_hcd.3: USB/IP Virtual Host Controller
[    6.743795][    T1] vhci_hcd vhci_hcd.3: new USB bus registered, assigned bus number 15
[    6.745476][    T1] usb usb15: New USB device found, idVendor=1d6b, idProduct=0002, bcdDevice= 5.06
[    6.746391][    T1] usb usb15: New USB device strings: Mfr=3, Product=2, SerialNumber=1
[    6.747098][    T1] usb usb15: Product: USB/IP Virtual Host Controller
[    6.747655][    T1] usb usb15: Manufacturer: Linux 5.6.0-rc3-08ddddda667b-00017-g08ddddda667b vhci_hcd
[    6.748435][    T1] usb usb15: SerialNumber: vhci_hcd.3
[    6.749839][    T1] hub 15-0:1.0: USB hub found
[    6.750332][    T1] hub 15-0:1.0: 8 ports detected
[    6.753287][    T1] vhci_hcd vhci_hcd.3: USB/IP Virtual Host Controller
[    6.754379][    T1] vhci_hcd vhci_hcd.3: new USB bus registered, assigned bus number 16
[    6.755172][    T1] usb usb16: We don't know the algorithms for LPM for this host, disabling LPM.
[    6.757033][    T1] usb usb16: New USB device found, idVendor=1d6b, idProduct=0003, bcdDevice= 5.06
[    6.757737][    T1] usb usb16: New USB device strings: Mfr=3, Product=2, SerialNumber=1
[    6.758351][    T1] usb usb16: Product: USB/IP Virtual Host Controller
[    6.758858][    T1] usb usb16: Manufacturer: Linux 5.6.0-rc3-08ddddda667b-00017-g08ddddda667b vhci_hcd
[    6.759567][    T1] usb usb16: SerialNumber: vhci_hcd.3
[    6.760946][    T1] hub 16-0:1.0: USB hub found
[    6.761398][    T1] hub 16-0:1.0: 8 ports detected
[    6.764745][    T1] vhci_hcd vhci_hcd.4: USB/IP Virtual Host Controller
[    6.765656][    T1] vhci_hcd vhci_hcd.4: new USB bus registered, assigned bus number 17
[    6.766836][    T1] usb usb17: New USB device found, idVendor=1d6b, idProduct=0002, bcdDevice= 5.06
[    6.767535][    T1] usb usb17: New USB device strings: Mfr=3, Product=2, SerialNumber=1
[    6.768148][    T1] usb usb17: Product: USB/IP Virtual Host Controller
[    6.768655][    T1] usb usb17: Manufacturer: Linux 5.6.0-rc3-08ddddda667b-00017-g08ddddda667b vhci_hcd
[    6.769362][    T1] usb usb17: SerialNumber: vhci_hcd.4
[    6.771132][    T1] hub 17-0:1.0: USB hub found
[    6.771585][    T1] hub 17-0:1.0: 8 ports detected
[    6.774381][    T1] vhci_hcd vhci_hcd.4: USB/IP Virtual Host Controller
[    6.775288][    T1] vhci_hcd vhci_hcd.4: new USB bus registered, assigned bus number 18
[    6.776551][    T1] usb usb18: We don't know the algorithms for LPM for this host, disabling LPM.
[    6.778080][    T1] usb usb18: New USB device found, idVendor=1d6b, idProduct=0003, bcdDevice= 5.06
[    6.778875][    T1] usb usb18: New USB device strings: Mfr=3, Product=2, SerialNumber=1
[    6.779551][    T1] usb usb18: Product: USB/IP Virtual Host Controller
[    6.780068][    T1] usb usb18: Manufacturer: Linux 5.6.0-rc3-08ddddda667b-00017-g08ddddda667b vhci_hcd
[    6.780782][    T1] usb usb18: SerialNumber: vhci_hcd.4
[    6.782055][    T1] hub 18-0:1.0: USB hub found
[    6.782516][    T1] hub 18-0:1.0: 8 ports detected
[    6.785965][    T1] vhci_hcd vhci_hcd.5: USB/IP Virtual Host Controller
[    6.786837][    T1] vhci_hcd vhci_hcd.5: new USB bus registered, assigned bus number 19
[    6.787838][    T1] usb usb19: New USB device found, idVendor=1d6b, idProduct=0002, bcdDevice= 5.06
[    6.788547][    T1] usb usb19: New USB device strings: Mfr=3, Product=2, SerialNumber=1
[    6.789186][    T1] usb usb19: Product: USB/IP Virtual Host Controller
[    6.789710][    T1] usb usb19: Manufacturer: Linux 5.6.0-rc3-08ddddda667b-00017-g08ddddda667b vhci_hcd
[    6.790432][    T1] usb usb19: SerialNumber: vhci_hcd.5
[    6.791809][    T1] hub 19-0:1.0: USB hub found
[    6.792263][    T1] hub 19-0:1.0: 8 ports detected
[    6.795012][    T1] vhci_hcd vhci_hcd.5: USB/IP Virtual Host Controller
[    6.796052][    T1] vhci_hcd vhci_hcd.5: new USB bus registered, assigned bus number 20
[    6.796925][    T1] usb usb20: We don't know the algorithms for LPM for this host, disabling LPM.
[    6.798581][    T1] usb usb20: New USB device found, idVendor=1d6b, idProduct=0003, bcdDevice= 5.06
[    6.799305][    T1] usb usb20: New USB device strings: Mfr=3, Product=2, SerialNumber=1
[    6.799937][    T1] usb usb20: Product: USB/IP Virtual Host Controller
[    6.800455][    T1] usb usb20: Manufacturer: Linux 5.6.0-rc3-08ddddda667b-00017-g08ddddda667b vhci_hcd
[    6.801195][    T1] usb usb20: SerialNumber: vhci_hcd.5
[    6.802455][    T1] hub 20-0:1.0: USB hub found
[    6.802918][    T1] hub 20-0:1.0: 8 ports detected
[    6.807179][    T1] vhci_hcd vhci_hcd.6: USB/IP Virtual Host Controller
[    6.808445][    T1] vhci_hcd vhci_hcd.6: new USB bus registered, assigned bus number 21
[    6.810000][    T1] usb usb21: New USB device found, idVendor=1d6b, idProduct=0002, bcdDevice= 5.06
[    6.810775][    T1] usb usb21: New USB device strings: Mfr=3, Product=2, SerialNumber=1
[    6.811455][    T1] usb usb21: Product: USB/IP Virtual Host Controller
[    6.811981][    T1] usb usb21: Manufacturer: Linux 5.6.0-rc3-08ddddda667b-00017-g08ddddda667b vhci_hcd
[    6.812698][    T1] usb usb21: SerialNumber: vhci_hcd.6
[    6.814242][    T1] hub 21-0:1.0: USB hub found
[    6.814775][    T1] hub 21-0:1.0: 8 ports detected
[    6.818148][    T1] vhci_hcd vhci_hcd.6: USB/IP Virtual Host Controller
[    6.819104][    T1] vhci_hcd vhci_hcd.6: new USB bus registered, assigned bus number 22
[    6.819888][    T1] usb usb22: We don't know the algorithms for LPM for this host, disabling LPM.
[    6.820878][    T1] usb usb22: New USB device found, idVendor=1d6b, idProduct=0003, bcdDevice= 5.06
[    6.821575][    T1] usb usb22: New USB device strings: Mfr=3, Product=2, SerialNumber=1
[    6.822188][    T1] usb usb22: Product: USB/IP Virtual Host Controller
[    6.822693][    T1] usb usb22: Manufacturer: Linux 5.6.0-rc3-08ddddda667b-00017-g08ddddda667b vhci_hcd
[    6.823402][    T1] usb usb22: SerialNumber: vhci_hcd.6
[    6.824703][    T1] hub 22-0:1.0: USB hub found
[    6.825151][    T1] hub 22-0:1.0: 8 ports detected
[    6.829045][    T1] vhci_hcd vhci_hcd.7: USB/IP Virtual Host Controller
[    6.829944][    T1] vhci_hcd vhci_hcd.7: new USB bus registered, assigned bus number 23
[    6.830931][    T1] usb usb23: New USB device found, idVendor=1d6b, idProduct=0002, bcdDevice= 5.06
[    6.831628][    T1] usb usb23: New USB device strings: Mfr=3, Product=2, SerialNumber=1
[    6.832242][    T1] usb usb23: Product: USB/IP Virtual Host Controller
[    6.832745][    T1] usb usb23: Manufacturer: Linux 5.6.0-rc3-08ddddda667b-00017-g08ddddda667b vhci_hcd
[    6.833458][    T1] usb usb23: SerialNumber: vhci_hcd.7
[    6.835332][    T1] hub 23-0:1.0: USB hub found
[    6.836879][    T1] hub 23-0:1.0: 8 ports detected
[    6.840360][    T1] vhci_hcd vhci_hcd.7: USB/IP Virtual Host Controller
[    6.841389][    T1] vhci_hcd vhci_hcd.7: new USB bus registered, assigned bus number 24
[    6.842181][    T1] usb usb24: We don't know the algorithms for LPM for this host, disabling LPM.
[    6.843272][    T1] usb usb24: New USB device found, idVendor=1d6b, idProduct=0003, bcdDevice= 5.06
[    6.843970][    T1] usb usb24: New USB device strings: Mfr=3, Product=2, SerialNumber=1
[    6.844588][    T1] usb usb24: Product: USB/IP Virtual Host Controller
[    6.845090][    T1] usb usb24: Manufacturer: Linux 5.6.0-rc3-08ddddda667b-00017-g08ddddda667b vhci_hcd
[    6.847548][    T1] usb usb24: SerialNumber: vhci_hcd.7
[    6.848798][    T1] hub 24-0:1.0: USB hub found
[    6.849245][    T1] hub 24-0:1.0: 8 ports detected
[    6.852620][    T1] vhci_hcd vhci_hcd.8: USB/IP Virtual Host Controller
[    6.853530][    T1] vhci_hcd vhci_hcd.8: new USB bus registered, assigned bus number 25
[    6.854746][    T1] usb usb25: New USB device found, idVendor=1d6b, idProduct=0002, bcdDevice= 5.06
[    6.855451][    T1] usb usb25: New USB device strings: Mfr=3, Product=2, SerialNumber=1
[    6.856195][    T1] usb usb25: Product: USB/IP Virtual Host Controller
[    6.856725][    T1] usb usb25: Manufacturer: Linux 5.6.0-rc3-08ddddda667b-00017-g08ddddda667b vhci_hcd
[    6.857441][    T1] usb usb25: SerialNumber: vhci_hcd.8
[    6.858940][    T1] hub 25-0:1.0: USB hub found
[    6.859510][    T1] hub 25-0:1.0: 8 ports detected
[    6.862678][    T1] vhci_hcd vhci_hcd.8: USB/IP Virtual Host Controller
[    6.863571][    T1] vhci_hcd vhci_hcd.8: new USB bus registered, assigned bus number 26
[    6.864343][    T1] usb usb26: We don't know the algorithms for LPM for this host, disabling LPM.
[    6.865543][    T1] usb usb26: New USB device found, idVendor=1d6b, idProduct=0003, bcdDevice= 5.06
[    6.867761][    T1] usb usb26: New USB device strings: Mfr=3, Product=2, SerialNumber=1
[    6.868620][    T1] usb usb26: Product: USB/IP Virtual Host Controller
[    6.869320][    T1] usb usb26: Manufacturer: Linux 5.6.0-rc3-08ddddda667b-00017-g08ddddda667b vhci_hcd
[    6.870124][    T1] usb usb26: SerialNumber: vhci_hcd.8
[    6.871548][    T1] hub 26-0:1.0: USB hub found
[    6.872047][    T1] hub 26-0:1.0: 8 ports detected
[    6.876205][    T1] vhci_hcd vhci_hcd.9: USB/IP Virtual Host Controller
[    6.877244][    T1] vhci_hcd vhci_hcd.9: new USB bus registered, assigned bus number 27
[    6.878455][    T1] usb usb27: New USB device found, idVendor=1d6b, idProduct=0002, bcdDevice= 5.06
[    6.879157][    T1] usb usb27: New USB device strings: Mfr=3, Product=2, SerialNumber=1
[    6.879778][    T1] usb usb27: Product: USB/IP Virtual Host Controller
[    6.880285][    T1] usb usb27: Manufacturer: Linux 5.6.0-rc3-08ddddda667b-00017-g08ddddda667b vhci_hcd
[    6.880998][    T1] usb usb27: SerialNumber: vhci_hcd.9
[    6.882608][    T1] hub 27-0:1.0: USB hub found
[    6.883054][    T1] hub 27-0:1.0: 8 ports detected
[    6.886851][    T1] vhci_hcd vhci_hcd.9: USB/IP Virtual Host Controller
[    6.887852][    T1] vhci_hcd vhci_hcd.9: new USB bus registered, assigned bus number 28
[    6.888621][    T1] usb usb28: We don't know the algorithms for LPM for this host, disabling LPM.
[    6.889921][    T1] usb usb28: New USB device found, idVendor=1d6b, idProduct=0003, bcdDevice= 5.06
[    6.890667][    T1] usb usb28: New USB device strings: Mfr=3, Product=2, SerialNumber=1
[    6.891287][    T1] usb usb28: Product: USB/IP Virtual Host Controller
[    6.891798][    T1] usb usb28: Manufacturer: Linux 5.6.0-rc3-08ddddda667b-00017-g08ddddda667b vhci_hcd
[    6.892511][    T1] usb usb28: SerialNumber: vhci_hcd.9
[    6.893878][    T1] hub 28-0:1.0: USB hub found
[    6.894378][    T1] hub 28-0:1.0: 8 ports detected
[    6.898181][    T1] vhci_hcd vhci_hcd.10: USB/IP Virtual Host Controller
[    6.899113][    T1] vhci_hcd vhci_hcd.10: new USB bus registered, assigned bus number 29
[    6.901002][    T1] usb usb29: New USB device found, idVendor=1d6b, idProduct=0002, bcdDevice= 5.06
[    6.901798][    T1] usb usb29: New USB device strings: Mfr=3, Product=2, SerialNumber=1
[    6.902490][    T1] usb usb29: Product: USB/IP Virtual Host Controller
[    6.903059][    T1] usb usb29: Manufacturer: Linux 5.6.0-rc3-08ddddda667b-00017-g08ddddda667b vhci_hcd
[    6.903843][    T1] usb usb29: SerialNumber: vhci_hcd.10
[    6.905380][    T1] hub 29-0:1.0: USB hub found
[    6.906644][    T1] hub 29-0:1.0: 8 ports detected
[    6.909661][    T1] vhci_hcd vhci_hcd.10: USB/IP Virtual Host Controller
[    6.910635][    T1] vhci_hcd vhci_hcd.10: new USB bus registered, assigned bus number 30
[    6.911415][    T1] usb usb30: We don't know the algorithms for LPM for this host, disabling LPM.
[    6.912649][    T1] usb usb30: New USB device found, idVendor=1d6b, idProduct=0003, bcdDevice= 5.06
[    6.913351][    T1] usb usb30: New USB device strings: Mfr=3, Product=2, SerialNumber=1
[    6.913972][    T1] usb usb30: Product: USB/IP Virtual Host Controller
[    6.914479][    T1] usb usb30: Manufacturer: Linux 5.6.0-rc3-08ddddda667b-00017-g08ddddda667b vhci_hcd
[    6.915193][    T1] usb usb30: SerialNumber: vhci_hcd.10
[    6.916631][    T1] hub 30-0:1.0: USB hub found
[    6.917079][    T1] hub 30-0:1.0: 8 ports detected
[    6.920557][    T1] vhci_hcd vhci_hcd.11: USB/IP Virtual Host Controller
[    6.921557][    T1] vhci_hcd vhci_hcd.11: new USB bus registered, assigned bus number 31
[    6.923032][    T1] usb usb31: New USB device found, idVendor=1d6b, idProduct=0002, bcdDevice= 5.06
[    6.923733][    T1] usb usb31: New USB device strings: Mfr=3, Product=2, SerialNumber=1
[    6.924347][    T1] usb usb31: Product: USB/IP Virtual Host Controller
[    6.924857][    T1] usb usb31: Manufacturer: Linux 5.6.0-rc3-08ddddda667b-00017-g08ddddda667b vhci_hcd
[    6.925577][    T1] usb usb31: SerialNumber: vhci_hcd.11
[    6.927239][    T1] hub 31-0:1.0: USB hub found
[    6.927739][    T1] hub 31-0:1.0: 8 ports detected
[    6.931239][    T1] vhci_hcd vhci_hcd.11: USB/IP Virtual Host Controller
[    6.932319][    T1] vhci_hcd vhci_hcd.11: new USB bus registered, assigned bus number 32
[    6.933292][    T1] usb usb32: We don't know the algorithms for LPM for this host, disabling LPM.
[    6.934529][    T1] usb usb32: New USB device found, idVendor=1d6b, idProduct=0003, bcdDevice= 5.06
[    6.935239][    T1] usb usb32: New USB device strings: Mfr=3, Product=2, SerialNumber=1
[    6.936366][    T1] usb usb32: Product: USB/IP Virtual Host Controller
[    6.936879][    T1] usb usb32: Manufacturer: Linux 5.6.0-rc3-08ddddda667b-00017-g08ddddda667b vhci_hcd
[    6.937592][    T1] usb usb32: SerialNumber: vhci_hcd.11
[    6.938847][    T1] hub 32-0:1.0: USB hub found
[    6.939305][    T1] hub 32-0:1.0: 8 ports detected
[    6.942886][    T1] vhci_hcd vhci_hcd.12: USB/IP Virtual Host Controller
[    6.943842][    T1] vhci_hcd vhci_hcd.12: new USB bus registered, assigned bus number 33
[    6.945034][    T1] usb usb33: New USB device found, idVendor=1d6b, idProduct=0002, bcdDevice= 5.06
[    6.945745][    T1] usb usb33: New USB device strings: Mfr=3, Product=2, SerialNumber=1
[    6.946852][    T1] usb usb33: Product: USB/IP Virtual Host Controller
[    6.947365][    T1] usb usb33: Manufacturer: Linux 5.6.0-rc3-08ddddda667b-00017-g08ddddda667b vhci_hcd
[    6.948085][    T1] usb usb33: SerialNumber: vhci_hcd.12
[    6.949351][    T1] hub 33-0:1.0: USB hub found
[    6.949805][    T1] hub 33-0:1.0: 8 ports detected
[    6.954021][    T1] vhci_hcd vhci_hcd.12: USB/IP Virtual Host Controller
[    6.954855][    T1] vhci_hcd vhci_hcd.12: new USB bus registered, assigned bus number 34
[    6.956195][    T1] usb usb34: We don't know the algorithms for LPM for this host, disabling LPM.
[    6.957257][    T1] usb usb34: New USB device found, idVendor=1d6b, idProduct=0003, bcdDevice= 5.06
[    6.957958][    T1] usb usb34: New USB device strings: Mfr=3, Product=2, SerialNumber=1
[    6.958584][    T1] usb usb34: Product: USB/IP Virtual Host Controller
[    6.959093][    T1] usb usb34: Manufacturer: Linux 5.6.0-rc3-08ddddda667b-00017-g08ddddda667b vhci_hcd
[    6.959808][    T1] usb usb34: SerialNumber: vhci_hcd.12
[    6.961708][    T1] hub 34-0:1.0: USB hub found
[    6.962225][    T1] hub 34-0:1.0: 8 ports detected
[    6.966216][    T1] vhci_hcd vhci_hcd.13: USB/IP Virtual Host Controller
[    6.967261][    T1] vhci_hcd vhci_hcd.13: new USB bus registered, assigned bus number 35
[    6.968568][    T1] usb usb35: New USB device found, idVendor=1d6b, idProduct=0002, bcdDevice= 5.06
[    6.969341][    T1] usb usb35: New USB device strings: Mfr=3, Product=2, SerialNumber=1
[    6.969992][    T1] usb usb35: Product: USB/IP Virtual Host Controller
[    6.970504][    T1] usb usb35: Manufacturer: Linux 5.6.0-rc3-08ddddda667b-00017-g08ddddda667b vhci_hcd
[    6.971218][    T1] usb usb35: SerialNumber: vhci_hcd.13
[    6.972855][    T1] hub 35-0:1.0: USB hub found
[    6.973310][    T1] hub 35-0:1.0: 8 ports detected
[    6.976157][    T1] vhci_hcd vhci_hcd.13: USB/IP Virtual Host Controller
[    6.977065][    T1] vhci_hcd vhci_hcd.13: new USB bus registered, assigned bus number 36
[    6.977938][    T1] usb usb36: We don't know the algorithms for LPM for this host, disabling LPM.
[    6.979335][    T1] usb usb36: New USB device found, idVendor=1d6b, idProduct=0003, bcdDevice= 5.06
[    6.980046][    T1] usb usb36: New USB device strings: Mfr=3, Product=2, SerialNumber=1
[    6.980664][    T1] usb usb36: Product: USB/IP Virtual Host Controller
[    6.981173][    T1] usb usb36: Manufacturer: Linux 5.6.0-rc3-08ddddda667b-00017-g08ddddda667b vhci_hcd
[    6.981889][    T1] usb usb36: SerialNumber: vhci_hcd.13
[    6.983262][    T1] hub 36-0:1.0: USB hub found
[    6.983717][    T1] hub 36-0:1.0: 8 ports detected
[    6.987237][    T1] vhci_hcd vhci_hcd.14: USB/IP Virtual Host Controller
[    6.991000][    T1] vhci_hcd vhci_hcd.14: new USB bus registered, assigned bus number 37
[    6.992899][    T1] usb usb37: New USB device found, idVendor=1d6b, idProduct=0002, bcdDevice= 5.06
[    6.993701][    T1] usb usb37: New USB device strings: Mfr=3, Product=2, SerialNumber=1
[    6.994400][    T1] usb usb37: Product: USB/IP Virtual Host Controller
[    6.994967][    T1] usb usb37: Manufacturer: Linux 5.6.0-rc3-08ddddda667b-00017-g08ddddda667b vhci_hcd
[    6.995756][    T1] usb usb37: SerialNumber: vhci_hcd.14
[    6.997446][    T1] hub 37-0:1.0: USB hub found
[    6.997939][    T1] hub 37-0:1.0: 8 ports detected
[    7.000745][    T1] vhci_hcd vhci_hcd.14: USB/IP Virtual Host Controller
[    7.001708][    T1] vhci_hcd vhci_hcd.14: new USB bus registered, assigned bus number 38
[    7.002563][    T1] usb usb38: We don't know the algorithms for LPM for this host, disabling LPM.
[    7.003559][    T1] usb usb38: New USB device found, idVendor=1d6b, idProduct=0003, bcdDevice= 5.06
[    7.004259][    T1] usb usb38: New USB device strings: Mfr=3, Product=2, SerialNumber=1
[    7.004877][    T1] usb usb38: Product: USB/IP Virtual Host Controller
[    7.005391][    T1] usb usb38: Manufacturer: Linux 5.6.0-rc3-08ddddda667b-00017-g08ddddda667b vhci_hcd
[    7.006545][    T1] usb usb38: SerialNumber: vhci_hcd.14
[    7.007820][    T1] hub 38-0:1.0: USB hub found
[    7.008271][    T1] hub 38-0:1.0: 8 ports detected
[    7.011632][    T1] vhci_hcd vhci_hcd.15: USB/IP Virtual Host Controller
[    7.012567][    T1] vhci_hcd vhci_hcd.15: new USB bus registered, assigned bus number 39
[    7.013777][    T1] usb usb39: New USB device found, idVendor=1d6b, idProduct=0002, bcdDevice= 5.06
[    7.014488][    T1] usb usb39: New USB device strings: Mfr=3, Product=2, SerialNumber=1
[    7.015108][    T1] usb usb39: Product: USB/IP Virtual Host Controller
[    7.015618][    T1] usb usb39: Manufacturer: Linux 5.6.0-rc3-08ddddda667b-00017-g08ddddda667b vhci_hcd
[    7.016605][    T1] usb usb39: SerialNumber: vhci_hcd.15
[    7.018257][    T1] hub 39-0:1.0: USB hub found
[    7.018722][    T1] hub 39-0:1.0: 8 ports detected
[    7.021469][    T1] vhci_hcd vhci_hcd.15: USB/IP Virtual Host Controller
[    7.022435][    T1] vhci_hcd vhci_hcd.15: new USB bus registered, assigned bus number 40
[    7.023841][    T1] usb usb40: We don't know the algorithms for LPM for this host, disabling LPM.
[    7.025261][    T1] usb usb40: New USB device found, idVendor=1d6b, idProduct=0003, bcdDevice= 5.06
[    7.026167][    T1] usb usb40: New USB device strings: Mfr=3, Product=2, SerialNumber=1
[    7.026848][    T1] usb usb40: Product: USB/IP Virtual Host Controller
[    7.027411][    T1] usb usb40: Manufacturer: Linux 5.6.0-rc3-08ddddda667b-00017-g08ddddda667b vhci_hcd
[    7.028199][    T1] usb usb40: SerialNumber: vhci_hcd.15
[    7.029602][    T1] hub 40-0:1.0: USB hub found
[    7.030093][    T1] hub 40-0:1.0: 8 ports detected
[    7.034181][    T1] usbcore: registered new device driver usbip-host
[    7.037135][    T1] i8042: PNP: PS/2 Controller [PNP0303:KBD,PNP0f13:MOU] at 0x60,0x64 irq 1,12
[    7.041366][    T1] serio: i8042 KBD port at 0x60,0x64 irq 1
[    7.042459][    T1] serio: i8042 AUX port at 0x60,0x64 irq 12
[    7.044306][    T1] mousedev: PS/2 mouse device common for all mice
[    7.046441][  T519] input: AT Translated Set 2 keyboard as /devices/platform/i8042/serio0/input/input1
[    7.050474][    T1] usbcore: registered new interface driver appletouch
[    7.051314][    T1] usbcore: registered new interface driver bcm5974
[    7.055628][    T1] usbcore: registered new interface driver synaptics_usb
[    7.056675][    T1] usbcore: registered new interface driver iforce
[    7.057651][    T1] usbcore: registered new interface driver xpad
[    7.058533][    T1] usbcore: registered new interface driver usb_acecad
[    7.059672][    T1] usbcore: registered new interface driver aiptek
[    7.060714][    T1] usbcore: registered new interface driver hanwang
[    7.061924][    T1] usbcore: registered new interface driver kbtab
[    7.062831][    T1] usbcore: registered new interface driver pegasus_notetaker
[    7.063964][    T1] usbcore: registered new interface driver usbtouchscreen
[    7.064909][    T1] usbcore: registered new interface driver sur40
[    7.065835][    T1] usbcore: registered new interface driver ati_remote2
[    7.066460][    T1] cm109: Keymap for Komunikate KIP1000 phone loaded
[    7.067212][    T1] usbcore: registered new interface driver cm109
[    7.067785][    T1] cm109: CM109 phone driver: 20080805 (C) Alfred E. Heggestad
[    7.068817][    T1] usbcore: registered new interface driver ims_pcu
[    7.069614][    T1] usbcore: registered new interface driver keyspan_remote
[    7.070602][    T1] usbcore: registered new interface driver powermate
[    7.071633][    T1] usbcore: registered new interface driver yealink
[    7.073335][    T1] rtc_cmos 00:05: RTC can wake from S4
[    7.075816][    T1] rtc_cmos 00:05: registered as rtc0
[    7.076237][    T1] rtc_cmos 00:05: alarms up to one day, y3k, 242 bytes nvram, hpet irqs
[    7.077463][    T1] i2c /dev entries driver
[    7.080725][    T1] usbcore: registered new interface driver i2c-diolan-u2c
[    7.081594][    T1] usbcore: registered new interface driver RobotFuzz Open Source InterFace, OSIF
[    7.082505][    T1] usbcore: registered new interface driver i2c-tiny-usb
[    7.086399][    T1] usbcore: registered new interface driver ati_remote
[    7.087412][    T1] usbcore: registered new interface driver imon
[    7.088367][    T1] usbcore: registered new interface driver mceusb
[    7.089309][    T1] usbcore: registered new interface driver redrat3
[    7.090259][    T1] usbcore: registered new interface driver streamzap
[    7.091728][    T1] usbcore: registered new interface driver igorplugusb
[    7.092894][    T1] usbcore: registered new interface driver iguanair
[    7.093836][    T1] usbcore: registered new interface driver ttusbir
[    7.094521][    T1] b2c2-flexcop: B2C2 FlexcopII/II(b)/III digital TV receiver chip loaded successfully
[    7.106838][    T1] vivid-000: using single planar format API
[    7.120587][    T1] vivid-000: CEC adapter cec0 registered for HDMI input 0
[    7.121697][    T1] vivid-000: V4L2 capture device registered as video3
[    7.122660][    T1] vivid-000: CEC adapter cec1 registered for HDMI output 0
[    7.123758][    T1] vivid-000: V4L2 output device registered as video4
[    7.124673][    T1] vivid-000: V4L2 capture device registered as vbi0, supports raw and sliced VBI
[    7.126787][    T1] vivid-000: V4L2 output device registered as vbi1, supports raw and sliced VBI
[    7.127885][    T1] vivid-000: V4L2 capture device registered as swradio0
[    7.128806][    T1] vivid-000: V4L2 receiver device registered as radio0
[    7.129761][    T1] vivid-000: V4L2 transmitter device registered as radio1
[    7.130695][    T1] vivid-000: V4L2 metadata capture device registered as video5
[    7.131980][    T1] vivid-000: V4L2 metadata output device registered as video6
[    7.133172][    T1] vivid-000: V4L2 touch capture device registered as v4l-touch0
[    7.134164][    T1] vivid-001: using multiplanar format API
[    7.147117][    T1] vivid-001: CEC adapter cec2 registered for HDMI input 0
[    7.148225][    T1] vivid-001: V4L2 capture device registered as video7
[    7.149244][    T1] vivid-001: CEC adapter cec3 registered for HDMI output 0
[    7.150317][    T1] vivid-001: V4L2 output device registered as video8
[    7.151258][    T1] vivid-001: V4L2 capture device registered as vbi2, supports raw and sliced VBI
[    7.152708][    T1] vivid-001: V4L2 output device registered as vbi3, supports raw and sliced VBI
[    7.154004][    T1] vivid-001: V4L2 capture device registered as swradio1
[    7.154886][    T1] vivid-001: V4L2 receiver device registered as radio2
[    7.155920][    T1] vivid-001: V4L2 transmitter device registered as radio3
[    7.157092][    T1] vivid-001: V4L2 metadata capture device registered as video9
[    7.158212][    T1] vivid-001: V4L2 metadata output device registered as video10
[    7.159339][    T1] vivid-001: V4L2 touch capture device registered as v4l-touch1
[    7.160422][    T1] vivid-002: using single planar format API
[    7.173319][    T1] vivid-002: CEC adapter cec4 registered for HDMI input 0
[    7.174177][    T1] vivid-002: V4L2 capture device registered as video11
[    7.175049][    T1] vivid-002: CEC adapter cec5 registered for HDMI output 0
[    7.176166][    T1] vivid-002: V4L2 output device registered as video12
[    7.177337][    T1] vivid-002: V4L2 capture device registered as vbi4, supports raw and sliced VBI
[    7.179049][    T1] vivid-002: V4L2 output device registered as vbi5, supports raw and sliced VBI
[    7.180273][    T1] vivid-002: V4L2 capture device registered as swradio2
[    7.181186][    T1] vivid-002: V4L2 receiver device registered as radio4
[    7.182130][    T1] vivid-002: V4L2 transmitter device registered as radio5
[    7.183178][    T1] vivid-002: V4L2 metadata capture device registered as video13
[    7.184398][    T1] vivid-002: V4L2 metadata output device registered as video14
[    7.185491][    T1] vivid-002: V4L2 touch capture device registered as v4l-touch2
[    7.186643][    T1] vivid-003: using multiplanar format API
[    7.199156][    T1] vivid-003: CEC adapter cec6 registered for HDMI input 0
[    7.200153][    T1] vivid-003: V4L2 capture device registered as video15
[    7.201087][    T1] vivid-003: CEC adapter cec7 registered for HDMI output 0
[    7.202021][    T1] vivid-003: V4L2 output device registered as video16
[    7.202936][    T1] vivid-003: V4L2 capture device registered as vbi6, supports raw and sliced VBI
[    7.204293][    T1] vivid-003: V4L2 output device registered as vbi7, supports raw and sliced VBI
[    7.205663][    T1] vivid-003: V4L2 capture device registered as swradio3
[    7.206657][    T1] vivid-003: V4L2 receiver device registered as radio6
[    7.210078][    T1] vivid-003: V4L2 transmitter device registered as radio7
[    7.211122][    T1] vivid-003: V4L2 metadata capture device registered as video17
[    7.212400][    T1] vivid-003: V4L2 metadata output device registered as video18
[    7.213506][    T1] vivid-003: V4L2 touch capture device registered as v4l-touch3
[    7.214635][    T1] vivid-004: using single planar format API
[    7.227403][    T1] vivid-004: CEC adapter cec8 registered for HDMI input 0
[    7.228346][    T1] vivid-004: V4L2 capture device registered as video19
[    7.229359][    T1] vivid-004: CEC adapter cec9 registered for HDMI output 0
[    7.230428][    T1] vivid-004: V4L2 output device registered as video20
[    7.231347][    T1] vivid-004: V4L2 capture device registered as vbi8, supports raw and sliced VBI
[    7.232756][    T1] vivid-004: V4L2 output device registered as vbi9, supports raw and sliced VBI
[    7.234005][    T1] vivid-004: V4L2 capture device registered as swradio4
[    7.234903][    T1] vivid-004: V4L2 receiver device registered as radio8
[    7.236553][    T1] vivid-004: V4L2 transmitter device registered as radio9
[    7.237567][    T1] vivid-004: V4L2 metadata capture device registered as video21
[    7.239153][    T1] vivid-004: V4L2 metadata output device registered as video22
[    7.240359][    T1] vivid-004: V4L2 touch capture device registered as v4l-touch4
[    7.241395][    T1] vivid-005: using multiplanar format API
[    7.254897][    T1] vivid-005: CEC adapter cec10 registered for HDMI input 0
[    7.256234][    T1] vivid-005: V4L2 capture device registered as video23
[    7.257133][    T1] vivid-005: CEC adapter cec11 registered for HDMI output 0
[    7.258131][    T1] vivid-005: V4L2 output device registered as video24
[    7.259163][    T1] vivid-005: V4L2 capture device registered as vbi10, supports raw and sliced VBI
[    7.260461][    T1] vivid-005: V4L2 output device registered as vbi11, supports raw and sliced VBI
[    7.261746][    T1] vivid-005: V4L2 capture device registered as swradio5
[    7.262634][    T1] vivid-005: V4L2 receiver device registered as radio10
[    7.263590][    T1] vivid-005: V4L2 transmitter device registered as radio11
[    7.264547][    T1] vivid-005: V4L2 metadata capture device registered as video25
[    7.265686][    T1] vivid-005: V4L2 metadata output device registered as video26
[    7.267264][    T1] vivid-005: V4L2 touch capture device registered as v4l-touch5
[    7.268534][    T1] vivid-006: using single planar format API
[    7.280959][    T1] vivid-006: CEC adapter cec12 registered for HDMI input 0
[    7.281922][    T1] vivid-006: V4L2 capture device registered as video27
[    7.282782][    T1] vivid-006: CEC adapter cec13 registered for HDMI output 0
[    7.283640][    T1] vivid-006: V4L2 output device registered as video28
[    7.284462][    T1] vivid-006: V4L2 capture device registered as vbi12, supports raw and sliced VBI
[    7.285577][    T1] vivid-006: V4L2 output device registered as vbi13, supports raw and sliced VBI
[    7.287059][    T1] vivid-006: V4L2 capture device registered as swradio6
[    7.287946][    T1] vivid-006: V4L2 receiver device registered as radio12
[    7.288735][    T1] vivid-006: V4L2 transmitter device registered as radio13
[    7.289578][    T1] vivid-006: V4L2 metadata capture device registered as video29
[    7.290453][    T1] vivid-006: V4L2 metadata output device registered as video30
[    7.291398][    T1] vivid-006: V4L2 touch capture device registered as v4l-touch6
[    7.293649][    T1] vivid-007: using multiplanar format API
[    7.305684][    T1] vivid-007: CEC adapter cec14 registered for HDMI input 0
[    7.306717][    T1] vivid-007: V4L2 capture device registered as video31
[    7.307629][    T1] vivid-007: CEC adapter cec15 registered for HDMI output 0
[    7.308603][    T1] vivid-007: V4L2 output device registered as video32
[    7.309427][    T1] vivid-007: V4L2 capture device registered as vbi14, supports raw and sliced VBI
[    7.310590][    T1] vivid-007: V4L2 output device registered as vbi15, supports raw and sliced VBI
[    7.312097][    T1] vivid-007: V4L2 capture device registered as swradio7
[    7.312889][    T1] vivid-007: V4L2 receiver device registered as radio14
[    7.313763][    T1] vivid-007: V4L2 transmitter device registered as radio15
[    7.314613][    T1] vivid-007: V4L2 metadata capture device registered as video33
[    7.315504][    T1] vivid-007: V4L2 metadata output device registered as video34
[    7.317009][    T1] vivid-007: V4L2 touch capture device registered as v4l-touch7
[    7.317951][    T1] vivid-008: using single planar format API
[    7.328850][    T1] vivid-008: CEC adapter cec16 registered for HDMI input 0
[    7.329802][    T1] vivid-008: V4L2 capture device registered as video35
[    7.330909][    T1] vivid-008: CEC adapter cec17 registered for HDMI output 0
[    7.332167][    T1] vivid-008: V4L2 output device registered as video36
[    7.333288][    T1] vivid-008: V4L2 capture device registered as vbi16, supports raw and sliced VBI
[    7.335046][    T1] vivid-008: V4L2 output device registered as vbi17, supports raw and sliced VBI
[    7.336920][    T1] vivid-008: V4L2 capture device registered as swradio8
