c[?7l[2J[0mSeaBIOS (version rel-1.16.0-0-gd239552ce722-prebuilt.qemu.org)


iPXE (http://ipxe.org) 00:03.0 CA00 PCI2.10 PnP PMM+7FF91000+7FEF1000 CA00
Press Ctrl-B to configure iPXE (PCI 00:03.0)...                                                                               


Booting from ROM..c[?7l[2Jearly console in extract_kernel
input_data: 0x000000000bed72c8
input_len: 0x000000000452a079
output: 0x0000000001000000
output_len: 0x000000000e051b28
kernel_total_size: 0x000000000f426000
needed_size: 0x000000000f600000
trampoline_32bit: 0x000000000009d000

Decompressing Linux... Parsing ELF... done.
Booting the kernel.
[    0.000000][    T0] Linux version 5.6.0-rc5-49397b801261-02077-g49397b801261 (root@xpf.sh.intel.com) (gcc version 8.5.0 20210514 (Red Hat 8.5.0-20) (GCC)) #1 SMP PREEMPT Sat Dec 2 12:29:41 CST 2023
[    0.000000][    T0] Command line: console=ttyS0 root=/dev/sda1 earlyprintk=serial net.ifnames=0 thunderbolt.dyndbg plymouth.enable=0
[    0.000000][    T0] KERNEL supported cpus:
[    0.000000][    T0]   Intel GenuineIntel
[    0.000000][    T0]   AMD AuthenticAMD
[    0.000000][    T0] x86/fpu: Supporting XSAVE feature 0x001: 'x87 floating point registers'
[    0.000000][    T0] x86/fpu: Supporting XSAVE feature 0x002: 'SSE registers'
[    0.000000][    T0] x86/fpu: Supporting XSAVE feature 0x004: 'AVX registers'
[    0.000000][    T0] x86/fpu: Supporting XSAVE feature 0x008: 'MPX bounds registers'
[    0.000000][    T0] x86/fpu: Supporting XSAVE feature 0x010: 'MPX CSR'
[    0.000000][    T0] x86/fpu: Supporting XSAVE feature 0x020: 'AVX-512 opmask'
[    0.000000][    T0] x86/fpu: Supporting XSAVE feature 0x040: 'AVX-512 Hi256'
[    0.000000][    T0] x86/fpu: Supporting XSAVE feature 0x080: 'AVX-512 ZMM_Hi256'
[    0.000000][    T0] x86/fpu: xstate_offset[2]:  576, xstate_sizes[2]:  256
[    0.000000][    T0] x86/fpu: xstate_offset[3]:  832, xstate_sizes[3]:   64
[    0.000000][    T0] x86/fpu: xstate_offset[4]:  896, xstate_sizes[4]:   64
[    0.000000][    T0] x86/fpu: xstate_offset[5]:  960, xstate_sizes[5]:   64
[    0.000000][    T0] x86/fpu: xstate_offset[6]: 1024, xstate_sizes[6]:  512
[    0.000000][    T0] x86/fpu: xstate_offset[7]: 1536, xstate_sizes[7]: 1024
[    0.000000][    T0] x86/fpu: Enabled xstate features 0xff, context size is 2560 bytes, using 'compacted' format.
[    0.000000][    T0] BIOS-provided physical RAM map:
[    0.000000][    T0] BIOS-e820: [mem 0x0000000000000000-0x000000000009fbff] usable
[    0.000000][    T0] BIOS-e820: [mem 0x000000000009fc00-0x000000000009ffff] reserved
[    0.000000][    T0] BIOS-e820: [mem 0x00000000000f0000-0x00000000000fffff] reserved
[    0.000000][    T0] BIOS-e820: [mem 0x0000000000100000-0x000000007ffdffff] usable
[    0.000000][    T0] BIOS-e820: [mem 0x000000007ffe0000-0x000000007fffffff] reserved
[    0.000000][    T0] BIOS-e820: [mem 0x00000000feffc000-0x00000000feffffff] reserved
[    0.000000][    T0] BIOS-e820: [mem 0x00000000fffc0000-0x00000000ffffffff] reserved
[    0.000000][    T0] printk: bootconsole [earlyser0] enabled
[    0.000000][    T0] ERROR: earlyprintk= earlyser already used
[    0.000000][    T0] ERROR: earlyprintk= earlyser already used
[    0.000000][    T0] ERROR: earlyprintk= earlyser already used
[    0.000000][    T0] Malformed early option 'vsyscall'
[    0.000000][    T0] nopcid: PCID feature disabled
[    0.000000][    T0] NX (Execute Disable) protection: active
[    0.000000][    T0] SMBIOS 2.8 present.
[    0.000000][    T0] DMI: QEMU Standard PC (i440FX + PIIX, 1996), BIOS rel-1.16.0-0-gd239552ce722-prebuilt.qemu.org 04/01/2014
[    0.000000][    T0] Hypervisor detected: KVM
[    0.000000][    T0] kvm-clock: Using msrs 4b564d01 and 4b564d00
[    0.000001][    T0] kvm-clock: cpu 0, msr ec78001, primary cpu clock
[    0.000002][    T0] kvm-clock: using sched offset of 860337632 cycles
[    0.000540][    T0] clocksource: kvm-clock: mask: 0xffffffffffffffff max_cycles: 0x1cd42e4dffb, max_idle_ns: 881590591483 ns
[    0.002007][    T0] tsc: Detected 2999.998 MHz processor
[    0.007668][    T0] last_pfn = 0x7ffe0 max_arch_pfn = 0x400000000
[    0.008268][    T0] x86/PAT: Configuration [0-7]: WB  WC  UC- UC  WB  WP  UC- WT  
[    0.016127][    T0] found SMP MP-table at [mem 0x000f5ba0-0x000f5baf]
[    0.016724][    T0] Using GB pages for direct mapping
[    0.017813][    T0] ACPI: Early table checksum verification disabled
[    0.018385][    T0] ACPI: RSDP 0x00000000000F59C0 000014 (v00 BOCHS )
[    0.019000][    T0] ACPI: RSDT 0x000000007FFE1951 000034 (v01 BOCHS  BXPC     00000001 BXPC 00000001)
[    0.020165][    T0] ACPI: FACP 0x000000007FFE17FD 000074 (v01 BOCHS  BXPC     00000001 BXPC 00000001)
[    0.021067][    T0] ACPI: DSDT 0x000000007FFE0040 0017BD (v01 BOCHS  BXPC     00000001 BXPC 00000001)
[    0.021927][    T0] ACPI: FACS 0x000000007FFE0000 000040
[    0.022442][    T0] ACPI: APIC 0x000000007FFE1871 000080 (v01 BOCHS  BXPC     00000001 BXPC 00000001)
[    0.023286][    T0] ACPI: HPET 0x000000007FFE18F1 000038 (v01 BOCHS  BXPC     00000001 BXPC 00000001)
[    0.024104][    T0] ACPI: WAET 0x000000007FFE1929 000028 (v01 BOCHS  BXPC     00000001 BXPC 00000001)
[    0.025724][    T0] No NUMA configuration found
[    0.026125][    T0] Faking a node at [mem 0x0000000000000000-0x000000007ffdffff]
[    0.026802][    T0] Faking node 0 at [mem 0x0000000000000000-0x000000003fffffff] (1024MB)
[    0.027541][    T0] Faking node 1 at [mem 0x0000000040000000-0x000000007ffdffff] (1023MB)
[    0.028605][    T0] NODE_DATA(0) allocated [mem 0x3fffb000-0x3fffffff]
[    0.029291][    T0] NODE_DATA(1) allocated [mem 0x7ffda000-0x7ffdefff]
[    0.033382][    T0] Zone ranges:
[    0.033693][    T0]   DMA      [mem 0x0000000000001000-0x0000000000ffffff]
[    0.034279][    T0]   DMA32    [mem 0x0000000001000000-0x000000007ffdffff]
[    0.034846][    T0]   Normal   empty
[    0.035141][    T0]   Device   empty
[    0.035438][    T0] Movable zone start for each node
[    0.035895][    T0] Early memory node ranges
[    0.036288][    T0]   node   0: [mem 0x0000000000001000-0x000000000009efff]
[    0.036929][    T0]   node   0: [mem 0x0000000000100000-0x000000003fffffff]
[    0.037554][    T0]   node   1: [mem 0x0000000040000000-0x000000007ffdffff]
[    0.038138][    T0] Zeroed struct page in unavailable ranges: 130 pages
[    0.038142][    T0] Initmem setup node 0 [mem 0x0000000000001000-0x000000003fffffff]
[    0.049697][    T0] Initmem setup node 1 [mem 0x0000000040000000-0x000000007ffdffff]
[    0.095036][    T0] kasan: KernelAddressSanitizer initialized
[    0.095911][    T0] ACPI: PM-Timer IO Port: 0x608
[    0.096369][    T0] ACPI: LAPIC_NMI (acpi_id[0xff] dfl dfl lint[0x1])
[    0.097007][    T0] IOAPIC[0]: apic_id 0, version 17, address 0xfec00000, GSI 0-23
[    0.097703][    T0] ACPI: INT_SRC_OVR (bus 0 bus_irq 0 global_irq 2 dfl dfl)
[    0.098348][    T0] ACPI: INT_SRC_OVR (bus 0 bus_irq 5 global_irq 5 high level)
[    0.099006][    T0] ACPI: INT_SRC_OVR (bus 0 bus_irq 9 global_irq 9 high level)
[    0.099680][    T0] ACPI: INT_SRC_OVR (bus 0 bus_irq 10 global_irq 10 high level)
[    0.100362][    T0] ACPI: INT_SRC_OVR (bus 0 bus_irq 11 global_irq 11 high level)
[    0.101059][    T0] Using ACPI (MADT) for SMP configuration information
[    0.101661][    T0] ACPI: HPET id: 0x8086a201 base: 0xfed00000
[    0.102205][    T0] smpboot: Allowing 2 CPUs, 0 hotplug CPUs
[    0.102749][    T0] KVM setup pv remote TLB flush
[    0.103185][    T0] KVM setup pv sched yield
[    0.103611][    T0] PM: hibernation: Registered nosave memory: [mem 0x00000000-0x00000fff]
[    0.104366][    T0] PM: hibernation: Registered nosave memory: [mem 0x0009f000-0x0009ffff]
[    0.105114][    T0] PM: hibernation: Registered nosave memory: [mem 0x000a0000-0x000effff]
[    0.105859][    T0] PM: hibernation: Registered nosave memory: [mem 0x000f0000-0x000fffff]
[    0.106610][    T0] [mem 0x80000000-0xfeffbfff] available for PCI devices
[    0.107224][    T0] Booting paravirtualized kernel on KVM
[    0.107734][    T0] clocksource: refined-jiffies: mask: 0xffffffff max_cycles: 0xffffffff, max_idle_ns: 19112604462750000 ns
[    0.150893][    T0] setup_percpu: NR_CPUS:8 nr_cpumask_bits:8 nr_cpu_ids:2 nr_node_ids:2
[    0.152195][    T0] percpu: Embedded 65 pages/cpu s227656 r8192 d30392 u2097152
[    0.152922][    T0] KVM setup async PF for cpu 0
[    0.153318][    T0] kvm-stealtime: cpu 0, msr 2ce21a80
[    0.153757][    T0] PV qspinlock hash table entries: 256 (order: 0, 4096 bytes, linear)
[    0.154443][    T0] Built 2 zonelists, mobility grouping on.  Total pages: 515945
[    0.155065][    T0] Policy zone: DMA32
[    0.155393][    T0] Kernel command line: earlyprintk=serial net.ifnames=0 sysctl.kernel.hung_task_all_cpu_backtrace=1 ima_policy=tcb nf-conntrack-ftp.ports=20000 nf-conntrack-tftp.ports=20000 nf-conntrack-sip.ports=20000 nf-conntrack-irc.ports=20000 nf-conntrack-sane.ports=20000 binder.debug_mask=0 rcupdate.rcu_expedited=1 rcupdate.rcu_cpu_stall_cputime=1 no_hash_pointers page_owner=on sysctl.vm.nr_hugepages=4 sysctl.vm.nr_overcommit_hugepages=4 secretmem.enable=1 sysctl.max_rcu_stall_to_panic=1 msr.allow_writes=off coredump_filter=0xffff root=/dev/sda console=ttyS0 vsyscall=native numa=fake=2 kvm-intel.nested=1 spec_store_bypass_disable=prctl nopcid vivid.n_devs=16 vivid.multiplanar=1,2,1,2,1,2,1,2,1,2,1,2,1,2,1,2 netrom.nr_ndevs=16 rose.rose_ndevs=16 smp.csd_lock_timeout=100000 watchdog_thresh=55 workqueue.watchdog_thresh=140 sysctl.net.core.netdev_unregister_timeout_secs=140 dummy_hcd.num=8 panic_on_warn=1 console=ttyS0 root=/dev/sda1 earlyprintk=serial net.ifnames=0 thunderb
[    0.158696][    T0] mem auto-init: stack:off, heap alloc:on, heap free:off
[    0.277437][    T0] Memory: 1519572K/2096632K available (133130K kernel code, 40807K rwdata, 27240K rodata, 2588K init, 24252K bss, 577060K reserved, 0K cma-reserved)
[    0.279286][    T0] SLUB: HWalign=64, Order=0-3, MinObjects=0, CPUs=2, Nodes=2
[    0.281451][    T0] Running RCU self tests
[    0.281807][    T0] rcu: Preemptible hierarchical RCU implementation.
[    0.282333][    T0] rcu: 	RCU lockdep checking is enabled.
[    0.282773][    T0] rcu: 	RCU restricting CPUs from NR_CPUS=8 to nr_cpu_ids=2.
[    0.283353][    T0] rcu: 	RCU callback double-/use-after-free debug enabled.
[    0.283922][    T0] rcu: 	RCU debug extended QS entry/exit.
[    0.284373][    T0] 	All grace periods are expedited (rcu_expedited).
[    0.284891][    T0] 	Tasks RCU enabled.
[    0.285206][    T0] rcu: RCU calculated value of scheduler-enlistment delay is 10 jiffies.
[    0.285870][    T0] rcu: Adjusting geometry for rcu_fanout_leaf=16, nr_cpu_ids=2
[    0.290637][    T0] NR_IRQS: 4352, nr_irqs: 440, preallocated irqs: 16
[    0.291928][    T0] random: get_random_bytes called from start_kernel+0x521/0x85a with crng_init=0
[    0.296803][    T0] Console: colour VGA+ 80x25
[    0.298047][    T0] printk: console [ttyS0] enabled
[    0.298047][    T0] printk: console [ttyS0] enabled
[    0.298924][    T0] printk: bootconsole [earlyser0] disabled
[    0.298924][    T0] printk: bootconsole [earlyser0] disabled
[    0.299891][    T0] Lock dependency validator: Copyright (c) 2006 Red Hat, Inc., Ingo Molnar
[    0.300581][    T0] ... MAX_LOCKDEP_SUBCLASSES:  8
[    0.300978][    T0] ... MAX_LOCK_DEPTH:          48
[    0.301381][    T0] ... MAX_LOCKDEP_KEYS:        8192
[    0.301797][    T0] ... CLASSHASH_SIZE:          4096
[    0.302218][    T0] ... MAX_LOCKDEP_ENTRIES:     32768
[    0.302638][    T0] ... MAX_LOCKDEP_CHAINS:      65536
[    0.303062][    T0] ... CHAINHASH_SIZE:          32768
[    0.303488][    T0]  memory used by lock dependency info: 6237 kB
[    0.303990][    T0]  memory used for stack traces: 4224 kB
[    0.304494][    T0]  per task-struct memory footprint: 1920 bytes
[    0.305128][    T0] mempolicy: Enabling automatic NUMA balancing. Configure with numa_balancing= or the kernel.numa_balancing sysctl
[    0.306255][    T0] ACPI: Core revision 20200110
[    0.307392][    T0] clocksource: hpet: mask: 0xffffffff max_cycles: 0xffffffff, max_idle_ns: 19112604467 ns
[    0.308776][    T0] APIC: Switch to symmetric I/O mode setup
[    0.309608][    T0] x2apic enabled
[    0.310198][    T0] Switched APIC routing to physical x2apic.
[    0.310858][    T0] KVM setup pv IPIs
[    0.312304][    T0] ..TIMER: vector=0x30 apic1=0 pin1=2 apic2=-1 pin2=-1
[    0.313024][    T0] clocksource: tsc-early: mask: 0xffffffffffffffff max_cycles: 0x2b3e43c8763, max_idle_ns: 440795360101 ns
[    0.314203][    T0] Calibrating delay loop (skipped) preset value.. 5999.99 BogoMIPS (lpj=29999980)
[    0.315252][    T0] pid_max: default: 32768 minimum: 301
[    0.316001][    T0] LSM: Security Framework initializing
[    0.316608][    T0] Yama: becoming mindful.
[    0.317128][    T0] TOMOYO Linux initialized
[    0.317770][    T0] AppArmor: AppArmor initialized
[    0.324614][    T0] Dentry cache hash table entries: 262144 (order: 9, 2097152 bytes, vmalloc)
[    0.325882][    T0] Inode-cache hash table entries: 131072 (order: 8, 1048576 bytes, vmalloc)
[    0.326846][    T0] Mount-cache hash table entries: 4096 (order: 3, 32768 bytes, vmalloc)
[    0.327710][    T0] Mountpoint-cache hash table entries: 4096 (order: 3, 32768 bytes, vmalloc)
[    0.328697][    T0] *** VALIDATE tmpfs ***
[    0.330200][    T0] *** VALIDATE proc ***
[    0.331184][    T0] *** VALIDATE cgroup ***
[    0.331634][    T0] *** VALIDATE cgroup2 ***
[    0.332282][    T0] x86/cpu: User Mode Instruction Prevention (UMIP) activated
[    0.333131][    T0] Last level iTLB entries: 4KB 0, 2MB 0, 4MB 0
[    0.333759][    T0] Last level dTLB entries: 4KB 0, 2MB 0, 4MB 0, 1GB 0
[    0.334245][    T0] Spectre V1 : Mitigation: usercopy/swapgs barriers and __user pointer sanitization
[    0.335226][    T0] Spectre V2 : Mitigation: Enhanced IBRS
[    0.335774][    T0] Spectre V2 : Spectre v2 / SpectreRSB mitigation: Filling RSB on context switch
[    0.336671][    T0] Spectre V2 : mitigation: Enabling conditional Indirect Branch Prediction Barrier
[    0.337608][    T0] Speculative Store Bypass: Mitigation: Speculative Store Bypass disabled via prctl
[    0.338535][    T0] TAA: Mitigation: Clear CPU buffers
[    0.339959][    T0] Freeing SMP alternatives memory: 100K
[    0.341338][    T1] smpboot: CPU0: Intel(R) Core(TM) i9-10980XE CPU @ 3.00GHz (family: 0x6, model: 0x55, stepping: 0x7)
[    0.404248][    T1] Performance Events: Skylake events, full-width counters, Intel PMU driver.
[    0.405191][    T1] ... version:                2
[    0.405669][    T1] ... bit width:              48
[    0.406150][    T1] ... generic registers:      4
[    0.406625][    T1] ... value mask:             0000ffffffffffff
[    0.407219][    T1] ... max period:             00007fffffffffff
[    0.407823][    T1] ... fixed-purpose events:   3
[    0.408292][    T1] ... event mask:             000000070000000f
[    0.424226][    T1] rcu: Hierarchical SRCU implementation.
[    0.474220][    T1] smp: Bringing up secondary CPUs ...
[    0.554380][    T1] x86: Booting SMP configuration:
[    0.554922][    T1] .... node  #1, CPUs:      #1
[    0.022416][    T0] kvm-clock: cpu 1, msr ec78041, secondary cpu clock
[    0.556516][   T15] KVM setup async PF for cpu 1
[    0.556516][   T15] kvm-stealtime: cpu 1, msr 7ec21a80
[    0.556516][    T1] smp: Brought up 2 nodes, 2 CPUs
[    0.556516][    T1] smpboot: Max logical packages: 1
[    0.556516][    T1] smpboot: Total of 2 processors activated (11999.99 BogoMIPS)
[    0.559141][    T1] allocated 12582912 bytes of page_ext
[    0.559840][    T1] Node 0, zone      DMA: page owner found early allocated 0 pages
[    0.567518][    T1] Node 0, zone    DMA32: page owner found early allocated 2657 pages
[    0.568639][    T1] Node 1, zone    DMA32: page owner found early allocated 2640 pages
[    0.569784][    T1] devtmpfs: initialized
[    0.569784][    T1] x86/mm: Memory block size: 128MB
[    0.588226][    T1] clocksource: jiffies: mask: 0xffffffff max_cycles: 0xffffffff, max_idle_ns: 19112604462750000 ns
[    0.589206][    T1] futex hash table entries: 512 (order: 4, 65536 bytes, vmalloc)
[    0.590308][    T1] xor: automatically using best checksumming function   avx       
[    0.591413][   T24] kworker/u5:0 (24) used greatest stack depth: 27480 bytes left
[    0.595970][    T1] PM: RTC time: 04:37:43, date: 2023-12-02
[    0.596451][    T1] thermal_sys: Registered thermal governor 'step_wise'
[    0.596453][    T1] thermal_sys: Registered thermal governor 'user_space'
[    0.598324][    T1] NET: Registered protocol family 16
[    0.602650][    T1] audit: initializing netlink subsys (disabled)
[    0.603465][   T32] kworker/u5:1 (32) used greatest stack depth: 27064 bytes left
[    0.604873][   T34] audit: type=2000 audit(1701491864.295:1): state=initialized audit_enabled=0 res=1
[    0.607901][    T1] cpuidle: using governor menu
[    0.611290][    T1] ACPI: bus type PCI registered
[    0.615040][    T1] dca service started, version 1.12.1
[    0.615782][    T1] PCI: Using configuration type 1 for base access
[    0.660788][  T199] kworker/u5:0 (199) used greatest stack depth: 26968 bytes left
[    0.936207][ T1416] kworker/u5:0 (1416) used greatest stack depth: 26664 bytes left
[    0.944237][    T1] HugeTLB registered 1.00 GiB page size, pre-allocated 0 pages
[    0.944237][    T1] HugeTLB registered 2.00 MiB page size, pre-allocated 0 pages
[    0.976556][    T1] cryptd: max_cpu_qlen set to 1000
[    0.996241][    T1] raid6: skip pq benchmark and using algorithm avx512x4
[    0.996796][    T1] raid6: using avx512x2 recovery algorithm
[    0.997664][    T1] ACPI: Added _OSI(Module Device)
[    1.005676][    T1] ACPI: Added _OSI(Processor Device)
[    1.006098][    T1] ACPI: Added _OSI(3.0 _SCP Extensions)
[    1.006540][    T1] ACPI: Added _OSI(Processor Aggregator Device)
[    1.006540][    T1] ACPI: Added _OSI(Linux-Dell-Video)
[    1.006540][    T1] ACPI: Added _OSI(Linux-Lenovo-NV-HDMI-Audio)
[    1.006540][    T1] ACPI: Added _OSI(Linux-HPI-Hybrid-Graphics)
[    1.026347][    T1] ACPI: 1 ACPI AML tables successfully acquired and loaded
[    1.077398][    T1] ACPI: Interpreter enabled
[    1.077925][    T1] ACPI: (supports S0 S3 S4 S5)
[    1.078308][    T1] ACPI: Using IOAPIC for interrupt routing
[    1.078965][    T1] PCI: Using host bridge windows from ACPI; if necessary, use "pci=nocrs" and report a bug
[    1.081321][    T1] ACPI: Enabled 2 GPEs in block 00 to 0F
[    1.139816][    T1] ACPI: PCI Root Bridge [PCI0] (domain 0000 [bus 00-ff])
[    1.140419][    T1] acpi PNP0A03:00: _OSC: OS supports [ASPM ClockPM Segments MSI HPX-Type3]
[    1.141325][    T1] acpi PNP0A03:00: fail to add MMCONFIG information, can't access extended PCI configuration space under this bridge.
[    1.144209][    T1] PCI host bridge to bus 0000:00
[    1.144209][    T1] pci_bus 0000:00: Unknown NUMA node; performance will be reduced
[    1.144218][    T1] pci_bus 0000:00: root bus resource [io  0x0000-0x0cf7 window]
[    1.144808][    T1] pci_bus 0000:00: root bus resource [io  0x0d00-0xffff window]
[    1.145402][    T1] pci_bus 0000:00: root bus resource [mem 0x000a0000-0x000bffff window]
[    1.146315][    T1] pci_bus 0000:00: root bus resource [mem 0x80000000-0xfebfffff window]
[    1.147142][    T1] pci_bus 0000:00: root bus resource [mem 0x100000000-0x17fffffff window]
[    1.147877][    T1] pci_bus 0000:00: root bus resource [bus 00-ff]
[    1.148598][    T1] pci 0000:00:00.0: [8086:1237] type 00 class 0x060000
[    1.153299][    T1] pci 0000:00:01.0: [8086:7000] type 00 class 0x060100
[    1.156244][    T1] pci 0000:00:01.1: [8086:7010] type 00 class 0x010180
[    1.158214][    T1] pci 0000:00:01.1: reg 0x20: [io  0xc040-0xc04f]
[    1.159265][    T1] pci 0000:00:01.1: legacy IDE quirk: reg 0x10: [io  0x01f0-0x01f7]
[    1.159879][    T1] pci 0000:00:01.1: legacy IDE quirk: reg 0x14: [io  0x03f6]
[    1.160441][    T1] pci 0000:00:01.1: legacy IDE quirk: reg 0x18: [io  0x0170-0x0177]
[    1.161047][    T1] pci 0000:00:01.1: legacy IDE quirk: reg 0x1c: [io  0x0376]
[    1.164209][    T1] pci 0000:00:01.3: [8086:7113] type 00 class 0x068000
[    1.164548][    T1] pci 0000:00:01.3: quirk: [io  0x0600-0x063f] claimed by PIIX4 ACPI
[    1.165174][    T1] pci 0000:00:01.3: quirk: [io  0x0700-0x070f] claimed by PIIX4 SMB
[    1.167257][    T1] pci 0000:00:02.0: [1234:1111] type 00 class 0x030000
[    1.168933][    T1] pci 0000:00:02.0: reg 0x10: [mem 0xfd000000-0xfdffffff pref]
[    1.170605][    T1] pci 0000:00:02.0: reg 0x18: [mem 0xfebf0000-0xfebf0fff]
[    1.174248][    T1] pci 0000:00:02.0: reg 0x30: [mem 0xfebe0000-0xfebeffff pref]
[    1.178789][    T1] pci 0000:00:03.0: [8086:100e] type 00 class 0x020000
[    1.179891][    T1] pci 0000:00:03.0: reg 0x10: [mem 0xfebc0000-0xfebdffff]
[    1.180918][    T1] pci 0000:00:03.0: reg 0x14: [io  0xc000-0xc03f]
[    1.184234][    T1] pci 0000:00:03.0: reg 0x30: [mem 0xfeb80000-0xfebbffff pref]
[    1.195705][    T1] ACPI: PCI Interrupt Link [LNKA] (IRQs 5 *10 11)
[    1.197363][    T1] ACPI: PCI Interrupt Link [LNKB] (IRQs 5 *10 11)
[    1.198957][    T1] ACPI: PCI Interrupt Link [LNKC] (IRQs 5 10 *11)
[    1.200581][    T1] ACPI: PCI Interrupt Link [LNKD] (IRQs 5 10 *11)
[    1.201543][    T1] ACPI: PCI Interrupt Link [LNKS] (IRQs *9)
[    1.206267][    T1] iommu: Default domain type: Translated 
[    1.207389][    T1] pci 0000:00:02.0: vgaarb: setting as boot VGA device
[    1.207935][    T1] pci 0000:00:02.0: vgaarb: VGA device added: decodes=io+mem,owns=io+mem,locks=none
[    1.208654][    T1] pci 0000:00:02.0: vgaarb: bridge control possible
[    1.209396][    T1] vgaarb: loaded
[    1.214654][    T1] SCSI subsystem initialized
[    1.216533][    T1] ACPI: bus type USB registered
[    1.217311][    T1] usbcore: registered new interface driver usbfs
[    1.218039][    T1] usbcore: registered new interface driver hub
[    1.218708][    T1] usbcore: registered new device driver usb
[    1.220859][    T1] mc: Linux media interface: v0.10
[    1.221426][    T1] videodev: Linux video capture interface: v2.00
[    1.222655][    T1] pps_core: LinuxPPS API ver. 1 registered
[    1.223107][    T1] pps_core: Software ver. 5.3.6 - Copyright 2005-2007 Rodolfo Giometti <giometti@linux.it>
[    1.224173][    T1] PTP clock support registered
[    1.228746][    T1] EDAC MC: Ver: 3.0.0
[    1.231022][    T1] Advanced Linux Sound Architecture Driver Initialized.
[    1.231877][    T1] PCI: Using ACPI for IRQ routing
[    1.234183][    T1] Bluetooth: Core ver 2.22
[    1.234523][    T1] NET: Registered protocol family 31
[    1.234934][    T1] Bluetooth: HCI device and connection manager initialized
[    1.235515][    T1] Bluetooth: HCI socket layer initialized
[    1.235958][    T1] Bluetooth: L2CAP socket layer initialized
[    1.236433][    T1] Bluetooth: SCO socket layer initialized
[    1.236897][    T1] NET: Registered protocol family 8
[    1.237295][    T1] NET: Registered protocol family 20
[    1.240467][    T1] NetLabel: Initializing
[    1.240860][    T1] NetLabel:  domain hash size = 128
[    1.241294][    T1] NetLabel:  protocols = UNLABELED CIPSOv4 CALIPSO
[    1.242036][    T1] NetLabel:  unlabeled traffic allowed by default
[    1.242904][    T1] nfc: nfc_init: NFC Core ver 0.1
[    1.242904][    T1] NET: Registered protocol family 39
[    1.247604][    T1] hpet0: at MMIO 0xfed00000, IRQs 2, 8, 0
[    1.248064][    T1] hpet0: 3 comparators, 64-bit 100.000000 MHz counter
[    1.253479][    T1] clocksource: Switched to clocksource kvm-clock
[    2.736510][    T1] *** VALIDATE bpf ***
[    2.737668][    T1] VFS: Disk quotas dquot_6.6.0
[    2.738125][    T1] VFS: Dquot-cache hash table entries: 512 (order 0, 4096 bytes)
[    2.739121][    T1] FS-Cache: Loaded
[    2.739416][    T1] *** VALIDATE ramfs ***
[    2.739766][    T1] *** VALIDATE hugetlbfs ***
[    2.740822][    T1] CacheFiles: Loaded
[    2.741352][    T1] TOMOYO: 2.6.0
[    2.741628][    T1] Mandatory Access Control activated.
[    2.742963][    T1] AppArmor: AppArmor Filesystem Enabled
[    2.743694][    T1] pnp: PnP ACPI init
[    2.749011][    T1] pnp: PnP ACPI: found 6 devices
[    2.785973][    T1] clocksource: acpi_pm: mask: 0xffffff max_cycles: 0xffffff, max_idle_ns: 2085701024 ns
[    2.787029][    T1] pci_bus 0000:00: resource 4 [io  0x0000-0x0cf7 window]
[    2.787579][    T1] pci_bus 0000:00: resource 5 [io  0x0d00-0xffff window]
[    2.788120][    T1] pci_bus 0000:00: resource 6 [mem 0x000a0000-0x000bffff window]
[    2.788708][    T1] pci_bus 0000:00: resource 7 [mem 0x80000000-0xfebfffff window]
[    2.789299][    T1] pci_bus 0000:00: resource 8 [mem 0x100000000-0x17fffffff window]
[    2.790466][    T1] NET: Registered protocol family 2
[    2.792229][    T1] tcp_listen_portaddr_hash hash table entries: 1024 (order: 4, 73728 bytes, vmalloc)
[    2.793196][    T1] TCP established hash table entries: 16384 (order: 5, 131072 bytes, vmalloc)
[    2.794949][    T1] TCP bind hash table entries: 16384 (order: 8, 1048576 bytes, vmalloc)
[    2.796300][    T1] TCP: Hash tables configured (established 16384 bind 16384)
[    2.797571][    T1] UDP hash table entries: 1024 (order: 5, 163840 bytes, vmalloc)
[    2.798466][    T1] UDP-Lite hash table entries: 1024 (order: 5, 163840 bytes, vmalloc)
[    2.799532][    T1] NET: Registered protocol family 1
[    2.800887][    T1] RPC: Registered named UNIX socket transport module.
[    2.801477][    T1] RPC: Registered udp transport module.
[    2.801945][    T1] RPC: Registered tcp transport module.
[    2.802406][    T1] RPC: Registered tcp NFSv4.1 backchannel transport module.
[    2.803882][    T1] NET: Registered protocol family 44
[    2.806742][    T1] pci 0000:00:01.0: PIIX3: Enabling Passive Release
[    2.807269][    T1] pci 0000:00:00.0: Limiting direct PCI/PCI transfers
[    2.807799][    T1] pci 0000:00:01.0: Activating ISA DMA hang workarounds
[    2.808396][    T1] pci 0000:00:02.0: Video device with shadowed ROM at [mem 0x000c0000-0x000dffff]
[    2.809114][    T1] PCI: CLS 0 bytes, default 64
[    2.815399][    T1] RAPL PMU: API unit is 2^-32 Joules, 0 fixed counters, 10737418240 ms ovfl timer
[    2.816155][    T1] kvm: no hardware support
[    2.816499][    T1] has_svm: not amd or hygon
[    2.816849][    T1] kvm: no hardware support
[    2.817192][    T1] clocksource: tsc: mask: 0xffffffffffffffff max_cycles: 0x2b3e43c8763, max_idle_ns: 440795360101 ns
[    2.889854][    T1] Initialise system trusted keyrings
[    2.892140][    T1] workingset: timestamp_bits=40 max_order=19 bucket_order=0
[    2.950381][    T1] DLM installed
[    2.958438][    T1] squashfs: version 4.0 (2009/01/31) Phillip Lougher
[    2.967586][    T1] FS-Cache: Netfs 'nfs' registered for caching
[    2.970097][    T1] *** VALIDATE nfs ***
[    2.970453][    T1] *** VALIDATE nfs4 ***
[    2.970848][    T1] NFS: Registering the id_resolver key type
[    2.971336][    T1] Key type id_resolver registered
[    2.971742][    T1] Key type id_legacy registered
[    2.972132][    T1] nfs4filelayout_init: NFSv4 File Layout Driver Registering...
[    2.972750][    T1] Installing knfsd (copyright (C) 1996 okir@monad.swb.de).
[    2.983223][    T1] FS-Cache: Netfs 'cifs' registered for caching
[    2.987720][    T1] Key type cifs.spnego registered
[    2.988156][    T1] Key type cifs.idmap registered
[    2.989158][    T1] ntfs: driver 2.1.32 [Flags: R/W].
[    2.991123][    T1] efs: 1.0a - http://aeschi.ch.eu.org/efs/
[    2.991849][    T1] jffs2: version 2.2. (NAND) (SUMMARY)  Â© 2001-2006 Red Hat, Inc.
[    2.995772][    T1] *** VALIDATE jffs2 ***
[    2.998121][    T1] romfs: ROMFS MTD (C) 2007 Red Hat, Inc.
[    2.999039][    T1] QNX4 filesystem 0.2.3 registered.
[    2.999715][    T1] qnx6: QNX6 filesystem 1.0.0 registered.
[    3.000744][    T1] fuse: init (API version 7.31)
[    3.001385][    T1] *** VALIDATE fuseblk ***
[    3.001736][    T1] *** VALIDATE fuse ***
[    3.006083][    T1] orangefs_debugfs_init: called with debug mask: :none: :0:
[    3.006891][    T1] orangefs_init: module version upstream loaded
[    3.010688][    T1] JFS: nTxBlock = 8192, nTxLock = 65536
[    3.018911][    T1] SGI XFS with ACLs, security attributes, realtime, quota, no debug enabled
[    3.027610][    T1] *** VALIDATE xfs ***
[    3.027960][    T1] 9p: Installing v9fs 9p2000 file system support
[    3.028734][    T1] FS-Cache: Netfs '9p' registered for caching
[    3.031895][    T1] NILFS version 2 loaded
[    3.032239][    T1] befs: version: 0.9.3
[    3.033986][    T1] ocfs2: Registered cluster interface o2cb
[    3.034891][    T1] ocfs2: Registered cluster interface user
[    3.035899][    T1] OCFS2 User DLM kernel interface loaded
[    3.044588][    T1] *** VALIDATE gfs2 ***
[    3.045578][    T1] gfs2: GFS2 installed
[    3.055870][    T1] FS-Cache: Netfs 'ceph' registered for caching
[    3.056372][    T1] ceph: loaded (mds proto 32)
[    3.061227][    T1] NET: Registered protocol family 38
[    3.062027][    T1] async_tx: api initialized (async)
[    3.062440][    T1] Key type asymmetric registered
[    3.062840][    T1] Asymmetric key parser 'x509' registered
[    3.063295][    T1] Asymmetric key parser 'pkcs8' registered
[    3.063743][    T1] Key type pkcs7_test registered
[    3.064276][    T1] Block layer SCSI generic (bsg) driver version 0.4 loaded (major 241)
[    3.065127][    T1] io scheduler mq-deadline registered
[    3.065539][    T1] io scheduler kyber registered
[    3.066294][    T1] io scheduler bfq registered
[    3.068899][    T1] vga16fb: mapped to 0x00000000572681f0
[    3.532312][    T1] Console: switching to colour frame buffer device 80x30
[    3.789811][    T1] fb0: VGA16 VGA frame buffer device
[    3.791222][    T1] input: Power Button as /devices/LNXSYSTM:00/LNXPWRBN:00/input/input0
[    3.794846][    T1] ACPI: Power Button [PWRF]
[    3.798886][    T1] ioatdma: Intel(R) QuickData Technology Driver 5.00
[    3.982004][    T1] HDLC line discipline maxframe=4096
[    3.982467][    T1] N_HDLC line discipline registered.
[    3.982926][    T1] Serial: 8250/16550 driver, 4 ports, IRQ sharing enabled
[    3.983797][    T1] 00:04: ttyS0 at I/O 0x3f8 (irq = 4, base_baud = 115200) is a 16550A
[    3.989860][    T1] Initializing Nozomi driver 2.1d
[    3.992494][    T1] Non-volatile memory driver v1.3
[    3.994817][    T1] Linux agpgart interface v0.103
[    4.006602][    T1] [drm] Initialized vgem 1.0.0 20120112 for vgem on minor 0
[    4.007411][    T1] [drm] Supports vblank timestamp caching Rev 2 (21.10.2013).
[    4.007983][    T1] [drm] Driver supports precise vblank timestamp query.
[    4.009670][    T1] [drm] Initialized vkms 1.0.0 20180514 for vkms on minor 1
[    4.010559][    T1] usbcore: registered new interface driver udl
[    4.011262][    T1] fb0: switching to bochsdrmfb from VGA16 VGA
[    4.161380][    T1] Console: switching to colour VGA+ 80x25
[    4.164677][    T1] bochs-drm 0000:00:02.0: vgaarb: deactivate vga console
[    4.170745][    T1] Console: switching to colour dummy device 80x25
[    4.173670][    T1] [drm] Found bochs VGA, ID 0xb0c5.
[    4.174077][    T1] [drm] Framebuffer size 16384 kB @ 0xfd000000, mmio @ 0xfebf0000.
[    4.186610][    T1] [TTM] Zone  kernel: Available graphics memory: 759836 KiB
[    4.187215][    T1] [TTM] Initializing pool allocator
[    4.187668][    T1] [TTM] Initializing DMA pool allocator
[    4.189257][    T1] [drm] Found EDID data blob.
[    4.190934][    T1] [drm] Initialized bochs-drm 1.0.0 20130925 for 0000:00:02.0 on minor 2
[    4.198309][    T1] fbcon: bochs-drmdrmfb (fb0) is primary device
[    4.217433][    T1] Console: switching to colour frame buffer device 160x50
[    4.232849][    T1] bochs-drm 0000:00:02.0: fb0: bochs-drmdrmfb frame buffer device
[    4.259562][    T1] brd: module loaded
[    4.296440][    T1] loop: module loaded
[    4.376321][    T1] zram: Added device: zram0
[    4.381006][    T1] null_blk: module loaded
[    4.381529][    T1] Guest personality initialized and is inactive
[    4.382350][    T1] VMCI host device registered (name=vmci, major=10, minor=56)
[    4.382929][    T1] Initialized host personality
[    4.383497][    T1] usbcore: registered new interface driver rtsx_usb
[    4.384589][    T1] usbcore: registered new interface driver viperboard
[    4.385435][    T1] usbcore: registered new interface driver dln2
[    4.386226][    T1] usbcore: registered new interface driver pn533_usb
[    4.388391][    T1] nfcsim 0.2 initialized
[    4.389209][    T1] usbcore: registered new interface driver port100
[    4.390013][    T1] usbcore: registered new interface driver nfcmrvl
[    4.393721][    T1] Loading iSCSI transport class v2.0-870.
[    4.400103][    T1] st: Version 20160209, fixed bufsize 32768, s/g segs 256
[    4.415076][    T1] scsi host0: ata_piix
[    4.416874][    T1] scsi host1: ata_piix
[    4.417728][    T1] ata1: PATA max MWDMA2 cmd 0x1f0 ctl 0x3f6 bmdma 0xc040 irq 14
[    4.418317][    T1] ata2: PATA max MWDMA2 cmd 0x170 ctl 0x376 bmdma 0xc048 irq 15
[    4.426137][    T1] Rounding down aligned max_sectors from 4294967295 to 4294967288
[    4.437071][    T1] db_root: cannot open: /etc/target
[    4.438105][    T1] slram: not enough parameters.
[    4.440497][    T1] ftl_cs: FTL header not found.
[    4.452081][    T1] wireguard: WireGuard 1.0.0 loaded. See www.wireguard.com for information.
[    4.452751][    T1] wireguard: Copyright (C) 2015-2019 Jason A. Donenfeld <Jason@zx2c4.com>. All Rights Reserved.
[    4.453536][    T1] eql: Equalizer2002: Simon Janes (simon@ncm.com) and David S. Miller (davem@redhat.com)
[    4.462095][    T1] MACsec IEEE 802.1AE
[    4.463767][    T1] libphy: Fixed MDIO Bus: probed
[    4.467338][    T1] tun: Universal TUN/TAP device driver, 1.6
[    4.472656][    T1] vcan: Virtual CAN interface driver
[    4.473077][    T1] vxcan: Virtual CAN Tunnel driver
[    4.473472][    T1] slcan: serial line CAN interface driver
[    4.473909][    T1] slcan: 10 dynamic interface channels.
[    4.474864][    T1] CAN device driver interface
[    4.475418][    T1] usbcore: registered new interface driver usb_8dev
[    4.476182][    T1] usbcore: registered new interface driver ems_usb
[    4.476882][    T1] usbcore: registered new interface driver gs_usb
[    4.477571][    T1] usbcore: registered new interface driver kvaser_usb
[    4.478366][    T1] usbcore: registered new interface driver mcba_usb
[    4.479084][    T1] usbcore: registered new interface driver peak_usb
[    4.479917][    T1] e100: Intel(R) PRO/100 Network Driver, 3.5.24-k2-NAPI
[    4.480450][    T1] e100: Copyright(c) 1999-2006 Intel Corporation
[    4.481234][    T1] e1000: Intel(R) PRO/1000 Network Driver - version 7.3.21-k8-NAPI
[    4.481843][    T1] e1000: Copyright (c) 1999-2006 Intel Corporation.
[    4.585534][ T3488] ata1.00: ATA-7: QEMU HARDDISK, 2.5+, max UDMA/100
[    4.586112][ T3488] ata1.00: 2097458 sectors, multi 16: LBA48 
[    4.586764][ T3493] ata2.00: ATAPI: QEMU DVD-ROM, 2.5+, max UDMA/100
[    4.589059][  T565] scsi 0:0:0:0: Direct-Access     ATA      QEMU HARDDISK    2.5+ PQ: 0 ANSI: 5
[    4.592069][   T20] sd 0:0:0:0: [sda] 2097458 512-byte logical blocks: (1.07 GB/1.00 GiB)
[    4.592818][   T20] sd 0:0:0:0: [sda] Write Protect is off
[    4.593369][   T20] sd 0:0:0:0: [sda] Write cache: enabled, read cache: enabled, doesn't support DPO or FUA
[    4.595867][  T565] sd 0:0:0:0: Attached scsi generic sg0 type 0
[    4.599519][  T224] scsi 1:0:0:0: CD-ROM            QEMU     QEMU DVD-ROM     2.5+ PQ: 0 ANSI: 5
[    4.602024][   T20]  sda: sda1
[    4.606323][   T20] sd 0:0:0:0: [sda] Attached SCSI disk
[    4.674881][  T224] sr 1:0:0:0: [sr0] scsi3-mmc drive: 4x/4x cd/rw xa/form2 tray
[    4.675493][  T224] cdrom: Uniform CD-ROM driver Revision: 3.20
[    4.679252][  T224] sr 1:0:0:0: Attached scsi generic sg1 type 5
[    5.591179][    T1] PCI Interrupt Link [LNKC] enabled at IRQ 11
[    5.956279][    T1] e1000 0000:00:03.0 eth0: (PCI:33MHz:32-bit) 52:54:00:12:34:56
[    5.956904][    T1] e1000 0000:00:03.0 eth0: Intel(R) PRO/1000 Network Connection
[    5.957891][    T1] e1000e: Intel(R) PRO/1000 Network Driver - 3.2.6-k
[    5.958410][    T1] e1000e: Copyright(c) 1999 - 2015 Intel Corporation.
[    5.959607][    T1] mkiss: AX.25 Multikiss, Hans Albas PE1AYX
[    5.960073][    T1] AX.25: 6pack driver, Revision: 0.3.0
[    5.960513][    T1] AX.25: bpqether driver version 004
[    5.960920][    T1] PPP generic driver version 2.4.2
[    5.962192][    T1] PPP BSD Compression module registered
[    5.962634][    T1] PPP Deflate Compression module registered
[    5.963119][    T1] PPP MPPE Compression module registered
[    5.963551][    T1] NET: Registered protocol family 24
[    5.964021][    T1] PPTP driver version 0.8.5
[    5.965175][    T1] SLIP: version 0.8.4-NET3.019-NEWTTY (dynamic channels, max=256) (6 bit encapsulation enabled).
[    5.965984][    T1] CSLIP: code copyright 1989 Regents of the University of California.
[    5.966599][    T1] SLIP linefill/keepalive option.
[    5.966990][    T1] hdlc: HDLC support module revision 1.22
[    5.967440][    T1] LAPB Ethernet driver version 0.02
[    5.968908][    T1] usbcore: registered new interface driver ath9k_htc
[    5.969762][    T1] usbcore: registered new interface driver carl9170
[    5.970515][    T1] usbcore: registered new interface driver ath6kl_usb
[    5.971287][    T1] usbcore: registered new interface driver ar5523
[    5.972245][    T1] usbcore: registered new interface driver ath10k_usb
[    5.973083][    T1] mac80211_hwsim: initializing netlink
[    5.984928][    T1] usbcore: registered new interface driver atusb
[    5.992326][    T1] mac802154_hwsim mac802154_hwsim: Added 2 mac802154 hwsim hardware radios
[    5.993351][    T1] VMware vmxnet3 virtual NIC driver - version 1.4.17.0-k-NAPI
[    5.994551][    T1] usbcore: registered new interface driver catc
[    5.995229][    T1] usbcore: registered new interface driver kaweth
[    5.995726][    T1] pegasus: v0.9.3 (2013/04/25), Pegasus/Pegasus II USB Ethernet driver
[    5.996607][    T1] usbcore: registered new interface driver pegasus
[    5.997400][    T1] usbcore: registered new interface driver rtl8150
[    5.999364][    T1] usbcore: registered new interface driver r8152
[    5.999890][    T1] hso: drivers/net/usb/hso.c: Option Wireless
[    6.000548][    T1] usbcore: registered new interface driver hso
[    6.001139][    T1] usbcore: registered new interface driver lan78xx
[    6.001812][    T1] usbcore: registered new interface driver asix
[    6.002445][    T1] usbcore: registered new interface driver ax88179_178a
[    6.003133][    T1] usbcore: registered new interface driver cdc_ether
[    6.003798][    T1] usbcore: registered new interface driver cdc_eem
[    6.004453][    T1] usbcore: registered new interface driver dm9601
[    6.005126][    T1] usbcore: registered new interface driver sr9700
[    6.005801][    T1] usbcore: registered new interface driver CoreChips
[    6.006492][    T1] usbcore: registered new interface driver smsc75xx
[    6.007188][    T1] usbcore: registered new interface driver smsc95xx
[    6.007846][    T1] usbcore: registered new interface driver gl620a
[    6.008489][    T1] usbcore: registered new interface driver net1080
[    6.009140][    T1] usbcore: registered new interface driver plusb
[    6.009783][    T1] usbcore: registered new interface driver rndis_host
[    6.010474][    T1] usbcore: registered new interface driver cdc_subset
[    6.011154][    T1] usbcore: registered new interface driver zaurus
[    6.011980][    T1] usbcore: registered new interface driver MOSCHIP usb-ethernet driver
[    6.013918][    T1] usbcore: registered new interface driver int51x1
[    6.014860][    T1] usbcore: registered new interface driver cdc_phonet
[    6.015496][    T1] usbcore: registered new interface driver kalmia
[    6.016154][    T1] usbcore: registered new interface driver ipheth
[    6.017148][    T1] usbcore: registered new interface driver sierra_net
[    6.017988][    T1] usbcore: registered new interface driver cx82310_eth
[    6.018771][    T1] usbcore: registered new interface driver cdc_ncm
[    6.019488][    T1] usbcore: registered new interface driver huawei_cdc_ncm
[    6.020277][    T1] usbcore: registered new interface driver lg-vl600
[    6.021010][    T1] usbcore: registered new interface driver qmi_wwan
[    6.021968][    T1] usbcore: registered new interface driver cdc_mbim
[    6.024081][    T1] usbcore: registered new interface driver ch9200
[    6.027099][    T1] VFIO - User Level meta-driver version: 0.3
[    6.030548][    T1] aoe: AoE v85 initialised.
[    6.033951][    T1] ehci_hcd: USB 2.0 'Enhanced' Host Controller (EHCI) Driver
[    6.034646][    T1] ehci-pci: EHCI PCI platform driver
[    6.035303][    T1] ehci-platform: EHCI generic platform driver
[    6.036277][    T1] ohci_hcd: USB 1.1 'Open' Host Controller (OHCI) Driver
[    6.036833][    T1] ohci-pci: OHCI PCI platform driver
[    6.040841][    T1] ohci-platform: OHCI generic platform driver
[    6.041435][    T1] uhci_hcd: USB Universal Host Controller Interface driver
[    6.043875][    T1] usbcore: registered new interface driver cdc_acm
[    6.044420][    T1] cdc_acm: USB Abstract Control Model driver for USB modems and ISDN adapters
[    6.045306][    T1] usbcore: registered new interface driver usblp
[    6.046023][    T1] usbcore: registered new interface driver cdc_wdm
[    6.046773][    T1] usbcore: registered new interface driver usbtmc
[    6.049866][    T1] usbcore: registered new interface driver uas
[    6.050575][    T1] usbcore: registered new interface driver usb-storage
[    6.051292][    T1] usbcore: registered new interface driver ums-alauda
[    6.052036][    T1] usbcore: registered new interface driver ums-cypress
[    6.052770][    T1] usbcore: registered new interface driver ums-datafab
[    6.053499][    T1] usbcore: registered new interface driver ums_eneub6250
[    6.054907][    T1] usbcore: registered new interface driver ums-freecom
[    6.055894][    T1] usbcore: registered new interface driver ums-isd200
[    6.056551][    T1] usbcore: registered new interface driver ums-jumpshot
[    6.057223][    T1] usbcore: registered new interface driver ums-karma
[    6.058044][    T1] usbcore: registered new interface driver ums-onetouch
[    6.059674][    T1] usbcore: registered new interface driver ums-realtek
[    6.060329][    T1] usbcore: registered new interface driver ums-sddr09
[    6.060953][    T1] usbcore: registered new interface driver ums-sddr55
[    6.061608][    T1] usbcore: registered new interface driver ums-usbat
[    6.062326][    T1] usbcore: registered new interface driver mdc800
[    6.062818][    T1] mdc800: v0.7.5 (30/10/2000):USB Driver for Mustek MDC800 Digital Camera
[    6.063617][    T1] usbcore: registered new interface driver microtekX6
[    6.064735][    T1] usbcore: registered new interface driver usbserial_generic
[    6.065598][    T1] usbserial: USB Serial support registered for generic
[    6.066310][    T1] usbcore: registered new interface driver aircable
[    6.067067][    T1] usbserial: USB Serial support registered for aircable
[    6.067993][    T1] usbcore: registered new interface driver ark3116
[    6.068672][    T1] usbserial: USB Serial support registered for ark3116
[    6.070192][    T1] usbcore: registered new interface driver belkin_sa
[    6.070886][    T1] usbserial: USB Serial support registered for Belkin / Peracom / GoHubs USB Serial Adapter
[    6.071768][    T1] usbcore: registered new interface driver ch341
[    6.072390][    T1] usbserial: USB Serial support registered for ch341-uart
[    6.073090][    T1] usbcore: registered new interface driver cp210x
[    6.073705][    T1] usbserial: USB Serial support registered for cp210x
[    6.074536][    T1] usbcore: registered new interface driver cyberjack
[    6.075211][    T1] usbserial: USB Serial support registered for Reiner SCT Cyberjack USB card reader
[    6.076096][    T1] usbcore: registered new interface driver cypress_m8
[    6.076750][    T1] usbserial: USB Serial support registered for DeLorme Earthmate USB
[    6.077762][    T1] usbserial: USB Serial support registered for HID->COM RS232 Adapter
[    6.078869][    T1] usbserial: USB Serial support registered for Nokia CA-42 V2 Adapter
[    6.080047][    T1] usbcore: registered new interface driver usb_debug
[    6.080830][    T1] usbserial: USB Serial support registered for debug
[    6.081808][    T1] usbserial: USB Serial support registered for xhci_dbc
[    6.082533][    T1] usbcore: registered new interface driver digi_acceleport
[    6.083341][    T1] usbserial: USB Serial support registered for Digi 2 port USB adapter
[    6.084263][    T1] usbserial: USB Serial support registered for Digi 4 port USB adapter
[    6.085386][    T1] usbcore: registered new interface driver io_edgeport
[    6.086250][    T1] usbserial: USB Serial support registered for Edgeport 2 port adapter
[    6.087063][    T1] usbserial: USB Serial support registered for Edgeport 4 port adapter
[    6.087949][    T1] usbserial: USB Serial support registered for Edgeport 8 port adapter
[    6.088679][    T1] usbserial: USB Serial support registered for EPiC device
[    6.089414][    T1] usbcore: registered new interface driver io_ti
[    6.090287][    T1] usbserial: USB Serial support registered for Edgeport TI 1 port adapter
[    6.091119][    T1] usbserial: USB Serial support registered for Edgeport TI 2 port adapter
[    6.092258][    T1] usbcore: registered new interface driver empeg
[    6.092902][    T1] usbserial: USB Serial support registered for empeg
[    6.093585][    T1] usbcore: registered new interface driver f81232
[    6.094872][    T1] usbserial: USB Serial support registered for f81232
[    6.095587][    T1] usbcore: registered new interface driver f81534
[    6.096443][    T1] usbserial: USB Serial support registered for Fintek F81532/F81534
[    6.097338][    T1] usbcore: registered new interface driver ftdi_sio
[    6.098005][    T1] usbserial: USB Serial support registered for FTDI USB Serial Device
[    6.099006][    T1] usbcore: registered new interface driver garmin_gps
[    6.099777][    T1] usbserial: USB Serial support registered for Garmin GPS usb/tty
[    6.100784][    T1] usbcore: registered new interface driver ipaq
[    6.101425][    T1] usbserial: USB Serial support registered for PocketPC PDA
[    6.102257][    T1] usbcore: registered new interface driver ipw
[    6.102981][    T1] usbserial: USB Serial support registered for IPWireless converter
[    6.103792][    T1] usbcore: registered new interface driver ir_usb
[    6.104552][    T1] usbserial: USB Serial support registered for IR Dongle
[    6.105299][    T1] usbcore: registered new interface driver iuu_phoenix
[    6.106039][    T1] usbserial: USB Serial support registered for iuu_phoenix
[    6.106826][    T1] usbcore: registered new interface driver keyspan
[    6.107529][    T1] usbserial: USB Serial support registered for Keyspan - (without firmware)
[    6.108682][    T1] usbserial: USB Serial support registered for Keyspan 1 port adapter
[    6.109689][    T1] usbserial: USB Serial support registered for Keyspan 2 port adapter
[    6.110705][    T1] usbserial: USB Serial support registered for Keyspan 4 port adapter
[    6.112841][    T1] usbcore: registered new interface driver keyspan_pda
[    6.113703][    T1] usbserial: USB Serial support registered for Keyspan PDA
[    6.115287][    T1] usbserial: USB Serial support registered for Keyspan PDA - (prerenumeration)
[    6.116372][    T1] usbcore: registered new interface driver kl5kusb105
[    6.117167][    T1] usbserial: USB Serial support registered for KL5KUSB105D / PalmConnect
[    6.118066][    T1] usbcore: registered new interface driver kobil_sct
[    6.118802][    T1] usbserial: USB Serial support registered for KOBIL USB smart card terminal
[    6.119767][    T1] usbcore: registered new interface driver mct_u232
[    6.120511][    T1] usbserial: USB Serial support registered for MCT U232
[    6.121398][    T1] usbcore: registered new interface driver metro_usb
[    6.122400][    T1] usbserial: USB Serial support registered for Metrologic USB to Serial
[    6.124022][    T1] usbcore: registered new interface driver mos7720
[    6.124745][    T1] usbserial: USB Serial support registered for Moschip 2 port adapter
[    6.125610][    T1] usbcore: registered new interface driver mos7840
[    6.126325][    T1] usbserial: USB Serial support registered for Moschip 7840/7820 USB Serial Driver
[    6.127335][    T1] usbcore: registered new interface driver mxuport
[    6.128030][    T1] usbserial: USB Serial support registered for MOXA UPort
[    6.128842][    T1] usbcore: registered new interface driver navman
[    6.129602][    T1] usbserial: USB Serial support registered for navman
[    6.130383][    T1] usbcore: registered new interface driver omninet
[    6.131115][    T1] usbserial: USB Serial support registered for ZyXEL - omni.net lcd plus usb
[    6.133140][    T1] usbcore: registered new interface driver opticon
[    6.133870][    T1] usbserial: USB Serial support registered for opticon
[    6.135292][    T1] usbcore: registered new interface driver option
[    6.136034][    T1] usbserial: USB Serial support registered for GSM modem (1-port)
[    6.136893][    T1] usbcore: registered new interface driver oti6858
[    6.137633][    T1] usbserial: USB Serial support registered for oti6858
[    6.138639][    T1] usbcore: registered new interface driver pl2303
[    6.139478][    T1] usbserial: USB Serial support registered for pl2303
[    6.140239][    T1] usbcore: registered new interface driver qcaux
[    6.140915][    T1] usbserial: USB Serial support registered for qcaux
[    6.142829][    T1] usbcore: registered new interface driver qcserial
[    6.143449][    T1] usbserial: USB Serial support registered for Qualcomm USB modem
[    6.144161][    T1] usbcore: registered new interface driver quatech2
[    6.144934][    T1] usbserial: USB Serial support registered for Quatech 2nd gen USB to Serial Driver
[    6.145811][    T1] usbcore: registered new interface driver safe_serial
[    6.146466][    T1] usbserial: USB Serial support registered for safe_serial
[    6.147177][    T1] usbcore: registered new interface driver sierra
[    6.147810][    T1] usbserial: USB Serial support registered for Sierra USB modem
[    6.148547][    T1] usbcore: registered new interface driver usb_serial_simple
[    6.149253][    T1] usbserial: USB Serial support registered for carelink
[    6.149917][    T1] usbserial: USB Serial support registered for zio
[    6.151735][    T1] usbserial: USB Serial support registered for funsoft
[    6.152378][    T1] usbserial: USB Serial support registered for flashloader
[    6.153022][    T1] usbserial: USB Serial support registered for google
[    6.153678][    T1] usbserial: USB Serial support registered for libtransistor
[    6.154907][    T1] usbserial: USB Serial support registered for vivopay
[    6.155562][    T1] usbserial: USB Serial support registered for moto_modem
[    6.156238][    T1] usbserial: USB Serial support registered for motorola_tetra
[    6.156943][    T1] usbserial: USB Serial support registered for novatel_gps
[    6.157625][    T1] usbserial: USB Serial support registered for hp4x
[    6.158263][    T1] usbserial: USB Serial support registered for suunto
[    6.158919][    T1] usbserial: USB Serial support registered for siemens_mpi
[    6.159909][    T1] usbcore: registered new interface driver spcp8x5
[    6.160721][    T1] usbserial: USB Serial support registered for SPCP8x5
[    6.162245][    T1] usbcore: registered new interface driver ssu100
[    6.162855][    T1] usbserial: USB Serial support registered for Quatech SSU-100 USB to Serial Driver
[    6.163680][    T1] usbcore: registered new interface driver symbolserial
[    6.164381][    T1] usbserial: USB Serial support registered for symbol
[    6.165125][    T1] usbcore: registered new interface driver ti_usb_3410_5052
[    6.165793][    T1] usbserial: USB Serial support registered for TI USB 3410 1 port adapter
[    6.166587][    T1] usbserial: USB Serial support registered for TI USB 5052 2 port adapter
[    6.167391][    T1] usbcore: registered new interface driver upd78f0730
[    6.168047][    T1] usbserial: USB Serial support registered for upd78f0730
[    6.169040][    T1] usbcore: registered new interface driver visor
[    6.169838][    T1] usbserial: USB Serial support registered for Handspring Visor / Palm OS
[    6.170719][    T1] usbserial: USB Serial support registered for Sony Clie 5.0
[    6.171518][    T1] usbserial: USB Serial support registered for Sony Clie 3.5
[    6.173493][    T1] usbcore: registered new interface driver wishbone_serial
[    6.174248][    T1] usbserial: USB Serial support registered for wishbone_serial
[    6.175025][    T1] usbcore: registered new interface driver whiteheat
[    6.175740][    T1] usbserial: USB Serial support registered for Connect Tech - WhiteHEAT - (prerenumeration)
[    6.176632][    T1] usbserial: USB Serial support registered for Connect Tech - WhiteHEAT
[    6.177426][    T1] usbcore: registered new interface driver xsens_mt
[    6.178064][    T1] usbserial: USB Serial support registered for xsens_mt
[    6.178753][    T1] usbcore: registered new interface driver adutux
[    6.179399][    T1] usbcore: registered new interface driver appledisplay
[    6.180084][    T1] usbcore: registered new interface driver cypress_cy7c63
[    6.180776][    T1] usbcore: registered new interface driver cytherm
[    6.182818][    T1] usbcore: registered new interface driver emi26 - firmware loader
[    6.183667][    T1] usbcore: registered new interface driver emi62 - firmware loader
[    6.184616][    T1] usbcore: registered new interface driver idmouse
[    6.185515][    T1] usbcore: registered new interface driver iowarrior
[    6.186240][    T1] usbcore: registered new interface driver isight_firmware
[    6.186951][    T1] usbcore: registered new interface driver usblcd
[    6.187671][    T1] usbcore: registered new interface driver ldusb
[    6.188407][    T1] usbcore: registered new interface driver legousbtower
[    6.189200][    T1] usbcore: registered new interface driver usbtest
[    6.189932][    T1] usbcore: registered new interface driver usb_ehset_test
[    6.191050][    T1] usbcore: registered new interface driver trancevibrator
[    6.192020][    T1] usbcore: registered new interface driver uss720
[    6.192578][    T1] uss720: USB Parport Cable driver for Cables using the Lucent Technologies USS720 Chip
[    6.193432][    T1] uss720: NOTE: this is a special purpose driver to allow nonstandard
[    6.194140][    T1] uss720: protocols (eg. bitbang) over USS720 usb to parallel cables
[    6.194922][    T1] uss720: If you just want to connect to a printer, use usblp instead
[    6.195710][    T1] usbcore: registered new interface driver usbsevseg
[    6.196352][    T1] usbcore: registered new interface driver yurex
[    6.197557][    T1] usbcore: registered new interface driver chaoskey
[    6.198235][    T1] usbcore: registered new interface driver sisusb
[    6.198893][    T1] usbcore: registered new interface driver lvs
[    6.199763][    T1] usbcore: registered new interface driver cxacru
[    6.200635][    T1] usbcore: registered new interface driver speedtch
[    6.201424][    T1] usbcore: registered new interface driver ueagle-atm
[    6.202003][    T1] xusbatm: malformed module parameters
[    6.206737][    T1] dummy_hcd dummy_hcd.0: USB Host+Gadget Emulator, driver 02 May 2005
[    6.207470][    T1] dummy_hcd dummy_hcd.0: Dummy host controller
[    6.209827][    T1] dummy_hcd dummy_hcd.0: new USB bus registered, assigned bus number 1
[    6.211216][    T1] usb usb1: New USB device found, idVendor=1d6b, idProduct=0002, bcdDevice= 5.06
[    6.211947][    T1] usb usb1: New USB device strings: Mfr=3, Product=2, SerialNumber=1
[    6.212558][    T1] usb usb1: Product: Dummy host controller
[    6.213004][    T1] usb usb1: Manufacturer: Linux 5.6.0-rc5-49397b801261-02077-g49397b801261 dummy_hcd
[    6.213720][    T1] usb usb1: SerialNumber: dummy_hcd.0
[    6.215863][    T1] hub 1-0:1.0: USB hub found
[    6.216424][    T1] hub 1-0:1.0: 1 port detected
[    6.218549][    T1] dummy_hcd dummy_hcd.1: USB Host+Gadget Emulator, driver 02 May 2005
[    6.219200][    T1] dummy_hcd dummy_hcd.1: Dummy host controller
[    6.220151][    T1] dummy_hcd dummy_hcd.1: new USB bus registered, assigned bus number 2
[    6.221599][    T1] usb usb2: New USB device found, idVendor=1d6b, idProduct=0002, bcdDevice= 5.06
[    6.222305][    T1] usb usb2: New USB device strings: Mfr=3, Product=2, SerialNumber=1
[    6.222921][    T1] usb usb2: Product: Dummy host controller
[    6.223363][    T1] usb usb2: Manufacturer: Linux 5.6.0-rc5-49397b801261-02077-g49397b801261 dummy_hcd
[    6.224083][    T1] usb usb2: SerialNumber: dummy_hcd.1
[    6.225786][    T1] hub 2-0:1.0: USB hub found
[    6.226230][    T1] hub 2-0:1.0: 1 port detected
[    6.227816][    T1] dummy_hcd dummy_hcd.2: USB Host+Gadget Emulator, driver 02 May 2005
[    6.228461][    T1] dummy_hcd dummy_hcd.2: Dummy host controller
[    6.229303][    T1] dummy_hcd dummy_hcd.2: new USB bus registered, assigned bus number 3
[    6.230517][    T1] usb usb3: New USB device found, idVendor=1d6b, idProduct=0002, bcdDevice= 5.06
[    6.231483][    T1] usb usb3: New USB device strings: Mfr=3, Product=2, SerialNumber=1
[    6.232166][    T1] usb usb3: Product: Dummy host controller
[    6.232657][    T1] usb usb3: Manufacturer: Linux 5.6.0-rc5-49397b801261-02077-g49397b801261 dummy_hcd
[    6.233456][    T1] usb usb3: SerialNumber: dummy_hcd.2
[    6.235592][    T1] hub 3-0:1.0: USB hub found
[    6.236084][    T1] hub 3-0:1.0: 1 port detected
[    6.237852][    T1] dummy_hcd dummy_hcd.3: USB Host+Gadget Emulator, driver 02 May 2005
[    6.238560][    T1] dummy_hcd dummy_hcd.3: Dummy host controller
[    6.239614][    T1] dummy_hcd dummy_hcd.3: new USB bus registered, assigned bus number 4
[    6.241282][    T1] usb usb4: New USB device found, idVendor=1d6b, idProduct=0002, bcdDevice= 5.06
[    6.241990][    T1] usb usb4: New USB device strings: Mfr=3, Product=2, SerialNumber=1
[    6.242605][    T1] usb usb4: Product: Dummy host controller
[    6.243050][    T1] usb usb4: Manufacturer: Linux 5.6.0-rc5-49397b801261-02077-g49397b801261 dummy_hcd
[    6.243772][    T1] usb usb4: SerialNumber: dummy_hcd.3
[    6.245891][    T1] hub 4-0:1.0: USB hub found
[    6.246329][    T1] hub 4-0:1.0: 1 port detected
[    6.247901][    T1] dummy_hcd dummy_hcd.4: USB Host+Gadget Emulator, driver 02 May 2005
[    6.248548][    T1] dummy_hcd dummy_hcd.4: Dummy host controller
[    6.249364][    T1] dummy_hcd dummy_hcd.4: new USB bus registered, assigned bus number 5
[    6.250457][    T1] usb usb5: New USB device found, idVendor=1d6b, idProduct=0002, bcdDevice= 5.06
[    6.251288][    T1] usb usb5: New USB device strings: Mfr=3, Product=2, SerialNumber=1
[    6.251991][    T1] usb usb5: Product: Dummy host controller
[    6.252490][    T1] usb usb5: Manufacturer: Linux 5.6.0-rc5-49397b801261-02077-g49397b801261 dummy_hcd
[    6.253378][    T1] usb usb5: SerialNumber: dummy_hcd.4
[    6.255007][    T1] hub 5-0:1.0: USB hub found
[    6.255510][    T1] hub 5-0:1.0: 1 port detected
[    6.257165][    T1] dummy_hcd dummy_hcd.5: USB Host+Gadget Emulator, driver 02 May 2005
[    6.257938][    T1] dummy_hcd dummy_hcd.5: Dummy host controller
[    6.258892][    T1] dummy_hcd dummy_hcd.5: new USB bus registered, assigned bus number 6
[    6.260024][    T1] usb usb6: New USB device found, idVendor=1d6b, idProduct=0002, bcdDevice= 5.06
[    6.261013][    T1] usb usb6: New USB device strings: Mfr=3, Product=2, SerialNumber=1
[    6.261830][    T1] usb usb6: Product: Dummy host controller
[    6.262322][    T1] usb usb6: Manufacturer: Linux 5.6.0-rc5-49397b801261-02077-g49397b801261 dummy_hcd
[    6.263124][    T1] usb usb6: SerialNumber: dummy_hcd.5
[    6.264894][    T1] hub 6-0:1.0: USB hub found
[    6.265384][    T1] hub 6-0:1.0: 1 port detected
[    6.266991][    T1] dummy_hcd dummy_hcd.6: USB Host+Gadget Emulator, driver 02 May 2005
[    6.267648][    T1] dummy_hcd dummy_hcd.6: Dummy host controller
[    6.268585][    T1] dummy_hcd dummy_hcd.6: new USB bus registered, assigned bus number 7
[    6.270083][    T1] usb usb7: New USB device found, idVendor=1d6b, idProduct=0002, bcdDevice= 5.06
[    6.270793][    T1] usb usb7: New USB device strings: Mfr=3, Product=2, SerialNumber=1
[    6.271407][    T1] usb usb7: Product: Dummy host controller
[    6.271856][    T1] usb usb7: Manufacturer: Linux 5.6.0-rc5-49397b801261-02077-g49397b801261 dummy_hcd
[    6.272574][    T1] usb usb7: SerialNumber: dummy_hcd.6
[    6.273942][    T1] hub 7-0:1.0: USB hub found
[    6.275616][    T1] hub 7-0:1.0: 1 port detected
[    6.277183][    T1] dummy_hcd dummy_hcd.7: USB Host+Gadget Emulator, driver 02 May 2005
[    6.277836][    T1] dummy_hcd dummy_hcd.7: Dummy host controller
[    6.278800][    T1] dummy_hcd dummy_hcd.7: new USB bus registered, assigned bus number 8
[    6.280248][    T1] usb usb8: New USB device found, idVendor=1d6b, idProduct=0002, bcdDevice= 5.06
[    6.280957][    T1] usb usb8: New USB device strings: Mfr=3, Product=2, SerialNumber=1
[    6.281611][    T1] usb usb8: Product: Dummy host controller
[    6.282097][    T1] usb usb8: Manufacturer: Linux 5.6.0-rc5-49397b801261-02077-g49397b801261 dummy_hcd
[    6.282815][    T1] usb usb8: SerialNumber: dummy_hcd.7
[    6.284160][    T1] hub 8-0:1.0: USB hub found
[    6.285316][    T1] hub 8-0:1.0: 1 port detected
[    6.296842][    T1] gadgetfs: USB Gadget filesystem, version 24 Aug 2004
[    6.298186][    T1] vhci_hcd vhci_hcd.0: USB/IP Virtual Host Controller
[    6.299197][    T1] vhci_hcd vhci_hcd.0: new USB bus registered, assigned bus number 9
[    6.300066][    T1] vhci_hcd: created sysfs vhci_hcd.0
[    6.302554][    T1] usb usb9: New USB device found, idVendor=1d6b, idProduct=0002, bcdDevice= 5.06
[    6.303317][    T1] usb usb9: New USB device strings: Mfr=3, Product=2, SerialNumber=1
[    6.303951][    T1] usb usb9: Product: USB/IP Virtual Host Controller
[    6.304491][    T1] usb usb9: Manufacturer: Linux 5.6.0-rc5-49397b801261-02077-g49397b801261 vhci_hcd
[    6.305200][    T1] usb usb9: SerialNumber: vhci_hcd.0
[    6.306564][    T1] hub 9-0:1.0: USB hub found
[    6.307062][    T1] hub 9-0:1.0: 8 ports detected
[    6.309903][    T1] vhci_hcd vhci_hcd.0: USB/IP Virtual Host Controller
[    6.310906][    T1] vhci_hcd vhci_hcd.0: new USB bus registered, assigned bus number 10
[    6.311711][    T1] usb usb10: We don't know the algorithms for LPM for this host, disabling LPM.
[    6.313004][    T1] usb usb10: New USB device found, idVendor=1d6b, idProduct=0003, bcdDevice= 5.06
[    6.313708][    T1] usb usb10: New USB device strings: Mfr=3, Product=2, SerialNumber=1
[    6.315002][    T1] usb usb10: Product: USB/IP Virtual Host Controller
[    6.315565][    T1] usb usb10: Manufacturer: Linux 5.6.0-rc5-49397b801261-02077-g49397b801261 vhci_hcd
[    6.316297][    T1] usb usb10: SerialNumber: vhci_hcd.0
[    6.317588][    T1] hub 10-0:1.0: USB hub found
[    6.318065][    T1] hub 10-0:1.0: 8 ports detected
[    6.321494][    T1] vhci_hcd vhci_hcd.1: USB/IP Virtual Host Controller
[    6.322674][    T1] vhci_hcd vhci_hcd.1: new USB bus registered, assigned bus number 11
[    6.324443][    T1] usb usb11: New USB device found, idVendor=1d6b, idProduct=0002, bcdDevice= 5.06
[    6.325404][    T1] usb usb11: New USB device strings: Mfr=3, Product=2, SerialNumber=1
[    6.326106][    T1] usb usb11: Product: USB/IP Virtual Host Controller
[    6.326672][    T1] usb usb11: Manufacturer: Linux 5.6.0-rc5-49397b801261-02077-g49397b801261 vhci_hcd
[    6.327473][    T1] usb usb11: SerialNumber: vhci_hcd.1
[    6.328839][    T1] hub 11-0:1.0: USB hub found
[    6.329293][    T1] hub 11-0:1.0: 8 ports detected
[    6.332158][    T1] vhci_hcd vhci_hcd.1: USB/IP Virtual Host Controller
[    6.333069][    T1] vhci_hcd vhci_hcd.1: new USB bus registered, assigned bus number 12
[    6.333935][    T1] usb usb12: We don't know the algorithms for LPM for this host, disabling LPM.
[    6.335377][    T1] usb usb12: New USB device found, idVendor=1d6b, idProduct=0003, bcdDevice= 5.06
[    6.336088][    T1] usb usb12: New USB device strings: Mfr=3, Product=2, SerialNumber=1
[    6.336704][    T1] usb usb12: Product: USB/IP Virtual Host Controller
[    6.337210][    T1] usb usb12: Manufacturer: Linux 5.6.0-rc5-49397b801261-02077-g49397b801261 vhci_hcd
[    6.337928][    T1] usb usb12: SerialNumber: vhci_hcd.1
[    6.339321][    T1] hub 12-0:1.0: USB hub found
[    6.339779][    T1] hub 12-0:1.0: 8 ports detected
[    6.343121][    T1] vhci_hcd vhci_hcd.2: USB/IP Virtual Host Controller
[    6.344107][    T1] vhci_hcd vhci_hcd.2: new USB bus registered, assigned bus number 13
[    6.345239][    T1] usb usb13: New USB device found, idVendor=1d6b, idProduct=0002, bcdDevice= 5.06
[    6.345947][    T1] usb usb13: New USB device strings: Mfr=3, Product=2, SerialNumber=1
[    6.346565][    T1] usb usb13: Product: USB/IP Virtual Host Controller
[    6.347074][    T1] usb usb13: Manufacturer: Linux 5.6.0-rc5-49397b801261-02077-g49397b801261 vhci_hcd
[    6.347791][    T1] usb usb13: SerialNumber: vhci_hcd.2
[    6.349624][    T1] hub 13-0:1.0: USB hub found
[    6.350079][    T1] hub 13-0:1.0: 8 ports detected
[    6.353364][    T1] vhci_hcd vhci_hcd.2: USB/IP Virtual Host Controller
[    6.355045][    T1] vhci_hcd vhci_hcd.2: new USB bus registered, assigned bus number 14
[    6.356138][    T1] usb usb14: We don't know the algorithms for LPM for this host, disabling LPM.
[    6.357239][    T1] usb usb14: New USB device found, idVendor=1d6b, idProduct=0003, bcdDevice= 5.06
[    6.358008][    T1] usb usb14: New USB device strings: Mfr=3, Product=2, SerialNumber=1
[    6.358681][    T1] usb usb14: Product: USB/IP Virtual Host Controller
[    6.359239][    T1] usb usb14: Manufacturer: Linux 5.6.0-rc5-49397b801261-02077-g49397b801261 vhci_hcd
[    6.360025][    T1] usb usb14: SerialNumber: vhci_hcd.2
[    6.361537][    T1] hub 14-0:1.0: USB hub found
[    6.362034][    T1] hub 14-0:1.0: 8 ports detected
[    6.365919][    T1] vhci_hcd vhci_hcd.3: USB/IP Virtual Host Controller
[    6.366849][    T1] vhci_hcd vhci_hcd.3: new USB bus registered, assigned bus number 15
[    6.367937][    T1] usb usb15: New USB device found, idVendor=1d6b, idProduct=0002, bcdDevice= 5.06
[    6.368640][    T1] usb usb15: New USB device strings: Mfr=3, Product=2, SerialNumber=1
[    6.369258][    T1] usb usb15: Product: USB/IP Virtual Host Controller
[    6.369766][    T1] usb usb15: Manufacturer: Linux 5.6.0-rc5-49397b801261-02077-g49397b801261 vhci_hcd
[    6.370481][    T1] usb usb15: SerialNumber: vhci_hcd.3
[    6.372179][    T1] hub 15-0:1.0: USB hub found
[    6.372629][    T1] hub 15-0:1.0: 8 ports detected
[    6.375584][    T1] vhci_hcd vhci_hcd.3: USB/IP Virtual Host Controller
[    6.376517][    T1] vhci_hcd vhci_hcd.3: new USB bus registered, assigned bus number 16
[    6.377293][    T1] usb usb16: We don't know the algorithms for LPM for this host, disabling LPM.
[    6.378284][    T1] usb usb16: New USB device found, idVendor=1d6b, idProduct=0003, bcdDevice= 5.06
[    6.378982][    T1] usb usb16: New USB device strings: Mfr=3, Product=2, SerialNumber=1
[    6.379600][    T1] usb usb16: Product: USB/IP Virtual Host Controller
[    6.380106][    T1] usb usb16: Manufacturer: Linux 5.6.0-rc5-49397b801261-02077-g49397b801261 vhci_hcd
[    6.380824][    T1] usb usb16: SerialNumber: vhci_hcd.3
[    6.382465][    T1] hub 16-0:1.0: USB hub found
[    6.383024][    T1] hub 16-0:1.0: 8 ports detected
[    6.387043][    T1] vhci_hcd vhci_hcd.4: USB/IP Virtual Host Controller
[    6.388193][    T1] vhci_hcd vhci_hcd.4: new USB bus registered, assigned bus number 17
[    6.389836][    T1] usb usb17: New USB device found, idVendor=1d6b, idProduct=0002, bcdDevice= 5.06
[    6.390645][    T1] usb usb17: New USB device strings: Mfr=3, Product=2, SerialNumber=1
[    6.391381][    T1] usb usb17: Product: USB/IP Virtual Host Controller
[    6.391891][    T1] usb usb17: Manufacturer: Linux 5.6.0-rc5-49397b801261-02077-g49397b801261 vhci_hcd
[    6.392609][    T1] usb usb17: SerialNumber: vhci_hcd.4
[    6.394010][    T1] hub 17-0:1.0: USB hub found
[    6.394674][    T1] hub 17-0:1.0: 8 ports detected
[    6.397368][    T1] vhci_hcd vhci_hcd.4: USB/IP Virtual Host Controller
[    6.398233][    T1] vhci_hcd vhci_hcd.4: new USB bus registered, assigned bus number 18
[    6.399012][    T1] usb usb18: We don't know the algorithms for LPM for this host, disabling LPM.
[    6.400012][    T1] usb usb18: New USB device found, idVendor=1d6b, idProduct=0003, bcdDevice= 5.06
[    6.400721][    T1] usb usb18: New USB device strings: Mfr=3, Product=2, SerialNumber=1
[    6.401344][    T1] usb usb18: Product: USB/IP Virtual Host Controller
[    6.401858][    T1] usb usb18: Manufacturer: Linux 5.6.0-rc5-49397b801261-02077-g49397b801261 vhci_hcd
[    6.402578][    T1] usb usb18: SerialNumber: vhci_hcd.4
[    6.404122][    T1] hub 18-0:1.0: USB hub found
[    6.405208][    T1] hub 18-0:1.0: 8 ports detected
[    6.408573][    T1] vhci_hcd vhci_hcd.5: USB/IP Virtual Host Controller
[    6.409493][    T1] vhci_hcd vhci_hcd.5: new USB bus registered, assigned bus number 19
[    6.410696][    T1] usb usb19: New USB device found, idVendor=1d6b, idProduct=0002, bcdDevice= 5.06
[    6.411400][    T1] usb usb19: New USB device strings: Mfr=3, Product=2, SerialNumber=1
[    6.412020][    T1] usb usb19: Product: USB/IP Virtual Host Controller
[    6.412527][    T1] usb usb19: Manufacturer: Linux 5.6.0-rc5-49397b801261-02077-g49397b801261 vhci_hcd
[    6.413243][    T1] usb usb19: SerialNumber: vhci_hcd.5
[    6.415660][    T1] hub 19-0:1.0: USB hub found
[    6.416255][    T1] hub 19-0:1.0: 8 ports detected
[    6.419339][    T1] vhci_hcd vhci_hcd.5: USB/IP Virtual Host Controller
[    6.420388][    T1] vhci_hcd vhci_hcd.5: new USB bus registered, assigned bus number 20
[    6.421263][    T1] usb usb20: We don't know the algorithms for LPM for this host, disabling LPM.
[    6.422752][    T1] usb usb20: New USB device found, idVendor=1d6b, idProduct=0003, bcdDevice= 5.06
[    6.423628][    T1] usb usb20: New USB device strings: Mfr=3, Product=2, SerialNumber=1
[    6.424363][    T1] usb usb20: Product: USB/IP Virtual Host Controller
[    6.424981][    T1] usb usb20: Manufacturer: Linux 5.6.0-rc5-49397b801261-02077-g49397b801261 vhci_hcd
[    6.425808][    T1] usb usb20: SerialNumber: vhci_hcd.5
[    6.427257][    T1] hub 20-0:1.0: USB hub found
[    6.427804][    T1] hub 20-0:1.0: 8 ports detected
[    6.431253][    T1] vhci_hcd vhci_hcd.6: USB/IP Virtual Host Controller
[    6.432354][    T1] vhci_hcd vhci_hcd.6: new USB bus registered, assigned bus number 21
[    6.433813][    T1] usb usb21: New USB device found, idVendor=1d6b, idProduct=0002, bcdDevice= 5.06
[    6.434883][    T1] usb usb21: New USB device strings: Mfr=3, Product=2, SerialNumber=1
[    6.435636][    T1] usb usb21: Product: USB/IP Virtual Host Controller
[    6.436242][    T1] usb usb21: Manufacturer: Linux 5.6.0-rc5-49397b801261-02077-g49397b801261 vhci_hcd
[    6.437061][    T1] usb usb21: SerialNumber: vhci_hcd.6
[    6.438501][    T1] hub 21-0:1.0: USB hub found
[    6.439039][    T1] hub 21-0:1.0: 8 ports detected
[    6.441928][    T1] vhci_hcd vhci_hcd.6: USB/IP Virtual Host Controller
[    6.442883][    T1] vhci_hcd vhci_hcd.6: new USB bus registered, assigned bus number 22
[    6.443747][    T1] usb usb22: We don't know the algorithms for LPM for this host, disabling LPM.
[    6.445953][    T1] usb usb22: New USB device found, idVendor=1d6b, idProduct=0003, bcdDevice= 5.06
[    6.446757][    T1] usb usb22: New USB device strings: Mfr=3, Product=2, SerialNumber=1
[    6.447431][    T1] usb usb22: Product: USB/IP Virtual Host Controller
[    6.447988][    T1] usb usb22: Manufacturer: Linux 5.6.0-rc5-49397b801261-02077-g49397b801261 vhci_hcd
[    6.448774][    T1] usb usb22: SerialNumber: vhci_hcd.6
[    6.450157][    T1] hub 22-0:1.0: USB hub found
[    6.450662][    T1] hub 22-0:1.0: 8 ports detected
[    6.454635][    T1] vhci_hcd vhci_hcd.7: USB/IP Virtual Host Controller
[    6.455502][    T1] vhci_hcd vhci_hcd.7: new USB bus registered, assigned bus number 23
[    6.456498][    T1] usb usb23: New USB device found, idVendor=1d6b, idProduct=0002, bcdDevice= 5.06
[    6.457206][    T1] usb usb23: New USB device strings: Mfr=3, Product=2, SerialNumber=1
[    6.457830][    T1] usb usb23: Product: USB/IP Virtual Host Controller
[    6.458340][    T1] usb usb23: Manufacturer: Linux 5.6.0-rc5-49397b801261-02077-g49397b801261 vhci_hcd
[    6.459057][    T1] usb usb23: SerialNumber: vhci_hcd.7
[    6.460355][    T1] hub 23-0:1.0: USB hub found
[    6.460878][    T1] hub 23-0:1.0: 8 ports detected
[    6.463808][    T1] vhci_hcd vhci_hcd.7: USB/IP Virtual Host Controller
[    6.464721][    T1] vhci_hcd vhci_hcd.7: new USB bus registered, assigned bus number 24
[    6.465490][    T1] usb usb24: We don't know the algorithms for LPM for this host, disabling LPM.
[    6.466812][    T1] usb usb24: New USB device found, idVendor=1d6b, idProduct=0003, bcdDevice= 5.06
[    6.467520][    T1] usb usb24: New USB device strings: Mfr=3, Product=2, SerialNumber=1
[    6.468143][    T1] usb usb24: Product: USB/IP Virtual Host Controller
[    6.468655][    T1] usb usb24: Manufacturer: Linux 5.6.0-rc5-49397b801261-02077-g49397b801261 vhci_hcd
[    6.469377][    T1] usb usb24: SerialNumber: vhci_hcd.7
[    6.470764][    T1] hub 24-0:1.0: USB hub found
[    6.471215][    T1] hub 24-0:1.0: 8 ports detected
[    6.475266][    T1] vhci_hcd vhci_hcd.8: USB/IP Virtual Host Controller
[    6.476528][    T1] vhci_hcd vhci_hcd.8: new USB bus registered, assigned bus number 25
[    6.477683][    T1] usb usb25: New USB device found, idVendor=1d6b, idProduct=0002, bcdDevice= 5.06
[    6.478476][    T1] usb usb25: New USB device strings: Mfr=3, Product=2, SerialNumber=1
[    6.479170][    T1] usb usb25: Product: USB/IP Virtual Host Controller
[    6.479743][    T1] usb usb25: Manufacturer: Linux 5.6.0-rc5-49397b801261-02077-g49397b801261 vhci_hcd
[    6.480543][    T1] usb usb25: SerialNumber: vhci_hcd.8
[    6.482113][    T1] hub 25-0:1.0: USB hub found
[    6.482614][    T1] hub 25-0:1.0: 8 ports detected
[    6.486005][    T1] vhci_hcd vhci_hcd.8: USB/IP Virtual Host Controller
[    6.486913][    T1] vhci_hcd vhci_hcd.8: new USB bus registered, assigned bus number 26
[    6.487685][    T1] usb usb26: We don't know the algorithms for LPM for this host, disabling LPM.
[    6.488861][    T1] usb usb26: New USB device found, idVendor=1d6b, idProduct=0003, bcdDevice= 5.06
[    6.489562][    T1] usb usb26: New USB device strings: Mfr=3, Product=2, SerialNumber=1
[    6.490181][    T1] usb usb26: Product: USB/IP Virtual Host Controller
[    6.490687][    T1] usb usb26: Manufacturer: Linux 5.6.0-rc5-49397b801261-02077-g49397b801261 vhci_hcd
[    6.491402][    T1] usb usb26: SerialNumber: vhci_hcd.8
[    6.492782][    T1] hub 26-0:1.0: USB hub found
[    6.493232][    T1] hub 26-0:1.0: 8 ports detected
[    6.496835][    T1] vhci_hcd vhci_hcd.9: USB/IP Virtual Host Controller
[    6.497753][    T1] vhci_hcd vhci_hcd.9: new USB bus registered, assigned bus number 27
[    6.498831][    T1] usb usb27: New USB device found, idVendor=1d6b, idProduct=0002, bcdDevice= 5.06
[    6.499535][    T1] usb usb27: New USB device strings: Mfr=3, Product=2, SerialNumber=1
[    6.500158][    T1] usb usb27: Product: USB/IP Virtual Host Controller
[    6.500667][    T1] usb usb27: Manufacturer: Linux 5.6.0-rc5-49397b801261-02077-g49397b801261 vhci_hcd
[    6.501385][    T1] usb usb27: SerialNumber: vhci_hcd.9
[    6.503189][    T1] hub 27-0:1.0: USB hub found
[    6.503642][    T1] hub 27-0:1.0: 8 ports detected
[    6.507002][    T1] vhci_hcd vhci_hcd.9: USB/IP Virtual Host Controller
[    6.508030][    T1] vhci_hcd vhci_hcd.9: new USB bus registered, assigned bus number 28
[    6.508884][    T1] usb usb28: We don't know the algorithms for LPM for this host, disabling LPM.
[    6.509989][    T1] usb usb28: New USB device found, idVendor=1d6b, idProduct=0003, bcdDevice= 5.06
[    6.510691][    T1] usb usb28: New USB device strings: Mfr=3, Product=2, SerialNumber=1
[    6.511315][    T1] usb usb28: Product: USB/IP Virtual Host Controller
[    6.511827][    T1] usb usb28: Manufacturer: Linux 5.6.0-rc5-49397b801261-02077-g49397b801261 vhci_hcd
[    6.512547][    T1] usb usb28: SerialNumber: vhci_hcd.9
[    6.514030][    T1] hub 28-0:1.0: USB hub found
[    6.514984][    T1] hub 28-0:1.0: 8 ports detected
[    6.518372][    T1] vhci_hcd vhci_hcd.10: USB/IP Virtual Host Controller
[    6.519384][    T1] vhci_hcd vhci_hcd.10: new USB bus registered, assigned bus number 29
[    6.520642][    T1] usb usb29: New USB device found, idVendor=1d6b, idProduct=0002, bcdDevice= 5.06
[    6.521356][    T1] usb usb29: New USB device strings: Mfr=3, Product=2, SerialNumber=1
[    6.521982][    T1] usb usb29: Product: USB/IP Virtual Host Controller
[    6.522495][    T1] usb usb29: Manufacturer: Linux 5.6.0-rc5-49397b801261-02077-g49397b801261 vhci_hcd
[    6.523216][    T1] usb usb29: SerialNumber: vhci_hcd.10
[    6.524693][    T1] hub 29-0:1.0: USB hub found
[    6.525205][    T1] hub 29-0:1.0: 8 ports detected
[    6.528017][    T1] vhci_hcd vhci_hcd.10: USB/IP Virtual Host Controller
[    6.529048][    T1] vhci_hcd vhci_hcd.10: new USB bus registered, assigned bus number 30
[    6.529834][    T1] usb usb30: We don't know the algorithms for LPM for this host, disabling LPM.
[    6.531057][    T1] usb usb30: New USB device found, idVendor=1d6b, idProduct=0003, bcdDevice= 5.06
[    6.531768][    T1] usb usb30: New USB device strings: Mfr=3, Product=2, SerialNumber=1
[    6.532391][    T1] usb usb30: Product: USB/IP Virtual Host Controller
[    6.532903][    T1] usb usb30: Manufacturer: Linux 5.6.0-rc5-49397b801261-02077-g49397b801261 vhci_hcd
[    6.533627][    T1] usb usb30: SerialNumber: vhci_hcd.10
[    6.535765][    T1] hub 30-0:1.0: USB hub found
[    6.536260][    T1] hub 30-0:1.0: 8 ports detected
[    6.540573][    T1] vhci_hcd vhci_hcd.11: USB/IP Virtual Host Controller
[    6.541797][    T1] vhci_hcd vhci_hcd.11: new USB bus registered, assigned bus number 31
[    6.542881][    T1] usb usb31: New USB device found, idVendor=1d6b, idProduct=0002, bcdDevice= 5.06
[    6.543642][    T1] usb usb31: New USB device strings: Mfr=3, Product=2, SerialNumber=1
[    6.544723][    T1] usb usb31: Product: USB/IP Virtual Host Controller
[    6.545298][    T1] usb usb31: Manufacturer: Linux 5.6.0-rc5-49397b801261-02077-g49397b801261 vhci_hcd
[    6.546072][    T1] usb usb31: SerialNumber: vhci_hcd.11
[    6.547363][    T1] hub 31-0:1.0: USB hub found
[    6.547817][    T1] hub 31-0:1.0: 8 ports detected
[    6.550550][    T1] vhci_hcd vhci_hcd.11: USB/IP Virtual Host Controller
[    6.551497][    T1] vhci_hcd vhci_hcd.11: new USB bus registered, assigned bus number 32
[    6.552382][    T1] usb usb32: We don't know the algorithms for LPM for this host, disabling LPM.
[    6.553590][    T1] usb usb32: New USB device found, idVendor=1d6b, idProduct=0003, bcdDevice= 5.06
[    6.555109][    T1] usb usb32: New USB device strings: Mfr=3, Product=2, SerialNumber=1
[    6.555739][    T1] usb usb32: Product: USB/IP Virtual Host Controller
[    6.556246][    T1] usb usb32: Manufacturer: Linux 5.6.0-rc5-49397b801261-02077-g49397b801261 vhci_hcd
[    6.556963][    T1] usb usb32: SerialNumber: vhci_hcd.11
[    6.558247][    T1] hub 32-0:1.0: USB hub found
[    6.558695][    T1] hub 32-0:1.0: 8 ports detected
[    6.562101][    T1] vhci_hcd vhci_hcd.12: USB/IP Virtual Host Controller
[    6.563060][    T1] vhci_hcd vhci_hcd.12: new USB bus registered, assigned bus number 33
[    6.564422][    T1] usb usb33: New USB device found, idVendor=1d6b, idProduct=0002, bcdDevice= 5.06
[    6.565138][    T1] usb usb33: New USB device strings: Mfr=3, Product=2, SerialNumber=1
[    6.565819][    T1] usb usb33: Product: USB/IP Virtual Host Controller
[    6.566330][    T1] usb usb33: Manufacturer: Linux 5.6.0-rc5-49397b801261-02077-g49397b801261 vhci_hcd
[    6.567073][    T1] usb usb33: SerialNumber: vhci_hcd.12
[    6.569104][    T1] hub 33-0:1.0: USB hub found
[    6.569676][    T1] hub 33-0:1.0: 8 ports detected
[    6.572992][    T1] vhci_hcd vhci_hcd.12: USB/IP Virtual Host Controller
[    6.573989][    T1] vhci_hcd vhci_hcd.12: new USB bus registered, assigned bus number 34
[    6.574980][    T1] usb usb34: We don't know the algorithms for LPM for this host, disabling LPM.
[    6.576078][    T1] usb usb34: New USB device found, idVendor=1d6b, idProduct=0003, bcdDevice= 5.06
[    6.576848][    T1] usb usb34: New USB device strings: Mfr=3, Product=2, SerialNumber=1
[    6.577526][    T1] usb usb34: Product: USB/IP Virtual Host Controller
[    6.578078][    T1] usb usb34: Manufacturer: Linux 5.6.0-rc5-49397b801261-02077-g49397b801261 vhci_hcd
[    6.578800][    T1] usb usb34: SerialNumber: vhci_hcd.12
[    6.580367][    T1] hub 34-0:1.0: USB hub found
[    6.580829][    T1] hub 34-0:1.0: 8 ports detected
[    6.584398][    T1] vhci_hcd vhci_hcd.13: USB/IP Virtual Host Controller
[    6.585380][    T1] vhci_hcd vhci_hcd.13: new USB bus registered, assigned bus number 35
[    6.586790][    T1] usb usb35: New USB device found, idVendor=1d6b, idProduct=0002, bcdDevice= 5.06
[    6.587497][    T1] usb usb35: New USB device strings: Mfr=3, Product=2, SerialNumber=1
[    6.588122][    T1] usb usb35: Product: USB/IP Virtual Host Controller
[    6.588631][    T1] usb usb35: Manufacturer: Linux 5.6.0-rc5-49397b801261-02077-g49397b801261 vhci_hcd
[    6.589350][    T1] usb usb35: SerialNumber: vhci_hcd.13
[    6.590882][    T1] hub 35-0:1.0: USB hub found
[    6.591395][    T1] hub 35-0:1.0: 8 ports detected
[    6.594414][    T1] vhci_hcd vhci_hcd.13: USB/IP Virtual Host Controller
[    6.595363][    T1] vhci_hcd vhci_hcd.13: new USB bus registered, assigned bus number 36
[    6.596221][    T1] usb usb36: We don't know the algorithms for LPM for this host, disabling LPM.
[    6.597233][    T1] usb usb36: New USB device found, idVendor=1d6b, idProduct=0003, bcdDevice= 5.06
[    6.598259][    T1] usb usb36: New USB device strings: Mfr=3, Product=2, SerialNumber=1
[    6.599014][    T1] usb usb36: Product: USB/IP Virtual Host Controller
[    6.599588][    T1] usb usb36: Manufacturer: Linux 5.6.0-rc5-49397b801261-02077-g49397b801261 vhci_hcd
[    6.600394][    T1] usb usb36: SerialNumber: vhci_hcd.13
[    6.601911][    T1] hub 36-0:1.0: USB hub found
[    6.602410][    T1] hub 36-0:1.0: 8 ports detected
[    6.606247][    T1] vhci_hcd vhci_hcd.14: USB/IP Virtual Host Controller
[    6.607319][    T1] vhci_hcd vhci_hcd.14: new USB bus registered, assigned bus number 37
[    6.608495][    T1] usb usb37: New USB device found, idVendor=1d6b, idProduct=0002, bcdDevice= 5.06
[    6.609207][    T1] usb usb37: New USB device strings: Mfr=3, Product=2, SerialNumber=1
[    6.609833][    T1] usb usb37: Product: USB/IP Virtual Host Controller
[    6.610343][    T1] usb usb37: Manufacturer: Linux 5.6.0-rc5-49397b801261-02077-g49397b801261 vhci_hcd
[    6.611073][    T1] usb usb37: SerialNumber: vhci_hcd.14
[    6.612689][    T1] hub 37-0:1.0: USB hub found
[    6.613186][    T1] hub 37-0:1.0: 8 ports detected
[    6.616424][    T1] vhci_hcd vhci_hcd.14: USB/IP Virtual Host Controller
[    6.617367][    T1] vhci_hcd vhci_hcd.14: new USB bus registered, assigned bus number 38
[    6.618168][    T1] usb usb38: We don't know the algorithms for LPM for this host, disabling LPM.
[    6.619162][    T1] usb usb38: New USB device found, idVendor=1d6b, idProduct=0003, bcdDevice= 5.06
[    6.619864][    T1] usb usb38: New USB device strings: Mfr=3, Product=2, SerialNumber=1
[    6.620486][    T1] usb usb38: Product: USB/IP Virtual Host Controller
[    6.620998][    T1] usb usb38: Manufacturer: Linux 5.6.0-rc5-49397b801261-02077-g49397b801261 vhci_hcd
[    6.621718][    T1] usb usb38: SerialNumber: vhci_hcd.14
[    6.623094][    T1] hub 38-0:1.0: USB hub found
[    6.623561][    T1] hub 38-0:1.0: 8 ports detected
[    6.627203][    T1] vhci_hcd vhci_hcd.15: USB/IP Virtual Host Controller
[    6.628082][    T1] vhci_hcd vhci_hcd.15: new USB bus registered, assigned bus number 39
[    6.629552][    T1] usb usb39: New USB device found, idVendor=1d6b, idProduct=0002, bcdDevice= 5.06
[    6.630397][    T1] usb usb39: New USB device strings: Mfr=3, Product=2, SerialNumber=1
[    6.631089][    T1] usb usb39: Product: USB/IP Virtual Host Controller
[    6.631641][    T1] usb usb39: Manufacturer: Linux 5.6.0-rc5-49397b801261-02077-g49397b801261 vhci_hcd
[    6.632425][    T1] usb usb39: SerialNumber: vhci_hcd.15
[    6.634177][    T1] hub 39-0:1.0: USB hub found
[    6.634747][    T1] hub 39-0:1.0: 8 ports detected
[    6.637595][    T1] vhci_hcd vhci_hcd.15: USB/IP Virtual Host Controller
[    6.638518][    T1] vhci_hcd vhci_hcd.15: new USB bus registered, assigned bus number 40
[    6.639391][    T1] usb usb40: We don't know the algorithms for LPM for this host, disabling LPM.
[    6.640602][    T1] usb usb40: New USB device found, idVendor=1d6b, idProduct=0003, bcdDevice= 5.06
[    6.641312][    T1] usb usb40: New USB device strings: Mfr=3, Product=2, SerialNumber=1
[    6.641936][    T1] usb usb40: Product: USB/IP Virtual Host Controller
[    6.642441][    T1] usb usb40: Manufacturer: Linux 5.6.0-rc5-49397b801261-02077-g49397b801261 vhci_hcd
[    6.643160][    T1] usb usb40: SerialNumber: vhci_hcd.15
[    6.644665][    T1] hub 40-0:1.0: USB hub found
[    6.645123][    T1] hub 40-0:1.0: 8 ports detected
[    6.648868][    T1] usbcore: registered new device driver usbip-host
[    6.651670][    T1] i8042: PNP: PS/2 Controller [PNP0303:KBD,PNP0f13:MOU] at 0x60,0x64 irq 1,12
[    6.653393][    T1] serio: i8042 KBD port at 0x60,0x64 irq 1
[    6.654322][    T1] serio: i8042 AUX port at 0x60,0x64 irq 12
[    6.656145][    T1] mousedev: PS/2 mouse device common for all mice
[    6.658146][  T333] input: AT Translated Set 2 keyboard as /devices/platform/i8042/serio0/input/input1
[    6.661591][    T1] usbcore: registered new interface driver appletouch
[    6.663287][    T1] usbcore: registered new interface driver bcm5974
[    6.665124][    T1] usbcore: registered new interface driver synaptics_usb
[    6.666971][    T1] usbcore: registered new interface driver iforce
[    6.667856][    T1] usbcore: registered new interface driver xpad
[    6.668550][    T1] usbcore: registered new interface driver usb_acecad
[    6.669372][    T1] usbcore: registered new interface driver aiptek
[    6.672763][    T1] usbcore: registered new interface driver hanwang
[    6.673442][    T1] usbcore: registered new interface driver kbtab
[    6.674079][    T1] usbcore: registered new interface driver pegasus_notetaker
[    6.674920][    T1] usbcore: registered new interface driver usbtouchscreen
[    6.675675][    T1] usbcore: registered new interface driver sur40
[    6.676370][    T1] usbcore: registered new interface driver ati_remote2
[    6.676896][    T1] cm109: Keymap for Komunikate KIP1000 phone loaded
[    6.677628][    T1] usbcore: registered new interface driver cm109
[    6.678114][    T1] cm109: CM109 phone driver: 20080805 (C) Alfred E. Heggestad
[    6.678876][    T1] usbcore: registered new interface driver ims_pcu
[    6.679594][    T1] usbcore: registered new interface driver keyspan_remote
[    6.680615][    T1] usbcore: registered new interface driver powermate
[    6.681664][    T1] usbcore: registered new interface driver yealink
[    6.683367][    T1] rtc_cmos 00:05: RTC can wake from S4
[    6.686566][    T1] rtc_cmos 00:05: registered as rtc0
[    6.686983][    T1] rtc_cmos 00:05: alarms up to one day, y3k, 242 bytes nvram, hpet irqs
[    6.688235][    T1] i2c /dev entries driver
[    6.692293][    T1] usbcore: registered new interface driver i2c-diolan-u2c
[    6.693317][    T1] usbcore: registered new interface driver RobotFuzz Open Source InterFace, OSIF
[    6.695430][    T1] usbcore: registered new interface driver i2c-tiny-usb
[    6.698030][    T1] usbcore: registered new interface driver ati_remote
[    6.698893][    T1] usbcore: registered new interface driver imon
[    6.699650][    T1] usbcore: registered new interface driver mceusb
[    6.700355][    T1] usbcore: registered new interface driver redrat3
[    6.703802][    T1] usbcore: registered new interface driver streamzap
[    6.705437][    T1] usbcore: registered new interface driver igorplugusb
[    6.706128][    T1] usbcore: registered new interface driver iguanair
[    6.706826][    T1] usbcore: registered new interface driver ttusbir
[    6.707327][    T1] b2c2-flexcop: B2C2 FlexcopII/II(b)/III digital TV receiver chip loaded successfully
[    6.717696][    T1] vivid-000: using single planar format API
[    6.739184][    T1] vivid-000: CEC adapter cec0 registered for HDMI input 0
[    6.740034][    T1] vivid-000: V4L2 capture device registered as video3
[    6.740833][    T1] vivid-000: CEC adapter cec1 registered for HDMI output 0
[    6.741764][    T1] vivid-000: V4L2 output device registered as video4
[    6.742592][    T1] vivid-000: V4L2 capture device registered as vbi0, supports raw and sliced VBI
[    6.743581][    T1] vivid-000: V4L2 output device registered as vbi1, supports raw and sliced VBI
[    6.744978][    T1] vivid-000: V4L2 capture device registered as swradio0
[    6.745821][    T1] vivid-000: V4L2 receiver device registered as radio0
[    6.746633][    T1] vivid-000: V4L2 transmitter device registered as radio1
[    6.747461][    T1] vivid-000: V4L2 metadata capture device registered as video5
[    6.748342][    T1] vivid-000: V4L2 metadata output device registered as video6
[    6.749200][    T1] vivid-000: V4L2 touch capture device registered as v4l-touch0
[    6.750125][    T1] vivid-001: using multiplanar format API
[    6.772111][    T1] vivid-001: CEC adapter cec2 registered for HDMI input 0
[    6.772990][    T1] vivid-001: V4L2 capture device registered as video7
[    6.773803][    T1] vivid-001: CEC adapter cec3 registered for HDMI output 0
[    6.774839][    T1] vivid-001: V4L2 output device registered as video8
[    6.775638][    T1] vivid-001: V4L2 capture device registered as vbi2, supports raw and sliced VBI
[    6.776626][    T1] vivid-001: V4L2 output device registered as vbi3, supports raw and sliced VBI
[    6.777700][    T1] vivid-001: V4L2 capture device registered as swradio1
[    6.778559][    T1] vivid-001: V4L2 receiver device registered as radio2
[    6.779442][    T1] vivid-001: V4L2 transmitter device registered as radio3
[    6.780311][    T1] vivid-001: V4L2 metadata capture device registered as video9
[    6.781512][    T1] vivid-001: V4L2 metadata output device registered as video10
[    6.782527][    T1] vivid-001: V4L2 touch capture device registered as v4l-touch1
[    6.784469][    T1] vivid-002: using single planar format API
[    6.793361][    T1] vivid-002: CEC adapter cec4 registered for HDMI input 0
[    6.794271][    T1] vivid-002: V4L2 capture device registered as video11
[    6.795273][    T1] vivid-002: CEC adapter cec5 registered for HDMI output 0
[    6.796108][    T1] vivid-002: V4L2 output device registered as video12
[    6.796888][    T1] vivid-002: V4L2 capture device registered as vbi4, supports raw and sliced VBI
[    6.797973][    T1] vivid-002: V4L2 output device registered as vbi5, supports raw and sliced VBI
[    6.798967][    T1] vivid-002: V4L2 capture device registered as swradio2
[    6.799793][    T1] vivid-002: V4L2 receiver device registered as radio4
[    6.800596][    T1] vivid-002: V4L2 transmitter device registered as radio5
[    6.801425][    T1] vivid-002: V4L2 metadata capture device registered as video13
[    6.802316][    T1] vivid-002: V4L2 metadata output device registered as video14
[    6.803206][    T1] vivid-002: V4L2 touch capture device registered as v4l-touch2
[    6.804086][    T1] vivid-003: using multiplanar format API
[    6.814423][    T1] vivid-003: CEC adapter cec6 registered for HDMI input 0
[    6.815368][    T1] vivid-003: V4L2 capture device registered as video15
[    6.816269][    T1] vivid-003: CEC adapter cec7 registered for HDMI output 0
[    6.817198][    T1] vivid-003: V4L2 output device registered as video16
[    6.818079][    T1] vivid-003: V4L2 capture device registered as vbi6, supports raw and sliced VBI
[    6.819433][    T1] vivid-003: V4L2 output device registered as vbi7, supports raw and sliced VBI
[    6.820691][    T1] vivid-003: V4L2 capture device registered as swradio3
[    6.821523][    T1] vivid-003: V4L2 receiver device registered as radio6
[    6.822319][    T1] vivid-003: V4L2 transmitter device registered as radio7
[    6.823202][    T1] vivid-003: V4L2 metadata capture device registered as video17
[    6.824076][    T1] vivid-003: V4L2 metadata output device registered as video18
[    6.825102][    T1] vivid-003: V4L2 touch capture device registered as v4l-touch3
[    6.826056][    T1] vivid-004: using single planar format API
[    6.834131][    T1] vivid-004: CEC adapter cec8 registered for HDMI input 0
[    6.834944][    T1] vivid-004: V4L2 capture device registered as video19
[    6.835698][    T1] vivid-004: CEC adapter cec9 registered for HDMI output 0
[    6.836623][    T1] vivid-004: V4L2 output device registered as video20
[    6.837349][    T1] vivid-004: V4L2 capture device registered as vbi8, supports raw and sliced VBI
[    6.838420][    T1] vivid-004: V4L2 output device registered as vbi9, supports raw and sliced VBI
[    6.839480][    T1] vivid-004: V4L2 capture device registered as swradio4
[    6.840303][    T1] vivid-004: V4L2 receiver device registered as radio8
[    6.841155][    T1] vivid-004: V4L2 transmitter device registered as radio9
[    6.842291][    T1] vivid-004: V4L2 metadata capture device registered as video21
[    6.843492][    T1] vivid-004: V4L2 metadata output device registered as video22
[    6.844701][    T1] vivid-004: V4L2 touch capture device registered as v4l-touch4
[    6.845973][    T1] vivid-005: using multiplanar format API
[    6.854820][    T1] vivid-005: CEC adapter cec10 registered for HDMI input 0
[    6.855669][    T1] vivid-005: V4L2 capture device registered as video23
[    6.856510][    T1] vivid-005: CEC adapter cec11 registered for HDMI output 0
[    6.857348][    T1] vivid-005: V4L2 output device registered as video24
[    6.858339][    T1] vivid-005: V4L2 capture device registered as vbi10, supports raw and sliced VBI
[    6.859434][    T1] vivid-005: V4L2 output device registered as vbi11, supports raw and sliced VBI
[    6.860438][    T1] vivid-005: V4L2 capture device registered as swradio5
[    6.861286][    T1] vivid-005: V4L2 receiver device registered as radio10
[    6.862128][    T1] vivid-005: V4L2 transmitter device registered as radio11
[    6.862969][    T1] vivid-005: V4L2 metadata capture device registered as video25
[    6.863907][    T1] vivid-005: V4L2 metadata output device registered as video26
[    6.865103][    T1] vivid-005: V4L2 touch capture device registered as v4l-touch5
[    6.866006][    T1] vivid-006: using single planar format API
[    6.876408][    T1] vivid-006: CEC adapter cec12 registered for HDMI input 0
[    6.877351][    T1] vivid-006: V4L2 capture device registered as video27
[    6.878254][    T1] vivid-006: CEC adapter cec13 registered for HDMI output 0
[    6.879184][    T1] vivid-006: V4L2 output device registered as video28
[    6.880063][    T1] vivid-006: V4L2 capture device registered as vbi12, supports raw and sliced VBI
[    6.881594][    T1] vivid-006: V4L2 output device registered as vbi13, supports raw and sliced VBI
[    6.882812][    T1] vivid-006: V4L2 capture device registered as swradio6
[    6.883584][    T1] vivid-006: V4L2 receiver device registered as radio12
[    6.884423][    T1] vivid-006: V4L2 transmitter device registered as radio13
[    6.885315][    T1] vivid-006: V4L2 metadata capture device registered as video29
[    6.886196][    T1] vivid-006: V4L2 metadata output device registered as video30
[    6.887303][    T1] vivid-006: V4L2 touch capture device registered as v4l-touch6
[    6.888229][    T1] vivid-007: using multiplanar format API
[    6.896812][    T1] vivid-007: CEC adapter cec14 registered for HDMI input 0
[    6.897654][    T1] vivid-007: V4L2 capture device registered as video31
[    6.898467][    T1] vivid-007: CEC adapter cec15 registered for HDMI output 0
[    6.899309][    T1] vivid-007: V4L2 output device registered as video32
[    6.900108][    T1] vivid-007: V4L2 capture device registered as vbi14, supports raw and sliced VBI
[    6.901093][    T1] vivid-007: V4L2 output device registered as vbi15, supports raw and sliced VBI
[    6.902150][    T1] vivid-007: V4L2 capture device registered as swradio7
[    6.903092][    T1] vivid-007: V4L2 receiver device registered as radio14
[    6.905684][    T1] vivid-007: V4L2 transmitter device registered as radio15
[    6.906632][    T1] vivid-007: V4L2 metadata capture device registered as video33
[    6.907606][    T1] vivid-007: V4L2 metadata output device registered as video34
[    6.908554][    T1] vivid-007: V4L2 touch capture device registered as v4l-touch7
[    6.909512][    T1] vivid-008: using single planar format API
[    6.918346][    T1] vivid-008: CEC adapter cec16 registered for HDMI input 0
[    6.919215][    T1] vivid-008: V4L2 capture device registered as video35
[    6.920045][    T1] vivid-008: CEC adapter cec17 registered for HDMI output 0
[    6.920893][    T1] vivid-008: V4L2 output device registered as video36
[    6.921718][    T1] vivid-008: V4L2 capture device registered as vbi16, supports raw and sliced VBI
[    6.922841][    T1] vivid-008: V4L2 output device registered as vbi17, supports raw and sliced VBI
[    6.924501][    T1] vivid-008: V4L2 capture device registered as swradio8
[    6.925379][    T1] vivid-008: V4L2 receiver device registered as radio16
