c[?7l[2J[0mSeaBIOS (version rel-1.16.0-0-gd239552ce722-prebuilt.qemu.org)


iPXE (http://ipxe.org) 00:03.0 CA00 PCI2.10 PnP PMM+7FF91000+7FEF1000 CA00
Press Ctrl-B to configure iPXE (PCI 00:03.0)...                                                                               


Booting from ROM..c[?7l[2Jearly console in extract_kernel
input_data: 0x000000000bf3c2c8
input_len: 0x00000000044c50c3
output: 0x0000000001000000
output_len: 0x000000000e01bb28
kernel_total_size: 0x000000000f426000
needed_size: 0x000000000f600000
trampoline_32bit: 0x000000000009d000

Decompressing Linux... Parsing ELF... done.
Booting the kernel.
[    0.000000][    T0] Linux version 5.6.0-rc3-83672db7d6c6-00031-g83672db7d6c6 (root@xpf.sh.intel.com) (gcc version 8.5.0 20210514 (Red Hat 8.5.0-20) (GCC)) #1 SMP PREEMPT Sat Dec 2 14:17:57 CST 2023
[    0.000000][    T0] Command line: console=ttyS0 root=/dev/sda1 earlyprintk=serial net.ifnames=0 thunderbolt.dyndbg plymouth.enable=0
[    0.000000][    T0] KERNEL supported cpus:
[    0.000000][    T0]   Intel GenuineIntel
[    0.000000][    T0]   AMD AuthenticAMD
[    0.000000][    T0] x86/fpu: Supporting XSAVE feature 0x001: 'x87 floating point registers'
[    0.000000][    T0] x86/fpu: Supporting XSAVE feature 0x002: 'SSE registers'
[    0.000000][    T0] x86/fpu: Supporting XSAVE feature 0x004: 'AVX registers'
[    0.000000][    T0] x86/fpu: Supporting XSAVE feature 0x008: 'MPX bounds registers'
[    0.000000][    T0] x86/fpu: Supporting XSAVE feature 0x010: 'MPX CSR'
[    0.000000][    T0] x86/fpu: Supporting XSAVE feature 0x020: 'AVX-512 opmask'
[    0.000000][    T0] x86/fpu: Supporting XSAVE feature 0x040: 'AVX-512 Hi256'
[    0.000000][    T0] x86/fpu: Supporting XSAVE feature 0x080: 'AVX-512 ZMM_Hi256'
[    0.000000][    T0] x86/fpu: xstate_offset[2]:  576, xstate_sizes[2]:  256
[    0.000000][    T0] x86/fpu: xstate_offset[3]:  832, xstate_sizes[3]:   64
[    0.000000][    T0] x86/fpu: xstate_offset[4]:  896, xstate_sizes[4]:   64
[    0.000000][    T0] x86/fpu: xstate_offset[5]:  960, xstate_sizes[5]:   64
[    0.000000][    T0] x86/fpu: xstate_offset[6]: 1024, xstate_sizes[6]:  512
[    0.000000][    T0] x86/fpu: xstate_offset[7]: 1536, xstate_sizes[7]: 1024
[    0.000000][    T0] x86/fpu: Enabled xstate features 0xff, context size is 2560 bytes, using 'compacted' format.
[    0.000000][    T0] BIOS-provided physical RAM map:
[    0.000000][    T0] BIOS-e820: [mem 0x0000000000000000-0x000000000009fbff] usable
[    0.000000][    T0] BIOS-e820: [mem 0x000000000009fc00-0x000000000009ffff] reserved
[    0.000000][    T0] BIOS-e820: [mem 0x00000000000f0000-0x00000000000fffff] reserved
[    0.000000][    T0] BIOS-e820: [mem 0x0000000000100000-0x000000007ffdffff] usable
[    0.000000][    T0] BIOS-e820: [mem 0x000000007ffe0000-0x000000007fffffff] reserved
[    0.000000][    T0] BIOS-e820: [mem 0x00000000feffc000-0x00000000feffffff] reserved
[    0.000000][    T0] BIOS-e820: [mem 0x00000000fffc0000-0x00000000ffffffff] reserved
[    0.000000][    T0] printk: bootconsole [earlyser0] enabled
[    0.000000][    T0] ERROR: earlyprintk= earlyser already used
[    0.000000][    T0] ERROR: earlyprintk= earlyser already used
[    0.000000][    T0] ERROR: earlyprintk= earlyser already used
[    0.000000][    T0] Malformed early option 'vsyscall'
[    0.000000][    T0] nopcid: PCID feature disabled
[    0.000000][    T0] NX (Execute Disable) protection: active
[    0.000000][    T0] SMBIOS 2.8 present.
[    0.000000][    T0] DMI: QEMU Standard PC (i440FX + PIIX, 1996), BIOS rel-1.16.0-0-gd239552ce722-prebuilt.qemu.org 04/01/2014
[    0.000000][    T0] Hypervisor detected: KVM
[    0.000000][    T0] kvm-clock: Using msrs 4b564d01 and 4b564d00
[    0.000002][    T0] kvm-clock: cpu 0, msr ec42001, primary cpu clock
[    0.000002][    T0] kvm-clock: using sched offset of 870919509 cycles
[    0.000537][    T0] clocksource: kvm-clock: mask: 0xffffffffffffffff max_cycles: 0x1cd42e4dffb, max_idle_ns: 881590591483 ns
[    0.002012][    T0] tsc: Detected 2999.998 MHz processor
[    0.007364][    T0] last_pfn = 0x7ffe0 max_arch_pfn = 0x400000000
[    0.007957][    T0] x86/PAT: Configuration [0-7]: WB  WC  UC- UC  WB  WP  UC- WT  
[    0.015917][    T0] found SMP MP-table at [mem 0x000f5ba0-0x000f5baf]
[    0.016515][    T0] Using GB pages for direct mapping
[    0.017560][    T0] ACPI: Early table checksum verification disabled
[    0.018109][    T0] ACPI: RSDP 0x00000000000F59C0 000014 (v00 BOCHS )
[    0.018657][    T0] ACPI: RSDT 0x000000007FFE1951 000034 (v01 BOCHS  BXPC     00000001 BXPC 00000001)
[    0.019444][    T0] ACPI: FACP 0x000000007FFE17FD 000074 (v01 BOCHS  BXPC     00000001 BXPC 00000001)
[    0.020586][    T0] ACPI: DSDT 0x000000007FFE0040 0017BD (v01 BOCHS  BXPC     00000001 BXPC 00000001)
[    0.021499][    T0] ACPI: FACS 0x000000007FFE0000 000040
[    0.022001][    T0] ACPI: APIC 0x000000007FFE1871 000080 (v01 BOCHS  BXPC     00000001 BXPC 00000001)
[    0.022854][    T0] ACPI: HPET 0x000000007FFE18F1 000038 (v01 BOCHS  BXPC     00000001 BXPC 00000001)
[    0.023704][    T0] ACPI: WAET 0x000000007FFE1929 000028 (v01 BOCHS  BXPC     00000001 BXPC 00000001)
[    0.025412][    T0] No NUMA configuration found
[    0.025829][    T0] Faking a node at [mem 0x0000000000000000-0x000000007ffdffff]
[    0.026513][    T0] Faking node 0 at [mem 0x0000000000000000-0x000000003fffffff] (1024MB)
[    0.027260][    T0] Faking node 1 at [mem 0x0000000040000000-0x000000007ffdffff] (1023MB)
[    0.028343][    T0] NODE_DATA(0) allocated [mem 0x3fffb000-0x3fffffff]
[    0.029090][    T0] NODE_DATA(1) allocated [mem 0x7ffda000-0x7ffdefff]
[    0.033151][    T0] Zone ranges:
[    0.033456][    T0]   DMA      [mem 0x0000000000001000-0x0000000000ffffff]
[    0.034033][    T0]   DMA32    [mem 0x0000000001000000-0x000000007ffdffff]
[    0.034606][    T0]   Normal   empty
[    0.034904][    T0]   Device   empty
[    0.035206][    T0] Movable zone start for each node
[    0.035622][    T0] Early memory node ranges
[    0.035982][    T0]   node   0: [mem 0x0000000000001000-0x000000000009efff]
[    0.036562][    T0]   node   0: [mem 0x0000000000100000-0x000000003fffffff]
[    0.037144][    T0]   node   1: [mem 0x0000000040000000-0x000000007ffdffff]
[    0.037731][    T0] Zeroed struct page in unavailable ranges: 130 pages
[    0.037735][    T0] Initmem setup node 0 [mem 0x0000000000001000-0x000000003fffffff]
[    0.049253][    T0] Initmem setup node 1 [mem 0x0000000040000000-0x000000007ffdffff]
[    0.299130][    T0] kasan: KernelAddressSanitizer initialized
[    0.299925][    T0] ACPI: PM-Timer IO Port: 0x608
[    0.300350][    T0] ACPI: LAPIC_NMI (acpi_id[0xff] dfl dfl lint[0x1])
[    0.300941][    T0] IOAPIC[0]: apic_id 0, version 17, address 0xfec00000, GSI 0-23
[    0.301592][    T0] ACPI: INT_SRC_OVR (bus 0 bus_irq 0 global_irq 2 dfl dfl)
[    0.302185][    T0] ACPI: INT_SRC_OVR (bus 0 bus_irq 5 global_irq 5 high level)
[    0.302807][    T0] ACPI: INT_SRC_OVR (bus 0 bus_irq 9 global_irq 9 high level)
[    0.303423][    T0] ACPI: INT_SRC_OVR (bus 0 bus_irq 10 global_irq 10 high level)
[    0.304056][    T0] ACPI: INT_SRC_OVR (bus 0 bus_irq 11 global_irq 11 high level)
[    0.304700][    T0] Using ACPI (MADT) for SMP configuration information
[    0.305261][    T0] ACPI: HPET id: 0x8086a201 base: 0xfed00000
[    0.305758][    T0] smpboot: Allowing 2 CPUs, 0 hotplug CPUs
[    0.306260][    T0] KVM setup pv sched yield
[    0.306663][    T0] PM: hibernation: Registered nosave memory: [mem 0x00000000-0x00000fff]
[    0.307361][    T0] PM: hibernation: Registered nosave memory: [mem 0x0009f000-0x0009ffff]
[    0.308055][    T0] PM: hibernation: Registered nosave memory: [mem 0x000a0000-0x000effff]
[    0.308746][    T0] PM: hibernation: Registered nosave memory: [mem 0x000f0000-0x000fffff]
[    0.309441][    T0] [mem 0x80000000-0xfeffbfff] available for PCI devices
[    0.310011][    T0] Booting paravirtualized kernel on KVM
[    0.310487][    T0] clocksource: refined-jiffies: mask: 0xffffffff max_cycles: 0xffffffff, max_idle_ns: 19112604462750000 ns
[    0.354177][    T0] setup_percpu: NR_CPUS:8 nr_cpumask_bits:8 nr_cpu_ids:2 nr_node_ids:2
[    0.358035][    T0] percpu: Embedded 65 pages/cpu s227592 r8192 d30456 u2097152
[    0.358971][    T0] KVM setup async PF for cpu 0
[    0.359542][    T0] kvm-stealtime: cpu 0, msr 2ce21a80
[    0.360109][    T0] PV qspinlock hash table entries: 256 (order: 0, 4096 bytes, linear)
[    0.360884][    T0] Built 2 zonelists, mobility grouping on.  Total pages: 515945
[    0.361592][    T0] Policy zone: DMA32
[    0.361966][    T0] Kernel command line: earlyprintk=serial net.ifnames=0 sysctl.kernel.hung_task_all_cpu_backtrace=1 ima_policy=tcb nf-conntrack-ftp.ports=20000 nf-conntrack-tftp.ports=20000 nf-conntrack-sip.ports=20000 nf-conntrack-irc.ports=20000 nf-conntrack-sane.ports=20000 binder.debug_mask=0 rcupdate.rcu_expedited=1 rcupdate.rcu_cpu_stall_cputime=1 no_hash_pointers page_owner=on sysctl.vm.nr_hugepages=4 sysctl.vm.nr_overcommit_hugepages=4 secretmem.enable=1 sysctl.max_rcu_stall_to_panic=1 msr.allow_writes=off coredump_filter=0xffff root=/dev/sda console=ttyS0 vsyscall=native numa=fake=2 kvm-intel.nested=1 spec_store_bypass_disable=prctl nopcid vivid.n_devs=16 vivid.multiplanar=1,2,1,2,1,2,1,2,1,2,1,2,1,2,1,2 netrom.nr_ndevs=16 rose.rose_ndevs=16 smp.csd_lock_timeout=100000 watchdog_thresh=55 workqueue.watchdog_thresh=140 sysctl.net.core.netdev_unregister_timeout_secs=140 dummy_hcd.num=8 panic_on_warn=1 console=ttyS0 root=/dev/sda1 earlyprintk=serial net.ifnames=0 thunderb
[    0.365448][    T0] mem auto-init: stack:off, heap alloc:on, heap free:off
[    0.483033][    T0] Memory: 1519572K/2096632K available (133130K kernel code, 40627K rwdata, 27172K rodata, 2588K init, 24468K bss, 577060K reserved, 0K cma-reserved)
[    0.487609][    T0] SLUB: HWalign=64, Order=0-3, MinObjects=0, CPUs=2, Nodes=2
[    0.491187][    T0] Running RCU self tests
[    0.491540][    T0] rcu: Preemptible hierarchical RCU implementation.
[    0.492076][    T0] rcu: 	RCU lockdep checking is enabled.
[    0.492522][    T0] rcu: 	RCU restricting CPUs from NR_CPUS=8 to nr_cpu_ids=2.
[    0.493107][    T0] rcu: 	RCU callback double-/use-after-free debug enabled.
[    0.493675][    T0] rcu: 	RCU debug extended QS entry/exit.
[    0.494131][    T0] 	All grace periods are expedited (rcu_expedited).
[    0.494654][    T0] 	Tasks RCU enabled.
[    0.494972][    T0] rcu: RCU calculated value of scheduler-enlistment delay is 10 jiffies.
[    0.495945][    T0] rcu: Adjusting geometry for rcu_fanout_leaf=16, nr_cpu_ids=2
[    0.501052][    T0] NR_IRQS: 4352, nr_irqs: 440, preallocated irqs: 16
[    0.502160][    T0] random: get_random_bytes called from start_kernel+0x521/0x85a with crng_init=0
[    0.506766][    T0] Console: colour VGA+ 80x25
[    0.507912][    T0] printk: console [ttyS0] enabled
[    0.507912][    T0] printk: console [ttyS0] enabled
[    0.508720][    T0] printk: bootconsole [earlyser0] disabled
[    0.508720][    T0] printk: bootconsole [earlyser0] disabled
[    0.509735][    T0] Lock dependency validator: Copyright (c) 2006 Red Hat, Inc., Ingo Molnar
[    0.510507][    T0] ... MAX_LOCKDEP_SUBCLASSES:  8
[    0.510947][    T0] ... MAX_LOCK_DEPTH:          48
[    0.511564][    T0] ... MAX_LOCKDEP_KEYS:        8192
[    0.512310][    T0] ... CLASSHASH_SIZE:          4096
[    0.512958][    T0] ... MAX_LOCKDEP_ENTRIES:     32768
[    0.513621][    T0] ... MAX_LOCKDEP_CHAINS:      65536
[    0.514289][    T0] ... CHAINHASH_SIZE:          32768
[    0.514931][    T0]  memory used by lock dependency info: 6237 kB
[    0.515689][    T0]  memory used for stack traces: 4224 kB
[    0.516377][    T0]  per task-struct memory footprint: 1920 bytes
[    0.517238][    T0] mempolicy: Enabling automatic NUMA balancing. Configure with numa_balancing= or the kernel.numa_balancing sysctl
[    0.518734][    T0] ACPI: Core revision 20200110
[    0.519783][    T0] clocksource: hpet: mask: 0xffffffff max_cycles: 0xffffffff, max_idle_ns: 19112604467 ns
[    0.521142][    T0] APIC: Switch to symmetric I/O mode setup
[    0.521970][    T0] x2apic enabled
[    0.522559][    T0] Switched APIC routing to physical x2apic.
[    0.523249][    T0] KVM setup pv IPIs
[    0.524780][    T0] ..TIMER: vector=0x30 apic1=0 pin1=2 apic2=-1 pin2=-1
[    0.525573][    T0] clocksource: tsc-early: mask: 0xffffffffffffffff max_cycles: 0x2b3e43c8763, max_idle_ns: 440795360101 ns
[    0.526859][    T0] Calibrating delay loop (skipped) preset value.. 5999.99 BogoMIPS (lpj=29999980)
[    0.528131][    T0] pid_max: default: 32768 minimum: 301
[    0.529037][    T0] LSM: Security Framework initializing
[    0.529718][    T0] Yama: becoming mindful.
[    0.530284][    T0] TOMOYO Linux initialized
[    0.531002][    T0] AppArmor: AppArmor initialized
[    0.539113][    T0] Dentry cache hash table entries: 262144 (order: 9, 2097152 bytes, vmalloc)
[    0.540478][    T0] Inode-cache hash table entries: 131072 (order: 8, 1048576 bytes, vmalloc)
[    0.541534][    T0] Mount-cache hash table entries: 4096 (order: 3, 32768 bytes, vmalloc)
[    0.542481][    T0] Mountpoint-cache hash table entries: 4096 (order: 3, 32768 bytes, vmalloc)
[    0.543570][    T0] *** VALIDATE tmpfs ***
[    0.547104][    T0] *** VALIDATE proc ***
[    0.548082][    T0] *** VALIDATE cgroup ***
[    0.548570][    T0] *** VALIDATE cgroup2 ***
[    0.549287][    T0] x86/cpu: User Mode Instruction Prevention (UMIP) activated
[    0.550363][    T0] Last level iTLB entries: 4KB 0, 2MB 0, 4MB 0
[    0.550969][    T0] Last level dTLB entries: 4KB 0, 2MB 0, 4MB 0, 1GB 0
[    0.551608][    T0] Spectre V1 : Mitigation: usercopy/swapgs barriers and __user pointer sanitization
[    0.552491][    T0] Spectre V2 : Mitigation: Enhanced IBRS
[    0.552985][    T0] Spectre V2 : Spectre v2 / SpectreRSB mitigation: Filling RSB on context switch
[    0.553756][    T0] Spectre V2 : mitigation: Enabling conditional Indirect Branch Prediction Barrier
[    0.554554][    T0] Speculative Store Bypass: Mitigation: Speculative Store Bypass disabled via prctl
[    0.555341][    T0] TAA: Mitigation: Clear CPU buffers
[    0.556740][    T0] Freeing SMP alternatives memory: 100K
[    0.557611][    T1] smpboot: CPU0: Intel(R) Core(TM) i9-10980XE CPU @ 3.00GHz (family: 0x6, model: 0x55, stepping: 0x7)
[    0.626906][    T1] Performance Events: Skylake events, full-width counters, Intel PMU driver.
[    0.627647][    T1] ... version:                2
[    0.628023][    T1] ... bit width:              48
[    0.628402][    T1] ... generic registers:      4
[    0.628776][    T1] ... value mask:             0000ffffffffffff
[    0.629252][    T1] ... max period:             00007fffffffffff
[    0.629724][    T1] ... fixed-purpose events:   3
[    0.630099][    T1] ... event mask:             000000070000000f
[    0.646879][    T1] rcu: Hierarchical SRCU implementation.
[    0.696873][    T1] smp: Bringing up secondary CPUs ...
[    0.777024][    T1] x86: Booting SMP configuration:
[    0.777447][    T1] .... node  #1, CPUs:      #1
[    0.024831][    T0] kvm-clock: cpu 1, msr ec42041, secondary cpu clock
[    0.778813][   T15] KVM setup async PF for cpu 1
[    0.778813][   T15] kvm-stealtime: cpu 1, msr 7ec21a80
[    0.778813][    T1] smp: Brought up 2 nodes, 2 CPUs
[    0.778813][    T1] smpboot: Max logical packages: 1
[    0.778813][    T1] smpboot: Total of 2 processors activated (11999.99 BogoMIPS)
[    0.796824][    T1] allocated 12582912 bytes of page_ext
[    0.797062][    T1] Node 0, zone      DMA: page owner found early allocated 0 pages
[    0.800681][    T1] Node 0, zone    DMA32: page owner found early allocated 2738 pages
[    0.801589][    T1] Node 1, zone    DMA32: page owner found early allocated 2590 pages
[    0.802686][    T1] devtmpfs: initialized
[    0.802686][    T1] x86/mm: Memory block size: 128MB
[    0.820271][    T1] clocksource: jiffies: mask: 0xffffffff max_cycles: 0xffffffff, max_idle_ns: 19112604462750000 ns
[    0.821184][    T1] futex hash table entries: 512 (order: 4, 65536 bytes, vmalloc)
[    0.822225][    T1] xor: automatically using best checksumming function   avx       
[    0.823623][   T24] kworker/u5:0 (24) used greatest stack depth: 27480 bytes left
[    0.827984][    T1] PM: RTC time: 06:25:54, date: 2023-12-02
[    0.828476][    T1] thermal_sys: Registered thermal governor 'step_wise'
[    0.828478][    T1] thermal_sys: Registered thermal governor 'user_space'
[    0.832415][    T1] NET: Registered protocol family 16
[    0.837938][    T1] audit: initializing netlink subsys (disabled)
[    0.838596][   T34] audit: type=2000 audit(1701498355.598:1): state=initialized audit_enabled=0 res=1
[    0.841354][    T1] cpuidle: using governor menu
[    0.844335][    T1] KVM setup pv remote TLB flush
[    0.844745][    T1] ACPI: bus type PCI registered
[    0.847854][   T48] kworker/u5:1 (48) used greatest stack depth: 27064 bytes left
[    0.850267][    T1] dca service started, version 1.12.1
[    0.850896][    T1] PCI: Using configuration type 1 for base access
[    0.903934][  T151] kworker/u5:0 (151) used greatest stack depth: 26968 bytes left
[    1.271378][    T1] HugeTLB registered 1.00 GiB page size, pre-allocated 0 pages
[    1.272166][    T1] HugeTLB registered 2.00 MiB page size, pre-allocated 0 pages
[    1.289106][    T1] cryptd: max_cpu_qlen set to 1000
[    1.316937][    T1] raid6: skip pq benchmark and using algorithm avx512x4
[    1.316937][    T1] raid6: using avx512x2 recovery algorithm
[    1.317894][    T1] ACPI: Added _OSI(Module Device)
[    1.318452][    T1] ACPI: Added _OSI(Processor Device)
[    1.319026][    T1] ACPI: Added _OSI(3.0 _SCP Extensions)
[    1.319627][    T1] ACPI: Added _OSI(Processor Aggregator Device)
[    1.320307][    T1] ACPI: Added _OSI(Linux-Dell-Video)
[    1.320883][    T1] ACPI: Added _OSI(Linux-Lenovo-NV-HDMI-Audio)
[    1.321552][    T1] ACPI: Added _OSI(Linux-HPI-Hybrid-Graphics)
[    1.347360][    T1] ACPI: 1 ACPI AML tables successfully acquired and loaded
[    1.386577][    T1] ACPI: Interpreter enabled
[    1.387493][    T1] ACPI: (supports S0 S3 S4 S5)
[    1.388047][    T1] ACPI: Using IOAPIC for interrupt routing
[    1.388997][    T1] PCI: Using host bridge windows from ACPI; if necessary, use "pci=nocrs" and report a bug
[    1.391504][    T1] ACPI: Enabled 2 GPEs in block 00 to 0F
[    1.448397][    T1] ACPI: PCI Root Bridge [PCI0] (domain 0000 [bus 00-ff])
[    1.449006][    T1] acpi PNP0A03:00: _OSC: OS supports [ASPM ClockPM Segments MSI HPX-Type3]
[    1.449925][    T1] acpi PNP0A03:00: fail to add MMCONFIG information, can't access extended PCI configuration space under this bridge.
[    1.451759][    T1] PCI host bridge to bus 0000:00
[    1.452162][    T1] pci_bus 0000:00: Unknown NUMA node; performance will be reduced
[    1.452772][    T1] pci_bus 0000:00: root bus resource [io  0x0000-0x0cf7 window]
[    1.453367][    T1] pci_bus 0000:00: root bus resource [io  0x0d00-0xffff window]
[    1.453963][    T1] pci_bus 0000:00: root bus resource [mem 0x000a0000-0x000bffff window]
[    1.454621][    T1] pci_bus 0000:00: root bus resource [mem 0x80000000-0xfebfffff window]
[    1.455273][    T1] pci_bus 0000:00: root bus resource [mem 0x100000000-0x17fffffff window]
[    1.455935][    T1] pci_bus 0000:00: root bus resource [bus 00-ff]
[    1.456877][    T1] pci 0000:00:00.0: [8086:1237] type 00 class 0x060000
[    1.461436][    T1] pci 0000:00:01.0: [8086:7000] type 00 class 0x060100
[    1.464532][    T1] pci 0000:00:01.1: [8086:7010] type 00 class 0x010180
[    1.467741][    T1] pci 0000:00:01.1: reg 0x20: [io  0xc040-0xc04f]
[    1.468813][    T1] pci 0000:00:01.1: legacy IDE quirk: reg 0x10: [io  0x01f0-0x01f7]
[    1.469486][    T1] pci 0000:00:01.1: legacy IDE quirk: reg 0x14: [io  0x03f6]
[    1.470111][    T1] pci 0000:00:01.1: legacy IDE quirk: reg 0x18: [io  0x0170-0x0177]
[    1.470744][    T1] pci 0000:00:01.1: legacy IDE quirk: reg 0x1c: [io  0x0376]
[    1.472854][    T1] pci 0000:00:01.3: [8086:7113] type 00 class 0x068000
[    1.473722][    T1] pci 0000:00:01.3: quirk: [io  0x0600-0x063f] claimed by PIIX4 ACPI
[    1.474348][    T1] pci 0000:00:01.3: quirk: [io  0x0700-0x070f] claimed by PIIX4 SMB
[    1.476426][    T1] pci 0000:00:02.0: [1234:1111] type 00 class 0x030000
[    1.485215][    T1] pci 0000:00:02.0: reg 0x10: [mem 0xfd000000-0xfdffffff pref]
[    1.487952][    T1] pci 0000:00:02.0: reg 0x18: [mem 0xfebf0000-0xfebf0fff]
[    1.491069][    T1] pci 0000:00:02.0: reg 0x30: [mem 0xfebe0000-0xfebeffff pref]
[    1.495201][    T1] pci 0000:00:03.0: [8086:100e] type 00 class 0x020000
[    1.496482][    T1] pci 0000:00:03.0: reg 0x10: [mem 0xfebc0000-0xfebdffff]
[    1.497364][    T1] pci 0000:00:03.0: reg 0x14: [io  0xc000-0xc03f]
[    1.499789][    T1] pci 0000:00:03.0: reg 0x30: [mem 0xfeb80000-0xfebbffff pref]
[    1.509776][    T1] ACPI: PCI Interrupt Link [LNKA] (IRQs 5 *10 11)
[    1.511649][    T1] ACPI: PCI Interrupt Link [LNKB] (IRQs 5 *10 11)
[    1.513356][    T1] ACPI: PCI Interrupt Link [LNKC] (IRQs 5 10 *11)
[    1.514444][    T1] ACPI: PCI Interrupt Link [LNKD] (IRQs 5 10 *11)
[    1.514444][    T1] ACPI: PCI Interrupt Link [LNKS] (IRQs *9)
[    1.516965][    T1] iommu: Default domain type: Translated 
[    1.526877][    T1] pci 0000:00:02.0: vgaarb: setting as boot VGA device
[    1.526944][    T1] pci 0000:00:02.0: vgaarb: VGA device added: decodes=io+mem,owns=io+mem,locks=none
[    1.526944][    T1] pci 0000:00:02.0: vgaarb: bridge control possible
[    1.526944][    T1] vgaarb: loaded
[    1.526944][    T1] SCSI subsystem initialized
[    1.526947][    T1] ACPI: bus type USB registered
[    1.526947][    T1] usbcore: registered new interface driver usbfs
[    1.526947][    T1] usbcore: registered new interface driver hub
[    1.527066][    T1] usbcore: registered new device driver usb
[    1.536860][    T1] mc: Linux media interface: v0.10
[    1.536860][    T1] videodev: Linux video capture interface: v2.00
[    1.536860][    T1] pps_core: LinuxPPS API ver. 1 registered
[    1.536860][    T1] pps_core: Software ver. 5.3.6 - Copyright 2005-2007 Rodolfo Giometti <giometti@linux.it>
[    1.536860][    T1] PTP clock support registered
[    1.547009][    T1] EDAC MC: Ver: 3.0.0
[    1.558107][    T1] Advanced Linux Sound Architecture Driver Initialized.
[    1.558891][    T1] PCI: Using ACPI for IRQ routing
[    1.561030][    T1] Bluetooth: Core ver 2.22
[    1.561527][    T1] NET: Registered protocol family 31
[    1.562021][    T1] Bluetooth: HCI device and connection manager initialized
[    1.562735][    T1] Bluetooth: HCI socket layer initialized
[    1.563333][    T1] Bluetooth: L2CAP socket layer initialized
[    1.563938][    T1] Bluetooth: SCO socket layer initialized
[    1.564532][    T1] NET: Registered protocol family 8
[    1.565041][    T1] NET: Registered protocol family 20
[    1.565696][    T1] NetLabel: Initializing
[    1.566134][    T1] NetLabel:  domain hash size = 128
[    1.566668][    T1] NetLabel:  protocols = UNLABELED CIPSOv4 CALIPSO
[    1.571088][    T1] NetLabel:  unlabeled traffic allowed by default
[    1.572489][    T1] nfc: nfc_init: NFC Core ver 0.1
[    1.573175][    T1] NET: Registered protocol family 39
[    1.576792][    T1] hpet0: at MMIO 0xfed00000, IRQs 2, 8, 0
[    1.576894][    T1] hpet0: 3 comparators, 64-bit 100.000000 MHz counter
[    1.582350][    T1] clocksource: Switched to clocksource kvm-clock
[    3.056991][    T1] *** VALIDATE bpf ***
[    3.058144][    T1] VFS: Disk quotas dquot_6.6.0
[    3.058605][    T1] VFS: Dquot-cache hash table entries: 512 (order 0, 4096 bytes)
[    3.059598][    T1] FS-Cache: Loaded
[    3.059898][    T1] *** VALIDATE ramfs ***
[    3.060242][    T1] *** VALIDATE hugetlbfs ***
[    3.061288][    T1] CacheFiles: Loaded
[    3.061814][    T1] TOMOYO: 2.6.0
[    3.062094][    T1] Mandatory Access Control activated.
[    3.063394][    T1] AppArmor: AppArmor Filesystem Enabled
[    3.064092][    T1] pnp: PnP ACPI init
[    3.069483][    T1] pnp: PnP ACPI: found 6 devices
[    3.113842][    T1] clocksource: acpi_pm: mask: 0xffffff max_cycles: 0xffffff, max_idle_ns: 2085701024 ns
[    3.115629][    T1] pci_bus 0000:00: resource 4 [io  0x0000-0x0cf7 window]
[    3.116302][    T1] pci_bus 0000:00: resource 5 [io  0x0d00-0xffff window]
[    3.116971][    T1] pci_bus 0000:00: resource 6 [mem 0x000a0000-0x000bffff window]
[    3.117780][    T1] pci_bus 0000:00: resource 7 [mem 0x80000000-0xfebfffff window]
[    3.118445][    T1] pci_bus 0000:00: resource 8 [mem 0x100000000-0x17fffffff window]
[    3.119752][    T1] NET: Registered protocol family 2
[    3.121538][    T1] tcp_listen_portaddr_hash hash table entries: 1024 (order: 4, 73728 bytes, vmalloc)
[    3.122446][    T1] TCP established hash table entries: 16384 (order: 5, 131072 bytes, vmalloc)
[    3.124072][    T1] TCP bind hash table entries: 16384 (order: 8, 1048576 bytes, vmalloc)
[    3.125163][    T1] TCP: Hash tables configured (established 16384 bind 16384)
[    3.126117][    T1] UDP hash table entries: 1024 (order: 5, 163840 bytes, vmalloc)
[    3.127002][    T1] UDP-Lite hash table entries: 1024 (order: 5, 163840 bytes, vmalloc)
[    3.127971][    T1] NET: Registered protocol family 1
[    3.129329][    T1] RPC: Registered named UNIX socket transport module.
[    3.129879][    T1] RPC: Registered udp transport module.
[    3.130309][    T1] RPC: Registered tcp transport module.
[    3.130736][    T1] RPC: Registered tcp NFSv4.1 backchannel transport module.
[    3.132112][    T1] NET: Registered protocol family 44
[    3.132564][    T1] pci 0000:00:01.0: PIIX3: Enabling Passive Release
[    3.133086][    T1] pci 0000:00:00.0: Limiting direct PCI/PCI transfers
[    3.133619][    T1] pci 0000:00:01.0: Activating ISA DMA hang workarounds
[    3.134216][    T1] pci 0000:00:02.0: Video device with shadowed ROM at [mem 0x000c0000-0x000dffff]
[    3.134942][    T1] PCI: CLS 0 bytes, default 64
[    3.142742][    T1] RAPL PMU: API unit is 2^-32 Joules, 0 fixed counters, 10737418240 ms ovfl timer
[    3.143460][    T1] kvm: no hardware support
[    3.143806][    T1] has_svm: not amd or hygon
[    3.144154][    T1] kvm: no hardware support
[    3.144499][    T1] clocksource: tsc: mask: 0xffffffffffffffff max_cycles: 0x2b3e43c8763, max_idle_ns: 440795360101 ns
[    3.222684][    T1] Initialise system trusted keyrings
[    3.224853][    T1] workingset: timestamp_bits=40 max_order=19 bucket_order=0
[    3.288998][    T1] DLM installed
[    3.297398][    T1] squashfs: version 4.0 (2009/01/31) Phillip Lougher
[    3.307634][    T1] FS-Cache: Netfs 'nfs' registered for caching
[    3.310362][    T1] *** VALIDATE nfs ***
[    3.310742][    T1] *** VALIDATE nfs4 ***
[    3.311150][    T1] NFS: Registering the id_resolver key type
[    3.311635][    T1] Key type id_resolver registered
[    3.312031][    T1] Key type id_legacy registered
[    3.312418][    T1] nfs4filelayout_init: NFSv4 File Layout Driver Registering...
[    3.313024][    T1] Installing knfsd (copyright (C) 1996 okir@monad.swb.de).
[    3.341800][    T1] FS-Cache: Netfs 'cifs' registered for caching
[    3.343777][    T1] Key type cifs.spnego registered
[    3.344183][    T1] Key type cifs.idmap registered
[    3.344731][    T1] ntfs: driver 2.1.32 [Flags: R/W].
[    3.346129][    T1] efs: 1.0a - http://aeschi.ch.eu.org/efs/
[    3.346740][    T1] jffs2: version 2.2. (NAND) (SUMMARY)  Â© 2001-2006 Red Hat, Inc.
[    3.352383][    T1] *** VALIDATE jffs2 ***
[    3.353054][    T1] romfs: ROMFS MTD (C) 2007 Red Hat, Inc.
[    3.354048][    T1] QNX4 filesystem 0.2.3 registered.
[    3.354912][    T1] qnx6: QNX6 filesystem 1.0.0 registered.
[    3.358912][    T1] fuse: init (API version 7.31)
[    3.359617][    T1] *** VALIDATE fuseblk ***
[    3.359964][    T1] *** VALIDATE fuse ***
[    3.362672][    T1] orangefs_debugfs_init: called with debug mask: :none: :0:
[    3.363472][    T1] orangefs_init: module version upstream loaded
[    3.364875][    T1] JFS: nTxBlock = 8192, nTxLock = 65536
[    3.373718][    T1] SGI XFS with ACLs, security attributes, realtime, quota, no debug enabled
[    3.383099][    T1] *** VALIDATE xfs ***
[    3.383480][    T1] 9p: Installing v9fs 9p2000 file system support
[    3.384298][    T1] FS-Cache: Netfs '9p' registered for caching
[    3.387468][    T1] NILFS version 2 loaded
[    3.387835][    T1] befs: version: 0.9.3
[    3.389721][    T1] ocfs2: Registered cluster interface o2cb
[    3.390576][    T1] ocfs2: Registered cluster interface user
[    3.391845][    T1] OCFS2 User DLM kernel interface loaded
[    3.399518][    T1] *** VALIDATE gfs2 ***
[    3.400443][    T1] gfs2: GFS2 installed
[    3.410380][    T1] FS-Cache: Netfs 'ceph' registered for caching
[    3.410988][    T1] ceph: loaded (mds proto 32)
[    3.419501][    T1] NET: Registered protocol family 38
[    3.420288][    T1] async_tx: api initialized (async)
[    3.420701][    T1] Key type asymmetric registered
[    3.421092][    T1] Asymmetric key parser 'x509' registered
[    3.421538][    T1] Asymmetric key parser 'pkcs8' registered
[    3.421978][    T1] Key type pkcs7_test registered
[    3.422527][    T1] Block layer SCSI generic (bsg) driver version 0.4 loaded (major 241)
[    3.423401][    T1] io scheduler mq-deadline registered
[    3.423813][    T1] io scheduler kyber registered
[    3.424767][    T1] io scheduler bfq registered
[    3.429510][    T1] vga16fb: mapped to 0x00000000e529035a
[    3.889200][    T1] Console: switching to colour frame buffer device 80x30
[    4.146529][    T1] fb0: VGA16 VGA frame buffer device
[    4.148073][    T1] input: Power Button as /devices/LNXSYSTM:00/LNXPWRBN:00/input/input0
[    4.157806][    T1] ACPI: Power Button [PWRF]
[    4.161944][    T1] ioatdma: Intel(R) QuickData Technology Driver 5.00
[    4.339720][    T1] HDLC line discipline maxframe=4096
[    4.340161][    T1] N_HDLC line discipline registered.
[    4.340591][    T1] Serial: 8250/16550 driver, 4 ports, IRQ sharing enabled
[    4.343103][    T1] 00:04: ttyS0 at I/O 0x3f8 (irq = 4, base_baud = 115200) is a 16550A
[    4.350835][    T1] Initializing Nozomi driver 2.1d
[    4.353759][    T1] Non-volatile memory driver v1.3
[    4.358292][    T1] Linux agpgart interface v0.103
[    4.370732][    T1] [drm] Initialized vgem 1.0.0 20120112 for vgem on minor 0
[    4.371720][    T1] [drm] Supports vblank timestamp caching Rev 2 (21.10.2013).
[    4.372363][    T1] [drm] Driver supports precise vblank timestamp query.
[    4.374580][    T1] [drm] Initialized vkms 1.0.0 20180514 for vkms on minor 1
[    4.375433][    T1] usbcore: registered new interface driver udl
[    4.376021][    T1] fb0: switching to bochsdrmfb from VGA16 VGA
[    4.523741][    T1] Console: switching to colour VGA+ 80x25
[    4.526853][    T1] bochs-drm 0000:00:02.0: vgaarb: deactivate vga console
[    4.533114][    T1] Console: switching to colour dummy device 80x25
[    4.536232][    T1] [drm] Found bochs VGA, ID 0xb0c5.
[    4.536631][    T1] [drm] Framebuffer size 16384 kB @ 0xfd000000, mmio @ 0xfebf0000.
[    4.537753][    T1] [TTM] Zone  kernel: Available graphics memory: 759836 KiB
[    4.538586][    T1] [TTM] Initializing pool allocator
[    4.539224][    T1] [TTM] Initializing DMA pool allocator
[    4.540968][    T1] [drm] Found EDID data blob.
[    4.544477][    T1] [drm] Initialized bochs-drm 1.0.0 20130925 for 0000:00:02.0 on minor 2
[    4.553708][    T1] fbcon: bochs-drmdrmfb (fb0) is primary device
[    4.576200][    T1] Console: switching to colour frame buffer device 160x50
[    4.591278][    T1] bochs-drm 0000:00:02.0: fb0: bochs-drmdrmfb frame buffer device
[    4.617694][    T1] brd: module loaded
[    4.662632][    T1] loop: module loaded
[    4.760532][    T1] zram: Added device: zram0
[    4.764232][    T1] null_blk: module loaded
[    4.764797][    T1] Guest personality initialized and is inactive
[    4.765620][    T1] VMCI host device registered (name=vmci, major=10, minor=56)
[    4.766209][    T1] Initialized host personality
[    4.767397][    T1] usbcore: registered new interface driver rtsx_usb
[    4.769179][    T1] usbcore: registered new interface driver viperboard
[    4.770033][    T1] usbcore: registered new interface driver dln2
[    4.770820][    T1] usbcore: registered new interface driver pn533_usb
[    4.773502][    T1] nfcsim 0.2 initialized
[    4.774093][    T1] usbcore: registered new interface driver port100
[    4.774856][    T1] usbcore: registered new interface driver nfcmrvl
[    4.779461][    T1] Loading iSCSI transport class v2.0-870.
[    4.784703][    T1] st: Version 20160209, fixed bufsize 32768, s/g segs 256
[    4.804468][    T1] scsi host0: ata_piix
[    4.806313][    T1] scsi host1: ata_piix
[    4.807378][    T1] ata1: PATA max MWDMA2 cmd 0x1f0 ctl 0x3f6 bmdma 0xc040 irq 14
[    4.807968][    T1] ata2: PATA max MWDMA2 cmd 0x170 ctl 0x376 bmdma 0xc048 irq 15
[    4.815327][    T1] Rounding down aligned max_sectors from 4294967295 to 4294967288
[    4.816109][    T1] db_root: cannot open: /etc/target
[    4.818538][    T1] slram: not enough parameters.
[    4.821244][    T1] ftl_cs: FTL header not found.
[    4.829376][    T1] Ethernet Channel Bonding Driver: v3.7.1 (April 27, 2011)
[    4.844402][    T1] wireguard: WireGuard 1.0.0 loaded. See www.wireguard.com for information.
[    4.845086][    T1] wireguard: Copyright (C) 2015-2019 Jason A. Donenfeld <Jason@zx2c4.com>. All Rights Reserved.
[    4.845892][    T1] eql: Equalizer2002: Simon Janes (simon@ncm.com) and David S. Miller (davem@redhat.com)
[    4.849877][    T1] MACsec IEEE 802.1AE
[    4.851983][    T1] libphy: Fixed MDIO Bus: probed
[    4.856010][    T1] tun: Universal TUN/TAP device driver, 1.6
[    4.860177][    T1] vcan: Virtual CAN interface driver
[    4.860602][    T1] vxcan: Virtual CAN Tunnel driver
[    4.860999][    T1] slcan: serial line CAN interface driver
[    4.861439][    T1] slcan: 10 dynamic interface channels.
[    4.861872][    T1] CAN device driver interface
[    4.862423][    T1] usbcore: registered new interface driver usb_8dev
[    4.863221][    T1] usbcore: registered new interface driver ems_usb
[    4.863946][    T1] usbcore: registered new interface driver gs_usb
[    4.864687][    T1] usbcore: registered new interface driver kvaser_usb
[    4.865524][    T1] usbcore: registered new interface driver mcba_usb
[    4.866285][    T1] usbcore: registered new interface driver peak_usb
[    4.868935][    T1] e100: Intel(R) PRO/100 Network Driver, 3.5.24-k2-NAPI
[    4.869478][    T1] e100: Copyright(c) 1999-2006 Intel Corporation
[    4.870276][    T1] e1000: Intel(R) PRO/1000 Network Driver - version 7.3.21-k8-NAPI
[    4.870890][    T1] e1000: Copyright (c) 1999-2006 Intel Corporation.
[    4.978182][ T3488] ata1.00: ATA-7: QEMU HARDDISK, 2.5+, max UDMA/100
[    4.978717][ T3488] ata1.00: 2097458 sectors, multi 16: LBA48 
[    4.979376][ T3493] ata2.00: ATAPI: QEMU DVD-ROM, 2.5+, max UDMA/100
[    4.981673][   T23] scsi 0:0:0:0: Direct-Access     ATA      QEMU HARDDISK    2.5+ PQ: 0 ANSI: 5
[    4.984973][  T236] sd 0:0:0:0: [sda] 2097458 512-byte logical blocks: (1.07 GB/1.00 GiB)
[    4.985894][  T236] sd 0:0:0:0: [sda] Write Protect is off
[    4.986552][  T236] sd 0:0:0:0: [sda] Write cache: enabled, read cache: enabled, doesn't support DPO or FUA
[    4.991199][   T23] sd 0:0:0:0: Attached scsi generic sg0 type 0
[    4.992274][  T236]  sda: sda1
[    4.994114][  T145] scsi 1:0:0:0: CD-ROM            QEMU     QEMU DVD-ROM     2.5+ PQ: 0 ANSI: 5
[    5.008612][  T236] sd 0:0:0:0: [sda] Attached SCSI disk
[    5.087543][  T145] sr 1:0:0:0: [sr0] scsi3-mmc drive: 4x/4x cd/rw xa/form2 tray
[    5.088397][  T145] cdrom: Uniform CD-ROM driver Revision: 3.20
[    5.092734][  T145] sr 1:0:0:0: Attached scsi generic sg1 type 5
[    5.974297][    T1] PCI Interrupt Link [LNKC] enabled at IRQ 11
[    6.338837][    T1] e1000 0000:00:03.0 eth0: (PCI:33MHz:32-bit) 52:54:00:12:34:56
[    6.339451][    T1] e1000 0000:00:03.0 eth0: Intel(R) PRO/1000 Network Connection
[    6.340468][    T1] e1000e: Intel(R) PRO/1000 Network Driver - 3.2.6-k
[    6.340987][    T1] e1000e: Copyright(c) 1999 - 2015 Intel Corporation.
[    6.342092][    T1] mkiss: AX.25 Multikiss, Hans Albas PE1AYX
[    6.342551][    T1] AX.25: 6pack driver, Revision: 0.3.0
[    6.342993][    T1] AX.25: bpqether driver version 004
[    6.343400][    T1] PPP generic driver version 2.4.2
[    6.344319][    T1] PPP BSD Compression module registered
[    6.344765][    T1] PPP Deflate Compression module registered
[    6.345247][    T1] PPP MPPE Compression module registered
[    6.345686][    T1] NET: Registered protocol family 24
[    6.346127][    T1] PPTP driver version 0.8.5
[    6.347876][    T1] SLIP: version 0.8.4-NET3.019-NEWTTY (dynamic channels, max=256) (6 bit encapsulation enabled).
[    6.348696][    T1] CSLIP: code copyright 1989 Regents of the University of California.
[    6.349320][    T1] SLIP linefill/keepalive option.
[    6.349712][    T1] hdlc: HDLC support module revision 1.22
[    6.350168][    T1] LAPB Ethernet driver version 0.02
[    6.351400][    T1] usbcore: registered new interface driver ath9k_htc
[    6.352282][    T1] usbcore: registered new interface driver carl9170
[    6.353038][    T1] usbcore: registered new interface driver ath6kl_usb
[    6.353774][    T1] usbcore: registered new interface driver ar5523
[    6.354692][    T1] usbcore: registered new interface driver ath10k_usb
[    6.355512][    T1] mac80211_hwsim: initializing netlink
[    6.366480][    T1] usbcore: registered new interface driver atusb
[    6.373952][    T1] mac802154_hwsim mac802154_hwsim: Added 2 mac802154 hwsim hardware radios
[    6.374932][    T1] VMware vmxnet3 virtual NIC driver - version 1.4.17.0-k-NAPI
[    6.375885][    T1] usbcore: registered new interface driver catc
[    6.376521][    T1] usbcore: registered new interface driver kaweth
[    6.377217][    T1] pegasus: v0.9.3 (2013/04/25), Pegasus/Pegasus II USB Ethernet driver
[    6.378045][    T1] usbcore: registered new interface driver pegasus
[    6.378779][    T1] usbcore: registered new interface driver rtl8150
[    6.379421][    T1] usbcore: registered new interface driver r8152
[    6.379913][    T1] hso: drivers/net/usb/hso.c: Option Wireless
[    6.382922][    T1] usbcore: registered new interface driver hso
[    6.383528][    T1] usbcore: registered new interface driver lan78xx
[    6.384166][    T1] usbcore: registered new interface driver asix
[    6.384807][    T1] usbcore: registered new interface driver ax88179_178a
[    6.385521][    T1] usbcore: registered new interface driver cdc_ether
[    6.386185][    T1] usbcore: registered new interface driver cdc_eem
[    6.386836][    T1] usbcore: registered new interface driver dm9601
[    6.387547][    T1] usbcore: registered new interface driver sr9700
[    6.388213][    T1] usbcore: registered new interface driver CoreChips
[    6.388896][    T1] usbcore: registered new interface driver smsc75xx
[    6.389581][    T1] usbcore: registered new interface driver smsc95xx
[    6.390363][    T1] usbcore: registered new interface driver gl620a
[    6.392243][    T1] usbcore: registered new interface driver net1080
[    6.392873][    T1] usbcore: registered new interface driver plusb
[    6.393481][    T1] usbcore: registered new interface driver rndis_host
[    6.394147][    T1] usbcore: registered new interface driver cdc_subset
[    6.394833][    T1] usbcore: registered new interface driver zaurus
[    6.395472][    T1] usbcore: registered new interface driver MOSCHIP usb-ethernet driver
[    6.396260][    T1] usbcore: registered new interface driver int51x1
[    6.397096][    T1] usbcore: registered new interface driver cdc_phonet
[    6.397780][    T1] usbcore: registered new interface driver kalmia
[    6.398719][    T1] usbcore: registered new interface driver ipheth
[    6.399791][    T1] usbcore: registered new interface driver sierra_net
[    6.401720][    T1] usbcore: registered new interface driver cx82310_eth
[    6.402451][    T1] usbcore: registered new interface driver cdc_ncm
[    6.403134][    T1] usbcore: registered new interface driver huawei_cdc_ncm
[    6.403910][    T1] usbcore: registered new interface driver lg-vl600
[    6.404681][    T1] usbcore: registered new interface driver qmi_wwan
[    6.405397][    T1] usbcore: registered new interface driver cdc_mbim
[    6.406121][    T1] usbcore: registered new interface driver ch9200
[    6.409845][    T1] VFIO - User Level meta-driver version: 0.3
[    6.413170][    T1] aoe: AoE v85 initialised.
[    6.416699][    T1] ehci_hcd: USB 2.0 'Enhanced' Host Controller (EHCI) Driver
[    6.417316][    T1] ehci-pci: EHCI PCI platform driver
[    6.417932][    T1] ehci-platform: EHCI generic platform driver
[    6.418826][    T1] ohci_hcd: USB 1.1 'Open' Host Controller (OHCI) Driver
[    6.419382][    T1] ohci-pci: OHCI PCI platform driver
[    6.419991][    T1] ohci-platform: OHCI generic platform driver
[    6.420605][    T1] uhci_hcd: USB Universal Host Controller Interface driver
[    6.429451][    T1] usbcore: registered new interface driver cdc_acm
[    6.430134][    T1] cdc_acm: USB Abstract Control Model driver for USB modems and ISDN adapters
[    6.431053][    T1] usbcore: registered new interface driver usblp
[    6.431718][    T1] usbcore: registered new interface driver cdc_wdm
[    6.432440][    T1] usbcore: registered new interface driver usbtmc
[    6.433141][    T1] usbcore: registered new interface driver uas
[    6.433850][    T1] usbcore: registered new interface driver usb-storage
[    6.434505][    T1] usbcore: registered new interface driver ums-alauda
[    6.435223][    T1] usbcore: registered new interface driver ums-cypress
[    6.435941][    T1] usbcore: registered new interface driver ums-datafab
[    6.436660][    T1] usbcore: registered new interface driver ums_eneub6250
[    6.437743][    T1] usbcore: registered new interface driver ums-freecom
[    6.439727][    T1] usbcore: registered new interface driver ums-isd200
[    6.440360][    T1] usbcore: registered new interface driver ums-jumpshot
[    6.440996][    T1] usbcore: registered new interface driver ums-karma
[    6.441638][    T1] usbcore: registered new interface driver ums-onetouch
[    6.442327][    T1] usbcore: registered new interface driver ums-realtek
[    6.442983][    T1] usbcore: registered new interface driver ums-sddr09
[    6.443631][    T1] usbcore: registered new interface driver ums-sddr55
[    6.444282][    T1] usbcore: registered new interface driver ums-usbat
[    6.444973][    T1] usbcore: registered new interface driver mdc800
[    6.445456][    T1] mdc800: v0.7.5 (30/10/2000):USB Driver for Mustek MDC800 Digital Camera
[    6.446241][    T1] usbcore: registered new interface driver microtekX6
[    6.448267][    T1] usbcore: registered new interface driver usbserial_generic
[    6.449429][    T1] usbserial: USB Serial support registered for generic
[    6.450881][    T1] usbcore: registered new interface driver aircable
[    6.451488][    T1] usbserial: USB Serial support registered for aircable
[    6.452123][    T1] usbcore: registered new interface driver ark3116
[    6.452750][    T1] usbserial: USB Serial support registered for ark3116
[    6.453413][    T1] usbcore: registered new interface driver belkin_sa
[    6.454045][    T1] usbserial: USB Serial support registered for Belkin / Peracom / GoHubs USB Serial Adapter
[    6.454961][    T1] usbcore: registered new interface driver ch341
[    6.455563][    T1] usbserial: USB Serial support registered for ch341-uart
[    6.456250][    T1] usbcore: registered new interface driver cp210x
[    6.456899][    T1] usbserial: USB Serial support registered for cp210x
[    6.457579][    T1] usbcore: registered new interface driver cyberjack
[    6.458263][    T1] usbserial: USB Serial support registered for Reiner SCT Cyberjack USB card reader
[    6.459157][    T1] usbcore: registered new interface driver cypress_m8
[    6.460193][    T1] usbserial: USB Serial support registered for DeLorme Earthmate USB
[    6.461107][    T1] usbserial: USB Serial support registered for HID->COM RS232 Adapter
[    6.462160][    T1] usbserial: USB Serial support registered for Nokia CA-42 V2 Adapter
[    6.463226][    T1] usbcore: registered new interface driver usb_debug
[    6.464129][    T1] usbserial: USB Serial support registered for debug
[    6.464842][    T1] usbserial: USB Serial support registered for xhci_dbc
[    6.465490][    T1] usbcore: registered new interface driver digi_acceleport
[    6.466282][    T1] usbserial: USB Serial support registered for Digi 2 port USB adapter
[    6.467105][    T1] usbserial: USB Serial support registered for Digi 4 port USB adapter
[    6.468065][    T1] usbcore: registered new interface driver io_edgeport
[    6.468979][    T1] usbserial: USB Serial support registered for Edgeport 2 port adapter
[    6.470150][    T1] usbserial: USB Serial support registered for Edgeport 4 port adapter
[    6.470980][    T1] usbserial: USB Serial support registered for Edgeport 8 port adapter
[    6.471711][    T1] usbserial: USB Serial support registered for EPiC device
[    6.472460][    T1] usbcore: registered new interface driver io_ti
[    6.473067][    T1] usbserial: USB Serial support registered for Edgeport TI 1 port adapter
[    6.473944][    T1] usbserial: USB Serial support registered for Edgeport TI 2 port adapter
[    6.474881][    T1] usbcore: registered new interface driver empeg
[    6.475463][    T1] usbserial: USB Serial support registered for empeg
[    6.476253][    T1] usbcore: registered new interface driver f81232
[    6.476952][    T1] usbserial: USB Serial support registered for f81232
[    6.477875][    T1] usbcore: registered new interface driver f81534
[    6.478548][    T1] usbserial: USB Serial support registered for Fintek F81532/F81534
[    6.479366][    T1] usbcore: registered new interface driver ftdi_sio
[    6.479973][    T1] usbserial: USB Serial support registered for FTDI USB Serial Device
[    6.480871][    T1] usbcore: registered new interface driver garmin_gps
[    6.481483][    T1] usbserial: USB Serial support registered for Garmin GPS usb/tty
[    6.482367][    T1] usbcore: registered new interface driver ipaq
[    6.483036][    T1] usbserial: USB Serial support registered for PocketPC PDA
[    6.483793][    T1] usbcore: registered new interface driver ipw
[    6.484452][    T1] usbserial: USB Serial support registered for IPWireless converter
[    6.485267][    T1] usbcore: registered new interface driver ir_usb
[    6.485858][    T1] usbserial: USB Serial support registered for IR Dongle
[    6.486683][    T1] usbcore: registered new interface driver iuu_phoenix
[    6.487453][    T1] usbserial: USB Serial support registered for iuu_phoenix
[    6.488176][    T1] usbcore: registered new interface driver keyspan
[    6.488839][    T1] usbserial: USB Serial support registered for Keyspan - (without firmware)
[    6.489733][    T1] usbserial: USB Serial support registered for Keyspan 1 port adapter
[    6.490876][    T1] usbserial: USB Serial support registered for Keyspan 2 port adapter
[    6.491928][    T1] usbserial: USB Serial support registered for Keyspan 4 port adapter
[    6.492996][    T1] usbcore: registered new interface driver keyspan_pda
[    6.493791][    T1] usbserial: USB Serial support registered for Keyspan PDA
[    6.494926][    T1] usbserial: USB Serial support registered for Keyspan PDA - (prerenumeration)
[    6.496142][    T1] usbcore: registered new interface driver kl5kusb105
[    6.498251][    T1] usbserial: USB Serial support registered for KL5KUSB105D / PalmConnect
[    6.499279][    T1] usbcore: registered new interface driver kobil_sct
[    6.500226][    T1] usbserial: USB Serial support registered for KOBIL USB smart card terminal
[    6.501303][    T1] usbcore: registered new interface driver mct_u232
[    6.502411][    T1] usbserial: USB Serial support registered for MCT U232
[    6.503238][    T1] usbcore: registered new interface driver metro_usb
[    6.504216][    T1] usbserial: USB Serial support registered for Metrologic USB to Serial
[    6.505218][    T1] usbcore: registered new interface driver mos7720
[    6.505970][    T1] usbserial: USB Serial support registered for Moschip 2 port adapter
[    6.507072][    T1] usbcore: registered new interface driver mos7840
[    6.507765][    T1] usbserial: USB Serial support registered for Moschip 7840/7820 USB Serial Driver
[    6.508674][    T1] usbcore: registered new interface driver mxuport
[    6.509378][    T1] usbserial: USB Serial support registered for MOXA UPort
[    6.510145][    T1] usbcore: registered new interface driver navman
[    6.510852][    T1] usbserial: USB Serial support registered for navman
[    6.511527][    T1] usbcore: registered new interface driver omninet
[    6.512167][    T1] usbserial: USB Serial support registered for ZyXEL - omni.net lcd plus usb
[    6.512989][    T1] usbcore: registered new interface driver opticon
[    6.513626][    T1] usbserial: USB Serial support registered for opticon
[    6.514307][    T1] usbcore: registered new interface driver option
[    6.516178][    T1] usbserial: USB Serial support registered for GSM modem (1-port)
[    6.517164][    T1] usbcore: registered new interface driver oti6858
[    6.517923][    T1] usbserial: USB Serial support registered for oti6858
[    6.518695][    T1] usbcore: registered new interface driver pl2303
[    6.519357][    T1] usbserial: USB Serial support registered for pl2303
[    6.520066][    T1] usbcore: registered new interface driver qcaux
[    6.520740][    T1] usbserial: USB Serial support registered for qcaux
[    6.521408][    T1] usbcore: registered new interface driver qcserial
[    6.522049][    T1] usbserial: USB Serial support registered for Qualcomm USB modem
[    6.522806][    T1] usbcore: registered new interface driver quatech2
[    6.523459][    T1] usbserial: USB Serial support registered for Quatech 2nd gen USB to Serial Driver
[    6.525552][    T1] usbcore: registered new interface driver safe_serial
[    6.526199][    T1] usbserial: USB Serial support registered for safe_serial
[    6.527664][    T1] usbcore: registered new interface driver sierra
[    6.528581][    T1] usbserial: USB Serial support registered for Sierra USB modem
[    6.529286][    T1] usbcore: registered new interface driver usb_serial_simple
[    6.529980][    T1] usbserial: USB Serial support registered for carelink
[    6.530629][    T1] usbserial: USB Serial support registered for zio
[    6.531256][    T1] usbserial: USB Serial support registered for funsoft
[    6.531903][    T1] usbserial: USB Serial support registered for flashloader
[    6.532575][    T1] usbserial: USB Serial support registered for google
[    6.533230][    T1] usbserial: USB Serial support registered for libtransistor
[    6.534001][    T1] usbserial: USB Serial support registered for vivopay
[    6.535030][    T1] usbserial: USB Serial support registered for moto_modem
[    6.536947][    T1] usbserial: USB Serial support registered for motorola_tetra
[    6.537957][    T1] usbserial: USB Serial support registered for novatel_gps
[    6.538619][    T1] usbserial: USB Serial support registered for hp4x
[    6.539262][    T1] usbserial: USB Serial support registered for suunto
[    6.539920][    T1] usbserial: USB Serial support registered for siemens_mpi
[    6.540635][    T1] usbcore: registered new interface driver spcp8x5
[    6.541279][    T1] usbserial: USB Serial support registered for SPCP8x5
[    6.542015][    T1] usbcore: registered new interface driver ssu100
[    6.542705][    T1] usbserial: USB Serial support registered for Quatech SSU-100 USB to Serial Driver
[    6.543589][    T1] usbcore: registered new interface driver symbolserial
[    6.544263][    T1] usbserial: USB Serial support registered for symbol
[    6.546153][    T1] usbcore: registered new interface driver ti_usb_3410_5052
[    6.546844][    T1] usbserial: USB Serial support registered for TI USB 3410 1 port adapter
[    6.548205][    T1] usbserial: USB Serial support registered for TI USB 5052 2 port adapter
[    6.549024][    T1] usbcore: registered new interface driver upd78f0730
[    6.549686][    T1] usbserial: USB Serial support registered for upd78f0730
[    6.550387][    T1] usbcore: registered new interface driver visor
[    6.551129][    T1] usbserial: USB Serial support registered for Handspring Visor / Palm OS
[    6.552229][    T1] usbserial: USB Serial support registered for Sony Clie 5.0
[    6.553013][    T1] usbserial: USB Serial support registered for Sony Clie 3.5
[    6.553814][    T1] usbcore: registered new interface driver wishbone_serial
[    6.555809][    T1] usbserial: USB Serial support registered for wishbone_serial
[    6.556600][    T1] usbcore: registered new interface driver whiteheat
[    6.557291][    T1] usbserial: USB Serial support registered for Connect Tech - WhiteHEAT - (prerenumeration)
[    6.558279][    T1] usbserial: USB Serial support registered for Connect Tech - WhiteHEAT
[    6.559145][    T1] usbcore: registered new interface driver xsens_mt
[    6.559861][    T1] usbserial: USB Serial support registered for xsens_mt
[    6.560537][    T1] usbcore: registered new interface driver adutux
[    6.561191][    T1] usbcore: registered new interface driver appledisplay
[    6.561873][    T1] usbcore: registered new interface driver cypress_cy7c63
[    6.562569][    T1] usbcore: registered new interface driver cytherm
[    6.563364][    T1] usbcore: registered new interface driver emi26 - firmware loader
[    6.564381][    T1] usbcore: registered new interface driver emi62 - firmware loader
[    6.565993][    T1] usbcore: registered new interface driver idmouse
[    6.566638][    T1] usbcore: registered new interface driver iowarrior
[    6.567385][    T1] usbcore: registered new interface driver isight_firmware
[    6.568090][    T1] usbcore: registered new interface driver usblcd
[    6.568741][    T1] usbcore: registered new interface driver ldusb
[    6.569383][    T1] usbcore: registered new interface driver legousbtower
[    6.570126][    T1] usbcore: registered new interface driver usbtest
[    6.570781][    T1] usbcore: registered new interface driver usb_ehset_test
[    6.571469][    T1] usbcore: registered new interface driver trancevibrator
[    6.572204][    T1] usbcore: registered new interface driver uss720
[    6.572697][    T1] uss720: USB Parport Cable driver for Cables using the Lucent Technologies USS720 Chip
[    6.573433][    T1] uss720: NOTE: this is a special purpose driver to allow nonstandard
[    6.574052][    T1] uss720: protocols (eg. bitbang) over USS720 usb to parallel cables
[    6.574660][    T1] uss720: If you just want to connect to a printer, use usblp instead
[    6.576846][    T1] usbcore: registered new interface driver usbsevseg
[    6.577942][    T1] usbcore: registered new interface driver yurex
[    6.579088][    T1] usbcore: registered new interface driver chaoskey
[    6.579750][    T1] usbcore: registered new interface driver sisusb
[    6.580386][    T1] usbcore: registered new interface driver lvs
[    6.581010][    T1] usbcore: registered new interface driver cxacru
[    6.581680][    T1] usbcore: registered new interface driver speedtch
[    6.582744][    T1] usbcore: registered new interface driver ueagle-atm
[    6.583371][    T1] xusbatm: malformed module parameters
[    6.587618][    T1] dummy_hcd dummy_hcd.0: USB Host+Gadget Emulator, driver 02 May 2005
[    6.588346][    T1] dummy_hcd dummy_hcd.0: Dummy host controller
[    6.589771][    T1] dummy_hcd dummy_hcd.0: new USB bus registered, assigned bus number 1
[    6.592578][    T1] usb usb1: New USB device found, idVendor=1d6b, idProduct=0002, bcdDevice= 5.06
[    6.593312][    T1] usb usb1: New USB device strings: Mfr=3, Product=2, SerialNumber=1
[    6.593928][    T1] usb usb1: Product: Dummy host controller
[    6.594372][    T1] usb usb1: Manufacturer: Linux 5.6.0-rc3-83672db7d6c6-00031-g83672db7d6c6 dummy_hcd
[    6.595090][    T1] usb usb1: SerialNumber: dummy_hcd.0
[    6.596924][    T1] hub 1-0:1.0: USB hub found
[    6.597476][    T1] hub 1-0:1.0: 1 port detected
[    6.599643][    T1] dummy_hcd dummy_hcd.1: USB Host+Gadget Emulator, driver 02 May 2005
[    6.600296][    T1] dummy_hcd dummy_hcd.1: Dummy host controller
[    6.601124][    T1] dummy_hcd dummy_hcd.1: new USB bus registered, assigned bus number 2
[    6.602137][    T1] usb usb2: New USB device found, idVendor=1d6b, idProduct=0002, bcdDevice= 5.06
[    6.602831][    T1] usb usb2: New USB device strings: Mfr=3, Product=2, SerialNumber=1
[    6.603472][    T1] usb usb2: Product: Dummy host controller
[    6.603957][    T1] usb usb2: Manufacturer: Linux 5.6.0-rc3-83672db7d6c6-00031-g83672db7d6c6 dummy_hcd
[    6.604746][    T1] usb usb2: SerialNumber: dummy_hcd.1
[    6.606783][    T1] hub 2-0:1.0: USB hub found
[    6.608522][    T1] hub 2-0:1.0: 1 port detected
[    6.610138][    T1] dummy_hcd dummy_hcd.2: USB Host+Gadget Emulator, driver 02 May 2005
[    6.610786][    T1] dummy_hcd dummy_hcd.2: Dummy host controller
[    6.611626][    T1] dummy_hcd dummy_hcd.2: new USB bus registered, assigned bus number 3
[    6.612776][    T1] usb usb3: New USB device found, idVendor=1d6b, idProduct=0002, bcdDevice= 5.06
[    6.613774][    T1] usb usb3: New USB device strings: Mfr=3, Product=2, SerialNumber=1
[    6.614473][    T1] usb usb3: Product: Dummy host controller
[    6.614972][    T1] usb usb3: Manufacturer: Linux 5.6.0-rc3-83672db7d6c6-00031-g83672db7d6c6 dummy_hcd
[    6.615774][    T1] usb usb3: SerialNumber: dummy_hcd.2
[    6.617466][    T1] hub 3-0:1.0: USB hub found
[    6.617969][    T1] hub 3-0:1.0: 1 port detected
[    6.619742][    T1] dummy_hcd dummy_hcd.3: USB Host+Gadget Emulator, driver 02 May 2005
[    6.620438][    T1] dummy_hcd dummy_hcd.3: Dummy host controller
[    6.621419][    T1] dummy_hcd dummy_hcd.3: new USB bus registered, assigned bus number 4
[    6.622464][    T1] usb usb4: New USB device found, idVendor=1d6b, idProduct=0002, bcdDevice= 5.06
[    6.623146][    T1] usb usb4: New USB device strings: Mfr=3, Product=2, SerialNumber=1
[    6.623748][    T1] usb usb4: Product: Dummy host controller
[    6.624180][    T1] usb usb4: Manufacturer: Linux 5.6.0-rc3-83672db7d6c6-00031-g83672db7d6c6 dummy_hcd
[    6.624879][    T1] usb usb4: SerialNumber: dummy_hcd.3
[    6.626736][    T1] hub 4-0:1.0: USB hub found
[    6.627291][    T1] hub 4-0:1.0: 1 port detected
[    6.628891][    T1] dummy_hcd dummy_hcd.4: USB Host+Gadget Emulator, driver 02 May 2005
[    6.629526][    T1] dummy_hcd dummy_hcd.4: Dummy host controller
[    6.630461][    T1] dummy_hcd dummy_hcd.4: new USB bus registered, assigned bus number 5
[    6.631781][    T1] usb usb5: New USB device found, idVendor=1d6b, idProduct=0002, bcdDevice= 5.06
[    6.632469][    T1] usb usb5: New USB device strings: Mfr=3, Product=2, SerialNumber=1
[    6.633069][    T1] usb usb5: Product: Dummy host controller
[    6.633503][    T1] usb usb5: Manufacturer: Linux 5.6.0-rc3-83672db7d6c6-00031-g83672db7d6c6 dummy_hcd
[    6.634203][    T1] usb usb5: SerialNumber: dummy_hcd.4
[    6.635620][    T1] hub 5-0:1.0: USB hub found
[    6.636067][    T1] hub 5-0:1.0: 1 port detected
[    6.637687][    T1] dummy_hcd dummy_hcd.5: USB Host+Gadget Emulator, driver 02 May 2005
[    6.638319][    T1] dummy_hcd dummy_hcd.5: Dummy host controller
[    6.639310][    T1] dummy_hcd dummy_hcd.5: new USB bus registered, assigned bus number 6
[    6.640812][    T1] usb usb6: New USB device found, idVendor=1d6b, idProduct=0002, bcdDevice= 5.06
[    6.641502][    T1] usb usb6: New USB device strings: Mfr=3, Product=2, SerialNumber=1
[    6.642103][    T1] usb usb6: Product: Dummy host controller
[    6.642560][    T1] usb usb6: Manufacturer: Linux 5.6.0-rc3-83672db7d6c6-00031-g83672db7d6c6 dummy_hcd
[    6.643331][    T1] usb usb6: SerialNumber: dummy_hcd.5
[    6.645116][    T1] hub 6-0:1.0: USB hub found
[    6.645614][    T1] hub 6-0:1.0: 1 port detected
[    6.647799][    T1] dummy_hcd dummy_hcd.6: USB Host+Gadget Emulator, driver 02 May 2005
[    6.648494][    T1] dummy_hcd dummy_hcd.6: Dummy host controller
[    6.649498][    T1] dummy_hcd dummy_hcd.6: new USB bus registered, assigned bus number 7
[    6.651066][    T1] usb usb7: New USB device found, idVendor=1d6b, idProduct=0002, bcdDevice= 5.06
[    6.651824][    T1] usb usb7: New USB device strings: Mfr=3, Product=2, SerialNumber=1
[    6.652485][    T1] usb usb7: Product: Dummy host controller
[    6.652966][    T1] usb usb7: Manufacturer: Linux 5.6.0-rc3-83672db7d6c6-00031-g83672db7d6c6 dummy_hcd
[    6.653670][    T1] usb usb7: SerialNumber: dummy_hcd.6
[    6.655044][    T1] hub 7-0:1.0: USB hub found
[    6.655485][    T1] hub 7-0:1.0: 1 port detected
[    6.657111][    T1] dummy_hcd dummy_hcd.7: USB Host+Gadget Emulator, driver 02 May 2005
[    6.657763][    T1] dummy_hcd dummy_hcd.7: Dummy host controller
[    6.658617][    T1] dummy_hcd dummy_hcd.7: new USB bus registered, assigned bus number 8
[    6.659612][    T1] usb usb8: New USB device found, idVendor=1d6b, idProduct=0002, bcdDevice= 5.06
[    6.660303][    T1] usb usb8: New USB device strings: Mfr=3, Product=2, SerialNumber=1
[    6.660907][    T1] usb usb8: Product: Dummy host controller
[    6.661344][    T1] usb usb8: Manufacturer: Linux 5.6.0-rc3-83672db7d6c6-00031-g83672db7d6c6 dummy_hcd
[    6.662048][    T1] usb usb8: SerialNumber: dummy_hcd.7
[    6.663849][    T1] hub 8-0:1.0: USB hub found
[    6.664289][    T1] hub 8-0:1.0: 1 port detected
[    6.676327][    T1] gadgetfs: USB Gadget filesystem, version 24 Aug 2004
[    6.682003][    T1] vhci_hcd vhci_hcd.0: USB/IP Virtual Host Controller
[    6.683102][    T1] vhci_hcd vhci_hcd.0: new USB bus registered, assigned bus number 9
[    6.684002][    T1] vhci_hcd: created sysfs vhci_hcd.0
[    6.684826][    T1] usb usb9: New USB device found, idVendor=1d6b, idProduct=0002, bcdDevice= 5.06
[    6.685511][    T1] usb usb9: New USB device strings: Mfr=3, Product=2, SerialNumber=1
[    6.686119][    T1] usb usb9: Product: USB/IP Virtual Host Controller
[    6.686611][    T1] usb usb9: Manufacturer: Linux 5.6.0-rc3-83672db7d6c6-00031-g83672db7d6c6 vhci_hcd
[    6.687540][    T1] usb usb9: SerialNumber: vhci_hcd.0
[    6.689002][    T1] hub 9-0:1.0: USB hub found
[    6.689508][    T1] hub 9-0:1.0: 8 ports detected
[    6.692393][    T1] vhci_hcd vhci_hcd.0: USB/IP Virtual Host Controller
[    6.693370][    T1] vhci_hcd vhci_hcd.0: new USB bus registered, assigned bus number 10
[    6.694181][    T1] usb usb10: We don't know the algorithms for LPM for this host, disabling LPM.
[    6.695422][    T1] usb usb10: New USB device found, idVendor=1d6b, idProduct=0003, bcdDevice= 5.06
[    6.696124][    T1] usb usb10: New USB device strings: Mfr=3, Product=2, SerialNumber=1
[    6.696741][    T1] usb usb10: Product: USB/IP Virtual Host Controller
[    6.697263][    T1] usb usb10: Manufacturer: Linux 5.6.0-rc3-83672db7d6c6-00031-g83672db7d6c6 vhci_hcd
[    6.697973][    T1] usb usb10: SerialNumber: vhci_hcd.0
[    6.699538][    T1] hub 10-0:1.0: USB hub found
[    6.700027][    T1] hub 10-0:1.0: 8 ports detected
[    6.703449][    T1] vhci_hcd vhci_hcd.1: USB/IP Virtual Host Controller
[    6.704443][    T1] vhci_hcd vhci_hcd.1: new USB bus registered, assigned bus number 11
[    6.706222][    T1] usb usb11: New USB device found, idVendor=1d6b, idProduct=0002, bcdDevice= 5.06
[    6.707134][    T1] usb usb11: New USB device strings: Mfr=3, Product=2, SerialNumber=1
[    6.707838][    T1] usb usb11: Product: USB/IP Virtual Host Controller
[    6.708387][    T1] usb usb11: Manufacturer: Linux 5.6.0-rc3-83672db7d6c6-00031-g83672db7d6c6 vhci_hcd
[    6.709158][    T1] usb usb11: SerialNumber: vhci_hcd.1
[    6.710532][    T1] hub 11-0:1.0: USB hub found
[    6.710988][    T1] hub 11-0:1.0: 8 ports detected
[    6.713773][    T1] vhci_hcd vhci_hcd.1: USB/IP Virtual Host Controller
[    6.714739][    T1] vhci_hcd vhci_hcd.1: new USB bus registered, assigned bus number 12
[    6.715504][    T1] usb usb12: We don't know the algorithms for LPM for this host, disabling LPM.
[    6.716706][    T1] usb usb12: New USB device found, idVendor=1d6b, idProduct=0003, bcdDevice= 5.06
[    6.717530][    T1] usb usb12: New USB device strings: Mfr=3, Product=2, SerialNumber=1
[    6.718173][    T1] usb usb12: Product: USB/IP Virtual Host Controller
[    6.718683][    T1] usb usb12: Manufacturer: Linux 5.6.0-rc3-83672db7d6c6-00031-g83672db7d6c6 vhci_hcd
[    6.719408][    T1] usb usb12: SerialNumber: vhci_hcd.1
[    6.720677][    T1] hub 12-0:1.0: USB hub found
[    6.721178][    T1] hub 12-0:1.0: 8 ports detected
[    6.724585][    T1] vhci_hcd vhci_hcd.2: USB/IP Virtual Host Controller
[    6.725522][    T1] vhci_hcd vhci_hcd.2: new USB bus registered, assigned bus number 13
[    6.727033][    T1] usb usb13: New USB device found, idVendor=1d6b, idProduct=0002, bcdDevice= 5.06
[    6.727747][    T1] usb usb13: New USB device strings: Mfr=3, Product=2, SerialNumber=1
[    6.728370][    T1] usb usb13: Product: USB/IP Virtual Host Controller
[    6.728881][    T1] usb usb13: Manufacturer: Linux 5.6.0-rc3-83672db7d6c6-00031-g83672db7d6c6 vhci_hcd
[    6.729600][    T1] usb usb13: SerialNumber: vhci_hcd.2
[    6.731221][    T1] hub 13-0:1.0: USB hub found
[    6.731679][    T1] hub 13-0:1.0: 8 ports detected
[    6.734419][    T1] vhci_hcd vhci_hcd.2: USB/IP Virtual Host Controller
[    6.735337][    T1] vhci_hcd vhci_hcd.2: new USB bus registered, assigned bus number 14
[    6.736564][    T1] usb usb14: We don't know the algorithms for LPM for this host, disabling LPM.
[    6.738035][    T1] usb usb14: New USB device found, idVendor=1d6b, idProduct=0003, bcdDevice= 5.06
[    6.738847][    T1] usb usb14: New USB device strings: Mfr=3, Product=2, SerialNumber=1
[    6.739529][    T1] usb usb14: Product: USB/IP Virtual Host Controller
[    6.740096][    T1] usb usb14: Manufacturer: Linux 5.6.0-rc3-83672db7d6c6-00031-g83672db7d6c6 vhci_hcd
[    6.740899][    T1] usb usb14: SerialNumber: vhci_hcd.2
[    6.742429][    T1] hub 14-0:1.0: USB hub found
[    6.742940][    T1] hub 14-0:1.0: 8 ports detected
[    6.746304][    T1] vhci_hcd vhci_hcd.3: USB/IP Virtual Host Controller
[    6.747253][    T1] vhci_hcd vhci_hcd.3: new USB bus registered, assigned bus number 15
[    6.748339][    T1] usb usb15: New USB device found, idVendor=1d6b, idProduct=0002, bcdDevice= 5.06
[    6.749046][    T1] usb usb15: New USB device strings: Mfr=3, Product=2, SerialNumber=1
[    6.749672][    T1] usb usb15: Product: USB/IP Virtual Host Controller
[    6.750184][    T1] usb usb15: Manufacturer: Linux 5.6.0-rc3-83672db7d6c6-00031-g83672db7d6c6 vhci_hcd
[    6.750902][    T1] usb usb15: SerialNumber: vhci_hcd.3
[    6.752641][    T1] hub 15-0:1.0: USB hub found
[    6.753094][    T1] hub 15-0:1.0: 8 ports detected
[    6.755839][    T1] vhci_hcd vhci_hcd.3: USB/IP Virtual Host Controller
[    6.756736][    T1] vhci_hcd vhci_hcd.3: new USB bus registered, assigned bus number 16
[    6.758051][    T1] usb usb16: We don't know the algorithms for LPM for this host, disabling LPM.
[    6.759266][    T1] usb usb16: New USB device found, idVendor=1d6b, idProduct=0003, bcdDevice= 5.06
[    6.759975][    T1] usb usb16: New USB device strings: Mfr=3, Product=2, SerialNumber=1
[    6.760602][    T1] usb usb16: Product: USB/IP Virtual Host Controller
[    6.761116][    T1] usb usb16: Manufacturer: Linux 5.6.0-rc3-83672db7d6c6-00031-g83672db7d6c6 vhci_hcd
[    6.761840][    T1] usb usb16: SerialNumber: vhci_hcd.3
[    6.763216][    T1] hub 16-0:1.0: USB hub found
[    6.763671][    T1] hub 16-0:1.0: 8 ports detected
[    6.767481][    T1] vhci_hcd vhci_hcd.4: USB/IP Virtual Host Controller
[    6.768620][    T1] vhci_hcd vhci_hcd.4: new USB bus registered, assigned bus number 17
[    6.770178][    T1] usb usb17: New USB device found, idVendor=1d6b, idProduct=0002, bcdDevice= 5.06
[    6.770957][    T1] usb usb17: New USB device strings: Mfr=3, Product=2, SerialNumber=1
[    6.771640][    T1] usb usb17: Product: USB/IP Virtual Host Controller
[    6.772202][    T1] usb usb17: Manufacturer: Linux 5.6.0-rc3-83672db7d6c6-00031-g83672db7d6c6 vhci_hcd
[    6.772991][    T1] usb usb17: SerialNumber: vhci_hcd.4
[    6.774481][    T1] hub 17-0:1.0: USB hub found
[    6.774970][    T1] hub 17-0:1.0: 8 ports detected
[    6.778477][    T1] vhci_hcd vhci_hcd.4: USB/IP Virtual Host Controller
[    6.779382][    T1] vhci_hcd vhci_hcd.4: new USB bus registered, assigned bus number 18
[    6.780159][    T1] usb usb18: We don't know the algorithms for LPM for this host, disabling LPM.
[    6.781325][    T1] usb usb18: New USB device found, idVendor=1d6b, idProduct=0003, bcdDevice= 5.06
[    6.782034][    T1] usb usb18: New USB device strings: Mfr=3, Product=2, SerialNumber=1
[    6.782661][    T1] usb usb18: Product: USB/IP Virtual Host Controller
[    6.783170][    T1] usb usb18: Manufacturer: Linux 5.6.0-rc3-83672db7d6c6-00031-g83672db7d6c6 vhci_hcd
[    6.783892][    T1] usb usb18: SerialNumber: vhci_hcd.4
[    6.785263][    T1] hub 18-0:1.0: USB hub found
[    6.785719][    T1] hub 18-0:1.0: 8 ports detected
[    6.789128][    T1] vhci_hcd vhci_hcd.5: USB/IP Virtual Host Controller
[    6.790223][    T1] vhci_hcd vhci_hcd.5: new USB bus registered, assigned bus number 19
[    6.791355][    T1] usb usb19: New USB device found, idVendor=1d6b, idProduct=0002, bcdDevice= 5.06
[    6.792198][    T1] usb usb19: New USB device strings: Mfr=3, Product=2, SerialNumber=1
[    6.792965][    T1] usb usb19: Product: USB/IP Virtual Host Controller
[    6.793546][    T1] usb usb19: Manufacturer: Linux 5.6.0-rc3-83672db7d6c6-00031-g83672db7d6c6 vhci_hcd
[    6.794385][    T1] usb usb19: SerialNumber: vhci_hcd.5
[    6.796125][    T1] hub 19-0:1.0: USB hub found
[    6.796669][    T1] hub 19-0:1.0: 8 ports detected
[    6.800872][    T1] vhci_hcd vhci_hcd.5: USB/IP Virtual Host Controller
[    6.801871][    T1] vhci_hcd vhci_hcd.5: new USB bus registered, assigned bus number 20
[    6.802652][    T1] usb usb20: We don't know the algorithms for LPM for this host, disabling LPM.
[    6.803650][    T1] usb usb20: New USB device found, idVendor=1d6b, idProduct=0003, bcdDevice= 5.06
[    6.804362][    T1] usb usb20: New USB device strings: Mfr=3, Product=2, SerialNumber=1
[    6.804991][    T1] usb usb20: Product: USB/IP Virtual Host Controller
[    6.805499][    T1] usb usb20: Manufacturer: Linux 5.6.0-rc3-83672db7d6c6-00031-g83672db7d6c6 vhci_hcd
[    6.806225][    T1] usb usb20: SerialNumber: vhci_hcd.5
[    6.807640][    T1] hub 20-0:1.0: USB hub found
[    6.808102][    T1] hub 20-0:1.0: 8 ports detected
[    6.811622][    T1] vhci_hcd vhci_hcd.6: USB/IP Virtual Host Controller
[    6.812615][    T1] vhci_hcd vhci_hcd.6: new USB bus registered, assigned bus number 21
[    6.813724][    T1] usb usb21: New USB device found, idVendor=1d6b, idProduct=0002, bcdDevice= 5.06
[    6.814436][    T1] usb usb21: New USB device strings: Mfr=3, Product=2, SerialNumber=1
[    6.815066][    T1] usb usb21: Product: USB/IP Virtual Host Controller
[    6.815583][    T1] usb usb21: Manufacturer: Linux 5.6.0-rc3-83672db7d6c6-00031-g83672db7d6c6 vhci_hcd
[    6.816312][    T1] usb usb21: SerialNumber: vhci_hcd.6
[    6.818805][    T1] hub 21-0:1.0: USB hub found
[    6.819262][    T1] hub 21-0:1.0: 8 ports detected
[    6.822015][    T1] vhci_hcd vhci_hcd.6: USB/IP Virtual Host Controller
[    6.822989][    T1] vhci_hcd vhci_hcd.6: new USB bus registered, assigned bus number 22
[    6.823770][    T1] usb usb22: We don't know the algorithms for LPM for this host, disabling LPM.
[    6.824993][    T1] usb usb22: New USB device found, idVendor=1d6b, idProduct=0003, bcdDevice= 5.06
[    6.825711][    T1] usb usb22: New USB device strings: Mfr=3, Product=2, SerialNumber=1
[    6.826339][    T1] usb usb22: Product: USB/IP Virtual Host Controller
[    6.827622][    T1] usb usb22: Manufacturer: Linux 5.6.0-rc3-83672db7d6c6-00031-g83672db7d6c6 vhci_hcd
[    6.828741][    T1] usb usb22: SerialNumber: vhci_hcd.6
[    6.830191][    T1] hub 22-0:1.0: USB hub found
[    6.830695][    T1] hub 22-0:1.0: 8 ports detected
[    6.834180][    T1] vhci_hcd vhci_hcd.7: USB/IP Virtual Host Controller
[    6.835093][    T1] vhci_hcd vhci_hcd.7: new USB bus registered, assigned bus number 23
[    6.836383][    T1] usb usb23: New USB device found, idVendor=1d6b, idProduct=0002, bcdDevice= 5.06
[    6.838017][    T1] usb usb23: New USB device strings: Mfr=3, Product=2, SerialNumber=1
[    6.838647][    T1] usb usb23: Product: USB/IP Virtual Host Controller
[    6.839165][    T1] usb usb23: Manufacturer: Linux 5.6.0-rc3-83672db7d6c6-00031-g83672db7d6c6 vhci_hcd
[    6.839889][    T1] usb usb23: SerialNumber: vhci_hcd.7
[    6.841158][    T1] hub 23-0:1.0: USB hub found
[    6.841612][    T1] hub 23-0:1.0: 8 ports detected
[    6.844388][    T1] vhci_hcd vhci_hcd.7: USB/IP Virtual Host Controller
[    6.845288][    T1] vhci_hcd vhci_hcd.7: new USB bus registered, assigned bus number 24
[    6.846169][    T1] usb usb24: We don't know the algorithms for LPM for this host, disabling LPM.
[    6.847826][    T1] usb usb24: New USB device found, idVendor=1d6b, idProduct=0003, bcdDevice= 5.06
[    6.848597][    T1] usb usb24: New USB device strings: Mfr=3, Product=2, SerialNumber=1
[    6.849362][    T1] usb usb24: Product: USB/IP Virtual Host Controller
[    6.849992][    T1] usb usb24: Manufacturer: Linux 5.6.0-rc3-83672db7d6c6-00031-g83672db7d6c6 vhci_hcd
[    6.850828][    T1] usb usb24: SerialNumber: vhci_hcd.7
[    6.852164][    T1] hub 24-0:1.0: USB hub found
[    6.852652][    T1] hub 24-0:1.0: 8 ports detected
[    6.856137][    T1] vhci_hcd vhci_hcd.8: USB/IP Virtual Host Controller
[    6.857604][    T1] vhci_hcd vhci_hcd.8: new USB bus registered, assigned bus number 25
[    6.859559][    T1] usb usb25: New USB device found, idVendor=1d6b, idProduct=0002, bcdDevice= 5.06
[    6.860541][    T1] usb usb25: New USB device strings: Mfr=3, Product=2, SerialNumber=1
[    6.861383][    T1] usb usb25: Product: USB/IP Virtual Host Controller
[    6.862040][    T1] usb usb25: Manufacturer: Linux 5.6.0-rc3-83672db7d6c6-00031-g83672db7d6c6 vhci_hcd
[    6.863001][    T1] usb usb25: SerialNumber: vhci_hcd.8
[    6.864507][    T1] hub 25-0:1.0: USB hub found
[    6.865026][    T1] hub 25-0:1.0: 8 ports detected
[    6.868055][    T1] vhci_hcd vhci_hcd.8: USB/IP Virtual Host Controller
[    6.868942][    T1] vhci_hcd vhci_hcd.8: new USB bus registered, assigned bus number 26
[    6.869729][    T1] usb usb26: We don't know the algorithms for LPM for this host, disabling LPM.
[    6.870745][    T1] usb usb26: New USB device found, idVendor=1d6b, idProduct=0003, bcdDevice= 5.06
[    6.871463][    T1] usb usb26: New USB device strings: Mfr=3, Product=2, SerialNumber=1
[    6.872101][    T1] usb usb26: Product: USB/IP Virtual Host Controller
[    6.872624][    T1] usb usb26: Manufacturer: Linux 5.6.0-rc3-83672db7d6c6-00031-g83672db7d6c6 vhci_hcd
[    6.873359][    T1] usb usb26: SerialNumber: vhci_hcd.8
[    6.874832][    T1] hub 26-0:1.0: USB hub found
[    6.875296][    T1] hub 26-0:1.0: 8 ports detected
[    6.878818][    T1] vhci_hcd vhci_hcd.9: USB/IP Virtual Host Controller
[    6.879756][    T1] vhci_hcd vhci_hcd.9: new USB bus registered, assigned bus number 27
[    6.881072][    T1] usb usb27: New USB device found, idVendor=1d6b, idProduct=0002, bcdDevice= 5.06
[    6.881799][    T1] usb usb27: New USB device strings: Mfr=3, Product=2, SerialNumber=1
[    6.882436][    T1] usb usb27: Product: USB/IP Virtual Host Controller
[    6.882961][    T1] usb usb27: Manufacturer: Linux 5.6.0-rc3-83672db7d6c6-00031-g83672db7d6c6 vhci_hcd
[    6.883700][    T1] usb usb27: SerialNumber: vhci_hcd.9
[    6.886569][    T1] hub 27-0:1.0: USB hub found
[    6.887738][    T1] hub 27-0:1.0: 8 ports detected
[    6.891198][    T1] vhci_hcd vhci_hcd.9: USB/IP Virtual Host Controller
[    6.892276][    T1] vhci_hcd vhci_hcd.9: new USB bus registered, assigned bus number 28
[    6.893153][    T1] usb usb28: We don't know the algorithms for LPM for this host, disabling LPM.
[    6.894349][    T1] usb usb28: New USB device found, idVendor=1d6b, idProduct=0003, bcdDevice= 5.06
[    6.895128][    T1] usb usb28: New USB device strings: Mfr=3, Product=2, SerialNumber=1
[    6.895815][    T1] usb usb28: Product: USB/IP Virtual Host Controller
[    6.896377][    T1] usb usb28: Manufacturer: Linux 5.6.0-rc3-83672db7d6c6-00031-g83672db7d6c6 vhci_hcd
[    6.898057][    T1] usb usb28: SerialNumber: vhci_hcd.9
[    6.899489][    T1] hub 28-0:1.0: USB hub found
[    6.899994][    T1] hub 28-0:1.0: 8 ports detected
[    6.903558][    T1] vhci_hcd vhci_hcd.10: USB/IP Virtual Host Controller
[    6.904488][    T1] vhci_hcd vhci_hcd.10: new USB bus registered, assigned bus number 29
[    6.905714][    T1] usb usb29: New USB device found, idVendor=1d6b, idProduct=0002, bcdDevice= 5.06
[    6.906427][    T1] usb usb29: New USB device strings: Mfr=3, Product=2, SerialNumber=1
[    6.907133][    T1] usb usb29: Product: USB/IP Virtual Host Controller
[    6.907738][    T1] usb usb29: Manufacturer: Linux 5.6.0-rc3-83672db7d6c6-00031-g83672db7d6c6 vhci_hcd
[    6.908605][    T1] usb usb29: SerialNumber: vhci_hcd.10
[    6.909978][    T1] hub 29-0:1.0: USB hub found
[    6.910498][    T1] hub 29-0:1.0: 8 ports detected
[    6.913347][    T1] vhci_hcd vhci_hcd.10: USB/IP Virtual Host Controller
[    6.914408][    T1] vhci_hcd vhci_hcd.10: new USB bus registered, assigned bus number 30
[    6.915317][    T1] usb usb30: We don't know the algorithms for LPM for this host, disabling LPM.
[    6.916667][    T1] usb usb30: New USB device found, idVendor=1d6b, idProduct=0003, bcdDevice= 5.06
[    6.917555][    T1] usb usb30: New USB device strings: Mfr=3, Product=2, SerialNumber=1
[    6.918304][    T1] usb usb30: Product: USB/IP Virtual Host Controller
[    6.918899][    T1] usb usb30: Manufacturer: Linux 5.6.0-rc3-83672db7d6c6-00031-g83672db7d6c6 vhci_hcd
[    6.919841][    T1] usb usb30: SerialNumber: vhci_hcd.10
[    6.921711][    T1] hub 30-0:1.0: USB hub found
[    6.922207][    T1] hub 30-0:1.0: 8 ports detected
[    6.925851][    T1] vhci_hcd vhci_hcd.11: USB/IP Virtual Host Controller
[    6.926799][    T1] vhci_hcd vhci_hcd.11: new USB bus registered, assigned bus number 31
[    6.927949][    T1] usb usb31: New USB device found, idVendor=1d6b, idProduct=0002, bcdDevice= 5.06
[    6.928723][    T1] usb usb31: New USB device strings: Mfr=3, Product=2, SerialNumber=1
[    6.929364][    T1] usb usb31: Product: USB/IP Virtual Host Controller
[    6.929876][    T1] usb usb31: Manufacturer: Linux 5.6.0-rc3-83672db7d6c6-00031-g83672db7d6c6 vhci_hcd
[    6.930595][    T1] usb usb31: SerialNumber: vhci_hcd.11
[    6.932303][    T1] hub 31-0:1.0: USB hub found
[    6.932750][    T1] hub 31-0:1.0: 8 ports detected
[    6.935509][    T1] vhci_hcd vhci_hcd.11: USB/IP Virtual Host Controller
[    6.936433][    T1] vhci_hcd vhci_hcd.11: new USB bus registered, assigned bus number 32
[    6.937551][    T1] usb usb32: We don't know the algorithms for LPM for this host, disabling LPM.
[    6.938767][    T1] usb usb32: New USB device found, idVendor=1d6b, idProduct=0003, bcdDevice= 5.06
[    6.939475][    T1] usb usb32: New USB device strings: Mfr=3, Product=2, SerialNumber=1
[    6.940095][    T1] usb usb32: Product: USB/IP Virtual Host Controller
[    6.940606][    T1] usb usb32: Manufacturer: Linux 5.6.0-rc3-83672db7d6c6-00031-g83672db7d6c6 vhci_hcd
[    6.941326][    T1] usb usb32: SerialNumber: vhci_hcd.11
[    6.942694][    T1] hub 32-0:1.0: USB hub found
[    6.943142][    T1] hub 32-0:1.0: 8 ports detected
[    6.946505][    T1] vhci_hcd vhci_hcd.12: USB/IP Virtual Host Controller
[    6.948006][    T1] vhci_hcd vhci_hcd.12: new USB bus registered, assigned bus number 33
[    6.949040][    T1] usb usb33: New USB device found, idVendor=1d6b, idProduct=0002, bcdDevice= 5.06
[    6.949759][    T1] usb usb33: New USB device strings: Mfr=3, Product=2, SerialNumber=1
[    6.950391][    T1] usb usb33: Product: USB/IP Virtual Host Controller
[    6.951109][    T1] usb usb33: Manufacturer: Linux 5.6.0-rc3-83672db7d6c6-00031-g83672db7d6c6 vhci_hcd
[    6.952314][    T1] usb usb33: SerialNumber: vhci_hcd.12
[    6.954010][    T1] hub 33-0:1.0: USB hub found
[    6.954718][    T1] hub 33-0:1.0: 8 ports detected
[    6.958854][    T1] vhci_hcd vhci_hcd.12: USB/IP Virtual Host Controller
[    6.960361][    T1] vhci_hcd vhci_hcd.12: new USB bus registered, assigned bus number 34
[    6.961470][    T1] usb usb34: We don't know the algorithms for LPM for this host, disabling LPM.
[    6.962791][    T1] usb usb34: New USB device found, idVendor=1d6b, idProduct=0003, bcdDevice= 5.06
[    6.963778][    T1] usb usb34: New USB device strings: Mfr=3, Product=2, SerialNumber=1
[    6.964645][    T1] usb usb34: Product: USB/IP Virtual Host Controller
[    6.965389][    T1] usb usb34: Manufacturer: Linux 5.6.0-rc3-83672db7d6c6-00031-g83672db7d6c6 vhci_hcd
[    6.966453][    T1] usb usb34: SerialNumber: vhci_hcd.12
[    6.968155][    T1] hub 34-0:1.0: USB hub found
[    6.968780][    T1] hub 34-0:1.0: 8 ports detected
[    6.972351][    T1] vhci_hcd vhci_hcd.13: USB/IP Virtual Host Controller
[    6.973576][    T1] vhci_hcd vhci_hcd.13: new USB bus registered, assigned bus number 35
[    6.975090][    T1] usb usb35: New USB device found, idVendor=1d6b, idProduct=0002, bcdDevice= 5.06
[    6.976081][    T1] usb usb35: New USB device strings: Mfr=3, Product=2, SerialNumber=1
[    6.977767][    T1] usb usb35: Product: USB/IP Virtual Host Controller
[    6.978487][    T1] usb usb35: Manufacturer: Linux 5.6.0-rc3-83672db7d6c6-00031-g83672db7d6c6 vhci_hcd
[    6.979467][    T1] usb usb35: SerialNumber: vhci_hcd.13
[    6.981148][    T1] hub 35-0:1.0: USB hub found
[    6.981912][    T1] hub 35-0:1.0: 8 ports detected
[    6.985321][    T1] vhci_hcd vhci_hcd.13: USB/IP Virtual Host Controller
[    6.986366][    T1] vhci_hcd vhci_hcd.13: new USB bus registered, assigned bus number 36
[    6.987353][    T1] usb usb36: We don't know the algorithms for LPM for this host, disabling LPM.
[    6.988458][    T1] usb usb36: New USB device found, idVendor=1d6b, idProduct=0003, bcdDevice= 5.06
[    6.989233][    T1] usb usb36: New USB device strings: Mfr=3, Product=2, SerialNumber=1
[    6.989919][    T1] usb usb36: Product: USB/IP Virtual Host Controller
[    6.990479][    T1] usb usb36: Manufacturer: Linux 5.6.0-rc3-83672db7d6c6-00031-g83672db7d6c6 vhci_hcd
[    6.991249][    T1] usb usb36: SerialNumber: vhci_hcd.13
[    6.992510][    T1] hub 36-0:1.0: USB hub found
[    6.992966][    T1] hub 36-0:1.0: 8 ports detected
[    6.996367][    T1] vhci_hcd vhci_hcd.14: USB/IP Virtual Host Controller
[    6.997343][    T1] vhci_hcd vhci_hcd.14: new USB bus registered, assigned bus number 37
[    6.998691][    T1] usb usb37: New USB device found, idVendor=1d6b, idProduct=0002, bcdDevice= 5.06
[    6.999406][    T1] usb usb37: New USB device strings: Mfr=3, Product=2, SerialNumber=1
[    7.000040][    T1] usb usb37: Product: USB/IP Virtual Host Controller
[    7.000556][    T1] usb usb37: Manufacturer: Linux 5.6.0-rc3-83672db7d6c6-00031-g83672db7d6c6 vhci_hcd
[    7.001282][    T1] usb usb37: SerialNumber: vhci_hcd.14
[    7.002867][    T1] hub 37-0:1.0: USB hub found
[    7.003322][    T1] hub 37-0:1.0: 8 ports detected
[    7.006158][    T1] vhci_hcd vhci_hcd.14: USB/IP Virtual Host Controller
[    7.007194][    T1] vhci_hcd vhci_hcd.14: new USB bus registered, assigned bus number 38
[    7.008080][    T1] usb usb38: We don't know the algorithms for LPM for this host, disabling LPM.
[    7.009312][    T1] usb usb38: New USB device found, idVendor=1d6b, idProduct=0003, bcdDevice= 5.06
[    7.010027][    T1] usb usb38: New USB device strings: Mfr=3, Product=2, SerialNumber=1
[    7.010661][    T1] usb usb38: Product: USB/IP Virtual Host Controller
[    7.011174][    T1] usb usb38: Manufacturer: Linux 5.6.0-rc3-83672db7d6c6-00031-g83672db7d6c6 vhci_hcd
[    7.011899][    T1] usb usb38: SerialNumber: vhci_hcd.14
[    7.013765][    T1] hub 38-0:1.0: USB hub found
[    7.014282][    T1] hub 38-0:1.0: 8 ports detected
[    7.017916][    T1] vhci_hcd vhci_hcd.15: USB/IP Virtual Host Controller
[    7.018931][    T1] vhci_hcd vhci_hcd.15: new USB bus registered, assigned bus number 39
[    7.020032][    T1] usb usb39: New USB device found, idVendor=1d6b, idProduct=0002, bcdDevice= 5.06
[    7.020811][    T1] usb usb39: New USB device strings: Mfr=3, Product=2, SerialNumber=1
[    7.021496][    T1] usb usb39: Product: USB/IP Virtual Host Controller
[    7.022047][    T1] usb usb39: Manufacturer: Linux 5.6.0-rc3-83672db7d6c6-00031-g83672db7d6c6 vhci_hcd
[    7.022771][    T1] usb usb39: SerialNumber: vhci_hcd.15
[    7.024369][    T1] hub 39-0:1.0: USB hub found
[    7.024900][    T1] hub 39-0:1.0: 8 ports detected
[    7.028100][    T1] vhci_hcd vhci_hcd.15: USB/IP Virtual Host Controller
[    7.029143][    T1] vhci_hcd vhci_hcd.15: new USB bus registered, assigned bus number 40
[    7.029937][    T1] usb usb40: We don't know the algorithms for LPM for this host, disabling LPM.
[    7.031021][    T1] usb usb40: New USB device found, idVendor=1d6b, idProduct=0003, bcdDevice= 5.06
[    7.031733][    T1] usb usb40: New USB device strings: Mfr=3, Product=2, SerialNumber=1
[    7.032362][    T1] usb usb40: Product: USB/IP Virtual Host Controller
[    7.032880][    T1] usb usb40: Manufacturer: Linux 5.6.0-rc3-83672db7d6c6-00031-g83672db7d6c6 vhci_hcd
[    7.033608][    T1] usb usb40: SerialNumber: vhci_hcd.15
[    7.034983][    T1] hub 40-0:1.0: USB hub found
[    7.035442][    T1] hub 40-0:1.0: 8 ports detected
[    7.039327][    T1] usbcore: registered new device driver usbip-host
[    7.044549][    T1] i8042: PNP: PS/2 Controller [PNP0303:KBD,PNP0f13:MOU] at 0x60,0x64 irq 1,12
[    7.046646][    T1] serio: i8042 KBD port at 0x60,0x64 irq 1
[    7.050270][    T1] serio: i8042 AUX port at 0x60,0x64 irq 12
[    7.052298][    T1] mousedev: PS/2 mouse device common for all mice
[    7.054499][ T4103] input: AT Translated Set 2 keyboard as /devices/platform/i8042/serio0/input/input1
[    7.057128][    T1] usbcore: registered new interface driver appletouch
[    7.057937][    T1] usbcore: registered new interface driver bcm5974
[    7.060189][    T1] usbcore: registered new interface driver synaptics_usb
[    7.061236][    T1] usbcore: registered new interface driver iforce
[    7.062023][    T1] usbcore: registered new interface driver xpad
[    7.062703][    T1] usbcore: registered new interface driver usb_acecad
[    7.063425][    T1] usbcore: registered new interface driver aiptek
[    7.064108][    T1] usbcore: registered new interface driver hanwang
[    7.064917][    T1] usbcore: registered new interface driver kbtab
[    7.065676][    T1] usbcore: registered new interface driver pegasus_notetaker
[    7.066770][    T1] usbcore: registered new interface driver usbtouchscreen
[    7.068504][    T1] usbcore: registered new interface driver sur40
[    7.069180][    T1] usbcore: registered new interface driver ati_remote2
[    7.069709][    T1] cm109: Keymap for Komunikate KIP1000 phone loaded
[    7.070447][    T1] usbcore: registered new interface driver cm109
[    7.070936][    T1] cm109: CM109 phone driver: 20080805 (C) Alfred E. Heggestad
[    7.071740][    T1] usbcore: registered new interface driver ims_pcu
[    7.072488][    T1] usbcore: registered new interface driver keyspan_remote
[    7.073968][    T1] usbcore: registered new interface driver powermate
[    7.075377][    T1] usbcore: registered new interface driver yealink
[    7.077308][    T1] rtc_cmos 00:05: RTC can wake from S4
[    7.080009][    T1] rtc_cmos 00:05: registered as rtc0
[    7.080434][    T1] rtc_cmos 00:05: alarms up to one day, y3k, 242 bytes nvram, hpet irqs
[    7.082017][    T1] i2c /dev entries driver
[    7.084613][    T1] usbcore: registered new interface driver i2c-diolan-u2c
[    7.085549][    T1] usbcore: registered new interface driver RobotFuzz Open Source InterFace, OSIF
[    7.086528][    T1] usbcore: registered new interface driver i2c-tiny-usb
[    7.091069][    T1] usbcore: registered new interface driver ati_remote
[    7.091922][    T1] usbcore: registered new interface driver imon
[    7.092742][    T1] usbcore: registered new interface driver mceusb
[    7.093856][    T1] usbcore: registered new interface driver redrat3
[    7.094874][    T1] usbcore: registered new interface driver streamzap
[    7.100238][    T1] usbcore: registered new interface driver igorplugusb
[    7.101008][    T1] usbcore: registered new interface driver iguanair
[    7.101730][    T1] usbcore: registered new interface driver ttusbir
[    7.102299][    T1] b2c2-flexcop: B2C2 FlexcopII/II(b)/III digital TV receiver chip loaded successfully
[    7.114532][    T1] vivid-000: using single planar format API
[    7.127925][    T1] vivid-000: CEC adapter cec0 registered for HDMI input 0
[    7.128821][    T1] vivid-000: V4L2 capture device registered as video3
[    7.129707][    T1] vivid-000: CEC adapter cec1 registered for HDMI output 0
[    7.130553][    T1] vivid-000: V4L2 output device registered as video4
[    7.131401][    T1] vivid-000: V4L2 capture device registered as vbi0, supports raw and sliced VBI
[    7.132420][    T1] vivid-000: V4L2 output device registered as vbi1, supports raw and sliced VBI
[    7.133530][    T1] vivid-000: V4L2 capture device registered as swradio0
[    7.134744][    T1] vivid-000: V4L2 receiver device registered as radio0
[    7.135772][    T1] vivid-000: V4L2 transmitter device registered as radio1
[    7.136731][    T1] vivid-000: V4L2 metadata capture device registered as video5
[    7.139041][    T1] vivid-000: V4L2 metadata output device registered as video6
[    7.139956][    T1] vivid-000: V4L2 touch capture device registered as v4l-touch0
[    7.140908][    T1] vivid-001: using multiplanar format API
[    7.155528][    T1] vivid-001: CEC adapter cec2 registered for HDMI input 0
[    7.156421][    T1] vivid-001: V4L2 capture device registered as video7
[    7.157300][    T1] vivid-001: CEC adapter cec3 registered for HDMI output 0
[    7.158143][    T1] vivid-001: V4L2 output device registered as video8
[    7.158976][    T1] vivid-001: V4L2 capture device registered as vbi2, supports raw and sliced VBI
[    7.159993][    T1] vivid-001: V4L2 output device registered as vbi3, supports raw and sliced VBI
[    7.160997][    T1] vivid-001: V4L2 capture device registered as swradio1
[    7.161813][    T1] vivid-001: V4L2 receiver device registered as radio2
[    7.162669][    T1] vivid-001: V4L2 transmitter device registered as radio3
[    7.163543][    T1] vivid-001: V4L2 metadata capture device registered as video9
[    7.164805][    T1] vivid-001: V4L2 metadata output device registered as video10
[    7.166318][    T1] vivid-001: V4L2 touch capture device registered as v4l-touch1
[    7.168242][    T1] vivid-002: using single planar format API
[    7.180102][    T1] vivid-002: CEC adapter cec4 registered for HDMI input 0
[    7.180976][    T1] vivid-002: V4L2 capture device registered as video11
[    7.181862][    T1] vivid-002: CEC adapter cec5 registered for HDMI output 0
[    7.182939][    T1] vivid-002: V4L2 output device registered as video12
[    7.183766][    T1] vivid-002: V4L2 capture device registered as vbi4, supports raw and sliced VBI
[    7.184868][    T1] vivid-002: V4L2 output device registered as vbi5, supports raw and sliced VBI
[    7.186320][    T1] vivid-002: V4L2 capture device registered as swradio2
[    7.187297][    T1] vivid-002: V4L2 receiver device registered as radio4
[    7.188079][    T1] vivid-002: V4L2 transmitter device registered as radio5
[    7.188918][    T1] vivid-002: V4L2 metadata capture device registered as video13
[    7.189860][    T1] vivid-002: V4L2 metadata output device registered as video14
[    7.190738][    T1] vivid-002: V4L2 touch capture device registered as v4l-touch2
[    7.191867][    T1] vivid-003: using multiplanar format API
[    7.204092][    T1] vivid-003: CEC adapter cec6 registered for HDMI input 0
[    7.204993][    T1] vivid-003: V4L2 capture device registered as video15
[    7.205898][    T1] vivid-003: CEC adapter cec7 registered for HDMI output 0
[    7.206791][    T1] vivid-003: V4L2 output device registered as video16
[    7.208147][    T1] vivid-003: V4L2 capture device registered as vbi6, supports raw and sliced VBI
[    7.210705][    T1] vivid-003: V4L2 output device registered as vbi7, supports raw and sliced VBI
[    7.212095][    T1] vivid-003: V4L2 capture device registered as swradio3
[    7.212909][    T1] vivid-003: V4L2 receiver device registered as radio6
[    7.213784][    T1] vivid-003: V4L2 transmitter device registered as radio7
[    7.214629][    T1] vivid-003: V4L2 metadata capture device registered as video17
[    7.215516][    T1] vivid-003: V4L2 metadata output device registered as video18
[    7.216539][    T1] vivid-003: V4L2 touch capture device registered as v4l-touch3
[    7.217703][    T1] vivid-004: using single planar format API
[    7.231645][    T1] vivid-004: CEC adapter cec8 registered for HDMI input 0
[    7.232637][    T1] vivid-004: V4L2 capture device registered as video19
[    7.233558][    T1] vivid-004: CEC adapter cec9 registered for HDMI output 0
[    7.234503][    T1] vivid-004: V4L2 output device registered as video20
[    7.235399][    T1] vivid-004: V4L2 capture device registered as vbi8, supports raw and sliced VBI
[    7.236717][    T1] vivid-004: V4L2 output device registered as vbi9, supports raw and sliced VBI
[    7.237984][    T1] vivid-004: V4L2 capture device registered as swradio4
[    7.238783][    T1] vivid-004: V4L2 receiver device registered as radio8
[    7.239594][    T1] vivid-004: V4L2 transmitter device registered as radio9
[    7.240494][    T1] vivid-004: V4L2 metadata capture device registered as video21
[    7.241392][    T1] vivid-004: V4L2 metadata output device registered as video22
[    7.242519][    T1] vivid-004: V4L2 touch capture device registered as v4l-touch4
[    7.243469][    T1] vivid-005: using multiplanar format API
[    7.257636][    T1] vivid-005: CEC adapter cec10 registered for HDMI input 0
[    7.258684][    T1] vivid-005: V4L2 capture device registered as video23
[    7.259617][    T1] vivid-005: CEC adapter cec11 registered for HDMI output 0
[    7.260562][    T1] vivid-005: V4L2 output device registered as video24
[    7.261448][    T1] vivid-005: V4L2 capture device registered as vbi10, supports raw and sliced VBI
[    7.263171][    T1] vivid-005: V4L2 output device registered as vbi11, supports raw and sliced VBI
[    7.264442][    T1] vivid-005: V4L2 capture device registered as swradio5
[    7.265305][    T1] vivid-005: V4L2 receiver device registered as radio10
[    7.266224][    T1] vivid-005: V4L2 transmitter device registered as radio11
[    7.267934][    T1] vivid-005: V4L2 metadata capture device registered as video25
[    7.268951][    T1] vivid-005: V4L2 metadata output device registered as video26
[    7.269880][    T1] vivid-005: V4L2 touch capture device registered as v4l-touch5
[    7.270808][    T1] vivid-006: using single planar format API
[    7.281365][    T1] vivid-006: CEC adapter cec12 registered for HDMI input 0
[    7.282235][    T1] vivid-006: V4L2 capture device registered as video27
[    7.283064][    T1] vivid-006: CEC adapter cec13 registered for HDMI output 0
[    7.283933][    T1] vivid-006: V4L2 output device registered as video28
[    7.284747][    T1] vivid-006: V4L2 capture device registered as vbi12, supports raw and sliced VBI
[    7.285742][    T1] vivid-006: V4L2 output device registered as vbi13, supports raw and sliced VBI
[    7.286748][    T1] vivid-006: V4L2 capture device registered as swradio6
[    7.288676][    T1] vivid-006: V4L2 receiver device registered as radio12
[    7.290560][    T1] vivid-006: V4L2 transmitter device registered as radio13
[    7.291487][    T1] vivid-006: V4L2 metadata capture device registered as video29
[    7.292457][    T1] vivid-006: V4L2 metadata output device registered as video30
[    7.293419][    T1] vivid-006: V4L2 touch capture device registered as v4l-touch6
[    7.294385][    T1] vivid-007: using multiplanar format API
[    7.306081][    T1] vivid-007: CEC adapter cec14 registered for HDMI input 0
[    7.307410][    T1] vivid-007: V4L2 capture device registered as video31
[    7.308271][    T1] vivid-007: CEC adapter cec15 registered for HDMI output 0
[    7.309133][    T1] vivid-007: V4L2 output device registered as video32
[    7.309959][    T1] vivid-007: V4L2 capture device registered as vbi14, supports raw and sliced VBI
[    7.311013][    T1] vivid-007: V4L2 output device registered as vbi15, supports raw and sliced VBI
[    7.312411][    T1] vivid-007: V4L2 capture device registered as swradio7
[    7.313206][    T1] vivid-007: V4L2 receiver device registered as radio14
[    7.314087][    T1] vivid-007: V4L2 transmitter device registered as radio15
[    7.314948][    T1] vivid-007: V4L2 metadata capture device registered as video33
[    7.315864][    T1] vivid-007: V4L2 metadata output device registered as video34
[    7.316972][    T1] vivid-007: V4L2 touch capture device registered as v4l-touch7
[    7.320117][    T1] vivid-008: using single planar format API
[    7.332491][    T1] vivid-008: CEC adapter cec16 registered for HDMI input 0
[    7.333363][    T1] vivid-008: V4L2 capture device registered as video35
[    7.334191][    T1] vivid-008: CEC adapter cec17 registered for HDMI output 0
[    7.335053][    T1] vivid-008: V4L2 output device registered as video36
[    7.335866][    T1] vivid-008: V4L2 capture device registered as vbi16, supports raw and sliced VBI
[    7.336957][    T1] vivid-008: V4L2 output device registered as vbi17, supports raw and sliced VBI
[    7.337963][    T1] vivid-008: V4L2 capture device registered as swradio8
[    7.338780][    T1] vivid-008: V4L2 receiver device registered as radio16
