c[?7l[2J[0mSeaBIOS (version rel-1.16.0-0-gd239552ce722-prebuilt.qemu.org)


iPXE (http://ipxe.org) 00:03.0 CA00 PCI2.10 PnP PMM+7FF91000+7FEF1000 CA00
Press Ctrl-B to configure iPXE (PCI 00:03.0)...                                                                               


Booting from ROM..c[?7l[2J[0m.early console in extract_kernel
input_data: 0x000000000bbdf2c8
input_len: 0x0000000004421b59
output: 0x0000000001000000
output_len: 0x000000000dda3b28
kernel_total_size: 0x000000000f026000
needed_size: 0x000000000f200000
trampoline_32bit: 0x000000000009d000

Decompressing Linux... Parsing ELF... done.
Booting the kernel.
[    0.000000][    T0] Linux version 5.5.0-rc7-b215010fd345-02177-gb215010fd345 (root@xpf.sh.intel.com) (gcc version 8.5.0 20210514 (Red Hat 8.5.0-20) (GCC)) #1 SMP PREEMPT Sat Dec 2 14:04:49 CST 2023
[    0.000000][    T0] Command line: console=ttyS0 root=/dev/sda1 earlyprintk=serial net.ifnames=0 thunderbolt.dyndbg plymouth.enable=0
[    0.000000][    T0] KERNEL supported cpus:
[    0.000000][    T0]   Intel GenuineIntel
[    0.000000][    T0]   AMD AuthenticAMD
[    0.000000][    T0] x86/fpu: Supporting XSAVE feature 0x001: 'x87 floating point registers'
[    0.000000][    T0] x86/fpu: Supporting XSAVE feature 0x002: 'SSE registers'
[    0.000000][    T0] x86/fpu: Supporting XSAVE feature 0x004: 'AVX registers'
[    0.000000][    T0] x86/fpu: Supporting XSAVE feature 0x008: 'MPX bounds registers'
[    0.000000][    T0] x86/fpu: Supporting XSAVE feature 0x010: 'MPX CSR'
[    0.000000][    T0] x86/fpu: Supporting XSAVE feature 0x020: 'AVX-512 opmask'
[    0.000000][    T0] x86/fpu: Supporting XSAVE feature 0x040: 'AVX-512 Hi256'
[    0.000000][    T0] x86/fpu: Supporting XSAVE feature 0x080: 'AVX-512 ZMM_Hi256'
[    0.000000][    T0] x86/fpu: xstate_offset[2]:  576, xstate_sizes[2]:  256
[    0.000000][    T0] x86/fpu: xstate_offset[3]:  832, xstate_sizes[3]:   64
[    0.000000][    T0] x86/fpu: xstate_offset[4]:  896, xstate_sizes[4]:   64
[    0.000000][    T0] x86/fpu: xstate_offset[5]:  960, xstate_sizes[5]:   64
[    0.000000][    T0] x86/fpu: xstate_offset[6]: 1024, xstate_sizes[6]:  512
[    0.000000][    T0] x86/fpu: xstate_offset[7]: 1536, xstate_sizes[7]: 1024
[    0.000000][    T0] x86/fpu: Enabled xstate features 0xff, context size is 2560 bytes, using 'compacted' format.
[    0.000000][    T0] BIOS-provided physical RAM map:
[    0.000000][    T0] BIOS-e820: [mem 0x0000000000000000-0x000000000009fbff] usable
[    0.000000][    T0] BIOS-e820: [mem 0x000000000009fc00-0x000000000009ffff] reserved
[    0.000000][    T0] BIOS-e820: [mem 0x00000000000f0000-0x00000000000fffff] reserved
[    0.000000][    T0] BIOS-e820: [mem 0x0000000000100000-0x000000007ffdffff] usable
[    0.000000][    T0] BIOS-e820: [mem 0x000000007ffe0000-0x000000007fffffff] reserved
[    0.000000][    T0] BIOS-e820: [mem 0x00000000feffc000-0x00000000feffffff] reserved
[    0.000000][    T0] BIOS-e820: [mem 0x00000000fffc0000-0x00000000ffffffff] reserved
[    0.000000][    T0] printk: bootconsole [earlyser0] enabled
[    0.000000][    T0] ERROR: earlyprintk= earlyser already used
[    0.000000][    T0] ERROR: earlyprintk= earlyser already used
[    0.000000][    T0] ERROR: earlyprintk= earlyser already used
[    0.000000][    T0] Malformed early option 'vsyscall'
[    0.000000][    T0] nopcid: PCID feature disabled
[    0.000000][    T0] NX (Execute Disable) protection: active
[    0.000000][    T0] SMBIOS 2.8 present.
[    0.000000][    T0] DMI: QEMU Standard PC (i440FX + PIIX, 1996), BIOS rel-1.16.0-0-gd239552ce722-prebuilt.qemu.org 04/01/2014
[    0.000000][    T0] Hypervisor detected: KVM
[    0.000000][    T0] kvm-clock: Using msrs 4b564d01 and 4b564d00
[    0.000002][    T0] kvm-clock: cpu 0, msr e9ca001, primary cpu clock
[    0.000002][    T0] kvm-clock: using sched offset of 850623669 cycles
[    0.000540][    T0] clocksource: kvm-clock: mask: 0xffffffffffffffff max_cycles: 0x1cd42e4dffb, max_idle_ns: 881590591483 ns
[    0.002008][    T0] tsc: Detected 2999.998 MHz processor
[    0.007357][    T0] last_pfn = 0x7ffe0 max_arch_pfn = 0x400000000
[    0.007954][    T0] x86/PAT: Configuration [0-7]: WB  WC  UC- UC  WB  WP  UC- WT  
[    0.016039][    T0] found SMP MP-table at [mem 0x000f5ba0-0x000f5baf]
[    0.016632][    T0] Using GB pages for direct mapping
[    0.017682][    T0] ACPI: Early table checksum verification disabled
[    0.018225][    T0] ACPI: RSDP 0x00000000000F59C0 000014 (v00 BOCHS )
[    0.018981][    T0] ACPI: RSDT 0x000000007FFE1951 000034 (v01 BOCHS  BXPC     00000001 BXPC 00000001)
[    0.019976][    T0] ACPI: FACP 0x000000007FFE17FD 000074 (v01 BOCHS  BXPC     00000001 BXPC 00000001)
[    0.020869][    T0] ACPI: DSDT 0x000000007FFE0040 0017BD (v01 BOCHS  BXPC     00000001 BXPC 00000001)
[    0.021722][    T0] ACPI: FACS 0x000000007FFE0000 000040
[    0.022219][    T0] ACPI: APIC 0x000000007FFE1871 000080 (v01 BOCHS  BXPC     00000001 BXPC 00000001)
[    0.023068][    T0] ACPI: HPET 0x000000007FFE18F1 000038 (v01 BOCHS  BXPC     00000001 BXPC 00000001)
[    0.023923][    T0] ACPI: WAET 0x000000007FFE1929 000028 (v01 BOCHS  BXPC     00000001 BXPC 00000001)
[    0.025647][    T0] No NUMA configuration found
[    0.026048][    T0] Faking a node at [mem 0x0000000000000000-0x000000007ffdffff]
[    0.026716][    T0] Faking node 0 at [mem 0x0000000000000000-0x000000003fffffff] (1024MB)
[    0.027397][    T0] Faking node 1 at [mem 0x0000000040000000-0x000000007ffdffff] (1023MB)
[    0.028391][    T0] NODE_DATA(0) allocated [mem 0x3fffb000-0x3fffffff]
[    0.029080][    T0] NODE_DATA(1) allocated [mem 0x7ffda000-0x7ffdefff]
[    0.033053][    T0] Zone ranges:
[    0.033378][    T0]   DMA      [mem 0x0000000000001000-0x0000000000ffffff]
[    0.033958][    T0]   DMA32    [mem 0x0000000001000000-0x000000007ffdffff]
[    0.034536][    T0]   Normal   empty
[    0.034840][    T0]   Device   empty
[    0.035141][    T0] Movable zone start for each node
[    0.035558][    T0] Early memory node ranges
[    0.035915][    T0]   node   0: [mem 0x0000000000001000-0x000000000009efff]
[    0.036497][    T0]   node   0: [mem 0x0000000000100000-0x000000003fffffff]
[    0.037077][    T0]   node   1: [mem 0x0000000040000000-0x000000007ffdffff]
[    0.037664][    T0] Zeroed struct page in unavailable ranges: 98 pages
[    0.037669][    T0] Initmem setup node 0 [mem 0x0000000000001000-0x000000003fffffff]
[    0.049119][    T0] Initmem setup node 1 [mem 0x0000000040000000-0x000000007ffdffff]
[    0.092681][    T0] kasan: KernelAddressSanitizer initialized
[    0.093472][    T0] ACPI: PM-Timer IO Port: 0x608
[    0.093902][    T0] ACPI: LAPIC_NMI (acpi_id[0xff] dfl dfl lint[0x1])
[    0.094506][    T0] IOAPIC[0]: apic_id 0, version 17, address 0xfec00000, GSI 0-23
[    0.095147][    T0] ACPI: INT_SRC_OVR (bus 0 bus_irq 0 global_irq 2 dfl dfl)
[    0.095744][    T0] ACPI: INT_SRC_OVR (bus 0 bus_irq 5 global_irq 5 high level)
[    0.096397][    T0] ACPI: INT_SRC_OVR (bus 0 bus_irq 9 global_irq 9 high level)
[    0.097111][    T0] ACPI: INT_SRC_OVR (bus 0 bus_irq 10 global_irq 10 high level)
[    0.097826][    T0] ACPI: INT_SRC_OVR (bus 0 bus_irq 11 global_irq 11 high level)
[    0.098535][    T0] Using ACPI (MADT) for SMP configuration information
[    0.099151][    T0] ACPI: HPET id: 0x8086a201 base: 0xfed00000
[    0.099693][    T0] smpboot: Allowing 2 CPUs, 0 hotplug CPUs
[    0.100240][    T0] KVM setup pv sched yield
[    0.100674][    T0] PM: Registered nosave memory: [mem 0x00000000-0x00000fff]
[    0.101334][    T0] PM: Registered nosave memory: [mem 0x0009f000-0x0009ffff]
[    0.101993][    T0] PM: Registered nosave memory: [mem 0x000a0000-0x000effff]
[    0.102667][    T0] PM: Registered nosave memory: [mem 0x000f0000-0x000fffff]
[    0.103328][    T0] [mem 0x80000000-0xfeffbfff] available for PCI devices
[    0.103952][    T0] Booting paravirtualized kernel on KVM
[    0.104470][    T0] clocksource: refined-jiffies: mask: 0xffffffff max_cycles: 0xffffffff, max_idle_ns: 19112604462750000 ns
[    1.414258][    T0] setup_percpu: NR_CPUS:8 nr_cpumask_bits:8 nr_cpu_ids:2 nr_node_ids:2
[    1.415563][    T0] percpu: Embedded 65 pages/cpu s227080 r8192 d30968 u2097152
[    1.416311][    T0] KVM setup async PF for cpu 0
[    1.416709][    T0] kvm-stealtime: cpu 0, msr 2ce21a80
[    1.417156][    T0] PV qspinlock hash table entries: 256 (order: 0, 4096 bytes, linear)
[    1.417850][    T0] Built 2 zonelists, mobility grouping on.  Total pages: 515945
[    1.418484][    T0] Policy zone: DMA32
[    1.418817][    T0] Kernel command line: earlyprintk=serial net.ifnames=0 sysctl.kernel.hung_task_all_cpu_backtrace=1 ima_policy=tcb nf-conntrack-ftp.ports=20000 nf-conntrack-tftp.ports=20000 nf-conntrack-sip.ports=20000 nf-conntrack-irc.ports=20000 nf-conntrack-sane.ports=20000 binder.debug_mask=0 rcupdate.rcu_expedited=1 rcupdate.rcu_cpu_stall_cputime=1 no_hash_pointers page_owner=on sysctl.vm.nr_hugepages=4 sysctl.vm.nr_overcommit_hugepages=4 secretmem.enable=1 sysctl.max_rcu_stall_to_panic=1 msr.allow_writes=off coredump_filter=0xffff root=/dev/sda console=ttyS0 vsyscall=native numa=fake=2 kvm-intel.nested=1 spec_store_bypass_disable=prctl nopcid vivid.n_devs=16 vivid.multiplanar=1,2,1,2,1,2,1,2,1,2,1,2,1,2,1,2 netrom.nr_ndevs=16 rose.rose_ndevs=16 smp.csd_lock_timeout=100000 watchdog_thresh=55 workqueue.watchdog_thresh=140 sysctl.net.core.netdev_unregister_timeout_secs=140 dummy_hcd.num=8 panic_on_warn=1 console=ttyS0 root=/dev/sda1 earlyprintk=serial net.ifnames=0 thunderb
[    1.422099][    T0] mem auto-init: stack:off, heap alloc:on, heap free:off
[    1.539257][    T0] Memory: 1524180K/2096632K available (131082K kernel code, 39761K rwdata, 26820K rodata, 2988K init, 22900K bss, 572452K reserved, 0K cma-reserved)
[    1.541148][    T0] SLUB: HWalign=64, Order=0-3, MinObjects=0, CPUs=2, Nodes=2
[    1.543456][    T0] Running RCU self tests
[    1.543817][    T0] rcu: Preemptible hierarchical RCU implementation.
[    1.544342][    T0] rcu: 	RCU lockdep checking is enabled.
[    1.544793][    T0] rcu: 	RCU restricting CPUs from NR_CPUS=8 to nr_cpu_ids=2.
[    1.545375][    T0] rcu: 	RCU callback double-/use-after-free debug enabled.
[    1.545945][    T0] rcu: 	RCU debug extended QS entry/exit.
[    1.546397][    T0] 	All grace periods are expedited (rcu_expedited).
[    1.546922][    T0] 	Tasks RCU enabled.
[    1.547238][    T0] rcu: RCU calculated value of scheduler-enlistment delay is 10 jiffies.
[    1.547909][    T0] rcu: Adjusting geometry for rcu_fanout_leaf=16, nr_cpu_ids=2
[    1.553099][    T0] NR_IRQS: 4352, nr_irqs: 440, preallocated irqs: 16
[    1.554353][    T0] random: get_random_bytes called from start_kernel+0x53a/0x876 with crng_init=0
[    1.559816][    T0] Console: colour VGA+ 80x25
[    1.560286][    T0] printk: console [ttyS0] enabled
[    1.560286][    T0] printk: console [ttyS0] enabled
[    1.561180][    T0] printk: bootconsole [earlyser0] disabled
[    1.561180][    T0] printk: bootconsole [earlyser0] disabled
[    1.562165][    T0] Lock dependency validator: Copyright (c) 2006 Red Hat, Inc., Ingo Molnar
[    1.562951][    T0] ... MAX_LOCKDEP_SUBCLASSES:  8
[    1.563353][    T0] ... MAX_LOCK_DEPTH:          48
[    1.563765][    T0] ... MAX_LOCKDEP_KEYS:        8192
[    1.564187][    T0] ... CLASSHASH_SIZE:          4096
[    1.564614][    T0] ... MAX_LOCKDEP_ENTRIES:     32768
[    1.565044][    T0] ... MAX_LOCKDEP_CHAINS:      65536
[    1.565476][    T0] ... CHAINHASH_SIZE:          32768
[    1.565908][    T0]  memory used by lock dependency info: 6237 kB
[    1.566419][    T0]  memory used for stack traces: 4224 kB
[    1.566883][    T0]  per task-struct memory footprint: 1920 bytes
[    1.567475][    T0] mempolicy: Enabling automatic NUMA balancing. Configure with numa_balancing= or the kernel.numa_balancing sysctl
[    1.568718][    T0] ACPI: Core revision 20191018
[    1.569733][    T0] clocksource: hpet: mask: 0xffffffff max_cycles: 0xffffffff, max_idle_ns: 19112604467 ns
[    1.570859][    T0] APIC: Switch to symmetric I/O mode setup
[    1.571688][    T0] x2apic enabled
[    1.572189][    T0] Switched APIC routing to physical x2apic.
[    1.572724][    T0] KVM setup pv IPIs
[    1.574050][    T0] ..TIMER: vector=0x30 apic1=0 pin1=2 apic2=-1 pin2=-1
[    1.574641][    T0] clocksource: tsc-early: mask: 0xffffffffffffffff max_cycles: 0x2b3e43c8763, max_idle_ns: 440795360101 ns
[    1.575589][    T0] Calibrating delay loop (skipped) preset value.. 5999.99 BogoMIPS (lpj=29999980)
[    1.576338][    T0] pid_max: default: 32768 minimum: 301
[    1.576967][    T0] LSM: Security Framework initializing
[    1.577462][    T0] Yama: becoming mindful.
[    1.577887][    T0] TOMOYO Linux initialized
[    1.578459][    T0] AppArmor: AppArmor initialized
[    1.579676][    T0] Dentry cache hash table entries: 262144 (order: 9, 2097152 bytes, vmalloc)
[    1.580748][    T0] Inode-cache hash table entries: 131072 (order: 8, 1048576 bytes, vmalloc)
[    1.585665][    T0] Mount-cache hash table entries: 4096 (order: 3, 32768 bytes, vmalloc)
[    1.586366][    T0] Mountpoint-cache hash table entries: 4096 (order: 3, 32768 bytes, vmalloc)
[    1.587192][    T0] *** VALIDATE tmpfs ***
[    1.588666][    T0] *** VALIDATE proc ***
[    1.589536][    T0] *** VALIDATE cgroup1 ***
[    1.589905][    T0] *** VALIDATE cgroup2 ***
[    1.590463][    T0] x86/cpu: User Mode Instruction Prevention (UMIP) activated
[    1.591170][    T0] Last level iTLB entries: 4KB 0, 2MB 0, 4MB 0
[    1.591677][    T0] Last level dTLB entries: 4KB 0, 2MB 0, 4MB 0, 1GB 0
[    1.592252][    T0] Spectre V1 : Mitigation: usercopy/swapgs barriers and __user pointer sanitization
[    1.593050][    T0] Spectre V2 : Mitigation: Enhanced IBRS
[    1.593486][    T0] Spectre V2 : Spectre v2 / SpectreRSB mitigation: Filling RSB on context switch
[    1.594202][    T0] Spectre V2 : mitigation: Enabling conditional Indirect Branch Prediction Barrier
[    1.595629][    T0] Speculative Store Bypass: Mitigation: Speculative Store Bypass disabled via prctl
[    1.596379][    T0] TAA: Mitigation: Clear CPU buffers
[    1.597684][    T0] Freeing SMP alternatives memory: 100K
[    1.598950][    T1] smpboot: CPU0: Intel(R) Core(TM) i9-10980XE CPU @ 3.00GHz (family: 0x6, model: 0x55, stepping: 0x7)
[    1.665638][    T1] Performance Events: Skylake events, full-width counters, Intel PMU driver.
[    1.666382][    T1] ... version:                2
[    1.666759][    T1] ... bit width:              48
[    1.667141][    T1] ... generic registers:      4
[    1.667523][    T1] ... value mask:             0000ffffffffffff
[    1.668002][    T1] ... max period:             00007fffffffffff
[    1.668482][    T1] ... fixed-purpose events:   3
[    1.668859][    T1] ... event mask:             000000070000000f
[    1.685605][    T1] rcu: Hierarchical SRCU implementation.
[    1.735605][    T1] smp: Bringing up secondary CPUs ...
[    1.815757][    T1] x86: Booting SMP configuration:
[    1.816191][    T1] .... node  #1, CPUs:      #1
[    0.021395][    T0] kvm-clock: cpu 1, msr e9ca041, secondary cpu clock
[    1.817544][   T15] KVM setup async PF for cpu 1
[    1.817544][   T15] kvm-stealtime: cpu 1, msr 7ec21a80
[    1.817544][    T1] smp: Brought up 2 nodes, 2 CPUs
[    1.817544][    T1] smpboot: Max logical packages: 1
[    1.817544][    T1] smpboot: Total of 2 processors activated (11999.99 BogoMIPS)
[    1.820203][    T1] allocated 12582912 bytes of page_ext
[    1.820790][    T1] Node 0, zone      DMA: page owner found early allocated 0 pages
[    1.827809][    T1] Node 0, zone    DMA32: page owner found early allocated 2655 pages
[    1.829019][    T1] Node 1, zone    DMA32: page owner found early allocated 2640 pages
[    1.830383][    T1] devtmpfs: initialized
[    1.830383][    T1] x86/mm: Memory block size: 128MB
[    1.849423][    T1] clocksource: jiffies: mask: 0xffffffff max_cycles: 0xffffffff, max_idle_ns: 19112604462750000 ns
[    1.850354][    T1] futex hash table entries: 512 (order: 4, 65536 bytes, vmalloc)
[    1.851410][    T1] xor: automatically using best checksumming function   avx       
[    1.852572][   T24] kworker/u5:0 (24) used greatest stack depth: 27496 bytes left
[    1.856614][    T1] PM: RTC time: 06:12:51, date: 2023-12-02
[    1.857103][    T1] thermal_sys: Registered thermal governor 'step_wise'
[    1.857105][    T1] thermal_sys: Registered thermal governor 'user_space'
[    1.858831][    T1] NET: Registered protocol family 16
[    1.863350][    T1] audit: initializing netlink subsys (disabled)
[    1.864820][   T32] kworker/u5:0 (32) used greatest stack depth: 27072 bytes left
[    1.866284][   T29] audit: type=2000 audit(1701497572.461:1): state=initialized audit_enabled=0 res=1
[    1.869639][    T1] cpuidle: using governor menu
[    1.872929][    T1] KVM setup pv remote TLB flush
[    1.873339][    T1] ACPI: bus type PCI registered
[    1.877253][    T1] dca service started, version 1.12.1
[    1.877986][    T1] PCI: Using configuration type 1 for base access
[    2.026072][  T531] kworker/u5:1 (531) used greatest stack depth: 26656 bytes left
[    2.264189][    T1] HugeTLB registered 1.00 GiB page size, pre-allocated 0 pages
[    2.265904][    T1] HugeTLB registered 2.00 MiB page size, pre-allocated 0 pages
[    2.279287][    T1] cryptd: max_cpu_qlen set to 1000
[    2.308380][    T1] raid6: using algorithm avx512x4 gen() 0 MB/s
[    2.308887][    T1] raid6: .... xor() 0 MB/s, rmw enabled
[    2.309318][    T1] raid6: using avx512x2 recovery algorithm
[    2.318740][    T1] ACPI: Added _OSI(Module Device)
[    2.319151][    T1] ACPI: Added _OSI(Processor Device)
[    2.319564][    T1] ACPI: Added _OSI(3.0 _SCP Extensions)
[    2.319993][    T1] ACPI: Added _OSI(Processor Aggregator Device)
[    2.320488][    T1] ACPI: Added _OSI(Linux-Dell-Video)
[    2.320902][    T1] ACPI: Added _OSI(Linux-Lenovo-NV-HDMI-Audio)
[    2.321388][    T1] ACPI: Added _OSI(Linux-HPI-Hybrid-Graphics)
[    2.343752][    T1] ACPI: 1 ACPI AML tables successfully acquired and loaded
[    2.379012][    T1] ACPI: Interpreter enabled
[    2.379529][    T1] ACPI: (supports S0 S3 S4 S5)
[    2.379938][    T1] ACPI: Using IOAPIC for interrupt routing
[    2.380618][    T1] PCI: Using host bridge windows from ACPI; if necessary, use "pci=nocrs" and report a bug
[    2.385619][    T1] ACPI: Enabled 2 GPEs in block 00 to 0F
[    2.448415][    T1] ACPI: PCI Root Bridge [PCI0] (domain 0000 [bus 00-ff])
[    2.449206][    T1] acpi PNP0A03:00: _OSC: OS supports [ASPM ClockPM Segments MSI HPX-Type3]
[    2.450141][    T1] acpi PNP0A03:00: fail to add MMCONFIG information, can't access extended PCI configuration space under this bridge.
[    2.452123][    T1] PCI host bridge to bus 0000:00
[    2.452529][    T1] pci_bus 0000:00: Unknown NUMA node; performance will be reduced
[    2.453151][    T1] pci_bus 0000:00: root bus resource [io  0x0000-0x0cf7 window]
[    2.453752][    T1] pci_bus 0000:00: root bus resource [io  0x0d00-0xffff window]
[    2.454354][    T1] pci_bus 0000:00: root bus resource [mem 0x000a0000-0x000bffff window]
[    2.455011][    T1] pci_bus 0000:00: root bus resource [mem 0x80000000-0xfebfffff window]
[    2.455681][    T1] pci_bus 0000:00: root bus resource [mem 0x100000000-0x17fffffff window]
[    2.456353][    T1] pci_bus 0000:00: root bus resource [bus 00-ff]
[    2.457012][    T1] pci 0000:00:00.0: [8086:1237] type 00 class 0x060000
[    2.462187][    T1] pci 0000:00:01.0: [8086:7000] type 00 class 0x060100
[    2.465521][    T1] pci 0000:00:01.1: [8086:7010] type 00 class 0x010180
[    2.467113][    T1] pci 0000:00:01.1: reg 0x20: [io  0xc040-0xc04f]
[    2.468278][    T1] pci 0000:00:01.1: legacy IDE quirk: reg 0x10: [io  0x01f0-0x01f7]
[    2.468934][    T1] pci 0000:00:01.1: legacy IDE quirk: reg 0x14: [io  0x03f6]
[    2.469509][    T1] pci 0000:00:01.1: legacy IDE quirk: reg 0x18: [io  0x0170-0x0177]
[    2.470128][    T1] pci 0000:00:01.1: legacy IDE quirk: reg 0x1c: [io  0x0376]
[    2.472783][    T1] pci 0000:00:01.3: [8086:7113] type 00 class 0x068000
[    2.473666][    T1] pci 0000:00:01.3: quirk: [io  0x0600-0x063f] claimed by PIIX4 ACPI
[    2.474300][    T1] pci 0000:00:01.3: quirk: [io  0x0700-0x070f] claimed by PIIX4 SMB
[    2.477535][    T1] pci 0000:00:02.0: [1234:1111] type 00 class 0x030000
[    2.479366][    T1] pci 0000:00:02.0: reg 0x10: [mem 0xfd000000-0xfdffffff pref]
[    2.481198][    T1] pci 0000:00:02.0: reg 0x18: [mem 0xfebf0000-0xfebf0fff]
[    2.484448][    T1] pci 0000:00:02.0: reg 0x30: [mem 0xfebe0000-0xfebeffff pref]
[    2.489209][    T1] pci 0000:00:03.0: [8086:100e] type 00 class 0x020000
[    2.490256][    T1] pci 0000:00:03.0: reg 0x10: [mem 0xfebc0000-0xfebdffff]
[    2.491221][    T1] pci 0000:00:03.0: reg 0x14: [io  0xc000-0xc03f]
[    2.493733][    T1] pci 0000:00:03.0: reg 0x30: [mem 0xfeb80000-0xfebbffff pref]
[    2.504195][    T1] ACPI: PCI Interrupt Link [LNKA] (IRQs 5 *10 11)
[    2.507484][    T1] ACPI: PCI Interrupt Link [LNKB] (IRQs 5 *10 11)
[    2.508232][    T1] ACPI: PCI Interrupt Link [LNKC] (IRQs 5 10 *11)
[    2.510033][    T1] ACPI: PCI Interrupt Link [LNKD] (IRQs 5 10 *11)
[    2.511059][    T1] ACPI: PCI Interrupt Link [LNKS] (IRQs *9)
[    2.516173][    T1] iommu: Default domain type: Translated 
[    2.517181][    T1] pci 0000:00:02.0: vgaarb: setting as boot VGA device
[    2.517740][    T1] pci 0000:00:02.0: vgaarb: VGA device added: decodes=io+mem,owns=io+mem,locks=none
[    2.518469][    T1] pci 0000:00:02.0: vgaarb: bridge control possible
[    2.518982][    T1] vgaarb: loaded
[    2.522669][    T1] SCSI subsystem initialized
[    2.526327][    T1] ACPI: bus type USB registered
[    2.527115][    T1] usbcore: registered new interface driver usbfs
[    2.527854][    T1] usbcore: registered new interface driver hub
[    2.528568][    T1] usbcore: registered new device driver usb
[    2.530690][    T1] mc: Linux media interface: v0.10
[    2.531351][    T1] videodev: Linux video capture interface: v2.00
[    2.536858][    T1] pps_core: LinuxPPS API ver. 1 registered
[    2.537443][    T1] pps_core: Software ver. 5.3.6 - Copyright 2005-2007 Rodolfo Giometti <giometti@linux.it>
[    2.538675][    T1] PTP clock support registered
[    2.539799][    T1] EDAC MC: Ver: 3.0.0
[    2.542491][    T1] Advanced Linux Sound Architecture Driver Initialized.
[    2.543496][    T1] PCI: Using ACPI for IRQ routing
[    2.545958][    T1] Bluetooth: Core ver 2.22
[    2.546557][    T1] NET: Registered protocol family 31
[    2.546972][    T1] Bluetooth: HCI device and connection manager initialized
[    2.547555][    T1] Bluetooth: HCI socket layer initialized
[    2.548188][    T1] Bluetooth: L2CAP socket layer initialized
[    2.548671][    T1] Bluetooth: SCO socket layer initialized
[    2.549158][    T1] NET: Registered protocol family 8
[    2.549558][    T1] NET: Registered protocol family 20
[    2.552895][    T1] NetLabel: Initializing
[    2.553240][    T1] NetLabel:  domain hash size = 128
[    2.553643][    T1] NetLabel:  protocols = UNLABELED CIPSOv4 CALIPSO
[    2.554318][    T1] NetLabel:  unlabeled traffic allowed by default
[    2.555640][    T1] nfc: nfc_init: NFC Core ver 0.1
[    2.556318][    T1] NET: Registered protocol family 39
[    2.560006][    T1] hpet0: at MMIO 0xfed00000, IRQs 2, 8, 0
[    2.560525][    T1] hpet0: 3 comparators, 64-bit 100.000000 MHz counter
[    2.566791][    T1] clocksource: Switched to clocksource kvm-clock
[    4.039453][    T1] *** VALIDATE bpf ***
[    4.040688][    T1] VFS: Disk quotas dquot_6.6.0
[    4.041149][    T1] VFS: Dquot-cache hash table entries: 512 (order 0, 4096 bytes)
[    4.042151][    T1] FS-Cache: Loaded
[    4.042452][    T1] *** VALIDATE ramfs ***
[    4.042798][    T1] *** VALIDATE hugetlbfs ***
[    4.043916][    T1] CacheFiles: Loaded
[    4.044455][    T1] TOMOYO: 2.6.0
[    4.044732][    T1] Mandatory Access Control activated.
[    4.046150][    T1] AppArmor: AppArmor Filesystem Enabled
[    4.046908][    T1] pnp: PnP ACPI init
[    4.052827][    T1] pnp: PnP ACPI: found 6 devices
[    4.092513][    T1] clocksource: acpi_pm: mask: 0xffffff max_cycles: 0xffffff, max_idle_ns: 2085701024 ns
[    4.094059][    T1] pci_bus 0000:00: resource 4 [io  0x0000-0x0cf7 window]
[    4.094632][    T1] pci_bus 0000:00: resource 5 [io  0x0d00-0xffff window]
[    4.095180][    T1] pci_bus 0000:00: resource 6 [mem 0x000a0000-0x000bffff window]
[    4.095871][    T1] pci_bus 0000:00: resource 7 [mem 0x80000000-0xfebfffff window]
[    4.096535][    T1] pci_bus 0000:00: resource 8 [mem 0x100000000-0x17fffffff window]
[    4.097835][    T1] NET: Registered protocol family 2
[    4.100515][    T1] tcp_listen_portaddr_hash hash table entries: 1024 (order: 4, 73728 bytes, vmalloc)
[    4.101579][    T1] TCP established hash table entries: 16384 (order: 5, 131072 bytes, vmalloc)
[    4.103451][    T1] TCP bind hash table entries: 16384 (order: 8, 1048576 bytes, vmalloc)
[    4.104699][    T1] TCP: Hash tables configured (established 16384 bind 16384)
[    4.107058][    T1] UDP hash table entries: 1024 (order: 5, 163840 bytes, vmalloc)
[    4.108017][    T1] UDP-Lite hash table entries: 1024 (order: 5, 163840 bytes, vmalloc)
[    4.109116][    T1] NET: Registered protocol family 1
[    4.120648][    T1] RPC: Registered named UNIX socket transport module.
[    4.121242][    T1] RPC: Registered udp transport module.
[    4.121712][    T1] RPC: Registered tcp transport module.
[    4.122183][    T1] RPC: Registered tcp NFSv4.1 backchannel transport module.
[    4.123765][    T1] NET: Registered protocol family 44
[    4.124265][    T1] pci 0000:00:01.0: PIIX3: Enabling Passive Release
[    4.124844][    T1] pci 0000:00:00.0: Limiting direct PCI/PCI transfers
[    4.125437][    T1] pci 0000:00:01.0: Activating ISA DMA hang workarounds
[    4.127960][    T1] pci 0000:00:02.0: Video device with shadowed ROM at [mem 0x000c0000-0x000dffff]
[    4.128769][    T1] PCI: CLS 0 bytes, default 64
[    4.135492][    T1] RAPL PMU: API unit is 2^-32 Joules, 0 fixed counters, 10737418240 ms ovfl timer
[    4.136366][    T1] kvm: no hardware support
[    4.136749][    T1] has_svm: not amd or hygon
[    4.137132][    T1] kvm: no hardware support
[    4.137515][    T1] clocksource: tsc: mask: 0xffffffffffffffff max_cycles: 0x2b3e43c8763, max_idle_ns: 440795360101 ns
[    4.178619][    T1] Initialise system trusted keyrings
[    4.181524][    T1] workingset: timestamp_bits=40 max_order=19 bucket_order=0
[    4.259068][    T1] DLM installed
[    4.263287][    T1] squashfs: version 4.0 (2009/01/31) Phillip Lougher
[    4.278655][    T1] FS-Cache: Netfs 'nfs' registered for caching
[    4.282588][    T1] NFS: Registering the id_resolver key type
[    4.283102][    T1] Key type id_resolver registered
[    4.283510][    T1] Key type id_legacy registered
[    4.283907][    T1] nfs4filelayout_init: NFSv4 File Layout Driver Registering...
[    4.284534][    T1] Installing knfsd (copyright (C) 1996 okir@monad.swb.de).
[    4.292040][    T1] FS-Cache: Netfs 'cifs' registered for caching
[    4.294530][    T1] Key type cifs.spnego registered
[    4.295000][    T1] Key type cifs.idmap registered
[    4.297553][    T1] ntfs: driver 2.1.32 [Flags: R/W].
[    4.299624][    T1] efs: 1.0a - http://aeschi.ch.eu.org/efs/
[    4.300371][    T1] jffs2: version 2.2. (NAND) (SUMMARY)  Â© 2001-2006 Red Hat, Inc.
[    4.304679][    T1] *** VALIDATE jffs2 ***
[    4.307314][    T1] romfs: ROMFS MTD (C) 2007 Red Hat, Inc.
[    4.308275][    T1] QNX4 filesystem 0.2.3 registered.
[    4.308968][    T1] qnx6: QNX6 filesystem 1.0.0 registered.
[    4.309986][    T1] fuse: init (API version 7.31)
[    4.310662][    T1] *** VALIDATE fuse ***
[    4.310990][    T1] *** VALIDATE fuse ***
[    4.313398][    T1] orangefs_debugfs_init: called with debug mask: :none: :0:
[    4.314234][    T1] orangefs_init: module version upstream loaded
[    4.317354][    T1] JFS: nTxBlock = 8192, nTxLock = 65536
[    4.328103][    T1] SGI XFS with ACLs, security attributes, realtime, quota, no debug enabled
[    4.337508][    T1] *** VALIDATE xfs ***
[    4.337854][    T1] 9p: Installing v9fs 9p2000 file system support
[    4.338650][    T1] FS-Cache: Netfs '9p' registered for caching
[    4.340324][    T1] NILFS version 2 loaded
[    4.340664][    T1] befs: version: 0.9.3
[    4.342533][    T1] ocfs2: Registered cluster interface o2cb
[    4.343473][    T1] ocfs2: Registered cluster interface user
[    4.346356][    T1] OCFS2 User DLM kernel interface loaded
[    4.354013][    T1] *** VALIDATE gfs2 ***
[    4.356912][    T1] gfs2: GFS2 installed
[    4.363885][    T1] FS-Cache: Netfs 'ceph' registered for caching
[    4.364389][    T1] ceph: loaded (mds proto 32)
[    4.371826][    T1] NET: Registered protocol family 38
[    4.372649][    T1] async_tx: api initialized (async)
[    4.373072][    T1] Key type asymmetric registered
[    4.373483][    T1] Asymmetric key parser 'x509' registered
[    4.373946][    T1] Asymmetric key parser 'pkcs8' registered
[    4.374399][    T1] Key type pkcs7_test registered
[    4.374962][    T1] Block layer SCSI generic (bsg) driver version 0.4 loaded (major 241)
[    4.375910][    T1] io scheduler mq-deadline registered
[    4.376340][    T1] io scheduler kyber registered
[    4.377325][    T1] io scheduler bfq registered
[    4.383164][    T1] vga16fb: mapped to 0x00000000474801af
[    4.859717][    T1] Console: switching to colour frame buffer device 80x30
[    5.121615][    T1] fb0: VGA16 VGA frame buffer device
[    5.123374][    T1] input: Power Button as /devices/LNXSYSTM:00/LNXPWRBN:00/input/input0
[    5.126316][    T1] ACPI: Power Button [PWRF]
[    5.130790][    T1] ioatdma: Intel(R) QuickData Technology Driver 5.00
[    5.298411][    T1] HDLC line discipline maxframe=4096
[    5.298854][    T1] N_HDLC line discipline registered.
[    5.299300][    T1] Serial: 8250/16550 driver, 4 ports, IRQ sharing enabled
[    5.324300][    T1] 00:04: ttyS0 at I/O 0x3f8 (irq = 4, base_baud = 115200) is a 16550A
[    5.331666][    T1] Initializing Nozomi driver 2.1d
[    5.334443][    T1] Non-volatile memory driver v1.3
[    5.335386][    T1] Linux agpgart interface v0.103
[    5.347674][    T1] [drm] Initialized vgem 1.0.0 20120112 for vgem on minor 0
[    5.348561][    T1] [drm] Supports vblank timestamp caching Rev 2 (21.10.2013).
[    5.349146][    T1] [drm] Driver supports precise vblank timestamp query.
[    5.352035][    T1] [drm] Initialized vkms 1.0.0 20180514 for vkms on minor 1
[    5.352808][    T1] usbcore: registered new interface driver udl
[    5.353355][    T1] fb0: switching to bochsdrmfb from VGA16 VGA
[    5.501882][    T1] Console: switching to colour VGA+ 80x25
[    5.505035][    T1] bochs-drm 0000:00:02.0: vgaarb: deactivate vga console
[    5.511506][    T1] Console: switching to colour dummy device 80x25
[    5.514653][    T1] [drm] Found bochs VGA, ID 0xb0c5.
[    5.515069][    T1] [drm] Framebuffer size 16384 kB @ 0xfd000000, mmio @ 0xfebf0000.
[    5.516406][    T1] [TTM] Zone  kernel: Available graphics memory: 762140 KiB
[    5.517332][    T1] [TTM] Initializing pool allocator
[    5.517889][    T1] [TTM] Initializing DMA pool allocator
[    5.519710][    T1] [drm] Found EDID data blob.
[    5.521496][    T1] [drm] Initialized bochs-drm 1.0.0 20130925 for 0000:00:02.0 on minor 2
[    5.529065][    T1] fbcon: bochs-drmdrmfb (fb0) is primary device
[    5.549579][    T1] Console: switching to colour frame buffer device 160x50
[    5.564404][    T1] bochs-drm 0000:00:02.0: fb0: bochs-drmdrmfb frame buffer device
[    5.592438][    T1] brd: module loaded
[    5.631427][    T1] loop: module loaded
[    5.701344][    T1] zram: Added device: zram0
[    5.706041][    T1] null_blk: module loaded
[    5.706607][    T1] Guest personality initialized and is inactive
[    5.707409][    T1] VMCI host device registered (name=vmci, major=10, minor=56)
[    5.707998][    T1] Initialized host personality
[    5.708579][    T1] usbcore: registered new interface driver rtsx_usb
[    5.709617][    T1] usbcore: registered new interface driver viperboard
[    5.710461][    T1] usbcore: registered new interface driver dln2
[    5.711298][    T1] usbcore: registered new interface driver pn533_usb
[    5.714113][    T1] nfcsim 0.2 initialized
[    5.715756][    T1] usbcore: registered new interface driver port100
[    5.716524][    T1] usbcore: registered new interface driver nfcmrvl
[    5.719894][    T1] Loading iSCSI transport class v2.0-870.
[    5.724632][    T1] st: Version 20160209, fixed bufsize 32768, s/g segs 256
[    5.741799][    T1] scsi host0: ata_piix
[    5.746380][    T1] scsi host1: ata_piix
[    5.747238][    T1] ata1: PATA max MWDMA2 cmd 0x1f0 ctl 0x3f6 bmdma 0xc040 irq 14
[    5.747840][    T1] ata2: PATA max MWDMA2 cmd 0x170 ctl 0x376 bmdma 0xc048 irq 15
[    5.763540][    T1] Rounding down aligned max_sectors from 4294967295 to 4294967288
[    5.764546][    T1] db_root: cannot open: /etc/target
[    5.765326][    T1] slram: not enough parameters.
[    5.769980][    T1] ftl_cs: FTL header not found.
[    5.773092][    T1] Ethernet Channel Bonding Driver: v3.7.1 (April 27, 2011)
[    5.782790][    T1] eql: Equalizer2002: Simon Janes (simon@ncm.com) and David S. Miller (davem@redhat.com)
[    5.793395][    T1] MACsec IEEE 802.1AE
[    5.794906][    T1] libphy: Fixed MDIO Bus: probed
[    5.798425][    T1] tun: Universal TUN/TAP device driver, 1.6
[    5.800755][    T1] vcan: Virtual CAN interface driver
[    5.801221][    T1] vxcan: Virtual CAN Tunnel driver
[    5.801649][    T1] slcan: serial line CAN interface driver
[    5.802094][    T1] slcan: 10 dynamic interface channels.
[    5.802546][    T1] CAN device driver interface
[    5.805978][    T1] usbcore: registered new interface driver usb_8dev
[    5.806667][    T1] usbcore: registered new interface driver ems_usb
[    5.807311][    T1] usbcore: registered new interface driver gs_usb
[    5.807975][    T1] usbcore: registered new interface driver kvaser_usb
[    5.808673][    T1] usbcore: registered new interface driver mcba_usb
[    5.809363][    T1] usbcore: registered new interface driver peak_usb
[    5.810213][    T1] e100: Intel(R) PRO/100 Network Driver, 3.5.24-k2-NAPI
[    5.810757][    T1] e100: Copyright(c) 1999-2006 Intel Corporation
[    5.811438][    T1] e1000: Intel(R) PRO/1000 Network Driver - version 7.3.21-k8-NAPI
[    5.812053][    T1] e1000: Copyright (c) 1999-2006 Intel Corporation.
[    5.916647][ T3478] ata2.00: ATAPI: QEMU DVD-ROM, 2.5+, max UDMA/100
[    5.917327][ T3473] ata1.00: ATA-7: QEMU HARDDISK, 2.5+, max UDMA/100
[    5.917866][ T3473] ata1.00: 2097458 sectors, multi 16: LBA48 
[    5.930466][   T30] scsi 0:0:0:0: Direct-Access     ATA      QEMU HARDDISK    2.5+ PQ: 0 ANSI: 5
[    5.933685][ T3499] sd 0:0:0:0: [sda] 2097458 512-byte logical blocks: (1.07 GB/1.00 GiB)
[    5.934511][ T3499] sd 0:0:0:0: [sda] Write Protect is off
[    5.935124][ T3499] sd 0:0:0:0: [sda] Write cache: enabled, read cache: enabled, doesn't support DPO or FUA
[    5.937582][   T30] sd 0:0:0:0: Attached scsi generic sg0 type 0
[    5.939843][   T23] scsi 1:0:0:0: CD-ROM            QEMU     QEMU DVD-ROM     2.5+ PQ: 0 ANSI: 5
[    5.954221][ T3499]  sda: sda1
[    5.959219][ T3499] sd 0:0:0:0: [sda] Attached SCSI disk
[    6.006332][   T23] sr 1:0:0:0: [sr0] scsi3-mmc drive: 4x/4x cd/rw xa/form2 tray
[    6.006955][   T23] cdrom: Uniform CD-ROM driver Revision: 3.20
[    6.010880][   T23] sr 1:0:0:0: Attached scsi generic sg1 type 5
[    7.062578][    T1] PCI Interrupt Link [LNKC] enabled at IRQ 11
[    7.427787][    T1] e1000 0000:00:03.0 eth0: (PCI:33MHz:32-bit) 52:54:00:12:34:56
[    7.428460][    T1] e1000 0000:00:03.0 eth0: Intel(R) PRO/1000 Network Connection
[    7.429537][    T1] e1000e: Intel(R) PRO/1000 Network Driver - 3.2.6-k
[    7.430111][    T1] e1000e: Copyright(c) 1999 - 2015 Intel Corporation.
[    7.431458][    T1] mkiss: AX.25 Multikiss, Hans Albas PE1AYX
[    7.431983][    T1] AX.25: 6pack driver, Revision: 0.3.0
[    7.432484][    T1] AX.25: bpqether driver version 004
[    7.432935][    T1] PPP generic driver version 2.4.2
[    7.434622][    T1] PPP BSD Compression module registered
[    7.435077][    T1] PPP Deflate Compression module registered
[    7.435572][    T1] PPP MPPE Compression module registered
[    7.436052][    T1] NET: Registered protocol family 24
[    7.436566][    T1] PPTP driver version 0.8.5
[    7.437468][    T1] SLIP: version 0.8.4-NET3.019-NEWTTY (dynamic channels, max=256) (6 bit encapsulation enabled).
[    7.438283][    T1] CSLIP: code copyright 1989 Regents of the University of California.
[    7.438959][    T1] SLIP linefill/keepalive option.
[    7.439393][    T1] hdlc: HDLC support module revision 1.22
[    7.439946][    T1] LAPB Ethernet driver version 0.02
[    7.441386][    T1] usbcore: registered new interface driver ath9k_htc
[    7.442238][    T1] usbcore: registered new interface driver carl9170
[    7.443218][    T1] usbcore: registered new interface driver ath6kl_usb
[    7.443991][    T1] usbcore: registered new interface driver ar5523
[    7.445388][    T1] usbcore: registered new interface driver ath10k_usb
[    7.446276][    T1] mac80211_hwsim: initializing netlink
[    7.458830][    T1] usbcore: registered new interface driver atusb
[    7.464819][    T1] mac802154_hwsim mac802154_hwsim: Added 2 mac802154 hwsim hardware radios
[    7.466706][    T1] VMware vmxnet3 virtual NIC driver - version 1.4.17.0-k-NAPI
[    7.467786][    T1] usbcore: registered new interface driver catc
[    7.468639][    T1] usbcore: registered new interface driver kaweth
[    7.469213][    T1] pegasus: v0.9.3 (2013/04/25), Pegasus/Pegasus II USB Ethernet driver
[    7.471369][    T1] usbcore: registered new interface driver pegasus
[    7.472118][    T1] usbcore: registered new interface driver rtl8150
[    7.472819][    T1] usbcore: registered new interface driver r8152
[    7.473346][    T1] hso: drivers/net/usb/hso.c: Option Wireless
[    7.474089][    T1] usbcore: registered new interface driver hso
[    7.474772][    T1] usbcore: registered new interface driver lan78xx
[    7.475528][    T1] usbcore: registered new interface driver asix
[    7.476263][    T1] usbcore: registered new interface driver ax88179_178a
[    7.477036][    T1] usbcore: registered new interface driver cdc_ether
[    7.477779][    T1] usbcore: registered new interface driver cdc_eem
[    7.478500][    T1] usbcore: registered new interface driver dm9601
[    7.479296][    T1] usbcore: registered new interface driver sr9700
[    7.480291][    T1] usbcore: registered new interface driver CoreChips
[    7.481975][    T1] usbcore: registered new interface driver smsc75xx
[    7.482797][    T1] usbcore: registered new interface driver smsc95xx
[    7.483520][    T1] usbcore: registered new interface driver gl620a
[    7.484275][    T1] usbcore: registered new interface driver net1080
[    7.484945][    T1] usbcore: registered new interface driver plusb
[    7.486705][    T1] usbcore: registered new interface driver rndis_host
[    7.487789][    T1] usbcore: registered new interface driver cdc_subset
[    7.488618][    T1] usbcore: registered new interface driver zaurus
[    7.489361][    T1] usbcore: registered new interface driver MOSCHIP usb-ethernet driver
[    7.490271][    T1] usbcore: registered new interface driver int51x1
[    7.491222][    T1] usbcore: registered new interface driver cdc_phonet
[    7.492948][    T1] usbcore: registered new interface driver kalmia
[    7.493588][    T1] usbcore: registered new interface driver ipheth
[    7.494229][    T1] usbcore: registered new interface driver sierra_net
[    7.494919][    T1] usbcore: registered new interface driver cx82310_eth
[    7.495672][    T1] usbcore: registered new interface driver cdc_ncm
[    7.496348][    T1] usbcore: registered new interface driver huawei_cdc_ncm
[    7.497065][    T1] usbcore: registered new interface driver lg-vl600
[    7.497731][    T1] usbcore: registered new interface driver qmi_wwan
[    7.498414][    T1] usbcore: registered new interface driver cdc_mbim
[    7.499084][    T1] usbcore: registered new interface driver ch9200
[    7.503339][    T1] VFIO - User Level meta-driver version: 0.3
[    7.506956][    T1] aoe: AoE v85 initialised.
[    7.510451][    T1] ehci_hcd: USB 2.0 'Enhanced' Host Controller (EHCI) Driver
[    7.511055][    T1] ehci-pci: EHCI PCI platform driver
[    7.511668][    T1] ehci-platform: EHCI generic platform driver
[    7.512617][    T1] ohci_hcd: USB 1.1 'Open' Host Controller (OHCI) Driver
[    7.513184][    T1] ohci-pci: OHCI PCI platform driver
[    7.513782][    T1] ohci-platform: OHCI generic platform driver
[    7.514447][    T1] uhci_hcd: USB Universal Host Controller Interface driver
[    7.523212][    T1] usbcore: registered new interface driver cdc_acm
[    7.523728][    T1] cdc_acm: USB Abstract Control Model driver for USB modems and ISDN adapters
[    7.524638][    T1] usbcore: registered new interface driver usblp
[    7.525301][    T1] usbcore: registered new interface driver cdc_wdm
[    7.527476][    T1] usbcore: registered new interface driver usbtmc
[    7.528276][    T1] usbcore: registered new interface driver uas
[    7.529254][    T1] usbcore: registered new interface driver usb-storage
[    7.530006][    T1] usbcore: registered new interface driver ums-alauda
[    7.530651][    T1] usbcore: registered new interface driver ums-cypress
[    7.531393][    T1] usbcore: registered new interface driver ums-datafab
[    7.532045][    T1] usbcore: registered new interface driver ums_eneub6250
[    7.532845][    T1] usbcore: registered new interface driver ums-freecom
[    7.533594][    T1] usbcore: registered new interface driver ums-isd200
[    7.534327][    T1] usbcore: registered new interface driver ums-jumpshot
[    7.535160][    T1] usbcore: registered new interface driver ums-karma
[    7.536447][    T1] usbcore: registered new interface driver ums-onetouch
[    7.537128][    T1] usbcore: registered new interface driver ums-realtek
[    7.537863][    T1] usbcore: registered new interface driver ums-sddr09
[    7.538604][    T1] usbcore: registered new interface driver ums-sddr55
[    7.539257][    T1] usbcore: registered new interface driver ums-usbat
[    7.540065][    T1] usbcore: registered new interface driver mdc800
[    7.540574][    T1] mdc800: v0.7.5 (30/10/2000):USB Driver for Mustek MDC800 Digital Camera
[    7.541525][    T1] usbcore: registered new interface driver microtekX6
[    7.542713][    T1] usbcore: registered new interface driver usbserial_generic
[    7.543578][    T1] usbserial: USB Serial support registered for generic
[    7.544308][    T1] usbcore: registered new interface driver aircable
[    7.545090][    T1] usbserial: USB Serial support registered for aircable
[    7.545884][    T1] usbcore: registered new interface driver ark3116
[    7.546927][    T1] usbserial: USB Serial support registered for ark3116
[    7.547698][    T1] usbcore: registered new interface driver belkin_sa
[    7.549021][    T1] usbserial: USB Serial support registered for Belkin / Peracom / GoHubs USB Serial Adapter
[    7.550184][    T1] usbcore: registered new interface driver ch341
[    7.550968][    T1] usbserial: USB Serial support registered for ch341-uart
[    7.551720][    T1] usbcore: registered new interface driver cp210x
[    7.552380][    T1] usbserial: USB Serial support registered for cp210x
[    7.553243][    T1] usbcore: registered new interface driver cyberjack
[    7.554075][    T1] usbserial: USB Serial support registered for Reiner SCT Cyberjack USB card reader
[    7.555377][    T1] usbcore: registered new interface driver cypress_m8
[    7.556277][    T1] usbserial: USB Serial support registered for DeLorme Earthmate USB
[    7.557559][    T1] usbserial: USB Serial support registered for HID->COM RS232 Adapter
[    7.558340][    T1] usbserial: USB Serial support registered for Nokia CA-42 V2 Adapter
[    7.559137][    T1] usbcore: registered new interface driver usb_debug
[    7.559806][    T1] usbserial: USB Serial support registered for debug
[    7.560474][    T1] usbserial: USB Serial support registered for xhci_dbc
[    7.561177][    T1] usbcore: registered new interface driver digi_acceleport
[    7.561888][    T1] usbserial: USB Serial support registered for Digi 2 port USB adapter
[    7.562674][    T1] usbserial: USB Serial support registered for Digi 4 port USB adapter
[    7.563781][    T1] usbcore: registered new interface driver io_edgeport
[    7.564642][    T1] usbserial: USB Serial support registered for Edgeport 2 port adapter
[    7.566224][    T1] usbserial: USB Serial support registered for Edgeport 4 port adapter
[    7.567018][    T1] usbserial: USB Serial support registered for Edgeport 8 port adapter
[    7.567828][    T1] usbserial: USB Serial support registered for EPiC device
[    7.568548][    T1] usbcore: registered new interface driver io_ti
[    7.569178][    T1] usbserial: USB Serial support registered for Edgeport TI 1 port adapter
[    7.569977][    T1] usbserial: USB Serial support registered for Edgeport TI 2 port adapter
[    7.570794][    T1] usbcore: registered new interface driver empeg
[    7.571430][    T1] usbserial: USB Serial support registered for empeg
[    7.572112][    T1] usbcore: registered new interface driver f81232
[    7.572784][    T1] usbserial: USB Serial support registered for f81232
[    7.573467][    T1] usbcore: registered new interface driver f81534
[    7.575555][    T1] usbserial: USB Serial support registered for Fintek F81532/F81534
[    7.576355][    T1] usbcore: registered new interface driver ftdi_sio
[    7.576967][    T1] usbserial: USB Serial support registered for FTDI USB Serial Device
[    7.577772][    T1] usbcore: registered new interface driver garmin_gps
[    7.578523][    T1] usbserial: USB Serial support registered for Garmin GPS usb/tty
[    7.579639][    T1] usbcore: registered new interface driver ipaq
[    7.580370][    T1] usbserial: USB Serial support registered for PocketPC PDA
[    7.581169][    T1] usbcore: registered new interface driver ipw
[    7.581846][    T1] usbserial: USB Serial support registered for IPWireless converter
[    7.582700][    T1] usbcore: registered new interface driver ir_usb
[    7.583713][    T1] usbserial: USB Serial support registered for IR Dongle
[    7.584601][    T1] usbcore: registered new interface driver iuu_phoenix
[    7.586345][    T1] usbserial: USB Serial support registered for iuu_phoenix
[    7.587103][    T1] usbcore: registered new interface driver keyspan
[    7.587748][    T1] usbserial: USB Serial support registered for Keyspan - (without firmware)
[    7.588569][    T1] usbserial: USB Serial support registered for Keyspan 1 port adapter
[    7.589344][    T1] usbserial: USB Serial support registered for Keyspan 2 port adapter
[    7.590117][    T1] usbserial: USB Serial support registered for Keyspan 4 port adapter
[    7.590915][    T1] usbcore: registered new interface driver keyspan_pda
[    7.591588][    T1] usbserial: USB Serial support registered for Keyspan PDA
[    7.592284][    T1] usbserial: USB Serial support registered for Keyspan PDA - (prerenumeration)
[    7.593137][    T1] usbcore: registered new interface driver kl5kusb105
[    7.593981][    T1] usbserial: USB Serial support registered for KL5KUSB105D / PalmConnect
[    7.595709][    T1] usbcore: registered new interface driver kobil_sct
[    7.596375][    T1] usbserial: USB Serial support registered for KOBIL USB smart card terminal
[    7.597176][    T1] usbcore: registered new interface driver mct_u232
[    7.597837][    T1] usbserial: USB Serial support registered for MCT U232
[    7.598538][    T1] usbcore: registered new interface driver metro_usb
[    7.599203][    T1] usbserial: USB Serial support registered for Metrologic USB to Serial
[    7.600009][    T1] usbcore: registered new interface driver mos7720
[    7.600660][    T1] usbserial: USB Serial support registered for Moschip 2 port adapter
[    7.601454][    T1] usbcore: registered new interface driver mos7840
[    7.602104][    T1] usbserial: USB Serial support registered for Moschip 7840/7820 USB Serial Driver
[    7.603177][    T1] usbcore: registered new interface driver mxuport
[    7.605009][    T1] usbserial: USB Serial support registered for MOXA UPort
[    7.605742][    T1] usbcore: registered new interface driver navman
[    7.606347][    T1] usbserial: USB Serial support registered for navman
[    7.607031][    T1] usbcore: registered new interface driver omninet
[    7.607691][    T1] usbserial: USB Serial support registered for ZyXEL - omni.net lcd plus usb
[    7.608535][    T1] usbcore: registered new interface driver opticon
[    7.609582][    T1] usbserial: USB Serial support registered for opticon
[    7.610426][    T1] usbcore: registered new interface driver option
[    7.611148][    T1] usbserial: USB Serial support registered for GSM modem (1-port)
[    7.612018][    T1] usbcore: registered new interface driver oti6858
[    7.614003][    T1] usbserial: USB Serial support registered for oti6858
[    7.614760][    T1] usbcore: registered new interface driver pl2303
[    7.615420][    T1] usbserial: USB Serial support registered for pl2303
[    7.616978][    T1] usbcore: registered new interface driver qcaux
[    7.617696][    T1] usbserial: USB Serial support registered for qcaux
[    7.618452][    T1] usbcore: registered new interface driver qcserial
[    7.619105][    T1] usbserial: USB Serial support registered for Qualcomm USB modem
[    7.619880][    T1] usbcore: registered new interface driver quatech2
[    7.620537][    T1] usbserial: USB Serial support registered for Quatech 2nd gen USB to Serial Driver
[    7.621430][    T1] usbcore: registered new interface driver safe_serial
[    7.622114][    T1] usbserial: USB Serial support registered for safe_serial
[    7.624078][    T1] usbcore: registered new interface driver sierra
[    7.624700][    T1] usbserial: USB Serial support registered for Sierra USB modem
[    7.625421][    T1] usbcore: registered new interface driver usb_serial_simple
[    7.626218][    T1] usbserial: USB Serial support registered for carelink
[    7.626943][    T1] usbserial: USB Serial support registered for zio
[    7.627613][    T1] usbserial: USB Serial support registered for funsoft
[    7.628288][    T1] usbserial: USB Serial support registered for flashloader
[    7.628985][    T1] usbserial: USB Serial support registered for google
[    7.629661][    T1] usbserial: USB Serial support registered for libtransistor
[    7.630385][    T1] usbserial: USB Serial support registered for vivopay
[    7.631067][    T1] usbserial: USB Serial support registered for moto_modem
[    7.633006][    T1] usbserial: USB Serial support registered for motorola_tetra
[    7.633707][    T1] usbserial: USB Serial support registered for novatel_gps
[    7.634384][    T1] usbserial: USB Serial support registered for hp4x
[    7.635043][    T1] usbserial: USB Serial support registered for suunto
[    7.636242][    T1] usbserial: USB Serial support registered for siemens_mpi
[    7.636973][    T1] usbcore: registered new interface driver spcp8x5
[    7.637639][    T1] usbserial: USB Serial support registered for SPCP8x5
[    7.638338][    T1] usbcore: registered new interface driver ssu100
[    7.639040][    T1] usbserial: USB Serial support registered for Quatech SSU-100 USB to Serial Driver
[    7.640348][    T1] usbcore: registered new interface driver symbolserial
[    7.641617][    T1] usbserial: USB Serial support registered for symbol
[    7.643207][    T1] usbcore: registered new interface driver ti_usb_3410_5052
[    7.643934][    T1] usbserial: USB Serial support registered for TI USB 3410 1 port adapter
[    7.644694][    T1] usbserial: USB Serial support registered for TI USB 5052 2 port adapter
[    7.645526][    T1] usbcore: registered new interface driver upd78f0730
[    7.646359][    T1] usbserial: USB Serial support registered for upd78f0730
[    7.647074][    T1] usbcore: registered new interface driver visor
[    7.647764][    T1] usbserial: USB Serial support registered for Handspring Visor / Palm OS
[    7.648655][    T1] usbserial: USB Serial support registered for Sony Clie 5.0
[    7.649372][    T1] usbserial: USB Serial support registered for Sony Clie 3.5
[    7.650110][    T1] usbcore: registered new interface driver wishbone_serial
[    7.650825][    T1] usbserial: USB Serial support registered for wishbone_serial
[    7.653035][    T1] usbcore: registered new interface driver whiteheat
[    7.653677][    T1] usbserial: USB Serial support registered for Connect Tech - WhiteHEAT - (prerenumeration)
[    7.654562][    T1] usbserial: USB Serial support registered for Connect Tech - WhiteHEAT
[    7.655375][    T1] usbcore: registered new interface driver xsens_mt
[    7.656774][    T1] usbserial: USB Serial support registered for xsens_mt
[    7.657457][    T1] usbcore: registered new interface driver adutux
[    7.658127][    T1] usbcore: registered new interface driver appledisplay
[    7.658832][    T1] usbcore: registered new interface driver cypress_cy7c63
[    7.659549][    T1] usbcore: registered new interface driver cytherm
[    7.660217][    T1] usbcore: registered new interface driver emi26 - firmware loader
[    7.660994][    T1] usbcore: registered new interface driver emi62 - firmware loader
[    7.661766][    T1] usbcore: registered new interface driver idmouse
[    7.662453][    T1] usbcore: registered new interface driver iowarrior
[    7.663137][    T1] usbcore: registered new interface driver isight_firmware
[    7.665099][    T1] usbcore: registered new interface driver usblcd
[    7.665769][    T1] usbcore: registered new interface driver ldusb
[    7.666391][    T1] usbcore: registered new interface driver legousbtower
[    7.667118][    T1] usbcore: registered new interface driver usbtest
[    7.667794][    T1] usbcore: registered new interface driver usb_ehset_test
[    7.668512][    T1] usbcore: registered new interface driver trancevibrator
[    7.669234][    T1] usbcore: registered new interface driver uss720
[    7.670017][    T1] uss720: USB Parport Cable driver for Cables using the Lucent Technologies USS720 Chip
[    7.670923][    T1] uss720: NOTE: this is a special purpose driver to allow nonstandard
[    7.671634][    T1] uss720: protocols (eg. bitbang) over USS720 usb to parallel cables
[    7.672317][    T1] uss720: If you just want to connect to a printer, use usblp instead
[    7.674063][    T1] usbcore: registered new interface driver usbsevseg
[    7.674794][    T1] usbcore: registered new interface driver yurex
[    7.676139][    T1] usbcore: registered new interface driver chaoskey
[    7.676902][    T1] usbcore: registered new interface driver sisusb
[    7.677623][    T1] usbcore: registered new interface driver lvs
[    7.678339][    T1] usbcore: registered new interface driver cxacru
[    7.679048][    T1] usbcore: registered new interface driver speedtch
[    7.679742][    T1] usbcore: registered new interface driver ueagle-atm
[    7.680270][    T1] xusbatm: malformed module parameters
[    7.683300][    T1] dummy_hcd dummy_hcd.0: USB Host+Gadget Emulator, driver 02 May 2005
[    7.683981][    T1] dummy_hcd dummy_hcd.0: Dummy host controller
[    7.686096][    T1] dummy_hcd dummy_hcd.0: new USB bus registered, assigned bus number 1
[    7.687495][    T1] usb usb1: New USB device found, idVendor=1d6b, idProduct=0002, bcdDevice= 5.05
[    7.688245][    T1] usb usb1: New USB device strings: Mfr=3, Product=2, SerialNumber=1
[    7.688874][    T1] usb usb1: Product: Dummy host controller
[    7.689329][    T1] usb usb1: Manufacturer: Linux 5.5.0-rc7-b215010fd345-02177-gb215010fd345 dummy_hcd
[    7.690062][    T1] usb usb1: SerialNumber: dummy_hcd.0
[    7.692072][    T1] hub 1-0:1.0: USB hub found
[    7.692646][    T1] hub 1-0:1.0: 1 port detected
[    7.694922][    T1] dummy_hcd dummy_hcd.1: USB Host+Gadget Emulator, driver 02 May 2005
[    7.695645][    T1] dummy_hcd dummy_hcd.1: Dummy host controller
[    7.696569][    T1] dummy_hcd dummy_hcd.1: new USB bus registered, assigned bus number 2
[    7.697636][    T1] usb usb2: New USB device found, idVendor=1d6b, idProduct=0002, bcdDevice= 5.05
[    7.698354][    T1] usb usb2: New USB device strings: Mfr=3, Product=2, SerialNumber=1
[    7.698983][    T1] usb usb2: Product: Dummy host controller
[    7.699441][    T1] usb usb2: Manufacturer: Linux 5.5.0-rc7-b215010fd345-02177-gb215010fd345 dummy_hcd
[    7.700364][    T1] usb usb2: SerialNumber: dummy_hcd.1
[    7.703019][    T1] hub 2-0:1.0: USB hub found
[    7.703581][    T1] hub 2-0:1.0: 1 port detected
[    7.705453][    T1] dummy_hcd dummy_hcd.2: USB Host+Gadget Emulator, driver 02 May 2005
[    7.706428][    T1] dummy_hcd dummy_hcd.2: Dummy host controller
[    7.707291][    T1] dummy_hcd dummy_hcd.2: new USB bus registered, assigned bus number 3
[    7.708351][    T1] usb usb3: New USB device found, idVendor=1d6b, idProduct=0002, bcdDevice= 5.05
[    7.709094][    T1] usb usb3: New USB device strings: Mfr=3, Product=2, SerialNumber=1
[    7.709782][    T1] usb usb3: Product: Dummy host controller
[    7.710278][    T1] usb usb3: Manufacturer: Linux 5.5.0-rc7-b215010fd345-02177-gb215010fd345 dummy_hcd
[    7.711010][    T1] usb usb3: SerialNumber: dummy_hcd.2
[    7.713285][    T1] hub 3-0:1.0: USB hub found
[    7.713750][    T1] hub 3-0:1.0: 1 port detected
[    7.715450][    T1] dummy_hcd dummy_hcd.3: USB Host+Gadget Emulator, driver 02 May 2005
[    7.716148][    T1] dummy_hcd dummy_hcd.3: Dummy host controller
[    7.717049][    T1] dummy_hcd dummy_hcd.3: new USB bus registered, assigned bus number 4
[    7.718101][    T1] usb usb4: New USB device found, idVendor=1d6b, idProduct=0002, bcdDevice= 5.05
[    7.718813][    T1] usb usb4: New USB device strings: Mfr=3, Product=2, SerialNumber=1
[    7.719440][    T1] usb usb4: Product: Dummy host controller
[    7.719888][    T1] usb usb4: Manufacturer: Linux 5.5.0-rc7-b215010fd345-02177-gb215010fd345 dummy_hcd
[    7.720621][    T1] usb usb4: SerialNumber: dummy_hcd.3
[    7.722712][    T1] hub 4-0:1.0: USB hub found
[    7.723212][    T1] hub 4-0:1.0: 1 port detected
[    7.724963][    T1] dummy_hcd dummy_hcd.4: USB Host+Gadget Emulator, driver 02 May 2005
[    7.725705][    T1] dummy_hcd dummy_hcd.4: Dummy host controller
[    7.726557][    T1] dummy_hcd dummy_hcd.4: new USB bus registered, assigned bus number 5
[    7.727612][    T1] usb usb5: New USB device found, idVendor=1d6b, idProduct=0002, bcdDevice= 5.05
[    7.728322][    T1] usb usb5: New USB device strings: Mfr=3, Product=2, SerialNumber=1
[    7.728949][    T1] usb usb5: Product: Dummy host controller
[    7.729400][    T1] usb usb5: Manufacturer: Linux 5.5.0-rc7-b215010fd345-02177-gb215010fd345 dummy_hcd
[    7.730156][    T1] usb usb5: SerialNumber: dummy_hcd.4
[    7.732868][    T1] hub 5-0:1.0: USB hub found
[    7.733394][    T1] hub 5-0:1.0: 1 port detected
[    7.735299][    T1] dummy_hcd dummy_hcd.5: USB Host+Gadget Emulator, driver 02 May 2005
[    7.736134][    T1] dummy_hcd dummy_hcd.5: Dummy host controller
[    7.737067][    T1] dummy_hcd dummy_hcd.5: new USB bus registered, assigned bus number 6
[    7.738215][    T1] usb usb6: New USB device found, idVendor=1d6b, idProduct=0002, bcdDevice= 5.05
[    7.738998][    T1] usb usb6: New USB device strings: Mfr=3, Product=2, SerialNumber=1
[    7.739672][    T1] usb usb6: Product: Dummy host controller
[    7.740125][    T1] usb usb6: Manufacturer: Linux 5.5.0-rc7-b215010fd345-02177-gb215010fd345 dummy_hcd
[    7.740858][    T1] usb usb6: SerialNumber: dummy_hcd.5
[    7.742961][    T1] hub 6-0:1.0: USB hub found
[    7.743425][    T1] hub 6-0:1.0: 1 port detected
[    7.745115][    T1] dummy_hcd dummy_hcd.6: USB Host+Gadget Emulator, driver 02 May 2005
[    7.746331][    T1] dummy_hcd dummy_hcd.6: Dummy host controller
[    7.747207][    T1] dummy_hcd dummy_hcd.6: new USB bus registered, assigned bus number 7
[    7.748261][    T1] usb usb7: New USB device found, idVendor=1d6b, idProduct=0002, bcdDevice= 5.05
[    7.748968][    T1] usb usb7: New USB device strings: Mfr=3, Product=2, SerialNumber=1
[    7.749589][    T1] usb usb7: Product: Dummy host controller
[    7.750041][    T1] usb usb7: Manufacturer: Linux 5.5.0-rc7-b215010fd345-02177-gb215010fd345 dummy_hcd
[    7.750769][    T1] usb usb7: SerialNumber: dummy_hcd.6
[    7.752196][    T1] hub 7-0:1.0: USB hub found
[    7.752664][    T1] hub 7-0:1.0: 1 port detected
[    7.754358][    T1] dummy_hcd dummy_hcd.7: USB Host+Gadget Emulator, driver 02 May 2005
[    7.755016][    T1] dummy_hcd dummy_hcd.7: Dummy host controller
[    7.756177][    T1] dummy_hcd dummy_hcd.7: new USB bus registered, assigned bus number 8
[    7.757226][    T1] usb usb8: New USB device found, idVendor=1d6b, idProduct=0002, bcdDevice= 5.05
[    7.757933][    T1] usb usb8: New USB device strings: Mfr=3, Product=2, SerialNumber=1
[    7.758555][    T1] usb usb8: Product: Dummy host controller
[    7.759007][    T1] usb usb8: Manufacturer: Linux 5.5.0-rc7-b215010fd345-02177-gb215010fd345 dummy_hcd
[    7.759734][    T1] usb usb8: SerialNumber: dummy_hcd.7
[    7.762368][    T1] hub 8-0:1.0: USB hub found
[    7.762900][    T1] hub 8-0:1.0: 1 port detected
[    7.776040][    T1] gadgetfs: USB Gadget filesystem, version 24 Aug 2004
[    7.787207][    T1] vhci_hcd vhci_hcd.0: USB/IP Virtual Host Controller
[    7.788261][    T1] vhci_hcd vhci_hcd.0: new USB bus registered, assigned bus number 9
[    7.789107][    T1] vhci_hcd: created sysfs vhci_hcd.0
[    7.789961][    T1] usb usb9: New USB device found, idVendor=1d6b, idProduct=0002, bcdDevice= 5.05
[    7.790748][    T1] usb usb9: New USB device strings: Mfr=3, Product=2, SerialNumber=1
[    7.791691][    T1] usb usb9: Product: USB/IP Virtual Host Controller
[    7.792344][    T1] usb usb9: Manufacturer: Linux 5.5.0-rc7-b215010fd345-02177-gb215010fd345 vhci_hcd
[    7.793150][    T1] usb usb9: SerialNumber: vhci_hcd.0
[    7.794958][    T1] hub 9-0:1.0: USB hub found
[    7.796296][    T1] hub 9-0:1.0: 8 ports detected
[    7.799753][    T1] vhci_hcd vhci_hcd.0: USB/IP Virtual Host Controller
[    7.800776][    T1] vhci_hcd vhci_hcd.0: new USB bus registered, assigned bus number 10
[    7.801649][    T1] usb usb10: We don't know the algorithms for LPM for this host, disabling LPM.
[    7.802729][    T1] usb usb10: New USB device found, idVendor=1d6b, idProduct=0003, bcdDevice= 5.05
[    7.803445][    T1] usb usb10: New USB device strings: Mfr=3, Product=2, SerialNumber=1
[    7.804078][    T1] usb usb10: Product: USB/IP Virtual Host Controller
[    7.804597][    T1] usb usb10: Manufacturer: Linux 5.5.0-rc7-b215010fd345-02177-gb215010fd345 vhci_hcd
[    7.805328][    T1] usb usb10: SerialNumber: vhci_hcd.0
[    7.807126][    T1] hub 10-0:1.0: USB hub found
[    7.807636][    T1] hub 10-0:1.0: 8 ports detected
[    7.811375][    T1] vhci_hcd vhci_hcd.1: USB/IP Virtual Host Controller
[    7.812347][    T1] vhci_hcd vhci_hcd.1: new USB bus registered, assigned bus number 11
[    7.813533][    T1] usb usb11: New USB device found, idVendor=1d6b, idProduct=0002, bcdDevice= 5.05
[    7.814262][    T1] usb usb11: New USB device strings: Mfr=3, Product=2, SerialNumber=1
[    7.814897][    T1] usb usb11: Product: USB/IP Virtual Host Controller
[    7.815420][    T1] usb usb11: Manufacturer: Linux 5.5.0-rc7-b215010fd345-02177-gb215010fd345 vhci_hcd
[    7.817104][    T1] usb usb11: SerialNumber: vhci_hcd.1
[    7.818539][    T1] hub 11-0:1.0: USB hub found
[    7.819087][    T1] hub 11-0:1.0: 8 ports detected
[    7.822677][    T1] vhci_hcd vhci_hcd.1: USB/IP Virtual Host Controller
[    7.823936][    T1] vhci_hcd vhci_hcd.1: new USB bus registered, assigned bus number 12
[    7.825185][    T1] usb usb12: We don't know the algorithms for LPM for this host, disabling LPM.
[    7.826726][    T1] usb usb12: New USB device found, idVendor=1d6b, idProduct=0003, bcdDevice= 5.05
[    7.827671][    T1] usb usb12: New USB device strings: Mfr=3, Product=2, SerialNumber=1
[    7.828491][    T1] usb usb12: Product: USB/IP Virtual Host Controller
[    7.829105][    T1] usb usb12: Manufacturer: Linux 5.5.0-rc7-b215010fd345-02177-gb215010fd345 vhci_hcd
[    7.829956][    T1] usb usb12: SerialNumber: vhci_hcd.1
[    7.831641][    T1] hub 12-0:1.0: USB hub found
[    7.832191][    T1] hub 12-0:1.0: 8 ports detected
[    7.835990][    T1] vhci_hcd vhci_hcd.2: USB/IP Virtual Host Controller
[    7.837138][    T1] vhci_hcd vhci_hcd.2: new USB bus registered, assigned bus number 13
[    7.838459][    T1] usb usb13: New USB device found, idVendor=1d6b, idProduct=0002, bcdDevice= 5.05
[    7.839227][    T1] usb usb13: New USB device strings: Mfr=3, Product=2, SerialNumber=1
[    7.839935][    T1] usb usb13: Product: USB/IP Virtual Host Controller
[    7.840567][    T1] usb usb13: Manufacturer: Linux 5.5.0-rc7-b215010fd345-02177-gb215010fd345 vhci_hcd
[    7.841432][    T1] usb usb13: SerialNumber: vhci_hcd.2
[    7.843194][    T1] hub 13-0:1.0: USB hub found
[    7.843739][    T1] hub 13-0:1.0: 8 ports detected
[    7.847333][    T1] vhci_hcd vhci_hcd.2: USB/IP Virtual Host Controller
[    7.848364][    T1] vhci_hcd vhci_hcd.2: new USB bus registered, assigned bus number 14
[    7.849285][    T1] usb usb14: We don't know the algorithms for LPM for this host, disabling LPM.
[    7.850632][    T1] usb usb14: New USB device found, idVendor=1d6b, idProduct=0003, bcdDevice= 5.05
[    7.851505][    T1] usb usb14: New USB device strings: Mfr=3, Product=2, SerialNumber=1
[    7.852346][    T1] usb usb14: Product: USB/IP Virtual Host Controller
[    7.853246][    T1] usb usb14: Manufacturer: Linux 5.5.0-rc7-b215010fd345-02177-gb215010fd345 vhci_hcd
[    7.854389][    T1] usb usb14: SerialNumber: vhci_hcd.2
[    7.856639][    T1] hub 14-0:1.0: USB hub found
[    7.857316][    T1] hub 14-0:1.0: 8 ports detected
[    7.861910][    T1] vhci_hcd vhci_hcd.3: USB/IP Virtual Host Controller
[    7.862990][    T1] vhci_hcd vhci_hcd.3: new USB bus registered, assigned bus number 15
[    7.864423][    T1] usb usb15: New USB device found, idVendor=1d6b, idProduct=0002, bcdDevice= 5.05
[    7.865436][    T1] usb usb15: New USB device strings: Mfr=3, Product=2, SerialNumber=1
[    7.867150][    T1] usb usb15: Product: USB/IP Virtual Host Controller
[    7.867882][    T1] usb usb15: Manufacturer: Linux 5.5.0-rc7-b215010fd345-02177-gb215010fd345 vhci_hcd
[    7.868890][    T1] usb usb15: SerialNumber: vhci_hcd.3
[    7.870446][    T1] hub 15-0:1.0: USB hub found
[    7.871082][    T1] hub 15-0:1.0: 8 ports detected
[    7.874327][    T1] vhci_hcd vhci_hcd.3: USB/IP Virtual Host Controller
[    7.875518][    T1] vhci_hcd vhci_hcd.3: new USB bus registered, assigned bus number 16
[    7.876671][    T1] usb usb16: We don't know the algorithms for LPM for this host, disabling LPM.
[    7.878176][    T1] usb usb16: New USB device found, idVendor=1d6b, idProduct=0003, bcdDevice= 5.05
[    7.879166][    T1] usb usb16: New USB device strings: Mfr=3, Product=2, SerialNumber=1
[    7.880043][    T1] usb usb16: Product: USB/IP Virtual Host Controller
[    7.880737][    T1] usb usb16: Manufacturer: Linux 5.5.0-rc7-b215010fd345-02177-gb215010fd345 vhci_hcd
[    7.881752][    T1] usb usb16: SerialNumber: vhci_hcd.3
[    7.883873][    T1] hub 16-0:1.0: USB hub found
[    7.884591][    T1] hub 16-0:1.0: 8 ports detected
[    7.888586][    T1] vhci_hcd vhci_hcd.4: USB/IP Virtual Host Controller
[    7.889725][    T1] vhci_hcd vhci_hcd.4: new USB bus registered, assigned bus number 17
[    7.890947][    T1] usb usb17: New USB device found, idVendor=1d6b, idProduct=0002, bcdDevice= 5.05
[    7.891852][    T1] usb usb17: New USB device strings: Mfr=3, Product=2, SerialNumber=1
[    7.892650][    T1] usb usb17: Product: USB/IP Virtual Host Controller
[    7.893305][    T1] usb usb17: Manufacturer: Linux 5.5.0-rc7-b215010fd345-02177-gb215010fd345 vhci_hcd
[    7.894235][    T1] usb usb17: SerialNumber: vhci_hcd.4
[    7.896067][    T1] hub 17-0:1.0: USB hub found
[    7.896641][    T1] hub 17-0:1.0: 8 ports detected
[    7.899846][    T1] vhci_hcd vhci_hcd.4: USB/IP Virtual Host Controller
[    7.900945][    T1] vhci_hcd vhci_hcd.4: new USB bus registered, assigned bus number 18
[    7.901929][    T1] usb usb18: We don't know the algorithms for LPM for this host, disabling LPM.
[    7.903377][    T1] usb usb18: New USB device found, idVendor=1d6b, idProduct=0003, bcdDevice= 5.05
[    7.904298][    T1] usb usb18: New USB device strings: Mfr=3, Product=2, SerialNumber=1
[    7.905108][    T1] usb usb18: Product: USB/IP Virtual Host Controller
[    7.906458][    T1] usb usb18: Manufacturer: Linux 5.5.0-rc7-b215010fd345-02177-gb215010fd345 vhci_hcd
[    7.907207][    T1] usb usb18: SerialNumber: vhci_hcd.4
[    7.908600][    T1] hub 18-0:1.0: USB hub found
[    7.909082][    T1] hub 18-0:1.0: 8 ports detected
[    7.912727][    T1] vhci_hcd vhci_hcd.5: USB/IP Virtual Host Controller
[    7.914028][    T1] vhci_hcd vhci_hcd.5: new USB bus registered, assigned bus number 19
[    7.916850][    T1] usb usb19: New USB device found, idVendor=1d6b, idProduct=0002, bcdDevice= 5.05
[    7.917846][    T1] usb usb19: New USB device strings: Mfr=3, Product=2, SerialNumber=1
[    7.918655][    T1] usb usb19: Product: USB/IP Virtual Host Controller
[    7.919320][    T1] usb usb19: Manufacturer: Linux 5.5.0-rc7-b215010fd345-02177-gb215010fd345 vhci_hcd
[    7.920256][    T1] usb usb19: SerialNumber: vhci_hcd.5
[    7.921931][    T1] hub 19-0:1.0: USB hub found
[    7.922587][    T1] hub 19-0:1.0: 8 ports detected
[    7.926681][    T1] vhci_hcd vhci_hcd.5: USB/IP Virtual Host Controller
[    7.927703][    T1] vhci_hcd vhci_hcd.5: new USB bus registered, assigned bus number 20
[    7.928587][    T1] usb usb20: We don't know the algorithms for LPM for this host, disabling LPM.
[    7.929635][    T1] usb usb20: New USB device found, idVendor=1d6b, idProduct=0003, bcdDevice= 5.05
[    7.930350][    T1] usb usb20: New USB device strings: Mfr=3, Product=2, SerialNumber=1
[    7.930981][    T1] usb usb20: Product: USB/IP Virtual Host Controller
[    7.931501][    T1] usb usb20: Manufacturer: Linux 5.5.0-rc7-b215010fd345-02177-gb215010fd345 vhci_hcd
[    7.932229][    T1] usb usb20: SerialNumber: vhci_hcd.5
[    7.933710][    T1] hub 20-0:1.0: USB hub found
[    7.934181][    T1] hub 20-0:1.0: 8 ports detected
[    7.937942][    T1] vhci_hcd vhci_hcd.6: USB/IP Virtual Host Controller
[    7.938917][    T1] vhci_hcd vhci_hcd.6: new USB bus registered, assigned bus number 21
[    7.940076][    T1] usb usb21: New USB device found, idVendor=1d6b, idProduct=0002, bcdDevice= 5.05
[    7.940799][    T1] usb usb21: New USB device strings: Mfr=3, Product=2, SerialNumber=1
[    7.941437][    T1] usb usb21: Product: USB/IP Virtual Host Controller
[    7.941957][    T1] usb usb21: Manufacturer: Linux 5.5.0-rc7-b215010fd345-02177-gb215010fd345 vhci_hcd
[    7.942768][    T1] usb usb21: SerialNumber: vhci_hcd.6
[    7.945103][    T1] hub 21-0:1.0: USB hub found
[    7.946968][    T1] hub 21-0:1.0: 8 ports detected
[    7.950189][    T1] vhci_hcd vhci_hcd.6: USB/IP Virtual Host Controller
[    7.951126][    T1] vhci_hcd vhci_hcd.6: new USB bus registered, assigned bus number 22
[    7.951931][    T1] usb usb22: We don't know the algorithms for LPM for this host, disabling LPM.
[    7.953078][    T1] usb usb22: New USB device found, idVendor=1d6b, idProduct=0003, bcdDevice= 5.05
[    7.953800][    T1] usb usb22: New USB device strings: Mfr=3, Product=2, SerialNumber=1
[    7.954435][    T1] usb usb22: Product: USB/IP Virtual Host Controller
[    7.954952][    T1] usb usb22: Manufacturer: Linux 5.5.0-rc7-b215010fd345-02177-gb215010fd345 vhci_hcd
[    7.956334][    T1] usb usb22: SerialNumber: vhci_hcd.6
[    7.957673][    T1] hub 22-0:1.0: USB hub found
[    7.958141][    T1] hub 22-0:1.0: 8 ports detected
[    7.961921][    T1] vhci_hcd vhci_hcd.7: USB/IP Virtual Host Controller
[    7.962902][    T1] vhci_hcd vhci_hcd.7: new USB bus registered, assigned bus number 23
[    7.964379][    T1] usb usb23: New USB device found, idVendor=1d6b, idProduct=0002, bcdDevice= 5.05
[    7.965101][    T1] usb usb23: New USB device strings: Mfr=3, Product=2, SerialNumber=1
[    7.966018][    T1] usb usb23: Product: USB/IP Virtual Host Controller
[    7.966847][    T1] usb usb23: Manufacturer: Linux 5.5.0-rc7-b215010fd345-02177-gb215010fd345 vhci_hcd
[    7.967861][    T1] usb usb23: SerialNumber: vhci_hcd.7
[    7.969380][    T1] hub 23-0:1.0: USB hub found
[    7.969873][    T1] hub 23-0:1.0: 8 ports detected
[    7.973042][    T1] vhci_hcd vhci_hcd.7: USB/IP Virtual Host Controller
[    7.974244][    T1] vhci_hcd vhci_hcd.7: new USB bus registered, assigned bus number 24
[    7.975853][    T1] usb usb24: We don't know the algorithms for LPM for this host, disabling LPM.
[    7.977448][    T1] usb usb24: New USB device found, idVendor=1d6b, idProduct=0003, bcdDevice= 5.05
[    7.978483][    T1] usb usb24: New USB device strings: Mfr=3, Product=2, SerialNumber=1
[    7.979391][    T1] usb usb24: Product: USB/IP Virtual Host Controller
[    7.980136][    T1] usb usb24: Manufacturer: Linux 5.5.0-rc7-b215010fd345-02177-gb215010fd345 vhci_hcd
[    7.981191][    T1] usb usb24: SerialNumber: vhci_hcd.7
[    7.983029][    T1] hub 24-0:1.0: USB hub found
[    7.983647][    T1] hub 24-0:1.0: 8 ports detected
[    7.987696][    T1] vhci_hcd vhci_hcd.8: USB/IP Virtual Host Controller
[    7.988869][    T1] vhci_hcd vhci_hcd.8: new USB bus registered, assigned bus number 25
[    7.989929][    T1] usb usb25: New USB device found, idVendor=1d6b, idProduct=0002, bcdDevice= 5.05
[    7.990646][    T1] usb usb25: New USB device strings: Mfr=3, Product=2, SerialNumber=1
[    7.991278][    T1] usb usb25: Product: USB/IP Virtual Host Controller
[    7.991792][    T1] usb usb25: Manufacturer: Linux 5.5.0-rc7-b215010fd345-02177-gb215010fd345 vhci_hcd
[    7.992523][    T1] usb usb25: SerialNumber: vhci_hcd.8
[    7.993883][    T1] hub 25-0:1.0: USB hub found
[    7.994463][    T1] hub 25-0:1.0: 8 ports detected
[    7.997820][    T1] vhci_hcd vhci_hcd.8: USB/IP Virtual Host Controller
[    7.998777][    T1] vhci_hcd vhci_hcd.8: new USB bus registered, assigned bus number 26
[    7.999579][    T1] usb usb26: We don't know the algorithms for LPM for this host, disabling LPM.
[    8.000611][    T1] usb usb26: New USB device found, idVendor=1d6b, idProduct=0003, bcdDevice= 5.05
[    8.001325][    T1] usb usb26: New USB device strings: Mfr=3, Product=2, SerialNumber=1
[    8.001953][    T1] usb usb26: Product: USB/IP Virtual Host Controller
[    8.002465][    T1] usb usb26: Manufacturer: Linux 5.5.0-rc7-b215010fd345-02177-gb215010fd345 vhci_hcd
[    8.003195][    T1] usb usb26: SerialNumber: vhci_hcd.8
[    8.005270][    T1] hub 26-0:1.0: USB hub found
[    8.006526][    T1] hub 26-0:1.0: 8 ports detected
[    8.010499][    T1] vhci_hcd vhci_hcd.9: USB/IP Virtual Host Controller
[    8.011393][    T1] vhci_hcd vhci_hcd.9: new USB bus registered, assigned bus number 27
[    8.012587][    T1] usb usb27: New USB device found, idVendor=1d6b, idProduct=0002, bcdDevice= 5.05
[    8.013306][    T1] usb usb27: New USB device strings: Mfr=3, Product=2, SerialNumber=1
[    8.013934][    T1] usb usb27: Product: USB/IP Virtual Host Controller
[    8.014450][    T1] usb usb27: Manufacturer: Linux 5.5.0-rc7-b215010fd345-02177-gb215010fd345 vhci_hcd
[    8.015182][    T1] usb usb27: SerialNumber: vhci_hcd.9
[    8.017264][    T1] hub 27-0:1.0: USB hub found
[    8.017745][    T1] hub 27-0:1.0: 8 ports detected
[    8.020946][    T1] vhci_hcd vhci_hcd.9: USB/IP Virtual Host Controller
[    8.021950][    T1] vhci_hcd vhci_hcd.9: new USB bus registered, assigned bus number 28
[    8.022757][    T1] usb usb28: We don't know the algorithms for LPM for this host, disabling LPM.
[    8.024055][    T1] usb usb28: New USB device found, idVendor=1d6b, idProduct=0003, bcdDevice= 5.05
[    8.024796][    T1] usb usb28: New USB device strings: Mfr=3, Product=2, SerialNumber=1
[    8.025429][    T1] usb usb28: Product: USB/IP Virtual Host Controller
[    8.026052][    T1] usb usb28: Manufacturer: Linux 5.5.0-rc7-b215010fd345-02177-gb215010fd345 vhci_hcd
[    8.026790][    T1] usb usb28: SerialNumber: vhci_hcd.9
[    8.028245][    T1] hub 28-0:1.0: USB hub found
[    8.028712][    T1] hub 28-0:1.0: 8 ports detected
[    8.032358][    T1] vhci_hcd vhci_hcd.10: USB/IP Virtual Host Controller
[    8.033325][    T1] vhci_hcd vhci_hcd.10: new USB bus registered, assigned bus number 29
[    8.034494][    T1] usb usb29: New USB device found, idVendor=1d6b, idProduct=0002, bcdDevice= 5.05
[    8.035493][    T1] usb usb29: New USB device strings: Mfr=3, Product=2, SerialNumber=1
[    8.036347][    T1] usb usb29: Product: USB/IP Virtual Host Controller
[    8.036946][    T1] usb usb29: Manufacturer: Linux 5.5.0-rc7-b215010fd345-02177-gb215010fd345 vhci_hcd
[    8.037770][    T1] usb usb29: SerialNumber: vhci_hcd.10
[    8.039456][    T1] hub 29-0:1.0: USB hub found
[    8.039970][    T1] hub 29-0:1.0: 8 ports detected
[    8.043396][    T1] vhci_hcd vhci_hcd.10: USB/IP Virtual Host Controller
[    8.044543][    T1] vhci_hcd vhci_hcd.10: new USB bus registered, assigned bus number 30
[    8.045355][    T1] usb usb30: We don't know the algorithms for LPM for this host, disabling LPM.
[    8.046822][    T1] usb usb30: New USB device found, idVendor=1d6b, idProduct=0003, bcdDevice= 5.05
[    8.047549][    T1] usb usb30: New USB device strings: Mfr=3, Product=2, SerialNumber=1
[    8.048181][    T1] usb usb30: Product: USB/IP Virtual Host Controller
[    8.048700][    T1] usb usb30: Manufacturer: Linux 5.5.0-rc7-b215010fd345-02177-gb215010fd345 vhci_hcd
[    8.049431][    T1] usb usb30: SerialNumber: vhci_hcd.10
[    8.050954][    T1] hub 30-0:1.0: USB hub found
[    8.051442][    T1] hub 30-0:1.0: 8 ports detected
[    8.055234][    T1] vhci_hcd vhci_hcd.11: USB/IP Virtual Host Controller
[    8.056257][    T1] vhci_hcd vhci_hcd.11: new USB bus registered, assigned bus number 31
[    8.057649][    T1] usb usb31: New USB device found, idVendor=1d6b, idProduct=0002, bcdDevice= 5.05
[    8.058481][    T1] usb usb31: New USB device strings: Mfr=3, Product=2, SerialNumber=1
[    8.059240][    T1] usb usb31: Product: USB/IP Virtual Host Controller
[    8.059870][    T1] usb usb31: Manufacturer: Linux 5.5.0-rc7-b215010fd345-02177-gb215010fd345 vhci_hcd
[    8.060758][    T1] usb usb31: SerialNumber: vhci_hcd.11
[    8.062503][    T1] hub 31-0:1.0: USB hub found
[    8.063042][    T1] hub 31-0:1.0: 8 ports detected
[    8.066772][    T1] vhci_hcd vhci_hcd.11: USB/IP Virtual Host Controller
[    8.067907][    T1] vhci_hcd vhci_hcd.11: new USB bus registered, assigned bus number 32
[    8.068962][    T1] usb usb32: We don't know the algorithms for LPM for this host, disabling LPM.
[    8.070495][    T1] usb usb32: New USB device found, idVendor=1d6b, idProduct=0003, bcdDevice= 5.05
[    8.071362][    T1] usb usb32: New USB device strings: Mfr=3, Product=2, SerialNumber=1
[    8.072206][    T1] usb usb32: Product: USB/IP Virtual Host Controller
[    8.072902][    T1] usb usb32: Manufacturer: Linux 5.5.0-rc7-b215010fd345-02177-gb215010fd345 vhci_hcd
[    8.073874][    T1] usb usb32: SerialNumber: vhci_hcd.11
[    8.075475][    T1] hub 32-0:1.0: USB hub found
[    8.076498][    T1] hub 32-0:1.0: 8 ports detected
[    8.080225][    T1] vhci_hcd vhci_hcd.12: USB/IP Virtual Host Controller
[    8.081291][    T1] vhci_hcd vhci_hcd.12: new USB bus registered, assigned bus number 33
[    8.082352][    T1] usb usb33: New USB device found, idVendor=1d6b, idProduct=0002, bcdDevice= 5.05
[    8.083116][    T1] usb usb33: New USB device strings: Mfr=3, Product=2, SerialNumber=1
[    8.083750][    T1] usb usb33: Product: USB/IP Virtual Host Controller
[    8.084272][    T1] usb usb33: Manufacturer: Linux 5.5.0-rc7-b215010fd345-02177-gb215010fd345 vhci_hcd
[    8.085001][    T1] usb usb33: SerialNumber: vhci_hcd.12
[    8.086558][    T1] hub 33-0:1.0: USB hub found
[    8.087134][    T1] hub 33-0:1.0: 8 ports detected
[    8.090283][    T1] vhci_hcd vhci_hcd.12: USB/IP Virtual Host Controller
[    8.091179][    T1] vhci_hcd vhci_hcd.12: new USB bus registered, assigned bus number 34
[    8.091990][    T1] usb usb34: We don't know the algorithms for LPM for this host, disabling LPM.
[    8.093031][    T1] usb usb34: New USB device found, idVendor=1d6b, idProduct=0003, bcdDevice= 5.05
[    8.093752][    T1] usb usb34: New USB device strings: Mfr=3, Product=2, SerialNumber=1
[    8.094385][    T1] usb usb34: Product: USB/IP Virtual Host Controller
[    8.094908][    T1] usb usb34: Manufacturer: Linux 5.5.0-rc7-b215010fd345-02177-gb215010fd345 vhci_hcd
[    8.096171][    T1] usb usb34: SerialNumber: vhci_hcd.12
[    8.098212][    T1] hub 34-0:1.0: USB hub found
[    8.098749][    T1] hub 34-0:1.0: 8 ports detected
[    8.102795][    T1] vhci_hcd vhci_hcd.13: USB/IP Virtual Host Controller
[    8.103783][    T1] vhci_hcd vhci_hcd.13: new USB bus registered, assigned bus number 35
[    8.105177][    T1] usb usb35: New USB device found, idVendor=1d6b, idProduct=0002, bcdDevice= 5.05
[    8.106046][    T1] usb usb35: New USB device strings: Mfr=3, Product=2, SerialNumber=1
[    8.106781][    T1] usb usb35: Product: USB/IP Virtual Host Controller
[    8.107375][    T1] usb usb35: Manufacturer: Linux 5.5.0-rc7-b215010fd345-02177-gb215010fd345 vhci_hcd
[    8.108198][    T1] usb usb35: SerialNumber: vhci_hcd.13
[    8.109685][    T1] hub 35-0:1.0: USB hub found
[    8.110156][    T1] hub 35-0:1.0: 8 ports detected
[    8.113251][    T1] vhci_hcd vhci_hcd.13: USB/IP Virtual Host Controller
[    8.114480][    T1] vhci_hcd vhci_hcd.13: new USB bus registered, assigned bus number 36
[    8.115373][    T1] usb usb36: We don't know the algorithms for LPM for this host, disabling LPM.
[    8.116948][    T1] usb usb36: New USB device found, idVendor=1d6b, idProduct=0003, bcdDevice= 5.05
[    8.117741][    T1] usb usb36: New USB device strings: Mfr=3, Product=2, SerialNumber=1
[    8.118435][    T1] usb usb36: Product: USB/IP Virtual Host Controller
[    8.119001][    T1] usb usb36: Manufacturer: Linux 5.5.0-rc7-b215010fd345-02177-gb215010fd345 vhci_hcd
[    8.119804][    T1] usb usb36: SerialNumber: vhci_hcd.13
[    8.121397][    T1] hub 36-0:1.0: USB hub found
[    8.121903][    T1] hub 36-0:1.0: 8 ports detected
[    8.126154][    T1] vhci_hcd vhci_hcd.14: USB/IP Virtual Host Controller
[    8.127261][    T1] vhci_hcd vhci_hcd.14: new USB bus registered, assigned bus number 37
[    8.128971][    T1] usb usb37: New USB device found, idVendor=1d6b, idProduct=0002, bcdDevice= 5.05
[    8.129792][    T1] usb usb37: New USB device strings: Mfr=3, Product=2, SerialNumber=1
[    8.130506][    T1] usb usb37: Product: USB/IP Virtual Host Controller
[    8.131088][    T1] usb usb37: Manufacturer: Linux 5.5.0-rc7-b215010fd345-02177-gb215010fd345 vhci_hcd
[    8.131913][    T1] usb usb37: SerialNumber: vhci_hcd.14
[    8.133626][    T1] hub 37-0:1.0: USB hub found
[    8.134138][    T1] hub 37-0:1.0: 8 ports detected
[    8.137707][    T1] vhci_hcd vhci_hcd.14: USB/IP Virtual Host Controller
[    8.138833][    T1] vhci_hcd vhci_hcd.14: new USB bus registered, assigned bus number 38
[    8.139721][    T1] usb usb38: We don't know the algorithms for LPM for this host, disabling LPM.
[    8.140972][    T1] usb usb38: New USB device found, idVendor=1d6b, idProduct=0003, bcdDevice= 5.05
[    8.141750][    T1] usb usb38: New USB device strings: Mfr=3, Product=2, SerialNumber=1
[    8.142387][    T1] usb usb38: Product: USB/IP Virtual Host Controller
[    8.142904][    T1] usb usb38: Manufacturer: Linux 5.5.0-rc7-b215010fd345-02177-gb215010fd345 vhci_hcd
[    8.143680][    T1] usb usb38: SerialNumber: vhci_hcd.14
[    8.145291][    T1] hub 38-0:1.0: USB hub found
[    8.146217][    T1] hub 38-0:1.0: 8 ports detected
[    8.150127][    T1] vhci_hcd vhci_hcd.15: USB/IP Virtual Host Controller
[    8.151188][    T1] vhci_hcd vhci_hcd.15: new USB bus registered, assigned bus number 39
[    8.152249][    T1] usb usb39: New USB device found, idVendor=1d6b, idProduct=0002, bcdDevice= 5.05
[    8.152964][    T1] usb usb39: New USB device strings: Mfr=3, Product=2, SerialNumber=1
[    8.153599][    T1] usb usb39: Product: USB/IP Virtual Host Controller
[    8.154121][    T1] usb usb39: Manufacturer: Linux 5.5.0-rc7-b215010fd345-02177-gb215010fd345 vhci_hcd
[    8.154857][    T1] usb usb39: SerialNumber: vhci_hcd.15
[    8.156576][    T1] hub 39-0:1.0: USB hub found
[    8.157056][    T1] hub 39-0:1.0: 8 ports detected
[    8.160829][    T1] vhci_hcd vhci_hcd.15: USB/IP Virtual Host Controller
[    8.161887][    T1] vhci_hcd vhci_hcd.15: new USB bus registered, assigned bus number 40
[    8.162781][    T1] usb usb40: We don't know the algorithms for LPM for this host, disabling LPM.
[    8.164140][    T1] usb usb40: New USB device found, idVendor=1d6b, idProduct=0003, bcdDevice= 5.05
[    8.164936][    T1] usb usb40: New USB device strings: Mfr=3, Product=2, SerialNumber=1
[    8.165655][    T1] usb usb40: Product: USB/IP Virtual Host Controller
[    8.166229][    T1] usb usb40: Manufacturer: Linux 5.5.0-rc7-b215010fd345-02177-gb215010fd345 vhci_hcd
[    8.167033][    T1] usb usb40: SerialNumber: vhci_hcd.15
[    8.168834][    T1] hub 40-0:1.0: USB hub found
[    8.169314][    T1] hub 40-0:1.0: 8 ports detected
[    8.173396][    T1] usbcore: registered new device driver usbip-host
[    8.176318][    T1] i8042: PNP: PS/2 Controller [PNP0303:KBD,PNP0f13:MOU] at 0x60,0x64 irq 1,12
[    8.178273][    T1] serio: i8042 KBD port at 0x60,0x64 irq 1
[    8.181734][    T1] serio: i8042 AUX port at 0x60,0x64 irq 12
[    8.183720][    T1] mousedev: PS/2 mouse device common for all mice
[    8.186020][ T3607] input: AT Translated Set 2 keyboard as /devices/platform/i8042/serio0/input/input1
[    8.186547][    T1] usbcore: registered new interface driver appletouch
[    8.187595][    T1] usbcore: registered new interface driver bcm5974
[    8.189078][    T1] usbcore: registered new interface driver synaptics_usb
[    8.190184][    T1] usbcore: registered new interface driver iforce
[    8.191768][    T1] usbcore: registered new interface driver xpad
[    8.192908][    T1] usbcore: registered new interface driver usb_acecad
[    8.193972][    T1] usbcore: registered new interface driver aiptek
[    8.194964][    T1] usbcore: registered new interface driver hanwang
[    8.196024][    T1] usbcore: registered new interface driver kbtab
[    8.197025][    T1] usbcore: registered new interface driver pegasus_notetaker
[    8.198163][    T1] usbcore: registered new interface driver usbtouchscreen
[    8.199257][    T1] usbcore: registered new interface driver sur40
[    8.200188][    T1] usbcore: registered new interface driver ati_remote2
[    8.200870][    T1] cm109: Keymap for Komunikate KIP1000 phone loaded
[    8.201822][    T1] usbcore: registered new interface driver cm109
[    8.202454][    T1] cm109: CM109 phone driver: 20080805 (C) Alfred E. Heggestad
[    8.203654][    T1] usbcore: registered new interface driver ims_pcu
[    8.204603][    T1] usbcore: registered new interface driver keyspan_remote
[    8.205635][    T1] usbcore: registered new interface driver powermate
[    8.206804][    T1] usbcore: registered new interface driver yealink
[    8.208701][    T1] rtc_cmos 00:05: RTC can wake from S4
[    8.210964][    T1] rtc_cmos 00:05: registered as rtc0
[    8.211516][    T1] rtc_cmos 00:05: alarms up to one day, y3k, 242 bytes nvram, hpet irqs
[    8.212983][    T1] i2c /dev entries driver
[    8.216515][    T1] usbcore: registered new interface driver i2c-diolan-u2c
[    8.217616][    T1] usbcore: registered new interface driver RobotFuzz Open Source InterFace, OSIF
[    8.218759][    T1] usbcore: registered new interface driver i2c-tiny-usb
[    8.222507][    T1] usbcore: registered new interface driver ati_remote
[    8.223639][    T1] usbcore: registered new interface driver imon
[    8.225032][    T1] usbcore: registered new interface driver mceusb
[    8.230132][    T1] usbcore: registered new interface driver redrat3
[    8.231022][    T1] usbcore: registered new interface driver streamzap
[    8.231986][    T1] usbcore: registered new interface driver igorplugusb
[    8.232970][    T1] usbcore: registered new interface driver iguanair
[    8.233931][    T1] usbcore: registered new interface driver ttusbir
[    8.234635][    T1] b2c2-flexcop: B2C2 FlexcopII/II(b)/III digital TV receiver chip loaded successfully
[    8.245159][    T1] vivid-000: using single planar format API
[    8.259645][    T1] vivid-000: CEC adapter cec0 registered for HDMI input 0
[    8.260900][    T1] vivid-000: V4L2 capture device registered as video3
[    8.261989][    T1] vivid-000: CEC adapter cec1 registered for HDMI output 0
[    8.263065][    T1] vivid-000: V4L2 output device registered as video4
[    8.264236][    T1] vivid-000: V4L2 capture device registered as vbi0, supports raw and sliced VBI
[    8.265624][    T1] vivid-000: V4L2 output device registered as vbi1, supports raw and sliced VBI
[    8.266981][    T1] vivid-000: V4L2 capture device registered as swradio0
[    8.268130][    T1] vivid-000: V4L2 receiver device registered as radio0
[    8.269339][    T1] vivid-000: V4L2 transmitter device registered as radio1
[    8.270506][    T1] vivid-000: V4L2 metadata capture device registered as video5
[    8.271754][    T1] vivid-000: V4L2 metadata output device registered as video6
[    8.272952][    T1] vivid-001: using multiplanar format API
[    8.284247][    T1] vivid-001: CEC adapter cec2 registered for HDMI input 0
[    8.285568][    T1] vivid-001: V4L2 capture device registered as video7
[    8.286792][    T1] vivid-001: CEC adapter cec3 registered for HDMI output 0
[    8.287957][    T1] vivid-001: V4L2 output device registered as video8
[    8.288973][    T1] vivid-001: V4L2 capture device registered as vbi2, supports raw and sliced VBI
[    8.290486][    T1] vivid-001: V4L2 output device registered as vbi3, supports raw and sliced VBI
[    8.291892][    T1] vivid-001: V4L2 capture device registered as swradio1
[    8.292977][    T1] vivid-001: V4L2 receiver device registered as radio2
[    8.294067][    T1] vivid-001: V4L2 transmitter device registered as radio3
[    8.295207][    T1] vivid-001: V4L2 metadata capture device registered as video9
[    8.297289][    T1] vivid-001: V4L2 metadata output device registered as video10
[    8.298576][    T1] vivid-002: using single planar format API
[    8.308254][    T1] vivid-002: CEC adapter cec4 registered for HDMI input 0
[    8.309275][    T1] vivid-002: V4L2 capture device registered as video11
[    8.310367][    T1] vivid-002: CEC adapter cec5 registered for HDMI output 0
[    8.311568][    T1] vivid-002: V4L2 output device registered as video12
[    8.312923][    T1] vivid-002: V4L2 capture device registered as vbi4, supports raw and sliced VBI
[    8.314540][    T1] vivid-002: V4L2 output device registered as vbi5, supports raw and sliced VBI
[    8.316176][    T1] vivid-002: V4L2 capture device registered as swradio2
[    8.317344][    T1] vivid-002: V4L2 receiver device registered as radio4
[    8.318461][    T1] vivid-002: V4L2 transmitter device registered as radio5
[    8.319612][    T1] vivid-002: V4L2 metadata capture device registered as video13
[    8.320815][    T1] vivid-002: V4L2 metadata output device registered as video14
[    8.322337][    T1] vivid-003: using multiplanar format API
[    8.331249][    T1] vivid-003: CEC adapter cec6 registered for HDMI input 0
[    8.332288][    T1] vivid-003: V4L2 capture device registered as video15
[    8.333319][    T1] vivid-003: CEC adapter cec7 registered for HDMI output 0
[    8.334520][    T1] vivid-003: V4L2 output device registered as video16
[    8.336183][    T1] vivid-003: V4L2 capture device registered as vbi6, supports raw and sliced VBI
[    8.337573][    T1] vivid-003: V4L2 output device registered as vbi7, supports raw and sliced VBI
[    8.338951][    T1] vivid-003: V4L2 capture device registered as swradio3
[    8.340029][    T1] vivid-003: V4L2 receiver device registered as radio6
[    8.341229][    T1] vivid-003: V4L2 transmitter device registered as radio7
[    8.342447][    T1] vivid-003: V4L2 metadata capture device registered as video17
[    8.343836][    T1] vivid-003: V4L2 metadata output device registered as video18
[    8.345338][    T1] vivid-004: using single planar format API
[    8.355022][    T1] vivid-004: CEC adapter cec8 registered for HDMI input 0
[    8.356724][    T1] vivid-004: V4L2 capture device registered as video19
[    8.357722][    T1] vivid-004: CEC adapter cec9 registered for HDMI output 0
[    8.358835][    T1] vivid-004: V4L2 output device registered as video20
[    8.359960][    T1] vivid-004: V4L2 capture device registered as vbi8, supports raw and sliced VBI
[    8.361322][    T1] vivid-004: V4L2 output device registered as vbi9, supports raw and sliced VBI
[    8.362718][    T1] vivid-004: V4L2 capture device registered as swradio4
[    8.363791][    T1] vivid-004: V4L2 receiver device registered as radio8
[    8.364835][    T1] vivid-004: V4L2 transmitter device registered as radio9
[    8.366059][    T1] vivid-004: V4L2 metadata capture device registered as video21
[    8.367315][    T1] vivid-004: V4L2 metadata output device registered as video22
[    8.368823][    T1] vivid-005: using multiplanar format API
[    8.379766][    T1] vivid-005: CEC adapter cec10 registered for HDMI input 0
[    8.380888][    T1] vivid-005: V4L2 capture device registered as video23
[    8.382116][    T1] vivid-005: CEC adapter cec11 registered for HDMI output 0
[    8.383376][    T1] vivid-005: V4L2 output device registered as video24
[    8.384454][    T1] vivid-005: V4L2 capture device registered as vbi10, supports raw and sliced VBI
[    8.385972][    T1] vivid-005: V4L2 output device registered as vbi11, supports raw and sliced VBI
[    8.387284][    T1] vivid-005: V4L2 capture device registered as swradio5
[    8.388404][    T1] vivid-005: V4L2 receiver device registered as radio10
[    8.389420][    T1] vivid-005: V4L2 transmitter device registered as radio11
[    8.390539][    T1] vivid-005: V4L2 metadata capture device registered as video25
[    8.391798][    T1] vivid-005: V4L2 metadata output device registered as video26
[    8.392996][    T1] vivid-006: using single planar format API
[    8.402690][    T1] vivid-006: CEC adapter cec12 registered for HDMI input 0
[    8.403791][    T1] vivid-006: V4L2 capture device registered as video27
[    8.404929][    T1] vivid-006: CEC adapter cec13 registered for HDMI output 0
[    8.406505][    T1] vivid-006: V4L2 output device registered as video28
[    8.407725][    T1] vivid-006: V4L2 capture device registered as vbi12, supports raw and sliced VBI
[    8.409313][    T1] vivid-006: V4L2 output device registered as vbi13, supports raw and sliced VBI
[    8.410720][    T1] vivid-006: V4L2 capture device registered as swradio6
[    8.411744][    T1] vivid-006: V4L2 receiver device registered as radio12
[    8.412868][    T1] vivid-006: V4L2 transmitter device registered as radio13
[    8.414011][    T1] vivid-006: V4L2 metadata capture device registered as video29
[    8.415304][    T1] vivid-006: V4L2 metadata output device registered as video30
[    8.416936][    T1] vivid-007: using multiplanar format API
[    8.426180][    T1] vivid-007: CEC adapter cec14 registered for HDMI input 0
[    8.427238][    T1] vivid-007: V4L2 capture device registered as video31
[    8.428262][    T1] vivid-007: CEC adapter cec15 registered for HDMI output 0
[    8.429484][    T1] vivid-007: V4L2 output device registered as video32
[    8.430588][    T1] vivid-007: V4L2 capture device registered as vbi14, supports raw and sliced VBI
[    8.432016][    T1] vivid-007: V4L2 output device registered as vbi15, supports raw and sliced VBI
[    8.433488][    T1] vivid-007: V4L2 capture device registered as swradio7
[    8.434660][    T1] vivid-007: V4L2 receiver device registered as radio14
[    8.435850][    T1] vivid-007: V4L2 transmitter device registered as radio15
[    8.437356][    T1] vivid-007: V4L2 metadata capture device registered as video33
[    8.438529][    T1] vivid-007: V4L2 metadata output device registered as video34
[    8.439578][    T1] vivid-008: using single planar format API
[    8.449477][    T1] vivid-008: CEC adapter cec16 registered for HDMI input 0
[    8.450305][    T1] vivid-008: V4L2 capture device registered as video35
[    8.451127][    T1] vivid-008: CEC adapter cec17 registered for HDMI output 0
[    8.452153][    T1] vivid-008: V4L2 output device registered as video36
[    8.453112][    T1] vivid-008: V4L2 capture device registered as vbi16, supports raw and sliced VBI
[    8.454079][    T1] vivid-008: V4L2 output device registered as vbi17, supports raw and sliced VBI
[    8.455223][    T1] vivid-008: V4L2 capture device registered as swradio8
[    8.456758][    T1] vivid-008: V4L2 receiver device registered as radio16
[    8.457611][    T1] vivid-008: V4L2 transmitter device registered as radio17
[    8.458594][    T1] vivid-008: V4L2 metadata capture device registered as video37
[    8.459601][    T1] vivid-008: V4L2 metadata output device registered as video38
[    8.460608][    T1] vivid-009: using multiplanar format API
[    8.471289][    T1] vivid-009: CEC adapter cec18 registered for HDMI input 0
[    8.472187][    T1] vivid-009: V4L2 capture device registered as video39
[    8.473086][    T1] vivid-009: CEC adapter cec19 registered for HDMI output 0
[    8.474123][    T1] vivid-009: V4L2 output device registered as video40
[    8.474948][    T1] vivid-009: V4L2 capture device registered as vbi18, supports raw and sliced VBI
[    8.476639][    T1] vivid-009: V4L2 output device registered as vbi19, supports raw and sliced VBI
[    8.477683][    T1] vivid-009: V4L2 capture device registered as swradio9
[    8.478542][    T1] vivid-009: V4L2 receiver device registered as radio18
