c[?7l[2J[0mSeaBIOS (version rel-1.16.0-0-gd239552ce722-prebuilt.qemu.org)


iPXE (http://ipxe.org) 00:03.0 CA00 PCI2.10 PnP PMM+7FF91000+7FEF1000 CA00
Press Ctrl-B to configure iPXE (PCI 00:03.0)...                                                                               


Booting from ROM..c[?7l[2Jearly console in extract_kernel
input_data: 0x000000000bf442c8
input_len: 0x00000000044bd4e0
output: 0x0000000001000000
output_len: 0x000000000e019b28
kernel_total_size: 0x000000000f426000
needed_size: 0x000000000f600000
trampoline_32bit: 0x000000000009d000

Decompressing Linux... Parsing ELF... done.
Booting the kernel.
[    0.000000][    T0] Linux version 5.6.0-rc1-cd982e6c44a7-00016-gcd982e6c44a7 (root@xpf.sh.intel.com) (gcc version 8.5.0 20210514 (Red Hat 8.5.0-20) (GCC)) #1 SMP PREEMPT Sat Dec 2 14:30:44 CST 2023
[    0.000000][    T0] Command line: console=ttyS0 root=/dev/sda1 earlyprintk=serial net.ifnames=0 thunderbolt.dyndbg plymouth.enable=0
[    0.000000][    T0] KERNEL supported cpus:
[    0.000000][    T0]   Intel GenuineIntel
[    0.000000][    T0]   AMD AuthenticAMD
[    0.000000][    T0] x86/fpu: Supporting XSAVE feature 0x001: 'x87 floating point registers'
[    0.000000][    T0] x86/fpu: Supporting XSAVE feature 0x002: 'SSE registers'
[    0.000000][    T0] x86/fpu: Supporting XSAVE feature 0x004: 'AVX registers'
[    0.000000][    T0] x86/fpu: Supporting XSAVE feature 0x008: 'MPX bounds registers'
[    0.000000][    T0] x86/fpu: Supporting XSAVE feature 0x010: 'MPX CSR'
[    0.000000][    T0] x86/fpu: Supporting XSAVE feature 0x020: 'AVX-512 opmask'
[    0.000000][    T0] x86/fpu: Supporting XSAVE feature 0x040: 'AVX-512 Hi256'
[    0.000000][    T0] x86/fpu: Supporting XSAVE feature 0x080: 'AVX-512 ZMM_Hi256'
[    0.000000][    T0] x86/fpu: xstate_offset[2]:  576, xstate_sizes[2]:  256
[    0.000000][    T0] x86/fpu: xstate_offset[3]:  832, xstate_sizes[3]:   64
[    0.000000][    T0] x86/fpu: xstate_offset[4]:  896, xstate_sizes[4]:   64
[    0.000000][    T0] x86/fpu: xstate_offset[5]:  960, xstate_sizes[5]:   64
[    0.000000][    T0] x86/fpu: xstate_offset[6]: 1024, xstate_sizes[6]:  512
[    0.000000][    T0] x86/fpu: xstate_offset[7]: 1536, xstate_sizes[7]: 1024
[    0.000000][    T0] x86/fpu: Enabled xstate features 0xff, context size is 2560 bytes, using 'compacted' format.
[    0.000000][    T0] BIOS-provided physical RAM map:
[    0.000000][    T0] BIOS-e820: [mem 0x0000000000000000-0x000000000009fbff] usable
[    0.000000][    T0] BIOS-e820: [mem 0x000000000009fc00-0x000000000009ffff] reserved
[    0.000000][    T0] BIOS-e820: [mem 0x00000000000f0000-0x00000000000fffff] reserved
[    0.000000][    T0] BIOS-e820: [mem 0x0000000000100000-0x000000007ffdffff] usable
[    0.000000][    T0] BIOS-e820: [mem 0x000000007ffe0000-0x000000007fffffff] reserved
[    0.000000][    T0] BIOS-e820: [mem 0x00000000feffc000-0x00000000feffffff] reserved
[    0.000000][    T0] BIOS-e820: [mem 0x00000000fffc0000-0x00000000ffffffff] reserved
[    0.000000][    T0] printk: bootconsole [earlyser0] enabled
[    0.000000][    T0] ERROR: earlyprintk= earlyser already used
[    0.000000][    T0] ERROR: earlyprintk= earlyser already used
[    0.000000][    T0] ERROR: earlyprintk= earlyser already used
[    0.000000][    T0] Malformed early option 'vsyscall'
[    0.000000][    T0] nopcid: PCID feature disabled
[    0.000000][    T0] NX (Execute Disable) protection: active
[    0.000000][    T0] SMBIOS 2.8 present.
[    0.000000][    T0] DMI: QEMU Standard PC (i440FX + PIIX, 1996), BIOS rel-1.16.0-0-gd239552ce722-prebuilt.qemu.org 04/01/2014
[    0.000000][    T0] Hypervisor detected: KVM
[    0.000000][    T0] kvm-clock: Using msrs 4b564d01 and 4b564d00
[    0.000003][    T0] kvm-clock: cpu 0, msr ec40001, primary cpu clock
[    0.000003][    T0] kvm-clock: using sched offset of 854835095 cycles
[    0.000587][    T0] clocksource: kvm-clock: mask: 0xffffffffffffffff max_cycles: 0x1cd42e4dffb, max_idle_ns: 881590591483 ns
[    0.002203][    T0] tsc: Detected 2999.998 MHz processor
[    0.007609][    T0] last_pfn = 0x7ffe0 max_arch_pfn = 0x400000000
[    0.008279][    T0] x86/PAT: Configuration [0-7]: WB  WC  UC- UC  WB  WP  UC- WT  
[    0.016245][    T0] found SMP MP-table at [mem 0x000f5ba0-0x000f5baf]
[    0.016994][    T0] Using GB pages for direct mapping
[    0.018371][    T0] ACPI: Early table checksum verification disabled
[    0.018983][    T0] ACPI: RSDP 0x00000000000F59C0 000014 (v00 BOCHS )
[    0.019597][    T0] ACPI: RSDT 0x000000007FFE1951 000034 (v01 BOCHS  BXPC     00000001 BXPC 00000001)
[    0.020488][    T0] ACPI: FACP 0x000000007FFE17FD 000074 (v01 BOCHS  BXPC     00000001 BXPC 00000001)
[    0.021341][    T0] ACPI: DSDT 0x000000007FFE0040 0017BD (v01 BOCHS  BXPC     00000001 BXPC 00000001)
[    0.022115][    T0] ACPI: FACS 0x000000007FFE0000 000040
[    0.022604][    T0] ACPI: APIC 0x000000007FFE1871 000080 (v01 BOCHS  BXPC     00000001 BXPC 00000001)
[    0.023456][    T0] ACPI: HPET 0x000000007FFE18F1 000038 (v01 BOCHS  BXPC     00000001 BXPC 00000001)
[    0.024281][    T0] ACPI: WAET 0x000000007FFE1929 000028 (v01 BOCHS  BXPC     00000001 BXPC 00000001)
[    0.025945][    T0] No NUMA configuration found
[    0.026326][    T0] Faking a node at [mem 0x0000000000000000-0x000000007ffdffff]
[    0.026950][    T0] Faking node 0 at [mem 0x0000000000000000-0x000000003fffffff] (1024MB)
[    0.027629][    T0] Faking node 1 at [mem 0x0000000040000000-0x000000007ffdffff] (1023MB)
[    0.028609][    T0] NODE_DATA(0) allocated [mem 0x3fffb000-0x3fffffff]
[    0.029298][    T0] NODE_DATA(1) allocated [mem 0x7ffda000-0x7ffdefff]
[    0.033353][    T0] Zone ranges:
[    0.033669][    T0]   DMA      [mem 0x0000000000001000-0x0000000000ffffff]
[    0.034246][    T0]   DMA32    [mem 0x0000000001000000-0x000000007ffdffff]
[    0.034821][    T0]   Normal   empty
[    0.035121][    T0]   Device   empty
[    0.035419][    T0] Movable zone start for each node
[    0.035834][    T0] Early memory node ranges
[    0.036197][    T0]   node   0: [mem 0x0000000000001000-0x000000000009efff]
[    0.036776][    T0]   node   0: [mem 0x0000000000100000-0x000000003fffffff]
[    0.037359][    T0]   node   1: [mem 0x0000000040000000-0x000000007ffdffff]
[    0.037949][    T0] Zeroed struct page in unavailable ranges: 130 pages
[    0.037952][    T0] Initmem setup node 0 [mem 0x0000000000001000-0x000000003fffffff]
[    0.049923][    T0] Initmem setup node 1 [mem 0x0000000040000000-0x000000007ffdffff]
[    0.094011][    T0] kasan: KernelAddressSanitizer initialized
[    0.094753][    T0] ACPI: PM-Timer IO Port: 0x608
[    0.095210][    T0] ACPI: LAPIC_NMI (acpi_id[0xff] dfl dfl lint[0x1])
[    0.095855][    T0] IOAPIC[0]: apic_id 0, version 17, address 0xfec00000, GSI 0-23
[    0.096561][    T0] ACPI: INT_SRC_OVR (bus 0 bus_irq 0 global_irq 2 dfl dfl)
[    0.097216][    T0] ACPI: INT_SRC_OVR (bus 0 bus_irq 5 global_irq 5 high level)
[    0.097882][    T0] ACPI: INT_SRC_OVR (bus 0 bus_irq 9 global_irq 9 high level)
[    0.098564][    T0] ACPI: INT_SRC_OVR (bus 0 bus_irq 10 global_irq 10 high level)
[    0.099257][    T0] ACPI: INT_SRC_OVR (bus 0 bus_irq 11 global_irq 11 high level)
[    0.099965][    T0] Using ACPI (MADT) for SMP configuration information
[    0.100571][    T0] ACPI: HPET id: 0x8086a201 base: 0xfed00000
[    0.101122][    T0] smpboot: Allowing 2 CPUs, 0 hotplug CPUs
[    0.101665][    T0] KVM setup pv sched yield
[    0.102101][    T0] PM: hibernation: Registered nosave memory: [mem 0x00000000-0x00000fff]
[    0.102861][    T0] PM: hibernation: Registered nosave memory: [mem 0x0009f000-0x0009ffff]
[    0.103620][    T0] PM: hibernation: Registered nosave memory: [mem 0x000a0000-0x000effff]
[    0.104384][    T0] PM: hibernation: Registered nosave memory: [mem 0x000f0000-0x000fffff]
[    0.105142][    T0] [mem 0x80000000-0xfeffbfff] available for PCI devices
[    0.105759][    T0] Booting paravirtualized kernel on KVM
[    0.106281][    T0] clocksource: refined-jiffies: mask: 0xffffffff max_cycles: 0xffffffff, max_idle_ns: 19112604462750000 ns
[    0.150502][    T0] setup_percpu: NR_CPUS:8 nr_cpumask_bits:8 nr_cpu_ids:2 nr_node_ids:2
[    0.151880][    T0] percpu: Embedded 65 pages/cpu s227592 r8192 d30456 u2097152
[    0.152692][    T0] KVM setup async PF for cpu 0
[    0.153134][    T0] kvm-stealtime: cpu 0, msr 2ce21a80
[    0.153583][    T0] PV qspinlock hash table entries: 256 (order: 0, 4096 bytes, linear)
[    0.154358][    T0] Built 2 zonelists, mobility grouping on.  Total pages: 515945
[    0.155058][    T0] Policy zone: DMA32
[    0.155406][    T0] Kernel command line: earlyprintk=serial net.ifnames=0 sysctl.kernel.hung_task_all_cpu_backtrace=1 ima_policy=tcb nf-conntrack-ftp.ports=20000 nf-conntrack-tftp.ports=20000 nf-conntrack-sip.ports=20000 nf-conntrack-irc.ports=20000 nf-conntrack-sane.ports=20000 binder.debug_mask=0 rcupdate.rcu_expedited=1 rcupdate.rcu_cpu_stall_cputime=1 no_hash_pointers page_owner=on sysctl.vm.nr_hugepages=4 sysctl.vm.nr_overcommit_hugepages=4 secretmem.enable=1 sysctl.max_rcu_stall_to_panic=1 msr.allow_writes=off coredump_filter=0xffff root=/dev/sda console=ttyS0 vsyscall=native numa=fake=2 kvm-intel.nested=1 spec_store_bypass_disable=prctl nopcid vivid.n_devs=16 vivid.multiplanar=1,2,1,2,1,2,1,2,1,2,1,2,1,2,1,2 netrom.nr_ndevs=16 rose.rose_ndevs=16 smp.csd_lock_timeout=100000 watchdog_thresh=55 workqueue.watchdog_thresh=140 sysctl.net.core.netdev_unregister_timeout_secs=140 dummy_hcd.num=8 panic_on_warn=1 console=ttyS0 root=/dev/sda1 earlyprintk=serial net.ifnames=0 thunderb
[    0.158801][    T0] mem auto-init: stack:off, heap alloc:on, heap free:off
[    0.276256][    T0] Memory: 1519572K/2096632K available (133130K kernel code, 40616K rwdata, 27164K rodata, 2588K init, 24476K bss, 577060K reserved, 0K cma-reserved)
[    0.278113][    T0] SLUB: HWalign=64, Order=0-3, MinObjects=0, CPUs=2, Nodes=2
[    0.280347][    T0] Running RCU self tests
[    0.280700][    T0] rcu: Preemptible hierarchical RCU implementation.
[    0.281227][    T0] rcu: 	RCU lockdep checking is enabled.
[    0.281670][    T0] rcu: 	RCU restricting CPUs from NR_CPUS=8 to nr_cpu_ids=2.
[    0.282256][    T0] rcu: 	RCU callback double-/use-after-free debug enabled.
[    0.282828][    T0] rcu: 	RCU debug extended QS entry/exit.
[    0.283282][    T0] 	All grace periods are expedited (rcu_expedited).
[    0.283801][    T0] 	Tasks RCU enabled.
[    0.284120][    T0] rcu: RCU calculated value of scheduler-enlistment delay is 10 jiffies.
[    0.284788][    T0] rcu: Adjusting geometry for rcu_fanout_leaf=16, nr_cpu_ids=2
[    0.289348][    T0] NR_IRQS: 4352, nr_irqs: 440, preallocated irqs: 16
[    0.290787][    T0] random: get_random_bytes called from start_kernel+0x521/0x85a with crng_init=0
[    0.295587][    T0] Console: colour VGA+ 80x25
[    0.296735][    T0] printk: console [ttyS0] enabled
[    0.296735][    T0] printk: console [ttyS0] enabled
[    0.297544][    T0] printk: bootconsole [earlyser0] disabled
[    0.297544][    T0] printk: bootconsole [earlyser0] disabled
[    0.298474][    T0] Lock dependency validator: Copyright (c) 2006 Red Hat, Inc., Ingo Molnar
[    0.299173][    T0] ... MAX_LOCKDEP_SUBCLASSES:  8
[    0.299573][    T0] ... MAX_LOCK_DEPTH:          48
[    0.299984][    T0] ... MAX_LOCKDEP_KEYS:        8192
[    0.300403][    T0] ... CLASSHASH_SIZE:          4096
[    0.300820][    T0] ... MAX_LOCKDEP_ENTRIES:     32768
[    0.301256][    T0] ... MAX_LOCKDEP_CHAINS:      65536
[    0.301681][    T0] ... CHAINHASH_SIZE:          32768
[    0.302113][    T0]  memory used by lock dependency info: 6237 kB
[    0.302615][    T0]  memory used for stack traces: 4224 kB
[    0.303076][    T0]  per task-struct memory footprint: 1920 bytes
[    0.303666][    T0] mempolicy: Enabling automatic NUMA balancing. Configure with numa_balancing= or the kernel.numa_balancing sysctl
[    0.304668][    T0] ACPI: Core revision 20200110
[    0.305723][    T0] clocksource: hpet: mask: 0xffffffff max_cycles: 0xffffffff, max_idle_ns: 19112604467 ns
[    0.306960][    T0] APIC: Switch to symmetric I/O mode setup
[    0.307672][    T0] x2apic enabled
[    0.308194][    T0] Switched APIC routing to physical x2apic.
[    0.308734][    T0] KVM setup pv IPIs
[    0.310169][    T0] ..TIMER: vector=0x30 apic1=0 pin1=2 apic2=-1 pin2=-1
[    0.310806][    T0] clocksource: tsc-early: mask: 0xffffffffffffffff max_cycles: 0x2b3e43c8763, max_idle_ns: 440795360101 ns
[    0.311841][    T0] Calibrating delay loop (skipped) preset value.. 5999.99 BogoMIPS (lpj=29999980)
[    0.312658][    T0] pid_max: default: 32768 minimum: 301
[    0.313330][    T0] LSM: Security Framework initializing
[    0.313866][    T0] Yama: becoming mindful.
[    0.314320][    T0] TOMOYO Linux initialized
[    0.314868][    T0] AppArmor: AppArmor initialized
[    0.316078][    T0] Dentry cache hash table entries: 262144 (order: 9, 2097152 bytes, vmalloc)
[    0.322121][    T0] Inode-cache hash table entries: 131072 (order: 8, 1048576 bytes, vmalloc)
[    0.322948][    T0] Mount-cache hash table entries: 4096 (order: 3, 32768 bytes, vmalloc)
[    0.323639][    T0] Mountpoint-cache hash table entries: 4096 (order: 3, 32768 bytes, vmalloc)
[    0.324440][    T0] *** VALIDATE tmpfs ***
[    0.325967][    T0] *** VALIDATE proc ***
[    0.326860][    T0] *** VALIDATE cgroup ***
[    0.327224][    T0] *** VALIDATE cgroup2 ***
[    0.327775][    T0] x86/cpu: User Mode Instruction Prevention (UMIP) activated
[    0.328473][    T0] Last level iTLB entries: 4KB 0, 2MB 0, 4MB 0
[    0.328977][    T0] Last level dTLB entries: 4KB 0, 2MB 0, 4MB 0, 1GB 0
[    0.329515][    T0] Spectre V1 : Mitigation: usercopy/swapgs barriers and __user pointer sanitization
[    0.330295][    T0] Spectre V2 : Mitigation: Enhanced IBRS
[    0.330722][    T0] Spectre V2 : Spectre v2 / SpectreRSB mitigation: Filling RSB on context switch
[    0.331426][    T0] Spectre V2 : mitigation: Enabling conditional Indirect Branch Prediction Barrier
[    0.331884][    T0] Speculative Store Bypass: Mitigation: Speculative Store Bypass disabled via prctl
[    0.332678][    T0] TAA: Mitigation: Clear CPU buffers
[    0.334097][    T0] Freeing SMP alternatives memory: 100K
[    0.335208][    T1] smpboot: CPU0: Intel(R) Core(TM) i9-10980XE CPU @ 3.00GHz (family: 0x6, model: 0x55, stepping: 0x7)
[    0.401886][    T1] Performance Events: Skylake events, full-width counters, Intel PMU driver.
[    0.402623][    T1] ... version:                2
[    0.402998][    T1] ... bit width:              48
[    0.403375][    T1] ... generic registers:      4
[    0.403751][    T1] ... value mask:             0000ffffffffffff
[    0.404221][    T1] ... max period:             00007fffffffffff
[    0.404692][    T1] ... fixed-purpose events:   3
[    0.405064][    T1] ... event mask:             000000070000000f
[    0.421861][    T1] rcu: Hierarchical SRCU implementation.
[    0.471861][    T1] smp: Bringing up secondary CPUs ...
[    0.552013][    T1] x86: Booting SMP configuration:
[    0.552422][    T1] .... node  #1, CPUs:      #1
[    0.021193][    T0] kvm-clock: cpu 1, msr ec40041, secondary cpu clock
[    0.553676][   T15] KVM setup async PF for cpu 1
[    0.553676][   T15] kvm-stealtime: cpu 1, msr 7ec21a80
[    0.553676][    T1] smp: Brought up 2 nodes, 2 CPUs
[    0.553676][    T1] smpboot: Max logical packages: 1
[    0.553676][    T1] smpboot: Total of 2 processors activated (11999.99 BogoMIPS)
[    0.556275][    T1] allocated 12582912 bytes of page_ext
[    0.556829][    T1] Node 0, zone      DMA: page owner found early allocated 0 pages
[    0.563392][    T1] Node 0, zone    DMA32: page owner found early allocated 2673 pages
[    0.564278][    T1] Node 1, zone    DMA32: page owner found early allocated 2624 pages
[    0.565689][    T1] devtmpfs: initialized
[    0.565689][    T1] x86/mm: Memory block size: 128MB
[    0.585515][    T1] clocksource: jiffies: mask: 0xffffffff max_cycles: 0xffffffff, max_idle_ns: 19112604462750000 ns
[    0.586512][    T1] futex hash table entries: 512 (order: 4, 65536 bytes, vmalloc)
[    0.587611][    T1] xor: automatically using best checksumming function   avx       
[    0.588653][   T24] kworker/u5:0 (24) used greatest stack depth: 27480 bytes left
[    0.590959][    T1] PM: RTC time: 06:38:57, date: 2023-12-02
[    0.591445][    T1] thermal_sys: Registered thermal governor 'step_wise'
[    0.591448][    T1] thermal_sys: Registered thermal governor 'user_space'
[    0.593168][    T1] NET: Registered protocol family 16
[    0.597097][    T1] audit: initializing netlink subsys (disabled)
[    0.597935][   T29] kworker/u5:1 (29) used greatest stack depth: 27064 bytes left
[    0.599275][   T34] audit: type=2000 audit(1701499138.370:1): state=initialized audit_enabled=0 res=1
[    0.602589][    T1] cpuidle: using governor menu
[    0.605437][    T1] KVM setup pv remote TLB flush
[    0.605871][    T1] ACPI: bus type PCI registered
[    0.609134][    T1] dca service started, version 1.12.1
[    0.609780][    T1] PCI: Using configuration type 1 for base access
[    0.646874][   T85] kworker/u5:1 (85) used greatest stack depth: 26968 bytes left
[    0.802016][  T697] kworker/u5:1 (697) used greatest stack depth: 26664 bytes left
[    0.952388][    T1] HugeTLB registered 1.00 GiB page size, pre-allocated 0 pages
[    0.953008][    T1] HugeTLB registered 2.00 MiB page size, pre-allocated 0 pages
[    0.966194][    T1] cryptd: max_cpu_qlen set to 1000
[    0.993372][    T1] raid6: skip pq benchmark and using algorithm avx512x4
[    0.993893][    T1] raid6: using avx512x2 recovery algorithm
[    0.994785][    T1] ACPI: Added _OSI(Module Device)
[    0.995179][    T1] ACPI: Added _OSI(Processor Device)
[    0.995592][    T1] ACPI: Added _OSI(3.0 _SCP Extensions)
[    0.996019][    T1] ACPI: Added _OSI(Processor Aggregator Device)
[    0.996507][    T1] ACPI: Added _OSI(Linux-Dell-Video)
[    0.996915][    T1] ACPI: Added _OSI(Linux-Lenovo-NV-HDMI-Audio)
[    0.997394][    T1] ACPI: Added _OSI(Linux-HPI-Hybrid-Graphics)
[    1.020320][    T1] ACPI: 1 ACPI AML tables successfully acquired and loaded
[    1.054940][    T1] ACPI: Interpreter enabled
[    1.055589][    T1] ACPI: (supports S0 S3 S4 S5)
[    1.056111][    T1] ACPI: Using IOAPIC for interrupt routing
[    1.056992][    T1] PCI: Using host bridge windows from ACPI; if necessary, use "pci=nocrs" and report a bug
[    1.059680][    T1] ACPI: Enabled 2 GPEs in block 00 to 0F
[    1.119236][    T1] ACPI: PCI Root Bridge [PCI0] (domain 0000 [bus 00-ff])
[    1.119922][    T1] acpi PNP0A03:00: _OSC: OS supports [ASPM ClockPM Segments MSI HPX-Type3]
[    1.120908][    T1] acpi PNP0A03:00: fail to add MMCONFIG information, can't access extended PCI configuration space under this bridge.
[    1.122916][    T1] PCI host bridge to bus 0000:00
[    1.123360][    T1] pci_bus 0000:00: Unknown NUMA node; performance will be reduced
[    1.123360][    T1] pci_bus 0000:00: root bus resource [io  0x0000-0x0cf7 window]
[    1.123360][    T1] pci_bus 0000:00: root bus resource [io  0x0d00-0xffff window]
[    1.123798][    T1] pci_bus 0000:00: root bus resource [mem 0x000a0000-0x000bffff window]
[    1.124445][    T1] pci_bus 0000:00: root bus resource [mem 0x80000000-0xfebfffff window]
[    1.125087][    T1] pci_bus 0000:00: root bus resource [mem 0x100000000-0x17fffffff window]
[    1.125764][    T1] pci_bus 0000:00: root bus resource [bus 00-ff]
[    1.126435][    T1] pci 0000:00:00.0: [8086:1237] type 00 class 0x060000
[    1.131491][    T1] pci 0000:00:01.0: [8086:7000] type 00 class 0x060100
[    1.134497][    T1] pci 0000:00:01.1: [8086:7010] type 00 class 0x010180
[    1.136614][    T1] pci 0000:00:01.1: reg 0x20: [io  0xc040-0xc04f]
[    1.137762][    T1] pci 0000:00:01.1: legacy IDE quirk: reg 0x10: [io  0x01f0-0x01f7]
[    1.138441][    T1] pci 0000:00:01.1: legacy IDE quirk: reg 0x14: [io  0x03f6]
[    1.139065][    T1] pci 0000:00:01.1: legacy IDE quirk: reg 0x18: [io  0x0170-0x0177]
[    1.139694][    T1] pci 0000:00:01.1: legacy IDE quirk: reg 0x1c: [io  0x0376]
[    1.142515][    T1] pci 0000:00:01.3: [8086:7113] type 00 class 0x068000
[    1.143399][    T1] pci 0000:00:01.3: quirk: [io  0x0600-0x063f] claimed by PIIX4 ACPI
[    1.144076][    T1] pci 0000:00:01.3: quirk: [io  0x0700-0x070f] claimed by PIIX4 SMB
[    1.146944][    T1] pci 0000:00:02.0: [1234:1111] type 00 class 0x030000
[    1.148785][    T1] pci 0000:00:02.0: reg 0x10: [mem 0xfd000000-0xfdffffff pref]
[    1.151880][    T1] pci 0000:00:02.0: reg 0x18: [mem 0xfebf0000-0xfebf0fff]
[    1.154232][    T1] pci 0000:00:02.0: reg 0x30: [mem 0xfebe0000-0xfebeffff pref]
[    1.159107][    T1] pci 0000:00:03.0: [8086:100e] type 00 class 0x020000
[    1.160107][    T1] pci 0000:00:03.0: reg 0x10: [mem 0xfebc0000-0xfebdffff]
[    1.161900][    T1] pci 0000:00:03.0: reg 0x14: [io  0xc000-0xc03f]
[    1.163642][    T1] pci 0000:00:03.0: reg 0x30: [mem 0xfeb80000-0xfebbffff pref]
[    1.174768][    T1] ACPI: PCI Interrupt Link [LNKA] (IRQs 5 *10 11)
[    1.176583][    T1] ACPI: PCI Interrupt Link [LNKB] (IRQs 5 *10 11)
[    1.178678][    T1] ACPI: PCI Interrupt Link [LNKC] (IRQs 5 10 *11)
[    1.180584][    T1] ACPI: PCI Interrupt Link [LNKD] (IRQs 5 10 *11)
[    1.181689][    T1] ACPI: PCI Interrupt Link [LNKS] (IRQs *9)
[    1.186388][    T1] iommu: Default domain type: Translated 
[    1.187913][    T1] pci 0000:00:02.0: vgaarb: setting as boot VGA device
[    1.188512][    T1] pci 0000:00:02.0: vgaarb: VGA device added: decodes=io+mem,owns=io+mem,locks=none
[    1.189248][    T1] pci 0000:00:02.0: vgaarb: bridge control possible
[    1.189753][    T1] vgaarb: loaded
[    1.193801][    T1] SCSI subsystem initialized
[    1.195734][    T1] ACPI: bus type USB registered
[    1.196517][    T1] usbcore: registered new interface driver usbfs
[    1.197239][    T1] usbcore: registered new interface driver hub
[    1.198091][    T1] usbcore: registered new device driver usb
[    1.200366][    T1] mc: Linux media interface: v0.10
[    1.203955][    T1] videodev: Linux video capture interface: v2.00
[    1.205127][    T1] pps_core: LinuxPPS API ver. 1 registered
[    1.205584][    T1] pps_core: Software ver. 5.3.6 - Copyright 2005-2007 Rodolfo Giometti <giometti@linux.it>
[    1.206486][    T1] PTP clock support registered
[    1.207536][    T1] EDAC MC: Ver: 3.0.0
[    1.210891][    T1] Advanced Linux Sound Architecture Driver Initialized.
[    1.212049][    T1] PCI: Using ACPI for IRQ routing
[    1.214343][    T1] Bluetooth: Core ver 2.22
[    1.215129][    T1] NET: Registered protocol family 31
[    1.215129][    T1] Bluetooth: HCI device and connection manager initialized
[    1.215199][    T1] Bluetooth: HCI socket layer initialized
[    1.215645][    T1] Bluetooth: L2CAP socket layer initialized
[    1.216127][    T1] Bluetooth: SCO socket layer initialized
[    1.216591][    T1] NET: Registered protocol family 8
[    1.216988][    T1] NET: Registered protocol family 20
[    1.218125][    T1] NetLabel: Initializing
[    1.218461][    T1] NetLabel:  domain hash size = 128
[    1.218866][    T1] NetLabel:  protocols = UNLABELED CIPSOv4 CALIPSO
[    1.219544][    T1] NetLabel:  unlabeled traffic allowed by default
[    1.221856][    T1] nfc: nfc_init: NFC Core ver 0.1
[    1.221856][    T1] NET: Registered protocol family 39
[    1.224576][    T1] hpet0: at MMIO 0xfed00000, IRQs 2, 8, 0
[    1.225081][    T1] hpet0: 3 comparators, 64-bit 100.000000 MHz counter
[    1.229624][    T1] clocksource: Switched to clocksource kvm-clock
[    2.654169][    T1] *** VALIDATE bpf ***
[    2.655320][    T1] VFS: Disk quotas dquot_6.6.0
[    2.655782][    T1] VFS: Dquot-cache hash table entries: 512 (order 0, 4096 bytes)
[    2.656736][    T1] FS-Cache: Loaded
[    2.657035][    T1] *** VALIDATE ramfs ***
[    2.657378][    T1] *** VALIDATE hugetlbfs ***
[    2.658314][    T1] CacheFiles: Loaded
[    2.658824][    T1] TOMOYO: 2.6.0
[    2.659100][    T1] Mandatory Access Control activated.
[    2.660427][    T1] AppArmor: AppArmor Filesystem Enabled
[    2.661113][    T1] pnp: PnP ACPI init
[    2.666315][    T1] pnp: PnP ACPI: found 6 devices
[    2.698038][    T1] clocksource: acpi_pm: mask: 0xffffff max_cycles: 0xffffff, max_idle_ns: 2085701024 ns
[    2.703822][    T1] pci_bus 0000:00: resource 4 [io  0x0000-0x0cf7 window]
[    2.704387][    T1] pci_bus 0000:00: resource 5 [io  0x0d00-0xffff window]
[    2.704938][    T1] pci_bus 0000:00: resource 6 [mem 0x000a0000-0x000bffff window]
[    2.705530][    T1] pci_bus 0000:00: resource 7 [mem 0x80000000-0xfebfffff window]
[    2.706122][    T1] pci_bus 0000:00: resource 8 [mem 0x100000000-0x17fffffff window]
[    2.707288][    T1] NET: Registered protocol family 2
[    2.708992][    T1] tcp_listen_portaddr_hash hash table entries: 1024 (order: 4, 73728 bytes, vmalloc)
[    2.709888][    T1] TCP established hash table entries: 16384 (order: 5, 131072 bytes, vmalloc)
[    2.711432][    T1] TCP bind hash table entries: 16384 (order: 8, 1048576 bytes, vmalloc)
[    2.712781][    T1] TCP: Hash tables configured (established 16384 bind 16384)
[    2.713746][    T1] UDP hash table entries: 1024 (order: 5, 163840 bytes, vmalloc)
[    2.714867][    T1] UDP-Lite hash table entries: 1024 (order: 5, 163840 bytes, vmalloc)
[    2.716204][    T1] NET: Registered protocol family 1
[    2.717731][    T1] RPC: Registered named UNIX socket transport module.
[    2.718484][    T1] RPC: Registered udp transport module.
[    2.719061][    T1] RPC: Registered tcp transport module.
[    2.719602][    T1] RPC: Registered tcp NFSv4.1 backchannel transport module.
[    2.721291][    T1] NET: Registered protocol family 44
[    2.721877][    T1] pci 0000:00:01.0: PIIX3: Enabling Passive Release
[    2.722535][    T1] pci 0000:00:00.0: Limiting direct PCI/PCI transfers
[    2.723211][    T1] pci 0000:00:01.0: Activating ISA DMA hang workarounds
[    2.723989][    T1] pci 0000:00:02.0: Video device with shadowed ROM at [mem 0x000c0000-0x000dffff]
[    2.724904][    T1] PCI: CLS 0 bytes, default 64
[    2.730280][    T1] RAPL PMU: API unit is 2^-32 Joules, 0 fixed counters, 10737418240 ms ovfl timer
[    2.731207][    T1] kvm: no hardware support
[    2.731645][    T1] has_svm: not amd or hygon
[    2.732280][    T1] kvm: no hardware support
[    2.732728][    T1] clocksource: tsc: mask: 0xffffffffffffffff max_cycles: 0x2b3e43c8763, max_idle_ns: 440795360101 ns
[    2.798515][    T1] Initialise system trusted keyrings
[    2.804290][    T1] workingset: timestamp_bits=40 max_order=19 bucket_order=0
[    2.862851][    T1] DLM installed
[    2.868579][    T1] squashfs: version 4.0 (2009/01/31) Phillip Lougher
[    2.880033][    T1] FS-Cache: Netfs 'nfs' registered for caching
[    2.884346][    T1] *** VALIDATE nfs ***
[    2.884708][    T1] *** VALIDATE nfs4 ***
[    2.885102][    T1] NFS: Registering the id_resolver key type
[    2.885598][    T1] Key type id_resolver registered
[    2.886004][    T1] Key type id_legacy registered
[    2.886394][    T1] nfs4filelayout_init: NFSv4 File Layout Driver Registering...
[    2.887013][    T1] Installing knfsd (copyright (C) 1996 okir@monad.swb.de).
[    2.897525][    T1] FS-Cache: Netfs 'cifs' registered for caching
[    2.900460][    T1] Key type cifs.spnego registered
[    2.901039][    T1] Key type cifs.idmap registered
[    2.902043][    T1] ntfs: driver 2.1.32 [Flags: R/W].
[    2.904336][    T1] efs: 1.0a - http://aeschi.ch.eu.org/efs/
[    2.905207][    T1] jffs2: version 2.2. (NAND) (SUMMARY)  Â© 2001-2006 Red Hat, Inc.
[    2.909573][    T1] *** VALIDATE jffs2 ***
[    2.911760][    T1] romfs: ROMFS MTD (C) 2007 Red Hat, Inc.
[    2.913161][    T1] QNX4 filesystem 0.2.3 registered.
[    2.913965][    T1] qnx6: QNX6 filesystem 1.0.0 registered.
[    2.915092][    T1] fuse: init (API version 7.31)
[    2.915878][    T1] *** VALIDATE fuseblk ***
[    2.916316][    T1] *** VALIDATE fuse ***
[    2.919045][    T1] orangefs_debugfs_init: called with debug mask: :none: :0:
[    2.920025][    T1] orangefs_init: module version upstream loaded
[    2.923908][    T1] JFS: nTxBlock = 8192, nTxLock = 65536
[    2.932086][    T1] SGI XFS with ACLs, security attributes, realtime, quota, no debug enabled
[    2.940474][    T1] *** VALIDATE xfs ***
[    2.940908][    T1] 9p: Installing v9fs 9p2000 file system support
[    2.941822][    T1] FS-Cache: Netfs '9p' registered for caching
[    2.946613][    T1] NILFS version 2 loaded
[    2.947049][    T1] befs: version: 0.9.3
[    2.948922][    T1] ocfs2: Registered cluster interface o2cb
[    2.949797][    T1] ocfs2: Registered cluster interface user
[    2.951568][    T1] OCFS2 User DLM kernel interface loaded
[    2.959853][    T1] *** VALIDATE gfs2 ***
[    2.960971][    T1] gfs2: GFS2 installed
[    2.970018][    T1] FS-Cache: Netfs 'ceph' registered for caching
[    2.970516][    T1] ceph: loaded (mds proto 32)
[    2.977109][    T1] NET: Registered protocol family 38
[    2.977914][    T1] async_tx: api initialized (async)
[    2.978325][    T1] Key type asymmetric registered
[    2.978727][    T1] Asymmetric key parser 'x509' registered
[    2.979181][    T1] Asymmetric key parser 'pkcs8' registered
[    2.979629][    T1] Key type pkcs7_test registered
[    2.980188][    T1] Block layer SCSI generic (bsg) driver version 0.4 loaded (major 241)
[    2.981091][    T1] io scheduler mq-deadline registered
[    2.981510][    T1] io scheduler kyber registered
[    2.984121][    T1] io scheduler bfq registered
[    2.988984][    T1] vga16fb: mapped to 0x000000001d521907
[    3.452221][    T1] Console: switching to colour frame buffer device 80x30
[    3.711636][    T1] fb0: VGA16 VGA frame buffer device
[    3.713214][    T1] input: Power Button as /devices/LNXSYSTM:00/LNXPWRBN:00/input/input0
[    3.722672][    T1] ACPI: Power Button [PWRF]
[    3.727598][    T1] ioatdma: Intel(R) QuickData Technology Driver 5.00
[    3.904832][    T1] HDLC line discipline maxframe=4096
[    3.905274][    T1] N_HDLC line discipline registered.
[    3.905718][    T1] Serial: 8250/16550 driver, 4 ports, IRQ sharing enabled
[    3.906604][    T1] 00:04: ttyS0 at I/O 0x3f8 (irq = 4, base_baud = 115200) is a 16550A
[    3.916336][    T1] Initializing Nozomi driver 2.1d
[    3.919585][    T1] Non-volatile memory driver v1.3
[    3.920650][    T1] Linux agpgart interface v0.103
[    3.934181][    T1] [drm] Initialized vgem 1.0.0 20120112 for vgem on minor 0
[    3.935361][    T1] [drm] Supports vblank timestamp caching Rev 2 (21.10.2013).
[    3.936152][    T1] [drm] Driver supports precise vblank timestamp query.
[    3.939716][    T1] [drm] Initialized vkms 1.0.0 20180514 for vkms on minor 1
[    3.940582][    T1] usbcore: registered new interface driver udl
[    3.941194][    T1] fb0: switching to bochsdrmfb from VGA16 VGA
[    4.090207][    T1] Console: switching to colour VGA+ 80x25
[    4.093414][    T1] bochs-drm 0000:00:02.0: vgaarb: deactivate vga console
[    4.099644][    T1] Console: switching to colour dummy device 80x25
[    4.103136][    T1] [drm] Found bochs VGA, ID 0xb0c5.
[    4.103682][    T1] [drm] Framebuffer size 16384 kB @ 0xfd000000, mmio @ 0xfebf0000.
[    4.105182][    T1] [TTM] Zone  kernel: Available graphics memory: 759836 KiB
[    4.106185][    T1] [TTM] Initializing pool allocator
[    4.106886][    T1] [TTM] Initializing DMA pool allocator
[    4.108908][    T1] [drm] Found EDID data blob.
[    4.110818][    T1] [drm] Initialized bochs-drm 1.0.0 20130925 for 0000:00:02.0 on minor 2
[    4.118189][    T1] fbcon: bochs-drmdrmfb (fb0) is primary device
[    4.138493][    T1] Console: switching to colour frame buffer device 160x50
[    4.154547][    T1] bochs-drm 0000:00:02.0: fb0: bochs-drmdrmfb frame buffer device
[    4.181345][    T1] brd: module loaded
[    4.220252][    T1] loop: module loaded
[    4.307603][    T1] zram: Added device: zram0
[    4.311090][    T1] null_blk: module loaded
[    4.311663][    T1] Guest personality initialized and is inactive
[    4.313306][    T1] VMCI host device registered (name=vmci, major=10, minor=56)
[    4.313898][    T1] Initialized host personality
[    4.314532][    T1] usbcore: registered new interface driver rtsx_usb
[    4.315513][    T1] usbcore: registered new interface driver viperboard
[    4.316366][    T1] usbcore: registered new interface driver dln2
[    4.317148][    T1] usbcore: registered new interface driver pn533_usb
[    4.319375][    T1] nfcsim 0.2 initialized
[    4.319991][    T1] usbcore: registered new interface driver port100
[    4.321443][    T1] usbcore: registered new interface driver nfcmrvl
[    4.326466][    T1] Loading iSCSI transport class v2.0-870.
[    4.330122][    T1] st: Version 20160209, fixed bufsize 32768, s/g segs 256
[    4.348431][    T1] scsi host0: ata_piix
[    4.350370][    T1] scsi host1: ata_piix
[    4.351128][    T1] ata1: PATA max MWDMA2 cmd 0x1f0 ctl 0x3f6 bmdma 0xc040 irq 14
[    4.351812][    T1] ata2: PATA max MWDMA2 cmd 0x170 ctl 0x376 bmdma 0xc048 irq 15
[    4.357033][    T1] Rounding down aligned max_sectors from 4294967295 to 4294967288
[    4.358042][    T1] db_root: cannot open: /etc/target
[    4.358828][    T1] slram: not enough parameters.
[    4.364723][    T1] ftl_cs: FTL header not found.
[    4.368424][    T1] Ethernet Channel Bonding Driver: v3.7.1 (April 27, 2011)
[    4.378108][    T1] wireguard: WireGuard 1.0.0 loaded. See www.wireguard.com for information.
[    4.378925][    T1] wireguard: Copyright (C) 2015-2019 Jason A. Donenfeld <Jason@zx2c4.com>. All Rights Reserved.
[    4.379915][    T1] eql: Equalizer2002: Simon Janes (simon@ncm.com) and David S. Miller (davem@redhat.com)
[    4.390592][    T1] MACsec IEEE 802.1AE
[    4.392400][    T1] libphy: Fixed MDIO Bus: probed
[    4.395783][    T1] tun: Universal TUN/TAP device driver, 1.6
[    4.400816][    T1] vcan: Virtual CAN interface driver
[    4.401227][    T1] vxcan: Virtual CAN Tunnel driver
[    4.401625][    T1] slcan: serial line CAN interface driver
[    4.404435][    T1] slcan: 10 dynamic interface channels.
[    4.405051][    T1] CAN device driver interface
[    4.405613][    T1] usbcore: registered new interface driver usb_8dev
[    4.406381][    T1] usbcore: registered new interface driver ems_usb
[    4.407113][    T1] usbcore: registered new interface driver gs_usb
[    4.407822][    T1] usbcore: registered new interface driver kvaser_usb
[    4.408743][    T1] usbcore: registered new interface driver mcba_usb
[    4.409397][    T1] usbcore: registered new interface driver peak_usb
[    4.410320][    T1] e100: Intel(R) PRO/100 Network Driver, 3.5.24-k2-NAPI
[    4.410865][    T1] e100: Copyright(c) 1999-2006 Intel Corporation
[    4.411495][    T1] e1000: Intel(R) PRO/1000 Network Driver - version 7.3.21-k8-NAPI
[    4.412169][    T1] e1000: Copyright (c) 1999-2006 Intel Corporation.
[    4.532915][ T3494] ata2.00: ATAPI: QEMU DVD-ROM, 2.5+, max UDMA/100
[    4.533602][ T3489] ata1.00: ATA-7: QEMU HARDDISK, 2.5+, max UDMA/100
[    4.534135][ T3489] ata1.00: 2097458 sectors, multi 16: LBA48 
[    4.546782][  T247] scsi 0:0:0:0: Direct-Access     ATA      QEMU HARDDISK    2.5+ PQ: 0 ANSI: 5
[    4.549976][ T3515] sd 0:0:0:0: [sda] 2097458 512-byte logical blocks: (1.07 GB/1.00 GiB)
[    4.550812][ T3515] sd 0:0:0:0: [sda] Write Protect is off
[    4.551468][ T3515] sd 0:0:0:0: [sda] Write cache: enabled, read cache: enabled, doesn't support DPO or FUA
[    4.554300][  T247] sd 0:0:0:0: Attached scsi generic sg0 type 0
[    4.557644][   T20] scsi 1:0:0:0: CD-ROM            QEMU     QEMU DVD-ROM     2.5+ PQ: 0 ANSI: 5
[    4.559981][ T3515]  sda: sda1
[    4.563315][ T3515] sd 0:0:0:0: [sda] Attached SCSI disk
[    4.642824][   T20] sr 1:0:0:0: [sr0] scsi3-mmc drive: 4x/4x cd/rw xa/form2 tray
[    4.643445][   T20] cdrom: Uniform CD-ROM driver Revision: 3.20
[    4.647235][   T20] sr 1:0:0:0: Attached scsi generic sg1 type 5
[    5.517162][    T1] PCI Interrupt Link [LNKC] enabled at IRQ 11
[    5.883860][    T1] e1000 0000:00:03.0 eth0: (PCI:33MHz:32-bit) 52:54:00:12:34:56
[    5.884473][    T1] e1000 0000:00:03.0 eth0: Intel(R) PRO/1000 Network Connection
[    5.885456][    T1] e1000e: Intel(R) PRO/1000 Network Driver - 3.2.6-k
[    5.885980][    T1] e1000e: Copyright(c) 1999 - 2015 Intel Corporation.
[    5.887191][    T1] mkiss: AX.25 Multikiss, Hans Albas PE1AYX
[    5.887661][    T1] AX.25: 6pack driver, Revision: 0.3.0
[    5.888101][    T1] AX.25: bpqether driver version 004
[    5.888509][    T1] PPP generic driver version 2.4.2
[    5.890057][    T1] PPP BSD Compression module registered
[    5.890498][    T1] PPP Deflate Compression module registered
[    5.890985][    T1] PPP MPPE Compression module registered
[    5.891419][    T1] NET: Registered protocol family 24
[    5.892200][    T1] PPTP driver version 0.8.5
[    5.892997][    T1] SLIP: version 0.8.4-NET3.019-NEWTTY (dynamic channels, max=256) (6 bit encapsulation enabled).
[    5.893800][    T1] CSLIP: code copyright 1989 Regents of the University of California.
[    5.894417][    T1] SLIP linefill/keepalive option.
[    5.894810][    T1] hdlc: HDLC support module revision 1.22
[    5.895263][    T1] LAPB Ethernet driver version 0.02
[    5.896747][    T1] usbcore: registered new interface driver ath9k_htc
[    5.897626][    T1] usbcore: registered new interface driver carl9170
[    5.898513][    T1] usbcore: registered new interface driver ath6kl_usb
[    5.899365][    T1] usbcore: registered new interface driver ar5523
[    5.900328][    T1] usbcore: registered new interface driver ath10k_usb
[    5.901208][    T1] mac80211_hwsim: initializing netlink
[    5.912888][    T1] usbcore: registered new interface driver atusb
[    5.920300][    T1] mac802154_hwsim mac802154_hwsim: Added 2 mac802154 hwsim hardware radios
[    5.921412][    T1] VMware vmxnet3 virtual NIC driver - version 1.4.17.0-k-NAPI
[    5.922667][    T1] usbcore: registered new interface driver catc
[    5.923403][    T1] usbcore: registered new interface driver kaweth
[    5.924017][    T1] pegasus: v0.9.3 (2013/04/25), Pegasus/Pegasus II USB Ethernet driver
[    5.925238][    T1] usbcore: registered new interface driver pegasus
[    5.927338][    T1] usbcore: registered new interface driver rtl8150
[    5.928053][    T1] usbcore: registered new interface driver r8152
[    5.928624][    T1] hso: drivers/net/usb/hso.c: Option Wireless
[    5.929370][    T1] usbcore: registered new interface driver hso
[    5.930075][    T1] usbcore: registered new interface driver lan78xx
[    5.930804][    T1] usbcore: registered new interface driver asix
[    5.931484][    T1] usbcore: registered new interface driver ax88179_178a
[    5.932296][    T1] usbcore: registered new interface driver cdc_ether
[    5.933040][    T1] usbcore: registered new interface driver cdc_eem
[    5.933809][    T1] usbcore: registered new interface driver dm9601
[    5.934548][    T1] usbcore: registered new interface driver sr9700
[    5.935592][    T1] usbcore: registered new interface driver CoreChips
[    5.936586][    T1] usbcore: registered new interface driver smsc75xx
[    5.938121][    T1] usbcore: registered new interface driver smsc95xx
[    5.938852][    T1] usbcore: registered new interface driver gl620a
[    5.939528][    T1] usbcore: registered new interface driver net1080
[    5.940254][    T1] usbcore: registered new interface driver plusb
[    5.941026][    T1] usbcore: registered new interface driver rndis_host
[    5.941787][    T1] usbcore: registered new interface driver cdc_subset
[    5.943176][    T1] usbcore: registered new interface driver zaurus
[    5.944014][    T1] usbcore: registered new interface driver MOSCHIP usb-ethernet driver
[    5.944899][    T1] usbcore: registered new interface driver int51x1
[    5.945631][    T1] usbcore: registered new interface driver cdc_phonet
[    5.947581][    T1] usbcore: registered new interface driver kalmia
[    5.948259][    T1] usbcore: registered new interface driver ipheth
[    5.948908][    T1] usbcore: registered new interface driver sierra_net
[    5.949579][    T1] usbcore: registered new interface driver cx82310_eth
[    5.950284][    T1] usbcore: registered new interface driver cdc_ncm
[    5.950972][    T1] usbcore: registered new interface driver huawei_cdc_ncm
[    5.951767][    T1] usbcore: registered new interface driver lg-vl600
[    5.952442][    T1] usbcore: registered new interface driver qmi_wwan
[    5.953132][    T1] usbcore: registered new interface driver cdc_mbim
[    5.953828][    T1] usbcore: registered new interface driver ch9200
[    5.956705][    T1] VFIO - User Level meta-driver version: 0.3
[    5.960422][    T1] aoe: AoE v85 initialised.
[    5.963955][    T1] ehci_hcd: USB 2.0 'Enhanced' Host Controller (EHCI) Driver
[    5.964535][    T1] ehci-pci: EHCI PCI platform driver
[    5.965122][    T1] ehci-platform: EHCI generic platform driver
[    5.966038][    T1] ohci_hcd: USB 1.1 'Open' Host Controller (OHCI) Driver
[    5.966596][    T1] ohci-pci: OHCI PCI platform driver
[    5.970392][    T1] ohci-platform: OHCI generic platform driver
[    5.970988][    T1] uhci_hcd: USB Universal Host Controller Interface driver
[    5.973981][    T1] usbcore: registered new interface driver cdc_acm
[    5.974617][    T1] cdc_acm: USB Abstract Control Model driver for USB modems and ISDN adapters
[    5.975587][    T1] usbcore: registered new interface driver usblp
[    5.976286][    T1] usbcore: registered new interface driver cdc_wdm
[    5.976998][    T1] usbcore: registered new interface driver usbtmc
[    5.979596][    T1] usbcore: registered new interface driver uas
[    5.980293][    T1] usbcore: registered new interface driver usb-storage
[    5.981002][    T1] usbcore: registered new interface driver ums-alauda
[    5.981737][    T1] usbcore: registered new interface driver ums-cypress
[    5.982669][    T1] usbcore: registered new interface driver ums-datafab
[    5.983358][    T1] usbcore: registered new interface driver ums_eneub6250
[    5.984051][    T1] usbcore: registered new interface driver ums-freecom
[    5.984727][    T1] usbcore: registered new interface driver ums-isd200
[    5.985390][    T1] usbcore: registered new interface driver ums-jumpshot
[    5.986063][    T1] usbcore: registered new interface driver ums-karma
[    5.986724][    T1] usbcore: registered new interface driver ums-onetouch
[    5.987610][    T1] usbcore: registered new interface driver ums-realtek
[    5.989359][    T1] usbcore: registered new interface driver ums-sddr09
[    5.990008][    T1] usbcore: registered new interface driver ums-sddr55
[    5.990649][    T1] usbcore: registered new interface driver ums-usbat
[    5.991366][    T1] usbcore: registered new interface driver mdc800
[    5.991885][    T1] mdc800: v0.7.5 (30/10/2000):USB Driver for Mustek MDC800 Digital Camera
[    5.992759][    T1] usbcore: registered new interface driver microtekX6
[    5.993656][    T1] usbcore: registered new interface driver usbserial_generic
[    5.994546][    T1] usbserial: USB Serial support registered for generic
[    5.995257][    T1] usbcore: registered new interface driver aircable
[    5.995909][    T1] usbserial: USB Serial support registered for aircable
[    5.996604][    T1] usbcore: registered new interface driver ark3116
[    5.997236][    T1] usbserial: USB Serial support registered for ark3116
[    5.997917][    T1] usbcore: registered new interface driver belkin_sa
[    5.998592][    T1] usbserial: USB Serial support registered for Belkin / Peracom / GoHubs USB Serial Adapter
[    5.999812][    T1] usbcore: registered new interface driver ch341
[    6.001485][    T1] usbserial: USB Serial support registered for ch341-uart
[    6.002192][    T1] usbcore: registered new interface driver cp210x
[    6.002800][    T1] usbserial: USB Serial support registered for cp210x
[    6.003480][    T1] usbcore: registered new interface driver cyberjack
[    6.004169][    T1] usbserial: USB Serial support registered for Reiner SCT Cyberjack USB card reader
[    6.005429][    T1] usbcore: registered new interface driver cypress_m8
[    6.006189][    T1] usbserial: USB Serial support registered for DeLorme Earthmate USB
[    6.007040][    T1] usbserial: USB Serial support registered for HID->COM RS232 Adapter
[    6.007899][    T1] usbserial: USB Serial support registered for Nokia CA-42 V2 Adapter
[    6.009092][    T1] usbcore: registered new interface driver usb_debug
[    6.009832][    T1] usbserial: USB Serial support registered for debug
[    6.010637][    T1] usbserial: USB Serial support registered for xhci_dbc
[    6.012476][    T1] usbcore: registered new interface driver digi_acceleport
[    6.013446][    T1] usbserial: USB Serial support registered for Digi 2 port USB adapter
[    6.014214][    T1] usbserial: USB Serial support registered for Digi 4 port USB adapter
[    6.015010][    T1] usbcore: registered new interface driver io_edgeport
[    6.015671][    T1] usbserial: USB Serial support registered for Edgeport 2 port adapter
[    6.016432][    T1] usbserial: USB Serial support registered for Edgeport 4 port adapter
[    6.017241][    T1] usbserial: USB Serial support registered for Edgeport 8 port adapter
[    6.018078][    T1] usbserial: USB Serial support registered for EPiC device
[    6.018782][    T1] usbcore: registered new interface driver io_ti
[    6.019450][    T1] usbserial: USB Serial support registered for Edgeport TI 1 port adapter
[    6.020419][    T1] usbserial: USB Serial support registered for Edgeport TI 2 port adapter
[    6.021988][    T1] usbcore: registered new interface driver empeg
[    6.022613][    T1] usbserial: USB Serial support registered for empeg
[    6.023238][    T1] usbcore: registered new interface driver f81232
[    6.023872][    T1] usbserial: USB Serial support registered for f81232
[    6.024537][    T1] usbcore: registered new interface driver f81534
[    6.025171][    T1] usbserial: USB Serial support registered for Fintek F81532/F81534
[    6.025976][    T1] usbcore: registered new interface driver ftdi_sio
[    6.026682][    T1] usbserial: USB Serial support registered for FTDI USB Serial Device
[    6.027531][    T1] usbcore: registered new interface driver garmin_gps
[    6.028239][    T1] usbserial: USB Serial support registered for Garmin GPS usb/tty
[    6.029083][    T1] usbcore: registered new interface driver ipaq
[    6.030794][    T1] usbserial: USB Serial support registered for PocketPC PDA
[    6.031482][    T1] usbcore: registered new interface driver ipw
[    6.033302][    T1] usbserial: USB Serial support registered for IPWireless converter
[    6.034162][    T1] usbcore: registered new interface driver ir_usb
[    6.035060][    T1] usbserial: USB Serial support registered for IR Dongle
[    6.035956][    T1] usbcore: registered new interface driver iuu_phoenix
[    6.036710][    T1] usbserial: USB Serial support registered for iuu_phoenix
[    6.037487][    T1] usbcore: registered new interface driver keyspan
[    6.038184][    T1] usbserial: USB Serial support registered for Keyspan - (without firmware)
[    6.039053][    T1] usbserial: USB Serial support registered for Keyspan 1 port adapter
[    6.040897][    T1] usbserial: USB Serial support registered for Keyspan 2 port adapter
[    6.041721][    T1] usbserial: USB Serial support registered for Keyspan 4 port adapter
[    6.043245][    T1] usbcore: registered new interface driver keyspan_pda
[    6.043968][    T1] usbserial: USB Serial support registered for Keyspan PDA
[    6.044659][    T1] usbserial: USB Serial support registered for Keyspan PDA - (prerenumeration)
[    6.045505][    T1] usbcore: registered new interface driver kl5kusb105
[    6.046164][    T1] usbserial: USB Serial support registered for KL5KUSB105D / PalmConnect
[    6.046959][    T1] usbcore: registered new interface driver kobil_sct
[    6.047620][    T1] usbserial: USB Serial support registered for KOBIL USB smart card terminal
[    6.048441][    T1] usbcore: registered new interface driver mct_u232
[    6.049266][    T1] usbserial: USB Serial support registered for MCT U232
[    6.050309][    T1] usbcore: registered new interface driver metro_usb
[    6.051132][    T1] usbserial: USB Serial support registered for Metrologic USB to Serial
[    6.052073][    T1] usbcore: registered new interface driver mos7720
[    6.052710][    T1] usbserial: USB Serial support registered for Moschip 2 port adapter
[    6.053448][    T1] usbcore: registered new interface driver mos7840
[    6.054082][    T1] usbserial: USB Serial support registered for Moschip 7840/7820 USB Serial Driver
[    6.054939][    T1] usbcore: registered new interface driver mxuport
[    6.055570][    T1] usbserial: USB Serial support registered for MOXA UPort
[    6.056263][    T1] usbcore: registered new interface driver navman
[    6.056886][    T1] usbserial: USB Serial support registered for navman
[    6.057550][    T1] usbcore: registered new interface driver omninet
[    6.058181][    T1] usbserial: USB Serial support registered for ZyXEL - omni.net lcd plus usb
[    6.058997][    T1] usbcore: registered new interface driver opticon
[    6.060831][    T1] usbserial: USB Serial support registered for opticon
[    6.061487][    T1] usbcore: registered new interface driver option
[    6.062103][    T1] usbserial: USB Serial support registered for GSM modem (1-port)
[    6.062860][    T1] usbcore: registered new interface driver oti6858
[    6.063492][    T1] usbserial: USB Serial support registered for oti6858
[    6.064207][    T1] usbcore: registered new interface driver pl2303
[    6.064838][    T1] usbserial: USB Serial support registered for pl2303
[    6.065878][    T1] usbcore: registered new interface driver qcaux
[    6.066631][    T1] usbserial: USB Serial support registered for qcaux
[    6.067367][    T1] usbcore: registered new interface driver qcserial
[    6.068296][    T1] usbserial: USB Serial support registered for Qualcomm USB modem
[    6.070238][    T1] usbcore: registered new interface driver quatech2
[    6.070918][    T1] usbserial: USB Serial support registered for Quatech 2nd gen USB to Serial Driver
[    6.071978][    T1] usbcore: registered new interface driver safe_serial
[    6.072718][    T1] usbserial: USB Serial support registered for safe_serial
[    6.073505][    T1] usbcore: registered new interface driver sierra
[    6.074166][    T1] usbserial: USB Serial support registered for Sierra USB modem
[    6.074918][    T1] usbcore: registered new interface driver usb_serial_simple
[    6.075619][    T1] usbserial: USB Serial support registered for carelink
[    6.076288][    T1] usbserial: USB Serial support registered for zio
[    6.076928][    T1] usbserial: USB Serial support registered for funsoft
[    6.077602][    T1] usbserial: USB Serial support registered for flashloader
[    6.079481][    T1] usbserial: USB Serial support registered for google
[    6.080120][    T1] usbserial: USB Serial support registered for libtransistor
[    6.080784][    T1] usbserial: USB Serial support registered for vivopay
[    6.081439][    T1] usbserial: USB Serial support registered for moto_modem
[    6.082190][    T1] usbserial: USB Serial support registered for motorola_tetra
[    6.083160][    T1] usbserial: USB Serial support registered for novatel_gps
[    6.083975][    T1] usbserial: USB Serial support registered for hp4x
[    6.084707][    T1] usbserial: USB Serial support registered for suunto
[    6.085457][    T1] usbserial: USB Serial support registered for siemens_mpi
[    6.086244][    T1] usbcore: registered new interface driver spcp8x5
[    6.086928][    T1] usbserial: USB Serial support registered for SPCP8x5
[    6.087718][    T1] usbcore: registered new interface driver ssu100
[    6.088409][    T1] usbserial: USB Serial support registered for Quatech SSU-100 USB to Serial Driver
[    6.090508][    T1] usbcore: registered new interface driver symbolserial
[    6.091298][    T1] usbserial: USB Serial support registered for symbol
[    6.092282][    T1] usbcore: registered new interface driver ti_usb_3410_5052
[    6.093015][    T1] usbserial: USB Serial support registered for TI USB 3410 1 port adapter
[    6.093911][    T1] usbserial: USB Serial support registered for TI USB 5052 2 port adapter
[    6.094813][    T1] usbcore: registered new interface driver upd78f0730
[    6.096024][    T1] usbserial: USB Serial support registered for upd78f0730
[    6.097032][    T1] usbcore: registered new interface driver visor
[    6.097800][    T1] usbserial: USB Serial support registered for Handspring Visor / Palm OS
[    6.098870][    T1] usbserial: USB Serial support registered for Sony Clie 5.0
[    6.099622][    T1] usbserial: USB Serial support registered for Sony Clie 3.5
[    6.100566][    T1] usbcore: registered new interface driver wishbone_serial
[    6.101280][    T1] usbserial: USB Serial support registered for wishbone_serial
[    6.102093][    T1] usbcore: registered new interface driver whiteheat
[    6.102827][    T1] usbserial: USB Serial support registered for Connect Tech - WhiteHEAT - (prerenumeration)
[    6.103807][    T1] usbserial: USB Serial support registered for Connect Tech - WhiteHEAT
[    6.104690][    T1] usbcore: registered new interface driver xsens_mt
[    6.105401][    T1] usbserial: USB Serial support registered for xsens_mt
[    6.106149][    T1] usbcore: registered new interface driver adutux
[    6.106858][    T1] usbcore: registered new interface driver appledisplay
[    6.107610][    T1] usbcore: registered new interface driver cypress_cy7c63
[    6.108360][    T1] usbcore: registered new interface driver cytherm
[    6.109072][    T1] usbcore: registered new interface driver emi26 - firmware loader
[    6.110233][    T1] usbcore: registered new interface driver emi62 - firmware loader
[    6.111250][    T1] usbcore: registered new interface driver idmouse
[    6.112807][    T1] usbcore: registered new interface driver iowarrior
[    6.113512][    T1] usbcore: registered new interface driver isight_firmware
[    6.114238][    T1] usbcore: registered new interface driver usblcd
[    6.114952][    T1] usbcore: registered new interface driver ldusb
[    6.115657][    T1] usbcore: registered new interface driver legousbtower
[    6.116453][    T1] usbcore: registered new interface driver usbtest
[    6.117170][    T1] usbcore: registered new interface driver usb_ehset_test
[    6.117945][    T1] usbcore: registered new interface driver trancevibrator
[    6.118731][    T1] usbcore: registered new interface driver uss720
[    6.119278][    T1] uss720: USB Parport Cable driver for Cables using the Lucent Technologies USS720 Chip
[    6.120091][    T1] uss720: NOTE: this is a special purpose driver to allow nonstandard
[    6.120776][    T1] uss720: protocols (eg. bitbang) over USS720 usb to parallel cables
[    6.121447][    T1] uss720: If you just want to connect to a printer, use usblp instead
[    6.124292][    T1] usbcore: registered new interface driver usbsevseg
[    6.124997][    T1] usbcore: registered new interface driver yurex
[    6.126615][    T1] usbcore: registered new interface driver chaoskey
[    6.127461][    T1] usbcore: registered new interface driver sisusb
[    6.128323][    T1] usbcore: registered new interface driver lvs
[    6.129030][    T1] usbcore: registered new interface driver cxacru
[    6.129817][    T1] usbcore: registered new interface driver speedtch
[    6.130561][    T1] usbcore: registered new interface driver ueagle-atm
[    6.131134][    T1] xusbatm: malformed module parameters
[    6.134763][    T1] dummy_hcd dummy_hcd.0: USB Host+Gadget Emulator, driver 02 May 2005
[    6.135510][    T1] dummy_hcd dummy_hcd.0: Dummy host controller
[    6.137822][    T1] dummy_hcd dummy_hcd.0: new USB bus registered, assigned bus number 1
[    6.139533][    T1] usb usb1: New USB device found, idVendor=1d6b, idProduct=0002, bcdDevice= 5.06
[    6.140305][    T1] usb usb1: New USB device strings: Mfr=3, Product=2, SerialNumber=1
[    6.140932][    T1] usb usb1: Product: Dummy host controller
[    6.141378][    T1] usb usb1: Manufacturer: Linux 5.6.0-rc1-cd982e6c44a7-00016-gcd982e6c44a7 dummy_hcd
[    6.142392][    T1] usb usb1: SerialNumber: dummy_hcd.0
[    6.144450][    T1] hub 1-0:1.0: USB hub found
[    6.144988][    T1] hub 1-0:1.0: 1 port detected
[    6.147140][    T1] dummy_hcd dummy_hcd.1: USB Host+Gadget Emulator, driver 02 May 2005
[    6.147798][    T1] dummy_hcd dummy_hcd.1: Dummy host controller
[    6.148775][    T1] dummy_hcd dummy_hcd.1: new USB bus registered, assigned bus number 2
[    6.150224][    T1] usb usb2: New USB device found, idVendor=1d6b, idProduct=0002, bcdDevice= 5.06
[    6.150935][    T1] usb usb2: New USB device strings: Mfr=3, Product=2, SerialNumber=1
[    6.151559][    T1] usb usb2: Product: Dummy host controller
[    6.152068][    T1] usb usb2: Manufacturer: Linux 5.6.0-rc1-cd982e6c44a7-00016-gcd982e6c44a7 dummy_hcd
[    6.152806][    T1] usb usb2: SerialNumber: dummy_hcd.1
[    6.154118][    T1] hub 2-0:1.0: USB hub found
[    6.154569][    T1] hub 2-0:1.0: 1 port detected
[    6.156205][    T1] dummy_hcd dummy_hcd.2: USB Host+Gadget Emulator, driver 02 May 2005
[    6.156902][    T1] dummy_hcd dummy_hcd.2: Dummy host controller
[    6.158131][    T1] dummy_hcd dummy_hcd.2: new USB bus registered, assigned bus number 3
[    6.159273][    T1] usb usb3: New USB device found, idVendor=1d6b, idProduct=0002, bcdDevice= 5.06
[    6.160062][    T1] usb usb3: New USB device strings: Mfr=3, Product=2, SerialNumber=1
[    6.160738][    T1] usb usb3: Product: Dummy host controller
[    6.161223][    T1] usb usb3: Manufacturer: Linux 5.6.0-rc1-cd982e6c44a7-00016-gcd982e6c44a7 dummy_hcd
[    6.162875][    T1] usb usb3: SerialNumber: dummy_hcd.2
[    6.164257][    T1] hub 3-0:1.0: USB hub found
[    6.164746][    T1] hub 3-0:1.0: 1 port detected
[    6.166475][    T1] dummy_hcd dummy_hcd.3: USB Host+Gadget Emulator, driver 02 May 2005
[    6.167125][    T1] dummy_hcd dummy_hcd.3: Dummy host controller
[    6.167937][    T1] dummy_hcd dummy_hcd.3: new USB bus registered, assigned bus number 4
[    6.168946][    T1] usb usb4: New USB device found, idVendor=1d6b, idProduct=0002, bcdDevice= 5.06
[    6.169661][    T1] usb usb4: New USB device strings: Mfr=3, Product=2, SerialNumber=1
[    6.170276][    T1] usb usb4: Product: Dummy host controller
[    6.170722][    T1] usb usb4: Manufacturer: Linux 5.6.0-rc1-cd982e6c44a7-00016-gcd982e6c44a7 dummy_hcd
[    6.171441][    T1] usb usb4: SerialNumber: dummy_hcd.3
[    6.173472][    T1] hub 4-0:1.0: USB hub found
[    6.173926][    T1] hub 4-0:1.0: 1 port detected
[    6.175517][    T1] dummy_hcd dummy_hcd.4: USB Host+Gadget Emulator, driver 02 May 2005
[    6.176176][    T1] dummy_hcd dummy_hcd.4: Dummy host controller
[    6.177003][    T1] dummy_hcd dummy_hcd.4: new USB bus registered, assigned bus number 5
[    6.178011][    T1] usb usb5: New USB device found, idVendor=1d6b, idProduct=0002, bcdDevice= 5.06
[    6.178711][    T1] usb usb5: New USB device strings: Mfr=3, Product=2, SerialNumber=1
[    6.179326][    T1] usb usb5: Product: Dummy host controller
[    6.179774][    T1] usb usb5: Manufacturer: Linux 5.6.0-rc1-cd982e6c44a7-00016-gcd982e6c44a7 dummy_hcd
[    6.180468][    T1] usb usb5: SerialNumber: dummy_hcd.4
[    6.183036][    T1] hub 5-0:1.0: USB hub found
[    6.183497][    T1] hub 5-0:1.0: 1 port detected
[    6.185100][    T1] dummy_hcd dummy_hcd.5: USB Host+Gadget Emulator, driver 02 May 2005
[    6.185775][    T1] dummy_hcd dummy_hcd.5: Dummy host controller
[    6.186801][    T1] dummy_hcd dummy_hcd.5: new USB bus registered, assigned bus number 6
[    6.188731][    T1] usb usb6: New USB device found, idVendor=1d6b, idProduct=0002, bcdDevice= 5.06
[    6.189549][    T1] usb usb6: New USB device strings: Mfr=3, Product=2, SerialNumber=1
[    6.190245][    T1] usb usb6: Product: Dummy host controller
[    6.190763][    T1] usb usb6: Manufacturer: Linux 5.6.0-rc1-cd982e6c44a7-00016-gcd982e6c44a7 dummy_hcd
[    6.191558][    T1] usb usb6: SerialNumber: dummy_hcd.5
[    6.193266][    T1] hub 6-0:1.0: USB hub found
[    6.193770][    T1] hub 6-0:1.0: 1 port detected
[    6.195538][    T1] dummy_hcd dummy_hcd.6: USB Host+Gadget Emulator, driver 02 May 2005
[    6.196269][    T1] dummy_hcd dummy_hcd.6: Dummy host controller
[    6.197248][    T1] dummy_hcd dummy_hcd.6: new USB bus registered, assigned bus number 7
[    6.198689][    T1] usb usb7: New USB device found, idVendor=1d6b, idProduct=0002, bcdDevice= 5.06
[    6.199398][    T1] usb usb7: New USB device strings: Mfr=3, Product=2, SerialNumber=1
[    6.200014][    T1] usb usb7: Product: Dummy host controller
[    6.200461][    T1] usb usb7: Manufacturer: Linux 5.6.0-rc1-cd982e6c44a7-00016-gcd982e6c44a7 dummy_hcd
[    6.201187][    T1] usb usb7: SerialNumber: dummy_hcd.6
[    6.202800][    T1] hub 7-0:1.0: USB hub found
[    6.203250][    T1] hub 7-0:1.0: 1 port detected
[    6.204905][    T1] dummy_hcd dummy_hcd.7: USB Host+Gadget Emulator, driver 02 May 2005
[    6.205561][    T1] dummy_hcd dummy_hcd.7: Dummy host controller
[    6.206394][    T1] dummy_hcd dummy_hcd.7: new USB bus registered, assigned bus number 8
[    6.207408][    T1] usb usb8: New USB device found, idVendor=1d6b, idProduct=0002, bcdDevice= 5.06
[    6.208113][    T1] usb usb8: New USB device strings: Mfr=3, Product=2, SerialNumber=1
[    6.208734][    T1] usb usb8: Product: Dummy host controller
[    6.209182][    T1] usb usb8: Manufacturer: Linux 5.6.0-rc1-cd982e6c44a7-00016-gcd982e6c44a7 dummy_hcd
[    6.209908][    T1] usb usb8: SerialNumber: dummy_hcd.7
[    6.212642][    T1] hub 8-0:1.0: USB hub found
[    6.213081][    T1] hub 8-0:1.0: 1 port detected
[    6.227143][    T1] gadgetfs: USB Gadget filesystem, version 24 Aug 2004
[    6.228598][    T1] vhci_hcd vhci_hcd.0: USB/IP Virtual Host Controller
[    6.229575][    T1] vhci_hcd vhci_hcd.0: new USB bus registered, assigned bus number 9
[    6.230386][    T1] vhci_hcd: created sysfs vhci_hcd.0
[    6.233010][    T1] usb usb9: New USB device found, idVendor=1d6b, idProduct=0002, bcdDevice= 5.06
[    6.233726][    T1] usb usb9: New USB device strings: Mfr=3, Product=2, SerialNumber=1
[    6.234342][    T1] usb usb9: Product: USB/IP Virtual Host Controller
[    6.234853][    T1] usb usb9: Manufacturer: Linux 5.6.0-rc1-cd982e6c44a7-00016-gcd982e6c44a7 vhci_hcd
[    6.235569][    T1] usb usb9: SerialNumber: vhci_hcd.0
[    6.236869][    T1] hub 9-0:1.0: USB hub found
[    6.237364][    T1] hub 9-0:1.0: 8 ports detected
[    6.240255][    T1] vhci_hcd vhci_hcd.0: USB/IP Virtual Host Controller
[    6.241310][    T1] vhci_hcd vhci_hcd.0: new USB bus registered, assigned bus number 10
[    6.242287][    T1] usb usb10: We don't know the algorithms for LPM for this host, disabling LPM.
[    6.243556][    T1] usb usb10: New USB device found, idVendor=1d6b, idProduct=0003, bcdDevice= 5.06
[    6.244268][    T1] usb usb10: New USB device strings: Mfr=3, Product=2, SerialNumber=1
[    6.244895][    T1] usb usb10: Product: USB/IP Virtual Host Controller
[    6.245404][    T1] usb usb10: Manufacturer: Linux 5.6.0-rc1-cd982e6c44a7-00016-gcd982e6c44a7 vhci_hcd
[    6.246126][    T1] usb usb10: SerialNumber: vhci_hcd.0
[    6.247766][    T1] hub 10-0:1.0: USB hub found
[    6.248228][    T1] hub 10-0:1.0: 8 ports detected
[    6.253096][    T1] vhci_hcd vhci_hcd.1: USB/IP Virtual Host Controller
[    6.254156][    T1] vhci_hcd vhci_hcd.1: new USB bus registered, assigned bus number 11
[    6.255681][    T1] usb usb11: New USB device found, idVendor=1d6b, idProduct=0002, bcdDevice= 5.06
[    6.256597][    T1] usb usb11: New USB device strings: Mfr=3, Product=2, SerialNumber=1
[    6.257398][    T1] usb usb11: Product: USB/IP Virtual Host Controller
[    6.258056][    T1] usb usb11: Manufacturer: Linux 5.6.0-rc1-cd982e6c44a7-00016-gcd982e6c44a7 vhci_hcd
[    6.258984][    T1] usb usb11: SerialNumber: vhci_hcd.1
[    6.260657][    T1] hub 11-0:1.0: USB hub found
[    6.261288][    T1] hub 11-0:1.0: 8 ports detected
[    6.264549][    T1] vhci_hcd vhci_hcd.1: USB/IP Virtual Host Controller
[    6.265650][    T1] vhci_hcd vhci_hcd.1: new USB bus registered, assigned bus number 12
[    6.266607][    T1] usb usb12: We don't know the algorithms for LPM for this host, disabling LPM.
[    6.267995][    T1] usb usb12: New USB device found, idVendor=1d6b, idProduct=0003, bcdDevice= 5.06
[    6.268976][    T1] usb usb12: New USB device strings: Mfr=3, Product=2, SerialNumber=1
[    6.269776][    T1] usb usb12: Product: USB/IP Virtual Host Controller
[    6.270429][    T1] usb usb12: Manufacturer: Linux 5.6.0-rc1-cd982e6c44a7-00016-gcd982e6c44a7 vhci_hcd
[    6.271353][    T1] usb usb12: SerialNumber: vhci_hcd.1
[    6.274222][    T1] hub 12-0:1.0: USB hub found
[    6.274782][    T1] hub 12-0:1.0: 8 ports detected
[    6.278321][    T1] vhci_hcd vhci_hcd.2: USB/IP Virtual Host Controller
[    6.279692][    T1] vhci_hcd vhci_hcd.2: new USB bus registered, assigned bus number 13
[    6.281311][    T1] usb usb13: New USB device found, idVendor=1d6b, idProduct=0002, bcdDevice= 5.06
[    6.283417][    T1] usb usb13: New USB device strings: Mfr=3, Product=2, SerialNumber=1
[    6.284058][    T1] usb usb13: Product: USB/IP Virtual Host Controller
[    6.284576][    T1] usb usb13: Manufacturer: Linux 5.6.0-rc1-cd982e6c44a7-00016-gcd982e6c44a7 vhci_hcd
[    6.285299][    T1] usb usb13: SerialNumber: vhci_hcd.2
[    6.286564][    T1] hub 13-0:1.0: USB hub found
[    6.287017][    T1] hub 13-0:1.0: 8 ports detected
[    6.289771][    T1] vhci_hcd vhci_hcd.2: USB/IP Virtual Host Controller
[    6.290675][    T1] vhci_hcd vhci_hcd.2: new USB bus registered, assigned bus number 14
[    6.291545][    T1] usb usb14: We don't know the algorithms for LPM for this host, disabling LPM.
[    6.292993][    T1] usb usb14: New USB device found, idVendor=1d6b, idProduct=0003, bcdDevice= 5.06
[    6.293713][    T1] usb usb14: New USB device strings: Mfr=3, Product=2, SerialNumber=1
[    6.294337][    T1] usb usb14: Product: USB/IP Virtual Host Controller
[    6.294850][    T1] usb usb14: Manufacturer: Linux 5.6.0-rc1-cd982e6c44a7-00016-gcd982e6c44a7 vhci_hcd
[    6.295575][    T1] usb usb14: SerialNumber: vhci_hcd.2
[    6.296974][    T1] hub 14-0:1.0: USB hub found
[    6.297428][    T1] hub 14-0:1.0: 8 ports detected
[    6.300797][    T1] vhci_hcd vhci_hcd.3: USB/IP Virtual Host Controller
[    6.301722][    T1] vhci_hcd vhci_hcd.3: new USB bus registered, assigned bus number 15
[    6.302855][    T1] usb usb15: New USB device found, idVendor=1d6b, idProduct=0002, bcdDevice= 5.06
[    6.303577][    T1] usb usb15: New USB device strings: Mfr=3, Product=2, SerialNumber=1
[    6.304198][    T1] usb usb15: Product: USB/IP Virtual Host Controller
[    6.304711][    T1] usb usb15: Manufacturer: Linux 5.6.0-rc1-cd982e6c44a7-00016-gcd982e6c44a7 vhci_hcd
[    6.305427][    T1] usb usb15: SerialNumber: vhci_hcd.3
[    6.306821][    T1] hub 15-0:1.0: USB hub found
[    6.307271][    T1] hub 15-0:1.0: 8 ports detected
[    6.310634][    T1] vhci_hcd vhci_hcd.3: USB/IP Virtual Host Controller
[    6.311681][    T1] vhci_hcd vhci_hcd.3: new USB bus registered, assigned bus number 16
[    6.312580][    T1] usb usb16: We don't know the algorithms for LPM for this host, disabling LPM.
[    6.313914][    T1] usb usb16: New USB device found, idVendor=1d6b, idProduct=0003, bcdDevice= 5.06
[    6.314691][    T1] usb usb16: New USB device strings: Mfr=3, Product=2, SerialNumber=1
[    6.315368][    T1] usb usb16: Product: USB/IP Virtual Host Controller
[    6.315930][    T1] usb usb16: Manufacturer: Linux 5.6.0-rc1-cd982e6c44a7-00016-gcd982e6c44a7 vhci_hcd
[    6.316718][    T1] usb usb16: SerialNumber: vhci_hcd.3
[    6.318260][    T1] hub 16-0:1.0: USB hub found
[    6.318765][    T1] hub 16-0:1.0: 8 ports detected
[    6.322172][    T1] vhci_hcd vhci_hcd.4: USB/IP Virtual Host Controller
[    6.323071][    T1] vhci_hcd vhci_hcd.4: new USB bus registered, assigned bus number 17
[    6.324239][    T1] usb usb17: New USB device found, idVendor=1d6b, idProduct=0002, bcdDevice= 5.06
[    6.324955][    T1] usb usb17: New USB device strings: Mfr=3, Product=2, SerialNumber=1
[    6.325577][    T1] usb usb17: Product: USB/IP Virtual Host Controller
[    6.326087][    T1] usb usb17: Manufacturer: Linux 5.6.0-rc1-cd982e6c44a7-00016-gcd982e6c44a7 vhci_hcd
[    6.326807][    T1] usb usb17: SerialNumber: vhci_hcd.4
[    6.328377][    T1] hub 17-0:1.0: USB hub found
[    6.328831][    T1] hub 17-0:1.0: 8 ports detected
[    6.331578][    T1] vhci_hcd vhci_hcd.4: USB/IP Virtual Host Controller
[    6.332610][    T1] vhci_hcd vhci_hcd.4: new USB bus registered, assigned bus number 18
[    6.333402][    T1] usb usb18: We don't know the algorithms for LPM for this host, disabling LPM.
[    6.334459][    T1] usb usb18: New USB device found, idVendor=1d6b, idProduct=0003, bcdDevice= 5.06
[    6.335169][    T1] usb usb18: New USB device strings: Mfr=3, Product=2, SerialNumber=1
[    6.335794][    T1] usb usb18: Product: USB/IP Virtual Host Controller
[    6.336305][    T1] usb usb18: Manufacturer: Linux 5.6.0-rc1-cd982e6c44a7-00016-gcd982e6c44a7 vhci_hcd
[    6.337031][    T1] usb usb18: SerialNumber: vhci_hcd.4
[    6.338421][    T1] hub 18-0:1.0: USB hub found
[    6.338898][    T1] hub 18-0:1.0: 8 ports detected
[    6.343810][    T1] vhci_hcd vhci_hcd.5: USB/IP Virtual Host Controller
[    6.344791][    T1] vhci_hcd vhci_hcd.5: new USB bus registered, assigned bus number 19
[    6.345903][    T1] usb usb19: New USB device found, idVendor=1d6b, idProduct=0002, bcdDevice= 5.06
[    6.346682][    T1] usb usb19: New USB device strings: Mfr=3, Product=2, SerialNumber=1
[    6.347367][    T1] usb usb19: Product: USB/IP Virtual Host Controller
[    6.347927][    T1] usb usb19: Manufacturer: Linux 5.6.0-rc1-cd982e6c44a7-00016-gcd982e6c44a7 vhci_hcd
[    6.348719][    T1] usb usb19: SerialNumber: vhci_hcd.5
[    6.350607][    T1] hub 19-0:1.0: USB hub found
[    6.351067][    T1] hub 19-0:1.0: 8 ports detected
[    6.354838][    T1] vhci_hcd vhci_hcd.5: USB/IP Virtual Host Controller
[    6.355860][    T1] vhci_hcd vhci_hcd.5: new USB bus registered, assigned bus number 20
[    6.356645][    T1] usb usb20: We don't know the algorithms for LPM for this host, disabling LPM.
[    6.357850][    T1] usb usb20: New USB device found, idVendor=1d6b, idProduct=0003, bcdDevice= 5.06
[    6.358563][    T1] usb usb20: New USB device strings: Mfr=3, Product=2, SerialNumber=1
[    6.359186][    T1] usb usb20: Product: USB/IP Virtual Host Controller
[    6.359696][    T1] usb usb20: Manufacturer: Linux 5.6.0-rc1-cd982e6c44a7-00016-gcd982e6c44a7 vhci_hcd
[    6.360416][    T1] usb usb20: SerialNumber: vhci_hcd.5
[    6.361824][    T1] hub 20-0:1.0: USB hub found
[    6.362309][    T1] hub 20-0:1.0: 8 ports detected
[    6.365630][    T1] vhci_hcd vhci_hcd.6: USB/IP Virtual Host Controller
[    6.366649][    T1] vhci_hcd vhci_hcd.6: new USB bus registered, assigned bus number 21
[    6.367665][    T1] usb usb21: New USB device found, idVendor=1d6b, idProduct=0002, bcdDevice= 5.06
[    6.368373][    T1] usb usb21: New USB device strings: Mfr=3, Product=2, SerialNumber=1
[    6.369000][    T1] usb usb21: Product: USB/IP Virtual Host Controller
[    6.369509][    T1] usb usb21: Manufacturer: Linux 5.6.0-rc1-cd982e6c44a7-00016-gcd982e6c44a7 vhci_hcd
[    6.370236][    T1] usb usb21: SerialNumber: vhci_hcd.6
[    6.372546][    T1] hub 21-0:1.0: USB hub found
[    6.373058][    T1] hub 21-0:1.0: 8 ports detected
[    6.376197][    T1] vhci_hcd vhci_hcd.6: USB/IP Virtual Host Controller
[    6.377297][    T1] vhci_hcd vhci_hcd.6: new USB bus registered, assigned bus number 22
[    6.378151][    T1] usb usb22: We don't know the algorithms for LPM for this host, disabling LPM.
[    6.379348][    T1] usb usb22: New USB device found, idVendor=1d6b, idProduct=0003, bcdDevice= 5.06
[    6.380125][    T1] usb usb22: New USB device strings: Mfr=3, Product=2, SerialNumber=1
[    6.380840][    T1] usb usb22: Product: USB/IP Virtual Host Controller
[    6.381353][    T1] usb usb22: Manufacturer: Linux 5.6.0-rc1-cd982e6c44a7-00016-gcd982e6c44a7 vhci_hcd
[    6.382394][    T1] usb usb22: SerialNumber: vhci_hcd.6
[    6.383752][    T1] hub 22-0:1.0: USB hub found
[    6.384207][    T1] hub 22-0:1.0: 8 ports detected
[    6.387591][    T1] vhci_hcd vhci_hcd.7: USB/IP Virtual Host Controller
[    6.388511][    T1] vhci_hcd vhci_hcd.7: new USB bus registered, assigned bus number 23
[    6.389683][    T1] usb usb23: New USB device found, idVendor=1d6b, idProduct=0002, bcdDevice= 5.06
[    6.390389][    T1] usb usb23: New USB device strings: Mfr=3, Product=2, SerialNumber=1
[    6.391013][    T1] usb usb23: Product: USB/IP Virtual Host Controller
[    6.391520][    T1] usb usb23: Manufacturer: Linux 5.6.0-rc1-cd982e6c44a7-00016-gcd982e6c44a7 vhci_hcd
[    6.392477][    T1] usb usb23: SerialNumber: vhci_hcd.7
[    6.394101][    T1] hub 23-0:1.0: USB hub found
[    6.394560][    T1] hub 23-0:1.0: 8 ports detected
[    6.397331][    T1] vhci_hcd vhci_hcd.7: USB/IP Virtual Host Controller
[    6.398236][    T1] vhci_hcd vhci_hcd.7: new USB bus registered, assigned bus number 24
[    6.399106][    T1] usb usb24: We don't know the algorithms for LPM for this host, disabling LPM.
[    6.400307][    T1] usb usb24: New USB device found, idVendor=1d6b, idProduct=0003, bcdDevice= 5.06
[    6.401019][    T1] usb usb24: New USB device strings: Mfr=3, Product=2, SerialNumber=1
[    6.401988][    T1] usb usb24: Product: USB/IP Virtual Host Controller
[    6.402617][    T1] usb usb24: Manufacturer: Linux 5.6.0-rc1-cd982e6c44a7-00016-gcd982e6c44a7 vhci_hcd
[    6.403428][    T1] usb usb24: SerialNumber: vhci_hcd.7
[    6.405005][    T1] hub 24-0:1.0: USB hub found
[    6.405501][    T1] hub 24-0:1.0: 8 ports detected
[    6.409013][    T1] vhci_hcd vhci_hcd.8: USB/IP Virtual Host Controller
[    6.410008][    T1] vhci_hcd vhci_hcd.8: new USB bus registered, assigned bus number 25
[    6.411273][    T1] usb usb25: New USB device found, idVendor=1d6b, idProduct=0002, bcdDevice= 5.06
[    6.413064][    T1] usb usb25: New USB device strings: Mfr=3, Product=2, SerialNumber=1
[    6.413709][    T1] usb usb25: Product: USB/IP Virtual Host Controller
[    6.414217][    T1] usb usb25: Manufacturer: Linux 5.6.0-rc1-cd982e6c44a7-00016-gcd982e6c44a7 vhci_hcd
[    6.415001][    T1] usb usb25: SerialNumber: vhci_hcd.8
[    6.416303][    T1] hub 25-0:1.0: USB hub found
[    6.416799][    T1] hub 25-0:1.0: 8 ports detected
[    6.419761][    T1] vhci_hcd vhci_hcd.8: USB/IP Virtual Host Controller
[    6.420778][    T1] vhci_hcd vhci_hcd.8: new USB bus registered, assigned bus number 26
[    6.421553][    T1] usb usb26: We don't know the algorithms for LPM for this host, disabling LPM.
[    6.422631][    T1] usb usb26: New USB device found, idVendor=1d6b, idProduct=0003, bcdDevice= 5.06
[    6.423413][    T1] usb usb26: New USB device strings: Mfr=3, Product=2, SerialNumber=1
[    6.424083][    T1] usb usb26: Product: USB/IP Virtual Host Controller
[    6.424599][    T1] usb usb26: Manufacturer: Linux 5.6.0-rc1-cd982e6c44a7-00016-gcd982e6c44a7 vhci_hcd
[    6.425316][    T1] usb usb26: SerialNumber: vhci_hcd.8
[    6.426701][    T1] hub 26-0:1.0: USB hub found
[    6.427154][    T1] hub 26-0:1.0: 8 ports detected
[    6.430568][    T1] vhci_hcd vhci_hcd.9: USB/IP Virtual Host Controller
[    6.431655][    T1] vhci_hcd vhci_hcd.9: new USB bus registered, assigned bus number 27
[    6.433710][    T1] usb usb27: New USB device found, idVendor=1d6b, idProduct=0002, bcdDevice= 5.06
[    6.434517][    T1] usb usb27: New USB device strings: Mfr=3, Product=2, SerialNumber=1
[    6.435226][    T1] usb usb27: Product: USB/IP Virtual Host Controller
[    6.435793][    T1] usb usb27: Manufacturer: Linux 5.6.0-rc1-cd982e6c44a7-00016-gcd982e6c44a7 vhci_hcd
[    6.436589][    T1] usb usb27: SerialNumber: vhci_hcd.9
[    6.438095][    T1] hub 27-0:1.0: USB hub found
[    6.438600][    T1] hub 27-0:1.0: 8 ports detected
[    6.441560][    T1] vhci_hcd vhci_hcd.9: USB/IP Virtual Host Controller
[    6.442555][    T1] vhci_hcd vhci_hcd.9: new USB bus registered, assigned bus number 28
[    6.443333][    T1] usb usb28: We don't know the algorithms for LPM for this host, disabling LPM.
[    6.444338][    T1] usb usb28: New USB device found, idVendor=1d6b, idProduct=0003, bcdDevice= 5.06
[    6.445042][    T1] usb usb28: New USB device strings: Mfr=3, Product=2, SerialNumber=1
[    6.445663][    T1] usb usb28: Product: USB/IP Virtual Host Controller
[    6.446172][    T1] usb usb28: Manufacturer: Linux 5.6.0-rc1-cd982e6c44a7-00016-gcd982e6c44a7 vhci_hcd
[    6.446889][    T1] usb usb28: SerialNumber: vhci_hcd.9
[    6.448253][    T1] hub 28-0:1.0: USB hub found
[    6.448708][    T1] hub 28-0:1.0: 8 ports detected
[    6.452632][    T1] vhci_hcd vhci_hcd.10: USB/IP Virtual Host Controller
[    6.453708][    T1] vhci_hcd vhci_hcd.10: new USB bus registered, assigned bus number 29
[    6.455066][    T1] usb usb29: New USB device found, idVendor=1d6b, idProduct=0002, bcdDevice= 5.06
[    6.455777][    T1] usb usb29: New USB device strings: Mfr=3, Product=2, SerialNumber=1
[    6.456396][    T1] usb usb29: Product: USB/IP Virtual Host Controller
[    6.456909][    T1] usb usb29: Manufacturer: Linux 5.6.0-rc1-cd982e6c44a7-00016-gcd982e6c44a7 vhci_hcd
[    6.457630][    T1] usb usb29: SerialNumber: vhci_hcd.10
[    6.459138][    T1] hub 29-0:1.0: USB hub found
[    6.459599][    T1] hub 29-0:1.0: 8 ports detected
[    6.462371][    T1] vhci_hcd vhci_hcd.10: USB/IP Virtual Host Controller
[    6.463285][    T1] vhci_hcd vhci_hcd.10: new USB bus registered, assigned bus number 30
[    6.464472][    T1] usb usb30: We don't know the algorithms for LPM for this host, disabling LPM.
[    6.466033][    T1] usb usb30: New USB device found, idVendor=1d6b, idProduct=0003, bcdDevice= 5.06
[    6.466814][    T1] usb usb30: New USB device strings: Mfr=3, Product=2, SerialNumber=1
[    6.467491][    T1] usb usb30: Product: USB/IP Virtual Host Controller
[    6.468033][    T1] usb usb30: Manufacturer: Linux 5.6.0-rc1-cd982e6c44a7-00016-gcd982e6c44a7 vhci_hcd
[    6.468760][    T1] usb usb30: SerialNumber: vhci_hcd.10
[    6.470029][    T1] hub 30-0:1.0: USB hub found
[    6.470479][    T1] hub 30-0:1.0: 8 ports detected
[    6.474217][    T1] vhci_hcd vhci_hcd.11: USB/IP Virtual Host Controller
[    6.475182][    T1] vhci_hcd vhci_hcd.11: new USB bus registered, assigned bus number 31
[    6.476370][    T1] usb usb31: New USB device found, idVendor=1d6b, idProduct=0002, bcdDevice= 5.06
[    6.477085][    T1] usb usb31: New USB device strings: Mfr=3, Product=2, SerialNumber=1
[    6.477712][    T1] usb usb31: Product: USB/IP Virtual Host Controller
[    6.478221][    T1] usb usb31: Manufacturer: Linux 5.6.0-rc1-cd982e6c44a7-00016-gcd982e6c44a7 vhci_hcd
[    6.478942][    T1] usb usb31: SerialNumber: vhci_hcd.11
[    6.480703][    T1] hub 31-0:1.0: USB hub found
[    6.481155][    T1] hub 31-0:1.0: 8 ports detected
[    6.483963][    T1] vhci_hcd vhci_hcd.11: USB/IP Virtual Host Controller
[    6.484892][    T1] vhci_hcd vhci_hcd.11: new USB bus registered, assigned bus number 32
[    6.485676][    T1] usb usb32: We don't know the algorithms for LPM for this host, disabling LPM.
[    6.486665][    T1] usb usb32: New USB device found, idVendor=1d6b, idProduct=0003, bcdDevice= 5.06
[    6.487366][    T1] usb usb32: New USB device strings: Mfr=3, Product=2, SerialNumber=1
[    6.487988][    T1] usb usb32: Product: USB/IP Virtual Host Controller
[    6.488498][    T1] usb usb32: Manufacturer: Linux 5.6.0-rc1-cd982e6c44a7-00016-gcd982e6c44a7 vhci_hcd
[    6.489220][    T1] usb usb32: SerialNumber: vhci_hcd.11
[    6.490661][    T1] hub 32-0:1.0: USB hub found
[    6.491116][    T1] hub 32-0:1.0: 8 ports detected
[    6.495613][    T1] vhci_hcd vhci_hcd.12: USB/IP Virtual Host Controller
[    6.496687][    T1] vhci_hcd vhci_hcd.12: new USB bus registered, assigned bus number 33
[    6.498292][    T1] usb usb33: New USB device found, idVendor=1d6b, idProduct=0002, bcdDevice= 5.06
[    6.499058][    T1] usb usb33: New USB device strings: Mfr=3, Product=2, SerialNumber=1
[    6.499686][    T1] usb usb33: Product: USB/IP Virtual Host Controller
[    6.500198][    T1] usb usb33: Manufacturer: Linux 5.6.0-rc1-cd982e6c44a7-00016-gcd982e6c44a7 vhci_hcd
[    6.500914][    T1] usb usb33: SerialNumber: vhci_hcd.12
[    6.502436][    T1] hub 33-0:1.0: USB hub found
[    6.502937][    T1] hub 33-0:1.0: 8 ports detected
[    6.505777][    T1] vhci_hcd vhci_hcd.12: USB/IP Virtual Host Controller
[    6.506752][    T1] vhci_hcd vhci_hcd.12: new USB bus registered, assigned bus number 34
[    6.507535][    T1] usb usb34: We don't know the algorithms for LPM for this host, disabling LPM.
[    6.508755][    T1] usb usb34: New USB device found, idVendor=1d6b, idProduct=0003, bcdDevice= 5.06
[    6.509464][    T1] usb usb34: New USB device strings: Mfr=3, Product=2, SerialNumber=1
[    6.510089][    T1] usb usb34: Product: USB/IP Virtual Host Controller
[    6.510599][    T1] usb usb34: Manufacturer: Linux 5.6.0-rc1-cd982e6c44a7-00016-gcd982e6c44a7 vhci_hcd
[    6.511316][    T1] usb usb34: SerialNumber: vhci_hcd.12
[    6.513039][    T1] hub 34-0:1.0: USB hub found
[    6.513498][    T1] hub 34-0:1.0: 8 ports detected
[    6.516859][    T1] vhci_hcd vhci_hcd.13: USB/IP Virtual Host Controller
[    6.518051][    T1] vhci_hcd vhci_hcd.13: new USB bus registered, assigned bus number 35
[    6.519273][    T1] usb usb35: New USB device found, idVendor=1d6b, idProduct=0002, bcdDevice= 5.06
[    6.519989][    T1] usb usb35: New USB device strings: Mfr=3, Product=2, SerialNumber=1
[    6.520618][    T1] usb usb35: Product: USB/IP Virtual Host Controller
[    6.521132][    T1] usb usb35: Manufacturer: Linux 5.6.0-rc1-cd982e6c44a7-00016-gcd982e6c44a7 vhci_hcd
[    6.522345][    T1] usb usb35: SerialNumber: vhci_hcd.13
[    6.523784][    T1] hub 35-0:1.0: USB hub found
[    6.524305][    T1] hub 35-0:1.0: 8 ports detected
[    6.527754][    T1] vhci_hcd vhci_hcd.13: USB/IP Virtual Host Controller
[    6.528735][    T1] vhci_hcd vhci_hcd.13: new USB bus registered, assigned bus number 36
[    6.529597][    T1] usb usb36: We don't know the algorithms for LPM for this host, disabling LPM.
[    6.530711][    T1] usb usb36: New USB device found, idVendor=1d6b, idProduct=0003, bcdDevice= 5.06
[    6.531419][    T1] usb usb36: New USB device strings: Mfr=3, Product=2, SerialNumber=1
[    6.533106][    T1] usb usb36: Product: USB/IP Virtual Host Controller
[    6.533678][    T1] usb usb36: Manufacturer: Linux 5.6.0-rc1-cd982e6c44a7-00016-gcd982e6c44a7 vhci_hcd
[    6.534424][    T1] usb usb36: SerialNumber: vhci_hcd.13
[    6.535853][    T1] hub 36-0:1.0: USB hub found
[    6.536305][    T1] hub 36-0:1.0: 8 ports detected
[    6.539799][    T1] vhci_hcd vhci_hcd.14: USB/IP Virtual Host Controller
[    6.540830][    T1] vhci_hcd vhci_hcd.14: new USB bus registered, assigned bus number 37
[    6.542369][    T1] usb usb37: New USB device found, idVendor=1d6b, idProduct=0002, bcdDevice= 5.06
[    6.543078][    T1] usb usb37: New USB device strings: Mfr=3, Product=2, SerialNumber=1
[    6.543703][    T1] usb usb37: Product: USB/IP Virtual Host Controller
[    6.544216][    T1] usb usb37: Manufacturer: Linux 5.6.0-rc1-cd982e6c44a7-00016-gcd982e6c44a7 vhci_hcd
[    6.544939][    T1] usb usb37: SerialNumber: vhci_hcd.14
[    6.546500][    T1] hub 37-0:1.0: USB hub found
[    6.546966][    T1] hub 37-0:1.0: 8 ports detected
[    6.549919][    T1] vhci_hcd vhci_hcd.14: USB/IP Virtual Host Controller
[    6.550924][    T1] vhci_hcd vhci_hcd.14: new USB bus registered, assigned bus number 38
[    6.551721][    T1] usb usb38: We don't know the algorithms for LPM for this host, disabling LPM.
[    6.553578][    T1] usb usb38: New USB device found, idVendor=1d6b, idProduct=0003, bcdDevice= 5.06
[    6.554327][    T1] usb usb38: New USB device strings: Mfr=3, Product=2, SerialNumber=1
[    6.555203][    T1] usb usb38: Product: USB/IP Virtual Host Controller
[    6.555887][    T1] usb usb38: Manufacturer: Linux 5.6.0-rc1-cd982e6c44a7-00016-gcd982e6c44a7 vhci_hcd
[    6.556717][    T1] usb usb38: SerialNumber: vhci_hcd.14
[    6.558202][    T1] hub 38-0:1.0: USB hub found
[    6.558732][    T1] hub 38-0:1.0: 8 ports detected
[    6.562544][    T1] vhci_hcd vhci_hcd.15: USB/IP Virtual Host Controller
[    6.563502][    T1] vhci_hcd vhci_hcd.15: new USB bus registered, assigned bus number 39
[    6.564545][    T1] usb usb39: New USB device found, idVendor=1d6b, idProduct=0002, bcdDevice= 5.06
[    6.565250][    T1] usb usb39: New USB device strings: Mfr=3, Product=2, SerialNumber=1
[    6.565876][    T1] usb usb39: Product: USB/IP Virtual Host Controller
[    6.566387][    T1] usb usb39: Manufacturer: Linux 5.6.0-rc1-cd982e6c44a7-00016-gcd982e6c44a7 vhci_hcd
[    6.567109][    T1] usb usb39: SerialNumber: vhci_hcd.15
[    6.568506][    T1] hub 39-0:1.0: USB hub found
[    6.568975][    T1] hub 39-0:1.0: 8 ports detected
[    6.571733][    T1] vhci_hcd vhci_hcd.15: USB/IP Virtual Host Controller
[    6.572699][    T1] vhci_hcd vhci_hcd.15: new USB bus registered, assigned bus number 40
[    6.573580][    T1] usb usb40: We don't know the algorithms for LPM for this host, disabling LPM.
[    6.574797][    T1] usb usb40: New USB device found, idVendor=1d6b, idProduct=0003, bcdDevice= 5.06
[    6.575508][    T1] usb usb40: New USB device strings: Mfr=3, Product=2, SerialNumber=1
[    6.576135][    T1] usb usb40: Product: USB/IP Virtual Host Controller
[    6.576654][    T1] usb usb40: Manufacturer: Linux 5.6.0-rc1-cd982e6c44a7-00016-gcd982e6c44a7 vhci_hcd
[    6.577374][    T1] usb usb40: SerialNumber: vhci_hcd.15
[    6.578757][    T1] hub 40-0:1.0: USB hub found
[    6.579212][    T1] hub 40-0:1.0: 8 ports detected
[    6.583063][    T1] usbcore: registered new device driver usbip-host
[    6.586361][    T1] i8042: PNP: PS/2 Controller [PNP0303:KBD,PNP0f13:MOU] at 0x60,0x64 irq 1,12
[    6.588451][    T1] serio: i8042 KBD port at 0x60,0x64 irq 1
[    6.592362][    T1] serio: i8042 AUX port at 0x60,0x64 irq 12
[    6.594402][    T1] mousedev: PS/2 mouse device common for all mice
[    6.596622][ T3621] input: AT Translated Set 2 keyboard as /devices/platform/i8042/serio0/input/input1
[    6.600197][    T1] usbcore: registered new interface driver appletouch
[    6.601121][    T1] usbcore: registered new interface driver bcm5974
[    6.604184][    T1] usbcore: registered new interface driver synaptics_usb
[    6.604986][    T1] usbcore: registered new interface driver iforce
[    6.605850][    T1] usbcore: registered new interface driver xpad
[    6.607207][    T1] usbcore: registered new interface driver usb_acecad
[    6.607959][    T1] usbcore: registered new interface driver aiptek
[    6.608748][    T1] usbcore: registered new interface driver hanwang
[    6.612850][    T1] usbcore: registered new interface driver kbtab
[    6.613517][    T1] usbcore: registered new interface driver pegasus_notetaker
[    6.614300][    T1] usbcore: registered new interface driver usbtouchscreen
[    6.615067][    T1] usbcore: registered new interface driver sur40
[    6.615853][    T1] usbcore: registered new interface driver ati_remote2
[    6.616639][    T1] cm109: Keymap for Komunikate KIP1000 phone loaded
[    6.617512][    T1] usbcore: registered new interface driver cm109
[    6.618063][    T1] cm109: CM109 phone driver: 20080805 (C) Alfred E. Heggestad
[    6.619382][    T1] usbcore: registered new interface driver ims_pcu
[    6.620405][    T1] usbcore: registered new interface driver keyspan_remote
[    6.621186][    T1] usbcore: registered new interface driver powermate
[    6.622297][    T1] usbcore: registered new interface driver yealink
[    6.624167][    T1] rtc_cmos 00:05: RTC can wake from S4
[    6.626742][    T1] rtc_cmos 00:05: registered as rtc0
[    6.627163][    T1] rtc_cmos 00:05: alarms up to one day, y3k, 242 bytes nvram, hpet irqs
[    6.628483][    T1] i2c /dev entries driver
[    6.631435][    T1] usbcore: registered new interface driver i2c-diolan-u2c
[    6.632394][    T1] usbcore: registered new interface driver RobotFuzz Open Source InterFace, OSIF
[    6.633300][    T1] usbcore: registered new interface driver i2c-tiny-usb
[    6.636210][    T1] usbcore: registered new interface driver ati_remote
[    6.636962][    T1] usbcore: registered new interface driver imon
[    6.637723][    T1] usbcore: registered new interface driver mceusb
[    6.638572][    T1] usbcore: registered new interface driver redrat3
[    6.639568][    T1] usbcore: registered new interface driver streamzap
[    6.642853][    T1] usbcore: registered new interface driver igorplugusb
[    6.643551][    T1] usbcore: registered new interface driver iguanair
[    6.644223][    T1] usbcore: registered new interface driver ttusbir
[    6.644735][    T1] b2c2-flexcop: B2C2 FlexcopII/II(b)/III digital TV receiver chip loaded successfully
[    6.656310][    T1] vivid-000: using single planar format API
[    6.666861][    T1] vivid-000: CEC adapter cec0 registered for HDMI input 0
[    6.667759][    T1] vivid-000: V4L2 capture device registered as video3
[    6.668596][    T1] vivid-000: CEC adapter cec1 registered for HDMI output 0
[    6.669603][    T1] vivid-000: V4L2 output device registered as video4
[    6.670444][    T1] vivid-000: V4L2 capture device registered as vbi0, supports raw and sliced VBI
[    6.671795][    T1] vivid-000: V4L2 output device registered as vbi1, supports raw and sliced VBI
[    6.673900][    T1] vivid-000: V4L2 capture device registered as swradio0
[    6.674723][    T1] vivid-000: V4L2 receiver device registered as radio0
[    6.675611][    T1] vivid-000: V4L2 transmitter device registered as radio1
[    6.676473][    T1] vivid-000: V4L2 metadata capture device registered as video5
[    6.677908][    T1] vivid-000: V4L2 metadata output device registered as video6
[    6.678999][    T1] vivid-000: V4L2 touch capture device registered as v4l-touch0
[    6.680075][    T1] vivid-001: using multiplanar format API
[    6.689159][    T1] vivid-001: CEC adapter cec2 registered for HDMI input 0
[    6.690030][    T1] vivid-001: V4L2 capture device registered as video7
[    6.690835][    T1] vivid-001: CEC adapter cec3 registered for HDMI output 0
[    6.691696][    T1] vivid-001: V4L2 output device registered as video8
[    6.694020][    T1] vivid-001: V4L2 capture device registered as vbi2, supports raw and sliced VBI
[    6.695148][    T1] vivid-001: V4L2 output device registered as vbi3, supports raw and sliced VBI
[    6.696393][    T1] vivid-001: V4L2 capture device registered as swradio1
[    6.697181][    T1] vivid-001: V4L2 receiver device registered as radio2
[    6.698066][    T1] vivid-001: V4L2 transmitter device registered as radio3
[    6.698865][    T1] vivid-001: V4L2 metadata capture device registered as video9
[    6.699777][    T1] vivid-001: V4L2 metadata output device registered as video10
[    6.700694][    T1] vivid-001: V4L2 touch capture device registered as v4l-touch1
[    6.701718][    T1] vivid-002: using single planar format API
[    6.710944][    T1] vivid-002: CEC adapter cec4 registered for HDMI input 0
[    6.712257][    T1] vivid-002: V4L2 capture device registered as video11
[    6.713177][    T1] vivid-002: CEC adapter cec5 registered for HDMI output 0
[    6.714088][    T1] vivid-002: V4L2 output device registered as video12
[    6.714994][    T1] vivid-002: V4L2 capture device registered as vbi4, supports raw and sliced VBI
[    6.716107][    T1] vivid-002: V4L2 output device registered as vbi5, supports raw and sliced VBI
[    6.717433][    T1] vivid-002: V4L2 capture device registered as swradio2
[    6.718294][    T1] vivid-002: V4L2 receiver device registered as radio4
[    6.719147][    T1] vivid-002: V4L2 transmitter device registered as radio5
[    6.720010][    T1] vivid-002: V4L2 metadata capture device registered as video13
[    6.720907][    T1] vivid-002: V4L2 metadata output device registered as video14
[    6.722034][    T1] vivid-002: V4L2 touch capture device registered as v4l-touch2
[    6.722942][    T1] vivid-003: using multiplanar format API
[    6.731578][    T1] vivid-003: CEC adapter cec6 registered for HDMI input 0
[    6.732593][    T1] vivid-003: V4L2 capture device registered as video15
[    6.733422][    T1] vivid-003: CEC adapter cec7 registered for HDMI output 0
[    6.734222][    T1] vivid-003: V4L2 output device registered as video16
[    6.735141][    T1] vivid-003: V4L2 capture device registered as vbi6, supports raw and sliced VBI
[    6.736154][    T1] vivid-003: V4L2 output device registered as vbi7, supports raw and sliced VBI
[    6.737198][    T1] vivid-003: V4L2 capture device registered as swradio3
[    6.738108][    T1] vivid-003: V4L2 receiver device registered as radio6
[    6.739303][    T1] vivid-003: V4L2 transmitter device registered as radio7
[    6.740362][    T1] vivid-003: V4L2 metadata capture device registered as video17
[    6.741374][    T1] vivid-003: V4L2 metadata output device registered as video18
[    6.742758][    T1] vivid-003: V4L2 touch capture device registered as v4l-touch3
[    6.743751][    T1] vivid-004: using single planar format API
[    6.752774][    T1] vivid-004: CEC adapter cec8 registered for HDMI input 0
[    6.753632][    T1] vivid-004: V4L2 capture device registered as video19
[    6.754449][    T1] vivid-004: CEC adapter cec9 registered for HDMI output 0
[    6.755292][    T1] vivid-004: V4L2 output device registered as video20
[    6.756115][    T1] vivid-004: V4L2 capture device registered as vbi8, supports raw and sliced VBI
[    6.757134][    T1] vivid-004: V4L2 output device registered as vbi9, supports raw and sliced VBI
[    6.758122][    T1] vivid-004: V4L2 capture device registered as swradio4
[    6.758927][    T1] vivid-004: V4L2 receiver device registered as radio8
[    6.759758][    T1] vivid-004: V4L2 transmitter device registered as radio9
[    6.760629][    T1] vivid-004: V4L2 metadata capture device registered as video21
[    6.761535][    T1] vivid-004: V4L2 metadata output device registered as video22
[    6.762707][    T1] vivid-004: V4L2 touch capture device registered as v4l-touch4
[    6.763694][    T1] vivid-005: using multiplanar format API
[    6.773179][    T1] vivid-005: CEC adapter cec10 registered for HDMI input 0
[    6.774202][    T1] vivid-005: V4L2 capture device registered as video23
[    6.775246][    T1] vivid-005: CEC adapter cec11 registered for HDMI output 0
[    6.776167][    T1] vivid-005: V4L2 output device registered as video24
[    6.777080][    T1] vivid-005: V4L2 capture device registered as vbi10, supports raw and sliced VBI
[    6.778221][    T1] vivid-005: V4L2 output device registered as vbi11, supports raw and sliced VBI
[    6.779301][    T1] vivid-005: V4L2 capture device registered as swradio5
[    6.780173][    T1] vivid-005: V4L2 receiver device registered as radio10
[    6.781026][    T1] vivid-005: V4L2 transmitter device registered as radio11
[    6.782342][    T1] vivid-005: V4L2 metadata capture device registered as video25
[    6.783339][    T1] vivid-005: V4L2 metadata output device registered as video26
[    6.784368][    T1] vivid-005: V4L2 touch capture device registered as v4l-touch5
[    6.785279][    T1] vivid-006: using single planar format API
[    6.794252][    T1] vivid-006: CEC adapter cec12 registered for HDMI input 0
[    6.795156][    T1] vivid-006: V4L2 capture device registered as video27
[    6.795997][    T1] vivid-006: CEC adapter cec13 registered for HDMI output 0
[    6.796776][    T1] vivid-006: V4L2 output device registered as video28
[    6.797625][    T1] vivid-006: V4L2 capture device registered as vbi12, supports raw and sliced VBI
[    6.798641][    T1] vivid-006: V4L2 output device registered as vbi13, supports raw and sliced VBI
[    6.799781][    T1] vivid-006: V4L2 capture device registered as swradio6
[    6.800940][    T1] vivid-006: V4L2 receiver device registered as radio12
[    6.802203][    T1] vivid-006: V4L2 transmitter device registered as radio13
[    6.803180][    T1] vivid-006: V4L2 metadata capture device registered as video29
[    6.804221][    T1] vivid-006: V4L2 metadata output device registered as video30
[    6.805206][    T1] vivid-006: V4L2 touch capture device registered as v4l-touch6
[    6.806190][    T1] vivid-007: using multiplanar format API
[    6.815709][    T1] vivid-007: CEC adapter cec14 registered for HDMI input 0
[    6.816569][    T1] vivid-007: V4L2 capture device registered as video31
[    6.817435][    T1] vivid-007: CEC adapter cec15 registered for HDMI output 0
[    6.818207][    T1] vivid-007: V4L2 output device registered as video32
[    6.819045][    T1] vivid-007: V4L2 capture device registered as vbi14, supports raw and sliced VBI
[    6.820050][    T1] vivid-007: V4L2 output device registered as vbi15, supports raw and sliced VBI
[    6.821111][    T1] vivid-007: V4L2 capture device registered as swradio7
[    6.822053][    T1] vivid-007: V4L2 receiver device registered as radio14
[    6.822846][    T1] vivid-007: V4L2 transmitter device registered as radio15
[    6.823734][    T1] vivid-007: V4L2 metadata capture device registered as video33
[    6.824648][    T1] vivid-007: V4L2 metadata output device registered as video34
[    6.825617][    T1] vivid-007: V4L2 touch capture device registered as v4l-touch7
[    6.826616][    T1] vivid-008: using single planar format API
[    6.836955][    T1] vivid-008: CEC adapter cec16 registered for HDMI input 0
[    6.837927][    T1] vivid-008: V4L2 capture device registered as video35
[    6.838884][    T1] vivid-008: CEC adapter cec17 registered for HDMI output 0
[    6.839727][    T1] vivid-008: V4L2 output device registered as video36
[    6.840573][    T1] vivid-008: V4L2 capture device registered as vbi16, supports raw and sliced VBI
[    6.841586][    T1] vivid-008: V4L2 output device registered as vbi17, supports raw and sliced VBI
[    6.842632][    T1] vivid-008: V4L2 capture device registered as swradio8
