c[?7l[2J[0mSeaBIOS (version rel-1.16.0-0-gd239552ce722-prebuilt.qemu.org)


iPXE (http://ipxe.org) 00:03.0 CA00 PCI2.10 PnP PMM+7FF91000+7FEF1000 CA00
Press Ctrl-B to configure iPXE (PCI 00:03.0)...                                                                               


Booting from ROM..c[?7l[2Jearly console in extract_kernel
input_data: 0x000000000bf442c8
input_len: 0x00000000044bc950
output: 0x0000000001000000
output_len: 0x000000000e018b28
kernel_total_size: 0x000000000f426000
needed_size: 0x000000000f600000
trampoline_32bit: 0x000000000009d000

Decompressing Linux... Parsing ELF... done.
Booting the kernel.
[    0.000000][    T0] Linux version 5.6.0-rc1-d489cf9a3e88-00068-gd489cf9a3e88 (root@xpf.sh.intel.com) (gcc version 8.5.0 20210514 (Red Hat 8.5.0-20) (GCC)) #1 SMP PREEMPT Sat Dec 2 13:30:37 CST 2023
[    0.000000][    T0] Command line: console=ttyS0 root=/dev/sda1 earlyprintk=serial net.ifnames=0 thunderbolt.dyndbg plymouth.enable=0
[    0.000000][    T0] KERNEL supported cpus:
[    0.000000][    T0]   Intel GenuineIntel
[    0.000000][    T0]   AMD AuthenticAMD
[    0.000000][    T0] x86/fpu: Supporting XSAVE feature 0x001: 'x87 floating point registers'
[    0.000000][    T0] x86/fpu: Supporting XSAVE feature 0x002: 'SSE registers'
[    0.000000][    T0] x86/fpu: Supporting XSAVE feature 0x004: 'AVX registers'
[    0.000000][    T0] x86/fpu: Supporting XSAVE feature 0x008: 'MPX bounds registers'
[    0.000000][    T0] x86/fpu: Supporting XSAVE feature 0x010: 'MPX CSR'
[    0.000000][    T0] x86/fpu: Supporting XSAVE feature 0x020: 'AVX-512 opmask'
[    0.000000][    T0] x86/fpu: Supporting XSAVE feature 0x040: 'AVX-512 Hi256'
[    0.000000][    T0] x86/fpu: Supporting XSAVE feature 0x080: 'AVX-512 ZMM_Hi256'
[    0.000000][    T0] x86/fpu: xstate_offset[2]:  576, xstate_sizes[2]:  256
[    0.000000][    T0] x86/fpu: xstate_offset[3]:  832, xstate_sizes[3]:   64
[    0.000000][    T0] x86/fpu: xstate_offset[4]:  896, xstate_sizes[4]:   64
[    0.000000][    T0] x86/fpu: xstate_offset[5]:  960, xstate_sizes[5]:   64
[    0.000000][    T0] x86/fpu: xstate_offset[6]: 1024, xstate_sizes[6]:  512
[    0.000000][    T0] x86/fpu: xstate_offset[7]: 1536, xstate_sizes[7]: 1024
[    0.000000][    T0] x86/fpu: Enabled xstate features 0xff, context size is 2560 bytes, using 'compacted' format.
[    0.000000][    T0] BIOS-provided physical RAM map:
[    0.000000][    T0] BIOS-e820: [mem 0x0000000000000000-0x000000000009fbff] usable
[    0.000000][    T0] BIOS-e820: [mem 0x000000000009fc00-0x000000000009ffff] reserved
[    0.000000][    T0] BIOS-e820: [mem 0x00000000000f0000-0x00000000000fffff] reserved
[    0.000000][    T0] BIOS-e820: [mem 0x0000000000100000-0x000000007ffdffff] usable
[    0.000000][    T0] BIOS-e820: [mem 0x000000007ffe0000-0x000000007fffffff] reserved
[    0.000000][    T0] BIOS-e820: [mem 0x00000000feffc000-0x00000000feffffff] reserved
[    0.000000][    T0] BIOS-e820: [mem 0x00000000fffc0000-0x00000000ffffffff] reserved
[    0.000000][    T0] printk: bootconsole [earlyser0] enabled
[    0.000000][    T0] ERROR: earlyprintk= earlyser already used
[    0.000000][    T0] ERROR: earlyprintk= earlyser already used
[    0.000000][    T0] ERROR: earlyprintk= earlyser already used
[    0.000000][    T0] Malformed early option 'vsyscall'
[    0.000000][    T0] nopcid: PCID feature disabled
[    0.000000][    T0] NX (Execute Disable) protection: active
[    0.000000][    T0] SMBIOS 2.8 present.
[    0.000000][    T0] DMI: QEMU Standard PC (i440FX + PIIX, 1996), BIOS rel-1.16.0-0-gd239552ce722-prebuilt.qemu.org 04/01/2014
[    0.000000][    T0] Hypervisor detected: KVM
[    0.000000][    T0] kvm-clock: Using msrs 4b564d01 and 4b564d00
[    0.000002][    T0] kvm-clock: cpu 0, msr ec3f001, primary cpu clock
[    0.000002][    T0] kvm-clock: using sched offset of 855656225 cycles
[    0.000541][    T0] clocksource: kvm-clock: mask: 0xffffffffffffffff max_cycles: 0x1cd42e4dffb, max_idle_ns: 881590591483 ns
[    0.002009][    T0] tsc: Detected 2999.998 MHz processor
[    0.007370][    T0] last_pfn = 0x7ffe0 max_arch_pfn = 0x400000000
[    0.007963][    T0] x86/PAT: Configuration [0-7]: WB  WC  UC- UC  WB  WP  UC- WT  
[    0.015883][    T0] found SMP MP-table at [mem 0x000f5ba0-0x000f5baf]
[    0.016473][    T0] Using GB pages for direct mapping
[    0.017515][    T0] ACPI: Early table checksum verification disabled
[    0.018095][    T0] ACPI: RSDP 0x00000000000F59C0 000014 (v00 BOCHS )
[    0.018687][    T0] ACPI: RSDT 0x000000007FFE1951 000034 (v01 BOCHS  BXPC     00000001 BXPC 00000001)
[    0.019819][    T0] ACPI: FACP 0x000000007FFE17FD 000074 (v01 BOCHS  BXPC     00000001 BXPC 00000001)
[    0.020978][    T0] ACPI: DSDT 0x000000007FFE0040 0017BD (v01 BOCHS  BXPC     00000001 BXPC 00000001)
[    0.022079][    T0] ACPI: FACS 0x000000007FFE0000 000040
[    0.022716][    T0] ACPI: APIC 0x000000007FFE1871 000080 (v01 BOCHS  BXPC     00000001 BXPC 00000001)
[    0.023811][    T0] ACPI: HPET 0x000000007FFE18F1 000038 (v01 BOCHS  BXPC     00000001 BXPC 00000001)
[    0.024877][    T0] ACPI: WAET 0x000000007FFE1929 000028 (v01 BOCHS  BXPC     00000001 BXPC 00000001)
[    0.026803][    T0] No NUMA configuration found
[    0.027333][    T0] Faking a node at [mem 0x0000000000000000-0x000000007ffdffff]
[    0.028192][    T0] Faking node 0 at [mem 0x0000000000000000-0x000000003fffffff] (1024MB)
[    0.029070][    T0] Faking node 1 at [mem 0x0000000040000000-0x000000007ffdffff] (1023MB)
[    0.030237][    T0] NODE_DATA(0) allocated [mem 0x3fffb000-0x3fffffff]
[    0.031058][    T0] NODE_DATA(1) allocated [mem 0x7ffda000-0x7ffdefff]
[    0.035315][    T0] Zone ranges:
[    0.035696][    T0]   DMA      [mem 0x0000000000001000-0x0000000000ffffff]
[    0.036427][    T0]   DMA32    [mem 0x0000000001000000-0x000000007ffdffff]
[    0.037141][    T0]   Normal   empty
[    0.037519][    T0]   Device   empty
[    0.037892][    T0] Movable zone start for each node
[    0.038412][    T0] Early memory node ranges
[    0.038859][    T0]   node   0: [mem 0x0000000000001000-0x000000000009efff]
[    0.039584][    T0]   node   0: [mem 0x0000000000100000-0x000000003fffffff]
[    0.040307][    T0]   node   1: [mem 0x0000000040000000-0x000000007ffdffff]
[    0.041035][    T0] Zeroed struct page in unavailable ranges: 130 pages
[    0.041039][    T0] Initmem setup node 0 [mem 0x0000000000001000-0x000000003fffffff]
[    0.053735][    T0] Initmem setup node 1 [mem 0x0000000040000000-0x000000007ffdffff]
[    0.098057][    T0] kasan: KernelAddressSanitizer initialized
[    0.099023][    T0] ACPI: PM-Timer IO Port: 0x608
[    0.099596][    T0] ACPI: LAPIC_NMI (acpi_id[0xff] dfl dfl lint[0x1])
[    0.100393][    T0] IOAPIC[0]: apic_id 0, version 17, address 0xfec00000, GSI 0-23
[    0.101281][    T0] ACPI: INT_SRC_OVR (bus 0 bus_irq 0 global_irq 2 dfl dfl)
[    0.102101][    T0] ACPI: INT_SRC_OVR (bus 0 bus_irq 5 global_irq 5 high level)
[    0.102949][    T0] ACPI: INT_SRC_OVR (bus 0 bus_irq 9 global_irq 9 high level)
[    0.103796][    T0] ACPI: INT_SRC_OVR (bus 0 bus_irq 10 global_irq 10 high level)
[    0.104659][    T0] ACPI: INT_SRC_OVR (bus 0 bus_irq 11 global_irq 11 high level)
[    0.105541][    T0] Using ACPI (MADT) for SMP configuration information
[    0.106303][    T0] ACPI: HPET id: 0x8086a201 base: 0xfed00000
[    0.106981][    T0] smpboot: Allowing 2 CPUs, 0 hotplug CPUs
[    0.107660][    T0] KVM setup pv sched yield
[    0.108190][    T0] PM: hibernation: Registered nosave memory: [mem 0x00000000-0x00000fff]
[    0.109147][    T0] PM: hibernation: Registered nosave memory: [mem 0x0009f000-0x0009ffff]
[    0.110095][    T0] PM: hibernation: Registered nosave memory: [mem 0x000a0000-0x000effff]
[    0.111044][    T0] PM: hibernation: Registered nosave memory: [mem 0x000f0000-0x000fffff]
[    0.112101][    T0] [mem 0x80000000-0xfeffbfff] available for PCI devices
[    0.112809][    T0] Booting paravirtualized kernel on KVM
[    0.113346][    T0] clocksource: refined-jiffies: mask: 0xffffffff max_cycles: 0xffffffff, max_idle_ns: 19112604462750000 ns
[    0.157189][    T0] setup_percpu: NR_CPUS:8 nr_cpumask_bits:8 nr_cpu_ids:2 nr_node_ids:2
[    0.158498][    T0] percpu: Embedded 65 pages/cpu s227592 r8192 d30456 u2097152
[    0.159236][    T0] KVM setup async PF for cpu 0
[    0.159633][    T0] kvm-stealtime: cpu 0, msr 2ce21a80
[    0.160080][    T0] PV qspinlock hash table entries: 256 (order: 0, 4096 bytes, linear)
[    0.160771][    T0] Built 2 zonelists, mobility grouping on.  Total pages: 515945
[    0.161406][    T0] Policy zone: DMA32
[    0.161742][    T0] Kernel command line: earlyprintk=serial net.ifnames=0 sysctl.kernel.hung_task_all_cpu_backtrace=1 ima_policy=tcb nf-conntrack-ftp.ports=20000 nf-conntrack-tftp.ports=20000 nf-conntrack-sip.ports=20000 nf-conntrack-irc.ports=20000 nf-conntrack-sane.ports=20000 binder.debug_mask=0 rcupdate.rcu_expedited=1 rcupdate.rcu_cpu_stall_cputime=1 no_hash_pointers page_owner=on sysctl.vm.nr_hugepages=4 sysctl.vm.nr_overcommit_hugepages=4 secretmem.enable=1 sysctl.max_rcu_stall_to_panic=1 msr.allow_writes=off coredump_filter=0xffff root=/dev/sda console=ttyS0 vsyscall=native numa=fake=2 kvm-intel.nested=1 spec_store_bypass_disable=prctl nopcid vivid.n_devs=16 vivid.multiplanar=1,2,1,2,1,2,1,2,1,2,1,2,1,2,1,2 netrom.nr_ndevs=16 rose.rose_ndevs=16 smp.csd_lock_timeout=100000 watchdog_thresh=55 workqueue.watchdog_thresh=140 sysctl.net.core.netdev_unregister_timeout_secs=140 dummy_hcd.num=8 panic_on_warn=1 console=ttyS0 root=/dev/sda1 earlyprintk=serial net.ifnames=0 thunderb
[    0.165091][    T0] mem auto-init: stack:off, heap alloc:on, heap free:off
[    0.283657][    T0] Memory: 1519572K/2096632K available (133130K kernel code, 40615K rwdata, 27164K rodata, 2588K init, 24480K bss, 577060K reserved, 0K cma-reserved)
[    0.285516][    T0] SLUB: HWalign=64, Order=0-3, MinObjects=0, CPUs=2, Nodes=2
[    0.287677][    T0] Running RCU self tests
[    0.288045][    T0] rcu: Preemptible hierarchical RCU implementation.
[    0.288569][    T0] rcu: 	RCU lockdep checking is enabled.
[    0.289015][    T0] rcu: 	RCU restricting CPUs from NR_CPUS=8 to nr_cpu_ids=2.
[    0.289601][    T0] rcu: 	RCU callback double-/use-after-free debug enabled.
[    0.290168][    T0] rcu: 	RCU debug extended QS entry/exit.
[    0.290618][    T0] 	All grace periods are expedited (rcu_expedited).
[    0.291134][    T0] 	Tasks RCU enabled.
[    0.291453][    T0] rcu: RCU calculated value of scheduler-enlistment delay is 10 jiffies.
[    0.292118][    T0] rcu: Adjusting geometry for rcu_fanout_leaf=16, nr_cpu_ids=2
[    0.296681][    T0] NR_IRQS: 4352, nr_irqs: 440, preallocated irqs: 16
[    0.298098][    T0] random: get_random_bytes called from start_kernel+0x521/0x85a with crng_init=0
[    0.303007][    T0] Console: colour VGA+ 80x25
[    0.304258][    T0] printk: console [ttyS0] enabled
[    0.304258][    T0] printk: console [ttyS0] enabled
[    0.305139][    T0] printk: bootconsole [earlyser0] disabled
[    0.305139][    T0] printk: bootconsole [earlyser0] disabled
[    0.306150][    T0] Lock dependency validator: Copyright (c) 2006 Red Hat, Inc., Ingo Molnar
[    0.306871][    T0] ... MAX_LOCKDEP_SUBCLASSES:  8
[    0.307272][    T0] ... MAX_LOCK_DEPTH:          48
[    0.307677][    T0] ... MAX_LOCKDEP_KEYS:        8192
[    0.308097][    T0] ... CLASSHASH_SIZE:          4096
[    0.308521][    T0] ... MAX_LOCKDEP_ENTRIES:     32768
[    0.308944][    T0] ... MAX_LOCKDEP_CHAINS:      65536
[    0.309375][    T0] ... CHAINHASH_SIZE:          32768
[    0.309805][    T0]  memory used by lock dependency info: 6237 kB
[    0.310314][    T0]  memory used for stack traces: 4224 kB
[    0.310774][    T0]  per task-struct memory footprint: 1920 bytes
[    0.311357][    T0] mempolicy: Enabling automatic NUMA balancing. Configure with numa_balancing= or the kernel.numa_balancing sysctl
[    0.312360][    T0] ACPI: Core revision 20200110
[    0.313469][    T0] clocksource: hpet: mask: 0xffffffff max_cycles: 0xffffffff, max_idle_ns: 19112604467 ns
[    0.314622][    T0] APIC: Switch to symmetric I/O mode setup
[    0.315336][    T0] x2apic enabled
[    0.315856][    T0] Switched APIC routing to physical x2apic.
[    0.316388][    T0] KVM setup pv IPIs
[    0.317804][    T0] ..TIMER: vector=0x30 apic1=0 pin1=2 apic2=-1 pin2=-1
[    0.318445][    T0] clocksource: tsc-early: mask: 0xffffffffffffffff max_cycles: 0x2b3e43c8763, max_idle_ns: 440795360101 ns
[    0.319481][    T0] Calibrating delay loop (skipped) preset value.. 5999.99 BogoMIPS (lpj=29999980)
[    0.320306][    T0] pid_max: default: 32768 minimum: 301
[    0.320979][    T0] LSM: Security Framework initializing
[    0.321521][    T0] Yama: becoming mindful.
[    0.321943][    T0] TOMOYO Linux initialized
[    0.322498][    T0] AppArmor: AppArmor initialized
[    0.323694][    T0] Dentry cache hash table entries: 262144 (order: 9, 2097152 bytes, vmalloc)
[    0.329759][    T0] Inode-cache hash table entries: 131072 (order: 8, 1048576 bytes, vmalloc)
[    0.330585][    T0] Mount-cache hash table entries: 4096 (order: 3, 32768 bytes, vmalloc)
[    0.331283][    T0] Mountpoint-cache hash table entries: 4096 (order: 3, 32768 bytes, vmalloc)
[    0.332089][    T0] *** VALIDATE tmpfs ***
[    0.333478][    T0] *** VALIDATE proc ***
[    0.334372][    T0] *** VALIDATE cgroup ***
[    0.334733][    T0] *** VALIDATE cgroup2 ***
[    0.335287][    T0] x86/cpu: User Mode Instruction Prevention (UMIP) activated
[    0.335980][    T0] Last level iTLB entries: 4KB 0, 2MB 0, 4MB 0
[    0.336480][    T0] Last level dTLB entries: 4KB 0, 2MB 0, 4MB 0, 1GB 0
[    0.337051][    T0] Spectre V1 : Mitigation: usercopy/swapgs barriers and __user pointer sanitization
[    0.337836][    T0] Spectre V2 : Mitigation: Enhanced IBRS
[    0.338267][    T0] Spectre V2 : Spectre v2 / SpectreRSB mitigation: Filling RSB on context switch
[    0.338975][    T0] Spectre V2 : mitigation: Enabling conditional Indirect Branch Prediction Barrier
[    0.339522][    T0] Speculative Store Bypass: Mitigation: Speculative Store Bypass disabled via prctl
[    0.340248][    T0] TAA: Mitigation: Clear CPU buffers
[    0.341566][    T0] Freeing SMP alternatives memory: 100K
[    0.342671][    T1] smpboot: CPU0: Intel(R) Core(TM) i9-10980XE CPU @ 3.00GHz (family: 0x6, model: 0x55, stepping: 0x7)
[    0.409525][    T1] Performance Events: Skylake events, full-width counters, Intel PMU driver.
[    0.410270][    T1] ... version:                2
[    0.410640][    T1] ... bit width:              48
[    0.411021][    T1] ... generic registers:      4
[    0.411392][    T1] ... value mask:             0000ffffffffffff
[    0.411863][    T1] ... max period:             00007fffffffffff
[    0.412332][    T1] ... fixed-purpose events:   3
[    0.412703][    T1] ... event mask:             000000070000000f
[    0.429498][    T1] rcu: Hierarchical SRCU implementation.
[    0.479498][    T1] smp: Bringing up secondary CPUs ...
[    0.559649][    T1] x86: Booting SMP configuration:
[    0.560074][    T1] .... node  #1, CPUs:      #1
[    0.021526][    T0] kvm-clock: cpu 1, msr ec3f041, secondary cpu clock
[    0.561339][   T15] KVM setup async PF for cpu 1
[    0.561339][   T15] kvm-stealtime: cpu 1, msr 7ec21a80
[    0.561339][    T1] smp: Brought up 2 nodes, 2 CPUs
[    0.561339][    T1] smpboot: Max logical packages: 1
[    0.561339][    T1] smpboot: Total of 2 processors activated (11999.99 BogoMIPS)
[    0.564071][    T1] allocated 12582912 bytes of page_ext
[    0.564630][    T1] Node 0, zone      DMA: page owner found early allocated 0 pages
[    0.571440][    T1] Node 0, zone    DMA32: page owner found early allocated 2720 pages
[    0.572438][    T1] Node 1, zone    DMA32: page owner found early allocated 2608 pages
[    0.573953][    T1] devtmpfs: initialized
[    0.573953][    T1] x86/mm: Memory block size: 128MB
[    0.592963][    T1] clocksource: jiffies: mask: 0xffffffff max_cycles: 0xffffffff, max_idle_ns: 19112604462750000 ns
[    0.594248][    T1] futex hash table entries: 512 (order: 4, 65536 bytes, vmalloc)
[    0.595565][    T1] xor: automatically using best checksumming function   avx       
[    0.596808][   T24] kworker/u5:0 (24) used greatest stack depth: 27648 bytes left
[    0.600609][    T1] PM: RTC time: 05:38:49, date: 2023-12-02
[    0.601216][    T1] thermal_sys: Registered thermal governor 'step_wise'
[    0.601218][    T1] thermal_sys: Registered thermal governor 'user_space'
[    0.603420][    T1] NET: Registered protocol family 16
[    0.607713][    T1] audit: initializing netlink subsys (disabled)
[    0.608727][   T28] kworker/u5:1 (28) used greatest stack depth: 27224 bytes left
[    0.610361][   T34] audit: type=2000 audit(1701495529.989:1): state=initialized audit_enabled=0 res=1
[    0.613817][    T1] cpuidle: using governor menu
[    0.616761][    T1] KVM setup pv remote TLB flush
[    0.617322][    T1] ACPI: bus type PCI registered
[    0.621530][    T1] dca service started, version 1.12.1
[    0.622385][    T1] PCI: Using configuration type 1 for base access
[    0.670838][  T208] kworker/u5:0 (208) used greatest stack depth: 26952 bytes left
[    0.961291][    T1] HugeTLB registered 1.00 GiB page size, pre-allocated 0 pages
[    0.962074][    T1] HugeTLB registered 2.00 MiB page size, pre-allocated 0 pages
[    0.981031][    T1] cryptd: max_cpu_qlen set to 1000
[    1.002653][    T1] raid6: skip pq benchmark and using algorithm avx512x4
[    1.009500][    T1] raid6: using avx512x2 recovery algorithm
[    1.010406][    T1] ACPI: Added _OSI(Module Device)
[    1.010801][    T1] ACPI: Added _OSI(Processor Device)
[    1.011215][    T1] ACPI: Added _OSI(3.0 _SCP Extensions)
[    1.011643][    T1] ACPI: Added _OSI(Processor Aggregator Device)
[    1.012140][    T1] ACPI: Added _OSI(Linux-Dell-Video)
[    1.012555][    T1] ACPI: Added _OSI(Linux-Lenovo-NV-HDMI-Audio)
[    1.013035][    T1] ACPI: Added _OSI(Linux-HPI-Hybrid-Graphics)
[    1.035622][    T1] ACPI: 1 ACPI AML tables successfully acquired and loaded
[    1.089098][    T1] ACPI: Interpreter enabled
[    1.089636][    T1] ACPI: (supports S0 S3 S4 S5)
[    1.090064][    T1] ACPI: Using IOAPIC for interrupt routing
[    1.090797][    T1] PCI: Using host bridge windows from ACPI; if necessary, use "pci=nocrs" and report a bug
[    1.093210][    T1] ACPI: Enabled 2 GPEs in block 00 to 0F
[    1.152541][    T1] ACPI: PCI Root Bridge [PCI0] (domain 0000 [bus 00-ff])
[    1.153147][    T1] acpi PNP0A03:00: _OSC: OS supports [ASPM ClockPM Segments MSI HPX-Type3]
[    1.154059][    T1] acpi PNP0A03:00: fail to add MMCONFIG information, can't access extended PCI configuration space under this bridge.
[    1.156281][    T1] PCI host bridge to bus 0000:00
[    1.156684][    T1] pci_bus 0000:00: Unknown NUMA node; performance will be reduced
[    1.157292][    T1] pci_bus 0000:00: root bus resource [io  0x0000-0x0cf7 window]
[    1.157888][    T1] pci_bus 0000:00: root bus resource [io  0x0d00-0xffff window]
[    1.158485][    T1] pci_bus 0000:00: root bus resource [mem 0x000a0000-0x000bffff window]
[    1.159132][    T1] pci_bus 0000:00: root bus resource [mem 0x80000000-0xfebfffff window]
[    1.159514][    T1] pci_bus 0000:00: root bus resource [mem 0x100000000-0x17fffffff window]
[    1.160180][    T1] pci_bus 0000:00: root bus resource [bus 00-ff]
[    1.160828][    T1] pci 0000:00:00.0: [8086:1237] type 00 class 0x060000
[    1.165272][    T1] pci 0000:00:01.0: [8086:7000] type 00 class 0x060100
[    1.168551][    T1] pci 0000:00:01.1: [8086:7010] type 00 class 0x010180
[    1.171146][    T1] pci 0000:00:01.1: reg 0x20: [io  0xc040-0xc04f]
[    1.172209][    T1] pci 0000:00:01.1: legacy IDE quirk: reg 0x10: [io  0x01f0-0x01f7]
[    1.172823][    T1] pci 0000:00:01.1: legacy IDE quirk: reg 0x14: [io  0x03f6]
[    1.173388][    T1] pci 0000:00:01.1: legacy IDE quirk: reg 0x18: [io  0x0170-0x0177]
[    1.173995][    T1] pci 0000:00:01.1: legacy IDE quirk: reg 0x1c: [io  0x0376]
[    1.176427][    T1] pci 0000:00:01.3: [8086:7113] type 00 class 0x068000
[    1.177302][    T1] pci 0000:00:01.3: quirk: [io  0x0600-0x063f] claimed by PIIX4 ACPI
[    1.177924][    T1] pci 0000:00:01.3: quirk: [io  0x0700-0x070f] claimed by PIIX4 SMB
[    1.180041][    T1] pci 0000:00:02.0: [1234:1111] type 00 class 0x030000
[    1.182113][    T1] pci 0000:00:02.0: reg 0x10: [mem 0xfd000000-0xfdffffff pref]
[    1.183987][    T1] pci 0000:00:02.0: reg 0x18: [mem 0xfebf0000-0xfebf0fff]
[    1.187021][    T1] pci 0000:00:02.0: reg 0x30: [mem 0xfebe0000-0xfebeffff pref]
[    1.191794][    T1] pci 0000:00:03.0: [8086:100e] type 00 class 0x020000
[    1.192802][    T1] pci 0000:00:03.0: reg 0x10: [mem 0xfebc0000-0xfebdffff]
[    1.193810][    T1] pci 0000:00:03.0: reg 0x14: [io  0xc000-0xc03f]
[    1.196230][    T1] pci 0000:00:03.0: reg 0x30: [mem 0xfeb80000-0xfebbffff pref]
[    1.205734][    T1] ACPI: PCI Interrupt Link [LNKA] (IRQs 5 *10 11)
[    1.207398][    T1] ACPI: PCI Interrupt Link [LNKB] (IRQs 5 *10 11)
[    1.208987][    T1] ACPI: PCI Interrupt Link [LNKC] (IRQs 5 10 *11)
[    1.211168][    T1] ACPI: PCI Interrupt Link [LNKD] (IRQs 5 10 *11)
[    1.212542][    T1] ACPI: PCI Interrupt Link [LNKS] (IRQs *9)
[    1.217836][    T1] iommu: Default domain type: Translated 
[    1.219505][    T1] pci 0000:00:02.0: vgaarb: setting as boot VGA device
[    1.219505][    T1] pci 0000:00:02.0: vgaarb: VGA device added: decodes=io+mem,owns=io+mem,locks=none
[    1.219509][    T1] pci 0000:00:02.0: vgaarb: bridge control possible
[    1.220157][    T1] vgaarb: loaded
[    1.225277][    T1] SCSI subsystem initialized
[    1.229488][    T1] ACPI: bus type USB registered
[    1.229767][    T1] usbcore: registered new interface driver usbfs
[    1.229767][    T1] usbcore: registered new interface driver hub
[    1.229773][    T1] usbcore: registered new device driver usb
[    1.231683][    T1] mc: Linux media interface: v0.10
[    1.232202][    T1] videodev: Linux video capture interface: v2.00
[    1.239481][    T1] pps_core: LinuxPPS API ver. 1 registered
[    1.239481][    T1] pps_core: Software ver. 5.3.6 - Copyright 2005-2007 Rodolfo Giometti <giometti@linux.it>
[    1.239481][    T1] PTP clock support registered
[    1.239703][    T1] EDAC MC: Ver: 3.0.0
[    1.241812][    T1] Advanced Linux Sound Architecture Driver Initialized.
[    1.242570][    T1] PCI: Using ACPI for IRQ routing
[    1.244585][    T1] Bluetooth: Core ver 2.22
[    1.245071][    T1] NET: Registered protocol family 31
[    1.245522][    T1] Bluetooth: HCI device and connection manager initialized
[    1.246163][    T1] Bluetooth: HCI socket layer initialized
[    1.246652][    T1] Bluetooth: L2CAP socket layer initialized
[    1.247166][    T1] Bluetooth: SCO socket layer initialized
[    1.249523][    T1] NET: Registered protocol family 8
[    1.249969][    T1] NET: Registered protocol family 20
[    1.250488][    T1] NetLabel: Initializing
[    1.250819][    T1] NetLabel:  domain hash size = 128
[    1.251215][    T1] NetLabel:  protocols = UNLABELED CIPSOv4 CALIPSO
[    1.251897][    T1] NetLabel:  unlabeled traffic allowed by default
[    1.254515][    T1] nfc: nfc_init: NFC Core ver 0.1
[    1.255131][    T1] NET: Registered protocol family 39
[    1.258316][    T1] hpet0: at MMIO 0xfed00000, IRQs 2, 8, 0
[    1.258774][    T1] hpet0: 3 comparators, 64-bit 100.000000 MHz counter
[    1.268735][    T1] clocksource: Switched to clocksource kvm-clock
[    2.698465][    T1] *** VALIDATE bpf ***
[    2.699647][    T1] VFS: Disk quotas dquot_6.6.0
[    2.700104][    T1] VFS: Dquot-cache hash table entries: 512 (order 0, 4096 bytes)
[    2.701075][    T1] FS-Cache: Loaded
[    2.701371][    T1] *** VALIDATE ramfs ***
[    2.701716][    T1] *** VALIDATE hugetlbfs ***
[    2.702732][    T1] CacheFiles: Loaded
[    2.703247][    T1] TOMOYO: 2.6.0
[    2.703523][    T1] Mandatory Access Control activated.
[    2.704847][    T1] AppArmor: AppArmor Filesystem Enabled
[    2.705573][    T1] pnp: PnP ACPI init
[    2.711077][    T1] pnp: PnP ACPI: found 6 devices
[    2.750866][    T1] clocksource: acpi_pm: mask: 0xffffff max_cycles: 0xffffff, max_idle_ns: 2085701024 ns
[    2.752048][    T1] pci_bus 0000:00: resource 4 [io  0x0000-0x0cf7 window]
[    2.752646][    T1] pci_bus 0000:00: resource 5 [io  0x0d00-0xffff window]
[    2.753190][    T1] pci_bus 0000:00: resource 6 [mem 0x000a0000-0x000bffff window]
[    2.753781][    T1] pci_bus 0000:00: resource 7 [mem 0x80000000-0xfebfffff window]
[    2.754372][    T1] pci_bus 0000:00: resource 8 [mem 0x100000000-0x17fffffff window]
[    2.755529][    T1] NET: Registered protocol family 2
[    2.757407][    T1] tcp_listen_portaddr_hash hash table entries: 1024 (order: 4, 73728 bytes, vmalloc)
[    2.758637][    T1] TCP established hash table entries: 16384 (order: 5, 131072 bytes, vmalloc)
[    2.760560][    T1] TCP bind hash table entries: 16384 (order: 8, 1048576 bytes, vmalloc)
[    2.761799][    T1] TCP: Hash tables configured (established 16384 bind 16384)
[    2.762839][    T1] UDP hash table entries: 1024 (order: 5, 163840 bytes, vmalloc)
[    2.763783][    T1] UDP-Lite hash table entries: 1024 (order: 5, 163840 bytes, vmalloc)
[    2.764745][    T1] NET: Registered protocol family 1
[    2.776172][    T1] RPC: Registered named UNIX socket transport module.
[    2.776712][    T1] RPC: Registered udp transport module.
[    2.777137][    T1] RPC: Registered tcp transport module.
[    2.777557][    T1] RPC: Registered tcp NFSv4.1 backchannel transport module.
[    2.778892][    T1] NET: Registered protocol family 44
[    2.779382][    T1] pci 0000:00:01.0: PIIX3: Enabling Passive Release
[    2.782200][    T1] pci 0000:00:00.0: Limiting direct PCI/PCI transfers
[    2.782738][    T1] pci 0000:00:01.0: Activating ISA DMA hang workarounds
[    2.783338][    T1] pci 0000:00:02.0: Video device with shadowed ROM at [mem 0x000c0000-0x000dffff]
[    2.784064][    T1] PCI: CLS 0 bytes, default 64
[    2.791157][    T1] RAPL PMU: API unit is 2^-32 Joules, 0 fixed counters, 10737418240 ms ovfl timer
[    2.791972][    T1] kvm: no hardware support
[    2.792347][    T1] has_svm: not amd or hygon
[    2.792721][    T1] kvm: no hardware support
[    2.793101][    T1] clocksource: tsc: mask: 0xffffffffffffffff max_cycles: 0x2b3e43c8763, max_idle_ns: 440795360101 ns
[    2.834336][    T1] Initialise system trusted keyrings
[    2.836595][    T1] workingset: timestamp_bits=40 max_order=19 bucket_order=0
[    2.913998][    T1] DLM installed
[    2.925944][    T1] squashfs: version 4.0 (2009/01/31) Phillip Lougher
[    2.933548][    T1] FS-Cache: Netfs 'nfs' registered for caching
[    2.936156][    T1] *** VALIDATE nfs ***
[    2.936504][    T1] *** VALIDATE nfs4 ***
[    2.936912][    T1] NFS: Registering the id_resolver key type
[    2.937396][    T1] Key type id_resolver registered
[    2.937799][    T1] Key type id_legacy registered
[    2.938187][    T1] nfs4filelayout_init: NFSv4 File Layout Driver Registering...
[    2.938801][    T1] Installing knfsd (copyright (C) 1996 okir@monad.swb.de).
[    2.946839][    T1] FS-Cache: Netfs 'cifs' registered for caching
[    2.949636][    T1] Key type cifs.spnego registered
[    2.950103][    T1] Key type cifs.idmap registered
[    2.950830][    T1] ntfs: driver 2.1.32 [Flags: R/W].
[    2.953786][    T1] efs: 1.0a - http://aeschi.ch.eu.org/efs/
[    2.954560][    T1] jffs2: version 2.2. (NAND) (SUMMARY)  Â© 2001-2006 Red Hat, Inc.
[    2.958619][    T1] *** VALIDATE jffs2 ***
[    2.959228][    T1] romfs: ROMFS MTD (C) 2007 Red Hat, Inc.
[    2.960585][    T1] QNX4 filesystem 0.2.3 registered.
[    2.961333][    T1] qnx6: QNX6 filesystem 1.0.0 registered.
[    2.962522][    T1] fuse: init (API version 7.31)
[    2.964730][    T1] *** VALIDATE fuseblk ***
[    2.965088][    T1] *** VALIDATE fuse ***
[    2.967623][    T1] orangefs_debugfs_init: called with debug mask: :none: :0:
[    2.968435][    T1] orangefs_init: module version upstream loaded
[    2.969933][    T1] JFS: nTxBlock = 8192, nTxLock = 65536
[    2.978172][    T1] SGI XFS with ACLs, security attributes, realtime, quota, no debug enabled
[    2.986840][    T1] *** VALIDATE xfs ***
[    2.987179][    T1] 9p: Installing v9fs 9p2000 file system support
[    2.987961][    T1] FS-Cache: Netfs '9p' registered for caching
[    2.991451][    T1] NILFS version 2 loaded
[    2.991808][    T1] befs: version: 0.9.3
[    2.993558][    T1] ocfs2: Registered cluster interface o2cb
[    2.994391][    T1] ocfs2: Registered cluster interface user
[    2.995230][    T1] OCFS2 User DLM kernel interface loaded
[    3.001934][    T1] *** VALIDATE gfs2 ***
[    3.002935][    T1] gfs2: GFS2 installed
[    3.014706][    T1] FS-Cache: Netfs 'ceph' registered for caching
[    3.015235][    T1] ceph: loaded (mds proto 32)
[    3.021610][    T1] NET: Registered protocol family 38
[    3.022424][    T1] async_tx: api initialized (async)
[    3.022841][    T1] Key type asymmetric registered
[    3.023237][    T1] Asymmetric key parser 'x509' registered
[    3.023690][    T1] Asymmetric key parser 'pkcs8' registered
[    3.024138][    T1] Key type pkcs7_test registered
[    3.024683][    T1] Block layer SCSI generic (bsg) driver version 0.4 loaded (major 241)
[    3.025589][    T1] io scheduler mq-deadline registered
[    3.026010][    T1] io scheduler kyber registered
[    3.026985][    T1] io scheduler bfq registered
[    3.032541][    T1] vga16fb: mapped to 0x000000003f1fa5e2
[    3.501488][    T1] Console: switching to colour frame buffer device 80x30
[    3.760606][    T1] fb0: VGA16 VGA frame buffer device
[    3.762016][    T1] input: Power Button as /devices/LNXSYSTM:00/LNXPWRBN:00/input/input0
[    3.769996][    T1] ACPI: Power Button [PWRF]
[    3.776165][    T1] ioatdma: Intel(R) QuickData Technology Driver 5.00
[    3.958966][    T1] HDLC line discipline maxframe=4096
[    3.959403][    T1] N_HDLC line discipline registered.
[    3.959924][    T1] Serial: 8250/16550 driver, 4 ports, IRQ sharing enabled
[    3.960885][    T1] 00:04: ttyS0 at I/O 0x3f8 (irq = 4, base_baud = 115200) is a 16550A
[    3.966676][    T1] Initializing Nozomi driver 2.1d
[    3.969370][    T1] Non-volatile memory driver v1.3
[    3.970622][    T1] Linux agpgart interface v0.103
[    3.984171][    T1] [drm] Initialized vgem 1.0.0 20120112 for vgem on minor 0
[    3.985022][    T1] [drm] Supports vblank timestamp caching Rev 2 (21.10.2013).
[    3.985595][    T1] [drm] Driver supports precise vblank timestamp query.
[    3.988446][    T1] [drm] Initialized vkms 1.0.0 20180514 for vkms on minor 1
[    3.990931][    T1] usbcore: registered new interface driver udl
[    3.991536][    T1] fb0: switching to bochsdrmfb from VGA16 VGA
[    4.141364][    T1] Console: switching to colour VGA+ 80x25
[    4.144549][    T1] bochs-drm 0000:00:02.0: vgaarb: deactivate vga console
[    4.150986][    T1] Console: switching to colour dummy device 80x25
[    4.153671][    T1] [drm] Found bochs VGA, ID 0xb0c5.
[    4.154086][    T1] [drm] Framebuffer size 16384 kB @ 0xfd000000, mmio @ 0xfebf0000.
[    4.155291][    T1] [TTM] Zone  kernel: Available graphics memory: 759836 KiB
[    4.156166][    T1] [TTM] Initializing pool allocator
[    4.156727][    T1] [TTM] Initializing DMA pool allocator
[    4.158526][    T1] [drm] Found EDID data blob.
[    4.160326][    T1] [drm] Initialized bochs-drm 1.0.0 20130925 for 0000:00:02.0 on minor 2
[    4.167341][    T1] fbcon: bochs-drmdrmfb (fb0) is primary device
[    4.186719][    T1] Console: switching to colour frame buffer device 160x50
[    4.201490][    T1] bochs-drm 0000:00:02.0: fb0: bochs-drmdrmfb frame buffer device
[    4.227844][    T1] brd: module loaded
[    4.265013][    T1] loop: module loaded
[    4.337501][    T1] zram: Added device: zram0
[    4.342397][    T1] null_blk: module loaded
[    4.342980][    T1] Guest personality initialized and is inactive
[    4.343756][    T1] VMCI host device registered (name=vmci, major=10, minor=56)
[    4.344344][    T1] Initialized host personality
[    4.344949][    T1] usbcore: registered new interface driver rtsx_usb
[    4.345961][    T1] usbcore: registered new interface driver viperboard
[    4.346827][    T1] usbcore: registered new interface driver dln2
[    4.347605][    T1] usbcore: registered new interface driver pn533_usb
[    4.352256][    T1] nfcsim 0.2 initialized
[    4.352818][    T1] usbcore: registered new interface driver port100
[    4.353571][    T1] usbcore: registered new interface driver nfcmrvl
[    4.356927][    T1] Loading iSCSI transport class v2.0-870.
[    4.361783][    T1] st: Version 20160209, fixed bufsize 32768, s/g segs 256
[    4.380431][    T1] scsi host0: ata_piix
[    4.383489][    T1] scsi host1: ata_piix
[    4.384560][    T1] ata1: PATA max MWDMA2 cmd 0x1f0 ctl 0x3f6 bmdma 0xc040 irq 14
[    4.385164][    T1] ata2: PATA max MWDMA2 cmd 0x170 ctl 0x376 bmdma 0xc048 irq 15
[    4.391631][    T1] Rounding down aligned max_sectors from 4294967295 to 4294967288
[    4.403072][    T1] db_root: cannot open: /etc/target
[    4.404027][    T1] slram: not enough parameters.
[    4.406386][    T1] ftl_cs: FTL header not found.
[    4.409415][    T1] Ethernet Channel Bonding Driver: v3.7.1 (April 27, 2011)
[    4.418704][    T1] wireguard: WireGuard 1.0.0 loaded. See www.wireguard.com for information.
[    4.419388][    T1] wireguard: Copyright (C) 2015-2019 Jason A. Donenfeld <Jason@zx2c4.com>. All Rights Reserved.
[    4.426601][    T1] eql: Equalizer2002: Simon Janes (simon@ncm.com) and David S. Miller (davem@redhat.com)
[    4.430668][    T1] MACsec IEEE 802.1AE
[    4.432481][    T1] libphy: Fixed MDIO Bus: probed
[    4.435520][    T1] tun: Universal TUN/TAP device driver, 1.6
[    4.440138][    T1] vcan: Virtual CAN interface driver
[    4.440552][    T1] vxcan: Virtual CAN Tunnel driver
[    4.440954][    T1] slcan: serial line CAN interface driver
[    4.441391][    T1] slcan: 10 dynamic interface channels.
[    4.441821][    T1] CAN device driver interface
[    4.442372][    T1] usbcore: registered new interface driver usb_8dev
[    4.443147][    T1] usbcore: registered new interface driver ems_usb
[    4.443868][    T1] usbcore: registered new interface driver gs_usb
[    4.444569][    T1] usbcore: registered new interface driver kvaser_usb
[    4.445386][    T1] usbcore: registered new interface driver mcba_usb
[    4.446148][    T1] usbcore: registered new interface driver peak_usb
[    4.446995][    T1] e100: Intel(R) PRO/100 Network Driver, 3.5.24-k2-NAPI
[    4.447531][    T1] e100: Copyright(c) 1999-2006 Intel Corporation
[    4.448367][    T1] e1000: Intel(R) PRO/1000 Network Driver - version 7.3.21-k8-NAPI
[    4.448983][    T1] e1000: Copyright (c) 1999-2006 Intel Corporation.
[    4.560530][ T3495] ata2.00: ATAPI: QEMU DVD-ROM, 2.5+, max UDMA/100
[    4.561222][ T3490] ata1.00: ATA-7: QEMU HARDDISK, 2.5+, max UDMA/100
[    4.561762][ T3490] ata1.00: 2097458 sectors, multi 16: LBA48 
[    4.574466][    T7] scsi 0:0:0:0: Direct-Access     ATA      QEMU HARDDISK    2.5+ PQ: 0 ANSI: 5
[    4.577622][   T23] sd 0:0:0:0: [sda] 2097458 512-byte logical blocks: (1.07 GB/1.00 GiB)
[    4.578433][   T23] sd 0:0:0:0: [sda] Write Protect is off
[    4.579060][   T23] sd 0:0:0:0: [sda] Write cache: enabled, read cache: enabled, doesn't support DPO or FUA
[    4.580670][    T7] sd 0:0:0:0: Attached scsi generic sg0 type 0
[    4.583567][  T128] scsi 1:0:0:0: CD-ROM            QEMU     QEMU DVD-ROM     2.5+ PQ: 0 ANSI: 5
[    4.587639][   T23]  sda: sda1
[    4.590818][   T23] sd 0:0:0:0: [sda] Attached SCSI disk
[    4.700237][  T128] sr 1:0:0:0: [sr0] scsi3-mmc drive: 4x/4x cd/rw xa/form2 tray
[    4.700860][  T128] cdrom: Uniform CD-ROM driver Revision: 3.20
[    4.704324][  T128] sr 1:0:0:0: Attached scsi generic sg1 type 5
[    5.545639][    T1] PCI Interrupt Link [LNKC] enabled at IRQ 11
[    5.911513][    T1] e1000 0000:00:03.0 eth0: (PCI:33MHz:32-bit) 52:54:00:12:34:56
[    5.912127][    T1] e1000 0000:00:03.0 eth0: Intel(R) PRO/1000 Network Connection
[    5.913103][    T1] e1000e: Intel(R) PRO/1000 Network Driver - 3.2.6-k
[    5.913621][    T1] e1000e: Copyright(c) 1999 - 2015 Intel Corporation.
[    5.915166][    T1] mkiss: AX.25 Multikiss, Hans Albas PE1AYX
[    5.915629][    T1] AX.25: 6pack driver, Revision: 0.3.0
[    5.916074][    T1] AX.25: bpqether driver version 004
[    5.916480][    T1] PPP generic driver version 2.4.2
[    5.918018][    T1] PPP BSD Compression module registered
[    5.918467][    T1] PPP Deflate Compression module registered
[    5.918956][    T1] PPP MPPE Compression module registered
[    5.919394][    T1] NET: Registered protocol family 24
[    5.919890][    T1] PPTP driver version 0.8.5
[    5.920685][    T1] SLIP: version 0.8.4-NET3.019-NEWTTY (dynamic channels, max=256) (6 bit encapsulation enabled).
[    5.921490][    T1] CSLIP: code copyright 1989 Regents of the University of California.
[    5.922112][    T1] SLIP linefill/keepalive option.
[    5.922500][    T1] hdlc: HDLC support module revision 1.22
[    5.922953][    T1] LAPB Ethernet driver version 0.02
[    5.924367][    T1] usbcore: registered new interface driver ath9k_htc
[    5.925198][    T1] usbcore: registered new interface driver carl9170
[    5.926054][    T1] usbcore: registered new interface driver ath6kl_usb
[    5.926760][    T1] usbcore: registered new interface driver ar5523
[    5.927843][    T1] usbcore: registered new interface driver ath10k_usb
[    5.928806][    T1] mac80211_hwsim: initializing netlink
[    5.942095][    T1] usbcore: registered new interface driver atusb
[    5.946648][    T1] mac802154_hwsim mac802154_hwsim: Added 2 mac802154 hwsim hardware radios
[    5.947611][    T1] VMware vmxnet3 virtual NIC driver - version 1.4.17.0-k-NAPI
[    5.948624][    T1] usbcore: registered new interface driver catc
[    5.949295][    T1] usbcore: registered new interface driver kaweth
[    5.949966][    T1] pegasus: v0.9.3 (2013/04/25), Pegasus/Pegasus II USB Ethernet driver
[    5.950818][    T1] usbcore: registered new interface driver pegasus
[    5.951484][    T1] usbcore: registered new interface driver rtl8150
[    5.952155][    T1] usbcore: registered new interface driver r8152
[    5.952638][    T1] hso: drivers/net/usb/hso.c: Option Wireless
[    5.953334][    T1] usbcore: registered new interface driver hso
[    5.953968][    T1] usbcore: registered new interface driver lan78xx
[    5.954636][    T1] usbcore: registered new interface driver asix
[    5.955270][    T1] usbcore: registered new interface driver ax88179_178a
[    5.955950][    T1] usbcore: registered new interface driver cdc_ether
[    5.956611][    T1] usbcore: registered new interface driver cdc_eem
[    5.957666][    T1] usbcore: registered new interface driver dm9601
[    5.958378][    T1] usbcore: registered new interface driver sr9700
[    5.959224][    T1] usbcore: registered new interface driver CoreChips
[    5.960823][    T1] usbcore: registered new interface driver smsc75xx
[    5.961479][    T1] usbcore: registered new interface driver smsc95xx
[    5.962098][    T1] usbcore: registered new interface driver gl620a
[    5.962738][    T1] usbcore: registered new interface driver net1080
[    5.963389][    T1] usbcore: registered new interface driver plusb
[    5.964024][    T1] usbcore: registered new interface driver rndis_host
[    5.964700][    T1] usbcore: registered new interface driver cdc_subset
[    5.965395][    T1] usbcore: registered new interface driver zaurus
[    5.966043][    T1] usbcore: registered new interface driver MOSCHIP usb-ethernet driver
[    5.966866][    T1] usbcore: registered new interface driver int51x1
[    5.967519][    T1] usbcore: registered new interface driver cdc_phonet
[    5.968540][    T1] usbcore: registered new interface driver kalmia
[    5.969817][    T1] usbcore: registered new interface driver ipheth
[    5.970826][    T1] usbcore: registered new interface driver sierra_net
[    5.971659][    T1] usbcore: registered new interface driver cx82310_eth
[    5.972459][    T1] usbcore: registered new interface driver cdc_ncm
[    5.973190][    T1] usbcore: registered new interface driver huawei_cdc_ncm
[    5.974003][    T1] usbcore: registered new interface driver lg-vl600
[    5.974745][    T1] usbcore: registered new interface driver qmi_wwan
[    5.975480][    T1] usbcore: registered new interface driver cdc_mbim
[    5.976197][    T1] usbcore: registered new interface driver ch9200
[    5.981361][    T1] VFIO - User Level meta-driver version: 0.3
[    5.984582][    T1] aoe: AoE v85 initialised.
[    5.987995][    T1] ehci_hcd: USB 2.0 'Enhanced' Host Controller (EHCI) Driver
[    5.988580][    T1] ehci-pci: EHCI PCI platform driver
[    5.989144][    T1] ehci-platform: EHCI generic platform driver
[    5.990090][    T1] ohci_hcd: USB 1.1 'Open' Host Controller (OHCI) Driver
[    5.990655][    T1] ohci-pci: OHCI PCI platform driver
[    5.991242][    T1] ohci-platform: OHCI generic platform driver
[    5.991915][    T1] uhci_hcd: USB Universal Host Controller Interface driver
[    5.993135][ T3738] kworker/u6:1 (3738) used greatest stack depth: 26440 bytes left
[    6.002708][    T1] usbcore: registered new interface driver cdc_acm
[    6.003280][    T1] cdc_acm: USB Abstract Control Model driver for USB modems and ISDN adapters
[    6.004260][    T1] usbcore: registered new interface driver usblp
[    6.004963][    T1] usbcore: registered new interface driver cdc_wdm
[    6.005683][    T1] usbcore: registered new interface driver usbtmc
[    6.008096][    T1] usbcore: registered new interface driver uas
[    6.008724][    T1] usbcore: registered new interface driver usb-storage
[    6.009441][    T1] usbcore: registered new interface driver ums-alauda
[    6.010199][    T1] usbcore: registered new interface driver ums-cypress
[    6.010934][    T1] usbcore: registered new interface driver ums-datafab
[    6.011641][    T1] usbcore: registered new interface driver ums_eneub6250
[    6.012340][    T1] usbcore: registered new interface driver ums-freecom
[    6.013048][    T1] usbcore: registered new interface driver ums-isd200
[    6.013722][    T1] usbcore: registered new interface driver ums-jumpshot
[    6.014398][    T1] usbcore: registered new interface driver ums-karma
[    6.015056][    T1] usbcore: registered new interface driver ums-onetouch
[    6.017024][    T1] usbcore: registered new interface driver ums-realtek
[    6.017678][    T1] usbcore: registered new interface driver ums-sddr09
[    6.018311][    T1] usbcore: registered new interface driver ums-sddr55
[    6.018988][    T1] usbcore: registered new interface driver ums-usbat
[    6.019910][    T1] usbcore: registered new interface driver mdc800
[    6.020407][    T1] mdc800: v0.7.5 (30/10/2000):USB Driver for Mustek MDC800 Digital Camera
[    6.021209][    T1] usbcore: registered new interface driver microtekX6
[    6.022250][    T1] usbcore: registered new interface driver usbserial_generic
[    6.023280][    T1] usbserial: USB Serial support registered for generic
[    6.024301][    T1] usbcore: registered new interface driver aircable
[    6.025009][    T1] usbserial: USB Serial support registered for aircable
[    6.025653][    T1] usbcore: registered new interface driver ark3116
[    6.026365][    T1] usbserial: USB Serial support registered for ark3116
[    6.027005][    T1] usbcore: registered new interface driver belkin_sa
[    6.027782][    T1] usbserial: USB Serial support registered for Belkin / Peracom / GoHubs USB Serial Adapter
[    6.028861][    T1] usbcore: registered new interface driver ch341
[    6.029830][    T1] usbserial: USB Serial support registered for ch341-uart
[    6.030587][    T1] usbcore: registered new interface driver cp210x
[    6.031279][    T1] usbserial: USB Serial support registered for cp210x
[    6.032050][    T1] usbcore: registered new interface driver cyberjack
[    6.033148][    T1] usbserial: USB Serial support registered for Reiner SCT Cyberjack USB card reader
[    6.034213][    T1] usbcore: registered new interface driver cypress_m8
[    6.035211][    T1] usbserial: USB Serial support registered for DeLorme Earthmate USB
[    6.036132][    T1] usbserial: USB Serial support registered for HID->COM RS232 Adapter
[    6.036932][    T1] usbserial: USB Serial support registered for Nokia CA-42 V2 Adapter
[    6.037863][    T1] usbcore: registered new interface driver usb_debug
[    6.038555][    T1] usbserial: USB Serial support registered for debug
[    6.039377][    T1] usbserial: USB Serial support registered for xhci_dbc
[    6.040593][    T1] usbcore: registered new interface driver digi_acceleport
[    6.041387][    T1] usbserial: USB Serial support registered for Digi 2 port USB adapter
[    6.042222][    T1] usbserial: USB Serial support registered for Digi 4 port USB adapter
[    6.042968][    T1] usbcore: registered new interface driver io_edgeport
[    6.043808][    T1] usbserial: USB Serial support registered for Edgeport 2 port adapter
[    6.044637][    T1] usbserial: USB Serial support registered for Edgeport 4 port adapter
[    6.045372][    T1] usbserial: USB Serial support registered for Edgeport 8 port adapter
[    6.046274][    T1] usbserial: USB Serial support registered for EPiC device
[    6.047040][    T1] usbcore: registered new interface driver io_ti
[    6.047708][    T1] usbserial: USB Serial support registered for Edgeport TI 1 port adapter
[    6.048545][    T1] usbserial: USB Serial support registered for Edgeport TI 2 port adapter
[    6.049463][    T1] usbcore: registered new interface driver empeg
[    6.051474][    T1] usbserial: USB Serial support registered for empeg
[    6.052203][    T1] usbcore: registered new interface driver f81232
[    6.052793][    T1] usbserial: USB Serial support registered for f81232
[    6.053463][    T1] usbcore: registered new interface driver f81534
[    6.054093][    T1] usbserial: USB Serial support registered for Fintek F81532/F81534
[    6.054951][    T1] usbcore: registered new interface driver ftdi_sio
[    6.055645][    T1] usbserial: USB Serial support registered for FTDI USB Serial Device
[    6.056677][    T1] usbcore: registered new interface driver garmin_gps
[    6.057511][    T1] usbserial: USB Serial support registered for Garmin GPS usb/tty
[    6.058316][    T1] usbcore: registered new interface driver ipaq
[    6.058929][    T1] usbserial: USB Serial support registered for PocketPC PDA
[    6.059728][    T1] usbcore: registered new interface driver ipw
[    6.060326][    T1] usbserial: USB Serial support registered for IPWireless converter
[    6.061097][    T1] usbcore: registered new interface driver ir_usb
[    6.061725][    T1] usbserial: USB Serial support registered for IR Dongle
[    6.062473][    T1] usbcore: registered new interface driver iuu_phoenix
[    6.063528][    T1] usbserial: USB Serial support registered for iuu_phoenix
[    6.064537][    T1] usbcore: registered new interface driver keyspan
[    6.065393][    T1] usbserial: USB Serial support registered for Keyspan - (without firmware)
[    6.066840][    T1] usbserial: USB Serial support registered for Keyspan 1 port adapter
[    6.068584][    T1] usbserial: USB Serial support registered for Keyspan 2 port adapter
[    6.069605][    T1] usbserial: USB Serial support registered for Keyspan 4 port adapter
[    6.070526][    T1] usbcore: registered new interface driver keyspan_pda
[    6.071351][    T1] usbserial: USB Serial support registered for Keyspan PDA
[    6.072199][    T1] usbserial: USB Serial support registered for Keyspan PDA - (prerenumeration)
[    6.073364][    T1] usbcore: registered new interface driver kl5kusb105
[    6.074348][    T1] usbserial: USB Serial support registered for KL5KUSB105D / PalmConnect
[    6.075522][    T1] usbcore: registered new interface driver kobil_sct
[    6.076606][    T1] usbserial: USB Serial support registered for KOBIL USB smart card terminal
[    6.077681][    T1] usbcore: registered new interface driver mct_u232
[    6.078436][    T1] usbserial: USB Serial support registered for MCT U232
[    6.079333][    T1] usbcore: registered new interface driver metro_usb
[    6.080219][    T1] usbserial: USB Serial support registered for Metrologic USB to Serial
[    6.081163][    T1] usbcore: registered new interface driver mos7720
[    6.082121][    T1] usbserial: USB Serial support registered for Moschip 2 port adapter
[    6.083051][    T1] usbcore: registered new interface driver mos7840
[    6.084093][    T1] usbserial: USB Serial support registered for Moschip 7840/7820 USB Serial Driver
[    6.085146][    T1] usbcore: registered new interface driver mxuport
[    6.086064][    T1] usbserial: USB Serial support registered for MOXA UPort
[    6.086911][    T1] usbcore: registered new interface driver navman
[    6.087634][    T1] usbserial: USB Serial support registered for navman
[    6.088629][    T1] usbcore: registered new interface driver omninet
[    6.089402][    T1] usbserial: USB Serial support registered for ZyXEL - omni.net lcd plus usb
[    6.091212][    T1] usbcore: registered new interface driver opticon
[    6.091964][    T1] usbserial: USB Serial support registered for opticon
[    6.093053][    T1] usbcore: registered new interface driver option
[    6.093911][    T1] usbserial: USB Serial support registered for GSM modem (1-port)
[    6.095000][    T1] usbcore: registered new interface driver oti6858
[    6.095920][    T1] usbserial: USB Serial support registered for oti6858
[    6.096747][    T1] usbcore: registered new interface driver pl2303
[    6.097641][    T1] usbserial: USB Serial support registered for pl2303
[    6.098353][    T1] usbcore: registered new interface driver qcaux
[    6.099094][    T1] usbserial: USB Serial support registered for qcaux
[    6.100301][    T1] usbcore: registered new interface driver qcserial
[    6.101003][    T1] usbserial: USB Serial support registered for Qualcomm USB modem
[    6.101871][    T1] usbcore: registered new interface driver quatech2
[    6.102573][    T1] usbserial: USB Serial support registered for Quatech 2nd gen USB to Serial Driver
[    6.103527][    T1] usbcore: registered new interface driver safe_serial
[    6.104252][    T1] usbserial: USB Serial support registered for safe_serial
[    6.105023][    T1] usbcore: registered new interface driver sierra
[    6.105714][    T1] usbserial: USB Serial support registered for Sierra USB modem
[    6.106523][    T1] usbcore: registered new interface driver usb_serial_simple
[    6.108552][    T1] usbserial: USB Serial support registered for carelink
[    6.109273][    T1] usbserial: USB Serial support registered for zio
[    6.110081][    T1] usbserial: USB Serial support registered for funsoft
[    6.110814][    T1] usbserial: USB Serial support registered for flashloader
[    6.111568][    T1] usbserial: USB Serial support registered for google
[    6.112281][    T1] usbserial: USB Serial support registered for libtransistor
[    6.113052][    T1] usbserial: USB Serial support registered for vivopay
[    6.113769][    T1] usbserial: USB Serial support registered for moto_modem
[    6.114504][    T1] usbserial: USB Serial support registered for motorola_tetra
[    6.115287][    T1] usbserial: USB Serial support registered for novatel_gps
[    6.116148][    T1] usbserial: USB Serial support registered for hp4x
[    6.118040][    T1] usbserial: USB Serial support registered for suunto
[    6.118726][    T1] usbserial: USB Serial support registered for siemens_mpi
[    6.119459][    T1] usbcore: registered new interface driver spcp8x5
[    6.120195][    T1] usbserial: USB Serial support registered for SPCP8x5
[    6.120958][    T1] usbcore: registered new interface driver ssu100
[    6.121628][    T1] usbserial: USB Serial support registered for Quatech SSU-100 USB to Serial Driver
[    6.122581][    T1] usbcore: registered new interface driver symbolserial
[    6.123392][    T1] usbserial: USB Serial support registered for symbol
[    6.124415][    T1] usbcore: registered new interface driver ti_usb_3410_5052
[    6.125205][    T1] usbserial: USB Serial support registered for TI USB 3410 1 port adapter
[    6.127380][    T1] usbserial: USB Serial support registered for TI USB 5052 2 port adapter
[    6.128254][    T1] usbcore: registered new interface driver upd78f0730
[    6.128924][    T1] usbserial: USB Serial support registered for upd78f0730
[    6.130226][    T1] usbcore: registered new interface driver visor
[    6.130944][    T1] usbserial: USB Serial support registered for Handspring Visor / Palm OS
[    6.131801][    T1] usbserial: USB Serial support registered for Sony Clie 5.0
[    6.132564][    T1] usbserial: USB Serial support registered for Sony Clie 3.5
[    6.133319][    T1] usbcore: registered new interface driver wishbone_serial
[    6.134009][    T1] usbserial: USB Serial support registered for wishbone_serial
[    6.134735][    T1] usbcore: registered new interface driver whiteheat
[    6.135482][    T1] usbserial: USB Serial support registered for Connect Tech - WhiteHEAT - (prerenumeration)
[    6.137472][    T1] usbserial: USB Serial support registered for Connect Tech - WhiteHEAT
[    6.138250][    T1] usbcore: registered new interface driver xsens_mt
[    6.138846][    T1] usbserial: USB Serial support registered for xsens_mt
[    6.139560][    T1] usbcore: registered new interface driver adutux
[    6.140241][    T1] usbcore: registered new interface driver appledisplay
[    6.140913][    T1] usbcore: registered new interface driver cypress_cy7c63
[    6.141618][    T1] usbcore: registered new interface driver cytherm
[    6.142284][    T1] usbcore: registered new interface driver emi26 - firmware loader
[    6.143046][    T1] usbcore: registered new interface driver emi62 - firmware loader
[    6.143810][    T1] usbcore: registered new interface driver idmouse
[    6.144477][    T1] usbcore: registered new interface driver iowarrior
[    6.145151][    T1] usbcore: registered new interface driver isight_firmware
[    6.145870][    T1] usbcore: registered new interface driver usblcd
[    6.146521][    T1] usbcore: registered new interface driver ldusb
[    6.148432][    T1] usbcore: registered new interface driver legousbtower
[    6.149148][    T1] usbcore: registered new interface driver usbtest
[    6.150607][    T1] usbcore: registered new interface driver usb_ehset_test
[    6.151316][    T1] usbcore: registered new interface driver trancevibrator
[    6.152029][    T1] usbcore: registered new interface driver uss720
[    6.152524][    T1] uss720: USB Parport Cable driver for Cables using the Lucent Technologies USS720 Chip
[    6.153263][    T1] uss720: NOTE: this is a special purpose driver to allow nonstandard
[    6.154168][    T1] uss720: protocols (eg. bitbang) over USS720 usb to parallel cables
[    6.154940][    T1] uss720: If you just want to connect to a printer, use usblp instead
[    6.156443][    T1] usbcore: registered new interface driver usbsevseg
[    6.157170][    T1] usbcore: registered new interface driver yurex
[    6.158438][    T1] usbcore: registered new interface driver chaoskey
[    6.159172][    T1] usbcore: registered new interface driver sisusb
[    6.160572][    T1] usbcore: registered new interface driver lvs
[    6.161294][    T1] usbcore: registered new interface driver cxacru
[    6.162066][    T1] usbcore: registered new interface driver speedtch
[    6.162805][    T1] usbcore: registered new interface driver ueagle-atm
[    6.163349][    T1] xusbatm: malformed module parameters
[    6.167032][    T1] dummy_hcd dummy_hcd.0: USB Host+Gadget Emulator, driver 02 May 2005
[    6.167722][    T1] dummy_hcd dummy_hcd.0: Dummy host controller
[    6.168990][    T1] dummy_hcd dummy_hcd.0: new USB bus registered, assigned bus number 1
[    6.170494][    T1] usb usb1: New USB device found, idVendor=1d6b, idProduct=0002, bcdDevice= 5.06
[    6.171234][    T1] usb usb1: New USB device strings: Mfr=3, Product=2, SerialNumber=1
[    6.171852][    T1] usb usb1: Product: Dummy host controller
[    6.172297][    T1] usb usb1: Manufacturer: Linux 5.6.0-rc1-d489cf9a3e88-00068-gd489cf9a3e88 dummy_hcd
[    6.173018][    T1] usb usb1: SerialNumber: dummy_hcd.0
[    6.174899][    T1] hub 1-0:1.0: USB hub found
[    6.175438][    T1] hub 1-0:1.0: 1 port detected
[    6.177629][    T1] dummy_hcd dummy_hcd.1: USB Host+Gadget Emulator, driver 02 May 2005
[    6.178276][    T1] dummy_hcd dummy_hcd.1: Dummy host controller
[    6.179302][    T1] dummy_hcd dummy_hcd.1: new USB bus registered, assigned bus number 2
[    6.181238][    T1] usb usb2: New USB device found, idVendor=1d6b, idProduct=0002, bcdDevice= 5.06
[    6.181948][    T1] usb usb2: New USB device strings: Mfr=3, Product=2, SerialNumber=1
[    6.182564][    T1] usb usb2: Product: Dummy host controller
[    6.183010][    T1] usb usb2: Manufacturer: Linux 5.6.0-rc1-d489cf9a3e88-00068-gd489cf9a3e88 dummy_hcd
[    6.183729][    T1] usb usb2: SerialNumber: dummy_hcd.1
[    6.185546][    T1] hub 2-0:1.0: USB hub found
[    6.186062][    T1] hub 2-0:1.0: 1 port detected
[    6.187904][    T1] dummy_hcd dummy_hcd.2: USB Host+Gadget Emulator, driver 02 May 2005
[    6.188649][    T1] dummy_hcd dummy_hcd.2: Dummy host controller
[    6.189659][    T1] dummy_hcd dummy_hcd.2: new USB bus registered, assigned bus number 3
[    6.191288][    T1] usb usb3: New USB device found, idVendor=1d6b, idProduct=0002, bcdDevice= 5.06
[    6.191994][    T1] usb usb3: New USB device strings: Mfr=3, Product=2, SerialNumber=1
[    6.192607][    T1] usb usb3: Product: Dummy host controller
[    6.193050][    T1] usb usb3: Manufacturer: Linux 5.6.0-rc1-d489cf9a3e88-00068-gd489cf9a3e88 dummy_hcd
[    6.193769][    T1] usb usb3: SerialNumber: dummy_hcd.2
[    6.195099][    T1] hub 3-0:1.0: USB hub found
[    6.195586][    T1] hub 3-0:1.0: 1 port detected
[    6.197361][    T1] dummy_hcd dummy_hcd.3: USB Host+Gadget Emulator, driver 02 May 2005
[    6.198014][    T1] dummy_hcd dummy_hcd.3: Dummy host controller
[    6.198911][    T1] dummy_hcd dummy_hcd.3: new USB bus registered, assigned bus number 4
[    6.199962][    T1] usb usb4: New USB device found, idVendor=1d6b, idProduct=0002, bcdDevice= 5.06
[    6.200661][    T1] usb usb4: New USB device strings: Mfr=3, Product=2, SerialNumber=1
[    6.201281][    T1] usb usb4: Product: Dummy host controller
[    6.201725][    T1] usb usb4: Manufacturer: Linux 5.6.0-rc1-d489cf9a3e88-00068-gd489cf9a3e88 dummy_hcd
[    6.202447][    T1] usb usb4: SerialNumber: dummy_hcd.3
[    6.204282][    T1] hub 4-0:1.0: USB hub found
[    6.204734][    T1] hub 4-0:1.0: 1 port detected
[    6.206383][    T1] dummy_hcd dummy_hcd.4: USB Host+Gadget Emulator, driver 02 May 2005
[    6.207030][    T1] dummy_hcd dummy_hcd.4: Dummy host controller
[    6.207890][    T1] dummy_hcd dummy_hcd.4: new USB bus registered, assigned bus number 5
[    6.208966][    T1] usb usb5: New USB device found, idVendor=1d6b, idProduct=0002, bcdDevice= 5.06
[    6.209882][    T1] usb usb5: New USB device strings: Mfr=3, Product=2, SerialNumber=1
[    6.210530][    T1] usb usb5: Product: Dummy host controller
[    6.210979][    T1] usb usb5: Manufacturer: Linux 5.6.0-rc1-d489cf9a3e88-00068-gd489cf9a3e88 dummy_hcd
[    6.211701][    T1] usb usb5: SerialNumber: dummy_hcd.4
[    6.213561][    T1] hub 5-0:1.0: USB hub found
[    6.214015][    T1] hub 5-0:1.0: 1 port detected
[    6.216078][    T1] dummy_hcd dummy_hcd.5: USB Host+Gadget Emulator, driver 02 May 2005
[    6.216811][    T1] dummy_hcd dummy_hcd.5: Dummy host controller
[    6.217902][    T1] dummy_hcd dummy_hcd.5: new USB bus registered, assigned bus number 6
[    6.219665][    T1] usb usb6: New USB device found, idVendor=1d6b, idProduct=0002, bcdDevice= 5.06
[    6.220446][    T1] usb usb6: New USB device strings: Mfr=3, Product=2, SerialNumber=1
[    6.221125][    T1] usb usb6: Product: Dummy host controller
[    6.221611][    T1] usb usb6: Manufacturer: Linux 5.6.0-rc1-d489cf9a3e88-00068-gd489cf9a3e88 dummy_hcd
[    6.222402][    T1] usb usb6: SerialNumber: dummy_hcd.5
[    6.224040][    T1] hub 6-0:1.0: USB hub found
[    6.224491][    T1] hub 6-0:1.0: 1 port detected
[    6.226126][    T1] dummy_hcd dummy_hcd.6: USB Host+Gadget Emulator, driver 02 May 2005
[    6.226780][    T1] dummy_hcd dummy_hcd.6: Dummy host controller
[    6.227588][    T1] dummy_hcd dummy_hcd.6: new USB bus registered, assigned bus number 7
[    6.228747][    T1] usb usb7: New USB device found, idVendor=1d6b, idProduct=0002, bcdDevice= 5.06
[    6.229811][    T1] usb usb7: New USB device strings: Mfr=3, Product=2, SerialNumber=1
[    6.230538][    T1] usb usb7: Product: Dummy host controller
[    6.231061][    T1] usb usb7: Manufacturer: Linux 5.6.0-rc1-d489cf9a3e88-00068-gd489cf9a3e88 dummy_hcd
[    6.231919][    T1] usb usb7: SerialNumber: dummy_hcd.6
[    6.233410][    T1] hub 7-0:1.0: USB hub found
[    6.233907][    T1] hub 7-0:1.0: 1 port detected
[    6.235572][    T1] dummy_hcd dummy_hcd.7: USB Host+Gadget Emulator, driver 02 May 2005
[    6.236358][    T1] dummy_hcd dummy_hcd.7: Dummy host controller
[    6.237277][    T1] dummy_hcd dummy_hcd.7: new USB bus registered, assigned bus number 8
[    6.238430][    T1] usb usb8: New USB device found, idVendor=1d6b, idProduct=0002, bcdDevice= 5.06
[    6.239274][    T1] usb usb8: New USB device strings: Mfr=3, Product=2, SerialNumber=1
[    6.240779][    T1] usb usb8: Product: Dummy host controller
[    6.241282][    T1] usb usb8: Manufacturer: Linux 5.6.0-rc1-d489cf9a3e88-00068-gd489cf9a3e88 dummy_hcd
[    6.242076][    T1] usb usb8: SerialNumber: dummy_hcd.7
[    6.243377][    T1] hub 8-0:1.0: USB hub found
[    6.243831][    T1] hub 8-0:1.0: 1 port detected
[    6.255288][    T1] gadgetfs: USB Gadget filesystem, version 24 Aug 2004
[    6.260631][    T1] vhci_hcd vhci_hcd.0: USB/IP Virtual Host Controller
[    6.261585][    T1] vhci_hcd vhci_hcd.0: new USB bus registered, assigned bus number 9
[    6.262388][    T1] vhci_hcd: created sysfs vhci_hcd.0
[    6.263218][    T1] usb usb9: New USB device found, idVendor=1d6b, idProduct=0002, bcdDevice= 5.06
[    6.263922][    T1] usb usb9: New USB device strings: Mfr=3, Product=2, SerialNumber=1
[    6.264543][    T1] usb usb9: Product: USB/IP Virtual Host Controller
[    6.265050][    T1] usb usb9: Manufacturer: Linux 5.6.0-rc1-d489cf9a3e88-00068-gd489cf9a3e88 vhci_hcd
[    6.265769][    T1] usb usb9: SerialNumber: vhci_hcd.0
[    6.267239][    T1] hub 9-0:1.0: USB hub found
[    6.267732][    T1] hub 9-0:1.0: 8 ports detected
[    6.272265][    T1] vhci_hcd vhci_hcd.0: USB/IP Virtual Host Controller
[    6.273205][    T1] vhci_hcd vhci_hcd.0: new USB bus registered, assigned bus number 10
[    6.274002][    T1] usb usb10: We don't know the algorithms for LPM for this host, disabling LPM.
[    6.275295][    T1] usb usb10: New USB device found, idVendor=1d6b, idProduct=0003, bcdDevice= 5.06
[    6.276009][    T1] usb usb10: New USB device strings: Mfr=3, Product=2, SerialNumber=1
[    6.276874][    T1] usb usb10: Product: USB/IP Virtual Host Controller
[    6.277558][    T1] usb usb10: Manufacturer: Linux 5.6.0-rc1-d489cf9a3e88-00068-gd489cf9a3e88 vhci_hcd
[    6.278364][    T1] usb usb10: SerialNumber: vhci_hcd.0
[    6.280787][    T1] hub 10-0:1.0: USB hub found
[    6.281294][    T1] hub 10-0:1.0: 8 ports detected
[    6.285040][    T1] vhci_hcd vhci_hcd.1: USB/IP Virtual Host Controller
[    6.286175][    T1] vhci_hcd vhci_hcd.1: new USB bus registered, assigned bus number 11
[    6.287286][    T1] usb usb11: New USB device found, idVendor=1d6b, idProduct=0002, bcdDevice= 5.06
[    6.287995][    T1] usb usb11: New USB device strings: Mfr=3, Product=2, SerialNumber=1
[    6.288618][    T1] usb usb11: Product: USB/IP Virtual Host Controller
[    6.289129][    T1] usb usb11: Manufacturer: Linux 5.6.0-rc1-d489cf9a3e88-00068-gd489cf9a3e88 vhci_hcd
[    6.290422][    T1] usb usb11: SerialNumber: vhci_hcd.1
[    6.291836][    T1] hub 11-0:1.0: USB hub found
[    6.292295][    T1] hub 11-0:1.0: 8 ports detected
[    6.295063][    T1] vhci_hcd vhci_hcd.1: USB/IP Virtual Host Controller
[    6.296099][    T1] vhci_hcd vhci_hcd.1: new USB bus registered, assigned bus number 12
[    6.296883][    T1] usb usb12: We don't know the algorithms for LPM for this host, disabling LPM.
[    6.298115][    T1] usb usb12: New USB device found, idVendor=1d6b, idProduct=0003, bcdDevice= 5.06
[    6.298831][    T1] usb usb12: New USB device strings: Mfr=3, Product=2, SerialNumber=1
[    6.299454][    T1] usb usb12: Product: USB/IP Virtual Host Controller
[    6.300573][    T1] usb usb12: Manufacturer: Linux 5.6.0-rc1-d489cf9a3e88-00068-gd489cf9a3e88 vhci_hcd
[    6.301302][    T1] usb usb12: SerialNumber: vhci_hcd.1
[    6.302674][    T1] hub 12-0:1.0: USB hub found
[    6.303136][    T1] hub 12-0:1.0: 8 ports detected
[    6.306550][    T1] vhci_hcd vhci_hcd.2: USB/IP Virtual Host Controller
[    6.308049][    T1] vhci_hcd vhci_hcd.2: new USB bus registered, assigned bus number 13
[    6.310026][    T1] usb usb13: New USB device found, idVendor=1d6b, idProduct=0002, bcdDevice= 5.06
[    6.310815][    T1] usb usb13: New USB device strings: Mfr=3, Product=2, SerialNumber=1
[    6.311500][    T1] usb usb13: Product: USB/IP Virtual Host Controller
[    6.312064][    T1] usb usb13: Manufacturer: Linux 5.6.0-rc1-d489cf9a3e88-00068-gd489cf9a3e88 vhci_hcd
[    6.312855][    T1] usb usb13: SerialNumber: vhci_hcd.2
[    6.314297][    T1] hub 13-0:1.0: USB hub found
[    6.314817][    T1] hub 13-0:1.0: 8 ports detected
[    6.317892][    T1] vhci_hcd vhci_hcd.2: USB/IP Virtual Host Controller
[    6.318882][    T1] vhci_hcd vhci_hcd.2: new USB bus registered, assigned bus number 14
[    6.319685][    T1] usb usb14: We don't know the algorithms for LPM for this host, disabling LPM.
[    6.320938][    T1] usb usb14: New USB device found, idVendor=1d6b, idProduct=0003, bcdDevice= 5.06
[    6.321650][    T1] usb usb14: New USB device strings: Mfr=3, Product=2, SerialNumber=1
[    6.322275][    T1] usb usb14: Product: USB/IP Virtual Host Controller
[    6.322791][    T1] usb usb14: Manufacturer: Linux 5.6.0-rc1-d489cf9a3e88-00068-gd489cf9a3e88 vhci_hcd
[    6.323510][    T1] usb usb14: SerialNumber: vhci_hcd.2
[    6.324932][    T1] hub 14-0:1.0: USB hub found
[    6.325389][    T1] hub 14-0:1.0: 8 ports detected
[    6.328754][    T1] vhci_hcd vhci_hcd.3: USB/IP Virtual Host Controller
[    6.329737][    T1] vhci_hcd vhci_hcd.3: new USB bus registered, assigned bus number 15
[    6.331059][    T1] usb usb15: New USB device found, idVendor=1d6b, idProduct=0002, bcdDevice= 5.06
[    6.331784][    T1] usb usb15: New USB device strings: Mfr=3, Product=2, SerialNumber=1
[    6.332411][    T1] usb usb15: Product: USB/IP Virtual Host Controller
[    6.332927][    T1] usb usb15: Manufacturer: Linux 5.6.0-rc1-d489cf9a3e88-00068-gd489cf9a3e88 vhci_hcd
[    6.333659][    T1] usb usb15: SerialNumber: vhci_hcd.3
[    6.335181][    T1] hub 15-0:1.0: USB hub found
[    6.335637][    T1] hub 15-0:1.0: 8 ports detected
[    6.338998][    T1] vhci_hcd vhci_hcd.3: USB/IP Virtual Host Controller
[    6.340231][    T1] vhci_hcd vhci_hcd.3: new USB bus registered, assigned bus number 16
[    6.341099][    T1] usb usb16: We don't know the algorithms for LPM for this host, disabling LPM.
[    6.342443][    T1] usb usb16: New USB device found, idVendor=1d6b, idProduct=0003, bcdDevice= 5.06
[    6.343231][    T1] usb usb16: New USB device strings: Mfr=3, Product=2, SerialNumber=1
[    6.343919][    T1] usb usb16: Product: USB/IP Virtual Host Controller
[    6.344480][    T1] usb usb16: Manufacturer: Linux 5.6.0-rc1-d489cf9a3e88-00068-gd489cf9a3e88 vhci_hcd
[    6.345274][    T1] usb usb16: SerialNumber: vhci_hcd.3
[    6.346815][    T1] hub 16-0:1.0: USB hub found
[    6.347296][    T1] hub 16-0:1.0: 8 ports detected
[    6.350691][    T1] vhci_hcd vhci_hcd.4: USB/IP Virtual Host Controller
[    6.351638][    T1] vhci_hcd vhci_hcd.4: new USB bus registered, assigned bus number 17
[    6.352929][    T1] usb usb17: New USB device found, idVendor=1d6b, idProduct=0002, bcdDevice= 5.06
[    6.353634][    T1] usb usb17: New USB device strings: Mfr=3, Product=2, SerialNumber=1
[    6.354268][    T1] usb usb17: Product: USB/IP Virtual Host Controller
[    6.354780][    T1] usb usb17: Manufacturer: Linux 5.6.0-rc1-d489cf9a3e88-00068-gd489cf9a3e88 vhci_hcd
[    6.355498][    T1] usb usb17: SerialNumber: vhci_hcd.4
[    6.357260][    T1] hub 17-0:1.0: USB hub found
[    6.357721][    T1] hub 17-0:1.0: 8 ports detected
[    6.360733][    T1] vhci_hcd vhci_hcd.4: USB/IP Virtual Host Controller
[    6.361643][    T1] vhci_hcd vhci_hcd.4: new USB bus registered, assigned bus number 18
[    6.362466][    T1] usb usb18: We don't know the algorithms for LPM for this host, disabling LPM.
[    6.363521][    T1] usb usb18: New USB device found, idVendor=1d6b, idProduct=0003, bcdDevice= 5.06
[    6.364232][    T1] usb usb18: New USB device strings: Mfr=3, Product=2, SerialNumber=1
[    6.364862][    T1] usb usb18: Product: USB/IP Virtual Host Controller
[    6.365373][    T1] usb usb18: Manufacturer: Linux 5.6.0-rc1-d489cf9a3e88-00068-gd489cf9a3e88 vhci_hcd
[    6.366100][    T1] usb usb18: SerialNumber: vhci_hcd.4
[    6.368406][    T1] hub 18-0:1.0: USB hub found
[    6.369135][    T1] hub 18-0:1.0: 8 ports detected
[    6.373441][    T1] vhci_hcd vhci_hcd.5: USB/IP Virtual Host Controller
[    6.374528][    T1] vhci_hcd vhci_hcd.5: new USB bus registered, assigned bus number 19
[    6.375631][    T1] usb usb19: New USB device found, idVendor=1d6b, idProduct=0002, bcdDevice= 5.06
[    6.376412][    T1] usb usb19: New USB device strings: Mfr=3, Product=2, SerialNumber=1
[    6.377110][    T1] usb usb19: Product: USB/IP Virtual Host Controller
[    6.377669][    T1] usb usb19: Manufacturer: Linux 5.6.0-rc1-d489cf9a3e88-00068-gd489cf9a3e88 vhci_hcd
[    6.378562][    T1] usb usb19: SerialNumber: vhci_hcd.5
[    6.380389][    T1] hub 19-0:1.0: USB hub found
[    6.380902][    T1] hub 19-0:1.0: 8 ports detected
[    6.383762][    T1] vhci_hcd vhci_hcd.5: USB/IP Virtual Host Controller
[    6.384879][    T1] vhci_hcd vhci_hcd.5: new USB bus registered, assigned bus number 20
[    6.385705][    T1] usb usb20: We don't know the algorithms for LPM for this host, disabling LPM.
[    6.387060][    T1] usb usb20: New USB device found, idVendor=1d6b, idProduct=0003, bcdDevice= 5.06
[    6.387889][    T1] usb usb20: New USB device strings: Mfr=3, Product=2, SerialNumber=1
[    6.388607][    T1] usb usb20: Product: USB/IP Virtual Host Controller
[    6.389209][    T1] usb usb20: Manufacturer: Linux 5.6.0-rc1-d489cf9a3e88-00068-gd489cf9a3e88 vhci_hcd
[    6.390442][    T1] usb usb20: SerialNumber: vhci_hcd.5
[    6.391785][    T1] hub 20-0:1.0: USB hub found
[    6.392313][    T1] hub 20-0:1.0: 8 ports detected
[    6.395774][    T1] vhci_hcd vhci_hcd.6: USB/IP Virtual Host Controller
[    6.396821][    T1] vhci_hcd vhci_hcd.6: new USB bus registered, assigned bus number 21
[    6.398267][    T1] usb usb21: New USB device found, idVendor=1d6b, idProduct=0002, bcdDevice= 5.06
[    6.399362][    T1] usb usb21: New USB device strings: Mfr=3, Product=2, SerialNumber=1
[    6.400434][    T1] usb usb21: Product: USB/IP Virtual Host Controller
[    6.401217][    T1] usb usb21: Manufacturer: Linux 5.6.0-rc1-d489cf9a3e88-00068-gd489cf9a3e88 vhci_hcd
[    6.402319][    T1] usb usb21: SerialNumber: vhci_hcd.6
[    6.404146][    T1] hub 21-0:1.0: USB hub found
[    6.404736][    T1] hub 21-0:1.0: 8 ports detected
[    6.407821][    T1] vhci_hcd vhci_hcd.6: USB/IP Virtual Host Controller
[    6.408982][    T1] vhci_hcd vhci_hcd.6: new USB bus registered, assigned bus number 22
[    6.410125][    T1] usb usb22: We don't know the algorithms for LPM for this host, disabling LPM.
[    6.411576][    T1] usb usb22: New USB device found, idVendor=1d6b, idProduct=0003, bcdDevice= 5.06
[    6.412558][    T1] usb usb22: New USB device strings: Mfr=3, Product=2, SerialNumber=1
[    6.413418][    T1] usb usb22: Product: USB/IP Virtual Host Controller
[    6.414130][    T1] usb usb22: Manufacturer: Linux 5.6.0-rc1-d489cf9a3e88-00068-gd489cf9a3e88 vhci_hcd
[    6.415142][    T1] usb usb22: SerialNumber: vhci_hcd.6
[    6.416742][    T1] hub 22-0:1.0: USB hub found
[    6.417342][    T1] hub 22-0:1.0: 8 ports detected
[    6.421412][    T1] vhci_hcd vhci_hcd.7: USB/IP Virtual Host Controller
[    6.422563][    T1] vhci_hcd vhci_hcd.7: new USB bus registered, assigned bus number 23
[    6.424393][    T1] usb usb23: New USB device found, idVendor=1d6b, idProduct=0002, bcdDevice= 5.06
[    6.425386][    T1] usb usb23: New USB device strings: Mfr=3, Product=2, SerialNumber=1
[    6.426251][    T1] usb usb23: Product: USB/IP Virtual Host Controller
[    6.426937][    T1] usb usb23: Manufacturer: Linux 5.6.0-rc1-d489cf9a3e88-00068-gd489cf9a3e88 vhci_hcd
[    6.427943][    T1] usb usb23: SerialNumber: vhci_hcd.7
[    6.430310][    T1] hub 23-0:1.0: USB hub found
[    6.430826][    T1] hub 23-0:1.0: 8 ports detected
[    6.434077][    T1] vhci_hcd vhci_hcd.7: USB/IP Virtual Host Controller
[    6.435037][    T1] vhci_hcd vhci_hcd.7: new USB bus registered, assigned bus number 24
[    6.435935][    T1] usb usb24: We don't know the algorithms for LPM for this host, disabling LPM.
[    6.437252][    T1] usb usb24: New USB device found, idVendor=1d6b, idProduct=0003, bcdDevice= 5.06
[    6.438048][    T1] usb usb24: New USB device strings: Mfr=3, Product=2, SerialNumber=1
[    6.438732][    T1] usb usb24: Product: USB/IP Virtual Host Controller
[    6.439283][    T1] usb usb24: Manufacturer: Linux 5.6.0-rc1-d489cf9a3e88-00068-gd489cf9a3e88 vhci_hcd
[    6.440195][    T1] usb usb24: SerialNumber: vhci_hcd.7
[    6.441511][    T1] hub 24-0:1.0: USB hub found
[    6.441969][    T1] hub 24-0:1.0: 8 ports detected
[    6.445472][    T1] vhci_hcd vhci_hcd.8: USB/IP Virtual Host Controller
[    6.446409][    T1] vhci_hcd vhci_hcd.8: new USB bus registered, assigned bus number 25
[    6.447579][    T1] usb usb25: New USB device found, idVendor=1d6b, idProduct=0002, bcdDevice= 5.06
[    6.448293][    T1] usb usb25: New USB device strings: Mfr=3, Product=2, SerialNumber=1
[    6.448919][    T1] usb usb25: Product: USB/IP Virtual Host Controller
[    6.449433][    T1] usb usb25: Manufacturer: Linux 5.6.0-rc1-d489cf9a3e88-00068-gd489cf9a3e88 vhci_hcd
[    6.450675][    T1] usb usb25: SerialNumber: vhci_hcd.8
[    6.452042][    T1] hub 25-0:1.0: USB hub found
[    6.452496][    T1] hub 25-0:1.0: 8 ports detected
[    6.455618][    T1] vhci_hcd vhci_hcd.8: USB/IP Virtual Host Controller
[    6.456517][    T1] vhci_hcd vhci_hcd.8: new USB bus registered, assigned bus number 26
[    6.457291][    T1] usb usb26: We don't know the algorithms for LPM for this host, disabling LPM.
[    6.458540][    T1] usb usb26: New USB device found, idVendor=1d6b, idProduct=0003, bcdDevice= 5.06
[    6.459303][    T1] usb usb26: New USB device strings: Mfr=3, Product=2, SerialNumber=1
[    6.460266][    T1] usb usb26: Product: USB/IP Virtual Host Controller
[    6.460935][    T1] usb usb26: Manufacturer: Linux 5.6.0-rc1-d489cf9a3e88-00068-gd489cf9a3e88 vhci_hcd
[    6.461740][    T1] usb usb26: SerialNumber: vhci_hcd.8
[    6.463444][    T1] hub 26-0:1.0: USB hub found
[    6.463948][    T1] hub 26-0:1.0: 8 ports detected
[    6.467609][    T1] vhci_hcd vhci_hcd.9: USB/IP Virtual Host Controller
[    6.468560][    T1] vhci_hcd vhci_hcd.9: new USB bus registered, assigned bus number 27
[    6.470528][    T1] usb usb27: New USB device found, idVendor=1d6b, idProduct=0002, bcdDevice= 5.06
[    6.471435][    T1] usb usb27: New USB device strings: Mfr=3, Product=2, SerialNumber=1
[    6.472161][    T1] usb usb27: Product: USB/IP Virtual Host Controller
[    6.472735][    T1] usb usb27: Manufacturer: Linux 5.6.0-rc1-d489cf9a3e88-00068-gd489cf9a3e88 vhci_hcd
[    6.473598][    T1] usb usb27: SerialNumber: vhci_hcd.9
[    6.475079][    T1] hub 27-0:1.0: USB hub found
[    6.475619][    T1] hub 27-0:1.0: 8 ports detected
[    6.478463][    T1] vhci_hcd vhci_hcd.9: USB/IP Virtual Host Controller
[    6.479627][    T1] vhci_hcd vhci_hcd.9: new USB bus registered, assigned bus number 28
[    6.480566][    T1] usb usb28: We don't know the algorithms for LPM for this host, disabling LPM.
[    6.481946][    T1] usb usb28: New USB device found, idVendor=1d6b, idProduct=0003, bcdDevice= 5.06
[    6.482838][    T1] usb usb28: New USB device strings: Mfr=3, Product=2, SerialNumber=1
[    6.483540][    T1] usb usb28: Product: USB/IP Virtual Host Controller
[    6.484137][    T1] usb usb28: Manufacturer: Linux 5.6.0-rc1-d489cf9a3e88-00068-gd489cf9a3e88 vhci_hcd
[    6.484999][    T1] usb usb28: SerialNumber: vhci_hcd.9
[    6.486489][    T1] hub 28-0:1.0: USB hub found
[    6.487022][    T1] hub 28-0:1.0: 8 ports detected
[    6.491167][    T1] vhci_hcd vhci_hcd.10: USB/IP Virtual Host Controller
[    6.492390][    T1] vhci_hcd vhci_hcd.10: new USB bus registered, assigned bus number 29
[    6.494149][    T1] usb usb29: New USB device found, idVendor=1d6b, idProduct=0002, bcdDevice= 5.06
[    6.495055][    T1] usb usb29: New USB device strings: Mfr=3, Product=2, SerialNumber=1
[    6.495883][    T1] usb usb29: Product: USB/IP Virtual Host Controller
[    6.496541][    T1] usb usb29: Manufacturer: Linux 5.6.0-rc1-d489cf9a3e88-00068-gd489cf9a3e88 vhci_hcd
[    6.497477][    T1] usb usb29: SerialNumber: vhci_hcd.10
[    6.499191][    T1] hub 29-0:1.0: USB hub found
[    6.500711][    T1] hub 29-0:1.0: 8 ports detected
[    6.503502][    T1] vhci_hcd vhci_hcd.10: USB/IP Virtual Host Controller
[    6.504631][    T1] vhci_hcd vhci_hcd.10: new USB bus registered, assigned bus number 30
[    6.505415][    T1] usb usb30: We don't know the algorithms for LPM for this host, disabling LPM.
[    6.506661][    T1] usb usb30: New USB device found, idVendor=1d6b, idProduct=0003, bcdDevice= 5.06
[    6.507369][    T1] usb usb30: New USB device strings: Mfr=3, Product=2, SerialNumber=1
[    6.507991][    T1] usb usb30: Product: USB/IP Virtual Host Controller
[    6.508497][    T1] usb usb30: Manufacturer: Linux 5.6.0-rc1-d489cf9a3e88-00068-gd489cf9a3e88 vhci_hcd
[    6.509218][    T1] usb usb30: SerialNumber: vhci_hcd.10
[    6.510660][    T1] hub 30-0:1.0: USB hub found
[    6.511131][    T1] hub 30-0:1.0: 8 ports detected
[    6.514565][    T1] vhci_hcd vhci_hcd.11: USB/IP Virtual Host Controller
[    6.515511][    T1] vhci_hcd vhci_hcd.11: new USB bus registered, assigned bus number 31
[    6.516747][    T1] usb usb31: New USB device found, idVendor=1d6b, idProduct=0002, bcdDevice= 5.06
[    6.517466][    T1] usb usb31: New USB device strings: Mfr=3, Product=2, SerialNumber=1
[    6.518099][    T1] usb usb31: Product: USB/IP Virtual Host Controller
[    6.518613][    T1] usb usb31: Manufacturer: Linux 5.6.0-rc1-d489cf9a3e88-00068-gd489cf9a3e88 vhci_hcd
[    6.519340][    T1] usb usb31: SerialNumber: vhci_hcd.11
[    6.521773][    T1] hub 31-0:1.0: USB hub found
[    6.522295][    T1] hub 31-0:1.0: 8 ports detected
[    6.525556][    T1] vhci_hcd vhci_hcd.11: USB/IP Virtual Host Controller
[    6.526563][    T1] vhci_hcd vhci_hcd.11: new USB bus registered, assigned bus number 32
[    6.527432][    T1] usb usb32: We don't know the algorithms for LPM for this host, disabling LPM.
[    6.528747][    T1] usb usb32: New USB device found, idVendor=1d6b, idProduct=0003, bcdDevice= 5.06
[    6.529677][    T1] usb usb32: New USB device strings: Mfr=3, Product=2, SerialNumber=1
[    6.530372][    T1] usb usb32: Product: USB/IP Virtual Host Controller
[    6.530940][    T1] usb usb32: Manufacturer: Linux 5.6.0-rc1-d489cf9a3e88-00068-gd489cf9a3e88 vhci_hcd
[    6.531656][    T1] usb usb32: SerialNumber: vhci_hcd.11
[    6.533140][    T1] hub 32-0:1.0: USB hub found
[    6.533636][    T1] hub 32-0:1.0: 8 ports detected
[    6.537281][    T1] vhci_hcd vhci_hcd.12: USB/IP Virtual Host Controller
[    6.538386][    T1] vhci_hcd vhci_hcd.12: new USB bus registered, assigned bus number 33
[    6.540471][    T1] usb usb33: New USB device found, idVendor=1d6b, idProduct=0002, bcdDevice= 5.06
[    6.541183][    T1] usb usb33: New USB device strings: Mfr=3, Product=2, SerialNumber=1
[    6.541806][    T1] usb usb33: Product: USB/IP Virtual Host Controller
[    6.542314][    T1] usb usb33: Manufacturer: Linux 5.6.0-rc1-d489cf9a3e88-00068-gd489cf9a3e88 vhci_hcd
[    6.543033][    T1] usb usb33: SerialNumber: vhci_hcd.12
[    6.544494][    T1] hub 33-0:1.0: USB hub found
[    6.545012][    T1] hub 33-0:1.0: 8 ports detected
[    6.547835][    T1] vhci_hcd vhci_hcd.12: USB/IP Virtual Host Controller
[    6.549105][    T1] vhci_hcd vhci_hcd.12: new USB bus registered, assigned bus number 34
[    6.550508][    T1] usb usb34: We don't know the algorithms for LPM for this host, disabling LPM.
[    6.552241][    T1] usb usb34: New USB device found, idVendor=1d6b, idProduct=0003, bcdDevice= 5.06
[    6.553042][    T1] usb usb34: New USB device strings: Mfr=3, Product=2, SerialNumber=1
[    6.553742][    T1] usb usb34: Product: USB/IP Virtual Host Controller
[    6.554327][    T1] usb usb34: Manufacturer: Linux 5.6.0-rc1-d489cf9a3e88-00068-gd489cf9a3e88 vhci_hcd
[    6.555119][    T1] usb usb34: SerialNumber: vhci_hcd.12
[    6.556596][    T1] hub 34-0:1.0: USB hub found
[    6.557107][    T1] hub 34-0:1.0: 8 ports detected
[    6.561123][    T1] vhci_hcd vhci_hcd.13: USB/IP Virtual Host Controller
[    6.562069][    T1] vhci_hcd vhci_hcd.13: new USB bus registered, assigned bus number 35
[    6.563186][    T1] usb usb35: New USB device found, idVendor=1d6b, idProduct=0002, bcdDevice= 5.06
[    6.563899][    T1] usb usb35: New USB device strings: Mfr=3, Product=2, SerialNumber=1
[    6.564523][    T1] usb usb35: Product: USB/IP Virtual Host Controller
[    6.565038][    T1] usb usb35: Manufacturer: Linux 5.6.0-rc1-d489cf9a3e88-00068-gd489cf9a3e88 vhci_hcd
[    6.565762][    T1] usb usb35: SerialNumber: vhci_hcd.13
[    6.567702][    T1] hub 35-0:1.0: USB hub found
[    6.568170][    T1] hub 35-0:1.0: 8 ports detected
[    6.572339][    T1] vhci_hcd vhci_hcd.13: USB/IP Virtual Host Controller
[    6.573342][    T1] vhci_hcd vhci_hcd.13: new USB bus registered, assigned bus number 36
[    6.574130][    T1] usb usb36: We don't know the algorithms for LPM for this host, disabling LPM.
[    6.575375][    T1] usb usb36: New USB device found, idVendor=1d6b, idProduct=0003, bcdDevice= 5.06
[    6.576365][    T1] usb usb36: New USB device strings: Mfr=3, Product=2, SerialNumber=1
[    6.577238][    T1] usb usb36: Product: USB/IP Virtual Host Controller
[    6.577952][    T1] usb usb36: Manufacturer: Linux 5.6.0-rc1-d489cf9a3e88-00068-gd489cf9a3e88 vhci_hcd
[    6.578939][    T1] usb usb36: SerialNumber: vhci_hcd.13
[    6.580642][    T1] hub 36-0:1.0: USB hub found
[    6.581258][    T1] hub 36-0:1.0: 8 ports detected
[    6.585513][    T1] vhci_hcd vhci_hcd.14: USB/IP Virtual Host Controller
[    6.586516][    T1] vhci_hcd vhci_hcd.14: new USB bus registered, assigned bus number 37
[    6.587614][    T1] usb usb37: New USB device found, idVendor=1d6b, idProduct=0002, bcdDevice= 5.06
[    6.588392][    T1] usb usb37: New USB device strings: Mfr=3, Product=2, SerialNumber=1
[    6.589080][    T1] usb usb37: Product: USB/IP Virtual Host Controller
[    6.590204][    T1] usb usb37: Manufacturer: Linux 5.6.0-rc1-d489cf9a3e88-00068-gd489cf9a3e88 vhci_hcd
[    6.591017][    T1] usb usb37: SerialNumber: vhci_hcd.14
[    6.592408][    T1] hub 37-0:1.0: USB hub found
[    6.592871][    T1] hub 37-0:1.0: 8 ports detected
[    6.595656][    T1] vhci_hcd vhci_hcd.14: USB/IP Virtual Host Controller
[    6.596658][    T1] vhci_hcd vhci_hcd.14: new USB bus registered, assigned bus number 38
[    6.597451][    T1] usb usb38: We don't know the algorithms for LPM for this host, disabling LPM.
[    6.598700][    T1] usb usb38: New USB device found, idVendor=1d6b, idProduct=0003, bcdDevice= 5.06
[    6.599422][    T1] usb usb38: New USB device strings: Mfr=3, Product=2, SerialNumber=1
[    6.601105][    T1] usb usb38: Product: USB/IP Virtual Host Controller
[    6.601636][    T1] usb usb38: Manufacturer: Linux 5.6.0-rc1-d489cf9a3e88-00068-gd489cf9a3e88 vhci_hcd
[    6.602381][    T1] usb usb38: SerialNumber: vhci_hcd.14
[    6.603756][    T1] hub 38-0:1.0: USB hub found
[    6.604214][    T1] hub 38-0:1.0: 8 ports detected
[    6.607589][    T1] vhci_hcd vhci_hcd.15: USB/IP Virtual Host Controller
[    6.608577][    T1] vhci_hcd vhci_hcd.15: new USB bus registered, assigned bus number 39
[    6.609725][    T1] usb usb39: New USB device found, idVendor=1d6b, idProduct=0002, bcdDevice= 5.06
[    6.610454][    T1] usb usb39: New USB device strings: Mfr=3, Product=2, SerialNumber=1
[    6.611091][    T1] usb usb39: Product: USB/IP Virtual Host Controller
[    6.611613][    T1] usb usb39: Manufacturer: Linux 5.6.0-rc1-d489cf9a3e88-00068-gd489cf9a3e88 vhci_hcd
[    6.612680][    T1] usb usb39: SerialNumber: vhci_hcd.15
[    6.614175][    T1] hub 39-0:1.0: USB hub found
[    6.614676][    T1] hub 39-0:1.0: 8 ports detected
[    6.617910][    T1] vhci_hcd vhci_hcd.15: USB/IP Virtual Host Controller
[    6.618862][    T1] vhci_hcd vhci_hcd.15: new USB bus registered, assigned bus number 40
[    6.620684][    T1] usb usb40: We don't know the algorithms for LPM for this host, disabling LPM.
[    6.621959][    T1] usb usb40: New USB device found, idVendor=1d6b, idProduct=0003, bcdDevice= 5.06
[    6.622669][    T1] usb usb40: New USB device strings: Mfr=3, Product=2, SerialNumber=1
[    6.623295][    T1] usb usb40: Product: USB/IP Virtual Host Controller
[    6.623808][    T1] usb usb40: Manufacturer: Linux 5.6.0-rc1-d489cf9a3e88-00068-gd489cf9a3e88 vhci_hcd
[    6.624528][    T1] usb usb40: SerialNumber: vhci_hcd.15
[    6.625953][    T1] hub 40-0:1.0: USB hub found
[    6.626407][    T1] hub 40-0:1.0: 8 ports detected
[    6.630380][    T1] usbcore: registered new device driver usbip-host
[    6.633262][    T1] i8042: PNP: PS/2 Controller [PNP0303:KBD,PNP0f13:MOU] at 0x60,0x64 irq 1,12
[    6.635063][    T1] serio: i8042 KBD port at 0x60,0x64 irq 1
[    6.636208][    T1] serio: i8042 AUX port at 0x60,0x64 irq 12
[    6.640681][    T1] mousedev: PS/2 mouse device common for all mice
[    6.643175][ T4135] input: AT Translated Set 2 keyboard as /devices/platform/i8042/serio0/input/input1
[    6.647157][    T1] usbcore: registered new interface driver appletouch
[    6.648061][    T1] usbcore: registered new interface driver bcm5974
[    6.653171][    T1] usbcore: registered new interface driver synaptics_usb
[    6.654029][    T1] usbcore: registered new interface driver iforce
[    6.655010][    T1] usbcore: registered new interface driver xpad
[    6.655750][    T1] usbcore: registered new interface driver usb_acecad
[    6.656722][    T1] usbcore: registered new interface driver aiptek
[    6.657455][    T1] usbcore: registered new interface driver hanwang
[    6.658269][    T1] usbcore: registered new interface driver kbtab
[    6.659006][    T1] usbcore: registered new interface driver pegasus_notetaker
[    6.660012][    T1] usbcore: registered new interface driver usbtouchscreen
[    6.660994][    T1] usbcore: registered new interface driver sur40
[    6.661759][    T1] usbcore: registered new interface driver ati_remote2
[    6.662291][    T1] cm109: Keymap for Komunikate KIP1000 phone loaded
[    6.663224][    T1] usbcore: registered new interface driver cm109
[    6.663717][    T1] cm109: CM109 phone driver: 20080805 (C) Alfred E. Heggestad
[    6.664546][    T1] usbcore: registered new interface driver ims_pcu
[    6.665316][    T1] usbcore: registered new interface driver keyspan_remote
[    6.666049][    T1] usbcore: registered new interface driver powermate
[    6.667030][    T1] usbcore: registered new interface driver yealink
[    6.668802][    T1] rtc_cmos 00:05: RTC can wake from S4
[    6.672423][    T1] rtc_cmos 00:05: registered as rtc0
[    6.672871][    T1] rtc_cmos 00:05: alarms up to one day, y3k, 242 bytes nvram, hpet irqs
[    6.676686][    T1] i2c /dev entries driver
[    6.677681][    T1] usbcore: registered new interface driver i2c-diolan-u2c
[    6.678736][    T1] usbcore: registered new interface driver RobotFuzz Open Source InterFace, OSIF
[    6.680131][    T1] usbcore: registered new interface driver i2c-tiny-usb
[    6.682967][    T1] usbcore: registered new interface driver ati_remote
[    6.684153][    T1] usbcore: registered new interface driver imon
[    6.687482][    T1] usbcore: registered new interface driver mceusb
[    6.688217][    T1] usbcore: registered new interface driver redrat3
[    6.688875][    T1] usbcore: registered new interface driver streamzap
[    6.690065][    T1] usbcore: registered new interface driver igorplugusb
[    6.690780][    T1] usbcore: registered new interface driver iguanair
[    6.691489][    T1] usbcore: registered new interface driver ttusbir
[    6.692003][    T1] b2c2-flexcop: B2C2 FlexcopII/II(b)/III digital TV receiver chip loaded successfully
[    6.703973][    T1] vivid-000: using single planar format API
[    6.716213][    T1] vivid-000: CEC adapter cec0 registered for HDMI input 0
[    6.717028][    T1] vivid-000: V4L2 capture device registered as video3
[    6.717959][    T1] vivid-000: CEC adapter cec1 registered for HDMI output 0
[    6.718835][    T1] vivid-000: V4L2 output device registered as video4
[    6.719992][    T1] vivid-000: V4L2 capture device registered as vbi0, supports raw and sliced VBI
[    6.721023][    T1] vivid-000: V4L2 output device registered as vbi1, supports raw and sliced VBI
[    6.722033][    T1] vivid-000: V4L2 capture device registered as swradio0
[    6.722867][    T1] vivid-000: V4L2 receiver device registered as radio0
[    6.723777][    T1] vivid-000: V4L2 transmitter device registered as radio1
[    6.724663][    T1] vivid-000: V4L2 metadata capture device registered as video5
[    6.725570][    T1] vivid-000: V4L2 metadata output device registered as video6
[    6.726476][    T1] vivid-000: V4L2 touch capture device registered as v4l-touch0
[    6.727562][    T1] vivid-001: using multiplanar format API
[    6.737054][    T1] vivid-001: CEC adapter cec2 registered for HDMI input 0
[    6.737999][    T1] vivid-001: V4L2 capture device registered as video7
[    6.738921][    T1] vivid-001: CEC adapter cec3 registered for HDMI output 0
[    6.739976][    T1] vivid-001: V4L2 output device registered as video8
[    6.740861][    T1] vivid-001: V4L2 capture device registered as vbi2, supports raw and sliced VBI
[    6.741949][    T1] vivid-001: V4L2 output device registered as vbi3, supports raw and sliced VBI
[    6.743032][    T1] vivid-001: V4L2 capture device registered as swradio1
[    6.743917][    T1] vivid-001: V4L2 receiver device registered as radio2
[    6.744819][    T1] vivid-001: V4L2 transmitter device registered as radio3
[    6.745740][    T1] vivid-001: V4L2 metadata capture device registered as video9
[    6.746660][    T1] vivid-001: V4L2 metadata output device registered as video10
[    6.747564][    T1] vivid-001: V4L2 touch capture device registered as v4l-touch1
[    6.748474][    T1] vivid-002: using single planar format API
[    6.756719][    T1] vivid-002: CEC adapter cec4 registered for HDMI input 0
[    6.757616][    T1] vivid-002: V4L2 capture device registered as video11
[    6.758456][    T1] vivid-002: CEC adapter cec5 registered for HDMI output 0
[    6.759309][    T1] vivid-002: V4L2 output device registered as video12
[    6.760772][    T1] vivid-002: V4L2 capture device registered as vbi4, supports raw and sliced VBI
[    6.762042][    T1] vivid-002: V4L2 output device registered as vbi5, supports raw and sliced VBI
[    6.763178][    T1] vivid-002: V4L2 capture device registered as swradio2
[    6.764044][    T1] vivid-002: V4L2 receiver device registered as radio4
[    6.764819][    T1] vivid-002: V4L2 transmitter device registered as radio5
[    6.766054][    T1] vivid-002: V4L2 metadata capture device registered as video13
[    6.767250][    T1] vivid-002: V4L2 metadata output device registered as video14
[    6.768289][    T1] vivid-002: V4L2 touch capture device registered as v4l-touch2
[    6.769356][    T1] vivid-003: using multiplanar format API
[    6.777849][    T1] vivid-003: CEC adapter cec6 registered for HDMI input 0
[    6.778736][    T1] vivid-003: V4L2 capture device registered as video15
[    6.779644][    T1] vivid-003: CEC adapter cec7 registered for HDMI output 0
[    6.780520][    T1] vivid-003: V4L2 output device registered as video16
[    6.781334][    T1] vivid-003: V4L2 capture device registered as vbi6, supports raw and sliced VBI
[    6.782321][    T1] vivid-003: V4L2 output device registered as vbi7, supports raw and sliced VBI
[    6.783307][    T1] vivid-003: V4L2 capture device registered as swradio3
[    6.784129][    T1] vivid-003: V4L2 receiver device registered as radio6
[    6.785087][    T1] vivid-003: V4L2 transmitter device registered as radio7
[    6.786707][    T1] vivid-003: V4L2 metadata capture device registered as video17
[    6.787556][    T1] vivid-003: V4L2 metadata output device registered as video18
[    6.788428][    T1] vivid-003: V4L2 touch capture device registered as v4l-touch3
[    6.789304][    T1] vivid-004: using single planar format API
[    6.798716][    T1] vivid-004: CEC adapter cec8 registered for HDMI input 0
[    6.799813][    T1] vivid-004: V4L2 capture device registered as video19
[    6.800713][    T1] vivid-004: CEC adapter cec9 registered for HDMI output 0
[    6.801645][    T1] vivid-004: V4L2 output device registered as video20
[    6.802538][    T1] vivid-004: V4L2 capture device registered as vbi8, supports raw and sliced VBI
[    6.803939][    T1] vivid-004: V4L2 output device registered as vbi9, supports raw and sliced VBI
[    6.805172][    T1] vivid-004: V4L2 capture device registered as swradio4
[    6.805958][    T1] vivid-004: V4L2 receiver device registered as radio8
[    6.806759][    T1] vivid-004: V4L2 transmitter device registered as radio9
[    6.807659][    T1] vivid-004: V4L2 metadata capture device registered as video21
[    6.808545][    T1] vivid-004: V4L2 metadata output device registered as video22
[    6.809817][    T1] vivid-004: V4L2 touch capture device registered as v4l-touch4
[    6.810779][    T1] vivid-005: using multiplanar format API
[    6.819167][    T1] vivid-005: CEC adapter cec10 registered for HDMI input 0
[    6.820173][    T1] vivid-005: V4L2 capture device registered as video23
[    6.820997][    T1] vivid-005: CEC adapter cec11 registered for HDMI output 0
[    6.821854][    T1] vivid-005: V4L2 output device registered as video24
[    6.822670][    T1] vivid-005: V4L2 capture device registered as vbi10, supports raw and sliced VBI
[    6.823662][    T1] vivid-005: V4L2 output device registered as vbi11, supports raw and sliced VBI
[    6.824655][    T1] vivid-005: V4L2 capture device registered as swradio5
[    6.825494][    T1] vivid-005: V4L2 receiver device registered as radio10
[    6.826451][    T1] vivid-005: V4L2 transmitter device registered as radio11
[    6.828599][    T1] vivid-005: V4L2 metadata capture device registered as video25
[    6.829867][    T1] vivid-005: V4L2 metadata output device registered as video26
[    6.831024][    T1] vivid-005: V4L2 touch capture device registered as v4l-touch5
[    6.831998][    T1] vivid-006: using single planar format API
[    6.840626][    T1] vivid-006: CEC adapter cec12 registered for HDMI input 0
[    6.841483][    T1] vivid-006: V4L2 capture device registered as video27
[    6.842322][    T1] vivid-006: CEC adapter cec13 registered for HDMI output 0
[    6.843175][    T1] vivid-006: V4L2 output device registered as video28
[    6.843984][    T1] vivid-006: V4L2 capture device registered as vbi12, supports raw and sliced VBI
[    6.844979][    T1] vivid-006: V4L2 output device registered as vbi13, supports raw and sliced VBI
[    6.845990][    T1] vivid-006: V4L2 capture device registered as swradio6
[    6.846795][    T1] vivid-006: V4L2 receiver device registered as radio12
[    6.847778][    T1] vivid-006: V4L2 transmitter device registered as radio13
[    6.849428][    T1] vivid-006: V4L2 metadata capture device registered as video29
[    6.851145][    T1] vivid-006: V4L2 metadata output device registered as video30
[    6.852028][    T1] vivid-006: V4L2 touch capture device registered as v4l-touch6
[    6.852906][    T1] vivid-007: using multiplanar format API
[    6.862869][    T1] vivid-007: CEC adapter cec14 registered for HDMI input 0
[    6.863809][    T1] vivid-007: V4L2 capture device registered as video31
[    6.864632][    T1] vivid-007: CEC adapter cec15 registered for HDMI output 0
[    6.865484][    T1] vivid-007: V4L2 output device registered as video32
[    6.866321][    T1] vivid-007: V4L2 capture device registered as vbi14, supports raw and sliced VBI
[    6.867335][    T1] vivid-007: V4L2 output device registered as vbi15, supports raw and sliced VBI
[    6.868332][    T1] vivid-007: V4L2 capture device registered as swradio7
[    6.869151][    T1] vivid-007: V4L2 receiver device registered as radio14
[    6.871421][    T1] vivid-007: V4L2 transmitter device registered as radio15
[    6.872255][    T1] vivid-007: V4L2 metadata capture device registered as video33
[    6.873158][    T1] vivid-007: V4L2 metadata output device registered as video34
[    6.874030][    T1] vivid-007: V4L2 touch capture device registered as v4l-touch7
[    6.874903][    T1] vivid-008: using single planar format API
[    6.883603][    T1] vivid-008: CEC adapter cec16 registered for HDMI input 0
[    6.884473][    T1] vivid-008: V4L2 capture device registered as video35
[    6.885295][    T1] vivid-008: CEC adapter cec17 registered for HDMI output 0
[    6.886171][    T1] vivid-008: V4L2 output device registered as video36
[    6.886979][    T1] vivid-008: V4L2 capture device registered as vbi16, supports raw and sliced VBI
[    6.887972][    T1] vivid-008: V4L2 output device registered as vbi17, supports raw and sliced VBI
[    6.889290][    T1] vivid-008: V4L2 capture device registered as swradio8
