c[?7l[2J[0mSeaBIOS (version rel-1.16.0-0-gd239552ce722-prebuilt.qemu.org)


iPXE (http://ipxe.org) 00:03.0 CA00 PCI2.10 PnP PMM+7FF91000+7FEF1000 CA00
Press Ctrl-B to configure iPXE (PCI 00:03.0)...                                                                               


Booting from ROM...
c[?7l[2Jearly console in extract_kernel
input_data: 0x000000000b7be2c8
input_len: 0x0000000004044f98
output: 0x0000000001000000
output_len: 0x000000000d2f5b28
kernel_total_size: 0x000000000e826000
trampoline_32bit: 0x000000000009d000

Decompressing Linux... Parsing ELF... done.
Booting the kernel.
[    0.000000] Linux version 5.0.0-v5.0 (root@xpf.sh.intel.com) (gcc version 8.5.0 20210514 (Red Hat 8.5.0-20) (GCC)) #1 SMP PREEMPT Sat Dec 2 10:41:30 CST 2023
[    0.000000] Command line: console=ttyS0 root=/dev/sda1 earlyprintk=serial net.ifnames=0 thunderbolt.dyndbg plymouth.enable=0
[    0.000000] KERNEL supported cpus:
[    0.000000]   Intel GenuineIntel
[    0.000000]   AMD AuthenticAMD
[    0.000000] x86/fpu: Supporting XSAVE feature 0x001: 'x87 floating point registers'
[    0.000000] x86/fpu: Supporting XSAVE feature 0x002: 'SSE registers'
[    0.000000] x86/fpu: Supporting XSAVE feature 0x004: 'AVX registers'
[    0.000000] x86/fpu: Supporting XSAVE feature 0x008: 'MPX bounds registers'
[    0.000000] x86/fpu: Supporting XSAVE feature 0x010: 'MPX CSR'
[    0.000000] x86/fpu: Supporting XSAVE feature 0x020: 'AVX-512 opmask'
[    0.000000] x86/fpu: Supporting XSAVE feature 0x040: 'AVX-512 Hi256'
[    0.000000] x86/fpu: Supporting XSAVE feature 0x080: 'AVX-512 ZMM_Hi256'
[    0.000000] x86/fpu: xstate_offset[2]:  576, xstate_sizes[2]:  256
[    0.000000] x86/fpu: xstate_offset[3]:  832, xstate_sizes[3]:   64
[    0.000000] x86/fpu: xstate_offset[4]:  896, xstate_sizes[4]:   64
[    0.000000] x86/fpu: xstate_offset[5]:  960, xstate_sizes[5]:   64
[    0.000000] x86/fpu: xstate_offset[6]: 1024, xstate_sizes[6]:  512
[    0.000000] x86/fpu: xstate_offset[7]: 1536, xstate_sizes[7]: 1024
[    0.000000] x86/fpu: Enabled xstate features 0xff, context size is 2560 bytes, using 'compacted' format.
[    0.000000] BIOS-provided physical RAM map:
[    0.000000] BIOS-e820: [mem 0x0000000000000000-0x000000000009fbff] usable
[    0.000000] BIOS-e820: [mem 0x000000000009fc00-0x000000000009ffff] reserved
[    0.000000] BIOS-e820: [mem 0x00000000000f0000-0x00000000000fffff] reserved
[    0.000000] BIOS-e820: [mem 0x0000000000100000-0x000000007ffdffff] usable
[    0.000000] BIOS-e820: [mem 0x000000007ffe0000-0x000000007fffffff] reserved
[    0.000000] BIOS-e820: [mem 0x00000000feffc000-0x00000000feffffff] reserved
[    0.000000] BIOS-e820: [mem 0x00000000fffc0000-0x00000000ffffffff] reserved
[    0.000000] printk: bootconsole [earlyser0] enabled
[    0.000000] ERROR: earlyprintk= earlyser already used
[    0.000000] ERROR: earlyprintk= earlyser already used
[    0.000000] ERROR: earlyprintk= earlyser already used
[    0.000000] Malformed early option 'vsyscall'
[    0.000000] nopcid: PCID feature disabled
[    0.000000] NX (Execute Disable) protection: active
[    0.000000] SMBIOS 2.8 present.
[    0.000000] DMI: QEMU Standard PC (i440FX + PIIX, 1996), BIOS rel-1.16.0-0-gd239552ce722-prebuilt.qemu.org 04/01/2014
[    0.000000] Hypervisor detected: KVM
[    0.000000] kvm-clock: Using msrs 4b564d01 and 4b564d00
[    0.000003] kvm-clock: cpu 0, msr df19001, primary cpu clock
[    0.000003] kvm-clock: using sched offset of 904734795 cycles
[    0.000603] clocksource: kvm-clock: mask: 0xffffffffffffffff max_cycles: 0x1cd42e4dffb, max_idle_ns: 881590591483 ns
[    0.002404] tsc: Detected 2999.998 MHz processor
[    0.007546] last_pfn = 0x7ffe0 max_arch_pfn = 0x400000000
[    0.008215] x86/PAT: Configuration [0-7]: WB  WC  UC- UC  WB  WP  UC- WT  
[    0.016924] found SMP MP-table at [mem 0x000f5ba0-0x000f5baf] mapped at [(____ptrval____)]
[    0.017730] Using GB pages for direct mapping
[    0.018686] ACPI: Early table checksum verification disabled
[    0.019404] ACPI: RSDP 0x00000000000F59C0 000014 (v00 BOCHS )
[    0.020053] ACPI: RSDT 0x000000007FFE1951 000034 (v01 BOCHS  BXPC     00000001 BXPC 00000001)
[    0.020987] ACPI: FACP 0x000000007FFE17FD 000074 (v01 BOCHS  BXPC     00000001 BXPC 00000001)
[    0.021849] ACPI: DSDT 0x000000007FFE0040 0017BD (v01 BOCHS  BXPC     00000001 BXPC 00000001)
[    0.022714] ACPI: FACS 0x000000007FFE0000 000040
[    0.023207] ACPI: APIC 0x000000007FFE1871 000080 (v01 BOCHS  BXPC     00000001 BXPC 00000001)
[    0.024156] ACPI: HPET 0x000000007FFE18F1 000038 (v01 BOCHS  BXPC     00000001 BXPC 00000001)
[    0.025042] ACPI: WAET 0x000000007FFE1929 000028 (v01 BOCHS  BXPC     00000001 BXPC 00000001)
[    0.027199] No NUMA configuration found
[    0.027660] Faking a node at [mem 0x0000000000000000-0x000000007ffdffff]
[    0.028396] Faking node 0 at [mem 0x0000000000000000-0x000000003fffffff] (1024MB)
[    0.029210] Faking node 1 at [mem 0x0000000040000000-0x000000007ffdffff] (1023MB)
[    0.030374] NODE_DATA(0) allocated [mem 0x3fffb000-0x3fffffff]
[    0.031120] NODE_DATA(1) allocated [mem 0x7ffda000-0x7ffdefff]
[    0.050911] Zone ranges:
[    0.051217]   DMA      [mem 0x0000000000001000-0x0000000000ffffff]
[    0.051898]   DMA32    [mem 0x0000000001000000-0x000000007ffdffff]
[    0.052578]   Normal   empty
[    0.052888]   Device   empty
[    0.053204] Movable zone start for each node
[    0.053655] Early memory node ranges
[    0.054046]   node   0: [mem 0x0000000000001000-0x000000000009efff]
[    0.054730]   node   0: [mem 0x0000000000100000-0x000000003fffffff]
[    0.055385]   node   1: [mem 0x0000000040000000-0x000000007ffdffff]
[    0.056013] Zeroed struct page in unavailable ranges: 98 pages
[    0.056018] Initmem setup node 0 [mem 0x0000000000001000-0x000000003fffffff]
[    0.069478] Initmem setup node 1 [mem 0x0000000040000000-0x000000007ffdffff]
[    0.276035] kasan: KernelAddressSanitizer initialized
[    0.276760] ACPI: PM-Timer IO Port: 0x608
[    0.277139] ACPI: LAPIC_NMI (acpi_id[0xff] dfl dfl lint[0x1])
[    0.277703] IOAPIC[0]: apic_id 0, version 17, address 0xfec00000, GSI 0-23
[    0.278444] ACPI: INT_SRC_OVR (bus 0 bus_irq 0 global_irq 2 dfl dfl)
[    0.279146] ACPI: INT_SRC_OVR (bus 0 bus_irq 5 global_irq 5 high level)
[    0.279791] ACPI: INT_SRC_OVR (bus 0 bus_irq 9 global_irq 9 high level)
[    0.280452] ACPI: INT_SRC_OVR (bus 0 bus_irq 10 global_irq 10 high level)
[    0.281109] ACPI: INT_SRC_OVR (bus 0 bus_irq 11 global_irq 11 high level)
[    0.281779] Using ACPI (MADT) for SMP configuration information
[    0.282359] ACPI: HPET id: 0x8086a201 base: 0xfed00000
[    0.282841] smpboot: Allowing 2 CPUs, 0 hotplug CPUs
[    0.283398] PM: Registered nosave memory: [mem 0x00000000-0x00000fff]
[    0.283966] PM: Registered nosave memory: [mem 0x0009f000-0x0009ffff]
[    0.284550] PM: Registered nosave memory: [mem 0x000a0000-0x000effff]
[    0.285213] PM: Registered nosave memory: [mem 0x000f0000-0x000fffff]
[    0.285836] [mem 0x80000000-0xfeffbfff] available for PCI devices
[    0.286376] Booting paravirtualized kernel on KVM
[    0.286773] clocksource: refined-jiffies: mask: 0xffffffff max_cycles: 0xffffffff, max_idle_ns: 19112604462750000 ns
[    1.335014] random: get_random_bytes called from start_kernel+0xe0/0x7e5 with crng_init=0
[    1.335760] setup_percpu: NR_CPUS:8 nr_cpumask_bits:8 nr_cpu_ids:2 nr_node_ids:2
[    1.338489] percpu: Embedded 55 pages/cpu @(____ptrval____) s185096 r8192 d31992 u2097152
[    1.339303] KVM setup async PF for cpu 0
[    1.339640] kvm-stealtime: cpu 0, msr 2d01e400
[    1.340032] PV qspinlock hash table entries: 256 (order: 0, 4096 bytes)
[    1.340604] Built 2 zonelists, mobility grouping on.  Total pages: 515945
[    1.341305] Policy zone: DMA32
[    1.341686] Kernel command line: earlyprintk=serial net.ifnames=0 sysctl.kernel.hung_task_all_cpu_backtrace=1 ima_policy=tcb nf-conntrack-ftp.ports=20000 nf-conntrack-tftp.ports=20000 nf-conntrack-sip.ports=20000 nf-conntrack-irc.ports=20000 nf-conntrack-sane.ports=20000 binder.debug_mask=0 rcupdate.rcu_expedited=1 rcupdate.rcu_cpu_stall_cputime=1 no_hash_pointers page_owner=on sysctl.vm.nr_hugepages=4 sysctl.vm.nr_overcommit_hugepages=4 secretmem.enable=1 sysctl.max_rcu_stall_to_panic=1 msr.allow_writes=off coredump_filter=0xffff root=/dev/sda console=ttyS0 vsyscall=native numa=fake=2 kvm-intel.nested=1 spec_store_bypass_disable=prctl nopcid vivid.n_devs=16 vivid.multiplanar=1,2,1,2,1,2,1,2,1,2,1,2,1,2,1,2 netrom.nr_ndevs=16 rose.rose_ndevs=16 smp.csd_lock_timeout=100000 watchdog_thresh=55 workqueue.watchdog_thresh=140 sysctl.net.core.netdev_unregister_timeout_secs=140 dummy_hcd.num=8 panic_on_warn=1 console=ttyS0 root=/dev/sda1 earlyprintk=serial net.ifnames=0 thunderbolt.dyndbg plymo
[    1.440872] Memory: 1533340K/2096632K available (124951K kernel code, 38043K rwdata, 24904K rodata, 2860K init, 25644K bss, 563292K reserved, 0K cma-reserved)
[    1.459134] SLUB: HWalign=64, Order=0-3, MinObjects=0, CPUs=2, Nodes=2
[    1.462330] Running RCU self tests
[    1.462714] rcu: Preemptible hierarchical RCU implementation.
[    1.463303] rcu: 	RCU lockdep checking is enabled.
[    1.463794] rcu: 	RCU restricting CPUs from NR_CPUS=8 to nr_cpu_ids=2.
[    1.464457] rcu: 	RCU callback double-/use-after-free debug enabled.
[    1.465108] rcu: 	RCU debug extended QS entry/exit.
[    1.465602] 	All grace periods are expedited (rcu_expedited).
[    1.466187] 	Tasks RCU enabled.
[    1.466513] rcu: RCU calculated value of scheduler-enlistment delay is 10 jiffies.
[    1.467284] rcu: Adjusting geometry for rcu_fanout_leaf=16, nr_cpu_ids=2
[    1.471778] NR_IRQS: 4352, nr_irqs: 440, preallocated irqs: 16
[    1.477557] Console: colour VGA+ 80x25
[    1.478032] printk: console [ttyS0] enabled
[    1.478032] printk: console [ttyS0] enabled
[    1.478924] printk: bootconsole [earlyser0] disabled
[    1.478924] printk: bootconsole [earlyser0] disabled
[    1.479853] Lock dependency validator: Copyright (c) 2006 Red Hat, Inc., Ingo Molnar
[    1.480554] ... MAX_LOCKDEP_SUBCLASSES:  8
[    1.480932] ... MAX_LOCK_DEPTH:          48
[    1.481316] ... MAX_LOCKDEP_KEYS:        8191
[    1.481682] ... CLASSHASH_SIZE:          4096
[    1.482049] ... MAX_LOCKDEP_ENTRIES:     32768
[    1.482417] ... MAX_LOCKDEP_CHAINS:      65536
[    1.482790] ... CHAINHASH_SIZE:          32768
[    1.483161]  memory used by lock dependency info: 7263 kB
[    1.483609]  per task-struct memory footprint: 1920 bytes
[    1.484139] mempolicy: Enabling automatic NUMA balancing. Configure with numa_balancing= or the kernel.numa_balancing sysctl
[    1.485117] ACPI: Core revision 20181213
[    1.485900] clocksource: hpet: mask: 0xffffffff max_cycles: 0xffffffff, max_idle_ns: 19112604467 ns
[    1.486848] APIC: Switch to symmetric I/O mode setup
[    1.487452] x2apic enabled
[    1.487857] Switched APIC routing to physical x2apic.
[    1.488286] KVM setup pv IPIs
[    1.489624] ..TIMER: vector=0x30 apic1=0 pin1=2 apic2=-1 pin2=-1
[    1.490198] clocksource: tsc-early: mask: 0xffffffffffffffff max_cycles: 0x2b3e43c8763, max_idle_ns: 440795360101 ns
[    1.491106] Calibrating delay loop (skipped) preset value.. 5999.99 BogoMIPS (lpj=29999980)
[    1.491799] pid_max: default: 32768 minimum: 301
[    1.492336] LSM: Security Framework initializing
[    1.492730] Yama: becoming mindful.
[    1.493193] AppArmor: AppArmor initialized
[    1.494108] Dentry cache hash table entries: 262144 (order: 9, 2097152 bytes)
[    1.495109] Inode-cache hash table entries: 131072 (order: 8, 1048576 bytes)
[    1.495759] Mount-cache hash table entries: 4096 (order: 3, 32768 bytes)
[    1.496339] Mountpoint-cache hash table entries: 4096 (order: 3, 32768 bytes)
[    1.502432] x86/cpu: User Mode Instruction Prevention (UMIP) activated
[    1.503060] mce: CPU supports 10 MCE banks
[    1.503790] Last level iTLB entries: 4KB 0, 2MB 0, 4MB 0
[    1.504358] Last level dTLB entries: 4KB 0, 2MB 0, 4MB 0, 1GB 0
[    1.504950] Spectre V2 : Mitigation: Enhanced IBRS
[    1.505381] Spectre V2 : Spectre v2 / SpectreRSB mitigation: Filling RSB on context switch
[    1.506110] Spectre V2 : mitigation: Enabling conditional Indirect Branch Prediction Barrier
[    1.506853] Speculative Store Bypass: Mitigation: Speculative Store Bypass disabled via prctl
[    1.508530] Freeing SMP alternatives memory: 96K
[    1.509651] smpboot: CPU0: Intel(R) Core(TM) i9-10980XE CPU @ 3.00GHz (family: 0x6, model: 0x55, stepping: 0x7)
[    1.571140] Performance Events: Skylake events, full-width counters, Intel PMU driver.
[    1.571890] ... version:                2
[    1.572217] ... bit width:              48
[    1.572550] ... generic registers:      4
[    1.572869] ... value mask:             0000ffffffffffff
[    1.573291] ... max period:             00007fffffffffff
[    1.573715] ... fixed-purpose events:   3
[    1.574058] ... event mask:             000000070000000f
[    1.591114] rcu: Hierarchical SRCU implementation.
[    1.641146] smp: Bringing up secondary CPUs ...
[    1.721226] x86: Booting SMP configuration:
[    1.721628] .... node  #1, CPUs:      #1
[    0.018327] kvm-clock: cpu 1, msr df19041, secondary cpu clock
[    1.722952] KVM setup async PF for cpu 1
[    1.722952] kvm-stealtime: cpu 1, msr 7ea1e400
[    1.722952] smp: Brought up 2 nodes, 2 CPUs
[    1.722952] smpboot: Max logical packages: 1
[    1.722952] smpboot: Total of 2 processors activated (11999.99 BogoMIPS)
[    1.739360] allocated 10485760 bytes of page_ext
[    1.740166] Node 0, zone      DMA: page owner found early allocated 0 pages
[    1.743634] Node 0, zone    DMA32: page owner found early allocated 2259 pages
[    1.744438] Node 1, zone    DMA32: page owner found early allocated 2323 pages
[    1.745355] devtmpfs: initialized
[    1.745355] x86/mm: Memory block size: 128MB
[    1.774142] clocksource: jiffies: mask: 0xffffffff max_cycles: 0xffffffff, max_idle_ns: 19112604462750000 ns
[    1.775057] futex hash table entries: 512 (order: 4, 65536 bytes)
[    1.775917] xor: automatically using best checksumming function   avx       
[    1.778155] RTC time: 02:49:16, date: 2023-12-02
[    1.781100] NET: Registered protocol family 16
[    1.781280] kworker/u6:0 (24) used greatest stack depth: 26976 bytes left
[    1.784299] audit: initializing netlink subsys (disabled)
[    1.785441] audit: type=2000 audit(1701485357.037:1): state=initialized audit_enabled=0 res=1
[    1.787352] cpuidle: using governor menu
[    1.791101] KVM setup pv remote TLB flush
[    1.791101] ACPI: bus type PCI registered
[    1.792330] kworker/u6:1 (53) used greatest stack depth: 26520 bytes left
[    1.793454] dca service started, version 1.12.1
[    1.793975] PCI: Using configuration type 1 for base access
[    1.944194] HugeTLB registered 1.00 GiB page size, pre-allocated 0 pages
[    1.944194] HugeTLB registered 2.00 MiB page size, pre-allocated 0 pages
[    1.951171] cryptd: max_cpu_qlen set to 1000
[    1.965020] kworker/u5:1 (1264) used greatest stack depth: 26376 bytes left
[    1.971305] raid6: using algorithm avx512x4 gen() 0 MB/s
[    1.971821] raid6: .... xor() 0 MB/s, rmw enabled
[    1.972245] raid6: using avx512x2 recovery algorithm
[    1.977211] ACPI: Added _OSI(Module Device)
[    1.977338] ACPI: Added _OSI(Processor Device)
[    1.977338] ACPI: Added _OSI(3.0 _SCP Extensions)
[    1.977338] ACPI: Added _OSI(Processor Aggregator Device)
[    1.977338] ACPI: Added _OSI(Linux-Dell-Video)
[    1.977338] ACPI: Added _OSI(Linux-Lenovo-NV-HDMI-Audio)
[    1.977338] ACPI: Added _OSI(Linux-HPI-Hybrid-Graphics)
[    1.994514] ACPI: 1 ACPI AML tables successfully acquired and loaded
[    2.028666] ACPI: Interpreter enabled
[    2.029172] ACPI: (supports S0 S3 S4 S5)
[    2.029534] ACPI: Using IOAPIC for interrupt routing
[    2.030166] PCI: Using host bridge windows from ACPI; if necessary, use "pci=nocrs" and report a bug
[    2.032481] ACPI: Enabled 2 GPEs in block 00 to 0F
[    2.083275] ACPI: PCI Root Bridge [PCI0] (domain 0000 [bus 00-ff])
[    2.083890] acpi PNP0A03:00: _OSC: OS supports [ASPM ClockPM Segments MSI]
[    2.084702] acpi PNP0A03:00: fail to add MMCONFIG information, can't access extended PCI configuration space under this bridge.
[    2.086557] PCI host bridge to bus 0000:00
[    2.086929] pci_bus 0000:00: root bus resource [io  0x0000-0x0cf7 window]
[    2.087544] pci_bus 0000:00: root bus resource [io  0x0d00-0xffff window]
[    2.088145] pci_bus 0000:00: root bus resource [mem 0x000a0000-0x000bffff window]
[    2.088807] pci_bus 0000:00: root bus resource [mem 0x80000000-0xfebfffff window]
[    2.089455] pci_bus 0000:00: root bus resource [mem 0x100000000-0x17fffffff window]
[    2.090077] pci_bus 0000:00: root bus resource [bus 00-ff]
[    2.101142] pci 0000:00:01.1: legacy IDE quirk: reg 0x10: [io  0x01f0-0x01f7]
[    2.101142] pci 0000:00:01.1: legacy IDE quirk: reg 0x14: [io  0x03f6]
[    2.101142] pci 0000:00:01.1: legacy IDE quirk: reg 0x18: [io  0x0170-0x0177]
[    2.101142] pci 0000:00:01.1: legacy IDE quirk: reg 0x1c: [io  0x0376]
[    2.103399] pci 0000:00:01.3: quirk: [io  0x0600-0x063f] claimed by PIIX4 ACPI
[    2.104022] pci 0000:00:01.3: quirk: [io  0x0700-0x070f] claimed by PIIX4 SMB
[    2.126186] ACPI: PCI Interrupt Link [LNKA] (IRQs 5 *10 11)
[    2.127906] ACPI: PCI Interrupt Link [LNKB] (IRQs 5 *10 11)
[    2.131776] ACPI: PCI Interrupt Link [LNKC] (IRQs 5 10 *11)
[    2.133045] ACPI: PCI Interrupt Link [LNKD] (IRQs 5 10 *11)
[    2.133045] ACPI: PCI Interrupt Link [LNKS] (IRQs *9)
[    2.136009] pci 0000:00:02.0: vgaarb: setting as boot VGA device
[    2.136503] pci 0000:00:02.0: vgaarb: VGA device added: decodes=io+mem,owns=io+mem,locks=none
[    2.137166] pci 0000:00:02.0: vgaarb: bridge control possible
[    2.137618] vgaarb: loaded
[    2.141095] SCSI subsystem initialized
[    2.142054] ACPI: bus type USB registered
[    2.142701] usbcore: registered new interface driver usbfs
[    2.143353] usbcore: registered new interface driver hub
[    2.143934] usbcore: registered new device driver usb
[    2.145273] media: Linux media interface: v0.10
[    2.145756] videodev: Linux video capture interface: v2.00
[    2.146838] pps_core: LinuxPPS API ver. 1 registered
[    2.147238] pps_core: Software ver. 5.3.6 - Copyright 2005-2007 Rodolfo Giometti <giometti@linux.it>
[    2.151156] PTP clock support registered
[    2.161195] EDAC MC: Ver: 3.0.0
[    2.163319] Advanced Linux Sound Architecture Driver Initialized.
[    2.163319] PCI: Using ACPI for IRQ routing
[    2.163612] Bluetooth: Core ver 2.22
[    2.163968] NET: Registered protocol family 31
[    2.164323] Bluetooth: HCI device and connection manager initialized
[    2.164840] Bluetooth: HCI socket layer initialized
[    2.165230] Bluetooth: L2CAP socket layer initialized
[    2.165654] Bluetooth: SCO socket layer initialized
[    2.166063] NET: Registered protocol family 8
[    2.166406] NET: Registered protocol family 20
[    2.166855] NetLabel: Initializing
[    2.167128] NetLabel:  domain hash size = 128
[    2.167476] NetLabel:  protocols = UNLABELED CIPSOv4 CALIPSO
[    2.168248] NetLabel:  unlabeled traffic allowed by default
[    2.171138] nfc: nfc_init: NFC Core ver 0.1
[    2.171251] NET: Registered protocol family 39
[    2.174224] hpet0: at MMIO 0xfed00000, IRQs 2, 8, 0
[    2.174627] hpet0: 3 comparators, 64-bit 100.000000 MHz counter
[    2.181151] clocksource: Switched to clocksource kvm-clock
[    3.128353] VFS: Disk quotas dquot_6.6.0
[    3.128773] VFS: Dquot-cache hash table entries: 512 (order 0, 4096 bytes)
[    3.129691] FS-Cache: Loaded
[    3.130786] CacheFiles: Loaded
[    3.131867] AppArmor: AppArmor Filesystem Enabled
[    3.132484] pnp: PnP ACPI init
[    3.136781] pnp: PnP ACPI: found 6 devices
[    3.160486] clocksource: acpi_pm: mask: 0xffffff max_cycles: 0xffffff, max_idle_ns: 2085701024 ns
[    3.164336] NET: Registered protocol family 2
[    3.165817] tcp_listen_portaddr_hash hash table entries: 1024 (order: 4, 73728 bytes)
[    3.166618] TCP established hash table entries: 16384 (order: 5, 131072 bytes)
[    3.167965] TCP bind hash table entries: 16384 (order: 8, 1048576 bytes)
[    3.168934] TCP: Hash tables configured (established 16384 bind 16384)
[    3.170575] UDP hash table entries: 1024 (order: 5, 163840 bytes)
[    3.171562] UDP-Lite hash table entries: 1024 (order: 5, 163840 bytes)
[    3.172454] NET: Registered protocol family 1
[    3.183657] RPC: Registered named UNIX socket transport module.
[    3.184152] RPC: Registered udp transport module.
[    3.184524] RPC: Registered tcp transport module.
[    3.184895] RPC: Registered tcp NFSv4.1 backchannel transport module.
[    3.186027] NET: Registered protocol family 44
[    3.186404] pci 0000:00:01.0: PIIX3: Enabling Passive Release
[    3.186867] pci 0000:00:00.0: Limiting direct PCI/PCI transfers
[    3.187538] pci 0000:00:01.0: Activating ISA DMA hang workarounds
[    3.188401] pci 0000:00:02.0: Video device with shadowed ROM at [mem 0x000c0000-0x000dffff]
[    3.192867] RAPL PMU: API unit is 2^-32 Joules, 3 fixed counters, 10737418240 ms ovfl timer
[    3.193795] RAPL PMU: hw unit of domain pp0-core 2^-0 Joules
[    3.194419] RAPL PMU: hw unit of domain package 2^-0 Joules
[    3.195032] RAPL PMU: hw unit of domain dram 2^-16 Joules
[    3.195633] kvm: no hardware support
[    3.196041] has_svm: not amd or hygon
[    3.196428] kvm: no hardware support
[    3.196796] clocksource: tsc: mask: 0xffffffffffffffff max_cycles: 0x2b3e43c8763, max_idle_ns: 440795360101 ns
[    3.234629] Initialise system trusted keyrings
[    3.236274] workingset: timestamp_bits=40 max_order=19 bucket_order=0
[    3.292296] DLM installed
[    3.296171] squashfs: version 4.0 (2009/01/31) Phillip Lougher
[    3.308609] FS-Cache: Netfs 'nfs' registered for caching
[    3.310880] NFS: Registering the id_resolver key type
[    3.313135] Key type id_resolver registered
[    3.313648] Key type id_legacy registered
[    3.314130] nfs4filelayout_init: NFSv4 File Layout Driver Registering...
[    3.314934] Installing knfsd (copyright (C) 1996 okir@monad.swb.de).
[    3.329708] FS-Cache: Netfs 'cifs' registered for caching
[    3.331198] Key type cifs.spnego registered
[    3.331825] ntfs: driver 2.1.32 [Flags: R/W].
[    3.333184] efs: 1.0a - http://aeschi.ch.eu.org/efs/
[    3.333896] jffs2: version 2.2. (NAND) (SUMMARY)  Â© 2001-2006 Red Hat, Inc.
[    3.336682] romfs: ROMFS MTD (C) 2007 Red Hat, Inc.
[    3.337515] QNX4 filesystem 0.2.3 registered.
[    3.338133] qnx6: QNX6 filesystem 1.0.0 registered.
[    3.341497] fuse init (API version 7.28)
[    3.343470] orangefs_debugfs_init: called with debug mask: :none: :0:
[    3.344348] orangefs_init: module version upstream loaded
[    3.345614] JFS: nTxBlock = 8192, nTxLock = 65536
[    3.362238] SGI XFS with ACLs, security attributes, realtime, no debug enabled
[    3.367991] 9p: Installing v9fs 9p2000 file system support
[    3.368842] FS-Cache: Netfs '9p' registered for caching
[    3.371265] NILFS version 2 loaded
[    3.371559] befs: version: 0.9.3
[    3.373014] ocfs2: Registered cluster interface o2cb
[    3.373667] ocfs2: Registered cluster interface user
[    3.374948] OCFS2 User DLM kernel interface loaded
[    3.385382] gfs2: GFS2 installed
[    3.390998] FS-Cache: Netfs 'ceph' registered for caching
[    3.391471] ceph: loaded (mds proto 32)
[    3.422052] NET: Registered protocol family 38
[    3.423341] async_tx: api initialized (async)
[    3.423741] Key type asymmetric registered
[    3.424131] Asymmetric key parser 'x509' registered
[    3.424536] Asymmetric key parser 'pkcs8' registered
[    3.424935] Key type pkcs7_test registered
[    3.425416] Block layer SCSI generic (bsg) driver version 0.4 loaded (major 241)
[    3.426163] io scheduler mq-deadline registered
[    3.426551] io scheduler kyber registered
[    3.427435] io scheduler bfq registered
[    3.436089] vga16fb: mapped to 0x00000000eefa5bc4
[    3.904323] Console: switching to colour frame buffer device 80x30
[    4.165527] fb0: VGA16 VGA frame buffer device
[    4.166649] input: Power Button as /devices/LNXSYSTM:00/LNXPWRBN:00/input/input0
[    4.171275] ACPI: Power Button [PWRF]
[    4.174461] ioatdma: Intel(R) QuickData Technology Driver 4.00
[    4.299031] HDLC line discipline maxframe=4096
[    4.299525] N_HDLC line discipline registered.
[    4.300002] Serial: 8250/16550 driver, 4 ports, IRQ sharing enabled
[    4.323071] 00:04: ttyS0 at I/O 0x3f8 (irq = 4, base_baud = 115200) is a 16550A
[    4.327282] Initializing Nozomi driver 2.1d
[    4.329371] Non-volatile memory driver v1.3
[    4.330350] Linux agpgart interface v0.103
[    4.336593] [drm] Initialized vgem 1.0.0 20120112 for vgem on minor 0
[    4.337461] [drm] Supports vblank timestamp caching Rev 2 (21.10.2013).
[    4.338041] [drm] Driver supports precise vblank timestamp query.
[    4.340811] [drm] Initialized vkms 1.0.0 20180514 for vkms on minor 1
[    4.342444] usbcore: registered new interface driver udl
[    4.342970] fb0: switching to bochsdrmfb from VGA16 VGA
[    4.491248] Console: switching to colour VGA+ 80x25
[    4.495245] [drm] Found bochs VGA, ID 0xb0c5.
[    4.495644] [drm] Framebuffer size 16384 kB @ 0xfd000000, mmio @ 0xfebf0000.
[    4.496810] [TTM] Zone  kernel: Available graphics memory: 766718 kiB
[    4.497384] [TTM] Initializing pool allocator
[    4.497771] [TTM] Initializing DMA pool allocator
[    4.499313] [drm] Found EDID data blob.
[    4.503700] fbcon: bochsdrmfb (fb0) is primary device
[    4.539811] Console: switching to colour frame buffer device 160x50
[    4.553331] bochs-drm 0000:00:02.0: fb0: bochsdrmfb frame buffer device
[    4.554882] [drm] Initialized bochs-drm 1.0.0 20130925 for 0000:00:02.0 on minor 2
[    4.577145] brd: module loaded
[    4.613032] loop: module loaded
[    4.648361] zram: Added device: zram0
[    4.652103] null: module loaded
[    4.652623] Guest personality initialized and is inactive
[    4.653433] VMCI host device registered (name=vmci, major=10, minor=55)
[    4.653971] Initialized host personality
[    4.654426] usbcore: registered new interface driver rtsx_usb
[    4.655229] usbcore: registered new interface driver viperboard
[    4.655881] usbcore: registered new interface driver dln2
[    4.656507] usbcore: registered new interface driver pn533_usb
[    4.658144] nfcsim 0.2 initialized
[    4.658558] usbcore: registered new interface driver port100
[    4.661332] usbcore: registered new interface driver nfcmrvl
[    4.665475] Loading iSCSI transport class v2.0-870.
[    4.668417] st: Version 20160209, fixed bufsize 32768, s/g segs 256
[    4.686936] scsi host0: ata_piix
[    4.688535] scsi host1: ata_piix
[    4.689263] ata1: PATA max MWDMA2 cmd 0x1f0 ctl 0x3f6 bmdma 0xc040 irq 14
[    4.689809] ata2: PATA max MWDMA2 cmd 0x170 ctl 0x376 bmdma 0xc048 irq 15
[    4.695229] Rounding down aligned max_sectors from 4294967295 to 4294967288
[    4.697666] db_root: cannot open: /etc/target
[    4.698413] slram: not enough parameters.
[    4.700365] ftl_cs: FTL header not found.
[    4.703785] Ethernet Channel Bonding Driver: v3.7.1 (April 27, 2011)
[    4.713144] eql: Equalizer2002: Simon Janes (simon@ncm.com) and David S. Miller (davem@redhat.com)
[    4.719356] MACsec IEEE 802.1AE
[    4.720197] libphy: Fixed MDIO Bus: probed
[    4.722710] tun: Universal TUN/TAP device driver, 1.6
[    4.723584] vcan: Virtual CAN interface driver
[    4.723947] vxcan: Virtual CAN Tunnel driver
[    4.724287] slcan: serial line CAN interface driver
[    4.724669] slcan: 10 dynamic interface channels.
[    4.725044] CAN device driver interface
[    4.725473] usbcore: registered new interface driver usb_8dev
[    4.726023] usbcore: registered new interface driver ems_usb
[    4.727433] usbcore: registered new interface driver gs_usb
[    4.728076] usbcore: registered new interface driver kvaser_usb
[    4.728934] usbcore: registered new interface driver mcba_usb
[    4.729721] usbcore: registered new interface driver peak_usb
[    4.730918] e100: Intel(R) PRO/100 Network Driver, 3.5.24-k2-NAPI
[    4.731418] e100: Copyright(c) 1999-2006 Intel Corporation
[    4.732062] e1000: Intel(R) PRO/1000 Network Driver - version 7.3.21-k8-NAPI
[    4.732669] e1000: Copyright (c) 1999-2006 Intel Corporation.
[    4.852151] ata2.00: ATAPI: QEMU DVD-ROM, 2.5+, max UDMA/100
[    4.852827] ata1.00: ATA-7: QEMU HARDDISK, 2.5+, max UDMA/100
[    4.853359] ata1.00: 2097458 sectors, multi 16: LBA48 
[    4.855727] scsi 0:0:0:0: Direct-Access     ATA      QEMU HARDDISK    2.5+ PQ: 0 ANSI: 5
[    4.858670] sd 0:0:0:0: [sda] 2097458 512-byte logical blocks: (1.07 GB/1.00 GiB)
[    4.859418] sd 0:0:0:0: [sda] Write Protect is off
[    4.859939] sd 0:0:0:0: [sda] Write cache: enabled, read cache: enabled, doesn't support DPO or FUA
[    4.863167] sd 0:0:0:0: Attached scsi generic sg0 type 0
[    4.863984]  sda: sda1
[    4.865627] scsi 1:0:0:0: CD-ROM            QEMU     QEMU DVD-ROM     2.5+ PQ: 0 ANSI: 5
[    4.869615] sd 0:0:0:0: [sda] Attached SCSI disk
[    4.941856] sr 1:0:0:0: [sr0] scsi3-mmc drive: 4x/4x cd/rw xa/form2 tray
[    4.942438] cdrom: Uniform CD-ROM driver Revision: 3.20
[    4.945424] sr 1:0:0:0: Attached scsi generic sg1 type 5
[    5.741795] PCI Interrupt Link [LNKC] enabled at IRQ 11
[    6.113144] e1000 0000:00:03.0 eth0: (PCI:33MHz:32-bit) 52:54:00:12:34:56
[    6.113781] e1000 0000:00:03.0 eth0: Intel(R) PRO/1000 Network Connection
[    6.114612] e1000e: Intel(R) PRO/1000 Network Driver - 3.2.6-k
[    6.115080] e1000e: Copyright(c) 1999 - 2015 Intel Corporation.
[    6.116167] mkiss: AX.25 Multikiss, Hans Albas PE1AYX
[    6.116586] AX.25: 6pack driver, Revision: 0.3.0
[    6.116979] AX.25: bpqether driver version 004
[    6.117330] PPP generic driver version 2.4.2
[    6.118061] PPP BSD Compression module registered
[    6.118453] PPP Deflate Compression module registered
[    6.118884] PPP MPPE Compression module registered
[    6.119266] NET: Registered protocol family 24
[    6.119651] PPTP driver version 0.8.5
[    6.120304] SLIP: version 0.8.4-NET3.019-NEWTTY (dynamic channels, max=256) (6 bit encapsulation enabled).
[    6.121053] CSLIP: code copyright 1989 Regents of the University of California.
[    6.122289] SLIP linefill/keepalive option.
[    6.122636] hdlc: HDLC support module revision 1.22
[    6.123040] LAPB Ethernet driver version 0.02
[    6.123826] usbcore: registered new interface driver ath9k_htc
[    6.124411] usbcore: registered new interface driver carl9170
[    6.125112] usbcore: registered new interface driver ath6kl_usb
[    6.125903] usbcore: registered new interface driver ar5523
[    6.127042] usbcore: registered new interface driver ath10k_usb
[    6.127821] mac80211_hwsim: initializing netlink
[    6.136985] usbcore: registered new interface driver atusb
[    6.141787] mac802154_hwsim mac802154_hwsim: Added 2 mac802154 hwsim hardware radios
[    6.142851] VMware vmxnet3 virtual NIC driver - version 1.4.16.0-k-NAPI
[    6.143821] usbcore: registered new interface driver catc
[    6.144430] usbcore: registered new interface driver kaweth
[    6.144932] pegasus: v0.9.3 (2013/04/25), Pegasus/Pegasus II USB Ethernet driver
[    6.145964] usbcore: registered new interface driver pegasus
[    6.146592] usbcore: registered new interface driver rtl8150
[    6.148002] usbcore: registered new interface driver r8152
[    6.148497] hso: drivers/net/usb/hso.c: Option Wireless
[    6.149499] usbcore: registered new interface driver hso
[    6.150109] usbcore: registered new interface driver lan78xx
[    6.150742] usbcore: registered new interface driver asix
[    6.151379] usbcore: registered new interface driver ax88179_178a
[    6.152020] usbcore: registered new interface driver cdc_ether
[    6.152637] usbcore: registered new interface driver cdc_eem
[    6.153244] usbcore: registered new interface driver dm9601
[    6.153840] usbcore: registered new interface driver sr9700
[    6.154450] usbcore: registered new interface driver CoreChips
[    6.155072] usbcore: registered new interface driver smsc75xx
[    6.155642] usbcore: registered new interface driver smsc95xx
[    6.156295] usbcore: registered new interface driver gl620a
[    6.157199] usbcore: registered new interface driver net1080
[    6.157871] usbcore: registered new interface driver plusb
[    6.158809] usbcore: registered new interface driver rndis_host
[    6.159710] usbcore: registered new interface driver cdc_subset
[    6.160295] usbcore: registered new interface driver zaurus
[    6.160840] usbcore: registered new interface driver MOSCHIP usb-ethernet driver
[    6.161615] usbcore: registered new interface driver int51x1
[    6.162233] usbcore: registered new interface driver cdc_phonet
[    6.162802] usbcore: registered new interface driver kalmia
[    6.163343] usbcore: registered new interface driver ipheth
[    6.163891] usbcore: registered new interface driver sierra_net
[    6.164470] usbcore: registered new interface driver cx82310_eth
[    6.165061] usbcore: registered new interface driver cdc_ncm
[    6.165611] usbcore: registered new interface driver huawei_cdc_ncm
[    6.166206] usbcore: registered new interface driver lg-vl600
[    6.167005] usbcore: registered new interface driver qmi_wwan
[    6.167811] usbcore: registered new interface driver cdc_mbim
[    6.168494] usbcore: registered new interface driver ch9200
[    6.171611] VFIO - User Level meta-driver version: 0.3
[    6.174923] aoe: AoE v85 initialised.
[    6.178687] ehci_hcd: USB 2.0 'Enhanced' Host Controller (EHCI) Driver
[    6.179284] ehci-pci: EHCI PCI platform driver
[    6.179818] ehci-platform: EHCI generic platform driver
[    6.180564] ohci_hcd: USB 1.1 'Open' Host Controller (OHCI) Driver
[    6.181305] ohci-pci: OHCI PCI platform driver
[    6.181836] ohci-platform: OHCI generic platform driver
[    6.182406] uhci_hcd: USB Universal Host Controller Interface driver
[    6.184190] usbcore: registered new interface driver cdc_acm
[    6.184646] cdc_acm: USB Abstract Control Model driver for USB modems and ISDN adapters
[    6.186277] usbcore: registered new interface driver usblp
[    6.189394] usbcore: registered new interface driver cdc_wdm
[    6.190061] usbcore: registered new interface driver usbtmc
[    6.190611] usbcore: registered new interface driver uas
[    6.191518] usbcore: registered new interface driver usb-storage
[    6.192362] usbcore: registered new interface driver ums-alauda
[    6.192940] usbcore: registered new interface driver ums-cypress
[    6.193512] usbcore: registered new interface driver ums-datafab
[    6.194083] usbcore: registered new interface driver ums_eneub6250
[    6.194663] usbcore: registered new interface driver ums-freecom
[    6.195277] usbcore: registered new interface driver ums-isd200
[    6.195835] usbcore: registered new interface driver ums-jumpshot
[    6.196405] usbcore: registered new interface driver ums-karma
[    6.196954] usbcore: registered new interface driver ums-onetouch
[    6.197602] usbcore: registered new interface driver ums-realtek
[    6.198657] usbcore: registered new interface driver ums-sddr09
[    6.199375] usbcore: registered new interface driver ums-sddr55
[    6.200433] usbcore: registered new interface driver ums-usbat
[    6.201412] usbcore: registered new interface driver mdc800
[    6.201898] mdc800: v0.7.5 (30/10/2000):USB Driver for Mustek MDC800 Digital Camera
[    6.202765] usbcore: registered new interface driver microtekX6
[    6.203746] usbcore: registered new interface driver usbserial_generic
[    6.204791] usbserial: USB Serial support registered for generic
[    6.205568] usbcore: registered new interface driver aircable
[    6.206256] usbserial: USB Serial support registered for aircable
[    6.206982] usbcore: registered new interface driver ark3116
[    6.207840] usbserial: USB Serial support registered for ark3116
[    6.208645] usbcore: registered new interface driver belkin_sa
[    6.209337] usbserial: USB Serial support registered for Belkin / Peracom / GoHubs USB Serial Adapter
[    6.210213] usbcore: registered new interface driver ch341
[    6.210737] usbserial: USB Serial support registered for ch341-uart
[    6.211803] usbcore: registered new interface driver cp210x
[    6.212480] usbserial: USB Serial support registered for cp210x
[    6.213048] usbcore: registered new interface driver cyberjack
[    6.213822] usbserial: USB Serial support registered for Reiner SCT Cyberjack USB card reader
[    6.214681] usbcore: registered new interface driver cypress_m8
[    6.215387] usbserial: USB Serial support registered for DeLorme Earthmate USB
[    6.216044] usbserial: USB Serial support registered for HID->COM RS232 Adapter
[    6.216710] usbserial: USB Serial support registered for Nokia CA-42 V2 Adapter
[    6.217461] usbcore: registered new interface driver usb_debug
[    6.218085] usbserial: USB Serial support registered for debug
[    6.218628] usbserial: USB Serial support registered for xhci_dbc
[    6.219429] usbcore: registered new interface driver digi_acceleport
[    6.220113] usbserial: USB Serial support registered for Digi 2 port USB adapter
[    6.220924] usbserial: USB Serial support registered for Digi 4 port USB adapter
[    6.221703] usbcore: registered new interface driver io_edgeport
[    6.222300] usbserial: USB Serial support registered for Edgeport 2 port adapter
[    6.222979] usbserial: USB Serial support registered for Edgeport 4 port adapter
[    6.223649] usbserial: USB Serial support registered for Edgeport 8 port adapter
[    6.224315] usbserial: USB Serial support registered for EPiC device
[    6.224925] usbcore: registered new interface driver io_ti
[    6.225458] usbserial: USB Serial support registered for Edgeport TI 1 port adapter
[    6.226150] usbserial: USB Serial support registered for Edgeport TI 2 port adapter
[    6.226843] usbcore: registered new interface driver empeg
[    6.227367] usbserial: USB Serial support registered for empeg
[    6.228094] usbcore: registered new interface driver f81232
[    6.228866] usbserial: USB Serial support registered for f81232
[    6.229527] usbcore: registered new interface driver f81534
[    6.230423] usbserial: USB Serial support registered for Fintek F81532/F81534
[    6.231794] usbcore: registered new interface driver ftdi_sio
[    6.232425] usbserial: USB Serial support registered for FTDI USB Serial Device
[    6.233127] usbcore: registered new interface driver garmin_gps
[    6.233744] usbserial: USB Serial support registered for Garmin GPS usb/tty
[    6.234754] usbcore: registered new interface driver ipaq
[    6.235372] usbserial: USB Serial support registered for PocketPC PDA
[    6.236052] usbcore: registered new interface driver ipw
[    6.236617] usbserial: USB Serial support registered for IPWireless converter
[    6.237354] usbcore: registered new interface driver ir_usb
[    6.237954] usbserial: USB Serial support registered for IR Dongle
[    6.238777] usbcore: registered new interface driver iuu_phoenix
[    6.239564] usbserial: USB Serial support registered for iuu_phoenix
[    6.240402] usbcore: registered new interface driver keyspan
[    6.241245] usbserial: USB Serial support registered for Keyspan - (without firmware)
[    6.242180] usbserial: USB Serial support registered for Keyspan 1 port adapter
[    6.243056] usbserial: USB Serial support registered for Keyspan 2 port adapter
[    6.243898] usbserial: USB Serial support registered for Keyspan 4 port adapter
[    6.244752] usbcore: registered new interface driver keyspan_pda
[    6.245448] usbserial: USB Serial support registered for Keyspan PDA
[    6.246119] usbserial: USB Serial support registered for Keyspan PDA - (prerenumeration)
[    6.246951] usbcore: registered new interface driver kl5kusb105
[    6.247677] usbserial: USB Serial support registered for KL5KUSB105D / PalmConnect
[    6.248648] usbcore: registered new interface driver kobil_sct
[    6.249522] usbserial: USB Serial support registered for KOBIL USB smart card terminal
[    6.250958] usbcore: registered new interface driver mct_u232
[    6.251874] usbserial: USB Serial support registered for MCT U232
[    6.252581] usbcore: registered new interface driver metro_usb
[    6.253223] usbserial: USB Serial support registered for Metrologic USB to Serial
[    6.254024] usbcore: registered new interface driver mos7720
[    6.254623] usbserial: USB Serial support registered for Moschip 2 port adapter
[    6.255401] usbcore: registered new interface driver mos7840
[    6.256023] usbserial: USB Serial support registered for Moschip 7840/7820 USB Serial Driver
[    6.256900] usbcore: registered new interface driver mxuport
[    6.257510] usbserial: USB Serial support registered for MOXA UPort
[    6.258223] usbcore: registered new interface driver navman
[    6.259001] usbserial: USB Serial support registered for navman
[    6.259867] usbcore: registered new interface driver omninet
[    6.260537] usbserial: USB Serial support registered for ZyXEL - omni.net lcd plus usb
[    6.262044] usbcore: registered new interface driver opticon
[    6.262652] usbserial: USB Serial support registered for opticon
[    6.263310] usbcore: registered new interface driver option
[    6.263895] usbserial: USB Serial support registered for GSM modem (1-port)
[    6.264850] usbcore: registered new interface driver oti6858
[    6.265515] usbserial: USB Serial support registered for oti6858
[    6.266160] usbcore: registered new interface driver pl2303
[    6.266754] usbserial: USB Serial support registered for pl2303
[    6.267387] usbcore: registered new interface driver qcaux
[    6.267971] usbserial: USB Serial support registered for qcaux
[    6.268936] usbcore: registered new interface driver qcserial
[    6.269636] usbserial: USB Serial support registered for Qualcomm USB modem
[    6.270828] usbcore: registered new interface driver quatech2
[    6.272583] usbserial: USB Serial support registered for Quatech 2nd gen USB to Serial Driver
[    6.273436] usbcore: registered new interface driver safe_serial
[    6.274065] usbserial: USB Serial support registered for safe_serial
[    6.274715] usbcore: registered new interface driver sierra
[    6.275291] usbserial: USB Serial support registered for Sierra USB modem
[    6.275977] usbcore: registered new interface driver usb_serial_simple
[    6.276604] usbserial: USB Serial support registered for carelink
[    6.277170] usbserial: USB Serial support registered for zio
[    6.277695] usbserial: USB Serial support registered for funsoft
[    6.278253] usbserial: USB Serial support registered for flashloader
[    6.278931] usbserial: USB Serial support registered for google
[    6.279775] usbserial: USB Serial support registered for libtransistor
[    6.280468] usbserial: USB Serial support registered for vivopay
[    6.281483] usbserial: USB Serial support registered for moto_modem
[    6.282227] usbserial: USB Serial support registered for motorola_tetra
[    6.282835] usbserial: USB Serial support registered for novatel_gps
[    6.283505] usbserial: USB Serial support registered for hp4x
[    6.284052] usbserial: USB Serial support registered for suunto
[    6.284604] usbserial: USB Serial support registered for siemens_mpi
[    6.285199] usbcore: registered new interface driver spcp8x5
[    6.285810] usbserial: USB Serial support registered for SPCP8x5
[    6.286464] usbcore: registered new interface driver ssu100
[    6.287148] usbserial: USB Serial support registered for Quatech SSU-100 USB to Serial Driver
[    6.288065] usbcore: registered new interface driver symbolserial
[    6.288715] usbserial: USB Serial support registered for symbol
[    6.289367] usbcore: registered new interface driver ti_usb_3410_5052
[    6.290048] usbserial: USB Serial support registered for TI USB 3410 1 port adapter
[    6.290808] usbserial: USB Serial support registered for TI USB 5052 2 port adapter
[    6.291714] usbcore: registered new interface driver upd78f0730
[    6.292357] usbserial: USB Serial support registered for upd78f0730
[    6.293018] usbcore: registered new interface driver visor
[    6.293684] usbserial: USB Serial support registered for Handspring Visor / Palm OS
[    6.294501] usbserial: USB Serial support registered for Sony Clie 5.0
[    6.295801] usbserial: USB Serial support registered for Sony Clie 3.5
[    6.296523] usbcore: registered new interface driver wishbone_serial
[    6.297355] usbserial: USB Serial support registered for wishbone_serial
[    6.298073] usbcore: registered new interface driver whiteheat
[    6.298699] usbserial: USB Serial support registered for Connect Tech - WhiteHEAT - (prerenumeration)
[    6.299748] usbserial: USB Serial support registered for Connect Tech - WhiteHEAT
[    6.300519] usbcore: registered new interface driver xsens_mt
[    6.301146] usbserial: USB Serial support registered for xsens_mt
[    6.301833] usbcore: registered new interface driver adutux
[    6.302437] usbcore: registered new interface driver appledisplay
[    6.303079] usbcore: registered new interface driver cypress_cy7c63
[    6.303721] usbcore: registered new interface driver cytherm
[    6.304307] usbcore: registered new interface driver emi26 - firmware loader
[    6.304953] usbcore: registered new interface driver emi62 - firmware loader
[    6.305602] usbcore: registered new interface driver idmouse
[    6.306146] usbcore: registered new interface driver iowarrior
[    6.306695] usbcore: registered new interface driver isight_firmware
[    6.307292] usbcore: registered new interface driver usblcd
[    6.307826] usbcore: registered new interface driver ldusb
[    6.308736] usbcore: registered new interface driver legousbtower
[    6.309443] usbcore: registered new interface driver usbtest
[    6.310433] usbcore: registered new interface driver usb_ehset_test
[    6.311225] usbcore: registered new interface driver trancevibrator
[    6.311842] usbcore: registered new interface driver uss720
[    6.312311] uss720: USB Parport Cable driver for Cables using the Lucent Technologies USS720 Chip
[    6.313015] uss720: NOTE: this is a special purpose driver to allow nonstandard
[    6.313578] uss720: protocols (eg. bitbang) over USS720 usb to parallel cables
[    6.314136] uss720: If you just want to connect to a printer, use usblp instead
[    6.314962] usbcore: registered new interface driver usbsevseg
[    6.315608] usbcore: registered new interface driver yurex
[    6.316486] usbcore: registered new interface driver chaoskey
[    6.317066] usbcore: registered new interface driver sisusb
[    6.317648] usbcore: registered new interface driver lvs
[    6.318216] usbcore: registered new interface driver cxacru
[    6.318772] usbcore: registered new interface driver speedtch
[    6.319339] usbcore: registered new interface driver ueagle-atm
[    6.319802] xusbatm: malformed module parameters
[    6.321618] Number of emulated UDC must be in range of 1...2
[    6.324947] gadgetfs: USB Gadget filesystem, version 24 Aug 2004
[    6.327458] vhci_hcd vhci_hcd.0: USB/IP Virtual Host Controller
[    6.329321] vhci_hcd vhci_hcd.0: new USB bus registered, assigned bus number 1
[    6.330154] vhci_hcd: created sysfs vhci_hcd.0
[    6.331325] usb usb1: New USB device found, idVendor=1d6b, idProduct=0002, bcdDevice= 5.00
[    6.332074] usb usb1: New USB device strings: Mfr=3, Product=2, SerialNumber=1
[    6.332700] usb usb1: Product: USB/IP Virtual Host Controller
[    6.333198] usb usb1: Manufacturer: Linux 5.0.0-v5.0 vhci_hcd
[    6.333691] usb usb1: SerialNumber: vhci_hcd.0
[    6.335508] hub 1-0:1.0: USB hub found
[    6.336093] hub 1-0:1.0: 8 ports detected
[    6.339282] vhci_hcd vhci_hcd.0: USB/IP Virtual Host Controller
[    6.340316] vhci_hcd vhci_hcd.0: new USB bus registered, assigned bus number 2
[    6.341051] usb usb2: We don't know the algorithms for LPM for this host, disabling LPM.
[    6.342933] usb usb2: New USB device found, idVendor=1d6b, idProduct=0003, bcdDevice= 5.00
[    6.343659] usb usb2: New USB device strings: Mfr=3, Product=2, SerialNumber=1
[    6.344230] usb usb2: Product: USB/IP Virtual Host Controller
[    6.344687] usb usb2: Manufacturer: Linux 5.0.0-v5.0 vhci_hcd
[    6.345145] usb usb2: SerialNumber: vhci_hcd.0
[    6.346469] hub 2-0:1.0: USB hub found
[    6.346920] hub 2-0:1.0: 8 ports detected
[    6.350030] vhci_hcd vhci_hcd.1: USB/IP Virtual Host Controller
[    6.350965] vhci_hcd vhci_hcd.1: new USB bus registered, assigned bus number 3
[    6.352404] usb usb3: New USB device found, idVendor=1d6b, idProduct=0002, bcdDevice= 5.00
[    6.353091] usb usb3: New USB device strings: Mfr=3, Product=2, SerialNumber=1
[    6.353719] usb usb3: Product: USB/IP Virtual Host Controller
[    6.354224] usb usb3: Manufacturer: Linux 5.0.0-v5.0 vhci_hcd
[    6.354727] usb usb3: SerialNumber: vhci_hcd.1
[    6.356506] hub 3-0:1.0: USB hub found
[    6.356956] hub 3-0:1.0: 8 ports detected
[    6.359617] vhci_hcd vhci_hcd.1: USB/IP Virtual Host Controller
[    6.360591] vhci_hcd vhci_hcd.1: new USB bus registered, assigned bus number 4
[    6.362653] usb usb4: We don't know the algorithms for LPM for this host, disabling LPM.
[    6.363658] usb usb4: New USB device found, idVendor=1d6b, idProduct=0003, bcdDevice= 5.00
[    6.364363] usb usb4: New USB device strings: Mfr=3, Product=2, SerialNumber=1
[    6.364938] usb usb4: Product: USB/IP Virtual Host Controller
[    6.365385] usb usb4: Manufacturer: Linux 5.0.0-v5.0 vhci_hcd
[    6.365828] usb usb4: SerialNumber: vhci_hcd.1
[    6.367120] hub 4-0:1.0: USB hub found
[    6.367509] hub 4-0:1.0: 8 ports detected
[    6.370370] vhci_hcd vhci_hcd.2: USB/IP Virtual Host Controller
[    6.371139] vhci_hcd vhci_hcd.2: new USB bus registered, assigned bus number 5
[    6.372043] usb usb5: New USB device found, idVendor=1d6b, idProduct=0002, bcdDevice= 5.00
[    6.372687] usb usb5: New USB device strings: Mfr=3, Product=2, SerialNumber=1
[    6.373251] usb usb5: Product: USB/IP Virtual Host Controller
[    6.373700] usb usb5: Manufacturer: Linux 5.0.0-v5.0 vhci_hcd
[    6.374153] usb usb5: SerialNumber: vhci_hcd.2
[    6.375767] hub 5-0:1.0: USB hub found
[    6.376162] hub 5-0:1.0: 8 ports detected
[    6.378550] vhci_hcd vhci_hcd.2: USB/IP Virtual Host Controller
[    6.379386] vhci_hcd vhci_hcd.2: new USB bus registered, assigned bus number 6
[    6.380178] usb usb6: We don't know the algorithms for LPM for this host, disabling LPM.
[    6.381280] usb usb6: New USB device found, idVendor=1d6b, idProduct=0003, bcdDevice= 5.00
[    6.381989] usb usb6: New USB device strings: Mfr=3, Product=2, SerialNumber=1
[    6.382606] usb usb6: Product: USB/IP Virtual Host Controller
[    6.383055] usb usb6: Manufacturer: Linux 5.0.0-v5.0 vhci_hcd
[    6.383501] usb usb6: SerialNumber: vhci_hcd.2
[    6.384780] hub 6-0:1.0: USB hub found
[    6.385205] hub 6-0:1.0: 8 ports detected
[    6.388902] vhci_hcd vhci_hcd.3: USB/IP Virtual Host Controller
[    6.389846] vhci_hcd vhci_hcd.3: new USB bus registered, assigned bus number 7
[    6.390959] usb usb7: New USB device found, idVendor=1d6b, idProduct=0002, bcdDevice= 5.00
[    6.391748] usb usb7: New USB device strings: Mfr=3, Product=2, SerialNumber=1
[    6.392402] usb usb7: Product: USB/IP Virtual Host Controller
[    6.392908] usb usb7: Manufacturer: Linux 5.0.0-v5.0 vhci_hcd
[    6.393412] usb usb7: SerialNumber: vhci_hcd.3
[    6.394755] hub 7-0:1.0: USB hub found
[    6.395196] hub 7-0:1.0: 8 ports detected
[    6.397745] vhci_hcd vhci_hcd.3: USB/IP Virtual Host Controller
[    6.398671] vhci_hcd vhci_hcd.3: new USB bus registered, assigned bus number 8
[    6.399459] usb usb8: We don't know the algorithms for LPM for this host, disabling LPM.
[    6.400581] usb usb8: New USB device found, idVendor=1d6b, idProduct=0003, bcdDevice= 5.00
[    6.401549] usb usb8: New USB device strings: Mfr=3, Product=2, SerialNumber=1
[    6.402125] usb usb8: Product: USB/IP Virtual Host Controller
[    6.402581] usb usb8: Manufacturer: Linux 5.0.0-v5.0 vhci_hcd
[    6.403040] usb usb8: SerialNumber: vhci_hcd.3
[    6.404267] hub 8-0:1.0: USB hub found
[    6.404658] hub 8-0:1.0: 8 ports detected
[    6.407484] vhci_hcd vhci_hcd.4: USB/IP Virtual Host Controller
[    6.408615] vhci_hcd vhci_hcd.4: new USB bus registered, assigned bus number 9
[    6.409771] usb usb9: New USB device found, idVendor=1d6b, idProduct=0002, bcdDevice= 5.00
[    6.410430] usb usb9: New USB device strings: Mfr=3, Product=2, SerialNumber=1
[    6.411008] usb usb9: Product: USB/IP Virtual Host Controller
[    6.411569] usb usb9: Manufacturer: Linux 5.0.0-v5.0 vhci_hcd
[    6.412074] usb usb9: SerialNumber: vhci_hcd.4
[    6.413386] hub 9-0:1.0: USB hub found
[    6.413775] hub 9-0:1.0: 8 ports detected
[    6.416522] vhci_hcd vhci_hcd.4: USB/IP Virtual Host Controller
[    6.417607] vhci_hcd vhci_hcd.4: new USB bus registered, assigned bus number 10
[    6.418507] usb usb10: We don't know the algorithms for LPM for this host, disabling LPM.
[    6.419682] usb usb10: New USB device found, idVendor=1d6b, idProduct=0003, bcdDevice= 5.00
[    6.420397] usb usb10: New USB device strings: Mfr=3, Product=2, SerialNumber=1
[    6.421022] usb usb10: Product: USB/IP Virtual Host Controller
[    6.422317] usb usb10: Manufacturer: Linux 5.0.0-v5.0 vhci_hcd
[    6.422824] usb usb10: SerialNumber: vhci_hcd.4
[    6.424105] hub 10-0:1.0: USB hub found
[    6.424531] hub 10-0:1.0: 8 ports detected
[    6.427441] vhci_hcd vhci_hcd.5: USB/IP Virtual Host Controller
[    6.428227] vhci_hcd vhci_hcd.5: new USB bus registered, assigned bus number 11
[    6.429235] usb usb11: New USB device found, idVendor=1d6b, idProduct=0002, bcdDevice= 5.00
[    6.429948] usb usb11: New USB device strings: Mfr=3, Product=2, SerialNumber=1
[    6.430571] usb usb11: Product: USB/IP Virtual Host Controller
[    6.431075] usb usb11: Manufacturer: Linux 5.0.0-v5.0 vhci_hcd
[    6.432188] usb usb11: SerialNumber: vhci_hcd.5
[    6.433351] hub 11-0:1.0: USB hub found
[    6.433777] hub 11-0:1.0: 8 ports detected
[    6.436246] vhci_hcd vhci_hcd.5: USB/IP Virtual Host Controller
[    6.437052] vhci_hcd vhci_hcd.5: new USB bus registered, assigned bus number 12
[    6.437837] usb usb12: We don't know the algorithms for LPM for this host, disabling LPM.
[    6.438921] usb usb12: New USB device found, idVendor=1d6b, idProduct=0003, bcdDevice= 5.00
[    6.439569] usb usb12: New USB device strings: Mfr=3, Product=2, SerialNumber=1
[    6.440137] usb usb12: Product: USB/IP Virtual Host Controller
[    6.440590] usb usb12: Manufacturer: Linux 5.0.0-v5.0 vhci_hcd
[    6.441047] usb usb12: SerialNumber: vhci_hcd.5
[    6.442400] hub 12-0:1.0: USB hub found
[    6.442830] hub 12-0:1.0: 8 ports detected
[    6.446001] vhci_hcd vhci_hcd.6: USB/IP Virtual Host Controller
[    6.446902] vhci_hcd vhci_hcd.6: new USB bus registered, assigned bus number 13
[    6.448810] usb usb13: New USB device found, idVendor=1d6b, idProduct=0002, bcdDevice= 5.00
[    6.449551] usb usb13: New USB device strings: Mfr=3, Product=2, SerialNumber=1
[    6.450196] usb usb13: Product: USB/IP Virtual Host Controller
[    6.450708] usb usb13: Manufacturer: Linux 5.0.0-v5.0 vhci_hcd
[    6.451517] usb usb13: SerialNumber: vhci_hcd.6
[    6.452744] hub 13-0:1.0: USB hub found
[    6.453185] hub 13-0:1.0: 8 ports detected
[    6.455871] vhci_hcd vhci_hcd.6: USB/IP Virtual Host Controller
[    6.456723] vhci_hcd vhci_hcd.6: new USB bus registered, assigned bus number 14
[    6.457529] usb usb14: We don't know the algorithms for LPM for this host, disabling LPM.
[    6.458605] usb usb14: New USB device found, idVendor=1d6b, idProduct=0003, bcdDevice= 5.00
[    6.459303] usb usb14: New USB device strings: Mfr=3, Product=2, SerialNumber=1
[    6.459868] usb usb14: Product: USB/IP Virtual Host Controller
[    6.460337] usb usb14: Manufacturer: Linux 5.0.0-v5.0 vhci_hcd
[    6.460795] usb usb14: SerialNumber: vhci_hcd.6
[    6.462595] hub 14-0:1.0: USB hub found
[    6.462996] hub 14-0:1.0: 8 ports detected
[    6.465826] vhci_hcd vhci_hcd.7: USB/IP Virtual Host Controller
[    6.466572] vhci_hcd vhci_hcd.7: new USB bus registered, assigned bus number 15
[    6.467486] usb usb15: New USB device found, idVendor=1d6b, idProduct=0002, bcdDevice= 5.00
[    6.468152] usb usb15: New USB device strings: Mfr=3, Product=2, SerialNumber=1
[    6.468721] usb usb15: Product: USB/IP Virtual Host Controller
[    6.469217] usb usb15: Manufacturer: Linux 5.0.0-v5.0 vhci_hcd
[    6.469671] usb usb15: SerialNumber: vhci_hcd.7
[    6.471861] hub 15-0:1.0: USB hub found
[    6.472296] hub 15-0:1.0: 8 ports detected
[    6.474941] vhci_hcd vhci_hcd.7: USB/IP Virtual Host Controller
[    6.475896] vhci_hcd vhci_hcd.7: new USB bus registered, assigned bus number 16
[    6.476688] usb usb16: We don't know the algorithms for LPM for this host, disabling LPM.
[    6.477821] usb usb16: New USB device found, idVendor=1d6b, idProduct=0003, bcdDevice= 5.00
[    6.478771] usb usb16: New USB device strings: Mfr=3, Product=2, SerialNumber=1
[    6.479423] usb usb16: Product: USB/IP Virtual Host Controller
[    6.479942] usb usb16: Manufacturer: Linux 5.0.0-v5.0 vhci_hcd
[    6.480459] usb usb16: SerialNumber: vhci_hcd.7
[    6.481962] hub 16-0:1.0: USB hub found
[    6.482414] hub 16-0:1.0: 8 ports detected
[    6.485680] vhci_hcd vhci_hcd.8: USB/IP Virtual Host Controller
[    6.486612] vhci_hcd vhci_hcd.8: new USB bus registered, assigned bus number 17
[    6.487748] usb usb17: New USB device found, idVendor=1d6b, idProduct=0002, bcdDevice= 5.00
[    6.488420] usb usb17: New USB device strings: Mfr=3, Product=2, SerialNumber=1
[    6.488999] usb usb17: Product: USB/IP Virtual Host Controller
[    6.489462] usb usb17: Manufacturer: Linux 5.0.0-v5.0 vhci_hcd
[    6.489927] usb usb17: SerialNumber: vhci_hcd.8
[    6.491361] hub 17-0:1.0: USB hub found
[    6.491797] hub 17-0:1.0: 8 ports detected
[    6.494366] vhci_hcd vhci_hcd.8: USB/IP Virtual Host Controller
[    6.495202] vhci_hcd vhci_hcd.8: new USB bus registered, assigned bus number 18
[    6.496079] usb usb18: We don't know the algorithms for LPM for this host, disabling LPM.
[    6.497166] usb usb18: New USB device found, idVendor=1d6b, idProduct=0003, bcdDevice= 5.00
[    6.497830] usb usb18: New USB device strings: Mfr=3, Product=2, SerialNumber=1
[    6.498408] usb usb18: Product: USB/IP Virtual Host Controller
[    6.498873] usb usb18: Manufacturer: Linux 5.0.0-v5.0 vhci_hcd
[    6.499337] usb usb18: SerialNumber: vhci_hcd.8
[    6.500572] hub 18-0:1.0: USB hub found
[    6.500998] hub 18-0:1.0: 8 ports detected
[    6.504372] vhci_hcd vhci_hcd.9: USB/IP Virtual Host Controller
[    6.505395] vhci_hcd vhci_hcd.9: new USB bus registered, assigned bus number 19
[    6.506406] usb usb19: New USB device found, idVendor=1d6b, idProduct=0002, bcdDevice= 5.00
[    6.507121] usb usb19: New USB device strings: Mfr=3, Product=2, SerialNumber=1
[    6.507745] usb usb19: Product: USB/IP Virtual Host Controller
[    6.508258] usb usb19: Manufacturer: Linux 5.0.0-v5.0 vhci_hcd
[    6.508990] usb usb19: SerialNumber: vhci_hcd.9
[    6.510635] hub 19-0:1.0: USB hub found
[    6.511481] hub 19-0:1.0: 8 ports detected
[    6.514113] vhci_hcd vhci_hcd.9: USB/IP Virtual Host Controller
[    6.515004] vhci_hcd vhci_hcd.9: new USB bus registered, assigned bus number 20
[    6.515872] usb usb20: We don't know the algorithms for LPM for this host, disabling LPM.
[    6.517044] usb usb20: New USB device found, idVendor=1d6b, idProduct=0003, bcdDevice= 5.00
[    6.517781] usb usb20: New USB device strings: Mfr=3, Product=2, SerialNumber=1
[    6.518421] usb usb20: Product: USB/IP Virtual Host Controller
[    6.518922] usb usb20: Manufacturer: Linux 5.0.0-v5.0 vhci_hcd
[    6.519416] usb usb20: SerialNumber: vhci_hcd.9
[    6.520659] hub 20-0:1.0: USB hub found
[    6.521199] hub 20-0:1.0: 8 ports detected
[    6.524402] vhci_hcd vhci_hcd.10: USB/IP Virtual Host Controller
[    6.525193] vhci_hcd vhci_hcd.10: new USB bus registered, assigned bus number 21
[    6.526170] usb usb21: New USB device found, idVendor=1d6b, idProduct=0002, bcdDevice= 5.00
[    6.526853] usb usb21: New USB device strings: Mfr=3, Product=2, SerialNumber=1
[    6.527468] usb usb21: Product: USB/IP Virtual Host Controller
[    6.527932] usb usb21: Manufacturer: Linux 5.0.0-v5.0 vhci_hcd
[    6.528396] usb usb21: SerialNumber: vhci_hcd.10
[    6.530020] hub 21-0:1.0: USB hub found
[    6.530455] hub 21-0:1.0: 8 ports detected
[    6.533438] vhci_hcd vhci_hcd.10: USB/IP Virtual Host Controller
[    6.534280] vhci_hcd vhci_hcd.10: new USB bus registered, assigned bus number 22
[    6.535101] usb usb22: We don't know the algorithms for LPM for this host, disabling LPM.
[    6.536188] usb usb22: New USB device found, idVendor=1d6b, idProduct=0003, bcdDevice= 5.00
[    6.536850] usb usb22: New USB device strings: Mfr=3, Product=2, SerialNumber=1
[    6.537438] usb usb22: Product: USB/IP Virtual Host Controller
[    6.537901] usb usb22: Manufacturer: Linux 5.0.0-v5.0 vhci_hcd
[    6.538365] usb usb22: SerialNumber: vhci_hcd.10
[    6.540054] hub 22-0:1.0: USB hub found
[    6.540525] hub 22-0:1.0: 8 ports detected
[    6.543808] vhci_hcd vhci_hcd.11: USB/IP Virtual Host Controller
[    6.544737] vhci_hcd vhci_hcd.11: new USB bus registered, assigned bus number 23
[    6.545743] usb usb23: New USB device found, idVendor=1d6b, idProduct=0002, bcdDevice= 5.00
[    6.546458] usb usb23: New USB device strings: Mfr=3, Product=2, SerialNumber=1
[    6.547083] usb usb23: Product: USB/IP Virtual Host Controller
[    6.547585] usb usb23: Manufacturer: Linux 5.0.0-v5.0 vhci_hcd
[    6.548088] usb usb23: SerialNumber: vhci_hcd.11
[    6.549733] hub 23-0:1.0: USB hub found
[    6.550167] hub 23-0:1.0: 8 ports detected
[    6.553232] vhci_hcd vhci_hcd.11: USB/IP Virtual Host Controller
[    6.554113] vhci_hcd vhci_hcd.11: new USB bus registered, assigned bus number 24
[    6.554825] usb usb24: We don't know the algorithms for LPM for this host, disabling LPM.
[    6.555973] usb usb24: New USB device found, idVendor=1d6b, idProduct=0003, bcdDevice= 5.00
[    6.556621] usb usb24: New USB device strings: Mfr=3, Product=2, SerialNumber=1
[    6.557190] usb usb24: Product: USB/IP Virtual Host Controller
[    6.557644] usb usb24: Manufacturer: Linux 5.0.0-v5.0 vhci_hcd
[    6.558099] usb usb24: SerialNumber: vhci_hcd.11
[    6.559354] hub 24-0:1.0: USB hub found
[    6.559743] hub 24-0:1.0: 8 ports detected
[    6.562990] vhci_hcd vhci_hcd.12: USB/IP Virtual Host Controller
[    6.563775] vhci_hcd vhci_hcd.12: new USB bus registered, assigned bus number 25
[    6.564720] usb usb25: New USB device found, idVendor=1d6b, idProduct=0002, bcdDevice= 5.00
[    6.565379] usb usb25: New USB device strings: Mfr=3, Product=2, SerialNumber=1
[    6.565954] usb usb25: Product: USB/IP Virtual Host Controller
[    6.566421] usb usb25: Manufacturer: Linux 5.0.0-v5.0 vhci_hcd
[    6.566877] usb usb25: SerialNumber: vhci_hcd.12
[    6.568529] hub 25-0:1.0: USB hub found
[    6.568993] hub 25-0:1.0: 8 ports detected
[    6.572410] vhci_hcd vhci_hcd.12: USB/IP Virtual Host Controller
[    6.573376] vhci_hcd vhci_hcd.12: new USB bus registered, assigned bus number 26
[    6.574173] usb usb26: We don't know the algorithms for LPM for this host, disabling LPM.
[    6.575281] usb usb26: New USB device found, idVendor=1d6b, idProduct=0003, bcdDevice= 5.00
[    6.576001] usb usb26: New USB device strings: Mfr=3, Product=2, SerialNumber=1
[    6.576623] usb usb26: Product: USB/IP Virtual Host Controller
[    6.577128] usb usb26: Manufacturer: Linux 5.0.0-v5.0 vhci_hcd
[    6.577630] usb usb26: SerialNumber: vhci_hcd.12
[    6.579060] hub 26-0:1.0: USB hub found
[    6.579510] hub 26-0:1.0: 8 ports detected
[    6.583221] vhci_hcd vhci_hcd.13: USB/IP Virtual Host Controller
[    6.584055] vhci_hcd vhci_hcd.13: new USB bus registered, assigned bus number 27
[    6.584994] usb usb27: New USB device found, idVendor=1d6b, idProduct=0002, bcdDevice= 5.00
[    6.585648] usb usb27: New USB device strings: Mfr=3, Product=2, SerialNumber=1
[    6.586222] usb usb27: Product: USB/IP Virtual Host Controller
[    6.586678] usb usb27: Manufacturer: Linux 5.0.0-v5.0 vhci_hcd
[    6.587136] usb usb27: SerialNumber: vhci_hcd.13
[    6.588608] hub 27-0:1.0: USB hub found
[    6.589010] hub 27-0:1.0: 8 ports detected
[    6.591593] vhci_hcd vhci_hcd.13: USB/IP Virtual Host Controller
[    6.592347] vhci_hcd vhci_hcd.13: new USB bus registered, assigned bus number 28
[    6.593060] usb usb28: We don't know the algorithms for LPM for this host, disabling LPM.
[    6.594007] usb usb28: New USB device found, idVendor=1d6b, idProduct=0003, bcdDevice= 5.00
[    6.594650] usb usb28: New USB device strings: Mfr=3, Product=2, SerialNumber=1
[    6.595294] usb usb28: Product: USB/IP Virtual Host Controller
[    6.595789] usb usb28: Manufacturer: Linux 5.0.0-v5.0 vhci_hcd
[    6.596298] usb usb28: SerialNumber: vhci_hcd.13
[    6.597527] hub 28-0:1.0: USB hub found
[    6.597926] hub 28-0:1.0: 8 ports detected
[    6.601398] vhci_hcd vhci_hcd.14: USB/IP Virtual Host Controller
[    6.602411] vhci_hcd vhci_hcd.14: new USB bus registered, assigned bus number 29
[    6.603447] usb usb29: New USB device found, idVendor=1d6b, idProduct=0002, bcdDevice= 5.00
[    6.604164] usb usb29: New USB device strings: Mfr=3, Product=2, SerialNumber=1
[    6.604726] usb usb29: Product: USB/IP Virtual Host Controller
[    6.605235] usb usb29: Manufacturer: Linux 5.0.0-v5.0 vhci_hcd
[    6.605685] usb usb29: SerialNumber: vhci_hcd.14
[    6.607194] hub 29-0:1.0: USB hub found
[    6.607585] hub 29-0:1.0: 8 ports detected
[    6.610126] vhci_hcd vhci_hcd.14: USB/IP Virtual Host Controller
[    6.611058] vhci_hcd vhci_hcd.14: new USB bus registered, assigned bus number 30
[    6.612382] usb usb30: We don't know the algorithms for LPM for this host, disabling LPM.
[    6.613482] usb usb30: New USB device found, idVendor=1d6b, idProduct=0003, bcdDevice= 5.00
[    6.614134] usb usb30: New USB device strings: Mfr=3, Product=2, SerialNumber=1
[    6.614698] usb usb30: Product: USB/IP Virtual Host Controller
[    6.615155] usb usb30: Manufacturer: Linux 5.0.0-v5.0 vhci_hcd
[    6.615612] usb usb30: SerialNumber: vhci_hcd.14
[    6.616840] hub 30-0:1.0: USB hub found
[    6.617285] hub 30-0:1.0: 8 ports detected
[    6.620343] vhci_hcd vhci_hcd.15: USB/IP Virtual Host Controller
[    6.621534] vhci_hcd vhci_hcd.15: new USB bus registered, assigned bus number 31
[    6.622525] usb usb31: New USB device found, idVendor=1d6b, idProduct=0002, bcdDevice= 5.00
[    6.623180] usb usb31: New USB device strings: Mfr=3, Product=2, SerialNumber=1
[    6.623749] usb usb31: Product: USB/IP Virtual Host Controller
[    6.624205] usb usb31: Manufacturer: Linux 5.0.0-v5.0 vhci_hcd
[    6.624661] usb usb31: SerialNumber: vhci_hcd.15
[    6.625984] hub 31-0:1.0: USB hub found
[    6.626420] hub 31-0:1.0: 8 ports detected
[    6.629008] vhci_hcd vhci_hcd.15: USB/IP Virtual Host Controller
[    6.629891] vhci_hcd vhci_hcd.15: new USB bus registered, assigned bus number 32
[    6.630686] usb usb32: We don't know the algorithms for LPM for this host, disabling LPM.
[    6.632294] usb usb32: New USB device found, idVendor=1d6b, idProduct=0003, bcdDevice= 5.00
[    6.633091] usb usb32: New USB device strings: Mfr=3, Product=2, SerialNumber=1
[    6.633725] usb usb32: Product: USB/IP Virtual Host Controller
[    6.634240] usb usb32: Manufacturer: Linux 5.0.0-v5.0 vhci_hcd
[    6.634748] usb usb32: SerialNumber: vhci_hcd.15
[    6.636037] hub 32-0:1.0: USB hub found
[    6.636475] hub 32-0:1.0: 8 ports detected
[    6.639767] usbcore: registered new device driver usbip-host
[    6.642618] i8042: PNP: PS/2 Controller [PNP0303:KBD,PNP0f13:MOU] at 0x60,0x64 irq 1,12
[    6.644202] serio: i8042 KBD port at 0x60,0x64 irq 1
[    6.645408] serio: i8042 AUX port at 0x60,0x64 irq 12
[    6.647135] mousedev: PS/2 mouse device common for all mice
[    6.649207] input: AT Translated Set 2 keyboard as /devices/platform/i8042/serio0/input/input1
[    6.652047] usbcore: registered new interface driver appletouch
[    6.652724] usbcore: registered new interface driver bcm5974
[    6.654419] usbcore: registered new interface driver synaptics_usb
[    6.655627] usbcore: registered new interface driver iforce
[    6.656294] usbcore: registered new interface driver xpad
[    6.656852] usbcore: registered new interface driver usb_acecad
[    6.657475] usbcore: registered new interface driver aiptek
[    6.658107] usbcore: registered new interface driver hanwang
[    6.658673] usbcore: registered new interface driver kbtab
[    6.659323] usbcore: registered new interface driver pegasus_notetaker
[    6.660390] usbcore: registered new interface driver usbtouchscreen
[    6.663340] usbcore: registered new interface driver sur40
[    6.664034] usbcore: registered new interface driver ati_remote2
[    6.664567] cm109: Keymap for Komunikate KIP1000 phone loaded
[    6.665241] usbcore: registered new interface driver cm109
[    6.665724] cm109: CM109 phone driver: 20080805 (C) Alfred E. Heggestad
[    6.666452] usbcore: registered new interface driver ims_pcu
[    6.667097] usbcore: registered new interface driver keyspan_remote
[    6.667770] usbcore: registered new interface driver powermate
[    6.668742] usbcore: registered new interface driver yealink
[    6.670181] rtc_cmos 00:05: RTC can wake from S4
[    6.671890] rtc_cmos 00:05: registered as rtc0
[    6.672252] rtc_cmos 00:05: alarms up to one day, y3k, 242 bytes nvram, hpet irqs
[    6.673313] i2c /dev entries driver
[    6.673996] usbcore: registered new interface driver i2c-diolan-u2c
[    6.675226] usbcore: registered new interface driver RobotFuzz Open Source InterFace, OSIF
[    6.676019] usbcore: registered new interface driver i2c-tiny-usb
[    6.678787] usbcore: registered new interface driver ati_remote
[    6.679472] usbcore: registered new interface driver imon
[    6.680146] usbcore: registered new interface driver mceusb
[    6.680783] usbcore: registered new interface driver redrat3
[    6.682476] usbcore: registered new interface driver streamzap
[    6.683221] usbcore: registered new interface driver igorplugusb
[    6.684784] usbcore: registered new interface driver iguanair
[    6.685939] usbcore: registered new interface driver ttusbir
[    6.686439] b2c2-flexcop: B2C2 FlexcopII/II(b)/III digital TV receiver chip loaded successfully
[    6.692823] vimc vimc.0: bound vimc-sensor.0.auto (ops vimc_sen_comp_ops)
[    6.695442] vimc vimc.0: bound vimc-sensor.1.auto (ops vimc_sen_comp_ops)
[    6.696078] vimc vimc.0: bound vimc-debayer.2.auto (ops vimc_deb_comp_ops)
[    6.696708] vimc vimc.0: bound vimc-debayer.3.auto (ops vimc_deb_comp_ops)
[    6.698114] vimc vimc.0: bound vimc-capture.4.auto (ops vimc_cap_comp_ops)
[    6.699100] vimc vimc.0: bound vimc-capture.5.auto (ops vimc_cap_comp_ops)
[    6.701306] vimc vimc.0: bound vimc-sensor.6.auto (ops vimc_sen_comp_ops)
[    6.701921] vimc vimc.0: bound vimc-scaler.7.auto (ops vimc_sca_comp_ops)
[    6.703089] vimc vimc.0: bound vimc-capture.8.auto (ops vimc_cap_comp_ops)
[    6.706893] vivid-000: using single planar format API
[    6.715164] vivid-000: CEC adapter cec0 registered for HDMI input 0
[    6.715964] vivid-000: V4L2 capture device registered as video3
[    6.716775] vivid-000: CEC adapter cec1 registered for HDMI output 0
[    6.717573] vivid-000: V4L2 output device registered as video4
[    6.718294] vivid-000: V4L2 capture device registered as vbi0, supports raw and sliced VBI
[    6.719261] vivid-000: V4L2 output device registered as vbi1, supports raw and sliced VBI
[    6.720224] vivid-000: V4L2 capture device registered as swradio0
[    6.720981] vivid-000: V4L2 receiver device registered as radio0
[    6.723992] vivid-000: V4L2 transmitter device registered as radio1
[    6.725089] vivid-001: using multiplanar format API
[    6.734304] vivid-001: CEC adapter cec2 registered for HDMI input 0
[    6.735085] vivid-001: V4L2 capture device registered as video5
[    6.735946] vivid-001: CEC adapter cec3 registered for HDMI output 0
[    6.736750] vivid-001: V4L2 output device registered as video6
[    6.737448] vivid-001: V4L2 capture device registered as vbi2, supports raw and sliced VBI
[    6.738306] vivid-001: V4L2 output device registered as vbi3, supports raw and sliced VBI
[    6.739246] vivid-001: V4L2 capture device registered as swradio1
[    6.739939] vivid-001: V4L2 receiver device registered as radio2
[    6.740653] vivid-001: V4L2 transmitter device registered as radio3
[    6.741448] vivid-002: using single planar format API
[    6.750488] vivid-002: CEC adapter cec4 registered for HDMI input 0
[    6.751708] vivid-002: V4L2 capture device registered as video7
[    6.752545] vivid-002: CEC adapter cec5 registered for HDMI output 0
[    6.753339] vivid-002: V4L2 output device registered as video8
[    6.754090] vivid-002: V4L2 capture device registered as vbi4, supports raw and sliced VBI
[    6.755398] vivid-002: V4L2 output device registered as vbi5, supports raw and sliced VBI
[    6.756562] vivid-002: V4L2 capture device registered as swradio2
[    6.757700] vivid-002: V4L2 receiver device registered as radio4
[    6.758649] vivid-002: V4L2 transmitter device registered as radio5
[    6.759513] vivid-003: using multiplanar format API
[    6.768496] vivid-003: CEC adapter cec6 registered for HDMI input 0
[    6.769260] vivid-003: V4L2 capture device registered as video9
[    6.770032] vivid-003: CEC adapter cec7 registered for HDMI output 0
[    6.770764] vivid-003: V4L2 output device registered as video10
[    6.771788] vivid-003: V4L2 capture device registered as vbi6, supports raw and sliced VBI
[    6.772746] vivid-003: V4L2 output device registered as vbi7, supports raw and sliced VBI
[    6.773724] vivid-003: V4L2 capture device registered as swradio3
[    6.774552] vivid-003: V4L2 receiver device registered as radio6
[    6.775297] vivid-003: V4L2 transmitter device registered as radio7
[    6.776065] vivid-004: using single planar format API
[    6.784874] vivid-004: CEC adapter cec8 registered for HDMI input 0
[    6.785835] vivid-004: V4L2 capture device registered as video11
[    6.786876] vivid-004: CEC adapter cec9 registered for HDMI output 0
[    6.787747] vivid-004: V4L2 output device registered as video12
[    6.788522] vivid-004: V4L2 capture device registered as vbi8, supports raw and sliced VBI
[    6.789494] vivid-004: V4L2 output device registered as vbi9, supports raw and sliced VBI
[    6.790435] vivid-004: V4L2 capture device registered as swradio4
[    6.791221] vivid-004: V4L2 receiver device registered as radio8
[    6.791977] vivid-004: V4L2 transmitter device registered as radio9
[    6.792748] vivid-005: using multiplanar format API
[    6.809609] vivid-005: CEC adapter cec10 registered for HDMI input 0
[    6.810392] vivid-005: V4L2 capture device registered as video13
[    6.811467] vivid-005: CEC adapter cec11 registered for HDMI output 0
[    6.812279] vivid-005: V4L2 output device registered as video14
[    6.813010] vivid-005: V4L2 capture device registered as vbi10, supports raw and sliced VBI
[    6.813880] vivid-005: V4L2 output device registered as vbi11, supports raw and sliced VBI
[    6.814752] vivid-005: V4L2 capture device registered as swradio5
[    6.815509] vivid-005: V4L2 receiver device registered as radio10
[    6.816631] vivid-005: V4L2 transmitter device registered as radio11
[    6.817641] vivid-006: using single planar format API
[    6.827874] vivid-006: CEC adapter cec12 registered for HDMI input 0
[    6.828633] vivid-006: V4L2 capture device registered as video15
[    6.829465] vivid-006: CEC adapter cec13 registered for HDMI output 0
[    6.830273] vivid-006: V4L2 output device registered as video16
[    6.831036] vivid-006: V4L2 capture device registered as vbi12, supports raw and sliced VBI
[    6.832002] vivid-006: V4L2 output device registered as vbi13, supports raw and sliced VBI
[    6.832917] vivid-006: V4L2 capture device registered as swradio6
[    6.833773] vivid-006: V4L2 receiver device registered as radio12
[    6.834605] vivid-006: V4L2 transmitter device registered as radio13
[    6.835451] vivid-007: using multiplanar format API
[    6.844087] vivid-007: CEC adapter cec14 registered for HDMI input 0
[    6.844835] vivid-007: V4L2 capture device registered as video17
[    6.845777] vivid-007: CEC adapter cec15 registered for HDMI output 0
[    6.846596] vivid-007: V4L2 output device registered as video18
[    6.847636] vivid-007: V4L2 capture device registered as vbi14, supports raw and sliced VBI
[    6.848815] vivid-007: V4L2 output device registered as vbi15, supports raw and sliced VBI
[    6.849796] vivid-007: V4L2 capture device registered as swradio7
[    6.850667] vivid-007: V4L2 receiver device registered as radio14
[    6.852197] vivid-007: V4L2 transmitter device registered as radio15
[    6.853077] vivid-008: using single planar format API
[    6.862702] vivid-008: CEC adapter cec16 registered for HDMI input 0
[    6.863496] vivid-008: V4L2 capture device registered as video19
[    6.864289] vivid-008: CEC adapter cec17 registered for HDMI output 0
[    6.864989] vivid-008: V4L2 output device registered as video20
[    6.865648] vivid-008: V4L2 capture device registered as vbi16, supports raw and sliced VBI
[    6.866657] vivid-008: V4L2 output device registered as vbi17, supports raw and sliced VBI
[    6.867504] vivid-008: V4L2 capture device registered as swradio8
[    6.868204] vivid-008: V4L2 receiver device registered as radio16
[    6.868919] vivid-008: V4L2 transmitter device registered as radio17
[    6.869633] vivid-009: using multiplanar format API
[    6.879703] vivid-009: CEC adapter cec18 registered for HDMI input 0
[    6.880545] vivid-009: V4L2 capture device registered as video21
[    6.881614] vivid-009: CEC adapter cec19 registered for HDMI output 0
[    6.882432] vivid-009: V4L2 output device registered as video22
[    6.883157] vivid-009: V4L2 capture device registered as vbi18, supports raw and sliced VBI
[    6.884145] vivid-009: V4L2 output device registered as vbi19, supports raw and sliced VBI
[    6.885047] vivid-009: V4L2 capture device registered as swradio9
[    6.885776] vivid-009: V4L2 receiver device registered as radio18
[    6.886558] vivid-009: V4L2 transmitter device registered as radio19
[    6.887340] vivid-010: using single planar format API
[    6.896991] vivid-010: CEC adapter cec20 registered for HDMI input 0
[    6.897817] vivid-010: V4L2 capture device registered as video23
[    6.898693] vivid-010: CEC adapter cec21 registered for HDMI output 0
[    6.899392] vivid-010: V4L2 output device registered as video24
[    6.900119] vivid-010: V4L2 capture device registered as vbi20, supports raw and sliced VBI
[    6.901006] vivid-010: V4L2 output device registered as vbi21, supports raw and sliced VBI
[    6.902652] vivid-010: V4L2 capture device registered as swradio10
[    6.903423] vivid-010: V4L2 receiver device registered as radio20
[    6.904197] vivid-010: V4L2 transmitter device registered as radio21
[    6.905065] vivid-011: using multiplanar format API
[    6.915628] vivid-011: CEC adapter cec22 registered for HDMI input 0
[    6.916457] vivid-011: V4L2 capture device registered as video25
[    6.917433] vivid-011: CEC adapter cec23 registered for HDMI output 0
[    6.918245] vivid-011: V4L2 output device registered as video26
[    6.919007] vivid-011: V4L2 capture device registered as vbi22, supports raw and sliced VBI
[    6.919907] vivid-011: V4L2 output device registered as vbi23, supports raw and sliced VBI
[    6.920811] vivid-011: V4L2 capture device registered as swradio11
[    6.921559] vivid-011: V4L2 receiver device registered as radio22
[    6.922260] vivid-011: V4L2 transmitter device registered as radio23
[    6.922980] vivid-012: using single planar format API
[    6.939540] vivid-012: CEC adapter cec24 registered for HDMI input 0
[    6.940583] vivid-012: V4L2 capture device registered as video27
[    6.941493] vivid-012: CEC adapter cec25 registered for HDMI output 0
[    6.942328] vivid-012: V4L2 output device registered as video28
[    6.943115] vivid-012: V4L2 capture device registered as vbi24, supports raw and sliced VBI
[    6.944288] vivid-012: V4L2 output device registered as vbi25, supports raw and sliced VBI
[    6.945264] vivid-012: V4L2 capture device registered as swradio12
[    6.946215] vivid-012: V4L2 receiver device registered as radio24
[    6.947236] vivid-012: V4L2 transmitter device registered as radio25
[    6.948132] vivid-013: using multiplanar format API
[    6.957150] vivid-013: CEC adapter cec26 registered for HDMI input 0
[    6.957927] vivid-013: V4L2 capture device registered as video29
[    6.958664] vivid-013: CEC adapter cec27 registered for HDMI output 0
[    6.959376] vivid-013: V4L2 output device registered as video30
[    6.960039] vivid-013: V4L2 capture device registered as vbi26, supports raw and sliced VBI
[    6.960933] vivid-013: V4L2 output device registered as vbi27, supports raw and sliced VBI
[    6.962106] vivid-013: V4L2 capture device registered as swradio13
[    6.962812] vivid-013: V4L2 receiver device registered as radio26
[    6.963526] vivid-013: V4L2 transmitter device registered as radio27
[    6.964251] vivid-014: using single planar format API
[    6.973148] vivid-014: CEC adapter cec28 registered for HDMI input 0
[    6.973978] vivid-014: V4L2 capture device registered as video31
[    6.974832] vivid-014: CEC adapter cec29 registered for HDMI output 0
[    6.975646] vivid-014: V4L2 output device registered as video32
[    6.976415] vivid-014: V4L2 capture device registered as vbi28, supports raw and sliced VBI
[    6.977510] vivid-014: V4L2 output device registered as vbi29, supports raw and sliced VBI
[    6.978588] vivid-014: V4L2 capture device registered as swradio14
[    6.979477] vivid-014: V4L2 receiver device registered as radio28
[    6.980421] vivid-014: V4L2 transmitter device registered as radio29
[    6.981788] vivid-015: using multiplanar format API
[    6.991970] vivid-015: CEC adapter cec30 registered for HDMI input 0
[    6.992720] vivid-015: V4L2 capture device registered as video33
[    6.993452] vivid-015: CEC adapter cec31 registered for HDMI output 0
[    6.994163] vivid-015: V4L2 output device registered as video34
[    6.995580] vivid-015: V4L2 capture device registered as vbi30, supports raw and sliced VBI
[    6.996522] vivid-015: V4L2 output device registered as vbi31, supports raw and sliced VBI
[    6.997493] vivid-015: V4L2 capture device registered as swradio15
[    6.998256] vivid-015: V4L2 receiver device registered as radio30
[    6.998963] vivid-015: V4L2 transmitter device registered as radio31
[    7.000339] vim2m vim2m.0: Device registered as /dev/video35
[    7.002389] vicodec vicodec.0: Device registered as /dev/video36
[    7.003303] vicodec vicodec.0: Device registered as /dev/video37
[    7.004725] usbcore: registered new interface driver ttusb-dec
[    7.005454] usbcore: registered new interface driver ttusb
[    7.006116] usbcore: registered new interface driver dvb_usb_vp7045
[    7.006754] usbcore: registered new interface driver dvb_usb_vp702x
[    7.007819] usbcore: registered new interface driver dvb_usb_gp8psk
[    7.009139] usbcore: registered new interface driver dvb_usb_dtt200u
[    7.010517] usbcore: registered new interface driver dvb_usb_a800
[    7.011377] usbcore: registered new interface driver dvb_usb_dibusb_mb
[    7.012116] usbcore: registered new interface driver dvb_usb_dibusb_mc
[    7.012781] usbcore: registered new interface driver dvb_usb_nova_t_usb2
[    7.013463] usbcore: registered new interface driver dvb_usb_umt_010
[    7.014120] usbcore: registered new interface driver dvb_usb_m920x
[    7.014761] usbcore: registered new interface driver dvb_usb_digitv
[    7.015420] usbcore: registered new interface driver dvb_usb_cxusb
[    7.016063] usbcore: registered new interface driver dvb_usb_ttusb2
[    7.016773] usbcore: registered new interface driver dvb_usb_dib0700
[    7.017425] usbcore: registered new interface driver opera1
[    7.018025] usbcore: registered new interface driver dvb_usb_af9005
[    7.019045] usbcore: registered new interface driver pctv452e
[    7.019852] usbcore: registered new interface driver dw2102
[    7.020870] usbcore: registered new interface driver dvb_usb_dtv5100
[    7.022011] usbcore: registered new interface driver cinergyT2
[    7.022724] usbcore: registered new interface driver dvb_usb_az6027
[    7.023385] usbcore: registered new interface driver dvb_usb_technisat_usb2
[    7.024117] usbcore: registered new interface driver dvb_usb_af9015
[    7.024775] usbcore: registered new interface driver dvb_usb_af9035
[    7.025418] usbcore: registered new interface driver dvb_usb_anysee
[    7.026133] usbcore: registered new interface driver dvb_usb_au6610
[    7.026849] usbcore: registered new interface driver dvb_usb_az6007
[    7.027798] usbcore: registered new interface driver dvb_usb_ce6230
[    7.028509] usbcore: registered new interface driver dvb_usb_ec168
[    7.029286] usbcore: registered new interface driver dvb_usb_lmedm04
[    7.030017] usbcore: registered new interface driver dvb_usb_gl861
[    7.030851] usbcore: registered new interface driver dvb_usb_mxl111sf
[    7.032246] usbcore: registered new interface driver dvb_usb_rtl28xxu
[    7.033129] usbcore: registered new interface driver dvb_usb_dvbsky
[    7.034130] usbcore: registered new interface driver zd1301
[    7.034833] usbcore: registered new interface driver smsusb
[    7.035594] usbcore: registered new interface driver b2c2_flexcop_usb
[    7.036439] usbcore: registered new interface driver s2255
[    7.037177] usbcore: registered new interface driver uvcvideo
[    7.037676] USB Video Class driver (1.1.1)
[    7.038038] gspca_main: v2.14.0 registered
[    7.038782] usbcore: registered new interface driver benq
[    7.039415] usbcore: registered new interface driver conex
[    7.040247] usbcore: registered new interface driver cpia1
[    7.040900] usbcore: registered new interface driver dtcs033
[    7.041762] usbcore: registered new interface driver etoms
[    7.042590] usbcore: registered new interface driver finepix
[    7.043257] usbcore: registered new interface driver jeilinj
[    7.043979] usbcore: registered new interface driver jl2005bcd
[    7.044810] usbcore: registered new interface driver kinect
[    7.045452] usbcore: registered new interface driver konica
[    7.046318] usbcore: registered new interface driver mars
[    7.046963] usbcore: registered new interface driver mr97310a
[    7.047630] usbcore: registered new interface driver nw80x
[    7.048461] usbcore: registered new interface driver ov519
[    7.049092] usbcore: registered new interface driver ov534
[    7.049707] usbcore: registered new interface driver ov534_9
[    7.050613] usbcore: registered new interface driver pac207
[    7.051272] usbcore: registered new interface driver gspca_pac7302
[    7.052007] usbcore: registered new interface driver pac7311
[    7.052654] usbcore: registered new interface driver se401
[    7.053275] usbcore: registered new interface driver sn9c2028
[    7.053941] usbcore: registered new interface driver gspca_sn9c20x
[    7.054639] usbcore: registered new interface driver sonixb
[    7.055298] usbcore: registered new interface driver sonixj
[    7.055936] usbcore: registered new interface driver spca500
[    7.056567] usbcore: registered new interface driver spca501
[    7.057195] usbcore: registered new interface driver spca505
[    7.057825] usbcore: registered new interface driver spca506
[    7.058713] usbcore: registered new interface driver spca508
[    7.059616] usbcore: registered new interface driver spca561
[    7.060663] usbcore: registered new interface driver spca1528
[    7.061676] usbcore: registered new interface driver sq905
[    7.062693] usbcore: registered new interface driver sq905c
[    7.063565] usbcore: registered new interface driver sq930x
[    7.064420] usbcore: registered new interface driver sunplus
[    7.065303] usbcore: registered new interface driver stk014
[    7.066103] usbcore: registered new interface driver stk1135
[    7.066980] usbcore: registered new interface driver stv0680
[    7.067923] usbcore: registered new interface driver t613
[    7.068791] usbcore: registered new interface driver gspca_topro
[    7.069797] usbcore: registered new interface driver touptek
[    7.070587] usbcore: registered new interface driver tv8532
[    7.072241] usbcore: registered new interface driver vc032x
[    7.073027] usbcore: registered new interface driver vicam
[    7.073894] usbcore: registered new interface driver xirlink-cit
[    7.074808] usbcore: registered new interface driver gspca_zc3xx
[    7.075569] usbcore: registered new interface driver ALi m5602
[    7.076515] usbcore: registered new interface driver STV06xx
[    7.077418] usbcore: registered new interface driver gspca_gl860
[    7.078585] usbcore: registered new interface driver Philips webcam
[    7.079355] usbcore: registered new interface driver airspy
[    7.080092] usbcore: registered new interface driver hackrf
[    7.080827] usbcore: registered new interface driver msi2500
[    7.081384] au0828: au0828 driver loaded
[    7.081918] usbcore: registered new interface driver au0828
[    7.082518] usbcore: registered new interface driver hdpvr
[    7.083408] usbcore: registered new interface driver pvrusb2
[    7.083994] pvrusb2: V4L in-tree version:Hauppauge WinTV-PVR-USB2 MPEG2 Encoder/Tuner
[    7.084775] pvrusb2: Debug mask is 31 (0x1f)
[    7.085483] usbcore: registered new interface driver cx231xx
[    7.086501] usbcore: registered new interface driver em28xx
[    7.087121] em28xx: Registered (Em28xx v4l2 Extension) extension
[    7.087721] em28xx: Registered (Em28xx Audio Extension) extension
[    7.088334] em28xx: Registered (Em28xx dvb Extension) extension
[    7.088929] em28xx: Registered (Em28xx Input Extension) extension
[    7.089999] usbcore: registered new interface driver usbtv
[    7.090841] usbcore: registered new interface driver go7007
[    7.092111] usbcore: registered new interface driver go7007-loader
[    7.093049] usbcore: registered new interface driver Abilis Systems as10x usb driver
[    7.094350] usbcore: registered new interface driver radioshark
[    7.095269] usbcore: registered new interface driver radioshark2
[    7.096130] usbcore: registered new interface driver dsbr100
[    7.096810] usbcore: registered new interface driver radio-si470x
[    7.097590] usbcore: registered new interface driver radio-usb-si4713
[    7.098716] usbcore: registered new interface driver radio-mr800
[    7.099487] usbcore: registered new interface driver radio-keene
[    7.100662] usbcore: registered new interface driver radio-ma901
[    7.101345] usbcore: registered new interface driver radio-raremono
[    7.102672] usbcore: registered new interface driver pcwd_usb
[    7.104826] device-mapper: uevent: version 1.0.3
[    7.106015] device-mapper: ioctl: 4.39.0-ioctl (2018-04-03) initialised: dm-devel@redhat.com
[    7.107760] device-mapper: multipath round-robin: version 1.2.0 loaded
[    7.108287] device-mapper: multipath queue-length: version 0.2.0 loaded
[    7.108802] device-mapper: multipath service-time: version 0.3.0 loaded
[    7.110335] device-mapper: raid: Loading target version 1.14.0
[    7.112764] Bluetooth: HCI UART driver ver 2.3
[    7.113137] Bluetooth: HCI UART protocol H4 registered
[    7.113539] Bluetooth: HCI UART protocol BCSP registered
[    7.114074] Bluetooth: HCI UART protocol LL registered
[    7.114670] Bluetooth: HCI UART protocol Three-wire (H5) registered
[    7.115349] Bluetooth: HCI UART protocol QCA registered
[    7.115761] Bluetooth: HCI UART protocol AG6XX registered
[    7.116189] Bluetooth: HCI UART protocol Marvell registered
[    7.116860] usbcore: registered new interface driver bcm203x
[    7.117599] usbcore: registered new interface driver bpa10x
[    7.118302] usbcore: registered new interface driver bfusb
[    7.119054] usbcore: registered new interface driver btusb
[    7.119771] usbcore: registered new interface driver ath3k
[    7.120431] Modular ISDN core version 1.1.29
[    7.121247] NET: Registered protocol family 34
[    7.121640] DSP module 2.0
[    7.121903] mISDN_dsp: DSP clocks every 80 samples. This equals 1 jiffies.
[    7.129435] mISDN: Layer-1-over-IP driver Rev. 2.00
[    7.130341] 0 virtual devices registered
[    7.130888] usbcore: registered new interface driver HFC-S_USB
[    7.131578] VUB300 Driver rom wait states = 1C irqpoll timeout = 0400
[    7.132090] usbcore: registered new interface driver vub300
[    7.133177] usbcore: registered new interface driver ushc
[    7.136010] iscsi: registered transport (iser)
[    7.136485] Driver 'memconsole' was unable to register with bus_type 'coreboot' because the bus was not initialized.
[    7.137302] Driver 'vpd' was unable to register with bus_type 'coreboot' because the bus was not initialized.
[    7.142234] hidraw: raw HID events driver (C) Jiri Kosina
[    7.161895] usbcore: registered new interface driver usbhid
[    7.162379] usbhid: USB HID core driver
[    7.164021] NET: Registered protocol family 40
[    7.165050] usbcore: registered new interface driver prism2_usb
[    7.165538] comedi: version 0.7.76 - http://www.comedi.org
[    7.166266] usbcore: registered new interface driver dt9812
[    7.166841] usbcore: registered new interface driver ni6501
[    7.167508] usbcore: registered new interface driver usbdux
[    7.168426] usbcore: registered new interface driver usbduxfast
[    7.169220] usbcore: registered new interface driver usbduxsigma
[    7.170465] usbcore: registered new interface driver vmk80xx
[    7.171459] usbcore: registered new interface driver r8712u
[    7.171903] most_core: init()
[    7.173112] usbcore: registered new interface driver es2_ap_driver
[    7.173716] greybus: registered new driver hid
[    7.174318] greybus: registered new driver gbphy
[    7.174838] gb_gbphy: registered new driver usb
[    7.175244] erofs: initializing erofs 1.0pre1
[    7.176112] erofs: successfully to initialize erofs
[    7.176507] asus_wmi: Asus Management GUID not found
[    7.206300] usbcore: registered new interface driver snd-usb-audio
[    7.206985] usbcore: registered new interface driver snd-ua101
[    7.207612] usbcore: registered new interface driver snd-usb-usx2y
[    7.208260] usbcore: registered new interface driver snd-usb-us122l
[    7.208918] usbcore: registered new interface driver snd-usb-caiaq
[    7.209552] usbcore: registered new interface driver snd-usb-6fire
[    7.210203] usbcore: registered new interface driver snd-usb-hiface
[    7.210893] usbcore: registered new interface driver snd-bcd2000
[    7.212577] usbcore: registered new interface driver snd_usb_pod
[    7.215432] usbcore: registered new interface driver snd_usb_podhd
[    7.216451] usbcore: registered new interface driver snd_usb_toneport
[    7.217275] usbcore: registered new interface driver snd_usb_variax
[    7.217922] drop_monitor: Initializing network drop monitor service
[    7.218791] NET: Registered protocol family 26
[    7.219241] GACT probability on
[    7.219543] Mirror/redirect action on
[    7.219975] Simple TC action Loaded
[    7.221399] netem: version 1.3
[    7.221952] u32 classifier
[    7.222196]     Performance counters on
[    7.222530]     Actions configured
[    7.224092] nf_conntrack_irc: failed to register helpers
[    7.224537] nf_conntrack_sane: failed to register helpers
[    7.230303] nf_conntrack_sip: failed to register helpers
[    7.232124] xt_time: kernel timezone is -0000
[    7.232550] IPVS: Registered protocols (TCP, UDP, SCTP, AH, ESP)
[    7.233342] IPVS: Connection hash table configured (size=4096, memory=64Kbytes)
[    7.234822] IPVS: ipvs loaded.
[    7.235120] IPVS: [rr] scheduler registered.
[    7.235473] IPVS: [wrr] scheduler registered.
[    7.235816] IPVS: [lc] scheduler registered.
[    7.236158] IPVS: [wlc] scheduler registered.
[    7.236501] IPVS: [fo] scheduler registered.
[    7.236839] IPVS: [ovf] scheduler registered.
[    7.237195] IPVS: [lblc] scheduler registered.
[    7.237556] IPVS: [lblcr] scheduler registered.
[    7.237916] IPVS: [dh] scheduler registered.
[    7.238254] IPVS: [sh] scheduler registered.
[    7.238590] IPVS: [mh] scheduler registered.
[    7.238936] IPVS: [sed] scheduler registered.
[    7.239279] IPVS: [nq] scheduler registered.
[    7.239655] IPVS: ftp: loaded support on port[0] = 21
[    7.240085] IPVS: [sip] pe registered.
[    7.240454] ipip: IPv4 and MPLS over IPv4 tunneling driver
[    7.242125] gre: GRE over IPv4 demultiplexor driver
[    7.242600] ip_gre: GRE over IPv4 tunneling driver
[    7.246161] IPv4 over IPsec tunneling driver
[    7.249279] Initializing XFRM netlink socket
[    7.249718] IPsec XFRM device driver
[    7.253540] NET: Registered protocol family 10
[    7.259992] Segment Routing with IPv6
[    7.260600] mip6: Mobile IPv6
[    7.262593] sit: IPv6, IPv4 and MPLS over IPv4 tunneling driver
[    7.264555] ip6_gre: GRE over IPv6 tunneling driver
[    7.265732] NET: Registered protocol family 17
[    7.266134] NET: Registered protocol family 15
[    7.266762] Bridge firewalling registered
[    7.269359] NET: Registered protocol family 9
[    7.269755] X25: Linux Version 0.2
[    7.283643] input: ImExPS/2 Generic Explorer Mouse as /devices/platform/i8042/serio1/input/input3
[    7.288156] NET: Registered protocol family 6
[    7.305453] NET: Registered protocol family 11
[    7.305979] NET: Registered protocol family 3
[    7.306381] can: controller area network core (rev 20170425 abi 9)
[    7.308570] NET: Registered protocol family 29
[    7.309104] can: raw protocol (rev 20170425)
[    7.309649] can: broadcast manager protocol (rev 20170425 t)
[    7.310311] can: netlink gateway (rev 20170425) max_hops=1
[    7.311473] Bluetooth: RFCOMM TTY layer initialized
[    7.311929] Bluetooth: RFCOMM socket layer initialized
