c[?7l[2J[0mSeaBIOS (version rel-1.16.0-0-gd239552ce722-prebuilt.qemu.org)


iPXE (http://ipxe.org) 00:03.0 CA00 PCI2.10 PnP PMM+7FF91000+7FEF1000 CA00
Press Ctrl-B to configure iPXE (PCI 00:03.0)...                                                                               


Booting from ROM..c[?7l[2J[0m.[    0.000000] Linux version 6.1.0-rc1-21da7472a040+ (root@p-tglh01.sh.intel.com) (gcc (GCC) 8.5.0 20210514 (Red Hat 8.5.0-17), GNU ld version 2.36.1-2.el8) #1 SMP PREEMPT_DYNAMIC Mon Nov 14 19:44:41 CST 2022
[    0.000000] Command line: console=ttyS0 root=/dev/sda earlyprintk=serial net.ifnames=0
[    0.000000] KERNEL supported cpus:
[    0.000000]   Intel GenuineIntel
[    0.000000]   AMD AuthenticAMD
[    0.000000]   Hygon HygonGenuine
[    0.000000]   Centaur CentaurHauls
[    0.000000]   zhaoxin   Shanghai  
[    0.000000] x86/fpu: Supporting XSAVE feature 0x001: 'x87 floating point registers'
[    0.000000] x86/fpu: Supporting XSAVE feature 0x002: 'SSE registers'
[    0.000000] x86/fpu: Supporting XSAVE feature 0x004: 'AVX registers'
[    0.000000] x86/fpu: Supporting XSAVE feature 0x020: 'AVX-512 opmask'
[    0.000000] x86/fpu: Supporting XSAVE feature 0x040: 'AVX-512 Hi256'
[    0.000000] x86/fpu: Supporting XSAVE feature 0x080: 'AVX-512 ZMM_Hi256'
[    0.000000] x86/fpu: Supporting XSAVE feature 0x200: 'Protection Keys User registers'
[    0.000000] x86/fpu: xstate_offset[2]:  576, xstate_sizes[2]:  256
[    0.000000] x86/fpu: xstate_offset[5]:  832, xstate_sizes[5]:   64
[    0.000000] x86/fpu: xstate_offset[6]:  896, xstate_sizes[6]:  512
[    0.000000] x86/fpu: xstate_offset[7]: 1408, xstate_sizes[7]: 1024
[    0.000000] x86/fpu: xstate_offset[9]: 2432, xstate_sizes[9]:    8
[    0.000000] x86/fpu: Enabled xstate features 0x2e7, context size is 2440 bytes, using 'compacted' format.
[    0.000000] signal: max sigframe size: 3632
[    0.000000] BIOS-provided physical RAM map:
[    0.000000] BIOS-e820: [mem 0x0000000000000000-0x000000000009fbff] usable
[    0.000000] BIOS-e820: [mem 0x000000000009fc00-0x000000000009ffff] reserved
[    0.000000] BIOS-e820: [mem 0x00000000000f0000-0x00000000000fffff] reserved
[    0.000000] BIOS-e820: [mem 0x0000000000100000-0x000000007ffdffff] usable
[    0.000000] BIOS-e820: [mem 0x000000007ffe0000-0x000000007fffffff] reserved
[    0.000000] BIOS-e820: [mem 0x00000000feffc000-0x00000000feffffff] reserved
[    0.000000] BIOS-e820: [mem 0x00000000fffc0000-0x00000000ffffffff] reserved
[    0.000000] printk: bootconsole [earlyser0] enabled
[    0.000000] NX (Execute Disable) protection: active
[    0.000000] SMBIOS 2.8 present.
[    0.000000] DMI: QEMU Standard PC (i440FX + PIIX, 1996), BIOS rel-1.16.0-0-gd239552ce722-prebuilt.qemu.org 04/01/2014
[    0.000000] Hypervisor detected: KVM
[    0.000000] kvm-clock: Using msrs 4b564d01 and 4b564d00
[    0.000002] kvm-clock: using sched offset of 359369163 cycles
[    0.000405] clocksource: kvm-clock: mask: 0xffffffffffffffff max_cycles: 0x1cd42e4dffb, max_idle_ns: 881590591483 ns
[    0.001731] tsc: Detected 3110.400 MHz processor
[    0.008758] last_pfn = 0x7ffe0 max_arch_pfn = 0x400000000
[    0.009253] x86/PAT: Configuration [0-7]: WB  WC  UC- UC  WB  WP  UC- WT  
[    0.018228] found SMP MP-table at [mem 0x000f5ba0-0x000f5baf]
[    0.018773] Using GB pages for direct mapping
[    0.020221] ACPI: Early table checksum verification disabled
[    0.020708] ACPI: RSDP 0x00000000000F59C0 000014 (v00 BOCHS )
[    0.021172] ACPI: RSDT 0x000000007FFE1951 000034 (v01 BOCHS  BXPC     00000001 BXPC 00000001)
[    0.021853] ACPI: FACP 0x000000007FFE17FD 000074 (v01 BOCHS  BXPC     00000001 BXPC 00000001)
[    0.022542] ACPI: DSDT 0x000000007FFE0040 0017BD (v01 BOCHS  BXPC     00000001 BXPC 00000001)
[    0.023246] ACPI: FACS 0x000000007FFE0000 000040
[    0.023617] ACPI: APIC 0x000000007FFE1871 000080 (v01 BOCHS  BXPC     00000001 BXPC 00000001)
[    0.024288] ACPI: HPET 0x000000007FFE18F1 000038 (v01 BOCHS  BXPC     00000001 BXPC 00000001)
[    0.024962] ACPI: WAET 0x000000007FFE1929 000028 (v01 BOCHS  BXPC     00000001 BXPC 00000001)
[    0.025631] ACPI: Reserving FACP table memory at [mem 0x7ffe17fd-0x7ffe1870]
[    0.026185] ACPI: Reserving DSDT table memory at [mem 0x7ffe0040-0x7ffe17fc]
[    0.026732] ACPI: Reserving FACS table memory at [mem 0x7ffe0000-0x7ffe003f]
[    0.027277] ACPI: Reserving APIC table memory at [mem 0x7ffe1871-0x7ffe18f0]
[    0.027824] ACPI: Reserving HPET table memory at [mem 0x7ffe18f1-0x7ffe1928]
[    0.028371] ACPI: Reserving WAET table memory at [mem 0x7ffe1929-0x7ffe1950]
[    0.029883] No NUMA configuration found
[    0.030195] Faking a node at [mem 0x0000000000000000-0x000000007ffdffff]
[    0.030785] NODE_DATA(0) allocated [mem 0x7ffb5000-0x7ffdffff]
[    0.034305] Zone ranges:
[    0.034578]   DMA      [mem 0x0000000000001000-0x0000000000ffffff]
[    0.035065]   DMA32    [mem 0x0000000001000000-0x000000007ffdffff]
[    0.035547]   Normal   empty
[    0.035773]   Device   empty
[    0.036002] Movable zone start for each node
[    0.036336] Early memory node ranges
[    0.036612]   node   0: [mem 0x0000000000001000-0x000000000009efff]
[    0.037101]   node   0: [mem 0x0000000000100000-0x000000007ffdffff]
[    0.037595] Initmem setup node 0 [mem 0x0000000000001000-0x000000007ffdffff]
[    0.038665] On node 0, zone DMA: 1 pages in unavailable ranges
[    0.038820] On node 0, zone DMA: 97 pages in unavailable ranges
[    0.060891] On node 0, zone DMA32: 32 pages in unavailable ranges
[    0.061643] ACPI: PM-Timer IO Port: 0x608
[    0.062482] ACPI: LAPIC_NMI (acpi_id[0xff] dfl dfl lint[0x1])
[    0.062972] IOAPIC[0]: apic_id 0, version 17, address 0xfec00000, GSI 0-23
[    0.063517] ACPI: INT_SRC_OVR (bus 0 bus_irq 0 global_irq 2 dfl dfl)
[    0.064008] ACPI: INT_SRC_OVR (bus 0 bus_irq 5 global_irq 5 high level)
[    0.064527] ACPI: INT_SRC_OVR (bus 0 bus_irq 9 global_irq 9 high level)
[    0.065049] ACPI: INT_SRC_OVR (bus 0 bus_irq 10 global_irq 10 high level)
[    0.065573] ACPI: INT_SRC_OVR (bus 0 bus_irq 11 global_irq 11 high level)
[    0.066121] ACPI: Using ACPI (MADT) for SMP configuration information
[    0.066616] ACPI: HPET id: 0x8086a201 base: 0xfed00000
[    0.067030] TSC deadline timer available
[    0.067342] smpboot: Allowing 2 CPUs, 0 hotplug CPUs
[    0.067832] kvm-guest: KVM setup pv remote TLB flush
[    0.068261] kvm-guest: setup PV sched yield
[    0.068641] PM: hibernation: Registered nosave memory: [mem 0x00000000-0x00000fff]
[    0.069236] PM: hibernation: Registered nosave memory: [mem 0x0009f000-0x0009ffff]
[    0.069822] PM: hibernation: Registered nosave memory: [mem 0x000a0000-0x000effff]
[    0.070418] PM: hibernation: Registered nosave memory: [mem 0x000f0000-0x000fffff]
[    0.071015] [mem 0x80000000-0xfeffbfff] available for PCI devices
[    0.071490] Booting paravirtualized kernel on KVM
[    0.071867] clocksource: refined-jiffies: mask: 0xffffffff max_cycles: 0xffffffff, max_idle_ns: 7645519600211568 ns
[    0.072695] setup_percpu: NR_CPUS:8192 nr_cpumask_bits:2 nr_cpu_ids:2 nr_node_ids:1
[    0.074214] percpu: Embedded 62 pages/cpu s217088 r8192 d28672 u1048576
[    0.074965] kvm-guest: PV spinlocks enabled
[    0.075306] PV qspinlock hash table entries: 256 (order: 0, 4096 bytes, linear)
[    0.075914] Fallback order for Node 0: 0 
[    0.076238] Built 1 zonelists, mobility grouping on.  Total pages: 515808
[    0.076776] Policy zone: DMA32
[    0.077019] Kernel command line: net.ifnames=0 console=ttyS0 root=/dev/sda earlyprintk=serial net.ifnames=0
[    0.079048] Dentry cache hash table entries: 262144 (order: 9, 2097152 bytes, linear)
[    0.079772] Inode-cache hash table entries: 131072 (order: 8, 1048576 bytes, linear)
[    0.080486] mem auto-init: stack:off, heap alloc:off, heap free:off
[    0.083921] Memory: 1999736K/2096632K available (30736K kernel code, 4078K rwdata, 7524K rodata, 3620K init, 10536K bss, 96640K reserved, 0K cma-reserved)
[    0.086008] SLUB: HWalign=64, Order=0-3, MinObjects=0, CPUs=2, Nodes=1
[    0.086516] kmemleak: Kernel memory leak detector disabled
[    0.086960] ftrace: allocating 66313 entries in 260 pages
[    0.113913] ftrace: allocated 260 pages with 2 groups
[    0.115810] Dynamic Preempt: voluntary
[    0.116185] rcu: Preemptible hierarchical RCU implementation.
[    0.116631] rcu: 	RCU restricting CPUs from NR_CPUS=8192 to nr_cpu_ids=2.
[    0.117142] 	Trampoline variant of Tasks RCU enabled.
[    0.117523] 	Rude variant of Tasks RCU enabled.
[    0.117866] 	Tracing variant of Tasks RCU enabled.
[    0.118238] rcu: RCU calculated value of scheduler-enlistment delay is 25 jiffies.
[    0.118815] rcu: Adjusting geometry for rcu_fanout_leaf=16, nr_cpu_ids=2
[    0.143960] NR_IRQS: 524544, nr_irqs: 440, preallocated irqs: 16
[    0.144697] rcu: srcu_init: Setting srcu_struct sizes based on contention.
[    0.152046] Console: colour VGA+ 80x25
[    0.152382] printk: console [ttyS0] enabled
[    0.152382] printk: console [ttyS0] enabled
[    0.153028] printk: bootconsole [earlyser0] disabled
[    0.153028] printk: bootconsole [earlyser0] disabled
[    0.153844] ACPI: Core revision 20220331
[    0.154381] clocksource: hpet: mask: 0xffffffff max_cycles: 0xffffffff, max_idle_ns: 19112604467 ns
[    0.155183] APIC: Switch to symmetric I/O mode setup
[    0.155755] x2apic enabled
[    0.156147] Switched APIC routing to physical x2apic.
[    0.156549] kvm-guest: setup PV IPIs
[    0.157639] ..TIMER: vector=0x30 apic1=0 pin1=2 apic2=-1 pin2=-1
[    0.158141] clocksource: tsc-early: mask: 0xffffffffffffffff max_cycles: 0x2cd5a8bb032, max_idle_ns: 440795365915 ns
[    0.158964] Calibrating delay loop (skipped) preset value.. 6220.80 BogoMIPS (lpj=12441600)
[    0.162963] pid_max: default: 32768 minimum: 301
[    0.163503] LSM: Security Framework initializing
[    0.163892] Yama: becoming mindful.
[    0.164361] Mount-cache hash table entries: 4096 (order: 3, 32768 bytes, linear)
[    0.164960] Mountpoint-cache hash table entries: 4096 (order: 3, 32768 bytes, linear)
[    0.166433] x86/cpu: User Mode Instruction Prevention (UMIP) activated
[    0.167520] Last level iTLB entries: 4KB 0, 2MB 0, 4MB 0
[    0.167988] Last level dTLB entries: 4KB 0, 2MB 0, 4MB 0, 1GB 0
[    0.168484] Spectre V1 : Mitigation: usercopy/swapgs barriers and __user pointer sanitization
[    0.169159] Spectre V2 : WARNING: Unprivileged eBPF is enabled with eIBRS on, data leaks possible via Spectre v2 BHB attacks!
[    0.170089] Spectre V2 : Mitigation: Enhanced IBRS
[    0.170962] Spectre V2 : Spectre v2 / SpectreRSB mitigation: Filling RSB on context switch
[    0.171643] Spectre V2 : Spectre v2 / PBRSB-eIBRS: Retire a single CALL on VMEXIT
[    0.172185] Spectre V2 : mitigation: Enabling conditional Indirect Branch Prediction Barrier
[    0.172797] Speculative Store Bypass: Mitigation: Speculative Store Bypass disabled via prctl
[    0.270027] Freeing SMP alternatives memory: 56K
[    0.270615] smpboot: CPU0: Genuine Intel(R) CPU 0000 @ 2.20GHz (family: 0x6, model: 0x8d, stepping: 0x0)
[    0.270957] cblist_init_generic: Setting adjustable number of callback queues.
[    0.270957] cblist_init_generic: Setting shift to 1 and lim to 1.
[    0.270957] cblist_init_generic: Setting shift to 1 and lim to 1.
[    0.270957] cblist_init_generic: Setting shift to 1 and lim to 1.
[    0.270957] Performance Events: Icelake events, full-width counters, Intel PMU driver.
[    0.270957] ... version:                2
[    0.270957] ... bit width:              48
[    0.270960] ... generic registers:      8
[    0.271258] ... value mask:             0000ffffffffffff
[    0.271642] ... max period:             00007fffffffffff
[    0.272031] ... fixed-purpose events:   3
[    0.272325] ... event mask:             00000007000000ff
[    0.272897] rcu: Hierarchical SRCU implementation.
[    0.273253] rcu: 	Max phase no-delay instances is 1000.
[    0.275777] smp: Bringing up secondary CPUs ...
[    0.276343] x86: Booting SMP configuration:
[    0.276652] .... node  #0, CPUs:      #1
[    0.276970] smp: Brought up 1 node, 2 CPUs
[    0.276970] smpboot: Max logical packages: 1
[    0.276970] smpboot: Total of 2 processors activated (12441.60 BogoMIPS)
[    0.280224] devtmpfs: initialized
[    0.280224] x86/mm: Memory block size: 128MB
[    0.280850] clocksource: jiffies: mask: 0xffffffff max_cycles: 0xffffffff, max_idle_ns: 7645041785100000 ns
[    0.282969] futex hash table entries: 512 (order: 3, 32768 bytes, linear)
[    0.283602] pinctrl core: initialized pinctrl subsystem
[    0.284221] 
[    0.284345] *************************************************************
[    0.284855] **     NOTICE NOTICE NOTICE NOTICE NOTICE NOTICE NOTICE    **
[    0.285356] **                                                         **
[    0.285868] **  IOMMU DebugFS SUPPORT HAS BEEN ENABLED IN THIS KERNEL  **
[    0.286371] **                                                         **
[    0.286870] ** This means that this kernel is built to expose internal **
[    0.286962] ** IOMMU data structures, which may compromise security on **
[    0.287463] ** your system.                                            **
[    0.287961] **                                                         **
[    0.288463] ** If you see this message and you are not debugging the   **
[    0.288963] ** kernel, report this immediately to your vendor!         **
[    0.289471] **                                                         **
[    0.289979] **     NOTICE NOTICE NOTICE NOTICE NOTICE NOTICE NOTICE    **
[    0.290487] *************************************************************
[    0.290998] PM: RTC time: 11:45:11, date: 2022-11-14
[    0.294589] NET: Registered PF_NETLINK/PF_ROUTE protocol family
[    0.295292] DMA: preallocated 256 KiB GFP_KERNEL pool for atomic allocations
[    0.295828] DMA: preallocated 256 KiB GFP_KERNEL|GFP_DMA pool for atomic allocations
[    0.296407] DMA: preallocated 256 KiB GFP_KERNEL|GFP_DMA32 pool for atomic allocations
[    0.297030] audit: initializing netlink subsys (disabled)
[    0.297488] audit: type=2000 audit(1668426311.797:1): state=initialized audit_enabled=0 res=1
[    0.297488] thermal_sys: Registered thermal governor 'fair_share'
[    0.297488] thermal_sys: Registered thermal governor 'bang_bang'
[    0.297488] thermal_sys: Registered thermal governor 'step_wise'
[    0.298961] thermal_sys: Registered thermal governor 'user_space'
[    0.299417] cpuidle: using governor ladder
[    0.300189] cpuidle: using governor menu
[    0.300678] acpiphp: ACPI Hot Plug PCI Controller Driver version: 0.5
[    0.301386] PCI: Using configuration type 1 for base access
[    0.309456] kprobes: kprobe jump-optimization is enabled. All kprobes are optimized if possible.
[    0.498327] HugeTLB: registered 1.00 GiB page size, pre-allocated 0 pages
[    0.498839] HugeTLB: 16380 KiB vmemmap can be freed for a 1.00 GiB page
[    0.498976] HugeTLB: registered 2.00 MiB page size, pre-allocated 0 pages
[    0.499482] HugeTLB: 28 KiB vmemmap can be freed for a 2.00 MiB page
[    0.500764] ACPI: Added _OSI(Module Device)
[    0.501086] ACPI: Added _OSI(Processor Device)
[    0.501419] ACPI: Added _OSI(3.0 _SCP Extensions)
[    0.501771] ACPI: Added _OSI(Processor Aggregator Device)
[    0.505846] ACPI: 1 ACPI AML tables successfully acquired and loaded
[    0.508383] ACPI: Interpreter enabled
[    0.508723] ACPI: PM: (supports S0 S3 S4 S5)
[    0.509043] ACPI: Using IOAPIC for interrupt routing
[    0.509436] PCI: Using host bridge windows from ACPI; if necessary, use "pci=nocrs" and report a bug
[    0.510110] PCI: Using E820 reservations for host bridge windows
[    0.510999] ACPI: Enabled 2 GPEs in block 00 to 0F
[    0.521221] ACPI: PCI Root Bridge [PCI0] (domain 0000 [bus 00-ff])
[    0.521705] acpi PNP0A03:00: _OSC: OS supports [ASPM ClockPM Segments MSI EDR HPX-Type3]
[    0.522304] acpi PNP0A03:00: _OSC: not requesting OS control; OS requires [ExtendedConfig ASPM ClockPM MSI]
[    0.522988] acpi PNP0A03:00: fail to add MMCONFIG information, can't access extended PCI configuration space under this bridge.
[    0.525102] acpiphp: Slot [3] registered
[    0.525447] acpiphp: Slot [4] registered
[    0.525788] acpiphp: Slot [5] registered
[    0.526126] acpiphp: Slot [6] registered
[    0.526464] acpiphp: Slot [7] registered
[    0.526809] acpiphp: Slot [8] registered
[    0.527005] acpiphp: Slot [9] registered
[    0.527352] acpiphp: Slot [10] registered
[    0.527701] acpiphp: Slot [11] registered
[    0.528046] acpiphp: Slot [12] registered
[    0.528401] acpiphp: Slot [13] registered
[    0.528754] acpiphp: Slot [14] registered
[    0.529108] acpiphp: Slot [15] registered
[    0.529456] acpiphp: Slot [16] registered
[    0.529798] acpiphp: Slot [17] registered
[    0.530141] acpiphp: Slot [18] registered
[    0.530483] acpiphp: Slot [19] registered
[    0.530827] acpiphp: Slot [20] registered
[    0.531004] acpiphp: Slot [21] registered
[    0.531348] acpiphp: Slot [22] registered
[    0.531698] acpiphp: Slot [23] registered
[    0.532049] acpiphp: Slot [24] registered
[    0.532400] acpiphp: Slot [25] registered
[    0.532751] acpiphp: Slot [26] registered
[    0.533102] acpiphp: Slot [27] registered
[    0.533452] acpiphp: Slot [28] registered
[    0.533808] acpiphp: Slot [29] registered
[    0.534159] acpiphp: Slot [30] registered
[    0.534509] acpiphp: Slot [31] registered
[    0.534831] PCI host bridge to bus 0000:00
[    0.534961] pci_bus 0000:00: root bus resource [io  0x0000-0x0cf7 window]
[    0.535474] pci_bus 0000:00: root bus resource [io  0x0d00-0xffff window]
[    0.535997] pci_bus 0000:00: root bus resource [mem 0x000a0000-0x000bffff window]
[    0.536563] pci_bus 0000:00: root bus resource [mem 0x80000000-0xfebfffff window]
[    0.537128] pci_bus 0000:00: root bus resource [mem 0x100000000-0x17fffffff window]
[    0.537711] pci_bus 0000:00: root bus resource [bus 00-ff]
[    0.538183] pci 0000:00:00.0: [8086:1237] type 00 class 0x060000
[    0.540648] pci 0000:00:01.0: [8086:7000] type 00 class 0x060100
[    0.541607] pci 0000:00:01.1: [8086:7010] type 00 class 0x010180
[    0.543355] pci 0000:00:01.1: reg 0x20: [io  0xc040-0xc04f]
[    0.544376] pci 0000:00:01.1: legacy IDE quirk: reg 0x10: [io  0x01f0-0x01f7]
[    0.544915] pci 0000:00:01.1: legacy IDE quirk: reg 0x14: [io  0x03f6]
[    0.545408] pci 0000:00:01.1: legacy IDE quirk: reg 0x18: [io  0x0170-0x0177]
[    0.545948] pci 0000:00:01.1: legacy IDE quirk: reg 0x1c: [io  0x0376]
[    0.546614] pci 0000:00:01.3: [8086:7113] type 00 class 0x068000
[    0.547477] pci 0000:00:01.3: quirk: [io  0x0600-0x063f] claimed by PIIX4 ACPI
[    0.548048] pci 0000:00:01.3: quirk: [io  0x0700-0x070f] claimed by PIIX4 SMB
[    0.548790] pci 0000:00:02.0: [1234:1111] type 00 class 0x030000
[    0.551278] pci 0000:00:02.0: reg 0x10: [mem 0xfd000000-0xfdffffff pref]
[    0.553947] pci 0000:00:02.0: reg 0x18: [mem 0xfebf0000-0xfebf0fff]
[    0.558471] pci 0000:00:02.0: reg 0x30: [mem 0xfebe0000-0xfebeffff pref]
[    0.559093] pci 0000:00:02.0: Video device with shadowed ROM at [mem 0x000c0000-0x000dffff]
[    0.561929] pci 0000:00:03.0: [8086:100e] type 00 class 0x020000
[    0.562937] pci 0000:00:03.0: reg 0x10: [mem 0xfebc0000-0xfebdffff]
[    0.563379] pci 0000:00:03.0: reg 0x14: [io  0xc000-0xc03f]
[    0.566231] pci 0000:00:03.0: reg 0x30: [mem 0xfeb80000-0xfebbffff pref]
[    0.576174] ACPI: PCI: Interrupt link LNKA configured for IRQ 10
[    0.576912] ACPI: PCI: Interrupt link LNKB configured for IRQ 10
[    0.577635] ACPI: PCI: Interrupt link LNKC configured for IRQ 11
[    0.578387] ACPI: PCI: Interrupt link LNKD configured for IRQ 11
[    0.579000] ACPI: PCI: Interrupt link LNKS configured for IRQ 9
[    0.580253] iommu: Default domain type: Translated 
[    0.580636] iommu: DMA domain TLB invalidation policy: lazy mode 
[    0.581674] SCSI subsystem initialized
[    0.582129] ACPI: bus type USB registered
[    0.582482] usbcore: registered new interface driver usbfs
[    0.582938] usbcore: registered new interface driver hub
[    0.582979] usbcore: registered new device driver usb
[    0.583426] pps_core: LinuxPPS API ver. 1 registered
[    0.583797] pps_core: Software ver. 5.3.6 - Copyright 2005-2007 Rodolfo Giometti <giometti@linux.it>
[    0.584473] PTP clock support registered
[    0.584863] EDAC MC: Ver: 3.0.0
[    0.585864] NetLabel: Initializing
[    0.586124] NetLabel:  domain hash size = 128
[    0.586458] NetLabel:  protocols = UNLABELED CIPSOv4 CALIPSO
[    0.586915] NetLabel:  unlabeled traffic allowed by default
[    0.587099] PCI: Using ACPI for IRQ routing
[    0.587577] pci 0000:00:02.0: vgaarb: setting as boot VGA device
[    0.588029] pci 0000:00:02.0: vgaarb: bridge control possible
[    0.588457] pci 0000:00:02.0: vgaarb: VGA device added: decodes=io+mem,owns=io+mem,locks=none
[    0.589086] vgaarb: loaded
[    0.589647] hpet0: at MMIO 0xfed00000, IRQs 2, 8, 0
[    0.590036] hpet0: 3 comparators, 64-bit 100.000000 MHz counter
[    2.749323] clocksource: Switched to clocksource kvm-clock
[    2.829904] VFS: Disk quotas dquot_6.6.0
[    2.830269] VFS: Dquot-cache hash table entries: 512 (order 0, 4096 bytes)
[    2.830927] pnp: PnP ACPI init
[    2.832409] pnp: PnP ACPI: found 6 devices
[    2.841881] clocksource: acpi_pm: mask: 0xffffff max_cycles: 0xffffff, max_idle_ns: 2085701024 ns
[    2.842816] NET: Registered PF_INET protocol family
[    2.843412] IP idents hash table entries: 32768 (order: 6, 262144 bytes, linear)
[    2.845131] tcp_listen_portaddr_hash hash table entries: 1024 (order: 2, 16384 bytes, linear)
[    2.845768] Table-perturb hash table entries: 65536 (order: 6, 262144 bytes, linear)
[    2.846343] TCP established hash table entries: 16384 (order: 5, 131072 bytes, linear)
[    2.847009] TCP bind hash table entries: 16384 (order: 7, 524288 bytes, linear)
[    2.847672] TCP: Hash tables configured (established 16384 bind 16384)
[    2.848184] UDP hash table entries: 1024 (order: 3, 32768 bytes, linear)
[    2.848692] UDP-Lite hash table entries: 1024 (order: 3, 32768 bytes, linear)
[    2.849297] NET: Registered PF_UNIX/PF_LOCAL protocol family
[    2.850019] RPC: Registered named UNIX socket transport module.
[    2.850462] RPC: Registered udp transport module.
[    2.850804] RPC: Registered tcp transport module.
[    2.851153] RPC: Registered tcp NFSv4.1 backchannel transport module.
[    2.851646] pci_bus 0000:00: resource 4 [io  0x0000-0x0cf7 window]
[    2.852099] pci_bus 0000:00: resource 5 [io  0x0d00-0xffff window]
[    2.852551] pci_bus 0000:00: resource 6 [mem 0x000a0000-0x000bffff window]
[    2.853114] pci_bus 0000:00: resource 7 [mem 0x80000000-0xfebfffff window]
[    2.853615] pci_bus 0000:00: resource 8 [mem 0x100000000-0x17fffffff window]
[    2.854272] pci 0000:00:01.0: PIIX3: Enabling Passive Release
[    2.854714] pci 0000:00:00.0: Limiting direct PCI/PCI transfers
[    2.855239] PCI: CLS 0 bytes, default 64
[    2.855723] clocksource: tsc: mask: 0xffffffffffffffff max_cycles: 0x2cd5a8bb032, max_idle_ns: 440795365915 ns
[    2.858165] Initialise system trusted keyrings
[    2.858577] Key type blacklist registered
[    2.858953] workingset: timestamp_bits=36 max_order=19 bucket_order=0
[    2.863733] zbud: loaded
[    2.864752] squashfs: version 4.0 (2009/01/31) Phillip Lougher
[    2.866108] NFS: Registering the id_resolver key type
[    2.866516] Key type id_resolver registered
[    2.866847] Key type id_legacy registered
[    2.867232] nfs4filelayout_init: NFSv4 File Layout Driver Registering...
[    2.867725] nfs4flexfilelayout_init: NFSv4 Flexfile Layout Driver Registering...
[    2.868331] fuse: init (API version 7.37)
[    2.868780] SGI XFS with ACLs, security attributes, realtime, quota, no debug enabled
[    2.870232] 9p: Installing v9fs 9p2000 file system support
[    2.877796] Key type asymmetric registered
[    2.878103] Asymmetric key parser 'x509' registered
[    2.879069] alg: self-tests for CTR-KDF (hmac(sha256)) passed
[    2.879528] Block layer SCSI generic (bsg) driver version 0.4 loaded (major 243)
[    2.880198] io scheduler mq-deadline registered
[    2.880561] io scheduler bfq registered
[    2.881277] shpchp: Standard Hot Plug PCI Controller Driver version: 0.4
[    2.881928] IPMI message handler: version 39.2
[    2.882277] ipmi device interface
[    2.883356] input: Power Button as /devices/LNXSYSTM:00/LNXPWRBN:00/input/input0
[    2.884098] ACPI: button: Power Button [PWRF]
[    2.885018] ERST DBG: ERST support is disabled.
[    2.885697] Serial: 8250/16550 driver, 32 ports, IRQ sharing enabled
[    2.886509] 00:04: ttyS0 at I/O 0x3f8 (irq = 4, base_baud = 115200) is a 16550A
[    2.891408] Linux agpgart interface v0.103
[    2.892014] ACPI: bus type drm_connector registered
[    2.898817] brd: module loaded
[    2.902767] loop: module loaded
[    2.905312] scsi host0: ata_piix
[    2.905841] scsi host1: ata_piix
[    2.906167] ata1: PATA max MWDMA2 cmd 0x1f0 ctl 0x3f6 bmdma 0xc040 irq 14
[    2.906682] ata2: PATA max MWDMA2 cmd 0x170 ctl 0x376 bmdma 0xc048 irq 15
[    2.907712] tun: Universal TUN/TAP device driver, 1.6
[    2.908165] e100: Intel(R) PRO/100 Network Driver
[    2.908518] e100: Copyright(c) 1999-2006 Intel Corporation
[    2.908946] e1000: Intel(R) PRO/1000 Network Driver
[    2.909309] e1000: Copyright (c) 1999-2006 Intel Corporation.
[    2.984301] ACPI: \_SB_.LNKC: Enabled at IRQ 11
[    3.067120] ata1: found unknown device (class 0)
[    3.067891] ata1.00: ATA-7: QEMU HARDDISK, 2.5+, max UDMA/100
[    3.068353] ata1.00: 16777216 sectors, multi 16: LBA48 
[    3.069310] scsi 0:0:0:0: Direct-Access     ATA      QEMU HARDDISK    2.5+ PQ: 0 ANSI: 5
[    3.070353] scsi 0:0:0:0: Attached scsi generic sg0 type 0
[    3.071030] sd 0:0:0:0: [sda] 16777216 512-byte logical blocks: (8.59 GB/8.00 GiB)
[    3.071695] ata2: found unknown device (class 0)
[    3.072211] sd 0:0:0:0: [sda] Write Protect is off
[    3.072797] sd 0:0:0:0: [sda] Write cache: enabled, read cache: enabled, doesn't support DPO or FUA
[    3.073493] ata2.00: ATAPI: QEMU DVD-ROM, 2.5+, max UDMA/100
[    3.074411] sd 0:0:0:0: [sda] Preferred minimum I/O size 512 bytes
[    3.075206] scsi 1:0:0:0: CD-ROM            QEMU     QEMU DVD-ROM     2.5+ PQ: 0 ANSI: 5
[    3.096075] sd 0:0:0:0: [sda] Attached SCSI disk
[    3.107371] scsi 1:0:0:0: Attached scsi generic sg1 type 5
[    3.305719] e1000 0000:00:03.0 eth0: (PCI:33MHz:32-bit) 52:54:00:12:34:56
[    3.306255] e1000 0000:00:03.0 eth0: Intel(R) PRO/1000 Network Connection
[    3.306825] e1000e: Intel(R) PRO/1000 Network Driver
[    3.307196] e1000e: Copyright(c) 1999 - 2015 Intel Corporation.
[    3.307679] igb: Intel(R) Gigabit Ethernet Network Driver
[    3.308074] igb: Copyright (c) 2007-2014 Intel Corporation.
[    3.308550] PPP generic driver version 2.4.2
[    3.309197] VFIO - User Level meta-driver version: 0.3
[    3.309897] usbcore: registered new interface driver uas
[    3.310344] usbcore: registered new interface driver usb-storage
[    3.310895] i8042: PNP: PS/2 Controller [PNP0303:KBD,PNP0f13:MOU] at 0x60,0x64 irq 1,12
[    3.312153] serio: i8042 KBD port at 0x60,0x64 irq 1
[    3.312534] serio: i8042 AUX port at 0x60,0x64 irq 12
[    3.313276] mousedev: PS/2 mouse device common for all mice
[    3.314055] input: AT Translated Set 2 keyboard as /devices/platform/i8042/serio0/input/input1
[    3.315411] input: VirtualPS/2 VMware VMMouse as /devices/platform/i8042/serio1/input/input4
[    3.316478] input: VirtualPS/2 VMware VMMouse as /devices/platform/i8042/serio1/input/input3
[    3.317154] rtc_cmos 00:05: registered as rtc0
[    3.317592] rtc_cmos 00:05: setting system clock to 2022-11-14T11:45:14 UTC (1668426314)
[    3.318317] rtc_cmos 00:05: alarms up to one day, 242 bytes nvram, hpet irqs
[    3.318885] rtc_cmos 00:05: RTC can wake from S4
[    3.319302] i2c_dev: i2c /dev entries driver
[    3.319647] device-mapper: core: CONFIG_IMA_DISABLE_HTABLE is disabled. Duplicate IMA measurements will not be recorded in the IMA log.
[    3.320588] device-mapper: uevent: version 1.0.3
[    3.321095] device-mapper: ioctl: 4.47.0-ioctl (2022-07-28) initialised: dm-devel@redhat.com
[    3.321726] intel_pstate: CPU model not supported
[    3.322128] sdhci: Secure Digital Host Controller Interface driver
[    3.322599] sdhci: Copyright(c) Pierre Ossman
[    3.322980] sdhci-pltfm: SDHCI platform and OF driver helper
[    3.323470] ledtrig-cpu: registered to indicate activity on CPUs
[    3.324063] drop_monitor: Initializing network drop monitor service
[    3.324908] NET: Registered PF_INET6 protocol family
[    3.326206] Segment Routing with IPv6
[    3.326522] In-situ OAM (IOAM) with IPv6
[    3.326850] NET: Registered PF_PACKET protocol family
[    3.327362] 9pnet: Installing 9P2000 support
[    3.327726] Key type dns_resolver registered
[    3.328564] IPI shorthand broadcast: enabled
[    3.328929] sched_clock: Marking stable (3318655023, 9732974)->(3336047167, -7659170)
[    3.329787] registered taskstats version 1
[    3.330152] Loading compiled-in X.509 certificates
[    3.330645] zswap: loaded using pool lzo/zbud
[    3.331512] Key type .fscrypt registered
[    3.331816] Key type fscrypt-provisioning registered
[    3.332700] Key type encrypted registered
[    3.333022] ima: No TPM chip found, activating TPM-bypass!
[    3.333440] ima: Allocated hash algorithm: sha1
[    3.333794] ima: No architecture policies found
[    3.334150] evm: Initialising EVM extended attributes:
[    3.334540] evm: security.selinux
[    3.334792] evm: security.SMACK64
[    3.335053] evm: security.SMACK64EXEC
[    3.335329] evm: security.SMACK64TRANSMUTE
[    3.335636] evm: security.SMACK64MMAP
[    3.335911] evm: security.apparmor
[    3.336167] evm: security.ima
[    3.336392] evm: security.capability
[    3.336662] evm: HMAC attrs: 0x1
[    3.339165] PM:   Magic number: 14:484:782
[    3.339722] RAS: Correctable Errors collector initialized.
[    3.340383] md: Waiting for all devices to be available before autodetect
[    3.340739] md: If you don't use raid, use raid=noautodetect
[    3.341036] md: Autodetecting RAID arrays.
[    3.341255] md: autorun ...
[    3.341407] md: ... autorun DONE.
[    3.344436] EXT4-fs (sda): INFO: recovery required on readonly filesystem
[    3.344809] EXT4-fs (sda): write access will be enabled during recovery
[    3.409499] EXT4-fs (sda): recovery complete
[    3.430948] EXT4-fs (sda): mounted filesystem with ordered data mode. Quota mode: none.
[    3.431427] VFS: Mounted root (ext4 filesystem) readonly on device 8:0.
[    3.432197] devtmpfs: mounted
[    3.439321] Freeing unused decrypted memory: 2036K
[    3.441616] Freeing unused kernel image (initmem) memory: 3620K
[    3.441930] Write protecting the kernel read-only data: 40960k
[    3.444541] Freeing unused kernel image (text/rodata gap) memory: 2028K
[    3.445440] Freeing unused kernel image (rodata/data gap) memory: 668K
[    3.528887] x86/mm: Checked W+X mappings: passed, no W+X pages found.
[    3.529220] Run /sbin/init as init process
[    3.589156] systemd[1]: RTC configured in localtime, applying delta of 0 minutes to system time.
[    3.602481] systemd[1]: systemd 239 (239-49.el8) running in system mode. (+PAM +AUDIT +SELINUX +IMA -APPARMOR +SMACK +SYSVINIT +UTMP +LIBCRYPTSETUP +GCRYPT +GNUTLS +ACL +XZ +LZ4 +SECCOMP +BLKID +ELFUTILS +KMOD +IDN2 -IDN +PCRE2 default-hierarchy=legacy)
[    3.603728] systemd[1]: Detected virtualization kvm.
[    3.604000] systemd[1]: Detected architecture x86-64.

Welcome to [0;31mCentOS Stream 8[0m!

[    3.649854] systemd[1]: Set hostname to <test>.
[    4.658967] random: crng init done
[    4.728093] systemd[1]: Listening on udev Control Socket.
[[0;32m  OK  [0m] Listening on udev Control Socket.
[    4.728981] systemd[1]: Listening on Journal Socket.
[[0;32m  OK  [0m] Listening on Journal Socket.
[    4.747138] systemd[1]: Starting Setup Virtual Console...
         Starting Setup Virtual Console...
[    4.748103] systemd[1]: Started Forward Password Requests to Wall Directory Watch.
[[0;32m  OK  [0m] Started Forward Password Requests to Wall Directory Watch.
[    4.749102] systemd[1]: Listening on Device-mapper event daemon FIFOs.
[[0;32m  OK  [0m] Listening on Device-mapper event daemon FIFOs.
[    4.750524] systemd[1]: Listening on multipathd control socket.
[[0;32m  OK  [0m] Listening on multipathd control socket.
[[0;32m  OK  [0m] Created slice system-sshd\x2dkeygen.slice.
         Starting Monitoring of LVM2 mirrorsâ€¦ng dmeventd or progress polling...
[[0;32m  OK  [0m] Listening on initctl Compatibility Named Pipe.
[[0;32m  OK  [0m] Created slice system-getty.slice.
         Starting Remount Root and Kernel File Systems...
         Starting Load Kernel Modules...
[[0;32m  OK  [0m] Created slice User and Session Slice.
[[0;32m  OK  [0m] Reached target Slices.
         Mounting Huge Pages File System...
         Mounting POSIX Message Queue File System...
[[0;32m  OK  [0m] Reached target Swap.
[[0;32m  OK  [0m] Listening on LVM2 poll daemon socket.
[[0;32m  OK  [0m] Listening on Journal Socket (/dev/log).
         Starting Journal Service...
[[0;32m  OK  [0m] Listening on udev Kernel Socket.
         Starting udev Coldplug all Devices...
[[0;32m  OK  [0m] Set up automount Arbitrary Executabâ€¦rmats File System Automount Point.
[[0;32m  OK  [0m] Created slice system-serial\x2dgetty.slice.
         Mounting Kernel Debug File System...
[    4.861618] EXT4-fs (sda): re-mounted. Quota mode: none.
[[0;32m  OK  [0m] Listening on Process Core Dump Socket.
[[0;32m  OK  [0m] Listening on RPCbind Server Activation Socket.
[[0;32m  OK  [0m] Reached target RPC Port Mapper.
[[0;32m  OK  [0m] Started Remount Root and Kernel File Systems.
[[0;1;31mFAILED[0m] Failed to start Load Kernel Modules.
See 'systemctl status systemd-modules-load.service' for details.
[[0;32m  OK  [0m] Mounted Huge Pages File System.
[[0;32m  OK  [0m] Mounted POSIX Message Queue File System.
[[0;32m  OK  [0m] Mounted Kernel Debug File System.
[[0;32m  OK  [0m] Started Journal Service.
         Mounting FUSE Control File System...
         Mounting Kernel Configuration File System...
         Starting Apply Kernel Variables...
         Starting Create Static Device Nodes in /dev...
         Starting Flush Journal to Persistent Storage...
         Starting Load/Save Random Seed...
[[0;32m  OK  [0m] Started Setup Virtual Console.
[[0;32m  OK  [0m] Started udev Coldplug all Devices.
[[0;32m  OK  [0m] Mounted FUSE Control File System.
[[0;32m  OK  [0m] Mounted Kernel Configuration File System.
[[0;32m  OK  [0m] Started Apply Kernel Variables.
[[0;32m  OK  [0m] Started Create Static Device Nodes in /dev.
         Starting udev Kernel Device Manager...
         Starting udev Wait for Complete Device Initialization...
[[0;32m  OK  [0m] Started Load/Save Random Seed.
[[0;32m  OK  [0m] Started Flush Journal to Persistent Storage.
[[0;32m  OK  [0m] Started udev Kernel Device Manager.
         Starting Show Plymouth Boot Screen...
[[0;32m  OK  [0m] Started Show Plymouth Boot Screen.
[[0;32m  OK  [0m] Reached target Local Encrypted Volumes.
[[0;32m  OK  [0m] Reached target Paths.
[[0;32m  OK  [0m] Started Forward Password Requests to Plymouth Directory Watch.
[[0;32m  OK  [0m] Found device /dev/ttyS0.
[[0;32m  OK  [0m] Started Monitoring of LVM2 mirrors,â€¦sing dmeventd or progress polling.
[[0;32m  OK  [0m] Started udev Wait for Complete Device Initialization.
[[0;32m  OK  [0m] Listening on Load/Save RF Kill Switch Status /dev/rfkill Watch.
[[0;32m  OK  [0m] Reached target Local File Systems (Pre).
[[0;32m  OK  [0m] Reached target Local File Systems.
         Starting Create Volatile Files and Directories...
         Starting Tell Plymouth To Write Out Runtime Data...
         Starting Restore /run/initramfs on shutdown...
[[0;32m  OK  [0m] Started Create Volatile Files and Directories.
[[0;32m  OK  [0m] Started Restore /run/initramfs on shutdown.
[[0;32m  OK  [0m] Started Tell Plymouth To Write Out Runtime Data.
         Mounting RPC Pipe File System...
         Starting RPC Bind...
         Starting Security Auditing Service...
[[0;32m  OK  [0m] Mounted RPC Pipe File System.
[[0;32m  OK  [0m] Reached target rpc_pipefs.target.
[[0;32m  OK  [0m] Started RPC Bind.
[[0;32m  OK  [0m] Started Security Auditing Service.
         Starting Update UTMP about System Boot/Shutdown...
[[0;32m  OK  [0m] Started Update UTMP about System Boot/Shutdown.
[[0;32m  OK  [0m] Reached target System Initialization.
[[0;32m  OK  [0m] Started Daily Cleanup of Temporary Directories.
[[0;32m  OK  [0m] Started dnf makecache --timer.
[[0;32m  OK  [0m] Listening on D-Bus System Message Bus Socket.
[[0;32m  OK  [0m] Listening on SSSD Kerberos Cache Manager responder socket.
[[0;32m  OK  [0m] Reached target Sockets.
[[0;32m  OK  [0m] Reached target Basic System.
         Starting NTP client/server...
         Starting Self Monitoring and Reporting Technology (SMART) Daemon...
         Starting Authorization Manager...
[[0;32m  OK  [0m] Started Machine Check Exception Logging Daemon.
[[0;32m  OK  [0m] Started D-Bus System Message Bus.
         Starting Network Manager...
         Starting Login Service...
[[0;32m  OK  [0m] Started irqbalance daemon.
         Starting Auto-connect to subsystemsâ€¦-NVME devices found during boot...
[[0;32m  OK  [0m] Started daily update of the root trust anchor for DNSSEC.
[[0;32m  OK  [0m] Reached target Timers.
[[0;32m  OK  [0m] Reached target sshd-keygen.target.
[[0;32m  OK  [0m] Started Self Monitoring and Reporting Technology (SMART) Daemon.
[[0;32m  OK  [0m] Started Auto-connect to subsystems â€¦FC-NVME devices found during boot.
[[0;32m  OK  [0m] Started Login Service.
[[0;32m  OK  [0m] Started Network Manager.
[[0;32m  OK  [0m] Reached target Network.
         Starting OpenSSH server daemon...
         Starting Dynamic System Tuning Daemon...
         Starting GSSAPI Proxy Daemon...
         Starting Network Manager Wait Online...
[[0;32m  OK  [0m] Started NTP client/server.
         Starting Hostname Service...
[[0;32m  OK  [0m] Started OpenSSH server daemon.
[[0;32m  OK  [0m] Started GSSAPI Proxy Daemon.
[[0;32m  OK  [0m] Reached target NFS client services.
[[0;32m  OK  [0m] Reached target Remote File Systems (Pre).
[[0;32m  OK  [0m] Reached target Remote File Systems.
         Starting Permit User Sessions...
[[0;32m  OK  [0m] Started Authorization Manager.
[[0;32m  OK  [0m] Started Permit User Sessions.
[[0;32m  OK  [0m] Started Command Scheduler.
         Starting Hold until boot process finishes up...
         Starting Terminate Plymouth Boot Screen...
[    6.007003] e1000: eth0 NIC Link is Up 1000 Mbps Full Duplex, Flow Control: RX
[    6.007697] IPv6: ADDRCONF(NETDEV_CHANGE): eth0: link becomes ready
[    6.188489] Spectre V2 : WARNING: Unprivileged eBPF is enabled with eIBRS on, data leaks possible via Spectre v2 BHB attacks!
[    6.189451] Spectre V2 : WARNING: Unprivileged eBPF is enabled with eIBRS on, data leaks possible via Spectre v2 BHB attacks!

CentOS Stream 8
Kernel 6.1.0-rc1-21da7472a040+ on an x86_64

test login: [   28.090665] ------------[ cut here ]------------
[   28.090670] WARNING: CPU: 0 PID: 563 at kernel/events/core.c:9313 __perf_event_overflow+0xfb/0x200
[   28.090693] Modules linked in:
[   28.090697] CPU: 0 PID: 563 Comm: repro Not tainted 6.1.0-rc1-21da7472a040+ #1
[   28.090707] Hardware name: QEMU Standard PC (i440FX + PIIX, 1996), BIOS rel-1.16.0-0-gd239552ce722-prebuilt.qemu.org 04/01/2014
[   28.090715] RIP: 0010:__perf_event_overflow+0xfb/0x200
[   28.090726] Code: 84 ce 00 00 00 e8 d5 32 ec ff 44 0f b6 a3 00 01 00 00 31 ff 41 83 e4 20 44 89 e6 e8 cf 33 ec ff 45 84 e4 74 07 e8 b5 32 ec ff <0f> 0b e8 ae 32 ec ff 49 8b 46 30 48 8d bb 20 03 00 00 48 89 83 18
[   28.090735] RSP: 0000:ffffc90000f5fbd8 EFLAGS: 00010046
[   28.090741] RAX: 0000000000000000 RBX: ffff888004ed5ce0 RCX: ffffffff8138b361
[   28.090748] RDX: 0000000000000000 RSI: ffff88800cce9fc0 RDI: 0000000000000002
[   28.090753] RBP: ffffc90000f5fc08 R08: 0000000a4a6a7ce9 R09: 0000000000000000
[   28.090759] R10: 0000000000000000 R11: 0000000000000000 R12: 0000000000000020
[   28.090765] R13: 0000000000000000 R14: ffffc90000f5fc80 R15: ffffc90000f5ff58
[   28.090771] FS:  00007f0f4034b740(0000) GS:ffff88807dc00000(0000) knlGS:0000000000000000
[   28.090779] CS:  0010 DS: 0000 ES: 0000 CR0: 0000000080050033
[   28.090785] CR2: 0000000020000200 CR3: 000000000a73c002 CR4: 0000000000770ef0
[   28.090793] PKRU: 55555554
[   28.090796] Call Trace:
[   28.090798]  <TASK>
[   28.090803]  perf_event_overflow+0x33/0x40
[   28.090819]  handle_pmi_common+0x2d8/0x560
[   28.090830]  ? generic_exec_single+0xf7/0x150
[   28.090844]  ? write_comp_data+0x2f/0x90
[   28.090856]  ? __sanitizer_cov_trace_pc+0x25/0x60
[   28.090867]  ? smp_call_function_single+0x16d/0x240
[   28.090879]  ? perf_duration_warn+0x50/0x50
[   28.090897]  ? write_comp_data+0x2f/0x90
[   28.090907]  ? perf_duration_warn+0x50/0x50
[   28.090922]  ? __sanitizer_cov_trace_pc+0x25/0x60
[   28.090933]  ? write_comp_data+0x2f/0x90
[   28.090944]  ? write_comp_data+0x2f/0x90
[   28.090954]  ? write_comp_data+0x2f/0x90
[   28.090966]  ? write_comp_data+0x2f/0x90
[   28.090977]  intel_pmu_handle_irq+0x183/0x680
[   28.090987]  perf_event_nmi_handler+0x42/0x70
[   28.091005]  nmi_handle+0x63/0x160
[   28.091024]  default_do_nmi+0x77/0x190
[   28.091047]  exc_nmi+0x157/0x190
[   28.091063]  asm_exc_nmi+0xb6/0xff
[   28.091081] RIP: 0033:0x7f0f4047059d
[   28.091089] Code: 00 c3 66 2e 0f 1f 84 00 00 00 00 00 90 f3 0f 1e fa 48 89 f8 48 89 f7 48 89 d6 48 89 ca 4d 89 c2 4d 89 c8 4c 8b 4c 24 08 0f 05 <48> 3d 01 f0 ff ff 73 01 c3 48 8b 0d d3 08 0d 00 f7 d8 64 89 01 48
[   28.091099] RSP: 002b:00007fffcd850ec8 EFLAGS: 00000202
[   28.091105] RAX: 0000000000000003 RBX: 0000000000000000 RCX: 00007f0f4047059d
[   28.091111] RDX: 0000000000000000 RSI: 0000000000000000 RDI: 0000000020000200
[   28.091117] RBP: 00007fffcd850ed0 R08: 0000000000000003 R09: 0000000000401a80
[   28.091122] R10: 00000000ffffffff R11: 0000000000000202 R12: 00000000004010e0
[   28.091128] R13: 00007fffcd850fb0 R14: 0000000000000000 R15: 0000000000000000
[   28.091136]  </TASK>
[   28.091140] ---[ end trace 0000000000000000 ]---
[   28.091226] perf: interrupt took too long (4405 > 2500), lowering kernel.perf_event_max_sample_rate to 45250
[   28.241519] perf: interrupt took too long (5574 > 5506), lowering kernel.perf_event_max_sample_rate to 35750
[   28.643209] perf: interrupt took too long (7000 > 6967), lowering kernel.perf_event_max_sample_rate to 28500
[   28.921545] perf: interrupt took too long (8863 > 8750), lowering kernel.perf_event_max_sample_rate to 22500
[   29.503578] perf: interrupt took too long (11213 > 11078), lowering kernel.perf_event_max_sample_rate to 17750
[   30.392499] perf: interrupt took too long (14079 > 14016), lowering kernel.perf_event_max_sample_rate to 14000
[   32.366346] perf: interrupt took too long (17771 > 17598), lowering kernel.perf_event_max_sample_rate to 11250
[   34.730713] perf: interrupt took too long (22224 > 22213), lowering kernel.perf_event_max_sample_rate to 8750
[   43.931162] perf: interrupt took too long (27789 > 27780), lowering kernel.perf_event_max_sample_rate to 7000
