c[?7l[2J[0mSeaBIOS (version rel-1.16.0-0-gd239552ce722-prebuilt.qemu.org)


iPXE (http://ipxe.org) 00:03.0 CA00 PCI2.10 PnP PMM+7FF91000+7FEF1000 CA00
Press Ctrl-B to configure iPXE (PCI 00:03.0)...                                                                               


Booting from ROM..c[?7l[2J[0m.[    0.000000] Linux version 6.1.0-rc1-23488ec66867+ (root@p-tglh01.sh.intel.com) (gcc (GCC) 8.5.0 20210514 (Red Hat 8.5.0-17), GNU ld version 2.36.1-2.el8) #1 SMP PREEMPT_DYNAMIC Mon Nov 14 20:11:40 CST 2022
[    0.000000] Command line: console=ttyS0 root=/dev/sda earlyprintk=serial net.ifnames=0
[    0.000000] KERNEL supported cpus:
[    0.000000]   Intel GenuineIntel
[    0.000000]   AMD AuthenticAMD
[    0.000000]   Hygon HygonGenuine
[    0.000000]   Centaur CentaurHauls
[    0.000000]   zhaoxin   Shanghai  
[    0.000000] x86/fpu: Supporting XSAVE feature 0x001: 'x87 floating point registers'
[    0.000000] x86/fpu: Supporting XSAVE feature 0x002: 'SSE registers'
[    0.000000] x86/fpu: Supporting XSAVE feature 0x004: 'AVX registers'
[    0.000000] x86/fpu: Supporting XSAVE feature 0x020: 'AVX-512 opmask'
[    0.000000] x86/fpu: Supporting XSAVE feature 0x040: 'AVX-512 Hi256'
[    0.000000] x86/fpu: Supporting XSAVE feature 0x080: 'AVX-512 ZMM_Hi256'
[    0.000000] x86/fpu: Supporting XSAVE feature 0x200: 'Protection Keys User registers'
[    0.000000] x86/fpu: xstate_offset[2]:  576, xstate_sizes[2]:  256
[    0.000000] x86/fpu: xstate_offset[5]:  832, xstate_sizes[5]:   64
[    0.000000] x86/fpu: xstate_offset[6]:  896, xstate_sizes[6]:  512
[    0.000000] x86/fpu: xstate_offset[7]: 1408, xstate_sizes[7]: 1024
[    0.000000] x86/fpu: xstate_offset[9]: 2432, xstate_sizes[9]:    8
[    0.000000] x86/fpu: Enabled xstate features 0x2e7, context size is 2440 bytes, using 'compacted' format.
[    0.000000] signal: max sigframe size: 3632
[    0.000000] BIOS-provided physical RAM map:
[    0.000000] BIOS-e820: [mem 0x0000000000000000-0x000000000009fbff] usable
[    0.000000] BIOS-e820: [mem 0x000000000009fc00-0x000000000009ffff] reserved
[    0.000000] BIOS-e820: [mem 0x00000000000f0000-0x00000000000fffff] reserved
[    0.000000] BIOS-e820: [mem 0x0000000000100000-0x000000007ffdffff] usable
[    0.000000] BIOS-e820: [mem 0x000000007ffe0000-0x000000007fffffff] reserved
[    0.000000] BIOS-e820: [mem 0x00000000feffc000-0x00000000feffffff] reserved
[    0.000000] BIOS-e820: [mem 0x00000000fffc0000-0x00000000ffffffff] reserved
[    0.000000] printk: bootconsole [earlyser0] enabled
[    0.000000] NX (Execute Disable) protection: active
[    0.000000] SMBIOS 2.8 present.
[    0.000000] DMI: QEMU Standard PC (i440FX + PIIX, 1996), BIOS rel-1.16.0-0-gd239552ce722-prebuilt.qemu.org 04/01/2014
[    0.000000] Hypervisor detected: KVM
[    0.000000] kvm-clock: Using msrs 4b564d01 and 4b564d00
[    0.000002] kvm-clock: using sched offset of 357313469 cycles
[    0.000519] clocksource: kvm-clock: mask: 0xffffffffffffffff max_cycles: 0x1cd42e4dffb, max_idle_ns: 881590591483 ns
[    0.002116] tsc: Detected 3110.400 MHz processor
[    0.009254] last_pfn = 0x7ffe0 max_arch_pfn = 0x400000000
[    0.009833] x86/PAT: Configuration [0-7]: WB  WC  UC- UC  WB  WP  UC- WT  
[    0.018861] found SMP MP-table at [mem 0x000f5ba0-0x000f5baf]
[    0.019517] Using GB pages for direct mapping
[    0.021021] ACPI: Early table checksum verification disabled
[    0.021624] ACPI: RSDP 0x00000000000F59C0 000014 (v00 BOCHS )
[    0.022219] ACPI: RSDT 0x000000007FFE1951 000034 (v01 BOCHS  BXPC     00000001 BXPC 00000001)
[    0.023080] ACPI: FACP 0x000000007FFE17FD 000074 (v01 BOCHS  BXPC     00000001 BXPC 00000001)
[    0.023911] ACPI: DSDT 0x000000007FFE0040 0017BD (v01 BOCHS  BXPC     00000001 BXPC 00000001)
[    0.024738] ACPI: FACS 0x000000007FFE0000 000040
[    0.025190] ACPI: APIC 0x000000007FFE1871 000080 (v01 BOCHS  BXPC     00000001 BXPC 00000001)
[    0.026012] ACPI: HPET 0x000000007FFE18F1 000038 (v01 BOCHS  BXPC     00000001 BXPC 00000001)
[    0.026836] ACPI: WAET 0x000000007FFE1929 000028 (v01 BOCHS  BXPC     00000001 BXPC 00000001)
[    0.027652] ACPI: Reserving FACP table memory at [mem 0x7ffe17fd-0x7ffe1870]
[    0.028320] ACPI: Reserving DSDT table memory at [mem 0x7ffe0040-0x7ffe17fc]
[    0.028994] ACPI: Reserving FACS table memory at [mem 0x7ffe0000-0x7ffe003f]
[    0.029660] ACPI: Reserving APIC table memory at [mem 0x7ffe1871-0x7ffe18f0]
[    0.030327] ACPI: Reserving HPET table memory at [mem 0x7ffe18f1-0x7ffe1928]
[    0.030995] ACPI: Reserving WAET table memory at [mem 0x7ffe1929-0x7ffe1950]
[    0.032633] No NUMA configuration found
[    0.033015] Faking a node at [mem 0x0000000000000000-0x000000007ffdffff]
[    0.033727] NODE_DATA(0) allocated [mem 0x7ffb5000-0x7ffdffff]
[    0.037303] Zone ranges:
[    0.037553]   DMA      [mem 0x0000000000001000-0x0000000000ffffff]
[    0.038168]   DMA32    [mem 0x0000000001000000-0x000000007ffdffff]
[    0.038779]   Normal   empty
[    0.039067]   Device   empty
[    0.039354] Movable zone start for each node
[    0.039774] Early memory node ranges
[    0.040125]   node   0: [mem 0x0000000000001000-0x000000000009efff]
[    0.040746]   node   0: [mem 0x0000000000100000-0x000000007ffdffff]
[    0.041366] Initmem setup node 0 [mem 0x0000000000001000-0x000000007ffdffff]
[    0.042216] On node 0, zone DMA: 1 pages in unavailable ranges
[    0.042237] On node 0, zone DMA: 97 pages in unavailable ranges
[    0.046213] On node 0, zone DMA32: 32 pages in unavailable ranges
[    0.047049] ACPI: PM-Timer IO Port: 0x608
[    0.048055] ACPI: LAPIC_NMI (acpi_id[0xff] dfl dfl lint[0x1])
[    0.048645] IOAPIC[0]: apic_id 0, version 17, address 0xfec00000, GSI 0-23
[    0.049316] ACPI: INT_SRC_OVR (bus 0 bus_irq 0 global_irq 2 dfl dfl)
[    0.049922] ACPI: INT_SRC_OVR (bus 0 bus_irq 5 global_irq 5 high level)
[    0.050554] ACPI: INT_SRC_OVR (bus 0 bus_irq 9 global_irq 9 high level)
[    0.051186] ACPI: INT_SRC_OVR (bus 0 bus_irq 10 global_irq 10 high level)
[    0.051832] ACPI: INT_SRC_OVR (bus 0 bus_irq 11 global_irq 11 high level)
[    0.052492] ACPI: Using ACPI (MADT) for SMP configuration information
[    0.053107] ACPI: HPET id: 0x8086a201 base: 0xfed00000
[    0.053616] TSC deadline timer available
[    0.053995] smpboot: Allowing 2 CPUs, 0 hotplug CPUs
[    0.054519] kvm-guest: KVM setup pv remote TLB flush
[    0.054998] kvm-guest: setup PV sched yield
[    0.055452] PM: hibernation: Registered nosave memory: [mem 0x00000000-0x00000fff]
[    0.056181] PM: hibernation: Registered nosave memory: [mem 0x0009f000-0x0009ffff]
[    0.056901] PM: hibernation: Registered nosave memory: [mem 0x000a0000-0x000effff]
[    0.057617] PM: hibernation: Registered nosave memory: [mem 0x000f0000-0x000fffff]
[    0.058339] [mem 0x80000000-0xfeffbfff] available for PCI devices
[    0.058920] Booting paravirtualized kernel on KVM
[    0.059376] clocksource: refined-jiffies: mask: 0xffffffff max_cycles: 0xffffffff, max_idle_ns: 7645519600211568 ns
[    0.060385] setup_percpu: NR_CPUS:8192 nr_cpumask_bits:2 nr_cpu_ids:2 nr_node_ids:1
[    0.061489] percpu: Embedded 62 pages/cpu s217088 r8192 d28672 u1048576
[    0.062331] kvm-guest: PV spinlocks enabled
[    0.062756] PV qspinlock hash table entries: 256 (order: 0, 4096 bytes, linear)
[    0.063499] Fallback order for Node 0: 0 
[    0.063894] Built 1 zonelists, mobility grouping on.  Total pages: 515808
[    0.064547] Policy zone: DMA32
[    0.064848] Kernel command line: net.ifnames=0 console=ttyS0 root=/dev/sda earlyprintk=serial net.ifnames=0
[    0.066502] Dentry cache hash table entries: 262144 (order: 9, 2097152 bytes, linear)
[    0.067349] Inode-cache hash table entries: 131072 (order: 8, 1048576 bytes, linear)
[    0.068196] mem auto-init: stack:off, heap alloc:off, heap free:off
[    0.071794] Memory: 1999736K/2096632K available (30736K kernel code, 4078K rwdata, 7524K rodata, 3620K init, 10536K bss, 96640K reserved, 0K cma-reserved)
[    0.074123] SLUB: HWalign=64, Order=0-3, MinObjects=0, CPUs=2, Nodes=1
[    0.074739] kmemleak: Kernel memory leak detector disabled
[    0.075286] ftrace: allocating 66313 entries in 260 pages
[    0.102423] ftrace: allocated 260 pages with 2 groups
[    0.104400] Dynamic Preempt: voluntary
[    0.104842] rcu: Preemptible hierarchical RCU implementation.
[    0.105396] rcu: 	RCU restricting CPUs from NR_CPUS=8192 to nr_cpu_ids=2.
[    0.106028] 	Trampoline variant of Tasks RCU enabled.
[    0.106517] 	Rude variant of Tasks RCU enabled.
[    0.106953] 	Tracing variant of Tasks RCU enabled.
[    0.107414] rcu: RCU calculated value of scheduler-enlistment delay is 25 jiffies.
[    0.108140] rcu: Adjusting geometry for rcu_fanout_leaf=16, nr_cpu_ids=2
[    0.133070] NR_IRQS: 524544, nr_irqs: 440, preallocated irqs: 16
[    0.133908] rcu: srcu_init: Setting srcu_struct sizes based on contention.
[    0.141365] Console: colour VGA+ 80x25
[    0.141772] printk: console [ttyS0] enabled
[    0.141772] printk: console [ttyS0] enabled
[    0.142570] printk: bootconsole [earlyser0] disabled
[    0.142570] printk: bootconsole [earlyser0] disabled
[    0.143567] ACPI: Core revision 20220331
[    0.144166] clocksource: hpet: mask: 0xffffffff max_cycles: 0xffffffff, max_idle_ns: 19112604467 ns
[    0.145135] APIC: Switch to symmetric I/O mode setup
[    0.145794] x2apic enabled
[    0.146237] Switched APIC routing to physical x2apic.
[    0.146746] kvm-guest: setup PV IPIs
[    0.147910] ..TIMER: vector=0x30 apic1=0 pin1=2 apic2=-1 pin2=-1
[    0.148529] clocksource: tsc-early: mask: 0xffffffffffffffff max_cycles: 0x2cd5a8bb032, max_idle_ns: 440795365915 ns
[    0.149573] Calibrating delay loop (skipped) preset value.. 6220.80 BogoMIPS (lpj=12441600)
[    0.150373] pid_max: default: 32768 minimum: 301
[    0.150976] LSM: Security Framework initializing
[    0.151429] Yama: becoming mindful.
[    0.151959] Mount-cache hash table entries: 4096 (order: 3, 32768 bytes, linear)
[    0.152708] Mountpoint-cache hash table entries: 4096 (order: 3, 32768 bytes, linear)
[    0.154393] x86/cpu: User Mode Instruction Prevention (UMIP) activated
[    0.155327] Last level iTLB entries: 4KB 0, 2MB 0, 4MB 0
[    0.155883] Last level dTLB entries: 4KB 0, 2MB 0, 4MB 0, 1GB 0
[    0.156483] Spectre V1 : Mitigation: usercopy/swapgs barriers and __user pointer sanitization
[    0.157581] Spectre V2 : WARNING: Unprivileged eBPF is enabled with eIBRS on, data leaks possible via Spectre v2 BHB attacks!
[    0.158648] Spectre V2 : Mitigation: Enhanced IBRS
[    0.159087] Spectre V2 : Spectre v2 / SpectreRSB mitigation: Filling RSB on context switch
[    0.159832] Spectre V2 : Spectre v2 / PBRSB-eIBRS: Retire a single CALL on VMEXIT
[    0.160511] Spectre V2 : mitigation: Enabling conditional Indirect Branch Prediction Barrier
[    0.161287] Speculative Store Bypass: Mitigation: Speculative Store Bypass disabled via prctl
[    0.258388] Freeing SMP alternatives memory: 56K
[    0.259073] smpboot: CPU0: Genuine Intel(R) CPU 0000 @ 2.20GHz (family: 0x6, model: 0x8d, stepping: 0x0)
[    0.260208] cblist_init_generic: Setting adjustable number of callback queues.
[    0.260867] cblist_init_generic: Setting shift to 1 and lim to 1.
[    0.261456] cblist_init_generic: Setting shift to 1 and lim to 1.
[    0.261565] cblist_init_generic: Setting shift to 1 and lim to 1.
[    0.261565] Performance Events: Icelake events, full-width counters, Intel PMU driver.
[    0.261572] ... version:                2
[    0.261943] ... bit width:              48
[    0.262316] ... generic registers:      8
[    0.262683] ... value mask:             0000ffffffffffff
[    0.263163] ... max period:             00007fffffffffff
[    0.263648] ... fixed-purpose events:   3
[    0.264012] ... event mask:             00000007000000ff
[    0.264681] rcu: Hierarchical SRCU implementation.
[    0.265122] rcu: 	Max phase no-delay instances is 1000.
[    0.267729] smp: Bringing up secondary CPUs ...
[    0.268387] x86: Booting SMP configuration:
[    0.268775] .... node  #0, CPUs:      #1
[    0.269137] smp: Brought up 1 node, 2 CPUs
[    0.269942] smpboot: Max logical packages: 1
[    0.270334] smpboot: Total of 2 processors activated (12441.60 BogoMIPS)
[    0.271441] devtmpfs: initialized
[    0.271441] x86/mm: Memory block size: 128MB
[    0.273816] clocksource: jiffies: mask: 0xffffffff max_cycles: 0xffffffff, max_idle_ns: 7645041785100000 ns
[    0.274710] futex hash table entries: 512 (order: 3, 32768 bytes, linear)
[    0.275458] pinctrl core: initialized pinctrl subsystem
[    0.276163] 
[    0.276310] *************************************************************
[    0.276928] **     NOTICE NOTICE NOTICE NOTICE NOTICE NOTICE NOTICE    **
[    0.277571] **                                                         **
[    0.278187] **  IOMMU DebugFS SUPPORT HAS BEEN ENABLED IN THIS KERNEL  **
[    0.278800] **                                                         **
[    0.279421] ** This means that this kernel is built to expose internal **
[    0.279936] ** IOMMU data structures, which may compromise security on **
[    0.280423] ** your system.                                            **
[    0.280909] **                                                         **
[    0.281400] ** If you see this message and you are not debugging the   **
[    0.281568] ** kernel, report this immediately to your vendor!         **
[    0.282054] **                                                         **
[    0.282539] **     NOTICE NOTICE NOTICE NOTICE NOTICE NOTICE NOTICE    **
[    0.283037] *************************************************************
[    0.283567] PM: RTC time: 12:12:10, date: 2022-11-14
[    0.286542] NET: Registered PF_NETLINK/PF_ROUTE protocol family
[    0.287320] DMA: preallocated 256 KiB GFP_KERNEL pool for atomic allocations
[    0.287836] DMA: preallocated 256 KiB GFP_KERNEL|GFP_DMA pool for atomic allocations
[    0.288396] DMA: preallocated 256 KiB GFP_KERNEL|GFP_DMA32 pool for atomic allocations
[    0.288993] audit: initializing netlink subsys (disabled)
[    0.289435] audit: type=2000 audit(1668427931.496:1): state=initialized audit_enabled=0 res=1
[    0.289814] thermal_sys: Registered thermal governor 'fair_share'
[    0.290150] thermal_sys: Registered thermal governor 'bang_bang'
[    0.290603] thermal_sys: Registered thermal governor 'step_wise'
[    0.291052] thermal_sys: Registered thermal governor 'user_space'
[    0.291496] cpuidle: using governor ladder
[    0.292233] cpuidle: using governor menu
[    0.292744] acpiphp: ACPI Hot Plug PCI Controller Driver version: 0.5
[    0.293442] PCI: Using configuration type 1 for base access
[    0.301073] kprobes: kprobe jump-optimization is enabled. All kprobes are optimized if possible.
[    0.489687] HugeTLB: registered 1.00 GiB page size, pre-allocated 0 pages
[    0.490203] HugeTLB: 16380 KiB vmemmap can be freed for a 1.00 GiB page
[    0.490702] HugeTLB: registered 2.00 MiB page size, pre-allocated 0 pages
[    0.491204] HugeTLB: 28 KiB vmemmap can be freed for a 2.00 MiB page
[    0.492474] ACPI: Added _OSI(Module Device)
[    0.492793] ACPI: Added _OSI(Processor Device)
[    0.493124] ACPI: Added _OSI(3.0 _SCP Extensions)
[    0.493474] ACPI: Added _OSI(Processor Aggregator Device)
[    0.497263] ACPI: 1 ACPI AML tables successfully acquired and loaded
[    0.499619] ACPI: Interpreter enabled
[    0.499957] ACPI: PM: (supports S0 S3 S4 S5)
[    0.500276] ACPI: Using IOAPIC for interrupt routing
[    0.500670] PCI: Using host bridge windows from ACPI; if necessary, use "pci=nocrs" and report a bug
[    0.501337] PCI: Using E820 reservations for host bridge windows
[    0.502024] ACPI: Enabled 2 GPEs in block 00 to 0F
[    0.512269] ACPI: PCI Root Bridge [PCI0] (domain 0000 [bus 00-ff])
[    0.512749] acpi PNP0A03:00: _OSC: OS supports [ASPM ClockPM Segments MSI EDR HPX-Type3]
[    0.513348] acpi PNP0A03:00: _OSC: not requesting OS control; OS requires [ExtendedConfig ASPM ClockPM MSI]
[    0.513596] acpi PNP0A03:00: fail to add MMCONFIG information, can't access extended PCI configuration space under this bridge.
[    0.515723] acpiphp: Slot [3] registered
[    0.516068] acpiphp: Slot [4] registered
[    0.516409] acpiphp: Slot [5] registered
[    0.516746] acpiphp: Slot [6] registered
[    0.517090] acpiphp: Slot [7] registered
[    0.517442] acpiphp: Slot [8] registered
[    0.517616] acpiphp: Slot [9] registered
[    0.517974] acpiphp: Slot [10] registered
[    0.518317] acpiphp: Slot [11] registered
[    0.518660] acpiphp: Slot [12] registered
[    0.519004] acpiphp: Slot [13] registered
[    0.519348] acpiphp: Slot [14] registered
[    0.519693] acpiphp: Slot [15] registered
[    0.520043] acpiphp: Slot [16] registered
[    0.520387] acpiphp: Slot [17] registered
[    0.520730] acpiphp: Slot [18] registered
[    0.521081] acpiphp: Slot [19] registered
[    0.521424] acpiphp: Slot [20] registered
[    0.521612] acpiphp: Slot [21] registered
[    0.521957] acpiphp: Slot [22] registered
[    0.522307] acpiphp: Slot [23] registered
[    0.522651] acpiphp: Slot [24] registered
[    0.523002] acpiphp: Slot [25] registered
[    0.523347] acpiphp: Slot [26] registered
[    0.523690] acpiphp: Slot [27] registered
[    0.524034] acpiphp: Slot [28] registered
[    0.524383] acpiphp: Slot [29] registered
[    0.524733] acpiphp: Slot [30] registered
[    0.525077] acpiphp: Slot [31] registered
[    0.525391] PCI host bridge to bus 0000:00
[    0.525569] pci_bus 0000:00: root bus resource [io  0x0000-0x0cf7 window]
[    0.526077] pci_bus 0000:00: root bus resource [io  0x0d00-0xffff window]
[    0.526578] pci_bus 0000:00: root bus resource [mem 0x000a0000-0x000bffff window]
[    0.527131] pci_bus 0000:00: root bus resource [mem 0x80000000-0xfebfffff window]
[    0.527682] pci_bus 0000:00: root bus resource [mem 0x100000000-0x17fffffff window]
[    0.528269] pci_bus 0000:00: root bus resource [bus 00-ff]
[    0.528737] pci 0000:00:00.0: [8086:1237] type 00 class 0x060000
[    0.531129] pci 0000:00:01.0: [8086:7000] type 00 class 0x060100
[    0.532063] pci 0000:00:01.1: [8086:7010] type 00 class 0x010180
[    0.533816] pci 0000:00:01.1: reg 0x20: [io  0xc040-0xc04f]
[    0.534845] pci 0000:00:01.1: legacy IDE quirk: reg 0x10: [io  0x01f0-0x01f7]
[    0.535385] pci 0000:00:01.1: legacy IDE quirk: reg 0x14: [io  0x03f6]
[    0.535876] pci 0000:00:01.1: legacy IDE quirk: reg 0x18: [io  0x0170-0x0177]
[    0.536412] pci 0000:00:01.1: legacy IDE quirk: reg 0x1c: [io  0x0376]
[    0.537104] pci 0000:00:01.3: [8086:7113] type 00 class 0x068000
[    0.538032] pci 0000:00:01.3: quirk: [io  0x0600-0x063f] claimed by PIIX4 ACPI
[    0.538583] pci 0000:00:01.3: quirk: [io  0x0700-0x070f] claimed by PIIX4 SMB
[    0.539311] pci 0000:00:02.0: [1234:1111] type 00 class 0x030000
[    0.541320] pci 0000:00:02.0: reg 0x10: [mem 0xfd000000-0xfdffffff pref]
[    0.543061] pci 0000:00:02.0: reg 0x18: [mem 0xfebf0000-0xfebf0fff]
[    0.546876] pci 0000:00:02.0: reg 0x30: [mem 0xfebe0000-0xfebeffff pref]
[    0.547788] pci 0000:00:02.0: Video device with shadowed ROM at [mem 0x000c0000-0x000dffff]
[    0.550598] pci 0000:00:03.0: [8086:100e] type 00 class 0x020000
[    0.551856] pci 0000:00:03.0: reg 0x10: [mem 0xfebc0000-0xfebdffff]
[    0.552777] pci 0000:00:03.0: reg 0x14: [io  0xc000-0xc03f]
[    0.555158] pci 0000:00:03.0: reg 0x30: [mem 0xfeb80000-0xfebbffff pref]
[    0.565046] ACPI: PCI: Interrupt link LNKA configured for IRQ 10
[    0.565786] ACPI: PCI: Interrupt link LNKB configured for IRQ 10
[    0.566510] ACPI: PCI: Interrupt link LNKC configured for IRQ 11
[    0.567235] ACPI: PCI: Interrupt link LNKD configured for IRQ 11
[    0.567827] ACPI: PCI: Interrupt link LNKS configured for IRQ 9
[    0.569184] iommu: Default domain type: Translated 
[    0.569574] iommu: DMA domain TLB invalidation policy: lazy mode 
[    0.570641] SCSI subsystem initialized
[    0.571089] ACPI: bus type USB registered
[    0.571436] usbcore: registered new interface driver usbfs
[    0.571889] usbcore: registered new interface driver hub
[    0.572305] usbcore: registered new device driver usb
[    0.572751] pps_core: LinuxPPS API ver. 1 registered
[    0.573123] pps_core: Software ver. 5.3.6 - Copyright 2005-2007 Rodolfo Giometti <giometti@linux.it>
[    0.573575] PTP clock support registered
[    0.573955] EDAC MC: Ver: 3.0.0
[    0.574972] NetLabel: Initializing
[    0.575233] NetLabel:  domain hash size = 128
[    0.575562] NetLabel:  protocols = UNLABELED CIPSOv4 CALIPSO
[    0.576026] NetLabel:  unlabeled traffic allowed by default
[    0.576614] PCI: Using ACPI for IRQ routing
[    0.577084] pci 0000:00:02.0: vgaarb: setting as boot VGA device
[    0.577535] pci 0000:00:02.0: vgaarb: bridge control possible
[    0.577565] pci 0000:00:02.0: vgaarb: VGA device added: decodes=io+mem,owns=io+mem,locks=none
[    0.577569] vgaarb: loaded
[    0.578157] hpet0: at MMIO 0xfed00000, IRQs 2, 8, 0
[    0.578540] hpet0: 3 comparators, 64-bit 100.000000 MHz counter
[    2.736966] clocksource: Switched to clocksource kvm-clock
[    2.815462] VFS: Disk quotas dquot_6.6.0
[    2.815807] VFS: Dquot-cache hash table entries: 512 (order 0, 4096 bytes)
[    2.816450] pnp: PnP ACPI init
[    2.817928] pnp: PnP ACPI: found 6 devices
[    2.827514] clocksource: acpi_pm: mask: 0xffffff max_cycles: 0xffffff, max_idle_ns: 2085701024 ns
[    2.828435] NET: Registered PF_INET protocol family
[    2.829021] IP idents hash table entries: 32768 (order: 6, 262144 bytes, linear)
[    2.830723] tcp_listen_portaddr_hash hash table entries: 1024 (order: 2, 16384 bytes, linear)
[    2.831353] Table-perturb hash table entries: 65536 (order: 6, 262144 bytes, linear)
[    2.831916] TCP established hash table entries: 16384 (order: 5, 131072 bytes, linear)
[    2.832561] TCP bind hash table entries: 16384 (order: 7, 524288 bytes, linear)
[    2.833203] TCP: Hash tables configured (established 16384 bind 16384)
[    2.833714] UDP hash table entries: 1024 (order: 3, 32768 bytes, linear)
[    2.834222] UDP-Lite hash table entries: 1024 (order: 3, 32768 bytes, linear)
[    2.834821] NET: Registered PF_UNIX/PF_LOCAL protocol family
[    2.835534] RPC: Registered named UNIX socket transport module.
[    2.835974] RPC: Registered udp transport module.
[    2.836315] RPC: Registered tcp transport module.
[    2.836655] RPC: Registered tcp NFSv4.1 backchannel transport module.
[    2.837137] pci_bus 0000:00: resource 4 [io  0x0000-0x0cf7 window]
[    2.837597] pci_bus 0000:00: resource 5 [io  0x0d00-0xffff window]
[    2.838059] pci_bus 0000:00: resource 6 [mem 0x000a0000-0x000bffff window]
[    2.838556] pci_bus 0000:00: resource 7 [mem 0x80000000-0xfebfffff window]
[    2.839053] pci_bus 0000:00: resource 8 [mem 0x100000000-0x17fffffff window]
[    2.839703] pci 0000:00:01.0: PIIX3: Enabling Passive Release
[    2.840129] pci 0000:00:00.0: Limiting direct PCI/PCI transfers
[    2.840645] PCI: CLS 0 bytes, default 64
[    2.841119] clocksource: tsc: mask: 0xffffffffffffffff max_cycles: 0x2cd5a8bb032, max_idle_ns: 440795365915 ns
[    2.843531] Initialise system trusted keyrings
[    2.843901] Key type blacklist registered
[    2.844284] workingset: timestamp_bits=36 max_order=19 bucket_order=0
[    2.849060] zbud: loaded
[    2.850102] squashfs: version 4.0 (2009/01/31) Phillip Lougher
[    2.851572] NFS: Registering the id_resolver key type
[    2.851968] Key type id_resolver registered
[    2.852279] Key type id_legacy registered
[    2.852633] nfs4filelayout_init: NFSv4 File Layout Driver Registering...
[    2.853131] nfs4flexfilelayout_init: NFSv4 Flexfile Layout Driver Registering...
[    2.853750] fuse: init (API version 7.37)
[    2.854217] SGI XFS with ACLs, security attributes, realtime, quota, no debug enabled
[    2.855658] 9p: Installing v9fs 9p2000 file system support
[    2.863162] Key type asymmetric registered
[    2.863477] Asymmetric key parser 'x509' registered
[    2.864434] alg: self-tests for CTR-KDF (hmac(sha256)) passed
[    2.864893] Block layer SCSI generic (bsg) driver version 0.4 loaded (major 243)
[    2.865482] io scheduler mq-deadline registered
[    2.865843] io scheduler bfq registered
[    2.866542] shpchp: Standard Hot Plug PCI Controller Driver version: 0.4
[    2.867183] IPMI message handler: version 39.2
[    2.867523] ipmi device interface
[    2.868646] input: Power Button as /devices/LNXSYSTM:00/LNXPWRBN:00/input/input0
[    2.869278] ACPI: button: Power Button [PWRF]
[    2.870238] ERST DBG: ERST support is disabled.
[    2.870970] Serial: 8250/16550 driver, 32 ports, IRQ sharing enabled
[    2.871780] 00:04: ttyS0 at I/O 0x3f8 (irq = 4, base_baud = 115200) is a 16550A
[    2.876706] Linux agpgart interface v0.103
[    2.877298] ACPI: bus type drm_connector registered
[    2.884044] brd: module loaded
[    2.887973] loop: module loaded
[    2.890377] scsi host0: ata_piix
[    2.890934] scsi host1: ata_piix
[    2.891262] ata1: PATA max MWDMA2 cmd 0x1f0 ctl 0x3f6 bmdma 0xc040 irq 14
[    2.891759] ata2: PATA max MWDMA2 cmd 0x170 ctl 0x376 bmdma 0xc048 irq 15
[    2.892786] tun: Universal TUN/TAP device driver, 1.6
[    2.893231] e100: Intel(R) PRO/100 Network Driver
[    2.893596] e100: Copyright(c) 1999-2006 Intel Corporation
[    2.894041] e1000: Intel(R) PRO/1000 Network Driver
[    2.894397] e1000: Copyright (c) 1999-2006 Intel Corporation.
[    2.969195] ACPI: \_SB_.LNKC: Enabled at IRQ 11
[    3.049729] ata1: found unknown device (class 0)
[    3.050512] ata1.00: ATA-7: QEMU HARDDISK, 2.5+, max UDMA/100
[    3.050958] ata1.00: 16777216 sectors, multi 16: LBA48 
[    3.051893] scsi 0:0:0:0: Direct-Access     ATA      QEMU HARDDISK    2.5+ PQ: 0 ANSI: 5
[    3.052898] ata2: found unknown device (class 0)
[    3.053608] ata2.00: ATAPI: QEMU DVD-ROM, 2.5+, max UDMA/100
[    3.054571] scsi 0:0:0:0: Attached scsi generic sg0 type 0
[    3.055420] scsi 1:0:0:0: CD-ROM            QEMU     QEMU DVD-ROM     2.5+ PQ: 0 ANSI: 5
[    3.056762] sd 0:0:0:0: [sda] 16777216 512-byte logical blocks: (8.59 GB/8.00 GiB)
[    3.057354] sd 0:0:0:0: [sda] Write Protect is off
[    3.057760] sd 0:0:0:0: [sda] Write cache: enabled, read cache: enabled, doesn't support DPO or FUA
[    3.058472] sd 0:0:0:0: [sda] Preferred minimum I/O size 512 bytes
[    3.090007] scsi 1:0:0:0: Attached scsi generic sg1 type 5
[    3.091675] sd 0:0:0:0: [sda] Attached SCSI disk
[    3.292315] e1000 0000:00:03.0 eth0: (PCI:33MHz:32-bit) 52:54:00:12:34:56
[    3.292839] e1000 0000:00:03.0 eth0: Intel(R) PRO/1000 Network Connection
[    3.293402] e1000e: Intel(R) PRO/1000 Network Driver
[    3.293773] e1000e: Copyright(c) 1999 - 2015 Intel Corporation.
[    3.294260] igb: Intel(R) Gigabit Ethernet Network Driver
[    3.294654] igb: Copyright (c) 2007-2014 Intel Corporation.
[    3.295123] PPP generic driver version 2.4.2
[    3.295765] VFIO - User Level meta-driver version: 0.3
[    3.296455] usbcore: registered new interface driver uas
[    3.296896] usbcore: registered new interface driver usb-storage
[    3.297452] i8042: PNP: PS/2 Controller [PNP0303:KBD,PNP0f13:MOU] at 0x60,0x64 irq 1,12
[    3.298711] serio: i8042 KBD port at 0x60,0x64 irq 1
[    3.299090] serio: i8042 AUX port at 0x60,0x64 irq 12
[    3.299804] mousedev: PS/2 mouse device common for all mice
[    3.300557] input: AT Translated Set 2 keyboard as /devices/platform/i8042/serio0/input/input1
[    3.301770] input: VirtualPS/2 VMware VMMouse as /devices/platform/i8042/serio1/input/input4
[    3.302888] input: VirtualPS/2 VMware VMMouse as /devices/platform/i8042/serio1/input/input3
[    3.303615] rtc_cmos 00:05: registered as rtc0
[    3.304044] rtc_cmos 00:05: setting system clock to 2022-11-14T12:12:13 UTC (1668427933)
[    3.304723] rtc_cmos 00:05: alarms up to one day, 242 bytes nvram, hpet irqs
[    3.305282] rtc_cmos 00:05: RTC can wake from S4
[    3.305697] i2c_dev: i2c /dev entries driver
[    3.306050] device-mapper: core: CONFIG_IMA_DISABLE_HTABLE is disabled. Duplicate IMA measurements will not be recorded in the IMA log.
[    3.306976] device-mapper: uevent: version 1.0.3
[    3.307475] device-mapper: ioctl: 4.47.0-ioctl (2022-07-28) initialised: dm-devel@redhat.com
[    3.308102] intel_pstate: CPU model not supported
[    3.308495] sdhci: Secure Digital Host Controller Interface driver
[    3.308950] sdhci: Copyright(c) Pierre Ossman
[    3.309316] sdhci-pltfm: SDHCI platform and OF driver helper
[    3.309775] ledtrig-cpu: registered to indicate activity on CPUs
[    3.310391] drop_monitor: Initializing network drop monitor service
[    3.311234] NET: Registered PF_INET6 protocol family
[    3.312621] Segment Routing with IPv6
[    3.312939] In-situ OAM (IOAM) with IPv6
[    3.313269] NET: Registered PF_PACKET protocol family
[    3.313803] 9pnet: Installing 9P2000 support
[    3.314176] Key type dns_resolver registered
[    3.315011] IPI shorthand broadcast: enabled
[    3.315382] sched_clock: Marking stable (3307826071, 7002358)->(3325534319, -10705890)
[    3.316222] registered taskstats version 1
[    3.316594] Loading compiled-in X.509 certificates
[    3.317099] zswap: loaded using pool lzo/zbud
[    3.317740] Key type .fscrypt registered
[    3.318047] Key type fscrypt-provisioning registered
[    3.319233] Key type encrypted registered
[    3.319553] ima: No TPM chip found, activating TPM-bypass!
[    3.319969] ima: Allocated hash algorithm: sha1
[    3.320323] ima: No architecture policies found
[    3.320685] evm: Initialising EVM extended attributes:
[    3.321070] evm: security.selinux
[    3.321320] evm: security.SMACK64
[    3.321581] evm: security.SMACK64EXEC
[    3.321858] evm: security.SMACK64TRANSMUTE
[    3.322177] evm: security.SMACK64MMAP
[    3.322452] evm: security.apparmor
[    3.322708] evm: security.ima
[    3.322933] evm: security.capability
[    3.323202] evm: HMAC attrs: 0x1
[    3.325686] PM:   Magic number: 14:522:228
[    3.326068] vc vcsu: hash matches
[    3.326515] RAS: Correctable Errors collector initialized.
[    3.327198] md: Waiting for all devices to be available before autodetect
[    3.327553] md: If you don't use raid, use raid=noautodetect
[    3.327849] md: Autodetecting RAID arrays.
[    3.328065] md: autorun ...
[    3.328215] md: ... autorun DONE.
[    3.331074] EXT4-fs (sda): INFO: recovery required on readonly filesystem
[    3.331440] EXT4-fs (sda): write access will be enabled during recovery
[    3.419598] EXT4-fs (sda): recovery complete
[    3.452318] EXT4-fs (sda): mounted filesystem with ordered data mode. Quota mode: none.
[    3.452767] VFS: Mounted root (ext4 filesystem) readonly on device 8:0.
[    3.453620] devtmpfs: mounted
[    3.460765] Freeing unused decrypted memory: 2036K
[    3.463140] Freeing unused kernel image (initmem) memory: 3620K
[    3.463439] Write protecting the kernel read-only data: 40960k
[    3.466030] Freeing unused kernel image (text/rodata gap) memory: 2028K
[    3.466934] Freeing unused kernel image (rodata/data gap) memory: 668K
[    3.550177] x86/mm: Checked W+X mappings: passed, no W+X pages found.
[    3.550503] Run /sbin/init as init process
[    3.610757] systemd[1]: RTC configured in localtime, applying delta of 0 minutes to system time.
[    3.624837] systemd[1]: systemd 239 (239-49.el8) running in system mode. (+PAM +AUDIT +SELINUX +IMA -APPARMOR +SMACK +SYSVINIT +UTMP +LIBCRYPTSETUP +GCRYPT +GNUTLS +ACL +XZ +LZ4 +SECCOMP +BLKID +ELFUTILS +KMOD +IDN2 -IDN +PCRE2 default-hierarchy=legacy)
[    3.626092] systemd[1]: Detected virtualization kvm.
[    3.626368] systemd[1]: Detected architecture x86-64.

Welcome to [0;31mCentOS Stream 8[0m!

[    3.681017] systemd[1]: Set hostname to <test>.
[    4.665575] random: crng init done
[    4.733677] systemd[1]: Listening on multipathd control socket.
[[0;32m  OK  [0m] Listening on multipathd control socket.
[    4.734491] systemd[1]: Reached target Swap.
[[0;32m  OK  [0m] Reached target Swap.
[    4.735124] systemd[1]: Listening on udev Control Socket.
[[0;32m  OK  [0m] Listening on udev Control Socket.
[    4.736889] systemd[1]: Created slice system-serial\x2dgetty.slice.
[[0;32m  OK  [0m] Created slice system-serial\x2dgetty.slice.
[    4.737718] systemd[1]: Started Forward Password Requests to Wall Directory Watch.
[[0;32m  OK  [0m] Started Forward Password Requests to Wall Directory Watch.
[    4.738715] systemd[1]: Listening on Journal Socket (/dev/log).
[[0;32m  OK  [0m] Listening on Journal Socket (/dev/log).
[[0;32m  OK  [0m] Set up automount Arbitrary Executabâ€¦rmats File System Automount Point.
[[0;32m  OK  [0m] Listening on Journal Socket.
         Starting Remount Root and Kernel File Systems...
         Mounting Kernel Debug File System...
         Starting Journal Service...
         Mounting POSIX Message Queue File System...
         Starting Load Kernel Modules...
[[0;32m  OK  [0m] Listening on RPCbind Server Activation Socket.
[[0;32m  OK  [0m] Reached target RPC Port Mapper.
[[0;32m  OK  [0m] Listening on udev Kernel Socket.
[[0;32m  OK  [0m] Listening on LVM2 poll daemon socket.
[[0;32m  OK  [0m] Listening on initctl Compatibility Named Pipe.
[[0;32m  OK  [0m] Created slice system-getty.slice.
[[0;32m  OK  [0m] Created slice User and Session Slice.
[[0;32m  OK  [0m] Reached target Slices.
[[0;32m  OK  [0m] Created slice system-sshd\x2dkeygen.slice.
[[0;32m  OK  [0m] Listening on Device-mapper event daemon FIFOs.
         Starting Monitoring of LVM2 mirrorsâ€¦ng dmeventd or progress polling...
         Mounting Huge Pages File System...
         Starting udev Coldplug all Devices...
[[0;32m  OK  [0m] Listening on Process Core Dump Socket.
         Starting Setup Virtual Console...
[[0;32m  OK  [0m] Mounted Kernel Debug File System.
[[0;32m  OK  [0m] Mounted POSIX Message Queue File System.
[[0;1;31mFAILED[0m] Failed to start Load Kernel Modules.
See 'systemctl status systemd-modules-load.service' for details.
[[0;32m  OK  [0m] Mounted Huge Pages File System.
         Mounting Kernel Configuration File System...
[    4.908271] EXT4-fs (sda): re-mounted. Quota mode: none.
         Starting Apply Kernel Variables...
         Mounting FUSE Control File System...
[[0;32m  OK  [0m] Started Journal Service.
[[0;32m  OK  [0m] Started Remount Root and Kernel File Systems.
[[0;32m  OK  [0m] Mounted Kernel Configuration File System.
[[0;32m  OK  [0m] Started Apply Kernel Variables.
[[0;32m  OK  [0m] Mounted FUSE Control File System.
         Starting Load/Save Random Seed...
         Starting Create Static Device Nodes in /dev...
         Starting Flush Journal to Persistent Storage...
[[0;32m  OK  [0m] Started Load/Save Random Seed.
[[0;32m  OK  [0m] Started Create Static Device Nodes in /dev.
         Starting udev Kernel Device Manager...
[[0;32m  OK  [0m] Started Flush Journal to Persistent Storage.
[[0;32m  OK  [0m] Started udev Coldplug all Devices.
         Starting udev Wait for Complete Device Initialization...
[[0;32m  OK  [0m] Started udev Kernel Device Manager.
[[0;32m  OK  [0m] Started Setup Virtual Console.
         Starting Show Plymouth Boot Screen...
[[0;32m  OK  [0m] Started Show Plymouth Boot Screen.
[[0;32m  OK  [0m] Started Forward Password Requests to Plymouth Directory Watch.
[[0;32m  OK  [0m] Reached target Paths.
[[0;32m  OK  [0m] Reached target Local Encrypted Volumes.
[[0;32m  OK  [0m] Found device /dev/ttyS0.
[[0;32m  OK  [0m] Started Monitoring of LVM2 mirrors,â€¦sing dmeventd or progress polling.
[[0;32m  OK  [0m] Started udev Wait for Complete Device Initialization.
[[0;32m  OK  [0m] Reached target Local File Systems (Pre).
[[0;32m  OK  [0m] Reached target Local File Systems.
         Starting Restore /run/initramfs on shutdown...
         Starting Tell Plymouth To Write Out Runtime Data...
         Starting Create Volatile Files and Directories...
[[0;32m  OK  [0m] Listening on Load/Save RF Kill Switch Status /dev/rfkill Watch.
[[0;32m  OK  [0m] Started Restore /run/initramfs on shutdown.
[[0;32m  OK  [0m] Started Tell Plymouth To Write Out Runtime Data.
[[0;32m  OK  [0m] Started Create Volatile Files and Directories.
         Starting Security Auditing Service...
         Mounting RPC Pipe File System...
         Starting RPC Bind...
[[0;32m  OK  [0m] Mounted RPC Pipe File System.
[[0;32m  OK  [0m] Reached target rpc_pipefs.target.
[[0;32m  OK  [0m] Started RPC Bind.
[[0;32m  OK  [0m] Started Security Auditing Service.
         Starting Update UTMP about System Boot/Shutdown...
[[0;32m  OK  [0m] Started Update UTMP about System Boot/Shutdown.
[[0;32m  OK  [0m] Reached target System Initialization.
[[0;32m  OK  [0m] Listening on SSSD Kerberos Cache Manager responder socket.
[[0;32m  OK  [0m] Started daily update of the root trust anchor for DNSSEC.
[[0;32m  OK  [0m] Started dnf makecache --timer.
[[0;32m  OK  [0m] Started Daily Cleanup of Temporary Directories.
[[0;32m  OK  [0m] Reached target Timers.
[[0;32m  OK  [0m] Listening on D-Bus System Message Bus Socket.
[[0;32m  OK  [0m] Reached target Sockets.
[[0;32m  OK  [0m] Reached target Basic System.
         Starting NTP client/server...
[[0;32m  OK  [0m] Started irqbalance daemon.
[[0;32m  OK  [0m] Started Machine Check Exception Logging Daemon.
         Starting Self Monitoring and Reporting Technology (SMART) Daemon...
[[0;32m  OK  [0m] Reached target sshd-keygen.target.
         Starting Auto-connect to subsystemsâ€¦-NVME devices found during boot...
[[0;32m  OK  [0m] Started D-Bus System Message Bus.
         Starting Authorization Manager...
         Starting Login Service...
         Starting Network Manager...
[[0;32m  OK  [0m] Started Auto-connect to subsystems â€¦FC-NVME devices found during boot.
[[0;32m  OK  [0m] Started Self Monitoring and Reporting Technology (SMART) Daemon.
[[0;32m  OK  [0m] Started NTP client/server.
[[0;32m  OK  [0m] Started Login Service.
[[0;32m  OK  [0m] Started Network Manager.
         Starting Network Manager Wait Online...
[[0;32m  OK  [0m] Reached target Network.
         Starting OpenSSH server daemon...
         Starting GSSAPI Proxy Daemon...
         Starting Dynamic System Tuning Daemon...
[[0;32m  OK  [0m] Started Authorization Manager.
         Starting Hostname Service...
[[0;32m  OK  [0m] Started GSSAPI Proxy Daemon.
[[0;32m  OK  [0m] Reached target NFS client services.
[[0;32m  OK  [0m] Reached target Remote File Systems (Pre).
[[0;32m  OK  [0m] Reached target Remote File Systems.
         Starting Permit User Sessions...
[[0;32m  OK  [0m] Started OpenSSH server daemon.
[[0;32m  OK  [0m] Started Permit User Sessions.
         Starting Terminate Plymouth Boot Screen...
         Starting Hold until boot process finishes up...
[[0;32m  OK  [0m] Started Command Scheduler.
[    6.061630] e1000: eth0 NIC Link is Up 1000 Mbps Full Duplex, Flow Control: RX
[    6.062306] IPv6: ADDRCONF(NETDEV_CHANGE): eth0: link becomes ready
[    6.248744] Spectre V2 : WARNING: Unprivileged eBPF is enabled with eIBRS on, data leaks possible via Spectre v2 BHB attacks!
[    6.249593] Spectre V2 : WARNING: Unprivileged eBPF is enabled with eIBRS on, data leaks possible via Spectre v2 BHB attacks!

CentOS Stream 8
Kernel 6.1.0-rc1-23488ec66867+ on an x86_64

test login: [   28.082163] ------------[ cut here ]------------
[   28.082169] WARNING: CPU: 0 PID: 578 at kernel/events/core.c:9313 __perf_event_overflow+0xfb/0x200
[   28.082193] Modules linked in:
[   28.082197] CPU: 0 PID: 578 Comm: repro Not tainted 6.1.0-rc1-23488ec66867+ #1
[   28.082207] Hardware name: QEMU Standard PC (i440FX + PIIX, 1996), BIOS rel-1.16.0-0-gd239552ce722-prebuilt.qemu.org 04/01/2014
[   28.082215] RIP: 0010:__perf_event_overflow+0xfb/0x200
[   28.082225] Code: 84 ce 00 00 00 e8 d5 32 ec ff 44 0f b6 a3 00 01 00 00 31 ff 41 83 e4 20 44 89 e6 e8 cf 33 ec ff 45 84 e4 74 07 e8 b5 32 ec ff <0f> 0b e8 ae 32 ec ff 49 8b 46 30 48 8d bb 20 03 00 00 48 89 83 18
[   28.082234] RSP: 0000:ffffc90000fa7bd8 EFLAGS: 00010046
[   28.082241] RAX: 0000000000000000 RBX: ffff888004ed79c0 RCX: ffffffff8138b361
[   28.082247] RDX: 0000000000000000 RSI: ffff88800c6d1fc0 RDI: 0000000000000002
[   28.082253] RBP: ffffc90000fa7c08 R08: 0000000a4a275759 R09: 0000000000000000
[   28.082259] R10: 0000000000000000 R11: 0000000000000000 R12: 0000000000000020
[   28.082264] R13: 0000000000000000 R14: ffffc90000fa7c80 R15: ffffc90000fa7f58
[   28.082270] FS:  00007ffa625ef740(0000) GS:ffff88807dc00000(0000) knlGS:0000000000000000
[   28.082279] CS:  0010 DS: 0000 ES: 0000 CR0: 0000000080050033
[   28.082285] CR2: 0000000020000200 CR3: 000000000a7a4001 CR4: 0000000000770ef0
[   28.082293] PKRU: 55555554
[   28.082296] Call Trace:
[   28.082298]  <TASK>
[   28.082302]  perf_event_overflow+0x33/0x40
[   28.082318]  handle_pmi_common+0x2d8/0x560
[   28.082329]  ? generic_exec_single+0xf7/0x150
[   28.082343]  ? write_comp_data+0x2f/0x90
[   28.082355]  ? __sanitizer_cov_trace_pc+0x25/0x60
[   28.082366]  ? smp_call_function_single+0x16d/0x240
[   28.082377]  ? perf_duration_warn+0x50/0x50
[   28.082395]  ? write_comp_data+0x2f/0x90
[   28.082405]  ? perf_duration_warn+0x50/0x50
[   28.082421]  ? __sanitizer_cov_trace_pc+0x25/0x60
[   28.082432]  ? write_comp_data+0x2f/0x90
[   28.082442]  ? write_comp_data+0x2f/0x90
[   28.082452]  ? write_comp_data+0x2f/0x90
[   28.082462]  ? write_comp_data+0x2f/0x90
[   28.082473]  intel_pmu_handle_irq+0x183/0x680
[   28.082483]  perf_event_nmi_handler+0x42/0x70
[   28.082502]  nmi_handle+0x63/0x160
[   28.082520]  default_do_nmi+0x77/0x190
[   28.082545]  exc_nmi+0x157/0x190
[   28.082560]  asm_exc_nmi+0xb6/0xff
[   28.082577] RIP: 0033:0x7ffa6271459d
[   28.082585] Code: 00 c3 66 2e 0f 1f 84 00 00 00 00 00 90 f3 0f 1e fa 48 89 f8 48 89 f7 48 89 d6 48 89 ca 4d 89 c2 4d 89 c8 4c 8b 4c 24 08 0f 05 <48> 3d 01 f0 ff ff 73 01 c3 48 8b 0d d3 08 0d 00 f7 d8 64 89 01 48
[   28.082595] RSP: 002b:00007ffc2b214f38 EFLAGS: 00000202
[   28.082601] RAX: 0000000000000003 RBX: 0000000000000000 RCX: 00007ffa6271459d
[   28.082607] RDX: 0000000000000000 RSI: 0000000000000000 RDI: 0000000020000200
[   28.082613] RBP: 00007ffc2b214f40 R08: 0000000000000003 R09: 0000000000401a80
[   28.082618] R10: 00000000ffffffff R11: 0000000000000202 R12: 00000000004010e0
[   28.082624] R13: 00007ffc2b215020 R14: 0000000000000000 R15: 0000000000000000
[   28.082632]  </TASK>
[   28.082636] ---[ end trace 0000000000000000 ]---
[   28.082718] perf: interrupt took too long (4278 > 2500), lowering kernel.perf_event_max_sample_rate to 46750
[   28.228522] perf: interrupt took too long (5412 > 5347), lowering kernel.perf_event_max_sample_rate to 36750
[   28.516316] perf: interrupt took too long (6846 > 6765), lowering kernel.perf_event_max_sample_rate to 29000
[   28.922941] perf: interrupt took too long (8648 > 8557), lowering kernel.perf_event_max_sample_rate to 23000
[   29.631075] perf: interrupt took too long (10828 > 10810), lowering kernel.perf_event_max_sample_rate to 18250
[   30.332391] perf: interrupt took too long (13590 > 13535), lowering kernel.perf_event_max_sample_rate to 14500
[   31.752444] perf: interrupt took too long (17057 > 16987), lowering kernel.perf_event_max_sample_rate to 11500
[   34.180763] perf: interrupt took too long (21394 > 21321), lowering kernel.perf_event_max_sample_rate to 9250
[   40.463097] perf: interrupt took too long (26773 > 26742), lowering kernel.perf_event_max_sample_rate to 7250
