c[?7l[2J[0mSeaBIOS (version rel-1.16.0-0-gd239552ce722-prebuilt.qemu.org)


iPXE (http://ipxe.org) 00:03.0 CA00 PCI2.10 PnP PMM+7FF91000+7FEF1000 CA00
Press Ctrl-B to configure iPXE (PCI 00:03.0)...                                                                               


Booting from ROM..c[?7l[2J[    0.000000] Linux version 6.1.0-rc2-2eb824f68d8c+ (root@p-tglh01.sh.intel.com) (gcc (GCC) 8.5.0 20210514 (Red Hat 8.5.0-17), GNU ld version 2.36.1-2.el8) #1 SMP PREEMPT_DYNAMIC Mon Nov 14 16:35:54 CST 2022
[    0.000000] Command line: console=ttyS0 root=/dev/sda earlyprintk=serial net.ifnames=0
[    0.000000] KERNEL supported cpus:
[    0.000000]   Intel GenuineIntel
[    0.000000]   AMD AuthenticAMD
[    0.000000]   Hygon HygonGenuine
[    0.000000]   Centaur CentaurHauls
[    0.000000]   zhaoxin   Shanghai  
[    0.000000] x86/fpu: Supporting XSAVE feature 0x001: 'x87 floating point registers'
[    0.000000] x86/fpu: Supporting XSAVE feature 0x002: 'SSE registers'
[    0.000000] x86/fpu: Supporting XSAVE feature 0x004: 'AVX registers'
[    0.000000] x86/fpu: Supporting XSAVE feature 0x020: 'AVX-512 opmask'
[    0.000000] x86/fpu: Supporting XSAVE feature 0x040: 'AVX-512 Hi256'
[    0.000000] x86/fpu: Supporting XSAVE feature 0x080: 'AVX-512 ZMM_Hi256'
[    0.000000] x86/fpu: Supporting XSAVE feature 0x200: 'Protection Keys User registers'
[    0.000000] x86/fpu: xstate_offset[2]:  576, xstate_sizes[2]:  256
[    0.000000] x86/fpu: xstate_offset[5]:  832, xstate_sizes[5]:   64
[    0.000000] x86/fpu: xstate_offset[6]:  896, xstate_sizes[6]:  512
[    0.000000] x86/fpu: xstate_offset[7]: 1408, xstate_sizes[7]: 1024
[    0.000000] x86/fpu: xstate_offset[9]: 2432, xstate_sizes[9]:    8
[    0.000000] x86/fpu: Enabled xstate features 0x2e7, context size is 2440 bytes, using 'compacted' format.
[    0.000000] signal: max sigframe size: 3632
[    0.000000] BIOS-provided physical RAM map:
[    0.000000] BIOS-e820: [mem 0x0000000000000000-0x000000000009fbff] usable
[    0.000000] BIOS-e820: [mem 0x000000000009fc00-0x000000000009ffff] reserved
[    0.000000] BIOS-e820: [mem 0x00000000000f0000-0x00000000000fffff] reserved
[    0.000000] BIOS-e820: [mem 0x0000000000100000-0x000000007ffdffff] usable
[    0.000000] BIOS-e820: [mem 0x000000007ffe0000-0x000000007fffffff] reserved
[    0.000000] BIOS-e820: [mem 0x00000000feffc000-0x00000000feffffff] reserved
[    0.000000] BIOS-e820: [mem 0x00000000fffc0000-0x00000000ffffffff] reserved
[    0.000000] printk: bootconsole [earlyser0] enabled
[    0.000000] NX (Execute Disable) protection: active
[    0.000000] SMBIOS 2.8 present.
[    0.000000] DMI: QEMU Standard PC (i440FX + PIIX, 1996), BIOS rel-1.16.0-0-gd239552ce722-prebuilt.qemu.org 04/01/2014
[    0.000000] Hypervisor detected: KVM
[    0.000000] kvm-clock: Using msrs 4b564d01 and 4b564d00
[    0.000002] kvm-clock: using sched offset of 335409022 cycles
[    0.000411] clocksource: kvm-clock: mask: 0xffffffffffffffff max_cycles: 0x1cd42e4dffb, max_idle_ns: 881590591483 ns
[    0.001683] tsc: Detected 3110.400 MHz processor
[    0.008841] last_pfn = 0x7ffe0 max_arch_pfn = 0x400000000
[    0.009314] x86/PAT: Configuration [0-7]: WB  WC  UC- UC  WB  WP  UC- WT  
[    0.016334] found SMP MP-table at [mem 0x000f5ba0-0x000f5baf]
[    0.016843] Using GB pages for direct mapping
[    0.018193] ACPI: Early table checksum verification disabled
[    0.018659] ACPI: RSDP 0x00000000000F59C0 000014 (v00 BOCHS )
[    0.019138] ACPI: RSDT 0x000000007FFE1951 000034 (v01 BOCHS  BXPC     00000001 BXPC 00000001)
[    0.019877] ACPI: FACP 0x000000007FFE17FD 000074 (v01 BOCHS  BXPC     00000001 BXPC 00000001)
[    0.020585] ACPI: DSDT 0x000000007FFE0040 0017BD (v01 BOCHS  BXPC     00000001 BXPC 00000001)
[    0.021297] ACPI: FACS 0x000000007FFE0000 000040
[    0.021690] ACPI: APIC 0x000000007FFE1871 000080 (v01 BOCHS  BXPC     00000001 BXPC 00000001)
[    0.022364] ACPI: HPET 0x000000007FFE18F1 000038 (v01 BOCHS  BXPC     00000001 BXPC 00000001)
[    0.023037] ACPI: WAET 0x000000007FFE1929 000028 (v01 BOCHS  BXPC     00000001 BXPC 00000001)
[    0.023706] ACPI: Reserving FACP table memory at [mem 0x7ffe17fd-0x7ffe1870]
[    0.024252] ACPI: Reserving DSDT table memory at [mem 0x7ffe0040-0x7ffe17fc]
[    0.024797] ACPI: Reserving FACS table memory at [mem 0x7ffe0000-0x7ffe003f]
[    0.025341] ACPI: Reserving APIC table memory at [mem 0x7ffe1871-0x7ffe18f0]
[    0.025896] ACPI: Reserving HPET table memory at [mem 0x7ffe18f1-0x7ffe1928]
[    0.026441] ACPI: Reserving WAET table memory at [mem 0x7ffe1929-0x7ffe1950]
[    0.027848] No NUMA configuration found
[    0.028147] Faking a node at [mem 0x0000000000000000-0x000000007ffdffff]
[    0.028730] NODE_DATA(0) allocated [mem 0x7ffb5000-0x7ffdffff]
[    0.032156] Zone ranges:
[    0.032354]   DMA      [mem 0x0000000000001000-0x0000000000ffffff]
[    0.032838]   DMA32    [mem 0x0000000001000000-0x000000007ffdffff]
[    0.033317]   Normal   empty
[    0.033551]   Device   empty
[    0.033778] Movable zone start for each node
[    0.034119] Early memory node ranges
[    0.034397]   node   0: [mem 0x0000000000001000-0x000000000009efff]
[    0.034885]   node   0: [mem 0x0000000000100000-0x000000007ffdffff]
[    0.035376] Initmem setup node 0 [mem 0x0000000000001000-0x000000007ffdffff]
[    0.036658] On node 0, zone DMA: 1 pages in unavailable ranges
[    0.036676] On node 0, zone DMA: 97 pages in unavailable ranges
[    0.050037] On node 0, zone DMA32: 32 pages in unavailable ranges
[    0.050807] ACPI: PM-Timer IO Port: 0x608
[    0.051634] ACPI: LAPIC_NMI (acpi_id[0xff] dfl dfl lint[0x1])
[    0.052128] IOAPIC[0]: apic_id 0, version 17, address 0xfec00000, GSI 0-23
[    0.052676] ACPI: INT_SRC_OVR (bus 0 bus_irq 0 global_irq 2 dfl dfl)
[    0.053179] ACPI: INT_SRC_OVR (bus 0 bus_irq 5 global_irq 5 high level)
[    0.053720] ACPI: INT_SRC_OVR (bus 0 bus_irq 9 global_irq 9 high level)
[    0.054248] ACPI: INT_SRC_OVR (bus 0 bus_irq 10 global_irq 10 high level)
[    0.054786] ACPI: INT_SRC_OVR (bus 0 bus_irq 11 global_irq 11 high level)
[    0.055338] ACPI: Using ACPI (MADT) for SMP configuration information
[    0.055849] ACPI: HPET id: 0x8086a201 base: 0xfed00000
[    0.056273] TSC deadline timer available
[    0.056586] smpboot: Allowing 2 CPUs, 0 hotplug CPUs
[    0.057010] kvm-guest: KVM setup pv remote TLB flush
[    0.057410] kvm-guest: setup PV sched yield
[    0.057780] PM: hibernation: Registered nosave memory: [mem 0x00000000-0x00000fff]
[    0.058386] PM: hibernation: Registered nosave memory: [mem 0x0009f000-0x0009ffff]
[    0.058990] PM: hibernation: Registered nosave memory: [mem 0x000a0000-0x000effff]
[    0.059583] PM: hibernation: Registered nosave memory: [mem 0x000f0000-0x000fffff]
[    0.060186] [mem 0x80000000-0xfeffbfff] available for PCI devices
[    0.060667] Booting paravirtualized kernel on KVM
[    0.061040] clocksource: refined-jiffies: mask: 0xffffffff max_cycles: 0xffffffff, max_idle_ns: 7645519600211568 ns
[    0.061886] setup_percpu: NR_CPUS:8192 nr_cpumask_bits:2 nr_cpu_ids:2 nr_node_ids:1
[    0.062737] percpu: Embedded 62 pages/cpu s217088 r8192 d28672 u1048576
[    0.063461] kvm-guest: PV spinlocks enabled
[    0.063804] PV qspinlock hash table entries: 256 (order: 0, 4096 bytes, linear)
[    0.064413] Fallback order for Node 0: 0 
[    0.064740] Built 1 zonelists, mobility grouping on.  Total pages: 515808
[    0.065284] Policy zone: DMA32
[    0.065538] Kernel command line: net.ifnames=0 console=ttyS0 root=/dev/sda earlyprintk=serial net.ifnames=0
[    0.066826] Dentry cache hash table entries: 262144 (order: 9, 2097152 bytes, linear)
[    0.067514] Inode-cache hash table entries: 131072 (order: 8, 1048576 bytes, linear)
[    0.068233] mem auto-init: stack:off, heap alloc:off, heap free:off
[    0.071662] Memory: 1999736K/2096632K available (30736K kernel code, 4079K rwdata, 7524K rodata, 3624K init, 10528K bss, 96640K reserved, 0K cma-reserved)
[    0.073749] SLUB: HWalign=64, Order=0-3, MinObjects=0, CPUs=2, Nodes=1
[    0.074251] kmemleak: Kernel memory leak detector disabled
[    0.074694] ftrace: allocating 66318 entries in 260 pages
[    0.101338] ftrace: allocated 260 pages with 2 groups
[    0.103162] Dynamic Preempt: voluntary
[    0.103531] rcu: Preemptible hierarchical RCU implementation.
[    0.103962] rcu: 	RCU restricting CPUs from NR_CPUS=8192 to nr_cpu_ids=2.
[    0.104479] 	Trampoline variant of Tasks RCU enabled.
[    0.104858] 	Rude variant of Tasks RCU enabled.
[    0.105198] 	Tracing variant of Tasks RCU enabled.
[    0.105568] rcu: RCU calculated value of scheduler-enlistment delay is 25 jiffies.
[    0.106137] rcu: Adjusting geometry for rcu_fanout_leaf=16, nr_cpu_ids=2
[    0.129993] NR_IRQS: 524544, nr_irqs: 440, preallocated irqs: 16
[    0.130726] rcu: srcu_init: Setting srcu_struct sizes based on contention.
[    0.138034] Console: colour VGA+ 80x25
[    0.138378] printk: console [ttyS0] enabled
[    0.138378] printk: console [ttyS0] enabled
[    0.139029] printk: bootconsole [earlyser0] disabled
[    0.139029] printk: bootconsole [earlyser0] disabled
[    0.139831] ACPI: Core revision 20220331
[    0.140347] clocksource: hpet: mask: 0xffffffff max_cycles: 0xffffffff, max_idle_ns: 19112604467 ns
[    0.141140] APIC: Switch to symmetric I/O mode setup
[    0.141738] x2apic enabled
[    0.142132] Switched APIC routing to physical x2apic.
[    0.142538] kvm-guest: setup PV IPIs
[    0.143621] ..TIMER: vector=0x30 apic1=0 pin1=2 apic2=-1 pin2=-1
[    0.144144] clocksource: tsc-early: mask: 0xffffffffffffffff max_cycles: 0x2cd5a8bb032, max_idle_ns: 440795365915 ns
[    0.144968] Calibrating delay loop (skipped) preset value.. 6220.80 BogoMIPS (lpj=12441600)
[    0.148969] pid_max: default: 32768 minimum: 301
[    0.149505] LSM: Security Framework initializing
[    0.149880] Yama: becoming mindful.
[    0.150334] Mount-cache hash table entries: 4096 (order: 3, 32768 bytes, linear)
[    0.150929] Mountpoint-cache hash table entries: 4096 (order: 3, 32768 bytes, linear)
[    0.152296] x86/cpu: User Mode Instruction Prevention (UMIP) activated
[    0.153159] Last level iTLB entries: 4KB 0, 2MB 0, 4MB 0
[    0.153613] Last level dTLB entries: 4KB 0, 2MB 0, 4MB 0, 1GB 0
[    0.154087] Spectre V1 : Mitigation: usercopy/swapgs barriers and __user pointer sanitization
[    0.154745] Spectre V2 : WARNING: Unprivileged eBPF is enabled with eIBRS on, data leaks possible via Spectre v2 BHB attacks!
[    0.155609] Spectre V2 : Mitigation: Enhanced IBRS
[    0.155957] Spectre V2 : Spectre v2 / SpectreRSB mitigation: Filling RSB on context switch
[    0.156966] Spectre V2 : Spectre v2 / PBRSB-eIBRS: Retire a single CALL on VMEXIT
[    0.157521] Spectre V2 : mitigation: Enabling conditional Indirect Branch Prediction Barrier
[    0.158127] Speculative Store Bypass: Mitigation: Speculative Store Bypass disabled via prctl
[    0.254427] Freeing SMP alternatives memory: 56K
[    0.254970] smpboot: CPU0: Genuine Intel(R) CPU 0000 @ 2.20GHz (family: 0x6, model: 0x8d, stepping: 0x0)
[    0.255908] cblist_init_generic: Setting adjustable number of callback queues.
[    0.256432] cblist_init_generic: Setting shift to 1 and lim to 1.
[    0.256901] cblist_init_generic: Setting shift to 1 and lim to 1.
[    0.256963] cblist_init_generic: Setting shift to 1 and lim to 1.
[    0.256963] Performance Events: Icelake events, full-width counters, Intel PMU driver.
[    0.256963] ... version:                2
[    0.256963] ... bit width:              48
[    0.256966] ... generic registers:      8
[    0.257261] ... value mask:             0000ffffffffffff
[    0.257646] ... max period:             00007fffffffffff
[    0.258030] ... fixed-purpose events:   3
[    0.258323] ... event mask:             00000007000000ff
[    0.258875] rcu: Hierarchical SRCU implementation.
[    0.259239] rcu: 	Max phase no-delay instances is 1000.
[    0.261481] smp: Bringing up secondary CPUs ...
[    0.262046] x86: Booting SMP configuration:
[    0.262356] .... node  #0, CPUs:      #1
[    0.262710] smp: Brought up 1 node, 2 CPUs
[    0.262710] smpboot: Max logical packages: 1
[    0.262710] smpboot: Total of 2 processors activated (12441.60 BogoMIPS)
[    0.262834] devtmpfs: initialized
[    0.265087] x86/mm: Memory block size: 128MB
[    0.266410] clocksource: jiffies: mask: 0xffffffff max_cycles: 0xffffffff, max_idle_ns: 7645041785100000 ns
[    0.266410] futex hash table entries: 512 (order: 3, 32768 bytes, linear)
[    0.266532] pinctrl core: initialized pinctrl subsystem
[    0.267127] 
[    0.267246] *************************************************************
[    0.268967] **     NOTICE NOTICE NOTICE NOTICE NOTICE NOTICE NOTICE    **
[    0.269455] **                                                         **
[    0.269943] **  IOMMU DebugFS SUPPORT HAS BEEN ENABLED IN THIS KERNEL  **
[    0.270438] **                                                         **
[    0.270944] ** This means that this kernel is built to expose internal **
[    0.271437] ** IOMMU data structures, which may compromise security on **
[    0.271925] ** your system.                                            **
[    0.272415] **                                                         **
[    0.272903] ** If you see this message and you are not debugging the   **
[    0.272968] ** kernel, report this immediately to your vendor!         **
[    0.273456] **                                                         **
[    0.273950] **     NOTICE NOTICE NOTICE NOTICE NOTICE NOTICE NOTICE    **
[    0.274445] *************************************************************
[    0.274973] PM: RTC time: 08:36:25, date: 2022-11-14
[    0.277959] NET: Registered PF_NETLINK/PF_ROUTE protocol family
[    0.278733] DMA: preallocated 256 KiB GFP_KERNEL pool for atomic allocations
[    0.279251] DMA: preallocated 256 KiB GFP_KERNEL|GFP_DMA pool for atomic allocations
[    0.279816] DMA: preallocated 256 KiB GFP_KERNEL|GFP_DMA32 pool for atomic allocations
[    0.280416] audit: initializing netlink subsys (disabled)
[    0.280869] audit: type=2000 audit(1668414985.704:1): state=initialized audit_enabled=0 res=1
[    0.281234] thermal_sys: Registered thermal governor 'fair_share'
[    0.281600] thermal_sys: Registered thermal governor 'bang_bang'
[    0.282060] thermal_sys: Registered thermal governor 'step_wise'
[    0.282512] thermal_sys: Registered thermal governor 'user_space'
[    0.282959] cpuidle: using governor ladder
[    0.283701] cpuidle: using governor menu
[    0.284234] acpiphp: ACPI Hot Plug PCI Controller Driver version: 0.5
[    0.284927] PCI: Using configuration type 1 for base access
[    0.292507] kprobes: kprobe jump-optimization is enabled. All kprobes are optimized if possible.
[    0.479593] HugeTLB: registered 1.00 GiB page size, pre-allocated 0 pages
[    0.480115] HugeTLB: 16380 KiB vmemmap can be freed for a 1.00 GiB page
[    0.480611] HugeTLB: registered 2.00 MiB page size, pre-allocated 0 pages
[    0.480974] HugeTLB: 28 KiB vmemmap can be freed for a 2.00 MiB page
[    0.482230] ACPI: Added _OSI(Module Device)
[    0.482551] ACPI: Added _OSI(Processor Device)
[    0.482886] ACPI: Added _OSI(3.0 _SCP Extensions)
[    0.483238] ACPI: Added _OSI(Processor Aggregator Device)
[    0.487267] ACPI: 1 ACPI AML tables successfully acquired and loaded
[    0.489799] ACPI: Interpreter enabled
[    0.490136] ACPI: PM: (supports S0 S3 S4 S5)
[    0.490457] ACPI: Using IOAPIC for interrupt routing
[    0.490849] PCI: Using host bridge windows from ACPI; if necessary, use "pci=nocrs" and report a bug
[    0.491524] PCI: Using E820 reservations for host bridge windows
[    0.492398] ACPI: Enabled 2 GPEs in block 00 to 0F
[    0.502614] ACPI: PCI Root Bridge [PCI0] (domain 0000 [bus 00-ff])
[    0.503090] acpi PNP0A03:00: _OSC: OS supports [ASPM ClockPM Segments MSI EDR HPX-Type3]
[    0.503692] acpi PNP0A03:00: _OSC: not requesting OS control; OS requires [ExtendedConfig ASPM ClockPM MSI]
[    0.504435] acpi PNP0A03:00: fail to add MMCONFIG information, can't access extended PCI configuration space under this bridge.
[    0.506257] acpiphp: Slot [3] registered
[    0.506606] acpiphp: Slot [4] registered
[    0.506947] acpiphp: Slot [5] registered
[    0.507288] acpiphp: Slot [6] registered
[    0.507630] acpiphp: Slot [7] registered
[    0.507978] acpiphp: Slot [8] registered
[    0.508319] acpiphp: Slot [9] registered
[    0.508670] acpiphp: Slot [10] registered
[    0.509011] acpiphp: Slot [11] registered
[    0.509356] acpiphp: Slot [12] registered
[    0.509701] acpiphp: Slot [13] registered
[    0.510046] acpiphp: Slot [14] registered
[    0.510390] acpiphp: Slot [15] registered
[    0.510741] acpiphp: Slot [16] registered
[    0.511088] acpiphp: Slot [17] registered
[    0.511443] acpiphp: Slot [18] registered
[    0.511796] acpiphp: Slot [19] registered
[    0.512151] acpiphp: Slot [20] registered
[    0.512504] acpiphp: Slot [21] registered
[    0.512856] acpiphp: Slot [22] registered
[    0.513017] acpiphp: Slot [23] registered
[    0.513372] acpiphp: Slot [24] registered
[    0.513732] acpiphp: Slot [25] registered
[    0.514085] acpiphp: Slot [26] registered
[    0.514439] acpiphp: Slot [27] registered
[    0.514791] acpiphp: Slot [28] registered
[    0.515149] acpiphp: Slot [29] registered
[    0.515502] acpiphp: Slot [30] registered
[    0.515855] acpiphp: Slot [31] registered
[    0.516177] PCI host bridge to bus 0000:00
[    0.516493] pci_bus 0000:00: root bus resource [io  0x0000-0x0cf7 window]
[    0.516967] pci_bus 0000:00: root bus resource [io  0x0d00-0xffff window]
[    0.517485] pci_bus 0000:00: root bus resource [mem 0x000a0000-0x000bffff window]
[    0.518052] pci_bus 0000:00: root bus resource [mem 0x80000000-0xfebfffff window]
[    0.518625] pci_bus 0000:00: root bus resource [mem 0x100000000-0x17fffffff window]
[    0.519206] pci_bus 0000:00: root bus resource [bus 00-ff]
[    0.519677] pci 0000:00:00.0: [8086:1237] type 00 class 0x060000
[    0.522101] pci 0000:00:01.0: [8086:7000] type 00 class 0x060100
[    0.523044] pci 0000:00:01.1: [8086:7010] type 00 class 0x010180
[    0.524758] pci 0000:00:01.1: reg 0x20: [io  0xc040-0xc04f]
[    0.525537] pci 0000:00:01.1: legacy IDE quirk: reg 0x10: [io  0x01f0-0x01f7]
[    0.526066] pci 0000:00:01.1: legacy IDE quirk: reg 0x14: [io  0x03f6]
[    0.526549] pci 0000:00:01.1: legacy IDE quirk: reg 0x18: [io  0x0170-0x0177]
[    0.527075] pci 0000:00:01.1: legacy IDE quirk: reg 0x1c: [io  0x0376]
[    0.527733] pci 0000:00:01.3: [8086:7113] type 00 class 0x068000
[    0.528661] pci 0000:00:01.3: quirk: [io  0x0600-0x063f] claimed by PIIX4 ACPI
[    0.528973] pci 0000:00:01.3: quirk: [io  0x0700-0x070f] claimed by PIIX4 SMB
[    0.529688] pci 0000:00:02.0: [1234:1111] type 00 class 0x030000
[    0.531388] pci 0000:00:02.0: reg 0x10: [mem 0xfd000000-0xfdffffff pref]
[    0.533165] pci 0000:00:02.0: reg 0x18: [mem 0xfebf0000-0xfebf0fff]
[    0.536567] pci 0000:00:02.0: reg 0x30: [mem 0xfebe0000-0xfebeffff pref]
[    0.537072] pci 0000:00:02.0: Video device with shadowed ROM at [mem 0x000c0000-0x000dffff]
[    0.539694] pci 0000:00:03.0: [8086:100e] type 00 class 0x020000
[    0.540648] pci 0000:00:03.0: reg 0x10: [mem 0xfebc0000-0xfebdffff]
[    0.541413] pci 0000:00:03.0: reg 0x14: [io  0xc000-0xc03f]
[    0.543991] pci 0000:00:03.0: reg 0x30: [mem 0xfeb80000-0xfebbffff pref]
[    0.553543] ACPI: PCI: Interrupt link LNKA configured for IRQ 10
[    0.554263] ACPI: PCI: Interrupt link LNKB configured for IRQ 10
[    0.554974] ACPI: PCI: Interrupt link LNKC configured for IRQ 11
[    0.555684] ACPI: PCI: Interrupt link LNKD configured for IRQ 11
[    0.556278] ACPI: PCI: Interrupt link LNKS configured for IRQ 9
[    0.557450] iommu: Default domain type: Translated 
[    0.557821] iommu: DMA domain TLB invalidation policy: lazy mode 
[    0.558770] SCSI subsystem initialized
[    0.559226] ACPI: bus type USB registered
[    0.559570] usbcore: registered new interface driver usbfs
[    0.560021] usbcore: registered new interface driver hub
[    0.560430] usbcore: registered new device driver usb
[    0.560870] pps_core: LinuxPPS API ver. 1 registered
[    0.560970] pps_core: Software ver. 5.3.6 - Copyright 2005-2007 Rodolfo Giometti <giometti@linux.it>
[    0.561646] PTP clock support registered
[    0.562022] EDAC MC: Ver: 3.0.0
[    0.562976] NetLabel: Initializing
[    0.563237] NetLabel:  domain hash size = 128
[    0.563569] NetLabel:  protocols = UNLABELED CIPSOv4 CALIPSO
[    0.564027] NetLabel:  unlabeled traffic allowed by default
[    0.564575] PCI: Using ACPI for IRQ routing
[    0.565036] pci 0000:00:02.0: vgaarb: setting as boot VGA device
[    0.565486] pci 0000:00:02.0: vgaarb: bridge control possible
[    0.565915] pci 0000:00:02.0: vgaarb: VGA device added: decodes=io+mem,owns=io+mem,locks=none
[    0.566546] vgaarb: loaded
[    0.566980] hpet0: at MMIO 0xfed00000, IRQs 2, 8, 0
[    0.567360] hpet0: 3 comparators, 64-bit 100.000000 MHz counter
[    2.711627] clocksource: Switched to clocksource kvm-clock
[    2.790693] VFS: Disk quotas dquot_6.6.0
[    2.791040] VFS: Dquot-cache hash table entries: 512 (order 0, 4096 bytes)
[    2.791678] pnp: PnP ACPI init
[    2.793120] pnp: PnP ACPI: found 6 devices
[    2.802596] clocksource: acpi_pm: mask: 0xffffff max_cycles: 0xffffff, max_idle_ns: 2085701024 ns
[    2.803515] NET: Registered PF_INET protocol family
[    2.804089] IP idents hash table entries: 32768 (order: 6, 262144 bytes, linear)
[    2.805774] tcp_listen_portaddr_hash hash table entries: 1024 (order: 2, 16384 bytes, linear)
[    2.806415] Table-perturb hash table entries: 65536 (order: 6, 262144 bytes, linear)
[    2.806985] TCP established hash table entries: 16384 (order: 5, 131072 bytes, linear)
[    2.807654] TCP bind hash table entries: 16384 (order: 7, 524288 bytes, linear)
[    2.808309] TCP: Hash tables configured (established 16384 bind 16384)
[    2.808816] UDP hash table entries: 1024 (order: 3, 32768 bytes, linear)
[    2.809323] UDP-Lite hash table entries: 1024 (order: 3, 32768 bytes, linear)
[    2.809928] NET: Registered PF_UNIX/PF_LOCAL protocol family
[    2.810675] RPC: Registered named UNIX socket transport module.
[    2.811114] RPC: Registered udp transport module.
[    2.811467] RPC: Registered tcp transport module.
[    2.811811] RPC: Registered tcp NFSv4.1 backchannel transport module.
[    2.812300] pci_bus 0000:00: resource 4 [io  0x0000-0x0cf7 window]
[    2.812753] pci_bus 0000:00: resource 5 [io  0x0d00-0xffff window]
[    2.813214] pci_bus 0000:00: resource 6 [mem 0x000a0000-0x000bffff window]
[    2.813718] pci_bus 0000:00: resource 7 [mem 0x80000000-0xfebfffff window]
[    2.814215] pci_bus 0000:00: resource 8 [mem 0x100000000-0x17fffffff window]
[    2.814862] pci 0000:00:01.0: PIIX3: Enabling Passive Release
[    2.815297] pci 0000:00:00.0: Limiting direct PCI/PCI transfers
[    2.815809] PCI: CLS 0 bytes, default 64
[    2.816269] clocksource: tsc: mask: 0xffffffffffffffff max_cycles: 0x2cd5a8bb032, max_idle_ns: 440795365915 ns
[    2.818718] Initialise system trusted keyrings
[    2.819088] Key type blacklist registered
[    2.819473] workingset: timestamp_bits=36 max_order=19 bucket_order=0
[    2.824280] zbud: loaded
[    2.825314] squashfs: version 4.0 (2009/01/31) Phillip Lougher
[    2.826811] NFS: Registering the id_resolver key type
[    2.827215] Key type id_resolver registered
[    2.827536] Key type id_legacy registered
[    2.827891] nfs4filelayout_init: NFSv4 File Layout Driver Registering...
[    2.828395] nfs4flexfilelayout_init: NFSv4 Flexfile Layout Driver Registering...
[    2.829027] fuse: init (API version 7.37)
[    2.829609] SGI XFS with ACLs, security attributes, realtime, quota, no debug enabled
[    2.831044] 9p: Installing v9fs 9p2000 file system support
[    2.838616] Key type asymmetric registered
[    2.838926] Asymmetric key parser 'x509' registered
[    2.839875] alg: self-tests for CTR-KDF (hmac(sha256)) passed
[    2.840336] Block layer SCSI generic (bsg) driver version 0.4 loaded (major 243)
[    2.840936] io scheduler mq-deadline registered
[    2.841347] io scheduler bfq registered
[    2.842062] shpchp: Standard Hot Plug PCI Controller Driver version: 0.4
[    2.842703] IPMI message handler: version 39.2
[    2.843044] ipmi device interface
[    2.844108] input: Power Button as /devices/LNXSYSTM:00/LNXPWRBN:00/input/input0
[    2.844740] ACPI: button: Power Button [PWRF]
[    2.845688] ERST DBG: ERST support is disabled.
[    2.846383] Serial: 8250/16550 driver, 32 ports, IRQ sharing enabled
[    2.847190] 00:04: ttyS0 at I/O 0x3f8 (irq = 4, base_baud = 115200) is a 16550A
[    2.852104] Linux agpgart interface v0.103
[    2.852689] ACPI: bus type drm_connector registered
[    2.859701] brd: module loaded
[    2.863799] loop: module loaded
[    2.866091] scsi host0: ata_piix
[    2.866596] scsi host1: ata_piix
[    2.866923] ata1: PATA max MWDMA2 cmd 0x1f0 ctl 0x3f6 bmdma 0xc040 irq 14
[    2.867441] ata2: PATA max MWDMA2 cmd 0x170 ctl 0x376 bmdma 0xc048 irq 15
[    2.868465] tun: Universal TUN/TAP device driver, 1.6
[    2.868939] e100: Intel(R) PRO/100 Network Driver
[    2.869302] e100: Copyright(c) 1999-2006 Intel Corporation
[    2.869731] e1000: Intel(R) PRO/1000 Network Driver
[    2.870094] e1000: Copyright (c) 1999-2006 Intel Corporation.
[    2.944100] ACPI: \_SB_.LNKC: Enabled at IRQ 11
[    3.025118] ata2: found unknown device (class 0)
[    3.025759] ata1: found unknown device (class 0)
[    3.026664] ata1.00: ATA-7: QEMU HARDDISK, 2.5+, max UDMA/100
[    3.027107] ata1.00: 16777216 sectors, multi 16: LBA48 
[    3.027694] ata2.00: ATAPI: QEMU DVD-ROM, 2.5+, max UDMA/100
[    3.028954] scsi 0:0:0:0: Direct-Access     ATA      QEMU HARDDISK    2.5+ PQ: 0 ANSI: 5
[    3.029952] scsi 0:0:0:0: Attached scsi generic sg0 type 0
[    3.030822] sd 0:0:0:0: [sda] 16777216 512-byte logical blocks: (8.59 GB/8.00 GiB)
[    3.031432] scsi 1:0:0:0: CD-ROM            QEMU     QEMU DVD-ROM     2.5+ PQ: 0 ANSI: 5
[    3.032142] sd 0:0:0:0: [sda] Write Protect is off
[    3.032680] sd 0:0:0:0: [sda] Write cache: enabled, read cache: enabled, doesn't support DPO or FUA
[    3.033659] sd 0:0:0:0: [sda] Preferred minimum I/O size 512 bytes
[    3.062184] sd 0:0:0:0: [sda] Attached SCSI disk
[    3.069440] scsi 1:0:0:0: Attached scsi generic sg1 type 5
[    3.263674] e1000 0000:00:03.0 eth0: (PCI:33MHz:32-bit) 52:54:00:12:34:56
[    3.264207] e1000 0000:00:03.0 eth0: Intel(R) PRO/1000 Network Connection
[    3.264761] e1000e: Intel(R) PRO/1000 Network Driver
[    3.265131] e1000e: Copyright(c) 1999 - 2015 Intel Corporation.
[    3.265603] igb: Intel(R) Gigabit Ethernet Network Driver
[    3.265997] igb: Copyright (c) 2007-2014 Intel Corporation.
[    3.266467] PPP generic driver version 2.4.2
[    3.267084] VFIO - User Level meta-driver version: 0.3
[    3.267797] usbcore: registered new interface driver uas
[    3.268240] usbcore: registered new interface driver usb-storage
[    3.268769] i8042: PNP: PS/2 Controller [PNP0303:KBD,PNP0f13:MOU] at 0x60,0x64 irq 1,12
[    3.269904] serio: i8042 KBD port at 0x60,0x64 irq 1
[    3.270276] serio: i8042 AUX port at 0x60,0x64 irq 12
[    3.270958] mousedev: PS/2 mouse device common for all mice
[    3.271769] input: AT Translated Set 2 keyboard as /devices/platform/i8042/serio0/input/input1
[    3.272920] input: VirtualPS/2 VMware VMMouse as /devices/platform/i8042/serio1/input/input4
[    3.273504] rtc_cmos 00:05: registered as rtc0
[    3.274037] rtc_cmos 00:05: setting system clock to 2022-11-14T08:36:28 UTC (1668414988)
[    3.274753] rtc_cmos 00:05: alarms up to one day, 242 bytes nvram, hpet irqs
[    3.274919] input: VirtualPS/2 VMware VMMouse as /devices/platform/i8042/serio1/input/input3
[    3.275362] rtc_cmos 00:05: RTC can wake from S4
[    3.276367] i2c_dev: i2c /dev entries driver
[    3.276712] device-mapper: core: CONFIG_IMA_DISABLE_HTABLE is disabled. Duplicate IMA measurements will not be recorded in the IMA log.
[    3.277662] device-mapper: uevent: version 1.0.3
[    3.278178] device-mapper: ioctl: 4.47.0-ioctl (2022-07-28) initialised: dm-devel@redhat.com
[    3.278797] intel_pstate: CPU model not supported
[    3.279190] sdhci: Secure Digital Host Controller Interface driver
[    3.279655] sdhci: Copyright(c) Pierre Ossman
[    3.280021] sdhci-pltfm: SDHCI platform and OF driver helper
[    3.280484] ledtrig-cpu: registered to indicate activity on CPUs
[    3.281083] drop_monitor: Initializing network drop monitor service
[    3.281879] NET: Registered PF_INET6 protocol family
[    3.283187] Segment Routing with IPv6
[    3.283515] In-situ OAM (IOAM) with IPv6
[    3.283844] NET: Registered PF_PACKET protocol family
[    3.284369] 9pnet: Installing 9P2000 support
[    3.284726] Key type dns_resolver registered
[    3.285623] IPI shorthand broadcast: enabled
[    3.285981] sched_clock: Marking stable (3275741739, 9711224)->(3291595663, -6142700)
[    3.286830] registered taskstats version 1
[    3.287187] Loading compiled-in X.509 certificates
[    3.287852] zswap: loaded using pool lzo/zbud
[    3.288479] Key type .fscrypt registered
[    3.288782] Key type fscrypt-provisioning registered
[    3.289754] Key type encrypted registered
[    3.290075] ima: No TPM chip found, activating TPM-bypass!
[    3.290504] ima: Allocated hash algorithm: sha1
[    3.290861] ima: No architecture policies found
[    3.291224] evm: Initialising EVM extended attributes:
[    3.291615] evm: security.selinux
[    3.291867] evm: security.SMACK64
[    3.292120] evm: security.SMACK64EXEC
[    3.292397] evm: security.SMACK64TRANSMUTE
[    3.292705] evm: security.SMACK64MMAP
[    3.292992] evm: security.apparmor
[    3.293253] evm: security.ima
[    3.293475] evm: security.capability
[    3.293741] evm: HMAC attrs: 0x1
[    3.296004] PM:   Magic number: 14:510:624
[    3.296539] RAS: Correctable Errors collector initialized.
[    3.297205] md: Waiting for all devices to be available before autodetect
[    3.297565] md: If you don't use raid, use raid=noautodetect
[    3.297853] md: Autodetecting RAID arrays.
[    3.298063] md: autorun ...
[    3.298210] md: ... autorun DONE.
[    3.300656] EXT4-fs (sda): INFO: recovery required on readonly filesystem
[    3.301026] EXT4-fs (sda): write access will be enabled during recovery
[    3.370318] EXT4-fs (sda): recovery complete
[    3.377463] EXT4-fs (sda): mounted filesystem with ordered data mode. Quota mode: none.
[    3.377901] VFS: Mounted root (ext4 filesystem) readonly on device 8:0.
[    3.378556] devtmpfs: mounted
[    3.385647] Freeing unused decrypted memory: 2036K
[    3.387230] Freeing unused kernel image (initmem) memory: 3624K
[    3.387546] Write protecting the kernel read-only data: 40960k
[    3.389683] Freeing unused kernel image (text/rodata gap) memory: 2028K
[    3.390390] Freeing unused kernel image (rodata/data gap) memory: 668K
[    3.472852] x86/mm: Checked W+X mappings: passed, no W+X pages found.
[    3.473185] Run /sbin/init as init process
[    3.529882] systemd[1]: RTC configured in localtime, applying delta of 0 minutes to system time.
[    3.543168] systemd[1]: systemd 239 (239-49.el8) running in system mode. (+PAM +AUDIT +SELINUX +IMA -APPARMOR +SMACK +SYSVINIT +UTMP +LIBCRYPTSETUP +GCRYPT +GNUTLS +ACL +XZ +LZ4 +SECCOMP +BLKID +ELFUTILS +KMOD +IDN2 -IDN +PCRE2 default-hierarchy=legacy)
[    3.544354] systemd[1]: Detected virtualization kvm.
[    3.544618] systemd[1]: Detected architecture x86-64.

Welcome to [0;31mCentOS Stream 8[0m!

[    3.603497] systemd[1]: Set hostname to <test>.
[    4.612973] random: crng init done
[    4.683449] systemd[1]: Created slice User and Session Slice.
[[0;32m  OK  [0m] Created slice User and Session Slice.
[    4.684284] systemd[1]: Listening on initctl Compatibility Named Pipe.
[[0;32m  OK  [0m] Listening on initctl Compatibility Named Pipe.
[    4.685189] systemd[1]: Listening on LVM2 poll daemon socket.
[[0;32m  OK  [0m] Listening on LVM2 poll daemon socket.
[    4.685948] systemd[1]: Listening on multipathd control socket.
[[0;32m  OK  [0m] Listening on multipathd control socket.
[    4.686793] systemd[1]: Listening on Journal Socket.
[[0;32m  OK  [0m] Listening on Journal Socket.
[    4.688591] systemd[1]: Created slice system-getty.slice.
[[0;32m  OK  [0m] Created slice system-getty.slice.
[[0;32m  OK  [0m] Listening on udev Kernel Socket.
[[0;32m  OK  [0m] Created slice system-serial\x2dgetty.slice.
[[0;32m  OK  [0m] Created slice system-sshd\x2dkeygen.slice.
[[0;32m  OK  [0m] Listening on udev Control Socket.
         Starting udev Coldplug all Devices...
         Mounting Kernel Debug File System...
[[0;32m  OK  [0m] Reached target Slices.
[[0;32m  OK  [0m] Set up automount Arbitrary Executabâ€¦rmats File System Automount Point.
         Starting Load Kernel Modules...
[[0;32m  OK  [0m] Reached target Swap.
         Starting Remount Root and Kernel File Systems...
[[0;32m  OK  [0m] Listening on Device-mapper event daemon FIFOs.
         Starting Monitoring of LVM2 mirrorsâ€¦ng dmeventd or progress polling...
         Starting Setup Virtual Console...
[[0;32m  OK  [0m] Listening on RPCbind Server Activation Socket.
[[0;32m  OK  [0m] Reached target RPC Port Mapper.
         Mounting Huge Pages File System...
[[0;32m  OK  [0m] Listening on Journal Socket (/dev/log).
         Starting Journal Service...
[[0;32m  OK  [0m] Started Forward Password Requests to Wall Directory Watch.
[[0;32m  OK  [0m] Listening on Process Core Dump Socket.
         Mounting POSIX Message Queue File System...
[[0;32m  OK  [0m] Mounted Kernel Debug File System.
[[0;1;31mFAILED[0m] Failed to start Load Kernel Modules.
See 'systemctl status systemd-modules-load.service' for details.
[[0;32m  OK  [0m] Mounted Huge Pages File System.
[[0;32m  OK  [0m] Mounted POSIX Message Queue File System.
         Mounting Kernel Configuration File System...
[    4.863637] EXT4-fs (sda): re-mounted. Quota mode: none.
         Starting Apply Kernel Variables...
         Mounting FUSE Control File System...
[[0;32m  OK  [0m] Started Remount Root and Kernel File Systems.
[[0;32m  OK  [0m] Mounted Kernel Configuration File System.
         Starting Create Static Device Nodes in /dev...
         Starting Load/Save Random Seed...
[[0;32m  OK  [0m] Mounted FUSE Control File System.
[[0;32m  OK  [0m] Started Apply Kernel Variables.
[[0;32m  OK  [0m] Started Create Static Device Nodes in /dev.
         Starting udev Kernel Device Manager...
[[0;32m  OK  [0m] Started Load/Save Random Seed.
[[0;32m  OK  [0m] Started Journal Service.
         Starting Flush Journal to Persistent Storage...
[[0;32m  OK  [0m] Started udev Kernel Device Manager.
[[0;32m  OK  [0m] Started udev Coldplug all Devices.
         Starting udev Wait for Complete Device Initialization...
[[0;32m  OK  [0m] Started Setup Virtual Console.
[[0;32m  OK  [0m] Started Flush Journal to Persistent Storage.
         Starting Show Plymouth Boot Screen...
[[0;32m  OK  [0m] Started Show Plymouth Boot Screen.
[[0;32m  OK  [0m] Reached target Paths.
[[0;32m  OK  [0m] Reached target Local Encrypted Volumes.
[[0;32m  OK  [0m] Started Forward Password Requests to Plymouth Directory Watch.
[[0;32m  OK  [0m] Found device /dev/ttyS0.
[[0;32m  OK  [0m] Listening on Load/Save RF Kill Switch Status /dev/rfkill Watch.
[[0;32m  OK  [0m] Started udev Wait for Complete Device Initialization.
[[0;32m  OK  [0m] Started Monitoring of LVM2 mirrors,â€¦sing dmeventd or progress polling.
[[0;32m  OK  [0m] Reached target Local File Systems (Pre).
[[0;32m  OK  [0m] Reached target Local File Systems.
         Starting Tell Plymouth To Write Out Runtime Data...
         Starting Restore /run/initramfs on shutdown...
         Starting Create Volatile Files and Directories...
[[0;32m  OK  [0m] Started Tell Plymouth To Write Out Runtime Data.
[[0;32m  OK  [0m] Started Restore /run/initramfs on shutdown.
[[0;32m  OK  [0m] Started Create Volatile Files and Directories.
         Mounting RPC Pipe File System...
         Starting RPC Bind...
         Starting Security Auditing Service...
[[0;32m  OK  [0m] Mounted RPC Pipe File System.
[[0;32m  OK  [0m] Reached target rpc_pipefs.target.
[[0;32m  OK  [0m] Started RPC Bind.
[[0;32m  OK  [0m] Started Security Auditing Service.
         Starting Update UTMP about System Boot/Shutdown...
[[0;32m  OK  [0m] Started Update UTMP about System Boot/Shutdown.
[[0;32m  OK  [0m] Reached target System Initialization.
[[0;32m  OK  [0m] Started daily update of the root trust anchor for DNSSEC.
[[0;32m  OK  [0m] Listening on SSSD Kerberos Cache Manager responder socket.
[[0;32m  OK  [0m] Started Daily Cleanup of Temporary Directories.
[[0;32m  OK  [0m] Started dnf makecache --timer.
[[0;32m  OK  [0m] Reached target Timers.
[[0;32m  OK  [0m] Listening on D-Bus System Message Bus Socket.
[[0;32m  OK  [0m] Reached target Sockets.
[[0;32m  OK  [0m] Reached target Basic System.
[[0;32m  OK  [0m] Started Machine Check Exception Logging Daemon.
         Starting NTP client/server...
         Starting Auto-connect to subsystemsâ€¦-NVME devices found during boot...
         Starting Login Service...
[[0;32m  OK  [0m] Started irqbalance daemon.
[[0;32m  OK  [0m] Reached target sshd-keygen.target.
         Starting Self Monitoring and Reporting Technology (SMART) Daemon...
         Starting Authorization Manager...
[[0;32m  OK  [0m] Started D-Bus System Message Bus.
         Starting Network Manager...
[[0;32m  OK  [0m] Started Auto-connect to subsystems â€¦FC-NVME devices found during boot.
[[0;32m  OK  [0m] Started Self Monitoring and Reporting Technology (SMART) Daemon.
[[0;32m  OK  [0m] Started Login Service.
[[0;32m  OK  [0m] Started NTP client/server.
[[0;32m  OK  [0m] Started Network Manager.
         Starting Network Manager Wait Online...
[[0;32m  OK  [0m] Reached target Network.
         Starting GSSAPI Proxy Daemon...
         Starting Dynamic System Tuning Daemon...
         Starting OpenSSH server daemon...
[[0;32m  OK  [0m] Started Authorization Manager.
         Starting Hostname Service...
[[0;32m  OK  [0m] Started GSSAPI Proxy Daemon.
[[0;32m  OK  [0m] Reached target NFS client services.
[[0;32m  OK  [0m] Reached target Remote File Systems (Pre).
[[0;32m  OK  [0m] Reached target Remote File Systems.
         Starting Permit User Sessions...
[[0;32m  OK  [0m] Started OpenSSH server daemon.
[[0;32m  OK  [0m] Started Permit User Sessions.
         Starting Terminate Plymouth Boot Screen...
[[0;32m  OK  [0m] Started Command Scheduler.
         Starting Hold until boot process finishes up...
[    6.017112] e1000: eth0 NIC Link is Up 1000 Mbps Full Duplex, Flow Control: RX
[    6.017792] IPv6: ADDRCONF(NETDEV_CHANGE): eth0: link becomes ready
[    6.180262] Spectre V2 : WARNING: Unprivileged eBPF is enabled with eIBRS on, data leaks possible via Spectre v2 BHB attacks!
[    6.181162] Spectre V2 : WARNING: Unprivileged eBPF is enabled with eIBRS on, data leaks possible via Spectre v2 BHB attacks!

CentOS Stream 8
Kernel 6.1.0-rc2-2eb824f68d8c+ on an x86_64

test login: [   28.007550] ------------[ cut here ]------------
[   28.007554] WARNING: CPU: 0 PID: 577 at kernel/events/core.c:9313 __perf_event_overflow+0xfb/0x200
[   28.007584] Modules linked in:
[   28.007588] CPU: 0 PID: 577 Comm: repro Not tainted 6.1.0-rc2-2eb824f68d8c+ #1
[   28.007598] Hardware name: QEMU Standard PC (i440FX + PIIX, 1996), BIOS rel-1.16.0-0-gd239552ce722-prebuilt.qemu.org 04/01/2014
[   28.007606] RIP: 0010:__perf_event_overflow+0xfb/0x200
[   28.007616] Code: 84 ce 00 00 00 e8 85 32 ec ff 44 0f b6 a3 00 01 00 00 31 ff 41 83 e4 20 44 89 e6 e8 7f 33 ec ff 45 84 e4 74 07 e8 65 32 ec ff <0f> 0b e8 5e 32 ec ff 49 8b 46 30 48 8d bb 20 03 00 00 48 89 83 18
[   28.007625] RSP: 0000:ffffc90000f7fbd8 EFLAGS: 00010046
[   28.007631] RAX: 0000000000000000 RBX: ffff888004ed5ce0 RCX: ffffffff8138b6f1
[   28.007637] RDX: 0000000000000000 RSI: ffff88800f6fdf40 RDI: 0000000000000002
[   28.007643] RBP: ffffc90000f7fc08 R08: 0000000a3fef90d8 R09: 0000000000000000
[   28.007649] R10: 0000000000000000 R11: 0000000000000000 R12: 0000000000000020
[   28.007654] R13: 0000000000000000 R14: ffffc90000f7fc80 R15: ffffc90000f7ff58
[   28.007661] FS:  00007fc7cc57f740(0000) GS:ffff88807dc00000(0000) knlGS:0000000000000000
[   28.007669] CS:  0010 DS: 0000 ES: 0000 CR0: 0000000080050033
[   28.007675] CR2: 0000000020000200 CR3: 000000000a5a6005 CR4: 0000000000770ef0
[   28.007683] PKRU: 55555554
[   28.007685] Call Trace:
[   28.007688]  <TASK>
[   28.007692]  perf_event_overflow+0x33/0x40
[   28.007706]  handle_pmi_common+0x2d8/0x560
[   28.007715]  ? generic_exec_single+0xf7/0x150
[   28.007728]  ? write_comp_data+0x2f/0x90
[   28.007739]  ? __sanitizer_cov_trace_pc+0x25/0x60
[   28.007750]  ? smp_call_function_single+0x16d/0x240
[   28.007761]  ? perf_duration_warn+0x50/0x50
[   28.007778]  ? write_comp_data+0x2f/0x90
[   28.007788]  ? perf_duration_warn+0x50/0x50
[   28.007804]  ? __sanitizer_cov_trace_pc+0x25/0x60
[   28.007815]  ? write_comp_data+0x2f/0x90
[   28.007825]  ? write_comp_data+0x2f/0x90
[   28.007835]  ? write_comp_data+0x2f/0x90
[   28.007845]  ? write_comp_data+0x2f/0x90
[   28.007855]  intel_pmu_handle_irq+0x183/0x680
[   28.007866]  perf_event_nmi_handler+0x42/0x70
[   28.007882]  nmi_handle+0x63/0x160
[   28.007898]  default_do_nmi+0x77/0x190
[   28.007916]  exc_nmi+0x157/0x190
[   28.007931]  asm_exc_nmi+0xb6/0xff
[   28.007946] RIP: 0033:0x7fc7cc6a459d
[   28.007953] Code: 00 c3 66 2e 0f 1f 84 00 00 00 00 00 90 f3 0f 1e fa 48 89 f8 48 89 f7 48 89 d6 48 89 ca 4d 89 c2 4d 89 c8 4c 8b 4c 24 08 0f 05 <48> 3d 01 f0 ff ff 73 01 c3 48 8b 0d d3 08 0d 00 f7 d8 64 89 01 48
[   28.007961] RSP: 002b:00007ffc3d90a168 EFLAGS: 00000202
[   28.007968] RAX: 0000000000000003 RBX: 0000000000000000 RCX: 00007fc7cc6a459d
[   28.007973] RDX: 0000000000000000 RSI: 0000000000000000 RDI: 0000000020000200
[   28.007979] RBP: 00007ffc3d90a170 R08: 0000000000000003 R09: 0000000000401a80
[   28.007985] R10: 00000000ffffffff R11: 0000000000000202 R12: 00000000004010e0
[   28.007990] R13: 00007ffc3d90a250 R14: 0000000000000000 R15: 0000000000000000
[   28.007998]  </TASK>
[   28.008003] ---[ end trace 0000000000000000 ]---
[   28.008081] perf: interrupt took too long (4087 > 2500), lowering kernel.perf_event_max_sample_rate to 48750
[   28.159567] perf: interrupt took too long (5166 > 5108), lowering kernel.perf_event_max_sample_rate to 38500
[   28.435607] perf: interrupt took too long (6589 > 6457), lowering kernel.perf_event_max_sample_rate to 30250
[   29.203625] perf: interrupt took too long (8250 > 8236), lowering kernel.perf_event_max_sample_rate to 24000
[   29.600534] perf: interrupt took too long (10462 > 10312), lowering kernel.perf_event_max_sample_rate to 19000
[   30.432266] perf: interrupt took too long (13149 > 13077), lowering kernel.perf_event_max_sample_rate to 15000
[   31.968174] perf: interrupt took too long (16514 > 16436), lowering kernel.perf_event_max_sample_rate to 12000
[   34.275745] perf: interrupt took too long (20677 > 20642), lowering kernel.perf_event_max_sample_rate to 9500
[   39.162123] perf: interrupt took too long (25848 > 25846), lowering kernel.perf_event_max_sample_rate to 7500
