c[?7l[2J[0mSeaBIOS (version rel-1.16.0-0-gd239552ce722-prebuilt.qemu.org)


iPXE (http://ipxe.org) 00:03.0 CA00 PCI2.10 PnP PMM+7FF91000+7FEF1000 CA00
Press Ctrl-B to configure iPXE (PCI 00:03.0)...                                                                               


Booting from ROM..c[?7l[2J[    0.000000] Linux version 5.16.0-rc5-4817c37d71b5+ (root@p-tglh01.sh.intel.com) (gcc (GCC) 8.5.0 20210514 (Red Hat 8.5.0-17), GNU ld version 2.36.1-2.el8) #1 SMP PREEMPT Wed Nov 9 18:32:32 CST 2022
[    0.000000] Command line: console=ttyS0 root=/dev/sda earlyprintk=serial net.ifnames=0
[    0.000000] KERNEL supported cpus:
[    0.000000]   Intel GenuineIntel
[    0.000000]   AMD AuthenticAMD
[    0.000000]   Hygon HygonGenuine
[    0.000000]   Centaur CentaurHauls
[    0.000000]   zhaoxin   Shanghai  
[    0.000000] x86/fpu: Supporting XSAVE feature 0x001: 'x87 floating point registers'
[    0.000000] x86/fpu: Supporting XSAVE feature 0x002: 'SSE registers'
[    0.000000] x86/fpu: Supporting XSAVE feature 0x004: 'AVX registers'
[    0.000000] x86/fpu: Supporting XSAVE feature 0x020: 'AVX-512 opmask'
[    0.000000] x86/fpu: Supporting XSAVE feature 0x040: 'AVX-512 Hi256'
[    0.000000] x86/fpu: Supporting XSAVE feature 0x080: 'AVX-512 ZMM_Hi256'
[    0.000000] x86/fpu: Supporting XSAVE feature 0x200: 'Protection Keys User registers'
[    0.000000] x86/fpu: xstate_offset[2]:  576, xstate_sizes[2]:  256
[    0.000000] x86/fpu: xstate_offset[5]:  832, xstate_sizes[5]:   64
[    0.000000] x86/fpu: xstate_offset[6]:  896, xstate_sizes[6]:  512
[    0.000000] x86/fpu: xstate_offset[7]: 1408, xstate_sizes[7]: 1024
[    0.000000] x86/fpu: xstate_offset[9]: 2432, xstate_sizes[9]:    8
[    0.000000] x86/fpu: Enabled xstate features 0x2e7, context size is 2440 bytes, using 'compacted' format.
[    0.000000] signal: max sigframe size: 3632
[    0.000000] printk: bootconsole [earlyser0] enabled
[    0.000000] BIOS-provided physical RAM map:
[    0.000000] BIOS-e820: [mem 0x0000000000000000-0x000000000009fbff] usable
[    0.000000] BIOS-e820: [mem 0x000000000009fc00-0x000000000009ffff] reserved
[    0.000000] BIOS-e820: [mem 0x00000000000f0000-0x00000000000fffff] reserved
[    0.000000] BIOS-e820: [mem 0x0000000000100000-0x000000007ffdffff] usable
[    0.000000] BIOS-e820: [mem 0x000000007ffe0000-0x000000007fffffff] reserved
[    0.000000] BIOS-e820: [mem 0x00000000feffc000-0x00000000feffffff] reserved
[    0.000000] BIOS-e820: [mem 0x00000000fffc0000-0x00000000ffffffff] reserved
[    0.000000] NX (Execute Disable) protection: active
[    0.000000] SMBIOS 2.8 present.
[    0.000000] DMI: QEMU Standard PC (i440FX + PIIX, 1996), BIOS rel-1.16.0-0-gd239552ce722-prebuilt.qemu.org 04/01/2014
[    0.000000] Hypervisor detected: KVM
[    0.000000] kvm-clock: Using msrs 4b564d01 and 4b564d00
[    0.000000] kvm-clock: cpu 0, msr 4601001, primary cpu clock
[    0.000002] kvm-clock: using sched offset of 243512718 cycles
[    0.000432] clocksource: kvm-clock: mask: 0xffffffffffffffff max_cycles: 0x1cd42e4dffb, max_idle_ns: 881590591483 ns
[    0.001656] tsc: Detected 3110.400 MHz processor
[    0.007279] last_pfn = 0x7ffe0 max_arch_pfn = 0x400000000
[    0.007740] x86/PAT: Configuration [0-7]: WB  WC  UC- UC  WB  WP  UC- WT  
[    0.013644] found SMP MP-table at [mem 0x000f5ba0-0x000f5baf]
[    0.014121] Using GB pages for direct mapping
[    0.015155] ACPI: Early table checksum verification disabled
[    0.015587] ACPI: RSDP 0x00000000000F59C0 000014 (v00 BOCHS )
[    0.016037] ACPI: RSDT 0x000000007FFE1951 000034 (v01 BOCHS  BXPC     00000001 BXPC 00000001)
[    0.016702] ACPI: FACP 0x000000007FFE17FD 000074 (v01 BOCHS  BXPC     00000001 BXPC 00000001)
[    0.017365] ACPI: DSDT 0x000000007FFE0040 0017BD (v01 BOCHS  BXPC     00000001 BXPC 00000001)
[    0.018018] ACPI: FACS 0x000000007FFE0000 000040
[    0.018376] ACPI: APIC 0x000000007FFE1871 000080 (v01 BOCHS  BXPC     00000001 BXPC 00000001)
[    0.019029] ACPI: HPET 0x000000007FFE18F1 000038 (v01 BOCHS  BXPC     00000001 BXPC 00000001)
[    0.019680] ACPI: WAET 0x000000007FFE1929 000028 (v01 BOCHS  BXPC     00000001 BXPC 00000001)
[    0.020328] ACPI: Reserving FACP table memory at [mem 0x7ffe17fd-0x7ffe1870]
[    0.020917] ACPI: Reserving DSDT table memory at [mem 0x7ffe0040-0x7ffe17fc]
[    0.021449] ACPI: Reserving FACS table memory at [mem 0x7ffe0000-0x7ffe003f]
[    0.021981] ACPI: Reserving APIC table memory at [mem 0x7ffe1871-0x7ffe18f0]
[    0.022514] ACPI: Reserving HPET table memory at [mem 0x7ffe18f1-0x7ffe1928]
[    0.023046] ACPI: Reserving WAET table memory at [mem 0x7ffe1929-0x7ffe1950]
[    0.024214] No NUMA configuration found
[    0.024522] Faking a node at [mem 0x0000000000000000-0x000000007ffdffff]
[    0.025094] NODE_DATA(0) allocated [mem 0x7ffb5000-0x7ffdffff]
[    0.028277] Zone ranges:
[    0.028469]   DMA      [mem 0x0000000000001000-0x0000000000ffffff]
[    0.028946]   DMA32    [mem 0x0000000001000000-0x000000007ffdffff]
[    0.029415]   Normal   empty
[    0.029636]   Device   empty
[    0.029855] Movable zone start for each node
[    0.030180] Early memory node ranges
[    0.030449]   node   0: [mem 0x0000000000001000-0x000000000009efff]
[    0.030924]   node   0: [mem 0x0000000000100000-0x000000007ffdffff]
[    0.031397] Initmem setup node 0 [mem 0x0000000000001000-0x000000007ffdffff]
[    0.032083] On node 0, zone DMA: 1 pages in unavailable ranges
[    0.032098] On node 0, zone DMA: 97 pages in unavailable ranges
[    0.035959] On node 0, zone DMA32: 32 pages in unavailable ranges
[    0.036648] ACPI: PM-Timer IO Port: 0x608
[    0.037428] ACPI: LAPIC_NMI (acpi_id[0xff] dfl dfl lint[0x1])
[    0.037892] IOAPIC[0]: apic_id 0, version 17, address 0xfec00000, GSI 0-23
[    0.038419] ACPI: INT_SRC_OVR (bus 0 bus_irq 0 global_irq 2 dfl dfl)
[    0.038898] ACPI: INT_SRC_OVR (bus 0 bus_irq 5 global_irq 5 high level)
[    0.039396] ACPI: INT_SRC_OVR (bus 0 bus_irq 9 global_irq 9 high level)
[    0.039894] ACPI: INT_SRC_OVR (bus 0 bus_irq 10 global_irq 10 high level)
[    0.040406] ACPI: INT_SRC_OVR (bus 0 bus_irq 11 global_irq 11 high level)
[    0.040932] ACPI: Using ACPI (MADT) for SMP configuration information
[    0.041414] ACPI: HPET id: 0x8086a201 base: 0xfed00000
[    0.041809] TSC deadline timer available
[    0.042105] smpboot: Allowing 2 CPUs, 0 hotplug CPUs
[    0.042498] kvm-guest: KVM setup pv remote TLB flush
[    0.042875] kvm-guest: setup PV sched yield
[    0.043219] PM: hibernation: Registered nosave memory: [mem 0x00000000-0x00000fff]
[    0.043794] PM: hibernation: Registered nosave memory: [mem 0x0009f000-0x0009ffff]
[    0.044365] PM: hibernation: Registered nosave memory: [mem 0x000a0000-0x000effff]
[    0.044941] PM: hibernation: Registered nosave memory: [mem 0x000f0000-0x000fffff]
[    0.045513] [mem 0x80000000-0xfeffbfff] available for PCI devices
[    0.045971] Booting paravirtualized kernel on KVM
[    0.046326] clocksource: refined-jiffies: mask: 0xffffffff max_cycles: 0xffffffff, max_idle_ns: 7645519600211568 ns
[    0.047118] setup_percpu: NR_CPUS:8192 nr_cpumask_bits:2 nr_cpu_ids:2 nr_node_ids:1
[    0.047944] percpu: Embedded 61 pages/cpu s212992 r8192 d28672 u1048576
[    0.048590] kvm-guest: setup async PF for cpu 0
[    0.048947] kvm-guest: stealtime: cpu 0, msr 7dc33080
[    0.049341] kvm-guest: PV spinlocks enabled
[    0.049671] PV qspinlock hash table entries: 256 (order: 0, 4096 bytes, linear)
[    0.050239] Fallback order for Node 0: 0 
[    0.050553] Built 1 zonelists, mobility grouping on.  Total pages: 515808
[    0.051072] Policy zone: DMA32
[    0.051307] Kernel command line: net.ifnames=0 console=ttyS0 root=/dev/sda earlyprintk=serial net.ifnames=0
[    0.052480] Dentry cache hash table entries: 262144 (order: 9, 2097152 bytes, linear)
[    0.053155] Inode-cache hash table entries: 131072 (order: 8, 1048576 bytes, linear)
[    0.053823] mem auto-init: stack:off, heap alloc:off, heap free:off
[    0.057087] Memory: 2001792K/2096632K available (28689K kernel code, 4386K rwdata, 7552K rodata, 3136K init, 10720K bss, 94584K reserved, 0K cma-reserved)
[    0.058105] random: get_random_u64 called from __kmem_cache_create+0x2f/0x480 with crng_init=0
[    0.058481] SLUB: HWalign=64, Order=0-3, MinObjects=0, CPUs=2, Nodes=1
[    0.059580] kmemleak: Kernel memory leak detector disabled
[    0.059989] ftrace: allocating 64768 entries in 254 pages
[    0.132371] ftrace: allocated 253 pages with 7 groups
[    0.133749] Dynamic Preempt: voluntary
[    0.134074] rcu: Preemptible hierarchical RCU implementation.
[    0.134499] rcu: 	RCU restricting CPUs from NR_CPUS=8192 to nr_cpu_ids=2.
[    0.135006] 	Trampoline variant of Tasks RCU enabled.
[    0.135379] 	Rude variant of Tasks RCU enabled.
[    0.135714] 	Tracing variant of Tasks RCU enabled.
[    0.136069] rcu: RCU calculated value of scheduler-enlistment delay is 25 jiffies.
[    0.136635] rcu: Adjusting geometry for rcu_fanout_leaf=16, nr_cpu_ids=2
[    0.155207] NR_IRQS: 524544, nr_irqs: 440, preallocated irqs: 16
[    0.162682] Console: colour VGA+ 80x25
[    0.162997] printk: console [ttyS0] enabled
[    0.162997] printk: console [ttyS0] enabled
[    0.163646] printk: bootconsole [earlyser0] disabled
[    0.163646] printk: bootconsole [earlyser0] disabled
[    0.164409] ACPI: Core revision 20210930
[    0.164863] clocksource: hpet: mask: 0xffffffff max_cycles: 0xffffffff, max_idle_ns: 19112604467 ns
[    0.165626] APIC: Switch to symmetric I/O mode setup
[    0.166172] x2apic enabled
[    0.166560] Switched APIC routing to physical x2apic.
[    0.166977] kvm-guest: setup PV IPIs
[    0.168043] ..TIMER: vector=0x30 apic1=0 pin1=2 apic2=-1 pin2=-1
[    0.168533] clocksource: tsc-early: mask: 0xffffffffffffffff max_cycles: 0x2cd5a8bb032, max_idle_ns: 440795365915 ns
[    0.169362] Calibrating delay loop (skipped) preset value.. 6220.80 BogoMIPS (lpj=12441600)
[    0.173359] pid_max: default: 32768 minimum: 301
[    0.173761] LSM: Security Framework initializing
[    0.174127] Yama: becoming mindful.
[    0.174469] Mount-cache hash table entries: 4096 (order: 3, 32768 bytes, linear)
[    0.175050] Mountpoint-cache hash table entries: 4096 (order: 3, 32768 bytes, linear)
[    0.176152] x86/cpu: User Mode Instruction Prevention (UMIP) activated
[    0.176817] Last level iTLB entries: 4KB 0, 2MB 0, 4MB 0
[    0.177361] Last level dTLB entries: 4KB 0, 2MB 0, 4MB 0, 1GB 0
[    0.177831] Spectre V1 : Mitigation: usercopy/swapgs barriers and __user pointer sanitization
[    0.178492] Spectre V2 : Mitigation: Enhanced IBRS
[    0.178842] Spectre V2 : Spectre v2 / SpectreRSB mitigation: Filling RSB on context switch
[    0.179440] Spectre V2 : mitigation: Enabling conditional Indirect Branch Prediction Barrier
[    0.180056] Speculative Store Bypass: Mitigation: Speculative Store Bypass disabled via prctl
[    0.211201] Freeing SMP alternatives memory: 56K
[    0.211644] smpboot: CPU0: Genuine Intel(R) CPU 0000 @ 2.20GHz (family: 0x6, model: 0x8d, stepping: 0x0)
[    0.212473] Performance Events: Icelake events, full-width counters, Intel PMU driver.
[    0.213094] ... version:                2
[    0.213357] ... bit width:              48
[    0.213357] ... generic registers:      8
[    0.213357] ... value mask:             0000ffffffffffff
[    0.213357] ... max period:             00007fffffffffff
[    0.213357] ... fixed-purpose events:   3
[    0.213357] ... event mask:             00000007000000ff
[    0.213357] rcu: Hierarchical SRCU implementation.
[    0.214963] smp: Bringing up secondary CPUs ...
[    0.215418] x86: Booting SMP configuration:
[    0.215722] .... node  #0, CPUs:      #1
[    0.013479] kvm-clock: cpu 1, msr 4601041, secondary cpu clock
[    0.216397] kvm-guest: setup async PF for cpu 1
[    0.216397] kvm-guest: stealtime: cpu 1, msr 7dd33080
[    0.217376] smp: Brought up 1 node, 2 CPUs
[    0.217730] smpboot: Max logical packages: 1
[    0.218045] smpboot: Total of 2 processors activated (12441.60 BogoMIPS)
[    0.218899] devtmpfs: initialized
[    0.218899] x86/mm: Memory block size: 128MB
[    0.218899] clocksource: jiffies: mask: 0xffffffff max_cycles: 0xffffffff, max_idle_ns: 7645041785100000 ns
[    0.218899] futex hash table entries: 512 (order: 3, 32768 bytes, linear)
[    0.218899] pinctrl core: initialized pinctrl subsystem
[    0.219431] 
[    0.219552] *************************************************************
[    0.220046] **     NOTICE NOTICE NOTICE NOTICE NOTICE NOTICE NOTICE    **
[    0.220539] **                                                         **
[    0.221365] **  IOMMU DebugFS SUPPORT HAS BEEN ENABLED IN THIS KERNEL  **
[    0.221859] **                                                         **
[    0.222349] ** This means that this kernel is built to expose internal **
[    0.222830] ** IOMMU data structures, which may compromise security on **
[    0.223299] ** your system.                                            **
[    0.223789] **                                                         **
[    0.224278] ** If you see this message and you are not debugging the   **
[    0.224771] ** kernel, report this immediately to your vendor!         **
[    0.225260] **                                                         **
[    0.225360] **     NOTICE NOTICE NOTICE NOTICE NOTICE NOTICE NOTICE    **
[    0.225850] *************************************************************
[    0.226378] PM: RTC time: 05:51:59, date: 2022-11-14
[    0.227618] NET: Registered PF_NETLINK/PF_ROUTE protocol family
[    0.228343] DMA: preallocated 256 KiB GFP_KERNEL pool for atomic allocations
[    0.228865] DMA: preallocated 256 KiB GFP_KERNEL|GFP_DMA pool for atomic allocations
[    0.229364] DMA: preallocated 256 KiB GFP_KERNEL|GFP_DMA32 pool for atomic allocations
[    0.229966] audit: initializing netlink subsys (disabled)
[    0.233384] audit: type=2000 audit(1668405120.149:1): state=initialized audit_enabled=0 res=1
[    0.233666] thermal_sys: Registered thermal governor 'fair_share'
[    0.234012] thermal_sys: Registered thermal governor 'bang_bang'
[    0.234468] thermal_sys: Registered thermal governor 'step_wise'
[    0.234907] thermal_sys: Registered thermal governor 'user_space'
[    0.235360] cpuidle: using governor ladder
[    0.236111] cpuidle: using governor menu
[    0.237540] acpiphp: ACPI Hot Plug PCI Controller Driver version: 0.5
[    0.238175] PCI: Using configuration type 1 for base access
[    0.245277] kprobes: kprobe jump-optimization is enabled. All kprobes are optimized if possible.
[    0.245468] HugeTLB registered 1.00 GiB page size, pre-allocated 0 pages
[    0.245873] HugeTLB registered 2.00 MiB page size, pre-allocated 0 pages
[    0.246411] ACPI: Added _OSI(Module Device)
[    0.246411] ACPI: Added _OSI(Processor Device)
[    0.246411] ACPI: Added _OSI(3.0 _SCP Extensions)
[    0.246497] ACPI: Added _OSI(Processor Aggregator Device)
[    0.246890] ACPI: Added _OSI(Linux-Dell-Video)
[    0.246890] ACPI: Added _OSI(Linux-Lenovo-NV-HDMI-Audio)
[    0.246890] ACPI: Added _OSI(Linux-HPI-Hybrid-Graphics)
[    0.249814] ACPI: 1 ACPI AML tables successfully acquired and loaded
[    0.254195] ACPI: Interpreter enabled
[    0.254532] ACPI: PM: (supports S0 S3 S4 S5)
[    0.254849] ACPI: Using IOAPIC for interrupt routing
[    0.255249] PCI: Using host bridge windows from ACPI; if necessary, use "pci=nocrs" and report a bug
[    0.257803] ACPI: Enabled 2 GPEs in block 00 to 0F
[    0.267793] ACPI: PCI Root Bridge [PCI0] (domain 0000 [bus 00-ff])
[    0.268260] acpi PNP0A03:00: _OSC: OS supports [ASPM ClockPM Segments MSI EDR HPX-Type3]
[    0.268858] acpi PNP0A03:00: _OSC: not requesting OS control; OS requires [ExtendedConfig ASPM ClockPM MSI]
[    0.269388] acpi PNP0A03:00: fail to add MMCONFIG information, can't access extended PCI configuration space under this bridge.
[    0.271292] acpiphp: Slot [3] registered
[    0.271624] acpiphp: Slot [4] registered
[    0.271956] acpiphp: Slot [5] registered
[    0.272287] acpiphp: Slot [6] registered
[    0.272631] acpiphp: Slot [7] registered
[    0.272962] acpiphp: Slot [8] registered
[    0.273292] acpiphp: Slot [9] registered
[    0.273405] acpiphp: Slot [10] registered
[    0.273742] acpiphp: Slot [11] registered
[    0.274077] acpiphp: Slot [12] registered
[    0.274418] acpiphp: Slot [13] registered
[    0.274754] acpiphp: Slot [14] registered
[    0.275090] acpiphp: Slot [15] registered
[    0.275429] acpiphp: Slot [16] registered
[    0.275767] acpiphp: Slot [17] registered
[    0.276103] acpiphp: Slot [18] registered
[    0.276461] acpiphp: Slot [19] registered
[    0.276798] acpiphp: Slot [20] registered
[    0.277133] acpiphp: Slot [21] registered
[    0.277405] acpiphp: Slot [22] registered
[    0.277742] acpiphp: Slot [23] registered
[    0.278079] acpiphp: Slot [24] registered
[    0.278413] acpiphp: Slot [25] registered
[    0.278760] acpiphp: Slot [26] registered
[    0.279107] acpiphp: Slot [27] registered
[    0.279449] acpiphp: Slot [28] registered
[    0.279791] acpiphp: Slot [29] registered
[    0.280141] acpiphp: Slot [30] registered
[    0.280482] acpiphp: Slot [31] registered
[    0.280791] PCI host bridge to bus 0000:00
[    0.281089] pci_bus 0000:00: root bus resource [io  0x0000-0x0cf7 window]
[    0.281361] pci_bus 0000:00: root bus resource [io  0x0d00-0xffff window]
[    0.281848] pci_bus 0000:00: root bus resource [mem 0x000a0000-0x000bffff window]
[    0.282393] pci_bus 0000:00: root bus resource [mem 0x80000000-0xfebfffff window]
[    0.282927] pci_bus 0000:00: root bus resource [mem 0x100000000-0x17fffffff window]
[    0.283478] pci_bus 0000:00: root bus resource [bus 00-ff]
[    0.283918] pci 0000:00:00.0: [8086:1237] type 00 class 0x060000
[    0.286471] pci 0000:00:01.0: [8086:7000] type 00 class 0x060100
[    0.287346] pci 0000:00:01.1: [8086:7010] type 00 class 0x010180
[    0.289076] pci 0000:00:01.1: reg 0x20: [io  0xc040-0xc04f]
[    0.289930] pci 0000:00:01.1: legacy IDE quirk: reg 0x10: [io  0x01f0-0x01f7]
[    0.290441] pci 0000:00:01.1: legacy IDE quirk: reg 0x14: [io  0x03f6]
[    0.290909] pci 0000:00:01.1: legacy IDE quirk: reg 0x18: [io  0x0170-0x0177]
[    0.291417] pci 0000:00:01.1: legacy IDE quirk: reg 0x1c: [io  0x0376]
[    0.292059] pci 0000:00:01.3: [8086:7113] type 00 class 0x068000
[    0.292747] pci 0000:00:01.3: quirk: [io  0x0600-0x063f] claimed by PIIX4 ACPI
[    0.293272] pci 0000:00:01.3: quirk: [io  0x0700-0x070f] claimed by PIIX4 SMB
[    0.293902] pci 0000:00:02.0: [1234:1111] type 00 class 0x030000
[    0.295049] pci 0000:00:02.0: reg 0x10: [mem 0xfd000000-0xfdffffff pref]
[    0.296709] pci 0000:00:02.0: reg 0x18: [mem 0xfebf0000-0xfebf0fff]
[    0.299595] pci 0000:00:02.0: reg 0x30: [mem 0xfebe0000-0xfebeffff pref]
[    0.302158] pci 0000:00:03.0: [8086:100e] type 00 class 0x020000
[    0.303329] pci 0000:00:03.0: reg 0x10: [mem 0xfebc0000-0xfebdffff]
[    0.304624] pci 0000:00:03.0: reg 0x14: [io  0xc000-0xc03f]
[    0.307283] pci 0000:00:03.0: reg 0x30: [mem 0xfeb80000-0xfebbffff pref]
[    0.316818] ACPI: PCI: Interrupt link LNKA configured for IRQ 10
[    0.317521] ACPI: PCI: Interrupt link LNKB configured for IRQ 10
[    0.318211] ACPI: PCI: Interrupt link LNKC configured for IRQ 11
[    0.318901] ACPI: PCI: Interrupt link LNKD configured for IRQ 11
[    0.319488] ACPI: PCI: Interrupt link LNKS configured for IRQ 9
[    0.320470] iommu: Default domain type: Translated 
[    0.320470] iommu: DMA domain TLB invalidation policy: lazy mode 
[    0.321381] pci 0000:00:02.0: vgaarb: setting as boot VGA device
[    0.321824] pci 0000:00:02.0: vgaarb: VGA device added: decodes=io+mem,owns=io+mem,locks=none
[    0.322449] pci 0000:00:02.0: vgaarb: bridge control possible
[    0.322868] vgaarb: loaded
[    0.322868] SCSI subsystem initialized
[    0.322868] ACPI: bus type USB registered
[    0.322868] usbcore: registered new interface driver usbfs
[    0.322868] usbcore: registered new interface driver hub
[    0.322868] usbcore: registered new device driver usb
[    0.325408] pps_core: LinuxPPS API ver. 1 registered
[    0.325766] pps_core: Software ver. 5.3.6 - Copyright 2005-2007 Rodolfo Giometti <giometti@linux.it>
[    0.326417] PTP clock support registered
[    0.326737] EDAC MC: Ver: 3.0.0
[    0.326737] NetLabel: Initializing
[    0.326737] NetLabel:  domain hash size = 128
[    0.326737] NetLabel:  protocols = UNLABELED CIPSOv4 CALIPSO
[    0.326737] NetLabel:  unlabeled traffic allowed by default
[    0.327173] PCI: Using ACPI for IRQ routing
[    0.329516] hpet0: at MMIO 0xfed00000, IRQs 2, 8, 0
[    0.329893] hpet0: 3 comparators, 64-bit 100.000000 MHz counter
[    0.333460] clocksource: Switched to clocksource kvm-clock
[    0.364245] VFS: Disk quotas dquot_6.6.0
[    0.364573] VFS: Dquot-cache hash table entries: 512 (order 0, 4096 bytes)
[    0.365166] pnp: PnP ACPI init
[    0.366523] pnp: PnP ACPI: found 6 devices
[    0.374142] clocksource: acpi_pm: mask: 0xffffff max_cycles: 0xffffff, max_idle_ns: 2085701024 ns
[    0.375017] NET: Registered PF_INET protocol family
[    0.375424] IP idents hash table entries: 32768 (order: 6, 262144 bytes, linear)
[    0.376635] tcp_listen_portaddr_hash hash table entries: 1024 (order: 2, 16384 bytes, linear)
[    0.377277] TCP established hash table entries: 16384 (order: 5, 131072 bytes, linear)
[    0.377949] TCP bind hash table entries: 16384 (order: 6, 262144 bytes, linear)
[    0.378767] TCP: Hash tables configured (established 16384 bind 16384)
[    0.379285] UDP hash table entries: 1024 (order: 3, 32768 bytes, linear)
[    0.379790] UDP-Lite hash table entries: 1024 (order: 3, 32768 bytes, linear)
[    0.380375] NET: Registered PF_UNIX/PF_LOCAL protocol family
[    0.380941] RPC: Registered named UNIX socket transport module.
[    0.381389] RPC: Registered udp transport module.
[    0.381734] RPC: Registered tcp transport module.
[    0.382080] RPC: Registered tcp NFSv4.1 backchannel transport module.
[    0.382567] pci_bus 0000:00: resource 4 [io  0x0000-0x0cf7 window]
[    0.383024] pci_bus 0000:00: resource 5 [io  0x0d00-0xffff window]
[    0.383479] pci_bus 0000:00: resource 6 [mem 0x000a0000-0x000bffff window]
[    0.383984] pci_bus 0000:00: resource 7 [mem 0x80000000-0xfebfffff window]
[    0.384495] pci_bus 0000:00: resource 8 [mem 0x100000000-0x17fffffff window]
[    0.385150] pci 0000:00:01.0: PIIX3: Enabling Passive Release
[    0.385584] pci 0000:00:00.0: Limiting direct PCI/PCI transfers
[    0.386035] pci 0000:00:01.0: Activating ISA DMA hang workarounds
[    0.386553] pci 0000:00:02.0: Video device with shadowed ROM at [mem 0x000c0000-0x000dffff]
[    0.387184] PCI: CLS 0 bytes, default 64
[    0.387696] clocksource: tsc: mask: 0xffffffffffffffff max_cycles: 0x2cd5a8bb032, max_idle_ns: 440795365915 ns
[    2.618224] Initialise system trusted keyrings
[    2.618581] Key type blacklist registered
[    2.619084] workingset: timestamp_bits=36 max_order=19 bucket_order=0
[    2.623282] zbud: loaded
[    2.623999] squashfs: version 4.0 (2009/01/31) Phillip Lougher
[    2.624956] NFS: Registering the id_resolver key type
[    2.625338] Key type id_resolver registered
[    2.625650] Key type id_legacy registered
[    2.625978] nfs4filelayout_init: NFSv4 File Layout Driver Registering...
[    2.626471] nfs4flexfilelayout_init: NFSv4 Flexfile Layout Driver Registering...
[    2.627098] fuse: init (API version 7.35)
[    2.627567] SGI XFS with ACLs, security attributes, realtime, quota, no debug enabled
[    2.628748] 9p: Installing v9fs 9p2000 file system support
[    2.636331] Key type asymmetric registered
[    2.636637] Asymmetric key parser 'x509' registered
[    2.637038] Block layer SCSI generic (bsg) driver version 0.4 loaded (major 243)
[    2.637668] io scheduler mq-deadline registered
[    2.638060] io scheduler bfq registered
[    2.638995] shpchp: Standard Hot Plug PCI Controller Driver version: 0.4
[    2.639621] IPMI message handler: version 39.2
[    2.639962] ipmi device interface
[    2.641002] input: Power Button as /devices/LNXSYSTM:00/LNXPWRBN:00/input/input0
[    2.641619] ACPI: button: Power Button [PWRF]
[    2.642462] ERST DBG: ERST support is disabled.
[    2.643042] Serial: 8250/16550 driver, 32 ports, IRQ sharing enabled
[    2.643791] 00:04: ttyS0 at I/O 0x3f8 (irq = 4, base_baud = 115200) is a 16550A
[    2.648303] Linux agpgart interface v0.103
[    2.648878] ACPI: bus type drm_connector registered
[    2.656121] brd: module loaded
[    2.659514] loop: module loaded
[    2.661536] scsi host0: ata_piix
[    2.662013] scsi host1: ata_piix
[    2.662327] ata1: PATA max MWDMA2 cmd 0x1f0 ctl 0x3f6 bmdma 0xc040 irq 14
[    2.662835] ata2: PATA max MWDMA2 cmd 0x170 ctl 0x376 bmdma 0xc048 irq 15
[    2.663949] libphy: Fixed MDIO Bus: probed
[    2.664417] tun: Universal TUN/TAP device driver, 1.6
[    2.664870] e100: Intel(R) PRO/100 Network Driver
[    2.665219] e100: Copyright(c) 1999-2006 Intel Corporation
[    2.665651] e1000: Intel(R) PRO/1000 Network Driver
[    2.666004] e1000: Copyright (c) 1999-2006 Intel Corporation.
[    2.742355] ACPI: \_SB_.LNKC: Enabled at IRQ 11
[    2.822127] ata2.00: ATAPI: QEMU DVD-ROM, 2.5+, max UDMA/100
[    2.822935] ata1.00: ATA-7: QEMU HARDDISK, 2.5+, max UDMA/100
[    2.823373] ata1.00: 16777216 sectors, multi 16: LBA48 
[    2.824197] ata1.00: Read log 0x00 page 0x00 failed, Emask 0x1
[    2.825197] scsi 0:0:0:0: Direct-Access     ATA      QEMU HARDDISK    2.5+ PQ: 0 ANSI: 5
[    2.826049] scsi 0:0:0:0: Attached scsi generic sg0 type 0
[    2.826680] sd 0:0:0:0: [sda] 16777216 512-byte logical blocks: (8.59 GB/8.00 GiB)
[    2.827257] sd 0:0:0:0: [sda] Write Protect is off
[    2.827728] sd 0:0:0:0: [sda] Write cache: enabled, read cache: enabled, doesn't support DPO or FUA
[    2.828978] scsi 1:0:0:0: CD-ROM            QEMU     QEMU DVD-ROM     2.5+ PQ: 0 ANSI: 5
[    2.830142] scsi 1:0:0:0: Attached scsi generic sg1 type 5
[    2.869505] sd 0:0:0:0: [sda] Attached SCSI disk
[    3.063961] e1000 0000:00:03.0 eth0: (PCI:33MHz:32-bit) 52:54:00:12:34:56
[    3.064468] e1000 0000:00:03.0 eth0: Intel(R) PRO/1000 Network Connection
[    3.065003] e1000e: Intel(R) PRO/1000 Network Driver
[    3.065364] e1000e: Copyright(c) 1999 - 2015 Intel Corporation.
[    3.065828] igb: Intel(R) Gigabit Ethernet Network Driver
[    3.066215] igb: Copyright (c) 2007-2014 Intel Corporation.
[    3.066672] PPP generic driver version 2.4.2
[    3.067327] VFIO - User Level meta-driver version: 0.3
[    3.067725] ehci_hcd: USB 2.0 'Enhanced' Host Controller (EHCI) Driver
[    3.068193] ehci-pci: EHCI PCI platform driver
[    3.068527] ehci-platform: EHCI generic platform driver
[    3.068913] ohci_hcd: USB 1.1 'Open' Host Controller (OHCI) Driver
[    3.069356] ohci-pci: OHCI PCI platform driver
[    3.069703] ohci-platform: OHCI generic platform driver
[    3.070085] uhci_hcd: USB Universal Host Controller Interface driver
[    3.070843] usbcore: registered new interface driver uas
[    3.071258] usbcore: registered new interface driver usb-storage
[    3.071762] i8042: PNP: PS/2 Controller [PNP0303:KBD,PNP0f13:MOU] at 0x60,0x64 irq 1,12
[    3.072900] serio: i8042 KBD port at 0x60,0x64 irq 1
[    3.073267] serio: i8042 AUX port at 0x60,0x64 irq 12
[    3.073920] mousedev: PS/2 mouse device common for all mice
[    3.074652] input: AT Translated Set 2 keyboard as /devices/platform/i8042/serio0/input/input1
[    3.075680] rtc_cmos 00:05: RTC can wake from S4
[    3.076185] input: VirtualPS/2 VMware VMMouse as /devices/platform/i8042/serio1/input/input4
[    3.077302] input: VirtualPS/2 VMware VMMouse as /devices/platform/i8042/serio1/input/input3
[    3.078181] rtc_cmos 00:05: registered as rtc0
[    3.078557] rtc_cmos 00:05: setting system clock to 2022-11-14T05:52:02 UTC (1668405122)
[    3.079227] rtc_cmos 00:05: alarms up to one day, y3k, 242 bytes nvram, hpet irqs
[    3.079790] i2c_dev: i2c /dev entries driver
[    3.080129] device-mapper: core: CONFIG_IMA_DISABLE_HTABLE is disabled. Duplicate IMA measurements will not be recorded in the IMA log.
[    3.081143] device-mapper: uevent: version 1.0.3
[    3.081708] device-mapper: ioctl: 4.45.0-ioctl (2021-03-22) initialised: dm-devel@redhat.com
[    3.082335] intel_pstate: CPU model not supported
[    3.082735] sdhci: Secure Digital Host Controller Interface driver
[    3.083185] sdhci: Copyright(c) Pierre Ossman
[    3.083552] sdhci-pltfm: SDHCI platform and OF driver helper
[    3.084004] ledtrig-cpu: registered to indicate activity on CPUs
[    3.084564] drop_monitor: Initializing network drop monitor service
[    3.085303] NET: Registered PF_INET6 protocol family
[    3.086667] Segment Routing with IPv6
[    3.086965] In-situ OAM (IOAM) with IPv6
[    3.087274] NET: Registered PF_PACKET protocol family
[    3.087767] 9pnet: Installing 9P2000 support
[    3.088115] Key type dns_resolver registered
[    3.088849] IPI shorthand broadcast: enabled
[    3.089179] sched_clock: Marking stable (3079213549, 9479271)->(3090956075, -2263255)
[    3.089949] registered taskstats version 1
[    3.090291] Loading compiled-in X.509 certificates
[    3.090732] zswap: loaded using pool lzo/zbud
[    3.091340] Key type ._fscrypt registered
[    3.091639] Key type .fscrypt registered
[    3.091929] Key type fscrypt-provisioning registered
[    3.092730] Key type encrypted registered
[    3.093031] ima: No TPM chip found, activating TPM-bypass!
[    3.093442] ima: Allocated hash algorithm: sha1
[    3.093779] ima: No architecture policies found
[    3.094127] evm: Initialising EVM extended attributes:
[    3.094506] evm: security.selinux
[    3.094749] evm: security.SMACK64
[    3.094992] evm: security.SMACK64EXEC
[    3.095258] evm: security.SMACK64TRANSMUTE
[    3.095555] evm: security.SMACK64MMAP
[    3.095823] evm: security.apparmor
[    3.096071] evm: security.ima
[    3.096289] evm: security.capability
[    3.096551] evm: HMAC attrs: 0x1
[    3.098924] PM:   Magic number: 14:948:870
[    3.099470] RAS: Correctable Errors collector initialized.
[    3.100066] md: Waiting for all devices to be available before autodetect
[    3.100554] md: If you don't use raid, use raid=noautodetect
[    3.100962] md: Autodetecting RAID arrays.
[    3.101260] md: autorun ...
[    3.101482] md: ... autorun DONE.
[    3.103498] EXT4-fs (sda): INFO: recovery required on readonly filesystem
[    3.103984] EXT4-fs (sda): write access will be enabled during recovery
[    3.183132] EXT4-fs (sda): recovery complete
[    3.201690] EXT4-fs (sda): mounted filesystem with ordered data mode. Opts: (null). Quota mode: none.
[    3.202424] VFS: Mounted root (ext4 filesystem) readonly on device 8:0.
[    3.203424] devtmpfs: mounted
[    3.208074] Freeing unused decrypted memory: 2036K
[    3.209568] Freeing unused kernel image (initmem) memory: 3136K
[    3.210004] Write protecting the kernel read-only data: 38912k
[    3.212158] Freeing unused kernel image (text/rodata gap) memory: 2028K
[    3.212886] Freeing unused kernel image (rodata/data gap) memory: 640K
[    3.297797] x86/mm: Checked W+X mappings: passed, no W+X pages found.
[    3.298264] Run /sbin/init as init process
[    3.302180] random: fast init done
[    3.355295] systemd[1]: RTC configured in localtime, applying delta of 0 minutes to system time.
[    3.367605] systemd[1]: systemd 239 (239-49.el8) running in system mode. (+PAM +AUDIT +SELINUX +IMA -APPARMOR +SMACK +SYSVINIT +UTMP +LIBCRYPTSETUP +GCRYPT +GNUTLS +ACL +XZ +LZ4 +SECCOMP +BLKID +ELFUTILS +KMOD +IDN2 -IDN +PCRE2 default-hierarchy=legacy)
[    3.369318] systemd[1]: Detected virtualization kvm.
[    3.369735] systemd[1]: Detected architecture x86-64.

Welcome to [0;31mCentOS Stream 8[0m!

[    3.392343] systemd[1]: Set hostname to <test>.
[    3.464029] random: lvmconfig: uninitialized urandom read (4 bytes read)
[    3.529305] random: systemd: uninitialized urandom read (16 bytes read)
[    3.530016] systemd[1]: Listening on RPCbind Server Activation Socket.
[[0;32m  OK  [0m] Listening on RPCbind Server Activation Socket.
[    3.531035] random: systemd: uninitialized urandom read (16 bytes read)
[    3.531611] systemd[1]: Listening on multipathd control socket.
[[0;32m  OK  [0m] Listening on multipathd control socket.
[    3.532601] systemd[1]: Listening on Journal Socket.
[[0;32m  OK  [0m] Listening on Journal Socket.
[    3.533372] systemd[1]: Listening on initctl Compatibility Named Pipe.
[[0;32m  OK  [0m] Listening on initctl Compatibility Named Pipe.
[    3.537863] systemd[1]: Listening on Process Core Dump Socket.
[[0;32m  OK  [0m] Listening on Process Core Dump Socket.
[    3.538746] systemd[1]: Listening on Device-mapper event daemon FIFOs.
[[0;32m  OK  [0m] Listening on Device-mapper event daemon FIFOs.
         Starting Monitoring of LVM2 mirrorsâ€¦ng dmeventd or progress polling...
[[0;32m  OK  [0m] Created slice system-sshd\x2dkeygen.slice.
         Starting Setup Virtual Console...
         Mounting Huge Pages File System...
[[0;32m  OK  [0m] Set up automount Arbitrary Executabâ€¦rmats File System Automount Point.
[[0;32m  OK  [0m] Created slice system-serial\x2dgetty.slice.
[[0;32m  OK  [0m] Started Forward Password Requests to Wall Directory Watch.
[[0;32m  OK  [0m] Listening on udev Kernel Socket.
         Starting Load Kernel Modules...
[[0;32m  OK  [0m] Reached target Swap.
[[0;32m  OK  [0m] Listening on LVM2 poll daemon socket.
[[0;32m  OK  [0m] Created slice system-getty.slice.
[[0;32m  OK  [0m] Listening on udev Control Socket.
         Starting udev Coldplug all Devices...
         Mounting POSIX Message Queue File System...
[[0;32m  OK  [0m] Listening on Journal Socket (/dev/log).
         Starting Journal Service...
[[0;32m  OK  [0m] Reached target RPC Port Mapper.
[[0;32m  OK  [0m] Created slice User and Session Slice.
[[0;32m  OK  [0m] Reached target Slices.
         Mounting Kernel Debug File System...
         Starting Remount Root and Kernel File Systems...
[[0;32m  OK  [0m] Started Monitoring of LVM2 mirrors,â€¦sing dmeventd or progress polling.
[[0;32m  OK  [0m] Mounted Huge Pages File System.
[[0;1;31mFAILED[0m] Failed to start Load Kernel Modules.
See 'systemctl status systemd-modules-load.service' for details.
[    3.720809] EXT4-fs (sda): re-mounted. Opts: (null). Quota mode: none.
[[0;32m  OK  [0m] Mounted POSIX Message Queue File System.
[[0;32m  OK  [0m] Started Journal Service.
[[0;32m  OK  [0m] Mounted Kernel Debug File System.
[[0;32m  OK  [0m] Started Remount Root and Kernel File Systems.
[[0;32m  OK  [0m] Started Setup Virtual Console.
         Starting Load/Save Random Seed...
         Starting Create Static Device Nodes in /dev...
         Starting Flush Journal to Persistent Storage...
         Mounting Kernel Configuration File System...
         Starting Apply Kernel Variables...
         Mounting FUSE Control File System...
[[0;32m  OK  [0m] Started Load/Save Random Seed.
[[0;32m  OK  [0m] Started udev Coldplug all Devices.
[[0;32m  OK  [0m] Started Create Static Device Nodes in /dev.
[[0;32m  OK  [0m] Mounted Kernel Configuration File System.
[[0;32m  OK  [0m] Started Apply Kernel Variables.
[[0;32m  OK  [0m] Mounted FUSE Control File System.
         Starting udev Kernel Device Manager...
         Starting udev Wait for Complete Device Initialization...
[[0;32m  OK  [0m] Started Flush Journal to Persistent Storage.
[[0;32m  OK  [0m] Started udev Kernel Device Manager.
         Starting Show Plymouth Boot Screen...
[[0;32m  OK  [0m] Started Show Plymouth Boot Screen.
[[0;32m  OK  [0m] Started Forward Password Requests to Plymouth Directory Watch.
[[0;32m  OK  [0m] Reached target Local Encrypted Volumes.
[[0;32m  OK  [0m] Reached target Paths.
[[0;32m  OK  [0m] Found device /dev/ttyS0.
[[0;32m  OK  [0m] Listening on Load/Save RF Kill Switch Status /dev/rfkill Watch.
[[0;32m  OK  [0m] Started udev Wait for Complete Device Initialization.
[[0;32m  OK  [0m] Reached target Local File Systems (Pre).
[[0;32m  OK  [0m] Reached target Local File Systems.
         Starting Tell Plymouth To Write Out Runtime Data...
         Starting Create Volatile Files and Directories...
         Starting Restore /run/initramfs on shutdown...
[[0;32m  OK  [0m] Started Tell Plymouth To Write Out Runtime Data.
[[0;32m  OK  [0m] Started Restore /run/initramfs on shutdown.
[[0;32m  OK  [0m] Started Create Volatile Files and Directories.
         Mounting RPC Pipe File System...
         Starting Security Auditing Service...
         Starting RPC Bind...
[[0;32m  OK  [0m] Mounted RPC Pipe File System.
[[0;32m  OK  [0m] Reached target rpc_pipefs.target.
[[0;32m  OK  [0m] Started RPC Bind.
[[0;32m  OK  [0m] Started Security Auditing Service.
         Starting Update UTMP about System Boot/Shutdown...
[[0;32m  OK  [0m] Started Update UTMP about System Boot/Shutdown.
[[0;32m  OK  [0m] Reached target System Initialization.
[[0;32m  OK  [0m] Started Daily Cleanup of Temporary Directories.
[[0;32m  OK  [0m] Listening on D-Bus System Message Bus Socket.
[[0;32m  OK  [0m] Listening on SSSD Kerberos Cache Manager responder socket.
[[0;32m  OK  [0m] Reached target Sockets.
[[0;32m  OK  [0m] Reached target Basic System.
[[0;32m  OK  [0m] Started Machine Check Exception Logging Daemon.
         Starting Login Service...
         Starting NTP client/server...
         Starting Authorization Manager...
         Starting Self Monitoring and Reporting Technology (SMART) Daemon...
[[0;32m  OK  [0m] Started D-Bus System Message Bus.
         Starting Network Manager...
         Starting Auto-connect to subsystemsâ€¦-NVME devices found during boot...
[[0;32m  OK  [0m] Started irqbalance daemon.
[[0;32m  OK  [0m] Reached target sshd-keygen.target.
[[0;32m  OK  [0m] Started daily update of the root trust anchor for DNSSEC.
[[0;32m  OK  [0m] Started dnf makecache --timer.
[[0;32m  OK  [0m] Reached target Timers.
[[0;32m  OK  [0m] Started Auto-connect to subsystems â€¦FC-NVME devices found during boot.
[[0;32m  OK  [0m] Started Self Monitoring and Reporting Technology (SMART) Daemon.
[[0;32m  OK  [0m] Started NTP client/server.
[[0;32m  OK  [0m] Started Login Service.
[[0;32m  OK  [0m] Started Network Manager.
[[0;32m  OK  [0m] Reached target Network.
         Starting GSSAPI Proxy Daemon...
         Starting Dynamic System Tuning Daemon...
         Starting OpenSSH server daemon...
         Starting Network Manager Wait Online...
[[0;32m  OK  [0m] Started Authorization Manager.
         Starting Hostname Service...
[[0;32m  OK  [0m] Started Hostname Service.
         Starting Network Manager Script Dispatcher Service...
[[0;32m  OK  [0m] Started Network Manager Script Dispatcher Service.
[    4.661525] e1000: eth0 NIC Link is Up 1000 Mbps Full Duplex, Flow Control: RX
[    4.662378] IPv6: ADDRCONF(NETDEV_CHANGE): eth0: link becomes ready
[[0;32m  OK  [0m] Started Dynamic System Tuning Daemon.
[[0;32m  OK  [0m] Started Network Manager Wait Online.
[[0;32m  OK  [0m] Reached target Network is Online.
         Starting Notify NFS peers of a restart...
         Starting System Logging Service...
[[0;32m  OK  [0m] Started Notify NFS peers of a restart.
[[0;32m  OK  [0m] Started System Logging Service.
[    5.853379] random: crng init done
[    5.853686] random: 7 urandom warning(s) missed due to ratelimiting
[[0;32m  OK  [0m] Started OpenSSH server daemon.
[[0;32m  OK  [0m] Started GSSAPI Proxy Daemon.
[[0;32m  OK  [0m] Reached target NFS client services.
[[0;32m  OK  [0m] Reached target Remote File Systems (Pre).
[[0;32m  OK  [0m] Reached target Remote File Systems.
         Starting Permit User Sessions...
[[0;32m  OK  [0m] Started Permit User Sessions.
         Starting Terminate Plymouth Boot Screen...
         Starting Hold until boot process finishes up...
[[0;32m  OK  [0m] Started Command Scheduler.

CentOS Stream 8
Kernel 5.16.0-rc5-4817c37d71b5+ on an x86_64

test login: [   30.599994] perf: interrupt took too long (2515 > 2500), lowering kernel.perf_event_max_sample_rate to 79500
[   31.358274] perf: interrupt took too long (3202 > 3143), lowering kernel.perf_event_max_sample_rate to 62250
[   32.662135] perf: interrupt took too long (4064 > 4002), lowering kernel.perf_event_max_sample_rate to 49000
[   34.415814] perf: interrupt took too long (5094 > 5080), lowering kernel.perf_event_max_sample_rate to 39250
[   37.011725] perf: interrupt took too long (6375 > 6367), lowering kernel.perf_event_max_sample_rate to 31250
[   40.993903] perf: interrupt took too long (7975 > 7968), lowering kernel.perf_event_max_sample_rate to 25000
[   48.354936] perf: interrupt took too long (9988 > 9968), lowering kernel.perf_event_max_sample_rate to 20000
[   69.930197] perf: interrupt took too long (12488 > 12485), lowering kernel.perf_event_max_sample_rate to 16000
