c[?7l[2J[0mSeaBIOS (version rel-1.16.0-0-gd239552ce722-prebuilt.qemu.org)


iPXE (http://ipxe.org) 00:03.0 CA00 PCI2.10 PnP PMM+7FF91000+7FEF1000 CA00
Press Ctrl-B to configure iPXE (PCI 00:03.0)...                                                                               


Booting from ROM..c[?7l[2J[    0.000000] Linux version 6.1.0-rc1-6204a81aa3f4+ (root@p-tglh01.sh.intel.com) (gcc (GCC) 8.5.0 20210514 (Red Hat 8.5.0-17), GNU ld version 2.36.1-2.el8) #1 SMP PREEMPT_DYNAMIC Mon Nov 14 19:17:41 CST 2022
[    0.000000] Command line: console=ttyS0 root=/dev/sda earlyprintk=serial net.ifnames=0
[    0.000000] KERNEL supported cpus:
[    0.000000]   Intel GenuineIntel
[    0.000000]   AMD AuthenticAMD
[    0.000000]   Hygon HygonGenuine
[    0.000000]   Centaur CentaurHauls
[    0.000000]   zhaoxin   Shanghai  
[    0.000000] x86/fpu: Supporting XSAVE feature 0x001: 'x87 floating point registers'
[    0.000000] x86/fpu: Supporting XSAVE feature 0x002: 'SSE registers'
[    0.000000] x86/fpu: Supporting XSAVE feature 0x004: 'AVX registers'
[    0.000000] x86/fpu: Supporting XSAVE feature 0x020: 'AVX-512 opmask'
[    0.000000] x86/fpu: Supporting XSAVE feature 0x040: 'AVX-512 Hi256'
[    0.000000] x86/fpu: Supporting XSAVE feature 0x080: 'AVX-512 ZMM_Hi256'
[    0.000000] x86/fpu: Supporting XSAVE feature 0x200: 'Protection Keys User registers'
[    0.000000] x86/fpu: xstate_offset[2]:  576, xstate_sizes[2]:  256
[    0.000000] x86/fpu: xstate_offset[5]:  832, xstate_sizes[5]:   64
[    0.000000] x86/fpu: xstate_offset[6]:  896, xstate_sizes[6]:  512
[    0.000000] x86/fpu: xstate_offset[7]: 1408, xstate_sizes[7]: 1024
[    0.000000] x86/fpu: xstate_offset[9]: 2432, xstate_sizes[9]:    8
[    0.000000] x86/fpu: Enabled xstate features 0x2e7, context size is 2440 bytes, using 'compacted' format.
[    0.000000] signal: max sigframe size: 3632
[    0.000000] BIOS-provided physical RAM map:
[    0.000000] BIOS-e820: [mem 0x0000000000000000-0x000000000009fbff] usable
[    0.000000] BIOS-e820: [mem 0x000000000009fc00-0x000000000009ffff] reserved
[    0.000000] BIOS-e820: [mem 0x00000000000f0000-0x00000000000fffff] reserved
[    0.000000] BIOS-e820: [mem 0x0000000000100000-0x000000007ffdffff] usable
[    0.000000] BIOS-e820: [mem 0x000000007ffe0000-0x000000007fffffff] reserved
[    0.000000] BIOS-e820: [mem 0x00000000feffc000-0x00000000feffffff] reserved
[    0.000000] BIOS-e820: [mem 0x00000000fffc0000-0x00000000ffffffff] reserved
[    0.000000] printk: bootconsole [earlyser0] enabled
[    0.000000] NX (Execute Disable) protection: active
[    0.000000] SMBIOS 2.8 present.
[    0.000000] DMI: QEMU Standard PC (i440FX + PIIX, 1996), BIOS rel-1.16.0-0-gd239552ce722-prebuilt.qemu.org 04/01/2014
[    0.000000] Hypervisor detected: KVM
[    0.000000] kvm-clock: Using msrs 4b564d01 and 4b564d00
[    0.000002] kvm-clock: using sched offset of 294553404 cycles
[    0.000405] clocksource: kvm-clock: mask: 0xffffffffffffffff max_cycles: 0x1cd42e4dffb, max_idle_ns: 881590591483 ns
[    0.001651] tsc: Detected 3110.400 MHz processor
[    0.008668] last_pfn = 0x7ffe0 max_arch_pfn = 0x400000000
[    0.009145] x86/PAT: Configuration [0-7]: WB  WC  UC- UC  WB  WP  UC- WT  
[    0.018325] found SMP MP-table at [mem 0x000f5ba0-0x000f5baf]
[    0.018852] Using GB pages for direct mapping
[    0.020227] ACPI: Early table checksum verification disabled
[    0.020716] ACPI: RSDP 0x00000000000F59C0 000014 (v00 BOCHS )
[    0.021186] ACPI: RSDT 0x000000007FFE1951 000034 (v01 BOCHS  BXPC     00000001 BXPC 00000001)
[    0.021873] ACPI: FACP 0x000000007FFE17FD 000074 (v01 BOCHS  BXPC     00000001 BXPC 00000001)
[    0.022560] ACPI: DSDT 0x000000007FFE0040 0017BD (v01 BOCHS  BXPC     00000001 BXPC 00000001)
[    0.023245] ACPI: FACS 0x000000007FFE0000 000040
[    0.023622] ACPI: APIC 0x000000007FFE1871 000080 (v01 BOCHS  BXPC     00000001 BXPC 00000001)
[    0.024356] ACPI: HPET 0x000000007FFE18F1 000038 (v01 BOCHS  BXPC     00000001 BXPC 00000001)
[    0.025078] ACPI: WAET 0x000000007FFE1929 000028 (v01 BOCHS  BXPC     00000001 BXPC 00000001)
[    0.025794] ACPI: Reserving FACP table memory at [mem 0x7ffe17fd-0x7ffe1870]
[    0.026381] ACPI: Reserving DSDT table memory at [mem 0x7ffe0040-0x7ffe17fc]
[    0.026964] ACPI: Reserving FACS table memory at [mem 0x7ffe0000-0x7ffe003f]
[    0.027548] ACPI: Reserving APIC table memory at [mem 0x7ffe1871-0x7ffe18f0]
[    0.028123] ACPI: Reserving HPET table memory at [mem 0x7ffe18f1-0x7ffe1928]
[    0.028664] ACPI: Reserving WAET table memory at [mem 0x7ffe1929-0x7ffe1950]
[    0.030102] No NUMA configuration found
[    0.030400] Faking a node at [mem 0x0000000000000000-0x000000007ffdffff]
[    0.030988] NODE_DATA(0) allocated [mem 0x7ffb5000-0x7ffdffff]
[    0.034424] Zone ranges:
[    0.034624]   DMA      [mem 0x0000000000001000-0x0000000000ffffff]
[    0.035103]   DMA32    [mem 0x0000000001000000-0x000000007ffdffff]
[    0.035582]   Normal   empty
[    0.035829]   Device   empty
[    0.036067] Movable zone start for each node
[    0.036415] Early memory node ranges
[    0.036704]   node   0: [mem 0x0000000000001000-0x000000000009efff]
[    0.037215]   node   0: [mem 0x0000000000100000-0x000000007ffdffff]
[    0.037724] Initmem setup node 0 [mem 0x0000000000001000-0x000000007ffdffff]
[    0.038810] On node 0, zone DMA: 1 pages in unavailable ranges
[    0.038966] On node 0, zone DMA: 97 pages in unavailable ranges
[    0.068410] On node 0, zone DMA32: 32 pages in unavailable ranges
[    0.069142] ACPI: PM-Timer IO Port: 0x608
[    0.069954] ACPI: LAPIC_NMI (acpi_id[0xff] dfl dfl lint[0x1])
[    0.070434] IOAPIC[0]: apic_id 0, version 17, address 0xfec00000, GSI 0-23
[    0.070972] ACPI: INT_SRC_OVR (bus 0 bus_irq 0 global_irq 2 dfl dfl)
[    0.071464] ACPI: INT_SRC_OVR (bus 0 bus_irq 5 global_irq 5 high level)
[    0.072000] ACPI: INT_SRC_OVR (bus 0 bus_irq 9 global_irq 9 high level)
[    0.072540] ACPI: INT_SRC_OVR (bus 0 bus_irq 10 global_irq 10 high level)
[    0.073068] ACPI: INT_SRC_OVR (bus 0 bus_irq 11 global_irq 11 high level)
[    0.073604] ACPI: Using ACPI (MADT) for SMP configuration information
[    0.074099] ACPI: HPET id: 0x8086a201 base: 0xfed00000
[    0.074511] TSC deadline timer available
[    0.074814] smpboot: Allowing 2 CPUs, 0 hotplug CPUs
[    0.075228] kvm-guest: KVM setup pv remote TLB flush
[    0.075614] kvm-guest: setup PV sched yield
[    0.075989] PM: hibernation: Registered nosave memory: [mem 0x00000000-0x00000fff]
[    0.076575] PM: hibernation: Registered nosave memory: [mem 0x0009f000-0x0009ffff]
[    0.077155] PM: hibernation: Registered nosave memory: [mem 0x000a0000-0x000effff]
[    0.077735] PM: hibernation: Registered nosave memory: [mem 0x000f0000-0x000fffff]
[    0.078316] [mem 0x80000000-0xfeffbfff] available for PCI devices
[    0.078785] Booting paravirtualized kernel on KVM
[    0.079153] clocksource: refined-jiffies: mask: 0xffffffff max_cycles: 0xffffffff, max_idle_ns: 7645519600211568 ns
[    0.079979] setup_percpu: NR_CPUS:8192 nr_cpumask_bits:2 nr_cpu_ids:2 nr_node_ids:1
[    0.082334] percpu: Embedded 62 pages/cpu s217088 r8192 d28672 u1048576
[    0.083048] kvm-guest: PV spinlocks enabled
[    0.083387] PV qspinlock hash table entries: 256 (order: 0, 4096 bytes, linear)
[    0.083978] Fallback order for Node 0: 0 
[    0.084302] Built 1 zonelists, mobility grouping on.  Total pages: 515808
[    0.084833] Policy zone: DMA32
[    0.085073] Kernel command line: net.ifnames=0 console=ttyS0 root=/dev/sda earlyprintk=serial net.ifnames=0
[    0.087823] Dentry cache hash table entries: 262144 (order: 9, 2097152 bytes, linear)
[    0.088548] Inode-cache hash table entries: 131072 (order: 8, 1048576 bytes, linear)
[    0.089256] mem auto-init: stack:off, heap alloc:off, heap free:off
[    0.092828] Memory: 1999736K/2096632K available (30736K kernel code, 4079K rwdata, 7524K rodata, 3624K init, 10528K bss, 96640K reserved, 0K cma-reserved)
[    0.095085] SLUB: HWalign=64, Order=0-3, MinObjects=0, CPUs=2, Nodes=1
[    0.095608] kmemleak: Kernel memory leak detector disabled
[    0.096081] ftrace: allocating 66312 entries in 260 pages
[    0.115357] ftrace: allocated 260 pages with 2 groups
[    0.117001] Dynamic Preempt: voluntary
[    0.117378] rcu: Preemptible hierarchical RCU implementation.
[    0.117814] rcu: 	RCU restricting CPUs from NR_CPUS=8192 to nr_cpu_ids=2.
[    0.118329] 	Trampoline variant of Tasks RCU enabled.
[    0.118710] 	Rude variant of Tasks RCU enabled.
[    0.119052] 	Tracing variant of Tasks RCU enabled.
[    0.119413] rcu: RCU calculated value of scheduler-enlistment delay is 25 jiffies.
[    0.120001] rcu: Adjusting geometry for rcu_fanout_leaf=16, nr_cpu_ids=2
[    0.144305] NR_IRQS: 524544, nr_irqs: 440, preallocated irqs: 16
[    0.145029] rcu: srcu_init: Setting srcu_struct sizes based on contention.
[    0.152292] Console: colour VGA+ 80x25
[    0.152618] printk: console [ttyS0] enabled
[    0.152618] printk: console [ttyS0] enabled
[    0.153284] printk: bootconsole [earlyser0] disabled
[    0.153284] printk: bootconsole [earlyser0] disabled
[    0.154076] ACPI: Core revision 20220331
[    0.154596] clocksource: hpet: mask: 0xffffffff max_cycles: 0xffffffff, max_idle_ns: 19112604467 ns
[    0.155385] APIC: Switch to symmetric I/O mode setup
[    0.155995] x2apic enabled
[    0.156385] Switched APIC routing to physical x2apic.
[    0.156780] kvm-guest: setup PV IPIs
[    0.157857] ..TIMER: vector=0x30 apic1=0 pin1=2 apic2=-1 pin2=-1
[    0.158349] clocksource: tsc-early: mask: 0xffffffffffffffff max_cycles: 0x2cd5a8bb032, max_idle_ns: 440795365915 ns
[    0.159162] Calibrating delay loop (skipped) preset value.. 6220.80 BogoMIPS (lpj=12441600)
[    0.163163] pid_max: default: 32768 minimum: 301
[    0.163673] LSM: Security Framework initializing
[    0.164038] Yama: becoming mindful.
[    0.164472] Mount-cache hash table entries: 4096 (order: 3, 32768 bytes, linear)
[    0.165054] Mountpoint-cache hash table entries: 4096 (order: 3, 32768 bytes, linear)
[    0.166324] x86/cpu: User Mode Instruction Prevention (UMIP) activated
[    0.167480] Last level iTLB entries: 4KB 0, 2MB 0, 4MB 0
[    0.167911] Last level dTLB entries: 4KB 0, 2MB 0, 4MB 0, 1GB 0
[    0.168385] Spectre V1 : Mitigation: usercopy/swapgs barriers and __user pointer sanitization
[    0.169038] Spectre V2 : WARNING: Unprivileged eBPF is enabled with eIBRS on, data leaks possible via Spectre v2 BHB attacks!
[    0.169893] Spectre V2 : Mitigation: Enhanced IBRS
[    0.170240] Spectre V2 : Spectre v2 / SpectreRSB mitigation: Filling RSB on context switch
[    0.170830] Spectre V2 : Spectre v2 / PBRSB-eIBRS: Retire a single CALL on VMEXIT
[    0.171162] Spectre V2 : mitigation: Enabling conditional Indirect Branch Prediction Barrier
[    0.171767] Speculative Store Bypass: Mitigation: Speculative Store Bypass disabled via prctl
[    0.261974] Freeing SMP alternatives memory: 56K
[    0.262477] smpboot: CPU0: Genuine Intel(R) CPU 0000 @ 2.20GHz (family: 0x6, model: 0x8d, stepping: 0x0)
[    0.263157] cblist_init_generic: Setting adjustable number of callback queues.
[    0.263157] cblist_init_generic: Setting shift to 1 and lim to 1.
[    0.263157] cblist_init_generic: Setting shift to 1 and lim to 1.
[    0.263157] cblist_init_generic: Setting shift to 1 and lim to 1.
[    0.263157] Performance Events: Icelake events, full-width counters, Intel PMU driver.
[    0.263157] ... version:                2
[    0.263157] ... bit width:              48
[    0.263160] ... generic registers:      8
[    0.263454] ... value mask:             0000ffffffffffff
[    0.263837] ... max period:             00007fffffffffff
[    0.264225] ... fixed-purpose events:   3
[    0.264516] ... event mask:             00000007000000ff
[    0.265075] rcu: Hierarchical SRCU implementation.
[    0.265428] rcu: 	Max phase no-delay instances is 1000.
[    0.267689] smp: Bringing up secondary CPUs ...
[    0.268206] x86: Booting SMP configuration:
[    0.268512] .... node  #0, CPUs:      #1
[    0.268873] smp: Brought up 1 node, 2 CPUs
[    0.268873] smpboot: Max logical packages: 1
[    0.268873] smpboot: Total of 2 processors activated (12441.60 BogoMIPS)
[    0.273145] devtmpfs: initialized
[    0.273145] x86/mm: Memory block size: 128MB
[    0.275390] clocksource: jiffies: mask: 0xffffffff max_cycles: 0xffffffff, max_idle_ns: 7645041785100000 ns
[    0.276120] futex hash table entries: 512 (order: 3, 32768 bytes, linear)
[    0.276708] pinctrl core: initialized pinctrl subsystem
[    0.277304] 
[    0.277422] *************************************************************
[    0.277909] **     NOTICE NOTICE NOTICE NOTICE NOTICE NOTICE NOTICE    **
[    0.278395] **                                                         **
[    0.278881] **  IOMMU DebugFS SUPPORT HAS BEEN ENABLED IN THIS KERNEL  **
[    0.279162] **                                                         **
[    0.279648] ** This means that this kernel is built to expose internal **
[    0.280154] ** IOMMU data structures, which may compromise security on **
[    0.280653] ** your system.                                            **
[    0.281143] **                                                         **
[    0.281630] ** If you see this message and you are not debugging the   **
[    0.282116] ** kernel, report this immediately to your vendor!         **
[    0.282603] **                                                         **
[    0.283089] **     NOTICE NOTICE NOTICE NOTICE NOTICE NOTICE NOTICE    **
[    0.283159] *************************************************************
[    0.283699] PM: RTC time: 11:18:11, date: 2022-11-14
[    0.286910] NET: Registered PF_NETLINK/PF_ROUTE protocol family
[    0.287502] DMA: preallocated 256 KiB GFP_KERNEL pool for atomic allocations
[    0.288022] DMA: preallocated 256 KiB GFP_KERNEL|GFP_DMA pool for atomic allocations
[    0.288589] DMA: preallocated 256 KiB GFP_KERNEL|GFP_DMA32 pool for atomic allocations
[    0.289186] audit: initializing netlink subsys (disabled)
[    0.289583] audit: type=2000 audit(1668424692.136:1): state=initialized audit_enabled=0 res=1
[    0.289583] thermal_sys: Registered thermal governor 'fair_share'
[    0.289583] thermal_sys: Registered thermal governor 'bang_bang'
[    0.289583] thermal_sys: Registered thermal governor 'step_wise'
[    0.289583] thermal_sys: Registered thermal governor 'user_space'
[    0.291203] cpuidle: using governor ladder
[    0.291927] cpuidle: using governor menu
[    0.292458] acpiphp: ACPI Hot Plug PCI Controller Driver version: 0.5
[    0.293164] PCI: Using configuration type 1 for base access
[    0.301848] kprobes: kprobe jump-optimization is enabled. All kprobes are optimized if possible.
[    0.489989] HugeTLB: registered 1.00 GiB page size, pre-allocated 0 pages
[    0.490500] HugeTLB: 16380 KiB vmemmap can be freed for a 1.00 GiB page
[    0.490987] HugeTLB: registered 2.00 MiB page size, pre-allocated 0 pages
[    0.491174] HugeTLB: 28 KiB vmemmap can be freed for a 2.00 MiB page
[    0.492631] ACPI: Added _OSI(Module Device)
[    0.492954] ACPI: Added _OSI(Processor Device)
[    0.493285] ACPI: Added _OSI(3.0 _SCP Extensions)
[    0.493640] ACPI: Added _OSI(Processor Aggregator Device)
[    0.497758] ACPI: 1 ACPI AML tables successfully acquired and loaded
[    0.500025] ACPI: Interpreter enabled
[    0.500359] ACPI: PM: (supports S0 S3 S4 S5)
[    0.500675] ACPI: Using IOAPIC for interrupt routing
[    0.501061] PCI: Using host bridge windows from ACPI; if necessary, use "pci=nocrs" and report a bug
[    0.501726] PCI: Using E820 reservations for host bridge windows
[    0.502612] ACPI: Enabled 2 GPEs in block 00 to 0F
[    0.512787] ACPI: PCI Root Bridge [PCI0] (domain 0000 [bus 00-ff])
[    0.513272] acpi PNP0A03:00: _OSC: OS supports [ASPM ClockPM Segments MSI EDR HPX-Type3]
[    0.513874] acpi PNP0A03:00: _OSC: not requesting OS control; OS requires [ExtendedConfig ASPM ClockPM MSI]
[    0.514623] acpi PNP0A03:00: fail to add MMCONFIG information, can't access extended PCI configuration space under this bridge.
[    0.516447] acpiphp: Slot [3] registered
[    0.516785] acpiphp: Slot [4] registered
[    0.517121] acpiphp: Slot [5] registered
[    0.517456] acpiphp: Slot [6] registered
[    0.517793] acpiphp: Slot [7] registered
[    0.518129] acpiphp: Slot [8] registered
[    0.518473] acpiphp: Slot [9] registered
[    0.518816] acpiphp: Slot [10] registered
[    0.519169] acpiphp: Slot [11] registered
[    0.519512] acpiphp: Slot [12] registered
[    0.519860] acpiphp: Slot [13] registered
[    0.520203] acpiphp: Slot [14] registered
[    0.520545] acpiphp: Slot [15] registered
[    0.520893] acpiphp: Slot [16] registered
[    0.521237] acpiphp: Slot [17] registered
[    0.521580] acpiphp: Slot [18] registered
[    0.521928] acpiphp: Slot [19] registered
[    0.522277] acpiphp: Slot [20] registered
[    0.522620] acpiphp: Slot [21] registered
[    0.522963] acpiphp: Slot [22] registered
[    0.523209] acpiphp: Slot [23] registered
[    0.523553] acpiphp: Slot [24] registered
[    0.523897] acpiphp: Slot [25] registered
[    0.524241] acpiphp: Slot [26] registered
[    0.524585] acpiphp: Slot [27] registered
[    0.524930] acpiphp: Slot [28] registered
[    0.525278] acpiphp: Slot [29] registered
[    0.525622] acpiphp: Slot [30] registered
[    0.525967] acpiphp: Slot [31] registered
[    0.526291] PCI host bridge to bus 0000:00
[    0.526602] pci_bus 0000:00: root bus resource [io  0x0000-0x0cf7 window]
[    0.527104] pci_bus 0000:00: root bus resource [io  0x0d00-0xffff window]
[    0.527160] pci_bus 0000:00: root bus resource [mem 0x000a0000-0x000bffff window]
[    0.527710] pci_bus 0000:00: root bus resource [mem 0x80000000-0xfebfffff window]
[    0.528260] pci_bus 0000:00: root bus resource [mem 0x100000000-0x17fffffff window]
[    0.528829] pci_bus 0000:00: root bus resource [bus 00-ff]
[    0.529290] pci 0000:00:00.0: [8086:1237] type 00 class 0x060000
[    0.531685] pci 0000:00:01.0: [8086:7000] type 00 class 0x060100
[    0.532616] pci 0000:00:01.1: [8086:7010] type 00 class 0x010180
[    0.534384] pci 0000:00:01.1: reg 0x20: [io  0xc040-0xc04f]
[    0.535320] pci 0000:00:01.1: legacy IDE quirk: reg 0x10: [io  0x01f0-0x01f7]
[    0.535846] pci 0000:00:01.1: legacy IDE quirk: reg 0x14: [io  0x03f6]
[    0.536323] pci 0000:00:01.1: legacy IDE quirk: reg 0x18: [io  0x0170-0x0177]
[    0.536843] pci 0000:00:01.1: legacy IDE quirk: reg 0x1c: [io  0x0376]
[    0.537493] pci 0000:00:01.3: [8086:7113] type 00 class 0x068000
[    0.538212] pci 0000:00:01.3: quirk: [io  0x0600-0x063f] claimed by PIIX4 ACPI
[    0.539003] pci 0000:00:01.3: quirk: [io  0x0700-0x070f] claimed by PIIX4 SMB
[    0.539359] pci 0000:00:02.0: [1234:1111] type 00 class 0x030000
[    0.540954] pci 0000:00:02.0: reg 0x10: [mem 0xfd000000-0xfdffffff pref]
[    0.542891] pci 0000:00:02.0: reg 0x18: [mem 0xfebf0000-0xfebf0fff]
[    0.546023] pci 0000:00:02.0: reg 0x30: [mem 0xfebe0000-0xfebeffff pref]
[    0.546617] pci 0000:00:02.0: Video device with shadowed ROM at [mem 0x000c0000-0x000dffff]
[    0.549173] pci 0000:00:03.0: [8086:100e] type 00 class 0x020000
[    0.550097] pci 0000:00:03.0: reg 0x10: [mem 0xfebc0000-0xfebdffff]
[    0.551137] pci 0000:00:03.0: reg 0x14: [io  0xc000-0xc03f]
[    0.553380] pci 0000:00:03.0: reg 0x30: [mem 0xfeb80000-0xfebbffff pref]
[    0.562929] ACPI: PCI: Interrupt link LNKA configured for IRQ 10
[    0.563427] ACPI: PCI: Interrupt link LNKB configured for IRQ 10
[    0.564137] ACPI: PCI: Interrupt link LNKC configured for IRQ 11
[    0.564858] ACPI: PCI: Interrupt link LNKD configured for IRQ 11
[    0.565436] ACPI: PCI: Interrupt link LNKS configured for IRQ 9
[    0.566517] iommu: Default domain type: Translated 
[    0.566882] iommu: DMA domain TLB invalidation policy: lazy mode 
[    0.567615] SCSI subsystem initialized
[    0.568051] ACPI: bus type USB registered
[    0.568419] usbcore: registered new interface driver usbfs
[    0.568847] usbcore: registered new interface driver hub
[    0.569259] usbcore: registered new device driver usb
[    0.569690] pps_core: LinuxPPS API ver. 1 registered
[    0.570059] pps_core: Software ver. 5.3.6 - Copyright 2005-2007 Rodolfo Giometti <giometti@linux.it>
[    0.570729] PTP clock support registered
[    0.571101] EDAC MC: Ver: 3.0.0
[    0.571814] NetLabel: Initializing
[    0.572079] NetLabel:  domain hash size = 128
[    0.572400] NetLabel:  protocols = UNLABELED CIPSOv4 CALIPSO
[    0.572844] NetLabel:  unlabeled traffic allowed by default
[    0.573330] PCI: Using ACPI for IRQ routing
[    0.573787] pci 0000:00:02.0: vgaarb: setting as boot VGA device
[    0.574234] pci 0000:00:02.0: vgaarb: bridge control possible
[    0.574653] pci 0000:00:02.0: vgaarb: VGA device added: decodes=io+mem,owns=io+mem,locks=none
[    0.575160] vgaarb: loaded
[    0.575593] hpet0: at MMIO 0xfed00000, IRQs 2, 8, 0
[    0.575973] hpet0: 3 comparators, 64-bit 100.000000 MHz counter
[    2.727037] clocksource: Switched to clocksource kvm-clock
[    2.804531] VFS: Disk quotas dquot_6.6.0
[    2.804868] VFS: Dquot-cache hash table entries: 512 (order 0, 4096 bytes)
[    2.805498] pnp: PnP ACPI init
[    2.806989] pnp: PnP ACPI: found 6 devices
[    2.816722] clocksource: acpi_pm: mask: 0xffffff max_cycles: 0xffffff, max_idle_ns: 2085701024 ns
[    2.817635] NET: Registered PF_INET protocol family
[    2.818225] IP idents hash table entries: 32768 (order: 6, 262144 bytes, linear)
[    2.819903] tcp_listen_portaddr_hash hash table entries: 1024 (order: 2, 16384 bytes, linear)
[    2.820537] Table-perturb hash table entries: 65536 (order: 6, 262144 bytes, linear)
[    2.821110] TCP established hash table entries: 16384 (order: 5, 131072 bytes, linear)
[    2.821767] TCP bind hash table entries: 16384 (order: 7, 524288 bytes, linear)
[    2.822421] TCP: Hash tables configured (established 16384 bind 16384)
[    2.822932] UDP hash table entries: 1024 (order: 3, 32768 bytes, linear)
[    2.823430] UDP-Lite hash table entries: 1024 (order: 3, 32768 bytes, linear)
[    2.824014] NET: Registered PF_UNIX/PF_LOCAL protocol family
[    2.824626] RPC: Registered named UNIX socket transport module.
[    2.825052] RPC: Registered udp transport module.
[    2.825383] RPC: Registered tcp transport module.
[    2.825713] RPC: Registered tcp NFSv4.1 backchannel transport module.
[    2.826175] pci_bus 0000:00: resource 4 [io  0x0000-0x0cf7 window]
[    2.826612] pci_bus 0000:00: resource 5 [io  0x0d00-0xffff window]
[    2.827060] pci_bus 0000:00: resource 6 [mem 0x000a0000-0x000bffff window]
[    2.827552] pci_bus 0000:00: resource 7 [mem 0x80000000-0xfebfffff window]
[    2.828043] pci_bus 0000:00: resource 8 [mem 0x100000000-0x17fffffff window]
[    2.828680] pci 0000:00:01.0: PIIX3: Enabling Passive Release
[    2.829096] pci 0000:00:00.0: Limiting direct PCI/PCI transfers
[    2.829595] PCI: CLS 0 bytes, default 64
[    2.830056] clocksource: tsc: mask: 0xffffffffffffffff max_cycles: 0x2cd5a8bb032, max_idle_ns: 440795365915 ns
[    2.832201] Initialise system trusted keyrings
[    2.832543] Key type blacklist registered
[    2.832939] workingset: timestamp_bits=36 max_order=19 bucket_order=0
[    2.837860] zbud: loaded
[    2.838878] squashfs: version 4.0 (2009/01/31) Phillip Lougher
[    2.840008] NFS: Registering the id_resolver key type
[    2.840376] Key type id_resolver registered
[    2.840671] Key type id_legacy registered
[    2.840997] nfs4filelayout_init: NFSv4 File Layout Driver Registering...
[    2.841466] nfs4flexfilelayout_init: NFSv4 Flexfile Layout Driver Registering...
[    2.842035] fuse: init (API version 7.37)
[    2.842469] SGI XFS with ACLs, security attributes, realtime, quota, no debug enabled
[    2.843930] 9p: Installing v9fs 9p2000 file system support
[    2.851532] Key type asymmetric registered
[    2.851828] Asymmetric key parser 'x509' registered
[    2.852682] alg: self-tests for CTR-KDF (hmac(sha256)) passed
[    2.853117] Block layer SCSI generic (bsg) driver version 0.4 loaded (major 243)
[    2.853725] io scheduler mq-deadline registered
[    2.854110] io scheduler bfq registered
[    2.854804] shpchp: Standard Hot Plug PCI Controller Driver version: 0.4
[    2.855437] IPMI message handler: version 39.2
[    2.855762] ipmi device interface
[    2.856790] input: Power Button as /devices/LNXSYSTM:00/LNXPWRBN:00/input/input0
[    2.857363] ACPI: button: Power Button [PWRF]
[    2.858217] ERST DBG: ERST support is disabled.
[    2.858836] Serial: 8250/16550 driver, 32 ports, IRQ sharing enabled
[    2.859591] 00:04: ttyS0 at I/O 0x3f8 (irq = 4, base_baud = 115200) is a 16550A
[    2.864166] Linux agpgart interface v0.103
[    2.864748] ACPI: bus type drm_connector registered
[    2.871567] brd: module loaded
[    2.875311] loop: module loaded
[    2.878616] scsi host0: ata_piix
[    2.879129] scsi host1: ata_piix
[    2.879468] ata1: PATA max MWDMA2 cmd 0x1f0 ctl 0x3f6 bmdma 0xc040 irq 14
[    2.879976] ata2: PATA max MWDMA2 cmd 0x170 ctl 0x376 bmdma 0xc048 irq 15
[    2.881022] tun: Universal TUN/TAP device driver, 1.6
[    2.881486] e100: Intel(R) PRO/100 Network Driver
[    2.881842] e100: Copyright(c) 1999-2006 Intel Corporation
[    2.882275] e1000: Intel(R) PRO/1000 Network Driver
[    2.882643] e1000: Copyright (c) 1999-2006 Intel Corporation.
[    2.956521] ACPI: \_SB_.LNKC: Enabled at IRQ 11
[    3.039272] ata1: found unknown device (class 0)
[    3.040005] ata1.00: ATA-7: QEMU HARDDISK, 2.5+, max UDMA/100
[    3.040432] ata1.00: 16777216 sectors, multi 16: LBA48 
[    3.041300] scsi 0:0:0:0: Direct-Access     ATA      QEMU HARDDISK    2.5+ PQ: 0 ANSI: 5
[    3.042282] ata2: found unknown device (class 0)
[    3.042981] ata2.00: ATAPI: QEMU DVD-ROM, 2.5+, max UDMA/100
[    3.043915] scsi 0:0:0:0: Attached scsi generic sg0 type 0
[    3.044754] scsi 1:0:0:0: CD-ROM            QEMU     QEMU DVD-ROM     2.5+ PQ: 0 ANSI: 5
[    3.046066] sd 0:0:0:0: [sda] 16777216 512-byte logical blocks: (8.59 GB/8.00 GiB)
[    3.046637] sd 0:0:0:0: [sda] Write Protect is off
[    3.047032] sd 0:0:0:0: [sda] Write cache: enabled, read cache: enabled, doesn't support DPO or FUA
[    3.047728] sd 0:0:0:0: [sda] Preferred minimum I/O size 512 bytes
[    3.072166] sd 0:0:0:0: [sda] Attached SCSI disk
[    3.079542] scsi 1:0:0:0: Attached scsi generic sg1 type 5
[    3.277798] e1000 0000:00:03.0 eth0: (PCI:33MHz:32-bit) 52:54:00:12:34:56
[    3.278318] e1000 0000:00:03.0 eth0: Intel(R) PRO/1000 Network Connection
[    3.278883] e1000e: Intel(R) PRO/1000 Network Driver
[    3.279249] e1000e: Copyright(c) 1999 - 2015 Intel Corporation.
[    3.279720] igb: Intel(R) Gigabit Ethernet Network Driver
[    3.280111] igb: Copyright (c) 2007-2014 Intel Corporation.
[    3.280572] PPP generic driver version 2.4.2
[    3.281190] VFIO - User Level meta-driver version: 0.3
[    3.281919] usbcore: registered new interface driver uas
[    3.282350] usbcore: registered new interface driver usb-storage
[    3.282891] i8042: PNP: PS/2 Controller [PNP0303:KBD,PNP0f13:MOU] at 0x60,0x64 irq 1,12
[    3.284111] serio: i8042 KBD port at 0x60,0x64 irq 1
[    3.284477] serio: i8042 AUX port at 0x60,0x64 irq 12
[    3.285244] mousedev: PS/2 mouse device common for all mice
[    3.286032] input: AT Translated Set 2 keyboard as /devices/platform/i8042/serio0/input/input1
[    3.287329] input: VirtualPS/2 VMware VMMouse as /devices/platform/i8042/serio1/input/input4
[    3.288289] rtc_cmos 00:05: registered as rtc0
[    3.288360] input: VirtualPS/2 VMware VMMouse as /devices/platform/i8042/serio1/input/input3
[    3.288688] rtc_cmos 00:05: setting system clock to 2022-11-14T11:18:14 UTC (1668424694)
[    3.289934] rtc_cmos 00:05: alarms up to one day, 242 bytes nvram, hpet irqs
[    3.290493] rtc_cmos 00:05: RTC can wake from S4
[    3.290909] i2c_dev: i2c /dev entries driver
[    3.291264] device-mapper: core: CONFIG_IMA_DISABLE_HTABLE is disabled. Duplicate IMA measurements will not be recorded in the IMA log.
[    3.292181] device-mapper: uevent: version 1.0.3
[    3.292725] device-mapper: ioctl: 4.47.0-ioctl (2022-07-28) initialised: dm-devel@redhat.com
[    3.293346] intel_pstate: CPU model not supported
[    3.293738] sdhci: Secure Digital Host Controller Interface driver
[    3.294179] sdhci: Copyright(c) Pierre Ossman
[    3.294532] sdhci-pltfm: SDHCI platform and OF driver helper
[    3.294996] ledtrig-cpu: registered to indicate activity on CPUs
[    3.295597] drop_monitor: Initializing network drop monitor service
[    3.296428] NET: Registered PF_INET6 protocol family
[    3.297597] Segment Routing with IPv6
[    3.297896] In-situ OAM (IOAM) with IPv6
[    3.298208] NET: Registered PF_PACKET protocol family
[    3.298703] 9pnet: Installing 9P2000 support
[    3.299068] Key type dns_resolver registered
[    3.300033] IPI shorthand broadcast: enabled
[    3.300396] sched_clock: Marking stable (3290242313, 9606481)->(3308804110, -8955316)
[    3.301226] registered taskstats version 1
[    3.301584] Loading compiled-in X.509 certificates
[    3.302241] zswap: loaded using pool lzo/zbud
[    3.303066] Key type .fscrypt registered
[    3.303500] Key type fscrypt-provisioning registered
[    3.304660] Key type encrypted registered
[    3.305115] ima: No TPM chip found, activating TPM-bypass!
[    3.305708] ima: Allocated hash algorithm: sha1
[    3.306195] ima: No architecture policies found
[    3.306684] evm: Initialising EVM extended attributes:
[    3.307229] evm: security.selinux
[    3.307579] evm: security.SMACK64
[    3.307930] evm: security.SMACK64EXEC
[    3.308303] evm: security.SMACK64TRANSMUTE
[    3.308729] evm: security.SMACK64MMAP
[    3.309105] evm: security.apparmor
[    3.309454] evm: security.ima
[    3.309768] evm: security.capability
[    3.310137] evm: HMAC attrs: 0x1
[    3.312792] PM:   Magic number: 14:519:327
[    3.313351] RAS: Correctable Errors collector initialized.
[    3.313981] md: Waiting for all devices to be available before autodetect
[    3.314323] md: If you don't use raid, use raid=noautodetect
[    3.314612] md: Autodetecting RAID arrays.
[    3.314855] md: autorun ...
[    3.315002] md: ... autorun DONE.
[    3.317419] EXT4-fs (sda): INFO: recovery required on readonly filesystem
[    3.317771] EXT4-fs (sda): write access will be enabled during recovery
[    3.403185] EXT4-fs (sda): recovery complete
[    3.423302] EXT4-fs (sda): mounted filesystem with ordered data mode. Quota mode: none.
[    3.423732] VFS: Mounted root (ext4 filesystem) readonly on device 8:0.
[    3.424404] devtmpfs: mounted
[    3.430879] Freeing unused decrypted memory: 2036K
[    3.433237] Freeing unused kernel image (initmem) memory: 3624K
[    3.433544] Write protecting the kernel read-only data: 40960k
[    3.435582] Freeing unused kernel image (text/rodata gap) memory: 2028K
[    3.436311] Freeing unused kernel image (rodata/data gap) memory: 668K
[    3.517426] x86/mm: Checked W+X mappings: passed, no W+X pages found.
[    3.517752] Run /sbin/init as init process
[    3.577370] systemd[1]: RTC configured in localtime, applying delta of 0 minutes to system time.
[    3.591109] systemd[1]: systemd 239 (239-49.el8) running in system mode. (+PAM +AUDIT +SELINUX +IMA -APPARMOR +SMACK +SYSVINIT +UTMP +LIBCRYPTSETUP +GCRYPT +GNUTLS +ACL +XZ +LZ4 +SECCOMP +BLKID +ELFUTILS +KMOD +IDN2 -IDN +PCRE2 default-hierarchy=legacy)
[    3.592324] systemd[1]: Detected virtualization kvm.
[    3.592593] systemd[1]: Detected architecture x86-64.

Welcome to [0;31mCentOS Stream 8[0m!

[    3.637919] systemd[1]: Set hostname to <test>.
[    4.631168] random: crng init done
[    4.699683] systemd[1]: Created slice User and Session Slice.
[[0;32m  OK  [0m] Created slice User and Session Slice.
[    4.700533] systemd[1]: Listening on Device-mapper event daemon FIFOs.
[[0;32m  OK  [0m] Listening on Device-mapper event daemon FIFOs.
[    4.701328] systemd[1]: Reached target Swap.
[[0;32m  OK  [0m] Reached target Swap.
[    4.701983] systemd[1]: Listening on LVM2 poll daemon socket.
[[0;32m  OK  [0m] Listening on LVM2 poll daemon socket.
[    4.703434] systemd[1]: Created slice system-getty.slice.
[[0;32m  OK  [0m] Created slice system-getty.slice.
[    4.704186] systemd[1]: Listening on initctl Compatibility Named Pipe.
[[0;32m  OK  [0m] Listening on initctl Compatibility Named Pipe.
[[0;32m  OK  [0m] Listening on Journal Socket.
         Starting Setup Virtual Console...
         Mounting Huge Pages File System...
         Mounting POSIX Message Queue File System...
         Mounting Kernel Debug File System...
[[0;32m  OK  [0m] Listening on Process Core Dump Socket.
[[0;32m  OK  [0m] Reached target Slices.
[[0;32m  OK  [0m] Listening on udev Kernel Socket.
[[0;32m  OK  [0m] Set up automount Arbitrary Executabâ€¦rmats File System Automount Point.
         Starting Remount Root and Kernel File Systems...
[[0;32m  OK  [0m] Listening on RPCbind Server Activation Socket.
[[0;32m  OK  [0m] Started Forward Password Requests to Wall Directory Watch.
[[0;32m  OK  [0m] Created slice system-sshd\x2dkeygen.slice.
[[0;32m  OK  [0m] Listening on udev Control Socket.
         Starting udev Coldplug all Devices...
[[0;32m  OK  [0m] Listening on Journal Socket (/dev/log).
         Starting Journal Service...
         Starting Monitoring of LVM2 mirrorsâ€¦ng dmeventd or progress polling...
[[0;32m  OK  [0m] Reached target RPC Port Mapper.
[[0;32m  OK  [0m] Created slice system-serial\x2dgetty.slice.
[[0;32m  OK  [0m] Listening on multipathd control socket.
         Starting Load Kernel Modules...
[[0;32m  OK  [0m] Mounted Huge Pages File System.
[[0;32m  OK  [0m] Mounted POSIX Message Queue File System.
[[0;32m  OK  [0m] Mounted Kernel Debug File System.
[[0;1;31mFAILED[0m] Failed to start Load Kernel Modules.
See 'systemctl status systemd-modules-load.service' for details.
[    4.899699] EXT4-fs (sda): re-mounted. Quota mode: none.
         Mounting Kernel Configuration File System...
         Mounting FUSE Control File System...
         Starting Apply Kernel Variables...
[[0;32m  OK  [0m] Started Journal Service.
[[0;32m  OK  [0m] Started Setup Virtual Console.
[[0;32m  OK  [0m] Started Remount Root and Kernel File Systems.
[[0;32m  OK  [0m] Mounted Kernel Configuration File System.
[[0;32m  OK  [0m] Mounted FUSE Control File System.
         Starting Create Static Device Nodes in /dev...
         Starting Load/Save Random Seed...
         Starting Flush Journal to Persistent Storage...
[[0;32m  OK  [0m] Started Apply Kernel Variables.
[[0;32m  OK  [0m] Started Flush Journal to Persistent Storage.
[[0;32m  OK  [0m] Started Create Static Device Nodes in /dev.
[[0;32m  OK  [0m] Started Load/Save Random Seed.
         Starting udev Kernel Device Manager...
[[0;32m  OK  [0m] Started udev Coldplug all Devices.
         Starting udev Wait for Complete Device Initialization...
[[0;32m  OK  [0m] Started udev Kernel Device Manager.
         Starting Show Plymouth Boot Screen...
[[0;32m  OK  [0m] Started Show Plymouth Boot Screen.
[[0;32m  OK  [0m] Started Forward Password Requests to Plymouth Directory Watch.
[[0;32m  OK  [0m] Reached target Paths.
[[0;32m  OK  [0m] Reached target Local Encrypted Volumes.
[[0;32m  OK  [0m] Found device /dev/ttyS0.
[[0;32m  OK  [0m] Listening on Load/Save RF Kill Switch Status /dev/rfkill Watch.
[[0;32m  OK  [0m] Started udev Wait for Complete Device Initialization.
[[0;32m  OK  [0m] Started Monitoring of LVM2 mirrors,â€¦sing dmeventd or progress polling.
[[0;32m  OK  [0m] Reached target Local File Systems (Pre).
[[0;32m  OK  [0m] Reached target Local File Systems.
         Starting Restore /run/initramfs on shutdown...
         Starting Create Volatile Files and Directories...
         Starting Tell Plymouth To Write Out Runtime Data...
[[0;32m  OK  [0m] Started Restore /run/initramfs on shutdown.
[[0;32m  OK  [0m] Started Tell Plymouth To Write Out Runtime Data.
[[0;32m  OK  [0m] Started Create Volatile Files and Directories.
         Mounting RPC Pipe File System...
         Starting RPC Bind...
         Starting Security Auditing Service...
[[0;32m  OK  [0m] Mounted RPC Pipe File System.
[[0;32m  OK  [0m] Reached target rpc_pipefs.target.
[[0;32m  OK  [0m] Started RPC Bind.
[[0;32m  OK  [0m] Started Security Auditing Service.
         Starting Update UTMP about System Boot/Shutdown...
[[0;32m  OK  [0m] Started Update UTMP about System Boot/Shutdown.
[[0;32m  OK  [0m] Reached target System Initialization.
[[0;32m  OK  [0m] Listening on SSSD Kerberos Cache Manager responder socket.
[[0;32m  OK  [0m] Listening on D-Bus System Message Bus Socket.
[[0;32m  OK  [0m] Reached target Sockets.
[[0;32m  OK  [0m] Started dnf makecache --timer.
[[0;32m  OK  [0m] Started daily update of the root trust anchor for DNSSEC.
[[0;32m  OK  [0m] Started Daily Cleanup of Temporary Directories.
[[0;32m  OK  [0m] Reached target Timers.
[[0;32m  OK  [0m] Reached target Basic System.
[[0;32m  OK  [0m] Reached target sshd-keygen.target.
         Starting Self Monitoring and Reporting Technology (SMART) Daemon...
         Starting NTP client/server...
[[0;32m  OK  [0m] Started Machine Check Exception Logging Daemon.
         Starting Login Service...
         Starting Authorization Manager...
[[0;32m  OK  [0m] Started irqbalance daemon.
         Starting Auto-connect to subsystemsâ€¦-NVME devices found during boot...
[[0;32m  OK  [0m] Started D-Bus System Message Bus.
         Starting Network Manager...
[[0;32m  OK  [0m] Started Self Monitoring and Reporting Technology (SMART) Daemon.
[[0;32m  OK  [0m] Started Auto-connect to subsystems â€¦FC-NVME devices found during boot.
[[0;32m  OK  [0m] Started NTP client/server.
[[0;32m  OK  [0m] Started Login Service.
[[0;32m  OK  [0m] Started Network Manager.
         Starting Network Manager Wait Online...
[[0;32m  OK  [0m] Reached target Network.
         Starting OpenSSH server daemon...
         Starting GSSAPI Proxy Daemon...
         Starting Dynamic System Tuning Daemon...
[[0;32m  OK  [0m] Started Authorization Manager.
         Starting Hostname Service...
[[0;32m  OK  [0m] Started OpenSSH server daemon.
[[0;32m  OK  [0m] Started GSSAPI Proxy Daemon.
[[0;32m  OK  [0m] Reached target NFS client services.
[[0;32m  OK  [0m] Reached target Remote File Systems (Pre).
[[0;32m  OK  [0m] Reached target Remote File Systems.
         Starting Permit User Sessions...
[[0;32m  OK  [0m] Started Permit User Sessions.
[[0;32m  OK  [0m] Started Command Scheduler.
         Starting Hold until boot process finishes up...
         Starting Terminate Plymouth Boot Screen...
[    6.091191] e1000: eth0 NIC Link is Up 1000 Mbps Full Duplex, Flow Control: RX
[    6.091837] IPv6: ADDRCONF(NETDEV_CHANGE): eth0: link becomes ready
[    6.237398] Spectre V2 : WARNING: Unprivileged eBPF is enabled with eIBRS on, data leaks possible via Spectre v2 BHB attacks!
[    6.238216] Spectre V2 : WARNING: Unprivileged eBPF is enabled with eIBRS on, data leaks possible via Spectre v2 BHB attacks!

CentOS Stream 8
Kernel 6.1.0-rc1-6204a81aa3f4+ on an x86_64

test login: [   32.497401] perf: interrupt took too long (2563 > 2500), lowering kernel.perf_event_max_sample_rate to 78000
[   33.920986] perf: interrupt took too long (3236 > 3203), lowering kernel.perf_event_max_sample_rate to 61750
[   35.592963] perf: interrupt took too long (4105 > 4045), lowering kernel.perf_event_max_sample_rate to 48500
[   37.698181] perf: interrupt took too long (5150 > 5131), lowering kernel.perf_event_max_sample_rate to 38750
[   40.702338] perf: interrupt took too long (6459 > 6437), lowering kernel.perf_event_max_sample_rate to 30750
[   45.141076] perf: interrupt took too long (8108 > 8073), lowering kernel.perf_event_max_sample_rate to 24500
[   53.015301] perf: interrupt took too long (10156 > 10135), lowering kernel.perf_event_max_sample_rate to 19500
[   74.000785] perf: interrupt took too long (12700 > 12695), lowering kernel.perf_event_max_sample_rate to 15500
