c[?7l[2J[0mSeaBIOS (version rel-1.16.0-0-gd239552ce722-prebuilt.qemu.org)


iPXE (http://ipxe.org) 00:03.0 CA00 PCI2.10 PnP PMM+7FF91000+7FEF1000 CA00
Press Ctrl-B to configure iPXE (PCI 00:03.0)...                                                                               


Booting from ROM..c[?7l[2J[    0.000000] Linux version 6.1.0-rc1-d47136c28015+ (root@p-tglh01.sh.intel.com) (gcc (GCC) 8.5.0 20210514 (Red Hat 8.5.0-17), GNU ld version 2.36.1-2.el8) #1 SMP PREEMPT_DYNAMIC Mon Nov 14 17:56:36 CST 2022
[    0.000000] Command line: console=ttyS0 root=/dev/sda earlyprintk=serial net.ifnames=0
[    0.000000] KERNEL supported cpus:
[    0.000000]   Intel GenuineIntel
[    0.000000]   AMD AuthenticAMD
[    0.000000]   Hygon HygonGenuine
[    0.000000]   Centaur CentaurHauls
[    0.000000]   zhaoxin   Shanghai  
[    0.000000] x86/fpu: Supporting XSAVE feature 0x001: 'x87 floating point registers'
[    0.000000] x86/fpu: Supporting XSAVE feature 0x002: 'SSE registers'
[    0.000000] x86/fpu: Supporting XSAVE feature 0x004: 'AVX registers'
[    0.000000] x86/fpu: Supporting XSAVE feature 0x020: 'AVX-512 opmask'
[    0.000000] x86/fpu: Supporting XSAVE feature 0x040: 'AVX-512 Hi256'
[    0.000000] x86/fpu: Supporting XSAVE feature 0x080: 'AVX-512 ZMM_Hi256'
[    0.000000] x86/fpu: Supporting XSAVE feature 0x200: 'Protection Keys User registers'
[    0.000000] x86/fpu: xstate_offset[2]:  576, xstate_sizes[2]:  256
[    0.000000] x86/fpu: xstate_offset[5]:  832, xstate_sizes[5]:   64
[    0.000000] x86/fpu: xstate_offset[6]:  896, xstate_sizes[6]:  512
[    0.000000] x86/fpu: xstate_offset[7]: 1408, xstate_sizes[7]: 1024
[    0.000000] x86/fpu: xstate_offset[9]: 2432, xstate_sizes[9]:    8
[    0.000000] x86/fpu: Enabled xstate features 0x2e7, context size is 2440 bytes, using 'compacted' format.
[    0.000000] signal: max sigframe size: 3632
[    0.000000] BIOS-provided physical RAM map:
[    0.000000] BIOS-e820: [mem 0x0000000000000000-0x000000000009fbff] usable
[    0.000000] BIOS-e820: [mem 0x000000000009fc00-0x000000000009ffff] reserved
[    0.000000] BIOS-e820: [mem 0x00000000000f0000-0x00000000000fffff] reserved
[    0.000000] BIOS-e820: [mem 0x0000000000100000-0x000000007ffdffff] usable
[    0.000000] BIOS-e820: [mem 0x000000007ffe0000-0x000000007fffffff] reserved
[    0.000000] BIOS-e820: [mem 0x00000000feffc000-0x00000000feffffff] reserved
[    0.000000] BIOS-e820: [mem 0x00000000fffc0000-0x00000000ffffffff] reserved
[    0.000000] printk: bootconsole [earlyser0] enabled
[    0.000000] NX (Execute Disable) protection: active
[    0.000000] SMBIOS 2.8 present.
[    0.000000] DMI: QEMU Standard PC (i440FX + PIIX, 1996), BIOS rel-1.16.0-0-gd239552ce722-prebuilt.qemu.org 04/01/2014
[    0.000000] Hypervisor detected: KVM
[    0.000000] kvm-clock: Using msrs 4b564d01 and 4b564d00
[    0.000001] kvm-clock: using sched offset of 314766114 cycles
[    0.000407] clocksource: kvm-clock: mask: 0xffffffffffffffff max_cycles: 0x1cd42e4dffb, max_idle_ns: 881590591483 ns
[    0.001653] tsc: Detected 3110.400 MHz processor
[    0.008632] last_pfn = 0x7ffe0 max_arch_pfn = 0x400000000
[    0.009103] x86/PAT: Configuration [0-7]: WB  WC  UC- UC  WB  WP  UC- WT  
[    0.016240] found SMP MP-table at [mem 0x000f5ba0-0x000f5baf]
[    0.016738] Using GB pages for direct mapping
[    0.018028] ACPI: Early table checksum verification disabled
[    0.018504] ACPI: RSDP 0x00000000000F59C0 000014 (v00 BOCHS )
[    0.018961] ACPI: RSDT 0x000000007FFE1951 000034 (v01 BOCHS  BXPC     00000001 BXPC 00000001)
[    0.019663] ACPI: FACP 0x000000007FFE17FD 000074 (v01 BOCHS  BXPC     00000001 BXPC 00000001)
[    0.020371] ACPI: DSDT 0x000000007FFE0040 0017BD (v01 BOCHS  BXPC     00000001 BXPC 00000001)
[    0.021068] ACPI: FACS 0x000000007FFE0000 000040
[    0.021453] ACPI: APIC 0x000000007FFE1871 000080 (v01 BOCHS  BXPC     00000001 BXPC 00000001)
[    0.022153] ACPI: HPET 0x000000007FFE18F1 000038 (v01 BOCHS  BXPC     00000001 BXPC 00000001)
[    0.022818] ACPI: WAET 0x000000007FFE1929 000028 (v01 BOCHS  BXPC     00000001 BXPC 00000001)
[    0.023480] ACPI: Reserving FACP table memory at [mem 0x7ffe17fd-0x7ffe1870]
[    0.024209] ACPI: Reserving DSDT table memory at [mem 0x7ffe0040-0x7ffe17fc]
[    0.024859] ACPI: Reserving FACS table memory at [mem 0x7ffe0000-0x7ffe003f]
[    0.025410] ACPI: Reserving APIC table memory at [mem 0x7ffe1871-0x7ffe18f0]
[    0.025972] ACPI: Reserving HPET table memory at [mem 0x7ffe18f1-0x7ffe1928]
[    0.026510] ACPI: Reserving WAET table memory at [mem 0x7ffe1929-0x7ffe1950]
[    0.028285] No NUMA configuration found
[    0.028799] Faking a node at [mem 0x0000000000000000-0x000000007ffdffff]
[    0.029778] NODE_DATA(0) allocated [mem 0x7ffb5000-0x7ffdffff]
[    0.034183] Zone ranges:
[    0.034475]   DMA      [mem 0x0000000000001000-0x0000000000ffffff]
[    0.035233]   DMA32    [mem 0x0000000001000000-0x000000007ffdffff]
[    0.036072]   Normal   empty
[    0.036299]   Device   empty
[    0.036526] Movable zone start for each node
[    0.036859] Early memory node ranges
[    0.037138]   node   0: [mem 0x0000000000001000-0x000000000009efff]
[    0.037628]   node   0: [mem 0x0000000000100000-0x000000007ffdffff]
[    0.038123] Initmem setup node 0 [mem 0x0000000000001000-0x000000007ffdffff]
[    0.039403] On node 0, zone DMA: 1 pages in unavailable ranges
[    0.039421] On node 0, zone DMA: 97 pages in unavailable ranges
[    0.058280] On node 0, zone DMA32: 32 pages in unavailable ranges
[    0.059022] ACPI: PM-Timer IO Port: 0x608
[    0.059865] ACPI: LAPIC_NMI (acpi_id[0xff] dfl dfl lint[0x1])
[    0.060343] IOAPIC[0]: apic_id 0, version 17, address 0xfec00000, GSI 0-23
[    0.060880] ACPI: INT_SRC_OVR (bus 0 bus_irq 0 global_irq 2 dfl dfl)
[    0.061376] ACPI: INT_SRC_OVR (bus 0 bus_irq 5 global_irq 5 high level)
[    0.061891] ACPI: INT_SRC_OVR (bus 0 bus_irq 9 global_irq 9 high level)
[    0.062405] ACPI: INT_SRC_OVR (bus 0 bus_irq 10 global_irq 10 high level)
[    0.062932] ACPI: INT_SRC_OVR (bus 0 bus_irq 11 global_irq 11 high level)
[    0.063466] ACPI: Using ACPI (MADT) for SMP configuration information
[    0.063958] ACPI: HPET id: 0x8086a201 base: 0xfed00000
[    0.064363] TSC deadline timer available
[    0.064667] smpboot: Allowing 2 CPUs, 0 hotplug CPUs
[    0.065074] kvm-guest: KVM setup pv remote TLB flush
[    0.065460] kvm-guest: setup PV sched yield
[    0.065818] PM: hibernation: Registered nosave memory: [mem 0x00000000-0x00000fff]
[    0.066411] PM: hibernation: Registered nosave memory: [mem 0x0009f000-0x0009ffff]
[    0.066990] PM: hibernation: Registered nosave memory: [mem 0x000a0000-0x000effff]
[    0.067569] PM: hibernation: Registered nosave memory: [mem 0x000f0000-0x000fffff]
[    0.068152] [mem 0x80000000-0xfeffbfff] available for PCI devices
[    0.068620] Booting paravirtualized kernel on KVM
[    0.068983] clocksource: refined-jiffies: mask: 0xffffffff max_cycles: 0xffffffff, max_idle_ns: 7645519600211568 ns
[    0.069791] setup_percpu: NR_CPUS:8192 nr_cpumask_bits:2 nr_cpu_ids:2 nr_node_ids:1
[    0.071885] percpu: Embedded 62 pages/cpu s217088 r8192 d28672 u1048576
[    0.072596] kvm-guest: PV spinlocks enabled
[    0.072933] PV qspinlock hash table entries: 256 (order: 0, 4096 bytes, linear)
[    0.073505] Fallback order for Node 0: 0 
[    0.073822] Built 1 zonelists, mobility grouping on.  Total pages: 515808
[    0.074364] Policy zone: DMA32
[    0.074602] Kernel command line: net.ifnames=0 console=ttyS0 root=/dev/sda earlyprintk=serial net.ifnames=0
[    0.076702] Dentry cache hash table entries: 262144 (order: 9, 2097152 bytes, linear)
[    0.077370] Inode-cache hash table entries: 131072 (order: 8, 1048576 bytes, linear)
[    0.078079] mem auto-init: stack:off, heap alloc:off, heap free:off
[    0.081281] Memory: 1999736K/2096632K available (30736K kernel code, 4079K rwdata, 7524K rodata, 3624K init, 10528K bss, 96640K reserved, 0K cma-reserved)
[    0.083273] SLUB: HWalign=64, Order=0-3, MinObjects=0, CPUs=2, Nodes=1
[    0.083776] kmemleak: Kernel memory leak detector disabled
[    0.084210] ftrace: allocating 66312 entries in 260 pages
[    0.105648] ftrace: allocated 260 pages with 2 groups
[    0.107363] Dynamic Preempt: voluntary
[    0.107738] rcu: Preemptible hierarchical RCU implementation.
[    0.108172] rcu: 	RCU restricting CPUs from NR_CPUS=8192 to nr_cpu_ids=2.
[    0.108683] 	Trampoline variant of Tasks RCU enabled.
[    0.109062] 	Rude variant of Tasks RCU enabled.
[    0.109402] 	Tracing variant of Tasks RCU enabled.
[    0.109761] rcu: RCU calculated value of scheduler-enlistment delay is 25 jiffies.
[    0.110364] rcu: Adjusting geometry for rcu_fanout_leaf=16, nr_cpu_ids=2
[    0.134132] NR_IRQS: 524544, nr_irqs: 440, preallocated irqs: 16
[    0.134854] rcu: srcu_init: Setting srcu_struct sizes based on contention.
[    0.142206] Console: colour VGA+ 80x25
[    0.142533] printk: console [ttyS0] enabled
[    0.142533] printk: console [ttyS0] enabled
[    0.143177] printk: bootconsole [earlyser0] disabled
[    0.143177] printk: bootconsole [earlyser0] disabled
[    0.143968] ACPI: Core revision 20220331
[    0.144482] clocksource: hpet: mask: 0xffffffff max_cycles: 0xffffffff, max_idle_ns: 19112604467 ns
[    0.145262] APIC: Switch to symmetric I/O mode setup
[    0.145835] x2apic enabled
[    0.146249] Switched APIC routing to physical x2apic.
[    0.146664] kvm-guest: setup PV IPIs
[    0.147748] ..TIMER: vector=0x30 apic1=0 pin1=2 apic2=-1 pin2=-1
[    0.148240] clocksource: tsc-early: mask: 0xffffffffffffffff max_cycles: 0x2cd5a8bb032, max_idle_ns: 440795365915 ns
[    0.149053] Calibrating delay loop (skipped) preset value.. 6220.80 BogoMIPS (lpj=12441600)
[    0.153053] pid_max: default: 32768 minimum: 301
[    0.153660] LSM: Security Framework initializing
[    0.154185] Yama: becoming mindful.
[    0.154605] Mount-cache hash table entries: 4096 (order: 3, 32768 bytes, linear)
[    0.155179] Mountpoint-cache hash table entries: 4096 (order: 3, 32768 bytes, linear)
[    0.156437] x86/cpu: User Mode Instruction Prevention (UMIP) activated
[    0.157211] Last level iTLB entries: 4KB 0, 2MB 0, 4MB 0
[    0.157648] Last level dTLB entries: 4KB 0, 2MB 0, 4MB 0, 1GB 0
[    0.158116] Spectre V1 : Mitigation: usercopy/swapgs barriers and __user pointer sanitization
[    0.158768] Spectre V2 : WARNING: Unprivileged eBPF is enabled with eIBRS on, data leaks possible via Spectre v2 BHB attacks!
[    0.159677] Spectre V2 : Mitigation: Enhanced IBRS
[    0.160035] Spectre V2 : Spectre v2 / SpectreRSB mitigation: Filling RSB on context switch
[    0.161049] Spectre V2 : Spectre v2 / PBRSB-eIBRS: Retire a single CALL on VMEXIT
[    0.161622] Spectre V2 : mitigation: Enabling conditional Indirect Branch Prediction Barrier
[    0.162246] Speculative Store Bypass: Mitigation: Speculative Store Bypass disabled via prctl
[    0.254540] Freeing SMP alternatives memory: 56K
[    0.255056] smpboot: CPU0: Genuine Intel(R) CPU 0000 @ 2.20GHz (family: 0x6, model: 0x8d, stepping: 0x0)
[    0.255938] cblist_init_generic: Setting adjustable number of callback queues.
[    0.256474] cblist_init_generic: Setting shift to 1 and lim to 1.
[    0.256946] cblist_init_generic: Setting shift to 1 and lim to 1.
[    0.257047] cblist_init_generic: Setting shift to 1 and lim to 1.
[    0.257047] Performance Events: Icelake events, full-width counters, Intel PMU driver.
[    0.257047] ... version:                2
[    0.257047] ... bit width:              48
[    0.257050] ... generic registers:      8
[    0.257344] ... value mask:             0000ffffffffffff
[    0.257730] ... max period:             00007fffffffffff
[    0.258117] ... fixed-purpose events:   3
[    0.258420] ... event mask:             00000007000000ff
[    0.258968] rcu: Hierarchical SRCU implementation.
[    0.259322] rcu: 	Max phase no-delay instances is 1000.
[    0.261462] smp: Bringing up secondary CPUs ...
[    0.261958] x86: Booting SMP configuration:
[    0.262271] .... node  #0, CPUs:      #1
[    0.262642] smp: Brought up 1 node, 2 CPUs
[    0.262642] smpboot: Max logical packages: 1
[    0.262642] smpboot: Total of 2 processors activated (12441.60 BogoMIPS)
[    0.262911] devtmpfs: initialized
[    0.265158] x86/mm: Memory block size: 128MB
[    0.266453] clocksource: jiffies: mask: 0xffffffff max_cycles: 0xffffffff, max_idle_ns: 7645041785100000 ns
[    0.266453] futex hash table entries: 512 (order: 3, 32768 bytes, linear)
[    0.266589] pinctrl core: initialized pinctrl subsystem
[    0.267164] 
[    0.267283] *************************************************************
[    0.269051] **     NOTICE NOTICE NOTICE NOTICE NOTICE NOTICE NOTICE    **
[    0.269537] **                                                         **
[    0.270022] **  IOMMU DebugFS SUPPORT HAS BEEN ENABLED IN THIS KERNEL  **
[    0.270514] **                                                         **
[    0.271011] ** This means that this kernel is built to expose internal **
[    0.271509] ** IOMMU data structures, which may compromise security on **
[    0.271994] ** your system.                                            **
[    0.272477] **                                                         **
[    0.272960] ** If you see this message and you are not debugging the   **
[    0.273051] ** kernel, report this immediately to your vendor!         **
[    0.273543] **                                                         **
[    0.274030] **     NOTICE NOTICE NOTICE NOTICE NOTICE NOTICE NOTICE    **
[    0.274525] *************************************************************
[    0.275068] PM: RTC time: 09:57:08, date: 2022-11-14
[    0.277512] NET: Registered PF_NETLINK/PF_ROUTE protocol family
[    0.278287] DMA: preallocated 256 KiB GFP_KERNEL pool for atomic allocations
[    0.278828] DMA: preallocated 256 KiB GFP_KERNEL|GFP_DMA pool for atomic allocations
[    0.279404] DMA: preallocated 256 KiB GFP_KERNEL|GFP_DMA32 pool for atomic allocations
[    0.280009] audit: initializing netlink subsys (disabled)
[    0.280441] audit: type=2000 audit(1668419828.691:1): state=initialized audit_enabled=0 res=1
[    0.280441] thermal_sys: Registered thermal governor 'fair_share'
[    0.281052] thermal_sys: Registered thermal governor 'bang_bang'
[    0.281507] thermal_sys: Registered thermal governor 'step_wise'
[    0.281952] thermal_sys: Registered thermal governor 'user_space'
[    0.282408] cpuidle: using governor ladder
[    0.283174] cpuidle: using governor menu
[    0.283684] acpiphp: ACPI Hot Plug PCI Controller Driver version: 0.5
[    0.284361] PCI: Using configuration type 1 for base access
[    0.292712] kprobes: kprobe jump-optimization is enabled. All kprobes are optimized if possible.
[    0.480887] HugeTLB: registered 1.00 GiB page size, pre-allocated 0 pages
[    0.481058] HugeTLB: 16380 KiB vmemmap can be freed for a 1.00 GiB page
[    0.481543] HugeTLB: registered 2.00 MiB page size, pre-allocated 0 pages
[    0.482045] HugeTLB: 28 KiB vmemmap can be freed for a 2.00 MiB page
[    0.483235] ACPI: Added _OSI(Module Device)
[    0.483554] ACPI: Added _OSI(Processor Device)
[    0.483883] ACPI: Added _OSI(3.0 _SCP Extensions)
[    0.484236] ACPI: Added _OSI(Processor Aggregator Device)
[    0.488311] ACPI: 1 ACPI AML tables successfully acquired and loaded
[    0.490821] ACPI: Interpreter enabled
[    0.491153] ACPI: PM: (supports S0 S3 S4 S5)
[    0.491471] ACPI: Using IOAPIC for interrupt routing
[    0.491856] PCI: Using host bridge windows from ACPI; if necessary, use "pci=nocrs" and report a bug
[    0.492525] PCI: Using E820 reservations for host bridge windows
[    0.493396] ACPI: Enabled 2 GPEs in block 00 to 0F
[    0.503569] ACPI: PCI Root Bridge [PCI0] (domain 0000 [bus 00-ff])
[    0.504046] acpi PNP0A03:00: _OSC: OS supports [ASPM ClockPM Segments MSI EDR HPX-Type3]
[    0.504644] acpi PNP0A03:00: _OSC: not requesting OS control; OS requires [ExtendedConfig ASPM ClockPM MSI]
[    0.505080] acpi PNP0A03:00: fail to add MMCONFIG information, can't access extended PCI configuration space under this bridge.
[    0.507196] acpiphp: Slot [3] registered
[    0.507542] acpiphp: Slot [4] registered
[    0.507880] acpiphp: Slot [5] registered
[    0.508217] acpiphp: Slot [6] registered
[    0.508554] acpiphp: Slot [7] registered
[    0.508899] acpiphp: Slot [8] registered
[    0.509094] acpiphp: Slot [9] registered
[    0.509441] acpiphp: Slot [10] registered
[    0.509792] acpiphp: Slot [11] registered
[    0.510135] acpiphp: Slot [12] registered
[    0.510479] acpiphp: Slot [13] registered
[    0.510823] acpiphp: Slot [14] registered
[    0.511166] acpiphp: Slot [15] registered
[    0.511514] acpiphp: Slot [16] registered
[    0.511857] acpiphp: Slot [17] registered
[    0.512201] acpiphp: Slot [18] registered
[    0.512544] acpiphp: Slot [19] registered
[    0.512888] acpiphp: Slot [20] registered
[    0.513093] acpiphp: Slot [21] registered
[    0.513444] acpiphp: Slot [22] registered
[    0.513794] acpiphp: Slot [23] registered
[    0.514138] acpiphp: Slot [24] registered
[    0.514487] acpiphp: Slot [25] registered
[    0.514830] acpiphp: Slot [26] registered
[    0.515173] acpiphp: Slot [27] registered
[    0.515516] acpiphp: Slot [28] registered
[    0.515866] acpiphp: Slot [29] registered
[    0.516208] acpiphp: Slot [30] registered
[    0.516549] acpiphp: Slot [31] registered
[    0.516861] PCI host bridge to bus 0000:00
[    0.517051] pci_bus 0000:00: root bus resource [io  0x0000-0x0cf7 window]
[    0.517562] pci_bus 0000:00: root bus resource [io  0x0d00-0xffff window]
[    0.518068] pci_bus 0000:00: root bus resource [mem 0x000a0000-0x000bffff window]
[    0.518621] pci_bus 0000:00: root bus resource [mem 0x80000000-0xfebfffff window]
[    0.519170] pci_bus 0000:00: root bus resource [mem 0x100000000-0x17fffffff window]
[    0.519737] pci_bus 0000:00: root bus resource [bus 00-ff]
[    0.520194] pci 0000:00:00.0: [8086:1237] type 00 class 0x060000
[    0.522584] pci 0000:00:01.0: [8086:7000] type 00 class 0x060100
[    0.523515] pci 0000:00:01.1: [8086:7010] type 00 class 0x010180
[    0.525220] pci 0000:00:01.1: reg 0x20: [io  0xc040-0xc04f]
[    0.526225] pci 0000:00:01.1: legacy IDE quirk: reg 0x10: [io  0x01f0-0x01f7]
[    0.526751] pci 0000:00:01.1: legacy IDE quirk: reg 0x14: [io  0x03f6]
[    0.527229] pci 0000:00:01.1: legacy IDE quirk: reg 0x18: [io  0x0170-0x0177]
[    0.527752] pci 0000:00:01.1: legacy IDE quirk: reg 0x1c: [io  0x0376]
[    0.528404] pci 0000:00:01.3: [8086:7113] type 00 class 0x068000
[    0.529124] pci 0000:00:01.3: quirk: [io  0x0600-0x063f] claimed by PIIX4 ACPI
[    0.529871] pci 0000:00:01.3: quirk: [io  0x0700-0x070f] claimed by PIIX4 SMB
[    0.530581] pci 0000:00:02.0: [1234:1111] type 00 class 0x030000
[    0.533053] pci 0000:00:02.0: reg 0x10: [mem 0xfd000000-0xfdffffff pref]
[    0.534798] pci 0000:00:02.0: reg 0x18: [mem 0xfebf0000-0xfebf0fff]
[    0.538244] pci 0000:00:02.0: reg 0x30: [mem 0xfebe0000-0xfebeffff pref]
[    0.538842] pci 0000:00:02.0: Video device with shadowed ROM at [mem 0x000c0000-0x000dffff]
[    0.541365] pci 0000:00:03.0: [8086:100e] type 00 class 0x020000
[    0.542524] pci 0000:00:03.0: reg 0x10: [mem 0xfebc0000-0xfebdffff]
[    0.543919] pci 0000:00:03.0: reg 0x14: [io  0xc000-0xc03f]
[    0.546673] pci 0000:00:03.0: reg 0x30: [mem 0xfeb80000-0xfebbffff pref]
[    0.556417] ACPI: PCI: Interrupt link LNKA configured for IRQ 10
[    0.557153] ACPI: PCI: Interrupt link LNKB configured for IRQ 10
[    0.557875] ACPI: PCI: Interrupt link LNKC configured for IRQ 11
[    0.558597] ACPI: PCI: Interrupt link LNKD configured for IRQ 11
[    0.559200] ACPI: PCI: Interrupt link LNKS configured for IRQ 9
[    0.560308] iommu: Default domain type: Translated 
[    0.560683] iommu: DMA domain TLB invalidation policy: lazy mode 
[    0.561503] SCSI subsystem initialized
[    0.561910] ACPI: bus type USB registered
[    0.562254] usbcore: registered new interface driver usbfs
[    0.562702] usbcore: registered new interface driver hub
[    0.563108] usbcore: registered new device driver usb
[    0.563539] pps_core: LinuxPPS API ver. 1 registered
[    0.563910] pps_core: Software ver. 5.3.6 - Copyright 2005-2007 Rodolfo Giometti <giometti@linux.it>
[    0.564583] PTP clock support registered
[    0.564989] EDAC MC: Ver: 3.0.0
[    0.565654] NetLabel: Initializing
[    0.565918] NetLabel:  domain hash size = 128
[    0.566248] NetLabel:  protocols = UNLABELED CIPSOv4 CALIPSO
[    0.566702] NetLabel:  unlabeled traffic allowed by default
[    0.567221] PCI: Using ACPI for IRQ routing
[    0.567668] pci 0000:00:02.0: vgaarb: setting as boot VGA device
[    0.568115] pci 0000:00:02.0: vgaarb: bridge control possible
[    0.568543] pci 0000:00:02.0: vgaarb: VGA device added: decodes=io+mem,owns=io+mem,locks=none
[    0.569050] vgaarb: loaded
[    0.569467] hpet0: at MMIO 0xfed00000, IRQs 2, 8, 0
[    0.569844] hpet0: 3 comparators, 64-bit 100.000000 MHz counter
[    2.707155] clocksource: Switched to clocksource kvm-clock
[    2.785178] VFS: Disk quotas dquot_6.6.0
[    2.785533] VFS: Dquot-cache hash table entries: 512 (order 0, 4096 bytes)
[    2.786163] pnp: PnP ACPI init
[    2.787623] pnp: PnP ACPI: found 6 devices
[    2.797257] clocksource: acpi_pm: mask: 0xffffff max_cycles: 0xffffff, max_idle_ns: 2085701024 ns
[    2.798166] NET: Registered PF_INET protocol family
[    2.798751] IP idents hash table entries: 32768 (order: 6, 262144 bytes, linear)
[    2.800405] tcp_listen_portaddr_hash hash table entries: 1024 (order: 2, 16384 bytes, linear)
[    2.801043] Table-perturb hash table entries: 65536 (order: 6, 262144 bytes, linear)
[    2.801628] TCP established hash table entries: 16384 (order: 5, 131072 bytes, linear)
[    2.802280] TCP bind hash table entries: 16384 (order: 7, 524288 bytes, linear)
[    2.802923] TCP: Hash tables configured (established 16384 bind 16384)
[    2.803447] UDP hash table entries: 1024 (order: 3, 32768 bytes, linear)
[    2.803974] UDP-Lite hash table entries: 1024 (order: 3, 32768 bytes, linear)
[    2.804564] NET: Registered PF_UNIX/PF_LOCAL protocol family
[    2.805284] RPC: Registered named UNIX socket transport module.
[    2.805717] RPC: Registered udp transport module.
[    2.806058] RPC: Registered tcp transport module.
[    2.806400] RPC: Registered tcp NFSv4.1 backchannel transport module.
[    2.806880] pci_bus 0000:00: resource 4 [io  0x0000-0x0cf7 window]
[    2.807338] pci_bus 0000:00: resource 5 [io  0x0d00-0xffff window]
[    2.807791] pci_bus 0000:00: resource 6 [mem 0x000a0000-0x000bffff window]
[    2.808289] pci_bus 0000:00: resource 7 [mem 0x80000000-0xfebfffff window]
[    2.808786] pci_bus 0000:00: resource 8 [mem 0x100000000-0x17fffffff window]
[    2.809443] pci 0000:00:01.0: PIIX3: Enabling Passive Release
[    2.809868] pci 0000:00:00.0: Limiting direct PCI/PCI transfers
[    2.810385] PCI: CLS 0 bytes, default 64
[    2.810855] clocksource: tsc: mask: 0xffffffffffffffff max_cycles: 0x2cd5a8bb032, max_idle_ns: 440795365915 ns
[    2.814027] Initialise system trusted keyrings
[    2.814411] Key type blacklist registered
[    2.814814] workingset: timestamp_bits=36 max_order=19 bucket_order=0
[    2.819692] zbud: loaded
[    2.820732] squashfs: version 4.0 (2009/01/31) Phillip Lougher
[    2.822135] NFS: Registering the id_resolver key type
[    2.822531] Key type id_resolver registered
[    2.822836] Key type id_legacy registered
[    2.823192] nfs4filelayout_init: NFSv4 File Layout Driver Registering...
[    2.823689] nfs4flexfilelayout_init: NFSv4 Flexfile Layout Driver Registering...
[    2.824316] fuse: init (API version 7.37)
[    2.824786] SGI XFS with ACLs, security attributes, realtime, quota, no debug enabled
[    2.826533] 9p: Installing v9fs 9p2000 file system support
[    2.834049] Key type asymmetric registered
[    2.834358] Asymmetric key parser 'x509' registered
[    2.835282] alg: self-tests for CTR-KDF (hmac(sha256)) passed
[    2.835734] Block layer SCSI generic (bsg) driver version 0.4 loaded (major 243)
[    2.836321] io scheduler mq-deadline registered
[    2.836717] io scheduler bfq registered
[    2.837383] shpchp: Standard Hot Plug PCI Controller Driver version: 0.4
[    2.838013] IPMI message handler: version 39.2
[    2.838347] ipmi device interface
[    2.839414] input: Power Button as /devices/LNXSYSTM:00/LNXPWRBN:00/input/input0
[    2.840030] ACPI: button: Power Button [PWRF]
[    2.840841] ERST DBG: ERST support is disabled.
[    2.841584] Serial: 8250/16550 driver, 32 ports, IRQ sharing enabled
[    2.842353] 00:04: ttyS0 at I/O 0x3f8 (irq = 4, base_baud = 115200) is a 16550A
[    2.847254] Linux agpgart interface v0.103
[    2.847834] ACPI: bus type drm_connector registered
[    2.854865] brd: module loaded
[    2.863759] loop: module loaded
[    2.866027] scsi host0: ata_piix
[    2.866545] scsi host1: ata_piix
[    2.866868] ata1: PATA max MWDMA2 cmd 0x1f0 ctl 0x3f6 bmdma 0xc040 irq 14
[    2.867380] ata2: PATA max MWDMA2 cmd 0x170 ctl 0x376 bmdma 0xc048 irq 15
[    2.868420] tun: Universal TUN/TAP device driver, 1.6
[    2.868886] e100: Intel(R) PRO/100 Network Driver
[    2.869246] e100: Copyright(c) 1999-2006 Intel Corporation
[    2.869677] e1000: Intel(R) PRO/1000 Network Driver
[    2.870040] e1000: Copyright (c) 1999-2006 Intel Corporation.
[    2.945856] ACPI: \_SB_.LNKC: Enabled at IRQ 11
[    3.025214] ata1: found unknown device (class 0)
[    3.025833] ata2: found unknown device (class 0)
[    3.026736] ata2.00: ATAPI: QEMU DVD-ROM, 2.5+, max UDMA/100
[    3.027356] ata1.00: ATA-7: QEMU HARDDISK, 2.5+, max UDMA/100
[    3.027796] ata1.00: 16777216 sectors, multi 16: LBA48 
[    3.029030] scsi 0:0:0:0: Direct-Access     ATA      QEMU HARDDISK    2.5+ PQ: 0 ANSI: 5
[    3.030026] scsi 0:0:0:0: Attached scsi generic sg0 type 0
[    3.030894] scsi 1:0:0:0: CD-ROM            QEMU     QEMU DVD-ROM     2.5+ PQ: 0 ANSI: 5
[    3.032255] sd 0:0:0:0: [sda] 16777216 512-byte logical blocks: (8.59 GB/8.00 GiB)
[    3.032841] sd 0:0:0:0: [sda] Write Protect is off
[    3.033249] sd 0:0:0:0: [sda] Write cache: enabled, read cache: enabled, doesn't support DPO or FUA
[    3.033949] sd 0:0:0:0: [sda] Preferred minimum I/O size 512 bytes
[    3.066294] sd 0:0:0:0: [sda] Attached SCSI disk
[    3.073488] scsi 1:0:0:0: Attached scsi generic sg1 type 5
[    3.267769] e1000 0000:00:03.0 eth0: (PCI:33MHz:32-bit) 52:54:00:12:34:56
[    3.268292] e1000 0000:00:03.0 eth0: Intel(R) PRO/1000 Network Connection
[    3.268838] e1000e: Intel(R) PRO/1000 Network Driver
[    3.269206] e1000e: Copyright(c) 1999 - 2015 Intel Corporation.
[    3.269684] igb: Intel(R) Gigabit Ethernet Network Driver
[    3.270073] igb: Copyright (c) 2007-2014 Intel Corporation.
[    3.270530] PPP generic driver version 2.4.2
[    3.271180] VFIO - User Level meta-driver version: 0.3
[    3.271905] usbcore: registered new interface driver uas
[    3.272349] usbcore: registered new interface driver usb-storage
[    3.272876] i8042: PNP: PS/2 Controller [PNP0303:KBD,PNP0f13:MOU] at 0x60,0x64 irq 1,12
[    3.274129] serio: i8042 KBD port at 0x60,0x64 irq 1
[    3.274504] serio: i8042 AUX port at 0x60,0x64 irq 12
[    3.275283] mousedev: PS/2 mouse device common for all mice
[    3.276038] input: AT Translated Set 2 keyboard as /devices/platform/i8042/serio0/input/input1
[    3.277286] input: VirtualPS/2 VMware VMMouse as /devices/platform/i8042/serio1/input/input4
[    3.278488] input: VirtualPS/2 VMware VMMouse as /devices/platform/i8042/serio1/input/input3
[    3.279204] rtc_cmos 00:05: registered as rtc0
[    3.279651] rtc_cmos 00:05: setting system clock to 2022-11-14T09:57:11 UTC (1668419831)
[    3.280358] rtc_cmos 00:05: alarms up to one day, 242 bytes nvram, hpet irqs
[    3.280919] rtc_cmos 00:05: RTC can wake from S4
[    3.281338] i2c_dev: i2c /dev entries driver
[    3.281677] device-mapper: core: CONFIG_IMA_DISABLE_HTABLE is disabled. Duplicate IMA measurements will not be recorded in the IMA log.
[    3.282612] device-mapper: uevent: version 1.0.3
[    3.283148] device-mapper: ioctl: 4.47.0-ioctl (2022-07-28) initialised: dm-devel@redhat.com
[    3.283780] intel_pstate: CPU model not supported
[    3.284182] sdhci: Secure Digital Host Controller Interface driver
[    3.284639] sdhci: Copyright(c) Pierre Ossman
[    3.285018] sdhci-pltfm: SDHCI platform and OF driver helper
[    3.285506] ledtrig-cpu: registered to indicate activity on CPUs
[    3.286110] drop_monitor: Initializing network drop monitor service
[    3.286955] NET: Registered PF_INET6 protocol family
[    3.288288] Segment Routing with IPv6
[    3.288599] In-situ OAM (IOAM) with IPv6
[    3.288914] NET: Registered PF_PACKET protocol family
[    3.289428] 9pnet: Installing 9P2000 support
[    3.289783] Key type dns_resolver registered
[    3.290545] IPI shorthand broadcast: enabled
[    3.290898] sched_clock: Marking stable (3280711860, 9668680)->(3301192086, -10811546)
[    3.291746] registered taskstats version 1
[    3.292107] Loading compiled-in X.509 certificates
[    3.295018] zswap: loaded using pool lzo/zbud
[    3.295557] Key type .fscrypt registered
[    3.295861] Key type fscrypt-provisioning registered
[    3.296860] Key type encrypted registered
[    3.297184] ima: No TPM chip found, activating TPM-bypass!
[    3.297598] ima: Allocated hash algorithm: sha1
[    3.297951] ima: No architecture policies found
[    3.298315] evm: Initialising EVM extended attributes:
[    3.298694] evm: security.selinux
[    3.298945] evm: security.SMACK64
[    3.299203] evm: security.SMACK64EXEC
[    3.299476] evm: security.SMACK64TRANSMUTE
[    3.299781] evm: security.SMACK64MMAP
[    3.300056] evm: security.apparmor
[    3.300311] evm: security.ima
[    3.300534] evm: security.capability
[    3.300800] evm: HMAC attrs: 0x1
[    3.303837] PM:   Magic number: 14:478:980
[    3.304156] PM:   hash matches drivers/base/power/main.c:1724
[    3.304821] RAS: Correctable Errors collector initialized.
[    3.305473] md: Waiting for all devices to be available before autodetect
[    3.305816] md: If you don't use raid, use raid=noautodetect
[    3.306102] md: Autodetecting RAID arrays.
[    3.306310] md: autorun ...
[    3.306457] md: ... autorun DONE.
[    3.308920] EXT4-fs (sda): INFO: recovery required on readonly filesystem
[    3.309294] EXT4-fs (sda): write access will be enabled during recovery
[    3.373248] EXT4-fs (sda): recovery complete
[    3.393093] EXT4-fs (sda): mounted filesystem with ordered data mode. Quota mode: none.
[    3.393532] VFS: Mounted root (ext4 filesystem) readonly on device 8:0.
[    3.394233] devtmpfs: mounted
[    3.400747] Freeing unused decrypted memory: 2036K
[    3.402260] Freeing unused kernel image (initmem) memory: 3624K
[    3.402569] Write protecting the kernel read-only data: 40960k
[    3.404689] Freeing unused kernel image (text/rodata gap) memory: 2028K
[    3.405423] Freeing unused kernel image (rodata/data gap) memory: 668K
[    3.486126] x86/mm: Checked W+X mappings: passed, no W+X pages found.
[    3.486449] Run /sbin/init as init process
[    3.547658] systemd[1]: RTC configured in localtime, applying delta of 0 minutes to system time.
[    3.561693] systemd[1]: systemd 239 (239-49.el8) running in system mode. (+PAM +AUDIT +SELINUX +IMA -APPARMOR +SMACK +SYSVINIT +UTMP +LIBCRYPTSETUP +GCRYPT +GNUTLS +ACL +XZ +LZ4 +SECCOMP +BLKID +ELFUTILS +KMOD +IDN2 -IDN +PCRE2 default-hierarchy=legacy)
[    3.562889] systemd[1]: Detected virtualization kvm.
[    3.563169] systemd[1]: Detected architecture x86-64.

Welcome to [0;31mCentOS Stream 8[0m!

[    3.615709] systemd[1]: Set hostname to <test>.
[    4.625056] random: crng init done
[    4.695948] systemd[1]: Created slice system-sshd\x2dkeygen.slice.
[[0;32m  OK  [0m] Created slice system-sshd\x2dkeygen.slice.
[    4.697246] systemd[1]: Created slice system-serial\x2dgetty.slice.
[[0;32m  OK  [0m] Created slice system-serial\x2dgetty.slice.
[    4.698267] systemd[1]: Listening on RPCbind Server Activation Socket.
[[0;32m  OK  [0m] Listening on RPCbind Server Activation Socket.
[    4.699317] systemd[1]: Set up automount Arbitrary Executable File Formats File System Automount Point.
[[0;32m  OK  [0m] Set up automount Arbitrary Executabâ€¦rmats File System Automount Point.
[    4.704007] systemd[1]: Listening on Process Core Dump Socket.
[[0;32m  OK  [0m] Listening on Process Core Dump Socket.
[    4.704833] systemd[1]: Listening on udev Control Socket.
[[0;32m  OK  [0m] Listening on udev Control Socket.
[[0;32m  OK  [0m] Started Forward Password Requests to Wall Directory Watch.
[[0;32m  OK  [0m] Listening on Device-mapper event daemon FIFOs.
[[0;32m  OK  [0m] Listening on LVM2 poll daemon socket.
[[0;32m  OK  [0m] Created slice User and Session Slice.
[[0;32m  OK  [0m] Created slice system-getty.slice.
[[0;32m  OK  [0m] Listening on Journal Socket (/dev/log).
[[0;32m  OK  [0m] Listening on multipathd control socket.
[[0;32m  OK  [0m] Listening on Journal Socket.
         Mounting POSIX Message Queue File System...
         Mounting Huge Pages File System...
         Starting Monitoring of LVM2 mirrorsâ€¦ng dmeventd or progress polling...
         Starting Remount Root and Kernel File Systems...
         Starting Load Kernel Modules...
         Starting Setup Virtual Console...
[[0;32m  OK  [0m] Reached target Slices.
[[0;32m  OK  [0m] Reached target RPC Port Mapper.
         Starting Journal Service...
[[0;32m  OK  [0m] Reached target Swap.
         Mounting Kernel Debug File System...
[[0;32m  OK  [0m] Listening on udev Kernel Socket.
         Starting udev Coldplug all Devices...
[[0;32m  OK  [0m] Listening on initctl Compatibility Named Pipe.
[[0;32m  OK  [0m] Mounted POSIX Message Queue File System.
[[0;32m  OK  [0m] Mounted Huge Pages File System.
[[0;1;31mFAILED[0m] Failed to start Load Kernel Modules.
See 'systemctl status systemd-modules-load.service' for details.
[[0;32m  OK  [0m] Mounted Kernel Debug File System.
[    4.896419] EXT4-fs (sda): re-mounted. Quota mode: none.
[[0;32m  OK  [0m] Started Remount Root and Kernel File Systems.
         Starting Load/Save Random Seed...
         Starting Create Static Device Nodes in /dev...
         Starting Apply Kernel Variables...
         Mounting FUSE Control File System...
         Mounting Kernel Configuration File System...
[[0;32m  OK  [0m] Started Journal Service.
[[0;32m  OK  [0m] Started Load/Save Random Seed.
[[0;32m  OK  [0m] Started udev Coldplug all Devices.
[[0;32m  OK  [0m] Started Create Static Device Nodes in /dev.
[[0;32m  OK  [0m] Started Setup Virtual Console.
[[0;32m  OK  [0m] Started Apply Kernel Variables.
[[0;32m  OK  [0m] Mounted FUSE Control File System.
[[0;32m  OK  [0m] Mounted Kernel Configuration File System.
         Starting udev Kernel Device Manager...
         Starting udev Wait for Complete Device Initialization...
         Starting Flush Journal to Persistent Storage...
[[0;32m  OK  [0m] Started Flush Journal to Persistent Storage.
[[0;32m  OK  [0m] Started udev Kernel Device Manager.
         Starting Show Plymouth Boot Screen...
[[0;32m  OK  [0m] Started Show Plymouth Boot Screen.
[[0;32m  OK  [0m] Started Forward Password Requests to Plymouth Directory Watch.
[[0;32m  OK  [0m] Reached target Paths.
[[0;32m  OK  [0m] Reached target Local Encrypted Volumes.
[[0;32m  OK  [0m] Found device /dev/ttyS0.
[[0;32m  OK  [0m] Listening on Load/Save RF Kill Switch Status /dev/rfkill Watch.
[[0;32m  OK  [0m] Started udev Wait for Complete Device Initialization.
[[0;32m  OK  [0m] Started Monitoring of LVM2 mirrors,â€¦sing dmeventd or progress polling.
[[0;32m  OK  [0m] Reached target Local File Systems (Pre).
[[0;32m  OK  [0m] Reached target Local File Systems.
         Starting Restore /run/initramfs on shutdown...
         Starting Tell Plymouth To Write Out Runtime Data...
         Starting Create Volatile Files and Directories...
[[0;32m  OK  [0m] Started Restore /run/initramfs on shutdown.
[[0;32m  OK  [0m] Started Tell Plymouth To Write Out Runtime Data.
[[0;32m  OK  [0m] Started Create Volatile Files and Directories.
         Starting Security Auditing Service...
         Starting RPC Bind...
         Mounting RPC Pipe File System...
[[0;32m  OK  [0m] Mounted RPC Pipe File System.
[[0;32m  OK  [0m] Reached target rpc_pipefs.target.
[[0;32m  OK  [0m] Started RPC Bind.
[[0;32m  OK  [0m] Started Security Auditing Service.
         Starting Update UTMP about System Boot/Shutdown...
[[0;32m  OK  [0m] Started Update UTMP about System Boot/Shutdown.
[[0;32m  OK  [0m] Reached target System Initialization.
[[0;32m  OK  [0m] Listening on D-Bus System Message Bus Socket.
[[0;32m  OK  [0m] Started dnf makecache --timer.
[[0;32m  OK  [0m] Started Daily Cleanup of Temporary Directories.
[[0;32m  OK  [0m] Listening on SSSD Kerberos Cache Manager responder socket.
[[0;32m  OK  [0m] Reached target Sockets.
[[0;32m  OK  [0m] Reached target Basic System.
         Starting Auto-connect to subsystemsâ€¦-NVME devices found during boot...
         Starting Login Service...
         Starting Self Monitoring and Reporting Technology (SMART) Daemon...
[[0;32m  OK  [0m] Reached target sshd-keygen.target.
         Starting Authorization Manager...
[[0;32m  OK  [0m] Started irqbalance daemon.
[[0;32m  OK  [0m] Started Machine Check Exception Logging Daemon.
         Starting NTP client/server...
[[0;32m  OK  [0m] Started daily update of the root trust anchor for DNSSEC.
[[0;32m  OK  [0m] Reached target Timers.
[[0;32m  OK  [0m] Started D-Bus System Message Bus.
         Starting Network Manager...
[[0;32m  OK  [0m] Started Auto-connect to subsystems â€¦FC-NVME devices found during boot.
[[0;32m  OK  [0m] Started Self Monitoring and Reporting Technology (SMART) Daemon.
[[0;32m  OK  [0m] Started Login Service.
[[0;32m  OK  [0m] Started NTP client/server.
[[0;32m  OK  [0m] Started Network Manager.
[[0;32m  OK  [0m] Reached target Network.
         Starting GSSAPI Proxy Daemon...
         Starting Dynamic System Tuning Daemon...
         Starting OpenSSH server daemon...
         Starting Network Manager Wait Online...
[[0;32m  OK  [0m] Started Authorization Manager.
         Starting Hostname Service...
[[0;32m  OK  [0m] Started GSSAPI Proxy Daemon.
[[0;32m  OK  [0m] Reached target NFS client services.
[[0;32m  OK  [0m] Reached target Remote File Systems (Pre).
[[0;32m  OK  [0m] Reached target Remote File Systems.
         Starting Permit User Sessions...
[[0;32m  OK  [0m] Started OpenSSH server daemon.
[[0;32m  OK  [0m] Started Permit User Sessions.
         Starting Terminate Plymouth Boot Screen...
         Starting Hold until boot process finishes up...
[[0;32m  OK  [0m] Started Command Scheduler.
[[0;32m  OK  [0m] Started Terminate Plymouth Boot Screen.
[[0;32m  OK  [0m] Started Hold until boot process finishes up.
[    6.089129] e1000: eth0 NIC Link is Up 1000 Mbps Full Duplex, Flow Control: RX
[    6.089872] IPv6: ADDRCONF(NETDEV_CHANGE): eth0: link becomes ready
[    6.274375] Spectre V2 : WARNING: Unprivileged eBPF is enabled with eIBRS on, data leaks possible via Spectre v2 BHB attacks!
[    6.275053] Spectre V2 : WARNING: Unprivileged eBPF is enabled with eIBRS on, data leaks possible via Spectre v2 BHB attacks!

CentOS Stream 8
Kernel 6.1.0-rc1-d47136c28015+ on an x86_64

test login: [   31.658008] perf: interrupt took too long (2572 > 2500), lowering kernel.perf_event_max_sample_rate to 77750
[   32.874523] perf: interrupt took too long (3279 > 3215), lowering kernel.perf_event_max_sample_rate to 61000
[   34.607557] perf: interrupt took too long (4153 > 4098), lowering kernel.perf_event_max_sample_rate to 48000
[   36.699631] perf: interrupt took too long (5208 > 5191), lowering kernel.perf_event_max_sample_rate to 38250
[   39.961191] perf: interrupt took too long (6549 > 6510), lowering kernel.perf_event_max_sample_rate to 30500
[   44.612216] perf: interrupt took too long (8208 > 8186), lowering kernel.perf_event_max_sample_rate to 24250
[   53.151935] perf: interrupt took too long (10283 > 10260), lowering kernel.perf_event_max_sample_rate to 19250
[   76.900180] perf: interrupt took too long (12854 > 12853), lowering kernel.perf_event_max_sample_rate to 15500
