c[?7l[2J[0mSeaBIOS (version rel-1.16.0-0-gd239552ce722-prebuilt.qemu.org)


iPXE (http://ipxe.org) 00:03.0 CA00 PCI2.10 PnP PMM+7FF91000+7FEF1000 CA00
Press Ctrl-B to configure iPXE (PCI 00:03.0)...                                                                               


Booting from ROM..c[?7l[2J[    0.000000] Linux version 6.1.0-rc2-e6deb0b20bf7+ (root@p-tglh01.sh.intel.com) (gcc (GCC) 8.5.0 20210514 (Red Hat 8.5.0-17), GNU ld version 2.36.1-2.el8) #1 SMP PREEMPT_DYNAMIC Mon Nov 14 17:02:54 CST 2022
[    0.000000] Command line: console=ttyS0 root=/dev/sda earlyprintk=serial net.ifnames=0
[    0.000000] KERNEL supported cpus:
[    0.000000]   Intel GenuineIntel
[    0.000000]   AMD AuthenticAMD
[    0.000000]   Hygon HygonGenuine
[    0.000000]   Centaur CentaurHauls
[    0.000000]   zhaoxin   Shanghai  
[    0.000000] x86/fpu: Supporting XSAVE feature 0x001: 'x87 floating point registers'
[    0.000000] x86/fpu: Supporting XSAVE feature 0x002: 'SSE registers'
[    0.000000] x86/fpu: Supporting XSAVE feature 0x004: 'AVX registers'
[    0.000000] x86/fpu: Supporting XSAVE feature 0x020: 'AVX-512 opmask'
[    0.000000] x86/fpu: Supporting XSAVE feature 0x040: 'AVX-512 Hi256'
[    0.000000] x86/fpu: Supporting XSAVE feature 0x080: 'AVX-512 ZMM_Hi256'
[    0.000000] x86/fpu: Supporting XSAVE feature 0x200: 'Protection Keys User registers'
[    0.000000] x86/fpu: xstate_offset[2]:  576, xstate_sizes[2]:  256
[    0.000000] x86/fpu: xstate_offset[5]:  832, xstate_sizes[5]:   64
[    0.000000] x86/fpu: xstate_offset[6]:  896, xstate_sizes[6]:  512
[    0.000000] x86/fpu: xstate_offset[7]: 1408, xstate_sizes[7]: 1024
[    0.000000] x86/fpu: xstate_offset[9]: 2432, xstate_sizes[9]:    8
[    0.000000] x86/fpu: Enabled xstate features 0x2e7, context size is 2440 bytes, using 'compacted' format.
[    0.000000] signal: max sigframe size: 3632
[    0.000000] BIOS-provided physical RAM map:
[    0.000000] BIOS-e820: [mem 0x0000000000000000-0x000000000009fbff] usable
[    0.000000] BIOS-e820: [mem 0x000000000009fc00-0x000000000009ffff] reserved
[    0.000000] BIOS-e820: [mem 0x00000000000f0000-0x00000000000fffff] reserved
[    0.000000] BIOS-e820: [mem 0x0000000000100000-0x000000007ffdffff] usable
[    0.000000] BIOS-e820: [mem 0x000000007ffe0000-0x000000007fffffff] reserved
[    0.000000] BIOS-e820: [mem 0x00000000feffc000-0x00000000feffffff] reserved
[    0.000000] BIOS-e820: [mem 0x00000000fffc0000-0x00000000ffffffff] reserved
[    0.000000] printk: bootconsole [earlyser0] enabled
[    0.000000] NX (Execute Disable) protection: active
[    0.000000] SMBIOS 2.8 present.
[    0.000000] DMI: QEMU Standard PC (i440FX + PIIX, 1996), BIOS rel-1.16.0-0-gd239552ce722-prebuilt.qemu.org 04/01/2014
[    0.000000] Hypervisor detected: KVM
[    0.000000] kvm-clock: Using msrs 4b564d01 and 4b564d00
[    0.000002] kvm-clock: using sched offset of 304147068 cycles
[    0.000492] clocksource: kvm-clock: mask: 0xffffffffffffffff max_cycles: 0x1cd42e4dffb, max_idle_ns: 881590591483 ns
[    0.001996] tsc: Detected 3110.400 MHz processor
[    0.009145] last_pfn = 0x7ffe0 max_arch_pfn = 0x400000000
[    0.009707] x86/PAT: Configuration [0-7]: WB  WC  UC- UC  WB  WP  UC- WT  
[    0.016858] found SMP MP-table at [mem 0x000f5ba0-0x000f5baf]
[    0.017452] Using GB pages for direct mapping
[    0.018812] ACPI: Early table checksum verification disabled
[    0.019367] ACPI: RSDP 0x00000000000F59C0 000014 (v00 BOCHS )
[    0.019950] ACPI: RSDT 0x000000007FFE1951 000034 (v01 BOCHS  BXPC     00000001 BXPC 00000001)
[    0.020782] ACPI: FACP 0x000000007FFE17FD 000074 (v01 BOCHS  BXPC     00000001 BXPC 00000001)
[    0.021604] ACPI: DSDT 0x000000007FFE0040 0017BD (v01 BOCHS  BXPC     00000001 BXPC 00000001)
[    0.022432] ACPI: FACS 0x000000007FFE0000 000040
[    0.022880] ACPI: APIC 0x000000007FFE1871 000080 (v01 BOCHS  BXPC     00000001 BXPC 00000001)
[    0.023693] ACPI: HPET 0x000000007FFE18F1 000038 (v01 BOCHS  BXPC     00000001 BXPC 00000001)
[    0.024507] ACPI: WAET 0x000000007FFE1929 000028 (v01 BOCHS  BXPC     00000001 BXPC 00000001)
[    0.025313] ACPI: Reserving FACP table memory at [mem 0x7ffe17fd-0x7ffe1870]
[    0.025974] ACPI: Reserving DSDT table memory at [mem 0x7ffe0040-0x7ffe17fc]
[    0.026645] ACPI: Reserving FACS table memory at [mem 0x7ffe0000-0x7ffe003f]
[    0.027308] ACPI: Reserving APIC table memory at [mem 0x7ffe1871-0x7ffe18f0]
[    0.027973] ACPI: Reserving HPET table memory at [mem 0x7ffe18f1-0x7ffe1928]
[    0.028636] ACPI: Reserving WAET table memory at [mem 0x7ffe1929-0x7ffe1950]
[    0.030142] No NUMA configuration found
[    0.030514] Faking a node at [mem 0x0000000000000000-0x000000007ffdffff]
[    0.031209] NODE_DATA(0) allocated [mem 0x7ffb5000-0x7ffdffff]
[    0.034768] Zone ranges:
[    0.035010]   DMA      [mem 0x0000000000001000-0x0000000000ffffff]
[    0.035595]   DMA32    [mem 0x0000000001000000-0x000000007ffdffff]
[    0.036178]   Normal   empty
[    0.036452]   Device   empty
[    0.036727] Movable zone start for each node
[    0.037128] Early memory node ranges
[    0.037462]   node   0: [mem 0x0000000000001000-0x000000000009efff]
[    0.038052]   node   0: [mem 0x0000000000100000-0x000000007ffdffff]
[    0.038665] Initmem setup node 0 [mem 0x0000000000001000-0x000000007ffdffff]
[    0.040059] On node 0, zone DMA: 1 pages in unavailable ranges
[    0.040077] On node 0, zone DMA: 97 pages in unavailable ranges
[    0.054523] On node 0, zone DMA32: 32 pages in unavailable ranges
[    0.055337] ACPI: PM-Timer IO Port: 0x608
[    0.056316] ACPI: LAPIC_NMI (acpi_id[0xff] dfl dfl lint[0x1])
[    0.056894] IOAPIC[0]: apic_id 0, version 17, address 0xfec00000, GSI 0-23
[    0.057554] ACPI: INT_SRC_OVR (bus 0 bus_irq 0 global_irq 2 dfl dfl)
[    0.058165] ACPI: INT_SRC_OVR (bus 0 bus_irq 5 global_irq 5 high level)
[    0.058792] ACPI: INT_SRC_OVR (bus 0 bus_irq 9 global_irq 9 high level)
[    0.059418] ACPI: INT_SRC_OVR (bus 0 bus_irq 10 global_irq 10 high level)
[    0.060058] ACPI: INT_SRC_OVR (bus 0 bus_irq 11 global_irq 11 high level)
[    0.060711] ACPI: Using ACPI (MADT) for SMP configuration information
[    0.061315] ACPI: HPET id: 0x8086a201 base: 0xfed00000
[    0.061813] TSC deadline timer available
[    0.062188] smpboot: Allowing 2 CPUs, 0 hotplug CPUs
[    0.062681] kvm-guest: KVM setup pv remote TLB flush
[    0.063163] kvm-guest: setup PV sched yield
[    0.063609] PM: hibernation: Registered nosave memory: [mem 0x00000000-0x00000fff]
[    0.064326] PM: hibernation: Registered nosave memory: [mem 0x0009f000-0x0009ffff]
[    0.065038] PM: hibernation: Registered nosave memory: [mem 0x000a0000-0x000effff]
[    0.065748] PM: hibernation: Registered nosave memory: [mem 0x000f0000-0x000fffff]
[    0.066463] [mem 0x80000000-0xfeffbfff] available for PCI devices
[    0.067036] Booting paravirtualized kernel on KVM
[    0.067480] clocksource: refined-jiffies: mask: 0xffffffff max_cycles: 0xffffffff, max_idle_ns: 7645519600211568 ns
[    0.068471] setup_percpu: NR_CPUS:8192 nr_cpumask_bits:2 nr_cpu_ids:2 nr_node_ids:1
[    0.070023] percpu: Embedded 62 pages/cpu s217088 r8192 d28672 u1048576
[    0.070863] kvm-guest: PV spinlocks enabled
[    0.071273] PV qspinlock hash table entries: 256 (order: 0, 4096 bytes, linear)
[    0.071975] Fallback order for Node 0: 0 
[    0.072366] Built 1 zonelists, mobility grouping on.  Total pages: 515808
[    0.073011] Policy zone: DMA32
[    0.073304] Kernel command line: net.ifnames=0 console=ttyS0 root=/dev/sda earlyprintk=serial net.ifnames=0
[    0.076420] Dentry cache hash table entries: 262144 (order: 9, 2097152 bytes, linear)
[    0.077235] Inode-cache hash table entries: 131072 (order: 8, 1048576 bytes, linear)
[    0.078073] mem auto-init: stack:off, heap alloc:off, heap free:off
[    0.081419] Memory: 1999736K/2096632K available (30736K kernel code, 4079K rwdata, 7524K rodata, 3624K init, 10528K bss, 96640K reserved, 0K cma-reserved)
[    0.083699] SLUB: HWalign=64, Order=0-3, MinObjects=0, CPUs=2, Nodes=1
[    0.084311] kmemleak: Kernel memory leak detector disabled
[    0.084842] ftrace: allocating 66314 entries in 260 pages
[    0.108761] ftrace: allocated 260 pages with 2 groups
[    0.110543] Dynamic Preempt: voluntary
[    0.110974] rcu: Preemptible hierarchical RCU implementation.
[    0.111506] rcu: 	RCU restricting CPUs from NR_CPUS=8192 to nr_cpu_ids=2.
[    0.112136] 	Trampoline variant of Tasks RCU enabled.
[    0.112600] 	Rude variant of Tasks RCU enabled.
[    0.113016] 	Tracing variant of Tasks RCU enabled.
[    0.113457] rcu: RCU calculated value of scheduler-enlistment delay is 25 jiffies.
[    0.114148] rcu: Adjusting geometry for rcu_fanout_leaf=16, nr_cpu_ids=2
[    0.137878] NR_IRQS: 524544, nr_irqs: 440, preallocated irqs: 16
[    0.138718] rcu: srcu_init: Setting srcu_struct sizes based on contention.
[    0.146080] Console: colour VGA+ 80x25
[    0.146487] printk: console [ttyS0] enabled
[    0.146487] printk: console [ttyS0] enabled
[    0.147278] printk: bootconsole [earlyser0] disabled
[    0.147278] printk: bootconsole [earlyser0] disabled
[    0.148245] ACPI: Core revision 20220331
[    0.148832] clocksource: hpet: mask: 0xffffffff max_cycles: 0xffffffff, max_idle_ns: 19112604467 ns
[    0.149775] APIC: Switch to symmetric I/O mode setup
[    0.150457] x2apic enabled
[    0.150905] Switched APIC routing to physical x2apic.
[    0.151392] kvm-guest: setup PV IPIs
[    0.152531] ..TIMER: vector=0x30 apic1=0 pin1=2 apic2=-1 pin2=-1
[    0.153121] clocksource: tsc-early: mask: 0xffffffffffffffff max_cycles: 0x2cd5a8bb032, max_idle_ns: 440795365915 ns
[    0.154140] Calibrating delay loop (skipped) preset value.. 6220.80 BogoMIPS (lpj=12441600)
[    0.154974] pid_max: default: 32768 minimum: 301
[    0.155570] LSM: Security Framework initializing
[    0.156014] Yama: becoming mindful.
[    0.156499] Mount-cache hash table entries: 4096 (order: 3, 32768 bytes, linear)
[    0.157206] Mountpoint-cache hash table entries: 4096 (order: 3, 32768 bytes, linear)
[    0.158798] x86/cpu: User Mode Instruction Prevention (UMIP) activated
[    0.159592] Last level iTLB entries: 4KB 0, 2MB 0, 4MB 0
[    0.160156] Last level dTLB entries: 4KB 0, 2MB 0, 4MB 0, 1GB 0
[    0.160724] Spectre V1 : Mitigation: usercopy/swapgs barriers and __user pointer sanitization
[    0.161525] Spectre V2 : WARNING: Unprivileged eBPF is enabled with eIBRS on, data leaks possible via Spectre v2 BHB attacks!
[    0.162142] Spectre V2 : Mitigation: Enhanced IBRS
[    0.162579] Spectre V2 : Spectre v2 / SpectreRSB mitigation: Filling RSB on context switch
[    0.163320] Spectre V2 : Spectre v2 / PBRSB-eIBRS: Retire a single CALL on VMEXIT
[    0.163994] Spectre V2 : mitigation: Enabling conditional Indirect Branch Prediction Barrier
[    0.164751] Speculative Store Bypass: Mitigation: Speculative Store Bypass disabled via prctl
[    0.262299] Freeing SMP alternatives memory: 56K
[    0.263053] smpboot: CPU0: Genuine Intel(R) CPU 0000 @ 2.20GHz (family: 0x6, model: 0x8d, stepping: 0x0)
[    0.264262] cblist_init_generic: Setting adjustable number of callback queues.
[    0.264914] cblist_init_generic: Setting shift to 1 and lim to 1.
[    0.265579] cblist_init_generic: Setting shift to 1 and lim to 1.
[    0.266134] cblist_init_generic: Setting shift to 1 and lim to 1.
[    0.266134] Performance Events: Icelake events, full-width counters, Intel PMU driver.
[    0.266762] ... version:                2
[    0.267057] ... bit width:              48
[    0.267350] ... generic registers:      8
[    0.267637] ... value mask:             0000ffffffffffff
[    0.268015] ... max period:             00007fffffffffff
[    0.268392] ... fixed-purpose events:   3
[    0.268679] ... event mask:             00000007000000ff
[    0.269228] rcu: Hierarchical SRCU implementation.
[    0.269581] rcu: 	Max phase no-delay instances is 1000.
[    0.271713] smp: Bringing up secondary CPUs ...
[    0.272208] x86: Booting SMP configuration:
[    0.272511] .... node  #0, CPUs:      #1
[    0.272882] smp: Brought up 1 node, 2 CPUs
[    0.272882] smpboot: Max logical packages: 1
[    0.272882] smpboot: Total of 2 processors activated (12441.60 BogoMIPS)
[    0.274565] devtmpfs: initialized
[    0.274565] x86/mm: Memory block size: 128MB
[    0.275755] clocksource: jiffies: mask: 0xffffffff max_cycles: 0xffffffff, max_idle_ns: 7645041785100000 ns
[    0.275755] futex hash table entries: 512 (order: 3, 32768 bytes, linear)
[    0.275755] pinctrl core: initialized pinctrl subsystem
[    0.278333] 
[    0.278451] *************************************************************
[    0.278934] **     NOTICE NOTICE NOTICE NOTICE NOTICE NOTICE NOTICE    **
[    0.279417] **                                                         **
[    0.279898] **  IOMMU DebugFS SUPPORT HAS BEEN ENABLED IN THIS KERNEL  **
[    0.280379] **                                                         **
[    0.280870] ** This means that this kernel is built to expose internal **
[    0.281374] ** IOMMU data structures, which may compromise security on **
[    0.281865] ** your system.                                            **
[    0.282140] **                                                         **
[    0.282627] ** If you see this message and you are not debugging the   **
[    0.283115] ** kernel, report this immediately to your vendor!         **
[    0.283601] **                                                         **
[    0.284088] **     NOTICE NOTICE NOTICE NOTICE NOTICE NOTICE NOTICE    **
[    0.284583] *************************************************************
[    0.285124] PM: RTC time: 09:03:25, date: 2022-11-14
[    0.287516] NET: Registered PF_NETLINK/PF_ROUTE protocol family
[    0.288300] DMA: preallocated 256 KiB GFP_KERNEL pool for atomic allocations
[    0.288836] DMA: preallocated 256 KiB GFP_KERNEL|GFP_DMA pool for atomic allocations
[    0.289420] DMA: preallocated 256 KiB GFP_KERNEL|GFP_DMA32 pool for atomic allocations
[    0.290018] audit: initializing netlink subsys (disabled)
[    0.290176] audit: type=2000 audit(1668416605.739:1): state=initialized audit_enabled=0 res=1
[    0.290443] thermal_sys: Registered thermal governor 'fair_share'
[    0.290816] thermal_sys: Registered thermal governor 'bang_bang'
[    0.291270] thermal_sys: Registered thermal governor 'step_wise'
[    0.291715] thermal_sys: Registered thermal governor 'user_space'
[    0.292171] cpuidle: using governor ladder
[    0.292930] cpuidle: using governor menu
[    0.293440] acpiphp: ACPI Hot Plug PCI Controller Driver version: 0.5
[    0.294201] PCI: Using configuration type 1 for base access
[    0.302296] kprobes: kprobe jump-optimization is enabled. All kprobes are optimized if possible.
[    0.491002] HugeTLB: registered 1.00 GiB page size, pre-allocated 0 pages
[    0.491503] HugeTLB: 16380 KiB vmemmap can be freed for a 1.00 GiB page
[    0.491984] HugeTLB: registered 2.00 MiB page size, pre-allocated 0 pages
[    0.492475] HugeTLB: 28 KiB vmemmap can be freed for a 2.00 MiB page
[    0.493686] ACPI: Added _OSI(Module Device)
[    0.493998] ACPI: Added _OSI(Processor Device)
[    0.494147] ACPI: Added _OSI(3.0 _SCP Extensions)
[    0.494491] ACPI: Added _OSI(Processor Aggregator Device)
[    0.498585] ACPI: 1 ACPI AML tables successfully acquired and loaded
[    0.501102] ACPI: Interpreter enabled
[    0.501427] ACPI: PM: (supports S0 S3 S4 S5)
[    0.501743] ACPI: Using IOAPIC for interrupt routing
[    0.502127] PCI: Using host bridge windows from ACPI; if necessary, use "pci=nocrs" and report a bug
[    0.502137] PCI: Using E820 reservations for host bridge windows
[    0.503003] ACPI: Enabled 2 GPEs in block 00 to 0F
[    0.513405] ACPI: PCI Root Bridge [PCI0] (domain 0000 [bus 00-ff])
[    0.513878] acpi PNP0A03:00: _OSC: OS supports [ASPM ClockPM Segments MSI EDR HPX-Type3]
[    0.514141] acpi PNP0A03:00: _OSC: not requesting OS control; OS requires [ExtendedConfig ASPM ClockPM MSI]
[    0.514872] acpi PNP0A03:00: fail to add MMCONFIG information, can't access extended PCI configuration space under this bridge.
[    0.516987] acpiphp: Slot [3] registered
[    0.517330] acpiphp: Slot [4] registered
[    0.517666] acpiphp: Slot [5] registered
[    0.518001] acpiphp: Slot [6] registered
[    0.518184] acpiphp: Slot [7] registered
[    0.518525] acpiphp: Slot [8] registered
[    0.518861] acpiphp: Slot [9] registered
[    0.519210] acpiphp: Slot [10] registered
[    0.519555] acpiphp: Slot [11] registered
[    0.519894] acpiphp: Slot [12] registered
[    0.520233] acpiphp: Slot [13] registered
[    0.520574] acpiphp: Slot [14] registered
[    0.520920] acpiphp: Slot [15] registered
[    0.521265] acpiphp: Slot [16] registered
[    0.521606] acpiphp: Slot [17] registered
[    0.521945] acpiphp: Slot [18] registered
[    0.522181] acpiphp: Slot [19] registered
[    0.522525] acpiphp: Slot [20] registered
[    0.522864] acpiphp: Slot [21] registered
[    0.523208] acpiphp: Slot [22] registered
[    0.523553] acpiphp: Slot [23] registered
[    0.523892] acpiphp: Slot [24] registered
[    0.524238] acpiphp: Slot [25] registered
[    0.524578] acpiphp: Slot [26] registered
[    0.524916] acpiphp: Slot [27] registered
[    0.525256] acpiphp: Slot [28] registered
[    0.525602] acpiphp: Slot [29] registered
[    0.525947] acpiphp: Slot [30] registered
[    0.526181] acpiphp: Slot [31] registered
[    0.526490] PCI host bridge to bus 0000:00
[    0.526792] pci_bus 0000:00: root bus resource [io  0x0000-0x0cf7 window]
[    0.527294] pci_bus 0000:00: root bus resource [io  0x0d00-0xffff window]
[    0.527794] pci_bus 0000:00: root bus resource [mem 0x000a0000-0x000bffff window]
[    0.528339] pci_bus 0000:00: root bus resource [mem 0x80000000-0xfebfffff window]
[    0.528885] pci_bus 0000:00: root bus resource [mem 0x100000000-0x17fffffff window]
[    0.529452] pci_bus 0000:00: root bus resource [bus 00-ff]
[    0.529908] pci 0000:00:00.0: [8086:1237] type 00 class 0x060000
[    0.532074] pci 0000:00:01.0: [8086:7000] type 00 class 0x060100
[    0.533002] pci 0000:00:01.1: [8086:7010] type 00 class 0x010180
[    0.534703] pci 0000:00:01.1: reg 0x20: [io  0xc040-0xc04f]
[    0.535700] pci 0000:00:01.1: legacy IDE quirk: reg 0x10: [io  0x01f0-0x01f7]
[    0.536220] pci 0000:00:01.1: legacy IDE quirk: reg 0x14: [io  0x03f6]
[    0.536697] pci 0000:00:01.1: legacy IDE quirk: reg 0x18: [io  0x0170-0x0177]
[    0.537214] pci 0000:00:01.1: legacy IDE quirk: reg 0x1c: [io  0x0376]
[    0.537854] pci 0000:00:01.3: [8086:7113] type 00 class 0x068000
[    0.538399] pci 0000:00:01.3: quirk: [io  0x0600-0x063f] claimed by PIIX4 ACPI
[    0.539157] pci 0000:00:01.3: quirk: [io  0x0700-0x070f] claimed by PIIX4 SMB
[    0.539861] pci 0000:00:02.0: [1234:1111] type 00 class 0x030000
[    0.541186] pci 0000:00:02.0: reg 0x10: [mem 0xfd000000-0xfdffffff pref]
[    0.542624] pci 0000:00:02.0: reg 0x18: [mem 0xfebf0000-0xfebf0fff]
[    0.545571] pci 0000:00:02.0: reg 0x30: [mem 0xfebe0000-0xfebeffff pref]
[    0.546175] pci 0000:00:02.0: Video device with shadowed ROM at [mem 0x000c0000-0x000dffff]
[    0.548744] pci 0000:00:03.0: [8086:100e] type 00 class 0x020000
[    0.549924] pci 0000:00:03.0: reg 0x10: [mem 0xfebc0000-0xfebdffff]
[    0.550622] pci 0000:00:03.0: reg 0x14: [io  0xc000-0xc03f]
[    0.553147] pci 0000:00:03.0: reg 0x30: [mem 0xfeb80000-0xfebbffff pref]
[    0.562762] ACPI: PCI: Interrupt link LNKA configured for IRQ 10
[    0.563475] ACPI: PCI: Interrupt link LNKB configured for IRQ 10
[    0.564178] ACPI: PCI: Interrupt link LNKC configured for IRQ 11
[    0.564878] ACPI: PCI: Interrupt link LNKD configured for IRQ 11
[    0.565453] ACPI: PCI: Interrupt link LNKS configured for IRQ 9
[    0.566597] iommu: Default domain type: Translated 
[    0.566963] iommu: DMA domain TLB invalidation policy: lazy mode 
[    0.567866] SCSI subsystem initialized
[    0.568271] ACPI: bus type USB registered
[    0.568599] usbcore: registered new interface driver usbfs
[    0.569027] usbcore: registered new interface driver hub
[    0.569442] usbcore: registered new device driver usb
[    0.569905] pps_core: LinuxPPS API ver. 1 registered
[    0.570140] pps_core: Software ver. 5.3.6 - Copyright 2005-2007 Rodolfo Giometti <giometti@linux.it>
[    0.570801] PTP clock support registered
[    0.571162] EDAC MC: Ver: 3.0.0
[    0.571991] NetLabel: Initializing
[    0.572249] NetLabel:  domain hash size = 128
[    0.572571] NetLabel:  protocols = UNLABELED CIPSOv4 CALIPSO
[    0.573011] NetLabel:  unlabeled traffic allowed by default
[    0.573531] PCI: Using ACPI for IRQ routing
[    0.573976] pci 0000:00:02.0: vgaarb: setting as boot VGA device
[    0.574134] pci 0000:00:02.0: vgaarb: bridge control possible
[    0.574134] pci 0000:00:02.0: vgaarb: VGA device added: decodes=io+mem,owns=io+mem,locks=none
[    0.574138] vgaarb: loaded
[    0.574564] hpet0: at MMIO 0xfed00000, IRQs 2, 8, 0
[    0.574942] hpet0: 3 comparators, 64-bit 100.000000 MHz counter
[    2.720482] clocksource: Switched to clocksource kvm-clock
[    2.803310] VFS: Disk quotas dquot_6.6.0
[    2.803665] VFS: Dquot-cache hash table entries: 512 (order 0, 4096 bytes)
[    2.804276] pnp: PnP ACPI init
[    2.805705] pnp: PnP ACPI: found 6 devices
[    2.815059] clocksource: acpi_pm: mask: 0xffffff max_cycles: 0xffffff, max_idle_ns: 2085701024 ns
[    2.815959] NET: Registered PF_INET protocol family
[    2.818797] IP idents hash table entries: 32768 (order: 6, 262144 bytes, linear)
[    2.821615] tcp_listen_portaddr_hash hash table entries: 1024 (order: 2, 16384 bytes, linear)
[    2.822253] Table-perturb hash table entries: 65536 (order: 6, 262144 bytes, linear)
[    2.822834] TCP established hash table entries: 16384 (order: 5, 131072 bytes, linear)
[    2.823540] TCP bind hash table entries: 16384 (order: 7, 524288 bytes, linear)
[    2.824413] TCP: Hash tables configured (established 16384 bind 16384)
[    2.824965] UDP hash table entries: 1024 (order: 3, 32768 bytes, linear)
[    2.825467] UDP-Lite hash table entries: 1024 (order: 3, 32768 bytes, linear)
[    2.826053] NET: Registered PF_UNIX/PF_LOCAL protocol family
[    2.826741] RPC: Registered named UNIX socket transport module.
[    2.827172] RPC: Registered udp transport module.
[    2.827511] RPC: Registered tcp transport module.
[    2.827850] RPC: Registered tcp NFSv4.1 backchannel transport module.
[    2.828328] pci_bus 0000:00: resource 4 [io  0x0000-0x0cf7 window]
[    2.828778] pci_bus 0000:00: resource 5 [io  0x0d00-0xffff window]
[    2.829225] pci_bus 0000:00: resource 6 [mem 0x000a0000-0x000bffff window]
[    2.829729] pci_bus 0000:00: resource 7 [mem 0x80000000-0xfebfffff window]
[    2.830232] pci_bus 0000:00: resource 8 [mem 0x100000000-0x17fffffff window]
[    2.830888] pci 0000:00:01.0: PIIX3: Enabling Passive Release
[    2.831311] pci 0000:00:00.0: Limiting direct PCI/PCI transfers
[    2.831817] PCI: CLS 0 bytes, default 64
[    2.832268] clocksource: tsc: mask: 0xffffffffffffffff max_cycles: 0x2cd5a8bb032, max_idle_ns: 440795365915 ns
[    2.837370] Initialise system trusted keyrings
[    2.837755] Key type blacklist registered
[    2.838170] workingset: timestamp_bits=36 max_order=19 bucket_order=0
[    2.843130] zbud: loaded
[    2.844179] squashfs: version 4.0 (2009/01/31) Phillip Lougher
[    2.845930] NFS: Registering the id_resolver key type
[    2.846331] Key type id_resolver registered
[    2.846636] Key type id_legacy registered
[    2.846979] nfs4filelayout_init: NFSv4 File Layout Driver Registering...
[    2.847464] nfs4flexfilelayout_init: NFSv4 Flexfile Layout Driver Registering...
[    2.848043] fuse: init (API version 7.37)
[    2.848498] SGI XFS with ACLs, security attributes, realtime, quota, no debug enabled
[    2.850008] 9p: Installing v9fs 9p2000 file system support
[    2.857476] Key type asymmetric registered
[    2.857781] Asymmetric key parser 'x509' registered
[    2.859107] alg: self-tests for CTR-KDF (hmac(sha256)) passed
[    2.859577] Block layer SCSI generic (bsg) driver version 0.4 loaded (major 243)
[    2.860221] io scheduler mq-deadline registered
[    2.860622] io scheduler bfq registered
[    2.861309] shpchp: Standard Hot Plug PCI Controller Driver version: 0.4
[    2.861960] IPMI message handler: version 39.2
[    2.862311] ipmi device interface
[    2.863373] input: Power Button as /devices/LNXSYSTM:00/LNXPWRBN:00/input/input0
[    2.863989] ACPI: button: Power Button [PWRF]
[    2.864846] ERST DBG: ERST support is disabled.
[    2.865493] Serial: 8250/16550 driver, 32 ports, IRQ sharing enabled
[    2.866276] 00:04: ttyS0 at I/O 0x3f8 (irq = 4, base_baud = 115200) is a 16550A
[    2.871129] Linux agpgart interface v0.103
[    2.871749] ACPI: bus type drm_connector registered
[    2.878855] brd: module loaded
[    2.885796] loop: module loaded
[    2.888389] scsi host0: ata_piix
[    2.888907] scsi host1: ata_piix
[    2.889227] ata1: PATA max MWDMA2 cmd 0x1f0 ctl 0x3f6 bmdma 0xc040 irq 14
[    2.889725] ata2: PATA max MWDMA2 cmd 0x170 ctl 0x376 bmdma 0xc048 irq 15
[    2.890765] tun: Universal TUN/TAP device driver, 1.6
[    2.891191] e100: Intel(R) PRO/100 Network Driver
[    2.891530] e100: Copyright(c) 1999-2006 Intel Corporation
[    2.891943] e1000: Intel(R) PRO/1000 Network Driver
[    2.892292] e1000: Copyright (c) 1999-2006 Intel Corporation.
[    2.966701] ACPI: \_SB_.LNKC: Enabled at IRQ 11
[    3.050252] ata2: found unknown device (class 0)
[    3.050872] ata1: found unknown device (class 0)
[    3.051775] ata1.00: ATA-7: QEMU HARDDISK, 2.5+, max UDMA/100
[    3.052209] ata1.00: 16777216 sectors, multi 16: LBA48 
[    3.052770] ata2.00: ATAPI: QEMU DVD-ROM, 2.5+, max UDMA/100
[    3.054018] scsi 0:0:0:0: Direct-Access     ATA      QEMU HARDDISK    2.5+ PQ: 0 ANSI: 5
[    3.055029] scsi 0:0:0:0: Attached scsi generic sg0 type 0
[    3.055945] scsi 1:0:0:0: CD-ROM            QEMU     QEMU DVD-ROM     2.5+ PQ: 0 ANSI: 5
[    3.057286] sd 0:0:0:0: [sda] 16777216 512-byte logical blocks: (8.59 GB/8.00 GiB)
[    3.057866] sd 0:0:0:0: [sda] Write Protect is off
[    3.058266] sd 0:0:0:0: [sda] Write cache: enabled, read cache: enabled, doesn't support DPO or FUA
[    3.058965] sd 0:0:0:0: [sda] Preferred minimum I/O size 512 bytes
[    3.079385] sd 0:0:0:0: [sda] Attached SCSI disk
[    3.086553] scsi 1:0:0:0: Attached scsi generic sg1 type 5
[    3.288935] e1000 0000:00:03.0 eth0: (PCI:33MHz:32-bit) 52:54:00:12:34:56
[    3.289471] e1000 0000:00:03.0 eth0: Intel(R) PRO/1000 Network Connection
[    3.290024] e1000e: Intel(R) PRO/1000 Network Driver
[    3.290389] e1000e: Copyright(c) 1999 - 2015 Intel Corporation.
[    3.290855] igb: Intel(R) Gigabit Ethernet Network Driver
[    3.291242] igb: Copyright (c) 2007-2014 Intel Corporation.
[    3.291696] PPP generic driver version 2.4.2
[    3.292318] VFIO - User Level meta-driver version: 0.3
[    3.293021] usbcore: registered new interface driver uas
[    3.293485] usbcore: registered new interface driver usb-storage
[    3.294012] i8042: PNP: PS/2 Controller [PNP0303:KBD,PNP0f13:MOU] at 0x60,0x64 irq 1,12
[    3.295266] serio: i8042 KBD port at 0x60,0x64 irq 1
[    3.295642] serio: i8042 AUX port at 0x60,0x64 irq 12
[    3.296396] mousedev: PS/2 mouse device common for all mice
[    3.297176] input: AT Translated Set 2 keyboard as /devices/platform/i8042/serio0/input/input1
[    3.298482] input: VirtualPS/2 VMware VMMouse as /devices/platform/i8042/serio1/input/input4
[    3.299674] input: VirtualPS/2 VMware VMMouse as /devices/platform/i8042/serio1/input/input3
[    3.300344] rtc_cmos 00:05: registered as rtc0
[    3.300793] rtc_cmos 00:05: setting system clock to 2022-11-14T09:03:28 UTC (1668416608)
[    3.301502] rtc_cmos 00:05: alarms up to one day, 242 bytes nvram, hpet irqs
[    3.302063] rtc_cmos 00:05: RTC can wake from S4
[    3.302483] i2c_dev: i2c /dev entries driver
[    3.302819] device-mapper: core: CONFIG_IMA_DISABLE_HTABLE is disabled. Duplicate IMA measurements will not be recorded in the IMA log.
[    3.303748] device-mapper: uevent: version 1.0.3
[    3.304268] device-mapper: ioctl: 4.47.0-ioctl (2022-07-28) initialised: dm-devel@redhat.com
[    3.304895] intel_pstate: CPU model not supported
[    3.305299] sdhci: Secure Digital Host Controller Interface driver
[    3.305754] sdhci: Copyright(c) Pierre Ossman
[    3.306124] sdhci-pltfm: SDHCI platform and OF driver helper
[    3.306609] ledtrig-cpu: registered to indicate activity on CPUs
[    3.307195] drop_monitor: Initializing network drop monitor service
[    3.308024] NET: Registered PF_INET6 protocol family
[    3.309508] Segment Routing with IPv6
[    3.309813] In-situ OAM (IOAM) with IPv6
[    3.310130] NET: Registered PF_PACKET protocol family
[    3.310767] 9pnet: Installing 9P2000 support
[    3.311126] Key type dns_resolver registered
[    3.311932] IPI shorthand broadcast: enabled
[    3.312277] sched_clock: Marking stable (3304996306, 6768972)->(3320668256, -8902978)
[    3.313133] registered taskstats version 1
[    3.313498] Loading compiled-in X.509 certificates
[    3.314616] zswap: loaded using pool lzo/zbud
[    3.315330] Key type .fscrypt registered
[    3.315628] Key type fscrypt-provisioning registered
[    3.316621] Key type encrypted registered
[    3.316944] ima: No TPM chip found, activating TPM-bypass!
[    3.317366] ima: Allocated hash algorithm: sha1
[    3.317718] ima: No architecture policies found
[    3.318069] evm: Initialising EVM extended attributes:
[    3.318462] evm: security.selinux
[    3.318710] evm: security.SMACK64
[    3.318956] evm: security.SMACK64EXEC
[    3.319225] evm: security.SMACK64TRANSMUTE
[    3.319526] evm: security.SMACK64MMAP
[    3.319797] evm: security.apparmor
[    3.320049] evm: security.ima
[    3.320270] evm: security.capability
[    3.320534] evm: HMAC attrs: 0x1
[    3.323518] PM:   Magic number: 14:548:70
[    3.323910]  memory: hash matches
[    3.324327] RAS: Correctable Errors collector initialized.
[    3.325003] md: Waiting for all devices to be available before autodetect
[    3.325366] md: If you don't use raid, use raid=noautodetect
[    3.325656] md: Autodetecting RAID arrays.
[    3.325869] md: autorun ...
[    3.326018] md: ... autorun DONE.
[    3.328629] EXT4-fs (sda): INFO: recovery required on readonly filesystem
[    3.328989] EXT4-fs (sda): write access will be enabled during recovery
[    3.402510] EXT4-fs (sda): recovery complete
[    3.411486] EXT4-fs (sda): mounted filesystem with ordered data mode. Quota mode: none.
[    3.411927] VFS: Mounted root (ext4 filesystem) readonly on device 8:0.
[    3.412629] devtmpfs: mounted
[    3.419272] Freeing unused decrypted memory: 2036K
[    3.420823] Freeing unused kernel image (initmem) memory: 3624K
[    3.421134] Write protecting the kernel read-only data: 40960k
[    3.423243] Freeing unused kernel image (text/rodata gap) memory: 2028K
[    3.423957] Freeing unused kernel image (rodata/data gap) memory: 668K
[    3.506086] x86/mm: Checked W+X mappings: passed, no W+X pages found.
[    3.506424] Run /sbin/init as init process
[    3.565420] systemd[1]: RTC configured in localtime, applying delta of 0 minutes to system time.
[    3.579873] systemd[1]: systemd 239 (239-49.el8) running in system mode. (+PAM +AUDIT +SELINUX +IMA -APPARMOR +SMACK +SYSVINIT +UTMP +LIBCRYPTSETUP +GCRYPT +GNUTLS +ACL +XZ +LZ4 +SECCOMP +BLKID +ELFUTILS +KMOD +IDN2 -IDN +PCRE2 default-hierarchy=legacy)
[    3.581069] systemd[1]: Detected virtualization kvm.
[    3.581348] systemd[1]: Detected architecture x86-64.

Welcome to [0;31mCentOS Stream 8[0m!

[    3.648730] systemd[1]: Set hostname to <test>.
[    4.662143] random: crng init done
[    4.733793] systemd[1]: Listening on Journal Socket.
[[0;32m  OK  [0m] Listening on Journal Socket.
[    4.750244] systemd[1]: Mounting Huge Pages File System...
         Mounting Huge Pages File System...
[    4.751149] systemd[1]: Listening on Journal Socket (/dev/log).
[[0;32m  OK  [0m] Listening on Journal Socket (/dev/log).
[    4.753581] systemd[1]: Mounting POSIX Message Queue File System...
         Mounting POSIX Message Queue File System...
[    4.757926] systemd[1]: Starting Load Kernel Modules...
         Starting Load Kernel Modules...
[    4.758979] systemd[1]: Created slice system-getty.slice.
[[0;32m  OK  [0m] Created slice system-getty.slice.
[[0;32m  OK  [0m] Created slice system-sshd\x2dkeygen.slice.
[[0;32m  OK  [0m] Listening on udev Kernel Socket.
[[0;32m  OK  [0m] Listening on LVM2 poll daemon socket.
[[0;32m  OK  [0m] Listening on RPCbind Server Activation Socket.
[[0;32m  OK  [0m] Listening on initctl Compatibility Named Pipe.
[[0;32m  OK  [0m] Reached target Swap.
[[0;32m  OK  [0m] Listening on Device-mapper event daemon FIFOs.
[[0;32m  OK  [0m] Listening on udev Control Socket.
         Starting Monitoring of LVM2 mirrorsâ€¦ng dmeventd or progress polling...
         Mounting Kernel Debug File System...
         Starting Setup Virtual Console...
[[0;32m  OK  [0m] Started Forward Password Requests to Wall Directory Watch.
[[0;32m  OK  [0m] Listening on Process Core Dump Socket.
[[0;32m  OK  [0m] Reached target RPC Port Mapper.
[[0;32m  OK  [0m] Set up automount Arbitrary Executabâ€¦rmats File System Automount Point.
         Starting Journal Service...
         Starting udev Coldplug all Devices...
[[0;32m  OK  [0m] Listening on multipathd control socket.
         Starting Remount Root and Kernel File Systems...
[[0;32m  OK  [0m] Created slice User and Session Slice.
[[0;32m  OK  [0m] Reached target Slices.
[[0;32m  OK  [0m] Created slice system-serial\x2dgetty.slice.
[[0;32m  OK  [0m] Mounted Huge Pages File System.
[[0;32m  OK  [0m] Mounted POSIX Message Queue File System.
[[0;1;31mFAILED[0m] Failed to start Load Kernel Modules.
See 'systemctl status systemd-modules-load.service' for details.
[[0;32m  OK  [0m] Mounted Kernel Debug File System.
         Starting Apply Kernel Variables...
         Mounting FUSE Control File System...
         Mounting Kernel Configuration File System...
[[0;32m  OK  [0m] Started Journal Service.
[[0;32m  OK  [0m] Mounted Kernel Configuration File System.
[[0;32m  OK  [0m] Mounted FUSE Control File System.
[[0;32m  OK  [0m] Started Apply Kernel Variables.
[    4.986356] EXT4-fs (sda): re-mounted. Quota mode: none.
[[0;32m  OK  [0m] Started Remount Root and Kernel File Systems.
         Starting Create Static Device Nodes in /dev...
         Starting Load/Save Random Seed...
         Starting Flush Journal to Persistent Storage...
[[0;32m  OK  [0m] Started udev Coldplug all Devices.
[[0;32m  OK  [0m] Started Load/Save Random Seed.
[[0;32m  OK  [0m] Started Create Static Device Nodes in /dev.
[[0;32m  OK  [0m] Started Setup Virtual Console.
         Starting udev Kernel Device Manager...
         Starting udev Wait for Complete Device Initialization...
[[0;32m  OK  [0m] Started Flush Journal to Persistent Storage.
[[0;32m  OK  [0m] Started udev Kernel Device Manager.
         Starting Show Plymouth Boot Screen...
[[0;32m  OK  [0m] Started Show Plymouth Boot Screen.
[[0;32m  OK  [0m] Reached target Paths.
[[0;32m  OK  [0m] Reached target Local Encrypted Volumes.
[[0;32m  OK  [0m] Started Forward Password Requests to Plymouth Directory Watch.
[[0;32m  OK  [0m] Found device /dev/ttyS0.
[[0;32m  OK  [0m] Started Monitoring of LVM2 mirrors,â€¦sing dmeventd or progress polling.
[[0;32m  OK  [0m] Listening on Load/Save RF Kill Switch Status /dev/rfkill Watch.
[[0;32m  OK  [0m] Started udev Wait for Complete Device Initialization.
[[0;32m  OK  [0m] Reached target Local File Systems (Pre).
[[0;32m  OK  [0m] Reached target Local File Systems.
         Starting Tell Plymouth To Write Out Runtime Data...
         Starting Restore /run/initramfs on shutdown...
         Starting Create Volatile Files and Directories...
[[0;32m  OK  [0m] Started Tell Plymouth To Write Out Runtime Data.
[[0;32m  OK  [0m] Started Restore /run/initramfs on shutdown.
[[0;32m  OK  [0m] Started Create Volatile Files and Directories.
         Starting RPC Bind...
         Mounting RPC Pipe File System...
         Starting Security Auditing Service...
[[0;32m  OK  [0m] Mounted RPC Pipe File System.
[[0;32m  OK  [0m] Reached target rpc_pipefs.target.
[[0;32m  OK  [0m] Started RPC Bind.
[[0;32m  OK  [0m] Started Security Auditing Service.
         Starting Update UTMP about System Boot/Shutdown...
[[0;32m  OK  [0m] Started Update UTMP about System Boot/Shutdown.
[[0;32m  OK  [0m] Reached target System Initialization.
[[0;32m  OK  [0m] Started dnf makecache --timer.
[[0;32m  OK  [0m] Started Daily Cleanup of Temporary Directories.
[[0;32m  OK  [0m] Listening on D-Bus System Message Bus Socket.
[[0;32m  OK  [0m] Listening on SSSD Kerberos Cache Manager responder socket.
[[0;32m  OK  [0m] Reached target Sockets.
[[0;32m  OK  [0m] Reached target Basic System.
         Starting Self Monitoring and Reporting Technology (SMART) Daemon...
         Starting Authorization Manager...
         Starting NTP client/server...
[[0;32m  OK  [0m] Started D-Bus System Message Bus.
         Starting Network Manager...
[[0;32m  OK  [0m] Started Machine Check Exception Logging Daemon.
[[0;32m  OK  [0m] Started irqbalance daemon.
         Starting Login Service...
[[0;32m  OK  [0m] Reached target sshd-keygen.target.
[[0;32m  OK  [0m] Started daily update of the root trust anchor for DNSSEC.
[[0;32m  OK  [0m] Reached target Timers.
         Starting Auto-connect to subsystemsâ€¦-NVME devices found during boot...
[[0;32m  OK  [0m] Started Self Monitoring and Reporting Technology (SMART) Daemon.
[[0;32m  OK  [0m] Started Auto-connect to subsystems â€¦FC-NVME devices found during boot.
[[0;32m  OK  [0m] Started Login Service.
[[0;32m  OK  [0m] Started Network Manager.
[[0;32m  OK  [0m] Reached target Network.
         Starting Dynamic System Tuning Daemon...
         Starting OpenSSH server daemon...
         Starting GSSAPI Proxy Daemon...
         Starting Network Manager Wait Online...
[[0;32m  OK  [0m] Started NTP client/server.
         Starting Hostname Service...
[[0;32m  OK  [0m] Started Authorization Manager.
[[0;32m  OK  [0m] Started GSSAPI Proxy Daemon.
[[0;32m  OK  [0m] Reached target NFS client services.
[[0;32m  OK  [0m] Reached target Remote File Systems (Pre).
[[0;32m  OK  [0m] Reached target Remote File Systems.
         Starting Permit User Sessions...
[[0;32m  OK  [0m] Started OpenSSH server daemon.
[[0;32m  OK  [0m] Started Permit User Sessions.
[[0;32m  OK  [0m] Started Command Scheduler.
         Starting Terminate Plymouth Boot Screen...
         Starting Hold until boot process finishes up...
[    6.074162] e1000: eth0 NIC Link is Up 1000 Mbps Full Duplex, Flow Control: RX
[    6.074885] IPv6: ADDRCONF(NETDEV_CHANGE): eth0: link becomes ready
[    6.253378] Spectre V2 : WARNING: Unprivileged eBPF is enabled with eIBRS on, data leaks possible via Spectre v2 BHB attacks!
[    6.254204] Spectre V2 : WARNING: Unprivileged eBPF is enabled with eIBRS on, data leaks possible via Spectre v2 BHB attacks!

CentOS Stream 8
Kernel 6.1.0-rc2-e6deb0b20bf7+ on an x86_64

test login: [   28.141463] ------------[ cut here ]------------
[   28.141468] WARNING: CPU: 0 PID: 577 at kernel/events/core.c:9313 __perf_event_overflow+0xfb/0x200
[   28.141489] Modules linked in:
[   28.141493] CPU: 0 PID: 577 Comm: repro Not tainted 6.1.0-rc2-e6deb0b20bf7+ #1
[   28.141504] Hardware name: QEMU Standard PC (i440FX + PIIX, 1996), BIOS rel-1.16.0-0-gd239552ce722-prebuilt.qemu.org 04/01/2014
[   28.141510] RIP: 0010:__perf_event_overflow+0xfb/0x200
[   28.141521] Code: 84 ce 00 00 00 e8 65 32 ec ff 44 0f b6 a3 00 01 00 00 31 ff 41 83 e4 20 44 89 e6 e8 5f 33 ec ff 45 84 e4 74 07 e8 45 32 ec ff <0f> 0b e8 3e 32 ec ff 49 8b 46 30 48 8d bb 20 03 00 00 48 89 83 18
[   28.141529] RSP: 0000:ffffc90000f4fbd8 EFLAGS: 00010046
[   28.141536] RAX: 0000000000000000 RBX: ffff888004ed44d0 RCX: ffffffff8138b7d1
[   28.141542] RDX: 0000000000000000 RSI: ffff888010229fc0 RDI: 0000000000000002
[   28.141548] RBP: ffffc90000f4fc08 R08: 0000000a4b18ae75 R09: 0000000000000000
[   28.141554] R10: 0000000000000000 R11: 0000000000000000 R12: 0000000000000020
[   28.141559] R13: 0000000000000000 R14: ffffc90000f4fc80 R15: ffffc90000f4ff58
[   28.141565] FS:  00007fef1a220740(0000) GS:ffff88807dc00000(0000) knlGS:0000000000000000
[   28.141573] CS:  0010 DS: 0000 ES: 0000 CR0: 0000000080050033
[   28.141579] CR2: 0000000020000200 CR3: 000000000b7ee006 CR4: 0000000000770ef0
[   28.141587] PKRU: 55555554
[   28.141590] Call Trace:
[   28.141592]  <TASK>
[   28.141597]  perf_event_overflow+0x33/0x40
[   28.141610]  handle_pmi_common+0x2d8/0x560
[   28.141620]  ? generic_exec_single+0xf7/0x150
[   28.141633]  ? write_comp_data+0x2f/0x90
[   28.141644]  ? __sanitizer_cov_trace_pc+0x25/0x60
[   28.141655]  ? smp_call_function_single+0x16d/0x240
[   28.141666]  ? perf_duration_warn+0x50/0x50
[   28.141683]  ? write_comp_data+0x2f/0x90
[   28.141693]  ? perf_duration_warn+0x50/0x50
[   28.141709]  ? __sanitizer_cov_trace_pc+0x25/0x60
[   28.141720]  ? write_comp_data+0x2f/0x90
[   28.141730]  ? write_comp_data+0x2f/0x90
[   28.141740]  ? write_comp_data+0x2f/0x90
[   28.141750]  ? write_comp_data+0x2f/0x90
[   28.141761]  intel_pmu_handle_irq+0x183/0x680
[   28.141771]  perf_event_nmi_handler+0x42/0x70
[   28.141788]  nmi_handle+0x63/0x160
[   28.141803]  default_do_nmi+0x77/0x190
[   28.141820]  exc_nmi+0x157/0x190
[   28.141835]  asm_exc_nmi+0xb6/0xff
[   28.141850] RIP: 0033:0x7fef1a34559d
[   28.141858] Code: 00 c3 66 2e 0f 1f 84 00 00 00 00 00 90 f3 0f 1e fa 48 89 f8 48 89 f7 48 89 d6 48 89 ca 4d 89 c2 4d 89 c8 4c 8b 4c 24 08 0f 05 <48> 3d 01 f0 ff ff 73 01 c3 48 8b 0d d3 08 0d 00 f7 d8 64 89 01 48
[   28.141866] RSP: 002b:00007ffe0710c708 EFLAGS: 00000202
[   28.141872] RAX: 0000000000000003 RBX: 0000000000000000 RCX: 00007fef1a34559d
[   28.141878] RDX: 0000000000000000 RSI: 0000000000000000 RDI: 0000000020000200
[   28.141884] RBP: 00007ffe0710c710 R08: 0000000000000003 R09: 0000000000401a80
[   28.141889] R10: 00000000ffffffff R11: 0000000000000202 R12: 00000000004010e0
[   28.141895] R13: 00007ffe0710c7f0 R14: 0000000000000000 R15: 0000000000000000
[   28.141903]  </TASK>
[   28.141905] ---[ end trace 0000000000000000 ]---
[   28.141990] perf: interrupt took too long (3942 > 2500), lowering kernel.perf_event_max_sample_rate to 50500
[   28.308832] perf: interrupt took too long (5074 > 4927), lowering kernel.perf_event_max_sample_rate to 39250
[   28.701888] perf: interrupt took too long (6359 > 6342), lowering kernel.perf_event_max_sample_rate to 31250
[   28.969750] perf: interrupt took too long (8068 > 7948), lowering kernel.perf_event_max_sample_rate to 24750
[   29.501509] perf: interrupt took too long (10086 > 10085), lowering kernel.perf_event_max_sample_rate to 19750
[   30.013083] perf: interrupt took too long (12634 > 12607), lowering kernel.perf_event_max_sample_rate to 15750
[   31.094710] perf: interrupt took too long (15848 > 15792), lowering kernel.perf_event_max_sample_rate to 12500
[   32.868414] perf: interrupt took too long (19874 > 19810), lowering kernel.perf_event_max_sample_rate to 10000
[   36.656552] perf: interrupt took too long (24878 > 24842), lowering kernel.perf_event_max_sample_rate to 8000
[   87.662306] perf: interrupt took too long (31180 > 31097), lowering kernel.perf_event_max_sample_rate to 6250
