c[?7l[2J[0mSeaBIOS (version rel-1.16.0-0-gd239552ce722-prebuilt.qemu.org)


iPXE (http://ipxe.org) 00:03.0 CA00 PCI2.10 PnP PMM+7FF91000+7FEF1000 CA00
Press Ctrl-B to configure iPXE (PCI 00:03.0)...                                                                               


Booting from ROM..c[?7l[2J[    0.000000] Linux version 6.2.0-rc7-4ec5183ec486 (root@984fee00a1f6.jf.intel.com) (gcc (GCC) 8.5.0 20210514 (Red Hat 8.5.0-18), GNU ld version 2.36.1-3.el8) #1 SMP PREEMPT_DYNAMIC Sun Feb  5 18:22:49 PST 2023
[    0.000000] Command line: console=ttyS0 root=/dev/sda earlyprintk=serial net.ifnames=0
[    0.000000] KERNEL supported cpus:
[    0.000000]   Intel GenuineIntel
[    0.000000]   AMD AuthenticAMD
[    0.000000]   Hygon HygonGenuine
[    0.000000]   Centaur CentaurHauls
[    0.000000]   zhaoxin   Shanghai  
[    0.000000] x86/split lock detection: #DB: warning on user-space bus_locks
[    0.000000] x86/fpu: Supporting XSAVE feature 0x001: 'x87 floating point registers'
[    0.000000] x86/fpu: Supporting XSAVE feature 0x002: 'SSE registers'
[    0.000000] x86/fpu: Supporting XSAVE feature 0x004: 'AVX registers'
[    0.000000] x86/fpu: Supporting XSAVE feature 0x020: 'AVX-512 opmask'
[    0.000000] x86/fpu: Supporting XSAVE feature 0x040: 'AVX-512 Hi256'
[    0.000000] x86/fpu: Supporting XSAVE feature 0x080: 'AVX-512 ZMM_Hi256'
[    0.000000] x86/fpu: Supporting XSAVE feature 0x200: 'Protection Keys User registers'
[    0.000000] x86/fpu: Supporting XSAVE feature 0x20000: 'AMX Tile config'
[    0.000000] x86/fpu: Supporting XSAVE feature 0x40000: 'AMX Tile data'
[    0.000000] x86/fpu: xstate_offset[2]:  576, xstate_sizes[2]:  256
[    0.000000] x86/fpu: xstate_offset[5]:  832, xstate_sizes[5]:   64
[    0.000000] x86/fpu: xstate_offset[6]:  896, xstate_sizes[6]:  512
[    0.000000] x86/fpu: xstate_offset[7]: 1408, xstate_sizes[7]: 1024
[    0.000000] x86/fpu: xstate_offset[9]: 2432, xstate_sizes[9]:    8
[    0.000000] x86/fpu: xstate_offset[17]: 2496, xstate_sizes[17]:   64
[    0.000000] x86/fpu: xstate_offset[18]: 2560, xstate_sizes[18]: 8192
[    0.000000] x86/fpu: Enabled xstate features 0x602e7, context size is 10752 bytes, using 'compacted' format.
[    0.000000] signal: max sigframe size: 11952
[    0.000000] BIOS-provided physical RAM map:
[    0.000000] BIOS-e820: [mem 0x0000000000000000-0x000000000009fbff] usable
[    0.000000] BIOS-e820: [mem 0x000000000009fc00-0x000000000009ffff] reserved
[    0.000000] BIOS-e820: [mem 0x00000000000f0000-0x00000000000fffff] reserved
[    0.000000] BIOS-e820: [mem 0x0000000000100000-0x000000007ffdffff] usable
[    0.000000] BIOS-e820: [mem 0x000000007ffe0000-0x000000007fffffff] reserved
[    0.000000] BIOS-e820: [mem 0x00000000feffc000-0x00000000feffffff] reserved
[    0.000000] BIOS-e820: [mem 0x00000000fffc0000-0x00000000ffffffff] reserved
[    0.000000] printk: bootconsole [earlyser0] enabled
[    0.000000] NX (Execute Disable) protection: active
[    0.000000] SMBIOS 2.8 present.
[    0.000000] DMI: QEMU Standard PC (i440FX + PIIX, 1996), BIOS rel-1.16.0-0-gd239552ce722-prebuilt.qemu.org 04/01/2014
[    0.000000] Hypervisor detected: KVM
[    0.000000] kvm-clock: Using msrs 4b564d01 and 4b564d00
[    0.000005] kvm-clock: using sched offset of 628079799 cycles
[    0.000470] clocksource: kvm-clock: mask: 0xffffffffffffffff max_cycles: 0x1cd42e4dffb, max_idle_ns: 881590591483 ns
[    0.001892] tsc: Detected 1700.000 MHz processor
[    0.011553] last_pfn = 0x7ffe0 max_arch_pfn = 0x10000000000
[    0.012086] x86/PAT: Configuration [0-7]: WB  WC  UC- UC  WB  WP  UC- WT  
[    0.019124] found SMP MP-table at [mem 0x000f5ba0-0x000f5baf]
[    0.019695] Using GB pages for direct mapping
[    0.021655] ACPI: Early table checksum verification disabled
[    0.022159] ACPI: RSDP 0x00000000000F59C0 000014 (v00 BOCHS )
[    0.022689] ACPI: RSDT 0x000000007FFE1951 000034 (v01 BOCHS  BXPC     00000001 BXPC 00000001)
[    0.023466] ACPI: FACP 0x000000007FFE17FD 000074 (v01 BOCHS  BXPC     00000001 BXPC 00000001)
[    0.024239] ACPI: DSDT 0x000000007FFE0040 0017BD (v01 BOCHS  BXPC     00000001 BXPC 00000001)
[    0.025003] ACPI: FACS 0x000000007FFE0000 000040
[    0.025434] ACPI: APIC 0x000000007FFE1871 000080 (v01 BOCHS  BXPC     00000001 BXPC 00000001)
[    0.026201] ACPI: HPET 0x000000007FFE18F1 000038 (v01 BOCHS  BXPC     00000001 BXPC 00000001)
[    0.026970] ACPI: WAET 0x000000007FFE1929 000028 (v01 BOCHS  BXPC     00000001 BXPC 00000001)
[    0.027735] ACPI: Reserving FACP table memory at [mem 0x7ffe17fd-0x7ffe1870]
[    0.028356] ACPI: Reserving DSDT table memory at [mem 0x7ffe0040-0x7ffe17fc]
[    0.028978] ACPI: Reserving FACS table memory at [mem 0x7ffe0000-0x7ffe003f]
[    0.029600] ACPI: Reserving APIC table memory at [mem 0x7ffe1871-0x7ffe18f0]
[    0.030218] ACPI: Reserving HPET table memory at [mem 0x7ffe18f1-0x7ffe1928]
[    0.030836] ACPI: Reserving WAET table memory at [mem 0x7ffe1929-0x7ffe1950]
[    0.032629] No NUMA configuration found
[    0.032966] Faking a node at [mem 0x0000000000000000-0x000000007ffdffff]
[    0.033643] NODE_DATA(0) allocated [mem 0x7ffb5000-0x7ffdffff]
[    0.045864] Zone ranges:
[    0.046115]   DMA      [mem 0x0000000000001000-0x0000000000ffffff]
[    0.046668]   DMA32    [mem 0x0000000001000000-0x000000007ffdffff]
[    0.047215]   Normal   empty
[    0.047479]   Device   empty
[    0.047739] Movable zone start for each node
[    0.048115] Early memory node ranges
[    0.048437]   node   0: [mem 0x0000000000001000-0x000000000009efff]
[    0.048988]   node   0: [mem 0x0000000000100000-0x000000007ffdffff]
[    0.049549] Initmem setup node 0 [mem 0x0000000000001000-0x000000007ffdffff]
[    0.050182] On node 0, zone DMA: 1 pages in unavailable ranges
[    0.050306] On node 0, zone DMA: 97 pages in unavailable ranges
[    0.063631] On node 0, zone DMA32: 32 pages in unavailable ranges
[    0.127796] kasan: KernelAddressSanitizer initialized
[    0.129045] ACPI: PM-Timer IO Port: 0x608
[    0.129433] ACPI: LAPIC_NMI (acpi_id[0xff] dfl dfl lint[0x1])
[    0.130006] IOAPIC[0]: apic_id 0, version 17, address 0xfec00000, GSI 0-23
[    0.130631] ACPI: INT_SRC_OVR (bus 0 bus_irq 0 global_irq 2 dfl dfl)
[    0.131194] ACPI: INT_SRC_OVR (bus 0 bus_irq 5 global_irq 5 high level)
[    0.131777] ACPI: INT_SRC_OVR (bus 0 bus_irq 9 global_irq 9 high level)
[    0.132365] ACPI: INT_SRC_OVR (bus 0 bus_irq 10 global_irq 10 high level)
[    0.132960] ACPI: INT_SRC_OVR (bus 0 bus_irq 11 global_irq 11 high level)
[    0.133579] ACPI: Using ACPI (MADT) for SMP configuration information
[    0.134141] ACPI: HPET id: 0x8086a201 base: 0xfed00000
[    0.134607] TSC deadline timer available
[    0.134953] smpboot: Allowing 2 CPUs, 0 hotplug CPUs
[    0.135442] kvm-guest: KVM setup pv remote TLB flush
[    0.135886] kvm-guest: setup PV sched yield
[    0.136316] PM: hibernation: Registered nosave memory: [mem 0x00000000-0x00000fff]
[    0.136986] PM: hibernation: Registered nosave memory: [mem 0x0009f000-0x0009ffff]
[    0.137653] PM: hibernation: Registered nosave memory: [mem 0x000a0000-0x000effff]
[    0.138313] PM: hibernation: Registered nosave memory: [mem 0x000f0000-0x000fffff]
[    0.138981] [mem 0x80000000-0xfeffbfff] available for PCI devices
[    0.139520] Booting paravirtualized kernel on KVM
[    0.139936] clocksource: refined-jiffies: mask: 0xffffffff max_cycles: 0xffffffff, max_idle_ns: 7645519600211568 ns
[    0.140868] setup_percpu: NR_CPUS:8192 nr_cpumask_bits:2 nr_cpu_ids:2 nr_node_ids:1
[    0.142185] percpu: Embedded 80 pages/cpu s290816 r8192 d28672 u1048576
[    0.143051] kvm-guest: PV spinlocks enabled
[    0.143443] PV qspinlock hash table entries: 256 (order: 0, 4096 bytes, linear)
[    0.144114] Fallback order for Node 0: 0 
[    0.144500] Built 1 zonelists, mobility grouping on.  Total pages: 515808
[    0.145103] Policy zone: DMA32
[    0.145382] Kernel command line: net.ifnames=0 console=ttyS0 root=/dev/sda earlyprintk=serial net.ifnames=0
[    0.146753] random: crng init done
[    0.147580] Dentry cache hash table entries: 262144 (order: 9, 2097152 bytes, linear)
[    0.148742] Inode-cache hash table entries: 131072 (order: 8, 1048576 bytes, linear)
[    0.149951] mem auto-init: stack:off, heap alloc:off, heap free:off
[    0.152540] stackdepot hash table entries: 1048576 (order: 11, 8388608 bytes, linear)
[    0.195574] Memory: 1629844K/2096632K available (71680K kernel code, 14007K rwdata, 16476K rodata, 14104K init, 20784K bss, 466588K reserved, 0K cma-reserved)
[    0.197641] SLUB: HWalign=64, Order=0-3, MinObjects=0, CPUs=2, Nodes=1
[    0.198201] kmemleak: Kernel memory leak detector disabled
[    0.198792] ftrace: allocating 68501 entries in 268 pages
[    0.232852] ftrace: allocated 268 pages with 3 groups
[    0.238679] Dynamic Preempt: voluntary
[    0.239334] Running RCU self tests
[    0.239639] rcu: Preemptible hierarchical RCU implementation.
[    0.240124] rcu: 	RCU lockdep checking is enabled.
[    0.240532] rcu: 	RCU restricting CPUs from NR_CPUS=8192 to nr_cpu_ids=2.
[    0.241108] 	Trampoline variant of Tasks RCU enabled.
[    0.241538] 	Rude variant of Tasks RCU enabled.
[    0.241921] 	Tracing variant of Tasks RCU enabled.
[    0.242326] rcu: RCU calculated value of scheduler-enlistment delay is 25 jiffies.
[    0.242967] rcu: Adjusting geometry for rcu_fanout_leaf=16, nr_cpu_ids=2
[    0.292027] NR_IRQS: 524544, nr_irqs: 440, preallocated irqs: 16
[    0.293018] rcu: srcu_init: Setting srcu_struct sizes based on contention.
[    0.301628] Console: colour VGA+ 80x25
[    0.302022] printk: console [ttyS0] enabled
[    0.302022] printk: console [ttyS0] enabled
[    0.302760] printk: bootconsole [earlyser0] disabled
[    0.302760] printk: bootconsole [earlyser0] disabled
[    0.303635] Lock dependency validator: Copyright (c) 2006 Red Hat, Inc., Ingo Molnar
[    0.304313] ... MAX_LOCKDEP_SUBCLASSES:  8
[    0.304683] ... MAX_LOCK_DEPTH:          48
[    0.305058] ... MAX_LOCKDEP_KEYS:        8192
[    0.305454] ... CLASSHASH_SIZE:          4096
[    0.305843] ... MAX_LOCKDEP_ENTRIES:     32768
[    0.306242] ... MAX_LOCKDEP_CHAINS:      65536
[    0.306643] ... CHAINHASH_SIZE:          32768
[    0.307041]  memory used by lock dependency info: 6365 kB
[    0.307522]  memory used for stack traces: 4224 kB
[    0.307951]  per task-struct memory footprint: 1920 bytes
[    0.308521] ACPI: Core revision 20221020
[    0.309328] clocksource: hpet: mask: 0xffffffff max_cycles: 0xffffffff, max_idle_ns: 19112604467 ns
[    0.310305] APIC: Switch to symmetric I/O mode setup
[    0.310956] x2apic enabled
[    0.311407] Switched APIC routing to physical x2apic.
[    0.311857] kvm-guest: setup PV IPIs
[    0.313328] ..TIMER: vector=0x30 apic1=0 pin1=2 apic2=-1 pin2=-1
[    0.313892] clocksource: tsc-early: mask: 0xffffffffffffffff max_cycles: 0x1881273ac8e, max_idle_ns: 440795257284 ns
[    0.314895] Calibrating delay loop (skipped) preset value.. 3400.00 BogoMIPS (lpj=6800000)
[    0.315627] pid_max: default: 32768 minimum: 301
[    0.316224] LSM: initializing lsm=capability,yama,integrity
[    0.316747] Yama: becoming mindful.
[    0.317384] Mount-cache hash table entries: 4096 (order: 3, 32768 bytes, linear)
[    0.318045] Mountpoint-cache hash table entries: 4096 (order: 3, 32768 bytes, linear)
[    0.320714] CPU0: Thermal monitoring enabled (TM1)
[    0.321225] x86/cpu: User Mode Instruction Prevention (UMIP) activated
[    0.322040] Last level iTLB entries: 4KB 0, 2MB 0, 4MB 0
[    0.322886] Last level dTLB entries: 4KB 0, 2MB 0, 4MB 0, 1GB 0
[    0.323436] Spectre V1 : Mitigation: usercopy/swapgs barriers and __user pointer sanitization
[    0.324186] Spectre V2 : WARNING: Unprivileged eBPF is enabled with eIBRS on, data leaks possible via Spectre v2 BHB attacks!
[    0.325165] Spectre V2 : Mitigation: Enhanced IBRS
[    0.325565] Spectre V2 : Spectre v2 / SpectreRSB mitigation: Filling RSB on context switch
[    0.326243] Spectre V2 : Spectre v2 / PBRSB-eIBRS: Retire a single CALL on VMEXIT
[    0.326886] Spectre V2 : mitigation: Enabling conditional Indirect Branch Prediction Barrier
[    0.327579] Speculative Store Bypass: Mitigation: Speculative Store Bypass disabled via prctl
[    0.328281] MMIO Stale Data: Unknown: No mitigations
[    0.472680] Freeing SMP alternatives memory: 56K
[    0.473509] smpboot: CPU0: Intel(R) Xeon(R) Gold 6414TDX (family: 0x6, model: 0x8f, stepping: 0x6)
[    0.474876] cblist_init_generic: Setting adjustable number of callback queues.
[    0.474876] cblist_init_generic: Setting shift to 1 and lim to 1.
[    0.474876] cblist_init_generic: Setting shift to 1 and lim to 1.
[    0.474876] cblist_init_generic: Setting shift to 1 and lim to 1.
[    0.474959] Running RCU-tasks wait API self tests
[    0.579013] Performance Events: Sapphire Rapids events, full-width counters, Intel PMU driver.
[    0.579869] ... version:                2
[    0.580212] ... bit width:              48
[    0.580552] ... generic registers:      8
[    0.580886] ... value mask:             0000ffffffffffff
[    0.581326] ... max period:             00007fffffffffff
[    0.581763] ... fixed-purpose events:   3
[    0.582100] ... event mask:             00000007000000ff
[    0.583082] rcu: Hierarchical SRCU implementation.
[    0.583485] rcu: 	Max phase no-delay instances is 1000.
[    0.586841] smp: Bringing up secondary CPUs ...
[    0.587543] x86: Booting SMP configuration:
[    0.587913] .... node  #0, CPUs:      #1
[    0.588401] smp: Brought up 1 node, 2 CPUs
[    0.588401] smpboot: Max logical packages: 1
[    0.588401] smpboot: Total of 2 processors activated (6800.00 BogoMIPS)
[    0.591912] devtmpfs: initialized
[    0.591912] x86/mm: Memory block size: 128MB
[    0.599970] Callback from call_rcu_tasks_trace() invoked.
[    0.600811] clocksource: jiffies: mask: 0xffffffff max_cycles: 0xffffffff, max_idle_ns: 7645041785100000 ns
[    0.600811] futex hash table entries: 512 (order: 4, 65536 bytes, linear)
[    0.603268] pinctrl core: initialized pinctrl subsystem
[    0.604775] 
[    0.604912] *************************************************************
[    0.605472] **     NOTICE NOTICE NOTICE NOTICE NOTICE NOTICE NOTICE    **
[    0.606032] **                                                         **
[    0.606590] **  IOMMU DebugFS SUPPORT HAS BEEN ENABLED IN THIS KERNEL  **
[    0.606891] **                                                         **
[    0.607448] ** This means that this kernel is built to expose internal **
[    0.608002] ** IOMMU data structures, which may compromise security on **
[    0.608560] ** your system.                                            **
[    0.609114] **                                                         **
[    0.609673] ** If you see this message and you are not debugging the   **
[    0.610230] ** kernel, report this immediately to your vendor!         **
[    0.610789] **                                                         **
[    0.610882] **     NOTICE NOTICE NOTICE NOTICE NOTICE NOTICE NOTICE    **
[    0.611437] *************************************************************
[    0.612051] PM: RTC time: 01:51:51, date: 2023-02-08
[    0.615837] NET: Registered PF_NETLINK/PF_ROUTE protocol family
[    0.617470] DMA: preallocated 256 KiB GFP_KERNEL pool for atomic allocations
[    0.618076] DMA: preallocated 256 KiB GFP_KERNEL|GFP_DMA pool for atomic allocations
[    0.618730] DMA: preallocated 256 KiB GFP_KERNEL|GFP_DMA32 pool for atomic allocations
[    0.618974] audit: initializing netlink subsys (disabled)
[    0.619518] audit: type=2000 audit(1675821111.660:1): state=initialized audit_enabled=0 res=1
[    0.620598] thermal_sys: Registered thermal governor 'fair_share'
[    0.620609] thermal_sys: Registered thermal governor 'bang_bang'
[    0.621131] thermal_sys: Registered thermal governor 'step_wise'
[    0.621627] thermal_sys: Registered thermal governor 'user_space'
[    0.622195] cpuidle: using governor ladder
[    0.623245] cpuidle: using governor menu
[    0.624045] acpiphp: ACPI Hot Plug PCI Controller Driver version: 0.5
[    0.625125] PCI: Using configuration type 1 for base access
[    0.626923] kprobes: kprobe jump-optimization is enabled. All kprobes are optimized if possible.
[    0.893468] HugeTLB: registered 1.00 GiB page size, pre-allocated 0 pages
[    0.894038] HugeTLB: 16380 KiB vmemmap can be freed for a 1.00 GiB page
[    0.894590] HugeTLB: registered 2.00 MiB page size, pre-allocated 0 pages
[    0.894886] HugeTLB: 28 KiB vmemmap can be freed for a 2.00 MiB page
[    0.899416] ACPI: Added _OSI(Module Device)
[    0.899790] ACPI: Added _OSI(Processor Device)
[    0.900169] ACPI: Added _OSI(3.0 _SCP Extensions)
[    0.900565] ACPI: Added _OSI(Processor Aggregator Device)
[    0.917044] ACPI: 1 ACPI AML tables successfully acquired and loaded
[    0.924297] ACPI: Interpreter enabled
[    0.924797] ACPI: PM: (supports S0 S3 S4 S5)
[    0.925160] ACPI: Using IOAPIC for interrupt routing
[    0.925668] PCI: Using host bridge windows from ACPI; if necessary, use "pci=nocrs" and report a bug
[    0.926414] PCI: Using E820 reservations for host bridge windows
[    0.928270] ACPI: Enabled 2 GPEs in block 00 to 0F
[    0.966399] ACPI: PCI Root Bridge [PCI0] (domain 0000 [bus 00-ff])
[    0.966914] acpi PNP0A03:00: _OSC: OS supports [ASPM ClockPM Segments MSI EDR HPX-Type3]
[    0.967591] acpi PNP0A03:00: _OSC: not requesting OS control; OS requires [ExtendedConfig ASPM ClockPM MSI]
[    0.968645] acpi PNP0A03:00: fail to add MMCONFIG information, can't access extended configuration space under this bridge
[    0.974824] acpiphp: Slot [3] registered
[    0.975028] acpiphp: Slot [4] registered
[    0.975499] acpiphp: Slot [5] registered
[    0.975983] acpiphp: Slot [6] registered
[    0.976454] acpiphp: Slot [7] registered
[    0.976926] acpiphp: Slot [8] registered
[    0.977395] acpiphp: Slot [9] registered
[    0.977887] acpiphp: Slot [10] registered
[    0.978363] acpiphp: Slot [11] registered
[    0.978842] acpiphp: Slot [12] registered
[    0.979022] acpiphp: Slot [13] registered
[    0.979524] acpiphp: Slot [14] registered
[    0.980000] acpiphp: Slot [15] registered
[    0.980499] acpiphp: Slot [16] registered
[    0.980974] acpiphp: Slot [17] registered
[    0.981477] acpiphp: Slot [18] registered
[    0.981953] acpiphp: Slot [19] registered
[    0.982432] acpiphp: Slot [20] registered
[    0.982919] acpiphp: Slot [21] registered
[    0.983768] acpiphp: Slot [22] registered
[    0.984286] acpiphp: Slot [23] registered
[    0.984787] acpiphp: Slot [24] registered
[    0.985264] acpiphp: Slot [25] registered
[    0.985757] acpiphp: Slot [26] registered
[    0.986238] acpiphp: Slot [27] registered
[    0.986724] acpiphp: Slot [28] registered
[    0.987024] acpiphp: Slot [29] registered
[    0.987505] acpiphp: Slot [30] registered
[    0.987990] acpiphp: Slot [31] registered
[    0.988390] PCI host bridge to bus 0000:00
[    0.988737] pci_bus 0000:00: root bus resource [io  0x0000-0x0cf7 window]
[    0.989310] pci_bus 0000:00: root bus resource [io  0x0d00-0xffff window]
[    0.989877] pci_bus 0000:00: root bus resource [mem 0x000a0000-0x000bffff window]
[    0.990497] pci_bus 0000:00: root bus resource [mem 0x80000000-0xfebfffff window]
[    0.990885] pci_bus 0000:00: root bus resource [mem 0x100000000-0x17fffffff window]
[    0.991522] pci_bus 0000:00: root bus resource [bus 00-ff]
[    0.992167] pci 0000:00:00.0: [8086:1237] type 00 class 0x060000
[    1.002014] pci 0000:00:01.0: [8086:7000] type 00 class 0x060100
[    1.003798] pci 0000:00:01.1: [8086:7010] type 00 class 0x010180
[    1.005864] pci 0000:00:01.1: reg 0x20: [io  0xc040-0xc04f]
[    1.006902] pci 0000:00:01.1: legacy IDE quirk: reg 0x10: [io  0x01f0-0x01f7]
[    1.007493] pci 0000:00:01.1: legacy IDE quirk: reg 0x14: [io  0x03f6]
[    1.008037] pci 0000:00:01.1: legacy IDE quirk: reg 0x18: [io  0x0170-0x0177]
[    1.008625] pci 0000:00:01.1: legacy IDE quirk: reg 0x1c: [io  0x0376]
[    1.009647] pci 0000:00:01.3: [8086:7113] type 00 class 0x068000
[    1.010500] pci 0000:00:01.3: quirk: [io  0x0600-0x063f] claimed by PIIX4 ACPI
[    1.010891] pci 0000:00:01.3: quirk: [io  0x0700-0x070f] claimed by PIIX4 SMB
[    1.011924] pci 0000:00:02.0: [1234:1111] type 00 class 0x030000
[    1.013589] pci 0000:00:02.0: reg 0x10: [mem 0xfd000000-0xfdffffff pref]
[    1.015655] pci 0000:00:02.0: reg 0x18: [mem 0xfebf0000-0xfebf0fff]
[    1.018387] pci 0000:00:02.0: reg 0x30: [mem 0xfebe0000-0xfebeffff pref]
[    1.018984] pci 0000:00:02.0: Video device with shadowed ROM at [mem 0x000c0000-0x000dffff]
[    1.028421] pci 0000:00:03.0: [8086:100e] type 00 class 0x020000
[    1.029490] pci 0000:00:03.0: reg 0x10: [mem 0xfebc0000-0xfebdffff]
[    1.030533] pci 0000:00:03.0: reg 0x14: [io  0xc000-0xc03f]
[    1.033322] pci 0000:00:03.0: reg 0x30: [mem 0xfeb80000-0xfebbffff pref]
[    1.052758] ACPI: PCI: Interrupt link LNKA configured for IRQ 10
[    1.054281] ACPI: PCI: Interrupt link LNKB configured for IRQ 10
[    1.055749] ACPI: PCI: Interrupt link LNKC configured for IRQ 11
[    1.057244] ACPI: PCI: Interrupt link LNKD configured for IRQ 11
[    1.058158] ACPI: PCI: Interrupt link LNKS configured for IRQ 9
[    1.061023] iommu: Default domain type: Translated 
[    1.061452] iommu: DMA domain TLB invalidation policy: lazy mode 
[    1.064286] SCSI subsystem initialized
[    1.065097] ACPI: bus type USB registered
[    1.065549] usbcore: registered new interface driver usbfs
[    1.066065] usbcore: registered new interface driver hub
[    1.066570] usbcore: registered new device driver usb
[    1.067094] pps_core: LinuxPPS API ver. 1 registered
[    1.067508] pps_core: Software ver. 5.3.6 - Copyright 2005-2007 Rodolfo Giometti <giometti@linux.it>
[    1.068296] PTP clock support registered
[    1.068854] EDAC MC: Ver: 3.0.0
[    1.071739] NetLabel: Initializing
[    1.072044] NetLabel:  domain hash size = 128
[    1.072407] NetLabel:  protocols = UNLABELED CIPSOv4 CALIPSO
[    1.073013] NetLabel:  unlabeled traffic allowed by default
[    1.073960] PCI: Using ACPI for IRQ routing
[    1.074646] pci 0000:00:02.0: vgaarb: setting as boot VGA device
[    1.074876] pci 0000:00:02.0: vgaarb: bridge control possible
[    1.074876] pci 0000:00:02.0: vgaarb: VGA device added: decodes=io+mem,owns=io+mem,locks=none
[    1.074886] vgaarb: loaded
[    1.075627] hpet0: at MMIO 0xfed00000, IRQs 2, 8, 0
[    1.076057] hpet0: 3 comparators, 64-bit 100.000000 MHz counter
[    3.803886] Callback from call_rcu_tasks_rude() invoked.
[    3.804375] clocksource: Switched to clocksource kvm-clock
[    3.911009] Callback from call_rcu_tasks() invoked.
[    4.074780] VFS: Disk quotas dquot_6.6.0
[    4.075224] VFS: Dquot-cache hash table entries: 512 (order 0, 4096 bytes)
[    4.076285] pnp: PnP ACPI init
[    4.080907] pnp: PnP ACPI: found 6 devices
[    4.099757] clocksource: acpi_pm: mask: 0xffffff max_cycles: 0xffffff, max_idle_ns: 2085701024 ns
[    4.101007] NET: Registered PF_INET protocol family
[    4.101558] IP idents hash table entries: 32768 (order: 6, 262144 bytes, linear)
[    4.103783] tcp_listen_portaddr_hash hash table entries: 1024 (order: 4, 73728 bytes, linear)
[    4.104546] Table-perturb hash table entries: 65536 (order: 6, 262144 bytes, linear)
[    4.105228] TCP established hash table entries: 16384 (order: 5, 131072 bytes, linear)
[    4.106333] TCP bind hash table entries: 16384 (order: 9, 2359296 bytes, linear)
[    4.108362] TCP: Hash tables configured (established 16384 bind 16384)
[    4.109072] UDP hash table entries: 1024 (order: 5, 163840 bytes, linear)
[    4.109721] UDP-Lite hash table entries: 1024 (order: 5, 163840 bytes, linear)
[    4.110666] NET: Registered PF_UNIX/PF_LOCAL protocol family
[    4.112163] RPC: Registered named UNIX socket transport module.
[    4.112727] RPC: Registered udp transport module.
[    4.113126] RPC: Registered tcp transport module.
[    4.113532] RPC: Registered tcp NFSv4.1 backchannel transport module.
[    4.114089] pci_bus 0000:00: resource 4 [io  0x0000-0x0cf7 window]
[    4.114614] pci_bus 0000:00: resource 5 [io  0x0d00-0xffff window]
[    4.115155] pci_bus 0000:00: resource 6 [mem 0x000a0000-0x000bffff window]
[    4.115735] pci_bus 0000:00: resource 7 [mem 0x80000000-0xfebfffff window]
[    4.116304] pci_bus 0000:00: resource 8 [mem 0x100000000-0x17fffffff window]
[    4.117297] pci 0000:00:01.0: PIIX3: Enabling Passive Release
[    4.117794] pci 0000:00:00.0: Limiting direct PCI/PCI transfers
[    4.118397] PCI: CLS 0 bytes, default 64
[    4.118798] ACPI: bus type thunderbolt registered
[    4.119597] clocksource: tsc: mask: 0xffffffffffffffff max_cycles: 0x1881273ac8e, max_idle_ns: 440795257284 ns
[    4.120559] sgx: There are zero EPC sections.
[    4.126846] Initialise system trusted keyrings
[    4.127377] Key type blacklist registered
[    4.127941] workingset: timestamp_bits=36 max_order=19 bucket_order=0
[    4.128577] zbud: loaded
[    4.130294] squashfs: version 4.0 (2009/01/31) Phillip Lougher
[    4.131970] NFS: Registering the id_resolver key type
[    4.132421] Key type id_resolver registered
[    4.132778] Key type id_legacy registered
[    4.133168] nfs4filelayout_init: NFSv4 File Layout Driver Registering...
[    4.133760] nfs4flexfilelayout_init: NFSv4 Flexfile Layout Driver Registering...
[    4.134583] fuse: init (API version 7.38)
[    4.135204] SGI XFS with ACLs, security attributes, realtime, quota, no debug enabled
[    4.136918] 9p: Installing v9fs 9p2000 file system support
[    4.144810] Key type asymmetric registered
[    4.145170] Asymmetric key parser 'x509' registered
[    4.145679] Block layer SCSI generic (bsg) driver version 0.4 loaded (major 243)
[    4.146459] io scheduler mq-deadline registered
[    4.146925] io scheduler bfq registered
[    4.147945] shpchp: Standard Hot Plug PCI Controller Driver version: 0.4
[    4.149242] IPMI message handler: version 39.2
[    4.149696] ipmi device interface
[    4.152373] input: Power Button as /devices/LNXSYSTM:00/LNXPWRBN:00/input/input0
[    4.153430] ACPI: button: Power Button [PWRF]
[    4.155748] ERST DBG: ERST support is disabled.
[    4.157186] Serial: 8250/16550 driver, 32 ports, IRQ sharing enabled
[    4.158343] 00:04: ttyS0 at I/O 0x3f8 (irq = 4, base_baud = 115200) is a 16550A
[    4.176282] Linux agpgart interface v0.103
[    4.178060] ACPI: bus type drm_connector registered
[    4.199156] brd: module loaded
[    4.211637] loop: module loaded
[    4.219198] scsi host0: ata_piix
[    4.220343] scsi host1: ata_piix
[    4.220964] ata1: PATA max MWDMA2 cmd 0x1f0 ctl 0x3f6 bmdma 0xc040 irq 14
[    4.221540] ata2: PATA max MWDMA2 cmd 0x170 ctl 0x376 bmdma 0xc048 irq 15
[    4.224372] tun: Universal TUN/TAP device driver, 1.6
[    4.225070] e100: Intel(R) PRO/100 Network Driver
[    4.225470] e100: Copyright(c) 1999-2006 Intel Corporation
[    4.226000] e1000: Intel(R) PRO/1000 Network Driver
[    4.226416] e1000: Copyright (c) 1999-2006 Intel Corporation.
[    4.379042] ata2: found unknown device (class 0)
[    4.379832] ata1: found unknown device (class 0)
[    4.380658] ata2.00: ATAPI: QEMU DVD-ROM, 2.5+, max UDMA/100
[    4.381537] ata1.00: ATA-7: QEMU HARDDISK, 2.5+, max UDMA/100
[    4.382016] ata1.00: 16777216 sectors, multi 16: LBA48 
[    4.383903] scsi 0:0:0:0: Direct-Access     ATA      QEMU HARDDISK    2.5+ PQ: 0 ANSI: 5
[    4.386250] scsi 0:0:0:0: Attached scsi generic sg0 type 0
[    4.387532] scsi 1:0:0:0: CD-ROM            QEMU     QEMU DVD-ROM     2.5+ PQ: 0 ANSI: 5
[    4.387902] sd 0:0:0:0: [sda] 16777216 512-byte logical blocks: (8.59 GB/8.00 GiB)
[    4.389063] sd 0:0:0:0: [sda] Write Protect is off
[    4.389638] sd 0:0:0:0: [sda] Write cache: enabled, read cache: enabled, doesn't support DPO or FUA
[    4.390458] sd 0:0:0:0: [sda] Preferred minimum I/O size 512 bytes
[    4.400088] scsi 1:0:0:0: Attached scsi generic sg1 type 5
[    4.408522] sd 0:0:0:0: [sda] Attached SCSI disk
[    4.994568] ACPI: \_SB_.LNKC: Enabled at IRQ 11
[    5.322756] e1000 0000:00:03.0 eth0: (PCI:33MHz:32-bit) 52:54:00:12:34:56
[    5.323411] e1000 0000:00:03.0 eth0: Intel(R) PRO/1000 Network Connection
[    5.324118] e1000e: Intel(R) PRO/1000 Network Driver
[    5.324543] e1000e: Copyright(c) 1999 - 2015 Intel Corporation.
[    5.325148] igb: Intel(R) Gigabit Ethernet Network Driver
[    5.325611] igb: Copyright (c) 2007-2014 Intel Corporation.
[    5.326271] PPP generic driver version 2.4.2
[    5.327374] VFIO - User Level meta-driver version: 0.3
[    5.328627] usbcore: registered new interface driver uas
[    5.329140] usbcore: registered new interface driver usb-storage
[    5.329896] i8042: PNP: PS/2 Controller [PNP0303:KBD,PNP0f13:MOU] at 0x60,0x64 irq 1,12
[    5.331429] serio: i8042 KBD port at 0x60,0x64 irq 1
[    5.331902] serio: i8042 AUX port at 0x60,0x64 irq 12
[    5.333496] mousedev: PS/2 mouse device common for all mice
[    5.335402] input: AT Translated Set 2 keyboard as /devices/platform/i8042/serio0/input/input1
[    5.337596] input: VirtualPS/2 VMware VMMouse as /devices/platform/i8042/serio1/input/input4
[    5.338903] rtc_cmos 00:05: RTC can wake from S4
[    5.340231] input: VirtualPS/2 VMware VMMouse as /devices/platform/i8042/serio1/input/input3
[    5.341640] rtc_cmos 00:05: registered as rtc0
[    5.342128] rtc_cmos 00:05: setting system clock to 2023-02-08T01:51:55 UTC (1675821115)
[    5.343158] rtc_cmos 00:05: alarms up to one day, y3k, 242 bytes nvram, hpet irqs
[    5.343848] i2c_dev: i2c /dev entries driver
[    5.344427] device-mapper: core: CONFIG_IMA_DISABLE_HTABLE is disabled. Duplicate IMA measurements will not be recorded in the IMA log.
[    5.345485] device-mapper: uevent: version 1.0.3
[    5.346242] device-mapper: ioctl: 4.47.0-ioctl (2022-07-28) initialised: dm-devel@redhat.com
[    5.346994] intel_pstate: CPU model not supported
[    5.347595] sdhci: Secure Digital Host Controller Interface driver
[    5.348105] sdhci: Copyright(c) Pierre Ossman
[    5.348602] sdhci-pltfm: SDHCI platform and OF driver helper
[    5.349151] ledtrig-cpu: registered to indicate activity on CPUs
[    5.350253] drop_monitor: Initializing network drop monitor service
[    5.351172] NET: Registered PF_INET6 protocol family
[    5.355422] Segment Routing with IPv6
[    5.355804] In-situ OAM (IOAM) with IPv6
[    5.356228] NET: Registered PF_PACKET protocol family
[    5.356921] 9pnet: Installing 9P2000 support
[    5.357379] Key type dns_resolver registered
[    5.359038] IPI shorthand broadcast: enabled
[    5.391273] sched_clock: Marking stable (5377621651, 13264093)->(5405014705, -14128961)
[    5.393129] registered taskstats version 1
[    5.393813] Loading compiled-in X.509 certificates
[    5.394750] zswap: loaded using pool lzo/zbud
[    5.437523] Key type .fscrypt registered
[    5.437873] Key type fscrypt-provisioning registered
[    5.439965] Key type encrypted registered
[    5.440424] ima: No TPM chip found, activating TPM-bypass!
[    5.440912] ima: Allocated hash algorithm: sha1
[    5.441375] ima: No architecture policies found
[    5.441858] evm: Initialising EVM extended attributes:
[    5.442289] evm: security.selinux
[    5.442579] evm: security.SMACK64
[    5.442866] evm: security.SMACK64EXEC
[    5.443205] evm: security.SMACK64TRANSMUTE
[    5.443558] evm: security.SMACK64MMAP
[    5.443873] evm: security.apparmor
[    5.444169] evm: security.ima
[    5.444426] evm: security.capability
[    5.444726] evm: HMAC attrs: 0x1
[    5.447799] PM:   Magic number: 11:18:862
[    5.448830] RAS: Correctable Errors collector initialized.
[    5.450955] md: Waiting for all devices to be available before autodetect
[    5.451350] md: If you don't use raid, use raid=noautodetect
[    5.451686] md: Autodetecting RAID arrays.
[    5.451934] md: autorun ...
[    5.452102] md: ... autorun DONE.
[    5.456668] EXT4-fs (sda): INFO: recovery required on readonly filesystem
[    5.457096] EXT4-fs (sda): write access will be enabled during recovery
[    5.702920] EXT4-fs (sda): recovery complete
[    5.704391] EXT4-fs (sda): mounted filesystem 23a53bb9-f815-47a5-b74c-5e08f7731193 with ordered data mode. Quota mode: none.
[    5.705115] VFS: Mounted root (ext4 filesystem) readonly on device 8:0.
[    5.706085] devtmpfs: mounted
[    5.725549] Freeing unused decrypted memory: 2036K
[    5.730515] Freeing unused kernel image (initmem) memory: 14104K
[    5.730944] Write protecting the kernel read-only data: 90112k
[    5.734149] Freeing unused kernel image (rodata/data gap) memory: 1956K
[    7.429076] x86/mm: Checked W+X mappings: passed, no W+X pages found.
[    7.429510] Run /sbin/init as init process
[    7.542860] systemd[1]: RTC configured in localtime, applying delta of 0 minutes to system time.
[    7.585724] systemd[1]: systemd 239 (239-49.el8) running in system mode. (+PAM +AUDIT +SELINUX +IMA -APPARMOR +SMACK +SYSVINIT +UTMP +LIBCRYPTSETUP +GCRYPT +GNUTLS +ACL +XZ +LZ4 +SECCOMP +BLKID +ELFUTILS +KMOD +IDN2 -IDN +PCRE2 default-hierarchy=legacy)
[    7.587413] systemd[1]: Detected virtualization kvm.
[    7.587722] systemd[1]: Detected architecture x86-64.

Welcome to [0;31mCentOS Stream 8[0m!

[    7.649292] systemd[1]: Set hostname to <test>.
[    8.086022] systemd[1]: Created slice system-serial\x2dgetty.slice.
[[0;32m  OK  [0m] Created slice system-serial\x2dgetty.slice.
[    8.087616] systemd[1]: Listening on initctl Compatibility Named Pipe.
[[0;32m  OK  [0m] Listening on initctl Compatibility Named Pipe.
[    8.091539] systemd[1]: Created slice system-getty.slice.
[[0;32m  OK  [0m] Created slice system-getty.slice.
[    8.093550] systemd[1]: Listening on RPCbind Server Activation Socket.
[[0;32m  OK  [0m] Listening on RPCbind Server Activation Socket.
[    8.115474] systemd[1]: Listening on Process Core Dump Socket.
[[0;32m  OK  [0m] Listening on Process Core Dump Socket.
[    8.116732] systemd[1]: Listening on multipathd control socket.
[[0;32m  OK  [0m] Listening on multipathd control socket.
[[0;32m  OK  [0m] Created slice system-sshd\x2dkeygen.slice.
[[0;32m  OK  [0m] Listening on Journal Socket.
         Mounting POSIX Message Queue File System...
         Mounting Huge Pages File System...
[[0;32m  OK  [0m] Listening on udev Control Socket.
[[0;32m  OK  [0m] Listening on LVM2 poll daemon socket.
         Starting Setup Virtual Console...
[[0;32m  OK  [0m] Set up automount Arbitrary Executabâ€¦rmats File System Automount Point.
         Starting Load Kernel Modules...
[[0;32m  OK  [0m] Started Forward Password Requests to Wall Directory Watch.
[[0;32m  OK  [0m] Listening on Device-mapper event daemon FIFOs.
         Starting Monitoring of LVM2 mirrorsâ€¦ng dmeventd or progress polling...
[[0;32m  OK  [0m] Listening on Journal Socket (/dev/log).
         Starting Journal Service...
[[0;32m  OK  [0m] Reached target Swap.
         Mounting Kernel Debug File System...
[[0;32m  OK  [0m] Listening on udev Kernel Socket.
         Starting udev Coldplug all Devices...
[[0;32m  OK  [0m] Reached target RPC Port Mapper.
         Starting Remount Root and Kernel File Systems...
[[0;32m  OK  [0m] Created slice User and Session Slice.
[[0;32m  OK  [0m] Reached target Slices.
[[0;32m  OK  [0m] Mounted POSIX Message Queue File System.
[[0;32m  OK  [0m] Mounted Huge Pages File System.
[[0;1;31mFAILED[0m] Failed to start Load Kernel Modules.
See 'systemctl status systemd-modules-load.service' for details.
[[0;32m  OK  [0m] Mounted Kernel Debug File System.
         Mounting FUSE Control File System...
         Starting Apply Kernel Variables...
         Mounting Kernel Configuration File System...
[[0;32m  OK  [0m] Started Journal Service.
[[0;32m  OK  [0m] Mounted FUSE Control File System.
[[0;32m  OK  [0m] Started Apply Kernel Variables.
[[0;32m  OK  [0m] Mounted Kernel Configuration File System.
[    8.890948] EXT4-fs (sda): re-mounted 23a53bb9-f815-47a5-b74c-5e08f7731193. Quota mode: none.
[[0;32m  OK  [0m] Started Remount Root and Kernel File Systems.
         Starting Load/Save Random Seed...
         Starting Flush Journal to Persistent Storage...
         Starting Create Static Device Nodes in /dev...
[[0;32m  OK  [0m] Started Setup Virtual Console.
[[0;32m  OK  [0m] Started Load/Save Random Seed.
[[0;32m  OK  [0m] Started Flush Journal to Persistent Storage.
[[0;32m  OK  [0m] Started Create Static Device Nodes in /dev.
         Starting udev Kernel Device Manager...
[[0;32m  OK  [0m] Started udev Kernel Device Manager.
[[0;32m  OK  [0m] Started udev Coldplug all Devices.
         Starting udev Wait for Complete Device Initialization...
         Starting Show Plymouth Boot Screen...
[[0;32m  OK  [0m] Started Show Plymouth Boot Screen.
[[0;32m  OK  [0m] Started Forward Password Requests to Plymouth Directory Watch.
[[0;32m  OK  [0m] Reached target Paths.
[[0;32m  OK  [0m] Reached target Local Encrypted Volumes.
[[0;32m  OK  [0m] Found device /dev/ttyS0.
[[0;32m  OK  [0m] Started Monitoring of LVM2 mirrors,â€¦sing dmeventd or progress polling.
[[0;32m  OK  [0m] Started udev Wait for Complete Device Initialization.
[[0;32m  OK  [0m] Listening on Load/Save RF Kill Switch Status /dev/rfkill Watch.
[[0;32m  OK  [0m] Reached target Local File Systems (Pre).
[[0;32m  OK  [0m] Reached target Local File Systems.
         Starting Create Volatile Files and Directories...
         Starting Tell Plymouth To Write Out Runtime Data...
         Starting Restore /run/initramfs on shutdown...
[[0;32m  OK  [0m] Started Create Volatile Files and Directories.
[[0;32m  OK  [0m] Started Tell Plymouth To Write Out Runtime Data.
[[0;32m  OK  [0m] Started Restore /run/initramfs on shutdown.
         Mounting RPC Pipe File System...
         Starting RPC Bind...
         Starting Security Auditing Service...
[[0;32m  OK  [0m] Mounted RPC Pipe File System.
[[0;32m  OK  [0m] Reached target rpc_pipefs.target.
[[0;32m  OK  [0m] Started RPC Bind.
[[0;32m  OK  [0m] Started Security Auditing Service.
         Starting Update UTMP about System Boot/Shutdown...
[[0;32m  OK  [0m] Started Update UTMP about System Boot/Shutdown.
[[0;32m  OK  [0m] Reached target System Initialization.
[[0;32m  OK  [0m] Listening on SSSD Kerberos Cache Manager responder socket.
[[0;32m  OK  [0m] Started Daily Cleanup of Temporary Directories.
[[0;32m  OK  [0m] Started daily update of the root trust anchor for DNSSEC.
[[0;32m  OK  [0m] Listening on D-Bus System Message Bus Socket.
[[0;32m  OK  [0m] Reached target Sockets.
[[0;32m  OK  [0m] Started dnf makecache --timer.
[[0;32m  OK  [0m] Reached target Timers.
[[0;32m  OK  [0m] Reached target Basic System.
[[0;32m  OK  [0m] Started irqbalance daemon.
[[0;32m  OK  [0m] Started D-Bus System Message Bus.
         Starting Network Manager...
         Starting Self Monitoring and Reporting Technology (SMART) Daemon...
         Starting Authorization Manager...
         Starting Login Service...
[[0;32m  OK  [0m] Started Machine Check Exception Logging Daemon.
         Starting NTP client/server...
         Starting Auto-connect to subsystemsâ€¦-NVME devices found during boot...
[[0;32m  OK  [0m] Reached target sshd-keygen.target.
         Starting update of the root trust aâ€¦or DNSSEC validation in unbound...
[[0;32m  OK  [0m] Started Auto-connect to subsystems â€¦FC-NVME devices found during boot.
[[0;32m  OK  [0m] Started Self Monitoring and Reporting Technology (SMART) Daemon.
[[0;32m  OK  [0m] Started Login Service.
[[0;32m  OK  [0m] Started Network Manager.
[[0;32m  OK  [0m] Reached target Network.
         Starting Dynamic System Tuning Daemon...
         Starting OpenSSH server daemon...
         Starting GSSAPI Proxy Daemon...
         Starting Network Manager Wait Online...
[[0;32m  OK  [0m] Started update of the root trust anâ€¦ for DNSSEC validation in unbound.
[[0;32m  OK  [0m] Started OpenSSH server daemon.
[[0;32m  OK  [0m] Started NTP client/server.
[[0;32m  OK  [0m] Started Authorization Manager.
         Starting Hostname Service...
[[0;32m  OK  [0m] Started GSSAPI Proxy Daemon.
[[0;32m  OK  [0m] Reached target NFS client services.
[[0;32m  OK  [0m] Reached target Remote File Systems (Pre).
[[0;32m  OK  [0m] Reached target Remote File Systems.
         Starting Permit User Sessions...
[[0;32m  OK  [0m] Started Permit User Sessions.
         Starting Hold until boot process finishes up...
         Starting Terminate Plymouth Boot Screen...
[[0;32m  OK  [0m] Started Command Scheduler.
[   12.771112] e1000: eth0 NIC Link is Up 1000 Mbps Full Duplex, Flow Control: RX
[   12.772100] IPv6: ADDRCONF(NETDEV_CHANGE): eth0: link becomes ready
[   12.973518] Spectre V2 : WARNING: Unprivileged eBPF is enabled with eIBRS on, data leaks possible via Spectre v2 BHB attacks!
[   12.974286] Spectre V2 : WARNING: Unprivileged eBPF is enabled with eIBRS on, data leaks possible via Spectre v2 BHB attacks!

CentOS Stream 8
Kernel 6.2.0-rc7-4ec5183ec486 on an x86_64

test login: [   29.944700] loop0: detected capacity change from 0 to 65536
[   29.948367] XFS (loop0): Mounting V5 Filesystem e4654a66-62e5-4963-a81e-012d9d4871af
[   29.956723] XFS (loop0): Ending clean mount
[   29.990519] XFS (loop0): Metadata CRC error detected at xfs_allocbt_read_verify+0x33/0x320, xfs_bnobt block 0x4 
[   29.991232] XFS (loop0): Unmount and run xfs_repair
[   29.991523] XFS (loop0): First 128 bytes of corrupted metadata buffer:
[   29.991905] 00000000: 41 42 33 42 00 00 00 02 ff ff ff ff ff ff ff ff  AB3B............
[   29.992372] 00000010: 00 00 00 00 00 00 00 04 00 00 00 01 00 00 00 10  ................
[   29.992833] 00000020: e4 65 4a 66 62 e5 49 63 a8 1e 01 2d 9d 48 71 af  .eJfb.Ic...-.Hq.
[   29.993294] 00000030: 00 00 00 00 6b 5f 31 7a 00 00 00 16 00 00 00 0a  ....k_1z........
[   29.993754] 00000040: 00 00 00 40 00 00 3f c0 00 00 00 00 00 00 00 00  ...@..?.........
[   29.994215] 00000050: 00 00 00 00 00 00 00 00 00 00 00 00 00 00 00 00  ................
[   29.994673] 00000060: 00 00 00 00 00 00 00 00 00 00 00 00 00 00 00 1f  ................
[   29.995160] 00000070: 00 00 00 00 00 00 00 00 00 00 00 00 00 00 00 00  ................
[   29.996988] XFS (loop0): metadata I/O error in "xfs_btree_read_buf_block.constprop.29+0x216/0x3a0" at daddr 0x4 len 2 error 74
[   29.997818] XFS (loop0): page discard on page 000000009ab256c7, inode 0x49, pos 0.
[   29.999155] XFS (loop0): Metadata CRC error detected at xfs_allocbt_read_verify+0x33/0x320, xfs_bnobt block 0x4 
[   29.999789] XFS (loop0): Unmount and run xfs_repair
[   30.000084] XFS (loop0): First 128 bytes of corrupted metadata buffer:
[   30.000463] 00000000: 41 42 33 42 00 00 00 02 ff ff ff ff ff ff ff ff  AB3B............
[   30.000922] 00000010: 00 00 00 00 00 00 00 04 00 00 00 01 00 00 00 10  ................
[   30.001385] 00000020: e4 65 4a 66 62 e5 49 63 a8 1e 01 2d 9d 48 71 af  .eJfb.Ic...-.Hq.
[   30.001844] 00000030: 00 00 00 00 6b 5f 31 7a 00 00 00 16 00 00 00 0a  ....k_1z........
[   30.002306] 00000040: 00 00 00 40 00 00 3f c0 00 00 00 00 00 00 00 00  ...@..?.........
[   30.002760] 00000050: 00 00 00 00 00 00 00 00 00 00 00 00 00 00 00 00  ................
[   30.003553] 00000060: 00 00 00 00 00 00 00 00 00 00 00 00 00 00 00 1f  ................
[   30.004013] 00000070: 00 00 00 00 00 00 00 00 00 00 00 00 00 00 00 00  ................
[   30.005905] XFS (loop0): metadata I/O error in "xfs_btree_read_buf_block.constprop.29+0x216/0x3a0" at daddr 0x4 len 2 error 74
[   30.006650] XFS (loop0): page discard on page 000000009ab256c7, inode 0x49, pos 0.
[   30.008764] XFS (loop0): Metadata CRC error detected at xfs_allocbt_read_verify+0x33/0x320, xfs_bnobt block 0x4 
[   30.009382] XFS (loop0): Unmount and run xfs_repair
[   30.009680] XFS (loop0): First 128 bytes of corrupted metadata buffer:
[   30.010064] 00000000: 41 42 33 42 00 00 00 02 ff ff ff ff ff ff ff ff  AB3B............
[   30.010523] 00000010: 00 00 00 00 00 00 00 04 00 00 00 01 00 00 00 10  ................
[   30.011056] 00000020: e4 65 4a 66 62 e5 49 63 a8 1e 01 2d 9d 48 71 af  .eJfb.Ic...-.Hq.
[   30.011517] 00000030: 00 00 00 00 6b 5f 31 7a 00 00 00 16 00 00 00 0a  ....k_1z........
[   30.011977] 00000040: 00 00 00 40 00 00 3f c0 00 00 00 00 00 00 00 00  ...@..?.........
[   30.012436] 00000050: 00 00 00 00 00 00 00 00 00 00 00 00 00 00 00 00  ................
[   30.012898] 00000060: 00 00 00 00 00 00 00 00 00 00 00 00 00 00 00 1f  ................
[   30.013358] 00000070: 00 00 00 00 00 00 00 00 00 00 00 00 00 00 00 00  ................
[   30.016837] XFS (loop0): metadata I/O error in "xfs_btree_read_buf_block.constprop.29+0x216/0x3a0" at daddr 0x4 len 2 error 74
[   30.017561] XFS (loop0): page discard on page 000000009ab256c7, inode 0x49, pos 0.
[   30.020392] XFS (loop0): Metadata CRC error detected at xfs_allocbt_read_verify+0x33/0x320, xfs_bnobt block 0x4 
[   30.021013] XFS (loop0): Unmount and run xfs_repair
[   30.021305] XFS (loop0): First 128 bytes of corrupted metadata buffer:
[   30.021696] 00000000: 41 42 33 42 00 00 00 02 ff ff ff ff ff ff ff ff  AB3B............
[   30.022163] 00000010: 00 00 00 00 00 00 00 04 00 00 00 01 00 00 00 10  ................
[   30.022626] 00000020: e4 65 4a 66 62 e5 49 63 a8 1e 01 2d 9d 48 71 af  .eJfb.Ic...-.Hq.
[   30.023114] 00000030: 00 00 00 00 6b 5f 31 7a 00 00 00 16 00 00 00 0a  ....k_1z........
[   30.023575] 00000040: 00 00 00 40 00 00 3f c0 00 00 00 00 00 00 00 00  ...@..?.........
[   30.024034] 00000050: 00 00 00 00 00 00 00 00 00 00 00 00 00 00 00 00  ................
[   30.024492] 00000060: 00 00 00 00 00 00 00 00 00 00 00 00 00 00 00 1f  ................
[   30.024950] 00000070: 00 00 00 00 00 00 00 00 00 00 00 00 00 00 00 00  ................
[   30.026711] XFS (loop0): metadata I/O error in "xfs_btree_read_buf_block.constprop.29+0x216/0x3a0" at daddr 0x4 len 2 error 74
[   30.027442] XFS (loop0): page discard on page 000000009ab256c7, inode 0x49, pos 0.
[   30.028370] XFS (loop0): Metadata CRC error detected at xfs_allocbt_read_verify+0x33/0x320, xfs_bnobt block 0x4 
[   30.028988] XFS (loop0): Unmount and run xfs_repair
[   30.029278] XFS (loop0): First 128 bytes of corrupted metadata buffer:
[   30.029660] 00000000: 41 42 33 42 00 00 00 02 ff ff ff ff ff ff ff ff  AB3B............
[   30.030126] 00000010: 00 00 00 00 00 00 00 04 00 00 00 01 00 00 00 10  ................
[   30.030588] 00000020: e4 65 4a 66 62 e5 49 63 a8 1e 01 2d 9d 48 71 af  .eJfb.Ic...-.Hq.
[   30.031076] 00000030: 00 00 00 00 6b 5f 31 7a 00 00 00 16 00 00 00 0a  ....k_1z........
[   30.031534] 00000040: 00 00 00 40 00 00 3f c0 00 00 00 00 00 00 00 00  ...@..?.........
[   30.031998] 00000050: 00 00 00 00 00 00 00 00 00 00 00 00 00 00 00 00  ................
[   30.032460] 00000060: 00 00 00 00 00 00 00 00 00 00 00 00 00 00 00 1f  ................
[   30.032921] 00000070: 00 00 00 00 00 00 00 00 00 00 00 00 00 00 00 00  ................
[   30.034664] XFS (loop0): metadata I/O error in "xfs_btree_read_buf_block.constprop.29+0x216/0x3a0" at daddr 0x4 len 2 error 74
[   30.035659] XFS (loop0): page discard on page 000000009ab256c7, inode 0x49, pos 0.
[   30.036633] XFS (loop0): Metadata CRC error detected at xfs_allocbt_read_verify+0x33/0x320, xfs_bnobt block 0x4 
[   30.037253] XFS (loop0): Unmount and run xfs_repair
[   30.037541] XFS (loop0): First 128 bytes of corrupted metadata buffer:
[   30.037923] 00000000: 41 42 33 42 00 00 00 02 ff ff ff ff ff ff ff ff  AB3B............
[   30.038391] 00000010: 00 00 00 00 00 00 00 04 00 00 00 01 00 00 00 10  ................
[   30.038850] 00000020: e4 65 4a 66 62 e5 49 63 a8 1e 01 2d 9d 48 71 af  .eJfb.Ic...-.Hq.
[   30.039368] 00000030: 00 00 00 00 6b 5f 31 7a 00 00 00 16 00 00 00 0a  ....k_1z........
[   30.039830] 00000040: 00 00 00 40 00 00 3f c0 00 00 00 00 00 00 00 00  ...@..?.........
[   30.040293] 00000050: 00 00 00 00 00 00 00 00 00 00 00 00 00 00 00 00  ................
[   30.040752] 00000060: 00 00 00 00 00 00 00 00 00 00 00 00 00 00 00 1f  ................
[   30.041212] 00000070: 00 00 00 00 00 00 00 00 00 00 00 00 00 00 00 00  ................
[   30.043496] XFS (loop0): metadata I/O error in "xfs_btree_read_buf_block.constprop.29+0x216/0x3a0" at daddr 0x4 len 2 error 74
[   30.044208] XFS (loop0): page discard on page 000000009ab256c7, inode 0x49, pos 0.
[   30.044882] XFS (loop0): Metadata CRC error detected at xfs_allocbt_read_verify+0x33/0x320, xfs_bnobt block 0x4 
[   30.045487] XFS (loop0): Unmount and run xfs_repair
[   30.045777] XFS (loop0): First 128 bytes of corrupted metadata buffer:
[   30.046172] 00000000: 41 42 33 42 00 00 00 02 ff ff ff ff ff ff ff ff  AB3B............
[   30.046634] 00000010: 00 00 00 00 00 00 00 04 00 00 00 01 00 00 00 10  ................
[   30.047148] 00000020: e4 65 4a 66 62 e5 49 63 a8 1e 01 2d 9d 48 71 af  .eJfb.Ic...-.Hq.
[   30.047608] 00000030: 00 00 00 00 6b 5f 31 7a 00 00 00 16 00 00 00 0a  ....k_1z........
[   30.048072] 00000040: 00 00 00 40 00 00 3f c0 00 00 00 00 00 00 00 00  ...@..?.........
[   30.048533] 00000050: 00 00 00 00 00 00 00 00 00 00 00 00 00 00 00 00  ................
[   30.048992] 00000060: 00 00 00 00 00 00 00 00 00 00 00 00 00 00 00 1f  ................
[   30.049450] 00000070: 00 00 00 00 00 00 00 00 00 00 00 00 00 00 00 00  ................
[   30.049957] XFS (loop0): metadata I/O error in "xfs_btree_read_buf_block.constprop.29+0x216/0x3a0" at daddr 0x4 len 2 error 74
[   30.050834] XFS (loop0): page discard on page 000000009ab256c7, inode 0x49, pos 0.
[   30.052094] XFS (loop0): Metadata CRC error detected at xfs_allocbt_read_verify+0x33/0x320, xfs_bnobt block 0x4 
[   30.052703] XFS (loop0): Unmount and run xfs_repair
[   30.052995] XFS (loop0): First 128 bytes of corrupted metadata buffer:
[   30.053376] 00000000: 41 42 33 42 00 00 00 02 ff ff ff ff ff ff ff ff  AB3B............
[   30.053834] 00000010: 00 00 00 00 00 00 00 04 00 00 00 01 00 00 00 10  ................
[   30.054299] 00000020: e4 65 4a 66 62 e5 49 63 a8 1e 01 2d 9d 48 71 af  .eJfb.Ic...-.Hq.
[   30.054758] 00000030: 00 00 00 00 6b 5f 31 7a 00 00 00 16 00 00 00 0a  ....k_1z........
[   30.055255] 00000040: 00 00 00 40 00 00 3f c0 00 00 00 00 00 00 00 00  ...@..?.........
[   30.055719] 00000050: 00 00 00 00 00 00 00 00 00 00 00 00 00 00 00 00  ................
[   30.056182] 00000060: 00 00 00 00 00 00 00 00 00 00 00 00 00 00 00 1f  ................
[   30.056644] 00000070: 00 00 00 00 00 00 00 00 00 00 00 00 00 00 00 00  ................
[   30.057119] XFS (loop0): metadata I/O error in "xfs_btree_read_buf_block.constprop.29+0x216/0x3a0" at daddr 0x4 len 2 error 74
[   30.058164] XFS (loop0): Metadata CRC error detected at xfs_allocbt_read_verify+0x33/0x320, xfs_bnobt block 0x4 
[   30.058766] XFS (loop0): Unmount and run xfs_repair
[   30.059086] XFS (loop0): First 128 bytes of corrupted metadata buffer:
[   30.059469] 00000000: 41 42 33 42 00 00 00 02 ff ff ff ff ff ff ff ff  AB3B............
[   30.059932] 00000010: 00 00 00 00 00 00 00 04 00 00 00 01 00 00 00 10  ................
[   30.060397] 00000020: e4 65 4a 66 62 e5 49 63 a8 1e 01 2d 9d 48 71 af  .eJfb.Ic...-.Hq.
[   30.060854] 00000030: 00 00 00 00 6b 5f 31 7a 00 00 00 16 00 00 00 0a  ....k_1z........
[   30.061317] 00000040: 00 00 00 40 00 00 3f c0 00 00 00 00 00 00 00 00  ...@..?.........
[   30.061778] 00000050: 00 00 00 00 00 00 00 00 00 00 00 00 00 00 00 00  ................
[   30.062241] 00000060: 00 00 00 00 00 00 00 00 00 00 00 00 00 00 00 1f  ................
[   30.062697] 00000070: 00 00 00 00 00 00 00 00 00 00 00 00 00 00 00 00  ................
[   30.063188] XFS (loop0): metadata I/O error in "xfs_btree_read_buf_block.constprop.29+0x216/0x3a0" at daddr 0x4 len 2 error 74
[   30.063893] XFS (loop0): page discard on page 000000009ab256c7, inode 0x49, pos 0.
[   30.064547] XFS (loop0): Metadata CRC error detected at xfs_allocbt_read_verify+0x33/0x320, xfs_bnobt block 0x4 
[   30.065149] XFS (loop0): Unmount and run xfs_repair
[   30.065437] XFS (loop0): First 128 bytes of corrupted metadata buffer:
[   30.065816] 00000000: 41 42 33 42 00 00 00 02 ff ff ff ff ff ff ff ff  AB3B............
[   30.066279] 00000010: 00 00 00 00 00 00 00 04 00 00 00 01 00 00 00 10  ................
[   30.066738] 00000020: e4 65 4a 66 62 e5 49 63 a8 1e 01 2d 9d 48 71 af  .eJfb.Ic...-.Hq.
[   30.067224] 00000030: 00 00 00 00 6b 5f 31 7a 00 00 00 16 00 00 00 0a  ....k_1z........
[   30.067683] 00000040: 00 00 00 40 00 00 3f c0 00 00 00 00 00 00 00 00  ...@..?.........
[   30.068146] 00000050: 00 00 00 00 00 00 00 00 00 00 00 00 00 00 00 00  ................
[   30.068607] 00000060: 00 00 00 00 00 00 00 00 00 00 00 00 00 00 00 1f  ................
[   30.069068] 00000070: 00 00 00 00 00 00 00 00 00 00 00 00 00 00 00 00  ................
[   30.069535] XFS (loop0): metadata I/O error in "xfs_btree_read_buf_block.constprop.29+0x216/0x3a0" at daddr 0x4 len 2 error 74
[   30.070235] XFS (loop0): page discard on page 000000009ab256c7, inode 0x49, pos 0.
[   30.070871] XFS (loop0): Metadata CRC error detected at xfs_allocbt_read_verify+0x33/0x320, xfs_bnobt block 0x4 
[   30.071510] XFS (loop0): Unmount and run xfs_repair
[   30.071798] XFS (loop0): First 128 bytes of corrupted metadata buffer:
[   30.072177] 00000000: 41 42 33 42 00 00 00 02 ff ff ff ff ff ff ff ff  AB3B............
[   30.072633] 00000010: 00 00 00 00 00 00 00 04 00 00 00 01 00 00 00 10  ................
[   30.073093] 00000020: e4 65 4a 66 62 e5 49 63 a8 1e 01 2d 9d 48 71 af  .eJfb.Ic...-.Hq.
[   30.073550] 00000030: 00 00 00 00 6b 5f 31 7a 00 00 00 16 00 00 00 0a  ....k_1z........
[   30.074013] 00000040: 00 00 00 40 00 00 3f c0 00 00 00 00 00 00 00 00  ...@..?.........
[   30.074471] 00000050: 00 00 00 00 00 00 00 00 00 00 00 00 00 00 00 00  ................
[   30.074948] 00000060: 00 00 00 00 00 00 00 00 00 00 00 00 00 00 00 1f  ................
[   30.075413] 00000070: 00 00 00 00 00 00 00 00 00 00 00 00 00 00 00 00  ................
[   30.075916] XFS (loop0): page discard on page 000000009ab256c7, inode 0x49, pos 0.
[   30.076815] XFS (loop0): Metadata CRC error detected at xfs_allocbt_read_verify+0x33/0x320, xfs_bnobt block 0x4 
[   30.077420] XFS (loop0): Unmount and run xfs_repair
[   30.077708] XFS (loop0): First 128 bytes of corrupted metadata buffer:
[   30.078089] 00000000: 41 42 33 42 00 00 00 02 ff ff ff ff ff ff ff ff  AB3B............
[   30.078549] 00000010: 00 00 00 00 00 00 00 04 00 00 00 01 00 00 00 10  ................
[   30.079038] 00000020: e4 65 4a 66 62 e5 49 63 a8 1e 01 2d 9d 48 71 af  .eJfb.Ic...-.Hq.
[   30.079501] 00000030: 00 00 00 00 6b 5f 31 7a 00 00 00 16 00 00 00 0a  ....k_1z........
[   30.079961] 00000040: 00 00 00 40 00 00 3f c0 00 00 00 00 00 00 00 00  ...@..?.........
[   30.080426] 00000050: 00 00 00 00 00 00 00 00 00 00 00 00 00 00 00 00  ................
[   30.080886] 00000060: 00 00 00 00 00 00 00 00 00 00 00 00 00 00 00 1f  ................
[   30.081352] 00000070: 00 00 00 00 00 00 00 00 00 00 00 00 00 00 00 00  ................
[   30.082045] XFS (loop0): Metadata CRC error detected at xfs_allocbt_read_verify+0x33/0x320, xfs_bnobt block 0x4 
[   30.082643] XFS (loop0): Unmount and run xfs_repair
[   30.082951] XFS (loop0): First 128 bytes of corrupted metadata buffer:
[   30.083334] 00000000: 41 42 33 42 00 00 00 02 ff ff ff ff ff ff ff ff  AB3B............
[   30.083792] 00000010: 00 00 00 00 00 00 00 04 00 00 00 01 00 00 00 10  ................
[   30.084257] 00000020: e4 65 4a 66 62 e5 49 63 a8 1e 01 2d 9d 48 71 af  .eJfb.Ic...-.Hq.
[   30.084717] 00000030: 00 00 00 00 6b 5f 31 7a 00 00 00 16 00 00 00 0a  ....k_1z........
[   30.085190] 00000040: 00 00 00 40 00 00 3f c0 00 00 00 00 00 00 00 00  ...@..?.........
[   30.085650] 00000050: 00 00 00 00 00 00 00 00 00 00 00 00 00 00 00 00  ................
[   30.086113] 00000060: 00 00 00 00 00 00 00 00 00 00 00 00 00 00 00 1f  ................
[   30.086570] 00000070: 00 00 00 00 00 00 00 00 00 00 00 00 00 00 00 00  ................
[   30.087352] XFS (loop0): Metadata CRC error detected at xfs_allocbt_read_verify+0x33/0x320, xfs_bnobt block 0x4 
[   30.087953] XFS (loop0): Unmount and run xfs_repair
[   30.088243] XFS (loop0): First 128 bytes of corrupted metadata buffer:
[   30.088621] 00000000: 41 42 33 42 00 00 00 02 ff ff ff ff ff ff ff ff  AB3B............
[   30.089084] 00000010: 00 00 00 00 00 00 00 04 00 00 00 01 00 00 00 10  ................
[   30.089542] 00000020: e4 65 4a 66 62 e5 49 63 a8 1e 01 2d 9d 48 71 af  .eJfb.Ic...-.Hq.
[   30.090005] 00000030: 00 00 00 00 6b 5f 31 7a 00 00 00 16 00 00 00 0a  ....k_1z........
[   30.090460] 00000040: 00 00 00 40 00 00 3f c0 00 00 00 00 00 00 00 00  ...@..?.........
[   30.090939] 00000050: 00 00 00 00 00 00 00 00 00 00 00 00 00 00 00 00  ................
[   30.091402] 00000060: 00 00 00 00 00 00 00 00 00 00 00 00 00 00 00 1f  ................
[   30.091862] 00000070: 00 00 00 00 00 00 00 00 00 00 00 00 00 00 00 00  ................
[   30.092553] XFS (loop0): Metadata CRC error detected at xfs_allocbt_read_verify+0x33/0x320, xfs_bnobt block 0x4 
[   30.093159] XFS (loop0): Unmount and run xfs_repair
[   30.093447] XFS (loop0): First 128 bytes of corrupted metadata buffer:
[   30.093826] 00000000: 41 42 33 42 00 00 00 02 ff ff ff ff ff ff ff ff  AB3B............
[   30.094291] 00000010: 00 00 00 00 00 00 00 04 00 00 00 01 00 00 00 10  ................
[   30.094751] 00000020: e4 65 4a 66 62 e5 49 63 a8 1e 01 2d 9d 48 71 af  .eJfb.Ic...-.Hq.
[   30.095236] 00000030: 00 00 00 00 6b 5f 31 7a 00 00 00 16 00 00 00 0a  ....k_1z........
[   30.095699] 00000040: 00 00 00 40 00 00 3f c0 00 00 00 00 00 00 00 00  ...@..?.........
[   30.096169] 00000050: 00 00 00 00 00 00 00 00 00 00 00 00 00 00 00 00  ................
[   30.096618] 00000060: 00 00 00 00 00 00 00 00 00 00 00 00 00 00 00 1f  ................
[   30.097073] 00000070: 00 00 00 00 00 00 00 00 00 00 00 00 00 00 00 00  ................
[   30.097745] XFS (loop0): Metadata CRC error detected at xfs_allocbt_read_verify+0x33/0x320, xfs_bnobt block 0x4 
[   30.098341] XFS (loop0): Unmount and run xfs_repair
[   30.098626] XFS (loop0): First 128 bytes of corrupted metadata buffer:
[   30.099023] 00000000: 41 42 33 42 00 00 00 02 ff ff ff ff ff ff ff ff  AB3B............
[   30.099474] 00000010: 00 00 00 00 00 00 00 04 00 00 00 01 00 00 00 10  ................
[   30.099925] 00000020: e4 65 4a 66 62 e5 49 63 a8 1e 01 2d 9d 48 71 af  .eJfb.Ic...-.Hq.
[   30.100383] 00000030: 00 00 00 00 6b 5f 31 7a 00 00 00 16 00 00 00 0a  ....k_1z........
[   30.100834] 00000040: 00 00 00 40 00 00 3f c0 00 00 00 00 00 00 00 00  ...@..?.........
[   30.101287] 00000050: 00 00 00 00 00 00 00 00 00 00 00 00 00 00 00 00  ................
[   30.101736] 00000060: 00 00 00 00 00 00 00 00 00 00 00 00 00 00 00 1f  ................
[   30.102188] 00000070: 00 00 00 00 00 00 00 00 00 00 00 00 00 00 00 00  ................
[   30.102853] XFS (loop0): Metadata CRC error detected at xfs_allocbt_read_verify+0x33/0x320, xfs_bnobt block 0x4 
[   30.103472] XFS (loop0): Unmount and run xfs_repair
[   30.103755] XFS (loop0): First 128 bytes of corrupted metadata buffer:
[   30.104132] 00000000: 41 42 33 42 00 00 00 02 ff ff ff ff ff ff ff ff  AB3B............
[   30.104586] 00000010: 00 00 00 00 00 00 00 04 00 00 00 01 00 00 00 10  ................
[   30.105039] 00000020: e4 65 4a 66 62 e5 49 63 a8 1e 01 2d 9d 48 71 af  .eJfb.Ic...-.Hq.
[   30.105489] 00000030: 00 00 00 00 6b 5f 31 7a 00 00 00 16 00 00 00 0a  ....k_1z........
[   30.105940] 00000040: 00 00 00 40 00 00 3f c0 00 00 00 00 00 00 00 00  ...@..?.........
[   30.106394] 00000050: 00 00 00 00 00 00 00 00 00 00 00 00 00 00 00 00  ................
[   30.106849] 00000060: 00 00 00 00 00 00 00 00 00 00 00 00 00 00 00 1f  ................
[   30.107321] 00000070: 00 00 00 00 00 00 00 00 00 00 00 00 00 00 00 00  ................
[   30.108031] XFS (loop0): Metadata CRC error detected at xfs_allocbt_read_verify+0x33/0x320, xfs_bnobt block 0x4 
[   30.108623] XFS (loop0): Unmount and run xfs_repair
[   30.108905] XFS (loop0): First 128 bytes of corrupted metadata buffer:
[   30.109282] 00000000: 41 42 33 42 00 00 00 02 ff ff ff ff ff ff ff ff  AB3B............
[   30.109732] 00000010: 00 00 00 00 00 00 00 04 00 00 00 01 00 00 00 10  ................
[   30.110189] 00000020: e4 65 4a 66 62 e5 49 63 a8 1e 01 2d 9d 48 71 af  .eJfb.Ic...-.Hq.
[   30.110641] 00000030: 00 00 00 00 6b 5f 31 7a 00 00 00 16 00 00 00 0a  ....k_1z........
[   30.111118] 00000040: 00 00 00 40 00 00 3f c0 00 00 00 00 00 00 00 00  ...@..?.........
[   30.111568] 00000050: 00 00 00 00 00 00 00 00 00 00 00 00 00 00 00 00  ................
[   30.112022] 00000060: 00 00 00 00 00 00 00 00 00 00 00 00 00 00 00 1f  ................
[   30.112473] 00000070: 00 00 00 00 00 00 00 00 00 00 00 00 00 00 00 00  ................
[   30.113153] XFS (loop0): Metadata CRC error detected at xfs_allocbt_read_verify+0x33/0x320, xfs_bnobt block 0x4 
[   30.113743] XFS (loop0): Unmount and run xfs_repair
[   30.114027] XFS (loop0): First 128 bytes of corrupted metadata buffer:
[   30.114398] 00000000: 41 42 33 42 00 00 00 02 ff ff ff ff ff ff ff ff  AB3B............
[   30.114844] 00000010: 00 00 00 00 00 00 00 04 00 00 00 01 00 00 00 10  ................
[   30.115320] 00000020: e4 65 4a 66 62 e5 49 63 a8 1e 01 2d 9d 48 71 af  .eJfb.Ic...-.Hq.
[   30.115769] 00000030: 00 00 00 00 6b 5f 31 7a 00 00 00 16 00 00 00 0a  ....k_1z........
[   30.116218] 00000040: 00 00 00 40 00 00 3f c0 00 00 00 00 00 00 00 00  ...@..?.........
[   30.116669] 00000050: 00 00 00 00 00 00 00 00 00 00 00 00 00 00 00 00  ................
[   30.117121] 00000060: 00 00 00 00 00 00 00 00 00 00 00 00 00 00 00 1f  ................
[   30.117571] 00000070: 00 00 00 00 00 00 00 00 00 00 00 00 00 00 00 00  ................
[   30.118264] XFS (loop0): Metadata CRC error detected at xfs_allocbt_read_verify+0x33/0x320, xfs_bnobt block 0x4 
[   30.118853] XFS (loop0): Unmount and run xfs_repair
[   30.119165] XFS (loop0): First 128 bytes of corrupted metadata buffer:
[   30.119539] 00000000: 41 42 33 42 00 00 00 02 ff ff ff ff ff ff ff ff  AB3B............
[   30.119992] 00000010: 00 00 00 00 00 00 00 04 00 00 00 01 00 00 00 10  ................
[   30.120441] 00000020: e4 65 4a 66 62 e5 49 63 a8 1e 01 2d 9d 48 71 af  .eJfb.Ic...-.Hq.
[   30.120890] 00000030: 00 00 00 00 6b 5f 31 7a 00 00 00 16 00 00 00 0a  ....k_1z........
[   30.121345] 00000040: 00 00 00 40 00 00 3f c0 00 00 00 00 00 00 00 00  ...@..?.........
[   30.121794] 00000050: 00 00 00 00 00 00 00 00 00 00 00 00 00 00 00 00  ................
[   30.122247] 00000060: 00 00 00 00 00 00 00 00 00 00 00 00 00 00 00 1f  ................
[   30.122697] 00000070: 00 00 00 00 00 00 00 00 00 00 00 00 00 00 00 00  ................
[   30.123381] XFS (loop0): Metadata CRC error detected at xfs_allocbt_read_verify+0x33/0x320, xfs_bnobt block 0x4 
[   30.123971] XFS (loop0): Unmount and run xfs_repair
[   30.124257] XFS (loop0): First 128 bytes of corrupted metadata buffer:
[   30.124631] 00000000: 41 42 33 42 00 00 00 02 ff ff ff ff ff ff ff ff  AB3B............
[   30.125088] 00000010: 00 00 00 00 00 00 00 04 00 00 00 01 00 00 00 10  ................
[   30.125538] 00000020: e4 65 4a 66 62 e5 49 63 a8 1e 01 2d 9d 48 71 af  .eJfb.Ic...-.Hq.
[   30.125994] 00000030: 00 00 00 00 6b 5f 31 7a 00 00 00 16 00 00 00 0a  ....k_1z........
[   30.126441] 00000040: 00 00 00 40 00 00 3f c0 00 00 00 00 00 00 00 00  ...@..?.........
[   30.126932] 00000050: 00 00 00 00 00 00 00 00 00 00 00 00 00 00 00 00  ................
[   30.127384] 00000060: 00 00 00 00 00 00 00 00 00 00 00 00 00 00 00 1f  ................
[   30.127831] 00000070: 00 00 00 00 00 00 00 00 00 00 00 00 00 00 00 00  ................
[   30.128518] XFS (loop0): Metadata CRC error detected at xfs_allocbt_read_verify+0x33/0x320, xfs_bnobt block 0x4 
[   30.129111] XFS (loop0): Unmount and run xfs_repair
[   30.129394] XFS (loop0): First 128 bytes of corrupted metadata buffer:
[   30.129765] 00000000: 41 42 33 42 00 00 00 02 ff ff ff ff ff ff ff ff  AB3B............
[   30.130218] 00000010: 00 00 00 00 00 00 00 04 00 00 00 01 00 00 00 10  ................
[   30.130665] 00000020: e4 65 4a 66 62 e5 49 63 a8 1e 01 2d 9d 48 71 af  .eJfb.Ic...-.Hq.
[   30.131148] 00000030: 00 00 00 00 6b 5f 31 7a 00 00 00 16 00 00 00 0a  ....k_1z........
[   30.131600] 00000040: 00 00 00 40 00 00 3f c0 00 00 00 00 00 00 00 00  ...@..?.........
[   30.132055] 00000050: 00 00 00 00 00 00 00 00 00 00 00 00 00 00 00 00  ................
[   30.132507] 00000060: 00 00 00 00 00 00 00 00 00 00 00 00 00 00 00 1f  ................
[   30.132957] 00000070: 00 00 00 00 00 00 00 00 00 00 00 00 00 00 00 00  ................
[   30.133631] XFS (loop0): Metadata CRC error detected at xfs_allocbt_read_verify+0x33/0x320, xfs_bnobt block 0x4 
[   30.134225] XFS (loop0): Unmount and run xfs_repair
[   30.134508] XFS (loop0): First 128 bytes of corrupted metadata buffer:
[   30.134901] 00000000: 41 42 33 42 00 00 00 02 ff ff ff ff ff ff ff ff  AB3B............
[   30.135355] 00000010: 00 00 00 00 00 00 00 04 00 00 00 01 00 00 00 10  ................
[   30.135807] 00000020: e4 65 4a 66 62 e5 49 63 a8 1e 01 2d 9d 48 71 af  .eJfb.Ic...-.Hq.
[   30.136263] 00000030: 00 00 00 00 6b 5f 31 7a 00 00 00 16 00 00 00 0a  ....k_1z........
[   30.136717] 00000040: 00 00 00 40 00 00 3f c0 00 00 00 00 00 00 00 00  ...@..?.........
[   30.137170] 00000050: 00 00 00 00 00 00 00 00 00 00 00 00 00 00 00 00  ................
[   30.137622] 00000060: 00 00 00 00 00 00 00 00 00 00 00 00 00 00 00 1f  ................
[   30.138079] 00000070: 00 00 00 00 00 00 00 00 00 00 00 00 00 00 00 00  ................
[   30.138745] XFS (loop0): Metadata CRC error detected at xfs_allocbt_read_verify+0x33/0x320, xfs_bnobt block 0x4 
[   30.139358] XFS (loop0): Unmount and run xfs_repair
[   30.139643] XFS (loop0): First 128 bytes of corrupted metadata buffer:
[   30.140020] 00000000: 41 42 33 42 00 00 00 02 ff ff ff ff ff ff ff ff  AB3B............
[   30.140468] 00000010: 00 00 00 00 00 00 00 04 00 00 00 01 00 00 00 10  ................
[   30.140918] 00000020: e4 65 4a 66 62 e5 49 63 a8 1e 01 2d 9d 48 71 af  .eJfb.Ic...-.Hq.
[   30.141369] 00000030: 00 00 00 00 6b 5f 31 7a 00 00 00 16 00 00 00 0a  ....k_1z........
[   30.141821] 00000040: 00 00 00 40 00 00 3f c0 00 00 00 00 00 00 00 00  ...@..?.........
[   30.142271] 00000050: 00 00 00 00 00 00 00 00 00 00 00 00 00 00 00 00  ................
[   30.142722] 00000060: 00 00 00 00 00 00 00 00 00 00 00 00 00 00 00 1f  ................
[   30.143195] 00000070: 00 00 00 00 00 00 00 00 00 00 00 00 00 00 00 00  ................
[   30.143858] XFS (loop0): Metadata CRC error detected at xfs_allocbt_read_verify+0x33/0x320, xfs_bnobt block 0x4 
[   30.144451] XFS (loop0): Unmount and run xfs_repair
[   30.144732] XFS (loop0): First 128 bytes of corrupted metadata buffer:
[   30.145109] 00000000: 41 42 33 42 00 00 00 02 ff ff ff ff ff ff ff ff  AB3B............
[   30.145558] 00000010: 00 00 00 00 00 00 00 04 00 00 00 01 00 00 00 10  ................
[   30.146010] 00000020: e4 65 4a 66 62 e5 49 63 a8 1e 01 2d 9d 48 71 af  .eJfb.Ic...-.Hq.
[   30.146458] 00000030: 00 00 00 00 6b 5f 31 7a 00 00 00 16 00 00 00 0a  ....k_1z........
[   30.146929] 00000040: 00 00 00 40 00 00 3f c0 00 00 00 00 00 00 00 00  ...@..?.........
[   30.147385] 00000050: 00 00 00 00 00 00 00 00 00 00 00 00 00 00 00 00  ................
[   30.147839] 00000060: 00 00 00 00 00 00 00 00 00 00 00 00 00 00 00 1f  ................
[   30.148293] 00000070: 00 00 00 00 00 00 00 00 00 00 00 00 00 00 00 00  ................
[   30.148958] XFS (loop0): Metadata CRC error detected at xfs_allocbt_read_verify+0x33/0x320, xfs_bnobt block 0x4 
[   30.149553] XFS (loop0): Unmount and run xfs_repair
[   30.149833] XFS (loop0): First 128 bytes of corrupted metadata buffer:
[   30.150210] 00000000: 41 42 33 42 00 00 00 02 ff ff ff ff ff ff ff ff  AB3B............
[   30.150659] 00000010: 00 00 00 00 00 00 00 04 00 00 00 01 00 00 00 10  ................
[   30.151133] 00000020: e4 65 4a 66 62 e5 49 63 a8 1e 01 2d 9d 48 71 af  .eJfb.Ic...-.Hq.
[   30.151583] 00000030: 00 00 00 00 6b 5f 31 7a 00 00 00 16 00 00 00 0a  ....k_1z........
[   30.152038] 00000040: 00 00 00 40 00 00 3f c0 00 00 00 00 00 00 00 00  ...@..?.........
[   30.152487] 00000050: 00 00 00 00 00 00 00 00 00 00 00 00 00 00 00 00  ................
[   30.152934] 00000060: 00 00 00 00 00 00 00 00 00 00 00 00 00 00 00 1f  ................
[   30.153386] 00000070: 00 00 00 00 00 00 00 00 00 00 00 00 00 00 00 00  ................
[   30.154059] XFS (loop0): Metadata CRC error detected at xfs_allocbt_read_verify+0x33/0x320, xfs_bnobt block 0x4 
[   30.154645] XFS (loop0): Unmount and run xfs_repair
[   30.154949] XFS (loop0): First 128 bytes of corrupted metadata buffer:
[   30.155329] 00000000: 41 42 33 42 00 00 00 02 ff ff ff ff ff ff ff ff  AB3B............
[   30.155783] 00000010: 00 00 00 00 00 00 00 04 00 00 00 01 00 00 00 10  ................
[   30.156235] 00000020: e4 65 4a 66 62 e5 49 63 a8 1e 01 2d 9d 48 71 af  .eJfb.Ic...-.Hq.
[   30.156688] 00000030: 00 00 00 00 6b 5f 31 7a 00 00 00 16 00 00 00 0a  ....k_1z........
[   30.157141] 00000040: 00 00 00 40 00 00 3f c0 00 00 00 00 00 00 00 00  ...@..?.........
[   30.157591] 00000050: 00 00 00 00 00 00 00 00 00 00 00 00 00 00 00 00  ................
[   30.158046] 00000060: 00 00 00 00 00 00 00 00 00 00 00 00 00 00 00 1f  ................
[   30.158494] 00000070: 00 00 00 00 00 00 00 00 00 00 00 00 00 00 00 00  ................
[   30.159205] XFS (loop0): Metadata CRC error detected at xfs_allocbt_read_verify+0x33/0x320, xfs_bnobt block 0x4 
[   30.159792] XFS (loop0): Unmount and run xfs_repair
[   30.160080] XFS (loop0): First 128 bytes of corrupted metadata buffer:
[   30.160451] 00000000: 41 42 33 42 00 00 00 02 ff ff ff ff ff ff ff ff  AB3B............
[   30.160900] 00000010: 00 00 00 00 00 00 00 04 00 00 00 01 00 00 00 10  ................
[   30.161354] 00000020: e4 65 4a 66 62 e5 49 63 a8 1e 01 2d 9d 48 71 af  .eJfb.Ic...-.Hq.
[   30.161805] 00000030: 00 00 00 00 6b 5f 31 7a 00 00 00 16 00 00 00 0a  ....k_1z........
[   30.162260] 00000040: 00 00 00 40 00 00 3f c0 00 00 00 00 00 00 00 00  ...@..?.........
[   30.162707] 00000050: 00 00 00 00 00 00 00 00 00 00 00 00 00 00 00 00  ................
[   30.163179] 00000060: 00 00 00 00 00 00 00 00 00 00 00 00 00 00 00 1f  ................
[   30.163628] 00000070: 00 00 00 00 00 00 00 00 00 00 00 00 00 00 00 00  ................
[   30.164300] XFS (loop0): Metadata CRC error detected at xfs_allocbt_read_verify+0x33/0x320, xfs_bnobt block 0x4 
[   30.164890] XFS (loop0): Unmount and run xfs_repair
[   30.165179] XFS (loop0): First 128 bytes of corrupted metadata buffer:
[   30.165551] 00000000: 41 42 33 42 00 00 00 02 ff ff ff ff ff ff ff ff  AB3B............
[   30.166004] 00000010: 00 00 00 00 00 00 00 04 00 00 00 01 00 00 00 10  ................
[   30.166462] 00000020: e4 65 4a 66 62 e5 49 63 a8 1e 01 2d 9d 48 71 af  .eJfb.Ic...-.Hq.
[   30.166932] 00000030: 00 00 00 00 6b 5f 31 7a 00 00 00 16 00 00 00 0a  ....k_1z........
[   30.167386] 00000040: 00 00 00 40 00 00 3f c0 00 00 00 00 00 00 00 00  ...@..?.........
[   30.167837] 00000050: 00 00 00 00 00 00 00 00 00 00 00 00 00 00 00 00  ................
[   30.168286] 00000060: 00 00 00 00 00 00 00 00 00 00 00 00 00 00 00 1f  ................
[   30.168738] 00000070: 00 00 00 00 00 00 00 00 00 00 00 00 00 00 00 00  ................
[   30.174769] XFS (loop0): Unmounting Filesystem e4654a66-62e5-4963-a81e-012d9d4871af
[   30.507706] loop0: detected capacity change from 0 to 65536
[   30.509642] XFS (loop0): Mounting V5 Filesystem e4654a66-62e5-4963-a81e-012d9d4871af
[   30.516858] XFS (loop0): Ending clean mount
[   30.532645] XFS (loop0): Metadata CRC error detected at xfs_allocbt_read_verify+0x33/0x320, xfs_bnobt block 0x4 
[   30.533296] XFS (loop0): Unmount and run xfs_repair
[   30.533593] XFS (loop0): First 128 bytes of corrupted metadata buffer:
[   30.533972] 00000000: 41 42 33 42 00 00 00 02 ff ff ff ff ff ff ff ff  AB3B............
[   30.534435] 00000010: 00 00 00 00 00 00 00 04 00 00 00 01 00 00 00 10  ................
[   30.535006] 00000020: e4 65 4a 66 62 e5 49 63 a8 1e 01 2d 9d 48 71 af  .eJfb.Ic...-.Hq.
[   30.535468] 00000030: 00 00 00 00 6b 5f 31 7a 00 00 00 16 00 00 00 0a  ....k_1z........
[   30.535927] 00000040: 00 00 00 40 00 00 3f c0 00 00 00 00 00 00 00 00  ...@..?.........
[   30.536391] 00000050: 00 00 00 00 00 00 00 00 00 00 00 00 00 00 00 00  ................
[   30.536852] 00000060: 00 00 00 00 00 00 00 00 00 00 00 00 00 00 00 1f  ................
[   30.537328] 00000070: 00 00 00 00 00 00 00 00 00 00 00 00 00 00 00 00  ................
[   30.539150] XFS (loop0): metadata I/O error in "xfs_btree_read_buf_block.constprop.29+0x216/0x3a0" at daddr 0x4 len 2 error 74
[   30.540163] XFS (loop0): Metadata CRC error detected at xfs_allocbt_read_verify+0x33/0x320, xfs_bnobt block 0x4 
[   30.540805] XFS (loop0): Unmount and run xfs_repair
[   30.541101] XFS (loop0): First 128 bytes of corrupted metadata buffer:
[   30.541477] 00000000: 41 42 33 42 00 00 00 02 ff ff ff ff ff ff ff ff  AB3B............
[   30.541935] 00000010: 00 00 00 00 00 00 00 04 00 00 00 01 00 00 00 10  ................
[   30.542398] 00000020: e4 65 4a 66 62 e5 49 63 a8 1e 01 2d 9d 48 71 af  .eJfb.Ic...-.Hq.
[   30.542858] 00000030: 00 00 00 00 6b 5f 31 7a 00 00 00 16 00 00 00 0a  ....k_1z........
[   30.543377] 00000040: 00 00 00 40 00 00 3f c0 00 00 00 00 00 00 00 00  ...@..?.........
[   30.543834] 00000050: 00 00 00 00 00 00 00 00 00 00 00 00 00 00 00 00  ................
[   30.544296] 00000060: 00 00 00 00 00 00 00 00 00 00 00 00 00 00 00 1f  ................
[   30.544754] 00000070: 00 00 00 00 00 00 00 00 00 00 00 00 00 00 00 00  ................
[   30.545231] XFS (loop0): metadata I/O error in "xfs_btree_read_buf_block.constprop.29+0x216/0x3a0" at daddr 0x4 len 2 error 74
[   30.546194] XFS (loop0): Metadata CRC error detected at xfs_allocbt_read_verify+0x33/0x320, xfs_bnobt block 0x4 
[   30.546803] XFS (loop0): Unmount and run xfs_repair
[   30.547218] XFS (loop0): First 128 bytes of corrupted metadata buffer:
[   30.547602] 00000000: 41 42 33 42 00 00 00 02 ff ff ff ff ff ff ff ff  AB3B............
[   30.548065] 00000010: 00 00 00 00 00 00 00 04 00 00 00 01 00 00 00 10  ................
[   30.548524] 00000020: e4 65 4a 66 62 e5 49 63 a8 1e 01 2d 9d 48 71 af  .eJfb.Ic...-.Hq.
[   30.548982] 00000030: 00 00 00 00 6b 5f 31 7a 00 00 00 16 00 00 00 0a  ....k_1z........
[   30.549446] 00000040: 00 00 00 40 00 00 3f c0 00 00 00 00 00 00 00 00  ...@..?.........
[   30.549905] 00000050: 00 00 00 00 00 00 00 00 00 00 00 00 00 00 00 00  ................
[   30.550365] 00000060: 00 00 00 00 00 00 00 00 00 00 00 00 00 00 00 1f  ................
[   30.550828] 00000070: 00 00 00 00 00 00 00 00 00 00 00 00 00 00 00 00  ................
[   30.553082] XFS (loop0): metadata I/O error in "xfs_btree_read_buf_block.constprop.29+0x216/0x3a0" at daddr 0x4 len 2 error 74
[   30.554054] XFS (loop0): Metadata CRC error detected at xfs_allocbt_read_verify+0x33/0x320, xfs_bnobt block 0x4 
[   30.554656] XFS (loop0): Unmount and run xfs_repair
[   30.554975] XFS (loop0): First 128 bytes of corrupted metadata buffer:
[   30.555362] 00000000: 41 42 33 42 00 00 00 02 ff ff ff ff ff ff ff ff  AB3B............
[   30.555821] 00000010: 00 00 00 00 00 00 00 04 00 00 00 01 00 00 00 10  ................
[   30.556286] 00000020: e4 65 4a 66 62 e5 49 63 a8 1e 01 2d 9d 48 71 af  .eJfb.Ic...-.Hq.
[   30.556745] 00000030: 00 00 00 00 6b 5f 31 7a 00 00 00 16 00 00 00 0a  ....k_1z........
[   30.557208] 00000040: 00 00 00 40 00 00 3f c0 00 00 00 00 00 00 00 00  ...@..?.........
[   30.557669] 00000050: 00 00 00 00 00 00 00 00 00 00 00 00 00 00 00 00  ................
[   30.558135] 00000060: 00 00 00 00 00 00 00 00 00 00 00 00 00 00 00 1f  ................
[   30.558592] 00000070: 00 00 00 00 00 00 00 00 00 00 00 00 00 00 00 00  ................
[   30.560884] XFS (loop0): metadata I/O error in "xfs_btree_read_buf_block.constprop.29+0x216/0x3a0" at daddr 0x4 len 2 error 74
[   30.561856] XFS (loop0): Metadata CRC error detected at xfs_allocbt_read_verify+0x33/0x320, xfs_bnobt block 0x4 
[   30.562495] XFS (loop0): Unmount and run xfs_repair
[   30.562793] XFS (loop0): First 128 bytes of corrupted metadata buffer:
[   30.563233] 00000000: 41 42 33 42 00 00 00 02 ff ff ff ff ff ff ff ff  AB3B............
[   30.563693] 00000010: 00 00 00 00 00 00 00 04 00 00 00 01 00 00 00 10  ................
[   30.564151] 00000020: e4 65 4a 66 62 e5 49 63 a8 1e 01 2d 9d 48 71 af  .eJfb.Ic...-.Hq.
[   30.564606] 00000030: 00 00 00 00 6b 5f 31 7a 00 00 00 16 00 00 00 0a  ....k_1z........
[   30.565065] 00000040: 00 00 00 40 00 00 3f c0 00 00 00 00 00 00 00 00  ...@..?.........
[   30.565521] 00000050: 00 00 00 00 00 00 00 00 00 00 00 00 00 00 00 00  ................
[   30.565977] 00000060: 00 00 00 00 00 00 00 00 00 00 00 00 00 00 00 1f  ................
[   30.566437] 00000070: 00 00 00 00 00 00 00 00 00 00 00 00 00 00 00 00  ................
[   30.567612] XFS (loop0): metadata I/O error in "xfs_btree_read_buf_block.constprop.29+0x216/0x3a0" at daddr 0x4 len 2 error 74
[   30.572849] XFS (loop0): Metadata CRC error detected at xfs_allocbt_read_verify+0x33/0x320, xfs_bnobt block 0x4 
[   30.573477] XFS (loop0): Unmount and run xfs_repair
[   30.573769] XFS (loop0): First 128 bytes of corrupted metadata buffer:
[   30.574158] 00000000: 41 42 33 42 00 00 00 02 ff ff ff ff ff ff ff ff  AB3B............
[   30.574616] 00000010: 00 00 00 00 00 00 00 04 00 00 00 01 00 00 00 10  ................
[   30.575098] 00000020: e4 65 4a 66 62 e5 49 63 a8 1e 01 2d 9d 48 71 af  .eJfb.Ic...-.Hq.
[   30.575556] 00000030: 00 00 00 00 6b 5f 31 7a 00 00 00 16 00 00 00 0a  ....k_1z........
[   30.576018] 00000040: 00 00 00 40 00 00 3f c0 00 00 00 00 00 00 00 00  ...@..?.........
[   30.576476] 00000050: 00 00 00 00 00 00 00 00 00 00 00 00 00 00 00 00  ................
[   30.576930] 00000060: 00 00 00 00 00 00 00 00 00 00 00 00 00 00 00 1f  ................
[   30.577387] 00000070: 00 00 00 00 00 00 00 00 00 00 00 00 00 00 00 00  ................
[   30.579700] XFS (loop0): metadata I/O error in "xfs_btree_read_buf_block.constprop.29+0x216/0x3a0" at daddr 0x4 len 2 error 74
[   30.589594] XFS (loop0): Metadata CRC error detected at xfs_allocbt_read_verify+0x33/0x320, xfs_bnobt block 0x4 
[   30.590225] XFS (loop0): Unmount and run xfs_repair
[   30.590513] XFS (loop0): First 128 bytes of corrupted metadata buffer:
[   30.590920] 00000000: 41 42 33 42 00 00 00 02 ff ff ff ff ff ff ff ff  AB3B............
[   30.591383] 00000010: 00 00 00 00 00 00 00 04 00 00 00 01 00 00 00 10  ................
[   30.591842] 00000020: e4 65 4a 66 62 e5 49 63 a8 1e 01 2d 9d 48 71 af  .eJfb.Ic...-.Hq.
[   30.592299] 00000030: 00 00 00 00 6b 5f 31 7a 00 00 00 16 00 00 00 0a  ....k_1z........
[   30.592758] 00000040: 00 00 00 40 00 00 3f c0 00 00 00 00 00 00 00 00  ...@..?.........
[   30.593216] 00000050: 00 00 00 00 00 00 00 00 00 00 00 00 00 00 00 00  ................
[   30.593671] 00000060: 00 00 00 00 00 00 00 00 00 00 00 00 00 00 00 1f  ................
[   30.594130] 00000070: 00 00 00 00 00 00 00 00 00 00 00 00 00 00 00 00  ................
[   30.596250] XFS (loop0): metadata I/O error in "xfs_btree_read_buf_block.constprop.29+0x216/0x3a0" at daddr 0x4 len 2 error 74
[   30.597432] XFS (loop0): Metadata CRC error detected at xfs_allocbt_read_verify+0x33/0x320, xfs_bnobt block 0x4 
[   30.598040] XFS (loop0): Unmount and run xfs_repair
[   30.598337] XFS (loop0): First 128 bytes of corrupted metadata buffer:
[   30.598717] 00000000: 41 42 33 42 00 00 00 02 ff ff ff ff ff ff ff ff  AB3B............
[   30.599236] 00000010: 00 00 00 00 00 00 00 04 00 00 00 01 00 00 00 10  ................
[   30.599695] 00000020: e4 65 4a 66 62 e5 49 63 a8 1e 01 2d 9d 48 71 af  .eJfb.Ic...-.Hq.
[   30.600157] 00000030: 00 00 00 00 6b 5f 31 7a 00 00 00 16 00 00 00 0a  ....k_1z........
[   30.600615] 00000040: 00 00 00 40 00 00 3f c0 00 00 00 00 00 00 00 00  ...@..?.........
[   30.601076] 00000050: 00 00 00 00 00 00 00 00 00 00 00 00 00 00 00 00  ................
[   30.601533] 00000060: 00 00 00 00 00 00 00 00 00 00 00 00 00 00 00 1f  ................
[   30.601995] 00000070: 00 00 00 00 00 00 00 00 00 00 00 00 00 00 00 00  ................
[   30.602571] XFS (loop0): metadata I/O error in "xfs_btree_read_buf_block.constprop.29+0x216/0x3a0" at daddr 0x4 len 2 error 74
[   30.604085] XFS (loop0): Metadata CRC error detected at xfs_allocbt_read_verify+0x33/0x320, xfs_bnobt block 0x4 
[   30.604700] XFS (loop0): Unmount and run xfs_repair
[   30.605005] XFS (loop0): First 128 bytes of corrupted metadata buffer:
[   30.605386] 00000000: 41 42 33 42 00 00 00 02 ff ff ff ff ff ff ff ff  AB3B............
[   30.605844] 00000010: 00 00 00 00 00 00 00 04 00 00 00 01 00 00 00 10  ................
[   30.606310] 00000020: e4 65 4a 66 62 e5 49 63 a8 1e 01 2d 9d 48 71 af  .eJfb.Ic...-.Hq.
[   30.606770] 00000030: 00 00 00 00 6b 5f 31 7a 00 00 00 16 00 00 00 0a  ....k_1z........
[   30.607262] 00000040: 00 00 00 40 00 00 3f c0 00 00 00 00 00 00 00 00  ...@..?.........
[   30.607720] 00000050: 00 00 00 00 00 00 00 00 00 00 00 00 00 00 00 00  ................
[   30.608182] 00000060: 00 00 00 00 00 00 00 00 00 00 00 00 00 00 00 1f  ................
[   30.608640] 00000070: 00 00 00 00 00 00 00 00 00 00 00 00 00 00 00 00  ................
[   30.609111] XFS (loop0): metadata I/O error in "xfs_btree_read_buf_block.constprop.29+0x216/0x3a0" at daddr 0x4 len 2 error 74
[   30.610032] XFS (loop0): Metadata CRC error detected at xfs_allocbt_read_verify+0x33/0x320, xfs_bnobt block 0x4 
[   30.610632] XFS (loop0): Unmount and run xfs_repair
[   30.610962] XFS (loop0): First 128 bytes of corrupted metadata buffer:
[   30.611345] 00000000: 41 42 33 42 00 00 00 02 ff ff ff ff ff ff ff ff  AB3B............
[   30.611802] 00000010: 00 00 00 00 00 00 00 04 00 00 00 01 00 00 00 10  ................
[   30.612265] 00000020: e4 65 4a 66 62 e5 49 63 a8 1e 01 2d 9d 48 71 af  .eJfb.Ic...-.Hq.
[   30.612723] 00000030: 00 00 00 00 6b 5f 31 7a 00 00 00 16 00 00 00 0a  ....k_1z........
[   30.613183] 00000040: 00 00 00 40 00 00 3f c0 00 00 00 00 00 00 00 00  ...@..?.........
[   30.613644] 00000050: 00 00 00 00 00 00 00 00 00 00 00 00 00 00 00 00  ................
[   30.614104] 00000060: 00 00 00 00 00 00 00 00 00 00 00 00 00 00 00 1f  ................
[   30.614564] 00000070: 00 00 00 00 00 00 00 00 00 00 00 00 00 00 00 00  ................
[   30.615046] XFS (loop0): metadata I/O error in "xfs_btree_read_buf_block.constprop.29+0x216/0x3a0" at daddr 0x4 len 2 error 74
[   30.615935] XFS (loop0): Metadata CRC error detected at xfs_allocbt_read_verify+0x33/0x320, xfs_bnobt block 0x4 
[   30.616537] XFS (loop0): Unmount and run xfs_repair
[   30.616825] XFS (loop0): First 128 bytes of corrupted metadata buffer:
[   30.617206] 00000000: 41 42 33 42 00 00 00 02 ff ff ff ff ff ff ff ff  AB3B............
[   30.617665] 00000010: 00 00 00 00 00 00 00 04 00 00 00 01 00 00 00 10  ................
[   30.618130] 00000020: e4 65 4a 66 62 e5 49 63 a8 1e 01 2d 9d 48 71 af  .eJfb.Ic...-.Hq.
[   30.618585] 00000030: 00 00 00 00 6b 5f 31 7a 00 00 00 16 00 00 00 0a  ....k_1z........
[   30.619067] 00000040: 00 00 00 40 00 00 3f c0 00 00 00 00 00 00 00 00  ...@..?.........
[   30.619525] 00000050: 00 00 00 00 00 00 00 00 00 00 00 00 00 00 00 00  ................
[   30.619979] 00000060: 00 00 00 00 00 00 00 00 00 00 00 00 00 00 00 1f  ................
[   30.620442] 00000070: 00 00 00 00 00 00 00 00 00 00 00 00 00 00 00 00  ................
[   30.621122] XFS (loop0): Metadata CRC error detected at xfs_allocbt_read_verify+0x33/0x320, xfs_bnobt block 0x4 
[   30.621720] XFS (loop0): Unmount and run xfs_repair
[   30.622012] XFS (loop0): First 128 bytes of corrupted metadata buffer:
[   30.622392] 00000000: 41 42 33 42 00 00 00 02 ff ff ff ff ff ff ff ff  AB3B............
[   30.622852] 00000010: 00 00 00 00 00 00 00 04 00 00 00 01 00 00 00 10  ................
[   30.623335] 00000020: e4 65 4a 66 62 e5 49 63 a8 1e 01 2d 9d 48 71 af  .eJfb.Ic...-.Hq.
[   30.623793] 00000030: 00 00 00 00 6b 5f 31 7a 00 00 00 16 00 00 00 0a  ....k_1z........
[   30.624254] 00000040: 00 00 00 40 00 00 3f c0 00 00 00 00 00 00 00 00  ...@..?.........
[   30.624710] 00000050: 00 00 00 00 00 00 00 00 00 00 00 00 00 00 00 00  ................
[   30.625173] 00000060: 00 00 00 00 00 00 00 00 00 00 00 00 00 00 00 1f  ................
[   30.625634] 00000070: 00 00 00 00 00 00 00 00 00 00 00 00 00 00 00 00  ................
[   30.626318] XFS (loop0): Metadata CRC error detected at xfs_allocbt_read_verify+0x33/0x320, xfs_bnobt block 0x4 
[   30.626939] XFS (loop0): Unmount and run xfs_repair
[   30.627233] XFS (loop0): First 128 bytes of corrupted metadata buffer:
[   30.627614] 00000000: 41 42 33 42 00 00 00 02 ff ff ff ff ff ff ff ff  AB3B............
[   30.628075] 00000010: 00 00 00 00 00 00 00 04 00 00 00 01 00 00 00 10  ................
[   30.628534] 00000020: e4 65 4a 66 62 e5 49 63 a8 1e 01 2d 9d 48 71 af  .eJfb.Ic...-.Hq.
[   30.628997] 00000030: 00 00 00 00 6b 5f 31 7a 00 00 00 16 00 00 00 0a  ....k_1z........
[   30.629454] 00000040: 00 00 00 40 00 00 3f c0 00 00 00 00 00 00 00 00  ...@..?.........
[   30.629911] 00000050: 00 00 00 00 00 00 00 00 00 00 00 00 00 00 00 00  ................
[   30.630372] 00000060: 00 00 00 00 00 00 00 00 00 00 00 00 00 00 00 1f  ................
[   30.630830] 00000070: 00 00 00 00 00 00 00 00 00 00 00 00 00 00 00 00  ................
[   30.631549] XFS (loop0): Metadata CRC error detected at xfs_allocbt_read_verify+0x33/0x320, xfs_bnobt block 0x4 
[   30.632155] XFS (loop0): Unmount and run xfs_repair
[   30.632444] XFS (loop0): First 128 bytes of corrupted metadata buffer:
[   30.632824] 00000000: 41 42 33 42 00 00 00 02 ff ff ff ff ff ff ff ff  AB3B............
[   30.633283] 00000010: 00 00 00 00 00 00 00 04 00 00 00 01 00 00 00 10  ................
[   30.633741] 00000020: e4 65 4a 66 62 e5 49 63 a8 1e 01 2d 9d 48 71 af  .eJfb.Ic...-.Hq.
[   30.634203] 00000030: 00 00 00 00 6b 5f 31 7a 00 00 00 16 00 00 00 0a  ....k_1z........
[   30.634663] 00000040: 00 00 00 40 00 00 3f c0 00 00 00 00 00 00 00 00  ...@..?.........
[   30.635146] 00000050: 00 00 00 00 00 00 00 00 00 00 00 00 00 00 00 00  ................
[   30.635606] 00000060: 00 00 00 00 00 00 00 00 00 00 00 00 00 00 00 1f  ................
[   30.636069] 00000070: 00 00 00 00 00 00 00 00 00 00 00 00 00 00 00 00  ................
[   30.636744] XFS (loop0): Metadata CRC error detected at xfs_allocbt_read_verify+0x33/0x320, xfs_bnobt block 0x4 
[   30.637347] XFS (loop0): Unmount and run xfs_repair
[   30.637633] XFS (loop0): First 128 bytes of corrupted metadata buffer:
[   30.638014] 00000000: 41 42 33 42 00 00 00 02 ff ff ff ff ff ff ff ff  AB3B............
[   30.638472] 00000010: 00 00 00 00 00 00 00 04 00 00 00 01 00 00 00 10  ................
[   30.638950] 00000020: e4 65 4a 66 62 e5 49 63 a8 1e 01 2d 9d 48 71 af  .eJfb.Ic...-.Hq.
[   30.639412] 00000030: 00 00 00 00 6b 5f 31 7a 00 00 00 16 00 00 00 0a  ....k_1z........
[   30.639872] 00000040: 00 00 00 40 00 00 3f c0 00 00 00 00 00 00 00 00  ...@..?.........
[   30.640336] 00000050: 00 00 00 00 00 00 00 00 00 00 00 00 00 00 00 00  ................
[   30.640793] 00000060: 00 00 00 00 00 00 00 00 00 00 00 00 00 00 00 1f  ................
[   30.641255] 00000070: 00 00 00 00 00 00 00 00 00 00 00 00 00 00 00 00  ................
[   30.641926] XFS (loop0): Metadata CRC error detected at xfs_allocbt_read_verify+0x33/0x320, xfs_bnobt block 0x4 
[   30.642529] XFS (loop0): Unmount and run xfs_repair
[   30.642816] XFS (loop0): First 128 bytes of corrupted metadata buffer:
[   30.643224] 00000000: 41 42 33 42 00 00 00 02 ff ff ff ff ff ff ff ff  AB3B............
[   30.643682] 00000010: 00 00 00 00 00 00 00 04 00 00 00 01 00 00 00 10  ................
[   30.644143] 00000020: e4 65 4a 66 62 e5 49 63 a8 1e 01 2d 9d 48 71 af  .eJfb.Ic...-.Hq.
[   30.644603] 00000030: 00 00 00 00 6b 5f 31 7a 00 00 00 16 00 00 00 0a  ....k_1z........
[   30.645066] 00000040: 00 00 00 40 00 00 3f c0 00 00 00 00 00 00 00 00  ...@..?.........
[   30.645523] 00000050: 00 00 00 00 00 00 00 00 00 00 00 00 00 00 00 00  ................
[   30.645983] 00000060: 00 00 00 00 00 00 00 00 00 00 00 00 00 00 00 1f  ................
[   30.646446] 00000070: 00 00 00 00 00 00 00 00 00 00 00 00 00 00 00 00  ................
[   30.647138] XFS (loop0): Metadata CRC error detected at xfs_allocbt_read_verify+0x33/0x320, xfs_bnobt block 0x4 
[   30.647739] XFS (loop0): Unmount and run xfs_repair
[   30.648031] XFS (loop0): First 128 bytes of corrupted metadata buffer:
[   30.648411] 00000000: 41 42 33 42 00 00 00 02 ff ff ff ff ff ff ff ff  AB3B............
[   30.648869] 00000010: 00 00 00 00 00 00 00 04 00 00 00 01 00 00 00 10  ................
[   30.649331] 00000020: e4 65 4a 66 62 e5 49 63 a8 1e 01 2d 9d 48 71 af  .eJfb.Ic...-.Hq.
[   30.649788] 00000030: 00 00 00 00 6b 5f 31 7a 00 00 00 16 00 00 00 0a  ....k_1z........
[   30.650248] 00000040: 00 00 00 40 00 00 3f c0 00 00 00 00 00 00 00 00  ...@..?.........
[   30.650704] 00000050: 00 00 00 00 00 00 00 00 00 00 00 00 00 00 00 00  ................
[   30.651184] 00000060: 00 00 00 00 00 00 00 00 00 00 00 00 00 00 00 1f  ................
[   30.651642] 00000070: 00 00 00 00 00 00 00 00 00 00 00 00 00 00 00 00  ................
[   30.652321] XFS (loop0): Metadata CRC error detected at xfs_allocbt_read_verify+0x33/0x320, xfs_bnobt block 0x4 
[   30.652920] XFS (loop0): Unmount and run xfs_repair
[   30.653215] XFS (loop0): First 128 bytes of corrupted metadata buffer:
[   30.653593] 00000000: 41 42 33 42 00 00 00 02 ff ff ff ff ff ff ff ff  AB3B............
[   30.654054] 00000010: 00 00 00 00 00 00 00 04 00 00 00 01 00 00 00 10  ................
[   30.654510] 00000020: e4 65 4a 66 62 e5 49 63 a8 1e 01 2d 9d 48 71 af  .eJfb.Ic...-.Hq.
[   30.654992] 00000030: 00 00 00 00 6b 5f 31 7a 00 00 00 16 00 00 00 0a  ....k_1z........
[   30.655451] 00000040: 00 00 00 40 00 00 3f c0 00 00 00 00 00 00 00 00  ...@..?.........
[   30.655909] 00000050: 00 00 00 00 00 00 00 00 00 00 00 00 00 00 00 00  ................
[   30.656371] 00000060: 00 00 00 00 00 00 00 00 00 00 00 00 00 00 00 1f  ................
[   30.656830] 00000070: 00 00 00 00 00 00 00 00 00 00 00 00 00 00 00 00  ................
[   30.657500] XFS (loop0): Metadata CRC error detected at xfs_allocbt_read_verify+0x33/0x320, xfs_bnobt block 0x4 
[   30.658101] XFS (loop0): Unmount and run xfs_repair
[   30.658390] XFS (loop0): First 128 bytes of corrupted metadata buffer:
[   30.658766] 00000000: 41 42 33 42 00 00 00 02 ff ff ff ff ff ff ff ff  AB3B............
[   30.659247] 00000010: 00 00 00 00 00 00 00 04 00 00 00 01 00 00 00 10  ................
[   30.659706] 00000020: e4 65 4a 66 62 e5 49 63 a8 1e 01 2d 9d 48 71 af  .eJfb.Ic...-.Hq.
[   30.660165] 00000030: 00 00 00 00 6b 5f 31 7a 00 00 00 16 00 00 00 0a  ....k_1z........
[   30.660625] 00000040: 00 00 00 40 00 00 3f c0 00 00 00 00 00 00 00 00  ...@..?.........
[   30.661085] 00000050: 00 00 00 00 00 00 00 00 00 00 00 00 00 00 00 00  ................
[   30.661542] 00000060: 00 00 00 00 00 00 00 00 00 00 00 00 00 00 00 1f  ................
[   30.662003] 00000070: 00 00 00 00 00 00 00 00 00 00 00 00 00 00 00 00  ................
[   30.662678] XFS (loop0): Metadata CRC error detected at xfs_allocbt_read_verify+0x33/0x320, xfs_bnobt block 0x4 
[   30.663300] XFS (loop0): Unmount and run xfs_repair
[   30.663588] XFS (loop0): First 128 bytes of corrupted metadata buffer:
[   30.663969] 00000000: 41 42 33 42 00 00 00 02 ff ff ff ff ff ff ff ff  AB3B............
[   30.664429] 00000010: 00 00 00 00 00 00 00 04 00 00 00 01 00 00 00 10  ................
[   30.664889] 00000020: e4 65 4a 66 62 e5 49 63 a8 1e 01 2d 9d 48 71 af  .eJfb.Ic...-.Hq.
[   30.665347] 00000030: 00 00 00 00 6b 5f 31 7a 00 00 00 16 00 00 00 0a  ....k_1z........
[   30.665803] 00000040: 00 00 00 40 00 00 3f c0 00 00 00 00 00 00 00 00  ...@..?.........
[   30.666264] 00000050: 00 00 00 00 00 00 00 00 00 00 00 00 00 00 00 00  ................
[   30.666721] 00000060: 00 00 00 00 00 00 00 00 00 00 00 00 00 00 00 1f  ................
[   30.667193] 00000070: 00 00 00 00 00 00 00 00 00 00 00 00 00 00 00 00  ................
[   30.667864] XFS (loop0): Metadata CRC error detected at xfs_allocbt_read_verify+0x33/0x320, xfs_bnobt block 0x4 
[   30.668473] XFS (loop0): Unmount and run xfs_repair
[   30.668759] XFS (loop0): First 128 bytes of corrupted metadata buffer:
[   30.669138] 00000000: 41 42 33 42 00 00 00 02 ff ff ff ff ff ff ff ff  AB3B............
[   30.669599] 00000010: 00 00 00 00 00 00 00 04 00 00 00 01 00 00 00 10  ................
[   30.670058] 00000020: e4 65 4a 66 62 e5 49 63 a8 1e 01 2d 9d 48 71 af  .eJfb.Ic...-.Hq.
[   30.670517] 00000030: 00 00 00 00 6b 5f 31 7a 00 00 00 16 00 00 00 0a  ....k_1z........
[   30.671006] 00000040: 00 00 00 40 00 00 3f c0 00 00 00 00 00 00 00 00  ...@..?.........
[   30.671464] 00000050: 00 00 00 00 00 00 00 00 00 00 00 00 00 00 00 00  ................
[   30.671921] 00000060: 00 00 00 00 00 00 00 00 00 00 00 00 00 00 00 1f  ................
[   30.672384] 00000070: 00 00 00 00 00 00 00 00 00 00 00 00 00 00 00 00  ................
[   30.673057] XFS (loop0): Metadata CRC error detected at xfs_allocbt_read_verify+0x33/0x320, xfs_bnobt block 0x4 
[   30.673654] XFS (loop0): Unmount and run xfs_repair
[   30.673940] XFS (loop0): First 128 bytes of corrupted metadata buffer:
[   30.674325] 00000000: 41 42 33 42 00 00 00 02 ff ff ff ff ff ff ff ff  AB3B............
[   30.674785] 00000010: 00 00 00 00 00 00 00 04 00 00 00 01 00 00 00 10  ................
[   30.675266] 00000020: e4 65 4a 66 62 e5 49 63 a8 1e 01 2d 9d 48 71 af  .eJfb.Ic...-.Hq.
[   30.675725] 00000030: 00 00 00 00 6b 5f 31 7a 00 00 00 16 00 00 00 0a  ....k_1z........
[   30.676186] 00000040: 00 00 00 40 00 00 3f c0 00 00 00 00 00 00 00 00  ...@..?.........
[   30.676646] 00000050: 00 00 00 00 00 00 00 00 00 00 00 00 00 00 00 00  ................
[   30.677109] 00000060: 00 00 00 00 00 00 00 00 00 00 00 00 00 00 00 1f  ................
[   30.677568] 00000070: 00 00 00 00 00 00 00 00 00 00 00 00 00 00 00 00  ................
[   30.678237] XFS (loop0): Metadata CRC error detected at xfs_allocbt_read_verify+0x33/0x320, xfs_bnobt block 0x4 
[   30.678835] XFS (loop0): Unmount and run xfs_repair
[   30.679146] XFS (loop0): First 128 bytes of corrupted metadata buffer:
[   30.679523] 00000000: 41 42 33 42 00 00 00 02 ff ff ff ff ff ff ff ff  AB3B............
[   30.679980] 00000010: 00 00 00 00 00 00 00 04 00 00 00 01 00 00 00 10  ................
[   30.680442] 00000020: e4 65 4a 66 62 e5 49 63 a8 1e 01 2d 9d 48 71 af  .eJfb.Ic...-.Hq.
[   30.680899] 00000030: 00 00 00 00 6b 5f 31 7a 00 00 00 16 00 00 00 0a  ....k_1z........
[   30.681360] 00000040: 00 00 00 40 00 00 3f c0 00 00 00 00 00 00 00 00  ...@..?.........
[   30.681820] 00000050: 00 00 00 00 00 00 00 00 00 00 00 00 00 00 00 00  ................
[   30.682284] 00000060: 00 00 00 00 00 00 00 00 00 00 00 00 00 00 00 1f  ................
[   30.682740] 00000070: 00 00 00 00 00 00 00 00 00 00 00 00 00 00 00 00  ................
[   30.683456] XFS (loop0): Metadata CRC error detected at xfs_allocbt_read_verify+0x33/0x320, xfs_bnobt block 0x4 
[   30.684059] XFS (loop0): Unmount and run xfs_repair
[   30.684347] XFS (loop0): First 128 bytes of corrupted metadata buffer:
[   30.684724] 00000000: 41 42 33 42 00 00 00 02 ff ff ff ff ff ff ff ff  AB3B............
[   30.685187] 00000010: 00 00 00 00 00 00 00 04 00 00 00 01 00 00 00 10  ................
[   30.685643] 00000020: e4 65 4a 66 62 e5 49 63 a8 1e 01 2d 9d 48 71 af  .eJfb.Ic...-.Hq.
[   30.686100] 00000030: 00 00 00 00 6b 5f 31 7a 00 00 00 16 00 00 00 0a  ....k_1z........
[   30.686559] 00000040: 00 00 00 40 00 00 3f c0 00 00 00 00 00 00 00 00  ...@..?.........
[   30.687042] 00000050: 00 00 00 00 00 00 00 00 00 00 00 00 00 00 00 00  ................
[   30.687501] 00000060: 00 00 00 00 00 00 00 00 00 00 00 00 00 00 00 1f  ................
[   30.687961] 00000070: 00 00 00 00 00 00 00 00 00 00 00 00 00 00 00 00  ................
[   30.688639] XFS (loop0): Metadata CRC error detected at xfs_allocbt_read_verify+0x33/0x320, xfs_bnobt block 0x4 
[   30.689242] XFS (loop0): Unmount and run xfs_repair
[   30.689529] XFS (loop0): First 128 bytes of corrupted metadata buffer:
[   30.689908] 00000000: 41 42 33 42 00 00 00 02 ff ff ff ff ff ff ff ff  AB3B............
[   30.690382] 00000010: 00 00 00 00 00 00 00 04 00 00 00 01 00 00 00 10  ................
[   30.690839] 00000020: e4 65 4a 66 62 e5 49 63 a8 1e 01 2d 9d 48 71 af  .eJfb.Ic...-.Hq.
[   30.691320] 00000030: 00 00 00 00 6b 5f 31 7a 00 00 00 16 00 00 00 0a  ....k_1z........
[   30.691781] 00000040: 00 00 00 40 00 00 3f c0 00 00 00 00 00 00 00 00  ...@..?.........
[   30.692240] 00000050: 00 00 00 00 00 00 00 00 00 00 00 00 00 00 00 00  ................
[   30.692697] 00000060: 00 00 00 00 00 00 00 00 00 00 00 00 00 00 00 1f  ................
[   30.693158] 00000070: 00 00 00 00 00 00 00 00 00 00 00 00 00 00 00 00  ................
[   30.693822] XFS (loop0): Metadata CRC error detected at xfs_allocbt_read_verify+0x33/0x320, xfs_bnobt block 0x4 
[   30.694424] XFS (loop0): Unmount and run xfs_repair
[   30.694712] XFS (loop0): First 128 bytes of corrupted metadata buffer:
[   30.695117] 00000000: 41 42 33 42 00 00 00 02 ff ff ff ff ff ff ff ff  AB3B............
[   30.695577] 00000010: 00 00 00 00 00 00 00 04 00 00 00 01 00 00 00 10  ................
[   30.696041] 00000020: e4 65 4a 66 62 e5 49 63 a8 1e 01 2d 9d 48 71 af  .eJfb.Ic...-.Hq.
[   30.696499] 00000030: 00 00 00 00 6b 5f 31 7a 00 00 00 16 00 00 00 0a  ....k_1z........
[   30.696958] 00000040: 00 00 00 40 00 00 3f c0 00 00 00 00 00 00 00 00  ...@..?.........
[   30.697418] 00000050: 00 00 00 00 00 00 00 00 00 00 00 00 00 00 00 00  ................
[   30.697873] 00000060: 00 00 00 00 00 00 00 00 00 00 00 00 00 00 00 1f  ................
[   30.698336] 00000070: 00 00 00 00 00 00 00 00 00 00 00 00 00 00 00 00  ................
