c[?7l[2J[0mSeaBIOS (version rel-1.16.0-0-gd239552ce722-prebuilt.qemu.org)


iPXE (http://ipxe.org) 00:03.0 CA00 PCI2.10 PnP PMM+7FF91000+7FEF1000 CA00
Press Ctrl-B to configure iPXE (PCI 00:03.0)...                                                                               


Booting from ROM...
c[?7l[2J[    0.000000] Linux version 6.1.0-rc4-7dd73802f97d+ (root@984fee00a1f6.jf.intel.com) (gcc (GCC) 8.5.0 20210514 (Red Hat 8.5.0-18), GNU ld version 2.36.1-3.el8) #1 SMP PREEMPT_DYNAMIC Tue Feb  7 15:19:52 PST 2023
[    0.000000] Command line: console=ttyS0 root=/dev/sda earlyprintk=serial net.ifnames=0
[    0.000000] KERNEL supported cpus:
[    0.000000]   Intel GenuineIntel
[    0.000000]   AMD AuthenticAMD
[    0.000000]   Hygon HygonGenuine
[    0.000000]   Centaur CentaurHauls
[    0.000000]   zhaoxin   Shanghai  
[    0.000000] x86/split lock detection: #DB: warning on user-space bus_locks
[    0.000000] x86/fpu: Supporting XSAVE feature 0x001: 'x87 floating point registers'
[    0.000000] x86/fpu: Supporting XSAVE feature 0x002: 'SSE registers'
[    0.000000] x86/fpu: Supporting XSAVE feature 0x004: 'AVX registers'
[    0.000000] x86/fpu: Supporting XSAVE feature 0x020: 'AVX-512 opmask'
[    0.000000] x86/fpu: Supporting XSAVE feature 0x040: 'AVX-512 Hi256'
[    0.000000] x86/fpu: Supporting XSAVE feature 0x080: 'AVX-512 ZMM_Hi256'
[    0.000000] x86/fpu: Supporting XSAVE feature 0x200: 'Protection Keys User registers'
[    0.000000] x86/fpu: Supporting XSAVE feature 0x20000: 'AMX Tile config'
[    0.000000] x86/fpu: Supporting XSAVE feature 0x40000: 'AMX Tile data'
[    0.000000] x86/fpu: xstate_offset[2]:  576, xstate_sizes[2]:  256
[    0.000000] x86/fpu: xstate_offset[5]:  832, xstate_sizes[5]:   64
[    0.000000] x86/fpu: xstate_offset[6]:  896, xstate_sizes[6]:  512
[    0.000000] x86/fpu: xstate_offset[7]: 1408, xstate_sizes[7]: 1024
[    0.000000] x86/fpu: xstate_offset[9]: 2432, xstate_sizes[9]:    8
[    0.000000] x86/fpu: xstate_offset[17]: 2496, xstate_sizes[17]:   64
[    0.000000] x86/fpu: xstate_offset[18]: 2560, xstate_sizes[18]: 8192
[    0.000000] x86/fpu: Enabled xstate features 0x602e7, context size is 10752 bytes, using 'compacted' format.
[    0.000000] signal: max sigframe size: 11952
[    0.000000] BIOS-provided physical RAM map:
[    0.000000] BIOS-e820: [mem 0x0000000000000000-0x000000000009fbff] usable
[    0.000000] BIOS-e820: [mem 0x000000000009fc00-0x000000000009ffff] reserved
[    0.000000] BIOS-e820: [mem 0x00000000000f0000-0x00000000000fffff] reserved
[    0.000000] BIOS-e820: [mem 0x0000000000100000-0x000000007ffdffff] usable
[    0.000000] BIOS-e820: [mem 0x000000007ffe0000-0x000000007fffffff] reserved
[    0.000000] BIOS-e820: [mem 0x00000000feffc000-0x00000000feffffff] reserved
[    0.000000] BIOS-e820: [mem 0x00000000fffc0000-0x00000000ffffffff] reserved
[    0.000000] printk: bootconsole [earlyser0] enabled
[    0.000000] NX (Execute Disable) protection: active
[    0.000000] SMBIOS 2.8 present.
[    0.000000] DMI: QEMU Standard PC (i440FX + PIIX, 1996), BIOS rel-1.16.0-0-gd239552ce722-prebuilt.qemu.org 04/01/2014
[    0.000000] Hypervisor detected: KVM
[    0.000000] kvm-clock: Using msrs 4b564d01 and 4b564d00
[    0.000004] kvm-clock: using sched offset of 656749866 cycles
[    0.001059] clocksource: kvm-clock: mask: 0xffffffffffffffff max_cycles: 0x1cd42e4dffb, max_idle_ns: 881590591483 ns
[    0.004354] tsc: Detected 1700.000 MHz processor
[    0.014254] last_pfn = 0x7ffe0 max_arch_pfn = 0x10000000000
[    0.015477] x86/PAT: Configuration [0-7]: WB  WC  UC- UC  WB  WP  UC- WT  
[    0.022980] found SMP MP-table at [mem 0x000f5ba0-0x000f5baf]
[    0.024225] Using GB pages for direct mapping
[    0.026636] ACPI: Early table checksum verification disabled
[    0.027797] ACPI: RSDP 0x00000000000F59C0 000014 (v00 BOCHS )
[    0.028983] ACPI: RSDT 0x000000007FFE1951 000034 (v01 BOCHS  BXPC     00000001 BXPC 00000001)
[    0.030723] ACPI: FACP 0x000000007FFE17FD 000074 (v01 BOCHS  BXPC     00000001 BXPC 00000001)
[    0.032459] ACPI: DSDT 0x000000007FFE0040 0017BD (v01 BOCHS  BXPC     00000001 BXPC 00000001)
[    0.034183] ACPI: FACS 0x000000007FFE0000 000040
[    0.035123] ACPI: APIC 0x000000007FFE1871 000080 (v01 BOCHS  BXPC     00000001 BXPC 00000001)
[    0.036847] ACPI: HPET 0x000000007FFE18F1 000038 (v01 BOCHS  BXPC     00000001 BXPC 00000001)
[    0.038578] ACPI: WAET 0x000000007FFE1929 000028 (v01 BOCHS  BXPC     00000001 BXPC 00000001)
[    0.040302] ACPI: Reserving FACP table memory at [mem 0x7ffe17fd-0x7ffe1870]
[    0.041712] ACPI: Reserving DSDT table memory at [mem 0x7ffe0040-0x7ffe17fc]
[    0.043126] ACPI: Reserving FACS table memory at [mem 0x7ffe0000-0x7ffe003f]
[    0.044536] ACPI: Reserving APIC table memory at [mem 0x7ffe1871-0x7ffe18f0]
[    0.045945] ACPI: Reserving HPET table memory at [mem 0x7ffe18f1-0x7ffe1928]
[    0.047357] ACPI: Reserving WAET table memory at [mem 0x7ffe1929-0x7ffe1950]
[    0.050057] No NUMA configuration found
[    0.050822] Faking a node at [mem 0x0000000000000000-0x000000007ffdffff]
[    0.052247] NODE_DATA(0) allocated [mem 0x7ffb5000-0x7ffdffff]
[    0.065058] Zone ranges:
[    0.065594]   DMA      [mem 0x0000000000001000-0x0000000000ffffff]
[    0.066841]   DMA32    [mem 0x0000000001000000-0x000000007ffdffff]
[    0.068088]   Normal   empty
[    0.068668]   Device   empty
[    0.069251] Movable zone start for each node
[    0.070109] Early memory node ranges
[    0.070822]   node   0: [mem 0x0000000000001000-0x000000000009efff]
[    0.072080]   node   0: [mem 0x0000000000100000-0x000000007ffdffff]
[    0.073338] Initmem setup node 0 [mem 0x0000000000001000-0x000000007ffdffff]
[    0.074762] On node 0, zone DMA: 1 pages in unavailable ranges
[    0.074885] On node 0, zone DMA: 97 pages in unavailable ranges
[    0.088944] On node 0, zone DMA32: 32 pages in unavailable ranges
[    0.224134] kasan: KernelAddressSanitizer initialized
[    0.226908] ACPI: PM-Timer IO Port: 0x608
[    0.227758] ACPI: LAPIC_NMI (acpi_id[0xff] dfl dfl lint[0x1])
[    0.229012] IOAPIC[0]: apic_id 0, version 17, address 0xfec00000, GSI 0-23
[    0.230413] ACPI: INT_SRC_OVR (bus 0 bus_irq 0 global_irq 2 dfl dfl)
[    0.231690] ACPI: INT_SRC_OVR (bus 0 bus_irq 5 global_irq 5 high level)
[    0.233024] ACPI: INT_SRC_OVR (bus 0 bus_irq 9 global_irq 9 high level)
[    0.234353] ACPI: INT_SRC_OVR (bus 0 bus_irq 10 global_irq 10 high level)
[    0.235714] ACPI: INT_SRC_OVR (bus 0 bus_irq 11 global_irq 11 high level)
[    0.237097] ACPI: Using ACPI (MADT) for SMP configuration information
[    0.238384] ACPI: HPET id: 0x8086a201 base: 0xfed00000
[    0.239426] TSC deadline timer available
[    0.240213] smpboot: Allowing 2 CPUs, 0 hotplug CPUs
[    0.241266] kvm-guest: KVM setup pv remote TLB flush
[    0.242263] kvm-guest: setup PV sched yield
[    0.243179] PM: hibernation: Registered nosave memory: [mem 0x00000000-0x00000fff]
[    0.244700] PM: hibernation: Registered nosave memory: [mem 0x0009f000-0x0009ffff]
[    0.246219] PM: hibernation: Registered nosave memory: [mem 0x000a0000-0x000effff]
[    0.247735] PM: hibernation: Registered nosave memory: [mem 0x000f0000-0x000fffff]
[    0.249256] [mem 0x80000000-0xfeffbfff] available for PCI devices
[    0.250474] Booting paravirtualized kernel on KVM
[    0.251421] clocksource: refined-jiffies: mask: 0xffffffff max_cycles: 0xffffffff, max_idle_ns: 7645519600211568 ns
[    0.253528] setup_percpu: NR_CPUS:8192 nr_cpumask_bits:2 nr_cpu_ids:2 nr_node_ids:1
[    0.255730] percpu: Embedded 80 pages/cpu s290816 r8192 d28672 u1048576
[    0.257361] kvm-guest: PV spinlocks enabled
[    0.258225] PV qspinlock hash table entries: 256 (order: 0, 4096 bytes, linear)
[    0.259727] Fallback order for Node 0: 0 
[    0.260563] Built 1 zonelists, mobility grouping on.  Total pages: 515808
[    0.261938] Policy zone: DMA32
[    0.262564] Kernel command line: net.ifnames=0 console=ttyS0 root=/dev/sda earlyprintk=serial net.ifnames=0
[    0.265041] random: crng init done
[    0.266265] Dentry cache hash table entries: 262144 (order: 9, 2097152 bytes, linear)
[    0.268347] Inode-cache hash table entries: 131072 (order: 8, 1048576 bytes, linear)
[    0.270077] mem auto-init: stack:off, heap alloc:off, heap free:off
[    0.273458] stackdepot hash table entries: 1048576 (order: 11, 8388608 bytes, linear)
[    0.312528] Memory: 1352952K/2096632K available (67601K kernel code, 13983K rwdata, 14012K rodata, 4576K init, 24200K bss, 743480K reserved, 0K cma-reserved)
[    0.316576] SLUB: HWalign=64, Order=0-3, MinObjects=0, CPUs=2, Nodes=1
[    0.317879] kmemleak: Kernel memory leak detector disabled
[    0.319028] ftrace: allocating 67490 entries in 264 pages
[    0.353647] ftrace: allocated 264 pages with 2 groups
[    0.360061] Dynamic Preempt: voluntary
[    0.361144] Running RCU self tests
[    0.361830] rcu: Preemptible hierarchical RCU implementation.
[    0.362971] rcu: 	RCU lockdep checking is enabled.
[    0.363923] rcu: 	RCU restricting CPUs from NR_CPUS=8192 to nr_cpu_ids=2.
[    0.365761] 	Trampoline variant of Tasks RCU enabled.
[    0.366792] 	Rude variant of Tasks RCU enabled.
[    0.367701] 	Tracing variant of Tasks RCU enabled.
[    0.368660] rcu: RCU calculated value of scheduler-enlistment delay is 25 jiffies.
[    0.370181] rcu: Adjusting geometry for rcu_fanout_leaf=16, nr_cpu_ids=2
[    0.414849] NR_IRQS: 524544, nr_irqs: 440, preallocated irqs: 16
[    0.416589] rcu: srcu_init: Setting srcu_struct sizes based on contention.
[    0.434940] Console: colour VGA+ 80x25
[    0.435763] printk: console [ttyS0] enabled
[    0.435763] printk: console [ttyS0] enabled
[    0.437469] printk: bootconsole [earlyser0] disabled
[    0.437469] printk: bootconsole [earlyser0] disabled
[    0.439485] Lock dependency validator: Copyright (c) 2006 Red Hat, Inc., Ingo Molnar
[    0.441053] ... MAX_LOCKDEP_SUBCLASSES:  8
[    0.441889] ... MAX_LOCK_DEPTH:          48
[    0.442750] ... MAX_LOCKDEP_KEYS:        8192
[    0.443647] ... CLASSHASH_SIZE:          4096
[    0.444542] ... MAX_LOCKDEP_ENTRIES:     32768
[    0.445455] ... MAX_LOCKDEP_CHAINS:      65536
[    0.446367] ... CHAINHASH_SIZE:          32768
[    0.447278]  memory used by lock dependency info: 6365 kB
[    0.448379]  memory used for stack traces: 4224 kB
[    0.449360]  per task-struct memory footprint: 1920 bytes
[    0.450549] ACPI: Core revision 20220331
[    0.451903] clocksource: hpet: mask: 0xffffffff max_cycles: 0xffffffff, max_idle_ns: 19112604467 ns
[    0.454006] APIC: Switch to symmetric I/O mode setup
[    0.455465] x2apic enabled
[    0.456531] Switched APIC routing to physical x2apic.
[    0.457578] kvm-guest: setup PV IPIs
[    0.460420] ..TIMER: vector=0x30 apic1=0 pin1=2 apic2=-1 pin2=-1
[    0.461679] clocksource: tsc-early: mask: 0xffffffffffffffff max_cycles: 0x1881273ac8e, max_idle_ns: 440795257284 ns
[    0.463824] Calibrating delay loop (skipped) preset value.. 3400.00 BogoMIPS (lpj=6800000)
[    0.465480] pid_max: default: 32768 minimum: 301
[    0.467996] LSM: Security Framework initializing
[    0.468951] Yama: becoming mindful.
[    0.469991] Mount-cache hash table entries: 4096 (order: 3, 32768 bytes, linear)
[    0.471817] Mountpoint-cache hash table entries: 4096 (order: 3, 32768 bytes, linear)
[    0.475436] CPU0: Thermal monitoring enabled (TM1)
[    0.475952] x86/cpu: User Mode Instruction Prevention (UMIP) activated
[    0.477663] Last level iTLB entries: 4KB 0, 2MB 0, 4MB 0
[    0.478740] Last level dTLB entries: 4KB 0, 2MB 0, 4MB 0, 1GB 0
[    0.479834] Spectre V1 : Mitigation: usercopy/swapgs barriers and __user pointer sanitization
[    0.481532] Spectre V2 : WARNING: Unprivileged eBPF is enabled with eIBRS on, data leaks possible via Spectre v2 BHB attacks!
[    0.483813] Spectre V2 : Mitigation: Enhanced IBRS
[    0.484747] Spectre V2 : Spectre v2 / SpectreRSB mitigation: Filling RSB on context switch
[    0.486331] Spectre V2 : Spectre v2 / PBRSB-eIBRS: Retire a single CALL on VMEXIT
[    0.487812] Spectre V2 : mitigation: Enabling conditional Indirect Branch Prediction Barrier
[    0.489434] Speculative Store Bypass: Mitigation: Speculative Store Bypass disabled via prctl
[    0.491809] MMIO Stale Data: Unknown: No mitigations
[    0.629198] Freeing SMP alternatives memory: 52K
[    0.630558] smpboot: CPU0: Intel(R) Xeon(R) Gold 6414TDX (family: 0x6, model: 0x8f, stepping: 0x6)
[    0.631805] cblist_init_generic: Setting adjustable number of callback queues.
[    0.631816] cblist_init_generic: Setting shift to 1 and lim to 1.
[    0.633068] cblist_init_generic: Setting shift to 1 and lim to 1.
[    0.634326] cblist_init_generic: Setting shift to 1 and lim to 1.
[    0.635573] Running RCU-tasks wait API self tests
[    0.739956] Performance Events: Sapphire Rapids events, full-width counters, Intel PMU driver.
[    0.741773] ... version:                2
[    0.742557] ... bit width:              48
[    0.743353] ... generic registers:      8
[    0.743812] ... value mask:             0000ffffffffffff
[    0.744842] ... max period:             00007fffffffffff
[    0.745869] ... fixed-purpose events:   3
[    0.746648] ... event mask:             00000007000000ff
[    0.748204] rcu: Hierarchical SRCU implementation.
[    0.749146] rcu: 	Max phase no-delay instances is 1000.
[    0.752979] Callback from call_rcu_tasks_trace() invoked.
[    0.755410] smp: Bringing up secondary CPUs ...
[    0.756494] x86: Booting SMP configuration:
[    0.757336] .... node  #0, CPUs:      #1
[    0.758075] smp: Brought up 1 node, 2 CPUs
[    0.759827] smpboot: Max logical packages: 1
[    0.760671] smpboot: Total of 2 processors activated (6800.00 BogoMIPS)
[    0.763824] devtmpfs: initialized
[    0.765073] x86/mm: Memory block size: 128MB
[    0.772696] clocksource: jiffies: mask: 0xffffffff max_cycles: 0xffffffff, max_idle_ns: 7645041785100000 ns
[    0.774427] futex hash table entries: 512 (order: 4, 65536 bytes, linear)
[    0.776202] pinctrl core: initialized pinctrl subsystem
[    0.778286] 
[    0.778598] *************************************************************
[    0.779812] **     NOTICE NOTICE NOTICE NOTICE NOTICE NOTICE NOTICE    **
[    0.781133] **                                                         **
[    0.782453] **  IOMMU DebugFS SUPPORT HAS BEEN ENABLED IN THIS KERNEL  **
[    0.783771] **                                                         **
[    0.783810] ** This means that this kernel is built to expose internal **
[    0.785123] ** IOMMU data structures, which may compromise security on **
[    0.786440] ** your system.                                            **
[    0.787754] **                                                         **
[    0.787810] ** If you see this message and you are not debugging the   **
[    0.789125] ** kernel, report this immediately to your vendor!         **
[    0.790438] **                                                         **
[    0.791750] **     NOTICE NOTICE NOTICE NOTICE NOTICE NOTICE NOTICE    **
[    0.791810] *************************************************************
[    0.793219] PM: RTC time: 02:37:17, date: 2023-02-08
[    0.797753] NET: Registered PF_NETLINK/PF_ROUTE protocol family
[    0.800090] DMA: preallocated 256 KiB GFP_KERNEL pool for atomic allocations
[    0.801488] DMA: preallocated 256 KiB GFP_KERNEL|GFP_DMA pool for atomic allocations
[    0.803020] DMA: preallocated 256 KiB GFP_KERNEL|GFP_DMA32 pool for atomic allocations
[    0.803896] audit: initializing netlink subsys (disabled)
[    0.805055] audit: type=2000 audit(1675823837.882:1): state=initialized audit_enabled=0 res=1
[    0.805120] thermal_sys: Registered thermal governor 'fair_share'
[    0.805576] thermal_sys: Registered thermal governor 'bang_bang'
[    0.807815] thermal_sys: Registered thermal governor 'step_wise'
[    0.808991] thermal_sys: Registered thermal governor 'user_space'
[    0.810235] cpuidle: using governor ladder
[    0.811827] cpuidle: using governor menu
[    0.813050] acpiphp: ACPI Hot Plug PCI Controller Driver version: 0.5
[    0.815342] PCI: Using configuration type 1 for base access
[    0.844119] Callback from call_rcu_tasks_rude() invoked.
[    0.849819] kprobes: kprobe jump-optimization is enabled. All kprobes are optimized if possible.
[    0.852748] HugeTLB: registered 1.00 GiB page size, pre-allocated 0 pages
[    0.854099] HugeTLB: 16380 KiB vmemmap can be freed for a 1.00 GiB page
[    0.855390] HugeTLB: registered 2.00 MiB page size, pre-allocated 0 pages
[    0.855813] HugeTLB: 28 KiB vmemmap can be freed for a 2.00 MiB page
[    1.114289] Callback from call_rcu_tasks() invoked.
[    1.114698] ACPI: Added _OSI(Module Device)
[    1.115530] ACPI: Added _OSI(Processor Device)
[    1.115818] ACPI: Added _OSI(3.0 _SCP Extensions)
[    1.116741] ACPI: Added _OSI(Processor Aggregator Device)
[    1.133160] ACPI: 1 ACPI AML tables successfully acquired and loaded
[    4.093422] ACPI: Interpreter enabled
[    4.094355] ACPI: PM: (supports S0 S3 S4 S5)
[    4.095218] ACPI: Using IOAPIC for interrupt routing
[    4.095904] PCI: Using host bridge windows from ACPI; if necessary, use "pci=nocrs" and report a bug
[    4.097712] PCI: Using E820 reservations for host bridge windows
[    4.100311] ACPI: Enabled 2 GPEs in block 00 to 0F
[    4.139177] ACPI: PCI Root Bridge [PCI0] (domain 0000 [bus 00-ff])
[    4.139838] acpi PNP0A03:00: _OSC: OS supports [ASPM ClockPM Segments MSI EDR HPX-Type3]
[    4.141443] acpi PNP0A03:00: _OSC: not requesting OS control; OS requires [ExtendedConfig ASPM ClockPM MSI]
[    4.143524] acpi PNP0A03:00: fail to add MMCONFIG information, can't access extended PCI configuration space under this bridge.
[    4.148996] acpiphp: Slot [3] registered
[    4.149935] acpiphp: Slot [4] registered
[    4.150874] acpiphp: Slot [5] registered
[    4.151803] acpiphp: Slot [6] registered
[    4.152733] acpiphp: Slot [7] registered
[    4.153678] acpiphp: Slot [8] registered
[    4.154615] acpiphp: Slot [9] registered
[    4.155539] acpiphp: Slot [10] registered
[    4.155960] acpiphp: Slot [11] registered
[    4.156907] acpiphp: Slot [12] registered
[    4.157865] acpiphp: Slot [13] registered
[    4.158813] acpiphp: Slot [14] registered
[    4.159762] acpiphp: Slot [15] registered
[    4.159959] acpiphp: Slot [16] registered
[    4.160908] acpiphp: Slot [17] registered
[    4.161848] acpiphp: Slot [18] registered
[    4.162804] acpiphp: Slot [19] registered
[    4.163747] acpiphp: Slot [20] registered
[    4.163979] acpiphp: Slot [21] registered
[    4.164927] acpiphp: Slot [22] registered
[    4.165859] acpiphp: Slot [23] registered
[    4.166797] acpiphp: Slot [24] registered
[    4.167741] acpiphp: Slot [25] registered
[    4.167969] acpiphp: Slot [26] registered
[    4.168910] acpiphp: Slot [27] registered
[    4.169848] acpiphp: Slot [28] registered
[    4.170806] acpiphp: Slot [29] registered
[    4.171771] acpiphp: Slot [30] registered
[    4.171958] acpiphp: Slot [31] registered
[    4.172810] PCI host bridge to bus 0000:00
[    4.173621] pci_bus 0000:00: root bus resource [io  0x0000-0x0cf7 window]
[    4.174944] pci_bus 0000:00: root bus resource [io  0x0d00-0xffff window]
[    4.175820] pci_bus 0000:00: root bus resource [mem 0x000a0000-0x000bffff window]
[    4.177278] pci_bus 0000:00: root bus resource [mem 0x80000000-0xfebfffff window]
[    4.178733] pci_bus 0000:00: root bus resource [mem 0x100000000-0x17fffffff window]
[    4.179815] pci_bus 0000:00: root bus resource [bus 00-ff]
[    4.181077] pci 0000:00:00.0: [8086:1237] type 00 class 0x060000
[    4.192097] pci 0000:00:01.0: [8086:7000] type 00 class 0x060100
[    4.194968] pci 0000:00:01.1: [8086:7010] type 00 class 0x010180
[    4.198017] pci 0000:00:01.1: reg 0x20: [io  0xc040-0xc04f]
[    4.200121] pci 0000:00:01.1: legacy IDE quirk: reg 0x10: [io  0x01f0-0x01f7]
[    4.201507] pci 0000:00:01.1: legacy IDE quirk: reg 0x14: [io  0x03f6]
[    4.202768] pci 0000:00:01.1: legacy IDE quirk: reg 0x18: [io  0x0170-0x0177]
[    4.203812] pci 0000:00:01.1: legacy IDE quirk: reg 0x1c: [io  0x0376]
[    4.205626] pci 0000:00:01.3: [8086:7113] type 00 class 0x068000
[    4.207863] pci 0000:00:01.3: quirk: [io  0x0600-0x063f] claimed by PIIX4 ACPI
[    4.209286] pci 0000:00:01.3: quirk: [io  0x0700-0x070f] claimed by PIIX4 SMB
[    4.211267] pci 0000:00:02.0: [1234:1111] type 00 class 0x030000
[    4.212983] pci 0000:00:02.0: reg 0x10: [mem 0xfd000000-0xfdffffff pref]
[    4.215831] pci 0000:00:02.0: reg 0x18: [mem 0xfebf0000-0xfebf0fff]
[    4.221769] pci 0000:00:02.0: reg 0x30: [mem 0xfebe0000-0xfebeffff pref]
[    4.223262] pci 0000:00:02.0: Video device with shadowed ROM at [mem 0x000c0000-0x000dffff]
[    4.232744] pci 0000:00:03.0: [8086:100e] type 00 class 0x020000
[    4.234711] pci 0000:00:03.0: reg 0x10: [mem 0xfebc0000-0xfebdffff]
[    4.236567] pci 0000:00:03.0: reg 0x14: [io  0xc000-0xc03f]
[    4.241012] pci 0000:00:03.0: reg 0x30: [mem 0xfeb80000-0xfebbffff pref]
[    4.268632] ACPI: PCI: Interrupt link LNKA configured for IRQ 10
[    4.270881] ACPI: PCI: Interrupt link LNKB configured for IRQ 10
[    4.272803] ACPI: PCI: Interrupt link LNKC configured for IRQ 11
[    4.274999] ACPI: PCI: Interrupt link LNKD configured for IRQ 11
[    4.276254] ACPI: PCI: Interrupt link LNKS configured for IRQ 9
[    4.279837] iommu: Default domain type: Translated 
[    4.280812] iommu: DMA domain TLB invalidation policy: lazy mode 
[    4.281863] SCSI subsystem initialized
[    4.284255] ACPI: bus type USB registered
[    4.285237] usbcore: registered new interface driver usbfs
[    4.286398] usbcore: registered new interface driver hub
[    4.287873] usbcore: registered new device driver usb
[    4.289078] pps_core: LinuxPPS API ver. 1 registered
[    4.290052] pps_core: Software ver. 5.3.6 - Copyright 2005-2007 Rodolfo Giometti <giometti@linux.it>
[    4.291839] PTP clock support registered
[    4.292711] EDAC MC: Ver: 3.0.0
[    4.293349] NetLabel: Initializing
[    4.294029] NetLabel:  domain hash size = 128
[    4.295815] NetLabel:  protocols = UNLABELED CIPSOv4 CALIPSO
[    4.297052] NetLabel:  unlabeled traffic allowed by default
[    4.299961] PCI: Using ACPI for IRQ routing
[    4.301043] pci 0000:00:02.0: vgaarb: setting as boot VGA device
[    4.301058] pci 0000:00:02.0: vgaarb: bridge control possible
[    4.302188] pci 0000:00:02.0: vgaarb: VGA device added: decodes=io+mem,owns=io+mem,locks=none
[    4.303811] vgaarb: loaded
[    4.304367] hpet0: at MMIO 0xfed00000, IRQs 2, 8, 0
[    4.307813] hpet0: 3 comparators, 64-bit 100.000000 MHz counter
[    4.312049] clocksource: Switched to clocksource kvm-clock
[    4.314485] VFS: Disk quotas dquot_6.6.0
[    4.315323] VFS: Dquot-cache hash table entries: 512 (order 0, 4096 bytes)
[    4.316959] pnp: PnP ACPI init
[    4.321532] pnp: PnP ACPI: found 6 devices
[    4.339087] clocksource: acpi_pm: mask: 0xffffff max_cycles: 0xffffff, max_idle_ns: 2085701024 ns
[    4.341321] NET: Registered PF_INET protocol family
[    4.342471] IP idents hash table entries: 32768 (order: 6, 262144 bytes, linear)
[    4.345467] tcp_listen_portaddr_hash hash table entries: 1024 (order: 4, 73728 bytes, linear)
[    4.347523] Table-perturb hash table entries: 65536 (order: 6, 262144 bytes, linear)
[    4.349110] TCP established hash table entries: 16384 (order: 5, 131072 bytes, linear)
[    4.351111] TCP bind hash table entries: 16384 (order: 9, 2359296 bytes, linear)
[    4.354038] TCP: Hash tables configured (established 16384 bind 16384)
[    4.355565] UDP hash table entries: 1024 (order: 5, 163840 bytes, linear)
[    4.357022] UDP-Lite hash table entries: 1024 (order: 5, 163840 bytes, linear)
[    4.358742] NET: Registered PF_UNIX/PF_LOCAL protocol family
[    4.360561] RPC: Registered named UNIX socket transport module.
[    4.361735] RPC: Registered udp transport module.
[    4.362654] RPC: Registered tcp transport module.
[    4.363574] RPC: Registered tcp NFSv4.1 backchannel transport module.
[    4.364884] pci_bus 0000:00: resource 4 [io  0x0000-0x0cf7 window]
[    4.366092] pci_bus 0000:00: resource 5 [io  0x0d00-0xffff window]
[    4.367295] pci_bus 0000:00: resource 6 [mem 0x000a0000-0x000bffff window]
[    4.368649] pci_bus 0000:00: resource 7 [mem 0x80000000-0xfebfffff window]
[    4.369984] pci_bus 0000:00: resource 8 [mem 0x100000000-0x17fffffff window]
[    4.371759] pci 0000:00:01.0: PIIX3: Enabling Passive Release
[    4.372905] pci 0000:00:00.0: Limiting direct PCI/PCI transfers
[    4.374201] PCI: CLS 0 bytes, default 64
[    4.375574] ACPI: bus type thunderbolt registered
[    4.376946] clocksource: tsc: mask: 0xffffffffffffffff max_cycles: 0x1881273ac8e, max_idle_ns: 440795257284 ns
[    4.378985] sgx: There are zero EPC sections.
[    4.522589] Initialise system trusted keyrings
[    4.523598] Key type blacklist registered
[    4.525082] workingset: timestamp_bits=36 max_order=19 bucket_order=0
[    4.550141] zbud: loaded
[    4.556477] squashfs: version 4.0 (2009/01/31) Phillip Lougher
[    4.561846] NFS: Registering the id_resolver key type
[    4.562887] Key type id_resolver registered
[    4.563716] Key type id_legacy registered
[    4.564734] nfs4filelayout_init: NFSv4 File Layout Driver Registering...
[    4.566066] nfs4flexfilelayout_init: NFSv4 Flexfile Layout Driver Registering...
[    4.567718] fuse: init (API version 7.37)
[    4.569073] SGI XFS with ACLs, security attributes, realtime, quota, no debug enabled
[    4.577163] 9p: Installing v9fs 9p2000 file system support
[    4.586114] Key type asymmetric registered
[    4.586943] Asymmetric key parser 'x509' registered
[    4.589859] alg: self-tests for CTR-KDF (hmac(sha256)) passed
[    4.591086] Block layer SCSI generic (bsg) driver version 0.4 loaded (major 243)
[    4.592722] io scheduler mq-deadline registered
[    4.593980] io scheduler bfq registered
[    4.596641] shpchp: Standard Hot Plug PCI Controller Driver version: 0.4
[    4.598734] IPMI message handler: version 39.2
[    4.599709] ipmi device interface
[    4.602753] input: Power Button as /devices/LNXSYSTM:00/LNXPWRBN:00/input/input0
[    4.604643] ACPI: button: Power Button [PWRF]
[    4.607001] ERST DBG: ERST support is disabled.
[    4.608998] Serial: 8250/16550 driver, 32 ports, IRQ sharing enabled
[    4.611492] 00:04: ttyS0 at I/O 0x3f8 (irq = 4, base_baud = 115200) is a 16550A
[    4.629800] Linux agpgart interface v0.103
[    4.631537] ACPI: bus type drm_connector registered
[    4.654715] brd: module loaded
[    4.667342] loop: module loaded
[    4.676495] scsi host0: ata_piix
[    4.678297] scsi host1: ata_piix
[    4.679304] ata1: PATA max MWDMA2 cmd 0x1f0 ctl 0x3f6 bmdma 0xc040 irq 14
[    4.680654] ata2: PATA max MWDMA2 cmd 0x170 ctl 0x376 bmdma 0xc048 irq 15
[    4.684445] tun: Universal TUN/TAP device driver, 1.6
[    4.685728] e100: Intel(R) PRO/100 Network Driver
[    4.686656] e100: Copyright(c) 1999-2006 Intel Corporation
[    4.687786] e1000: Intel(R) PRO/1000 Network Driver
[    4.688756] e1000: Copyright (c) 1999-2006 Intel Corporation.
[    4.840068] ata2: found unknown device (class 0)
[    4.841603] ata1: found unknown device (class 0)
[    4.843183] ata2.00: ATAPI: QEMU DVD-ROM, 2.5+, max UDMA/100
[    4.844938] ata1.00: ATA-7: QEMU HARDDISK, 2.5+, max UDMA/100
[    4.846066] ata1.00: 16777216 sectors, multi 16: LBA48 
[    4.848860] scsi 0:0:0:0: Direct-Access     ATA      QEMU HARDDISK    2.5+ PQ: 0 ANSI: 5
[    4.852060] sd 0:0:0:0: Attached scsi generic sg0 type 0
[    4.852796] sd 0:0:0:0: [sda] 16777216 512-byte logical blocks: (8.59 GB/8.00 GiB)
[    4.855019] scsi 1:0:0:0: CD-ROM            QEMU     QEMU DVD-ROM     2.5+ PQ: 0 ANSI: 5
[    4.855033] sd 0:0:0:0: [sda] Write Protect is off
[    4.858103] sd 0:0:0:0: [sda] Write cache: enabled, read cache: enabled, doesn't support DPO or FUA
[    4.860415] sd 0:0:0:0: [sda] Preferred minimum I/O size 512 bytes
[    4.881679] sd 0:0:0:0: [sda] Attached SCSI disk
[    4.889020] scsi 1:0:0:0: Attached scsi generic sg1 type 5
[    5.469027] ACPI: \_SB_.LNKC: Enabled at IRQ 11
[    5.830594] e1000 0000:00:03.0 eth0: (PCI:33MHz:32-bit) 52:54:00:12:34:56
[    5.831983] e1000 0000:00:03.0 eth0: Intel(R) PRO/1000 Network Connection
[    5.833458] e1000e: Intel(R) PRO/1000 Network Driver
[    5.834423] e1000e: Copyright(c) 1999 - 2015 Intel Corporation.
[    5.835702] igb: Intel(R) Gigabit Ethernet Network Driver
[    5.836764] igb: Copyright (c) 2007-2014 Intel Corporation.
[    5.838064] PPP generic driver version 2.4.2
[    5.839655] VFIO - User Level meta-driver version: 0.3
[    5.841576] usbcore: registered new interface driver uas
[    5.842741] usbcore: registered new interface driver usb-storage
[    5.844195] i8042: PNP: PS/2 Controller [PNP0303:KBD,PNP0f13:MOU] at 0x60,0x64 irq 1,12
[    5.847042] serio: i8042 KBD port at 0x60,0x64 irq 1
[    5.848108] serio: i8042 AUX port at 0x60,0x64 irq 12
[    5.850220] mousedev: PS/2 mouse device common for all mice
[    5.852672] input: AT Translated Set 2 keyboard as /devices/platform/i8042/serio0/input/input1
[    5.856468] input: VirtualPS/2 VMware VMMouse as /devices/platform/i8042/serio1/input/input4
[    5.858589] rtc_cmos 00:05: RTC can wake from S4
[    5.860292] input: VirtualPS/2 VMware VMMouse as /devices/platform/i8042/serio1/input/input3
[    5.861728] rtc_cmos 00:05: registered as rtc0
[    5.863087] rtc_cmos 00:05: setting system clock to 2023-02-08T02:37:22 UTC (1675823842)
[    5.865000] rtc_cmos 00:05: alarms up to one day, y3k, 242 bytes nvram, hpet irqs
[    5.866596] i2c_dev: i2c /dev entries driver
[    5.867657] device-mapper: core: CONFIG_IMA_DISABLE_HTABLE is disabled. Duplicate IMA measurements will not be recorded in the IMA log.
[    5.870211] device-mapper: uevent: version 1.0.3
[    5.871766] device-mapper: ioctl: 4.47.0-ioctl (2022-07-28) initialised: dm-devel@redhat.com
[    5.873435] intel_pstate: CPU model not supported
[    5.874550] sdhci: Secure Digital Host Controller Interface driver
[    5.875850] sdhci: Copyright(c) Pierre Ossman
[    5.876853] sdhci-pltfm: SDHCI platform and OF driver helper
[    5.878045] ledtrig-cpu: registered to indicate activity on CPUs
[    5.879855] drop_monitor: Initializing network drop monitor service
[    5.882465] NET: Registered PF_INET6 protocol family
[    5.887232] Segment Routing with IPv6
[    5.888054] In-situ OAM (IOAM) with IPv6
[    5.888910] NET: Registered PF_PACKET protocol family
[    5.890322] 9pnet: Installing 9P2000 support
[    5.891283] Key type dns_resolver registered
[    5.893415] IPI shorthand broadcast: enabled
[    5.894368] sched_clock: Marking stable (5859300308, 33829618)->(5924670585, -31540659)
[    5.897152] registered taskstats version 1
[    5.898203] Loading compiled-in X.509 certificates
[    5.899974] zswap: loaded using pool lzo/zbud
[    5.903238] Key type .fscrypt registered
[    5.904066] Key type fscrypt-provisioning registered
[    5.906670] Key type encrypted registered
[    5.907558] ima: No TPM chip found, activating TPM-bypass!
[    5.908707] ima: Allocated hash algorithm: sha1
[    5.909676] ima: No architecture policies found
[    5.910671] evm: Initialising EVM extended attributes:
[    5.911676] evm: security.selinux
[    5.912348] evm: security.SMACK64
[    5.913009] evm: security.SMACK64EXEC
[    5.913738] evm: security.SMACK64TRANSMUTE
[    5.914543] evm: security.SMACK64MMAP
[    5.915269] evm: security.apparmor
[    5.915954] evm: security.ima
[    5.916540] evm: security.capability
[    5.917247] evm: HMAC attrs: 0x1
[    5.925444] PM:   Magic number: 11:365:611
[    5.927370] RAS: Correctable Errors collector initialized.
[    5.930282] md: Waiting for all devices to be available before autodetect
[    5.931249] md: If you don't use raid, use raid=noautodetect
[    5.932249] md: Autodetecting RAID arrays.
[    5.932848] md: autorun ...
[    5.933253] md: ... autorun DONE.
[    5.939097] EXT4-fs (sda): INFO: recovery required on readonly filesystem
[    5.940397] EXT4-fs (sda): write access will be enabled during recovery
[    6.280137] EXT4-fs (sda): recovery complete
[    6.282310] EXT4-fs (sda): mounted filesystem with ordered data mode. Quota mode: none.
[    6.283516] VFS: Mounted root (ext4 filesystem) readonly on device 8:0.
[    6.285162] devtmpfs: mounted
[    6.304731] Freeing unused decrypted memory: 2036K
[    6.306910] Freeing unused kernel image (initmem) memory: 4576K
[    6.307836] Write protecting the kernel read-only data: 83968k
[    6.312085] Freeing unused kernel image (text/rodata gap) memory: 2028K
[    6.313387] Freeing unused kernel image (rodata/data gap) memory: 324K
[    7.990463] x86/mm: Checked W+X mappings: passed, no W+X pages found.
[    7.991446] Run /sbin/init as init process
[    8.128355] systemd[1]: RTC configured in localtime, applying delta of 0 minutes to system time.
[    8.175252] systemd[1]: systemd 239 (239-49.el8) running in system mode. (+PAM +AUDIT +SELINUX +IMA -APPARMOR +SMACK +SYSVINIT +UTMP +LIBCRYPTSETUP +GCRYPT +GNUTLS +ACL +XZ +LZ4 +SECCOMP +BLKID +ELFUTILS +KMOD +IDN2 -IDN +PCRE2 default-hierarchy=legacy)
[    8.178746] systemd[1]: Detected virtualization kvm.
[    8.179464] systemd[1]: Detected architecture x86-64.

Welcome to [0;31mCentOS Stream 8[0m!

[    8.235795] systemd[1]: Set hostname to <test>.
[    8.701040] systemd[1]: Listening on LVM2 poll daemon socket.
[[0;32m  OK  [0m] Listening on LVM2 poll daemon socket.
[    8.721400] systemd[1]: Listening on Process Core Dump Socket.
[[0;32m  OK  [0m] Listening on Process Core Dump Socket.
[    8.728237] systemd[1]: Created slice system-getty.slice.
[[0;32m  OK  [0m] Created slice system-getty.slice.
[    8.731216] systemd[1]: Listening on RPCbind Server Activation Socket.
[[0;32m  OK  [0m] Listening on RPCbind Server Activation Socket.
[    8.734902] systemd[1]: Created slice system-serial\x2dgetty.slice.
[[0;32m  OK  [0m] Created slice system-serial\x2dgetty.slice.
[    8.739119] systemd[1]: Listening on Journal Socket.
[[0;32m  OK  [0m] Listening on Journal Socket.
         Starting Load Kernel Modules...
[[0;32m  OK  [0m] Started Forward Password Requests to Wall Directory Watch.
         Mounting Huge Pages File System...
[[0;32m  OK  [0m] Created slice User and Session Slice.
         Mounting Kernel Debug File System...
[[0;32m  OK  [0m] Reached target Swap.
[[0;32m  OK  [0m] Listening on initctl Compatibility Named Pipe.
         Starting Remount Root and Kernel File Systems...
         Mounting POSIX Message Queue File System...
[[0;32m  OK  [0m] Listening on udev Control Socket.
[[0;32m  OK  [0m] Listening on Device-mapper event daemon FIFOs.
         Starting Monitoring of LVM2 mirrorsâ€¦ng dmeventd or progress polling...
[[0;32m  OK  [0m] Reached target RPC Port Mapper.
[[0;32m  OK  [0m] Created slice system-sshd\x2dkeygen.slice.
[[0;32m  OK  [0m] Listening on udev Kernel Socket.
         Starting udev Coldplug all Devices...
         Starting Setup Virtual Console...
[[0;32m  OK  [0m] Listening on Journal Socket (/dev/log).
         Starting Journal Service...
[[0;32m  OK  [0m] Reached target Slices.
[[0;32m  OK  [0m] Set up automount Arbitrary Executabâ€¦rmats File System Automount Point.
[[0;32m  OK  [0m] Listening on multipathd control socket.
[[0;1;31mFAILED[0m] Failed to start Load Kernel Modules.
See 'systemctl status systemd-modules-load.service' for details.
[[0;32m  OK  [0m] Mounted Huge Pages File System.
[[0;32m  OK  [0m] Mounted Kernel Debug File System.
[[0;32m  OK  [0m] Mounted POSIX Message Queue File System.
[    9.236221] EXT4-fs (sda): re-mounted. Quota mode: none.
         Starting Apply Kernel Variables...
         Mounting Kernel Configuration File System...
         Mounting FUSE Control File System...
[[0;32m  OK  [0m] Started Journal Service.
[[0;32m  OK  [0m] Started Remount Root and Kernel File Systems.
[[0;32m  OK  [0m] Started Apply Kernel Variables.
[[0;32m  OK  [0m] Mounted Kernel Configuration File System.
[[0;32m  OK  [0m] Mounted FUSE Control File System.
         Starting Create Static Device Nodes in /dev...
         Starting Load/Save Random Seed...
         Starting Flush Journal to Persistent Storage...
[[0;32m  OK  [0m] Started Load/Save Random Seed.
[[0;32m  OK  [0m] Started Flush Journal to Persistent Storage.
[[0;32m  OK  [0m] Started Create Static Device Nodes in /dev.
         Starting udev Kernel Device Manager...
[[0;32m  OK  [0m] Started Setup Virtual Console.
[[0;32m  OK  [0m] Started udev Kernel Device Manager.
[[0;32m  OK  [0m] Started udev Coldplug all Devices.
         Starting udev Wait for Complete Device Initialization...
         Starting Show Plymouth Boot Screen...
[[0;32m  OK  [0m] Started Show Plymouth Boot Screen.
[[0;32m  OK  [0m] Started Forward Password Requests to Plymouth Directory Watch.
[[0;32m  OK  [0m] Reached target Local Encrypted Volumes.
[[0;32m  OK  [0m] Reached target Paths.
[[0;32m  OK  [0m] Found device /dev/ttyS0.
[[0;32m  OK  [0m] Started Monitoring of LVM2 mirrors,â€¦sing dmeventd or progress polling.
[[0;32m  OK  [0m] Started udev Wait for Complete Device Initialization.
[[0;32m  OK  [0m] Listening on Load/Save RF Kill Switch Status /dev/rfkill Watch.
[[0;32m  OK  [0m] Reached target Local File Systems (Pre).
[[0;32m  OK  [0m] Reached target Local File Systems.
         Starting Restore /run/initramfs on shutdown...
         Starting Create Volatile Files and Directories...
         Starting Tell Plymouth To Write Out Runtime Data...
[[0;32m  OK  [0m] Started Restore /run/initramfs on shutdown.
[[0;32m  OK  [0m] Started Create Volatile Files and Directories.
[[0;32m  OK  [0m] Started Tell Plymouth To Write Out Runtime Data.
         Mounting RPC Pipe File System...
         Starting Security Auditing Service...
         Starting RPC Bind...
[[0;32m  OK  [0m] Mounted RPC Pipe File System.
[[0;32m  OK  [0m] Reached target rpc_pipefs.target.
[[0;32m  OK  [0m] Started RPC Bind.
[[0;32m  OK  [0m] Started Security Auditing Service.
         Starting Update UTMP about System Boot/Shutdown...
[[0;32m  OK  [0m] Started Update UTMP about System Boot/Shutdown.
[[0;32m  OK  [0m] Reached target System Initialization.
[[0;32m  OK  [0m] Listening on SSSD Kerberos Cache Manager responder socket.
[[0;32m  OK  [0m] Started daily update of the root trust anchor for DNSSEC.
[[0;32m  OK  [0m] Started Daily Cleanup of Temporary Directories.
[[0;32m  OK  [0m] Started dnf makecache --timer.
[[0;32m  OK  [0m] Reached target Timers.
[[0;32m  OK  [0m] Listening on D-Bus System Message Bus Socket.
[[0;32m  OK  [0m] Reached target Sockets.
[[0;32m  OK  [0m] Reached target Basic System.
         Starting Login Service...
         Starting Self Monitoring and Reporting Technology (SMART) Daemon...
         Starting Auto-connect to subsystemsâ€¦-NVME devices found during boot...
[[0;32m  OK  [0m] Started D-Bus System Message Bus.
         Starting Network Manager...
         Starting NTP client/server...
[[0;32m  OK  [0m] Started irqbalance daemon.
[[0;32m  OK  [0m] Started Machine Check Exception Logging Daemon.
[[0;32m  OK  [0m] Reached target sshd-keygen.target.
         Starting Authorization Manager...
[[0;32m  OK  [0m] Started Self Monitoring and Reporting Technology (SMART) Daemon.
[[0;32m  OK  [0m] Started Auto-connect to subsystems â€¦FC-NVME devices found during boot.
         Starting update of the root trust aâ€¦or DNSSEC validation in unbound...
[[0;32m  OK  [0m] Started Login Service.
[[0;32m  OK  [0m] Started Network Manager.
[[0;32m  OK  [0m] Reached target Network.
         Starting Dynamic System Tuning Daemon...
         Starting OpenSSH server daemon...
         Starting GSSAPI Proxy Daemon...
         Starting Network Manager Wait Online...
[[0;32m  OK  [0m] Started update of the root trust anâ€¦ for DNSSEC validation in unbound.
[[0;32m  OK  [0m] Started OpenSSH server daemon.
[[0;32m  OK  [0m] Started NTP client/server.
[[0;32m  OK  [0m] Started Authorization Manager.
         Starting Hostname Service...
[[0;32m  OK  [0m] Started GSSAPI Proxy Daemon.
[[0;32m  OK  [0m] Reached target NFS client services.
[[0;32m  OK  [0m] Reached target Remote File Systems (Pre).
[[0;32m  OK  [0m] Reached target Remote File Systems.
         Starting Permit User Sessions...
[[0;32m  OK  [0m] Started Permit User Sessions.
         Starting Terminate Plymouth Boot Screen...
[[0;32m  OK  [0m] Started Command Scheduler.
         Starting Hold until boot process finishes up...
[[0;32m  OK  [0m] Started Terminate Plymouth Boot Screen.
[[0;32m  OK  [0m] Started Hold until boot process finishes up.
[   13.503979] e1000: eth0 NIC Link is Up 1000 Mbps Full Duplex, Flow Control: RX
[   13.505726] IPv6: ADDRCONF(NETDEV_CHANGE): eth0: link becomes ready
[   13.698747] Spectre V2 : WARNING: Unprivileged eBPF is enabled with eIBRS on, data leaks possible via Spectre v2 BHB attacks!
[   13.700494] Spectre V2 : WARNING: Unprivileged eBPF is enabled with eIBRS on, data leaks possible via Spectre v2 BHB attacks!

CentOS Stream 8
Kernel 6.1.0-rc4-7dd73802f97d+ on an x86_64

test login: [   29.981521] loop0: detected capacity change from 0 to 65536
[   29.986089] XFS (loop0): Mounting V5 Filesystem e4654a66-62e5-4963-a81e-012d9d4871af
[   29.994790] XFS (loop0): Ending clean mount
[   30.004151] XFS (loop0): Metadata CRC error detected at xfs_allocbt_read_verify+0x33/0x320, xfs_bnobt block 0x4 
[   30.005695] XFS (loop0): Unmount and run xfs_repair
[   30.006391] XFS (loop0): First 128 bytes of corrupted metadata buffer:
[   30.007299] 00000000: 41 42 33 42 00 00 00 02 ff ff ff ff ff ff ff ff  AB3B............
[   30.008436] 00000010: 00 00 00 00 00 00 00 04 00 00 00 01 00 00 00 10  ................
[   30.009547] 00000020: e4 65 4a 66 62 e5 49 63 a8 1e 01 2d 9d 48 71 af  .eJfb.Ic...-.Hq.
[   30.010651] 00000030: 00 00 00 00 6b 5f 31 7a 00 00 00 16 00 00 00 0a  ....k_1z........
[   30.011753] 00000040: 00 00 00 40 00 00 3f c0 00 00 00 00 00 00 00 00  ...@..?.........
[   30.012868] 00000050: 00 00 00 00 00 00 00 00 00 00 00 00 00 00 00 00  ................
[   30.013971] 00000060: 00 00 00 00 00 00 00 00 00 00 00 00 00 00 00 1f  ................
[   30.015075] 00000070: 00 00 00 00 00 00 00 00 00 00 00 00 00 00 00 00  ................
[   30.020190] XFS (loop0): metadata I/O error in "xfs_btree_read_buf_block.constprop.29+0x216/0x3a0" at daddr 0x4 len 2 error 74
[   30.022150] XFS (loop0): page discard on page 000000001b75ebee, inode 0x49, pos 0.
[   30.024249] XFS (loop0): Metadata CRC error detected at xfs_allocbt_read_verify+0x33/0x320, xfs_bnobt block 0x4 
[   30.025723] XFS (loop0): Unmount and run xfs_repair
[   30.026412] XFS (loop0): First 128 bytes of corrupted metadata buffer:
[   30.027326] 00000000: 41 42 33 42 00 00 00 02 ff ff ff ff ff ff ff ff  AB3B............
[   30.028470] 00000010: 00 00 00 00 00 00 00 04 00 00 00 01 00 00 00 10  ................
[   30.029586] 00000020: e4 65 4a 66 62 e5 49 63 a8 1e 01 2d 9d 48 71 af  .eJfb.Ic...-.Hq.
[   30.030695] 00000030: 00 00 00 00 6b 5f 31 7a 00 00 00 16 00 00 00 0a  ....k_1z........
[   30.031823] 00000040: 00 00 00 40 00 00 3f c0 00 00 00 00 00 00 00 00  ...@..?.........
[   30.032938] 00000050: 00 00 00 00 00 00 00 00 00 00 00 00 00 00 00 00  ................
[   30.034046] 00000060: 00 00 00 00 00 00 00 00 00 00 00 00 00 00 00 1f  ................
[   30.035153] 00000070: 00 00 00 00 00 00 00 00 00 00 00 00 00 00 00 00  ................
[   30.039852] XFS (loop0): metadata I/O error in "xfs_btree_read_buf_block.constprop.29+0x216/0x3a0" at daddr 0x4 len 2 error 74
[   30.041527] XFS (loop0): page discard on page 000000001b75ebee, inode 0x49, pos 0.
[   30.049325] XFS (loop0): Metadata CRC error detected at xfs_allocbt_read_verify+0x33/0x320, xfs_bnobt block 0x4 
[   30.050803] XFS (loop0): Unmount and run xfs_repair
[   30.051497] XFS (loop0): First 128 bytes of corrupted metadata buffer:
[   30.052435] 00000000: 41 42 33 42 00 00 00 02 ff ff ff ff ff ff ff ff  AB3B............
[   30.053556] 00000010: 00 00 00 00 00 00 00 04 00 00 00 01 00 00 00 10  ................
[   30.054657] 00000020: e4 65 4a 66 62 e5 49 63 a8 1e 01 2d 9d 48 71 af  .eJfb.Ic...-.Hq.
[   30.055758] 00000030: 00 00 00 00 6b 5f 31 7a 00 00 00 16 00 00 00 0a  ....k_1z........
[   30.056877] 00000040: 00 00 00 40 00 00 3f c0 00 00 00 00 00 00 00 00  ...@..?.........
[   30.057980] 00000050: 00 00 00 00 00 00 00 00 00 00 00 00 00 00 00 00  ................
[   30.059083] 00000060: 00 00 00 00 00 00 00 00 00 00 00 00 00 00 00 1f  ................
[   30.060202] 00000070: 00 00 00 00 00 00 00 00 00 00 00 00 00 00 00 00  ................
[   30.061319] XFS (loop0): metadata I/O error in "xfs_btree_read_buf_block.constprop.29+0x216/0x3a0" at daddr 0x4 len 2 error 74
[   30.062992] XFS (loop0): page discard on page 000000001b75ebee, inode 0x49, pos 0.
[   30.069515] XFS (loop0): Metadata CRC error detected at xfs_allocbt_read_verify+0x33/0x320, xfs_bnobt block 0x4 
[   30.070975] XFS (loop0): Unmount and run xfs_repair
[   30.071667] XFS (loop0): First 128 bytes of corrupted metadata buffer:
[   30.072640] 00000000: 41 42 33 42 00 00 00 02 ff ff ff ff ff ff ff ff  AB3B............
[   30.073754] 00000010: 00 00 00 00 00 00 00 04 00 00 00 01 00 00 00 10  ................
[   30.074859] 00000020: e4 65 4a 66 62 e5 49 63 a8 1e 01 2d 9d 48 71 af  .eJfb.Ic...-.Hq.
[   30.075975] 00000030: 00 00 00 00 6b 5f 31 7a 00 00 00 16 00 00 00 0a  ....k_1z........
[   30.077078] 00000040: 00 00 00 40 00 00 3f c0 00 00 00 00 00 00 00 00  ...@..?.........
[   30.078186] 00000050: 00 00 00 00 00 00 00 00 00 00 00 00 00 00 00 00  ................
[   30.079293] 00000060: 00 00 00 00 00 00 00 00 00 00 00 00 00 00 00 1f  ................
[   30.080408] 00000070: 00 00 00 00 00 00 00 00 00 00 00 00 00 00 00 00  ................
[   30.081529] XFS (loop0): metadata I/O error in "xfs_btree_read_buf_block.constprop.29+0x216/0x3a0" at daddr 0x4 len 2 error 74
[   30.083455] XFS (loop0): page discard on page 00000000331c2d7b, inode 0x49, pos 4096.
[   30.095843] XFS (loop0): Metadata CRC error detected at xfs_allocbt_read_verify+0x33/0x320, xfs_bnobt block 0x4 
[   30.097311] XFS (loop0): Unmount and run xfs_repair
[   30.098000] XFS (loop0): First 128 bytes of corrupted metadata buffer:
[   30.098920] 00000000: 41 42 33 42 00 00 00 02 ff ff ff ff ff ff ff ff  AB3B............
[   30.100060] 00000010: 00 00 00 00 00 00 00 04 00 00 00 01 00 00 00 10  ................
[   30.101184] 00000020: e4 65 4a 66 62 e5 49 63 a8 1e 01 2d 9d 48 71 af  .eJfb.Ic...-.Hq.
[   30.102283] 00000030: 00 00 00 00 6b 5f 31 7a 00 00 00 16 00 00 00 0a  ....k_1z........
[   30.103387] 00000040: 00 00 00 40 00 00 3f c0 00 00 00 00 00 00 00 00  ...@..?.........
[   30.104503] 00000050: 00 00 00 00 00 00 00 00 00 00 00 00 00 00 00 00  ................
[   30.105608] 00000060: 00 00 00 00 00 00 00 00 00 00 00 00 00 00 00 1f  ................
[   30.106718] 00000070: 00 00 00 00 00 00 00 00 00 00 00 00 00 00 00 00  ................
[   30.107849] XFS (loop0): metadata I/O error in "xfs_btree_read_buf_block.constprop.29+0x216/0x3a0" at daddr 0x4 len 2 error 74
[   30.109529] XFS (loop0): page discard on page 000000001b75ebee, inode 0x49, pos 0.
[   30.110844] XFS (loop0): Metadata CRC error detected at xfs_allocbt_read_verify+0x33/0x320, xfs_bnobt block 0x4 
[   30.112398] XFS (loop0): Unmount and run xfs_repair
[   30.113093] XFS (loop0): First 128 bytes of corrupted metadata buffer:
[   30.114003] 00000000: 41 42 33 42 00 00 00 02 ff ff ff ff ff ff ff ff  AB3B............
[   30.115108] 00000010: 00 00 00 00 00 00 00 04 00 00 00 01 00 00 00 10  ................
[   30.116269] 00000020: e4 65 4a 66 62 e5 49 63 a8 1e 01 2d 9d 48 71 af  .eJfb.Ic...-.Hq.
[   30.117380] 00000030: 00 00 00 00 6b 5f 31 7a 00 00 00 16 00 00 00 0a  ....k_1z........
[   30.118480] 00000040: 00 00 00 40 00 00 3f c0 00 00 00 00 00 00 00 00  ...@..?.........
[   30.119583] 00000050: 00 00 00 00 00 00 00 00 00 00 00 00 00 00 00 00  ................
[   30.120704] 00000060: 00 00 00 00 00 00 00 00 00 00 00 00 00 00 00 1f  ................
[   30.121817] 00000070: 00 00 00 00 00 00 00 00 00 00 00 00 00 00 00 00  ................
[   30.122945] XFS (loop0): metadata I/O error in "xfs_btree_read_buf_block.constprop.29+0x216/0x3a0" at daddr 0x4 len 2 error 74
[   30.125115] XFS (loop0): page discard on page 000000001b75ebee, inode 0x49, pos 0.
[   30.127082] XFS (loop0): Metadata CRC error detected at xfs_allocbt_read_verify+0x33/0x320, xfs_bnobt block 0x4 
[   30.128604] XFS (loop0): Unmount and run xfs_repair
[   30.129306] XFS (loop0): First 128 bytes of corrupted metadata buffer:
[   30.130220] 00000000: 41 42 33 42 00 00 00 02 ff ff ff ff ff ff ff ff  AB3B............
[   30.131329] 00000010: 00 00 00 00 00 00 00 04 00 00 00 01 00 00 00 10  ................
[   30.132476] 00000020: e4 65 4a 66 62 e5 49 63 a8 1e 01 2d 9d 48 71 af  .eJfb.Ic...-.Hq.
[   30.133593] 00000030: 00 00 00 00 6b 5f 31 7a 00 00 00 16 00 00 00 0a  ....k_1z........
[   30.134698] 00000040: 00 00 00 40 00 00 3f c0 00 00 00 00 00 00 00 00  ...@..?.........
[   30.135801] 00000050: 00 00 00 00 00 00 00 00 00 00 00 00 00 00 00 00  ................
[   30.136943] 00000060: 00 00 00 00 00 00 00 00 00 00 00 00 00 00 00 1f  ................
[   30.138054] 00000070: 00 00 00 00 00 00 00 00 00 00 00 00 00 00 00 00  ................
[   30.139178] XFS (loop0): metadata I/O error in "xfs_btree_read_buf_block.constprop.29+0x216/0x3a0" at daddr 0x4 len 2 error 74
[   30.140839] XFS (loop0): page discard on page 000000001b75ebee, inode 0x49, pos 0.
[   30.142115] XFS (loop0): Metadata CRC error detected at xfs_allocbt_read_verify+0x33/0x320, xfs_bnobt block 0x4 
[   30.143561] XFS (loop0): Unmount and run xfs_repair
[   30.144287] XFS (loop0): First 128 bytes of corrupted metadata buffer:
[   30.145212] 00000000: 41 42 33 42 00 00 00 02 ff ff ff ff ff ff ff ff  AB3B............
[   30.146327] 00000010: 00 00 00 00 00 00 00 04 00 00 00 01 00 00 00 10  ................
[   30.147443] 00000020: e4 65 4a 66 62 e5 49 63 a8 1e 01 2d 9d 48 71 af  .eJfb.Ic...-.Hq.
[   30.148580] 00000030: 00 00 00 00 6b 5f 31 7a 00 00 00 16 00 00 00 0a  ....k_1z........
[   30.149700] 00000040: 00 00 00 40 00 00 3f c0 00 00 00 00 00 00 00 00  ...@..?.........
[   30.150813] 00000050: 00 00 00 00 00 00 00 00 00 00 00 00 00 00 00 00  ................
[   30.151946] 00000060: 00 00 00 00 00 00 00 00 00 00 00 00 00 00 00 1f  ................
[   30.153060] 00000070: 00 00 00 00 00 00 00 00 00 00 00 00 00 00 00 00  ................
[   30.154297] XFS (loop0): metadata I/O error in "xfs_btree_read_buf_block.constprop.29+0x216/0x3a0" at daddr 0x4 len 2 error 74
[   30.155985] XFS (loop0): page discard on page 000000001b75ebee, inode 0x49, pos 0.
[   30.157331] XFS (loop0): Metadata CRC error detected at xfs_allocbt_read_verify+0x33/0x320, xfs_bnobt block 0x4 
[   30.158812] XFS (loop0): Unmount and run xfs_repair
[   30.159504] XFS (loop0): First 128 bytes of corrupted metadata buffer:
[   30.160453] 00000000: 41 42 33 42 00 00 00 02 ff ff ff ff ff ff ff ff  AB3B............
[   30.161573] 00000010: 00 00 00 00 00 00 00 04 00 00 00 01 00 00 00 10  ................
[   30.162684] 00000020: e4 65 4a 66 62 e5 49 63 a8 1e 01 2d 9d 48 71 af  .eJfb.Ic...-.Hq.
[   30.163796] 00000030: 00 00 00 00 6b 5f 31 7a 00 00 00 16 00 00 00 0a  ....k_1z........
[   30.164940] 00000040: 00 00 00 40 00 00 3f c0 00 00 00 00 00 00 00 00  ...@..?.........
[   30.166054] 00000050: 00 00 00 00 00 00 00 00 00 00 00 00 00 00 00 00  ................
[   30.167167] 00000060: 00 00 00 00 00 00 00 00 00 00 00 00 00 00 00 1f  ................
[   30.168303] 00000070: 00 00 00 00 00 00 00 00 00 00 00 00 00 00 00 00  ................
[   30.169437] XFS (loop0): metadata I/O error in "xfs_btree_read_buf_block.constprop.29+0x216/0x3a0" at daddr 0x4 len 2 error 74
[   30.171109] XFS (loop0): page discard on page 000000001b75ebee, inode 0x49, pos 0.
[   30.172471] XFS (loop0): Metadata CRC error detected at xfs_allocbt_read_verify+0x33/0x320, xfs_bnobt block 0x4 
[   30.173932] XFS (loop0): Unmount and run xfs_repair
[   30.174628] XFS (loop0): First 128 bytes of corrupted metadata buffer:
[   30.175543] 00000000: 41 42 33 42 00 00 00 02 ff ff ff ff ff ff ff ff  AB3B............
[   30.176688] 00000010: 00 00 00 00 00 00 00 04 00 00 00 01 00 00 00 10  ................
[   30.177808] 00000020: e4 65 4a 66 62 e5 49 63 a8 1e 01 2d 9d 48 71 af  .eJfb.Ic...-.Hq.
[   30.178924] 00000030: 00 00 00 00 6b 5f 31 7a 00 00 00 16 00 00 00 0a  ....k_1z........
[   30.180058] 00000040: 00 00 00 40 00 00 3f c0 00 00 00 00 00 00 00 00  ...@..?.........
[   30.181181] 00000050: 00 00 00 00 00 00 00 00 00 00 00 00 00 00 00 00  ................
[   30.182286] 00000060: 00 00 00 00 00 00 00 00 00 00 00 00 00 00 00 1f  ................
[   30.183391] 00000070: 00 00 00 00 00 00 00 00 00 00 00 00 00 00 00 00  ................
[   30.184526] XFS (loop0): metadata I/O error in "xfs_btree_read_buf_block.constprop.29+0x216/0x3a0" at daddr 0x4 len 2 error 74
[   30.186201] XFS (loop0): page discard on page 000000001b75ebee, inode 0x49, pos 0.
[   30.187558] XFS (loop0): Metadata CRC error detected at xfs_allocbt_read_verify+0x33/0x320, xfs_bnobt block 0x4 
[   30.189071] XFS (loop0): Unmount and run xfs_repair
[   30.189773] XFS (loop0): First 128 bytes of corrupted metadata buffer:
[   30.190682] 00000000: 41 42 33 42 00 00 00 02 ff ff ff ff ff ff ff ff  AB3B............
[   30.191785] 00000010: 00 00 00 00 00 00 00 04 00 00 00 01 00 00 00 10  ................
[   30.192908] 00000020: e4 65 4a 66 62 e5 49 63 a8 1e 01 2d 9d 48 71 af  .eJfb.Ic...-.Hq.
[   30.194025] 00000030: 00 00 00 00 6b 5f 31 7a 00 00 00 16 00 00 00 0a  ....k_1z........
[   30.195140] 00000040: 00 00 00 40 00 00 3f c0 00 00 00 00 00 00 00 00  ...@..?.........
[   30.196290] 00000050: 00 00 00 00 00 00 00 00 00 00 00 00 00 00 00 00  ................
[   30.197406] 00000060: 00 00 00 00 00 00 00 00 00 00 00 00 00 00 00 1f  ................
[   30.198519] 00000070: 00 00 00 00 00 00 00 00 00 00 00 00 00 00 00 00  ................
[   30.200183] XFS (loop0): Metadata CRC error detected at xfs_allocbt_read_verify+0x33/0x320, xfs_bnobt block 0x4 
[   30.201627] XFS (loop0): Unmount and run xfs_repair
[   30.202318] XFS (loop0): First 128 bytes of corrupted metadata buffer:
[   30.203234] 00000000: 41 42 33 42 00 00 00 02 ff ff ff ff ff ff ff ff  AB3B............
[   30.204401] 00000010: 00 00 00 00 00 00 00 04 00 00 00 01 00 00 00 10  ................
[   30.205520] 00000020: e4 65 4a 66 62 e5 49 63 a8 1e 01 2d 9d 48 71 af  .eJfb.Ic...-.Hq.
[   30.206626] 00000030: 00 00 00 00 6b 5f 31 7a 00 00 00 16 00 00 00 0a  ....k_1z........
[   30.207732] 00000040: 00 00 00 40 00 00 3f c0 00 00 00 00 00 00 00 00  ...@..?.........
[   30.208860] 00000050: 00 00 00 00 00 00 00 00 00 00 00 00 00 00 00 00  ................
[   30.209979] 00000060: 00 00 00 00 00 00 00 00 00 00 00 00 00 00 00 1f  ................
[   30.211093] 00000070: 00 00 00 00 00 00 00 00 00 00 00 00 00 00 00 00  ................
[   30.212881] XFS (loop0): Metadata CRC error detected at xfs_allocbt_read_verify+0x33/0x320, xfs_bnobt block 0x4 
[   30.214360] XFS (loop0): Unmount and run xfs_repair
[   30.215043] XFS (loop0): First 128 bytes of corrupted metadata buffer:
[   30.215999] 00000000: 41 42 33 42 00 00 00 02 ff ff ff ff ff ff ff ff  AB3B............
[   30.217118] 00000010: 00 00 00 00 00 00 00 04 00 00 00 01 00 00 00 10  ................
[   30.218225] 00000020: e4 65 4a 66 62 e5 49 63 a8 1e 01 2d 9d 48 71 af  .eJfb.Ic...-.Hq.
[   30.219327] 00000030: 00 00 00 00 6b 5f 31 7a 00 00 00 16 00 00 00 0a  ....k_1z........
[   30.220450] 00000040: 00 00 00 40 00 00 3f c0 00 00 00 00 00 00 00 00  ...@..?.........
[   30.221567] 00000050: 00 00 00 00 00 00 00 00 00 00 00 00 00 00 00 00  ................
[   30.222677] 00000060: 00 00 00 00 00 00 00 00 00 00 00 00 00 00 00 1f  ................
[   30.223787] 00000070: 00 00 00 00 00 00 00 00 00 00 00 00 00 00 00 00  ................
[   30.225282] XFS (loop0): Metadata CRC error detected at xfs_allocbt_read_verify+0x33/0x320, xfs_bnobt block 0x4 
[   30.226729] XFS (loop0): Unmount and run xfs_repair
[   30.227420] XFS (loop0): First 128 bytes of corrupted metadata buffer:
[   30.228371] 00000000: 41 42 33 42 00 00 00 02 ff ff ff ff ff ff ff ff  AB3B............
[   30.229487] 00000010: 00 00 00 00 00 00 00 04 00 00 00 01 00 00 00 10  ................
[   30.230597] 00000020: e4 65 4a 66 62 e5 49 63 a8 1e 01 2d 9d 48 71 af  .eJfb.Ic...-.Hq.
[   30.231709] 00000030: 00 00 00 00 6b 5f 31 7a 00 00 00 16 00 00 00 0a  ....k_1z........
[   30.232852] 00000040: 00 00 00 40 00 00 3f c0 00 00 00 00 00 00 00 00  ...@..?.........
[   30.233970] 00000050: 00 00 00 00 00 00 00 00 00 00 00 00 00 00 00 00  ................
[   30.235082] 00000060: 00 00 00 00 00 00 00 00 00 00 00 00 00 00 00 1f  ................
[   30.236212] 00000070: 00 00 00 00 00 00 00 00 00 00 00 00 00 00 00 00  ................
[   30.242060] XFS (loop0): Unmounting Filesystem e4654a66-62e5-4963-a81e-012d9d4871af
[   30.595470] loop0: detected capacity change from 0 to 65536
[   30.598176] XFS (loop0): Mounting V5 Filesystem e4654a66-62e5-4963-a81e-012d9d4871af
[   30.606261] XFS (loop0): Ending clean mount
[   30.626181] XFS (loop0): Metadata CRC error detected at xfs_allocbt_read_verify+0x33/0x320, xfs_bnobt block 0x4 
[   30.627682] XFS (loop0): Unmount and run xfs_repair
[   30.628435] XFS (loop0): First 128 bytes of corrupted metadata buffer:
[   30.629354] 00000000: 41 42 33 42 00 00 00 02 ff ff ff ff ff ff ff ff  AB3B............
[   30.630455] 00000010: 00 00 00 00 00 00 00 04 00 00 00 01 00 00 00 10  ................
[   30.631555] 00000020: e4 65 4a 66 62 e5 49 63 a8 1e 01 2d 9d 48 71 af  .eJfb.Ic...-.Hq.
[   30.632670] 00000030: 00 00 00 00 6b 5f 31 7a 00 00 00 16 00 00 00 0a  ....k_1z........
[   30.633771] 00000040: 00 00 00 40 00 00 3f c0 00 00 00 00 00 00 00 00  ...@..?.........
[   30.634873] 00000050: 00 00 00 00 00 00 00 00 00 00 00 00 00 00 00 00  ................
[   30.635986] 00000060: 00 00 00 00 00 00 00 00 00 00 00 00 00 00 00 1f  ................
[   30.637090] 00000070: 00 00 00 00 00 00 00 00 00 00 00 00 00 00 00 00  ................
[   30.638750] XFS (loop0): metadata I/O error in "xfs_btree_read_buf_block.constprop.29+0x216/0x3a0" at daddr 0x4 len 2 error 74
[   30.640715] XFS (loop0): Metadata CRC error detected at xfs_allocbt_read_verify+0x33/0x320, xfs_bnobt block 0x4 
[   30.642179] XFS (loop0): Unmount and run xfs_repair
[   30.642874] XFS (loop0): First 128 bytes of corrupted metadata buffer:
[   30.643788] 00000000: 41 42 33 42 00 00 00 02 ff ff ff ff ff ff ff ff  AB3B............
[   30.644960] 00000010: 00 00 00 00 00 00 00 04 00 00 00 01 00 00 00 10  ................
[   30.646077] 00000020: e4 65 4a 66 62 e5 49 63 a8 1e 01 2d 9d 48 71 af  .eJfb.Ic...-.Hq.
[   30.647184] 00000030: 00 00 00 00 6b 5f 31 7a 00 00 00 16 00 00 00 0a  ....k_1z........
[   30.648320] 00000040: 00 00 00 40 00 00 3f c0 00 00 00 00 00 00 00 00  ...@..?.........
[   30.649437] 00000050: 00 00 00 00 00 00 00 00 00 00 00 00 00 00 00 00  ................
[   30.650546] 00000060: 00 00 00 00 00 00 00 00 00 00 00 00 00 00 00 1f  ................
[   30.651650] 00000070: 00 00 00 00 00 00 00 00 00 00 00 00 00 00 00 00  ................
[   30.653862] XFS (loop0): metadata I/O error in "xfs_btree_read_buf_block.constprop.29+0x216/0x3a0" at daddr 0x4 len 2 error 74
[   30.655805] XFS (loop0): Metadata CRC error detected at xfs_allocbt_read_verify+0x33/0x320, xfs_bnobt block 0x4 
[   30.657777] XFS (loop0): Unmount and run xfs_repair
[   30.658469] XFS (loop0): First 128 bytes of corrupted metadata buffer:
[   30.659375] 00000000: 41 42 33 42 00 00 00 02 ff ff ff ff ff ff ff ff  AB3B............
[   30.660503] 00000010: 00 00 00 00 00 00 00 04 00 00 00 01 00 00 00 10  ................
[   30.661617] 00000020: e4 65 4a 66 62 e5 49 63 a8 1e 01 2d 9d 48 71 af  .eJfb.Ic...-.Hq.
[   30.662723] 00000030: 00 00 00 00 6b 5f 31 7a 00 00 00 16 00 00 00 0a  ....k_1z........
[   30.663836] 00000040: 00 00 00 40 00 00 3f c0 00 00 00 00 00 00 00 00  ...@..?.........
[   30.664940] 00000050: 00 00 00 00 00 00 00 00 00 00 00 00 00 00 00 00  ................
[   30.666041] 00000060: 00 00 00 00 00 00 00 00 00 00 00 00 00 00 00 1f  ................
[   30.667145] 00000070: 00 00 00 00 00 00 00 00 00 00 00 00 00 00 00 00  ................
[   30.668280] XFS (loop0): metadata I/O error in "xfs_btree_read_buf_block.constprop.29+0x216/0x3a0" at daddr 0x4 len 2 error 74
[   30.670222] XFS (loop0): Metadata CRC error detected at xfs_allocbt_read_verify+0x33/0x320, xfs_bnobt block 0x4 
[   30.671672] XFS (loop0): Unmount and run xfs_repair
[   30.672387] XFS (loop0): First 128 bytes of corrupted metadata buffer:
[   30.673311] 00000000: 41 42 33 42 00 00 00 02 ff ff ff ff ff ff ff ff  AB3B............
[   30.674427] 00000010: 00 00 00 00 00 00 00 04 00 00 00 01 00 00 00 10  ................
[   30.675543] 00000020: e4 65 4a 66 62 e5 49 63 a8 1e 01 2d 9d 48 71 af  .eJfb.Ic...-.Hq.
[   30.676671] 00000030: 00 00 00 00 6b 5f 31 7a 00 00 00 16 00 00 00 0a  ....k_1z........
[   30.677786] 00000040: 00 00 00 40 00 00 3f c0 00 00 00 00 00 00 00 00  ...@..?.........
[   30.678902] 00000050: 00 00 00 00 00 00 00 00 00 00 00 00 00 00 00 00  ................
[   30.680034] 00000060: 00 00 00 00 00 00 00 00 00 00 00 00 00 00 00 1f  ................
[   30.681152] 00000070: 00 00 00 00 00 00 00 00 00 00 00 00 00 00 00 00  ................
[   30.682296] XFS (loop0): metadata I/O error in "xfs_btree_read_buf_block.constprop.29+0x216/0x3a0" at daddr 0x4 len 2 error 74
[   30.690401] XFS (loop0): Metadata CRC error detected at xfs_allocbt_read_verify+0x33/0x320, xfs_bnobt block 0x4 
[   30.691912] XFS (loop0): Unmount and run xfs_repair
[   30.692612] XFS (loop0): First 128 bytes of corrupted metadata buffer:
[   30.693529] 00000000: 41 42 33 42 00 00 00 02 ff ff ff ff ff ff ff ff  AB3B............
[   30.694646] 00000010: 00 00 00 00 00 00 00 04 00 00 00 01 00 00 00 10  ................
[   30.695761] 00000020: e4 65 4a 66 62 e5 49 63 a8 1e 01 2d 9d 48 71 af  .eJfb.Ic...-.Hq.
[   30.696894] 00000030: 00 00 00 00 6b 5f 31 7a 00 00 00 16 00 00 00 0a  ....k_1z........
[   30.698014] 00000040: 00 00 00 40 00 00 3f c0 00 00 00 00 00 00 00 00  ...@..?.........
[   30.699121] 00000050: 00 00 00 00 00 00 00 00 00 00 00 00 00 00 00 00  ................
[   30.700244] 00000060: 00 00 00 00 00 00 00 00 00 00 00 00 00 00 00 1f  ................
[   30.701348] 00000070: 00 00 00 00 00 00 00 00 00 00 00 00 00 00 00 00  ................
[   30.703651] XFS (loop0): metadata I/O error in "xfs_btree_read_buf_block.constprop.29+0x216/0x3a0" at daddr 0x4 len 2 error 74
[   30.705609] XFS (loop0): Metadata CRC error detected at xfs_allocbt_read_verify+0x33/0x320, xfs_bnobt block 0x4 
[   30.707053] XFS (loop0): Unmount and run xfs_repair
[   30.707750] XFS (loop0): First 128 bytes of corrupted metadata buffer:
[   30.708729] 00000000: 41 42 33 42 00 00 00 02 ff ff ff ff ff ff ff ff  AB3B............
[   30.709849] 00000010: 00 00 00 00 00 00 00 04 00 00 00 01 00 00 00 10  ................
[   30.710956] 00000020: e4 65 4a 66 62 e5 49 63 a8 1e 01 2d 9d 48 71 af  .eJfb.Ic...-.Hq.
[   30.712082] 00000030: 00 00 00 00 6b 5f 31 7a 00 00 00 16 00 00 00 0a  ....k_1z........
[   30.713199] 00000040: 00 00 00 40 00 00 3f c0 00 00 00 00 00 00 00 00  ...@..?.........
[   30.714305] 00000050: 00 00 00 00 00 00 00 00 00 00 00 00 00 00 00 00  ................
[   30.715415] 00000060: 00 00 00 00 00 00 00 00 00 00 00 00 00 00 00 1f  ................
[   30.716538] 00000070: 00 00 00 00 00 00 00 00 00 00 00 00 00 00 00 00  ................
[   30.717673] XFS (loop0): metadata I/O error in "xfs_btree_read_buf_block.constprop.29+0x216/0x3a0" at daddr 0x4 len 2 error 74
[   30.719663] XFS (loop0): Metadata CRC error detected at xfs_allocbt_read_verify+0x33/0x320, xfs_bnobt block 0x4 
[   30.721183] XFS (loop0): Unmount and run xfs_repair
[   30.721878] XFS (loop0): First 128 bytes of corrupted metadata buffer:
[   30.722795] 00000000: 41 42 33 42 00 00 00 02 ff ff ff ff ff ff ff ff  AB3B............
[   30.723928] 00000010: 00 00 00 00 00 00 00 04 00 00 00 01 00 00 00 10  ................
[   30.725045] 00000020: e4 65 4a 66 62 e5 49 63 a8 1e 01 2d 9d 48 71 af  .eJfb.Ic...-.Hq.
[   30.726156] 00000030: 00 00 00 00 6b 5f 31 7a 00 00 00 16 00 00 00 0a  ....k_1z........
[   30.727270] 00000040: 00 00 00 40 00 00 3f c0 00 00 00 00 00 00 00 00  ...@..?.........
[   30.728392] 00000050: 00 00 00 00 00 00 00 00 00 00 00 00 00 00 00 00  ................
[   30.729500] 00000060: 00 00 00 00 00 00 00 00 00 00 00 00 00 00 00 1f  ................
[   30.730613] 00000070: 00 00 00 00 00 00 00 00 00 00 00 00 00 00 00 00  ................
[   30.731736] XFS (loop0): metadata I/O error in "xfs_btree_read_buf_block.constprop.29+0x216/0x3a0" at daddr 0x4 len 2 error 74
[   30.733624] XFS (loop0): Metadata CRC error detected at xfs_allocbt_read_verify+0x33/0x320, xfs_bnobt block 0x4 
[   30.735068] XFS (loop0): Unmount and run xfs_repair
[   30.735755] XFS (loop0): First 128 bytes of corrupted metadata buffer:
[   30.736690] 00000000: 41 42 33 42 00 00 00 02 ff ff ff ff ff ff ff ff  AB3B............
[   30.737811] 00000010: 00 00 00 00 00 00 00 04 00 00 00 01 00 00 00 10  ................
[   30.738928] 00000020: e4 65 4a 66 62 e5 49 63 a8 1e 01 2d 9d 48 71 af  .eJfb.Ic...-.Hq.
[   30.740061] 00000030: 00 00 00 00 6b 5f 31 7a 00 00 00 16 00 00 00 0a  ....k_1z........
[   30.741176] 00000040: 00 00 00 40 00 00 3f c0 00 00 00 00 00 00 00 00  ...@..?.........
[   30.742295] 00000050: 00 00 00 00 00 00 00 00 00 00 00 00 00 00 00 00  ................
[   30.743410] 00000060: 00 00 00 00 00 00 00 00 00 00 00 00 00 00 00 1f  ................
[   30.744543] 00000070: 00 00 00 00 00 00 00 00 00 00 00 00 00 00 00 00  ................
[   30.745669] XFS (loop0): metadata I/O error in "xfs_btree_read_buf_block.constprop.29+0x216/0x3a0" at daddr 0x4 len 2 error 74
[   30.747510] XFS (loop0): Metadata CRC error detected at xfs_allocbt_read_verify+0x33/0x320, xfs_bnobt block 0x4 
[   30.748977] XFS (loop0): Unmount and run xfs_repair
[   30.749679] XFS (loop0): First 128 bytes of corrupted metadata buffer:
[   30.750596] 00000000: 41 42 33 42 00 00 00 02 ff ff ff ff ff ff ff ff  AB3B............
[   30.751715] 00000010: 00 00 00 00 00 00 00 04 00 00 00 01 00 00 00 10  ................
[   30.752854] 00000020: e4 65 4a 66 62 e5 49 63 a8 1e 01 2d 9d 48 71 af  .eJfb.Ic...-.Hq.
[   30.753978] 00000030: 00 00 00 00 6b 5f 31 7a 00 00 00 16 00 00 00 0a  ....k_1z........
[   30.755093] 00000040: 00 00 00 40 00 00 3f c0 00 00 00 00 00 00 00 00  ...@..?.........
[   30.756232] 00000050: 00 00 00 00 00 00 00 00 00 00 00 00 00 00 00 00  ................
[   30.757349] 00000060: 00 00 00 00 00 00 00 00 00 00 00 00 00 00 00 1f  ................
[   30.758526] 00000070: 00 00 00 00 00 00 00 00 00 00 00 00 00 00 00 00  ................
[   30.759659] XFS (loop0): metadata I/O error in "xfs_btree_read_buf_block.constprop.29+0x216/0x3a0" at daddr 0x4 len 2 error 74
[   30.761649] XFS (loop0): Metadata CRC error detected at xfs_allocbt_read_verify+0x33/0x320, xfs_bnobt block 0x4 
[   30.763095] XFS (loop0): Unmount and run xfs_repair
[   30.763787] XFS (loop0): First 128 bytes of corrupted metadata buffer:
[   30.764733] 00000000: 41 42 33 42 00 00 00 02 ff ff ff ff ff ff ff ff  AB3B............
[   30.765856] 00000010: 00 00 00 00 00 00 00 04 00 00 00 01 00 00 00 10  ................
[   30.766973] 00000020: e4 65 4a 66 62 e5 49 63 a8 1e 01 2d 9d 48 71 af  .eJfb.Ic...-.Hq.
[   30.768107] 00000030: 00 00 00 00 6b 5f 31 7a 00 00 00 16 00 00 00 0a  ....k_1z........
[   30.769225] 00000040: 00 00 00 40 00 00 3f c0 00 00 00 00 00 00 00 00  ...@..?.........
[   30.770335] 00000050: 00 00 00 00 00 00 00 00 00 00 00 00 00 00 00 00  ................
[   30.771443] 00000060: 00 00 00 00 00 00 00 00 00 00 00 00 00 00 00 1f  ................
[   30.772569] 00000070: 00 00 00 00 00 00 00 00 00 00 00 00 00 00 00 00  ................
[   30.773687] XFS (loop0): metadata I/O error in "xfs_btree_read_buf_block.constprop.29+0x216/0x3a0" at daddr 0x4 len 2 error 74
[   30.775516] XFS (loop0): Metadata CRC error detected at xfs_allocbt_read_verify+0x33/0x320, xfs_bnobt block 0x4 
[   30.776980] XFS (loop0): Unmount and run xfs_repair
[   30.777677] XFS (loop0): First 128 bytes of corrupted metadata buffer:
[   30.778594] 00000000: 41 42 33 42 00 00 00 02 ff ff ff ff ff ff ff ff  AB3B............
[   30.779711] 00000010: 00 00 00 00 00 00 00 04 00 00 00 01 00 00 00 10  ................
[   30.780853] 00000020: e4 65 4a 66 62 e5 49 63 a8 1e 01 2d 9d 48 71 af  .eJfb.Ic...-.Hq.
[   30.781978] 00000030: 00 00 00 00 6b 5f 31 7a 00 00 00 16 00 00 00 0a  ....k_1z........
[   30.783095] 00000040: 00 00 00 40 00 00 3f c0 00 00 00 00 00 00 00 00  ...@..?.........
[   30.784231] 00000050: 00 00 00 00 00 00 00 00 00 00 00 00 00 00 00 00  ................
[   30.785349] 00000060: 00 00 00 00 00 00 00 00 00 00 00 00 00 00 00 1f  ................
[   30.786461] 00000070: 00 00 00 00 00 00 00 00 00 00 00 00 00 00 00 00  ................
[   30.787829] XFS (loop0): Metadata CRC error detected at xfs_allocbt_read_verify+0x33/0x320, xfs_bnobt block 0x4 
[   30.789279] XFS (loop0): Unmount and run xfs_repair
[   30.789969] XFS (loop0): First 128 bytes of corrupted metadata buffer:
[   30.790887] 00000000: 41 42 33 42 00 00 00 02 ff ff ff ff ff ff ff ff  AB3B............
[   30.792027] 00000010: 00 00 00 00 00 00 00 04 00 00 00 01 00 00 00 10  ................
[   30.793137] 00000020: e4 65 4a 66 62 e5 49 63 a8 1e 01 2d 9d 48 71 af  .eJfb.Ic...-.Hq.
[   30.794254] 00000030: 00 00 00 00 6b 5f 31 7a 00 00 00 16 00 00 00 0a  ....k_1z........
[   30.795364] 00000040: 00 00 00 40 00 00 3f c0 00 00 00 00 00 00 00 00  ...@..?.........
[   30.796490] 00000050: 00 00 00 00 00 00 00 00 00 00 00 00 00 00 00 00  ................
[   30.797610] 00000060: 00 00 00 00 00 00 00 00 00 00 00 00 00 00 00 1f  ................
[   30.798722] 00000070: 00 00 00 00 00 00 00 00 00 00 00 00 00 00 00 00  ................
[   30.800078] XFS (loop0): Metadata CRC error detected at xfs_allocbt_read_verify+0x33/0x320, xfs_bnobt block 0x4 
[   30.801527] XFS (loop0): Unmount and run xfs_repair
[   30.802224] XFS (loop0): First 128 bytes of corrupted metadata buffer:
[   30.803138] 00000000: 41 42 33 42 00 00 00 02 ff ff ff ff ff ff ff ff  AB3B............
[   30.804282] 00000010: 00 00 00 00 00 00 00 04 00 00 00 01 00 00 00 10  ................
[   30.805406] 00000020: e4 65 4a 66 62 e5 49 63 a8 1e 01 2d 9d 48 71 af  .eJfb.Ic...-.Hq.
[   30.806521] 00000030: 00 00 00 00 6b 5f 31 7a 00 00 00 16 00 00 00 0a  ....k_1z........
[   30.807648] 00000040: 00 00 00 40 00 00 3f c0 00 00 00 00 00 00 00 00  ...@..?.........
[   30.808787] 00000050: 00 00 00 00 00 00 00 00 00 00 00 00 00 00 00 00  ................
[   30.809909] 00000060: 00 00 00 00 00 00 00 00 00 00 00 00 00 00 00 1f  ................
[   30.811025] 00000070: 00 00 00 00 00 00 00 00 00 00 00 00 00 00 00 00  ................
[   30.812448] XFS (loop0): Metadata CRC error detected at xfs_allocbt_read_verify+0x33/0x320, xfs_bnobt block 0x4 
[   30.813923] XFS (loop0): Unmount and run xfs_repair
[   30.814619] XFS (loop0): First 128 bytes of corrupted metadata buffer:
[   30.815532] 00000000: 41 42 33 42 00 00 00 02 ff ff ff ff ff ff ff ff  AB3B............
[   30.816698] 00000010: 00 00 00 00 00 00 00 04 00 00 00 01 00 00 00 10  ................
[   30.817811] 00000020: e4 65 4a 66 62 e5 49 63 a8 1e 01 2d 9d 48 71 af  .eJfb.Ic...-.Hq.
[   30.818918] 00000030: 00 00 00 00 6b 5f 31 7a 00 00 00 16 00 00 00 0a  ....k_1z........
[   30.820038] 00000040: 00 00 00 40 00 00 3f c0 00 00 00 00 00 00 00 00  ...@..?.........
[   30.821142] 00000050: 00 00 00 00 00 00 00 00 00 00 00 00 00 00 00 00  ................
[   30.822252] 00000060: 00 00 00 00 00 00 00 00 00 00 00 00 00 00 00 1f  ................
[   30.823354] 00000070: 00 00 00 00 00 00 00 00 00 00 00 00 00 00 00 00  ................
[   30.824884] XFS (loop0): Metadata CRC error detected at xfs_allocbt_read_verify+0x33/0x320, xfs_bnobt block 0x4 
[   30.826363] XFS (loop0): Unmount and run xfs_repair
[   30.827044] XFS (loop0): First 128 bytes of corrupted metadata buffer:
[   30.828021] 00000000: 41 42 33 42 00 00 00 02 ff ff ff ff ff ff ff ff  AB3B............
[   30.829133] 00000010: 00 00 00 00 00 00 00 04 00 00 00 01 00 00 00 10  ................
[   30.830237] 00000020: e4 65 4a 66 62 e5 49 63 a8 1e 01 2d 9d 48 71 af  .eJfb.Ic...-.Hq.
[   30.831338] 00000030: 00 00 00 00 6b 5f 31 7a 00 00 00 16 00 00 00 0a  ....k_1z........
[   30.832456] 00000040: 00 00 00 40 00 00 3f c0 00 00 00 00 00 00 00 00  ...@..?.........
[   30.833564] 00000050: 00 00 00 00 00 00 00 00 00 00 00 00 00 00 00 00  ................
[   30.834673] 00000060: 00 00 00 00 00 00 00 00 00 00 00 00 00 00 00 1f  ................
[   30.835781] 00000070: 00 00 00 00 00 00 00 00 00 00 00 00 00 00 00 00  ................
[   30.842136] XFS (loop0): Unmounting Filesystem e4654a66-62e5-4963-a81e-012d9d4871af
[   31.193470] loop0: detected capacity change from 0 to 65536
[   31.196118] XFS (loop0): Mounting V5 Filesystem e4654a66-62e5-4963-a81e-012d9d4871af
[   31.203887] XFS (loop0): Ending clean mount
[   31.226624] XFS (loop0): Metadata CRC error detected at xfs_allocbt_read_verify+0x33/0x320, xfs_bnobt block 0x4 
[   31.228431] XFS (loop0): Unmount and run xfs_repair
[   31.229126] XFS (loop0): First 128 bytes of corrupted metadata buffer:
[   31.230042] 00000000: 41 42 33 42 00 00 00 02 ff ff ff ff ff ff ff ff  AB3B............
[   31.231154] 00000010: 00 00 00 00 00 00 00 04 00 00 00 01 00 00 00 10  ................
[   31.232292] 00000020: e4 65 4a 66 62 e5 49 63 a8 1e 01 2d 9d 48 71 af  .eJfb.Ic...-.Hq.
[   31.233409] 00000030: 00 00 00 00 6b 5f 31 7a 00 00 00 16 00 00 00 0a  ....k_1z........
[   31.234515] 00000040: 00 00 00 40 00 00 3f c0 00 00 00 00 00 00 00 00  ...@..?.........
[   31.235619] 00000050: 00 00 00 00 00 00 00 00 00 00 00 00 00 00 00 00  ................
[   31.236734] 00000060: 00 00 00 00 00 00 00 00 00 00 00 00 00 00 00 1f  ................
[   31.237847] 00000070: 00 00 00 00 00 00 00 00 00 00 00 00 00 00 00 00  ................
[   31.239486] XFS (loop0): metadata I/O error in "xfs_btree_read_buf_block.constprop.29+0x216/0x3a0" at daddr 0x4 len 2 error 74
[   31.241881] XFS (loop0): Metadata CRC error detected at xfs_allocbt_read_verify+0x33/0x320, xfs_bnobt block 0x4 
[   31.243327] XFS (loop0): Unmount and run xfs_repair
[   31.244036] XFS (loop0): First 128 bytes of corrupted metadata buffer:
[   31.244959] 00000000: 41 42 33 42 00 00 00 02 ff ff ff ff ff ff ff ff  AB3B............
[   31.246065] 00000010: 00 00 00 00 00 00 00 04 00 00 00 01 00 00 00 10  ................
[   31.247176] 00000020: e4 65 4a 66 62 e5 49 63 a8 1e 01 2d 9d 48 71 af  .eJfb.Ic...-.Hq.
[   31.248311] 00000030: 00 00 00 00 6b 5f 31 7a 00 00 00 16 00 00 00 0a  ....k_1z........
[   31.249419] 00000040: 00 00 00 40 00 00 3f c0 00 00 00 00 00 00 00 00  ...@..?.........
[   31.250528] 00000050: 00 00 00 00 00 00 00 00 00 00 00 00 00 00 00 00  ................
[   31.251634] 00000060: 00 00 00 00 00 00 00 00 00 00 00 00 00 00 00 1f  ................
[   31.252758] 00000070: 00 00 00 00 00 00 00 00 00 00 00 00 00 00 00 00  ................
[   31.254038] XFS (loop0): metadata I/O error in "xfs_btree_read_buf_block.constprop.29+0x216/0x3a0" at daddr 0x4 len 2 error 74
[   31.255971] XFS (loop0): Metadata CRC error detected at xfs_allocbt_read_verify+0x33/0x320, xfs_bnobt block 0x4 
[   31.257416] XFS (loop0): Unmount and run xfs_repair
[   31.258101] XFS (loop0): First 128 bytes of corrupted metadata buffer:
[   31.259012] 00000000: 41 42 33 42 00 00 00 02 ff ff ff ff ff ff ff ff  AB3B............
[   31.260159] 00000010: 00 00 00 00 00 00 00 04 00 00 00 01 00 00 00 10  ................
[   31.261281] 00000020: e4 65 4a 66 62 e5 49 63 a8 1e 01 2d 9d 48 71 af  .eJfb.Ic...-.Hq.
[   31.262391] 00000030: 00 00 00 00 6b 5f 31 7a 00 00 00 16 00 00 00 0a  ....k_1z........
[   31.263499] 00000040: 00 00 00 40 00 00 3f c0 00 00 00 00 00 00 00 00  ...@..?.........
[   31.264630] 00000050: 00 00 00 00 00 00 00 00 00 00 00 00 00 00 00 00  ................
[   31.265748] 00000060: 00 00 00 00 00 00 00 00 00 00 00 00 00 00 00 1f  ................
[   31.266868] 00000070: 00 00 00 00 00 00 00 00 00 00 00 00 00 00 00 00  ................
[   31.271837] XFS (loop0): metadata I/O error in "xfs_btree_read_buf_block.constprop.29+0x216/0x3a0" at daddr 0x4 len 2 error 74
[   31.289030] XFS (loop0): Metadata CRC error detected at xfs_allocbt_read_verify+0x33/0x320, xfs_bnobt block 0x4 
[   31.290501] XFS (loop0): Unmount and run xfs_repair
[   31.291187] XFS (loop0): First 128 bytes of corrupted metadata buffer:
[   31.292133] 00000000: 41 42 33 42 00 00 00 02 ff ff ff ff ff ff ff ff  AB3B............
[   31.293252] 00000010: 00 00 00 00 00 00 00 04 00 00 00 01 00 00 00 10  ................
[   31.294358] 00000020: e4 65 4a 66 62 e5 49 63 a8 1e 01 2d 9d 48 71 af  .eJfb.Ic...-.Hq.
[   31.295464] 00000030: 00 00 00 00 6b 5f 31 7a 00 00 00 16 00 00 00 0a  ....k_1z........
[   31.296589] 00000040: 00 00 00 40 00 00 3f c0 00 00 00 00 00 00 00 00  ...@..?.........
[   31.297703] 00000050: 00 00 00 00 00 00 00 00 00 00 00 00 00 00 00 00  ................
[   31.298813] 00000060: 00 00 00 00 00 00 00 00 00 00 00 00 00 00 00 1f  ................
[   31.299941] 00000070: 00 00 00 00 00 00 00 00 00 00 00 00 00 00 00 00  ................
[   31.301064] XFS (loop0): metadata I/O error in "xfs_btree_read_buf_block.constprop.29+0x216/0x3a0" at daddr 0x4 len 2 error 74
[   31.303381] XFS (loop0): Metadata CRC error detected at xfs_allocbt_read_verify+0x33/0x320, xfs_bnobt block 0x4 
[   31.304873] XFS (loop0): Unmount and run xfs_repair
[   31.305567] XFS (loop0): First 128 bytes of corrupted metadata buffer:
[   31.306476] 00000000: 41 42 33 42 00 00 00 02 ff ff ff ff ff ff ff ff  AB3B............
[   31.307579] 00000010: 00 00 00 00 00 00 00 04 00 00 00 01 00 00 00 10  ................
[   31.308702] 00000020: e4 65 4a 66 62 e5 49 63 a8 1e 01 2d 9d 48 71 af  .eJfb.Ic...-.Hq.
[   31.309822] 00000030: 00 00 00 00 6b 5f 31 7a 00 00 00 16 00 00 00 0a  ....k_1z........
[   31.310926] 00000040: 00 00 00 40 00 00 3f c0 00 00 00 00 00 00 00 00  ...@..?.........
[   31.312048] 00000050: 00 00 00 00 00 00 00 00 00 00 00 00 00 00 00 00  ................
[   31.313167] 00000060: 00 00 00 00 00 00 00 00 00 00 00 00 00 00 00 1f  ................
[   31.314286] 00000070: 00 00 00 00 00 00 00 00 00 00 00 00 00 00 00 00  ................
[   31.315460] XFS (loop0): metadata I/O error in "xfs_btree_read_buf_block.constprop.29+0x216/0x3a0" at daddr 0x4 len 2 error 74
[   31.317606] XFS (loop0): Metadata CRC error detected at xfs_allocbt_read_verify+0x33/0x320, xfs_bnobt block 0x4 
[   31.319082] XFS (loop0): Unmount and run xfs_repair
[   31.319773] XFS (loop0): First 128 bytes of corrupted metadata buffer:
[   31.320759] 00000000: 41 42 33 42 00 00 00 02 ff ff ff ff ff ff ff ff  AB3B............
[   31.321871] 00000010: 00 00 00 00 00 00 00 04 00 00 00 01 00 00 00 10  ................
[   31.322972] 00000020: e4 65 4a 66 62 e5 49 63 a8 1e 01 2d 9d 48 71 af  .eJfb.Ic...-.Hq.
[   31.324094] 00000030: 00 00 00 00 6b 5f 31 7a 00 00 00 16 00 00 00 0a  ....k_1z........
[   31.325215] 00000040: 00 00 00 40 00 00 3f c0 00 00 00 00 00 00 00 00  ...@..?.........
[   31.326328] 00000050: 00 00 00 00 00 00 00 00 00 00 00 00 00 00 00 00  ................
[   31.327438] 00000060: 00 00 00 00 00 00 00 00 00 00 00 00 00 00 00 1f  ................
[   31.328571] 00000070: 00 00 00 00 00 00 00 00 00 00 00 00 00 00 00 00  ................
[   31.329708] XFS (loop0): metadata I/O error in "xfs_btree_read_buf_block.constprop.29+0x216/0x3a0" at daddr 0x4 len 2 error 74
[   31.331747] XFS (loop0): Metadata CRC error detected at xfs_allocbt_read_verify+0x33/0x320, xfs_bnobt block 0x4 
[   31.333268] XFS (loop0): Unmount and run xfs_repair
[   31.333963] XFS (loop0): First 128 bytes of corrupted metadata buffer:
[   31.334872] 00000000: 41 42 33 42 00 00 00 02 ff ff ff ff ff ff ff ff  AB3B............
[   31.335996] 00000010: 00 00 00 00 00 00 00 04 00 00 00 01 00 00 00 10  ................
[   31.337109] 00000020: e4 65 4a 66 62 e5 49 63 a8 1e 01 2d 9d 48 71 af  .eJfb.Ic...-.Hq.
[   31.338218] 00000030: 00 00 00 00 6b 5f 31 7a 00 00 00 16 00 00 00 0a  ....k_1z........
[   31.339320] 00000040: 00 00 00 40 00 00 3f c0 00 00 00 00 00 00 00 00  ...@..?.........
[   31.340441] 00000050: 00 00 00 00 00 00 00 00 00 00 00 00 00 00 00 00  ................
[   31.341548] 00000060: 00 00 00 00 00 00 00 00 00 00 00 00 00 00 00 1f  ................
[   31.342658] 00000070: 00 00 00 00 00 00 00 00 00 00 00 00 00 00 00 00  ................
[   31.343788] XFS (loop0): metadata I/O error in "xfs_btree_read_buf_block.constprop.29+0x216/0x3a0" at daddr 0x4 len 2 error 74
[   31.345857] XFS (loop0): Metadata CRC error detected at xfs_allocbt_read_verify+0x33/0x320, xfs_bnobt block 0x4 
[   31.347339] XFS (loop0): Unmount and run xfs_repair
[   31.348078] XFS (loop0): First 128 bytes of corrupted metadata buffer:
[   31.348991] 00000000: 41 42 33 42 00 00 00 02 ff ff ff ff ff ff ff ff  AB3B............
[   31.350093] 00000010: 00 00 00 00 00 00 00 04 00 00 00 01 00 00 00 10  ................
[   31.351196] 00000020: e4 65 4a 66 62 e5 49 63 a8 1e 01 2d 9d 48 71 af  .eJfb.Ic...-.Hq.
[   31.352327] 00000030: 00 00 00 00 6b 5f 31 7a 00 00 00 16 00 00 00 0a  ....k_1z........
[   31.353443] 00000040: 00 00 00 40 00 00 3f c0 00 00 00 00 00 00 00 00  ...@..?.........
[   31.354553] 00000050: 00 00 00 00 00 00 00 00 00 00 00 00 00 00 00 00  ................
[   31.355665] 00000060: 00 00 00 00 00 00 00 00 00 00 00 00 00 00 00 1f  ................
[   31.356790] 00000070: 00 00 00 00 00 00 00 00 00 00 00 00 00 00 00 00  ................
[   31.357921] XFS (loop0): metadata I/O error in "xfs_btree_read_buf_block.constprop.29+0x216/0x3a0" at daddr 0x4 len 2 error 74
[   31.359931] XFS (loop0): Metadata CRC error detected at xfs_allocbt_read_verify+0x33/0x320, xfs_bnobt block 0x4 
[   31.361405] XFS (loop0): Unmount and run xfs_repair
[   31.362087] XFS (loop0): First 128 bytes of corrupted metadata buffer:
[   31.362992] 00000000: 41 42 33 42 00 00 00 02 ff ff ff ff ff ff ff ff  AB3B............
[   31.364126] 00000010: 00 00 00 00 00 00 00 04 00 00 00 01 00 00 00 10  ................
[   31.365247] 00000020: e4 65 4a 66 62 e5 49 63 a8 1e 01 2d 9d 48 71 af  .eJfb.Ic...-.Hq.
[   31.366347] 00000030: 00 00 00 00 6b 5f 31 7a 00 00 00 16 00 00 00 0a  ....k_1z........
[   31.367451] 00000040: 00 00 00 40 00 00 3f c0 00 00 00 00 00 00 00 00  ...@..?.........
[   31.368570] 00000050: 00 00 00 00 00 00 00 00 00 00 00 00 00 00 00 00  ................
[   31.369678] 00000060: 00 00 00 00 00 00 00 00 00 00 00 00 00 00 00 1f  ................
[   31.370778] 00000070: 00 00 00 00 00 00 00 00 00 00 00 00 00 00 00 00  ................
[   31.372146] XFS (loop0): metadata I/O error in "xfs_btree_read_buf_block.constprop.29+0x216/0x3a0" at daddr 0x4 len 2 error 74
[   31.374182] XFS (loop0): Metadata CRC error detected at xfs_allocbt_read_verify+0x33/0x320, xfs_bnobt block 0x4 
[   31.375654] XFS (loop0): Unmount and run xfs_repair
[   31.376383] XFS (loop0): First 128 bytes of corrupted metadata buffer:
[   31.377307] 00000000: 41 42 33 42 00 00 00 02 ff ff ff ff ff ff ff ff  AB3B............
[   31.378415] 00000010: 00 00 00 00 00 00 00 04 00 00 00 01 00 00 00 10  ................
[   31.379515] 00000020: e4 65 4a 66 62 e5 49 63 a8 1e 01 2d 9d 48 71 af  .eJfb.Ic...-.Hq.
[   31.380654] 00000030: 00 00 00 00 6b 5f 31 7a 00 00 00 16 00 00 00 0a  ....k_1z........
[   31.381771] 00000040: 00 00 00 40 00 00 3f c0 00 00 00 00 00 00 00 00  ...@..?.........
[   31.382873] 00000050: 00 00 00 00 00 00 00 00 00 00 00 00 00 00 00 00  ................
[   31.383992] 00000060: 00 00 00 00 00 00 00 00 00 00 00 00 00 00 00 1f  ................
[   31.385096] 00000070: 00 00 00 00 00 00 00 00 00 00 00 00 00 00 00 00  ................
[   31.386222] XFS (loop0): metadata I/O error in "xfs_btree_read_buf_block.constprop.29+0x216/0x3a0" at daddr 0x4 len 2 error 74
[   31.388430] XFS (loop0): Metadata CRC error detected at xfs_allocbt_read_verify+0x33/0x320, xfs_bnobt block 0x4 
[   31.389913] XFS (loop0): Unmount and run xfs_repair
[   31.390600] XFS (loop0): First 128 bytes of corrupted metadata buffer:
[   31.391510] 00000000: 41 42 33 42 00 00 00 02 ff ff ff ff ff ff ff ff  AB3B............
[   31.392643] 00000010: 00 00 00 00 00 00 00 04 00 00 00 01 00 00 00 10  ................
[   31.393761] 00000020: e4 65 4a 66 62 e5 49 63 a8 1e 01 2d 9d 48 71 af  .eJfb.Ic...-.Hq.
[   31.394864] 00000030: 00 00 00 00 6b 5f 31 7a 00 00 00 16 00 00 00 0a  ....k_1z........
[   31.395983] 00000040: 00 00 00 40 00 00 3f c0 00 00 00 00 00 00 00 00  ...@..?.........
[   31.397085] 00000050: 00 00 00 00 00 00 00 00 00 00 00 00 00 00 00 00  ................
[   31.398187] 00000060: 00 00 00 00 00 00 00 00 00 00 00 00 00 00 00 1f  ................
[   31.399303] 00000070: 00 00 00 00 00 00 00 00 00 00 00 00 00 00 00 00  ................
[   31.401104] XFS (loop0): Metadata CRC error detected at xfs_allocbt_read_verify+0x33/0x320, xfs_bnobt block 0x4 
[   31.402593] XFS (loop0): Unmount and run xfs_repair
[   31.403283] XFS (loop0): First 128 bytes of corrupted metadata buffer:
[   31.404220] 00000000: 41 42 33 42 00 00 00 02 ff ff ff ff ff ff ff ff  AB3B............
[   31.405332] 00000010: 00 00 00 00 00 00 00 04 00 00 00 01 00 00 00 10  ................
[   31.406441] 00000020: e4 65 4a 66 62 e5 49 63 a8 1e 01 2d 9d 48 71 af  .eJfb.Ic...-.Hq.
[   31.407551] 00000030: 00 00 00 00 6b 5f 31 7a 00 00 00 16 00 00 00 0a  ....k_1z........
[   31.408676] 00000040: 00 00 00 40 00 00 3f c0 00 00 00 00 00 00 00 00  ...@..?.........
[   31.409778] 00000050: 00 00 00 00 00 00 00 00 00 00 00 00 00 00 00 00  ................
[   31.410880] 00000060: 00 00 00 00 00 00 00 00 00 00 00 00 00 00 00 1f  ................
[   31.411997] 00000070: 00 00 00 00 00 00 00 00 00 00 00 00 00 00 00 00  ................
[   31.413488] XFS (loop0): Metadata CRC error detected at xfs_allocbt_read_verify+0x33/0x320, xfs_bnobt block 0x4 
[   31.414971] XFS (loop0): Unmount and run xfs_repair
[   31.415660] XFS (loop0): First 128 bytes of corrupted metadata buffer:
[   31.416608] 00000000: 41 42 33 42 00 00 00 02 ff ff ff ff ff ff ff ff  AB3B............
[   31.417725] 00000010: 00 00 00 00 00 00 00 04 00 00 00 01 00 00 00 10  ................
[   31.418829] 00000020: e4 65 4a 66 62 e5 49 63 a8 1e 01 2d 9d 48 71 af  .eJfb.Ic...-.Hq.
[   31.419947] 00000030: 00 00 00 00 6b 5f 31 7a 00 00 00 16 00 00 00 0a  ....k_1z........
[   31.421048] 00000040: 00 00 00 40 00 00 3f c0 00 00 00 00 00 00 00 00  ...@..?.........
[   31.422148] 00000050: 00 00 00 00 00 00 00 00 00 00 00 00 00 00 00 00  ................
[   31.423253] 00000060: 00 00 00 00 00 00 00 00 00 00 00 00 00 00 00 1f  ................
[   31.424366] 00000070: 00 00 00 00 00 00 00 00 00 00 00 00 00 00 00 00  ................
[   31.425845] XFS (loop0): Metadata CRC error detected at xfs_allocbt_read_verify+0x33/0x320, xfs_bnobt block 0x4 
[   31.427339] XFS (loop0): Unmount and run xfs_repair
[   31.428095] XFS (loop0): First 128 bytes of corrupted metadata buffer:
[   31.429016] 00000000: 41 42 33 42 00 00 00 02 ff ff ff ff ff ff ff ff  AB3B............
[   31.430118] 00000010: 00 00 00 00 00 00 00 04 00 00 00 01 00 00 00 10  ................
[   31.431222] 00000020: e4 65 4a 66 62 e5 49 63 a8 1e 01 2d 9d 48 71 af  .eJfb.Ic...-.Hq.
[   31.432342] 00000030: 00 00 00 00 6b 5f 31 7a 00 00 00 16 00 00 00 0a  ....k_1z........
[   31.433445] 00000040: 00 00 00 40 00 00 3f c0 00 00 00 00 00 00 00 00  ...@..?.........
[   31.434549] 00000050: 00 00 00 00 00 00 00 00 00 00 00 00 00 00 00 00  ................
[   31.435652] 00000060: 00 00 00 00 00 00 00 00 00 00 00 00 00 00 00 1f  ................
[   31.436769] 00000070: 00 00 00 00 00 00 00 00 00 00 00 00 00 00 00 00  ................
[   31.442433] XFS (loop0): Unmounting Filesystem e4654a66-62e5-4963-a81e-012d9d4871af
[   31.807229] loop0: detected capacity change from 0 to 65536
[   31.809795] XFS (loop0): Mounting V5 Filesystem e4654a66-62e5-4963-a81e-012d9d4871af
[   31.817860] XFS (loop0): Ending clean mount
[   31.840008] XFS (loop0): Metadata CRC error detected at xfs_allocbt_read_verify+0x33/0x320, xfs_bnobt block 0x4 
[   31.841512] XFS (loop0): Unmount and run xfs_repair
[   31.842199] XFS (loop0): First 128 bytes of corrupted metadata buffer:
[   31.843122] 00000000: 41 42 33 42 00 00 00 02 ff ff ff ff ff ff ff ff  AB3B............
[   31.844296] 00000010: 00 00 00 00 00 00 00 04 00 00 00 01 00 00 00 10  ................
[   31.845405] 00000020: e4 65 4a 66 62 e5 49 63 a8 1e 01 2d 9d 48 71 af  .eJfb.Ic...-.Hq.
[   31.846517] 00000030: 00 00 00 00 6b 5f 31 7a 00 00 00 16 00 00 00 0a  ....k_1z........
[   31.847621] 00000040: 00 00 00 40 00 00 3f c0 00 00 00 00 00 00 00 00  ...@..?.........
[   31.848743] 00000050: 00 00 00 00 00 00 00 00 00 00 00 00 00 00 00 00  ................
[   31.849854] 00000060: 00 00 00 00 00 00 00 00 00 00 00 00 00 00 00 1f  ................
[   31.850965] 00000070: 00 00 00 00 00 00 00 00 00 00 00 00 00 00 00 00  ................
[   31.852421] XFS (loop0): metadata I/O error in "xfs_btree_read_buf_block.constprop.29+0x216/0x3a0" at daddr 0x4 len 2 error 74
[   31.854389] XFS (loop0): Metadata CRC error detected at xfs_allocbt_read_verify+0x33/0x320, xfs_bnobt block 0x4 
[   31.855858] XFS (loop0): Unmount and run xfs_repair
[   31.856560] XFS (loop0): First 128 bytes of corrupted metadata buffer:
[   31.857479] 00000000: 41 42 33 42 00 00 00 02 ff ff ff ff ff ff ff ff  AB3B............
[   31.858592] 00000010: 00 00 00 00 00 00 00 04 00 00 00 01 00 00 00 10  ................
[   31.859704] 00000020: e4 65 4a 66 62 e5 49 63 a8 1e 01 2d 9d 48 71 af  .eJfb.Ic...-.Hq.
[   31.860843] 00000030: 00 00 00 00 6b 5f 31 7a 00 00 00 16 00 00 00 0a  ....k_1z........
[   31.861962] 00000040: 00 00 00 40 00 00 3f c0 00 00 00 00 00 00 00 00  ...@..?.........
[   31.863075] 00000050: 00 00 00 00 00 00 00 00 00 00 00 00 00 00 00 00  ................
[   31.864222] 00000060: 00 00 00 00 00 00 00 00 00 00 00 00 00 00 00 1f  ................
[   31.865336] 00000070: 00 00 00 00 00 00 00 00 00 00 00 00 00 00 00 00  ................
[   31.866466] XFS (loop0): metadata I/O error in "xfs_btree_read_buf_block.constprop.29+0x216/0x3a0" at daddr 0x4 len 2 error 74
[   31.868672] XFS (loop0): Metadata CRC error detected at xfs_allocbt_read_verify+0x33/0x320, xfs_bnobt block 0x4 
[   31.870126] XFS (loop0): Unmount and run xfs_repair
[   31.870820] XFS (loop0): First 128 bytes of corrupted metadata buffer:
[   31.871735] 00000000: 41 42 33 42 00 00 00 02 ff ff ff ff ff ff ff ff  AB3B............
[   31.872876] 00000010: 00 00 00 00 00 00 00 04 00 00 00 01 00 00 00 10  ................
[   31.873997] 00000020: e4 65 4a 66 62 e5 49 63 a8 1e 01 2d 9d 48 71 af  .eJfb.Ic...-.Hq.
[   31.875109] 00000030: 00 00 00 00 6b 5f 31 7a 00 00 00 16 00 00 00 0a  ....k_1z........
[   31.876242] 00000040: 00 00 00 40 00 00 3f c0 00 00 00 00 00 00 00 00  ...@..?.........
[   31.877359] 00000050: 00 00 00 00 00 00 00 00 00 00 00 00 00 00 00 00  ................
[   31.878470] 00000060: 00 00 00 00 00 00 00 00 00 00 00 00 00 00 00 1f  ................
[   31.879581] 00000070: 00 00 00 00 00 00 00 00 00 00 00 00 00 00 00 00  ................
[   31.880730] XFS (loop0): metadata I/O error in "xfs_btree_read_buf_block.constprop.29+0x216/0x3a0" at daddr 0x4 len 2 error 74
[   31.882627] XFS (loop0): Metadata CRC error detected at xfs_allocbt_read_verify+0x33/0x320, xfs_bnobt block 0x4 
[   31.884096] XFS (loop0): Unmount and run xfs_repair
[   31.884794] XFS (loop0): First 128 bytes of corrupted metadata buffer:
[   31.885713] 00000000: 41 42 33 42 00 00 00 02 ff ff ff ff ff ff ff ff  AB3B............
[   31.886827] 00000010: 00 00 00 00 00 00 00 04 00 00 00 01 00 00 00 10  ................
[   31.887958] 00000020: e4 65 4a 66 62 e5 49 63 a8 1e 01 2d 9d 48 71 af  .eJfb.Ic...-.Hq.
[   31.889068] 00000030: 00 00 00 00 6b 5f 31 7a 00 00 00 16 00 00 00 0a  ....k_1z........
[   31.890189] 00000040: 00 00 00 40 00 00 3f c0 00 00 00 00 00 00 00 00  ...@..?.........
[   31.891308] 00000050: 00 00 00 00 00 00 00 00 00 00 00 00 00 00 00 00  ................
[   31.892436] 00000060: 00 00 00 00 00 00 00 00 00 00 00 00 00 00 00 1f  ................
[   31.893552] 00000070: 00 00 00 00 00 00 00 00 00 00 00 00 00 00 00 00  ................
[   31.899840] XFS (loop0): metadata I/O error in "xfs_btree_read_buf_block.constprop.29+0x216/0x3a0" at daddr 0x4 len 2 error 74
[   31.914272] XFS (loop0): Metadata CRC error detected at xfs_allocbt_read_verify+0x33/0x320, xfs_bnobt block 0x4 
[   31.915734] XFS (loop0): Unmount and run xfs_repair
[   31.916452] XFS (loop0): First 128 bytes of corrupted metadata buffer:
[   31.917377] 00000000: 41 42 33 42 00 00 00 02 ff ff ff ff ff ff ff ff  AB3B............
[   31.918493] 00000010: 00 00 00 00 00 00 00 04 00 00 00 01 00 00 00 10  ................
[   31.919608] 00000020: e4 65 4a 66 62 e5 49 63 a8 1e 01 2d 9d 48 71 af  .eJfb.Ic...-.Hq.
[   31.921029] 00000030: 00 00 00 00 6b 5f 31 7a 00 00 00 16 00 00 00 0a  ....k_1z........
[   31.922150] 00000040: 00 00 00 40 00 00 3f c0 00 00 00 00 00 00 00 00  ...@..?.........
[   31.923269] 00000050: 00 00 00 00 00 00 00 00 00 00 00 00 00 00 00 00  ................
[   31.924399] 00000060: 00 00 00 00 00 00 00 00 00 00 00 00 00 00 00 1f  ................
[   31.925515] 00000070: 00 00 00 00 00 00 00 00 00 00 00 00 00 00 00 00  ................
[   31.926773] XFS (loop0): metadata I/O error in "xfs_btree_read_buf_block.constprop.29+0x216/0x3a0" at daddr 0x4 len 2 error 74
[   31.929320] XFS (loop0): Metadata CRC error detected at xfs_allocbt_read_verify+0x33/0x320, xfs_bnobt block 0x4 
[   31.930789] XFS (loop0): Unmount and run xfs_repair
[   31.931483] XFS (loop0): First 128 bytes of corrupted metadata buffer:
[   31.932432] 00000000: 41 42 33 42 00 00 00 02 ff ff ff ff ff ff ff ff  AB3B............
[   31.933555] 00000010: 00 00 00 00 00 00 00 04 00 00 00 01 00 00 00 10  ................
[   31.934664] 00000020: e4 65 4a 66 62 e5 49 63 a8 1e 01 2d 9d 48 71 af  .eJfb.Ic...-.Hq.
[   31.935774] 00000030: 00 00 00 00 6b 5f 31 7a 00 00 00 16 00 00 00 0a  ....k_1z........
[   31.936919] 00000040: 00 00 00 40 00 00 3f c0 00 00 00 00 00 00 00 00  ...@..?.........
[   31.938043] 00000050: 00 00 00 00 00 00 00 00 00 00 00 00 00 00 00 00  ................
[   31.939159] 00000060: 00 00 00 00 00 00 00 00 00 00 00 00 00 00 00 1f  ................
[   31.940295] 00000070: 00 00 00 00 00 00 00 00 00 00 00 00 00 00 00 00  ................
[   31.941425] XFS (loop0): metadata I/O error in "xfs_btree_read_buf_block.constprop.29+0x216/0x3a0" at daddr 0x4 len 2 error 74
[   31.943340] XFS (loop0): Metadata CRC error detected at xfs_allocbt_read_verify+0x33/0x320, xfs_bnobt block 0x4 
[   31.944813] XFS (loop0): Unmount and run xfs_repair
[   31.945517] XFS (loop0): First 128 bytes of corrupted metadata buffer:
[   31.946434] 00000000: 41 42 33 42 00 00 00 02 ff ff ff ff ff ff ff ff  AB3B............
[   31.947549] 00000010: 00 00 00 00 00 00 00 04 00 00 00 01 00 00 00 10  ................
[   31.948685] 00000020: e4 65 4a 66 62 e5 49 63 a8 1e 01 2d 9d 48 71 af  .eJfb.Ic...-.Hq.
[   31.949808] 00000030: 00 00 00 00 6b 5f 31 7a 00 00 00 16 00 00 00 0a  ....k_1z........
[   31.950928] 00000040: 00 00 00 40 00 00 3f c0 00 00 00 00 00 00 00 00  ...@..?.........
[   31.952064] 00000050: 00 00 00 00 00 00 00 00 00 00 00 00 00 00 00 00  ................
[   31.953188] 00000060: 00 00 00 00 00 00 00 00 00 00 00 00 00 00 00 1f  ................
[   31.954315] 00000070: 00 00 00 00 00 00 00 00 00 00 00 00 00 00 00 00  ................
[   31.955439] XFS (loop0): metadata I/O error in "xfs_btree_read_buf_block.constprop.29+0x216/0x3a0" at daddr 0x4 len 2 error 74
[   31.957317] XFS (loop0): Metadata CRC error detected at xfs_allocbt_read_verify+0x33/0x320, xfs_bnobt block 0x4 
[   31.958760] XFS (loop0): Unmount and run xfs_repair
[   31.959457] XFS (loop0): First 128 bytes of corrupted metadata buffer:
[   31.960400] 00000000: 41 42 33 42 00 00 00 02 ff ff ff ff ff ff ff ff  AB3B............
[   31.961523] 00000010: 00 00 00 00 00 00 00 04 00 00 00 01 00 00 00 10  ................
[   31.962639] 00000020: e4 65 4a 66 62 e5 49 63 a8 1e 01 2d 9d 48 71 af  .eJfb.Ic...-.Hq.
[   31.963756] 00000030: 00 00 00 00 6b 5f 31 7a 00 00 00 16 00 00 00 0a  ....k_1z........
[   31.964888] 00000040: 00 00 00 40 00 00 3f c0 00 00 00 00 00 00 00 00  ...@..?.........
[   31.966006] 00000050: 00 00 00 00 00 00 00 00 00 00 00 00 00 00 00 00  ................
[   31.967123] 00000060: 00 00 00 00 00 00 00 00 00 00 00 00 00 00 00 1f  ................
[   31.968271] 00000070: 00 00 00 00 00 00 00 00 00 00 00 00 00 00 00 00  ................
[   31.969403] XFS (loop0): metadata I/O error in "xfs_btree_read_buf_block.constprop.29+0x216/0x3a0" at daddr 0x4 len 2 error 74
[   31.971245] XFS (loop0): Metadata CRC error detected at xfs_allocbt_read_verify+0x33/0x320, xfs_bnobt block 0x4 
[   31.972710] XFS (loop0): Unmount and run xfs_repair
[   31.973410] XFS (loop0): First 128 bytes of corrupted metadata buffer:
[   31.974329] 00000000: 41 42 33 42 00 00 00 02 ff ff ff ff ff ff ff ff  AB3B............
[   31.975447] 00000010: 00 00 00 00 00 00 00 04 00 00 00 01 00 00 00 10  ................
[   31.976581] 00000020: e4 65 4a 66 62 e5 49 63 a8 1e 01 2d 9d 48 71 af  .eJfb.Ic...-.Hq.
[   31.977701] 00000030: 00 00 00 00 6b 5f 31 7a 00 00 00 16 00 00 00 0a  ....k_1z........
[   31.978819] 00000040: 00 00 00 40 00 00 3f c0 00 00 00 00 00 00 00 00  ...@..?.........
[   31.979951] 00000050: 00 00 00 00 00 00 00 00 00 00 00 00 00 00 00 00  ................
