c[?7l[2J[0mSeaBIOS (version rel-1.16.0-0-gd239552ce722-prebuilt.qemu.org)


iPXE (http://ipxe.org) 00:03.0 CA00 PCI2.10 PnP PMM+7FF91000+7FEF1000 CA00
Press Ctrl-B to configure iPXE (PCI 00:03.0)...                                                                               


Booting from ROM...
c[?7l[2J[    0.000000] Linux version 6.1.0-ad76bf1ff18e+ (root@984fee00a1f6.jf.intel.com) (gcc (GCC) 8.5.0 20210514 (Red Hat 8.5.0-18), GNU ld version 2.36.1-3.el8) #1 SMP PREEMPT_DYNAMIC Tue Feb  7 14:37:24 PST 2023
[    0.000000] Command line: console=ttyS0 root=/dev/sda earlyprintk=serial net.ifnames=0
[    0.000000] KERNEL supported cpus:
[    0.000000]   Intel GenuineIntel
[    0.000000]   AMD AuthenticAMD
[    0.000000]   Hygon HygonGenuine
[    0.000000]   Centaur CentaurHauls
[    0.000000]   zhaoxin   Shanghai  
[    0.000000] x86/split lock detection: #DB: warning on user-space bus_locks
[    0.000000] x86/fpu: Supporting XSAVE feature 0x001: 'x87 floating point registers'
[    0.000000] x86/fpu: Supporting XSAVE feature 0x002: 'SSE registers'
[    0.000000] x86/fpu: Supporting XSAVE feature 0x004: 'AVX registers'
[    0.000000] x86/fpu: Supporting XSAVE feature 0x020: 'AVX-512 opmask'
[    0.000000] x86/fpu: Supporting XSAVE feature 0x040: 'AVX-512 Hi256'
[    0.000000] x86/fpu: Supporting XSAVE feature 0x080: 'AVX-512 ZMM_Hi256'
[    0.000000] x86/fpu: Supporting XSAVE feature 0x200: 'Protection Keys User registers'
[    0.000000] x86/fpu: Supporting XSAVE feature 0x20000: 'AMX Tile config'
[    0.000000] x86/fpu: Supporting XSAVE feature 0x40000: 'AMX Tile data'
[    0.000000] x86/fpu: xstate_offset[2]:  576, xstate_sizes[2]:  256
[    0.000000] x86/fpu: xstate_offset[5]:  832, xstate_sizes[5]:   64
[    0.000000] x86/fpu: xstate_offset[6]:  896, xstate_sizes[6]:  512
[    0.000000] x86/fpu: xstate_offset[7]: 1408, xstate_sizes[7]: 1024
[    0.000000] x86/fpu: xstate_offset[9]: 2432, xstate_sizes[9]:    8
[    0.000000] x86/fpu: xstate_offset[17]: 2496, xstate_sizes[17]:   64
[    0.000000] x86/fpu: xstate_offset[18]: 2560, xstate_sizes[18]: 8192
[    0.000000] x86/fpu: Enabled xstate features 0x602e7, context size is 10752 bytes, using 'compacted' format.
[    0.000000] signal: max sigframe size: 11952
[    0.000000] BIOS-provided physical RAM map:
[    0.000000] BIOS-e820: [mem 0x0000000000000000-0x000000000009fbff] usable
[    0.000000] BIOS-e820: [mem 0x000000000009fc00-0x000000000009ffff] reserved
[    0.000000] BIOS-e820: [mem 0x00000000000f0000-0x00000000000fffff] reserved
[    0.000000] BIOS-e820: [mem 0x0000000000100000-0x000000007ffdffff] usable
[    0.000000] BIOS-e820: [mem 0x000000007ffe0000-0x000000007fffffff] reserved
[    0.000000] BIOS-e820: [mem 0x00000000feffc000-0x00000000feffffff] reserved
[    0.000000] BIOS-e820: [mem 0x00000000fffc0000-0x00000000ffffffff] reserved
[    0.000000] printk: bootconsole [earlyser0] enabled
[    0.000000] NX (Execute Disable) protection: active
[    0.000000] SMBIOS 2.8 present.
[    0.000000] DMI: QEMU Standard PC (i440FX + PIIX, 1996), BIOS rel-1.16.0-0-gd239552ce722-prebuilt.qemu.org 04/01/2014
[    0.000000] Hypervisor detected: KVM
[    0.000000] kvm-clock: Using msrs 4b564d01 and 4b564d00
[    0.000004] kvm-clock: using sched offset of 664482059 cycles
[    0.001053] clocksource: kvm-clock: mask: 0xffffffffffffffff max_cycles: 0x1cd42e4dffb, max_idle_ns: 881590591483 ns
[    0.004311] tsc: Detected 1700.000 MHz processor
[    0.013994] last_pfn = 0x7ffe0 max_arch_pfn = 0x10000000000
[    0.015194] x86/PAT: Configuration [0-7]: WB  WC  UC- UC  WB  WP  UC- WT  
[    0.022593] found SMP MP-table at [mem 0x000f5ba0-0x000f5baf]
[    0.023842] Using GB pages for direct mapping
[    0.026337] ACPI: Early table checksum verification disabled
[    0.027486] ACPI: RSDP 0x00000000000F59C0 000014 (v00 BOCHS )
[    0.028661] ACPI: RSDT 0x000000007FFE1951 000034 (v01 BOCHS  BXPC     00000001 BXPC 00000001)
[    0.030394] ACPI: FACP 0x000000007FFE17FD 000074 (v01 BOCHS  BXPC     00000001 BXPC 00000001)
[    0.032134] ACPI: DSDT 0x000000007FFE0040 0017BD (v01 BOCHS  BXPC     00000001 BXPC 00000001)
[    0.033861] ACPI: FACS 0x000000007FFE0000 000040
[    0.034808] ACPI: APIC 0x000000007FFE1871 000080 (v01 BOCHS  BXPC     00000001 BXPC 00000001)
[    0.036540] ACPI: HPET 0x000000007FFE18F1 000038 (v01 BOCHS  BXPC     00000001 BXPC 00000001)
[    0.038270] ACPI: WAET 0x000000007FFE1929 000028 (v01 BOCHS  BXPC     00000001 BXPC 00000001)
[    0.039996] ACPI: Reserving FACP table memory at [mem 0x7ffe17fd-0x7ffe1870]
[    0.041408] ACPI: Reserving DSDT table memory at [mem 0x7ffe0040-0x7ffe17fc]
[    0.042820] ACPI: Reserving FACS table memory at [mem 0x7ffe0000-0x7ffe003f]
[    0.044235] ACPI: Reserving APIC table memory at [mem 0x7ffe1871-0x7ffe18f0]
[    0.045651] ACPI: Reserving HPET table memory at [mem 0x7ffe18f1-0x7ffe1928]
[    0.047065] ACPI: Reserving WAET table memory at [mem 0x7ffe1929-0x7ffe1950]
[    0.049724] No NUMA configuration found
[    0.050497] Faking a node at [mem 0x0000000000000000-0x000000007ffdffff]
[    0.051936] NODE_DATA(0) allocated [mem 0x7ffb5000-0x7ffdffff]
[    0.065213] Zone ranges:
[    0.065752]   DMA      [mem 0x0000000000001000-0x0000000000ffffff]
[    0.067007]   DMA32    [mem 0x0000000001000000-0x000000007ffdffff]
[    0.068254]   Normal   empty
[    0.068836]   Device   empty
[    0.069424] Movable zone start for each node
[    0.070284] Early memory node ranges
[    0.071003]   node   0: [mem 0x0000000000001000-0x000000000009efff]
[    0.072267]   node   0: [mem 0x0000000000100000-0x000000007ffdffff]
[    0.073530] Initmem setup node 0 [mem 0x0000000000001000-0x000000007ffdffff]
[    0.074965] On node 0, zone DMA: 1 pages in unavailable ranges
[    0.075084] On node 0, zone DMA: 97 pages in unavailable ranges
[    0.089134] On node 0, zone DMA32: 32 pages in unavailable ranges
[    0.222353] kasan: KernelAddressSanitizer initialized
[    0.225113] ACPI: PM-Timer IO Port: 0x608
[    0.225952] ACPI: LAPIC_NMI (acpi_id[0xff] dfl dfl lint[0x1])
[    0.227199] IOAPIC[0]: apic_id 0, version 17, address 0xfec00000, GSI 0-23
[    0.228596] ACPI: INT_SRC_OVR (bus 0 bus_irq 0 global_irq 2 dfl dfl)
[    0.229877] ACPI: INT_SRC_OVR (bus 0 bus_irq 5 global_irq 5 high level)
[    0.231203] ACPI: INT_SRC_OVR (bus 0 bus_irq 9 global_irq 9 high level)
[    0.232528] ACPI: INT_SRC_OVR (bus 0 bus_irq 10 global_irq 10 high level)
[    0.233894] ACPI: INT_SRC_OVR (bus 0 bus_irq 11 global_irq 11 high level)
[    0.235276] ACPI: Using ACPI (MADT) for SMP configuration information
[    0.236563] ACPI: HPET id: 0x8086a201 base: 0xfed00000
[    0.237607] TSC deadline timer available
[    0.238396] smpboot: Allowing 2 CPUs, 0 hotplug CPUs
[    0.239444] kvm-guest: KVM setup pv remote TLB flush
[    0.240444] kvm-guest: setup PV sched yield
[    0.241364] PM: hibernation: Registered nosave memory: [mem 0x00000000-0x00000fff]
[    0.242891] PM: hibernation: Registered nosave memory: [mem 0x0009f000-0x0009ffff]
[    0.244411] PM: hibernation: Registered nosave memory: [mem 0x000a0000-0x000effff]
[    0.245930] PM: hibernation: Registered nosave memory: [mem 0x000f0000-0x000fffff]
[    0.247451] [mem 0x80000000-0xfeffbfff] available for PCI devices
[    0.248673] Booting paravirtualized kernel on KVM
[    0.249620] clocksource: refined-jiffies: mask: 0xffffffff max_cycles: 0xffffffff, max_idle_ns: 7645519600211568 ns
[    0.251728] setup_percpu: NR_CPUS:8192 nr_cpumask_bits:2 nr_cpu_ids:2 nr_node_ids:1
[    0.253938] percpu: Embedded 80 pages/cpu s290816 r8192 d28672 u1048576
[    0.255584] kvm-guest: PV spinlocks enabled
[    0.256448] PV qspinlock hash table entries: 256 (order: 0, 4096 bytes, linear)
[    0.257958] Fallback order for Node 0: 0 
[    0.258792] Built 1 zonelists, mobility grouping on.  Total pages: 515808
[    0.260177] Policy zone: DMA32
[    0.260798] Kernel command line: net.ifnames=0 console=ttyS0 root=/dev/sda earlyprintk=serial net.ifnames=0
[    0.263271] random: crng init done
[    0.264495] Dentry cache hash table entries: 262144 (order: 9, 2097152 bytes, linear)
[    0.266297] Inode-cache hash table entries: 131072 (order: 8, 1048576 bytes, linear)
[    0.268010] mem auto-init: stack:off, heap alloc:off, heap free:off
[    0.271281] stackdepot hash table entries: 1048576 (order: 11, 8388608 bytes, linear)
[    0.309968] Memory: 1348344K/2096632K available (69649K kernel code, 14061K rwdata, 14640K rodata, 4596K init, 24092K bss, 748088K reserved, 0K cma-reserved)
[    0.314000] SLUB: HWalign=64, Order=0-3, MinObjects=0, CPUs=2, Nodes=1
[    0.315303] kmemleak: Kernel memory leak detector disabled
[    0.316448] ftrace: allocating 68062 entries in 266 pages
[    0.350584] ftrace: allocated 266 pages with 3 groups
[    0.356948] Dynamic Preempt: voluntary
[    0.358031] Running RCU self tests
[    0.358720] rcu: Preemptible hierarchical RCU implementation.
[    0.359862] rcu: 	RCU lockdep checking is enabled.
[    0.360819] rcu: 	RCU restricting CPUs from NR_CPUS=8192 to nr_cpu_ids=2.
[    0.362677] 	Trampoline variant of Tasks RCU enabled.
[    0.363694] 	Rude variant of Tasks RCU enabled.
[    0.364602] 	Tracing variant of Tasks RCU enabled.
[    0.365561] rcu: RCU calculated value of scheduler-enlistment delay is 25 jiffies.
[    0.367064] rcu: Adjusting geometry for rcu_fanout_leaf=16, nr_cpu_ids=2
[    0.412447] NR_IRQS: 524544, nr_irqs: 440, preallocated irqs: 16
[    0.414168] rcu: srcu_init: Setting srcu_struct sizes based on contention.
[    0.432381] Console: colour VGA+ 80x25
[    0.433208] printk: console [ttyS0] enabled
[    0.433208] printk: console [ttyS0] enabled
[    0.434909] printk: bootconsole [earlyser0] disabled
[    0.434909] printk: bootconsole [earlyser0] disabled
[    0.436924] Lock dependency validator: Copyright (c) 2006 Red Hat, Inc., Ingo Molnar
[    0.438498] ... MAX_LOCKDEP_SUBCLASSES:  8
[    0.439344] ... MAX_LOCK_DEPTH:          48
[    0.440207] ... MAX_LOCKDEP_KEYS:        8192
[    0.441105] ... CLASSHASH_SIZE:          4096
[    0.442004] ... MAX_LOCKDEP_ENTRIES:     32768
[    0.442918] ... MAX_LOCKDEP_CHAINS:      65536
[    0.443830] ... CHAINHASH_SIZE:          32768
[    0.444746]  memory used by lock dependency info: 6365 kB
[    0.445851]  memory used for stack traces: 4224 kB
[    0.446835]  per task-struct memory footprint: 1920 bytes
[    0.448036] ACPI: Core revision 20221020
[    0.449400] clocksource: hpet: mask: 0xffffffff max_cycles: 0xffffffff, max_idle_ns: 19112604467 ns
[    0.451496] APIC: Switch to symmetric I/O mode setup
[    0.452938] x2apic enabled
[    0.454004] Switched APIC routing to physical x2apic.
[    0.455043] kvm-guest: setup PV IPIs
[    0.457899] ..TIMER: vector=0x30 apic1=0 pin1=2 apic2=-1 pin2=-1
[    0.459153] clocksource: tsc-early: mask: 0xffffffffffffffff max_cycles: 0x1881273ac8e, max_idle_ns: 440795257284 ns
[    0.461285] Calibrating delay loop (skipped) preset value.. 3400.00 BogoMIPS (lpj=6800000)
[    0.462930] pid_max: default: 32768 minimum: 301
[    0.465464] LSM: initializing lsm=capability,yama,integrity
[    0.466601] Yama: becoming mindful.
[    0.467629] Mount-cache hash table entries: 4096 (order: 3, 32768 bytes, linear)
[    0.469278] Mountpoint-cache hash table entries: 4096 (order: 3, 32768 bytes, linear)
[    0.472916] CPU0: Thermal monitoring enabled (TM1)
[    0.474702] x86/cpu: User Mode Instruction Prevention (UMIP) activated
[    0.476386] Last level iTLB entries: 4KB 0, 2MB 0, 4MB 0
[    0.477271] Last level dTLB entries: 4KB 0, 2MB 0, 4MB 0, 1GB 0
[    0.478474] Spectre V1 : Mitigation: usercopy/swapgs barriers and __user pointer sanitization
[    0.480158] Spectre V2 : WARNING: Unprivileged eBPF is enabled with eIBRS on, data leaks possible via Spectre v2 BHB attacks!
[    0.481278] Spectre V2 : Mitigation: Enhanced IBRS
[    0.482216] Spectre V2 : Spectre v2 / SpectreRSB mitigation: Filling RSB on context switch
[    0.483806] Spectre V2 : Spectre v2 / PBRSB-eIBRS: Retire a single CALL on VMEXIT
[    0.485277] Spectre V2 : mitigation: Enabling conditional Indirect Branch Prediction Barrier
[    0.486902] Speculative Store Bypass: Mitigation: Speculative Store Bypass disabled via prctl
[    0.489271] MMIO Stale Data: Unknown: No mitigations
[    0.628560] Freeing SMP alternatives memory: 56K
[    0.629715] smpboot: CPU0: Intel(R) Xeon(R) Gold 6414TDX (family: 0x6, model: 0x8f, stepping: 0x6)
[    0.632553] cblist_init_generic: Setting adjustable number of callback queues.
[    0.633276] cblist_init_generic: Setting shift to 1 and lim to 1.
[    0.634528] cblist_init_generic: Setting shift to 1 and lim to 1.
[    0.635782] cblist_init_generic: Setting shift to 1 and lim to 1.
[    0.637033] Running RCU-tasks wait API self tests
[    0.741405] Performance Events: Sapphire Rapids events, full-width counters, Intel PMU driver.
[    0.743224] ... version:                2
[    0.744007] ... bit width:              48
[    0.744807] ... generic registers:      8
[    0.745274] ... value mask:             0000ffffffffffff
[    0.746302] ... max period:             00007fffffffffff
[    0.747328] ... fixed-purpose events:   3
[    0.748111] ... event mask:             00000007000000ff
[    0.749678] rcu: Hierarchical SRCU implementation.
[    0.750618] rcu: 	Max phase no-delay instances is 1000.
[    0.753313] Callback from call_rcu_tasks_trace() invoked.
[    0.755276] smp: Bringing up secondary CPUs ...
[    0.756829] x86: Booting SMP configuration:
[    0.757282] .... node  #0, CPUs:      #1
[    0.758032] smp: Brought up 1 node, 2 CPUs
[    0.759019] smpboot: Max logical packages: 1
[    0.759858] smpboot: Total of 2 processors activated (6800.00 BogoMIPS)
[    0.762629] devtmpfs: initialized
[    0.762629] x86/mm: Memory block size: 128MB
[    0.771577] clocksource: jiffies: mask: 0xffffffff max_cycles: 0xffffffff, max_idle_ns: 7645041785100000 ns
[    0.773292] futex hash table entries: 512 (order: 4, 65536 bytes, linear)
[    0.775006] pinctrl core: initialized pinctrl subsystem
[    0.777063] 
[    0.777274] *************************************************************
[    0.778583] **     NOTICE NOTICE NOTICE NOTICE NOTICE NOTICE NOTICE    **
[    0.779899] **                                                         **
[    0.781207] **  IOMMU DebugFS SUPPORT HAS BEEN ENABLED IN THIS KERNEL  **
[    0.781272] **                                                         **
[    0.782590] ** This means that this kernel is built to expose internal **
[    0.783900] ** IOMMU data structures, which may compromise security on **
[    0.785210] ** your system.                                            **
[    0.785272] **                                                         **
[    0.786581] ** If you see this message and you are not debugging the   **
[    0.787890] ** kernel, report this immediately to your vendor!         **
[    0.789205] **                                                         **
[    0.789277] **     NOTICE NOTICE NOTICE NOTICE NOTICE NOTICE NOTICE    **
[    0.790587] *************************************************************
[    0.792000] PM: RTC time: 02:33:41, date: 2023-02-08
[    0.796568] NET: Registered PF_NETLINK/PF_ROUTE protocol family
[    0.798410] DMA: preallocated 256 KiB GFP_KERNEL pool for atomic allocations
[    0.799801] DMA: preallocated 256 KiB GFP_KERNEL|GFP_DMA pool for atomic allocations
[    0.801293] DMA: preallocated 256 KiB GFP_KERNEL|GFP_DMA32 pool for atomic allocations
[    0.802901] audit: initializing netlink subsys (disabled)
[    0.804049] audit: type=2000 audit(1675823621.590:1): state=initialized audit_enabled=0 res=1
[    0.805754] thermal_sys: Registered thermal governor 'fair_share'
[    0.805833] thermal_sys: Registered thermal governor 'bang_bang'
[    0.807036] thermal_sys: Registered thermal governor 'step_wise'
[    0.808202] thermal_sys: Registered thermal governor 'user_space'
[    0.809359] cpuidle: using governor ladder
[    0.811368] cpuidle: using governor menu
[    0.812647] acpiphp: ACPI Hot Plug PCI Controller Driver version: 0.5
[    0.813884] PCI: Using configuration type 1 for base access
[    0.816261] kprobes: kprobe jump-optimization is enabled. All kprobes are optimized if possible.
[    1.052977] HugeTLB: registered 1.00 GiB page size, pre-allocated 0 pages
[    1.053277] HugeTLB: 16380 KiB vmemmap can be freed for a 1.00 GiB page
[    1.054567] HugeTLB: registered 2.00 MiB page size, pre-allocated 0 pages
[    1.055879] HugeTLB: 28 KiB vmemmap can be freed for a 2.00 MiB page
[    1.061117] ACPI: Added _OSI(Module Device)
[    1.061281] ACPI: Added _OSI(Processor Device)
[    1.062152] ACPI: Added _OSI(3.0 _SCP Extensions)
[    1.063070] ACPI: Added _OSI(Processor Aggregator Device)
[    1.079793] ACPI: 1 ACPI AML tables successfully acquired and loaded
[    1.087916] ACPI: Interpreter enabled
[    1.088823] ACPI: PM: (supports S0 S3 S4 S5)
[    1.089281] ACPI: Using IOAPIC for interrupt routing
[    1.090338] PCI: Using host bridge windows from ACPI; if necessary, use "pci=nocrs" and report a bug
[    1.092090] PCI: Using E820 reservations for host bridge windows
[    1.094617] ACPI: Enabled 2 GPEs in block 00 to 0F
[    1.132517] ACPI: PCI Root Bridge [PCI0] (domain 0000 [bus 00-ff])
[    1.133298] acpi PNP0A03:00: _OSC: OS supports [ASPM ClockPM Segments MSI EDR HPX-Type3]
[    1.135112] acpi PNP0A03:00: _OSC: not requesting OS control; OS requires [ExtendedConfig ASPM ClockPM MSI]
[    1.137181] acpi PNP0A03:00: fail to add MMCONFIG information, can't access extended configuration space under this bridge
[    1.142468] acpiphp: Slot [3] registered
[    1.143391] acpiphp: Slot [4] registered
[    1.144300] acpiphp: Slot [5] registered
[    1.145218] acpiphp: Slot [6] registered
[    1.145414] acpiphp: Slot [7] registered
[    1.146322] acpiphp: Slot [8] registered
[    1.147229] acpiphp: Slot [9] registered
[    1.148162] acpiphp: Slot [10] registered
[    1.149086] acpiphp: Slot [11] registered
[    1.149418] acpiphp: Slot [12] registered
[    1.150346] acpiphp: Slot [13] registered
[    1.151655] acpiphp: Slot [14] registered
[    1.152616] acpiphp: Slot [15] registered
[    1.153450] acpiphp: Slot [16] registered
[    1.154390] acpiphp: Slot [17] registered
[    1.155323] acpiphp: Slot [18] registered
[    1.156253] acpiphp: Slot [19] registered
[    1.157177] acpiphp: Slot [20] registered
[    1.157426] acpiphp: Slot [21] registered
[    1.158355] acpiphp: Slot [22] registered
[    1.159284] acpiphp: Slot [23] registered
[    1.160217] acpiphp: Slot [24] registered
[    1.161140] acpiphp: Slot [25] registered
[    1.161427] acpiphp: Slot [26] registered
[    1.162375] acpiphp: Slot [27] registered
[    1.163298] acpiphp: Slot [28] registered
[    1.164223] acpiphp: Slot [29] registered
[    1.165148] acpiphp: Slot [30] registered
[    1.165419] acpiphp: Slot [31] registered
[    1.166271] PCI host bridge to bus 0000:00
[    1.167071] pci_bus 0000:00: root bus resource [io  0x0000-0x0cf7 window]
[    1.168388] pci_bus 0000:00: root bus resource [io  0x0d00-0xffff window]
[    1.169275] pci_bus 0000:00: root bus resource [mem 0x000a0000-0x000bffff window]
[    1.170723] pci_bus 0000:00: root bus resource [mem 0x80000000-0xfebfffff window]
[    1.172169] pci_bus 0000:00: root bus resource [mem 0x100000000-0x17fffffff window]
[    1.173277] pci_bus 0000:00: root bus resource [bus 00-ff]
[    1.174549] pci 0000:00:00.0: [8086:1237] type 00 class 0x060000
[    1.185163] pci 0000:00:01.0: [8086:7000] type 00 class 0x060100
[    1.186867] pci 0000:00:01.1: [8086:7010] type 00 class 0x010180
[    1.190088] pci 0000:00:01.1: reg 0x20: [io  0xc040-0xc04f]
[    1.192286] pci 0000:00:01.1: legacy IDE quirk: reg 0x10: [io  0x01f0-0x01f7]
[    1.193276] pci 0000:00:01.1: legacy IDE quirk: reg 0x14: [io  0x03f6]
[    1.194540] pci 0000:00:01.1: legacy IDE quirk: reg 0x18: [io  0x0170-0x0177]
[    1.195925] pci 0000:00:01.1: legacy IDE quirk: reg 0x1c: [io  0x0376]
[    1.197728] pci 0000:00:01.3: [8086:7113] type 00 class 0x068000
[    1.199925] pci 0000:00:01.3: quirk: [io  0x0600-0x063f] claimed by PIIX4 ACPI
[    1.201298] pci 0000:00:01.3: quirk: [io  0x0700-0x070f] claimed by PIIX4 SMB
[    1.203267] pci 0000:00:02.0: [1234:1111] type 00 class 0x030000
[    1.205634] pci 0000:00:02.0: reg 0x10: [mem 0xfd000000-0xfdffffff pref]
[    1.208784] pci 0000:00:02.0: reg 0x18: [mem 0xfebf0000-0xfebf0fff]
[    1.213834] pci 0000:00:02.0: reg 0x30: [mem 0xfebe0000-0xfebeffff pref]
[    1.215286] pci 0000:00:02.0: Video device with shadowed ROM at [mem 0x000c0000-0x000dffff]
[    1.225952] pci 0000:00:03.0: [8086:100e] type 00 class 0x020000
[    1.228915] pci 0000:00:03.0: reg 0x10: [mem 0xfebc0000-0xfebdffff]
[    1.230192] pci 0000:00:03.0: reg 0x14: [io  0xc000-0xc03f]
[    1.235628] pci 0000:00:03.0: reg 0x30: [mem 0xfeb80000-0xfebbffff pref]
[    1.262850] ACPI: PCI: Interrupt link LNKA configured for IRQ 10
[    1.265068] ACPI: PCI: Interrupt link LNKB configured for IRQ 10
[    1.266261] ACPI: PCI: Interrupt link LNKC configured for IRQ 11
[    1.268430] ACPI: PCI: Interrupt link LNKD configured for IRQ 11
[    1.269714] ACPI: PCI: Interrupt link LNKS configured for IRQ 9
[    1.273233] iommu: Default domain type: Translated 
[    1.273277] iommu: DMA domain TLB invalidation policy: lazy mode 
[    1.276809] SCSI subsystem initialized
[    1.277755] ACPI: bus type USB registered
[    1.278654] usbcore: registered new interface driver usbfs
[    1.279781] usbcore: registered new interface driver hub
[    1.280877] usbcore: registered new device driver usb
[    1.281491] pps_core: LinuxPPS API ver. 1 registered
[    1.282459] pps_core: Software ver. 5.3.6 - Copyright 2005-2007 Rodolfo Giometti <giometti@linux.it>
[    1.284255] PTP clock support registered
[    1.285256] EDAC MC: Ver: 3.0.0
[    1.287893] NetLabel: Initializing
[    1.288580] NetLabel:  domain hash size = 128
[    1.289279] NetLabel:  protocols = UNLABELED CIPSOv4 CALIPSO
[    1.290524] NetLabel:  unlabeled traffic allowed by default
[    1.292092] PCI: Using ACPI for IRQ routing
[    1.293339] pci 0000:00:02.0: vgaarb: setting as boot VGA device
[    1.294526] pci 0000:00:02.0: vgaarb: bridge control possible
[    1.295645] pci 0000:00:02.0: vgaarb: VGA device added: decodes=io+mem,owns=io+mem,locks=none
[    1.297273] vgaarb: loaded
[    1.298309] hpet0: at MMIO 0xfed00000, IRQs 2, 8, 0
[    1.299287] hpet0: 3 comparators, 64-bit 100.000000 MHz counter
[    3.785240] clocksource: Switched to clocksource kvm-clock
[    3.836958] Callback from call_rcu_tasks_rude() invoked.
[    3.893461] Callback from call_rcu_tasks() invoked.
[    4.048085] VFS: Disk quotas dquot_6.6.0
[    4.048960] VFS: Dquot-cache hash table entries: 512 (order 0, 4096 bytes)
[    4.050855] pnp: PnP ACPI init
[    4.055344] pnp: PnP ACPI: found 6 devices
[    4.075419] clocksource: acpi_pm: mask: 0xffffff max_cycles: 0xffffff, max_idle_ns: 2085701024 ns
[    4.077685] NET: Registered PF_INET protocol family
[    4.078771] IP idents hash table entries: 32768 (order: 6, 262144 bytes, linear)
[    4.082129] tcp_listen_portaddr_hash hash table entries: 1024 (order: 4, 73728 bytes, linear)
[    4.083842] Table-perturb hash table entries: 65536 (order: 6, 262144 bytes, linear)
[    4.085413] TCP established hash table entries: 16384 (order: 5, 131072 bytes, linear)
[    4.087420] TCP bind hash table entries: 16384 (order: 9, 2359296 bytes, linear)
[    4.090308] TCP: Hash tables configured (established 16384 bind 16384)
[    4.091734] UDP hash table entries: 1024 (order: 5, 163840 bytes, linear)
[    4.093165] UDP-Lite hash table entries: 1024 (order: 5, 163840 bytes, linear)
[    4.094982] NET: Registered PF_UNIX/PF_LOCAL protocol family
[    4.097003] RPC: Registered named UNIX socket transport module.
[    4.098211] RPC: Registered udp transport module.
[    4.099139] RPC: Registered tcp transport module.
[    4.100064] RPC: Registered tcp NFSv4.1 backchannel transport module.
[    4.101358] pci_bus 0000:00: resource 4 [io  0x0000-0x0cf7 window]
[    4.102579] pci_bus 0000:00: resource 5 [io  0x0d00-0xffff window]
[    4.103791] pci_bus 0000:00: resource 6 [mem 0x000a0000-0x000bffff window]
[    4.105136] pci_bus 0000:00: resource 7 [mem 0x80000000-0xfebfffff window]
[    4.106497] pci_bus 0000:00: resource 8 [mem 0x100000000-0x17fffffff window]
[    4.108282] pci 0000:00:01.0: PIIX3: Enabling Passive Release
[    4.109447] pci 0000:00:00.0: Limiting direct PCI/PCI transfers
[    4.110732] PCI: CLS 0 bytes, default 64
[    4.111567] ACPI: bus type thunderbolt registered
[    4.112905] clocksource: tsc: mask: 0xffffffffffffffff max_cycles: 0x1881273ac8e, max_idle_ns: 440795257284 ns
[    4.114993] sgx: There are zero EPC sections.
[    4.121550] Initialise system trusted keyrings
[    4.122555] Key type blacklist registered
[    4.123592] workingset: timestamp_bits=36 max_order=19 bucket_order=0
[    4.124978] zbud: loaded
[    4.127018] squashfs: version 4.0 (2009/01/31) Phillip Lougher
[    4.129531] NFS: Registering the id_resolver key type
[    4.130548] Key type id_resolver registered
[    4.131365] Key type id_legacy registered
[    4.132206] nfs4filelayout_init: NFSv4 File Layout Driver Registering...
[    4.133545] nfs4flexfilelayout_init: NFSv4 Flexfile Layout Driver Registering...
[    4.135210] fuse: init (API version 7.38)
[    4.136298] SGI XFS with ACLs, security attributes, realtime, quota, no debug enabled
[    4.138933] 9p: Installing v9fs 9p2000 file system support
[    4.147588] Key type asymmetric registered
[    4.148405] Asymmetric key parser 'x509' registered
[    4.151101] alg: self-tests for CTR-KDF (hmac(sha256)) passed
[    4.152343] Block layer SCSI generic (bsg) driver version 0.4 loaded (major 243)
[    4.154014] io scheduler mq-deadline registered
[    4.155016] io scheduler bfq registered
[    4.157944] shpchp: Standard Hot Plug PCI Controller Driver version: 0.4
[    4.160028] IPMI message handler: version 39.2
[    4.160997] ipmi device interface
[    4.164109] input: Power Button as /devices/LNXSYSTM:00/LNXPWRBN:00/input/input0
[    4.166129] ACPI: button: Power Button [PWRF]
[    4.168556] ERST DBG: ERST support is disabled.
[    4.170613] Serial: 8250/16550 driver, 32 ports, IRQ sharing enabled
[    4.172636] 00:04: ttyS0 at I/O 0x3f8 (irq = 4, base_baud = 115200) is a 16550A
[    4.191347] Linux agpgart interface v0.103
[    4.193667] ACPI: bus type drm_connector registered
[    4.215311] brd: module loaded
[    4.228633] loop: module loaded
[    4.237058] scsi host0: ata_piix
[    4.238690] scsi host1: ata_piix
[    4.239688] ata1: PATA max MWDMA2 cmd 0x1f0 ctl 0x3f6 bmdma 0xc040 irq 14
[    4.241015] ata2: PATA max MWDMA2 cmd 0x170 ctl 0x376 bmdma 0xc048 irq 15
[    4.244664] tun: Universal TUN/TAP device driver, 1.6
[    4.245965] e100: Intel(R) PRO/100 Network Driver
[    4.246894] e100: Copyright(c) 1999-2006 Intel Corporation
[    4.248022] e1000: Intel(R) PRO/1000 Network Driver
[    4.248976] e1000: Copyright (c) 1999-2006 Intel Corporation.
[    4.401542] ata1: found unknown device (class 0)
[    4.403234] ata1.00: ATA-7: QEMU HARDDISK, 2.5+, max UDMA/100
[    4.404358] ata1.00: 16777216 sectors, multi 16: LBA48 
[    4.405840] ata2: found unknown device (class 0)
[    4.408237] scsi 0:0:0:0: Direct-Access     ATA      QEMU HARDDISK    2.5+ PQ: 0 ANSI: 5
[    4.411356] scsi 0:0:0:0: Attached scsi generic sg0 type 0
[    4.412742] ata2.00: ATAPI: QEMU DVD-ROM, 2.5+, max UDMA/100
[    4.414938] sd 0:0:0:0: [sda] 16777216 512-byte logical blocks: (8.59 GB/8.00 GiB)
[    4.416950] sd 0:0:0:0: [sda] Write Protect is off
[    4.418048] sd 0:0:0:0: [sda] Write cache: enabled, read cache: enabled, doesn't support DPO or FUA
[    4.418743] scsi 1:0:0:0: CD-ROM            QEMU     QEMU DVD-ROM     2.5+ PQ: 0 ANSI: 5
[    4.420089] sd 0:0:0:0: [sda] Preferred minimum I/O size 512 bytes
[    4.443186] sd 0:0:0:0: [sda] Attached SCSI disk
[    4.450525] scsi 1:0:0:0: Attached scsi generic sg1 type 5
[    5.009386] ACPI: \_SB_.LNKC: Enabled at IRQ 11
[    5.372079] e1000 0000:00:03.0 eth0: (PCI:33MHz:32-bit) 52:54:00:12:34:56
[    5.373484] e1000 0000:00:03.0 eth0: Intel(R) PRO/1000 Network Connection
[    5.374940] e1000e: Intel(R) PRO/1000 Network Driver
[    5.375914] e1000e: Copyright(c) 1999 - 2015 Intel Corporation.
[    5.377157] igb: Intel(R) Gigabit Ethernet Network Driver
[    5.378227] igb: Copyright (c) 2007-2014 Intel Corporation.
[    5.379511] PPP generic driver version 2.4.2
[    5.381075] VFIO - User Level meta-driver version: 0.3
[    5.382893] usbcore: registered new interface driver uas
[    5.384024] usbcore: registered new interface driver usb-storage
[    5.385491] i8042: PNP: PS/2 Controller [PNP0303:KBD,PNP0f13:MOU] at 0x60,0x64 irq 1,12
[    5.388324] serio: i8042 KBD port at 0x60,0x64 irq 1
[    5.389393] serio: i8042 AUX port at 0x60,0x64 irq 12
[    5.391521] mousedev: PS/2 mouse device common for all mice
[    5.394001] input: AT Translated Set 2 keyboard as /devices/platform/i8042/serio0/input/input1
[    5.398170] input: VirtualPS/2 VMware VMMouse as /devices/platform/i8042/serio1/input/input4
[    5.400321] rtc_cmos 00:05: RTC can wake from S4
[    5.401842] input: VirtualPS/2 VMware VMMouse as /devices/platform/i8042/serio1/input/input3
[    5.403725] rtc_cmos 00:05: registered as rtc0
[    5.404782] rtc_cmos 00:05: setting system clock to 2023-02-08T02:33:46 UTC (1675823626)
[    5.406632] rtc_cmos 00:05: alarms up to one day, y3k, 242 bytes nvram, hpet irqs
[    5.408211] i2c_dev: i2c /dev entries driver
[    5.409264] device-mapper: core: CONFIG_IMA_DISABLE_HTABLE is disabled. Duplicate IMA measurements will not be recorded in the IMA log.
[    5.411667] device-mapper: uevent: version 1.0.3
[    5.412915] device-mapper: ioctl: 4.47.0-ioctl (2022-07-28) initialised: dm-devel@redhat.com
[    5.414578] intel_pstate: CPU model not supported
[    5.415686] sdhci: Secure Digital Host Controller Interface driver
[    5.416884] sdhci: Copyright(c) Pierre Ossman
[    5.417960] sdhci-pltfm: SDHCI platform and OF driver helper
[    5.419147] ledtrig-cpu: registered to indicate activity on CPUs
[    5.420903] drop_monitor: Initializing network drop monitor service
[    5.422489] NET: Registered PF_INET6 protocol family
[    5.426085] Segment Routing with IPv6
[    5.426872] In-situ OAM (IOAM) with IPv6
[    5.427716] NET: Registered PF_PACKET protocol family
[    5.428999] 9pnet: Installing 9P2000 support
[    5.429974] Key type dns_resolver registered
[    5.432044] IPI shorthand broadcast: enabled
[    5.464497] sched_clock: Marking stable (5427547031, 33723007)->(5495841270, -34571232)
[    5.467746] registered taskstats version 1
[    5.468944] Loading compiled-in X.509 certificates
[    5.470590] zswap: loaded using pool lzo/zbud
[    5.513739] Key type .fscrypt registered
[    5.514538] Key type fscrypt-provisioning registered
[    5.517488] Key type encrypted registered
[    5.518347] ima: No TPM chip found, activating TPM-bypass!
[    5.519445] ima: Allocated hash algorithm: sha1
[    5.520395] ima: No architecture policies found
[    5.521469] evm: Initialising EVM extended attributes:
[    5.522468] evm: security.selinux
[    5.523118] evm: security.SMACK64
[    5.523773] evm: security.SMACK64EXEC
[    5.524493] evm: security.SMACK64TRANSMUTE
[    5.525304] evm: security.SMACK64MMAP
[    5.526026] evm: security.apparmor
[    5.526696] evm: security.ima
[    5.527280] evm: security.capability
[    5.527981] evm: HMAC attrs: 0x1
[    5.536093] PM:   Magic number: 11:812:560
[    5.537626] RAS: Correctable Errors collector initialized.
[    5.540958] md: Waiting for all devices to be available before autodetect
[    5.542005] md: If you don't use raid, use raid=noautodetect
[    5.542810] md: Autodetecting RAID arrays.
[    5.543394] md: autorun ...
[    5.543799] md: ... autorun DONE.
[    5.549680] EXT4-fs (sda): INFO: recovery required on readonly filesystem
[    5.550672] EXT4-fs (sda): write access will be enabled during recovery
[    5.827614] EXT4-fs (sda): recovery complete
[    5.829719] EXT4-fs (sda): mounted filesystem 23a53bb9-f815-47a5-b74c-5e08f7731193 with ordered data mode. Quota mode: none.
[    5.831361] VFS: Mounted root (ext4 filesystem) readonly on device 8:0.
[    5.833405] devtmpfs: mounted
[    5.852730] Freeing unused decrypted memory: 2036K
[    5.854931] Freeing unused kernel image (initmem) memory: 4596K
[    5.855839] Write protecting the kernel read-only data: 88064k
[    5.860120] Freeing unused kernel image (text/rodata gap) memory: 2028K
[    5.862335] Freeing unused kernel image (rodata/data gap) memory: 1744K
[    7.418678] x86/mm: Checked W+X mappings: passed, no W+X pages found.
[    7.419709] Run /sbin/init as init process
[    7.555532] systemd[1]: RTC configured in localtime, applying delta of 0 minutes to system time.
[    7.601798] systemd[1]: systemd 239 (239-49.el8) running in system mode. (+PAM +AUDIT +SELINUX +IMA -APPARMOR +SMACK +SYSVINIT +UTMP +LIBCRYPTSETUP +GCRYPT +GNUTLS +ACL +XZ +LZ4 +SECCOMP +BLKID +ELFUTILS +KMOD +IDN2 -IDN +PCRE2 default-hierarchy=legacy)
[    7.605324] systemd[1]: Detected virtualization kvm.
[    7.606048] systemd[1]: Detected architecture x86-64.

Welcome to [0;31mCentOS Stream 8[0m!

[    7.668156] systemd[1]: Set hostname to <test>.
[    8.129735] systemd[1]: Listening on udev Kernel Socket.
[[0;32m  OK  [0m] Listening on udev Kernel Socket.
[    8.133206] systemd[1]: Set up automount Arbitrary Executable File Formats File System Automount Point.
[[0;32m  OK  [0m] Set up automount Arbitrary Executabâ€¦rmats File System Automount Point.
[    8.141102] systemd[1]: Created slice system-getty.slice.
[[0;32m  OK  [0m] Created slice system-getty.slice.
[    8.143380] systemd[1]: Listening on initctl Compatibility Named Pipe.
[[0;32m  OK  [0m] Listening on initctl Compatibility Named Pipe.
[    8.145984] systemd[1]: Listening on udev Control Socket.
[[0;32m  OK  [0m] Listening on udev Control Socket.
[    8.148036] systemd[1]: Listening on Device-mapper event daemon FIFOs.
[[0;32m  OK  [0m] Listening on Device-mapper event daemon FIFOs.
[[0;32m  OK  [0m] Listening on multipathd control socket.
[[0;32m  OK  [0m] Created slice system-sshd\x2dkeygen.slice.
[[0;32m  OK  [0m] Listening on Journal Socket.
         Mounting Huge Pages File System...
         Starting Setup Virtual Console...
         Starting Load Kernel Modules...
         Starting udev Coldplug all Devices...
         Starting Monitoring of LVM2 mirrorsâ€¦ng dmeventd or progress polling...
[[0;32m  OK  [0m] Listening on Process Core Dump Socket.
[[0;32m  OK  [0m] Listening on LVM2 poll daemon socket.
         Mounting POSIX Message Queue File System...
[[0;32m  OK  [0m] Started Forward Password Requests to Wall Directory Watch.
         Mounting Kernel Debug File System...
         Starting Remount Root and Kernel File Systems...
[[0;32m  OK  [0m] Created slice system-serial\x2dgetty.slice.
[[0;32m  OK  [0m] Reached target Swap.
[[0;32m  OK  [0m] Listening on RPCbind Server Activation Socket.
[[0;32m  OK  [0m] Reached target RPC Port Mapper.
[[0;32m  OK  [0m] Created slice User and Session Slice.
[[0;32m  OK  [0m] Reached target Slices.
[[0;32m  OK  [0m] Listening on Journal Socket (/dev/log).
         Starting Journal Service...
[[0;32m  OK  [0m] Mounted Huge Pages File System.
[[0;1;31mFAILED[0m] Failed to start Load Kernel Modules.
See 'systemctl status systemd-modules-load.service' for details.
[[0;32m  OK  [0m] Mounted POSIX Message Queue File System.
[[0;32m  OK  [0m] Mounted Kernel Debug File System.
         Mounting FUSE Control File System...
         Mounting Kernel Configuration File System...
[    8.857369] EXT4-fs (sda): re-mounted 23a53bb9-f815-47a5-b74c-5e08f7731193. Quota mode: none.
         Starting Apply Kernel Variables...
[[0;32m  OK  [0m] Started Journal Service.
[[0;32m  OK  [0m] Started Remount Root and Kernel File Systems.
[[0;32m  OK  [0m] Started Setup Virtual Console.
[[0;32m  OK  [0m] Mounted FUSE Control File System.
[[0;32m  OK  [0m] Mounted Kernel Configuration File System.
[[0;32m  OK  [0m] Started Apply Kernel Variables.
         Starting Load/Save Random Seed...
         Starting Create Static Device Nodes in /dev...
         Starting Flush Journal to Persistent Storage...
[[0;32m  OK  [0m] Started Load/Save Random Seed.
[[0;32m  OK  [0m] Started Flush Journal to Persistent Storage.
[[0;32m  OK  [0m] Started Create Static Device Nodes in /dev.
         Starting udev Kernel Device Manager...
[[0;32m  OK  [0m] Started udev Coldplug all Devices.
         Starting udev Wait for Complete Device Initialization...
[[0;32m  OK  [0m] Started udev Kernel Device Manager.
         Starting Show Plymouth Boot Screen...
[[0;32m  OK  [0m] Started Show Plymouth Boot Screen.
[[0;32m  OK  [0m] Reached target Local Encrypted Volumes.
[[0;32m  OK  [0m] Reached target Paths.
[[0;32m  OK  [0m] Started Forward Password Requests to Plymouth Directory Watch.
[[0;32m  OK  [0m] Found device /dev/ttyS0.
[[0;32m  OK  [0m] Started Monitoring of LVM2 mirrors,â€¦sing dmeventd or progress polling.
[[0;32m  OK  [0m] Started udev Wait for Complete Device Initialization.
[[0;32m  OK  [0m] Listening on Load/Save RF Kill Switch Status /dev/rfkill Watch.
[[0;32m  OK  [0m] Reached target Local File Systems (Pre).
[[0;32m  OK  [0m] Reached target Local File Systems.
         Starting Restore /run/initramfs on shutdown...
         Starting Tell Plymouth To Write Out Runtime Data...
         Starting Create Volatile Files and Directories...
[[0;32m  OK  [0m] Started Restore /run/initramfs on shutdown.
[[0;32m  OK  [0m] Started Tell Plymouth To Write Out Runtime Data.
[[0;32m  OK  [0m] Started Create Volatile Files and Directories.
         Mounting RPC Pipe File System...
         Starting RPC Bind...
         Starting Security Auditing Service...
[[0;32m  OK  [0m] Mounted RPC Pipe File System.
[[0;32m  OK  [0m] Reached target rpc_pipefs.target.
[[0;32m  OK  [0m] Started RPC Bind.
[[0;32m  OK  [0m] Started Security Auditing Service.
         Starting Update UTMP about System Boot/Shutdown...
[[0;32m  OK  [0m] Started Update UTMP about System Boot/Shutdown.
[[0;32m  OK  [0m] Reached target System Initialization.
[[0;32m  OK  [0m] Started daily update of the root trust anchor for DNSSEC.
[[0;32m  OK  [0m] Listening on D-Bus System Message Bus Socket.
[[0;32m  OK  [0m] Listening on SSSD Kerberos Cache Manager responder socket.
[[0;32m  OK  [0m] Reached target Sockets.
[[0;32m  OK  [0m] Reached target Basic System.
[[0;32m  OK  [0m] Started D-Bus System Message Bus.
         Starting Authorization Manager...
         Starting NTP client/server...
         Starting Auto-connect to subsystemsâ€¦-NVME devices found during boot...
         Starting Self Monitoring and Reporting Technology (SMART) Daemon...
         Starting Login Service...
[[0;32m  OK  [0m] Started dnf makecache --timer.
[[0;32m  OK  [0m] Started irqbalance daemon.
[[0;32m  OK  [0m] Started Daily Cleanup of Temporary Directories.
[[0;32m  OK  [0m] Reached target Timers.
[[0;32m  OK  [0m] Started Machine Check Exception Logging Daemon.
         Starting Network Manager...
[[0;32m  OK  [0m] Reached target sshd-keygen.target.
[[0;32m  OK  [0m] Started Auto-connect to subsystems â€¦FC-NVME devices found during boot.
         Starting update of the root trust aâ€¦or DNSSEC validation in unbound...
[[0;32m  OK  [0m] Started Self Monitoring and Reporting Technology (SMART) Daemon.
[[0;32m  OK  [0m] Started Login Service.
[[0;32m  OK  [0m] Started Authorization Manager.
[[0;32m  OK  [0m] Started update of the root trust anâ€¦ for DNSSEC validation in unbound.
[[0;32m  OK  [0m] Started NTP client/server.
[[0;32m  OK  [0m] Started Network Manager.
         Starting Network Manager Wait Online...
[[0;32m  OK  [0m] Reached target Network.
         Starting Dynamic System Tuning Daemon...
         Starting OpenSSH server daemon...
         Starting GSSAPI Proxy Daemon...
         Starting Hostname Service...
[[0;32m  OK  [0m] Started OpenSSH server daemon.
[[0;32m  OK  [0m] Started GSSAPI Proxy Daemon.
[[0;32m  OK  [0m] Reached target NFS client services.
[[0;32m  OK  [0m] Reached target Remote File Systems (Pre).
[[0;32m  OK  [0m] Reached target Remote File Systems.
         Starting Permit User Sessions...
[[0;32m  OK  [0m] Started Permit User Sessions.
         Starting Hold until boot process finishes up...
[[0;32m  OK  [0m] Started Command Scheduler.
         Starting Terminate Plymouth Boot Screen...
[   12.965832] e1000: eth0 NIC Link is Up 1000 Mbps Full Duplex, Flow Control: RX
[   12.967581] IPv6: ADDRCONF(NETDEV_CHANGE): eth0: link becomes ready
[   13.326910] Spectre V2 : WARNING: Unprivileged eBPF is enabled with eIBRS on, data leaks possible via Spectre v2 BHB attacks!
[   13.328591] Spectre V2 : WARNING: Unprivileged eBPF is enabled with eIBRS on, data leaks possible via Spectre v2 BHB attacks!

CentOS Stream 8
Kernel 6.1.0-ad76bf1ff18e+ on an x86_64

test login: [   29.921921] loop0: detected capacity change from 0 to 65536
[   29.926116] XFS (loop0): Mounting V5 Filesystem e4654a66-62e5-4963-a81e-012d9d4871af
[   29.935152] XFS (loop0): Ending clean mount
[   29.959109] XFS (loop0): Metadata CRC error detected at xfs_allocbt_read_verify+0x33/0x320, xfs_bnobt block 0x4 
[   29.960657] XFS (loop0): Unmount and run xfs_repair
[   29.961694] XFS (loop0): First 128 bytes of corrupted metadata buffer:
[   29.962624] 00000000: 41 42 33 42 00 00 00 02 ff ff ff ff ff ff ff ff  AB3B............
[   29.963740] 00000010: 00 00 00 00 00 00 00 04 00 00 00 01 00 00 00 10  ................
[   29.964850] 00000020: e4 65 4a 66 62 e5 49 63 a8 1e 01 2d 9d 48 71 af  .eJfb.Ic...-.Hq.
[   29.965982] 00000030: 00 00 00 00 6b 5f 31 7a 00 00 00 16 00 00 00 0a  ....k_1z........
[   29.967110] 00000040: 00 00 00 40 00 00 3f c0 00 00 00 00 00 00 00 00  ...@..?.........
[   29.968219] 00000050: 00 00 00 00 00 00 00 00 00 00 00 00 00 00 00 00  ................
[   29.969344] 00000060: 00 00 00 00 00 00 00 00 00 00 00 00 00 00 00 1f  ................
[   29.970460] 00000070: 00 00 00 00 00 00 00 00 00 00 00 00 00 00 00 00  ................
[   29.972981] XFS (loop0): metadata I/O error in "xfs_btree_read_buf_block.constprop.29+0x216/0x3a0" at daddr 0x4 len 2 error 74
[   29.974845] XFS (loop0): page discard on page 00000000b808ef5f, inode 0x49, pos 0.
[   29.977593] XFS (loop0): Metadata CRC error detected at xfs_allocbt_read_verify+0x33/0x320, xfs_bnobt block 0x4 
[   29.979078] XFS (loop0): Unmount and run xfs_repair
[   29.979771] XFS (loop0): First 128 bytes of corrupted metadata buffer:
[   29.980688] 00000000: 41 42 33 42 00 00 00 02 ff ff ff ff ff ff ff ff  AB3B............
[   29.981823] 00000010: 00 00 00 00 00 00 00 04 00 00 00 01 00 00 00 10  ................
[   29.982947] 00000020: e4 65 4a 66 62 e5 49 63 a8 1e 01 2d 9d 48 71 af  .eJfb.Ic...-.Hq.
[   29.984064] 00000030: 00 00 00 00 6b 5f 31 7a 00 00 00 16 00 00 00 0a  ....k_1z........
[   29.985177] 00000040: 00 00 00 40 00 00 3f c0 00 00 00 00 00 00 00 00  ...@..?.........
[   29.986307] 00000050: 00 00 00 00 00 00 00 00 00 00 00 00 00 00 00 00  ................
[   29.987427] 00000060: 00 00 00 00 00 00 00 00 00 00 00 00 00 00 00 1f  ................
[   29.988547] 00000070: 00 00 00 00 00 00 00 00 00 00 00 00 00 00 00 00  ................
[   29.989702] XFS (loop0): metadata I/O error in "xfs_btree_read_buf_block.constprop.29+0x216/0x3a0" at daddr 0x4 len 2 error 74
[   29.991366] XFS (loop0): page discard on page 00000000b808ef5f, inode 0x49, pos 0.
[   29.992672] XFS (loop0): Metadata CRC error detected at xfs_allocbt_read_verify+0x33/0x320, xfs_bnobt block 0x4 
[   29.994158] XFS (loop0): Unmount and run xfs_repair
[   29.994852] XFS (loop0): First 128 bytes of corrupted metadata buffer:
[   29.995766] 00000000: 41 42 33 42 00 00 00 02 ff ff ff ff ff ff ff ff  AB3B............
[   29.996879] 00000010: 00 00 00 00 00 00 00 04 00 00 00 01 00 00 00 10  ................
[   29.998012] 00000020: e4 65 4a 66 62 e5 49 63 a8 1e 01 2d 9d 48 71 af  .eJfb.Ic...-.Hq.
[   29.999145] 00000030: 00 00 00 00 6b 5f 31 7a 00 00 00 16 00 00 00 0a  ....k_1z........
[   30.000261] 00000040: 00 00 00 40 00 00 3f c0 00 00 00 00 00 00 00 00  ...@..?.........
[   30.001386] 00000050: 00 00 00 00 00 00 00 00 00 00 00 00 00 00 00 00  ................
[   30.002502] 00000060: 00 00 00 00 00 00 00 00 00 00 00 00 00 00 00 1f  ................
[   30.003618] 00000070: 00 00 00 00 00 00 00 00 00 00 00 00 00 00 00 00  ................
[   30.006152] XFS (loop0): metadata I/O error in "xfs_btree_read_buf_block.constprop.29+0x216/0x3a0" at daddr 0x4 len 2 error 74
[   30.007826] XFS (loop0): page discard on page 00000000b808ef5f, inode 0x49, pos 0.
[   30.009135] XFS (loop0): Metadata CRC error detected at xfs_allocbt_read_verify+0x33/0x320, xfs_bnobt block 0x4 
[   30.010699] XFS (loop0): Unmount and run xfs_repair
[   30.011399] XFS (loop0): First 128 bytes of corrupted metadata buffer:
[   30.012314] 00000000: 41 42 33 42 00 00 00 02 ff ff ff ff ff ff ff ff  AB3B............
[   30.013607] 00000010: 00 00 00 00 00 00 00 04 00 00 00 01 00 00 00 10  ................
[   30.014722] 00000020: e4 65 4a 66 62 e5 49 63 a8 1e 01 2d 9d 48 71 af  .eJfb.Ic...-.Hq.
[   30.015828] 00000030: 00 00 00 00 6b 5f 31 7a 00 00 00 16 00 00 00 0a  ....k_1z........
[   30.016938] 00000040: 00 00 00 40 00 00 3f c0 00 00 00 00 00 00 00 00  ...@..?.........
[   30.018063] 00000050: 00 00 00 00 00 00 00 00 00 00 00 00 00 00 00 00  ................
[   30.019172] 00000060: 00 00 00 00 00 00 00 00 00 00 00 00 00 00 00 1f  ................
[   30.020281] 00000070: 00 00 00 00 00 00 00 00 00 00 00 00 00 00 00 00  ................
[   30.021415] XFS (loop0): metadata I/O error in "xfs_btree_read_buf_block.constprop.29+0x216/0x3a0" at daddr 0x4 len 2 error 74
[   30.023325] XFS (loop0): page discard on page 00000000b808ef5f, inode 0x49, pos 0.
[   30.024850] XFS (loop0): Metadata CRC error detected at xfs_allocbt_read_verify+0x33/0x320, xfs_bnobt block 0x4 
[   30.026327] XFS (loop0): Unmount and run xfs_repair
[   30.027020] XFS (loop0): First 128 bytes of corrupted metadata buffer:
[   30.027939] 00000000: 41 42 33 42 00 00 00 02 ff ff ff ff ff ff ff ff  AB3B............
[   30.029053] 00000010: 00 00 00 00 00 00 00 04 00 00 00 01 00 00 00 10  ................
[   30.030187] 00000020: e4 65 4a 66 62 e5 49 63 a8 1e 01 2d 9d 48 71 af  .eJfb.Ic...-.Hq.
[   30.031305] 00000030: 00 00 00 00 6b 5f 31 7a 00 00 00 16 00 00 00 0a  ....k_1z........
[   30.032455] 00000040: 00 00 00 40 00 00 3f c0 00 00 00 00 00 00 00 00  ...@..?.........
[   30.033589] 00000050: 00 00 00 00 00 00 00 00 00 00 00 00 00 00 00 00  ................
[   30.034707] 00000060: 00 00 00 00 00 00 00 00 00 00 00 00 00 00 00 1f  ................
[   30.035821] 00000070: 00 00 00 00 00 00 00 00 00 00 00 00 00 00 00 00  ................
[   30.037003] XFS (loop0): metadata I/O error in "xfs_btree_read_buf_block.constprop.29+0x216/0x3a0" at daddr 0x4 len 2 error 74
[   30.039321] XFS (loop0): page discard on page 0000000029dcb5c0, inode 0x49, pos 4096.
[   30.042171] XFS (loop0): Metadata CRC error detected at xfs_allocbt_read_verify+0x33/0x320, xfs_bnobt block 0x4 
[   30.043654] XFS (loop0): Unmount and run xfs_repair
[   30.044357] XFS (loop0): First 128 bytes of corrupted metadata buffer:
[   30.045308] 00000000: 41 42 33 42 00 00 00 02 ff ff ff ff ff ff ff ff  AB3B............
[   30.046441] 00000010: 00 00 00 00 00 00 00 04 00 00 00 01 00 00 00 10  ................
[   30.047560] 00000020: e4 65 4a 66 62 e5 49 63 a8 1e 01 2d 9d 48 71 af  .eJfb.Ic...-.Hq.
[   30.048674] 00000030: 00 00 00 00 6b 5f 31 7a 00 00 00 16 00 00 00 0a  ....k_1z........
[   30.049809] 00000040: 00 00 00 40 00 00 3f c0 00 00 00 00 00 00 00 00  ...@..?.........
[   30.050936] 00000050: 00 00 00 00 00 00 00 00 00 00 00 00 00 00 00 00  ................
[   30.052054] 00000060: 00 00 00 00 00 00 00 00 00 00 00 00 00 00 00 1f  ................
[   30.053170] 00000070: 00 00 00 00 00 00 00 00 00 00 00 00 00 00 00 00  ................
[   30.054313] XFS (loop0): metadata I/O error in "xfs_btree_read_buf_block.constprop.29+0x216/0x3a0" at daddr 0x4 len 2 error 74
[   30.055966] XFS (loop0): page discard on page 00000000b808ef5f, inode 0x49, pos 0.
[   30.057313] XFS (loop0): Metadata CRC error detected at xfs_allocbt_read_verify+0x33/0x320, xfs_bnobt block 0x4 
[   30.058787] XFS (loop0): Unmount and run xfs_repair
[   30.059478] XFS (loop0): First 128 bytes of corrupted metadata buffer:
[   30.060393] 00000000: 41 42 33 42 00 00 00 02 ff ff ff ff ff ff ff ff  AB3B............
[   30.061526] 00000010: 00 00 00 00 00 00 00 04 00 00 00 01 00 00 00 10  ................
[   30.062645] 00000020: e4 65 4a 66 62 e5 49 63 a8 1e 01 2d 9d 48 71 af  .eJfb.Ic...-.Hq.
[   30.063757] 00000030: 00 00 00 00 6b 5f 31 7a 00 00 00 16 00 00 00 0a  ....k_1z........
[   30.064866] 00000040: 00 00 00 40 00 00 3f c0 00 00 00 00 00 00 00 00  ...@..?.........
[   30.065995] 00000050: 00 00 00 00 00 00 00 00 00 00 00 00 00 00 00 00  ................
[   30.067119] 00000060: 00 00 00 00 00 00 00 00 00 00 00 00 00 00 00 1f  ................
[   30.068230] 00000070: 00 00 00 00 00 00 00 00 00 00 00 00 00 00 00 00  ................
[   30.069371] XFS (loop0): metadata I/O error in "xfs_btree_read_buf_block.constprop.29+0x216/0x3a0" at daddr 0x4 len 2 error 74
[   30.071073] XFS (loop0): page discard on page 00000000b808ef5f, inode 0x49, pos 0.
[   30.072504] XFS (loop0): Metadata CRC error detected at xfs_allocbt_read_verify+0x33/0x320, xfs_bnobt block 0x4 
[   30.074029] XFS (loop0): Unmount and run xfs_repair
[   30.074727] XFS (loop0): First 128 bytes of corrupted metadata buffer:
[   30.075644] 00000000: 41 42 33 42 00 00 00 02 ff ff ff ff ff ff ff ff  AB3B............
[   30.076756] 00000010: 00 00 00 00 00 00 00 04 00 00 00 01 00 00 00 10  ................
[   30.077892] 00000020: e4 65 4a 66 62 e5 49 63 a8 1e 01 2d 9d 48 71 af  .eJfb.Ic...-.Hq.
[   30.079005] 00000030: 00 00 00 00 6b 5f 31 7a 00 00 00 16 00 00 00 0a  ....k_1z........
[   30.080124] 00000040: 00 00 00 40 00 00 3f c0 00 00 00 00 00 00 00 00  ...@..?.........
[   30.081236] 00000050: 00 00 00 00 00 00 00 00 00 00 00 00 00 00 00 00  ................
[   30.082373] 00000060: 00 00 00 00 00 00 00 00 00 00 00 00 00 00 00 1f  ................
[   30.083493] 00000070: 00 00 00 00 00 00 00 00 00 00 00 00 00 00 00 00  ................
[   30.084622] XFS (loop0): metadata I/O error in "xfs_btree_read_buf_block.constprop.29+0x216/0x3a0" at daddr 0x4 len 2 error 74
[   30.086375] XFS (loop0): page discard on page 00000000b808ef5f, inode 0x49, pos 0.
[   30.087957] XFS (loop0): Metadata CRC error detected at xfs_allocbt_read_verify+0x33/0x320, xfs_bnobt block 0x4 
[   30.089519] XFS (loop0): Unmount and run xfs_repair
[   30.090221] XFS (loop0): First 128 bytes of corrupted metadata buffer:
[   30.091139] 00000000: 41 42 33 42 00 00 00 02 ff ff ff ff ff ff ff ff  AB3B............
[   30.092251] 00000010: 00 00 00 00 00 00 00 04 00 00 00 01 00 00 00 10  ................
[   30.093390] 00000020: e4 65 4a 66 62 e5 49 63 a8 1e 01 2d 9d 48 71 af  .eJfb.Ic...-.Hq.
[   30.094510] 00000030: 00 00 00 00 6b 5f 31 7a 00 00 00 16 00 00 00 0a  ....k_1z........
[   30.095623] 00000040: 00 00 00 40 00 00 3f c0 00 00 00 00 00 00 00 00  ...@..?.........
[   30.096732] 00000050: 00 00 00 00 00 00 00 00 00 00 00 00 00 00 00 00  ................
[   30.097866] 00000060: 00 00 00 00 00 00 00 00 00 00 00 00 00 00 00 1f  ................
[   30.098985] 00000070: 00 00 00 00 00 00 00 00 00 00 00 00 00 00 00 00  ................
[   30.100122] XFS (loop0): metadata I/O error in "xfs_btree_read_buf_block.constprop.29+0x216/0x3a0" at daddr 0x4 len 2 error 74
[   30.101876] XFS (loop0): page discard on page 00000000b808ef5f, inode 0x49, pos 0.
[   30.103248] XFS (loop0): Metadata CRC error detected at xfs_allocbt_read_verify+0x33/0x320, xfs_bnobt block 0x4 
[   30.104730] XFS (loop0): Unmount and run xfs_repair
[   30.105466] XFS (loop0): First 128 bytes of corrupted metadata buffer:
[   30.106385] 00000000: 41 42 33 42 00 00 00 02 ff ff ff ff ff ff ff ff  AB3B............
[   30.107501] 00000010: 00 00 00 00 00 00 00 04 00 00 00 01 00 00 00 10  ................
[   30.108611] 00000020: e4 65 4a 66 62 e5 49 63 a8 1e 01 2d 9d 48 71 af  .eJfb.Ic...-.Hq.
[   30.109746] 00000030: 00 00 00 00 6b 5f 31 7a 00 00 00 16 00 00 00 0a  ....k_1z........
[   30.110864] 00000040: 00 00 00 40 00 00 3f c0 00 00 00 00 00 00 00 00  ...@..?.........
[   30.111973] 00000050: 00 00 00 00 00 00 00 00 00 00 00 00 00 00 00 00  ................
[   30.113083] 00000060: 00 00 00 00 00 00 00 00 00 00 00 00 00 00 00 1f  ................
[   30.114214] 00000070: 00 00 00 00 00 00 00 00 00 00 00 00 00 00 00 00  ................
[   30.115350] XFS (loop0): metadata I/O error in "xfs_btree_read_buf_block.constprop.29+0x216/0x3a0" at daddr 0x4 len 2 error 74
[   30.117025] XFS (loop0): page discard on page 00000000b808ef5f, inode 0x49, pos 0.
[   30.118403] XFS (loop0): Metadata CRC error detected at xfs_allocbt_read_verify+0x33/0x320, xfs_bnobt block 0x4 
[   30.119883] XFS (loop0): Unmount and run xfs_repair
[   30.120579] XFS (loop0): First 128 bytes of corrupted metadata buffer:
[   30.121538] 00000000: 41 42 33 42 00 00 00 02 ff ff ff ff ff ff ff ff  AB3B............
[   30.122657] 00000010: 00 00 00 00 00 00 00 04 00 00 00 01 00 00 00 10  ................
[   30.123768] 00000020: e4 65 4a 66 62 e5 49 63 a8 1e 01 2d 9d 48 71 af  .eJfb.Ic...-.Hq.
[   30.124878] 00000030: 00 00 00 00 6b 5f 31 7a 00 00 00 16 00 00 00 0a  ....k_1z........
[   30.126024] 00000040: 00 00 00 40 00 00 3f c0 00 00 00 00 00 00 00 00  ...@..?.........
[   30.127141] 00000050: 00 00 00 00 00 00 00 00 00 00 00 00 00 00 00 00  ................
[   30.128252] 00000060: 00 00 00 00 00 00 00 00 00 00 00 00 00 00 00 1f  ................
[   30.129383] 00000070: 00 00 00 00 00 00 00 00 00 00 00 00 00 00 00 00  ................
[   30.130922] XFS (loop0): Metadata CRC error detected at xfs_allocbt_read_verify+0x33/0x320, xfs_bnobt block 0x4 
[   30.132399] XFS (loop0): Unmount and run xfs_repair
[   30.133090] XFS (loop0): First 128 bytes of corrupted metadata buffer:
[   30.134056] 00000000: 41 42 33 42 00 00 00 02 ff ff ff ff ff ff ff ff  AB3B............
[   30.135170] 00000010: 00 00 00 00 00 00 00 04 00 00 00 01 00 00 00 10  ................
[   30.136278] 00000020: e4 65 4a 66 62 e5 49 63 a8 1e 01 2d 9d 48 71 af  .eJfb.Ic...-.Hq.
[   30.137419] 00000030: 00 00 00 00 6b 5f 31 7a 00 00 00 16 00 00 00 0a  ....k_1z........
[   30.138538] 00000040: 00 00 00 40 00 00 3f c0 00 00 00 00 00 00 00 00  ...@..?.........
[   30.139650] 00000050: 00 00 00 00 00 00 00 00 00 00 00 00 00 00 00 00  ................
[   30.140763] 00000060: 00 00 00 00 00 00 00 00 00 00 00 00 00 00 00 1f  ................
[   30.141901] 00000070: 00 00 00 00 00 00 00 00 00 00 00 00 00 00 00 00  ................
[   30.143416] XFS (loop0): Metadata CRC error detected at xfs_allocbt_read_verify+0x33/0x320, xfs_bnobt block 0x4 
[   30.144886] XFS (loop0): Unmount and run xfs_repair
[   30.145628] XFS (loop0): First 128 bytes of corrupted metadata buffer:
[   30.146551] 00000000: 41 42 33 42 00 00 00 02 ff ff ff ff ff ff ff ff  AB3B............
[   30.147668] 00000010: 00 00 00 00 00 00 00 04 00 00 00 01 00 00 00 10  ................
[   30.148780] 00000020: e4 65 4a 66 62 e5 49 63 a8 1e 01 2d 9d 48 71 af  .eJfb.Ic...-.Hq.
[   30.149914] 00000030: 00 00 00 00 6b 5f 31 7a 00 00 00 16 00 00 00 0a  ....k_1z........
[   30.151030] 00000040: 00 00 00 40 00 00 3f c0 00 00 00 00 00 00 00 00  ...@..?.........
[   30.152144] 00000050: 00 00 00 00 00 00 00 00 00 00 00 00 00 00 00 00  ................
[   30.153255] 00000060: 00 00 00 00 00 00 00 00 00 00 00 00 00 00 00 1f  ................
[   30.154380] 00000070: 00 00 00 00 00 00 00 00 00 00 00 00 00 00 00 00  ................
[   30.155866] XFS (loop0): Metadata CRC error detected at xfs_allocbt_read_verify+0x33/0x320, xfs_bnobt block 0x4 
[   30.157394] XFS (loop0): Unmount and run xfs_repair
[   30.158095] XFS (loop0): First 128 bytes of corrupted metadata buffer:
[   30.159005] 00000000: 41 42 33 42 00 00 00 02 ff ff ff ff ff ff ff ff  AB3B............
[   30.160124] 00000010: 00 00 00 00 00 00 00 04 00 00 00 01 00 00 00 10  ................
[   30.161233] 00000020: e4 65 4a 66 62 e5 49 63 a8 1e 01 2d 9d 48 71 af  .eJfb.Ic...-.Hq.
[   30.162369] 00000030: 00 00 00 00 6b 5f 31 7a 00 00 00 16 00 00 00 0a  ....k_1z........
[   30.163484] 00000040: 00 00 00 40 00 00 3f c0 00 00 00 00 00 00 00 00  ...@..?.........
[   30.164594] 00000050: 00 00 00 00 00 00 00 00 00 00 00 00 00 00 00 00  ................
[   30.165725] 00000060: 00 00 00 00 00 00 00 00 00 00 00 00 00 00 00 1f  ................
[   30.166839] 00000070: 00 00 00 00 00 00 00 00 00 00 00 00 00 00 00 00  ................
[   30.171463] XFS (loop0): Unmounting Filesystem e4654a66-62e5-4963-a81e-012d9d4871af
[   30.538710] loop0: detected capacity change from 0 to 65536
[   30.541530] XFS (loop0): Mounting V5 Filesystem e4654a66-62e5-4963-a81e-012d9d4871af
[   30.549311] XFS (loop0): Ending clean mount
[   30.570849] XFS (loop0): Metadata CRC error detected at xfs_allocbt_read_verify+0x33/0x320, xfs_bnobt block 0x4 
[   30.572336] XFS (loop0): Unmount and run xfs_repair
[   30.573024] XFS (loop0): First 128 bytes of corrupted metadata buffer:
[   30.574022] 00000000: 41 42 33 42 00 00 00 02 ff ff ff ff ff ff ff ff  AB3B............
[   30.575152] 00000010: 00 00 00 00 00 00 00 04 00 00 00 01 00 00 00 10  ................
[   30.576264] 00000020: e4 65 4a 66 62 e5 49 63 a8 1e 01 2d 9d 48 71 af  .eJfb.Ic...-.Hq.
[   30.577390] 00000030: 00 00 00 00 6b 5f 31 7a 00 00 00 16 00 00 00 0a  ....k_1z........
[   30.578504] 00000040: 00 00 00 40 00 00 3f c0 00 00 00 00 00 00 00 00  ...@..?.........
[   30.579618] 00000050: 00 00 00 00 00 00 00 00 00 00 00 00 00 00 00 00  ................
[   30.580730] 00000060: 00 00 00 00 00 00 00 00 00 00 00 00 00 00 00 1f  ................
[   30.581862] 00000070: 00 00 00 00 00 00 00 00 00 00 00 00 00 00 00 00  ................
[   30.583906] XFS (loop0): metadata I/O error in "xfs_btree_read_buf_block.constprop.29+0x216/0x3a0" at daddr 0x4 len 2 error 74
[   30.592245] XFS (loop0): Metadata CRC error detected at xfs_allocbt_read_verify+0x33/0x320, xfs_bnobt block 0x4 
[   30.594043] XFS (loop0): Unmount and run xfs_repair
[   30.594744] XFS (loop0): First 128 bytes of corrupted metadata buffer:
[   30.595670] 00000000: 41 42 33 42 00 00 00 02 ff ff ff ff ff ff ff ff  AB3B............
[   30.596793] 00000010: 00 00 00 00 00 00 00 04 00 00 00 01 00 00 00 10  ................
[   30.597934] 00000020: e4 65 4a 66 62 e5 49 63 a8 1e 01 2d 9d 48 71 af  .eJfb.Ic...-.Hq.
[   30.599068] 00000030: 00 00 00 00 6b 5f 31 7a 00 00 00 16 00 00 00 0a  ....k_1z........
[   30.600179] 00000040: 00 00 00 40 00 00 3f c0 00 00 00 00 00 00 00 00  ...@..?.........
[   30.601308] 00000050: 00 00 00 00 00 00 00 00 00 00 00 00 00 00 00 00  ................
[   30.602423] 00000060: 00 00 00 00 00 00 00 00 00 00 00 00 00 00 00 1f  ................
[   30.603537] 00000070: 00 00 00 00 00 00 00 00 00 00 00 00 00 00 00 00  ................
[   30.604670] XFS (loop0): metadata I/O error in "xfs_btree_read_buf_block.constprop.29+0x216/0x3a0" at daddr 0x4 len 2 error 74
[   30.616403] XFS (loop0): Metadata CRC error detected at xfs_allocbt_read_verify+0x33/0x320, xfs_bnobt block 0x4 
[   30.617889] XFS (loop0): Unmount and run xfs_repair
[   30.618588] XFS (loop0): First 128 bytes of corrupted metadata buffer:
[   30.619516] 00000000: 41 42 33 42 00 00 00 02 ff ff ff ff ff ff ff ff  AB3B............
[   30.620632] 00000010: 00 00 00 00 00 00 00 04 00 00 00 01 00 00 00 10  ................
[   30.621765] 00000020: e4 65 4a 66 62 e5 49 63 a8 1e 01 2d 9d 48 71 af  .eJfb.Ic...-.Hq.
[   30.622887] 00000030: 00 00 00 00 6b 5f 31 7a 00 00 00 16 00 00 00 0a  ....k_1z........
[   30.624002] 00000040: 00 00 00 40 00 00 3f c0 00 00 00 00 00 00 00 00  ...@..?.........
[   30.625123] 00000050: 00 00 00 00 00 00 00 00 00 00 00 00 00 00 00 00  ................
[   30.626285] 00000060: 00 00 00 00 00 00 00 00 00 00 00 00 00 00 00 1f  ................
[   30.627505] 00000070: 00 00 00 00 00 00 00 00 00 00 00 00 00 00 00 00  ................
[   30.628751] XFS (loop0): metadata I/O error in "xfs_btree_read_buf_block.constprop.29+0x216/0x3a0" at daddr 0x4 len 2 error 74
[   30.631024] XFS (loop0): Metadata CRC error detected at xfs_allocbt_read_verify+0x33/0x320, xfs_bnobt block 0x4 
[   30.632483] XFS (loop0): Unmount and run xfs_repair
[   30.633179] XFS (loop0): First 128 bytes of corrupted metadata buffer:
[   30.634125] 00000000: 41 42 33 42 00 00 00 02 ff ff ff ff ff ff ff ff  AB3B............
[   30.635251] 00000010: 00 00 00 00 00 00 00 04 00 00 00 01 00 00 00 10  ................
[   30.636367] 00000020: e4 65 4a 66 62 e5 49 63 a8 1e 01 2d 9d 48 71 af  .eJfb.Ic...-.Hq.
[   30.637543] 00000030: 00 00 00 00 6b 5f 31 7a 00 00 00 16 00 00 00 0a  ....k_1z........
[   30.638668] 00000040: 00 00 00 40 00 00 3f c0 00 00 00 00 00 00 00 00  ...@..?.........
[   30.639785] 00000050: 00 00 00 00 00 00 00 00 00 00 00 00 00 00 00 00  ................
[   30.640903] 00000060: 00 00 00 00 00 00 00 00 00 00 00 00 00 00 00 1f  ................
[   30.642035] 00000070: 00 00 00 00 00 00 00 00 00 00 00 00 00 00 00 00  ................
[   30.643195] XFS (loop0): metadata I/O error in "xfs_btree_read_buf_block.constprop.29+0x216/0x3a0" at daddr 0x4 len 2 error 74
[   30.645242] ------------[ cut here ]------------
[   30.645998] WARNING: CPU: 0 PID: 589 at fs/xfs/libxfs/xfs_bmap.c:4544 xfs_bmapi_convert_delalloc+0x793/0xf20
[   30.647381] Modules linked in:
[   30.647827] CPU: 0 PID: 589 Comm: repro Not tainted 6.1.0-ad76bf1ff18e+ #1
[   30.648790] Hardware name: QEMU Standard PC (i440FX + PIIX, 1996), BIOS rel-1.16.0-0-gd239552ce722-prebuilt.qemu.org 04/01/2014
[   30.650394] RIP: 0010:xfs_bmapi_convert_delalloc+0x793/0xf20
[   30.651209] Code: f9 ff ff e8 0f 36 0d ff 44 89 e6 bf 02 00 00 00 41 bf f5 ff ff ff e8 6c 37 0d ff 41 83 fc 02 0f 84 eb fe ff ff e8 ed 35 0d ff <0f> 0b e9 df fe ff ff e8 e1 35 0d ff 49 8b bd a0 fe ff ff ba 01 00
[   30.653799] RSP: 0018:ff11000013f1ef20 EFLAGS: 00010246
[   30.654547] RAX: 0000000000000000 RBX: ff1100001e6cad00 RCX: ffffffff824b5974
[   30.655546] RDX: 0000000000000000 RSI: ff110000171ec000 RDI: 0000000000000002
[   30.656544] RBP: ff11000013f1f120 R08: ff11000013f1f048 R09: fffffbfff0e75b1d
[   30.657558] R10: ffffffff873ad8e7 R11: fffffbfff0e75b1c R12: 0000000000000000
[   30.658560] R13: ff11000013f1f0f8 R14: ff11000017812000 R15: 00000000fffffff5
[   30.659557] FS:  00007f9f48a7c700(0000) GS:ff1100005ae00000(0000) knlGS:0000000000000000
[   30.660678] CS:  0010 DS: 0000 ES: 0000 CR0: 0000000080050033
[   30.661504] CR2: 00007f9c5c523000 CR3: 000000000edd8001 CR4: 0000000000771ef0
[   30.662511] DR0: 0000000000000000 DR1: 0000000000000000 DR2: 0000000000000000
[   30.663508] DR3: 0000000000000000 DR6: 00000000fffe07f0 DR7: 0000000000000400
[   30.664507] PKRU: 55555554
[   30.664898] Call Trace:
[   30.665255]  <TASK>
[   30.665600]  ? xfs_bmapi_write+0xdc0/0xdc0
[   30.666201]  ? rwsem_mark_wake+0xe20/0xe20
[   30.666824]  ? write_comp_data+0x2f/0x90
[   30.667409]  xfs_map_blocks+0x562/0xe40
[   30.667980]  ? xfs_imap_valid+0x6d0/0x6d0
[   30.668565]  ? __this_cpu_preempt_check+0x20/0x30
[   30.669249]  ? lock_is_held_type+0xe6/0x140
[   30.669921]  ? rcu_lockdep_current_cpu_online+0x4b/0x160
[   30.670685]  ? __sanitizer_cov_trace_pc+0x25/0x60
[   30.671373]  ? write_comp_data+0x2f/0x90
[   30.671950]  iomap_do_writepage+0xc6f/0x2ba0
[   30.672581]  ? write_comp_data+0x2f/0x90
[   30.673169]  ? iomap_invalidate_folio+0x5f0/0x5f0
[   30.673866]  ? rcu_read_lock_sched_held+0xa9/0xd0
[   30.674554]  ? rcu_read_lock_bh_held+0xc0/0xc0
[   30.675199]  ? write_comp_data+0x2f/0x90
[   30.675775]  write_cache_pages+0x573/0x12c0
[   30.676388]  ? iomap_invalidate_folio+0x5f0/0x5f0
[   30.677071]  ? folio_wait_stable+0x100/0x100
[   30.677702]  ? rcu_read_lock_bh_held+0xc0/0xc0
[   30.678359]  ? rpc_fill_super.cold.34+0x9/0x79
[   30.679001]  ? lock_release+0x3f8/0x7d0
[   30.679557]  ? __this_cpu_preempt_check+0x20/0x30
[   30.680241]  ? xfs_vm_writepages+0x123/0x1c0
[   30.680858]  ? lock_downgrade+0x740/0x740
[   30.681460]  ? do_raw_spin_lock+0x132/0x2a0
[   30.682074]  ? rwlock_bug.part.2+0xa0/0xa0
[   30.682670]  ? __kasan_check_read+0x15/0x20
[   30.683296]  iomap_writepages+0x5b/0xc0
[   30.683860]  xfs_vm_writepages+0x13c/0x1c0
[   30.684451]  ? xfs_vm_readahead+0x30/0x30
[   30.685039]  ? lock_release+0x3f8/0x7d0
[   30.685616]  ? rcu_read_lock_bh_held+0xc0/0xc0
[   30.686268]  ? write_comp_data+0x2f/0x90
[   30.686842]  ? xfs_vm_readahead+0x30/0x30
[   30.687423]  do_writepages+0x1c5/0x690
[   30.687972]  ? page_writeback_cpu_online+0x20/0x20
[   30.688661]  ? do_raw_spin_unlock+0x154/0x230
[   30.689313]  ? __sanitizer_cov_trace_pc+0x25/0x60
[   30.689997]  ? wbc_attach_and_unlock_inode+0x585/0x8f0
[   30.690749]  filemap_fdatawrite_wbc+0x163/0x1d0
[   30.691407]  __filemap_fdatawrite_range+0xc9/0x100
[   30.692102]  ? delete_from_page_cache_batch+0xe20/0xe20
[   30.692866]  ? write_comp_data+0x2f/0x90
[   30.693471]  filemap_write_and_wait_range.part.73+0x93/0x100
[   30.694294]  filemap_write_and_wait_range+0x48/0x60
[   30.694998]  __iomap_dio_rw+0x65e/0x1c80
[   30.695565]  ? __sanitizer_cov_trace_pc+0x25/0x60
[   30.696248]  ? timestamp_truncate+0x1ee/0x2f0
[   30.696899]  ? iomap_dio_bio_iter+0x1550/0x1550
[   30.697582]  ? write_comp_data+0x2f/0x90
[   30.698164]  ? __sanitizer_cov_trace_pc+0x25/0x60
[   30.698840]  ? write_comp_data+0x2f/0x90
[   30.699449]  iomap_dio_rw+0x4d/0xb0
[   30.699969]  xfs_file_dio_write_aligned+0x1e9/0x450
[   30.700679]  ? xfs_file_dio_write_unaligned+0x9f0/0x9f0
[   30.701444]  ? lock_is_held_type+0xe6/0x140
[   30.702061]  ? write_comp_data+0x2f/0x90
[   30.702634]  xfs_file_write_iter+0x530/0x750
[   30.703263]  ? __sanitizer_cov_trace_pc+0x25/0x60
[   30.703944]  vfs_write+0xa65/0xe60
[   30.704452]  ? kernel_write+0x560/0x560
[   30.705013]  ? __fget_files+0x270/0x400
[   30.705607]  ? write_comp_data+0x2f/0x90
[   30.706196]  ksys_write+0x143/0x280
[   30.706708]  ? __ia32_sys_read+0xc0/0xc0
[   30.707290]  __x64_sys_write+0x7c/0xc0
[   30.707838]  ? syscall_enter_from_user_mode+0x51/0x60
[   30.708568]  do_syscall_64+0x3b/0x90
[   30.709091]  entry_SYSCALL_64_after_hwframe+0x63/0xcd
[   30.709832] RIP: 0033:0x7f9f4efc359d
[   30.710357] Code: 00 c3 66 2e 0f 1f 84 00 00 00 00 00 90 f3 0f 1e fa 48 89 f8 48 89 f7 48 89 d6 48 89 ca 4d 89 c2 4d 89 c8 4c 8b 4c 24 08 0f 05 <48> 3d 01 f0 ff ff 73 01 c3 48 8b 0d d3 08 0d 00 f7 d8 64 89 01 48
[   30.712917] RSP: 002b:00007f9f48a7be98 EFLAGS: 00000246 ORIG_RAX: 0000000000000001
[   30.713996] RAX: ffffffffffffffda RBX: 0000000000000000 RCX: 00007f9f4efc359d
[   30.715003] RDX: 0000000000001400 RSI: 0000000020000000 RDI: 0000000000000005
[   30.715999] RBP: 00007f9f48a7bec0 R08: 0000000000000005 R09: 0000000000000000
[   30.716995] R10: 0000000000000000 R11: 0000000000000246 R12: 00007ffc302ada7e
[   30.718013] R13: 00007ffc302ada7f R14: 00007ffc302adb10 R15: 00007f9f48a7c700
[   30.719036]  </TASK>
[   30.719366] irq event stamp: 1023
[   30.719843] hardirqs last  enabled at (1031): [<ffffffff813bf7c1>] __up_console_sem+0x91/0xb0
[   30.721040] hardirqs last disabled at (1038): [<ffffffff813bf7a6>] __up_console_sem+0x76/0xb0
[   30.722268] softirqs last  enabled at (172): [<ffffffff85400545>] __do_softirq+0x545/0x83c
[   30.723433] softirqs last disabled at (91): [<ffffffff81236d80>] irq_exit_rcu+0x100/0x140
[   30.724581] ---[ end trace 0000000000000000 ]---
[   30.725867] XFS (loop0): Metadata CRC error detected at xfs_allocbt_read_verify+0x33/0x320, xfs_bnobt block 0x4 
[   30.727363] XFS (loop0): Unmount and run xfs_repair
[   30.728063] XFS (loop0): First 128 bytes of corrupted metadata buffer:
[   30.728977] 00000000: 41 42 33 42 00 00 00 02 ff ff ff ff ff ff ff ff  AB3B............
[   30.730131] 00000010: 00 00 00 00 00 00 00 04 00 00 00 01 00 00 00 10  ................
[   30.731259] 00000020: e4 65 4a 66 62 e5 49 63 a8 1e 01 2d 9d 48 71 af  .eJfb.Ic...-.Hq.
[   30.732373] 00000030: 00 00 00 00 6b 5f 31 7a 00 00 00 16 00 00 00 0a  ....k_1z........
[   30.733546] 00000040: 00 00 00 40 00 00 3f c0 00 00 00 00 00 00 00 00  ...@..?.........
[   30.734666] 00000050: 00 00 00 00 00 00 00 00 00 00 00 00 00 00 00 00  ................
[   30.735779] 00000060: 00 00 00 00 00 00 00 00 00 00 00 00 00 00 00 1f  ................
[   30.736890] 00000070: 00 00 00 00 00 00 00 00 00 00 00 00 00 00 00 00  ................
[   30.738040] XFS (loop0): metadata I/O error in "xfs_btree_read_buf_block.constprop.29+0x216/0x3a0" at daddr 0x4 len 2 error 74
[   30.740136] XFS (loop0): Metadata CRC error detected at xfs_allocbt_read_verify+0x33/0x320, xfs_bnobt block 0x4 
[   30.741664] XFS (loop0): Unmount and run xfs_repair
[   30.742372] XFS (loop0): First 128 bytes of corrupted metadata buffer:
[   30.743296] 00000000: 41 42 33 42 00 00 00 02 ff ff ff ff ff ff ff ff  AB3B............
[   30.744410] 00000010: 00 00 00 00 00 00 00 04 00 00 00 01 00 00 00 10  ................
[   30.745548] 00000020: e4 65 4a 66 62 e5 49 63 a8 1e 01 2d 9d 48 71 af  .eJfb.Ic...-.Hq.
[   30.746677] 00000030: 00 00 00 00 6b 5f 31 7a 00 00 00 16 00 00 00 0a  ....k_1z........
[   30.747790] 00000040: 00 00 00 40 00 00 3f c0 00 00 00 00 00 00 00 00  ...@..?.........
[   30.748900] 00000050: 00 00 00 00 00 00 00 00 00 00 00 00 00 00 00 00  ................
[   30.750030] 00000060: 00 00 00 00 00 00 00 00 00 00 00 00 00 00 00 1f  ................
[   30.751154] 00000070: 00 00 00 00 00 00 00 00 00 00 00 00 00 00 00 00  ................
[   30.752290] XFS (loop0): metadata I/O error in "xfs_btree_read_buf_block.constprop.29+0x216/0x3a0" at daddr 0x4 len 2 error 74
[   30.754278] XFS (loop0): Metadata CRC error detected at xfs_allocbt_read_verify+0x33/0x320, xfs_bnobt block 0x4 
[   30.755771] XFS (loop0): Unmount and run xfs_repair
[   30.756467] XFS (loop0): First 128 bytes of corrupted metadata buffer:
[   30.757421] 00000000: 41 42 33 42 00 00 00 02 ff ff ff ff ff ff ff ff  AB3B............
[   30.758541] 00000010: 00 00 00 00 00 00 00 04 00 00 00 01 00 00 00 10  ................
[   30.759659] 00000020: e4 65 4a 66 62 e5 49 63 a8 1e 01 2d 9d 48 71 af  .eJfb.Ic...-.Hq.
[   30.760768] 00000030: 00 00 00 00 6b 5f 31 7a 00 00 00 16 00 00 00 0a  ....k_1z........
[   30.761943] 00000040: 00 00 00 40 00 00 3f c0 00 00 00 00 00 00 00 00  ...@..?.........
[   30.763075] 00000050: 00 00 00 00 00 00 00 00 00 00 00 00 00 00 00 00  ................
[   30.764197] 00000060: 00 00 00 00 00 00 00 00 00 00 00 00 00 00 00 1f  ................
[   30.765340] 00000070: 00 00 00 00 00 00 00 00 00 00 00 00 00 00 00 00  ................
[   30.766485] XFS (loop0): metadata I/O error in "xfs_btree_read_buf_block.constprop.29+0x216/0x3a0" at daddr 0x4 len 2 error 74
[   30.768421] XFS (loop0): Metadata CRC error detected at xfs_allocbt_read_verify+0x33/0x320, xfs_bnobt block 0x4 
[   30.769948] XFS (loop0): Unmount and run xfs_repair
[   30.770656] XFS (loop0): First 128 bytes of corrupted metadata buffer:
[   30.771583] 00000000: 41 42 33 42 00 00 00 02 ff ff ff ff ff ff ff ff  AB3B............
[   30.772707] 00000010: 00 00 00 00 00 00 00 04 00 00 00 01 00 00 00 10  ................
[   30.773856] 00000020: e4 65 4a 66 62 e5 49 63 a8 1e 01 2d 9d 48 71 af  .eJfb.Ic...-.Hq.
[   30.774983] 00000030: 00 00 00 00 6b 5f 31 7a 00 00 00 16 00 00 00 0a  ....k_1z........
[   30.776098] 00000040: 00 00 00 40 00 00 3f c0 00 00 00 00 00 00 00 00  ...@..?.........
[   30.777209] 00000050: 00 00 00 00 00 00 00 00 00 00 00 00 00 00 00 00  ................
[   30.778341] 00000060: 00 00 00 00 00 00 00 00 00 00 00 00 00 00 00 1f  ................
[   30.779468] 00000070: 00 00 00 00 00 00 00 00 00 00 00 00 00 00 00 00  ................
[   30.780604] XFS (loop0): metadata I/O error in "xfs_btree_read_buf_block.constprop.29+0x216/0x3a0" at daddr 0x4 len 2 error 74
[   30.782636] XFS (loop0): Metadata CRC error detected at xfs_allocbt_read_verify+0x33/0x320, xfs_bnobt block 0x4 
[   30.784139] XFS (loop0): Unmount and run xfs_repair
[   30.784832] XFS (loop0): First 128 bytes of corrupted metadata buffer:
[   30.785793] 00000000: 41 42 33 42 00 00 00 02 ff ff ff ff ff ff ff ff  AB3B............
[   30.786920] 00000010: 00 00 00 00 00 00 00 04 00 00 00 01 00 00 00 10  ................
[   30.788032] 00000020: e4 65 4a 66 62 e5 49 63 a8 1e 01 2d 9d 48 71 af  .eJfb.Ic...-.Hq.
[   30.789160] 00000030: 00 00 00 00 6b 5f 31 7a 00 00 00 16 00 00 00 0a  ....k_1z........
[   30.790313] 00000040: 00 00 00 40 00 00 3f c0 00 00 00 00 00 00 00 00  ...@..?.........
[   30.791439] 00000050: 00 00 00 00 00 00 00 00 00 00 00 00 00 00 00 00  ................
[   30.792554] 00000060: 00 00 00 00 00 00 00 00 00 00 00 00 00 00 00 1f  ................
[   30.793689] 00000070: 00 00 00 00 00 00 00 00 00 00 00 00 00 00 00 00  ................
[   30.794981] XFS (loop0): metadata I/O error in "xfs_btree_read_buf_block.constprop.29+0x216/0x3a0" at daddr 0x4 len 2 error 74
[   30.797244] XFS (loop0): Metadata CRC error detected at xfs_allocbt_read_verify+0x33/0x320, xfs_bnobt block 0x4 
[   30.798744] XFS (loop0): Unmount and run xfs_repair
[   30.799476] XFS (loop0): First 128 bytes of corrupted metadata buffer:
[   30.800540] 00000000: 41 42 33 42 00 00 00 02 ff ff ff ff ff ff ff ff  AB3B............
[   30.801721] 00000010: 00 00 00 00 00 00 00 04 00 00 00 01 00 00 00 10  ................
[   30.802843] 00000020: e4 65 4a 66 62 e5 49 63 a8 1e 01 2d 9d 48 71 af  .eJfb.Ic...-.Hq.
[   30.803958] 00000030: 00 00 00 00 6b 5f 31 7a 00 00 00 16 00 00 00 0a  ....k_1z........
[   30.805076] 00000040: 00 00 00 40 00 00 3f c0 00 00 00 00 00 00 00 00  ...@..?.........
[   30.806207] 00000050: 00 00 00 00 00 00 00 00 00 00 00 00 00 00 00 00  ................
[   30.807320] 00000060: 00 00 00 00 00 00 00 00 00 00 00 00 00 00 00 1f  ................
[   30.808436] 00000070: 00 00 00 00 00 00 00 00 00 00 00 00 00 00 00 00  ................
[   30.809794] XFS (loop0): metadata I/O error in "xfs_btree_read_buf_block.constprop.29+0x216/0x3a0" at daddr 0x4 len 2 error 74
[   30.817594] XFS (loop0): Unmounting Filesystem e4654a66-62e5-4963-a81e-012d9d4871af
[   31.149850] loop0: detected capacity change from 0 to 65536
[   31.152503] XFS (loop0): Mounting V5 Filesystem e4654a66-62e5-4963-a81e-012d9d4871af
[   31.160210] XFS (loop0): Ending clean mount
[   31.172783] XFS (loop0): Metadata CRC error detected at xfs_allocbt_read_verify+0x33/0x320, xfs_bnobt block 0x4 
[   31.174324] XFS (loop0): Unmount and run xfs_repair
[   31.175024] XFS (loop0): First 128 bytes of corrupted metadata buffer:
[   31.175947] 00000000: 41 42 33 42 00 00 00 02 ff ff ff ff ff ff ff ff  AB3B............
[   31.177062] 00000010: 00 00 00 00 00 00 00 04 00 00 00 01 00 00 00 10  ................
[   31.178202] 00000020: e4 65 4a 66 62 e5 49 63 a8 1e 01 2d 9d 48 71 af  .eJfb.Ic...-.Hq.
[   31.179321] 00000030: 00 00 00 00 6b 5f 31 7a 00 00 00 16 00 00 00 0a  ....k_1z........
[   31.180435] 00000040: 00 00 00 40 00 00 3f c0 00 00 00 00 00 00 00 00  ...@..?.........
[   31.181558] 00000050: 00 00 00 00 00 00 00 00 00 00 00 00 00 00 00 00  ................
[   31.182673] 00000060: 00 00 00 00 00 00 00 00 00 00 00 00 00 00 00 1f  ................
[   31.183788] 00000070: 00 00 00 00 00 00 00 00 00 00 00 00 00 00 00 00  ................
[   31.186612] XFS (loop0): metadata I/O error in "xfs_btree_read_buf_block.constprop.29+0x216/0x3a0" at daddr 0x4 len 2 error 74
[   31.188541] XFS (loop0): Metadata CRC error detected at xfs_allocbt_read_verify+0x33/0x320, xfs_bnobt block 0x4 
[   31.190028] XFS (loop0): Unmount and run xfs_repair
[   31.190735] XFS (loop0): First 128 bytes of corrupted metadata buffer:
[   31.191660] 00000000: 41 42 33 42 00 00 00 02 ff ff ff ff ff ff ff ff  AB3B............
[   31.192779] 00000010: 00 00 00 00 00 00 00 04 00 00 00 01 00 00 00 10  ................
[   31.193916] 00000020: e4 65 4a 66 62 e5 49 63 a8 1e 01 2d 9d 48 71 af  .eJfb.Ic...-.Hq.
[   31.195042] 00000030: 00 00 00 00 6b 5f 31 7a 00 00 00 16 00 00 00 0a  ....k_1z........
[   31.196167] 00000040: 00 00 00 40 00 00 3f c0 00 00 00 00 00 00 00 00  ...@..?.........
[   31.197298] 00000050: 00 00 00 00 00 00 00 00 00 00 00 00 00 00 00 00  ................
[   31.198416] 00000060: 00 00 00 00 00 00 00 00 00 00 00 00 00 00 00 1f  ................
[   31.199536] 00000070: 00 00 00 00 00 00 00 00 00 00 00 00 00 00 00 00  ................
[   31.202038] XFS (loop0): metadata I/O error in "xfs_btree_read_buf_block.constprop.29+0x216/0x3a0" at daddr 0x4 len 2 error 74
[   31.203931] XFS (loop0): Metadata CRC error detected at xfs_allocbt_read_verify+0x33/0x320, xfs_bnobt block 0x4 
[   31.205444] XFS (loop0): Unmount and run xfs_repair
[   31.206143] XFS (loop0): First 128 bytes of corrupted metadata buffer:
[   31.207055] 00000000: 41 42 33 42 00 00 00 02 ff ff ff ff ff ff ff ff  AB3B............
[   31.208173] 00000010: 00 00 00 00 00 00 00 04 00 00 00 01 00 00 00 10  ................
[   31.209299] 00000020: e4 65 4a 66 62 e5 49 63 a8 1e 01 2d 9d 48 71 af  .eJfb.Ic...-.Hq.
[   31.210414] 00000030: 00 00 00 00 6b 5f 31 7a 00 00 00 16 00 00 00 0a  ....k_1z........
[   31.211525] 00000040: 00 00 00 40 00 00 3f c0 00 00 00 00 00 00 00 00  ...@..?.........
[   31.212639] 00000050: 00 00 00 00 00 00 00 00 00 00 00 00 00 00 00 00  ................
[   31.213769] 00000060: 00 00 00 00 00 00 00 00 00 00 00 00 00 00 00 1f  ................
[   31.214884] 00000070: 00 00 00 00 00 00 00 00 00 00 00 00 00 00 00 00  ................
[   31.218359] XFS (loop0): metadata I/O error in "xfs_btree_read_buf_block.constprop.29+0x216/0x3a0" at daddr 0x4 len 2 error 74
[   31.220311] XFS (loop0): Metadata CRC error detected at xfs_allocbt_read_verify+0x33/0x320, xfs_bnobt block 0x4 
[   31.221819] XFS (loop0): Unmount and run xfs_repair
[   31.222520] XFS (loop0): First 128 bytes of corrupted metadata buffer:
[   31.223440] 00000000: 41 42 33 42 00 00 00 02 ff ff ff ff ff ff ff ff  AB3B............
[   31.224556] 00000010: 00 00 00 00 00 00 00 04 00 00 00 01 00 00 00 10  ................
[   31.225690] 00000020: e4 65 4a 66 62 e5 49 63 a8 1e 01 2d 9d 48 71 af  .eJfb.Ic...-.Hq.
[   31.226809] 00000030: 00 00 00 00 6b 5f 31 7a 00 00 00 16 00 00 00 0a  ....k_1z........
[   31.227928] 00000040: 00 00 00 40 00 00 3f c0 00 00 00 00 00 00 00 00  ...@..?.........
[   31.229042] 00000050: 00 00 00 00 00 00 00 00 00 00 00 00 00 00 00 00  ................
[   31.230175] 00000060: 00 00 00 00 00 00 00 00 00 00 00 00 00 00 00 1f  ................
[   31.231292] 00000070: 00 00 00 00 00 00 00 00 00 00 00 00 00 00 00 00  ................
[   31.233970] XFS (loop0): metadata I/O error in "xfs_btree_read_buf_block.constprop.29+0x216/0x3a0" at daddr 0x4 len 2 error 74
[   31.239278] XFS (loop0): Metadata CRC error detected at xfs_allocbt_read_verify+0x33/0x320, xfs_bnobt block 0x4 
[   31.240738] XFS (loop0): Unmount and run xfs_repair
[   31.241452] XFS (loop0): First 128 bytes of corrupted metadata buffer:
[   31.242371] 00000000: 41 42 33 42 00 00 00 02 ff ff ff ff ff ff ff ff  AB3B............
[   31.243480] 00000010: 00 00 00 00 00 00 00 04 00 00 00 01 00 00 00 10  ................
[   31.244588] 00000020: e4 65 4a 66 62 e5 49 63 a8 1e 01 2d 9d 48 71 af  .eJfb.Ic...-.Hq.
[   31.245725] 00000030: 00 00 00 00 6b 5f 31 7a 00 00 00 16 00 00 00 0a  ....k_1z........
[   31.246841] 00000040: 00 00 00 40 00 00 3f c0 00 00 00 00 00 00 00 00  ...@..?.........
[   31.247949] 00000050: 00 00 00 00 00 00 00 00 00 00 00 00 00 00 00 00  ................
[   31.249057] 00000060: 00 00 00 00 00 00 00 00 00 00 00 00 00 00 00 1f  ................
[   31.250184] 00000070: 00 00 00 00 00 00 00 00 00 00 00 00 00 00 00 00  ................
[   31.252639] XFS (loop0): metadata I/O error in "xfs_btree_read_buf_block.constprop.29+0x216/0x3a0" at daddr 0x4 len 2 error 74
[   31.255167] XFS (loop0): Metadata CRC error detected at xfs_allocbt_read_verify+0x33/0x320, xfs_bnobt block 0x4 
[   31.256619] XFS (loop0): Unmount and run xfs_repair
[   31.257343] XFS (loop0): First 128 bytes of corrupted metadata buffer:
[   31.258266] 00000000: 41 42 33 42 00 00 00 02 ff ff ff ff ff ff ff ff  AB3B............
[   31.259383] 00000010: 00 00 00 00 00 00 00 04 00 00 00 01 00 00 00 10  ................
[   31.260494] 00000020: e4 65 4a 66 62 e5 49 63 a8 1e 01 2d 9d 48 71 af  .eJfb.Ic...-.Hq.
[   31.261636] 00000030: 00 00 00 00 6b 5f 31 7a 00 00 00 16 00 00 00 0a  ....k_1z........
[   31.262753] 00000040: 00 00 00 40 00 00 3f c0 00 00 00 00 00 00 00 00  ...@..?.........
[   31.263867] 00000050: 00 00 00 00 00 00 00 00 00 00 00 00 00 00 00 00  ................
[   31.264976] 00000060: 00 00 00 00 00 00 00 00 00 00 00 00 00 00 00 1f  ................
[   31.266110] 00000070: 00 00 00 00 00 00 00 00 00 00 00 00 00 00 00 00  ................
[   31.267244] XFS (loop0): metadata I/O error in "xfs_btree_read_buf_block.constprop.29+0x216/0x3a0" at daddr 0x4 len 2 error 74
[   31.269212] XFS (loop0): Metadata CRC error detected at xfs_allocbt_read_verify+0x33/0x320, xfs_bnobt block 0x4 
[   31.270724] XFS (loop0): Unmount and run xfs_repair
[   31.271425] XFS (loop0): First 128 bytes of corrupted metadata buffer:
[   31.272343] 00000000: 41 42 33 42 00 00 00 02 ff ff ff ff ff ff ff ff  AB3B............
[   31.273519] 00000010: 00 00 00 00 00 00 00 04 00 00 00 01 00 00 00 10  ................
[   31.274634] 00000020: e4 65 4a 66 62 e5 49 63 a8 1e 01 2d 9d 48 71 af  .eJfb.Ic...-.Hq.
[   31.275743] 00000030: 00 00 00 00 6b 5f 31 7a 00 00 00 16 00 00 00 0a  ....k_1z........
[   31.276853] 00000040: 00 00 00 40 00 00 3f c0 00 00 00 00 00 00 00 00  ...@..?.........
[   31.277984] 00000050: 00 00 00 00 00 00 00 00 00 00 00 00 00 00 00 00  ................
[   31.279106] 00000060: 00 00 00 00 00 00 00 00 00 00 00 00 00 00 00 1f  ................
[   31.280220] 00000070: 00 00 00 00 00 00 00 00 00 00 00 00 00 00 00 00  ................
[   31.281501] XFS (loop0): metadata I/O error in "xfs_btree_read_buf_block.constprop.29+0x216/0x3a0" at daddr 0x4 len 2 error 74
[   31.283413] XFS (loop0): Metadata CRC error detected at xfs_allocbt_read_verify+0x33/0x320, xfs_bnobt block 0x4 
[   31.284881] XFS (loop0): Unmount and run xfs_repair
[   31.285691] XFS (loop0): First 128 bytes of corrupted metadata buffer:
[   31.286622] 00000000: 41 42 33 42 00 00 00 02 ff ff ff ff ff ff ff ff  AB3B............
[   31.287746] 00000010: 00 00 00 00 00 00 00 04 00 00 00 01 00 00 00 10  ................
[   31.288860] 00000020: e4 65 4a 66 62 e5 49 63 a8 1e 01 2d 9d 48 71 af  .eJfb.Ic...-.Hq.
[   31.289996] 00000030: 00 00 00 00 6b 5f 31 7a 00 00 00 16 00 00 00 0a  ....k_1z........
[   31.291132] 00000040: 00 00 00 40 00 00 3f c0 00 00 00 00 00 00 00 00  ...@..?.........
[   31.292259] 00000050: 00 00 00 00 00 00 00 00 00 00 00 00 00 00 00 00  ................
[   31.293396] 00000060: 00 00 00 00 00 00 00 00 00 00 00 00 00 00 00 1f  ................
[   31.294524] 00000070: 00 00 00 00 00 00 00 00 00 00 00 00 00 00 00 00  ................
[   31.295658] XFS (loop0): metadata I/O error in "xfs_btree_read_buf_block.constprop.29+0x216/0x3a0" at daddr 0x4 len 2 error 74
[   31.297633] XFS (loop0): Metadata CRC error detected at xfs_allocbt_read_verify+0x33/0x320, xfs_bnobt block 0x4 
[   31.299100] XFS (loop0): Unmount and run xfs_repair
[   31.299785] XFS (loop0): First 128 bytes of corrupted metadata buffer:
[   31.300699] 00000000: 41 42 33 42 00 00 00 02 ff ff ff ff ff ff ff ff  AB3B............
[   31.301845] 00000010: 00 00 00 00 00 00 00 04 00 00 00 01 00 00 00 10  ................
[   31.302966] 00000020: e4 65 4a 66 62 e5 49 63 a8 1e 01 2d 9d 48 71 af  .eJfb.Ic...-.Hq.
[   31.304081] 00000030: 00 00 00 00 6b 5f 31 7a 00 00 00 16 00 00 00 0a  ....k_1z........
[   31.305195] 00000040: 00 00 00 40 00 00 3f c0 00 00 00 00 00 00 00 00  ...@..?.........
[   31.306365] 00000050: 00 00 00 00 00 00 00 00 00 00 00 00 00 00 00 00  ................
[   31.307481] 00000060: 00 00 00 00 00 00 00 00 00 00 00 00 00 00 00 1f  ................
[   31.308586] 00000070: 00 00 00 00 00 00 00 00 00 00 00 00 00 00 00 00  ................
[   31.309754] XFS (loop0): metadata I/O error in "xfs_btree_read_buf_block.constprop.29+0x216/0x3a0" at daddr 0x4 len 2 error 74
[   31.311628] XFS (loop0): Metadata CRC error detected at xfs_allocbt_read_verify+0x33/0x320, xfs_bnobt block 0x4 
[   31.313109] XFS (loop0): Unmount and run xfs_repair
[   31.313856] XFS (loop0): First 128 bytes of corrupted metadata buffer:
[   31.314790] 00000000: 41 42 33 42 00 00 00 02 ff ff ff ff ff ff ff ff  AB3B............
[   31.315911] 00000010: 00 00 00 00 00 00 00 04 00 00 00 01 00 00 00 10  ................
[   31.317027] 00000020: e4 65 4a 66 62 e5 49 63 a8 1e 01 2d 9d 48 71 af  .eJfb.Ic...-.Hq.
[   31.318163] 00000030: 00 00 00 00 6b 5f 31 7a 00 00 00 16 00 00 00 0a  ....k_1z........
[   31.319289] 00000040: 00 00 00 40 00 00 3f c0 00 00 00 00 00 00 00 00  ...@..?.........
[   31.320415] 00000050: 00 00 00 00 00 00 00 00 00 00 00 00 00 00 00 00  ................
[   31.321548] 00000060: 00 00 00 00 00 00 00 00 00 00 00 00 00 00 00 1f  ................
[   31.322675] 00000070: 00 00 00 00 00 00 00 00 00 00 00 00 00 00 00 00  ................
[   31.323819] XFS (loop0): metadata I/O error in "xfs_btree_read_buf_block.constprop.29+0x216/0x3a0" at daddr 0x4 len 2 error 74
[   31.325802] XFS (loop0): Metadata CRC error detected at xfs_allocbt_read_verify+0x33/0x320, xfs_bnobt block 0x4 
[   31.327305] XFS (loop0): Unmount and run xfs_repair
[   31.328006] XFS (loop0): First 128 bytes of corrupted metadata buffer:
[   31.328917] 00000000: 41 42 33 42 00 00 00 02 ff ff ff ff ff ff ff ff  AB3B............
[   31.330067] 00000010: 00 00 00 00 00 00 00 04 00 00 00 01 00 00 00 10  ................
[   31.331197] 00000020: e4 65 4a 66 62 e5 49 63 a8 1e 01 2d 9d 48 71 af  .eJfb.Ic...-.Hq.
[   31.332313] 00000030: 00 00 00 00 6b 5f 31 7a 00 00 00 16 00 00 00 0a  ....k_1z........
[   31.333445] 00000040: 00 00 00 40 00 00 3f c0 00 00 00 00 00 00 00 00  ...@..?.........
[   31.334570] 00000050: 00 00 00 00 00 00 00 00 00 00 00 00 00 00 00 00  ................
[   31.335694] 00000060: 00 00 00 00 00 00 00 00 00 00 00 00 00 00 00 1f  ................
[   31.336818] 00000070: 00 00 00 00 00 00 00 00 00 00 00 00 00 00 00 00  ................
[   31.338281] XFS (loop0): Metadata CRC error detected at xfs_allocbt_read_verify+0x33/0x320, xfs_bnobt block 0x4 
[   31.339735] XFS (loop0): Unmount and run xfs_repair
[   31.340432] XFS (loop0): First 128 bytes of corrupted metadata buffer:
[   31.341384] 00000000: 41 42 33 42 00 00 00 02 ff ff ff ff ff ff ff ff  AB3B............
[   31.342513] 00000010: 00 00 00 00 00 00 00 04 00 00 00 01 00 00 00 10  ................
[   31.343638] 00000020: e4 65 4a 66 62 e5 49 63 a8 1e 01 2d 9d 48 71 af  .eJfb.Ic...-.Hq.
[   31.344764] 00000030: 00 00 00 00 6b 5f 31 7a 00 00 00 16 00 00 00 0a  ....k_1z........
[   31.345906] 00000040: 00 00 00 40 00 00 3f c0 00 00 00 00 00 00 00 00  ...@..?.........
[   31.347029] 00000050: 00 00 00 00 00 00 00 00 00 00 00 00 00 00 00 00  ................
[   31.348143] 00000060: 00 00 00 00 00 00 00 00 00 00 00 00 00 00 00 1f  ................
[   31.349261] 00000070: 00 00 00 00 00 00 00 00 00 00 00 00 00 00 00 00  ................
[   31.350640] XFS (loop0): Metadata CRC error detected at xfs_allocbt_read_verify+0x33/0x320, xfs_bnobt block 0x4 
[   31.352092] XFS (loop0): Unmount and run xfs_repair
[   31.352787] XFS (loop0): First 128 bytes of corrupted metadata buffer:
[   31.353736] 00000000: 41 42 33 42 00 00 00 02 ff ff ff ff ff ff ff ff  AB3B............
[   31.354866] 00000010: 00 00 00 00 00 00 00 04 00 00 00 01 00 00 00 10  ................
[   31.355976] 00000020: e4 65 4a 66 62 e5 49 63 a8 1e 01 2d 9d 48 71 af  .eJfb.Ic...-.Hq.
[   31.357093] 00000030: 00 00 00 00 6b 5f 31 7a 00 00 00 16 00 00 00 0a  ....k_1z........
[   31.358222] 00000040: 00 00 00 40 00 00 3f c0 00 00 00 00 00 00 00 00  ...@..?.........
[   31.359340] 00000050: 00 00 00 00 00 00 00 00 00 00 00 00 00 00 00 00  ................
[   31.360464] 00000060: 00 00 00 00 00 00 00 00 00 00 00 00 00 00 00 1f  ................
[   31.361606] 00000070: 00 00 00 00 00 00 00 00 00 00 00 00 00 00 00 00  ................
[   31.362988] XFS (loop0): Metadata CRC error detected at xfs_allocbt_read_verify+0x33/0x320, xfs_bnobt block 0x4 
[   31.364462] XFS (loop0): Unmount and run xfs_repair
[   31.365156] XFS (loop0): First 128 bytes of corrupted metadata buffer:
[   31.366137] 00000000: 41 42 33 42 00 00 00 02 ff ff ff ff ff ff ff ff  AB3B............
[   31.367255] 00000010: 00 00 00 00 00 00 00 04 00 00 00 01 00 00 00 10  ................
[   31.368368] 00000020: e4 65 4a 66 62 e5 49 63 a8 1e 01 2d 9d 48 71 af  .eJfb.Ic...-.Hq.
[   31.369500] 00000030: 00 00 00 00 6b 5f 31 7a 00 00 00 16 00 00 00 0a  ....k_1z........
[   31.370619] 00000040: 00 00 00 40 00 00 3f c0 00 00 00 00 00 00 00 00  ...@..?.........
[   31.371733] 00000050: 00 00 00 00 00 00 00 00 00 00 00 00 00 00 00 00  ................
[   31.372855] 00000060: 00 00 00 00 00 00 00 00 00 00 00 00 00 00 00 1f  ................
[   31.373989] 00000070: 00 00 00 00 00 00 00 00 00 00 00 00 00 00 00 00  ................
[   31.375534] XFS (loop0): Metadata CRC error detected at xfs_allocbt_read_verify+0x33/0x320, xfs_bnobt block 0x4 
[   31.377010] XFS (loop0): Unmount and run xfs_repair
[   31.377765] XFS (loop0): First 128 bytes of corrupted metadata buffer:
[   31.378684] 00000000: 41 42 33 42 00 00 00 02 ff ff ff ff ff ff ff ff  AB3B............
[   31.379797] 00000010: 00 00 00 00 00 00 00 04 00 00 00 01 00 00 00 10  ................
[   31.380907] 00000020: e4 65 4a 66 62 e5 49 63 a8 1e 01 2d 9d 48 71 af  .eJfb.Ic...-.Hq.
[   31.382078] 00000030: 00 00 00 00 6b 5f 31 7a 00 00 00 16 00 00 00 0a  ....k_1z........
[   31.383192] 00000040: 00 00 00 40 00 00 3f c0 00 00 00 00 00 00 00 00  ...@..?.........
[   31.384300] 00000050: 00 00 00 00 00 00 00 00 00 00 00 00 00 00 00 00  ................
[   31.385429] 00000060: 00 00 00 00 00 00 00 00 00 00 00 00 00 00 00 1f  ................
[   31.386548] 00000070: 00 00 00 00 00 00 00 00 00 00 00 00 00 00 00 00  ................
[   31.390550] XFS (loop0): Unmounting Filesystem e4654a66-62e5-4963-a81e-012d9d4871af
[   31.727652] loop0: detected capacity change from 0 to 65536
[   31.730444] XFS (loop0): Mounting V5 Filesystem e4654a66-62e5-4963-a81e-012d9d4871af
[   31.738235] XFS (loop0): Ending clean mount
[   31.760047] XFS (loop0): Metadata CRC error detected at xfs_allocbt_read_verify+0x33/0x320, xfs_bnobt block 0x4 
[   31.761877] XFS (loop0): Unmount and run xfs_repair
[   31.762576] XFS (loop0): First 128 bytes of corrupted metadata buffer:
[   31.763492] 00000000: 41 42 33 42 00 00 00 02 ff ff ff ff ff ff ff ff  AB3B............
[   31.764606] 00000010: 00 00 00 00 00 00 00 04 00 00 00 01 00 00 00 10  ................
[   31.765742] 00000020: e4 65 4a 66 62 e5 49 63 a8 1e 01 2d 9d 48 71 af  .eJfb.Ic...-.Hq.
[   31.766860] 00000030: 00 00 00 00 6b 5f 31 7a 00 00 00 16 00 00 00 0a  ....k_1z........
[   31.767974] 00000040: 00 00 00 40 00 00 3f c0 00 00 00 00 00 00 00 00  ...@..?.........
[   31.769088] 00000050: 00 00 00 00 00 00 00 00 00 00 00 00 00 00 00 00  ................
[   31.770218] 00000060: 00 00 00 00 00 00 00 00 00 00 00 00 00 00 00 1f  ................
[   31.771334] 00000070: 00 00 00 00 00 00 00 00 00 00 00 00 00 00 00 00  ................
[   31.772865] XFS (loop0): metadata I/O error in "xfs_btree_read_buf_block.constprop.29+0x216/0x3a0" at daddr 0x4 len 2 error 74
[   31.776519] XFS (loop0): Metadata CRC error detected at xfs_allocbt_read_verify+0x33/0x320, xfs_bnobt block 0x4 
[   31.778118] XFS (loop0): Unmount and run xfs_repair
[   31.778816] XFS (loop0): First 128 bytes of corrupted metadata buffer:
[   31.779731] 00000000: 41 42 33 42 00 00 00 02 ff ff ff ff ff ff ff ff  AB3B............
[   31.780846] 00000010: 00 00 00 00 00 00 00 04 00 00 00 01 00 00 00 10  ................
[   31.781973] 00000020: e4 65 4a 66 62 e5 49 63 a8 1e 01 2d 9d 48 71 af  .eJfb.Ic...-.Hq.
[   31.783086] 00000030: 00 00 00 00 6b 5f 31 7a 00 00 00 16 00 00 00 0a  ....k_1z........
[   31.784196] 00000040: 00 00 00 40 00 00 3f c0 00 00 00 00 00 00 00 00  ...@..?.........
[   31.785317] 00000050: 00 00 00 00 00 00 00 00 00 00 00 00 00 00 00 00  ................
[   31.786430] 00000060: 00 00 00 00 00 00 00 00 00 00 00 00 00 00 00 1f  ................
[   31.787542] 00000070: 00 00 00 00 00 00 00 00 00 00 00 00 00 00 00 00  ................
[   31.788670] XFS (loop0): metadata I/O error in "xfs_btree_read_buf_block.constprop.29+0x216/0x3a0" at daddr 0x4 len 2 error 74
[   31.790609] XFS (loop0): Metadata CRC error detected at xfs_allocbt_read_verify+0x33/0x320, xfs_bnobt block 0x4 
[   31.792050] XFS (loop0): Unmount and run xfs_repair
[   31.792748] XFS (loop0): First 128 bytes of corrupted metadata buffer:
[   31.793697] 00000000: 41 42 33 42 00 00 00 02 ff ff ff ff ff ff ff ff  AB3B............
[   31.794818] 00000010: 00 00 00 00 00 00 00 04 00 00 00 01 00 00 00 10  ................
[   31.795932] 00000020: e4 65 4a 66 62 e5 49 63 a8 1e 01 2d 9d 48 71 af  .eJfb.Ic...-.Hq.
[   31.797044] 00000030: 00 00 00 00 6b 5f 31 7a 00 00 00 16 00 00 00 0a  ....k_1z........
[   31.798183] 00000040: 00 00 00 40 00 00 3f c0 00 00 00 00 00 00 00 00  ...@..?.........
[   31.799298] 00000050: 00 00 00 00 00 00 00 00 00 00 00 00 00 00 00 00  ................
[   31.800413] 00000060: 00 00 00 00 00 00 00 00 00 00 00 00 00 00 00 1f  ................
[   31.801551] 00000070: 00 00 00 00 00 00 00 00 00 00 00 00 00 00 00 00  ................
[   31.802685] XFS (loop0): metadata I/O error in "xfs_btree_read_buf_block.constprop.29+0x216/0x3a0" at daddr 0x4 len 2 error 74
[   31.814943] XFS (loop0): Metadata CRC error detected at xfs_allocbt_read_verify+0x33/0x320, xfs_bnobt block 0x4 
[   31.816403] XFS (loop0): Unmount and run xfs_repair
[   31.817096] XFS (loop0): First 128 bytes of corrupted metadata buffer:
[   31.818328] 00000000: 41 42 33 42 00 00 00 02 ff ff ff ff ff ff ff ff  AB3B............
[   31.819451] 00000010: 00 00 00 00 00 00 00 04 00 00 00 01 00 00 00 10  ................
[   31.820567] 00000020: e4 65 4a 66 62 e5 49 63 a8 1e 01 2d 9d 48 71 af  .eJfb.Ic...-.Hq.
[   31.821700] 00000030: 00 00 00 00 6b 5f 31 7a 00 00 00 16 00 00 00 0a  ....k_1z........
[   31.822816] 00000040: 00 00 00 40 00 00 3f c0 00 00 00 00 00 00 00 00  ...@..?.........
[   31.823928] 00000050: 00 00 00 00 00 00 00 00 00 00 00 00 00 00 00 00  ................
[   31.825043] 00000060: 00 00 00 00 00 00 00 00 00 00 00 00 00 00 00 1f  ................
[   31.826182] 00000070: 00 00 00 00 00 00 00 00 00 00 00 00 00 00 00 00  ................
[   31.827348] XFS (loop0): metadata I/O error in "xfs_btree_read_buf_block.constprop.29+0x216/0x3a0" at daddr 0x4 len 2 error 74
[   31.829727] XFS (loop0): Metadata CRC error detected at xfs_allocbt_read_verify+0x33/0x320, xfs_bnobt block 0x4 
[   31.831205] XFS (loop0): Unmount and run xfs_repair
[   31.831894] XFS (loop0): First 128 bytes of corrupted metadata buffer:
[   31.832810] 00000000: 41 42 33 42 00 00 00 02 ff ff ff ff ff ff ff ff  AB3B............
[   31.833994] 00000010: 00 00 00 00 00 00 00 04 00 00 00 01 00 00 00 10  ................
[   31.835120] 00000020: e4 65 4a 66 62 e5 49 63 a8 1e 01 2d 9d 48 71 af  .eJfb.Ic...-.Hq.
[   31.836233] 00000030: 00 00 00 00 6b 5f 31 7a 00 00 00 16 00 00 00 0a  ....k_1z........
[   31.837368] 00000040: 00 00 00 40 00 00 3f c0 00 00 00 00 00 00 00 00  ...@..?.........
[   31.838486] 00000050: 00 00 00 00 00 00 00 00 00 00 00 00 00 00 00 00  ................
[   31.839600] 00000060: 00 00 00 00 00 00 00 00 00 00 00 00 00 00 00 1f  ................
[   31.840713] 00000070: 00 00 00 00 00 00 00 00 00 00 00 00 00 00 00 00  ................
[   31.841854] XFS (loop0): metadata I/O error in "xfs_btree_read_buf_block.constprop.29+0x216/0x3a0" at daddr 0x4 len 2 error 74
[   31.844048] XFS (loop0): Metadata CRC error detected at xfs_allocbt_read_verify+0x33/0x320, xfs_bnobt block 0x4 
[   31.845567] XFS (loop0): Unmount and run xfs_repair
[   31.846267] XFS (loop0): First 128 bytes of corrupted metadata buffer:
[   31.847182] 00000000: 41 42 33 42 00 00 00 02 ff ff ff ff ff ff ff ff  AB3B............
[   31.848298] 00000010: 00 00 00 00 00 00 00 04 00 00 00 01 00 00 00 10  ................
[   31.849427] 00000020: e4 65 4a 66 62 e5 49 63 a8 1e 01 2d 9d 48 71 af  .eJfb.Ic...-.Hq.
[   31.850538] 00000030: 00 00 00 00 6b 5f 31 7a 00 00 00 16 00 00 00 0a  ....k_1z........
[   31.851649] 00000040: 00 00 00 40 00 00 3f c0 00 00 00 00 00 00 00 00  ...@..?.........
[   31.852759] 00000050: 00 00 00 00 00 00 00 00 00 00 00 00 00 00 00 00  ................
[   31.853886] 00000060: 00 00 00 00 00 00 00 00 00 00 00 00 00 00 00 1f  ................
[   31.854999] 00000070: 00 00 00 00 00 00 00 00 00 00 00 00 00 00 00 00  ................
[   31.856123] XFS (loop0): metadata I/O error in "xfs_btree_read_buf_block.constprop.29+0x216/0x3a0" at daddr 0x4 len 2 error 74
[   31.858015] XFS (loop0): Metadata CRC error detected at xfs_allocbt_read_verify+0x33/0x320, xfs_bnobt block 0x4 
[   31.859455] XFS (loop0): Unmount and run xfs_repair
[   31.860144] XFS (loop0): First 128 bytes of corrupted metadata buffer:
[   31.861054] 00000000: 41 42 33 42 00 00 00 02 ff ff ff ff ff ff ff ff  AB3B............
[   31.862196] 00000010: 00 00 00 00 00 00 00 04 00 00 00 01 00 00 00 10  ................
[   31.863312] 00000020: e4 65 4a 66 62 e5 49 63 a8 1e 01 2d 9d 48 71 af  .eJfb.Ic...-.Hq.
[   31.864422] 00000030: 00 00 00 00 6b 5f 31 7a 00 00 00 16 00 00 00 0a  ....k_1z........
